  姝ｅ湪纭畾瑕佽繕鍘熺殑椤圭洰鈥?
  鎵€鏈夐」鐩潎鏄渶鏂扮殑锛屾棤娉曡繕鍘熴€?
  Version updated to 0.2.9.18 (Debug)
  servoStudio version: 0.2.9.18
  Wpf.Ui.Abstractions -> C:\UserWorx\VSWorx\ServoStudio\wpfui-servoStudio\src\Wpf.Ui.Abstractions\bin\Debug\net9.0\Wpf.Ui.Abstractions.dll
  Wpf.Ui.DependencyInjection -> C:\UserWorx\VSWorx\ServoStudio\wpfui-servoStudio\src\Wpf.Ui.DependencyInjection\bin\Debug\net9.0\Wpf.Ui.DependencyInjection.dll
  Wpf.Ui.ToastNotifications -> C:\UserWorx\VSWorx\ServoStudio\wpfui-servoStudio\src\Wpf.Ui.ToastNotifications\bin\Debug\net9.0-windows\Wpf.Ui.ToastNotifications.dll
  Wpf.Ui -> C:\UserWorx\VSWorx\ServoStudio\wpfui-servoStudio\src\Wpf.Ui\bin\Debug\net9.0-windows\Wpf.Ui.dll
  Wpf.Ui.Tray -> C:\UserWorx\VSWorx\ServoStudio\wpfui-servoStudio\src\Wpf.Ui.Tray\bin\Debug\net9.0-windows\Wpf.Ui.Tray.dll
C:\UserWorx\VSWorx\ServoStudio\wpfui-servoStudio\samples\Wpf.Ui.servoStudio\Models\ControlModeParameters.cs(106,47): warning CS0108: 鈥淐ontrolModeParameters.PropertyChanged鈥濋殣钘忕户鎵跨殑鎴愬憳鈥淥bservableObject.PropertyChanged鈥濄€傚鏋滄槸鏈夋剰闅愯棌锛岃浣跨敤鍏抽敭瀛?new銆?[C:\UserWorx\VSWorx\ServoStudio\wpfui-servoStudio\samples\Wpf.Ui.servoStudio\servoStudio_wjhet5xd_wpftmp.csproj]
C:\UserWorx\VSWorx\ServoStudio\wpfui-servoStudio\samples\Wpf.Ui.servoStudio\Models\FactoryParameters.cs(134,47): warning CS0108: 鈥淔actoryParameters.PropertyChanged鈥濋殣钘忕户鎵跨殑鎴愬憳鈥淥bservableObject.PropertyChanged鈥濄€傚鏋滄槸鏈夋剰闅愯棌锛岃浣跨敤鍏抽敭瀛?new銆?[C:\UserWorx\VSWorx\ServoStudio\wpfui-servoStudio\samples\Wpf.Ui.servoStudio\servoStudio_wjhet5xd_wpftmp.csproj]
C:\UserWorx\VSWorx\ServoStudio\wpfui-servoStudio\samples\Wpf.Ui.servoStudio\Models\Utils.cs(18,30): warning CS8622: 鈥渧oid TrulyObservableCollection<T>.TrulyObservableCollection_CollectionChanged(object sender, NotifyCollectionChangedEventArgs e)鈥濈殑鍙傛暟鈥渟ender鈥濈被鍨嬩腑寮曠敤绫诲瀷鐨勪负 Null 鎬т笌鐩爣濮旀墭鈥淣otifyCollectionChangedEventHandler鈥濅笉鍖归厤(鍙兘鏄敱浜庝负 Null 鎬х壒鎬?銆?[C:\UserWorx\VSWorx\ServoStudio\wpfui-servoStudio\samples\Wpf.Ui.servoStudio\servoStudio_wjhet5xd_wpftmp.csproj]
C:\UserWorx\VSWorx\ServoStudio\wpfui-servoStudio\samples\Wpf.Ui.servoStudio\Models\Utils.cs(27,18): warning CS8602: 瑙ｅ紩鐢ㄥ彲鑳藉嚭鐜扮┖寮曠敤銆?[C:\UserWorx\VSWorx\ServoStudio\wpfui-servoStudio\samples\Wpf.Ui.servoStudio\servoStudio_wjhet5xd_wpftmp.csproj]
C:\UserWorx\VSWorx\ServoStudio\wpfui-servoStudio\samples\Wpf.Ui.servoStudio\Models\Utils.cs(27,69): warning CS8622: 鈥渧oid TrulyObservableCollection<T>.item_PropertyChanged(object sender, PropertyChangedEventArgs e)鈥濈殑鍙傛暟鈥渟ender鈥濈被鍨嬩腑寮曠敤绫诲瀷鐨勪负 Null 鎬т笌鐩爣濮旀墭鈥淧ropertyChangedEventHandler鈥濅笉鍖归厤(鍙兘鏄敱浜庝负 Null 鎬х壒鎬?銆?[C:\UserWorx\VSWorx\ServoStudio\wpfui-servoStudio\samples\Wpf.Ui.servoStudio\servoStudio_wjhet5xd_wpftmp.csproj]
C:\UserWorx\VSWorx\ServoStudio\wpfui-servoStudio\samples\Wpf.Ui.servoStudio\Models\Utils.cs(35,18): warning CS8602: 瑙ｅ紩鐢ㄥ彲鑳藉嚭鐜扮┖寮曠敤銆?[C:\UserWorx\VSWorx\ServoStudio\wpfui-servoStudio\samples\Wpf.Ui.servoStudio\servoStudio_wjhet5xd_wpftmp.csproj]
C:\UserWorx\VSWorx\ServoStudio\wpfui-servoStudio\samples\Wpf.Ui.servoStudio\Models\Utils.cs(35,69): warning CS8622: 鈥渧oid TrulyObservableCollection<T>.item_PropertyChanged(object sender, PropertyChangedEventArgs e)鈥濈殑鍙傛暟鈥渟ender鈥濈被鍨嬩腑寮曠敤绫诲瀷鐨勪负 Null 鎬т笌鐩爣濮旀墭鈥淧ropertyChangedEventHandler鈥濅笉鍖归厤(鍙兘鏄敱浜庝负 Null 鎬х壒鎬?銆?[C:\UserWorx\VSWorx\ServoStudio\wpfui-servoStudio\samples\Wpf.Ui.servoStudio\servoStudio_wjhet5xd_wpftmp.csproj]
C:\UserWorx\VSWorx\ServoStudio\wpfui-servoStudio\samples\Wpf.Ui.servoStudio\Models\SerialPorts.cs(76,19): warning CS8618: 鍦ㄩ€€鍑烘瀯閫犲嚱鏁版椂锛屼笉鍙负 null 鐨?瀛楁 "headReceiveData" 蹇呴』鍖呭惈闈?null 鍊笺€傝鑰冭檻娣诲姞 "required" 淇グ绗︽垨灏嗚 瀛楁 澹版槑涓哄彲涓?null銆?[C:\UserWorx\VSWorx\ServoStudio\wpfui-servoStudio\samples\Wpf.Ui.servoStudio\servoStudio_wjhet5xd_wpftmp.csproj]
C:\UserWorx\VSWorx\ServoStudio\wpfui-servoStudio\samples\Wpf.Ui.servoStudio\Models\SerialPorts.cs(77,19): warning CS8618: 鍦ㄩ€€鍑烘瀯閫犲嚱鏁版椂锛屼笉鍙负 null 鐨?瀛楁 "bufferReceiveData" 蹇呴』鍖呭惈闈?null 鍊笺€傝鑰冭檻娣诲姞 "required" 淇グ绗︽垨灏嗚 瀛楁 澹版槑涓哄彲涓?null銆?[C:\UserWorx\VSWorx\ServoStudio\wpfui-servoStudio\samples\Wpf.Ui.servoStudio\servoStudio_wjhet5xd_wpftmp.csproj]
C:\UserWorx\VSWorx\ServoStudio\wpfui-servoStudio\samples\Wpf.Ui.servoStudio\Models\SerialPorts.cs(70,20): warning CS8618: 鍦ㄩ€€鍑烘瀯閫犲嚱鏁版椂锛屼笉鍙负 null 鐨?瀛楁 "bufferTransmitData" 蹇呴』鍖呭惈闈?null 鍊笺€傝鑰冭檻娣诲姞 "required" 淇グ绗︽垨灏嗚 瀛楁 澹版槑涓哄彲涓?null銆?[C:\UserWorx\VSWorx\ServoStudio\wpfui-servoStudio\samples\Wpf.Ui.servoStudio\servoStudio_wjhet5xd_wpftmp.csproj]
C:\UserWorx\VSWorx\ServoStudio\wpfui-servoStudio\samples\Wpf.Ui.servoStudio\ViewModels\SerialPort\ComParameter.cs(21,47): warning CS8618: 鍦ㄩ€€鍑烘瀯閫犲嚱鏁版椂锛屼笉鍙负 null 鐨?瀛楁 "_portsCollection" 蹇呴』鍖呭惈闈?null 鍊笺€傝鑰冭檻娣诲姞 "required" 淇グ绗︽垨灏嗚 瀛楁 澹版槑涓哄彲涓?null銆?[C:\UserWorx\VSWorx\ServoStudio\wpfui-servoStudio\samples\Wpf.Ui.servoStudio\servoStudio_wjhet5xd_wpftmp.csproj]
C:\UserWorx\VSWorx\ServoStudio\wpfui-servoStudio\samples\Wpf.Ui.servoStudio\ViewModels\DeviceSet\StartViewModel.cs(26,34): warning CS8618: 鍦ㄩ€€鍑烘瀯閫犲嚱鏁版椂锛屼笉鍙负 null 鐨?瀛楁 "DialogResult" 蹇呴』鍖呭惈闈?null 鍊笺€傝鑰冭檻娣诲姞 "required" 淇グ绗︽垨灏嗚 瀛楁 澹版槑涓哄彲涓?null銆?[C:\UserWorx\VSWorx\ServoStudio\wpfui-servoStudio\samples\Wpf.Ui.servoStudio\servoStudio_wjhet5xd_wpftmp.csproj]
C:\UserWorx\VSWorx\ServoStudio\wpfui-servoStudio\samples\Wpf.Ui.servoStudio\ViewModels\DeviceSet\StartViewModel.cs(17,27): warning CS9113: 鍙傛暟鈥渃ontentDialogService鈥濇湭璇汇€?[C:\UserWorx\VSWorx\ServoStudio\wpfui-servoStudio\samples\Wpf.Ui.servoStudio\servoStudio_wjhet5xd_wpftmp.csproj]
C:\UserWorx\VSWorx\ServoStudio\wpfui-servoStudio\samples\Wpf.Ui.servoStudio\ViewModels\DeviceSet\DeviceAddViewModel.cs(47,20): warning CS8618: 鍦ㄩ€€鍑烘瀯閫犲嚱鏁版椂锛屼笉鍙负 null 鐨?瀛楁 "slaveState" 蹇呴』鍖呭惈闈?null 鍊笺€傝鑰冭檻娣诲姞 "required" 淇グ绗︽垨灏嗚 瀛楁 澹版槑涓哄彲涓?null銆?[C:\UserWorx\VSWorx\ServoStudio\wpfui-servoStudio\samples\Wpf.Ui.servoStudio\servoStudio_wjhet5xd_wpftmp.csproj]
C:\UserWorx\VSWorx\ServoStudio\wpfui-servoStudio\samples\Wpf.Ui.servoStudio\ViewModels\DeviceSet\DeviceAddViewModel.cs(48,22): warning CS8618: 鍦ㄩ€€鍑烘瀯閫犲嚱鏁版椂锛屼笉鍙负 null 鐨?瀛楁 "_portNamesOld" 蹇呴』鍖呭惈闈?null 鍊笺€傝鑰冭檻娣诲姞 "required" 淇グ绗︽垨灏嗚 瀛楁 澹版槑涓哄彲涓?null銆?[C:\UserWorx\VSWorx\ServoStudio\wpfui-servoStudio\samples\Wpf.Ui.servoStudio\servoStudio_wjhet5xd_wpftmp.csproj]
C:\UserWorx\VSWorx\ServoStudio\wpfui-servoStudio\samples\Wpf.Ui.servoStudio\ViewModels\DeviceSet\DeviceAddViewModel.cs(43,63): warning CS9113: 鍙傛暟鈥渃ontentDialogService鈥濇湭璇汇€?[C:\UserWorx\VSWorx\ServoStudio\wpfui-servoStudio\samples\Wpf.Ui.servoStudio\servoStudio_wjhet5xd_wpftmp.csproj]
C:\UserWorx\VSWorx\ServoStudio\wpfui-servoStudio\samples\Wpf.Ui.servoStudio\ViewModels\DeviceSet\DeviceAddViewModel.cs(43,104): warning CS9113: 鍙傛暟鈥渘avigationService鈥濇湭璇汇€?[C:\UserWorx\VSWorx\ServoStudio\wpfui-servoStudio\samples\Wpf.Ui.servoStudio\servoStudio_wjhet5xd_wpftmp.csproj]
C:\UserWorx\VSWorx\ServoStudio\wpfui-servoStudio\samples\Wpf.Ui.servoStudio\Models\ModbusRegister.cs(10,22): warning CS8618: 鍦ㄩ€€鍑烘瀯閫犲嚱鏁版椂锛屼笉鍙负 null 鐨?灞炴€?"H00" 蹇呴』鍖呭惈闈?null 鍊笺€傝鑰冭檻娣诲姞 "required" 淇グ绗︽垨灏嗚 灞炴€?澹版槑涓哄彲涓?null銆?[C:\UserWorx\VSWorx\ServoStudio\wpfui-servoStudio\samples\Wpf.Ui.servoStudio\servoStudio_wjhet5xd_wpftmp.csproj]
C:\UserWorx\VSWorx\ServoStudio\wpfui-servoStudio\samples\Wpf.Ui.servoStudio\Models\ModbusRegister.cs(11,22): warning CS8618: 鍦ㄩ€€鍑烘瀯閫犲嚱鏁版椂锛屼笉鍙负 null 鐨?灞炴€?"H01" 蹇呴』鍖呭惈闈?null 鍊笺€傝鑰冭檻娣诲姞 "required" 淇グ绗︽垨灏嗚 灞炴€?澹版槑涓哄彲涓?null銆?[C:\UserWorx\VSWorx\ServoStudio\wpfui-servoStudio\samples\Wpf.Ui.servoStudio\servoStudio_wjhet5xd_wpftmp.csproj]
C:\UserWorx\VSWorx\ServoStudio\wpfui-servoStudio\samples\Wpf.Ui.servoStudio\Models\ModbusRegister.cs(12,22): warning CS8618: 鍦ㄩ€€鍑烘瀯閫犲嚱鏁版椂锛屼笉鍙负 null 鐨?灞炴€?"H02" 蹇呴』鍖呭惈闈?null 鍊笺€傝鑰冭檻娣诲姞 "required" 淇グ绗︽垨灏嗚 灞炴€?澹版槑涓哄彲涓?null銆?[C:\UserWorx\VSWorx\ServoStudio\wpfui-servoStudio\samples\Wpf.Ui.servoStudio\servoStudio_wjhet5xd_wpftmp.csproj]
C:\UserWorx\VSWorx\ServoStudio\wpfui-servoStudio\samples\Wpf.Ui.servoStudio\Models\ModbusRegister.cs(13,22): warning CS8618: 鍦ㄩ€€鍑烘瀯閫犲嚱鏁版椂锛屼笉鍙负 null 鐨?灞炴€?"H03" 蹇呴』鍖呭惈闈?null 鍊笺€傝鑰冭檻娣诲姞 "required" 淇グ绗︽垨灏嗚 灞炴€?澹版槑涓哄彲涓?null銆?[C:\UserWorx\VSWorx\ServoStudio\wpfui-servoStudio\samples\Wpf.Ui.servoStudio\servoStudio_wjhet5xd_wpftmp.csproj]
C:\UserWorx\VSWorx\ServoStudio\wpfui-servoStudio\samples\Wpf.Ui.servoStudio\Models\ModbusRegister.cs(14,22): warning CS8618: 鍦ㄩ€€鍑烘瀯閫犲嚱鏁版椂锛屼笉鍙负 null 鐨?灞炴€?"H04" 蹇呴』鍖呭惈闈?null 鍊笺€傝鑰冭檻娣诲姞 "required" 淇グ绗︽垨灏嗚 灞炴€?澹版槑涓哄彲涓?null銆?[C:\UserWorx\VSWorx\ServoStudio\wpfui-servoStudio\samples\Wpf.Ui.servoStudio\servoStudio_wjhet5xd_wpftmp.csproj]
C:\UserWorx\VSWorx\ServoStudio\wpfui-servoStudio\samples\Wpf.Ui.servoStudio\Models\ModbusRegister.cs(15,22): warning CS8618: 鍦ㄩ€€鍑烘瀯閫犲嚱鏁版椂锛屼笉鍙负 null 鐨?灞炴€?"H05" 蹇呴』鍖呭惈闈?null 鍊笺€傝鑰冭檻娣诲姞 "required" 淇グ绗︽垨灏嗚 灞炴€?澹版槑涓哄彲涓?null銆?[C:\UserWorx\VSWorx\ServoStudio\wpfui-servoStudio\samples\Wpf.Ui.servoStudio\servoStudio_wjhet5xd_wpftmp.csproj]
C:\UserWorx\VSWorx\ServoStudio\wpfui-servoStudio\samples\Wpf.Ui.servoStudio\Models\ModbusRegister.cs(16,22): warning CS8618: 鍦ㄩ€€鍑烘瀯閫犲嚱鏁版椂锛屼笉鍙负 null 鐨?灞炴€?"H06" 蹇呴』鍖呭惈闈?null 鍊笺€傝鑰冭檻娣诲姞 "required" 淇グ绗︽垨灏嗚 灞炴€?澹版槑涓哄彲涓?null銆?[C:\UserWorx\VSWorx\ServoStudio\wpfui-servoStudio\samples\Wpf.Ui.servoStudio\servoStudio_wjhet5xd_wpftmp.csproj]
C:\UserWorx\VSWorx\ServoStudio\wpfui-servoStudio\samples\Wpf.Ui.servoStudio\Models\ModbusRegister.cs(17,22): warning CS8618: 鍦ㄩ€€鍑烘瀯閫犲嚱鏁版椂锛屼笉鍙负 null 鐨?灞炴€?"H07" 蹇呴』鍖呭惈闈?null 鍊笺€傝鑰冭檻娣诲姞 "required" 淇グ绗︽垨灏嗚 灞炴€?澹版槑涓哄彲涓?null銆?[C:\UserWorx\VSWorx\ServoStudio\wpfui-servoStudio\samples\Wpf.Ui.servoStudio\servoStudio_wjhet5xd_wpftmp.csproj]
C:\UserWorx\VSWorx\ServoStudio\wpfui-servoStudio\samples\Wpf.Ui.servoStudio\Models\ModbusRegister.cs(18,22): warning CS8618: 鍦ㄩ€€鍑烘瀯閫犲嚱鏁版椂锛屼笉鍙负 null 鐨?灞炴€?"H08" 蹇呴』鍖呭惈闈?null 鍊笺€傝鑰冭檻娣诲姞 "required" 淇グ绗︽垨灏嗚 灞炴€?澹版槑涓哄彲涓?null銆?[C:\UserWorx\VSWorx\ServoStudio\wpfui-servoStudio\samples\Wpf.Ui.servoStudio\servoStudio_wjhet5xd_wpftmp.csproj]
C:\UserWorx\VSWorx\ServoStudio\wpfui-servoStudio\samples\Wpf.Ui.servoStudio\Models\ModbusRegister.cs(19,22): warning CS8618: 鍦ㄩ€€鍑烘瀯閫犲嚱鏁版椂锛屼笉鍙负 null 鐨?灞炴€?"H09" 蹇呴』鍖呭惈闈?null 鍊笺€傝鑰冭檻娣诲姞 "required" 淇グ绗︽垨灏嗚 灞炴€?澹版槑涓哄彲涓?null銆?[C:\UserWorx\VSWorx\ServoStudio\wpfui-servoStudio\samples\Wpf.Ui.servoStudio\servoStudio_wjhet5xd_wpftmp.csproj]
C:\UserWorx\VSWorx\ServoStudio\wpfui-servoStudio\samples\Wpf.Ui.servoStudio\Models\ModbusRegister.cs(20,22): warning CS8618: 鍦ㄩ€€鍑烘瀯閫犲嚱鏁版椂锛屼笉鍙负 null 鐨?灞炴€?"H0A" 蹇呴』鍖呭惈闈?null 鍊笺€傝鑰冭檻娣诲姞 "required" 淇グ绗︽垨灏嗚 灞炴€?澹版槑涓哄彲涓?null銆?[C:\UserWorx\VSWorx\ServoStudio\wpfui-servoStudio\samples\Wpf.Ui.servoStudio\servoStudio_wjhet5xd_wpftmp.csproj]
C:\UserWorx\VSWorx\ServoStudio\wpfui-servoStudio\samples\Wpf.Ui.servoStudio\Models\ModbusRegister.cs(21,22): warning CS8618: 鍦ㄩ€€鍑烘瀯閫犲嚱鏁版椂锛屼笉鍙负 null 鐨?灞炴€?"H0B" 蹇呴』鍖呭惈闈?null 鍊笺€傝鑰冭檻娣诲姞 "required" 淇グ绗︽垨灏嗚 灞炴€?澹版槑涓哄彲涓?null銆?[C:\UserWorx\VSWorx\ServoStudio\wpfui-servoStudio\samples\Wpf.Ui.servoStudio\servoStudio_wjhet5xd_wpftmp.csproj]
C:\UserWorx\VSWorx\ServoStudio\wpfui-servoStudio\samples\Wpf.Ui.servoStudio\Models\ModbusRegister.cs(22,22): warning CS8618: 鍦ㄩ€€鍑烘瀯閫犲嚱鏁版椂锛屼笉鍙负 null 鐨?灞炴€?"H0C" 蹇呴』鍖呭惈闈?null 鍊笺€傝鑰冭檻娣诲姞 "required" 淇グ绗︽垨灏嗚 灞炴€?澹版槑涓哄彲涓?null銆?[C:\UserWorx\VSWorx\ServoStudio\wpfui-servoStudio\samples\Wpf.Ui.servoStudio\servoStudio_wjhet5xd_wpftmp.csproj]
C:\UserWorx\VSWorx\ServoStudio\wpfui-servoStudio\samples\Wpf.Ui.servoStudio\Models\ModbusRegister.cs(23,22): warning CS8618: 鍦ㄩ€€鍑烘瀯閫犲嚱鏁版椂锛屼笉鍙负 null 鐨?灞炴€?"H0D" 蹇呴』鍖呭惈闈?null 鍊笺€傝鑰冭檻娣诲姞 "required" 淇グ绗︽垨灏嗚 灞炴€?澹版槑涓哄彲涓?null銆?[C:\UserWorx\VSWorx\ServoStudio\wpfui-servoStudio\samples\Wpf.Ui.servoStudio\servoStudio_wjhet5xd_wpftmp.csproj]
C:\UserWorx\VSWorx\ServoStudio\wpfui-servoStudio\samples\Wpf.Ui.servoStudio\Models\FactoryParameters.cs(78,39): warning CS8604: 鈥渋nt int.Parse(string s)鈥濅腑鐨勫舰鍙傗€渟鈥濆彲鑳戒紶鍏?null 寮曠敤瀹炲弬銆?[C:\UserWorx\VSWorx\ServoStudio\wpfui-servoStudio\samples\Wpf.Ui.servoStudio\servoStudio_wjhet5xd_wpftmp.csproj]
C:\UserWorx\VSWorx\ServoStudio\wpfui-servoStudio\samples\Wpf.Ui.servoStudio\Models\FactoryParameters.cs(78,71): warning CS8604: 鈥渋nt int.Parse(string s)鈥濅腑鐨勫舰鍙傗€渟鈥濆彲鑳戒紶鍏?null 寮曠敤瀹炲弬銆?[C:\UserWorx\VSWorx\ServoStudio\wpfui-servoStudio\samples\Wpf.Ui.servoStudio\servoStudio_wjhet5xd_wpftmp.csproj]
C:\UserWorx\VSWorx\ServoStudio\wpfui-servoStudio\samples\Wpf.Ui.servoStudio\Models\ControlModeParameters.cs(63,39): warning CS8604: 鈥渋nt int.Parse(string s)鈥濅腑鐨勫舰鍙傗€渟鈥濆彲鑳戒紶鍏?null 寮曠敤瀹炲弬銆?[C:\UserWorx\VSWorx\ServoStudio\wpfui-servoStudio\samples\Wpf.Ui.servoStudio\servoStudio_wjhet5xd_wpftmp.csproj]
C:\UserWorx\VSWorx\ServoStudio\wpfui-servoStudio\samples\Wpf.Ui.servoStudio\Models\ControlModeParameters.cs(63,71): warning CS8604: 鈥渋nt int.Parse(string s)鈥濅腑鐨勫舰鍙傗€渟鈥濆彲鑳戒紶鍏?null 寮曠敤瀹炲弬銆?[C:\UserWorx\VSWorx\ServoStudio\wpfui-servoStudio\samples\Wpf.Ui.servoStudio\servoStudio_wjhet5xd_wpftmp.csproj]
C:\UserWorx\VSWorx\ServoStudio\wpfui-servoStudio\samples\Wpf.Ui.servoStudio\ViewModels\DeviceSet\DeviceAddViewModel.cs(2225,69): warning CS8622: 鈥渧oid DeviceAddViewModel.timerAutoSearch_Tick(object state)鈥濈殑鍙傛暟鈥渟tate鈥濈被鍨嬩腑寮曠敤绫诲瀷鐨勪负 Null 鎬т笌鐩爣濮旀墭鈥淭imerCallback鈥濅笉鍖归厤(鍙兘鏄敱浜庝负 Null 鎬х壒鎬?銆?[C:\UserWorx\VSWorx\ServoStudio\wpfui-servoStudio\samples\Wpf.Ui.servoStudio\servoStudio_wjhet5xd_wpftmp.csproj]
C:\UserWorx\VSWorx\ServoStudio\wpfui-servoStudio\samples\Wpf.Ui.servoStudio\ViewModels\DeviceSet\DeviceAddViewModel.cs(45,43): warning CS8618: 鍦ㄩ€€鍑烘瀯閫犲嚱鏁版椂锛屼笉鍙负 null 鐨?瀛楁 "portSearcher" 蹇呴』鍖呭惈闈?null 鍊笺€傝鑰冭檻娣诲姞 "required" 淇グ绗︽垨灏嗚 瀛楁 澹版槑涓哄彲涓?null銆?[C:\UserWorx\VSWorx\ServoStudio\wpfui-servoStudio\samples\Wpf.Ui.servoStudio\servoStudio_wjhet5xd_wpftmp.csproj]
C:\UserWorx\VSWorx\ServoStudio\wpfui-servoStudio\samples\Wpf.Ui.servoStudio\ViewModels\DeviceSet\DeviceAddViewModel.cs(46,43): warning CS8618: 鍦ㄩ€€鍑烘瀯閫犲嚱鏁版椂锛屼笉鍙负 null 鐨?瀛楁 "timer10ms" 蹇呴』鍖呭惈闈?null 鍊笺€傝鑰冭檻娣诲姞 "required" 淇グ绗︽垨灏嗚 瀛楁 澹版槑涓哄彲涓?null銆?[C:\UserWorx\VSWorx\ServoStudio\wpfui-servoStudio\samples\Wpf.Ui.servoStudio\servoStudio_wjhet5xd_wpftmp.csproj]
C:\UserWorx\VSWorx\ServoStudio\wpfui-servoStudio\samples\Wpf.Ui.servoStudio\ViewModels\DeviceSet\DeviceAddViewModel.cs(46,43): warning CS0649: 浠庢湭瀵瑰瓧娈碘€淒eviceAddViewModel.timer10ms鈥濊祴鍊硷紝瀛楁灏嗕竴鐩翠繚鎸佸叾榛樿鍊?null [C:\UserWorx\VSWorx\ServoStudio\wpfui-servoStudio\samples\Wpf.Ui.servoStudio\servoStudio_wjhet5xd_wpftmp.csproj]
C:\UserWorx\VSWorx\ServoStudio\wpfui-servoStudio\samples\Wpf.Ui.servoStudio\ViewModels\DeviceSet\StartViewModel.cs(26,34): warning CS0169: 浠庝笉浣跨敤瀛楁鈥淪tartViewModel.DialogResult鈥?[C:\UserWorx\VSWorx\ServoStudio\wpfui-servoStudio\samples\Wpf.Ui.servoStudio\servoStudio_wjhet5xd_wpftmp.csproj]
C:\UserWorx\VSWorx\ServoStudio\wpfui-servoStudio\samples\Wpf.Ui.servoStudio\ViewModels\MainWindowViewModel.cs(46,26): warning CS0414: 瀛楁鈥淢ainWindowViewModel.errorConst鈥濆凡琚祴鍊硷紝浣嗕粠鏈娇鐢ㄨ繃瀹冪殑鍊?[C:\UserWorx\VSWorx\ServoStudio\wpfui-servoStudio\samples\Wpf.Ui.servoStudio\servoStudio_wjhet5xd_wpftmp.csproj]
C:\UserWorx\VSWorx\ServoStudio\wpfui-servoStudio\samples\Wpf.Ui.servoStudio\ViewModels\SerialPort\ComParameter.cs(18,27): warning CS0414: 瀛楁鈥淐omParameter._isInitialized鈥濆凡琚祴鍊硷紝浣嗕粠鏈娇鐢ㄨ繃瀹冪殑鍊?[C:\UserWorx\VSWorx\ServoStudio\wpfui-servoStudio\samples\Wpf.Ui.servoStudio\servoStudio_wjhet5xd_wpftmp.csproj]
C:\UserWorx\VSWorx\ServoStudio\wpfui-servoStudio\samples\Wpf.Ui.servoStudio\Core\Sync\CyclicTimerFactory.cs(12,22): warning CS1574: XML 娉ㄩ噴涓湁鏈兘瑙ｆ瀽鐨?cref 鐗规€р€淒ispose鈥?[C:\UserWorx\VSWorx\ServoStudio\wpfui-servoStudio\samples\Wpf.Ui.servoStudio\servoStudio_wjhet5xd_wpftmp.csproj]
C:\UserWorx\VSWorx\ServoStudio\wpfui-servoStudio\samples\Wpf.Ui.servoStudio\Helpers\SoemFoEInterop.cs(221,22): warning CS1572: XML 娉ㄩ噴涓湁鈥渙nProgress鈥濈殑 param 鏍囪锛屼絾鏄病鏈夎鍚嶇О鐨勫弬鏁?[C:\UserWorx\VSWorx\ServoStudio\wpfui-servoStudio\samples\Wpf.Ui.servoStudio\servoStudio_wjhet5xd_wpftmp.csproj]
C:\UserWorx\VSWorx\ServoStudio\wpfui-servoStudio\samples\Wpf.Ui.servoStudio\Helpers\SoemFoEInterop.cs(230,25): warning CS1573: 鍙傛暟鈥渙nLog鈥濆湪鈥淪oemFoEInterop.ExecuteFoEWrite(string, int, string, byte[], uint, int, Action<string>?)鈥濈殑 XML 娉ㄩ噴涓病鏈夊尮閰嶇殑 param 鏍囪(浣嗗叾浠栧弬鏁版湁) [C:\UserWorx\VSWorx\ServoStudio\wpfui-servoStudio\samples\Wpf.Ui.servoStudio\servoStudio_wjhet5xd_wpftmp.csproj]
C:\UserWorx\VSWorx\ServoStudio\wpfui-servoStudio\samples\Wpf.Ui.servoStudio\Services\CanNativeResolver.cs(17,16): warning CS1574: XML 娉ㄩ噴涓湁鏈兘瑙ｆ瀽鐨?cref 鐗规€р€淐ontrolCanBus鈥?[C:\UserWorx\VSWorx\ServoStudio\wpfui-servoStudio\samples\Wpf.Ui.servoStudio\servoStudio_wjhet5xd_wpftmp.csproj]
C:\UserWorx\VSWorx\ServoStudio\wpfui-servoStudio\samples\Wpf.Ui.servoStudio\Services\FirmwareRepositoryService.cs(339,16): warning CS1573: 鍙傛暟鈥渟ourceFilePath鈥濆湪鈥淔irmwareRepositoryService.UploadAsync(string, string, string, string, string, string, string, bool, bool)鈥濈殑 XML 娉ㄩ噴涓病鏈夊尮閰嶇殑 param 鏍囪(浣嗗叾浠栧弬鏁版湁) [C:\UserWorx\VSWorx\ServoStudio\wpfui-servoStudio\samples\Wpf.Ui.servoStudio\servoStudio_wjhet5xd_wpftmp.csproj]
C:\UserWorx\VSWorx\ServoStudio\wpfui-servoStudio\samples\Wpf.Ui.servoStudio\Services\FirmwareRepositoryService.cs(340,16): warning CS1573: 鍙傛暟鈥渧ersion鈥濆湪鈥淔irmwareRepositoryService.UploadAsync(string, string, string, string, string, string, string, bool, bool)鈥濈殑 XML 娉ㄩ噴涓病鏈夊尮閰嶇殑 param 鏍囪(浣嗗叾浠栧弬鏁版湁) [C:\UserWorx\VSWorx\ServoStudio\wpfui-servoStudio\samples\Wpf.Ui.servoStudio\servoStudio_wjhet5xd_wpftmp.csproj]
C:\UserWorx\VSWorx\ServoStudio\wpfui-servoStudio\samples\Wpf.Ui.servoStudio\Services\FirmwareRepositoryService.cs(341,16): warning CS1573: 鍙傛暟鈥渘ame鈥濆湪鈥淔irmwareRepositoryService.UploadAsync(string, string, string, string, string, string, string, bool, bool)鈥濈殑 XML 娉ㄩ噴涓病鏈夊尮閰嶇殑 param 鏍囪(浣嗗叾浠栧弬鏁版湁) [C:\UserWorx\VSWorx\ServoStudio\wpfui-servoStudio\samples\Wpf.Ui.servoStudio\servoStudio_wjhet5xd_wpftmp.csproj]
C:\UserWorx\VSWorx\ServoStudio\wpfui-servoStudio\samples\Wpf.Ui.servoStudio\Services\FirmwareRepositoryService.cs(342,16): warning CS1573: 鍙傛暟鈥渁pplicableHardwareVersion鈥濆湪鈥淔irmwareRepositoryService.UploadAsync(string, string, string, string, string, string, string, bool, bool)鈥濈殑 XML 娉ㄩ噴涓病鏈夊尮閰嶇殑 param 鏍囪(浣嗗叾浠栧弬鏁版湁) [C:\UserWorx\VSWorx\ServoStudio\wpfui-servoStudio\samples\Wpf.Ui.servoStudio\servoStudio_wjhet5xd_wpftmp.csproj]
C:\UserWorx\VSWorx\ServoStudio\wpfui-servoStudio\samples\Wpf.Ui.servoStudio\Services\FirmwareRepositoryService.cs(343,16): warning CS1573: 鍙傛暟鈥渄escription鈥濆湪鈥淔irmwareRepositoryService.UploadAsync(string, string, string, string, string, string, string, bool, bool)鈥濈殑 XML 娉ㄩ噴涓病鏈夊尮閰嶇殑 param 鏍囪(浣嗗叾浠栧弬鏁版湁) [C:\UserWorx\VSWorx\ServoStudio\wpfui-servoStudio\samples\Wpf.Ui.servoStudio\servoStudio_wjhet5xd_wpftmp.csproj]
C:\UserWorx\VSWorx\ServoStudio\wpfui-servoStudio\samples\Wpf.Ui.servoStudio\Services\FirmwareRepositoryService.cs(344,16): warning CS1573: 鍙傛暟鈥渟tatus鈥濆湪鈥淔irmwareRepositoryService.UploadAsync(string, string, string, string, string, string, string, bool, bool)鈥濈殑 XML 娉ㄩ噴涓病鏈夊尮閰嶇殑 param 鏍囪(浣嗗叾浠栧弬鏁版湁) [C:\UserWorx\VSWorx\ServoStudio\wpfui-servoStudio\samples\Wpf.Ui.servoStudio\servoStudio_wjhet5xd_wpftmp.csproj]
C:\UserWorx\VSWorx\ServoStudio\wpfui-servoStudio\samples\Wpf.Ui.servoStudio\Services\FirmwareRepositoryService.cs(345,16): warning CS1573: 鍙傛暟鈥減roductType鈥濆湪鈥淔irmwareRepositoryService.UploadAsync(string, string, string, string, string, string, string, bool, bool)鈥濈殑 XML 娉ㄩ噴涓病鏈夊尮閰嶇殑 param 鏍囪(浣嗗叾浠栧弬鏁版湁) [C:\UserWorx\VSWorx\ServoStudio\wpfui-servoStudio\samples\Wpf.Ui.servoStudio\servoStudio_wjhet5xd_wpftmp.csproj]
C:\UserWorx\VSWorx\ServoStudio\wpfui-servoStudio\samples\Wpf.Ui.servoStudio\ViewModels\DeviceSet\BusDiagnosticsViewModel.cs(825,26): warning CS1574: XML 娉ㄩ噴涓湁鏈兘瑙ｆ瀽鐨?cref 鐗规€р€淢apToModbusAddress鈥?[C:\UserWorx\VSWorx\ServoStudio\wpfui-servoStudio\samples\Wpf.Ui.servoStudio\servoStudio_wjhet5xd_wpftmp.csproj]
C:\UserWorx\VSWorx\ServoStudio\wpfui-servoStudio\samples\Wpf.Ui.servoStudio\Views\Pages\AppDataPages\DataViewPage.xaml.cs(152,23): warning CS1574: XML 娉ㄩ噴涓湁鏈兘瑙ｆ瀽鐨?cref 鐗规€р€淒ispatcherTimer鈥?[C:\UserWorx\VSWorx\ServoStudio\wpfui-servoStudio\samples\Wpf.Ui.servoStudio\servoStudio_wjhet5xd_wpftmp.csproj]
C:\UserWorx\VSWorx\ServoStudio\wpfui-servoStudio\samples\Wpf.Ui.servoStudio\Core\CANopen\Adapters\CanAdapterFactory.cs(756,24): warning CS0419: cref 鐗规€т腑鏈変笉鏄庣‘鐨勫紩鐢?鈥淣ativeLibrary.TryLoad鈥濄€傚亣瀹氫负鈥淪ystem.Runtime.InteropServices.NativeLibrary.TryLoad(string, out nint)鈥濓紝浣嗗彲鑳借繕涓庡叾浠栭噸杞藉尮閰嶏紝鍖呮嫭鈥淪ystem.Runtime.InteropServices.NativeLibrary.TryLoad(string, System.Reflection.Assembly, System.Runtime.InteropServices.DllImportSearchPath?, out nint)鈥濄€?[C:\UserWorx\VSWorx\ServoStudio\wpfui-servoStudio\samples\Wpf.Ui.servoStudio\servoStudio_wjhet5xd_wpftmp.csproj]
C:\UserWorx\VSWorx\ServoStudio\wpfui-servoStudio\samples\Wpf.Ui.servoStudio\Core\CANopen\CanOpenMaster.cs(66,78): warning CS1734: 鈥淐anOpenMaster.PdoReceived鈥濅笂鐨?XML 娉ㄩ噴涓湁鈥渢pdoIndex鈥濈殑 paramref 鏍囪锛屼絾鏄病鏈夎鍚嶇О鐨勫弬鏁?[C:\UserWorx\VSWorx\ServoStudio\wpfui-servoStudio\samples\Wpf.Ui.servoStudio\servoStudio_wjhet5xd_wpftmp.csproj]
C:\UserWorx\VSWorx\ServoStudio\wpfui-servoStudio\samples\Wpf.Ui.servoStudio\Core\CANopen\CanOpenSlave_CiA402.cs(16,44): warning CS1574: XML 娉ㄩ噴涓湁鏈兘瑙ｆ瀽鐨?cref 鐗规€р€淐ontrolword鈥?[C:\UserWorx\VSWorx\ServoStudio\wpfui-servoStudio\samples\Wpf.Ui.servoStudio\servoStudio_wjhet5xd_wpftmp.csproj]
C:\UserWorx\VSWorx\ServoStudio\wpfui-servoStudio\samples\Wpf.Ui.servoStudio\Core\CANopen\CanOpenSlave_CiA402.cs(16,86): warning CS1574: XML 娉ㄩ噴涓湁鏈兘瑙ｆ瀽鐨?cref 鐗规€р€淪tatusword鈥?[C:\UserWorx\VSWorx\ServoStudio\wpfui-servoStudio\samples\Wpf.Ui.servoStudio\servoStudio_wjhet5xd_wpftmp.csproj]
C:\UserWorx\VSWorx\ServoStudio\wpfui-servoStudio\samples\Wpf.Ui.servoStudio\Core\Usb\UsbBulkBus.cs(20,46): warning CS1574: XML 娉ㄩ噴涓湁鏈兘瑙ｆ瀽鐨?cref 鐗规€р€淐reateFile鈥?[C:\UserWorx\VSWorx\ServoStudio\wpfui-servoStudio\samples\Wpf.Ui.servoStudio\servoStudio_wjhet5xd_wpftmp.csproj]
C:\UserWorx\VSWorx\ServoStudio\wpfui-servoStudio\samples\Wpf.Ui.servoStudio\Core\Usb\UsbDeviceEnumerator.cs(93,19): warning CS1574: XML 娉ㄩ噴涓湁鏈兘瑙ｆ瀽鐨?cref 鐗规€р€淥nlyPresent鈥?[C:\UserWorx\VSWorx\ServoStudio\wpfui-servoStudio\samples\Wpf.Ui.servoStudio\servoStudio_wjhet5xd_wpftmp.csproj]
C:\UserWorx\VSWorx\ServoStudio\wpfui-servoStudio\samples\Wpf.Ui.servoStudio\App.xaml.cs(20,22): warning CA1060: 灏?pinvoke 绉诲埌鏈満鏂规硶绫?(https://learn.microsoft.com/dotnet/fundamentals/code-analysis/quality-rules/ca1060) [C:\UserWorx\VSWorx\ServoStudio\wpfui-servoStudio\samples\Wpf.Ui.servoStudio\servoStudio_wjhet5xd_wpftmp.csproj]
C:\UserWorx\VSWorx\ServoStudio\wpfui-servoStudio\samples\Wpf.Ui.servoStudio\App.xaml.cs(141,12): warning IDE0055: 淇鏍煎紡 (https://learn.microsoft.com/dotnet/fundamentals/code-analysis/style-rules/ide0055) [C:\UserWorx\VSWorx\ServoStudio\wpfui-servoStudio\samples\Wpf.Ui.servoStudio\servoStudio_wjhet5xd_wpftmp.csproj]
C:\UserWorx\VSWorx\ServoStudio\wpfui-servoStudio\samples\Wpf.Ui.servoStudio\App.xaml.cs(141,14): warning IDE0055: 淇鏍煎紡 (https://learn.microsoft.com/dotnet/fundamentals/code-analysis/style-rules/ide0055) [C:\UserWorx\VSWorx\ServoStudio\wpfui-servoStudio\samples\Wpf.Ui.servoStudio\servoStudio_wjhet5xd_wpftmp.csproj]
C:\UserWorx\VSWorx\ServoStudio\wpfui-servoStudio\samples\Wpf.Ui.servoStudio\App.xaml.cs(141,37): warning IDE0055: 淇鏍煎紡 (https://learn.microsoft.com/dotnet/fundamentals/code-analysis/style-rules/ide0055) [C:\UserWorx\VSWorx\ServoStudio\wpfui-servoStudio\samples\Wpf.Ui.servoStudio\servoStudio_wjhet5xd_wpftmp.csproj]
C:\UserWorx\VSWorx\ServoStudio\wpfui-servoStudio\samples\Wpf.Ui.servoStudio\App.xaml.cs(222,44): warning IDE0055: 淇鏍煎紡 (https://learn.microsoft.com/dotnet/fundamentals/code-analysis/style-rules/ide0055) [C:\UserWorx\VSWorx\ServoStudio\wpfui-servoStudio\samples\Wpf.Ui.servoStudio\servoStudio_wjhet5xd_wpftmp.csproj]
C:\UserWorx\VSWorx\ServoStudio\wpfui-servoStudio\samples\Wpf.Ui.servoStudio\App.xaml.cs(230,45): warning IDE0055: 淇鏍煎紡 (https://learn.microsoft.com/dotnet/fundamentals/code-analysis/style-rules/ide0055) [C:\UserWorx\VSWorx\ServoStudio\wpfui-servoStudio\samples\Wpf.Ui.servoStudio\servoStudio_wjhet5xd_wpftmp.csproj]
C:\UserWorx\VSWorx\ServoStudio\wpfui-servoStudio\samples\Wpf.Ui.servoStudio\App.xaml.cs(231,80): warning IDE0055: 淇鏍煎紡 (https://learn.microsoft.com/dotnet/fundamentals/code-analysis/style-rules/ide0055) [C:\UserWorx\VSWorx\ServoStudio\wpfui-servoStudio\samples\Wpf.Ui.servoStudio\servoStudio_wjhet5xd_wpftmp.csproj]
C:\UserWorx\VSWorx\ServoStudio\wpfui-servoStudio\samples\Wpf.Ui.servoStudio\App.xaml.cs(234,20): warning IDE0055: 淇鏍煎紡 (https://learn.microsoft.com/dotnet/fundamentals/code-analysis/style-rules/ide0055) [C:\UserWorx\VSWorx\ServoStudio\wpfui-servoStudio\samples\Wpf.Ui.servoStudio\servoStudio_wjhet5xd_wpftmp.csproj]
C:\UserWorx\VSWorx\ServoStudio\wpfui-servoStudio\samples\Wpf.Ui.servoStudio\App.xaml.cs(234,22): warning IDE0055: 淇鏍煎紡 (https://learn.microsoft.com/dotnet/fundamentals/code-analysis/style-rules/ide0055) [C:\UserWorx\VSWorx\ServoStudio\wpfui-servoStudio\samples\Wpf.Ui.servoStudio\servoStudio_wjhet5xd_wpftmp.csproj]
C:\UserWorx\VSWorx\ServoStudio\wpfui-servoStudio\samples\Wpf.Ui.servoStudio\App.xaml.cs(234,49): warning IDE0055: 淇鏍煎紡 (https://learn.microsoft.com/dotnet/fundamentals/code-analysis/style-rules/ide0055) [C:\UserWorx\VSWorx\ServoStudio\wpfui-servoStudio\samples\Wpf.Ui.servoStudio\servoStudio_wjhet5xd_wpftmp.csproj]
C:\UserWorx\VSWorx\ServoStudio\wpfui-servoStudio\samples\Wpf.Ui.servoStudio\App.xaml.cs(234,51): warning IDE0055: 淇鏍煎紡 (https://learn.microsoft.com/dotnet/fundamentals/code-analysis/style-rules/ide0055) [C:\UserWorx\VSWorx\ServoStudio\wpfui-servoStudio\samples\Wpf.Ui.servoStudio\servoStudio_wjhet5xd_wpftmp.csproj]
C:\UserWorx\VSWorx\ServoStudio\wpfui-servoStudio\samples\Wpf.Ui.servoStudio\App.xaml.cs(241,16): warning IDE0055: 淇鏍煎紡 (https://learn.microsoft.com/dotnet/fundamentals/code-analysis/style-rules/ide0055) [C:\UserWorx\VSWorx\ServoStudio\wpfui-servoStudio\samples\Wpf.Ui.servoStudio\servoStudio_wjhet5xd_wpftmp.csproj]
C:\UserWorx\VSWorx\ServoStudio\wpfui-servoStudio\samples\Wpf.Ui.servoStudio\App.xaml.cs(241,18): warning IDE0055: 淇鏍煎紡 (https://learn.microsoft.com/dotnet/fundamentals/code-analysis/style-rules/ide0055) [C:\UserWorx\VSWorx\ServoStudio\wpfui-servoStudio\samples\Wpf.Ui.servoStudio\servoStudio_wjhet5xd_wpftmp.csproj]
C:\UserWorx\VSWorx\ServoStudio\wpfui-servoStudio\samples\Wpf.Ui.servoStudio\App.xaml.cs(241,87): warning IDE0055: 淇鏍煎紡 (https://learn.microsoft.com/dotnet/fundamentals/code-analysis/style-rules/ide0055) [C:\UserWorx\VSWorx\ServoStudio\wpfui-servoStudio\samples\Wpf.Ui.servoStudio\servoStudio_wjhet5xd_wpftmp.csproj]
C:\UserWorx\VSWorx\ServoStudio\wpfui-servoStudio\samples\Wpf.Ui.servoStudio\App.xaml.cs(241,89): warning IDE0055: 淇鏍煎紡 (https://learn.microsoft.com/dotnet/fundamentals/code-analysis/style-rules/ide0055) [C:\UserWorx\VSWorx\ServoStudio\wpfui-servoStudio\samples\Wpf.Ui.servoStudio\servoStudio_wjhet5xd_wpftmp.csproj]
C:\UserWorx\VSWorx\ServoStudio\wpfui-servoStudio\samples\Wpf.Ui.servoStudio\App.xaml.cs(246,16): warning IDE0055: 淇鏍煎紡 (https://learn.microsoft.com/dotnet/fundamentals/code-analysis/style-rules/ide0055) [C:\UserWorx\VSWorx\ServoStudio\wpfui-servoStudio\samples\Wpf.Ui.servoStudio\servoStudio_wjhet5xd_wpftmp.csproj]
C:\UserWorx\VSWorx\ServoStudio\wpfui-servoStudio\samples\Wpf.Ui.servoStudio\App.xaml.cs(246,18): warning IDE0055: 淇鏍煎紡 (https://learn.microsoft.com/dotnet/fundamentals/code-analysis/style-rules/ide0055) [C:\UserWorx\VSWorx\ServoStudio\wpfui-servoStudio\samples\Wpf.Ui.servoStudio\servoStudio_wjhet5xd_wpftmp.csproj]
C:\UserWorx\VSWorx\ServoStudio\wpfui-servoStudio\samples\Wpf.Ui.servoStudio\App.xaml.cs(246,76): warning IDE0055: 淇鏍煎紡 (https://learn.microsoft.com/dotnet/fundamentals/code-analysis/style-rules/ide0055) [C:\UserWorx\VSWorx\ServoStudio\wpfui-servoStudio\samples\Wpf.Ui.servoStudio\servoStudio_wjhet5xd_wpftmp.csproj]
C:\UserWorx\VSWorx\ServoStudio\wpfui-servoStudio\samples\Wpf.Ui.servoStudio\App.xaml.cs(246,78): warning IDE0055: 淇鏍煎紡 (https://learn.microsoft.com/dotnet/fundamentals/code-analysis/style-rules/ide0055) [C:\UserWorx\VSWorx\ServoStudio\wpfui-servoStudio\samples\Wpf.Ui.servoStudio\servoStudio_wjhet5xd_wpftmp.csproj]
C:\UserWorx\VSWorx\ServoStudio\wpfui-servoStudio\samples\Wpf.Ui.servoStudio\Core\CANopen\Adapters\CanAdapterFactory.cs(24,21): warning CA1060: 灏?pinvoke 绉诲埌鏈満鏂规硶绫?(https://learn.microsoft.com/dotnet/fundamentals/code-analysis/quality-rules/ca1060) [C:\UserWorx\VSWorx\ServoStudio\wpfui-servoStudio\samples\Wpf.Ui.servoStudio\servoStudio_wjhet5xd_wpftmp.csproj]
C:\UserWorx\VSWorx\ServoStudio\wpfui-servoStudio\samples\Wpf.Ui.servoStudio\App.xaml.cs(235,13): warning IDE2003: 鍧椾笌鍚庣画璇彞涔嬮棿闇€瑕佹湁绌虹櫧琛?(https://learn.microsoft.com/dotnet/fundamentals/code-analysis/style-rules/ide2003) [C:\UserWorx\VSWorx\ServoStudio\wpfui-servoStudio\samples\Wpf.Ui.servoStudio\servoStudio_wjhet5xd_wpftmp.csproj]
C:\UserWorx\VSWorx\ServoStudio\wpfui-servoStudio\samples\Wpf.Ui.servoStudio\Core\CANopen\Adapters\ControlCanBus.cs(263,23): warning CA1060: 灏?pinvoke 绉诲埌鏈満鏂规硶绫?(https://learn.microsoft.com/dotnet/fundamentals/code-analysis/quality-rules/ca1060) [C:\UserWorx\VSWorx\ServoStudio\wpfui-servoStudio\samples\Wpf.Ui.servoStudio\servoStudio_wjhet5xd_wpftmp.csproj]
C:\UserWorx\VSWorx\ServoStudio\wpfui-servoStudio\samples\Wpf.Ui.servoStudio\Core\CANopen\Adapters\PcanBasicCanBus.cs(197,23): warning CA1060: 灏?pinvoke 绉诲埌鏈満鏂规硶绫?(https://learn.microsoft.com/dotnet/fundamentals/code-analysis/quality-rules/ca1060) [C:\UserWorx\VSWorx\ServoStudio\wpfui-servoStudio\samples\Wpf.Ui.servoStudio\servoStudio_wjhet5xd_wpftmp.csproj]
C:\UserWorx\VSWorx\ServoStudio\wpfui-servoStudio\samples\Wpf.Ui.servoStudio\Core\CANopen\Adapters\ToomossCanBus.cs(238,23): warning CA1060: 灏?pinvoke 绉诲埌鏈満鏂规硶绫?(https://learn.microsoft.com/dotnet/fundamentals/code-analysis/quality-rules/ca1060) [C:\UserWorx\VSWorx\ServoStudio\wpfui-servoStudio\samples\Wpf.Ui.servoStudio\servoStudio_wjhet5xd_wpftmp.csproj]
C:\UserWorx\VSWorx\ServoStudio\wpfui-servoStudio\samples\Wpf.Ui.servoStudio\Core\Sync\WinMmCyclicTimer.cs(17,21): warning CA1060: 灏?pinvoke 绉诲埌鏈満鏂规硶绫?(https://learn.microsoft.com/dotnet/fundamentals/code-analysis/quality-rules/ca1060) [C:\UserWorx\VSWorx\ServoStudio\wpfui-servoStudio\samples\Wpf.Ui.servoStudio\servoStudio_wjhet5xd_wpftmp.csproj]
C:\UserWorx\VSWorx\ServoStudio\wpfui-servoStudio\samples\Wpf.Ui.servoStudio\Helpers\SoemFoEInterop.cs(27,21): warning CA1060: 灏?pinvoke 绉诲埌鏈満鏂规硶绫?(https://learn.microsoft.com/dotnet/fundamentals/code-analysis/quality-rules/ca1060) [C:\UserWorx\VSWorx\ServoStudio\wpfui-servoStudio\samples\Wpf.Ui.servoStudio\servoStudio_wjhet5xd_wpftmp.csproj]
C:\UserWorx\VSWorx\ServoStudio\wpfui-servoStudio\samples\Wpf.Ui.servoStudio\Core\CANopen\CanOpenMaster.cs(31,14): warning CA1063: 瀵?CanOpenMaster 鎻愪緵 Dispose(bool) 鐨勫彲閲嶅啓瀹炵幇鎴栧皢璇ョ被鍨嬫爣璁颁负鈥滃凡瀵嗗皝鈥濄€傚 Dispose(false) 鐨勮皟鐢ㄥ簲浠呮竻鐞嗘湰鏈鸿祫婧愩€傚 Dispose(true) 鐨勮皟鐢ㄥ簲鍚屾椂娓呯悊鎵樼璧勬簮鍜屾湰鏈鸿祫婧愩€?(https://learn.microsoft.com/dotnet/fundamentals/code-analysis/quality-rules/ca1063) [C:\UserWorx\VSWorx\ServoStudio\wpfui-servoStudio\samples\Wpf.Ui.servoStudio\servoStudio_wjhet5xd_wpftmp.csproj]
C:\UserWorx\VSWorx\ServoStudio\wpfui-servoStudio\samples\Wpf.Ui.servoStudio\Core\CANopen\Adapters\CanAdapterFactory.cs(305,24): warning IDE0055: 淇鏍煎紡 (https://learn.microsoft.com/dotnet/fundamentals/code-analysis/style-rules/ide0055) [C:\UserWorx\VSWorx\ServoStudio\wpfui-servoStudio\samples\Wpf.Ui.servoStudio\servoStudio_wjhet5xd_wpftmp.csproj]
C:\UserWorx\VSWorx\ServoStudio\wpfui-servoStudio\samples\Wpf.Ui.servoStudio\Core\CANopen\Adapters\CanAdapterFactory.cs(305,26): warning IDE0055: 淇鏍煎紡 (https://learn.microsoft.com/dotnet/fundamentals/code-analysis/style-rules/ide0055) [C:\UserWorx\VSWorx\ServoStudio\wpfui-servoStudio\samples\Wpf.Ui.servoStudio\servoStudio_wjhet5xd_wpftmp.csproj]
C:\UserWorx\VSWorx\ServoStudio\wpfui-servoStudio\samples\Wpf.Ui.servoStudio\Core\CANopen\Adapters\CanAdapterFactory.cs(305,65): warning IDE0055: 淇鏍煎紡 (https://learn.microsoft.com/dotnet/fundamentals/code-analysis/style-rules/ide0055) [C:\UserWorx\VSWorx\ServoStudio\wpfui-servoStudio\samples\Wpf.Ui.servoStudio\servoStudio_wjhet5xd_wpftmp.csproj]
C:\UserWorx\VSWorx\ServoStudio\wpfui-servoStudio\samples\Wpf.Ui.servoStudio\Core\CANopen\Adapters\CanAdapterFactory.cs(305,67): warning IDE0055: 淇鏍煎紡 (https://learn.microsoft.com/dotnet/fundamentals/code-analysis/style-rules/ide0055) [C:\UserWorx\VSWorx\ServoStudio\wpfui-servoStudio\samples\Wpf.Ui.servoStudio\servoStudio_wjhet5xd_wpftmp.csproj]
C:\UserWorx\VSWorx\ServoStudio\wpfui-servoStudio\samples\Wpf.Ui.servoStudio\Core\CANopen\Adapters\CanAdapterFactory.cs(407,24): warning IDE0055: 淇鏍煎紡 (https://learn.microsoft.com/dotnet/fundamentals/code-analysis/style-rules/ide0055) [C:\UserWorx\VSWorx\ServoStudio\wpfui-servoStudio\samples\Wpf.Ui.servoStudio\servoStudio_wjhet5xd_wpftmp.csproj]
C:\UserWorx\VSWorx\ServoStudio\wpfui-servoStudio\samples\Wpf.Ui.servoStudio\Core\CANopen\Adapters\CanAdapterFactory.cs(407,26): warning IDE0055: 淇鏍煎紡 (https://learn.microsoft.com/dotnet/fundamentals/code-analysis/style-rules/ide0055) [C:\UserWorx\VSWorx\ServoStudio\wpfui-servoStudio\samples\Wpf.Ui.servoStudio\servoStudio_wjhet5xd_wpftmp.csproj]
C:\UserWorx\VSWorx\ServoStudio\wpfui-servoStudio\samples\Wpf.Ui.servoStudio\Core\CANopen\Adapters\CanAdapterFactory.cs(407,70): warning IDE0055: 淇鏍煎紡 (https://learn.microsoft.com/dotnet/fundamentals/code-analysis/style-rules/ide0055) [C:\UserWorx\VSWorx\ServoStudio\wpfui-servoStudio\samples\Wpf.Ui.servoStudio\servoStudio_wjhet5xd_wpftmp.csproj]
C:\UserWorx\VSWorx\ServoStudio\wpfui-servoStudio\samples\Wpf.Ui.servoStudio\Core\CANopen\Adapters\CanAdapterFactory.cs(407,72): warning IDE0055: 淇鏍煎紡 (https://learn.microsoft.com/dotnet/fundamentals/code-analysis/style-rules/ide0055) [C:\UserWorx\VSWorx\ServoStudio\wpfui-servoStudio\samples\Wpf.Ui.servoStudio\servoStudio_wjhet5xd_wpftmp.csproj]
C:\UserWorx\VSWorx\ServoStudio\wpfui-servoStudio\samples\Wpf.Ui.servoStudio\Core\CANopen\Adapters\CanAdapterFactory.cs(703,38): warning IDE0055: 淇鏍煎紡 (https://learn.microsoft.com/dotnet/fundamentals/code-analysis/style-rules/ide0055) [C:\UserWorx\VSWorx\ServoStudio\wpfui-servoStudio\samples\Wpf.Ui.servoStudio\servoStudio_wjhet5xd_wpftmp.csproj]
C:\UserWorx\VSWorx\ServoStudio\wpfui-servoStudio\samples\Wpf.Ui.servoStudio\Core\CANopen\Adapters\CanAdapterFactory.cs(704,40): warning IDE0055: 淇鏍煎紡 (https://learn.microsoft.com/dotnet/fundamentals/code-analysis/style-rules/ide0055) [C:\UserWorx\VSWorx\ServoStudio\wpfui-servoStudio\samples\Wpf.Ui.servoStudio\servoStudio_wjhet5xd_wpftmp.csproj]
C:\UserWorx\VSWorx\ServoStudio\wpfui-servoStudio\samples\Wpf.Ui.servoStudio\Core\CANopen\Adapters\CanAdapterFactory.cs(705,42): warning IDE0055: 淇鏍煎紡 (https://learn.microsoft.com/dotnet/fundamentals/code-analysis/style-rules/ide0055) [C:\UserWorx\VSWorx\ServoStudio\wpfui-servoStudio\samples\Wpf.Ui.servoStudio\servoStudio_wjhet5xd_wpftmp.csproj]
C:\UserWorx\VSWorx\ServoStudio\wpfui-servoStudio\samples\Wpf.Ui.servoStudio\Core\CANopen\Adapters\CanAdapterFactory.cs(707,39): warning IDE0055: 淇鏍煎紡 (https://learn.microsoft.com/dotnet/fundamentals/code-analysis/style-rules/ide0055) [C:\UserWorx\VSWorx\ServoStudio\wpfui-servoStudio\samples\Wpf.Ui.servoStudio\servoStudio_wjhet5xd_wpftmp.csproj]
C:\UserWorx\VSWorx\ServoStudio\wpfui-servoStudio\samples\Wpf.Ui.servoStudio\Core\CANopen\Adapters\CanAdapterFactory.cs(708,40): warning IDE0055: 淇鏍煎紡 (https://learn.microsoft.com/dotnet/fundamentals/code-analysis/style-rules/ide0055) [C:\UserWorx\VSWorx\ServoStudio\wpfui-servoStudio\samples\Wpf.Ui.servoStudio\servoStudio_wjhet5xd_wpftmp.csproj]
C:\UserWorx\VSWorx\ServoStudio\wpfui-servoStudio\samples\Wpf.Ui.servoStudio\Core\CANopen\Adapters\CanAdapterFactory.cs(871,22): warning IDE0055: 淇鏍煎紡 (https://learn.microsoft.com/dotnet/fundamentals/code-analysis/style-rules/ide0055) [C:\UserWorx\VSWorx\ServoStudio\wpfui-servoStudio\samples\Wpf.Ui.servoStudio\servoStudio_wjhet5xd_wpftmp.csproj]
C:\UserWorx\VSWorx\ServoStudio\wpfui-servoStudio\samples\Wpf.Ui.servoStudio\Core\CANopen\Adapters\CanAdapterFactory.cs(872,23): warning IDE0055: 淇鏍煎紡 (https://learn.microsoft.com/dotnet/fundamentals/code-analysis/style-rules/ide0055) [C:\UserWorx\VSWorx\ServoStudio\wpfui-servoStudio\samples\Wpf.Ui.servoStudio\servoStudio_wjhet5xd_wpftmp.csproj]
C:\UserWorx\VSWorx\ServoStudio\wpfui-servoStudio\samples\Wpf.Ui.servoStudio\Core\CANopen\Adapters\CanAdapterFactory.cs(1004,57): warning IDE0055: 淇鏍煎紡 (https://learn.microsoft.com/dotnet/fundamentals/code-analysis/style-rules/ide0055) [C:\UserWorx\VSWorx\ServoStudio\wpfui-servoStudio\samples\Wpf.Ui.servoStudio\servoStudio_wjhet5xd_wpftmp.csproj]
C:\UserWorx\VSWorx\ServoStudio\wpfui-servoStudio\samples\Wpf.Ui.servoStudio\Core\CANopen\Adapters\CanAdapterFactory.cs(1004,59): warning IDE0055: 淇鏍煎紡 (https://learn.microsoft.com/dotnet/fundamentals/code-analysis/style-rules/ide0055) [C:\UserWorx\VSWorx\ServoStudio\wpfui-servoStudio\samples\Wpf.Ui.servoStudio\servoStudio_wjhet5xd_wpftmp.csproj]
C:\UserWorx\VSWorx\ServoStudio\wpfui-servoStudio\samples\Wpf.Ui.servoStudio\Core\CANopen\Adapters\CanAdapterFactory.cs(1004,74): warning IDE0055: 淇鏍煎紡 (https://learn.microsoft.com/dotnet/fundamentals/code-analysis/style-rules/ide0055) [C:\UserWorx\VSWorx\ServoStudio\wpfui-servoStudio\samples\Wpf.Ui.servoStudio\servoStudio_wjhet5xd_wpftmp.csproj]
C:\UserWorx\VSWorx\ServoStudio\wpfui-servoStudio\samples\Wpf.Ui.servoStudio\Core\CANopen\Adapters\CanAdapterFactory.cs(1004,81): warning IDE0055: 淇鏍煎紡 (https://learn.microsoft.com/dotnet/fundamentals/code-analysis/style-rules/ide0055) [C:\UserWorx\VSWorx\ServoStudio\wpfui-servoStudio\samples\Wpf.Ui.servoStudio\servoStudio_wjhet5xd_wpftmp.csproj]
C:\UserWorx\VSWorx\ServoStudio\wpfui-servoStudio\samples\Wpf.Ui.servoStudio\Core\CANopen\Adapters\CanAdapterFactory.cs(1012,12): warning IDE0055: 淇鏍煎紡 (https://learn.microsoft.com/dotnet/fundamentals/code-analysis/style-rules/ide0055) [C:\UserWorx\VSWorx\ServoStudio\wpfui-servoStudio\samples\Wpf.Ui.servoStudio\servoStudio_wjhet5xd_wpftmp.csproj]
C:\UserWorx\VSWorx\ServoStudio\wpfui-servoStudio\samples\Wpf.Ui.servoStudio\Core\CANopen\Adapters\CanAdapterFactory.cs(1012,14): warning IDE0055: 淇鏍煎紡 (https://learn.microsoft.com/dotnet/fundamentals/code-analysis/style-rules/ide0055) [C:\UserWorx\VSWorx\ServoStudio\wpfui-servoStudio\samples\Wpf.Ui.servoStudio\servoStudio_wjhet5xd_wpftmp.csproj]
C:\UserWorx\VSWorx\ServoStudio\wpfui-servoStudio\samples\Wpf.Ui.servoStudio\Core\CANopen\Adapters\CanAdapterFactory.cs(1012,40): warning IDE0055: 淇鏍煎紡 (https://learn.microsoft.com/dotnet/fundamentals/code-analysis/style-rules/ide0055) [C:\UserWorx\VSWorx\ServoStudio\wpfui-servoStudio\samples\Wpf.Ui.servoStudio\servoStudio_wjhet5xd_wpftmp.csproj]
C:\UserWorx\VSWorx\ServoStudio\wpfui-servoStudio\samples\Wpf.Ui.servoStudio\Core\CANopen\Adapters\CanAdapterFactory.cs(1012,42): warning IDE0055: 淇鏍煎紡 (https://learn.microsoft.com/dotnet/fundamentals/code-analysis/style-rules/ide0055) [C:\UserWorx\VSWorx\ServoStudio\wpfui-servoStudio\samples\Wpf.Ui.servoStudio\servoStudio_wjhet5xd_wpftmp.csproj]
C:\UserWorx\VSWorx\ServoStudio\wpfui-servoStudio\samples\Wpf.Ui.servoStudio\Core\CANopen\Adapters\CanAdapterFactory.cs(1020,12): warning IDE0055: 淇鏍煎紡 (https://learn.microsoft.com/dotnet/fundamentals/code-analysis/style-rules/ide0055) [C:\UserWorx\VSWorx\ServoStudio\wpfui-servoStudio\samples\Wpf.Ui.servoStudio\servoStudio_wjhet5xd_wpftmp.csproj]
C:\UserWorx\VSWorx\ServoStudio\wpfui-servoStudio\samples\Wpf.Ui.servoStudio\Core\CANopen\Adapters\CanAdapterFactory.cs(1020,14): warning IDE0055: 淇鏍煎紡 (https://learn.microsoft.com/dotnet/fundamentals/code-analysis/style-rules/ide0055) [C:\UserWorx\VSWorx\ServoStudio\wpfui-servoStudio\samples\Wpf.Ui.servoStudio\servoStudio_wjhet5xd_wpftmp.csproj]
C:\UserWorx\VSWorx\ServoStudio\wpfui-servoStudio\samples\Wpf.Ui.servoStudio\Core\CANopen\Adapters\CanAdapterFactory.cs(1020,48): warning IDE0055: 淇鏍煎紡 (https://learn.microsoft.com/dotnet/fundamentals/code-analysis/style-rules/ide0055) [C:\UserWorx\VSWorx\ServoStudio\wpfui-servoStudio\samples\Wpf.Ui.servoStudio\servoStudio_wjhet5xd_wpftmp.csproj]
C:\UserWorx\VSWorx\ServoStudio\wpfui-servoStudio\samples\Wpf.Ui.servoStudio\Core\CANopen\Adapters\CanAdapterFactory.cs(73,9): warning IDE2003: 鍧椾笌鍚庣画璇彞涔嬮棿闇€瑕佹湁绌虹櫧琛?(https://learn.microsoft.com/dotnet/fundamentals/code-analysis/style-rules/ide2003) [C:\UserWorx\VSWorx\ServoStudio\wpfui-servoStudio\samples\Wpf.Ui.servoStudio\servoStudio_wjhet5xd_wpftmp.csproj]
C:\UserWorx\VSWorx\ServoStudio\wpfui-servoStudio\samples\Wpf.Ui.servoStudio\Core\CANopen\Adapters\CanAdapterFactory.cs(105,9): warning IDE2003: 鍧椾笌鍚庣画璇彞涔嬮棿闇€瑕佹湁绌虹櫧琛?(https://learn.microsoft.com/dotnet/fundamentals/code-analysis/style-rules/ide2003) [C:\UserWorx\VSWorx\ServoStudio\wpfui-servoStudio\samples\Wpf.Ui.servoStudio\servoStudio_wjhet5xd_wpftmp.csproj]
C:\UserWorx\VSWorx\ServoStudio\wpfui-servoStudio\samples\Wpf.Ui.servoStudio\Core\CANopen\Adapters\CanAdapterFactory.cs(218,9): warning IDE2003: 鍧椾笌鍚庣画璇彞涔嬮棿闇€瑕佹湁绌虹櫧琛?(https://learn.microsoft.com/dotnet/fundamentals/code-analysis/style-rules/ide2003) [C:\UserWorx\VSWorx\ServoStudio\wpfui-servoStudio\samples\Wpf.Ui.servoStudio\servoStudio_wjhet5xd_wpftmp.csproj]
C:\UserWorx\VSWorx\ServoStudio\wpfui-servoStudio\samples\Wpf.Ui.servoStudio\Core\CANopen\Adapters\CanAdapterFactory.cs(166,17): warning IDE2003: 鍧椾笌鍚庣画璇彞涔嬮棿闇€瑕佹湁绌虹櫧琛?(https://learn.microsoft.com/dotnet/fundamentals/code-analysis/style-rules/ide2003) [C:\UserWorx\VSWorx\ServoStudio\wpfui-servoStudio\samples\Wpf.Ui.servoStudio\servoStudio_wjhet5xd_wpftmp.csproj]
C:\UserWorx\VSWorx\ServoStudio\wpfui-servoStudio\samples\Wpf.Ui.servoStudio\Core\CANopen\Adapters\CanAdapterFactory.cs(268,17): warning IDE2003: 鍧椾笌鍚庣画璇彞涔嬮棿闇€瑕佹湁绌虹櫧琛?(https://learn.microsoft.com/dotnet/fundamentals/code-analysis/style-rules/ide2003) [C:\UserWorx\VSWorx\ServoStudio\wpfui-servoStudio\samples\Wpf.Ui.servoStudio\servoStudio_wjhet5xd_wpftmp.csproj]
C:\UserWorx\VSWorx\ServoStudio\wpfui-servoStudio\samples\Wpf.Ui.servoStudio\Core\CANopen\Adapters\CanAdapterFactory.cs(266,21): warning IDE2003: 鍧椾笌鍚庣画璇彞涔嬮棿闇€瑕佹湁绌虹櫧琛?(https://learn.microsoft.com/dotnet/fundamentals/code-analysis/style-rules/ide2003) [C:\UserWorx\VSWorx\ServoStudio\wpfui-servoStudio\samples\Wpf.Ui.servoStudio\servoStudio_wjhet5xd_wpftmp.csproj]
C:\UserWorx\VSWorx\ServoStudio\wpfui-servoStudio\samples\Wpf.Ui.servoStudio\Core\CANopen\Adapters\CanAdapterFactory.cs(430,9): warning IDE2003: 鍧椾笌鍚庣画璇彞涔嬮棿闇€瑕佹湁绌虹櫧琛?(https://learn.microsoft.com/dotnet/fundamentals/code-analysis/style-rules/ide2003) [C:\UserWorx\VSWorx\ServoStudio\wpfui-servoStudio\samples\Wpf.Ui.servoStudio\servoStudio_wjhet5xd_wpftmp.csproj]
C:\UserWorx\VSWorx\ServoStudio\wpfui-servoStudio\samples\Wpf.Ui.servoStudio\Core\CANopen\Adapters\CanAdapterFactory.cs(306,17): warning IDE2003: 鍧椾笌鍚庣画璇彞涔嬮棿闇€瑕佹湁绌虹櫧琛?(https://learn.microsoft.com/dotnet/fundamentals/code-analysis/style-rules/ide2003) [C:\UserWorx\VSWorx\ServoStudio\wpfui-servoStudio\samples\Wpf.Ui.servoStudio\servoStudio_wjhet5xd_wpftmp.csproj]
C:\UserWorx\VSWorx\ServoStudio\wpfui-servoStudio\samples\Wpf.Ui.servoStudio\Core\CANopen\Adapters\CanAdapterFactory.cs(364,29): warning IDE2003: 鍧椾笌鍚庣画璇彞涔嬮棿闇€瑕佹湁绌虹櫧琛?(https://learn.microsoft.com/dotnet/fundamentals/code-analysis/style-rules/ide2003) [C:\UserWorx\VSWorx\ServoStudio\wpfui-servoStudio\samples\Wpf.Ui.servoStudio\servoStudio_wjhet5xd_wpftmp.csproj]
C:\UserWorx\VSWorx\ServoStudio\wpfui-servoStudio\samples\Wpf.Ui.servoStudio\Core\CANopen\Adapters\CanAdapterFactory.cs(477,9): warning IDE2003: 鍧椾笌鍚庣画璇彞涔嬮棿闇€瑕佹湁绌虹櫧琛?(https://learn.microsoft.com/dotnet/fundamentals/code-analysis/style-rules/ide2003) [C:\UserWorx\VSWorx\ServoStudio\wpfui-servoStudio\samples\Wpf.Ui.servoStudio\servoStudio_wjhet5xd_wpftmp.csproj]
C:\UserWorx\VSWorx\ServoStudio\wpfui-servoStudio\samples\Wpf.Ui.servoStudio\Core\CANopen\Adapters\CanAdapterFactory.cs(522,36): warning IDE2003: 鍧椾笌鍚庣画璇彞涔嬮棿闇€瑕佹湁绌虹櫧琛?(https://learn.microsoft.com/dotnet/fundamentals/code-analysis/style-rules/ide2003) [C:\UserWorx\VSWorx\ServoStudio\wpfui-servoStudio\samples\Wpf.Ui.servoStudio\servoStudio_wjhet5xd_wpftmp.csproj]
C:\UserWorx\VSWorx\ServoStudio\wpfui-servoStudio\samples\Wpf.Ui.servoStudio\Core\CANopen\Adapters\CanAdapterFactory.cs(556,36): warning IDE2003: 鍧椾笌鍚庣画璇彞涔嬮棿闇€瑕佹湁绌虹櫧琛?(https://learn.microsoft.com/dotnet/fundamentals/code-analysis/style-rules/ide2003) [C:\UserWorx\VSWorx\ServoStudio\wpfui-servoStudio\samples\Wpf.Ui.servoStudio\servoStudio_wjhet5xd_wpftmp.csproj]
C:\UserWorx\VSWorx\ServoStudio\wpfui-servoStudio\samples\Wpf.Ui.servoStudio\Core\CANopen\Adapters\CanAdapterFactory.cs(785,21): warning IDE2003: 鍧椾笌鍚庣画璇彞涔嬮棿闇€瑕佹湁绌虹櫧琛?(https://learn.microsoft.com/dotnet/fundamentals/code-analysis/style-rules/ide2003) [C:\UserWorx\VSWorx\ServoStudio\wpfui-servoStudio\samples\Wpf.Ui.servoStudio\servoStudio_wjhet5xd_wpftmp.csproj]
C:\UserWorx\VSWorx\ServoStudio\wpfui-servoStudio\samples\Wpf.Ui.servoStudio\Core\CANopen\Adapters\CanAdapterFactory.cs(782,25): warning IDE2003: 鍧椾笌鍚庣画璇彞涔嬮棿闇€瑕佹湁绌虹櫧琛?(https://learn.microsoft.com/dotnet/fundamentals/code-analysis/style-rules/ide2003) [C:\UserWorx\VSWorx\ServoStudio\wpfui-servoStudio\samples\Wpf.Ui.servoStudio\servoStudio_wjhet5xd_wpftmp.csproj]
C:\UserWorx\VSWorx\ServoStudio\wpfui-servoStudio\samples\Wpf.Ui.servoStudio\Core\CANopen\Adapters\CanAdapterFactory.cs(831,21): warning IDE2003: 鍧椾笌鍚庣画璇彞涔嬮棿闇€瑕佹湁绌虹櫧琛?(https://learn.microsoft.com/dotnet/fundamentals/code-analysis/style-rules/ide2003) [C:\UserWorx\VSWorx\ServoStudio\wpfui-servoStudio\samples\Wpf.Ui.servoStudio\servoStudio_wjhet5xd_wpftmp.csproj]
C:\UserWorx\VSWorx\ServoStudio\wpfui-servoStudio\samples\Wpf.Ui.servoStudio\Core\CANopen\Adapters\CanAdapterFactory.cs(985,9): warning IDE2003: 鍧椾笌鍚庣画璇彞涔嬮棿闇€瑕佹湁绌虹櫧琛?(https://learn.microsoft.com/dotnet/fundamentals/code-analysis/style-rules/ide2003) [C:\UserWorx\VSWorx\ServoStudio\wpfui-servoStudio\samples\Wpf.Ui.servoStudio\servoStudio_wjhet5xd_wpftmp.csproj]
C:\UserWorx\VSWorx\ServoStudio\wpfui-servoStudio\samples\Wpf.Ui.servoStudio\Core\Modbus\ModbusRtuMaster.cs(62,14): warning CA1063: 瀵?ModbusRtuMaster 鎻愪緵 Dispose(bool) 鐨勫彲閲嶅啓瀹炵幇鎴栧皢璇ョ被鍨嬫爣璁颁负鈥滃凡瀵嗗皝鈥濄€傚 Dispose(false) 鐨勮皟鐢ㄥ簲浠呮竻鐞嗘湰鏈鸿祫婧愩€傚 Dispose(true) 鐨勮皟鐢ㄥ簲鍚屾椂娓呯悊鎵樼璧勬簮鍜屾湰鏈鸿祫婧愩€?(https://learn.microsoft.com/dotnet/fundamentals/code-analysis/quality-rules/ca1063) [C:\UserWorx\VSWorx\ServoStudio\wpfui-servoStudio\samples\Wpf.Ui.servoStudio\servoStudio_wjhet5xd_wpftmp.csproj]
C:\UserWorx\VSWorx\ServoStudio\wpfui-servoStudio\samples\Wpf.Ui.servoStudio\Core\CANopen\Adapters\ControlCanBus.cs(31,28): warning IDE0055: 淇鏍煎紡 (https://learn.microsoft.com/dotnet/fundamentals/code-analysis/style-rules/ide0055) [C:\UserWorx\VSWorx\ServoStudio\wpfui-servoStudio\samples\Wpf.Ui.servoStudio\servoStudio_wjhet5xd_wpftmp.csproj]
C:\UserWorx\VSWorx\ServoStudio\wpfui-servoStudio\samples\Wpf.Ui.servoStudio\Core\CANopen\Adapters\ControlCanBus.cs(31,30): warning IDE0055: 淇鏍煎紡 (https://learn.microsoft.com/dotnet/fundamentals/code-analysis/style-rules/ide0055) [C:\UserWorx\VSWorx\ServoStudio\wpfui-servoStudio\samples\Wpf.Ui.servoStudio\servoStudio_wjhet5xd_wpftmp.csproj]
C:\UserWorx\VSWorx\ServoStudio\wpfui-servoStudio\samples\Wpf.Ui.servoStudio\Core\CANopen\Adapters\ControlCanBus.cs(31,40): warning IDE0055: 淇鏍煎紡 (https://learn.microsoft.com/dotnet/fundamentals/code-analysis/style-rules/ide0055) [C:\UserWorx\VSWorx\ServoStudio\wpfui-servoStudio\samples\Wpf.Ui.servoStudio\servoStudio_wjhet5xd_wpftmp.csproj]
C:\UserWorx\VSWorx\ServoStudio\wpfui-servoStudio\samples\Wpf.Ui.servoStudio\Core\CANopen\Adapters\ControlCanBus.cs(34,25): warning IDE0055: 淇鏍煎紡 (https://learn.microsoft.com/dotnet/fundamentals/code-analysis/style-rules/ide0055) [C:\UserWorx\VSWorx\ServoStudio\wpfui-servoStudio\samples\Wpf.Ui.servoStudio\servoStudio_wjhet5xd_wpftmp.csproj]
C:\UserWorx\VSWorx\ServoStudio\wpfui-servoStudio\samples\Wpf.Ui.servoStudio\Core\CANopen\Adapters\ControlCanBus.cs(34,27): warning IDE0055: 淇鏍煎紡 (https://learn.microsoft.com/dotnet/fundamentals/code-analysis/style-rules/ide0055) [C:\UserWorx\VSWorx\ServoStudio\wpfui-servoStudio\samples\Wpf.Ui.servoStudio\servoStudio_wjhet5xd_wpftmp.csproj]
C:\UserWorx\VSWorx\ServoStudio\wpfui-servoStudio\samples\Wpf.Ui.servoStudio\Core\CANopen\Adapters\ControlCanBus.cs(34,37): warning IDE0055: 淇鏍煎紡 (https://learn.microsoft.com/dotnet/fundamentals/code-analysis/style-rules/ide0055) [C:\UserWorx\VSWorx\ServoStudio\wpfui-servoStudio\samples\Wpf.Ui.servoStudio\servoStudio_wjhet5xd_wpftmp.csproj]
C:\UserWorx\VSWorx\ServoStudio\wpfui-servoStudio\samples\Wpf.Ui.servoStudio\Core\CANopen\Adapters\ControlCanBus.cs(36,23): warning IDE0055: 淇鏍煎紡 (https://learn.microsoft.com/dotnet/fundamentals/code-analysis/style-rules/ide0055) [C:\UserWorx\VSWorx\ServoStudio\wpfui-servoStudio\samples\Wpf.Ui.servoStudio\servoStudio_wjhet5xd_wpftmp.csproj]
C:\UserWorx\VSWorx\ServoStudio\wpfui-servoStudio\samples\Wpf.Ui.servoStudio\Core\CANopen\Adapters\ControlCanBus.cs(36,25): warning IDE0055: 淇鏍煎紡 (https://learn.microsoft.com/dotnet/fundamentals/code-analysis/style-rules/ide0055) [C:\UserWorx\VSWorx\ServoStudio\wpfui-servoStudio\samples\Wpf.Ui.servoStudio\servoStudio_wjhet5xd_wpftmp.csproj]
C:\UserWorx\VSWorx\ServoStudio\wpfui-servoStudio\samples\Wpf.Ui.servoStudio\Core\CANopen\Adapters\ControlCanBus.cs(36,43): warning IDE0055: 淇鏍煎紡 (https://learn.microsoft.com/dotnet/fundamentals/code-analysis/style-rules/ide0055) [C:\UserWorx\VSWorx\ServoStudio\wpfui-servoStudio\samples\Wpf.Ui.servoStudio\servoStudio_wjhet5xd_wpftmp.csproj]
C:\UserWorx\VSWorx\ServoStudio\wpfui-servoStudio\samples\Wpf.Ui.servoStudio\Core\CANopen\Adapters\ControlCanBus.cs(41,27): warning IDE0055: 淇鏍煎紡 (https://learn.microsoft.com/dotnet/fundamentals/code-analysis/style-rules/ide0055) [C:\UserWorx\VSWorx\ServoStudio\wpfui-servoStudio\samples\Wpf.Ui.servoStudio\servoStudio_wjhet5xd_wpftmp.csproj]
C:\UserWorx\VSWorx\ServoStudio\wpfui-servoStudio\samples\Wpf.Ui.servoStudio\Core\CANopen\Adapters\ControlCanBus.cs(41,29): warning IDE0055: 淇鏍煎紡 (https://learn.microsoft.com/dotnet/fundamentals/code-analysis/style-rules/ide0055) [C:\UserWorx\VSWorx\ServoStudio\wpfui-servoStudio\samples\Wpf.Ui.servoStudio\servoStudio_wjhet5xd_wpftmp.csproj]
C:\UserWorx\VSWorx\ServoStudio\wpfui-servoStudio\samples\Wpf.Ui.servoStudio\Core\CANopen\Adapters\ControlCanBus.cs(229,30): warning IDE0055: 淇鏍煎紡 (https://learn.microsoft.com/dotnet/fundamentals/code-analysis/style-rules/ide0055) [C:\UserWorx\VSWorx\ServoStudio\wpfui-servoStudio\samples\Wpf.Ui.servoStudio\servoStudio_wjhet5xd_wpftmp.csproj]
C:\UserWorx\VSWorx\ServoStudio\wpfui-servoStudio\samples\Wpf.Ui.servoStudio\Core\CANopen\Adapters\ControlCanBus.cs(230,30): warning IDE0055: 淇鏍煎紡 (https://learn.microsoft.com/dotnet/fundamentals/code-analysis/style-rules/ide0055) [C:\UserWorx\VSWorx\ServoStudio\wpfui-servoStudio\samples\Wpf.Ui.servoStudio\servoStudio_wjhet5xd_wpftmp.csproj]
C:\UserWorx\VSWorx\ServoStudio\wpfui-servoStudio\samples\Wpf.Ui.servoStudio\Core\CANopen\Adapters\ControlCanBus.cs(231,30): warning IDE0055: 淇鏍煎紡 (https://learn.microsoft.com/dotnet/fundamentals/code-analysis/style-rules/ide0055) [C:\UserWorx\VSWorx\ServoStudio\wpfui-servoStudio\samples\Wpf.Ui.servoStudio\servoStudio_wjhet5xd_wpftmp.csproj]
C:\UserWorx\VSWorx\ServoStudio\wpfui-servoStudio\samples\Wpf.Ui.servoStudio\Core\CANopen\Adapters\ControlCanBus.cs(232,31): warning IDE0055: 淇鏍煎紡 (https://learn.microsoft.com/dotnet/fundamentals/code-analysis/style-rules/ide0055) [C:\UserWorx\VSWorx\ServoStudio\wpfui-servoStudio\samples\Wpf.Ui.servoStudio\servoStudio_wjhet5xd_wpftmp.csproj]
C:\UserWorx\VSWorx\ServoStudio\wpfui-servoStudio\samples\Wpf.Ui.servoStudio\Core\CANopen\Adapters\ControlCanBus.cs(233,31): warning IDE0055: 淇鏍煎紡 (https://learn.microsoft.com/dotnet/fundamentals/code-analysis/style-rules/ide0055) [C:\UserWorx\VSWorx\ServoStudio\wpfui-servoStudio\samples\Wpf.Ui.servoStudio\servoStudio_wjhet5xd_wpftmp.csproj]
C:\UserWorx\VSWorx\ServoStudio\wpfui-servoStudio\samples\Wpf.Ui.servoStudio\Core\CANopen\Adapters\ControlCanBus.cs(234,31): warning IDE0055: 淇鏍煎紡 (https://learn.microsoft.com/dotnet/fundamentals/code-analysis/style-rules/ide0055) [C:\UserWorx\VSWorx\ServoStudio\wpfui-servoStudio\samples\Wpf.Ui.servoStudio\servoStudio_wjhet5xd_wpftmp.csproj]
C:\UserWorx\VSWorx\ServoStudio\wpfui-servoStudio\samples\Wpf.Ui.servoStudio\Core\CANopen\Adapters\ControlCanBus.cs(235,31): warning IDE0055: 淇鏍煎紡 (https://learn.microsoft.com/dotnet/fundamentals/code-analysis/style-rules/ide0055) [C:\UserWorx\VSWorx\ServoStudio\wpfui-servoStudio\samples\Wpf.Ui.servoStudio\servoStudio_wjhet5xd_wpftmp.csproj]
C:\UserWorx\VSWorx\ServoStudio\wpfui-servoStudio\samples\Wpf.Ui.servoStudio\Core\CANopen\Adapters\ControlCanBus.cs(236,31): warning IDE0055: 淇鏍煎紡 (https://learn.microsoft.com/dotnet/fundamentals/code-analysis/style-rules/ide0055) [C:\UserWorx\VSWorx\ServoStudio\wpfui-servoStudio\samples\Wpf.Ui.servoStudio\servoStudio_wjhet5xd_wpftmp.csproj]
C:\UserWorx\VSWorx\ServoStudio\wpfui-servoStudio\samples\Wpf.Ui.servoStudio\Core\CANopen\Adapters\ControlCanBus.cs(270,35): warning IDE0055: 淇鏍煎紡 (https://learn.microsoft.com/dotnet/fundamentals/code-analysis/style-rules/ide0055) [C:\UserWorx\VSWorx\ServoStudio\wpfui-servoStudio\samples\Wpf.Ui.servoStudio\servoStudio_wjhet5xd_wpftmp.csproj]
C:\UserWorx\VSWorx\ServoStudio\wpfui-servoStudio\samples\Wpf.Ui.servoStudio\Core\CANopen\Adapters\ControlCanBus.cs(271,35): warning IDE0055: 淇鏍煎紡 (https://learn.microsoft.com/dotnet/fundamentals/code-analysis/style-rules/ide0055) [C:\UserWorx\VSWorx\ServoStudio\wpfui-servoStudio\samples\Wpf.Ui.servoStudio\servoStudio_wjhet5xd_wpftmp.csproj]
C:\UserWorx\VSWorx\ServoStudio\wpfui-servoStudio\samples\Wpf.Ui.servoStudio\Core\CANopen\Adapters\ControlCanBus.cs(272,35): warning IDE0055: 淇鏍煎紡 (https://learn.microsoft.com/dotnet/fundamentals/code-analysis/style-rules/ide0055) [C:\UserWorx\VSWorx\ServoStudio\wpfui-servoStudio\samples\Wpf.Ui.servoStudio\servoStudio_wjhet5xd_wpftmp.csproj]
C:\UserWorx\VSWorx\ServoStudio\wpfui-servoStudio\samples\Wpf.Ui.servoStudio\Core\CANopen\Adapters\ControlCanBus.cs(273,35): warning IDE0055: 淇鏍煎紡 (https://learn.microsoft.com/dotnet/fundamentals/code-analysis/style-rules/ide0055) [C:\UserWorx\VSWorx\ServoStudio\wpfui-servoStudio\samples\Wpf.Ui.servoStudio\servoStudio_wjhet5xd_wpftmp.csproj]
C:\UserWorx\VSWorx\ServoStudio\wpfui-servoStudio\samples\Wpf.Ui.servoStudio\Core\CANopen\Adapters\ControlCanBus.cs(274,38): warning IDE0055: 淇鏍煎紡 (https://learn.microsoft.com/dotnet/fundamentals/code-analysis/style-rules/ide0055) [C:\UserWorx\VSWorx\ServoStudio\wpfui-servoStudio\samples\Wpf.Ui.servoStudio\servoStudio_wjhet5xd_wpftmp.csproj]
C:\UserWorx\VSWorx\ServoStudio\wpfui-servoStudio\samples\Wpf.Ui.servoStudio\Core\CANopen\Adapters\ControlCanBus.cs(70,13): warning IDE2003: 鍧椾笌鍚庣画璇彞涔嬮棿闇€瑕佹湁绌虹櫧琛?(https://learn.microsoft.com/dotnet/fundamentals/code-analysis/style-rules/ide2003) [C:\UserWorx\VSWorx\ServoStudio\wpfui-servoStudio\samples\Wpf.Ui.servoStudio\servoStudio_wjhet5xd_wpftmp.csproj]
C:\UserWorx\VSWorx\ServoStudio\wpfui-servoStudio\samples\Wpf.Ui.servoStudio\Core\CANopen\Adapters\ControlCanBus.cs(195,17): warning IDE2003: 鍧椾笌鍚庣画璇彞涔嬮棿闇€瑕佹湁绌虹櫧琛?(https://learn.microsoft.com/dotnet/fundamentals/code-analysis/style-rules/ide2003) [C:\UserWorx\VSWorx\ServoStudio\wpfui-servoStudio\samples\Wpf.Ui.servoStudio\servoStudio_wjhet5xd_wpftmp.csproj]
C:\UserWorx\VSWorx\ServoStudio\wpfui-servoStudio\samples\Wpf.Ui.servoStudio\Core\CANopen\Adapters\ZlgKernelDllScanner.cs(27,21): warning CA1060: 灏?pinvoke 绉诲埌鏈満鏂规硶绫?(https://learn.microsoft.com/dotnet/fundamentals/code-analysis/quality-rules/ca1060) [C:\UserWorx\VSWorx\ServoStudio\wpfui-servoStudio\samples\Wpf.Ui.servoStudio\servoStudio_wjhet5xd_wpftmp.csproj]
C:\UserWorx\VSWorx\ServoStudio\wpfui-servoStudio\samples\Wpf.Ui.servoStudio\Core\CANopen\Adapters\PcanBasicCanBus.cs(27,23): warning IDE0055: 淇鏍煎紡 (https://learn.microsoft.com/dotnet/fundamentals/code-analysis/style-rules/ide0055) [C:\UserWorx\VSWorx\ServoStudio\wpfui-servoStudio\samples\Wpf.Ui.servoStudio\servoStudio_wjhet5xd_wpftmp.csproj]
C:\UserWorx\VSWorx\ServoStudio\wpfui-servoStudio\samples\Wpf.Ui.servoStudio\Core\CANopen\Adapters\PcanBasicCanBus.cs(27,25): warning IDE0055: 淇鏍煎紡 (https://learn.microsoft.com/dotnet/fundamentals/code-analysis/style-rules/ide0055) [C:\UserWorx\VSWorx\ServoStudio\wpfui-servoStudio\samples\Wpf.Ui.servoStudio\servoStudio_wjhet5xd_wpftmp.csproj]
C:\UserWorx\VSWorx\ServoStudio\wpfui-servoStudio\samples\Wpf.Ui.servoStudio\Core\CANopen\Adapters\PcanBasicCanBus.cs(27,43): warning IDE0055: 淇鏍煎紡 (https://learn.microsoft.com/dotnet/fundamentals/code-analysis/style-rules/ide0055) [C:\UserWorx\VSWorx\ServoStudio\wpfui-servoStudio\samples\Wpf.Ui.servoStudio\servoStudio_wjhet5xd_wpftmp.csproj]
C:\UserWorx\VSWorx\ServoStudio\wpfui-servoStudio\samples\Wpf.Ui.servoStudio\Core\CANopen\Adapters\PcanBasicCanBus.cs(31,29): warning IDE0055: 淇鏍煎紡 (https://learn.microsoft.com/dotnet/fundamentals/code-analysis/style-rules/ide0055) [C:\UserWorx\VSWorx\ServoStudio\wpfui-servoStudio\samples\Wpf.Ui.servoStudio\servoStudio_wjhet5xd_wpftmp.csproj]
C:\UserWorx\VSWorx\ServoStudio\wpfui-servoStudio\samples\Wpf.Ui.servoStudio\Core\CANopen\Adapters\PcanBasicCanBus.cs(31,31): warning IDE0055: 淇鏍煎紡 (https://learn.microsoft.com/dotnet/fundamentals/code-analysis/style-rules/ide0055) [C:\UserWorx\VSWorx\ServoStudio\wpfui-servoStudio\samples\Wpf.Ui.servoStudio\servoStudio_wjhet5xd_wpftmp.csproj]
C:\UserWorx\VSWorx\ServoStudio\wpfui-servoStudio\samples\Wpf.Ui.servoStudio\Core\CANopen\Adapters\PcanBasicCanBus.cs(33,43): warning IDE0055: 淇鏍煎紡 (https://learn.microsoft.com/dotnet/fundamentals/code-analysis/style-rules/ide0055) [C:\UserWorx\VSWorx\ServoStudio\wpfui-servoStudio\samples\Wpf.Ui.servoStudio\servoStudio_wjhet5xd_wpftmp.csproj]
C:\UserWorx\VSWorx\ServoStudio\wpfui-servoStudio\samples\Wpf.Ui.servoStudio\Core\CANopen\Adapters\PcanBasicCanBus.cs(33,45): warning IDE0055: 淇鏍煎紡 (https://learn.microsoft.com/dotnet/fundamentals/code-analysis/style-rules/ide0055) [C:\UserWorx\VSWorx\ServoStudio\wpfui-servoStudio\samples\Wpf.Ui.servoStudio\servoStudio_wjhet5xd_wpftmp.csproj]
C:\UserWorx\VSWorx\ServoStudio\wpfui-servoStudio\samples\Wpf.Ui.servoStudio\Core\CANopen\Adapters\PcanBasicCanBus.cs(33,64): warning IDE0055: 淇鏍煎紡 (https://learn.microsoft.com/dotnet/fundamentals/code-analysis/style-rules/ide0055) [C:\UserWorx\VSWorx\ServoStudio\wpfui-servoStudio\samples\Wpf.Ui.servoStudio\servoStudio_wjhet5xd_wpftmp.csproj]
C:\UserWorx\VSWorx\ServoStudio\wpfui-servoStudio\samples\Wpf.Ui.servoStudio\Core\CANopen\Adapters\PcanBasicCanBus.cs(45,30): warning IDE0055: 淇鏍煎紡 (https://learn.microsoft.com/dotnet/fundamentals/code-analysis/style-rules/ide0055) [C:\UserWorx\VSWorx\ServoStudio\wpfui-servoStudio\samples\Wpf.Ui.servoStudio\servoStudio_wjhet5xd_wpftmp.csproj]
C:\UserWorx\VSWorx\ServoStudio\wpfui-servoStudio\samples\Wpf.Ui.servoStudio\Core\CANopen\Adapters\PcanBasicCanBus.cs(46,30): warning IDE0055: 淇鏍煎紡 (https://learn.microsoft.com/dotnet/fundamentals/code-analysis/style-rules/ide0055) [C:\UserWorx\VSWorx\ServoStudio\wpfui-servoStudio\samples\Wpf.Ui.servoStudio\servoStudio_wjhet5xd_wpftmp.csproj]
C:\UserWorx\VSWorx\ServoStudio\wpfui-servoStudio\samples\Wpf.Ui.servoStudio\Core\CANopen\Adapters\PcanBasicCanBus.cs(47,30): warning IDE0055: 淇鏍煎紡 (https://learn.microsoft.com/dotnet/fundamentals/code-analysis/style-rules/ide0055) [C:\UserWorx\VSWorx\ServoStudio\wpfui-servoStudio\samples\Wpf.Ui.servoStudio\servoStudio_wjhet5xd_wpftmp.csproj]
C:\UserWorx\VSWorx\ServoStudio\wpfui-servoStudio\samples\Wpf.Ui.servoStudio\Core\CANopen\Adapters\PcanBasicCanBus.cs(48,31): warning IDE0055: 淇鏍煎紡 (https://learn.microsoft.com/dotnet/fundamentals/code-analysis/style-rules/ide0055) [C:\UserWorx\VSWorx\ServoStudio\wpfui-servoStudio\samples\Wpf.Ui.servoStudio\servoStudio_wjhet5xd_wpftmp.csproj]
C:\UserWorx\VSWorx\ServoStudio\wpfui-servoStudio\samples\Wpf.Ui.servoStudio\Core\CANopen\Adapters\PcanBasicCanBus.cs(49,31): warning IDE0055: 淇鏍煎紡 (https://learn.microsoft.com/dotnet/fundamentals/code-analysis/style-rules/ide0055) [C:\UserWorx\VSWorx\ServoStudio\wpfui-servoStudio\samples\Wpf.Ui.servoStudio\servoStudio_wjhet5xd_wpftmp.csproj]
C:\UserWorx\VSWorx\ServoStudio\wpfui-servoStudio\samples\Wpf.Ui.servoStudio\Core\CANopen\Adapters\PcanBasicCanBus.cs(50,31): warning IDE0055: 淇鏍煎紡 (https://learn.microsoft.com/dotnet/fundamentals/code-analysis/style-rules/ide0055) [C:\UserWorx\VSWorx\ServoStudio\wpfui-servoStudio\samples\Wpf.Ui.servoStudio\servoStudio_wjhet5xd_wpftmp.csproj]
C:\UserWorx\VSWorx\ServoStudio\wpfui-servoStudio\samples\Wpf.Ui.servoStudio\Core\CANopen\Adapters\PcanBasicCanBus.cs(51,31): warning IDE0055: 淇鏍煎紡 (https://learn.microsoft.com/dotnet/fundamentals/code-analysis/style-rules/ide0055) [C:\UserWorx\VSWorx\ServoStudio\wpfui-servoStudio\samples\Wpf.Ui.servoStudio\servoStudio_wjhet5xd_wpftmp.csproj]
C:\UserWorx\VSWorx\ServoStudio\wpfui-servoStudio\samples\Wpf.Ui.servoStudio\Core\CANopen\Adapters\PcanBasicCanBus.cs(52,31): warning IDE0055: 淇鏍煎紡 (https://learn.microsoft.com/dotnet/fundamentals/code-analysis/style-rules/ide0055) [C:\UserWorx\VSWorx\ServoStudio\wpfui-servoStudio\samples\Wpf.Ui.servoStudio\servoStudio_wjhet5xd_wpftmp.csproj]
C:\UserWorx\VSWorx\ServoStudio\wpfui-servoStudio\samples\Wpf.Ui.servoStudio\Core\CANopen\Adapters\PcanBasicCanBus.cs(82,12): warning IDE0055: 淇鏍煎紡 (https://learn.microsoft.com/dotnet/fundamentals/code-analysis/style-rules/ide0055) [C:\UserWorx\VSWorx\ServoStudio\wpfui-servoStudio\samples\Wpf.Ui.servoStudio\servoStudio_wjhet5xd_wpftmp.csproj]
C:\UserWorx\VSWorx\ServoStudio\wpfui-servoStudio\samples\Wpf.Ui.servoStudio\Core\CANopen\Adapters\PcanBasicCanBus.cs(82,14): warning IDE0055: 淇鏍煎紡 (https://learn.microsoft.com/dotnet/fundamentals/code-analysis/style-rules/ide0055) [C:\UserWorx\VSWorx\ServoStudio\wpfui-servoStudio\samples\Wpf.Ui.servoStudio\servoStudio_wjhet5xd_wpftmp.csproj]
C:\UserWorx\VSWorx\ServoStudio\wpfui-servoStudio\samples\Wpf.Ui.servoStudio\Core\CANopen\Adapters\PcanBasicCanBus.cs(82,56): warning IDE0055: 淇鏍煎紡 (https://learn.microsoft.com/dotnet/fundamentals/code-analysis/style-rules/ide0055) [C:\UserWorx\VSWorx\ServoStudio\wpfui-servoStudio\samples\Wpf.Ui.servoStudio\servoStudio_wjhet5xd_wpftmp.csproj]
C:\UserWorx\VSWorx\ServoStudio\wpfui-servoStudio\samples\Wpf.Ui.servoStudio\Core\CANopen\Adapters\PcanBasicCanBus.cs(82,58): warning IDE0055: 淇鏍煎紡 (https://learn.microsoft.com/dotnet/fundamentals/code-analysis/style-rules/ide0055) [C:\UserWorx\VSWorx\ServoStudio\wpfui-servoStudio\samples\Wpf.Ui.servoStudio\servoStudio_wjhet5xd_wpftmp.csproj]
C:\UserWorx\VSWorx\ServoStudio\wpfui-servoStudio\samples\Wpf.Ui.servoStudio\Core\CANopen\Adapters\PcanBasicCanBus.cs(202,38): warning IDE0055: 淇鏍煎紡 (https://learn.microsoft.com/dotnet/fundamentals/code-analysis/style-rules/ide0055) [C:\UserWorx\VSWorx\ServoStudio\wpfui-servoStudio\samples\Wpf.Ui.servoStudio\servoStudio_wjhet5xd_wpftmp.csproj]
C:\UserWorx\VSWorx\ServoStudio\wpfui-servoStudio\samples\Wpf.Ui.servoStudio\Core\CANopen\Adapters\PcanBasicCanBus.cs(203,38): warning IDE0055: 淇鏍煎紡 (https://learn.microsoft.com/dotnet/fundamentals/code-analysis/style-rules/ide0055) [C:\UserWorx\VSWorx\ServoStudio\wpfui-servoStudio\samples\Wpf.Ui.servoStudio\servoStudio_wjhet5xd_wpftmp.csproj]
C:\UserWorx\VSWorx\ServoStudio\wpfui-servoStudio\samples\Wpf.Ui.servoStudio\Core\CANopen\Adapters\PcanBasicCanBus.cs(204,38): warning IDE0055: 淇鏍煎紡 (https://learn.microsoft.com/dotnet/fundamentals/code-analysis/style-rules/ide0055) [C:\UserWorx\VSWorx\ServoStudio\wpfui-servoStudio\samples\Wpf.Ui.servoStudio\servoStudio_wjhet5xd_wpftmp.csproj]
C:\UserWorx\VSWorx\ServoStudio\wpfui-servoStudio\samples\Wpf.Ui.servoStudio\Core\CANopen\Adapters\PcanBasicCanBus.cs(205,38): warning IDE0055: 淇鏍煎紡 (https://learn.microsoft.com/dotnet/fundamentals/code-analysis/style-rules/ide0055) [C:\UserWorx\VSWorx\ServoStudio\wpfui-servoStudio\samples\Wpf.Ui.servoStudio\servoStudio_wjhet5xd_wpftmp.csproj]
C:\UserWorx\VSWorx\ServoStudio\wpfui-servoStudio\samples\Wpf.Ui.servoStudio\Core\CANopen\Adapters\PcanBasicCanBus.cs(206,38): warning IDE0055: 淇鏍煎紡 (https://learn.microsoft.com/dotnet/fundamentals/code-analysis/style-rules/ide0055) [C:\UserWorx\VSWorx\ServoStudio\wpfui-servoStudio\samples\Wpf.Ui.servoStudio\servoStudio_wjhet5xd_wpftmp.csproj]
C:\UserWorx\VSWorx\ServoStudio\wpfui-servoStudio\samples\Wpf.Ui.servoStudio\Core\CANopen\Adapters\PcanBasicCanBus.cs(207,38): warning IDE0055: 淇鏍煎紡 (https://learn.microsoft.com/dotnet/fundamentals/code-analysis/style-rules/ide0055) [C:\UserWorx\VSWorx\ServoStudio\wpfui-servoStudio\samples\Wpf.Ui.servoStudio\servoStudio_wjhet5xd_wpftmp.csproj]
C:\UserWorx\VSWorx\ServoStudio\wpfui-servoStudio\samples\Wpf.Ui.servoStudio\Core\CANopen\Adapters\PcanBasicCanBus.cs(208,38): warning IDE0055: 淇鏍煎紡 (https://learn.microsoft.com/dotnet/fundamentals/code-analysis/style-rules/ide0055) [C:\UserWorx\VSWorx\ServoStudio\wpfui-servoStudio\samples\Wpf.Ui.servoStudio\servoStudio_wjhet5xd_wpftmp.csproj]
C:\UserWorx\VSWorx\ServoStudio\wpfui-servoStudio\samples\Wpf.Ui.servoStudio\Core\CANopen\Adapters\PcanBasicCanBus.cs(209,38): warning IDE0055: 淇鏍煎紡 (https://learn.microsoft.com/dotnet/fundamentals/code-analysis/style-rules/ide0055) [C:\UserWorx\VSWorx\ServoStudio\wpfui-servoStudio\samples\Wpf.Ui.servoStudio\servoStudio_wjhet5xd_wpftmp.csproj]
C:\UserWorx\VSWorx\ServoStudio\wpfui-servoStudio\samples\Wpf.Ui.servoStudio\Core\CANopen\Adapters\PcanBasicCanBus.cs(210,38): warning IDE0055: 淇鏍煎紡 (https://learn.microsoft.com/dotnet/fundamentals/code-analysis/style-rules/ide0055) [C:\UserWorx\VSWorx\ServoStudio\wpfui-servoStudio\samples\Wpf.Ui.servoStudio\servoStudio_wjhet5xd_wpftmp.csproj]
C:\UserWorx\VSWorx\ServoStudio\wpfui-servoStudio\samples\Wpf.Ui.servoStudio\Core\CANopen\Adapters\PcanBasicCanBus.cs(220,38): warning IDE0055: 淇鏍煎紡 (https://learn.microsoft.com/dotnet/fundamentals/code-analysis/style-rules/ide0055) [C:\UserWorx\VSWorx\ServoStudio\wpfui-servoStudio\samples\Wpf.Ui.servoStudio\servoStudio_wjhet5xd_wpftmp.csproj]
C:\UserWorx\VSWorx\ServoStudio\wpfui-servoStudio\samples\Wpf.Ui.servoStudio\Core\CANopen\Adapters\PcanBasicCanBus.cs(226,39): warning IDE0055: 淇鏍煎紡 (https://learn.microsoft.com/dotnet/fundamentals/code-analysis/style-rules/ide0055) [C:\UserWorx\VSWorx\ServoStudio\wpfui-servoStudio\samples\Wpf.Ui.servoStudio\servoStudio_wjhet5xd_wpftmp.csproj]
C:\UserWorx\VSWorx\ServoStudio\wpfui-servoStudio\samples\Wpf.Ui.servoStudio\Core\CANopen\Adapters\PcanBasicCanBus.cs(227,39): warning IDE0055: 淇鏍煎紡 (https://learn.microsoft.com/dotnet/fundamentals/code-analysis/style-rules/ide0055) [C:\UserWorx\VSWorx\ServoStudio\wpfui-servoStudio\samples\Wpf.Ui.servoStudio\servoStudio_wjhet5xd_wpftmp.csproj]
C:\UserWorx\VSWorx\ServoStudio\wpfui-servoStudio\samples\Wpf.Ui.servoStudio\Core\CANopen\Adapters\PcanBasicCanBus.cs(228,39): warning IDE0055: 淇鏍煎紡 (https://learn.microsoft.com/dotnet/fundamentals/code-analysis/style-rules/ide0055) [C:\UserWorx\VSWorx\ServoStudio\wpfui-servoStudio\samples\Wpf.Ui.servoStudio\servoStudio_wjhet5xd_wpftmp.csproj]
C:\UserWorx\VSWorx\ServoStudio\wpfui-servoStudio\samples\Wpf.Ui.servoStudio\Core\CANopen\Adapters\PcanBasicCanBus.cs(232,40): warning IDE0055: 淇鏍煎紡 (https://learn.microsoft.com/dotnet/fundamentals/code-analysis/style-rules/ide0055) [C:\UserWorx\VSWorx\ServoStudio\wpfui-servoStudio\samples\Wpf.Ui.servoStudio\servoStudio_wjhet5xd_wpftmp.csproj]
C:\UserWorx\VSWorx\ServoStudio\wpfui-servoStudio\samples\Wpf.Ui.servoStudio\Core\CANopen\Adapters\PcanBasicCanBus.cs(236,37): warning IDE0055: 淇鏍煎紡 (https://learn.microsoft.com/dotnet/fundamentals/code-analysis/style-rules/ide0055) [C:\UserWorx\VSWorx\ServoStudio\wpfui-servoStudio\samples\Wpf.Ui.servoStudio\servoStudio_wjhet5xd_wpftmp.csproj]
C:\UserWorx\VSWorx\ServoStudio\wpfui-servoStudio\samples\Wpf.Ui.servoStudio\Core\CANopen\Adapters\PcanBasicCanBus.cs(237,44): warning IDE0055: 淇鏍煎紡 (https://learn.microsoft.com/dotnet/fundamentals/code-analysis/style-rules/ide0055) [C:\UserWorx\VSWorx\ServoStudio\wpfui-servoStudio\samples\Wpf.Ui.servoStudio\servoStudio_wjhet5xd_wpftmp.csproj]
C:\UserWorx\VSWorx\ServoStudio\wpfui-servoStudio\samples\Wpf.Ui.servoStudio\Core\CANopen\Adapters\PcanBasicCanBus.cs(64,13): warning IDE2003: 鍧椾笌鍚庣画璇彞涔嬮棿闇€瑕佹湁绌虹櫧琛?(https://learn.microsoft.com/dotnet/fundamentals/code-analysis/style-rules/ide2003) [C:\UserWorx\VSWorx\ServoStudio\wpfui-servoStudio\samples\Wpf.Ui.servoStudio\servoStudio_wjhet5xd_wpftmp.csproj]
C:\UserWorx\VSWorx\ServoStudio\wpfui-servoStudio\samples\Wpf.Ui.servoStudio\Core\CANopen\Adapters\PcanBasicCanBus.cs(82,80): warning IDE2003: 鍧椾笌鍚庣画璇彞涔嬮棿闇€瑕佹湁绌虹櫧琛?(https://learn.microsoft.com/dotnet/fundamentals/code-analysis/style-rules/ide2003) [C:\UserWorx\VSWorx\ServoStudio\wpfui-servoStudio\samples\Wpf.Ui.servoStudio\servoStudio_wjhet5xd_wpftmp.csproj]
C:\UserWorx\VSWorx\ServoStudio\wpfui-servoStudio\samples\Wpf.Ui.servoStudio\Core\CANopen\Adapters\PcanBasicCanBus.cs(140,17): warning IDE2003: 鍧椾笌鍚庣画璇彞涔嬮棿闇€瑕佹湁绌虹櫧琛?(https://learn.microsoft.com/dotnet/fundamentals/code-analysis/style-rules/ide2003) [C:\UserWorx\VSWorx\ServoStudio\wpfui-servoStudio\samples\Wpf.Ui.servoStudio\servoStudio_wjhet5xd_wpftmp.csproj]
C:\UserWorx\VSWorx\ServoStudio\wpfui-servoStudio\samples\Wpf.Ui.servoStudio\Services\UsbDeviceWatcher.cs(28,21): warning CA1060: 灏?pinvoke 绉诲埌鏈満鏂规硶绫?(https://learn.microsoft.com/dotnet/fundamentals/code-analysis/quality-rules/ca1060) [C:\UserWorx\VSWorx\ServoStudio\wpfui-servoStudio\samples\Wpf.Ui.servoStudio\servoStudio_wjhet5xd_wpftmp.csproj]
C:\UserWorx\VSWorx\ServoStudio\wpfui-servoStudio\samples\Wpf.Ui.servoStudio\Core\CANopen\Adapters\ToomossCanBus.cs(27,30): warning IDE0055: 淇鏍煎紡 (https://learn.microsoft.com/dotnet/fundamentals/code-analysis/style-rules/ide0055) [C:\UserWorx\VSWorx\ServoStudio\wpfui-servoStudio\samples\Wpf.Ui.servoStudio\servoStudio_wjhet5xd_wpftmp.csproj]
C:\UserWorx\VSWorx\ServoStudio\wpfui-servoStudio\samples\Wpf.Ui.servoStudio\Core\CANopen\Adapters\ToomossCanBus.cs(27,32): warning IDE0055: 淇鏍煎紡 (https://learn.microsoft.com/dotnet/fundamentals/code-analysis/style-rules/ide0055) [C:\UserWorx\VSWorx\ServoStudio\wpfui-servoStudio\samples\Wpf.Ui.servoStudio\servoStudio_wjhet5xd_wpftmp.csproj]
C:\UserWorx\VSWorx\ServoStudio\wpfui-servoStudio\samples\Wpf.Ui.servoStudio\Core\CANopen\Adapters\ToomossCanBus.cs(27,42): warning IDE0055: 淇鏍煎紡 (https://learn.microsoft.com/dotnet/fundamentals/code-analysis/style-rules/ide0055) [C:\UserWorx\VSWorx\ServoStudio\wpfui-servoStudio\samples\Wpf.Ui.servoStudio\servoStudio_wjhet5xd_wpftmp.csproj]
C:\UserWorx\VSWorx\ServoStudio\wpfui-servoStudio\samples\Wpf.Ui.servoStudio\Core\CANopen\Adapters\ToomossCanBus.cs(30,25): warning IDE0055: 淇鏍煎紡 (https://learn.microsoft.com/dotnet/fundamentals/code-analysis/style-rules/ide0055) [C:\UserWorx\VSWorx\ServoStudio\wpfui-servoStudio\samples\Wpf.Ui.servoStudio\servoStudio_wjhet5xd_wpftmp.csproj]
C:\UserWorx\VSWorx\ServoStudio\wpfui-servoStudio\samples\Wpf.Ui.servoStudio\Core\CANopen\Adapters\ToomossCanBus.cs(30,27): warning IDE0055: 淇鏍煎紡 (https://learn.microsoft.com/dotnet/fundamentals/code-analysis/style-rules/ide0055) [C:\UserWorx\VSWorx\ServoStudio\wpfui-servoStudio\samples\Wpf.Ui.servoStudio\servoStudio_wjhet5xd_wpftmp.csproj]
C:\UserWorx\VSWorx\ServoStudio\wpfui-servoStudio\samples\Wpf.Ui.servoStudio\Core\CANopen\Adapters\ToomossCanBus.cs(30,37): warning IDE0055: 淇鏍煎紡 (https://learn.microsoft.com/dotnet/fundamentals/code-analysis/style-rules/ide0055) [C:\UserWorx\VSWorx\ServoStudio\wpfui-servoStudio\samples\Wpf.Ui.servoStudio\servoStudio_wjhet5xd_wpftmp.csproj]
C:\UserWorx\VSWorx\ServoStudio\wpfui-servoStudio\samples\Wpf.Ui.servoStudio\Core\CANopen\Adapters\ToomossCanBus.cs(32,23): warning IDE0055: 淇鏍煎紡 (https://learn.microsoft.com/dotnet/fundamentals/code-analysis/style-rules/ide0055) [C:\UserWorx\VSWorx\ServoStudio\wpfui-servoStudio\samples\Wpf.Ui.servoStudio\servoStudio_wjhet5xd_wpftmp.csproj]
C:\UserWorx\VSWorx\ServoStudio\wpfui-servoStudio\samples\Wpf.Ui.servoStudio\Core\CANopen\Adapters\ToomossCanBus.cs(32,25): warning IDE0055: 淇鏍煎紡 (https://learn.microsoft.com/dotnet/fundamentals/code-analysis/style-rules/ide0055) [C:\UserWorx\VSWorx\ServoStudio\wpfui-servoStudio\samples\Wpf.Ui.servoStudio\servoStudio_wjhet5xd_wpftmp.csproj]
C:\UserWorx\VSWorx\ServoStudio\wpfui-servoStudio\samples\Wpf.Ui.servoStudio\Core\CANopen\Adapters\ToomossCanBus.cs(32,43): warning IDE0055: 淇鏍煎紡 (https://learn.microsoft.com/dotnet/fundamentals/code-analysis/style-rules/ide0055) [C:\UserWorx\VSWorx\ServoStudio\wpfui-servoStudio\samples\Wpf.Ui.servoStudio\servoStudio_wjhet5xd_wpftmp.csproj]
C:\UserWorx\VSWorx\ServoStudio\wpfui-servoStudio\samples\Wpf.Ui.servoStudio\Core\CANopen\Adapters\ToomossCanBus.cs(37,27): warning IDE0055: 淇鏍煎紡 (https://learn.microsoft.com/dotnet/fundamentals/code-analysis/style-rules/ide0055) [C:\UserWorx\VSWorx\ServoStudio\wpfui-servoStudio\samples\Wpf.Ui.servoStudio\servoStudio_wjhet5xd_wpftmp.csproj]
C:\UserWorx\VSWorx\ServoStudio\wpfui-servoStudio\samples\Wpf.Ui.servoStudio\Core\CANopen\Adapters\ToomossCanBus.cs(37,29): warning IDE0055: 淇鏍煎紡 (https://learn.microsoft.com/dotnet/fundamentals/code-analysis/style-rules/ide0055) [C:\UserWorx\VSWorx\ServoStudio\wpfui-servoStudio\samples\Wpf.Ui.servoStudio\servoStudio_wjhet5xd_wpftmp.csproj]
C:\UserWorx\VSWorx\ServoStudio\wpfui-servoStudio\samples\Wpf.Ui.servoStudio\Core\CANopen\Adapters\ToomossCanBus.cs(57,28): warning IDE0055: 淇鏍煎紡 (https://learn.microsoft.com/dotnet/fundamentals/code-analysis/style-rules/ide0055) [C:\UserWorx\VSWorx\ServoStudio\wpfui-servoStudio\samples\Wpf.Ui.servoStudio\servoStudio_wjhet5xd_wpftmp.csproj]
C:\UserWorx\VSWorx\ServoStudio\wpfui-servoStudio\samples\Wpf.Ui.servoStudio\Core\CANopen\Adapters\ToomossCanBus.cs(57,30): warning IDE0055: 淇鏍煎紡 (https://learn.microsoft.com/dotnet/fundamentals/code-analysis/style-rules/ide0055) [C:\UserWorx\VSWorx\ServoStudio\wpfui-servoStudio\samples\Wpf.Ui.servoStudio\servoStudio_wjhet5xd_wpftmp.csproj]
C:\UserWorx\VSWorx\ServoStudio\wpfui-servoStudio\samples\Wpf.Ui.servoStudio\Core\CANopen\Adapters\ToomossCanBus.cs(57,66): warning IDE0055: 淇鏍煎紡 (https://learn.microsoft.com/dotnet/fundamentals/code-analysis/style-rules/ide0055) [C:\UserWorx\VSWorx\ServoStudio\wpfui-servoStudio\samples\Wpf.Ui.servoStudio\servoStudio_wjhet5xd_wpftmp.csproj]
C:\UserWorx\VSWorx\ServoStudio\wpfui-servoStudio\samples\Wpf.Ui.servoStudio\Core\CANopen\Adapters\ToomossCanBus.cs(57,80): warning IDE0055: 淇鏍煎紡 (https://learn.microsoft.com/dotnet/fundamentals/code-analysis/style-rules/ide0055) [C:\UserWorx\VSWorx\ServoStudio\wpfui-servoStudio\samples\Wpf.Ui.servoStudio\servoStudio_wjhet5xd_wpftmp.csproj]
C:\UserWorx\VSWorx\ServoStudio\wpfui-servoStudio\samples\Wpf.Ui.servoStudio\Core\CANopen\Adapters\ToomossCanBus.cs(91,75): warning IDE0055: 淇鏍煎紡 (https://learn.microsoft.com/dotnet/fundamentals/code-analysis/style-rules/ide0055) [C:\UserWorx\VSWorx\ServoStudio\wpfui-servoStudio\samples\Wpf.Ui.servoStudio\servoStudio_wjhet5xd_wpftmp.csproj]
C:\UserWorx\VSWorx\ServoStudio\wpfui-servoStudio\samples\Wpf.Ui.servoStudio\Core\CANopen\Adapters\ToomossCanBus.cs(91,91): warning IDE0055: 淇鏍煎紡 (https://learn.microsoft.com/dotnet/fundamentals/code-analysis/style-rules/ide0055) [C:\UserWorx\VSWorx\ServoStudio\wpfui-servoStudio\samples\Wpf.Ui.servoStudio\servoStudio_wjhet5xd_wpftmp.csproj]
C:\UserWorx\VSWorx\ServoStudio\wpfui-servoStudio\samples\Wpf.Ui.servoStudio\Core\CANopen\Adapters\ToomossCanBus.cs(213,30): warning IDE0055: 淇鏍煎紡 (https://learn.microsoft.com/dotnet/fundamentals/code-analysis/style-rules/ide0055) [C:\UserWorx\VSWorx\ServoStudio\wpfui-servoStudio\samples\Wpf.Ui.servoStudio\servoStudio_wjhet5xd_wpftmp.csproj]
C:\UserWorx\VSWorx\ServoStudio\wpfui-servoStudio\samples\Wpf.Ui.servoStudio\Core\CANopen\Adapters\ToomossCanBus.cs(214,30): warning IDE0055: 淇鏍煎紡 (https://learn.microsoft.com/dotnet/fundamentals/code-analysis/style-rules/ide0055) [C:\UserWorx\VSWorx\ServoStudio\wpfui-servoStudio\samples\Wpf.Ui.servoStudio\servoStudio_wjhet5xd_wpftmp.csproj]
C:\UserWorx\VSWorx\ServoStudio\wpfui-servoStudio\samples\Wpf.Ui.servoStudio\Core\CANopen\Adapters\ToomossCanBus.cs(215,30): warning IDE0055: 淇鏍煎紡 (https://learn.microsoft.com/dotnet/fundamentals/code-analysis/style-rules/ide0055) [C:\UserWorx\VSWorx\ServoStudio\wpfui-servoStudio\samples\Wpf.Ui.servoStudio\servoStudio_wjhet5xd_wpftmp.csproj]
C:\UserWorx\VSWorx\ServoStudio\wpfui-servoStudio\samples\Wpf.Ui.servoStudio\Core\CANopen\Adapters\ToomossCanBus.cs(215,48): warning IDE0055: 淇鏍煎紡 (https://learn.microsoft.com/dotnet/fundamentals/code-analysis/style-rules/ide0055) [C:\UserWorx\VSWorx\ServoStudio\wpfui-servoStudio\samples\Wpf.Ui.servoStudio\servoStudio_wjhet5xd_wpftmp.csproj]
C:\UserWorx\VSWorx\ServoStudio\wpfui-servoStudio\samples\Wpf.Ui.servoStudio\Core\CANopen\Adapters\ToomossCanBus.cs(216,31): warning IDE0055: 淇鏍煎紡 (https://learn.microsoft.com/dotnet/fundamentals/code-analysis/style-rules/ide0055) [C:\UserWorx\VSWorx\ServoStudio\wpfui-servoStudio\samples\Wpf.Ui.servoStudio\servoStudio_wjhet5xd_wpftmp.csproj]
C:\UserWorx\VSWorx\ServoStudio\wpfui-servoStudio\samples\Wpf.Ui.servoStudio\Core\CANopen\Adapters\ToomossCanBus.cs(216,48): warning IDE0055: 淇鏍煎紡 (https://learn.microsoft.com/dotnet/fundamentals/code-analysis/style-rules/ide0055) [C:\UserWorx\VSWorx\ServoStudio\wpfui-servoStudio\samples\Wpf.Ui.servoStudio\servoStudio_wjhet5xd_wpftmp.csproj]
C:\UserWorx\VSWorx\ServoStudio\wpfui-servoStudio\samples\Wpf.Ui.servoStudio\Core\CANopen\Adapters\ToomossCanBus.cs(217,31): warning IDE0055: 淇鏍煎紡 (https://learn.microsoft.com/dotnet/fundamentals/code-analysis/style-rules/ide0055) [C:\UserWorx\VSWorx\ServoStudio\wpfui-servoStudio\samples\Wpf.Ui.servoStudio\servoStudio_wjhet5xd_wpftmp.csproj]
C:\UserWorx\VSWorx\ServoStudio\wpfui-servoStudio\samples\Wpf.Ui.servoStudio\Core\CANopen\Adapters\ToomossCanBus.cs(217,48): warning IDE0055: 淇鏍煎紡 (https://learn.microsoft.com/dotnet/fundamentals/code-analysis/style-rules/ide0055) [C:\UserWorx\VSWorx\ServoStudio\wpfui-servoStudio\samples\Wpf.Ui.servoStudio\servoStudio_wjhet5xd_wpftmp.csproj]
C:\UserWorx\VSWorx\ServoStudio\wpfui-servoStudio\samples\Wpf.Ui.servoStudio\Core\CANopen\Adapters\ToomossCanBus.cs(218,31): warning IDE0055: 淇鏍煎紡 (https://learn.microsoft.com/dotnet/fundamentals/code-analysis/style-rules/ide0055) [C:\UserWorx\VSWorx\ServoStudio\wpfui-servoStudio\samples\Wpf.Ui.servoStudio\servoStudio_wjhet5xd_wpftmp.csproj]
C:\UserWorx\VSWorx\ServoStudio\wpfui-servoStudio\samples\Wpf.Ui.servoStudio\Core\CANopen\Adapters\ToomossCanBus.cs(218,48): warning IDE0055: 淇鏍煎紡 (https://learn.microsoft.com/dotnet/fundamentals/code-analysis/style-rules/ide0055) [C:\UserWorx\VSWorx\ServoStudio\wpfui-servoStudio\samples\Wpf.Ui.servoStudio\servoStudio_wjhet5xd_wpftmp.csproj]
C:\UserWorx\VSWorx\ServoStudio\wpfui-servoStudio\samples\Wpf.Ui.servoStudio\Core\CANopen\Adapters\ToomossCanBus.cs(219,31): warning IDE0055: 淇鏍煎紡 (https://learn.microsoft.com/dotnet/fundamentals/code-analysis/style-rules/ide0055) [C:\UserWorx\VSWorx\ServoStudio\wpfui-servoStudio\samples\Wpf.Ui.servoStudio\servoStudio_wjhet5xd_wpftmp.csproj]
C:\UserWorx\VSWorx\ServoStudio\wpfui-servoStudio\samples\Wpf.Ui.servoStudio\Core\CANopen\Adapters\ToomossCanBus.cs(219,47): warning IDE0055: 淇鏍煎紡 (https://learn.microsoft.com/dotnet/fundamentals/code-analysis/style-rules/ide0055) [C:\UserWorx\VSWorx\ServoStudio\wpfui-servoStudio\samples\Wpf.Ui.servoStudio\servoStudio_wjhet5xd_wpftmp.csproj]
C:\UserWorx\VSWorx\ServoStudio\wpfui-servoStudio\samples\Wpf.Ui.servoStudio\Core\CANopen\Adapters\ToomossCanBus.cs(220,31): warning IDE0055: 淇鏍煎紡 (https://learn.microsoft.com/dotnet/fundamentals/code-analysis/style-rules/ide0055) [C:\UserWorx\VSWorx\ServoStudio\wpfui-servoStudio\samples\Wpf.Ui.servoStudio\servoStudio_wjhet5xd_wpftmp.csproj]
C:\UserWorx\VSWorx\ServoStudio\wpfui-servoStudio\samples\Wpf.Ui.servoStudio\Core\CANopen\Adapters\ToomossCanBus.cs(220,47): warning IDE0055: 淇鏍煎紡 (https://learn.microsoft.com/dotnet/fundamentals/code-analysis/style-rules/ide0055) [C:\UserWorx\VSWorx\ServoStudio\wpfui-servoStudio\samples\Wpf.Ui.servoStudio\servoStudio_wjhet5xd_wpftmp.csproj]
C:\UserWorx\VSWorx\ServoStudio\wpfui-servoStudio\samples\Wpf.Ui.servoStudio\Core\CANopen\Adapters\ToomossCanBus.cs(221,47): warning IDE0055: 淇鏍煎紡 (https://learn.microsoft.com/dotnet/fundamentals/code-analysis/style-rules/ide0055) [C:\UserWorx\VSWorx\ServoStudio\wpfui-servoStudio\samples\Wpf.Ui.servoStudio\servoStudio_wjhet5xd_wpftmp.csproj]
C:\UserWorx\VSWorx\ServoStudio\wpfui-servoStudio\samples\Wpf.Ui.servoStudio\Core\CANopen\Adapters\ToomossCanBus.cs(232,12): warning IDE0055: 淇鏍煎紡 (https://learn.microsoft.com/dotnet/fundamentals/code-analysis/style-rules/ide0055) [C:\UserWorx\VSWorx\ServoStudio\wpfui-servoStudio\samples\Wpf.Ui.servoStudio\servoStudio_wjhet5xd_wpftmp.csproj]
C:\UserWorx\VSWorx\ServoStudio\wpfui-servoStudio\samples\Wpf.Ui.servoStudio\Core\CANopen\Adapters\ToomossCanBus.cs(232,14): warning IDE0055: 淇鏍煎紡 (https://learn.microsoft.com/dotnet/fundamentals/code-analysis/style-rules/ide0055) [C:\UserWorx\VSWorx\ServoStudio\wpfui-servoStudio\samples\Wpf.Ui.servoStudio\servoStudio_wjhet5xd_wpftmp.csproj]
C:\UserWorx\VSWorx\ServoStudio\wpfui-servoStudio\samples\Wpf.Ui.servoStudio\Core\CANopen\Adapters\ToomossCanBus.cs(232,77): warning IDE0055: 淇鏍煎紡 (https://learn.microsoft.com/dotnet/fundamentals/code-analysis/style-rules/ide0055) [C:\UserWorx\VSWorx\ServoStudio\wpfui-servoStudio\samples\Wpf.Ui.servoStudio\servoStudio_wjhet5xd_wpftmp.csproj]
C:\UserWorx\VSWorx\ServoStudio\wpfui-servoStudio\samples\Wpf.Ui.servoStudio\Core\CANopen\Adapters\ToomossCanBus.cs(57,81): warning IDE2003: 鍧椾笌鍚庣画璇彞涔嬮棿闇€瑕佹湁绌虹櫧琛?(https://learn.microsoft.com/dotnet/fundamentals/code-analysis/style-rules/ide2003) [C:\UserWorx\VSWorx\ServoStudio\wpfui-servoStudio\samples\Wpf.Ui.servoStudio\servoStudio_wjhet5xd_wpftmp.csproj]
C:\UserWorx\VSWorx\ServoStudio\wpfui-servoStudio\samples\Wpf.Ui.servoStudio\Core\CANopen\Adapters\ToomossCanBus.cs(185,58): warning IDE2003: 鍧椾笌鍚庣画璇彞涔嬮棿闇€瑕佹湁绌虹櫧琛?(https://learn.microsoft.com/dotnet/fundamentals/code-analysis/style-rules/ide2003) [C:\UserWorx\VSWorx\ServoStudio\wpfui-servoStudio\samples\Wpf.Ui.servoStudio\servoStudio_wjhet5xd_wpftmp.csproj]
C:\UserWorx\VSWorx\ServoStudio\wpfui-servoStudio\samples\Wpf.Ui.servoStudio\Core\CANopen\Adapters\ZlgCanBus.cs(449,23): warning CA1060: 灏?pinvoke 绉诲埌鏈満鏂规硶绫?(https://learn.microsoft.com/dotnet/fundamentals/code-analysis/quality-rules/ca1060) [C:\UserWorx\VSWorx\ServoStudio\wpfui-servoStudio\samples\Wpf.Ui.servoStudio\servoStudio_wjhet5xd_wpftmp.csproj]
C:\UserWorx\VSWorx\ServoStudio\wpfui-servoStudio\samples\Wpf.Ui.servoStudio\Core\CANopen\Adapters\ZlgCanBus.cs(26,28): warning IDE0055: 淇鏍煎紡 (https://learn.microsoft.com/dotnet/fundamentals/code-analysis/style-rules/ide0055) [C:\UserWorx\VSWorx\ServoStudio\wpfui-servoStudio\samples\Wpf.Ui.servoStudio\servoStudio_wjhet5xd_wpftmp.csproj]
C:\UserWorx\VSWorx\ServoStudio\wpfui-servoStudio\samples\Wpf.Ui.servoStudio\Core\CANopen\Adapters\ZlgCanBus.cs(26,30): warning IDE0055: 淇鏍煎紡 (https://learn.microsoft.com/dotnet/fundamentals/code-analysis/style-rules/ide0055) [C:\UserWorx\VSWorx\ServoStudio\wpfui-servoStudio\samples\Wpf.Ui.servoStudio\servoStudio_wjhet5xd_wpftmp.csproj]
C:\UserWorx\VSWorx\ServoStudio\wpfui-servoStudio\samples\Wpf.Ui.servoStudio\Core\CANopen\Adapters\ZlgCanBus.cs(26,40): warning IDE0055: 淇鏍煎紡 (https://learn.microsoft.com/dotnet/fundamentals/code-analysis/style-rules/ide0055) [C:\UserWorx\VSWorx\ServoStudio\wpfui-servoStudio\samples\Wpf.Ui.servoStudio\servoStudio_wjhet5xd_wpftmp.csproj]
C:\UserWorx\VSWorx\ServoStudio\wpfui-servoStudio\samples\Wpf.Ui.servoStudio\Core\CANopen\Adapters\ZlgCanBus.cs(29,24): warning IDE0055: 淇鏍煎紡 (https://learn.microsoft.com/dotnet/fundamentals/code-analysis/style-rules/ide0055) [C:\UserWorx\VSWorx\ServoStudio\wpfui-servoStudio\samples\Wpf.Ui.servoStudio\servoStudio_wjhet5xd_wpftmp.csproj]
C:\UserWorx\VSWorx\ServoStudio\wpfui-servoStudio\samples\Wpf.Ui.servoStudio\Core\CANopen\Adapters\ZlgCanBus.cs(29,26): warning IDE0055: 淇鏍煎紡 (https://learn.microsoft.com/dotnet/fundamentals/code-analysis/style-rules/ide0055) [C:\UserWorx\VSWorx\ServoStudio\wpfui-servoStudio\samples\Wpf.Ui.servoStudio\servoStudio_wjhet5xd_wpftmp.csproj]
C:\UserWorx\VSWorx\ServoStudio\wpfui-servoStudio\samples\Wpf.Ui.servoStudio\Core\CANopen\Adapters\ZlgCanBus.cs(29,36): warning IDE0055: 淇鏍煎紡 (https://learn.microsoft.com/dotnet/fundamentals/code-analysis/style-rules/ide0055) [C:\UserWorx\VSWorx\ServoStudio\wpfui-servoStudio\samples\Wpf.Ui.servoStudio\servoStudio_wjhet5xd_wpftmp.csproj]
C:\UserWorx\VSWorx\ServoStudio\wpfui-servoStudio\samples\Wpf.Ui.servoStudio\Core\CANopen\Adapters\ZlgCanBus.cs(31,23): warning IDE0055: 淇鏍煎紡 (https://learn.microsoft.com/dotnet/fundamentals/code-analysis/style-rules/ide0055) [C:\UserWorx\VSWorx\ServoStudio\wpfui-servoStudio\samples\Wpf.Ui.servoStudio\servoStudio_wjhet5xd_wpftmp.csproj]
C:\UserWorx\VSWorx\ServoStudio\wpfui-servoStudio\samples\Wpf.Ui.servoStudio\Core\CANopen\Adapters\ZlgCanBus.cs(31,25): warning IDE0055: 淇鏍煎紡 (https://learn.microsoft.com/dotnet/fundamentals/code-analysis/style-rules/ide0055) [C:\UserWorx\VSWorx\ServoStudio\wpfui-servoStudio\samples\Wpf.Ui.servoStudio\servoStudio_wjhet5xd_wpftmp.csproj]
C:\UserWorx\VSWorx\ServoStudio\wpfui-servoStudio\samples\Wpf.Ui.servoStudio\Core\CANopen\Adapters\ZlgCanBus.cs(31,43): warning IDE0055: 淇鏍煎紡 (https://learn.microsoft.com/dotnet/fundamentals/code-analysis/style-rules/ide0055) [C:\UserWorx\VSWorx\ServoStudio\wpfui-servoStudio\samples\Wpf.Ui.servoStudio\servoStudio_wjhet5xd_wpftmp.csproj]
C:\UserWorx\VSWorx\ServoStudio\wpfui-servoStudio\samples\Wpf.Ui.servoStudio\Core\CANopen\Adapters\ZlgCanBus.cs(37,23): warning IDE0055: 淇鏍煎紡 (https://learn.microsoft.com/dotnet/fundamentals/code-analysis/style-rules/ide0055) [C:\UserWorx\VSWorx\ServoStudio\wpfui-servoStudio\samples\Wpf.Ui.servoStudio\servoStudio_wjhet5xd_wpftmp.csproj]
C:\UserWorx\VSWorx\ServoStudio\wpfui-servoStudio\samples\Wpf.Ui.servoStudio\Core\CANopen\Adapters\ZlgCanBus.cs(37,25): warning IDE0055: 淇鏍煎紡 (https://learn.microsoft.com/dotnet/fundamentals/code-analysis/style-rules/ide0055) [C:\UserWorx\VSWorx\ServoStudio\wpfui-servoStudio\samples\Wpf.Ui.servoStudio\servoStudio_wjhet5xd_wpftmp.csproj]
C:\UserWorx\VSWorx\ServoStudio\wpfui-servoStudio\samples\Wpf.Ui.servoStudio\Core\CANopen\Adapters\ZlgCanBus.cs(59,16): warning IDE0055: 淇鏍煎紡 (https://learn.microsoft.com/dotnet/fundamentals/code-analysis/style-rules/ide0055) [C:\UserWorx\VSWorx\ServoStudio\wpfui-servoStudio\samples\Wpf.Ui.servoStudio\servoStudio_wjhet5xd_wpftmp.csproj]
C:\UserWorx\VSWorx\ServoStudio\wpfui-servoStudio\samples\Wpf.Ui.servoStudio\Core\CANopen\Adapters\ZlgCanBus.cs(59,18): warning IDE0055: 淇鏍煎紡 (https://learn.microsoft.com/dotnet/fundamentals/code-analysis/style-rules/ide0055) [C:\UserWorx\VSWorx\ServoStudio\wpfui-servoStudio\samples\Wpf.Ui.servoStudio\servoStudio_wjhet5xd_wpftmp.csproj]
C:\UserWorx\VSWorx\ServoStudio\wpfui-servoStudio\samples\Wpf.Ui.servoStudio\Core\CANopen\Adapters\ZlgCanBus.cs(59,65): warning IDE0055: 淇鏍煎紡 (https://learn.microsoft.com/dotnet/fundamentals/code-analysis/style-rules/ide0055) [C:\UserWorx\VSWorx\ServoStudio\wpfui-servoStudio\samples\Wpf.Ui.servoStudio\servoStudio_wjhet5xd_wpftmp.csproj]
C:\UserWorx\VSWorx\ServoStudio\wpfui-servoStudio\samples\Wpf.Ui.servoStudio\Core\CANopen\Adapters\ZlgCanBus.cs(59,104): warning IDE0055: 淇鏍煎紡 (https://learn.microsoft.com/dotnet/fundamentals/code-analysis/style-rules/ide0055) [C:\UserWorx\VSWorx\ServoStudio\wpfui-servoStudio\samples\Wpf.Ui.servoStudio\servoStudio_wjhet5xd_wpftmp.csproj]
C:\UserWorx\VSWorx\ServoStudio\wpfui-servoStudio\samples\Wpf.Ui.servoStudio\Core\CANopen\Adapters\ZlgCanBus.cs(114,41): warning IDE0055: 淇鏍煎紡 (https://learn.microsoft.com/dotnet/fundamentals/code-analysis/style-rules/ide0055) [C:\UserWorx\VSWorx\ServoStudio\wpfui-servoStudio\samples\Wpf.Ui.servoStudio\servoStudio_wjhet5xd_wpftmp.csproj]
C:\UserWorx\VSWorx\ServoStudio\wpfui-servoStudio\samples\Wpf.Ui.servoStudio\Core\CANopen\Adapters\ZlgCanBus.cs(114,43): warning IDE0055: 淇鏍煎紡 (https://learn.microsoft.com/dotnet/fundamentals/code-analysis/style-rules/ide0055) [C:\UserWorx\VSWorx\ServoStudio\wpfui-servoStudio\samples\Wpf.Ui.servoStudio\servoStudio_wjhet5xd_wpftmp.csproj]
C:\UserWorx\VSWorx\ServoStudio\wpfui-servoStudio\samples\Wpf.Ui.servoStudio\Core\CANopen\Adapters\ZlgCanBus.cs(114,52): warning IDE0055: 淇鏍煎紡 (https://learn.microsoft.com/dotnet/fundamentals/code-analysis/style-rules/ide0055) [C:\UserWorx\VSWorx\ServoStudio\wpfui-servoStudio\samples\Wpf.Ui.servoStudio\servoStudio_wjhet5xd_wpftmp.csproj]
C:\UserWorx\VSWorx\ServoStudio\wpfui-servoStudio\samples\Wpf.Ui.servoStudio\Core\CANopen\Adapters\ZlgCanBus.cs(114,66): warning IDE0055: 淇鏍煎紡 (https://learn.microsoft.com/dotnet/fundamentals/code-analysis/style-rules/ide0055) [C:\UserWorx\VSWorx\ServoStudio\wpfui-servoStudio\samples\Wpf.Ui.servoStudio\servoStudio_wjhet5xd_wpftmp.csproj]
C:\UserWorx\VSWorx\ServoStudio\wpfui-servoStudio\samples\Wpf.Ui.servoStudio\Core\CANopen\Adapters\ZlgCanBus.cs(116,59): warning IDE0055: 淇鏍煎紡 (https://learn.microsoft.com/dotnet/fundamentals/code-analysis/style-rules/ide0055) [C:\UserWorx\VSWorx\ServoStudio\wpfui-servoStudio\samples\Wpf.Ui.servoStudio\servoStudio_wjhet5xd_wpftmp.csproj]
C:\UserWorx\VSWorx\ServoStudio\wpfui-servoStudio\samples\Wpf.Ui.servoStudio\Core\CANopen\Adapters\ZlgCanBus.cs(116,61): warning IDE0055: 淇鏍煎紡 (https://learn.microsoft.com/dotnet/fundamentals/code-analysis/style-rules/ide0055) [C:\UserWorx\VSWorx\ServoStudio\wpfui-servoStudio\samples\Wpf.Ui.servoStudio\servoStudio_wjhet5xd_wpftmp.csproj]
C:\UserWorx\VSWorx\ServoStudio\wpfui-servoStudio\samples\Wpf.Ui.servoStudio\Core\CANopen\Adapters\ZlgCanBus.cs(116,70): warning IDE0055: 淇鏍煎紡 (https://learn.microsoft.com/dotnet/fundamentals/code-analysis/style-rules/ide0055) [C:\UserWorx\VSWorx\ServoStudio\wpfui-servoStudio\samples\Wpf.Ui.servoStudio\servoStudio_wjhet5xd_wpftmp.csproj]
C:\UserWorx\VSWorx\ServoStudio\wpfui-servoStudio\samples\Wpf.Ui.servoStudio\Core\CANopen\Adapters\ZlgCanBus.cs(116,84): warning IDE0055: 淇鏍煎紡 (https://learn.microsoft.com/dotnet/fundamentals/code-analysis/style-rules/ide0055) [C:\UserWorx\VSWorx\ServoStudio\wpfui-servoStudio\samples\Wpf.Ui.servoStudio\servoStudio_wjhet5xd_wpftmp.csproj]
C:\UserWorx\VSWorx\ServoStudio\wpfui-servoStudio\samples\Wpf.Ui.servoStudio\Core\CANopen\Adapters\ZlgCanBus.cs(131,20): warning IDE0055: 淇鏍煎紡 (https://learn.microsoft.com/dotnet/fundamentals/code-analysis/style-rules/ide0055) [C:\UserWorx\VSWorx\ServoStudio\wpfui-servoStudio\samples\Wpf.Ui.servoStudio\servoStudio_wjhet5xd_wpftmp.csproj]
C:\UserWorx\VSWorx\ServoStudio\wpfui-servoStudio\samples\Wpf.Ui.servoStudio\Core\CANopen\Adapters\ZlgCanBus.cs(131,22): warning IDE0055: 淇鏍煎紡 (https://learn.microsoft.com/dotnet/fundamentals/code-analysis/style-rules/ide0055) [C:\UserWorx\VSWorx\ServoStudio\wpfui-servoStudio\samples\Wpf.Ui.servoStudio\servoStudio_wjhet5xd_wpftmp.csproj]
C:\UserWorx\VSWorx\ServoStudio\wpfui-servoStudio\samples\Wpf.Ui.servoStudio\Core\CANopen\Adapters\ZlgCanBus.cs(131,66): warning IDE0055: 淇鏍煎紡 (https://learn.microsoft.com/dotnet/fundamentals/code-analysis/style-rules/ide0055) [C:\UserWorx\VSWorx\ServoStudio\wpfui-servoStudio\samples\Wpf.Ui.servoStudio\servoStudio_wjhet5xd_wpftmp.csproj]
C:\UserWorx\VSWorx\ServoStudio\wpfui-servoStudio\samples\Wpf.Ui.servoStudio\Core\CANopen\Adapters\ZlgCanBus.cs(131,68): warning IDE0055: 淇鏍煎紡 (https://learn.microsoft.com/dotnet/fundamentals/code-analysis/style-rules/ide0055) [C:\UserWorx\VSWorx\ServoStudio\wpfui-servoStudio\samples\Wpf.Ui.servoStudio\servoStudio_wjhet5xd_wpftmp.csproj]
C:\UserWorx\VSWorx\ServoStudio\wpfui-servoStudio\samples\Wpf.Ui.servoStudio\Core\CANopen\Adapters\ZlgCanBus.cs(172,27): warning IDE0055: 淇鏍煎紡 (https://learn.microsoft.com/dotnet/fundamentals/code-analysis/style-rules/ide0055) [C:\UserWorx\VSWorx\ServoStudio\wpfui-servoStudio\samples\Wpf.Ui.servoStudio\servoStudio_wjhet5xd_wpftmp.csproj]
C:\UserWorx\VSWorx\ServoStudio\wpfui-servoStudio\samples\Wpf.Ui.servoStudio\Core\CANopen\Adapters\ZlgCanBus.cs(172,39): warning IDE0055: 淇鏍煎紡 (https://learn.microsoft.com/dotnet/fundamentals/code-analysis/style-rules/ide0055) [C:\UserWorx\VSWorx\ServoStudio\wpfui-servoStudio\samples\Wpf.Ui.servoStudio\servoStudio_wjhet5xd_wpftmp.csproj]
C:\UserWorx\VSWorx\ServoStudio\wpfui-servoStudio\samples\Wpf.Ui.servoStudio\Core\CANopen\Adapters\ZlgCanBus.cs(249,30): warning IDE0055: 淇鏍煎紡 (https://learn.microsoft.com/dotnet/fundamentals/code-analysis/style-rules/ide0055) [C:\UserWorx\VSWorx\ServoStudio\wpfui-servoStudio\samples\Wpf.Ui.servoStudio\servoStudio_wjhet5xd_wpftmp.csproj]
C:\UserWorx\VSWorx\ServoStudio\wpfui-servoStudio\samples\Wpf.Ui.servoStudio\Core\CANopen\Adapters\ZlgCanBus.cs(250,30): warning IDE0055: 淇鏍煎紡 (https://learn.microsoft.com/dotnet/fundamentals/code-analysis/style-rules/ide0055) [C:\UserWorx\VSWorx\ServoStudio\wpfui-servoStudio\samples\Wpf.Ui.servoStudio\servoStudio_wjhet5xd_wpftmp.csproj]
C:\UserWorx\VSWorx\ServoStudio\wpfui-servoStudio\samples\Wpf.Ui.servoStudio\Core\CANopen\Adapters\ZlgCanBus.cs(251,30): warning IDE0055: 淇鏍煎紡 (https://learn.microsoft.com/dotnet/fundamentals/code-analysis/style-rules/ide0055) [C:\UserWorx\VSWorx\ServoStudio\wpfui-servoStudio\samples\Wpf.Ui.servoStudio\servoStudio_wjhet5xd_wpftmp.csproj]
C:\UserWorx\VSWorx\ServoStudio\wpfui-servoStudio\samples\Wpf.Ui.servoStudio\Core\CANopen\Adapters\ZlgCanBus.cs(252,31): warning IDE0055: 淇鏍煎紡 (https://learn.microsoft.com/dotnet/fundamentals/code-analysis/style-rules/ide0055) [C:\UserWorx\VSWorx\ServoStudio\wpfui-servoStudio\samples\Wpf.Ui.servoStudio\servoStudio_wjhet5xd_wpftmp.csproj]
C:\UserWorx\VSWorx\ServoStudio\wpfui-servoStudio\samples\Wpf.Ui.servoStudio\Core\CANopen\Adapters\ZlgCanBus.cs(253,31): warning IDE0055: 淇鏍煎紡 (https://learn.microsoft.com/dotnet/fundamentals/code-analysis/style-rules/ide0055) [C:\UserWorx\VSWorx\ServoStudio\wpfui-servoStudio\samples\Wpf.Ui.servoStudio\servoStudio_wjhet5xd_wpftmp.csproj]
C:\UserWorx\VSWorx\ServoStudio\wpfui-servoStudio\samples\Wpf.Ui.servoStudio\Core\CANopen\Adapters\ZlgCanBus.cs(254,31): warning IDE0055: 淇鏍煎紡 (https://learn.microsoft.com/dotnet/fundamentals/code-analysis/style-rules/ide0055) [C:\UserWorx\VSWorx\ServoStudio\wpfui-servoStudio\samples\Wpf.Ui.servoStudio\servoStudio_wjhet5xd_wpftmp.csproj]
C:\UserWorx\VSWorx\ServoStudio\wpfui-servoStudio\samples\Wpf.Ui.servoStudio\Core\CANopen\Adapters\ZlgCanBus.cs(255,31): warning IDE0055: 淇鏍煎紡 (https://learn.microsoft.com/dotnet/fundamentals/code-analysis/style-rules/ide0055) [C:\UserWorx\VSWorx\ServoStudio\wpfui-servoStudio\samples\Wpf.Ui.servoStudio\servoStudio_wjhet5xd_wpftmp.csproj]
C:\UserWorx\VSWorx\ServoStudio\wpfui-servoStudio\samples\Wpf.Ui.servoStudio\Core\CANopen\Adapters\ZlgCanBus.cs(256,31): warning IDE0055: 淇鏍煎紡 (https://learn.microsoft.com/dotnet/fundamentals/code-analysis/style-rules/ide0055) [C:\UserWorx\VSWorx\ServoStudio\wpfui-servoStudio\samples\Wpf.Ui.servoStudio\servoStudio_wjhet5xd_wpftmp.csproj]
C:\UserWorx\VSWorx\ServoStudio\wpfui-servoStudio\samples\Wpf.Ui.servoStudio\Core\CANopen\Adapters\ZlgCanBus.cs(283,20): warning IDE0055: 淇鏍煎紡 (https://learn.microsoft.com/dotnet/fundamentals/code-analysis/style-rules/ide0055) [C:\UserWorx\VSWorx\ServoStudio\wpfui-servoStudio\samples\Wpf.Ui.servoStudio\servoStudio_wjhet5xd_wpftmp.csproj]
C:\UserWorx\VSWorx\ServoStudio\wpfui-servoStudio\samples\Wpf.Ui.servoStudio\Core\CANopen\Adapters\ZlgCanBus.cs(283,22): warning IDE0055: 淇鏍煎紡 (https://learn.microsoft.com/dotnet/fundamentals/code-analysis/style-rules/ide0055) [C:\UserWorx\VSWorx\ServoStudio\wpfui-servoStudio\samples\Wpf.Ui.servoStudio\servoStudio_wjhet5xd_wpftmp.csproj]
C:\UserWorx\VSWorx\ServoStudio\wpfui-servoStudio\samples\Wpf.Ui.servoStudio\Core\CANopen\Adapters\ZlgCanBus.cs(283,61): warning IDE0055: 淇鏍煎紡 (https://learn.microsoft.com/dotnet/fundamentals/code-analysis/style-rules/ide0055) [C:\UserWorx\VSWorx\ServoStudio\wpfui-servoStudio\samples\Wpf.Ui.servoStudio\servoStudio_wjhet5xd_wpftmp.csproj]
C:\UserWorx\VSWorx\ServoStudio\wpfui-servoStudio\samples\Wpf.Ui.servoStudio\Core\CANopen\Adapters\ZlgCanBus.cs(283,63): warning IDE0055: 淇鏍煎紡 (https://learn.microsoft.com/dotnet/fundamentals/code-analysis/style-rules/ide0055) [C:\UserWorx\VSWorx\ServoStudio\wpfui-servoStudio\samples\Wpf.Ui.servoStudio\servoStudio_wjhet5xd_wpftmp.csproj]
C:\UserWorx\VSWorx\ServoStudio\wpfui-servoStudio\samples\Wpf.Ui.servoStudio\Core\CANopen\Adapters\ZlgCanBus.cs(311,13): warning IDE0055: 淇鏍煎紡 (https://learn.microsoft.com/dotnet/fundamentals/code-analysis/style-rules/ide0055) [C:\UserWorx\VSWorx\ServoStudio\wpfui-servoStudio\samples\Wpf.Ui.servoStudio\servoStudio_wjhet5xd_wpftmp.csproj]
C:\UserWorx\VSWorx\ServoStudio\wpfui-servoStudio\samples\Wpf.Ui.servoStudio\Core\CANopen\Adapters\ZlgCanBus.cs(312,13): warning IDE0055: 淇鏍煎紡 (https://learn.microsoft.com/dotnet/fundamentals/code-analysis/style-rules/ide0055) [C:\UserWorx\VSWorx\ServoStudio\wpfui-servoStudio\samples\Wpf.Ui.servoStudio\servoStudio_wjhet5xd_wpftmp.csproj]
C:\UserWorx\VSWorx\ServoStudio\wpfui-servoStudio\samples\Wpf.Ui.servoStudio\Core\CANopen\Adapters\ZlgCanBus.cs(313,17): warning IDE0055: 淇鏍煎紡 (https://learn.microsoft.com/dotnet/fundamentals/code-analysis/style-rules/ide0055) [C:\UserWorx\VSWorx\ServoStudio\wpfui-servoStudio\samples\Wpf.Ui.servoStudio\servoStudio_wjhet5xd_wpftmp.csproj]
C:\UserWorx\VSWorx\ServoStudio\wpfui-servoStudio\samples\Wpf.Ui.servoStudio\Core\CANopen\Adapters\ZlgCanBus.cs(314,13): warning IDE0055: 淇鏍煎紡 (https://learn.microsoft.com/dotnet/fundamentals/code-analysis/style-rules/ide0055) [C:\UserWorx\VSWorx\ServoStudio\wpfui-servoStudio\samples\Wpf.Ui.servoStudio\servoStudio_wjhet5xd_wpftmp.csproj]
C:\UserWorx\VSWorx\ServoStudio\wpfui-servoStudio\samples\Wpf.Ui.servoStudio\Core\CANopen\Adapters\ZlgCanBus.cs(315,13): warning IDE0055: 淇鏍煎紡 (https://learn.microsoft.com/dotnet/fundamentals/code-analysis/style-rules/ide0055) [C:\UserWorx\VSWorx\ServoStudio\wpfui-servoStudio\samples\Wpf.Ui.servoStudio\servoStudio_wjhet5xd_wpftmp.csproj]
C:\UserWorx\VSWorx\ServoStudio\wpfui-servoStudio\samples\Wpf.Ui.servoStudio\Core\CANopen\Adapters\ZlgCanBus.cs(316,13): warning IDE0055: 淇鏍煎紡 (https://learn.microsoft.com/dotnet/fundamentals/code-analysis/style-rules/ide0055) [C:\UserWorx\VSWorx\ServoStudio\wpfui-servoStudio\samples\Wpf.Ui.servoStudio\servoStudio_wjhet5xd_wpftmp.csproj]
C:\UserWorx\VSWorx\ServoStudio\wpfui-servoStudio\samples\Wpf.Ui.servoStudio\Core\CANopen\Adapters\ZlgCanBus.cs(364,20): warning IDE0055: 淇鏍煎紡 (https://learn.microsoft.com/dotnet/fundamentals/code-analysis/style-rules/ide0055) [C:\UserWorx\VSWorx\ServoStudio\wpfui-servoStudio\samples\Wpf.Ui.servoStudio\servoStudio_wjhet5xd_wpftmp.csproj]
C:\UserWorx\VSWorx\ServoStudio\wpfui-servoStudio\samples\Wpf.Ui.servoStudio\Core\CANopen\Adapters\ZlgCanBus.cs(364,22): warning IDE0055: 淇鏍煎紡 (https://learn.microsoft.com/dotnet/fundamentals/code-analysis/style-rules/ide0055) [C:\UserWorx\VSWorx\ServoStudio\wpfui-servoStudio\samples\Wpf.Ui.servoStudio\servoStudio_wjhet5xd_wpftmp.csproj]
C:\UserWorx\VSWorx\ServoStudio\wpfui-servoStudio\samples\Wpf.Ui.servoStudio\Core\CANopen\Adapters\ZlgCanBus.cs(364,66): warning IDE0055: 淇鏍煎紡 (https://learn.microsoft.com/dotnet/fundamentals/code-analysis/style-rules/ide0055) [C:\UserWorx\VSWorx\ServoStudio\wpfui-servoStudio\samples\Wpf.Ui.servoStudio\servoStudio_wjhet5xd_wpftmp.csproj]
C:\UserWorx\VSWorx\ServoStudio\wpfui-servoStudio\samples\Wpf.Ui.servoStudio\Core\CANopen\Adapters\ZlgCanBus.cs(364,68): warning IDE0055: 淇鏍煎紡 (https://learn.microsoft.com/dotnet/fundamentals/code-analysis/style-rules/ide0055) [C:\UserWorx\VSWorx\ServoStudio\wpfui-servoStudio\samples\Wpf.Ui.servoStudio\servoStudio_wjhet5xd_wpftmp.csproj]
C:\UserWorx\VSWorx\ServoStudio\wpfui-servoStudio\samples\Wpf.Ui.servoStudio\Core\CANopen\Adapters\ZlgCanBus.cs(461,39): warning IDE0055: 淇鏍煎紡 (https://learn.microsoft.com/dotnet/fundamentals/code-analysis/style-rules/ide0055) [C:\UserWorx\VSWorx\ServoStudio\wpfui-servoStudio\samples\Wpf.Ui.servoStudio\servoStudio_wjhet5xd_wpftmp.csproj]
C:\UserWorx\VSWorx\ServoStudio\wpfui-servoStudio\samples\Wpf.Ui.servoStudio\Core\CANopen\Adapters\ZlgCanBus.cs(462,40): warning IDE0055: 淇鏍煎紡 (https://learn.microsoft.com/dotnet/fundamentals/code-analysis/style-rules/ide0055) [C:\UserWorx\VSWorx\ServoStudio\wpfui-servoStudio\samples\Wpf.Ui.servoStudio\servoStudio_wjhet5xd_wpftmp.csproj]
C:\UserWorx\VSWorx\ServoStudio\wpfui-servoStudio\samples\Wpf.Ui.servoStudio\Core\CANopen\Adapters\ZlgCanBus.cs(463,40): warning IDE0055: 淇鏍煎紡 (https://learn.microsoft.com/dotnet/fundamentals/code-analysis/style-rules/ide0055) [C:\UserWorx\VSWorx\ServoStudio\wpfui-servoStudio\samples\Wpf.Ui.servoStudio\servoStudio_wjhet5xd_wpftmp.csproj]
C:\UserWorx\VSWorx\ServoStudio\wpfui-servoStudio\samples\Wpf.Ui.servoStudio\Core\CANopen\Adapters\ZlgCanBus.cs(464,40): warning IDE0055: 淇鏍煎紡 (https://learn.microsoft.com/dotnet/fundamentals/code-analysis/style-rules/ide0055) [C:\UserWorx\VSWorx\ServoStudio\wpfui-servoStudio\samples\Wpf.Ui.servoStudio\servoStudio_wjhet5xd_wpftmp.csproj]
C:\UserWorx\VSWorx\ServoStudio\wpfui-servoStudio\samples\Wpf.Ui.servoStudio\Core\CANopen\Adapters\ZlgCanBus.cs(465,42): warning IDE0055: 淇鏍煎紡 (https://learn.microsoft.com/dotnet/fundamentals/code-analysis/style-rules/ide0055) [C:\UserWorx\VSWorx\ServoStudio\wpfui-servoStudio\samples\Wpf.Ui.servoStudio\servoStudio_wjhet5xd_wpftmp.csproj]
C:\UserWorx\VSWorx\ServoStudio\wpfui-servoStudio\samples\Wpf.Ui.servoStudio\Core\CANopen\Adapters\ZlgCanBus.cs(466,42): warning IDE0055: 淇鏍煎紡 (https://learn.microsoft.com/dotnet/fundamentals/code-analysis/style-rules/ide0055) [C:\UserWorx\VSWorx\ServoStudio\wpfui-servoStudio\samples\Wpf.Ui.servoStudio\servoStudio_wjhet5xd_wpftmp.csproj]
C:\UserWorx\VSWorx\ServoStudio\wpfui-servoStudio\samples\Wpf.Ui.servoStudio\Core\CANopen\Adapters\ZlgCanBus.cs(467,42): warning IDE0055: 淇鏍煎紡 (https://learn.microsoft.com/dotnet/fundamentals/code-analysis/style-rules/ide0055) [C:\UserWorx\VSWorx\ServoStudio\wpfui-servoStudio\samples\Wpf.Ui.servoStudio\servoStudio_wjhet5xd_wpftmp.csproj]
C:\UserWorx\VSWorx\ServoStudio\wpfui-servoStudio\samples\Wpf.Ui.servoStudio\Core\CANopen\Adapters\ZlgCanBus.cs(468,42): warning IDE0055: 淇鏍煎紡 (https://learn.microsoft.com/dotnet/fundamentals/code-analysis/style-rules/ide0055) [C:\UserWorx\VSWorx\ServoStudio\wpfui-servoStudio\samples\Wpf.Ui.servoStudio\servoStudio_wjhet5xd_wpftmp.csproj]
C:\UserWorx\VSWorx\ServoStudio\wpfui-servoStudio\samples\Wpf.Ui.servoStudio\Core\CANopen\Adapters\ZlgCanBus.cs(284,13): warning IDE2003: 鍧椾笌鍚庣画璇彞涔嬮棿闇€瑕佹湁绌虹櫧琛?(https://learn.microsoft.com/dotnet/fundamentals/code-analysis/style-rules/ide2003) [C:\UserWorx\VSWorx\ServoStudio\wpfui-servoStudio\samples\Wpf.Ui.servoStudio\servoStudio_wjhet5xd_wpftmp.csproj]
C:\UserWorx\VSWorx\ServoStudio\wpfui-servoStudio\samples\Wpf.Ui.servoStudio\Core\CANopen\Adapters\ZlgCanBus.cs(384,17): warning IDE2003: 鍧椾笌鍚庣画璇彞涔嬮棿闇€瑕佹湁绌虹櫧琛?(https://learn.microsoft.com/dotnet/fundamentals/code-analysis/style-rules/ide2003) [C:\UserWorx\VSWorx\ServoStudio\wpfui-servoStudio\samples\Wpf.Ui.servoStudio\servoStudio_wjhet5xd_wpftmp.csproj]
C:\UserWorx\VSWorx\ServoStudio\wpfui-servoStudio\samples\Wpf.Ui.servoStudio\ViewModels\AppData\AppLogViewModel.cs(15,22): warning CA1063: 浠庘€淎ppLogViewModel鈥濆疄鐜扮殑鎺ュ彛鍒楄〃涓垹闄?IDisposable锛屽洜涓哄畠宸茬敱鍩虹被鍨嬧€淰iewModel鈥濆疄鐜?(https://learn.microsoft.com/dotnet/fundamentals/code-analysis/quality-rules/ca1063) [C:\UserWorx\VSWorx\ServoStudio\wpfui-servoStudio\samples\Wpf.Ui.servoStudio\servoStudio_wjhet5xd_wpftmp.csproj]
C:\UserWorx\VSWorx\ServoStudio\wpfui-servoStudio\samples\Wpf.Ui.servoStudio\ViewModels\AppData\AppLogViewModel.cs(15,22): warning CA1063: 瀵?AppLogViewModel 鎻愪緵 Dispose(bool) 鐨勫彲閲嶅啓瀹炵幇鎴栧皢璇ョ被鍨嬫爣璁颁负鈥滃凡瀵嗗皝鈥濄€傚 Dispose(false) 鐨勮皟鐢ㄥ簲浠呮竻鐞嗘湰鏈鸿祫婧愩€傚 Dispose(true) 鐨勮皟鐢ㄥ簲鍚屾椂娓呯悊鎵樼璧勬簮鍜屾湰鏈鸿祫婧愩€?(https://learn.microsoft.com/dotnet/fundamentals/code-analysis/quality-rules/ca1063) [C:\UserWorx\VSWorx\ServoStudio\wpfui-servoStudio\samples\Wpf.Ui.servoStudio\servoStudio_wjhet5xd_wpftmp.csproj]
C:\UserWorx\VSWorx\ServoStudio\wpfui-servoStudio\samples\Wpf.Ui.servoStudio\ViewModels\AppData\DataSaveViewModel.cs(21,29): warning CA1063: 浠庘€淒ataSaveViewModel鈥濆疄鐜扮殑鎺ュ彛鍒楄〃涓垹闄?IDisposable锛屽洜涓哄畠宸茬敱鍩虹被鍨嬧€淰iewModel鈥濆疄鐜?(https://learn.microsoft.com/dotnet/fundamentals/code-analysis/quality-rules/ca1063) [C:\UserWorx\VSWorx\ServoStudio\wpfui-servoStudio\samples\Wpf.Ui.servoStudio\servoStudio_wjhet5xd_wpftmp.csproj]
C:\UserWorx\VSWorx\ServoStudio\wpfui-servoStudio\samples\Wpf.Ui.servoStudio\Core\CANopen\Adapters\ZlgKernelDllScanner.cs(73,12): warning IDE0055: 淇鏍煎紡 (https://learn.microsoft.com/dotnet/fundamentals/code-analysis/style-rules/ide0055) [C:\UserWorx\VSWorx\ServoStudio\wpfui-servoStudio\samples\Wpf.Ui.servoStudio\servoStudio_wjhet5xd_wpftmp.csproj]
C:\UserWorx\VSWorx\ServoStudio\wpfui-servoStudio\samples\Wpf.Ui.servoStudio\Core\CANopen\Adapters\ZlgKernelDllScanner.cs(73,14): warning IDE0055: 淇鏍煎紡 (https://learn.microsoft.com/dotnet/fundamentals/code-analysis/style-rules/ide0055) [C:\UserWorx\VSWorx\ServoStudio\wpfui-servoStudio\samples\Wpf.Ui.servoStudio\servoStudio_wjhet5xd_wpftmp.csproj]
C:\UserWorx\VSWorx\ServoStudio\wpfui-servoStudio\samples\Wpf.Ui.servoStudio\Core\CANopen\Adapters\ZlgKernelDllScanner.cs(73,50): warning IDE0055: 淇鏍煎紡 (https://learn.microsoft.com/dotnet/fundamentals/code-analysis/style-rules/ide0055) [C:\UserWorx\VSWorx\ServoStudio\wpfui-servoStudio\samples\Wpf.Ui.servoStudio\servoStudio_wjhet5xd_wpftmp.csproj]
C:\UserWorx\VSWorx\ServoStudio\wpfui-servoStudio\samples\Wpf.Ui.servoStudio\Core\CANopen\Adapters\ZlgKernelDllScanner.cs(73,52): warning IDE0055: 淇鏍煎紡 (https://learn.microsoft.com/dotnet/fundamentals/code-analysis/style-rules/ide0055) [C:\UserWorx\VSWorx\ServoStudio\wpfui-servoStudio\samples\Wpf.Ui.servoStudio\servoStudio_wjhet5xd_wpftmp.csproj]
C:\UserWorx\VSWorx\ServoStudio\wpfui-servoStudio\samples\Wpf.Ui.servoStudio\Core\CANopen\Adapters\ZlgKernelDllScanner.cs(86,16): warning IDE0055: 淇鏍煎紡 (https://learn.microsoft.com/dotnet/fundamentals/code-analysis/style-rules/ide0055) [C:\UserWorx\VSWorx\ServoStudio\wpfui-servoStudio\samples\Wpf.Ui.servoStudio\servoStudio_wjhet5xd_wpftmp.csproj]
C:\UserWorx\VSWorx\ServoStudio\wpfui-servoStudio\samples\Wpf.Ui.servoStudio\Core\CANopen\Adapters\ZlgKernelDllScanner.cs(86,18): warning IDE0055: 淇鏍煎紡 (https://learn.microsoft.com/dotnet/fundamentals/code-analysis/style-rules/ide0055) [C:\UserWorx\VSWorx\ServoStudio\wpfui-servoStudio\samples\Wpf.Ui.servoStudio\servoStudio_wjhet5xd_wpftmp.csproj]
C:\UserWorx\VSWorx\ServoStudio\wpfui-servoStudio\samples\Wpf.Ui.servoStudio\Core\CANopen\Adapters\ZlgKernelDllScanner.cs(86,53): warning IDE0055: 淇鏍煎紡 (https://learn.microsoft.com/dotnet/fundamentals/code-analysis/style-rules/ide0055) [C:\UserWorx\VSWorx\ServoStudio\wpfui-servoStudio\samples\Wpf.Ui.servoStudio\servoStudio_wjhet5xd_wpftmp.csproj]
C:\UserWorx\VSWorx\ServoStudio\wpfui-servoStudio\samples\Wpf.Ui.servoStudio\Core\CANopen\Adapters\ZlgKernelDllScanner.cs(86,55): warning IDE0055: 淇鏍煎紡 (https://learn.microsoft.com/dotnet/fundamentals/code-analysis/style-rules/ide0055) [C:\UserWorx\VSWorx\ServoStudio\wpfui-servoStudio\samples\Wpf.Ui.servoStudio\servoStudio_wjhet5xd_wpftmp.csproj]
C:\UserWorx\VSWorx\ServoStudio\wpfui-servoStudio\samples\Wpf.Ui.servoStudio\Core\CANopen\Adapters\ZlgKernelDllScanner.cs(123,20): warning IDE0055: 淇鏍煎紡 (https://learn.microsoft.com/dotnet/fundamentals/code-analysis/style-rules/ide0055) [C:\UserWorx\VSWorx\ServoStudio\wpfui-servoStudio\samples\Wpf.Ui.servoStudio\servoStudio_wjhet5xd_wpftmp.csproj]
C:\UserWorx\VSWorx\ServoStudio\wpfui-servoStudio\samples\Wpf.Ui.servoStudio\Core\CANopen\Adapters\ZlgKernelDllScanner.cs(123,22): warning IDE0055: 淇鏍煎紡 (https://learn.microsoft.com/dotnet/fundamentals/code-analysis/style-rules/ide0055) [C:\UserWorx\VSWorx\ServoStudio\wpfui-servoStudio\samples\Wpf.Ui.servoStudio\servoStudio_wjhet5xd_wpftmp.csproj]
C:\UserWorx\VSWorx\ServoStudio\wpfui-servoStudio\samples\Wpf.Ui.servoStudio\Core\CANopen\Adapters\ZlgKernelDllScanner.cs(123,67): warning IDE0055: 淇鏍煎紡 (https://learn.microsoft.com/dotnet/fundamentals/code-analysis/style-rules/ide0055) [C:\UserWorx\VSWorx\ServoStudio\wpfui-servoStudio\samples\Wpf.Ui.servoStudio\servoStudio_wjhet5xd_wpftmp.csproj]
C:\UserWorx\VSWorx\ServoStudio\wpfui-servoStudio\samples\Wpf.Ui.servoStudio\Core\CANopen\Adapters\ZlgKernelDllScanner.cs(123,74): warning IDE0055: 淇鏍煎紡 (https://learn.microsoft.com/dotnet/fundamentals/code-analysis/style-rules/ide0055) [C:\UserWorx\VSWorx\ServoStudio\wpfui-servoStudio\samples\Wpf.Ui.servoStudio\servoStudio_wjhet5xd_wpftmp.csproj]
C:\UserWorx\VSWorx\ServoStudio\wpfui-servoStudio\samples\Wpf.Ui.servoStudio\Core\CANopen\Adapters\ZlgKernelDllScanner.cs(132,12): warning IDE0055: 淇鏍煎紡 (https://learn.microsoft.com/dotnet/fundamentals/code-analysis/style-rules/ide0055) [C:\UserWorx\VSWorx\ServoStudio\wpfui-servoStudio\samples\Wpf.Ui.servoStudio\servoStudio_wjhet5xd_wpftmp.csproj]
C:\UserWorx\VSWorx\ServoStudio\wpfui-servoStudio\samples\Wpf.Ui.servoStudio\Core\CANopen\Adapters\ZlgKernelDllScanner.cs(132,14): warning IDE0055: 淇鏍煎紡 (https://learn.microsoft.com/dotnet/fundamentals/code-analysis/style-rules/ide0055) [C:\UserWorx\VSWorx\ServoStudio\wpfui-servoStudio\samples\Wpf.Ui.servoStudio\servoStudio_wjhet5xd_wpftmp.csproj]
C:\UserWorx\VSWorx\ServoStudio\wpfui-servoStudio\samples\Wpf.Ui.servoStudio\Core\CANopen\Adapters\ZlgKernelDllScanner.cs(212,16): warning IDE0055: 淇鏍煎紡 (https://learn.microsoft.com/dotnet/fundamentals/code-analysis/style-rules/ide0055) [C:\UserWorx\VSWorx\ServoStudio\wpfui-servoStudio\samples\Wpf.Ui.servoStudio\servoStudio_wjhet5xd_wpftmp.csproj]
C:\UserWorx\VSWorx\ServoStudio\wpfui-servoStudio\samples\Wpf.Ui.servoStudio\Core\CANopen\Adapters\ZlgKernelDllScanner.cs(212,18): warning IDE0055: 淇鏍煎紡 (https://learn.microsoft.com/dotnet/fundamentals/code-analysis/style-rules/ide0055) [C:\UserWorx\VSWorx\ServoStudio\wpfui-servoStudio\samples\Wpf.Ui.servoStudio\servoStudio_wjhet5xd_wpftmp.csproj]
C:\UserWorx\VSWorx\ServoStudio\wpfui-servoStudio\samples\Wpf.Ui.servoStudio\Core\CANopen\Adapters\ZlgKernelDllScanner.cs(212,54): warning IDE0055: 淇鏍煎紡 (https://learn.microsoft.com/dotnet/fundamentals/code-analysis/style-rules/ide0055) [C:\UserWorx\VSWorx\ServoStudio\wpfui-servoStudio\samples\Wpf.Ui.servoStudio\servoStudio_wjhet5xd_wpftmp.csproj]
C:\UserWorx\VSWorx\ServoStudio\wpfui-servoStudio\samples\Wpf.Ui.servoStudio\Core\CANopen\Adapters\ZlgKernelDllScanner.cs(212,56): warning IDE0055: 淇鏍煎紡 (https://learn.microsoft.com/dotnet/fundamentals/code-analysis/style-rules/ide0055) [C:\UserWorx\VSWorx\ServoStudio\wpfui-servoStudio\samples\Wpf.Ui.servoStudio\servoStudio_wjhet5xd_wpftmp.csproj]
C:\UserWorx\VSWorx\ServoStudio\wpfui-servoStudio\samples\Wpf.Ui.servoStudio\Core\CANopen\Adapters\ZlgKernelDllScanner.cs(240,12): warning IDE0055: 淇鏍煎紡 (https://learn.microsoft.com/dotnet/fundamentals/code-analysis/style-rules/ide0055) [C:\UserWorx\VSWorx\ServoStudio\wpfui-servoStudio\samples\Wpf.Ui.servoStudio\servoStudio_wjhet5xd_wpftmp.csproj]
C:\UserWorx\VSWorx\ServoStudio\wpfui-servoStudio\samples\Wpf.Ui.servoStudio\Core\CANopen\Adapters\ZlgKernelDllScanner.cs(240,14): warning IDE0055: 淇鏍煎紡 (https://learn.microsoft.com/dotnet/fundamentals/code-analysis/style-rules/ide0055) [C:\UserWorx\VSWorx\ServoStudio\wpfui-servoStudio\samples\Wpf.Ui.servoStudio\servoStudio_wjhet5xd_wpftmp.csproj]
C:\UserWorx\VSWorx\ServoStudio\wpfui-servoStudio\samples\Wpf.Ui.servoStudio\Core\CANopen\Adapters\ZlgKernelDllScanner.cs(240,50): warning IDE0055: 淇鏍煎紡 (https://learn.microsoft.com/dotnet/fundamentals/code-analysis/style-rules/ide0055) [C:\UserWorx\VSWorx\ServoStudio\wpfui-servoStudio\samples\Wpf.Ui.servoStudio\servoStudio_wjhet5xd_wpftmp.csproj]
C:\UserWorx\VSWorx\ServoStudio\wpfui-servoStudio\samples\Wpf.Ui.servoStudio\Core\CANopen\Adapters\ZlgKernelDllScanner.cs(240,52): warning IDE0055: 淇鏍煎紡 (https://learn.microsoft.com/dotnet/fundamentals/code-analysis/style-rules/ide0055) [C:\UserWorx\VSWorx\ServoStudio\wpfui-servoStudio\samples\Wpf.Ui.servoStudio\servoStudio_wjhet5xd_wpftmp.csproj]
C:\UserWorx\VSWorx\ServoStudio\wpfui-servoStudio\samples\Wpf.Ui.servoStudio\Core\CANopen\Adapters\ZlgKernelDllScanner.cs(443,57): warning IDE0055: 淇鏍煎紡 (https://learn.microsoft.com/dotnet/fundamentals/code-analysis/style-rules/ide0055) [C:\UserWorx\VSWorx\ServoStudio\wpfui-servoStudio\samples\Wpf.Ui.servoStudio\servoStudio_wjhet5xd_wpftmp.csproj]
C:\UserWorx\VSWorx\ServoStudio\wpfui-servoStudio\samples\Wpf.Ui.servoStudio\Core\CANopen\Adapters\ZlgKernelDllScanner.cs(443,59): warning IDE0055: 淇鏍煎紡 (https://learn.microsoft.com/dotnet/fundamentals/code-analysis/style-rules/ide0055) [C:\UserWorx\VSWorx\ServoStudio\wpfui-servoStudio\samples\Wpf.Ui.servoStudio\servoStudio_wjhet5xd_wpftmp.csproj]
C:\UserWorx\VSWorx\ServoStudio\wpfui-servoStudio\samples\Wpf.Ui.servoStudio\Core\CANopen\Adapters\ZlgKernelDllScanner.cs(443,74): warning IDE0055: 淇鏍煎紡 (https://learn.microsoft.com/dotnet/fundamentals/code-analysis/style-rules/ide0055) [C:\UserWorx\VSWorx\ServoStudio\wpfui-servoStudio\samples\Wpf.Ui.servoStudio\servoStudio_wjhet5xd_wpftmp.csproj]
C:\UserWorx\VSWorx\ServoStudio\wpfui-servoStudio\samples\Wpf.Ui.servoStudio\Core\CANopen\Adapters\ZlgKernelDllScanner.cs(443,81): warning IDE0055: 淇鏍煎紡 (https://learn.microsoft.com/dotnet/fundamentals/code-analysis/style-rules/ide0055) [C:\UserWorx\VSWorx\ServoStudio\wpfui-servoStudio\samples\Wpf.Ui.servoStudio\servoStudio_wjhet5xd_wpftmp.csproj]
C:\UserWorx\VSWorx\ServoStudio\wpfui-servoStudio\samples\Wpf.Ui.servoStudio\Core\CANopen\Adapters\ZlgKernelDllScanner.cs(454,12): warning IDE0055: 淇鏍煎紡 (https://learn.microsoft.com/dotnet/fundamentals/code-analysis/style-rules/ide0055) [C:\UserWorx\VSWorx\ServoStudio\wpfui-servoStudio\samples\Wpf.Ui.servoStudio\servoStudio_wjhet5xd_wpftmp.csproj]
C:\UserWorx\VSWorx\ServoStudio\wpfui-servoStudio\samples\Wpf.Ui.servoStudio\Core\CANopen\Adapters\ZlgKernelDllScanner.cs(454,14): warning IDE0055: 淇鏍煎紡 (https://learn.microsoft.com/dotnet/fundamentals/code-analysis/style-rules/ide0055) [C:\UserWorx\VSWorx\ServoStudio\wpfui-servoStudio\samples\Wpf.Ui.servoStudio\servoStudio_wjhet5xd_wpftmp.csproj]
C:\UserWorx\VSWorx\ServoStudio\wpfui-servoStudio\samples\Wpf.Ui.servoStudio\Core\CANopen\Adapters\ZlgKernelDllScanner.cs(454,40): warning IDE0055: 淇鏍煎紡 (https://learn.microsoft.com/dotnet/fundamentals/code-analysis/style-rules/ide0055) [C:\UserWorx\VSWorx\ServoStudio\wpfui-servoStudio\samples\Wpf.Ui.servoStudio\servoStudio_wjhet5xd_wpftmp.csproj]
C:\UserWorx\VSWorx\ServoStudio\wpfui-servoStudio\samples\Wpf.Ui.servoStudio\Core\CANopen\Adapters\ZlgKernelDllScanner.cs(454,42): warning IDE0055: 淇鏍煎紡 (https://learn.microsoft.com/dotnet/fundamentals/code-analysis/style-rules/ide0055) [C:\UserWorx\VSWorx\ServoStudio\wpfui-servoStudio\samples\Wpf.Ui.servoStudio\servoStudio_wjhet5xd_wpftmp.csproj]
C:\UserWorx\VSWorx\ServoStudio\wpfui-servoStudio\samples\Wpf.Ui.servoStudio\Core\CANopen\Adapters\ZlgKernelDllScanner.cs(473,12): warning IDE0055: 淇鏍煎紡 (https://learn.microsoft.com/dotnet/fundamentals/code-analysis/style-rules/ide0055) [C:\UserWorx\VSWorx\ServoStudio\wpfui-servoStudio\samples\Wpf.Ui.servoStudio\servoStudio_wjhet5xd_wpftmp.csproj]
C:\UserWorx\VSWorx\ServoStudio\wpfui-servoStudio\samples\Wpf.Ui.servoStudio\Core\CANopen\Adapters\ZlgKernelDllScanner.cs(473,14): warning IDE0055: 淇鏍煎紡 (https://learn.microsoft.com/dotnet/fundamentals/code-analysis/style-rules/ide0055) [C:\UserWorx\VSWorx\ServoStudio\wpfui-servoStudio\samples\Wpf.Ui.servoStudio\servoStudio_wjhet5xd_wpftmp.csproj]
C:\UserWorx\VSWorx\ServoStudio\wpfui-servoStudio\samples\Wpf.Ui.servoStudio\Core\CANopen\Adapters\ZlgKernelDllScanner.cs(473,53): warning IDE0055: 淇鏍煎紡 (https://learn.microsoft.com/dotnet/fundamentals/code-analysis/style-rules/ide0055) [C:\UserWorx\VSWorx\ServoStudio\wpfui-servoStudio\samples\Wpf.Ui.servoStudio\servoStudio_wjhet5xd_wpftmp.csproj]
C:\UserWorx\VSWorx\ServoStudio\wpfui-servoStudio\samples\Wpf.Ui.servoStudio\Core\CANopen\Adapters\ZlgKernelDllScanner.cs(212,65): warning IDE2003: 鍧椾笌鍚庣画璇彞涔嬮棿闇€瑕佹湁绌虹櫧琛?(https://learn.microsoft.com/dotnet/fundamentals/code-analysis/style-rules/ide2003) [C:\UserWorx\VSWorx\ServoStudio\wpfui-servoStudio\samples\Wpf.Ui.servoStudio\servoStudio_wjhet5xd_wpftmp.csproj]
C:\UserWorx\VSWorx\ServoStudio\wpfui-servoStudio\samples\Wpf.Ui.servoStudio\Core\CANopen\Adapters\ZlgKernelDllScanner.cs(240,61): warning IDE2003: 鍧椾笌鍚庣画璇彞涔嬮棿闇€瑕佹湁绌虹櫧琛?(https://learn.microsoft.com/dotnet/fundamentals/code-analysis/style-rules/ide2003) [C:\UserWorx\VSWorx\ServoStudio\wpfui-servoStudio\samples\Wpf.Ui.servoStudio\servoStudio_wjhet5xd_wpftmp.csproj]
C:\UserWorx\VSWorx\ServoStudio\wpfui-servoStudio\samples\Wpf.Ui.servoStudio\Core\CANopen\Adapters\ZlgKernelDllScanner.cs(282,9): warning IDE2003: 鍧椾笌鍚庣画璇彞涔嬮棿闇€瑕佹湁绌虹櫧琛?(https://learn.microsoft.com/dotnet/fundamentals/code-analysis/style-rules/ide2003) [C:\UserWorx\VSWorx\ServoStudio\wpfui-servoStudio\samples\Wpf.Ui.servoStudio\servoStudio_wjhet5xd_wpftmp.csproj]
C:\UserWorx\VSWorx\ServoStudio\wpfui-servoStudio\samples\Wpf.Ui.servoStudio\Core\CANopen\Adapters\ZlgKernelDllScanner.cs(386,17): warning IDE2003: 鍧椾笌鍚庣画璇彞涔嬮棿闇€瑕佹湁绌虹櫧琛?(https://learn.microsoft.com/dotnet/fundamentals/code-analysis/style-rules/ide2003) [C:\UserWorx\VSWorx\ServoStudio\wpfui-servoStudio\samples\Wpf.Ui.servoStudio\servoStudio_wjhet5xd_wpftmp.csproj]
C:\UserWorx\VSWorx\ServoStudio\wpfui-servoStudio\samples\Wpf.Ui.servoStudio\Core\CANopen\Adapters\ZlgKernelDllScanner.cs(425,13): warning IDE2003: 鍧椾笌鍚庣画璇彞涔嬮棿闇€瑕佹湁绌虹櫧琛?(https://learn.microsoft.com/dotnet/fundamentals/code-analysis/style-rules/ide2003) [C:\UserWorx\VSWorx\ServoStudio\wpfui-servoStudio\samples\Wpf.Ui.servoStudio\servoStudio_wjhet5xd_wpftmp.csproj]
C:\UserWorx\VSWorx\ServoStudio\wpfui-servoStudio\samples\Wpf.Ui.servoStudio\Core\CANopen\CanFrame.cs(17,21): warning IDE0055: 淇鏍煎紡 (https://learn.microsoft.com/dotnet/fundamentals/code-analysis/style-rules/ide0055) [C:\UserWorx\VSWorx\ServoStudio\wpfui-servoStudio\samples\Wpf.Ui.servoStudio\servoStudio_wjhet5xd_wpftmp.csproj]
C:\UserWorx\VSWorx\ServoStudio\wpfui-servoStudio\samples\Wpf.Ui.servoStudio\Core\CANopen\CanFrame.cs(17,23): warning IDE0055: 淇鏍煎紡 (https://learn.microsoft.com/dotnet/fundamentals/code-analysis/style-rules/ide0055) [C:\UserWorx\VSWorx\ServoStudio\wpfui-servoStudio\samples\Wpf.Ui.servoStudio\servoStudio_wjhet5xd_wpftmp.csproj]
C:\UserWorx\VSWorx\ServoStudio\wpfui-servoStudio\samples\Wpf.Ui.servoStudio\Core\CANopen\CanFrame.cs(17,28): warning IDE0055: 淇鏍煎紡 (https://learn.microsoft.com/dotnet/fundamentals/code-analysis/style-rules/ide0055) [C:\UserWorx\VSWorx\ServoStudio\wpfui-servoStudio\samples\Wpf.Ui.servoStudio\servoStudio_wjhet5xd_wpftmp.csproj]
C:\UserWorx\VSWorx\ServoStudio\wpfui-servoStudio\samples\Wpf.Ui.servoStudio\Core\CANopen\CanFrame.cs(20,20): warning IDE0055: 淇鏍煎紡 (https://learn.microsoft.com/dotnet/fundamentals/code-analysis/style-rules/ide0055) [C:\UserWorx\VSWorx\ServoStudio\wpfui-servoStudio\samples\Wpf.Ui.servoStudio\servoStudio_wjhet5xd_wpftmp.csproj]
C:\UserWorx\VSWorx\ServoStudio\wpfui-servoStudio\samples\Wpf.Ui.servoStudio\Core\CANopen\CanFrame.cs(20,22): warning IDE0055: 淇鏍煎紡 (https://learn.microsoft.com/dotnet/fundamentals/code-analysis/style-rules/ide0055) [C:\UserWorx\VSWorx\ServoStudio\wpfui-servoStudio\samples\Wpf.Ui.servoStudio\servoStudio_wjhet5xd_wpftmp.csproj]
C:\UserWorx\VSWorx\ServoStudio\wpfui-servoStudio\samples\Wpf.Ui.servoStudio\Core\CANopen\CanFrame.cs(20,27): warning IDE0055: 淇鏍煎紡 (https://learn.microsoft.com/dotnet/fundamentals/code-analysis/style-rules/ide0055) [C:\UserWorx\VSWorx\ServoStudio\wpfui-servoStudio\samples\Wpf.Ui.servoStudio\servoStudio_wjhet5xd_wpftmp.csproj]
C:\UserWorx\VSWorx\ServoStudio\wpfui-servoStudio\samples\Wpf.Ui.servoStudio\Core\CANopen\CanFrame.cs(23,23): warning IDE0055: 淇鏍煎紡 (https://learn.microsoft.com/dotnet/fundamentals/code-analysis/style-rules/ide0055) [C:\UserWorx\VSWorx\ServoStudio\wpfui-servoStudio\samples\Wpf.Ui.servoStudio\servoStudio_wjhet5xd_wpftmp.csproj]
C:\UserWorx\VSWorx\ServoStudio\wpfui-servoStudio\samples\Wpf.Ui.servoStudio\Core\CANopen\CanFrame.cs(23,25): warning IDE0055: 淇鏍煎紡 (https://learn.microsoft.com/dotnet/fundamentals/code-analysis/style-rules/ide0055) [C:\UserWorx\VSWorx\ServoStudio\wpfui-servoStudio\samples\Wpf.Ui.servoStudio\servoStudio_wjhet5xd_wpftmp.csproj]
C:\UserWorx\VSWorx\ServoStudio\wpfui-servoStudio\samples\Wpf.Ui.servoStudio\Core\CANopen\CanFrame.cs(23,30): warning IDE0055: 淇鏍煎紡 (https://learn.microsoft.com/dotnet/fundamentals/code-analysis/style-rules/ide0055) [C:\UserWorx\VSWorx\ServoStudio\wpfui-servoStudio\samples\Wpf.Ui.servoStudio\servoStudio_wjhet5xd_wpftmp.csproj]
C:\UserWorx\VSWorx\ServoStudio\wpfui-servoStudio\samples\Wpf.Ui.servoStudio\Core\CANopen\CanOpenFrameCodec.cs(40,9): warning IDE2003: 鍧椾笌鍚庣画璇彞涔嬮棿闇€瑕佹湁绌虹櫧琛?(https://learn.microsoft.com/dotnet/fundamentals/code-analysis/style-rules/ide2003) [C:\UserWorx\VSWorx\ServoStudio\wpfui-servoStudio\samples\Wpf.Ui.servoStudio\servoStudio_wjhet5xd_wpftmp.csproj]
C:\UserWorx\VSWorx\ServoStudio\wpfui-servoStudio\samples\Wpf.Ui.servoStudio\Core\CANopen\CanOpenMaster.cs(100,12): warning IDE0055: 淇鏍煎紡 (https://learn.microsoft.com/dotnet/fundamentals/code-analysis/style-rules/ide0055) [C:\UserWorx\VSWorx\ServoStudio\wpfui-servoStudio\samples\Wpf.Ui.servoStudio\servoStudio_wjhet5xd_wpftmp.csproj]
C:\UserWorx\VSWorx\ServoStudio\wpfui-servoStudio\samples\Wpf.Ui.servoStudio\Core\CANopen\CanOpenMaster.cs(100,14): warning IDE0055: 淇鏍煎紡 (https://learn.microsoft.com/dotnet/fundamentals/code-analysis/style-rules/ide0055) [C:\UserWorx\VSWorx\ServoStudio\wpfui-servoStudio\samples\Wpf.Ui.servoStudio\servoStudio_wjhet5xd_wpftmp.csproj]
C:\UserWorx\VSWorx\ServoStudio\wpfui-servoStudio\samples\Wpf.Ui.servoStudio\Core\CANopen\CanOpenMaster.cs(100,38): warning IDE0055: 淇鏍煎紡 (https://learn.microsoft.com/dotnet/fundamentals/code-analysis/style-rules/ide0055) [C:\UserWorx\VSWorx\ServoStudio\wpfui-servoStudio\samples\Wpf.Ui.servoStudio\servoStudio_wjhet5xd_wpftmp.csproj]
C:\UserWorx\VSWorx\ServoStudio\wpfui-servoStudio\samples\Wpf.Ui.servoStudio\Core\CANopen\CanOpenMaster.cs(100,40): warning IDE0055: 淇鏍煎紡 (https://learn.microsoft.com/dotnet/fundamentals/code-analysis/style-rules/ide0055) [C:\UserWorx\VSWorx\ServoStudio\wpfui-servoStudio\samples\Wpf.Ui.servoStudio\servoStudio_wjhet5xd_wpftmp.csproj]
C:\UserWorx\VSWorx\ServoStudio\wpfui-servoStudio\samples\Wpf.Ui.servoStudio\Core\CANopen\CanOpenMaster.cs(101,12): warning IDE0055: 淇鏍煎紡 (https://learn.microsoft.com/dotnet/fundamentals/code-analysis/style-rules/ide0055) [C:\UserWorx\VSWorx\ServoStudio\wpfui-servoStudio\samples\Wpf.Ui.servoStudio\servoStudio_wjhet5xd_wpftmp.csproj]
C:\UserWorx\VSWorx\ServoStudio\wpfui-servoStudio\samples\Wpf.Ui.servoStudio\Core\CANopen\CanOpenMaster.cs(101,14): warning IDE0055: 淇鏍煎紡 (https://learn.microsoft.com/dotnet/fundamentals/code-analysis/style-rules/ide0055) [C:\UserWorx\VSWorx\ServoStudio\wpfui-servoStudio\samples\Wpf.Ui.servoStudio\servoStudio_wjhet5xd_wpftmp.csproj]
C:\UserWorx\VSWorx\ServoStudio\wpfui-servoStudio\samples\Wpf.Ui.servoStudio\Core\CANopen\CanOpenMaster.cs(101,42): warning IDE0055: 淇鏍煎紡 (https://learn.microsoft.com/dotnet/fundamentals/code-analysis/style-rules/ide0055) [C:\UserWorx\VSWorx\ServoStudio\wpfui-servoStudio\samples\Wpf.Ui.servoStudio\servoStudio_wjhet5xd_wpftmp.csproj]
C:\UserWorx\VSWorx\ServoStudio\wpfui-servoStudio\samples\Wpf.Ui.servoStudio\Core\CANopen\CanOpenMaster.cs(101,44): warning IDE0055: 淇鏍煎紡 (https://learn.microsoft.com/dotnet/fundamentals/code-analysis/style-rules/ide0055) [C:\UserWorx\VSWorx\ServoStudio\wpfui-servoStudio\samples\Wpf.Ui.servoStudio\servoStudio_wjhet5xd_wpftmp.csproj]
C:\UserWorx\VSWorx\ServoStudio\wpfui-servoStudio\samples\Wpf.Ui.servoStudio\Core\CANopen\CanOpenMaster.cs(116,12): warning IDE0055: 淇鏍煎紡 (https://learn.microsoft.com/dotnet/fundamentals/code-analysis/style-rules/ide0055) [C:\UserWorx\VSWorx\ServoStudio\wpfui-servoStudio\samples\Wpf.Ui.servoStudio\servoStudio_wjhet5xd_wpftmp.csproj]
C:\UserWorx\VSWorx\ServoStudio\wpfui-servoStudio\samples\Wpf.Ui.servoStudio\Core\CANopen\CanOpenMaster.cs(116,14): warning IDE0055: 淇鏍煎紡 (https://learn.microsoft.com/dotnet/fundamentals/code-analysis/style-rules/ide0055) [C:\UserWorx\VSWorx\ServoStudio\wpfui-servoStudio\samples\Wpf.Ui.servoStudio\servoStudio_wjhet5xd_wpftmp.csproj]
C:\UserWorx\VSWorx\ServoStudio\wpfui-servoStudio\samples\Wpf.Ui.servoStudio\Core\CANopen\CanOpenMaster.cs(116,30): warning IDE0055: 淇鏍煎紡 (https://learn.microsoft.com/dotnet/fundamentals/code-analysis/style-rules/ide0055) [C:\UserWorx\VSWorx\ServoStudio\wpfui-servoStudio\samples\Wpf.Ui.servoStudio\servoStudio_wjhet5xd_wpftmp.csproj]
C:\UserWorx\VSWorx\ServoStudio\wpfui-servoStudio\samples\Wpf.Ui.servoStudio\Core\CANopen\CanOpenMaster.cs(116,32): warning IDE0055: 淇鏍煎紡 (https://learn.microsoft.com/dotnet/fundamentals/code-analysis/style-rules/ide0055) [C:\UserWorx\VSWorx\ServoStudio\wpfui-servoStudio\samples\Wpf.Ui.servoStudio\servoStudio_wjhet5xd_wpftmp.csproj]
C:\UserWorx\VSWorx\ServoStudio\wpfui-servoStudio\samples\Wpf.Ui.servoStudio\Core\CANopen\CanOpenMaster.cs(168,24): warning IDE0055: 淇鏍煎紡 (https://learn.microsoft.com/dotnet/fundamentals/code-analysis/style-rules/ide0055) [C:\UserWorx\VSWorx\ServoStudio\wpfui-servoStudio\samples\Wpf.Ui.servoStudio\servoStudio_wjhet5xd_wpftmp.csproj]
C:\UserWorx\VSWorx\ServoStudio\wpfui-servoStudio\samples\Wpf.Ui.servoStudio\Core\CANopen\CanOpenMaster.cs(168,26): warning IDE0055: 淇鏍煎紡 (https://learn.microsoft.com/dotnet/fundamentals/code-analysis/style-rules/ide0055) [C:\UserWorx\VSWorx\ServoStudio\wpfui-servoStudio\samples\Wpf.Ui.servoStudio\servoStudio_wjhet5xd_wpftmp.csproj]
C:\UserWorx\VSWorx\ServoStudio\wpfui-servoStudio\samples\Wpf.Ui.servoStudio\Core\CANopen\CanOpenMaster.cs(168,67): warning IDE0055: 淇鏍煎紡 (https://learn.microsoft.com/dotnet/fundamentals/code-analysis/style-rules/ide0055) [C:\UserWorx\VSWorx\ServoStudio\wpfui-servoStudio\samples\Wpf.Ui.servoStudio\servoStudio_wjhet5xd_wpftmp.csproj]
C:\UserWorx\VSWorx\ServoStudio\wpfui-servoStudio\samples\Wpf.Ui.servoStudio\Core\CANopen\CanOpenMaster.cs(168,81): warning IDE0055: 淇鏍煎紡 (https://learn.microsoft.com/dotnet/fundamentals/code-analysis/style-rules/ide0055) [C:\UserWorx\VSWorx\ServoStudio\wpfui-servoStudio\samples\Wpf.Ui.servoStudio\servoStudio_wjhet5xd_wpftmp.csproj]
C:\UserWorx\VSWorx\ServoStudio\wpfui-servoStudio\samples\Wpf.Ui.servoStudio\Core\CANopen\CanOpenMaster.cs(170,35): warning IDE0055: 淇鏍煎紡 (https://learn.microsoft.com/dotnet/fundamentals/code-analysis/style-rules/ide0055) [C:\UserWorx\VSWorx\ServoStudio\wpfui-servoStudio\samples\Wpf.Ui.servoStudio\servoStudio_wjhet5xd_wpftmp.csproj]
C:\UserWorx\VSWorx\ServoStudio\wpfui-servoStudio\samples\Wpf.Ui.servoStudio\Core\CANopen\CanOpenMaster.cs(170,37): warning IDE0055: 淇鏍煎紡 (https://learn.microsoft.com/dotnet/fundamentals/code-analysis/style-rules/ide0055) [C:\UserWorx\VSWorx\ServoStudio\wpfui-servoStudio\samples\Wpf.Ui.servoStudio\servoStudio_wjhet5xd_wpftmp.csproj]
C:\UserWorx\VSWorx\ServoStudio\wpfui-servoStudio\samples\Wpf.Ui.servoStudio\Core\CANopen\CanOpenMaster.cs(170,76): warning IDE0055: 淇鏍煎紡 (https://learn.microsoft.com/dotnet/fundamentals/code-analysis/style-rules/ide0055) [C:\UserWorx\VSWorx\ServoStudio\wpfui-servoStudio\samples\Wpf.Ui.servoStudio\servoStudio_wjhet5xd_wpftmp.csproj]
C:\UserWorx\VSWorx\ServoStudio\wpfui-servoStudio\samples\Wpf.Ui.servoStudio\Core\CANopen\CanOpenMaster.cs(170,90): warning IDE0055: 淇鏍煎紡 (https://learn.microsoft.com/dotnet/fundamentals/code-analysis/style-rules/ide0055) [C:\UserWorx\VSWorx\ServoStudio\wpfui-servoStudio\samples\Wpf.Ui.servoStudio\servoStudio_wjhet5xd_wpftmp.csproj]
C:\UserWorx\VSWorx\ServoStudio\wpfui-servoStudio\samples\Wpf.Ui.servoStudio\Core\CANopen\CanOpenMaster.cs(751,31): warning IDE0055: 淇鏍煎紡 (https://learn.microsoft.com/dotnet/fundamentals/code-analysis/style-rules/ide0055) [C:\UserWorx\VSWorx\ServoStudio\wpfui-servoStudio\samples\Wpf.Ui.servoStudio\servoStudio_wjhet5xd_wpftmp.csproj]
C:\UserWorx\VSWorx\ServoStudio\wpfui-servoStudio\samples\Wpf.Ui.servoStudio\Core\CANopen\CanOpenMaster.cs(751,33): warning IDE0055: 淇鏍煎紡 (https://learn.microsoft.com/dotnet/fundamentals/code-analysis/style-rules/ide0055) [C:\UserWorx\VSWorx\ServoStudio\wpfui-servoStudio\samples\Wpf.Ui.servoStudio\servoStudio_wjhet5xd_wpftmp.csproj]
C:\UserWorx\VSWorx\ServoStudio\wpfui-servoStudio\samples\Wpf.Ui.servoStudio\Core\CANopen\CanOpenMaster.cs(751,43): warning IDE0055: 淇鏍煎紡 (https://learn.microsoft.com/dotnet/fundamentals/code-analysis/style-rules/ide0055) [C:\UserWorx\VSWorx\ServoStudio\wpfui-servoStudio\samples\Wpf.Ui.servoStudio\servoStudio_wjhet5xd_wpftmp.csproj]
C:\UserWorx\VSWorx\ServoStudio\wpfui-servoStudio\samples\Wpf.Ui.servoStudio\Core\CANopen\CanOpenMaster.cs(100,62): warning IDE2003: 鍧椾笌鍚庣画璇彞涔嬮棿闇€瑕佹湁绌虹櫧琛?(https://learn.microsoft.com/dotnet/fundamentals/code-analysis/style-rules/ide2003) [C:\UserWorx\VSWorx\ServoStudio\wpfui-servoStudio\samples\Wpf.Ui.servoStudio\servoStudio_wjhet5xd_wpftmp.csproj]
C:\UserWorx\VSWorx\ServoStudio\wpfui-servoStudio\samples\Wpf.Ui.servoStudio\Core\CANopen\CanOpenMaster.cs(101,66): warning IDE2003: 鍧椾笌鍚庣画璇彞涔嬮棿闇€瑕佹湁绌虹櫧琛?(https://learn.microsoft.com/dotnet/fundamentals/code-analysis/style-rules/ide2003) [C:\UserWorx\VSWorx\ServoStudio\wpfui-servoStudio\samples\Wpf.Ui.servoStudio\servoStudio_wjhet5xd_wpftmp.csproj]
C:\UserWorx\VSWorx\ServoStudio\wpfui-servoStudio\samples\Wpf.Ui.servoStudio\Core\CANopen\CanOpenMaster.cs(116,54): warning IDE2003: 鍧椾笌鍚庣画璇彞涔嬮棿闇€瑕佹湁绌虹櫧琛?(https://learn.microsoft.com/dotnet/fundamentals/code-analysis/style-rules/ide2003) [C:\UserWorx\VSWorx\ServoStudio\wpfui-servoStudio\samples\Wpf.Ui.servoStudio\servoStudio_wjhet5xd_wpftmp.csproj]
C:\UserWorx\VSWorx\ServoStudio\wpfui-servoStudio\samples\Wpf.Ui.servoStudio\Core\CANopen\CanOpenMaster.cs(167,9): warning IDE2003: 鍧椾笌鍚庣画璇彞涔嬮棿闇€瑕佹湁绌虹櫧琛?(https://learn.microsoft.com/dotnet/fundamentals/code-analysis/style-rules/ide2003) [C:\UserWorx\VSWorx\ServoStudio\wpfui-servoStudio\samples\Wpf.Ui.servoStudio\servoStudio_wjhet5xd_wpftmp.csproj]
C:\UserWorx\VSWorx\ServoStudio\wpfui-servoStudio\samples\Wpf.Ui.servoStudio\Core\CANopen\CanOpenMaster.cs(168,82): warning IDE2003: 鍧椾笌鍚庣画璇彞涔嬮棿闇€瑕佹湁绌虹櫧琛?(https://learn.microsoft.com/dotnet/fundamentals/code-analysis/style-rules/ide2003) [C:\UserWorx\VSWorx\ServoStudio\wpfui-servoStudio\samples\Wpf.Ui.servoStudio\servoStudio_wjhet5xd_wpftmp.csproj]
C:\UserWorx\VSWorx\ServoStudio\wpfui-servoStudio\samples\Wpf.Ui.servoStudio\Core\CANopen\CanOpenSlave_CiA402.cs(40,25): warning IDE0055: 淇鏍煎紡 (https://learn.microsoft.com/dotnet/fundamentals/code-analysis/style-rules/ide0055) [C:\UserWorx\VSWorx\ServoStudio\wpfui-servoStudio\samples\Wpf.Ui.servoStudio\servoStudio_wjhet5xd_wpftmp.csproj]
C:\UserWorx\VSWorx\ServoStudio\wpfui-servoStudio\samples\Wpf.Ui.servoStudio\Core\CANopen\CanOpenSlave_CiA402.cs(40,27): warning IDE0055: 淇鏍煎紡 (https://learn.microsoft.com/dotnet/fundamentals/code-analysis/style-rules/ide0055) [C:\UserWorx\VSWorx\ServoStudio\wpfui-servoStudio\samples\Wpf.Ui.servoStudio\servoStudio_wjhet5xd_wpftmp.csproj]
C:\UserWorx\VSWorx\ServoStudio\wpfui-servoStudio\samples\Wpf.Ui.servoStudio\Core\CANopen\CanOpenSlave_CiA402.cs(40,32): warning IDE0055: 淇鏍煎紡 (https://learn.microsoft.com/dotnet/fundamentals/code-analysis/style-rules/ide0055) [C:\UserWorx\VSWorx\ServoStudio\wpfui-servoStudio\samples\Wpf.Ui.servoStudio\servoStudio_wjhet5xd_wpftmp.csproj]
C:\UserWorx\VSWorx\ServoStudio\wpfui-servoStudio\samples\Wpf.Ui.servoStudio\Core\CANopen\CanOpenSlave_CiA402.cs(43,29): warning IDE0055: 淇鏍煎紡 (https://learn.microsoft.com/dotnet/fundamentals/code-analysis/style-rules/ide0055) [C:\UserWorx\VSWorx\ServoStudio\wpfui-servoStudio\samples\Wpf.Ui.servoStudio\servoStudio_wjhet5xd_wpftmp.csproj]
C:\UserWorx\VSWorx\ServoStudio\wpfui-servoStudio\samples\Wpf.Ui.servoStudio\Core\CANopen\CanOpenSlave_CiA402.cs(43,31): warning IDE0055: 淇鏍煎紡 (https://learn.microsoft.com/dotnet/fundamentals/code-analysis/style-rules/ide0055) [C:\UserWorx\VSWorx\ServoStudio\wpfui-servoStudio\samples\Wpf.Ui.servoStudio\servoStudio_wjhet5xd_wpftmp.csproj]
C:\UserWorx\VSWorx\ServoStudio\wpfui-servoStudio\samples\Wpf.Ui.servoStudio\Core\CANopen\CanOpenSlave_CiA402.cs(43,49): warning IDE0055: 淇鏍煎紡 (https://learn.microsoft.com/dotnet/fundamentals/code-analysis/style-rules/ide0055) [C:\UserWorx\VSWorx\ServoStudio\wpfui-servoStudio\samples\Wpf.Ui.servoStudio\servoStudio_wjhet5xd_wpftmp.csproj]
C:\UserWorx\VSWorx\ServoStudio\wpfui-servoStudio\samples\Wpf.Ui.servoStudio\Core\CANopen\CanOpenSlave_CiA402.cs(46,35): warning IDE0055: 淇鏍煎紡 (https://learn.microsoft.com/dotnet/fundamentals/code-analysis/style-rules/ide0055) [C:\UserWorx\VSWorx\ServoStudio\wpfui-servoStudio\samples\Wpf.Ui.servoStudio\servoStudio_wjhet5xd_wpftmp.csproj]
C:\UserWorx\VSWorx\ServoStudio\wpfui-servoStudio\samples\Wpf.Ui.servoStudio\Core\CANopen\CanOpenSlave_CiA402.cs(46,37): warning IDE0055: 淇鏍煎紡 (https://learn.microsoft.com/dotnet/fundamentals/code-analysis/style-rules/ide0055) [C:\UserWorx\VSWorx\ServoStudio\wpfui-servoStudio\samples\Wpf.Ui.servoStudio\servoStudio_wjhet5xd_wpftmp.csproj]
C:\UserWorx\VSWorx\ServoStudio\wpfui-servoStudio\samples\Wpf.Ui.servoStudio\Core\CANopen\CanOpenSlave_CiA402.cs(46,55): warning IDE0055: 淇鏍煎紡 (https://learn.microsoft.com/dotnet/fundamentals/code-analysis/style-rules/ide0055) [C:\UserWorx\VSWorx\ServoStudio\wpfui-servoStudio\samples\Wpf.Ui.servoStudio\servoStudio_wjhet5xd_wpftmp.csproj]
C:\UserWorx\VSWorx\ServoStudio\wpfui-servoStudio\samples\Wpf.Ui.servoStudio\Core\CANopen\CanOpenSlave_CiA402.cs(49,25): warning IDE0055: 淇鏍煎紡 (https://learn.microsoft.com/dotnet/fundamentals/code-analysis/style-rules/ide0055) [C:\UserWorx\VSWorx\ServoStudio\wpfui-servoStudio\samples\Wpf.Ui.servoStudio\servoStudio_wjhet5xd_wpftmp.csproj]
C:\UserWorx\VSWorx\ServoStudio\wpfui-servoStudio\samples\Wpf.Ui.servoStudio\Core\CANopen\CanOpenSlave_CiA402.cs(49,27): warning IDE0055: 淇鏍煎紡 (https://learn.microsoft.com/dotnet/fundamentals/code-analysis/style-rules/ide0055) [C:\UserWorx\VSWorx\ServoStudio\wpfui-servoStudio\samples\Wpf.Ui.servoStudio\servoStudio_wjhet5xd_wpftmp.csproj]
C:\UserWorx\VSWorx\ServoStudio\wpfui-servoStudio\samples\Wpf.Ui.servoStudio\Core\CANopen\CanOpenSlave_CiA402.cs(49,45): warning IDE0055: 淇鏍煎紡 (https://learn.microsoft.com/dotnet/fundamentals/code-analysis/style-rules/ide0055) [C:\UserWorx\VSWorx\ServoStudio\wpfui-servoStudio\samples\Wpf.Ui.servoStudio\servoStudio_wjhet5xd_wpftmp.csproj]
C:\UserWorx\VSWorx\ServoStudio\wpfui-servoStudio\samples\Wpf.Ui.servoStudio\Core\CANopen\CanOpenSlave_CiA402.cs(52,28): warning IDE0055: 淇鏍煎紡 (https://learn.microsoft.com/dotnet/fundamentals/code-analysis/style-rules/ide0055) [C:\UserWorx\VSWorx\ServoStudio\wpfui-servoStudio\samples\Wpf.Ui.servoStudio\servoStudio_wjhet5xd_wpftmp.csproj]
C:\UserWorx\VSWorx\ServoStudio\wpfui-servoStudio\samples\Wpf.Ui.servoStudio\Core\CANopen\CanOpenSlave_CiA402.cs(52,30): warning IDE0055: 淇鏍煎紡 (https://learn.microsoft.com/dotnet/fundamentals/code-analysis/style-rules/ide0055) [C:\UserWorx\VSWorx\ServoStudio\wpfui-servoStudio\samples\Wpf.Ui.servoStudio\servoStudio_wjhet5xd_wpftmp.csproj]
C:\UserWorx\VSWorx\ServoStudio\wpfui-servoStudio\samples\Wpf.Ui.servoStudio\Core\CANopen\CanOpenSlave_CiA402.cs(52,48): warning IDE0055: 淇鏍煎紡 (https://learn.microsoft.com/dotnet/fundamentals/code-analysis/style-rules/ide0055) [C:\UserWorx\VSWorx\ServoStudio\wpfui-servoStudio\samples\Wpf.Ui.servoStudio\servoStudio_wjhet5xd_wpftmp.csproj]
C:\UserWorx\VSWorx\ServoStudio\wpfui-servoStudio\samples\Wpf.Ui.servoStudio\Core\CANopen\CanOpenSlave_CiA402.cs(58,58): warning IDE0055: 淇鏍煎紡 (https://learn.microsoft.com/dotnet/fundamentals/code-analysis/style-rules/ide0055) [C:\UserWorx\VSWorx\ServoStudio\wpfui-servoStudio\samples\Wpf.Ui.servoStudio\servoStudio_wjhet5xd_wpftmp.csproj]
C:\UserWorx\VSWorx\ServoStudio\wpfui-servoStudio\samples\Wpf.Ui.servoStudio\Core\CANopen\CanOpenSlave_CiA402.cs(58,60): warning IDE0055: 淇鏍煎紡 (https://learn.microsoft.com/dotnet/fundamentals/code-analysis/style-rules/ide0055) [C:\UserWorx\VSWorx\ServoStudio\wpfui-servoStudio\samples\Wpf.Ui.servoStudio\servoStudio_wjhet5xd_wpftmp.csproj]
C:\UserWorx\VSWorx\ServoStudio\wpfui-servoStudio\samples\Wpf.Ui.servoStudio\Core\CANopen\CanOpenSlave_CiA402.cs(58,70): warning IDE0055: 淇鏍煎紡 (https://learn.microsoft.com/dotnet/fundamentals/code-analysis/style-rules/ide0055) [C:\UserWorx\VSWorx\ServoStudio\wpfui-servoStudio\samples\Wpf.Ui.servoStudio\servoStudio_wjhet5xd_wpftmp.csproj]
C:\UserWorx\VSWorx\ServoStudio\wpfui-servoStudio\samples\Wpf.Ui.servoStudio\Core\CANopen\CanOpenSlave_CiA402.cs(61,57): warning IDE0055: 淇鏍煎紡 (https://learn.microsoft.com/dotnet/fundamentals/code-analysis/style-rules/ide0055) [C:\UserWorx\VSWorx\ServoStudio\wpfui-servoStudio\samples\Wpf.Ui.servoStudio\servoStudio_wjhet5xd_wpftmp.csproj]
C:\UserWorx\VSWorx\ServoStudio\wpfui-servoStudio\samples\Wpf.Ui.servoStudio\Core\CANopen\CanOpenSlave_CiA402.cs(61,59): warning IDE0055: 淇鏍煎紡 (https://learn.microsoft.com/dotnet/fundamentals/code-analysis/style-rules/ide0055) [C:\UserWorx\VSWorx\ServoStudio\wpfui-servoStudio\samples\Wpf.Ui.servoStudio\servoStudio_wjhet5xd_wpftmp.csproj]
C:\UserWorx\VSWorx\ServoStudio\wpfui-servoStudio\samples\Wpf.Ui.servoStudio\Core\CANopen\CanOpenSlave_CiA402.cs(61,69): warning IDE0055: 淇鏍煎紡 (https://learn.microsoft.com/dotnet/fundamentals/code-analysis/style-rules/ide0055) [C:\UserWorx\VSWorx\ServoStudio\wpfui-servoStudio\samples\Wpf.Ui.servoStudio\servoStudio_wjhet5xd_wpftmp.csproj]
C:\UserWorx\VSWorx\ServoStudio\wpfui-servoStudio\samples\Wpf.Ui.servoStudio\Core\CANopen\CanOpenSlave_CiA402.cs(64,60): warning IDE0055: 淇鏍煎紡 (https://learn.microsoft.com/dotnet/fundamentals/code-analysis/style-rules/ide0055) [C:\UserWorx\VSWorx\ServoStudio\wpfui-servoStudio\samples\Wpf.Ui.servoStudio\servoStudio_wjhet5xd_wpftmp.csproj]
C:\UserWorx\VSWorx\ServoStudio\wpfui-servoStudio\samples\Wpf.Ui.servoStudio\Core\CANopen\CanOpenSlave_CiA402.cs(64,62): warning IDE0055: 淇鏍煎紡 (https://learn.microsoft.com/dotnet/fundamentals/code-analysis/style-rules/ide0055) [C:\UserWorx\VSWorx\ServoStudio\wpfui-servoStudio\samples\Wpf.Ui.servoStudio\servoStudio_wjhet5xd_wpftmp.csproj]
C:\UserWorx\VSWorx\ServoStudio\wpfui-servoStudio\samples\Wpf.Ui.servoStudio\Core\CANopen\CanOpenSlave_CiA402.cs(64,72): warning IDE0055: 淇鏍煎紡 (https://learn.microsoft.com/dotnet/fundamentals/code-analysis/style-rules/ide0055) [C:\UserWorx\VSWorx\ServoStudio\wpfui-servoStudio\samples\Wpf.Ui.servoStudio\servoStudio_wjhet5xd_wpftmp.csproj]
C:\UserWorx\VSWorx\ServoStudio\wpfui-servoStudio\samples\Wpf.Ui.servoStudio\Core\CANopen\CanOpenSlave_CiA402.cs(77,28): warning IDE0055: 淇鏍煎紡 (https://learn.microsoft.com/dotnet/fundamentals/code-analysis/style-rules/ide0055) [C:\UserWorx\VSWorx\ServoStudio\wpfui-servoStudio\samples\Wpf.Ui.servoStudio\servoStudio_wjhet5xd_wpftmp.csproj]
C:\UserWorx\VSWorx\ServoStudio\wpfui-servoStudio\samples\Wpf.Ui.servoStudio\Core\CANopen\CanOpenSlave_CiA402.cs(81,30): warning IDE0055: 淇鏍煎紡 (https://learn.microsoft.com/dotnet/fundamentals/code-analysis/style-rules/ide0055) [C:\UserWorx\VSWorx\ServoStudio\wpfui-servoStudio\samples\Wpf.Ui.servoStudio\servoStudio_wjhet5xd_wpftmp.csproj]
C:\UserWorx\VSWorx\ServoStudio\wpfui-servoStudio\samples\Wpf.Ui.servoStudio\Core\CANopen\CanOpenSlave_CiA402.cs(78,9): warning IDE2003: 鍧椾笌鍚庣画璇彞涔嬮棿闇€瑕佹湁绌虹櫧琛?(https://learn.microsoft.com/dotnet/fundamentals/code-analysis/style-rules/ide2003) [C:\UserWorx\VSWorx\ServoStudio\wpfui-servoStudio\samples\Wpf.Ui.servoStudio\servoStudio_wjhet5xd_wpftmp.csproj]
C:\UserWorx\VSWorx\ServoStudio\wpfui-servoStudio\samples\Wpf.Ui.servoStudio\Core\CANopen\ICanBus.cs(38,16): warning IDE0055: 淇鏍煎紡 (https://learn.microsoft.com/dotnet/fundamentals/code-analysis/style-rules/ide0055) [C:\UserWorx\VSWorx\ServoStudio\wpfui-servoStudio\samples\Wpf.Ui.servoStudio\servoStudio_wjhet5xd_wpftmp.csproj]
C:\UserWorx\VSWorx\ServoStudio\wpfui-servoStudio\samples\Wpf.Ui.servoStudio\Core\CANopen\ICanBus.cs(38,18): warning IDE0055: 淇鏍煎紡 (https://learn.microsoft.com/dotnet/fundamentals/code-analysis/style-rules/ide0055) [C:\UserWorx\VSWorx\ServoStudio\wpfui-servoStudio\samples\Wpf.Ui.servoStudio\servoStudio_wjhet5xd_wpftmp.csproj]
C:\UserWorx\VSWorx\ServoStudio\wpfui-servoStudio\samples\Wpf.Ui.servoStudio\Core\CANopen\ICanBus.cs(38,23): warning IDE0055: 淇鏍煎紡 (https://learn.microsoft.com/dotnet/fundamentals/code-analysis/style-rules/ide0055) [C:\UserWorx\VSWorx\ServoStudio\wpfui-servoStudio\samples\Wpf.Ui.servoStudio\servoStudio_wjhet5xd_wpftmp.csproj]
C:\UserWorx\VSWorx\ServoStudio\wpfui-servoStudio\samples\Wpf.Ui.servoStudio\Core\CANopen\SerialCanBus.cs(42,23): warning IDE0055: 淇鏍煎紡 (https://learn.microsoft.com/dotnet/fundamentals/code-analysis/style-rules/ide0055) [C:\UserWorx\VSWorx\ServoStudio\wpfui-servoStudio\samples\Wpf.Ui.servoStudio\servoStudio_wjhet5xd_wpftmp.csproj]
C:\UserWorx\VSWorx\ServoStudio\wpfui-servoStudio\samples\Wpf.Ui.servoStudio\Core\CANopen\SerialCanBus.cs(42,25): warning IDE0055: 淇鏍煎紡 (https://learn.microsoft.com/dotnet/fundamentals/code-analysis/style-rules/ide0055) [C:\UserWorx\VSWorx\ServoStudio\wpfui-servoStudio\samples\Wpf.Ui.servoStudio\servoStudio_wjhet5xd_wpftmp.csproj]
C:\UserWorx\VSWorx\ServoStudio\wpfui-servoStudio\samples\Wpf.Ui.servoStudio\Core\CANopen\SerialCanBus.cs(42,43): warning IDE0055: 淇鏍煎紡 (https://learn.microsoft.com/dotnet/fundamentals/code-analysis/style-rules/ide0055) [C:\UserWorx\VSWorx\ServoStudio\wpfui-servoStudio\samples\Wpf.Ui.servoStudio\servoStudio_wjhet5xd_wpftmp.csproj]
C:\UserWorx\VSWorx\ServoStudio\wpfui-servoStudio\samples\Wpf.Ui.servoStudio\Core\CANopen\SerialCanBus.cs(45,26): warning IDE0055: 淇鏍煎紡 (https://learn.microsoft.com/dotnet/fundamentals/code-analysis/style-rules/ide0055) [C:\UserWorx\VSWorx\ServoStudio\wpfui-servoStudio\samples\Wpf.Ui.servoStudio\servoStudio_wjhet5xd_wpftmp.csproj]
C:\UserWorx\VSWorx\ServoStudio\wpfui-servoStudio\samples\Wpf.Ui.servoStudio\Core\CANopen\SerialCanBus.cs(45,28): warning IDE0055: 淇鏍煎紡 (https://learn.microsoft.com/dotnet/fundamentals/code-analysis/style-rules/ide0055) [C:\UserWorx\VSWorx\ServoStudio\wpfui-servoStudio\samples\Wpf.Ui.servoStudio\servoStudio_wjhet5xd_wpftmp.csproj]
C:\UserWorx\VSWorx\ServoStudio\wpfui-servoStudio\samples\Wpf.Ui.servoStudio\Core\CANopen\SerialCanBus.cs(88,34): warning IDE0055: 淇鏍煎紡 (https://learn.microsoft.com/dotnet/fundamentals/code-analysis/style-rules/ide0055) [C:\UserWorx\VSWorx\ServoStudio\wpfui-servoStudio\samples\Wpf.Ui.servoStudio\servoStudio_wjhet5xd_wpftmp.csproj]
C:\UserWorx\VSWorx\ServoStudio\wpfui-servoStudio\samples\Wpf.Ui.servoStudio\Core\CANopen\SerialCanBus.cs(89,34): warning IDE0055: 淇鏍煎紡 (https://learn.microsoft.com/dotnet/fundamentals/code-analysis/style-rules/ide0055) [C:\UserWorx\VSWorx\ServoStudio\wpfui-servoStudio\samples\Wpf.Ui.servoStudio\servoStudio_wjhet5xd_wpftmp.csproj]
C:\UserWorx\VSWorx\ServoStudio\wpfui-servoStudio\samples\Wpf.Ui.servoStudio\Core\CANopen\SerialCanBus.cs(90,34): warning IDE0055: 淇鏍煎紡 (https://learn.microsoft.com/dotnet/fundamentals/code-analysis/style-rules/ide0055) [C:\UserWorx\VSWorx\ServoStudio\wpfui-servoStudio\samples\Wpf.Ui.servoStudio\servoStudio_wjhet5xd_wpftmp.csproj]
C:\UserWorx\VSWorx\ServoStudio\wpfui-servoStudio\samples\Wpf.Ui.servoStudio\Core\CANopen\SerialCanBus.cs(91,35): warning IDE0055: 淇鏍煎紡 (https://learn.microsoft.com/dotnet/fundamentals/code-analysis/style-rules/ide0055) [C:\UserWorx\VSWorx\ServoStudio\wpfui-servoStudio\samples\Wpf.Ui.servoStudio\servoStudio_wjhet5xd_wpftmp.csproj]
C:\UserWorx\VSWorx\ServoStudio\wpfui-servoStudio\samples\Wpf.Ui.servoStudio\Core\CANopen\SerialCanBus.cs(92,35): warning IDE0055: 淇鏍煎紡 (https://learn.microsoft.com/dotnet/fundamentals/code-analysis/style-rules/ide0055) [C:\UserWorx\VSWorx\ServoStudio\wpfui-servoStudio\samples\Wpf.Ui.servoStudio\servoStudio_wjhet5xd_wpftmp.csproj]
C:\UserWorx\VSWorx\ServoStudio\wpfui-servoStudio\samples\Wpf.Ui.servoStudio\Core\CANopen\SerialCanBus.cs(93,35): warning IDE0055: 淇鏍煎紡 (https://learn.microsoft.com/dotnet/fundamentals/code-analysis/style-rules/ide0055) [C:\UserWorx\VSWorx\ServoStudio\wpfui-servoStudio\samples\Wpf.Ui.servoStudio\servoStudio_wjhet5xd_wpftmp.csproj]
C:\UserWorx\VSWorx\ServoStudio\wpfui-servoStudio\samples\Wpf.Ui.servoStudio\Core\CANopen\SerialCanBus.cs(94,35): warning IDE0055: 淇鏍煎紡 (https://learn.microsoft.com/dotnet/fundamentals/code-analysis/style-rules/ide0055) [C:\UserWorx\VSWorx\ServoStudio\wpfui-servoStudio\samples\Wpf.Ui.servoStudio\servoStudio_wjhet5xd_wpftmp.csproj]
C:\UserWorx\VSWorx\ServoStudio\wpfui-servoStudio\samples\Wpf.Ui.servoStudio\Core\CANopen\SerialCanBus.cs(95,35): warning IDE0055: 淇鏍煎紡 (https://learn.microsoft.com/dotnet/fundamentals/code-analysis/style-rules/ide0055) [C:\UserWorx\VSWorx\ServoStudio\wpfui-servoStudio\samples\Wpf.Ui.servoStudio\servoStudio_wjhet5xd_wpftmp.csproj]
C:\UserWorx\VSWorx\ServoStudio\wpfui-servoStudio\samples\Wpf.Ui.servoStudio\Core\CANopen\SerialCanBus.cs(120,16): warning IDE0055: 淇鏍煎紡 (https://learn.microsoft.com/dotnet/fundamentals/code-analysis/style-rules/ide0055) [C:\UserWorx\VSWorx\ServoStudio\wpfui-servoStudio\samples\Wpf.Ui.servoStudio\servoStudio_wjhet5xd_wpftmp.csproj]
C:\UserWorx\VSWorx\ServoStudio\wpfui-servoStudio\samples\Wpf.Ui.servoStudio\Core\CANopen\SerialCanBus.cs(120,18): warning IDE0055: 淇鏍煎紡 (https://learn.microsoft.com/dotnet/fundamentals/code-analysis/style-rules/ide0055) [C:\UserWorx\VSWorx\ServoStudio\wpfui-servoStudio\samples\Wpf.Ui.servoStudio\servoStudio_wjhet5xd_wpftmp.csproj]
C:\UserWorx\VSWorx\ServoStudio\wpfui-servoStudio\samples\Wpf.Ui.servoStudio\Core\CANopen\SerialCanBus.cs(120,33): warning IDE0055: 淇鏍煎紡 (https://learn.microsoft.com/dotnet/fundamentals/code-analysis/style-rules/ide0055) [C:\UserWorx\VSWorx\ServoStudio\wpfui-servoStudio\samples\Wpf.Ui.servoStudio\servoStudio_wjhet5xd_wpftmp.csproj]
C:\UserWorx\VSWorx\ServoStudio\wpfui-servoStudio\samples\Wpf.Ui.servoStudio\Core\CANopen\SerialCanBus.cs(120,35): warning IDE0055: 淇鏍煎紡 (https://learn.microsoft.com/dotnet/fundamentals/code-analysis/style-rules/ide0055) [C:\UserWorx\VSWorx\ServoStudio\wpfui-servoStudio\samples\Wpf.Ui.servoStudio\servoStudio_wjhet5xd_wpftmp.csproj]
C:\UserWorx\VSWorx\ServoStudio\wpfui-servoStudio\samples\Wpf.Ui.servoStudio\Core\CANopen\SerialCanBus.cs(133,12): warning IDE0055: 淇鏍煎紡 (https://learn.microsoft.com/dotnet/fundamentals/code-analysis/style-rules/ide0055) [C:\UserWorx\VSWorx\ServoStudio\wpfui-servoStudio\samples\Wpf.Ui.servoStudio\servoStudio_wjhet5xd_wpftmp.csproj]
C:\UserWorx\VSWorx\ServoStudio\wpfui-servoStudio\samples\Wpf.Ui.servoStudio\Core\CANopen\SerialCanBus.cs(133,14): warning IDE0055: 淇鏍煎紡 (https://learn.microsoft.com/dotnet/fundamentals/code-analysis/style-rules/ide0055) [C:\UserWorx\VSWorx\ServoStudio\wpfui-servoStudio\samples\Wpf.Ui.servoStudio\servoStudio_wjhet5xd_wpftmp.csproj]
C:\UserWorx\VSWorx\ServoStudio\wpfui-servoStudio\samples\Wpf.Ui.servoStudio\Core\CANopen\SerialCanBus.cs(133,32): warning IDE0055: 淇鏍煎紡 (https://learn.microsoft.com/dotnet/fundamentals/code-analysis/style-rules/ide0055) [C:\UserWorx\VSWorx\ServoStudio\wpfui-servoStudio\samples\Wpf.Ui.servoStudio\servoStudio_wjhet5xd_wpftmp.csproj]
C:\UserWorx\VSWorx\ServoStudio\wpfui-servoStudio\samples\Wpf.Ui.servoStudio\Core\CANopen\SerialCanBus.cs(133,34): warning IDE0055: 淇鏍煎紡 (https://learn.microsoft.com/dotnet/fundamentals/code-analysis/style-rules/ide0055) [C:\UserWorx\VSWorx\ServoStudio\wpfui-servoStudio\samples\Wpf.Ui.servoStudio\servoStudio_wjhet5xd_wpftmp.csproj]
C:\UserWorx\VSWorx\ServoStudio\wpfui-servoStudio\samples\Wpf.Ui.servoStudio\Core\CANopen\SerialCanBus.cs(134,12): warning IDE0055: 淇鏍煎紡 (https://learn.microsoft.com/dotnet/fundamentals/code-analysis/style-rules/ide0055) [C:\UserWorx\VSWorx\ServoStudio\wpfui-servoStudio\samples\Wpf.Ui.servoStudio\servoStudio_wjhet5xd_wpftmp.csproj]
C:\UserWorx\VSWorx\ServoStudio\wpfui-servoStudio\samples\Wpf.Ui.servoStudio\Core\CANopen\SerialCanBus.cs(134,14): warning IDE0055: 淇鏍煎紡 (https://learn.microsoft.com/dotnet/fundamentals/code-analysis/style-rules/ide0055) [C:\UserWorx\VSWorx\ServoStudio\wpfui-servoStudio\samples\Wpf.Ui.servoStudio\servoStudio_wjhet5xd_wpftmp.csproj]
C:\UserWorx\VSWorx\ServoStudio\wpfui-servoStudio\samples\Wpf.Ui.servoStudio\Core\CANopen\SerialCanBus.cs(134,36): warning IDE0055: 淇鏍煎紡 (https://learn.microsoft.com/dotnet/fundamentals/code-analysis/style-rules/ide0055) [C:\UserWorx\VSWorx\ServoStudio\wpfui-servoStudio\samples\Wpf.Ui.servoStudio\servoStudio_wjhet5xd_wpftmp.csproj]
C:\UserWorx\VSWorx\ServoStudio\wpfui-servoStudio\samples\Wpf.Ui.servoStudio\Core\CANopen\SerialCanBus.cs(134,38): warning IDE0055: 淇鏍煎紡 (https://learn.microsoft.com/dotnet/fundamentals/code-analysis/style-rules/ide0055) [C:\UserWorx\VSWorx\ServoStudio\wpfui-servoStudio\samples\Wpf.Ui.servoStudio\servoStudio_wjhet5xd_wpftmp.csproj]
C:\UserWorx\VSWorx\ServoStudio\wpfui-servoStudio\samples\Wpf.Ui.servoStudio\Core\CANopen\SerialCanBus.cs(137,12): warning IDE0055: 淇鏍煎紡 (https://learn.microsoft.com/dotnet/fundamentals/code-analysis/style-rules/ide0055) [C:\UserWorx\VSWorx\ServoStudio\wpfui-servoStudio\samples\Wpf.Ui.servoStudio\servoStudio_wjhet5xd_wpftmp.csproj]
C:\UserWorx\VSWorx\ServoStudio\wpfui-servoStudio\samples\Wpf.Ui.servoStudio\Core\CANopen\SerialCanBus.cs(137,14): warning IDE0055: 淇鏍煎紡 (https://learn.microsoft.com/dotnet/fundamentals/code-analysis/style-rules/ide0055) [C:\UserWorx\VSWorx\ServoStudio\wpfui-servoStudio\samples\Wpf.Ui.servoStudio\servoStudio_wjhet5xd_wpftmp.csproj]
C:\UserWorx\VSWorx\ServoStudio\wpfui-servoStudio\samples\Wpf.Ui.servoStudio\Core\CANopen\SerialCanBus.cs(137,32): warning IDE0055: 淇鏍煎紡 (https://learn.microsoft.com/dotnet/fundamentals/code-analysis/style-rules/ide0055) [C:\UserWorx\VSWorx\ServoStudio\wpfui-servoStudio\samples\Wpf.Ui.servoStudio\servoStudio_wjhet5xd_wpftmp.csproj]
C:\UserWorx\VSWorx\ServoStudio\wpfui-servoStudio\samples\Wpf.Ui.servoStudio\Core\CANopen\SerialCanBus.cs(137,34): warning IDE0055: 淇鏍煎紡 (https://learn.microsoft.com/dotnet/fundamentals/code-analysis/style-rules/ide0055) [C:\UserWorx\VSWorx\ServoStudio\wpfui-servoStudio\samples\Wpf.Ui.servoStudio\servoStudio_wjhet5xd_wpftmp.csproj]
C:\UserWorx\VSWorx\ServoStudio\wpfui-servoStudio\samples\Wpf.Ui.servoStudio\Core\CANopen\SerialCanBus.cs(137,56): warning IDE0055: 淇鏍煎紡 (https://learn.microsoft.com/dotnet/fundamentals/code-analysis/style-rules/ide0055) [C:\UserWorx\VSWorx\ServoStudio\wpfui-servoStudio\samples\Wpf.Ui.servoStudio\servoStudio_wjhet5xd_wpftmp.csproj]
C:\UserWorx\VSWorx\ServoStudio\wpfui-servoStudio\samples\Wpf.Ui.servoStudio\Core\CANopen\SerialCanBus.cs(137,71): warning IDE0055: 淇鏍煎紡 (https://learn.microsoft.com/dotnet/fundamentals/code-analysis/style-rules/ide0055) [C:\UserWorx\VSWorx\ServoStudio\wpfui-servoStudio\samples\Wpf.Ui.servoStudio\servoStudio_wjhet5xd_wpftmp.csproj]
C:\UserWorx\VSWorx\ServoStudio\wpfui-servoStudio\samples\Wpf.Ui.servoStudio\Core\CANopen\SerialCanBus.cs(137,73): warning IDE0055: 淇鏍煎紡 (https://learn.microsoft.com/dotnet/fundamentals/code-analysis/style-rules/ide0055) [C:\UserWorx\VSWorx\ServoStudio\wpfui-servoStudio\samples\Wpf.Ui.servoStudio\servoStudio_wjhet5xd_wpftmp.csproj]
C:\UserWorx\VSWorx\ServoStudio\wpfui-servoStudio\samples\Wpf.Ui.servoStudio\Core\CANopen\SerialCanBus.cs(137,75): warning IDE0055: 淇鏍煎紡 (https://learn.microsoft.com/dotnet/fundamentals/code-analysis/style-rules/ide0055) [C:\UserWorx\VSWorx\ServoStudio\wpfui-servoStudio\samples\Wpf.Ui.servoStudio\servoStudio_wjhet5xd_wpftmp.csproj]
C:\UserWorx\VSWorx\ServoStudio\wpfui-servoStudio\samples\Wpf.Ui.servoStudio\Core\CANopen\SerialCanBus.cs(139,40): warning IDE0055: 淇鏍煎紡 (https://learn.microsoft.com/dotnet/fundamentals/code-analysis/style-rules/ide0055) [C:\UserWorx\VSWorx\ServoStudio\wpfui-servoStudio\samples\Wpf.Ui.servoStudio\servoStudio_wjhet5xd_wpftmp.csproj]
C:\UserWorx\VSWorx\ServoStudio\wpfui-servoStudio\samples\Wpf.Ui.servoStudio\Core\CANopen\SerialCanBus.cs(139,42): warning IDE0055: 淇鏍煎紡 (https://learn.microsoft.com/dotnet/fundamentals/code-analysis/style-rules/ide0055) [C:\UserWorx\VSWorx\ServoStudio\wpfui-servoStudio\samples\Wpf.Ui.servoStudio\servoStudio_wjhet5xd_wpftmp.csproj]
C:\UserWorx\VSWorx\ServoStudio\wpfui-servoStudio\samples\Wpf.Ui.servoStudio\Core\CANopen\SerialCanBus.cs(169,12): warning IDE0055: 淇鏍煎紡 (https://learn.microsoft.com/dotnet/fundamentals/code-analysis/style-rules/ide0055) [C:\UserWorx\VSWorx\ServoStudio\wpfui-servoStudio\samples\Wpf.Ui.servoStudio\servoStudio_wjhet5xd_wpftmp.csproj]
C:\UserWorx\VSWorx\ServoStudio\wpfui-servoStudio\samples\Wpf.Ui.servoStudio\Core\CANopen\SerialCanBus.cs(169,14): warning IDE0055: 淇鏍煎紡 (https://learn.microsoft.com/dotnet/fundamentals/code-analysis/style-rules/ide0055) [C:\UserWorx\VSWorx\ServoStudio\wpfui-servoStudio\samples\Wpf.Ui.servoStudio\servoStudio_wjhet5xd_wpftmp.csproj]
C:\UserWorx\VSWorx\ServoStudio\wpfui-servoStudio\samples\Wpf.Ui.servoStudio\Core\CANopen\SerialCanBus.cs(169,61): warning IDE0055: 淇鏍煎紡 (https://learn.microsoft.com/dotnet/fundamentals/code-analysis/style-rules/ide0055) [C:\UserWorx\VSWorx\ServoStudio\wpfui-servoStudio\samples\Wpf.Ui.servoStudio\servoStudio_wjhet5xd_wpftmp.csproj]
C:\UserWorx\VSWorx\ServoStudio\wpfui-servoStudio\samples\Wpf.Ui.servoStudio\Core\CANopen\SerialCanBus.cs(181,12): warning IDE0055: 淇鏍煎紡 (https://learn.microsoft.com/dotnet/fundamentals/code-analysis/style-rules/ide0055) [C:\UserWorx\VSWorx\ServoStudio\wpfui-servoStudio\samples\Wpf.Ui.servoStudio\servoStudio_wjhet5xd_wpftmp.csproj]
C:\UserWorx\VSWorx\ServoStudio\wpfui-servoStudio\samples\Wpf.Ui.servoStudio\Core\CANopen\SerialCanBus.cs(181,14): warning IDE0055: 淇鏍煎紡 (https://learn.microsoft.com/dotnet/fundamentals/code-analysis/style-rules/ide0055) [C:\UserWorx\VSWorx\ServoStudio\wpfui-servoStudio\samples\Wpf.Ui.servoStudio\servoStudio_wjhet5xd_wpftmp.csproj]
C:\UserWorx\VSWorx\ServoStudio\wpfui-servoStudio\samples\Wpf.Ui.servoStudio\Core\CANopen\SerialCanBus.cs(181,23): warning IDE0055: 淇鏍煎紡 (https://learn.microsoft.com/dotnet/fundamentals/code-analysis/style-rules/ide0055) [C:\UserWorx\VSWorx\ServoStudio\wpfui-servoStudio\samples\Wpf.Ui.servoStudio\servoStudio_wjhet5xd_wpftmp.csproj]
C:\UserWorx\VSWorx\ServoStudio\wpfui-servoStudio\samples\Wpf.Ui.servoStudio\Core\CANopen\SerialCanBus.cs(181,25): warning IDE0055: 淇鏍煎紡 (https://learn.microsoft.com/dotnet/fundamentals/code-analysis/style-rules/ide0055) [C:\UserWorx\VSWorx\ServoStudio\wpfui-servoStudio\samples\Wpf.Ui.servoStudio\servoStudio_wjhet5xd_wpftmp.csproj]
C:\UserWorx\VSWorx\ServoStudio\wpfui-servoStudio\samples\Wpf.Ui.servoStudio\Core\CANopen\SerialCanBus.cs(216,16): warning IDE0055: 淇鏍煎紡 (https://learn.microsoft.com/dotnet/fundamentals/code-analysis/style-rules/ide0055) [C:\UserWorx\VSWorx\ServoStudio\wpfui-servoStudio\samples\Wpf.Ui.servoStudio\servoStudio_wjhet5xd_wpftmp.csproj]
C:\UserWorx\VSWorx\ServoStudio\wpfui-servoStudio\samples\Wpf.Ui.servoStudio\Core\CANopen\SerialCanBus.cs(216,18): warning IDE0055: 淇鏍煎紡 (https://learn.microsoft.com/dotnet/fundamentals/code-analysis/style-rules/ide0055) [C:\UserWorx\VSWorx\ServoStudio\wpfui-servoStudio\samples\Wpf.Ui.servoStudio\servoStudio_wjhet5xd_wpftmp.csproj]
C:\UserWorx\VSWorx\ServoStudio\wpfui-servoStudio\samples\Wpf.Ui.servoStudio\Core\CANopen\SerialCanBus.cs(216,60): warning IDE0055: 淇鏍煎紡 (https://learn.microsoft.com/dotnet/fundamentals/code-analysis/style-rules/ide0055) [C:\UserWorx\VSWorx\ServoStudio\wpfui-servoStudio\samples\Wpf.Ui.servoStudio\servoStudio_wjhet5xd_wpftmp.csproj]
C:\UserWorx\VSWorx\ServoStudio\wpfui-servoStudio\samples\Wpf.Ui.servoStudio\Core\CANopen\SerialCanBus.cs(120,57): warning IDE2003: 鍧椾笌鍚庣画璇彞涔嬮棿闇€瑕佹湁绌虹櫧琛?(https://learn.microsoft.com/dotnet/fundamentals/code-analysis/style-rules/ide2003) [C:\UserWorx\VSWorx\ServoStudio\wpfui-servoStudio\samples\Wpf.Ui.servoStudio\servoStudio_wjhet5xd_wpftmp.csproj]
C:\UserWorx\VSWorx\ServoStudio\wpfui-servoStudio\samples\Wpf.Ui.servoStudio\Core\CANopen\SerialCanBus.cs(133,56): warning IDE2003: 鍧椾笌鍚庣画璇彞涔嬮棿闇€瑕佹湁绌虹櫧琛?(https://learn.microsoft.com/dotnet/fundamentals/code-analysis/style-rules/ide2003) [C:\UserWorx\VSWorx\ServoStudio\wpfui-servoStudio\samples\Wpf.Ui.servoStudio\servoStudio_wjhet5xd_wpftmp.csproj]
C:\UserWorx\VSWorx\ServoStudio\wpfui-servoStudio\samples\Wpf.Ui.servoStudio\Core\CANopen\SerialCanBus.cs(134,60): warning IDE2003: 鍧椾笌鍚庣画璇彞涔嬮棿闇€瑕佹湁绌虹櫧琛?(https://learn.microsoft.com/dotnet/fundamentals/code-analysis/style-rules/ide2003) [C:\UserWorx\VSWorx\ServoStudio\wpfui-servoStudio\samples\Wpf.Ui.servoStudio\servoStudio_wjhet5xd_wpftmp.csproj]
C:\UserWorx\VSWorx\ServoStudio\wpfui-servoStudio\samples\Wpf.Ui.servoStudio\Core\CANopen\SerialCanBus.cs(181,47): warning IDE2003: 鍧椾笌鍚庣画璇彞涔嬮棿闇€瑕佹湁绌虹櫧琛?(https://learn.microsoft.com/dotnet/fundamentals/code-analysis/style-rules/ide2003) [C:\UserWorx\VSWorx\ServoStudio\wpfui-servoStudio\samples\Wpf.Ui.servoStudio\servoStudio_wjhet5xd_wpftmp.csproj]
C:\UserWorx\VSWorx\ServoStudio\wpfui-servoStudio\samples\Wpf.Ui.servoStudio\Core\CANopen\VirtualCanBus.cs(26,56): warning IDE0055: 淇鏍煎紡 (https://learn.microsoft.com/dotnet/fundamentals/code-analysis/style-rules/ide0055) [C:\UserWorx\VSWorx\ServoStudio\wpfui-servoStudio\samples\Wpf.Ui.servoStudio\servoStudio_wjhet5xd_wpftmp.csproj]
C:\UserWorx\VSWorx\ServoStudio\wpfui-servoStudio\samples\Wpf.Ui.servoStudio\Core\CANopen\VirtualCanBus.cs(26,58): warning IDE0055: 淇鏍煎紡 (https://learn.microsoft.com/dotnet/fundamentals/code-analysis/style-rules/ide0055) [C:\UserWorx\VSWorx\ServoStudio\wpfui-servoStudio\samples\Wpf.Ui.servoStudio\servoStudio_wjhet5xd_wpftmp.csproj]
C:\UserWorx\VSWorx\ServoStudio\wpfui-servoStudio\samples\Wpf.Ui.servoStudio\Core\CANopen\VirtualCanBus.cs(26,68): warning IDE0055: 淇鏍煎紡 (https://learn.microsoft.com/dotnet/fundamentals/code-analysis/style-rules/ide0055) [C:\UserWorx\VSWorx\ServoStudio\wpfui-servoStudio\samples\Wpf.Ui.servoStudio\servoStudio_wjhet5xd_wpftmp.csproj]
C:\UserWorx\VSWorx\ServoStudio\wpfui-servoStudio\samples\Wpf.Ui.servoStudio\Core\CANopen\VirtualCanBus.cs(28,23): warning IDE0055: 淇鏍煎紡 (https://learn.microsoft.com/dotnet/fundamentals/code-analysis/style-rules/ide0055) [C:\UserWorx\VSWorx\ServoStudio\wpfui-servoStudio\samples\Wpf.Ui.servoStudio\servoStudio_wjhet5xd_wpftmp.csproj]
C:\UserWorx\VSWorx\ServoStudio\wpfui-servoStudio\samples\Wpf.Ui.servoStudio\Core\CANopen\VirtualCanBus.cs(28,25): warning IDE0055: 淇鏍煎紡 (https://learn.microsoft.com/dotnet/fundamentals/code-analysis/style-rules/ide0055) [C:\UserWorx\VSWorx\ServoStudio\wpfui-servoStudio\samples\Wpf.Ui.servoStudio\servoStudio_wjhet5xd_wpftmp.csproj]
C:\UserWorx\VSWorx\ServoStudio\wpfui-servoStudio\samples\Wpf.Ui.servoStudio\Core\CANopen\VirtualCanBus.cs(28,43): warning IDE0055: 淇鏍煎紡 (https://learn.microsoft.com/dotnet/fundamentals/code-analysis/style-rules/ide0055) [C:\UserWorx\VSWorx\ServoStudio\wpfui-servoStudio\samples\Wpf.Ui.servoStudio\servoStudio_wjhet5xd_wpftmp.csproj]
C:\UserWorx\VSWorx\ServoStudio\wpfui-servoStudio\samples\Wpf.Ui.servoStudio\Core\CANopen\VirtualCanBus.cs(41,40): warning IDE0055: 淇鏍煎紡 (https://learn.microsoft.com/dotnet/fundamentals/code-analysis/style-rules/ide0055) [C:\UserWorx\VSWorx\ServoStudio\wpfui-servoStudio\samples\Wpf.Ui.servoStudio\servoStudio_wjhet5xd_wpftmp.csproj]
C:\UserWorx\VSWorx\ServoStudio\wpfui-servoStudio\samples\Wpf.Ui.servoStudio\Core\CANopen\VirtualCanBus.cs(41,42): warning IDE0055: 淇鏍煎紡 (https://learn.microsoft.com/dotnet/fundamentals/code-analysis/style-rules/ide0055) [C:\UserWorx\VSWorx\ServoStudio\wpfui-servoStudio\samples\Wpf.Ui.servoStudio\servoStudio_wjhet5xd_wpftmp.csproj]
C:\UserWorx\VSWorx\ServoStudio\wpfui-servoStudio\samples\Wpf.Ui.servoStudio\Core\CANopen\VirtualCanBus.cs(91,12): warning IDE0055: 淇鏍煎紡 (https://learn.microsoft.com/dotnet/fundamentals/code-analysis/style-rules/ide0055) [C:\UserWorx\VSWorx\ServoStudio\wpfui-servoStudio\samples\Wpf.Ui.servoStudio\servoStudio_wjhet5xd_wpftmp.csproj]
C:\UserWorx\VSWorx\ServoStudio\wpfui-servoStudio\samples\Wpf.Ui.servoStudio\Core\CANopen\VirtualCanBus.cs(91,14): warning IDE0055: 淇鏍煎紡 (https://learn.microsoft.com/dotnet/fundamentals/code-analysis/style-rules/ide0055) [C:\UserWorx\VSWorx\ServoStudio\wpfui-servoStudio\samples\Wpf.Ui.servoStudio\servoStudio_wjhet5xd_wpftmp.csproj]
C:\UserWorx\VSWorx\ServoStudio\wpfui-servoStudio\samples\Wpf.Ui.servoStudio\Core\CANopen\VirtualCanBus.cs(91,23): warning IDE0055: 淇鏍煎紡 (https://learn.microsoft.com/dotnet/fundamentals/code-analysis/style-rules/ide0055) [C:\UserWorx\VSWorx\ServoStudio\wpfui-servoStudio\samples\Wpf.Ui.servoStudio\servoStudio_wjhet5xd_wpftmp.csproj]
C:\UserWorx\VSWorx\ServoStudio\wpfui-servoStudio\samples\Wpf.Ui.servoStudio\Core\CANopen\VirtualCanBus.cs(91,25): warning IDE0055: 淇鏍煎紡 (https://learn.microsoft.com/dotnet/fundamentals/code-analysis/style-rules/ide0055) [C:\UserWorx\VSWorx\ServoStudio\wpfui-servoStudio\samples\Wpf.Ui.servoStudio\servoStudio_wjhet5xd_wpftmp.csproj]
C:\UserWorx\VSWorx\ServoStudio\wpfui-servoStudio\samples\Wpf.Ui.servoStudio\Core\CANopen\VirtualCanBus.cs(70,72): warning IDE2003: 鍧椾笌鍚庣画璇彞涔嬮棿闇€瑕佹湁绌虹櫧琛?(https://learn.microsoft.com/dotnet/fundamentals/code-analysis/style-rules/ide2003) [C:\UserWorx\VSWorx\ServoStudio\wpfui-servoStudio\samples\Wpf.Ui.servoStudio\servoStudio_wjhet5xd_wpftmp.csproj]
C:\UserWorx\VSWorx\ServoStudio\wpfui-servoStudio\samples\Wpf.Ui.servoStudio\Core\CANopen\VirtualCanBus.cs(91,47): warning IDE2003: 鍧椾笌鍚庣画璇彞涔嬮棿闇€瑕佹湁绌虹櫧琛?(https://learn.microsoft.com/dotnet/fundamentals/code-analysis/style-rules/ide2003) [C:\UserWorx\VSWorx\ServoStudio\wpfui-servoStudio\samples\Wpf.Ui.servoStudio\servoStudio_wjhet5xd_wpftmp.csproj]
C:\UserWorx\VSWorx\ServoStudio\wpfui-servoStudio\samples\Wpf.Ui.servoStudio\Core\EtherCAT\EtherCatCyclicSyncService.cs(76,16): warning IDE0055: 淇鏍煎紡 (https://learn.microsoft.com/dotnet/fundamentals/code-analysis/style-rules/ide0055) [C:\UserWorx\VSWorx\ServoStudio\wpfui-servoStudio\samples\Wpf.Ui.servoStudio\servoStudio_wjhet5xd_wpftmp.csproj]
C:\UserWorx\VSWorx\ServoStudio\wpfui-servoStudio\samples\Wpf.Ui.servoStudio\Core\EtherCAT\EtherCatCyclicSyncService.cs(76,18): warning IDE0055: 淇鏍煎紡 (https://learn.microsoft.com/dotnet/fundamentals/code-analysis/style-rules/ide0055) [C:\UserWorx\VSWorx\ServoStudio\wpfui-servoStudio\samples\Wpf.Ui.servoStudio\servoStudio_wjhet5xd_wpftmp.csproj]
C:\UserWorx\VSWorx\ServoStudio\wpfui-servoStudio\samples\Wpf.Ui.servoStudio\Core\EtherCAT\EtherCatCyclicSyncService.cs(76,40): warning IDE0055: 淇鏍煎紡 (https://learn.microsoft.com/dotnet/fundamentals/code-analysis/style-rules/ide0055) [C:\UserWorx\VSWorx\ServoStudio\wpfui-servoStudio\samples\Wpf.Ui.servoStudio\servoStudio_wjhet5xd_wpftmp.csproj]
C:\UserWorx\VSWorx\ServoStudio\wpfui-servoStudio\samples\Wpf.Ui.servoStudio\Core\EtherCAT\EtherCatCyclicSyncService.cs(76,42): warning IDE0055: 淇鏍煎紡 (https://learn.microsoft.com/dotnet/fundamentals/code-analysis/style-rules/ide0055) [C:\UserWorx\VSWorx\ServoStudio\wpfui-servoStudio\samples\Wpf.Ui.servoStudio\servoStudio_wjhet5xd_wpftmp.csproj]
C:\UserWorx\VSWorx\ServoStudio\wpfui-servoStudio\samples\Wpf.Ui.servoStudio\Core\EtherCAT\EtherCatCyclicSyncService.cs(85,16): warning IDE0055: 淇鏍煎紡 (https://learn.microsoft.com/dotnet/fundamentals/code-analysis/style-rules/ide0055) [C:\UserWorx\VSWorx\ServoStudio\wpfui-servoStudio\samples\Wpf.Ui.servoStudio\servoStudio_wjhet5xd_wpftmp.csproj]
C:\UserWorx\VSWorx\ServoStudio\wpfui-servoStudio\samples\Wpf.Ui.servoStudio\Core\EtherCAT\EtherCatCyclicSyncService.cs(85,18): warning IDE0055: 淇鏍煎紡 (https://learn.microsoft.com/dotnet/fundamentals/code-analysis/style-rules/ide0055) [C:\UserWorx\VSWorx\ServoStudio\wpfui-servoStudio\samples\Wpf.Ui.servoStudio\servoStudio_wjhet5xd_wpftmp.csproj]
C:\UserWorx\VSWorx\ServoStudio\wpfui-servoStudio\samples\Wpf.Ui.servoStudio\Core\EtherCAT\EtherCatCyclicSyncService.cs(85,39): warning IDE0055: 淇鏍煎紡 (https://learn.microsoft.com/dotnet/fundamentals/code-analysis/style-rules/ide0055) [C:\UserWorx\VSWorx\ServoStudio\wpfui-servoStudio\samples\Wpf.Ui.servoStudio\servoStudio_wjhet5xd_wpftmp.csproj]
C:\UserWorx\VSWorx\ServoStudio\wpfui-servoStudio\samples\Wpf.Ui.servoStudio\Core\EtherCAT\EtherCatCyclicSyncService.cs(85,41): warning IDE0055: 淇鏍煎紡 (https://learn.microsoft.com/dotnet/fundamentals/code-analysis/style-rules/ide0055) [C:\UserWorx\VSWorx\ServoStudio\wpfui-servoStudio\samples\Wpf.Ui.servoStudio\servoStudio_wjhet5xd_wpftmp.csproj]
C:\UserWorx\VSWorx\ServoStudio\wpfui-servoStudio\samples\Wpf.Ui.servoStudio\Core\EtherCAT\EtherCatCyclicSyncService.cs(93,12): warning IDE0055: 淇鏍煎紡 (https://learn.microsoft.com/dotnet/fundamentals/code-analysis/style-rules/ide0055) [C:\UserWorx\VSWorx\ServoStudio\wpfui-servoStudio\samples\Wpf.Ui.servoStudio\servoStudio_wjhet5xd_wpftmp.csproj]
C:\UserWorx\VSWorx\ServoStudio\wpfui-servoStudio\samples\Wpf.Ui.servoStudio\Core\EtherCAT\EtherCatCyclicSyncService.cs(93,14): warning IDE0055: 淇鏍煎紡 (https://learn.microsoft.com/dotnet/fundamentals/code-analysis/style-rules/ide0055) [C:\UserWorx\VSWorx\ServoStudio\wpfui-servoStudio\samples\Wpf.Ui.servoStudio\servoStudio_wjhet5xd_wpftmp.csproj]
C:\UserWorx\VSWorx\ServoStudio\wpfui-servoStudio\samples\Wpf.Ui.servoStudio\Core\EtherCAT\EtherCatCyclicSyncService.cs(93,30): warning IDE0055: 淇鏍煎紡 (https://learn.microsoft.com/dotnet/fundamentals/code-analysis/style-rules/ide0055) [C:\UserWorx\VSWorx\ServoStudio\wpfui-servoStudio\samples\Wpf.Ui.servoStudio\servoStudio_wjhet5xd_wpftmp.csproj]
C:\UserWorx\VSWorx\ServoStudio\wpfui-servoStudio\samples\Wpf.Ui.servoStudio\Core\EtherCAT\EtherCatCyclicSyncService.cs(93,32): warning IDE0055: 淇鏍煎紡 (https://learn.microsoft.com/dotnet/fundamentals/code-analysis/style-rules/ide0055) [C:\UserWorx\VSWorx\ServoStudio\wpfui-servoStudio\samples\Wpf.Ui.servoStudio\servoStudio_wjhet5xd_wpftmp.csproj]
C:\UserWorx\VSWorx\ServoStudio\wpfui-servoStudio\samples\Wpf.Ui.servoStudio\Core\EtherCAT\EtherCatCyclicSyncService.cs(94,12): warning IDE0055: 淇鏍煎紡 (https://learn.microsoft.com/dotnet/fundamentals/code-analysis/style-rules/ide0055) [C:\UserWorx\VSWorx\ServoStudio\wpfui-servoStudio\samples\Wpf.Ui.servoStudio\servoStudio_wjhet5xd_wpftmp.csproj]
C:\UserWorx\VSWorx\ServoStudio\wpfui-servoStudio\samples\Wpf.Ui.servoStudio\Core\EtherCAT\EtherCatCyclicSyncService.cs(94,14): warning IDE0055: 淇鏍煎紡 (https://learn.microsoft.com/dotnet/fundamentals/code-analysis/style-rules/ide0055) [C:\UserWorx\VSWorx\ServoStudio\wpfui-servoStudio\samples\Wpf.Ui.servoStudio\servoStudio_wjhet5xd_wpftmp.csproj]
C:\UserWorx\VSWorx\ServoStudio\wpfui-servoStudio\samples\Wpf.Ui.servoStudio\Core\EtherCAT\EtherCatCyclicSyncService.cs(94,33): warning IDE0055: 淇鏍煎紡 (https://learn.microsoft.com/dotnet/fundamentals/code-analysis/style-rules/ide0055) [C:\UserWorx\VSWorx\ServoStudio\wpfui-servoStudio\samples\Wpf.Ui.servoStudio\servoStudio_wjhet5xd_wpftmp.csproj]
C:\UserWorx\VSWorx\ServoStudio\wpfui-servoStudio\samples\Wpf.Ui.servoStudio\Core\EtherCAT\EtherCatCyclicSyncService.cs(94,35): warning IDE0055: 淇鏍煎紡 (https://learn.microsoft.com/dotnet/fundamentals/code-analysis/style-rules/ide0055) [C:\UserWorx\VSWorx\ServoStudio\wpfui-servoStudio\samples\Wpf.Ui.servoStudio\servoStudio_wjhet5xd_wpftmp.csproj]
C:\UserWorx\VSWorx\ServoStudio\wpfui-servoStudio\samples\Wpf.Ui.servoStudio\Core\EtherCAT\EtherCatCyclicSyncService.cs(183,12): warning IDE0055: 淇鏍煎紡 (https://learn.microsoft.com/dotnet/fundamentals/code-analysis/style-rules/ide0055) [C:\UserWorx\VSWorx\ServoStudio\wpfui-servoStudio\samples\Wpf.Ui.servoStudio\servoStudio_wjhet5xd_wpftmp.csproj]
C:\UserWorx\VSWorx\ServoStudio\wpfui-servoStudio\samples\Wpf.Ui.servoStudio\Core\EtherCAT\EtherCatCyclicSyncService.cs(183,14): warning IDE0055: 淇鏍煎紡 (https://learn.microsoft.com/dotnet/fundamentals/code-analysis/style-rules/ide0055) [C:\UserWorx\VSWorx\ServoStudio\wpfui-servoStudio\samples\Wpf.Ui.servoStudio\servoStudio_wjhet5xd_wpftmp.csproj]
C:\UserWorx\VSWorx\ServoStudio\wpfui-servoStudio\samples\Wpf.Ui.servoStudio\Core\EtherCAT\EtherCatCyclicSyncService.cs(183,79): warning IDE0055: 淇鏍煎紡 (https://learn.microsoft.com/dotnet/fundamentals/code-analysis/style-rules/ide0055) [C:\UserWorx\VSWorx\ServoStudio\wpfui-servoStudio\samples\Wpf.Ui.servoStudio\servoStudio_wjhet5xd_wpftmp.csproj]
C:\UserWorx\VSWorx\ServoStudio\wpfui-servoStudio\samples\Wpf.Ui.servoStudio\Core\EtherCAT\EtherCatCyclicSyncService.cs(183,81): warning IDE0055: 淇鏍煎紡 (https://learn.microsoft.com/dotnet/fundamentals/code-analysis/style-rules/ide0055) [C:\UserWorx\VSWorx\ServoStudio\wpfui-servoStudio\samples\Wpf.Ui.servoStudio\servoStudio_wjhet5xd_wpftmp.csproj]
C:\UserWorx\VSWorx\ServoStudio\wpfui-servoStudio\samples\Wpf.Ui.servoStudio\Core\EtherCAT\EtherCatCyclicSyncService.cs(184,12): warning IDE0055: 淇鏍煎紡 (https://learn.microsoft.com/dotnet/fundamentals/code-analysis/style-rules/ide0055) [C:\UserWorx\VSWorx\ServoStudio\wpfui-servoStudio\samples\Wpf.Ui.servoStudio\servoStudio_wjhet5xd_wpftmp.csproj]
C:\UserWorx\VSWorx\ServoStudio\wpfui-servoStudio\samples\Wpf.Ui.servoStudio\Core\EtherCAT\EtherCatCyclicSyncService.cs(184,14): warning IDE0055: 淇鏍煎紡 (https://learn.microsoft.com/dotnet/fundamentals/code-analysis/style-rules/ide0055) [C:\UserWorx\VSWorx\ServoStudio\wpfui-servoStudio\samples\Wpf.Ui.servoStudio\servoStudio_wjhet5xd_wpftmp.csproj]
C:\UserWorx\VSWorx\ServoStudio\wpfui-servoStudio\samples\Wpf.Ui.servoStudio\Core\EtherCAT\EtherCatCyclicSyncService.cs(184,79): warning IDE0055: 淇鏍煎紡 (https://learn.microsoft.com/dotnet/fundamentals/code-analysis/style-rules/ide0055) [C:\UserWorx\VSWorx\ServoStudio\wpfui-servoStudio\samples\Wpf.Ui.servoStudio\servoStudio_wjhet5xd_wpftmp.csproj]
C:\UserWorx\VSWorx\ServoStudio\wpfui-servoStudio\samples\Wpf.Ui.servoStudio\Core\EtherCAT\EtherCatCyclicSyncService.cs(184,81): warning IDE0055: 淇鏍煎紡 (https://learn.microsoft.com/dotnet/fundamentals/code-analysis/style-rules/ide0055) [C:\UserWorx\VSWorx\ServoStudio\wpfui-servoStudio\samples\Wpf.Ui.servoStudio\servoStudio_wjhet5xd_wpftmp.csproj]
C:\UserWorx\VSWorx\ServoStudio\wpfui-servoStudio\samples\Wpf.Ui.servoStudio\Core\EtherCAT\EtherCatCyclicSyncService.cs(76,64): warning IDE2003: 鍧椾笌鍚庣画璇彞涔嬮棿闇€瑕佹湁绌虹櫧琛?(https://learn.microsoft.com/dotnet/fundamentals/code-analysis/style-rules/ide2003) [C:\UserWorx\VSWorx\ServoStudio\wpfui-servoStudio\samples\Wpf.Ui.servoStudio\servoStudio_wjhet5xd_wpftmp.csproj]
C:\UserWorx\VSWorx\ServoStudio\wpfui-servoStudio\samples\Wpf.Ui.servoStudio\Core\EtherCAT\EtherCatCyclicSyncService.cs(84,61): warning IDE2003: 鍧椾笌鍚庣画璇彞涔嬮棿闇€瑕佹湁绌虹櫧琛?(https://learn.microsoft.com/dotnet/fundamentals/code-analysis/style-rules/ide2003) [C:\UserWorx\VSWorx\ServoStudio\wpfui-servoStudio\samples\Wpf.Ui.servoStudio\servoStudio_wjhet5xd_wpftmp.csproj]
C:\UserWorx\VSWorx\ServoStudio\wpfui-servoStudio\samples\Wpf.Ui.servoStudio\Core\EtherCAT\EtherCatCyclicSyncService.cs(85,63): warning IDE2003: 鍧椾笌鍚庣画璇彞涔嬮棿闇€瑕佹湁绌虹櫧琛?(https://learn.microsoft.com/dotnet/fundamentals/code-analysis/style-rules/ide2003) [C:\UserWorx\VSWorx\ServoStudio\wpfui-servoStudio\samples\Wpf.Ui.servoStudio\servoStudio_wjhet5xd_wpftmp.csproj]
C:\UserWorx\VSWorx\ServoStudio\wpfui-servoStudio\samples\Wpf.Ui.servoStudio\Core\EtherCAT\EtherCatCyclicSyncService.cs(93,54): warning IDE2003: 鍧椾笌鍚庣画璇彞涔嬮棿闇€瑕佹湁绌虹櫧琛?(https://learn.microsoft.com/dotnet/fundamentals/code-analysis/style-rules/ide2003) [C:\UserWorx\VSWorx\ServoStudio\wpfui-servoStudio\samples\Wpf.Ui.servoStudio\servoStudio_wjhet5xd_wpftmp.csproj]
C:\UserWorx\VSWorx\ServoStudio\wpfui-servoStudio\samples\Wpf.Ui.servoStudio\Core\EtherCAT\EtherCatCyclicSyncService.cs(94,57): warning IDE2003: 鍧椾笌鍚庣画璇彞涔嬮棿闇€瑕佹湁绌虹櫧琛?(https://learn.microsoft.com/dotnet/fundamentals/code-analysis/style-rules/ide2003) [C:\UserWorx\VSWorx\ServoStudio\wpfui-servoStudio\samples\Wpf.Ui.servoStudio\servoStudio_wjhet5xd_wpftmp.csproj]
C:\UserWorx\VSWorx\ServoStudio\wpfui-servoStudio\samples\Wpf.Ui.servoStudio\Core\EtherCAT\EtherCatCyclicSyncService.cs(183,103): warning IDE2003: 鍧椾笌鍚庣画璇彞涔嬮棿闇€瑕佹湁绌虹櫧琛?(https://learn.microsoft.com/dotnet/fundamentals/code-analysis/style-rules/ide2003) [C:\UserWorx\VSWorx\ServoStudio\wpfui-servoStudio\samples\Wpf.Ui.servoStudio\servoStudio_wjhet5xd_wpftmp.csproj]
C:\UserWorx\VSWorx\ServoStudio\wpfui-servoStudio\samples\Wpf.Ui.servoStudio\Core\IServoMaster.cs(33,18): warning IDE0055: 淇鏍煎紡 (https://learn.microsoft.com/dotnet/fundamentals/code-analysis/style-rules/ide0055) [C:\UserWorx\VSWorx\ServoStudio\wpfui-servoStudio\samples\Wpf.Ui.servoStudio\servoStudio_wjhet5xd_wpftmp.csproj]
C:\UserWorx\VSWorx\ServoStudio\wpfui-servoStudio\samples\Wpf.Ui.servoStudio\Core\IServoMaster.cs(33,20): warning IDE0055: 淇鏍煎紡 (https://learn.microsoft.com/dotnet/fundamentals/code-analysis/style-rules/ide0055) [C:\UserWorx\VSWorx\ServoStudio\wpfui-servoStudio\samples\Wpf.Ui.servoStudio\servoStudio_wjhet5xd_wpftmp.csproj]
C:\UserWorx\VSWorx\ServoStudio\wpfui-servoStudio\samples\Wpf.Ui.servoStudio\Core\IServoMaster.cs(33,25): warning IDE0055: 淇鏍煎紡 (https://learn.microsoft.com/dotnet/fundamentals/code-analysis/style-rules/ide0055) [C:\UserWorx\VSWorx\ServoStudio\wpfui-servoStudio\samples\Wpf.Ui.servoStudio\servoStudio_wjhet5xd_wpftmp.csproj]
C:\UserWorx\VSWorx\ServoStudio\wpfui-servoStudio\samples\Wpf.Ui.servoStudio\Core\IServoMaster.cs(36,22): warning IDE0055: 淇鏍煎紡 (https://learn.microsoft.com/dotnet/fundamentals/code-analysis/style-rules/ide0055) [C:\UserWorx\VSWorx\ServoStudio\wpfui-servoStudio\samples\Wpf.Ui.servoStudio\servoStudio_wjhet5xd_wpftmp.csproj]
C:\UserWorx\VSWorx\ServoStudio\wpfui-servoStudio\samples\Wpf.Ui.servoStudio\Core\IServoMaster.cs(36,24): warning IDE0055: 淇鏍煎紡 (https://learn.microsoft.com/dotnet/fundamentals/code-analysis/style-rules/ide0055) [C:\UserWorx\VSWorx\ServoStudio\wpfui-servoStudio\samples\Wpf.Ui.servoStudio\servoStudio_wjhet5xd_wpftmp.csproj]
C:\UserWorx\VSWorx\ServoStudio\wpfui-servoStudio\samples\Wpf.Ui.servoStudio\Core\IServoMaster.cs(36,29): warning IDE0055: 淇鏍煎紡 (https://learn.microsoft.com/dotnet/fundamentals/code-analysis/style-rules/ide0055) [C:\UserWorx\VSWorx\ServoStudio\wpfui-servoStudio\samples\Wpf.Ui.servoStudio\servoStudio_wjhet5xd_wpftmp.csproj]
C:\UserWorx\VSWorx\ServoStudio\wpfui-servoStudio\samples\Wpf.Ui.servoStudio\Core\IServoMaster.cs(39,28): warning IDE0055: 淇鏍煎紡 (https://learn.microsoft.com/dotnet/fundamentals/code-analysis/style-rules/ide0055) [C:\UserWorx\VSWorx\ServoStudio\wpfui-servoStudio\samples\Wpf.Ui.servoStudio\servoStudio_wjhet5xd_wpftmp.csproj]
C:\UserWorx\VSWorx\ServoStudio\wpfui-servoStudio\samples\Wpf.Ui.servoStudio\Core\IServoMaster.cs(39,30): warning IDE0055: 淇鏍煎紡 (https://learn.microsoft.com/dotnet/fundamentals/code-analysis/style-rules/ide0055) [C:\UserWorx\VSWorx\ServoStudio\wpfui-servoStudio\samples\Wpf.Ui.servoStudio\servoStudio_wjhet5xd_wpftmp.csproj]
C:\UserWorx\VSWorx\ServoStudio\wpfui-servoStudio\samples\Wpf.Ui.servoStudio\Core\IServoMaster.cs(39,35): warning IDE0055: 淇鏍煎紡 (https://learn.microsoft.com/dotnet/fundamentals/code-analysis/style-rules/ide0055) [C:\UserWorx\VSWorx\ServoStudio\wpfui-servoStudio\samples\Wpf.Ui.servoStudio\servoStudio_wjhet5xd_wpftmp.csproj]
C:\UserWorx\VSWorx\ServoStudio\wpfui-servoStudio\samples\Wpf.Ui.servoStudio\Core\Modbus\ModbusRtuMaster.cs(77,33): warning IDE0055: 淇鏍煎紡 (https://learn.microsoft.com/dotnet/fundamentals/code-analysis/style-rules/ide0055) [C:\UserWorx\VSWorx\ServoStudio\wpfui-servoStudio\samples\Wpf.Ui.servoStudio\servoStudio_wjhet5xd_wpftmp.csproj]
C:\UserWorx\VSWorx\ServoStudio\wpfui-servoStudio\samples\Wpf.Ui.servoStudio\Core\Modbus\ModbusRtuMaster.cs(77,35): warning IDE0055: 淇鏍煎紡 (https://learn.microsoft.com/dotnet/fundamentals/code-analysis/style-rules/ide0055) [C:\UserWorx\VSWorx\ServoStudio\wpfui-servoStudio\samples\Wpf.Ui.servoStudio\servoStudio_wjhet5xd_wpftmp.csproj]
C:\UserWorx\VSWorx\ServoStudio\wpfui-servoStudio\samples\Wpf.Ui.servoStudio\Core\Modbus\ModbusRtuMaster.cs(77,45): warning IDE0055: 淇鏍煎紡 (https://learn.microsoft.com/dotnet/fundamentals/code-analysis/style-rules/ide0055) [C:\UserWorx\VSWorx\ServoStudio\wpfui-servoStudio\samples\Wpf.Ui.servoStudio\servoStudio_wjhet5xd_wpftmp.csproj]
C:\UserWorx\VSWorx\ServoStudio\wpfui-servoStudio\samples\Wpf.Ui.servoStudio\Core\Modbus\ModbusRtuMaster.cs(80,26): warning IDE0055: 淇鏍煎紡 (https://learn.microsoft.com/dotnet/fundamentals/code-analysis/style-rules/ide0055) [C:\UserWorx\VSWorx\ServoStudio\wpfui-servoStudio\samples\Wpf.Ui.servoStudio\servoStudio_wjhet5xd_wpftmp.csproj]
C:\UserWorx\VSWorx\ServoStudio\wpfui-servoStudio\samples\Wpf.Ui.servoStudio\Core\Modbus\ModbusRtuMaster.cs(80,28): warning IDE0055: 淇鏍煎紡 (https://learn.microsoft.com/dotnet/fundamentals/code-analysis/style-rules/ide0055) [C:\UserWorx\VSWorx\ServoStudio\wpfui-servoStudio\samples\Wpf.Ui.servoStudio\servoStudio_wjhet5xd_wpftmp.csproj]
C:\UserWorx\VSWorx\ServoStudio\wpfui-servoStudio\samples\Wpf.Ui.servoStudio\Core\Modbus\ModbusRtuMaster.cs(80,38): warning IDE0055: 淇鏍煎紡 (https://learn.microsoft.com/dotnet/fundamentals/code-analysis/style-rules/ide0055) [C:\UserWorx\VSWorx\ServoStudio\wpfui-servoStudio\samples\Wpf.Ui.servoStudio\servoStudio_wjhet5xd_wpftmp.csproj]
C:\UserWorx\VSWorx\ServoStudio\wpfui-servoStudio\samples\Wpf.Ui.servoStudio\Core\Modbus\ModbusRtuMaster.cs(95,40): warning IDE0055: 淇鏍煎紡 (https://learn.microsoft.com/dotnet/fundamentals/code-analysis/style-rules/ide0055) [C:\UserWorx\VSWorx\ServoStudio\wpfui-servoStudio\samples\Wpf.Ui.servoStudio\servoStudio_wjhet5xd_wpftmp.csproj]
C:\UserWorx\VSWorx\ServoStudio\wpfui-servoStudio\samples\Wpf.Ui.servoStudio\Core\Modbus\ModbusRtuMaster.cs(95,42): warning IDE0055: 淇鏍煎紡 (https://learn.microsoft.com/dotnet/fundamentals/code-analysis/style-rules/ide0055) [C:\UserWorx\VSWorx\ServoStudio\wpfui-servoStudio\samples\Wpf.Ui.servoStudio\servoStudio_wjhet5xd_wpftmp.csproj]
C:\UserWorx\VSWorx\ServoStudio\wpfui-servoStudio\samples\Wpf.Ui.servoStudio\Core\Modbus\ModbusRtuMaster.cs(95,60): warning IDE0055: 淇鏍煎紡 (https://learn.microsoft.com/dotnet/fundamentals/code-analysis/style-rules/ide0055) [C:\UserWorx\VSWorx\ServoStudio\wpfui-servoStudio\samples\Wpf.Ui.servoStudio\servoStudio_wjhet5xd_wpftmp.csproj]
C:\UserWorx\VSWorx\ServoStudio\wpfui-servoStudio\samples\Wpf.Ui.servoStudio\Core\Modbus\ModbusRtuMaster.cs(110,33): warning IDE0055: 淇鏍煎紡 (https://learn.microsoft.com/dotnet/fundamentals/code-analysis/style-rules/ide0055) [C:\UserWorx\VSWorx\ServoStudio\wpfui-servoStudio\samples\Wpf.Ui.servoStudio\servoStudio_wjhet5xd_wpftmp.csproj]
C:\UserWorx\VSWorx\ServoStudio\wpfui-servoStudio\samples\Wpf.Ui.servoStudio\Core\Modbus\ModbusRtuMaster.cs(110,35): warning IDE0055: 淇鏍煎紡 (https://learn.microsoft.com/dotnet/fundamentals/code-analysis/style-rules/ide0055) [C:\UserWorx\VSWorx\ServoStudio\wpfui-servoStudio\samples\Wpf.Ui.servoStudio\servoStudio_wjhet5xd_wpftmp.csproj]
C:\UserWorx\VSWorx\ServoStudio\wpfui-servoStudio\samples\Wpf.Ui.servoStudio\Core\Modbus\ModbusRtuMaster.cs(110,53): warning IDE0055: 淇鏍煎紡 (https://learn.microsoft.com/dotnet/fundamentals/code-analysis/style-rules/ide0055) [C:\UserWorx\VSWorx\ServoStudio\wpfui-servoStudio\samples\Wpf.Ui.servoStudio\servoStudio_wjhet5xd_wpftmp.csproj]
C:\UserWorx\VSWorx\ServoStudio\wpfui-servoStudio\samples\Wpf.Ui.servoStudio\Core\Modbus\ModbusRtuMaster.cs(126,16): warning IDE0055: 淇鏍煎紡 (https://learn.microsoft.com/dotnet/fundamentals/code-analysis/style-rules/ide0055) [C:\UserWorx\VSWorx\ServoStudio\wpfui-servoStudio\samples\Wpf.Ui.servoStudio\servoStudio_wjhet5xd_wpftmp.csproj]
C:\UserWorx\VSWorx\ServoStudio\wpfui-servoStudio\samples\Wpf.Ui.servoStudio\Core\Modbus\ModbusRtuMaster.cs(126,18): warning IDE0055: 淇鏍煎紡 (https://learn.microsoft.com/dotnet/fundamentals/code-analysis/style-rules/ide0055) [C:\UserWorx\VSWorx\ServoStudio\wpfui-servoStudio\samples\Wpf.Ui.servoStudio\servoStudio_wjhet5xd_wpftmp.csproj]
C:\UserWorx\VSWorx\ServoStudio\wpfui-servoStudio\samples\Wpf.Ui.servoStudio\Core\Modbus\ModbusRtuMaster.cs(126,33): warning IDE0055: 淇鏍煎紡 (https://learn.microsoft.com/dotnet/fundamentals/code-analysis/style-rules/ide0055) [C:\UserWorx\VSWorx\ServoStudio\wpfui-servoStudio\samples\Wpf.Ui.servoStudio\servoStudio_wjhet5xd_wpftmp.csproj]
C:\UserWorx\VSWorx\ServoStudio\wpfui-servoStudio\samples\Wpf.Ui.servoStudio\Core\Modbus\ModbusRtuMaster.cs(126,35): warning IDE0055: 淇鏍煎紡 (https://learn.microsoft.com/dotnet/fundamentals/code-analysis/style-rules/ide0055) [C:\UserWorx\VSWorx\ServoStudio\wpfui-servoStudio\samples\Wpf.Ui.servoStudio\servoStudio_wjhet5xd_wpftmp.csproj]
C:\UserWorx\VSWorx\ServoStudio\wpfui-servoStudio\samples\Wpf.Ui.servoStudio\Core\Modbus\ModbusRtuMaster.cs(196,16): warning IDE0055: 淇鏍煎紡 (https://learn.microsoft.com/dotnet/fundamentals/code-analysis/style-rules/ide0055) [C:\UserWorx\VSWorx\ServoStudio\wpfui-servoStudio\samples\Wpf.Ui.servoStudio\servoStudio_wjhet5xd_wpftmp.csproj]
C:\UserWorx\VSWorx\ServoStudio\wpfui-servoStudio\samples\Wpf.Ui.servoStudio\Core\Modbus\ModbusRtuMaster.cs(196,18): warning IDE0055: 淇鏍煎紡 (https://learn.microsoft.com/dotnet/fundamentals/code-analysis/style-rules/ide0055) [C:\UserWorx\VSWorx\ServoStudio\wpfui-servoStudio\samples\Wpf.Ui.servoStudio\servoStudio_wjhet5xd_wpftmp.csproj]
C:\UserWorx\VSWorx\ServoStudio\wpfui-servoStudio\samples\Wpf.Ui.servoStudio\Core\Modbus\ModbusRtuMaster.cs(196,33): warning IDE0055: 淇鏍煎紡 (https://learn.microsoft.com/dotnet/fundamentals/code-analysis/style-rules/ide0055) [C:\UserWorx\VSWorx\ServoStudio\wpfui-servoStudio\samples\Wpf.Ui.servoStudio\servoStudio_wjhet5xd_wpftmp.csproj]
C:\UserWorx\VSWorx\ServoStudio\wpfui-servoStudio\samples\Wpf.Ui.servoStudio\Core\Modbus\ModbusRtuMaster.cs(196,35): warning IDE0055: 淇鏍煎紡 (https://learn.microsoft.com/dotnet/fundamentals/code-analysis/style-rules/ide0055) [C:\UserWorx\VSWorx\ServoStudio\wpfui-servoStudio\samples\Wpf.Ui.servoStudio\servoStudio_wjhet5xd_wpftmp.csproj]
C:\UserWorx\VSWorx\ServoStudio\wpfui-servoStudio\samples\Wpf.Ui.servoStudio\Core\Modbus\ModbusRtuMaster.cs(224,12): warning IDE0055: 淇鏍煎紡 (https://learn.microsoft.com/dotnet/fundamentals/code-analysis/style-rules/ide0055) [C:\UserWorx\VSWorx\ServoStudio\wpfui-servoStudio\samples\Wpf.Ui.servoStudio\servoStudio_wjhet5xd_wpftmp.csproj]
C:\UserWorx\VSWorx\ServoStudio\wpfui-servoStudio\samples\Wpf.Ui.servoStudio\Core\Modbus\ModbusRtuMaster.cs(224,14): warning IDE0055: 淇鏍煎紡 (https://learn.microsoft.com/dotnet/fundamentals/code-analysis/style-rules/ide0055) [C:\UserWorx\VSWorx\ServoStudio\wpfui-servoStudio\samples\Wpf.Ui.servoStudio\servoStudio_wjhet5xd_wpftmp.csproj]
C:\UserWorx\VSWorx\ServoStudio\wpfui-servoStudio\samples\Wpf.Ui.servoStudio\Core\Modbus\ModbusRtuMaster.cs(224,23): warning IDE0055: 淇鏍煎紡 (https://learn.microsoft.com/dotnet/fundamentals/code-analysis/style-rules/ide0055) [C:\UserWorx\VSWorx\ServoStudio\wpfui-servoStudio\samples\Wpf.Ui.servoStudio\servoStudio_wjhet5xd_wpftmp.csproj]
C:\UserWorx\VSWorx\ServoStudio\wpfui-servoStudio\samples\Wpf.Ui.servoStudio\Core\Modbus\ModbusRtuMaster.cs(224,25): warning IDE0055: 淇鏍煎紡 (https://learn.microsoft.com/dotnet/fundamentals/code-analysis/style-rules/ide0055) [C:\UserWorx\VSWorx\ServoStudio\wpfui-servoStudio\samples\Wpf.Ui.servoStudio\servoStudio_wjhet5xd_wpftmp.csproj]
C:\UserWorx\VSWorx\ServoStudio\wpfui-servoStudio\samples\Wpf.Ui.servoStudio\Core\Modbus\ModbusRtuMaster.cs(281,12): warning IDE0055: 淇鏍煎紡 (https://learn.microsoft.com/dotnet/fundamentals/code-analysis/style-rules/ide0055) [C:\UserWorx\VSWorx\ServoStudio\wpfui-servoStudio\samples\Wpf.Ui.servoStudio\servoStudio_wjhet5xd_wpftmp.csproj]
C:\UserWorx\VSWorx\ServoStudio\wpfui-servoStudio\samples\Wpf.Ui.servoStudio\Core\Modbus\ModbusRtuMaster.cs(281,14): warning IDE0055: 淇鏍煎紡 (https://learn.microsoft.com/dotnet/fundamentals/code-analysis/style-rules/ide0055) [C:\UserWorx\VSWorx\ServoStudio\wpfui-servoStudio\samples\Wpf.Ui.servoStudio\servoStudio_wjhet5xd_wpftmp.csproj]
C:\UserWorx\VSWorx\ServoStudio\wpfui-servoStudio\samples\Wpf.Ui.servoStudio\Core\Modbus\ModbusRtuMaster.cs(281,36): warning IDE0055: 淇鏍煎紡 (https://learn.microsoft.com/dotnet/fundamentals/code-analysis/style-rules/ide0055) [C:\UserWorx\VSWorx\ServoStudio\wpfui-servoStudio\samples\Wpf.Ui.servoStudio\servoStudio_wjhet5xd_wpftmp.csproj]
C:\UserWorx\VSWorx\ServoStudio\wpfui-servoStudio\samples\Wpf.Ui.servoStudio\Core\Modbus\ModbusRtuMaster.cs(281,38): warning IDE0055: 淇鏍煎紡 (https://learn.microsoft.com/dotnet/fundamentals/code-analysis/style-rules/ide0055) [C:\UserWorx\VSWorx\ServoStudio\wpfui-servoStudio\samples\Wpf.Ui.servoStudio\servoStudio_wjhet5xd_wpftmp.csproj]
C:\UserWorx\VSWorx\ServoStudio\wpfui-servoStudio\samples\Wpf.Ui.servoStudio\Core\Modbus\ModbusRtuMaster.cs(282,12): warning IDE0055: 淇鏍煎紡 (https://learn.microsoft.com/dotnet/fundamentals/code-analysis/style-rules/ide0055) [C:\UserWorx\VSWorx\ServoStudio\wpfui-servoStudio\samples\Wpf.Ui.servoStudio\servoStudio_wjhet5xd_wpftmp.csproj]
C:\UserWorx\VSWorx\ServoStudio\wpfui-servoStudio\samples\Wpf.Ui.servoStudio\Core\Modbus\ModbusRtuMaster.cs(282,14): warning IDE0055: 淇鏍煎紡 (https://learn.microsoft.com/dotnet/fundamentals/code-analysis/style-rules/ide0055) [C:\UserWorx\VSWorx\ServoStudio\wpfui-servoStudio\samples\Wpf.Ui.servoStudio\servoStudio_wjhet5xd_wpftmp.csproj]
C:\UserWorx\VSWorx\ServoStudio\wpfui-servoStudio\samples\Wpf.Ui.servoStudio\Core\Modbus\ModbusRtuMaster.cs(282,40): warning IDE0055: 淇鏍煎紡 (https://learn.microsoft.com/dotnet/fundamentals/code-analysis/style-rules/ide0055) [C:\UserWorx\VSWorx\ServoStudio\wpfui-servoStudio\samples\Wpf.Ui.servoStudio\servoStudio_wjhet5xd_wpftmp.csproj]
C:\UserWorx\VSWorx\ServoStudio\wpfui-servoStudio\samples\Wpf.Ui.servoStudio\Core\Modbus\ModbusRtuMaster.cs(282,42): warning IDE0055: 淇鏍煎紡 (https://learn.microsoft.com/dotnet/fundamentals/code-analysis/style-rules/ide0055) [C:\UserWorx\VSWorx\ServoStudio\wpfui-servoStudio\samples\Wpf.Ui.servoStudio\servoStudio_wjhet5xd_wpftmp.csproj]
C:\UserWorx\VSWorx\ServoStudio\wpfui-servoStudio\samples\Wpf.Ui.servoStudio\Core\Modbus\ModbusRtuMaster.cs(284,12): warning IDE0055: 淇鏍煎紡 (https://learn.microsoft.com/dotnet/fundamentals/code-analysis/style-rules/ide0055) [C:\UserWorx\VSWorx\ServoStudio\wpfui-servoStudio\samples\Wpf.Ui.servoStudio\servoStudio_wjhet5xd_wpftmp.csproj]
C:\UserWorx\VSWorx\ServoStudio\wpfui-servoStudio\samples\Wpf.Ui.servoStudio\Core\Modbus\ModbusRtuMaster.cs(284,14): warning IDE0055: 淇鏍煎紡 (https://learn.microsoft.com/dotnet/fundamentals/code-analysis/style-rules/ide0055) [C:\UserWorx\VSWorx\ServoStudio\wpfui-servoStudio\samples\Wpf.Ui.servoStudio\servoStudio_wjhet5xd_wpftmp.csproj]
C:\UserWorx\VSWorx\ServoStudio\wpfui-servoStudio\samples\Wpf.Ui.servoStudio\Core\Modbus\ModbusRtuMaster.cs(284,37): warning IDE0055: 淇鏍煎紡 (https://learn.microsoft.com/dotnet/fundamentals/code-analysis/style-rules/ide0055) [C:\UserWorx\VSWorx\ServoStudio\wpfui-servoStudio\samples\Wpf.Ui.servoStudio\servoStudio_wjhet5xd_wpftmp.csproj]
C:\UserWorx\VSWorx\ServoStudio\wpfui-servoStudio\samples\Wpf.Ui.servoStudio\Core\Modbus\ModbusRtuMaster.cs(284,39): warning IDE0055: 淇鏍煎紡 (https://learn.microsoft.com/dotnet/fundamentals/code-analysis/style-rules/ide0055) [C:\UserWorx\VSWorx\ServoStudio\wpfui-servoStudio\samples\Wpf.Ui.servoStudio\servoStudio_wjhet5xd_wpftmp.csproj]
C:\UserWorx\VSWorx\ServoStudio\wpfui-servoStudio\samples\Wpf.Ui.servoStudio\Core\Modbus\ModbusRtuMaster.cs(296,16): warning IDE0055: 淇鏍煎紡 (https://learn.microsoft.com/dotnet/fundamentals/code-analysis/style-rules/ide0055) [C:\UserWorx\VSWorx\ServoStudio\wpfui-servoStudio\samples\Wpf.Ui.servoStudio\servoStudio_wjhet5xd_wpftmp.csproj]
C:\UserWorx\VSWorx\ServoStudio\wpfui-servoStudio\samples\Wpf.Ui.servoStudio\Core\Modbus\ModbusRtuMaster.cs(296,18): warning IDE0055: 淇鏍煎紡 (https://learn.microsoft.com/dotnet/fundamentals/code-analysis/style-rules/ide0055) [C:\UserWorx\VSWorx\ServoStudio\wpfui-servoStudio\samples\Wpf.Ui.servoStudio\servoStudio_wjhet5xd_wpftmp.csproj]
C:\UserWorx\VSWorx\ServoStudio\wpfui-servoStudio\samples\Wpf.Ui.servoStudio\Core\Modbus\ModbusRtuMaster.cs(296,55): warning IDE0055: 淇鏍煎紡 (https://learn.microsoft.com/dotnet/fundamentals/code-analysis/style-rules/ide0055) [C:\UserWorx\VSWorx\ServoStudio\wpfui-servoStudio\samples\Wpf.Ui.servoStudio\servoStudio_wjhet5xd_wpftmp.csproj]
C:\UserWorx\VSWorx\ServoStudio\wpfui-servoStudio\samples\Wpf.Ui.servoStudio\Core\Modbus\ModbusRtuMaster.cs(296,57): warning IDE0055: 淇鏍煎紡 (https://learn.microsoft.com/dotnet/fundamentals/code-analysis/style-rules/ide0055) [C:\UserWorx\VSWorx\ServoStudio\wpfui-servoStudio\samples\Wpf.Ui.servoStudio\servoStudio_wjhet5xd_wpftmp.csproj]
C:\UserWorx\VSWorx\ServoStudio\wpfui-servoStudio\samples\Wpf.Ui.servoStudio\Core\Modbus\ModbusRtuMaster.cs(297,16): warning IDE0055: 淇鏍煎紡 (https://learn.microsoft.com/dotnet/fundamentals/code-analysis/style-rules/ide0055) [C:\UserWorx\VSWorx\ServoStudio\wpfui-servoStudio\samples\Wpf.Ui.servoStudio\servoStudio_wjhet5xd_wpftmp.csproj]
C:\UserWorx\VSWorx\ServoStudio\wpfui-servoStudio\samples\Wpf.Ui.servoStudio\Core\Modbus\ModbusRtuMaster.cs(297,18): warning IDE0055: 淇鏍煎紡 (https://learn.microsoft.com/dotnet/fundamentals/code-analysis/style-rules/ide0055) [C:\UserWorx\VSWorx\ServoStudio\wpfui-servoStudio\samples\Wpf.Ui.servoStudio\servoStudio_wjhet5xd_wpftmp.csproj]
C:\UserWorx\VSWorx\ServoStudio\wpfui-servoStudio\samples\Wpf.Ui.servoStudio\Core\Modbus\ModbusRtuMaster.cs(297,43): warning IDE0055: 淇鏍煎紡 (https://learn.microsoft.com/dotnet/fundamentals/code-analysis/style-rules/ide0055) [C:\UserWorx\VSWorx\ServoStudio\wpfui-servoStudio\samples\Wpf.Ui.servoStudio\servoStudio_wjhet5xd_wpftmp.csproj]
C:\UserWorx\VSWorx\ServoStudio\wpfui-servoStudio\samples\Wpf.Ui.servoStudio\Core\Modbus\ModbusRtuMaster.cs(297,45): warning IDE0055: 淇鏍煎紡 (https://learn.microsoft.com/dotnet/fundamentals/code-analysis/style-rules/ide0055) [C:\UserWorx\VSWorx\ServoStudio\wpfui-servoStudio\samples\Wpf.Ui.servoStudio\servoStudio_wjhet5xd_wpftmp.csproj]
C:\UserWorx\VSWorx\ServoStudio\wpfui-servoStudio\samples\Wpf.Ui.servoStudio\Core\Modbus\ModbusRtuMaster.cs(328,32): warning IDE0055: 淇鏍煎紡 (https://learn.microsoft.com/dotnet/fundamentals/code-analysis/style-rules/ide0055) [C:\UserWorx\VSWorx\ServoStudio\wpfui-servoStudio\samples\Wpf.Ui.servoStudio\servoStudio_wjhet5xd_wpftmp.csproj]
C:\UserWorx\VSWorx\ServoStudio\wpfui-servoStudio\samples\Wpf.Ui.servoStudio\Core\Modbus\ModbusRtuMaster.cs(328,34): warning IDE0055: 淇鏍煎紡 (https://learn.microsoft.com/dotnet/fundamentals/code-analysis/style-rules/ide0055) [C:\UserWorx\VSWorx\ServoStudio\wpfui-servoStudio\samples\Wpf.Ui.servoStudio\servoStudio_wjhet5xd_wpftmp.csproj]
C:\UserWorx\VSWorx\ServoStudio\wpfui-servoStudio\samples\Wpf.Ui.servoStudio\Core\Modbus\ModbusRtuMaster.cs(328,69): warning IDE0055: 淇鏍煎紡 (https://learn.microsoft.com/dotnet/fundamentals/code-analysis/style-rules/ide0055) [C:\UserWorx\VSWorx\ServoStudio\wpfui-servoStudio\samples\Wpf.Ui.servoStudio\servoStudio_wjhet5xd_wpftmp.csproj]
C:\UserWorx\VSWorx\ServoStudio\wpfui-servoStudio\samples\Wpf.Ui.servoStudio\Core\Modbus\ModbusRtuMaster.cs(351,20): warning IDE0055: 淇鏍煎紡 (https://learn.microsoft.com/dotnet/fundamentals/code-analysis/style-rules/ide0055) [C:\UserWorx\VSWorx\ServoStudio\wpfui-servoStudio\samples\Wpf.Ui.servoStudio\servoStudio_wjhet5xd_wpftmp.csproj]
C:\UserWorx\VSWorx\ServoStudio\wpfui-servoStudio\samples\Wpf.Ui.servoStudio\Core\Modbus\ModbusRtuMaster.cs(351,22): warning IDE0055: 淇鏍煎紡 (https://learn.microsoft.com/dotnet/fundamentals/code-analysis/style-rules/ide0055) [C:\UserWorx\VSWorx\ServoStudio\wpfui-servoStudio\samples\Wpf.Ui.servoStudio\servoStudio_wjhet5xd_wpftmp.csproj]
C:\UserWorx\VSWorx\ServoStudio\wpfui-servoStudio\samples\Wpf.Ui.servoStudio\Core\Modbus\ModbusRtuMaster.cs(351,59): warning IDE0055: 淇鏍煎紡 (https://learn.microsoft.com/dotnet/fundamentals/code-analysis/style-rules/ide0055) [C:\UserWorx\VSWorx\ServoStudio\wpfui-servoStudio\samples\Wpf.Ui.servoStudio\servoStudio_wjhet5xd_wpftmp.csproj]
C:\UserWorx\VSWorx\ServoStudio\wpfui-servoStudio\samples\Wpf.Ui.servoStudio\Core\Modbus\ModbusRtuMaster.cs(351,61): warning IDE0055: 淇鏍煎紡 (https://learn.microsoft.com/dotnet/fundamentals/code-analysis/style-rules/ide0055) [C:\UserWorx\VSWorx\ServoStudio\wpfui-servoStudio\samples\Wpf.Ui.servoStudio\servoStudio_wjhet5xd_wpftmp.csproj]
C:\UserWorx\VSWorx\ServoStudio\wpfui-servoStudio\samples\Wpf.Ui.servoStudio\Core\Modbus\ModbusRtuMaster.cs(1035,25): warning IDE0055: 淇鏍煎紡 (https://learn.microsoft.com/dotnet/fundamentals/code-analysis/style-rules/ide0055) [C:\UserWorx\VSWorx\ServoStudio\wpfui-servoStudio\samples\Wpf.Ui.servoStudio\servoStudio_wjhet5xd_wpftmp.csproj]
C:\UserWorx\VSWorx\ServoStudio\wpfui-servoStudio\samples\Wpf.Ui.servoStudio\Core\Modbus\ModbusRtuMaster.cs(1036,27): warning IDE0055: 淇鏍煎紡 (https://learn.microsoft.com/dotnet/fundamentals/code-analysis/style-rules/ide0055) [C:\UserWorx\VSWorx\ServoStudio\wpfui-servoStudio\samples\Wpf.Ui.servoStudio\servoStudio_wjhet5xd_wpftmp.csproj]
C:\UserWorx\VSWorx\ServoStudio\wpfui-servoStudio\samples\Wpf.Ui.servoStudio\Core\Modbus\ModbusRtuMaster.cs(1037,28): warning IDE0055: 淇鏍煎紡 (https://learn.microsoft.com/dotnet/fundamentals/code-analysis/style-rules/ide0055) [C:\UserWorx\VSWorx\ServoStudio\wpfui-servoStudio\samples\Wpf.Ui.servoStudio\servoStudio_wjhet5xd_wpftmp.csproj]
C:\UserWorx\VSWorx\ServoStudio\wpfui-servoStudio\samples\Wpf.Ui.servoStudio\Core\Modbus\ModbusRtuMaster.cs(196,57): warning IDE2003: 鍧椾笌鍚庣画璇彞涔嬮棿闇€瑕佹湁绌虹櫧琛?(https://learn.microsoft.com/dotnet/fundamentals/code-analysis/style-rules/ide2003) [C:\UserWorx\VSWorx\ServoStudio\wpfui-servoStudio\samples\Wpf.Ui.servoStudio\servoStudio_wjhet5xd_wpftmp.csproj]
C:\UserWorx\VSWorx\ServoStudio\wpfui-servoStudio\samples\Wpf.Ui.servoStudio\Core\Modbus\ModbusRtuMaster.cs(224,47): warning IDE2003: 鍧椾笌鍚庣画璇彞涔嬮棿闇€瑕佹湁绌虹櫧琛?(https://learn.microsoft.com/dotnet/fundamentals/code-analysis/style-rules/ide2003) [C:\UserWorx\VSWorx\ServoStudio\wpfui-servoStudio\samples\Wpf.Ui.servoStudio\servoStudio_wjhet5xd_wpftmp.csproj]
C:\UserWorx\VSWorx\ServoStudio\wpfui-servoStudio\samples\Wpf.Ui.servoStudio\Core\Modbus\ModbusRtuMaster.cs(256,9): warning IDE2003: 鍧椾笌鍚庣画璇彞涔嬮棿闇€瑕佹湁绌虹櫧琛?(https://learn.microsoft.com/dotnet/fundamentals/code-analysis/style-rules/ide2003) [C:\UserWorx\VSWorx\ServoStudio\wpfui-servoStudio\samples\Wpf.Ui.servoStudio\servoStudio_wjhet5xd_wpftmp.csproj]
C:\UserWorx\VSWorx\ServoStudio\wpfui-servoStudio\samples\Wpf.Ui.servoStudio\Core\Modbus\ModbusRtuMaster.cs(260,9): warning IDE2003: 鍧椾笌鍚庣画璇彞涔嬮棿闇€瑕佹湁绌虹櫧琛?(https://learn.microsoft.com/dotnet/fundamentals/code-analysis/style-rules/ide2003) [C:\UserWorx\VSWorx\ServoStudio\wpfui-servoStudio\samples\Wpf.Ui.servoStudio\servoStudio_wjhet5xd_wpftmp.csproj]
C:\UserWorx\VSWorx\ServoStudio\wpfui-servoStudio\samples\Wpf.Ui.servoStudio\Core\Modbus\ModbusRtuMaster.cs(279,9): warning IDE2003: 鍧椾笌鍚庣画璇彞涔嬮棿闇€瑕佹湁绌虹櫧琛?(https://learn.microsoft.com/dotnet/fundamentals/code-analysis/style-rules/ide2003) [C:\UserWorx\VSWorx\ServoStudio\wpfui-servoStudio\samples\Wpf.Ui.servoStudio\servoStudio_wjhet5xd_wpftmp.csproj]
C:\UserWorx\VSWorx\ServoStudio\wpfui-servoStudio\samples\Wpf.Ui.servoStudio\Core\Modbus\ModbusRtuMaster.cs(281,60): warning IDE2003: 鍧椾笌鍚庣画璇彞涔嬮棿闇€瑕佹湁绌虹櫧琛?(https://learn.microsoft.com/dotnet/fundamentals/code-analysis/style-rules/ide2003) [C:\UserWorx\VSWorx\ServoStudio\wpfui-servoStudio\samples\Wpf.Ui.servoStudio\servoStudio_wjhet5xd_wpftmp.csproj]
C:\UserWorx\VSWorx\ServoStudio\wpfui-servoStudio\samples\Wpf.Ui.servoStudio\Core\Modbus\ModbusRtuMaster.cs(282,64): warning IDE2003: 鍧椾笌鍚庣画璇彞涔嬮棿闇€瑕佹湁绌虹櫧琛?(https://learn.microsoft.com/dotnet/fundamentals/code-analysis/style-rules/ide2003) [C:\UserWorx\VSWorx\ServoStudio\wpfui-servoStudio\samples\Wpf.Ui.servoStudio\servoStudio_wjhet5xd_wpftmp.csproj]
C:\UserWorx\VSWorx\ServoStudio\wpfui-servoStudio\samples\Wpf.Ui.servoStudio\Core\Modbus\ModbusRtuMaster.cs(284,61): warning IDE2003: 鍧椾笌鍚庣画璇彞涔嬮棿闇€瑕佹湁绌虹櫧琛?(https://learn.microsoft.com/dotnet/fundamentals/code-analysis/style-rules/ide2003) [C:\UserWorx\VSWorx\ServoStudio\wpfui-servoStudio\samples\Wpf.Ui.servoStudio\servoStudio_wjhet5xd_wpftmp.csproj]
C:\UserWorx\VSWorx\ServoStudio\wpfui-servoStudio\samples\Wpf.Ui.servoStudio\Core\Modbus\ModbusRtuMaster.cs(296,79): warning IDE2003: 鍧椾笌鍚庣画璇彞涔嬮棿闇€瑕佹湁绌虹櫧琛?(https://learn.microsoft.com/dotnet/fundamentals/code-analysis/style-rules/ide2003) [C:\UserWorx\VSWorx\ServoStudio\wpfui-servoStudio\samples\Wpf.Ui.servoStudio\servoStudio_wjhet5xd_wpftmp.csproj]
C:\UserWorx\VSWorx\ServoStudio\wpfui-servoStudio\samples\Wpf.Ui.servoStudio\Core\Modbus\ModbusRtuMaster.cs(297,67): warning IDE2003: 鍧椾笌鍚庣画璇彞涔嬮棿闇€瑕佹湁绌虹櫧琛?(https://learn.microsoft.com/dotnet/fundamentals/code-analysis/style-rules/ide2003) [C:\UserWorx\VSWorx\ServoStudio\wpfui-servoStudio\samples\Wpf.Ui.servoStudio\servoStudio_wjhet5xd_wpftmp.csproj]
C:\UserWorx\VSWorx\ServoStudio\wpfui-servoStudio\samples\Wpf.Ui.servoStudio\Core\Modbus\ModbusRtuMaster.cs(324,25): warning IDE2003: 鍧椾笌鍚庣画璇彞涔嬮棿闇€瑕佹湁绌虹櫧琛?(https://learn.microsoft.com/dotnet/fundamentals/code-analysis/style-rules/ide2003) [C:\UserWorx\VSWorx\ServoStudio\wpfui-servoStudio\samples\Wpf.Ui.servoStudio\servoStudio_wjhet5xd_wpftmp.csproj]
C:\UserWorx\VSWorx\ServoStudio\wpfui-servoStudio\samples\Wpf.Ui.servoStudio\Core\Modbus\ModbusRtuMaster.cs(395,9): warning IDE2003: 鍧椾笌鍚庣画璇彞涔嬮棿闇€瑕佹湁绌虹櫧琛?(https://learn.microsoft.com/dotnet/fundamentals/code-analysis/style-rules/ide2003) [C:\UserWorx\VSWorx\ServoStudio\wpfui-servoStudio\samples\Wpf.Ui.servoStudio\servoStudio_wjhet5xd_wpftmp.csproj]
C:\UserWorx\VSWorx\ServoStudio\wpfui-servoStudio\samples\Wpf.Ui.servoStudio\Core\Modbus\ModbusRtuMaster.cs(522,9): warning IDE2003: 鍧椾笌鍚庣画璇彞涔嬮棿闇€瑕佹湁绌虹櫧琛?(https://learn.microsoft.com/dotnet/fundamentals/code-analysis/style-rules/ide2003) [C:\UserWorx\VSWorx\ServoStudio\wpfui-servoStudio\samples\Wpf.Ui.servoStudio\servoStudio_wjhet5xd_wpftmp.csproj]
C:\UserWorx\VSWorx\ServoStudio\wpfui-servoStudio\samples\Wpf.Ui.servoStudio\Core\Modbus\ModbusSlave_CiA402.cs(48,25): warning IDE0055: 淇鏍煎紡 (https://learn.microsoft.com/dotnet/fundamentals/code-analysis/style-rules/ide0055) [C:\UserWorx\VSWorx\ServoStudio\wpfui-servoStudio\samples\Wpf.Ui.servoStudio\servoStudio_wjhet5xd_wpftmp.csproj]
C:\UserWorx\VSWorx\ServoStudio\wpfui-servoStudio\samples\Wpf.Ui.servoStudio\Core\Modbus\ModbusSlave_CiA402.cs(48,27): warning IDE0055: 淇鏍煎紡 (https://learn.microsoft.com/dotnet/fundamentals/code-analysis/style-rules/ide0055) [C:\UserWorx\VSWorx\ServoStudio\wpfui-servoStudio\samples\Wpf.Ui.servoStudio\servoStudio_wjhet5xd_wpftmp.csproj]
C:\UserWorx\VSWorx\ServoStudio\wpfui-servoStudio\samples\Wpf.Ui.servoStudio\Core\Modbus\ModbusSlave_CiA402.cs(48,32): warning IDE0055: 淇鏍煎紡 (https://learn.microsoft.com/dotnet/fundamentals/code-analysis/style-rules/ide0055) [C:\UserWorx\VSWorx\ServoStudio\wpfui-servoStudio\samples\Wpf.Ui.servoStudio\servoStudio_wjhet5xd_wpftmp.csproj]
C:\UserWorx\VSWorx\ServoStudio\wpfui-servoStudio\samples\Wpf.Ui.servoStudio\Core\Modbus\ModbusSlave_CiA402.cs(51,29): warning IDE0055: 淇鏍煎紡 (https://learn.microsoft.com/dotnet/fundamentals/code-analysis/style-rules/ide0055) [C:\UserWorx\VSWorx\ServoStudio\wpfui-servoStudio\samples\Wpf.Ui.servoStudio\servoStudio_wjhet5xd_wpftmp.csproj]
C:\UserWorx\VSWorx\ServoStudio\wpfui-servoStudio\samples\Wpf.Ui.servoStudio\Core\Modbus\ModbusSlave_CiA402.cs(51,31): warning IDE0055: 淇鏍煎紡 (https://learn.microsoft.com/dotnet/fundamentals/code-analysis/style-rules/ide0055) [C:\UserWorx\VSWorx\ServoStudio\wpfui-servoStudio\samples\Wpf.Ui.servoStudio\servoStudio_wjhet5xd_wpftmp.csproj]
C:\UserWorx\VSWorx\ServoStudio\wpfui-servoStudio\samples\Wpf.Ui.servoStudio\Core\Modbus\ModbusSlave_CiA402.cs(51,49): warning IDE0055: 淇鏍煎紡 (https://learn.microsoft.com/dotnet/fundamentals/code-analysis/style-rules/ide0055) [C:\UserWorx\VSWorx\ServoStudio\wpfui-servoStudio\samples\Wpf.Ui.servoStudio\servoStudio_wjhet5xd_wpftmp.csproj]
C:\UserWorx\VSWorx\ServoStudio\wpfui-servoStudio\samples\Wpf.Ui.servoStudio\Core\Modbus\ModbusSlave_CiA402.cs(54,35): warning IDE0055: 淇鏍煎紡 (https://learn.microsoft.com/dotnet/fundamentals/code-analysis/style-rules/ide0055) [C:\UserWorx\VSWorx\ServoStudio\wpfui-servoStudio\samples\Wpf.Ui.servoStudio\servoStudio_wjhet5xd_wpftmp.csproj]
C:\UserWorx\VSWorx\ServoStudio\wpfui-servoStudio\samples\Wpf.Ui.servoStudio\Core\Modbus\ModbusSlave_CiA402.cs(54,37): warning IDE0055: 淇鏍煎紡 (https://learn.microsoft.com/dotnet/fundamentals/code-analysis/style-rules/ide0055) [C:\UserWorx\VSWorx\ServoStudio\wpfui-servoStudio\samples\Wpf.Ui.servoStudio\servoStudio_wjhet5xd_wpftmp.csproj]
C:\UserWorx\VSWorx\ServoStudio\wpfui-servoStudio\samples\Wpf.Ui.servoStudio\Core\Modbus\ModbusSlave_CiA402.cs(54,55): warning IDE0055: 淇鏍煎紡 (https://learn.microsoft.com/dotnet/fundamentals/code-analysis/style-rules/ide0055) [C:\UserWorx\VSWorx\ServoStudio\wpfui-servoStudio\samples\Wpf.Ui.servoStudio\servoStudio_wjhet5xd_wpftmp.csproj]
C:\UserWorx\VSWorx\ServoStudio\wpfui-servoStudio\samples\Wpf.Ui.servoStudio\Core\Modbus\ModbusSlave_CiA402.cs(60,30): warning IDE0055: 淇鏍煎紡 (https://learn.microsoft.com/dotnet/fundamentals/code-analysis/style-rules/ide0055) [C:\UserWorx\VSWorx\ServoStudio\wpfui-servoStudio\samples\Wpf.Ui.servoStudio\servoStudio_wjhet5xd_wpftmp.csproj]
C:\UserWorx\VSWorx\ServoStudio\wpfui-servoStudio\samples\Wpf.Ui.servoStudio\Core\Modbus\ModbusSlave_CiA402.cs(60,32): warning IDE0055: 淇鏍煎紡 (https://learn.microsoft.com/dotnet/fundamentals/code-analysis/style-rules/ide0055) [C:\UserWorx\VSWorx\ServoStudio\wpfui-servoStudio\samples\Wpf.Ui.servoStudio\servoStudio_wjhet5xd_wpftmp.csproj]
C:\UserWorx\VSWorx\ServoStudio\wpfui-servoStudio\samples\Wpf.Ui.servoStudio\Core\Modbus\ModbusSlave_CiA402.cs(60,50): warning IDE0055: 淇鏍煎紡 (https://learn.microsoft.com/dotnet/fundamentals/code-analysis/style-rules/ide0055) [C:\UserWorx\VSWorx\ServoStudio\wpfui-servoStudio\samples\Wpf.Ui.servoStudio\servoStudio_wjhet5xd_wpftmp.csproj]
C:\UserWorx\VSWorx\ServoStudio\wpfui-servoStudio\samples\Wpf.Ui.servoStudio\Core\Modbus\ModbusSlave_CiA402.cs(63,30): warning IDE0055: 淇鏍煎紡 (https://learn.microsoft.com/dotnet/fundamentals/code-analysis/style-rules/ide0055) [C:\UserWorx\VSWorx\ServoStudio\wpfui-servoStudio\samples\Wpf.Ui.servoStudio\servoStudio_wjhet5xd_wpftmp.csproj]
C:\UserWorx\VSWorx\ServoStudio\wpfui-servoStudio\samples\Wpf.Ui.servoStudio\Core\Modbus\ModbusSlave_CiA402.cs(63,32): warning IDE0055: 淇鏍煎紡 (https://learn.microsoft.com/dotnet/fundamentals/code-analysis/style-rules/ide0055) [C:\UserWorx\VSWorx\ServoStudio\wpfui-servoStudio\samples\Wpf.Ui.servoStudio\servoStudio_wjhet5xd_wpftmp.csproj]
C:\UserWorx\VSWorx\ServoStudio\wpfui-servoStudio\samples\Wpf.Ui.servoStudio\Core\Modbus\ModbusSlave_CiA402.cs(63,50): warning IDE0055: 淇鏍煎紡 (https://learn.microsoft.com/dotnet/fundamentals/code-analysis/style-rules/ide0055) [C:\UserWorx\VSWorx\ServoStudio\wpfui-servoStudio\samples\Wpf.Ui.servoStudio\servoStudio_wjhet5xd_wpftmp.csproj]
C:\UserWorx\VSWorx\ServoStudio\wpfui-servoStudio\samples\Wpf.Ui.servoStudio\Core\Modbus\ModbusSlave_CiA402.cs(66,60): warning IDE0055: 淇鏍煎紡 (https://learn.microsoft.com/dotnet/fundamentals/code-analysis/style-rules/ide0055) [C:\UserWorx\VSWorx\ServoStudio\wpfui-servoStudio\samples\Wpf.Ui.servoStudio\servoStudio_wjhet5xd_wpftmp.csproj]
C:\UserWorx\VSWorx\ServoStudio\wpfui-servoStudio\samples\Wpf.Ui.servoStudio\Core\Modbus\ModbusSlave_CiA402.cs(66,62): warning IDE0055: 淇鏍煎紡 (https://learn.microsoft.com/dotnet/fundamentals/code-analysis/style-rules/ide0055) [C:\UserWorx\VSWorx\ServoStudio\wpfui-servoStudio\samples\Wpf.Ui.servoStudio\servoStudio_wjhet5xd_wpftmp.csproj]
C:\UserWorx\VSWorx\ServoStudio\wpfui-servoStudio\samples\Wpf.Ui.servoStudio\Core\Modbus\ModbusSlave_CiA402.cs(66,72): warning IDE0055: 淇鏍煎紡 (https://learn.microsoft.com/dotnet/fundamentals/code-analysis/style-rules/ide0055) [C:\UserWorx\VSWorx\ServoStudio\wpfui-servoStudio\samples\Wpf.Ui.servoStudio\servoStudio_wjhet5xd_wpftmp.csproj]
C:\UserWorx\VSWorx\ServoStudio\wpfui-servoStudio\samples\Wpf.Ui.servoStudio\Core\Modbus\ModbusSlave_CiA402.cs(69,59): warning IDE0055: 淇鏍煎紡 (https://learn.microsoft.com/dotnet/fundamentals/code-analysis/style-rules/ide0055) [C:\UserWorx\VSWorx\ServoStudio\wpfui-servoStudio\samples\Wpf.Ui.servoStudio\servoStudio_wjhet5xd_wpftmp.csproj]
C:\UserWorx\VSWorx\ServoStudio\wpfui-servoStudio\samples\Wpf.Ui.servoStudio\Core\Modbus\ModbusSlave_CiA402.cs(69,61): warning IDE0055: 淇鏍煎紡 (https://learn.microsoft.com/dotnet/fundamentals/code-analysis/style-rules/ide0055) [C:\UserWorx\VSWorx\ServoStudio\wpfui-servoStudio\samples\Wpf.Ui.servoStudio\servoStudio_wjhet5xd_wpftmp.csproj]
C:\UserWorx\VSWorx\ServoStudio\wpfui-servoStudio\samples\Wpf.Ui.servoStudio\Core\Modbus\ModbusSlave_CiA402.cs(69,71): warning IDE0055: 淇鏍煎紡 (https://learn.microsoft.com/dotnet/fundamentals/code-analysis/style-rules/ide0055) [C:\UserWorx\VSWorx\ServoStudio\wpfui-servoStudio\samples\Wpf.Ui.servoStudio\servoStudio_wjhet5xd_wpftmp.csproj]
C:\UserWorx\VSWorx\ServoStudio\wpfui-servoStudio\samples\Wpf.Ui.servoStudio\Core\Modbus\ModbusSlave_CiA402.cs(72,62): warning IDE0055: 淇鏍煎紡 (https://learn.microsoft.com/dotnet/fundamentals/code-analysis/style-rules/ide0055) [C:\UserWorx\VSWorx\ServoStudio\wpfui-servoStudio\samples\Wpf.Ui.servoStudio\servoStudio_wjhet5xd_wpftmp.csproj]
C:\UserWorx\VSWorx\ServoStudio\wpfui-servoStudio\samples\Wpf.Ui.servoStudio\Core\Modbus\ModbusSlave_CiA402.cs(72,64): warning IDE0055: 淇鏍煎紡 (https://learn.microsoft.com/dotnet/fundamentals/code-analysis/style-rules/ide0055) [C:\UserWorx\VSWorx\ServoStudio\wpfui-servoStudio\samples\Wpf.Ui.servoStudio\servoStudio_wjhet5xd_wpftmp.csproj]
C:\UserWorx\VSWorx\ServoStudio\wpfui-servoStudio\samples\Wpf.Ui.servoStudio\Core\Modbus\ModbusSlave_CiA402.cs(72,74): warning IDE0055: 淇鏍煎紡 (https://learn.microsoft.com/dotnet/fundamentals/code-analysis/style-rules/ide0055) [C:\UserWorx\VSWorx\ServoStudio\wpfui-servoStudio\samples\Wpf.Ui.servoStudio\servoStudio_wjhet5xd_wpftmp.csproj]
C:\UserWorx\VSWorx\ServoStudio\wpfui-servoStudio\samples\Wpf.Ui.servoStudio\Core\Modbus\ModbusSlave_CiA402.cs(75,59): warning IDE0055: 淇鏍煎紡 (https://learn.microsoft.com/dotnet/fundamentals/code-analysis/style-rules/ide0055) [C:\UserWorx\VSWorx\ServoStudio\wpfui-servoStudio\samples\Wpf.Ui.servoStudio\servoStudio_wjhet5xd_wpftmp.csproj]
C:\UserWorx\VSWorx\ServoStudio\wpfui-servoStudio\samples\Wpf.Ui.servoStudio\Core\Modbus\ModbusSlave_CiA402.cs(75,61): warning IDE0055: 淇鏍煎紡 (https://learn.microsoft.com/dotnet/fundamentals/code-analysis/style-rules/ide0055) [C:\UserWorx\VSWorx\ServoStudio\wpfui-servoStudio\samples\Wpf.Ui.servoStudio\servoStudio_wjhet5xd_wpftmp.csproj]
C:\UserWorx\VSWorx\ServoStudio\wpfui-servoStudio\samples\Wpf.Ui.servoStudio\Core\Modbus\ModbusSlave_CiA402.cs(75,71): warning IDE0055: 淇鏍煎紡 (https://learn.microsoft.com/dotnet/fundamentals/code-analysis/style-rules/ide0055) [C:\UserWorx\VSWorx\ServoStudio\wpfui-servoStudio\samples\Wpf.Ui.servoStudio\servoStudio_wjhet5xd_wpftmp.csproj]
C:\UserWorx\VSWorx\ServoStudio\wpfui-servoStudio\samples\Wpf.Ui.servoStudio\Core\Sync\ICyclicTimer.cs(27,19): warning IDE0055: 淇鏍煎紡 (https://learn.microsoft.com/dotnet/fundamentals/code-analysis/style-rules/ide0055) [C:\UserWorx\VSWorx\ServoStudio\wpfui-servoStudio\samples\Wpf.Ui.servoStudio\servoStudio_wjhet5xd_wpftmp.csproj]
C:\UserWorx\VSWorx\ServoStudio\wpfui-servoStudio\samples\Wpf.Ui.servoStudio\Core\Sync\ICyclicTimer.cs(27,21): warning IDE0055: 淇鏍煎紡 (https://learn.microsoft.com/dotnet/fundamentals/code-analysis/style-rules/ide0055) [C:\UserWorx\VSWorx\ServoStudio\wpfui-servoStudio\samples\Wpf.Ui.servoStudio\servoStudio_wjhet5xd_wpftmp.csproj]
C:\UserWorx\VSWorx\ServoStudio\wpfui-servoStudio\samples\Wpf.Ui.servoStudio\Core\Sync\ICyclicTimer.cs(27,26): warning IDE0055: 淇鏍煎紡 (https://learn.microsoft.com/dotnet/fundamentals/code-analysis/style-rules/ide0055) [C:\UserWorx\VSWorx\ServoStudio\wpfui-servoStudio\samples\Wpf.Ui.servoStudio\servoStudio_wjhet5xd_wpftmp.csproj]
C:\UserWorx\VSWorx\ServoStudio\wpfui-servoStudio\samples\Wpf.Ui.servoStudio\Core\Sync\ICyclicTimer.cs(30,19): warning IDE0055: 淇鏍煎紡 (https://learn.microsoft.com/dotnet/fundamentals/code-analysis/style-rules/ide0055) [C:\UserWorx\VSWorx\ServoStudio\wpfui-servoStudio\samples\Wpf.Ui.servoStudio\servoStudio_wjhet5xd_wpftmp.csproj]
C:\UserWorx\VSWorx\ServoStudio\wpfui-servoStudio\samples\Wpf.Ui.servoStudio\Core\Sync\ICyclicTimer.cs(30,21): warning IDE0055: 淇鏍煎紡 (https://learn.microsoft.com/dotnet/fundamentals/code-analysis/style-rules/ide0055) [C:\UserWorx\VSWorx\ServoStudio\wpfui-servoStudio\samples\Wpf.Ui.servoStudio\servoStudio_wjhet5xd_wpftmp.csproj]
C:\UserWorx\VSWorx\ServoStudio\wpfui-servoStudio\samples\Wpf.Ui.servoStudio\Core\Sync\ICyclicTimer.cs(30,26): warning IDE0055: 淇鏍煎紡 (https://learn.microsoft.com/dotnet/fundamentals/code-analysis/style-rules/ide0055) [C:\UserWorx\VSWorx\ServoStudio\wpfui-servoStudio\samples\Wpf.Ui.servoStudio\servoStudio_wjhet5xd_wpftmp.csproj]
C:\UserWorx\VSWorx\ServoStudio\wpfui-servoStudio\samples\Wpf.Ui.servoStudio\Core\Sync\ICyclicTimer.cs(33,20): warning IDE0055: 淇鏍煎紡 (https://learn.microsoft.com/dotnet/fundamentals/code-analysis/style-rules/ide0055) [C:\UserWorx\VSWorx\ServoStudio\wpfui-servoStudio\samples\Wpf.Ui.servoStudio\servoStudio_wjhet5xd_wpftmp.csproj]
C:\UserWorx\VSWorx\ServoStudio\wpfui-servoStudio\samples\Wpf.Ui.servoStudio\Core\Sync\ICyclicTimer.cs(33,22): warning IDE0055: 淇鏍煎紡 (https://learn.microsoft.com/dotnet/fundamentals/code-analysis/style-rules/ide0055) [C:\UserWorx\VSWorx\ServoStudio\wpfui-servoStudio\samples\Wpf.Ui.servoStudio\servoStudio_wjhet5xd_wpftmp.csproj]
C:\UserWorx\VSWorx\ServoStudio\wpfui-servoStudio\samples\Wpf.Ui.servoStudio\Core\Sync\ICyclicTimer.cs(33,27): warning IDE0055: 淇鏍煎紡 (https://learn.microsoft.com/dotnet/fundamentals/code-analysis/style-rules/ide0055) [C:\UserWorx\VSWorx\ServoStudio\wpfui-servoStudio\samples\Wpf.Ui.servoStudio\servoStudio_wjhet5xd_wpftmp.csproj]
C:\UserWorx\VSWorx\ServoStudio\wpfui-servoStudio\samples\Wpf.Ui.servoStudio\Core\Sync\ICyclicTimer.cs(36,26): warning IDE0055: 淇鏍煎紡 (https://learn.microsoft.com/dotnet/fundamentals/code-analysis/style-rules/ide0055) [C:\UserWorx\VSWorx\ServoStudio\wpfui-servoStudio\samples\Wpf.Ui.servoStudio\servoStudio_wjhet5xd_wpftmp.csproj]
C:\UserWorx\VSWorx\ServoStudio\wpfui-servoStudio\samples\Wpf.Ui.servoStudio\Core\Sync\ICyclicTimer.cs(36,28): warning IDE0055: 淇鏍煎紡 (https://learn.microsoft.com/dotnet/fundamentals/code-analysis/style-rules/ide0055) [C:\UserWorx\VSWorx\ServoStudio\wpfui-servoStudio\samples\Wpf.Ui.servoStudio\servoStudio_wjhet5xd_wpftmp.csproj]
C:\UserWorx\VSWorx\ServoStudio\wpfui-servoStudio\samples\Wpf.Ui.servoStudio\Core\Sync\ICyclicTimer.cs(36,33): warning IDE0055: 淇鏍煎紡 (https://learn.microsoft.com/dotnet/fundamentals/code-analysis/style-rules/ide0055) [C:\UserWorx\VSWorx\ServoStudio\wpfui-servoStudio\samples\Wpf.Ui.servoStudio\servoStudio_wjhet5xd_wpftmp.csproj]
C:\UserWorx\VSWorx\ServoStudio\wpfui-servoStudio\samples\Wpf.Ui.servoStudio\Core\Sync\ICyclicTimer.cs(39,25): warning IDE0055: 淇鏍煎紡 (https://learn.microsoft.com/dotnet/fundamentals/code-analysis/style-rules/ide0055) [C:\UserWorx\VSWorx\ServoStudio\wpfui-servoStudio\samples\Wpf.Ui.servoStudio\servoStudio_wjhet5xd_wpftmp.csproj]
C:\UserWorx\VSWorx\ServoStudio\wpfui-servoStudio\samples\Wpf.Ui.servoStudio\Core\Sync\ICyclicTimer.cs(39,27): warning IDE0055: 淇鏍煎紡 (https://learn.microsoft.com/dotnet/fundamentals/code-analysis/style-rules/ide0055) [C:\UserWorx\VSWorx\ServoStudio\wpfui-servoStudio\samples\Wpf.Ui.servoStudio\servoStudio_wjhet5xd_wpftmp.csproj]
C:\UserWorx\VSWorx\ServoStudio\wpfui-servoStudio\samples\Wpf.Ui.servoStudio\Core\Sync\ICyclicTimer.cs(39,32): warning IDE0055: 淇鏍煎紡 (https://learn.microsoft.com/dotnet/fundamentals/code-analysis/style-rules/ide0055) [C:\UserWorx\VSWorx\ServoStudio\wpfui-servoStudio\samples\Wpf.Ui.servoStudio\servoStudio_wjhet5xd_wpftmp.csproj]
C:\UserWorx\VSWorx\ServoStudio\wpfui-servoStudio\samples\Wpf.Ui.servoStudio\Core\Sync\PeriodicTimerCyclicTimer.cs(65,16): warning IDE0055: 淇鏍煎紡 (https://learn.microsoft.com/dotnet/fundamentals/code-analysis/style-rules/ide0055) [C:\UserWorx\VSWorx\ServoStudio\wpfui-servoStudio\samples\Wpf.Ui.servoStudio\servoStudio_wjhet5xd_wpftmp.csproj]
C:\UserWorx\VSWorx\ServoStudio\wpfui-servoStudio\samples\Wpf.Ui.servoStudio\Core\Sync\PeriodicTimerCyclicTimer.cs(65,18): warning IDE0055: 淇鏍煎紡 (https://learn.microsoft.com/dotnet/fundamentals/code-analysis/style-rules/ide0055) [C:\UserWorx\VSWorx\ServoStudio\wpfui-servoStudio\samples\Wpf.Ui.servoStudio\servoStudio_wjhet5xd_wpftmp.csproj]
C:\UserWorx\VSWorx\ServoStudio\wpfui-servoStudio\samples\Wpf.Ui.servoStudio\Core\Sync\PeriodicTimerCyclicTimer.cs(65,74): warning IDE0055: 淇鏍煎紡 (https://learn.microsoft.com/dotnet/fundamentals/code-analysis/style-rules/ide0055) [C:\UserWorx\VSWorx\ServoStudio\wpfui-servoStudio\samples\Wpf.Ui.servoStudio\servoStudio_wjhet5xd_wpftmp.csproj]
C:\UserWorx\VSWorx\ServoStudio\wpfui-servoStudio\samples\Wpf.Ui.servoStudio\Core\Sync\PeriodicTimerCyclicTimer.cs(65,76): warning IDE0055: 淇鏍煎紡 (https://learn.microsoft.com/dotnet/fundamentals/code-analysis/style-rules/ide0055) [C:\UserWorx\VSWorx\ServoStudio\wpfui-servoStudio\samples\Wpf.Ui.servoStudio\servoStudio_wjhet5xd_wpftmp.csproj]
C:\UserWorx\VSWorx\ServoStudio\wpfui-servoStudio\samples\Wpf.Ui.servoStudio\Core\Sync\PeriodicTimerCyclicTimer.cs(83,24): warning IDE0055: 淇鏍煎紡 (https://learn.microsoft.com/dotnet/fundamentals/code-analysis/style-rules/ide0055) [C:\UserWorx\VSWorx\ServoStudio\wpfui-servoStudio\samples\Wpf.Ui.servoStudio\servoStudio_wjhet5xd_wpftmp.csproj]
C:\UserWorx\VSWorx\ServoStudio\wpfui-servoStudio\samples\Wpf.Ui.servoStudio\Core\Sync\PeriodicTimerCyclicTimer.cs(83,26): warning IDE0055: 淇鏍煎紡 (https://learn.microsoft.com/dotnet/fundamentals/code-analysis/style-rules/ide0055) [C:\UserWorx\VSWorx\ServoStudio\wpfui-servoStudio\samples\Wpf.Ui.servoStudio\servoStudio_wjhet5xd_wpftmp.csproj]
C:\UserWorx\VSWorx\ServoStudio\wpfui-servoStudio\samples\Wpf.Ui.servoStudio\Core\Sync\PeriodicTimerCyclicTimer.cs(83,34): warning IDE0055: 淇鏍煎紡 (https://learn.microsoft.com/dotnet/fundamentals/code-analysis/style-rules/ide0055) [C:\UserWorx\VSWorx\ServoStudio\wpfui-servoStudio\samples\Wpf.Ui.servoStudio\servoStudio_wjhet5xd_wpftmp.csproj]
C:\UserWorx\VSWorx\ServoStudio\wpfui-servoStudio\samples\Wpf.Ui.servoStudio\Core\Sync\PeriodicTimerCyclicTimer.cs(95,12): warning IDE0055: 淇鏍煎紡 (https://learn.microsoft.com/dotnet/fundamentals/code-analysis/style-rules/ide0055) [C:\UserWorx\VSWorx\ServoStudio\wpfui-servoStudio\samples\Wpf.Ui.servoStudio\servoStudio_wjhet5xd_wpftmp.csproj]
C:\UserWorx\VSWorx\ServoStudio\wpfui-servoStudio\samples\Wpf.Ui.servoStudio\Core\Sync\PeriodicTimerCyclicTimer.cs(95,14): warning IDE0055: 淇鏍煎紡 (https://learn.microsoft.com/dotnet/fundamentals/code-analysis/style-rules/ide0055) [C:\UserWorx\VSWorx\ServoStudio\wpfui-servoStudio\samples\Wpf.Ui.servoStudio\servoStudio_wjhet5xd_wpftmp.csproj]
C:\UserWorx\VSWorx\ServoStudio\wpfui-servoStudio\samples\Wpf.Ui.servoStudio\Core\Sync\PeriodicTimerCyclicTimer.cs(95,30): warning IDE0055: 淇鏍煎紡 (https://learn.microsoft.com/dotnet/fundamentals/code-analysis/style-rules/ide0055) [C:\UserWorx\VSWorx\ServoStudio\wpfui-servoStudio\samples\Wpf.Ui.servoStudio\servoStudio_wjhet5xd_wpftmp.csproj]
C:\UserWorx\VSWorx\ServoStudio\wpfui-servoStudio\samples\Wpf.Ui.servoStudio\Core\Sync\PeriodicTimerCyclicTimer.cs(95,32): warning IDE0055: 淇鏍煎紡 (https://learn.microsoft.com/dotnet/fundamentals/code-analysis/style-rules/ide0055) [C:\UserWorx\VSWorx\ServoStudio\wpfui-servoStudio\samples\Wpf.Ui.servoStudio\servoStudio_wjhet5xd_wpftmp.csproj]
C:\UserWorx\VSWorx\ServoStudio\wpfui-servoStudio\samples\Wpf.Ui.servoStudio\Core\Sync\PeriodicTimerCyclicTimer.cs(96,12): warning IDE0055: 淇鏍煎紡 (https://learn.microsoft.com/dotnet/fundamentals/code-analysis/style-rules/ide0055) [C:\UserWorx\VSWorx\ServoStudio\wpfui-servoStudio\samples\Wpf.Ui.servoStudio\servoStudio_wjhet5xd_wpftmp.csproj]
C:\UserWorx\VSWorx\ServoStudio\wpfui-servoStudio\samples\Wpf.Ui.servoStudio\Core\Sync\PeriodicTimerCyclicTimer.cs(96,14): warning IDE0055: 淇鏍煎紡 (https://learn.microsoft.com/dotnet/fundamentals/code-analysis/style-rules/ide0055) [C:\UserWorx\VSWorx\ServoStudio\wpfui-servoStudio\samples\Wpf.Ui.servoStudio\servoStudio_wjhet5xd_wpftmp.csproj]
C:\UserWorx\VSWorx\ServoStudio\wpfui-servoStudio\samples\Wpf.Ui.servoStudio\Core\Sync\PeriodicTimerCyclicTimer.cs(96,33): warning IDE0055: 淇鏍煎紡 (https://learn.microsoft.com/dotnet/fundamentals/code-analysis/style-rules/ide0055) [C:\UserWorx\VSWorx\ServoStudio\wpfui-servoStudio\samples\Wpf.Ui.servoStudio\servoStudio_wjhet5xd_wpftmp.csproj]
C:\UserWorx\VSWorx\ServoStudio\wpfui-servoStudio\samples\Wpf.Ui.servoStudio\Core\Sync\PeriodicTimerCyclicTimer.cs(96,35): warning IDE0055: 淇鏍煎紡 (https://learn.microsoft.com/dotnet/fundamentals/code-analysis/style-rules/ide0055) [C:\UserWorx\VSWorx\ServoStudio\wpfui-servoStudio\samples\Wpf.Ui.servoStudio\servoStudio_wjhet5xd_wpftmp.csproj]
C:\UserWorx\VSWorx\ServoStudio\wpfui-servoStudio\samples\Wpf.Ui.servoStudio\Core\Sync\PeriodicTimerCyclicTimer.cs(97,12): warning IDE0055: 淇鏍煎紡 (https://learn.microsoft.com/dotnet/fundamentals/code-analysis/style-rules/ide0055) [C:\UserWorx\VSWorx\ServoStudio\wpfui-servoStudio\samples\Wpf.Ui.servoStudio\servoStudio_wjhet5xd_wpftmp.csproj]
C:\UserWorx\VSWorx\ServoStudio\wpfui-servoStudio\samples\Wpf.Ui.servoStudio\Core\Sync\PeriodicTimerCyclicTimer.cs(97,14): warning IDE0055: 淇鏍煎紡 (https://learn.microsoft.com/dotnet/fundamentals/code-analysis/style-rules/ide0055) [C:\UserWorx\VSWorx\ServoStudio\wpfui-servoStudio\samples\Wpf.Ui.servoStudio\servoStudio_wjhet5xd_wpftmp.csproj]
C:\UserWorx\VSWorx\ServoStudio\wpfui-servoStudio\samples\Wpf.Ui.servoStudio\Core\Sync\PeriodicTimerCyclicTimer.cs(97,32): warning IDE0055: 淇鏍煎紡 (https://learn.microsoft.com/dotnet/fundamentals/code-analysis/style-rules/ide0055) [C:\UserWorx\VSWorx\ServoStudio\wpfui-servoStudio\samples\Wpf.Ui.servoStudio\servoStudio_wjhet5xd_wpftmp.csproj]
C:\UserWorx\VSWorx\ServoStudio\wpfui-servoStudio\samples\Wpf.Ui.servoStudio\Core\Sync\PeriodicTimerCyclicTimer.cs(97,34): warning IDE0055: 淇鏍煎紡 (https://learn.microsoft.com/dotnet/fundamentals/code-analysis/style-rules/ide0055) [C:\UserWorx\VSWorx\ServoStudio\wpfui-servoStudio\samples\Wpf.Ui.servoStudio\servoStudio_wjhet5xd_wpftmp.csproj]
C:\UserWorx\VSWorx\ServoStudio\wpfui-servoStudio\samples\Wpf.Ui.servoStudio\Core\Sync\PeriodicTimerCyclicTimer.cs(65,98): warning IDE2003: 鍧椾笌鍚庣画璇彞涔嬮棿闇€瑕佹湁绌虹櫧琛?(https://learn.microsoft.com/dotnet/fundamentals/code-analysis/style-rules/ide2003) [C:\UserWorx\VSWorx\ServoStudio\wpfui-servoStudio\samples\Wpf.Ui.servoStudio\servoStudio_wjhet5xd_wpftmp.csproj]
C:\UserWorx\VSWorx\ServoStudio\wpfui-servoStudio\samples\Wpf.Ui.servoStudio\Core\Sync\PeriodicTimerCyclicTimer.cs(95,54): warning IDE2003: 鍧椾笌鍚庣画璇彞涔嬮棿闇€瑕佹湁绌虹櫧琛?(https://learn.microsoft.com/dotnet/fundamentals/code-analysis/style-rules/ide2003) [C:\UserWorx\VSWorx\ServoStudio\wpfui-servoStudio\samples\Wpf.Ui.servoStudio\servoStudio_wjhet5xd_wpftmp.csproj]
C:\UserWorx\VSWorx\ServoStudio\wpfui-servoStudio\samples\Wpf.Ui.servoStudio\Core\Sync\PeriodicTimerCyclicTimer.cs(96,57): warning IDE2003: 鍧椾笌鍚庣画璇彞涔嬮棿闇€瑕佹湁绌虹櫧琛?(https://learn.microsoft.com/dotnet/fundamentals/code-analysis/style-rules/ide2003) [C:\UserWorx\VSWorx\ServoStudio\wpfui-servoStudio\samples\Wpf.Ui.servoStudio\servoStudio_wjhet5xd_wpftmp.csproj]
C:\UserWorx\VSWorx\ServoStudio\wpfui-servoStudio\samples\Wpf.Ui.servoStudio\Core\Sync\PeriodicTimerCyclicTimer.cs(97,56): warning IDE2003: 鍧椾笌鍚庣画璇彞涔嬮棿闇€瑕佹湁绌虹櫧琛?(https://learn.microsoft.com/dotnet/fundamentals/code-analysis/style-rules/ide2003) [C:\UserWorx\VSWorx\ServoStudio\wpfui-servoStudio\samples\Wpf.Ui.servoStudio\servoStudio_wjhet5xd_wpftmp.csproj]
C:\UserWorx\VSWorx\ServoStudio\wpfui-servoStudio\samples\Wpf.Ui.servoStudio\Core\Sync\SpinWaitCyclicTimer.cs(61,16): warning IDE0055: 淇鏍煎紡 (https://learn.microsoft.com/dotnet/fundamentals/code-analysis/style-rules/ide0055) [C:\UserWorx\VSWorx\ServoStudio\wpfui-servoStudio\samples\Wpf.Ui.servoStudio\servoStudio_wjhet5xd_wpftmp.csproj]
C:\UserWorx\VSWorx\ServoStudio\wpfui-servoStudio\samples\Wpf.Ui.servoStudio\Core\Sync\SpinWaitCyclicTimer.cs(61,18): warning IDE0055: 淇鏍煎紡 (https://learn.microsoft.com/dotnet/fundamentals/code-analysis/style-rules/ide0055) [C:\UserWorx\VSWorx\ServoStudio\wpfui-servoStudio\samples\Wpf.Ui.servoStudio\servoStudio_wjhet5xd_wpftmp.csproj]
C:\UserWorx\VSWorx\ServoStudio\wpfui-servoStudio\samples\Wpf.Ui.servoStudio\Core\Sync\SpinWaitCyclicTimer.cs(61,74): warning IDE0055: 淇鏍煎紡 (https://learn.microsoft.com/dotnet/fundamentals/code-analysis/style-rules/ide0055) [C:\UserWorx\VSWorx\ServoStudio\wpfui-servoStudio\samples\Wpf.Ui.servoStudio\servoStudio_wjhet5xd_wpftmp.csproj]
C:\UserWorx\VSWorx\ServoStudio\wpfui-servoStudio\samples\Wpf.Ui.servoStudio\Core\Sync\SpinWaitCyclicTimer.cs(61,76): warning IDE0055: 淇鏍煎紡 (https://learn.microsoft.com/dotnet/fundamentals/code-analysis/style-rules/ide0055) [C:\UserWorx\VSWorx\ServoStudio\wpfui-servoStudio\samples\Wpf.Ui.servoStudio\servoStudio_wjhet5xd_wpftmp.csproj]
C:\UserWorx\VSWorx\ServoStudio\wpfui-servoStudio\samples\Wpf.Ui.servoStudio\Core\Sync\SpinWaitCyclicTimer.cs(105,20): warning IDE0055: 淇鏍煎紡 (https://learn.microsoft.com/dotnet/fundamentals/code-analysis/style-rules/ide0055) [C:\UserWorx\VSWorx\ServoStudio\wpfui-servoStudio\samples\Wpf.Ui.servoStudio\servoStudio_wjhet5xd_wpftmp.csproj]
C:\UserWorx\VSWorx\ServoStudio\wpfui-servoStudio\samples\Wpf.Ui.servoStudio\Core\Sync\SpinWaitCyclicTimer.cs(105,22): warning IDE0055: 淇鏍煎紡 (https://learn.microsoft.com/dotnet/fundamentals/code-analysis/style-rules/ide0055) [C:\UserWorx\VSWorx\ServoStudio\wpfui-servoStudio\samples\Wpf.Ui.servoStudio\servoStudio_wjhet5xd_wpftmp.csproj]
C:\UserWorx\VSWorx\ServoStudio\wpfui-servoStudio\samples\Wpf.Ui.servoStudio\Core\Sync\SpinWaitCyclicTimer.cs(105,30): warning IDE0055: 淇鏍煎紡 (https://learn.microsoft.com/dotnet/fundamentals/code-analysis/style-rules/ide0055) [C:\UserWorx\VSWorx\ServoStudio\wpfui-servoStudio\samples\Wpf.Ui.servoStudio\servoStudio_wjhet5xd_wpftmp.csproj]
C:\UserWorx\VSWorx\ServoStudio\wpfui-servoStudio\samples\Wpf.Ui.servoStudio\Core\Sync\SpinWaitCyclicTimer.cs(128,12): warning IDE0055: 淇鏍煎紡 (https://learn.microsoft.com/dotnet/fundamentals/code-analysis/style-rules/ide0055) [C:\UserWorx\VSWorx\ServoStudio\wpfui-servoStudio\samples\Wpf.Ui.servoStudio\servoStudio_wjhet5xd_wpftmp.csproj]
C:\UserWorx\VSWorx\ServoStudio\wpfui-servoStudio\samples\Wpf.Ui.servoStudio\Core\Sync\SpinWaitCyclicTimer.cs(128,14): warning IDE0055: 淇鏍煎紡 (https://learn.microsoft.com/dotnet/fundamentals/code-analysis/style-rules/ide0055) [C:\UserWorx\VSWorx\ServoStudio\wpfui-servoStudio\samples\Wpf.Ui.servoStudio\servoStudio_wjhet5xd_wpftmp.csproj]
C:\UserWorx\VSWorx\ServoStudio\wpfui-servoStudio\samples\Wpf.Ui.servoStudio\Core\Sync\SpinWaitCyclicTimer.cs(128,30): warning IDE0055: 淇鏍煎紡 (https://learn.microsoft.com/dotnet/fundamentals/code-analysis/style-rules/ide0055) [C:\UserWorx\VSWorx\ServoStudio\wpfui-servoStudio\samples\Wpf.Ui.servoStudio\servoStudio_wjhet5xd_wpftmp.csproj]
C:\UserWorx\VSWorx\ServoStudio\wpfui-servoStudio\samples\Wpf.Ui.servoStudio\Core\Sync\SpinWaitCyclicTimer.cs(128,32): warning IDE0055: 淇鏍煎紡 (https://learn.microsoft.com/dotnet/fundamentals/code-analysis/style-rules/ide0055) [C:\UserWorx\VSWorx\ServoStudio\wpfui-servoStudio\samples\Wpf.Ui.servoStudio\servoStudio_wjhet5xd_wpftmp.csproj]
C:\UserWorx\VSWorx\ServoStudio\wpfui-servoStudio\samples\Wpf.Ui.servoStudio\Core\Sync\SpinWaitCyclicTimer.cs(129,12): warning IDE0055: 淇鏍煎紡 (https://learn.microsoft.com/dotnet/fundamentals/code-analysis/style-rules/ide0055) [C:\UserWorx\VSWorx\ServoStudio\wpfui-servoStudio\samples\Wpf.Ui.servoStudio\servoStudio_wjhet5xd_wpftmp.csproj]
C:\UserWorx\VSWorx\ServoStudio\wpfui-servoStudio\samples\Wpf.Ui.servoStudio\Core\Sync\SpinWaitCyclicTimer.cs(129,14): warning IDE0055: 淇鏍煎紡 (https://learn.microsoft.com/dotnet/fundamentals/code-analysis/style-rules/ide0055) [C:\UserWorx\VSWorx\ServoStudio\wpfui-servoStudio\samples\Wpf.Ui.servoStudio\servoStudio_wjhet5xd_wpftmp.csproj]
C:\UserWorx\VSWorx\ServoStudio\wpfui-servoStudio\samples\Wpf.Ui.servoStudio\Core\Sync\SpinWaitCyclicTimer.cs(129,34): warning IDE0055: 淇鏍煎紡 (https://learn.microsoft.com/dotnet/fundamentals/code-analysis/style-rules/ide0055) [C:\UserWorx\VSWorx\ServoStudio\wpfui-servoStudio\samples\Wpf.Ui.servoStudio\servoStudio_wjhet5xd_wpftmp.csproj]
C:\UserWorx\VSWorx\ServoStudio\wpfui-servoStudio\samples\Wpf.Ui.servoStudio\Core\Sync\SpinWaitCyclicTimer.cs(129,36): warning IDE0055: 淇鏍煎紡 (https://learn.microsoft.com/dotnet/fundamentals/code-analysis/style-rules/ide0055) [C:\UserWorx\VSWorx\ServoStudio\wpfui-servoStudio\samples\Wpf.Ui.servoStudio\servoStudio_wjhet5xd_wpftmp.csproj]
C:\UserWorx\VSWorx\ServoStudio\wpfui-servoStudio\samples\Wpf.Ui.servoStudio\Core\Sync\SpinWaitCyclicTimer.cs(61,98): warning IDE2003: 鍧椾笌鍚庣画璇彞涔嬮棿闇€瑕佹湁绌虹櫧琛?(https://learn.microsoft.com/dotnet/fundamentals/code-analysis/style-rules/ide2003) [C:\UserWorx\VSWorx\ServoStudio\wpfui-servoStudio\samples\Wpf.Ui.servoStudio\servoStudio_wjhet5xd_wpftmp.csproj]
C:\UserWorx\VSWorx\ServoStudio\wpfui-servoStudio\samples\Wpf.Ui.servoStudio\Core\Sync\SpinWaitCyclicTimer.cs(88,17): warning IDE2003: 鍧椾笌鍚庣画璇彞涔嬮棿闇€瑕佹湁绌虹櫧琛?(https://learn.microsoft.com/dotnet/fundamentals/code-analysis/style-rules/ide2003) [C:\UserWorx\VSWorx\ServoStudio\wpfui-servoStudio\samples\Wpf.Ui.servoStudio\servoStudio_wjhet5xd_wpftmp.csproj]
C:\UserWorx\VSWorx\ServoStudio\wpfui-servoStudio\samples\Wpf.Ui.servoStudio\Core\Sync\SpinWaitCyclicTimer.cs(128,54): warning IDE2003: 鍧椾笌鍚庣画璇彞涔嬮棿闇€瑕佹湁绌虹櫧琛?(https://learn.microsoft.com/dotnet/fundamentals/code-analysis/style-rules/ide2003) [C:\UserWorx\VSWorx\ServoStudio\wpfui-servoStudio\samples\Wpf.Ui.servoStudio\servoStudio_wjhet5xd_wpftmp.csproj]
C:\UserWorx\VSWorx\ServoStudio\wpfui-servoStudio\samples\Wpf.Ui.servoStudio\Core\Sync\SpinWaitCyclicTimer.cs(129,58): warning IDE2003: 鍧椾笌鍚庣画璇彞涔嬮棿闇€瑕佹湁绌虹櫧琛?(https://learn.microsoft.com/dotnet/fundamentals/code-analysis/style-rules/ide2003) [C:\UserWorx\VSWorx\ServoStudio\wpfui-servoStudio\samples\Wpf.Ui.servoStudio\servoStudio_wjhet5xd_wpftmp.csproj]
C:\UserWorx\VSWorx\ServoStudio\wpfui-servoStudio\samples\Wpf.Ui.servoStudio\Core\Sync\WinMmCyclicTimer.cs(112,16): warning IDE0055: 淇鏍煎紡 (https://learn.microsoft.com/dotnet/fundamentals/code-analysis/style-rules/ide0055) [C:\UserWorx\VSWorx\ServoStudio\wpfui-servoStudio\samples\Wpf.Ui.servoStudio\servoStudio_wjhet5xd_wpftmp.csproj]
C:\UserWorx\VSWorx\ServoStudio\wpfui-servoStudio\samples\Wpf.Ui.servoStudio\Core\Sync\WinMmCyclicTimer.cs(112,18): warning IDE0055: 淇鏍煎紡 (https://learn.microsoft.com/dotnet/fundamentals/code-analysis/style-rules/ide0055) [C:\UserWorx\VSWorx\ServoStudio\wpfui-servoStudio\samples\Wpf.Ui.servoStudio\servoStudio_wjhet5xd_wpftmp.csproj]
C:\UserWorx\VSWorx\ServoStudio\wpfui-servoStudio\samples\Wpf.Ui.servoStudio\Core\Sync\WinMmCyclicTimer.cs(112,24): warning IDE0055: 淇鏍煎紡 (https://learn.microsoft.com/dotnet/fundamentals/code-analysis/style-rules/ide0055) [C:\UserWorx\VSWorx\ServoStudio\wpfui-servoStudio\samples\Wpf.Ui.servoStudio\servoStudio_wjhet5xd_wpftmp.csproj]
C:\UserWorx\VSWorx\ServoStudio\wpfui-servoStudio\samples\Wpf.Ui.servoStudio\Core\Sync\WinMmCyclicTimer.cs(120,21): warning IDE0055: 淇鏍煎紡 (https://learn.microsoft.com/dotnet/fundamentals/code-analysis/style-rules/ide0055) [C:\UserWorx\VSWorx\ServoStudio\wpfui-servoStudio\samples\Wpf.Ui.servoStudio\servoStudio_wjhet5xd_wpftmp.csproj]
C:\UserWorx\VSWorx\ServoStudio\wpfui-servoStudio\samples\Wpf.Ui.servoStudio\Core\Sync\WinMmCyclicTimer.cs(120,23): warning IDE0055: 淇鏍煎紡 (https://learn.microsoft.com/dotnet/fundamentals/code-analysis/style-rules/ide0055) [C:\UserWorx\VSWorx\ServoStudio\wpfui-servoStudio\samples\Wpf.Ui.servoStudio\servoStudio_wjhet5xd_wpftmp.csproj]
C:\UserWorx\VSWorx\ServoStudio\wpfui-servoStudio\samples\Wpf.Ui.servoStudio\Core\Sync\WinMmCyclicTimer.cs(120,39): warning IDE0055: 淇鏍煎紡 (https://learn.microsoft.com/dotnet/fundamentals/code-analysis/style-rules/ide0055) [C:\UserWorx\VSWorx\ServoStudio\wpfui-servoStudio\samples\Wpf.Ui.servoStudio\servoStudio_wjhet5xd_wpftmp.csproj]
C:\UserWorx\VSWorx\ServoStudio\wpfui-servoStudio\samples\Wpf.Ui.servoStudio\Core\Sync\WinMmCyclicTimer.cs(127,16): warning IDE0055: 淇鏍煎紡 (https://learn.microsoft.com/dotnet/fundamentals/code-analysis/style-rules/ide0055) [C:\UserWorx\VSWorx\ServoStudio\wpfui-servoStudio\samples\Wpf.Ui.servoStudio\servoStudio_wjhet5xd_wpftmp.csproj]
C:\UserWorx\VSWorx\ServoStudio\wpfui-servoStudio\samples\Wpf.Ui.servoStudio\Core\Sync\WinMmCyclicTimer.cs(127,18): warning IDE0055: 淇鏍煎紡 (https://learn.microsoft.com/dotnet/fundamentals/code-analysis/style-rules/ide0055) [C:\UserWorx\VSWorx\ServoStudio\wpfui-servoStudio\samples\Wpf.Ui.servoStudio\servoStudio_wjhet5xd_wpftmp.csproj]
C:\UserWorx\VSWorx\ServoStudio\wpfui-servoStudio\samples\Wpf.Ui.servoStudio\Core\Sync\WinMmCyclicTimer.cs(127,47): warning IDE0055: 淇鏍煎紡 (https://learn.microsoft.com/dotnet/fundamentals/code-analysis/style-rules/ide0055) [C:\UserWorx\VSWorx\ServoStudio\wpfui-servoStudio\samples\Wpf.Ui.servoStudio\servoStudio_wjhet5xd_wpftmp.csproj]
C:\UserWorx\VSWorx\ServoStudio\wpfui-servoStudio\samples\Wpf.Ui.servoStudio\Core\Sync\WinMmCyclicTimer.cs(127,49): warning IDE0055: 淇鏍煎紡 (https://learn.microsoft.com/dotnet/fundamentals/code-analysis/style-rules/ide0055) [C:\UserWorx\VSWorx\ServoStudio\wpfui-servoStudio\samples\Wpf.Ui.servoStudio\servoStudio_wjhet5xd_wpftmp.csproj]
C:\UserWorx\VSWorx\ServoStudio\wpfui-servoStudio\samples\Wpf.Ui.servoStudio\Core\Sync\WinMmCyclicTimer.cs(129,16): warning IDE0055: 淇鏍煎紡 (https://learn.microsoft.com/dotnet/fundamentals/code-analysis/style-rules/ide0055) [C:\UserWorx\VSWorx\ServoStudio\wpfui-servoStudio\samples\Wpf.Ui.servoStudio\servoStudio_wjhet5xd_wpftmp.csproj]
C:\UserWorx\VSWorx\ServoStudio\wpfui-servoStudio\samples\Wpf.Ui.servoStudio\Core\Sync\WinMmCyclicTimer.cs(129,18): warning IDE0055: 淇鏍煎紡 (https://learn.microsoft.com/dotnet/fundamentals/code-analysis/style-rules/ide0055) [C:\UserWorx\VSWorx\ServoStudio\wpfui-servoStudio\samples\Wpf.Ui.servoStudio\servoStudio_wjhet5xd_wpftmp.csproj]
C:\UserWorx\VSWorx\ServoStudio\wpfui-servoStudio\samples\Wpf.Ui.servoStudio\Core\Sync\WinMmCyclicTimer.cs(129,40): warning IDE0055: 淇鏍煎紡 (https://learn.microsoft.com/dotnet/fundamentals/code-analysis/style-rules/ide0055) [C:\UserWorx\VSWorx\ServoStudio\wpfui-servoStudio\samples\Wpf.Ui.servoStudio\servoStudio_wjhet5xd_wpftmp.csproj]
C:\UserWorx\VSWorx\ServoStudio\wpfui-servoStudio\samples\Wpf.Ui.servoStudio\Core\Sync\WinMmCyclicTimer.cs(129,42): warning IDE0055: 淇鏍煎紡 (https://learn.microsoft.com/dotnet/fundamentals/code-analysis/style-rules/ide0055) [C:\UserWorx\VSWorx\ServoStudio\wpfui-servoStudio\samples\Wpf.Ui.servoStudio\servoStudio_wjhet5xd_wpftmp.csproj]
C:\UserWorx\VSWorx\ServoStudio\wpfui-servoStudio\samples\Wpf.Ui.servoStudio\Core\Sync\WinMmCyclicTimer.cs(91,13): warning IDE2003: 鍧椾笌鍚庣画璇彞涔嬮棿闇€瑕佹湁绌虹櫧琛?(https://learn.microsoft.com/dotnet/fundamentals/code-analysis/style-rules/ide2003) [C:\UserWorx\VSWorx\ServoStudio\wpfui-servoStudio\samples\Wpf.Ui.servoStudio\servoStudio_wjhet5xd_wpftmp.csproj]
C:\UserWorx\VSWorx\ServoStudio\wpfui-servoStudio\samples\Wpf.Ui.servoStudio\Core\Sync\WinMmCyclicTimer.cs(114,9): warning IDE2003: 鍧椾笌鍚庣画璇彞涔嬮棿闇€瑕佹湁绌虹櫧琛?(https://learn.microsoft.com/dotnet/fundamentals/code-analysis/style-rules/ide2003) [C:\UserWorx\VSWorx\ServoStudio\wpfui-servoStudio\samples\Wpf.Ui.servoStudio\servoStudio_wjhet5xd_wpftmp.csproj]
C:\UserWorx\VSWorx\ServoStudio\wpfui-servoStudio\samples\Wpf.Ui.servoStudio\Core\Sync\WinMmCyclicTimer.cs(130,9): warning IDE2003: 鍧椾笌鍚庣画璇彞涔嬮棿闇€瑕佹湁绌虹櫧琛?(https://learn.microsoft.com/dotnet/fundamentals/code-analysis/style-rules/ide2003) [C:\UserWorx\VSWorx\ServoStudio\wpfui-servoStudio\samples\Wpf.Ui.servoStudio\servoStudio_wjhet5xd_wpftmp.csproj]
C:\UserWorx\VSWorx\ServoStudio\wpfui-servoStudio\samples\Wpf.Ui.servoStudio\Core\Sync\WinMmCyclicTimer.cs(127,71): warning IDE2003: 鍧椾笌鍚庣画璇彞涔嬮棿闇€瑕佹湁绌虹櫧琛?(https://learn.microsoft.com/dotnet/fundamentals/code-analysis/style-rules/ide2003) [C:\UserWorx\VSWorx\ServoStudio\wpfui-servoStudio\samples\Wpf.Ui.servoStudio\servoStudio_wjhet5xd_wpftmp.csproj]
C:\UserWorx\VSWorx\ServoStudio\wpfui-servoStudio\samples\Wpf.Ui.servoStudio\Core\Usb\CdcAcmUsbBus.cs(62,16): warning IDE0055: 淇鏍煎紡 (https://learn.microsoft.com/dotnet/fundamentals/code-analysis/style-rules/ide0055) [C:\UserWorx\VSWorx\ServoStudio\wpfui-servoStudio\samples\Wpf.Ui.servoStudio\servoStudio_wjhet5xd_wpftmp.csproj]
C:\UserWorx\VSWorx\ServoStudio\wpfui-servoStudio\samples\Wpf.Ui.servoStudio\Core\Usb\CdcAcmUsbBus.cs(62,18): warning IDE0055: 淇鏍煎紡 (https://learn.microsoft.com/dotnet/fundamentals/code-analysis/style-rules/ide0055) [C:\UserWorx\VSWorx\ServoStudio\wpfui-servoStudio\samples\Wpf.Ui.servoStudio\servoStudio_wjhet5xd_wpftmp.csproj]
C:\UserWorx\VSWorx\ServoStudio\wpfui-servoStudio\samples\Wpf.Ui.servoStudio\Core\Usb\CdcAcmUsbBus.cs(62,36): warning IDE0055: 淇鏍煎紡 (https://learn.microsoft.com/dotnet/fundamentals/code-analysis/style-rules/ide0055) [C:\UserWorx\VSWorx\ServoStudio\wpfui-servoStudio\samples\Wpf.Ui.servoStudio\servoStudio_wjhet5xd_wpftmp.csproj]
C:\UserWorx\VSWorx\ServoStudio\wpfui-servoStudio\samples\Wpf.Ui.servoStudio\Core\Usb\CdcAcmUsbBus.cs(62,38): warning IDE0055: 淇鏍煎紡 (https://learn.microsoft.com/dotnet/fundamentals/code-analysis/style-rules/ide0055) [C:\UserWorx\VSWorx\ServoStudio\wpfui-servoStudio\samples\Wpf.Ui.servoStudio\servoStudio_wjhet5xd_wpftmp.csproj]
C:\UserWorx\VSWorx\ServoStudio\wpfui-servoStudio\samples\Wpf.Ui.servoStudio\Core\Usb\CdcAcmUsbBus.cs(70,12): warning IDE0055: 淇鏍煎紡 (https://learn.microsoft.com/dotnet/fundamentals/code-analysis/style-rules/ide0055) [C:\UserWorx\VSWorx\ServoStudio\wpfui-servoStudio\samples\Wpf.Ui.servoStudio\servoStudio_wjhet5xd_wpftmp.csproj]
C:\UserWorx\VSWorx\ServoStudio\wpfui-servoStudio\samples\Wpf.Ui.servoStudio\Core\Usb\CdcAcmUsbBus.cs(70,14): warning IDE0055: 淇鏍煎紡 (https://learn.microsoft.com/dotnet/fundamentals/code-analysis/style-rules/ide0055) [C:\UserWorx\VSWorx\ServoStudio\wpfui-servoStudio\samples\Wpf.Ui.servoStudio\servoStudio_wjhet5xd_wpftmp.csproj]
C:\UserWorx\VSWorx\ServoStudio\wpfui-servoStudio\samples\Wpf.Ui.servoStudio\Core\Usb\CdcAcmUsbBus.cs(70,30): warning IDE0055: 淇鏍煎紡 (https://learn.microsoft.com/dotnet/fundamentals/code-analysis/style-rules/ide0055) [C:\UserWorx\VSWorx\ServoStudio\wpfui-servoStudio\samples\Wpf.Ui.servoStudio\servoStudio_wjhet5xd_wpftmp.csproj]
C:\UserWorx\VSWorx\ServoStudio\wpfui-servoStudio\samples\Wpf.Ui.servoStudio\Core\Usb\CdcAcmUsbBus.cs(70,32): warning IDE0055: 淇鏍煎紡 (https://learn.microsoft.com/dotnet/fundamentals/code-analysis/style-rules/ide0055) [C:\UserWorx\VSWorx\ServoStudio\wpfui-servoStudio\samples\Wpf.Ui.servoStudio\servoStudio_wjhet5xd_wpftmp.csproj]
C:\UserWorx\VSWorx\ServoStudio\wpfui-servoStudio\samples\Wpf.Ui.servoStudio\Core\Usb\CdcAcmUsbBus.cs(71,12): warning IDE0055: 淇鏍煎紡 (https://learn.microsoft.com/dotnet/fundamentals/code-analysis/style-rules/ide0055) [C:\UserWorx\VSWorx\ServoStudio\wpfui-servoStudio\samples\Wpf.Ui.servoStudio\servoStudio_wjhet5xd_wpftmp.csproj]
C:\UserWorx\VSWorx\ServoStudio\wpfui-servoStudio\samples\Wpf.Ui.servoStudio\Core\Usb\CdcAcmUsbBus.cs(71,14): warning IDE0055: 淇鏍煎紡 (https://learn.microsoft.com/dotnet/fundamentals/code-analysis/style-rules/ide0055) [C:\UserWorx\VSWorx\ServoStudio\wpfui-servoStudio\samples\Wpf.Ui.servoStudio\servoStudio_wjhet5xd_wpftmp.csproj]
C:\UserWorx\VSWorx\ServoStudio\wpfui-servoStudio\samples\Wpf.Ui.servoStudio\Core\Usb\CdcAcmUsbBus.cs(71,32): warning IDE0055: 淇鏍煎紡 (https://learn.microsoft.com/dotnet/fundamentals/code-analysis/style-rules/ide0055) [C:\UserWorx\VSWorx\ServoStudio\wpfui-servoStudio\samples\Wpf.Ui.servoStudio\servoStudio_wjhet5xd_wpftmp.csproj]
C:\UserWorx\VSWorx\ServoStudio\wpfui-servoStudio\samples\Wpf.Ui.servoStudio\Core\Usb\CdcAcmUsbBus.cs(71,34): warning IDE0055: 淇鏍煎紡 (https://learn.microsoft.com/dotnet/fundamentals/code-analysis/style-rules/ide0055) [C:\UserWorx\VSWorx\ServoStudio\wpfui-servoStudio\samples\Wpf.Ui.servoStudio\servoStudio_wjhet5xd_wpftmp.csproj]
C:\UserWorx\VSWorx\ServoStudio\wpfui-servoStudio\samples\Wpf.Ui.servoStudio\Core\Usb\CdcAcmUsbBus.cs(73,38): warning IDE0055: 淇鏍煎紡 (https://learn.microsoft.com/dotnet/fundamentals/code-analysis/style-rules/ide0055) [C:\UserWorx\VSWorx\ServoStudio\wpfui-servoStudio\samples\Wpf.Ui.servoStudio\servoStudio_wjhet5xd_wpftmp.csproj]
C:\UserWorx\VSWorx\ServoStudio\wpfui-servoStudio\samples\Wpf.Ui.servoStudio\Core\Usb\CdcAcmUsbBus.cs(73,40): warning IDE0055: 淇鏍煎紡 (https://learn.microsoft.com/dotnet/fundamentals/code-analysis/style-rules/ide0055) [C:\UserWorx\VSWorx\ServoStudio\wpfui-servoStudio\samples\Wpf.Ui.servoStudio\servoStudio_wjhet5xd_wpftmp.csproj]
C:\UserWorx\VSWorx\ServoStudio\wpfui-servoStudio\samples\Wpf.Ui.servoStudio\Core\Usb\CdcAcmUsbBus.cs(62,60): warning IDE2003: 鍧椾笌鍚庣画璇彞涔嬮棿闇€瑕佹湁绌虹櫧琛?(https://learn.microsoft.com/dotnet/fundamentals/code-analysis/style-rules/ide2003) [C:\UserWorx\VSWorx\ServoStudio\wpfui-servoStudio\samples\Wpf.Ui.servoStudio\servoStudio_wjhet5xd_wpftmp.csproj]
C:\UserWorx\VSWorx\ServoStudio\wpfui-servoStudio\samples\Wpf.Ui.servoStudio\Core\Usb\CdcAcmUsbBus.cs(70,54): warning IDE2003: 鍧椾笌鍚庣画璇彞涔嬮棿闇€瑕佹湁绌虹櫧琛?(https://learn.microsoft.com/dotnet/fundamentals/code-analysis/style-rules/ide2003) [C:\UserWorx\VSWorx\ServoStudio\wpfui-servoStudio\samples\Wpf.Ui.servoStudio\servoStudio_wjhet5xd_wpftmp.csproj]
C:\UserWorx\VSWorx\ServoStudio\wpfui-servoStudio\samples\Wpf.Ui.servoStudio\Core\Usb\CdcAcmUsbBus.cs(71,56): warning IDE2003: 鍧椾笌鍚庣画璇彞涔嬮棿闇€瑕佹湁绌虹櫧琛?(https://learn.microsoft.com/dotnet/fundamentals/code-analysis/style-rules/ide2003) [C:\UserWorx\VSWorx\ServoStudio\wpfui-servoStudio\samples\Wpf.Ui.servoStudio\servoStudio_wjhet5xd_wpftmp.csproj]
C:\UserWorx\VSWorx\ServoStudio\wpfui-servoStudio\samples\Wpf.Ui.servoStudio\Core\Usb\CdcAcmUsbBus.cs(90,13): warning IDE2003: 鍧椾笌鍚庣画璇彞涔嬮棿闇€瑕佹湁绌虹櫧琛?(https://learn.microsoft.com/dotnet/fundamentals/code-analysis/style-rules/ide2003) [C:\UserWorx\VSWorx\ServoStudio\wpfui-servoStudio\samples\Wpf.Ui.servoStudio\servoStudio_wjhet5xd_wpftmp.csproj]
C:\UserWorx\VSWorx\ServoStudio\wpfui-servoStudio\samples\Wpf.Ui.servoStudio\Core\Usb\IUsbBus.cs(23,16): warning IDE0055: 淇鏍煎紡 (https://learn.microsoft.com/dotnet/fundamentals/code-analysis/style-rules/ide0055) [C:\UserWorx\VSWorx\ServoStudio\wpfui-servoStudio\samples\Wpf.Ui.servoStudio\servoStudio_wjhet5xd_wpftmp.csproj]
C:\UserWorx\VSWorx\ServoStudio\wpfui-servoStudio\samples\Wpf.Ui.servoStudio\Core\Usb\IUsbBus.cs(23,18): warning IDE0055: 淇鏍煎紡 (https://learn.microsoft.com/dotnet/fundamentals/code-analysis/style-rules/ide0055) [C:\UserWorx\VSWorx\ServoStudio\wpfui-servoStudio\samples\Wpf.Ui.servoStudio\servoStudio_wjhet5xd_wpftmp.csproj]
C:\UserWorx\VSWorx\ServoStudio\wpfui-servoStudio\samples\Wpf.Ui.servoStudio\Core\Usb\IUsbBus.cs(23,23): warning IDE0055: 淇鏍煎紡 (https://learn.microsoft.com/dotnet/fundamentals/code-analysis/style-rules/ide0055) [C:\UserWorx\VSWorx\ServoStudio\wpfui-servoStudio\samples\Wpf.Ui.servoStudio\servoStudio_wjhet5xd_wpftmp.csproj]
C:\UserWorx\VSWorx\ServoStudio\wpfui-servoStudio\samples\Wpf.Ui.servoStudio\Core\Usb\MscUsbBus.cs(46,23): warning IDE0055: 淇鏍煎紡 (https://learn.microsoft.com/dotnet/fundamentals/code-analysis/style-rules/ide0055) [C:\UserWorx\VSWorx\ServoStudio\wpfui-servoStudio\samples\Wpf.Ui.servoStudio\servoStudio_wjhet5xd_wpftmp.csproj]
C:\UserWorx\VSWorx\ServoStudio\wpfui-servoStudio\samples\Wpf.Ui.servoStudio\Core\Usb\MscUsbBus.cs(46,25): warning IDE0055: 淇鏍煎紡 (https://learn.microsoft.com/dotnet/fundamentals/code-analysis/style-rules/ide0055) [C:\UserWorx\VSWorx\ServoStudio\wpfui-servoStudio\samples\Wpf.Ui.servoStudio\servoStudio_wjhet5xd_wpftmp.csproj]
C:\UserWorx\VSWorx\ServoStudio\wpfui-servoStudio\samples\Wpf.Ui.servoStudio\Core\Usb\MscUsbBus.cs(46,43): warning IDE0055: 淇鏍煎紡 (https://learn.microsoft.com/dotnet/fundamentals/code-analysis/style-rules/ide0055) [C:\UserWorx\VSWorx\ServoStudio\wpfui-servoStudio\samples\Wpf.Ui.servoStudio\servoStudio_wjhet5xd_wpftmp.csproj]
C:\UserWorx\VSWorx\ServoStudio\wpfui-servoStudio\samples\Wpf.Ui.servoStudio\Core\Usb\MscUsbBus.cs(92,16): warning IDE0055: 淇鏍煎紡 (https://learn.microsoft.com/dotnet/fundamentals/code-analysis/style-rules/ide0055) [C:\UserWorx\VSWorx\ServoStudio\wpfui-servoStudio\samples\Wpf.Ui.servoStudio\servoStudio_wjhet5xd_wpftmp.csproj]
C:\UserWorx\VSWorx\ServoStudio\wpfui-servoStudio\samples\Wpf.Ui.servoStudio\Core\Usb\MscUsbBus.cs(92,18): warning IDE0055: 淇鏍煎紡 (https://learn.microsoft.com/dotnet/fundamentals/code-analysis/style-rules/ide0055) [C:\UserWorx\VSWorx\ServoStudio\wpfui-servoStudio\samples\Wpf.Ui.servoStudio\servoStudio_wjhet5xd_wpftmp.csproj]
C:\UserWorx\VSWorx\ServoStudio\wpfui-servoStudio\samples\Wpf.Ui.servoStudio\Core\Usb\MscUsbBus.cs(92,56): warning IDE0055: 淇鏍煎紡 (https://learn.microsoft.com/dotnet/fundamentals/code-analysis/style-rules/ide0055) [C:\UserWorx\VSWorx\ServoStudio\wpfui-servoStudio\samples\Wpf.Ui.servoStudio\servoStudio_wjhet5xd_wpftmp.csproj]
C:\UserWorx\VSWorx\ServoStudio\wpfui-servoStudio\samples\Wpf.Ui.servoStudio\Core\Usb\MscUsbBus.cs(92,58): warning IDE0055: 淇鏍煎紡 (https://learn.microsoft.com/dotnet/fundamentals/code-analysis/style-rules/ide0055) [C:\UserWorx\VSWorx\ServoStudio\wpfui-servoStudio\samples\Wpf.Ui.servoStudio\servoStudio_wjhet5xd_wpftmp.csproj]
C:\UserWorx\VSWorx\ServoStudio\wpfui-servoStudio\samples\Wpf.Ui.servoStudio\Core\Usb\MscUsbBus.cs(93,16): warning IDE0055: 淇鏍煎紡 (https://learn.microsoft.com/dotnet/fundamentals/code-analysis/style-rules/ide0055) [C:\UserWorx\VSWorx\ServoStudio\wpfui-servoStudio\samples\Wpf.Ui.servoStudio\servoStudio_wjhet5xd_wpftmp.csproj]
C:\UserWorx\VSWorx\ServoStudio\wpfui-servoStudio\samples\Wpf.Ui.servoStudio\Core\Usb\MscUsbBus.cs(93,18): warning IDE0055: 淇鏍煎紡 (https://learn.microsoft.com/dotnet/fundamentals/code-analysis/style-rules/ide0055) [C:\UserWorx\VSWorx\ServoStudio\wpfui-servoStudio\samples\Wpf.Ui.servoStudio\servoStudio_wjhet5xd_wpftmp.csproj]
C:\UserWorx\VSWorx\ServoStudio\wpfui-servoStudio\samples\Wpf.Ui.servoStudio\Core\Usb\MscUsbBus.cs(93,54): warning IDE0055: 淇鏍煎紡 (https://learn.microsoft.com/dotnet/fundamentals/code-analysis/style-rules/ide0055) [C:\UserWorx\VSWorx\ServoStudio\wpfui-servoStudio\samples\Wpf.Ui.servoStudio\servoStudio_wjhet5xd_wpftmp.csproj]
C:\UserWorx\VSWorx\ServoStudio\wpfui-servoStudio\samples\Wpf.Ui.servoStudio\Core\Usb\MscUsbBus.cs(93,56): warning IDE0055: 淇鏍煎紡 (https://learn.microsoft.com/dotnet/fundamentals/code-analysis/style-rules/ide0055) [C:\UserWorx\VSWorx\ServoStudio\wpfui-servoStudio\samples\Wpf.Ui.servoStudio\servoStudio_wjhet5xd_wpftmp.csproj]
C:\UserWorx\VSWorx\ServoStudio\wpfui-servoStudio\samples\Wpf.Ui.servoStudio\Core\Usb\MscUsbBus.cs(94,16): warning IDE0055: 淇鏍煎紡 (https://learn.microsoft.com/dotnet/fundamentals/code-analysis/style-rules/ide0055) [C:\UserWorx\VSWorx\ServoStudio\wpfui-servoStudio\samples\Wpf.Ui.servoStudio\servoStudio_wjhet5xd_wpftmp.csproj]
C:\UserWorx\VSWorx\ServoStudio\wpfui-servoStudio\samples\Wpf.Ui.servoStudio\Core\Usb\MscUsbBus.cs(94,18): warning IDE0055: 淇鏍煎紡 (https://learn.microsoft.com/dotnet/fundamentals/code-analysis/style-rules/ide0055) [C:\UserWorx\VSWorx\ServoStudio\wpfui-servoStudio\samples\Wpf.Ui.servoStudio\servoStudio_wjhet5xd_wpftmp.csproj]
C:\UserWorx\VSWorx\ServoStudio\wpfui-servoStudio\samples\Wpf.Ui.servoStudio\Core\Usb\MscUsbBus.cs(94,38): warning IDE0055: 淇鏍煎紡 (https://learn.microsoft.com/dotnet/fundamentals/code-analysis/style-rules/ide0055) [C:\UserWorx\VSWorx\ServoStudio\wpfui-servoStudio\samples\Wpf.Ui.servoStudio\servoStudio_wjhet5xd_wpftmp.csproj]
C:\UserWorx\VSWorx\ServoStudio\wpfui-servoStudio\samples\Wpf.Ui.servoStudio\Core\Usb\MscUsbBus.cs(94,40): warning IDE0055: 淇鏍煎紡 (https://learn.microsoft.com/dotnet/fundamentals/code-analysis/style-rules/ide0055) [C:\UserWorx\VSWorx\ServoStudio\wpfui-servoStudio\samples\Wpf.Ui.servoStudio\servoStudio_wjhet5xd_wpftmp.csproj]
C:\UserWorx\VSWorx\ServoStudio\wpfui-servoStudio\samples\Wpf.Ui.servoStudio\Core\Usb\MscUsbBus.cs(205,20): warning IDE0055: 淇鏍煎紡 (https://learn.microsoft.com/dotnet/fundamentals/code-analysis/style-rules/ide0055) [C:\UserWorx\VSWorx\ServoStudio\wpfui-servoStudio\samples\Wpf.Ui.servoStudio\servoStudio_wjhet5xd_wpftmp.csproj]
C:\UserWorx\VSWorx\ServoStudio\wpfui-servoStudio\samples\Wpf.Ui.servoStudio\Core\Usb\MscUsbBus.cs(205,22): warning IDE0055: 淇鏍煎紡 (https://learn.microsoft.com/dotnet/fundamentals/code-analysis/style-rules/ide0055) [C:\UserWorx\VSWorx\ServoStudio\wpfui-servoStudio\samples\Wpf.Ui.servoStudio\servoStudio_wjhet5xd_wpftmp.csproj]
C:\UserWorx\VSWorx\ServoStudio\wpfui-servoStudio\samples\Wpf.Ui.servoStudio\Core\Usb\MscUsbBus.cs(205,41): warning IDE0055: 淇鏍煎紡 (https://learn.microsoft.com/dotnet/fundamentals/code-analysis/style-rules/ide0055) [C:\UserWorx\VSWorx\ServoStudio\wpfui-servoStudio\samples\Wpf.Ui.servoStudio\servoStudio_wjhet5xd_wpftmp.csproj]
C:\UserWorx\VSWorx\ServoStudio\wpfui-servoStudio\samples\Wpf.Ui.servoStudio\Core\Usb\MscUsbBus.cs(205,43): warning IDE0055: 淇鏍煎紡 (https://learn.microsoft.com/dotnet/fundamentals/code-analysis/style-rules/ide0055) [C:\UserWorx\VSWorx\ServoStudio\wpfui-servoStudio\samples\Wpf.Ui.servoStudio\servoStudio_wjhet5xd_wpftmp.csproj]
C:\UserWorx\VSWorx\ServoStudio\wpfui-servoStudio\samples\Wpf.Ui.servoStudio\Core\Usb\MscUsbBus.cs(92,80): warning IDE2003: 鍧椾笌鍚庣画璇彞涔嬮棿闇€瑕佹湁绌虹櫧琛?(https://learn.microsoft.com/dotnet/fundamentals/code-analysis/style-rules/ide2003) [C:\UserWorx\VSWorx\ServoStudio\wpfui-servoStudio\samples\Wpf.Ui.servoStudio\servoStudio_wjhet5xd_wpftmp.csproj]
C:\UserWorx\VSWorx\ServoStudio\wpfui-servoStudio\samples\Wpf.Ui.servoStudio\Core\Usb\MscUsbBus.cs(93,78): warning IDE2003: 鍧椾笌鍚庣画璇彞涔嬮棿闇€瑕佹湁绌虹櫧琛?(https://learn.microsoft.com/dotnet/fundamentals/code-analysis/style-rules/ide2003) [C:\UserWorx\VSWorx\ServoStudio\wpfui-servoStudio\samples\Wpf.Ui.servoStudio\servoStudio_wjhet5xd_wpftmp.csproj]
C:\UserWorx\VSWorx\ServoStudio\wpfui-servoStudio\samples\Wpf.Ui.servoStudio\Core\Usb\MscUsbBus.cs(94,62): warning IDE2003: 鍧椾笌鍚庣画璇彞涔嬮棿闇€瑕佹湁绌虹櫧琛?(https://learn.microsoft.com/dotnet/fundamentals/code-analysis/style-rules/ide2003) [C:\UserWorx\VSWorx\ServoStudio\wpfui-servoStudio\samples\Wpf.Ui.servoStudio\servoStudio_wjhet5xd_wpftmp.csproj]
C:\UserWorx\VSWorx\ServoStudio\wpfui-servoStudio\samples\Wpf.Ui.servoStudio\Core\Usb\MscUsbBus.cs(205,65): warning IDE2003: 鍧椾笌鍚庣画璇彞涔嬮棿闇€瑕佹湁绌虹櫧琛?(https://learn.microsoft.com/dotnet/fundamentals/code-analysis/style-rules/ide2003) [C:\UserWorx\VSWorx\ServoStudio\wpfui-servoStudio\samples\Wpf.Ui.servoStudio\servoStudio_wjhet5xd_wpftmp.csproj]
C:\UserWorx\VSWorx\ServoStudio\wpfui-servoStudio\samples\Wpf.Ui.servoStudio\Views\Pages\FactoryPages\FrameFormatEditorPage.xaml.cs(45,22): warning CA1060: 灏?pinvoke 绉诲埌鏈満鏂规硶绫?(https://learn.microsoft.com/dotnet/fundamentals/code-analysis/quality-rules/ca1060) [C:\UserWorx\VSWorx\ServoStudio\wpfui-servoStudio\samples\Wpf.Ui.servoStudio\servoStudio_wjhet5xd_wpftmp.csproj]
C:\UserWorx\VSWorx\ServoStudio\wpfui-servoStudio\samples\Wpf.Ui.servoStudio\Core\Usb\UsbBulkBus.cs(102,16): warning IDE0055: 淇鏍煎紡 (https://learn.microsoft.com/dotnet/fundamentals/code-analysis/style-rules/ide0055) [C:\UserWorx\VSWorx\ServoStudio\wpfui-servoStudio\samples\Wpf.Ui.servoStudio\servoStudio_wjhet5xd_wpftmp.csproj]
C:\UserWorx\VSWorx\ServoStudio\wpfui-servoStudio\samples\Wpf.Ui.servoStudio\Core\Usb\UsbBulkBus.cs(102,18): warning IDE0055: 淇鏍煎紡 (https://learn.microsoft.com/dotnet/fundamentals/code-analysis/style-rules/ide0055) [C:\UserWorx\VSWorx\ServoStudio\wpfui-servoStudio\samples\Wpf.Ui.servoStudio\servoStudio_wjhet5xd_wpftmp.csproj]
C:\UserWorx\VSWorx\ServoStudio\wpfui-servoStudio\samples\Wpf.Ui.servoStudio\Core\Usb\UsbBulkBus.cs(102,60): warning IDE0055: 淇鏍煎紡 (https://learn.microsoft.com/dotnet/fundamentals/code-analysis/style-rules/ide0055) [C:\UserWorx\VSWorx\ServoStudio\wpfui-servoStudio\samples\Wpf.Ui.servoStudio\servoStudio_wjhet5xd_wpftmp.csproj]
C:\UserWorx\VSWorx\ServoStudio\wpfui-servoStudio\samples\Wpf.Ui.servoStudio\Core\Usb\UsbBulkBus.cs(102,62): warning IDE0055: 淇鏍煎紡 (https://learn.microsoft.com/dotnet/fundamentals/code-analysis/style-rules/ide0055) [C:\UserWorx\VSWorx\ServoStudio\wpfui-servoStudio\samples\Wpf.Ui.servoStudio\servoStudio_wjhet5xd_wpftmp.csproj]
C:\UserWorx\VSWorx\ServoStudio\wpfui-servoStudio\samples\Wpf.Ui.servoStudio\Core\Usb\UsbBulkBus.cs(108,16): warning IDE0055: 淇鏍煎紡 (https://learn.microsoft.com/dotnet/fundamentals/code-analysis/style-rules/ide0055) [C:\UserWorx\VSWorx\ServoStudio\wpfui-servoStudio\samples\Wpf.Ui.servoStudio\servoStudio_wjhet5xd_wpftmp.csproj]
C:\UserWorx\VSWorx\ServoStudio\wpfui-servoStudio\samples\Wpf.Ui.servoStudio\Core\Usb\UsbBulkBus.cs(108,18): warning IDE0055: 淇鏍煎紡 (https://learn.microsoft.com/dotnet/fundamentals/code-analysis/style-rules/ide0055) [C:\UserWorx\VSWorx\ServoStudio\wpfui-servoStudio\samples\Wpf.Ui.servoStudio\servoStudio_wjhet5xd_wpftmp.csproj]
C:\UserWorx\VSWorx\ServoStudio\wpfui-servoStudio\samples\Wpf.Ui.servoStudio\Core\Usb\UsbBulkBus.cs(108,43): warning IDE0055: 淇鏍煎紡 (https://learn.microsoft.com/dotnet/fundamentals/code-analysis/style-rules/ide0055) [C:\UserWorx\VSWorx\ServoStudio\wpfui-servoStudio\samples\Wpf.Ui.servoStudio\servoStudio_wjhet5xd_wpftmp.csproj]
C:\UserWorx\VSWorx\ServoStudio\wpfui-servoStudio\samples\Wpf.Ui.servoStudio\Core\Usb\UsbBulkBus.cs(108,45): warning IDE0055: 淇鏍煎紡 (https://learn.microsoft.com/dotnet/fundamentals/code-analysis/style-rules/ide0055) [C:\UserWorx\VSWorx\ServoStudio\wpfui-servoStudio\samples\Wpf.Ui.servoStudio\servoStudio_wjhet5xd_wpftmp.csproj]
C:\UserWorx\VSWorx\ServoStudio\wpfui-servoStudio\samples\Wpf.Ui.servoStudio\Core\Usb\UsbBulkBus.cs(102,84): warning IDE2003: 鍧椾笌鍚庣画璇彞涔嬮棿闇€瑕佹湁绌虹櫧琛?(https://learn.microsoft.com/dotnet/fundamentals/code-analysis/style-rules/ide2003) [C:\UserWorx\VSWorx\ServoStudio\wpfui-servoStudio\samples\Wpf.Ui.servoStudio\servoStudio_wjhet5xd_wpftmp.csproj]
C:\UserWorx\VSWorx\ServoStudio\wpfui-servoStudio\samples\Wpf.Ui.servoStudio\Core\Usb\UsbBulkBus.cs(108,67): warning IDE2003: 鍧椾笌鍚庣画璇彞涔嬮棿闇€瑕佹湁绌虹櫧琛?(https://learn.microsoft.com/dotnet/fundamentals/code-analysis/style-rules/ide2003) [C:\UserWorx\VSWorx\ServoStudio\wpfui-servoStudio\samples\Wpf.Ui.servoStudio\servoStudio_wjhet5xd_wpftmp.csproj]
C:\UserWorx\VSWorx\ServoStudio\wpfui-servoStudio\samples\Wpf.Ui.servoStudio\Core\Usb\UsbDeviceDescriptor.cs(17,27): warning IDE0055: 淇鏍煎紡 (https://learn.microsoft.com/dotnet/fundamentals/code-analysis/style-rules/ide0055) [C:\UserWorx\VSWorx\ServoStudio\wpfui-servoStudio\samples\Wpf.Ui.servoStudio\servoStudio_wjhet5xd_wpftmp.csproj]
C:\UserWorx\VSWorx\ServoStudio\wpfui-servoStudio\samples\Wpf.Ui.servoStudio\Core\Usb\UsbDeviceDescriptor.cs(17,29): warning IDE0055: 淇鏍煎紡 (https://learn.microsoft.com/dotnet/fundamentals/code-analysis/style-rules/ide0055) [C:\UserWorx\VSWorx\ServoStudio\wpfui-servoStudio\samples\Wpf.Ui.servoStudio\servoStudio_wjhet5xd_wpftmp.csproj]
C:\UserWorx\VSWorx\ServoStudio\wpfui-servoStudio\samples\Wpf.Ui.servoStudio\Core\Usb\UsbDeviceDescriptor.cs(17,40): warning IDE0055: 淇鏍煎紡 (https://learn.microsoft.com/dotnet/fundamentals/code-analysis/style-rules/ide0055) [C:\UserWorx\VSWorx\ServoStudio\wpfui-servoStudio\samples\Wpf.Ui.servoStudio\servoStudio_wjhet5xd_wpftmp.csproj]
C:\UserWorx\VSWorx\ServoStudio\wpfui-servoStudio\samples\Wpf.Ui.servoStudio\Core\Usb\UsbDeviceDescriptor.cs(19,28): warning IDE0055: 淇鏍煎紡 (https://learn.microsoft.com/dotnet/fundamentals/code-analysis/style-rules/ide0055) [C:\UserWorx\VSWorx\ServoStudio\wpfui-servoStudio\samples\Wpf.Ui.servoStudio\servoStudio_wjhet5xd_wpftmp.csproj]
C:\UserWorx\VSWorx\ServoStudio\wpfui-servoStudio\samples\Wpf.Ui.servoStudio\Core\Usb\UsbDeviceDescriptor.cs(19,30): warning IDE0055: 淇鏍煎紡 (https://learn.microsoft.com/dotnet/fundamentals/code-analysis/style-rules/ide0055) [C:\UserWorx\VSWorx\ServoStudio\wpfui-servoStudio\samples\Wpf.Ui.servoStudio\servoStudio_wjhet5xd_wpftmp.csproj]
C:\UserWorx\VSWorx\ServoStudio\wpfui-servoStudio\samples\Wpf.Ui.servoStudio\Core\Usb\UsbDeviceDescriptor.cs(19,41): warning IDE0055: 淇鏍煎紡 (https://learn.microsoft.com/dotnet/fundamentals/code-analysis/style-rules/ide0055) [C:\UserWorx\VSWorx\ServoStudio\wpfui-servoStudio\samples\Wpf.Ui.servoStudio\servoStudio_wjhet5xd_wpftmp.csproj]
C:\UserWorx\VSWorx\ServoStudio\wpfui-servoStudio\samples\Wpf.Ui.servoStudio\Core\Usb\UsbDeviceEnumerator.cs(34,67): warning IDE0055: 淇鏍煎紡 (https://learn.microsoft.com/dotnet/fundamentals/code-analysis/style-rules/ide0055) [C:\UserWorx\VSWorx\ServoStudio\wpfui-servoStudio\samples\Wpf.Ui.servoStudio\servoStudio_wjhet5xd_wpftmp.csproj]
C:\UserWorx\VSWorx\ServoStudio\wpfui-servoStudio\samples\Wpf.Ui.servoStudio\Core\Usb\UsbDeviceEnumerator.cs(34,69): warning IDE0055: 淇鏍煎紡 (https://learn.microsoft.com/dotnet/fundamentals/code-analysis/style-rules/ide0055) [C:\UserWorx\VSWorx\ServoStudio\wpfui-servoStudio\samples\Wpf.Ui.servoStudio\servoStudio_wjhet5xd_wpftmp.csproj]
C:\UserWorx\VSWorx\ServoStudio\wpfui-servoStudio\samples\Wpf.Ui.servoStudio\Core\Usb\UsbDeviceEnumerator.cs(34,79): warning IDE0055: 淇鏍煎紡 (https://learn.microsoft.com/dotnet/fundamentals/code-analysis/style-rules/ide0055) [C:\UserWorx\VSWorx\ServoStudio\wpfui-servoStudio\samples\Wpf.Ui.servoStudio\servoStudio_wjhet5xd_wpftmp.csproj]
C:\UserWorx\VSWorx\ServoStudio\wpfui-servoStudio\samples\Wpf.Ui.servoStudio\Core\Usb\UsbDeviceEnumerator.cs(166,13): warning IDE2003: 鍧椾笌鍚庣画璇彞涔嬮棿闇€瑕佹湁绌虹櫧琛?(https://learn.microsoft.com/dotnet/fundamentals/code-analysis/style-rules/ide2003) [C:\UserWorx\VSWorx\ServoStudio\wpfui-servoStudio\samples\Wpf.Ui.servoStudio\servoStudio_wjhet5xd_wpftmp.csproj]
C:\UserWorx\VSWorx\ServoStudio\wpfui-servoStudio\samples\Wpf.Ui.servoStudio\Core\Usb\UsbMaster.cs(49,32): warning IDE0055: 淇鏍煎紡 (https://learn.microsoft.com/dotnet/fundamentals/code-analysis/style-rules/ide0055) [C:\UserWorx\VSWorx\ServoStudio\wpfui-servoStudio\samples\Wpf.Ui.servoStudio\servoStudio_wjhet5xd_wpftmp.csproj]
C:\UserWorx\VSWorx\ServoStudio\wpfui-servoStudio\samples\Wpf.Ui.servoStudio\Core\Usb\UsbMaster.cs(49,34): warning IDE0055: 淇鏍煎紡 (https://learn.microsoft.com/dotnet/fundamentals/code-analysis/style-rules/ide0055) [C:\UserWorx\VSWorx\ServoStudio\wpfui-servoStudio\samples\Wpf.Ui.servoStudio\servoStudio_wjhet5xd_wpftmp.csproj]
C:\UserWorx\VSWorx\ServoStudio\wpfui-servoStudio\samples\Wpf.Ui.servoStudio\Core\Usb\UsbMaster.cs(49,52): warning IDE0055: 淇鏍煎紡 (https://learn.microsoft.com/dotnet/fundamentals/code-analysis/style-rules/ide0055) [C:\UserWorx\VSWorx\ServoStudio\wpfui-servoStudio\samples\Wpf.Ui.servoStudio\servoStudio_wjhet5xd_wpftmp.csproj]
C:\UserWorx\VSWorx\ServoStudio\wpfui-servoStudio\samples\Wpf.Ui.servoStudio\Core\Usb\UsbMaster.cs(52,44): warning IDE0055: 淇鏍煎紡 (https://learn.microsoft.com/dotnet/fundamentals/code-analysis/style-rules/ide0055) [C:\UserWorx\VSWorx\ServoStudio\wpfui-servoStudio\samples\Wpf.Ui.servoStudio\servoStudio_wjhet5xd_wpftmp.csproj]
C:\UserWorx\VSWorx\ServoStudio\wpfui-servoStudio\samples\Wpf.Ui.servoStudio\Core\Usb\UsbMaster.cs(52,46): warning IDE0055: 淇鏍煎紡 (https://learn.microsoft.com/dotnet/fundamentals/code-analysis/style-rules/ide0055) [C:\UserWorx\VSWorx\ServoStudio\wpfui-servoStudio\samples\Wpf.Ui.servoStudio\servoStudio_wjhet5xd_wpftmp.csproj]
C:\UserWorx\VSWorx\ServoStudio\wpfui-servoStudio\samples\Wpf.Ui.servoStudio\Core\Usb\UsbMaster.cs(52,64): warning IDE0055: 淇鏍煎紡 (https://learn.microsoft.com/dotnet/fundamentals/code-analysis/style-rules/ide0055) [C:\UserWorx\VSWorx\ServoStudio\wpfui-servoStudio\samples\Wpf.Ui.servoStudio\servoStudio_wjhet5xd_wpftmp.csproj]
C:\UserWorx\VSWorx\ServoStudio\wpfui-servoStudio\samples\Wpf.Ui.servoStudio\Core\Usb\UsbMaster.cs(106,12): warning IDE0055: 淇鏍煎紡 (https://learn.microsoft.com/dotnet/fundamentals/code-analysis/style-rules/ide0055) [C:\UserWorx\VSWorx\ServoStudio\wpfui-servoStudio\samples\Wpf.Ui.servoStudio\servoStudio_wjhet5xd_wpftmp.csproj]
C:\UserWorx\VSWorx\ServoStudio\wpfui-servoStudio\samples\Wpf.Ui.servoStudio\Core\Usb\UsbMaster.cs(106,14): warning IDE0055: 淇鏍煎紡 (https://learn.microsoft.com/dotnet/fundamentals/code-analysis/style-rules/ide0055) [C:\UserWorx\VSWorx\ServoStudio\wpfui-servoStudio\samples\Wpf.Ui.servoStudio\servoStudio_wjhet5xd_wpftmp.csproj]
C:\UserWorx\VSWorx\ServoStudio\wpfui-servoStudio\samples\Wpf.Ui.servoStudio\Core\Usb\UsbMaster.cs(106,30): warning IDE0055: 淇鏍煎紡 (https://learn.microsoft.com/dotnet/fundamentals/code-analysis/style-rules/ide0055) [C:\UserWorx\VSWorx\ServoStudio\wpfui-servoStudio\samples\Wpf.Ui.servoStudio\servoStudio_wjhet5xd_wpftmp.csproj]
C:\UserWorx\VSWorx\ServoStudio\wpfui-servoStudio\samples\Wpf.Ui.servoStudio\Core\Usb\UsbMaster.cs(106,32): warning IDE0055: 淇鏍煎紡 (https://learn.microsoft.com/dotnet/fundamentals/code-analysis/style-rules/ide0055) [C:\UserWorx\VSWorx\ServoStudio\wpfui-servoStudio\samples\Wpf.Ui.servoStudio\servoStudio_wjhet5xd_wpftmp.csproj]
C:\UserWorx\VSWorx\ServoStudio\wpfui-servoStudio\samples\Wpf.Ui.servoStudio\Core\Usb\UsbMaster.cs(149,12): warning IDE0055: 淇鏍煎紡 (https://learn.microsoft.com/dotnet/fundamentals/code-analysis/style-rules/ide0055) [C:\UserWorx\VSWorx\ServoStudio\wpfui-servoStudio\samples\Wpf.Ui.servoStudio\servoStudio_wjhet5xd_wpftmp.csproj]
C:\UserWorx\VSWorx\ServoStudio\wpfui-servoStudio\samples\Wpf.Ui.servoStudio\Core\Usb\UsbMaster.cs(149,14): warning IDE0055: 淇鏍煎紡 (https://learn.microsoft.com/dotnet/fundamentals/code-analysis/style-rules/ide0055) [C:\UserWorx\VSWorx\ServoStudio\wpfui-servoStudio\samples\Wpf.Ui.servoStudio\servoStudio_wjhet5xd_wpftmp.csproj]
C:\UserWorx\VSWorx\ServoStudio\wpfui-servoStudio\samples\Wpf.Ui.servoStudio\Core\Usb\UsbMaster.cs(149,32): warning IDE0055: 淇鏍煎紡 (https://learn.microsoft.com/dotnet/fundamentals/code-analysis/style-rules/ide0055) [C:\UserWorx\VSWorx\ServoStudio\wpfui-servoStudio\samples\Wpf.Ui.servoStudio\servoStudio_wjhet5xd_wpftmp.csproj]
C:\UserWorx\VSWorx\ServoStudio\wpfui-servoStudio\samples\Wpf.Ui.servoStudio\Core\Usb\UsbMaster.cs(149,34): warning IDE0055: 淇鏍煎紡 (https://learn.microsoft.com/dotnet/fundamentals/code-analysis/style-rules/ide0055) [C:\UserWorx\VSWorx\ServoStudio\wpfui-servoStudio\samples\Wpf.Ui.servoStudio\servoStudio_wjhet5xd_wpftmp.csproj]
C:\UserWorx\VSWorx\ServoStudio\wpfui-servoStudio\samples\Wpf.Ui.servoStudio\Core\Usb\UsbMaster.cs(150,12): warning IDE0055: 淇鏍煎紡 (https://learn.microsoft.com/dotnet/fundamentals/code-analysis/style-rules/ide0055) [C:\UserWorx\VSWorx\ServoStudio\wpfui-servoStudio\samples\Wpf.Ui.servoStudio\servoStudio_wjhet5xd_wpftmp.csproj]
C:\UserWorx\VSWorx\ServoStudio\wpfui-servoStudio\samples\Wpf.Ui.servoStudio\Core\Usb\UsbMaster.cs(150,14): warning IDE0055: 淇鏍煎紡 (https://learn.microsoft.com/dotnet/fundamentals/code-analysis/style-rules/ide0055) [C:\UserWorx\VSWorx\ServoStudio\wpfui-servoStudio\samples\Wpf.Ui.servoStudio\servoStudio_wjhet5xd_wpftmp.csproj]
C:\UserWorx\VSWorx\ServoStudio\wpfui-servoStudio\samples\Wpf.Ui.servoStudio\Core\Usb\UsbMaster.cs(150,36): warning IDE0055: 淇鏍煎紡 (https://learn.microsoft.com/dotnet/fundamentals/code-analysis/style-rules/ide0055) [C:\UserWorx\VSWorx\ServoStudio\wpfui-servoStudio\samples\Wpf.Ui.servoStudio\servoStudio_wjhet5xd_wpftmp.csproj]
C:\UserWorx\VSWorx\ServoStudio\wpfui-servoStudio\samples\Wpf.Ui.servoStudio\Core\Usb\UsbMaster.cs(150,38): warning IDE0055: 淇鏍煎紡 (https://learn.microsoft.com/dotnet/fundamentals/code-analysis/style-rules/ide0055) [C:\UserWorx\VSWorx\ServoStudio\wpfui-servoStudio\samples\Wpf.Ui.servoStudio\servoStudio_wjhet5xd_wpftmp.csproj]
C:\UserWorx\VSWorx\ServoStudio\wpfui-servoStudio\samples\Wpf.Ui.servoStudio\Core\Usb\UsbMaster.cs(154,12): warning IDE0055: 淇鏍煎紡 (https://learn.microsoft.com/dotnet/fundamentals/code-analysis/style-rules/ide0055) [C:\UserWorx\VSWorx\ServoStudio\wpfui-servoStudio\samples\Wpf.Ui.servoStudio\servoStudio_wjhet5xd_wpftmp.csproj]
C:\UserWorx\VSWorx\ServoStudio\wpfui-servoStudio\samples\Wpf.Ui.servoStudio\Core\Usb\UsbMaster.cs(154,14): warning IDE0055: 淇鏍煎紡 (https://learn.microsoft.com/dotnet/fundamentals/code-analysis/style-rules/ide0055) [C:\UserWorx\VSWorx\ServoStudio\wpfui-servoStudio\samples\Wpf.Ui.servoStudio\servoStudio_wjhet5xd_wpftmp.csproj]
C:\UserWorx\VSWorx\ServoStudio\wpfui-servoStudio\samples\Wpf.Ui.servoStudio\Core\Usb\UsbMaster.cs(154,28): warning IDE0055: 淇鏍煎紡 (https://learn.microsoft.com/dotnet/fundamentals/code-analysis/style-rules/ide0055) [C:\UserWorx\VSWorx\ServoStudio\wpfui-servoStudio\samples\Wpf.Ui.servoStudio\servoStudio_wjhet5xd_wpftmp.csproj]
C:\UserWorx\VSWorx\ServoStudio\wpfui-servoStudio\samples\Wpf.Ui.servoStudio\Core\Usb\UsbMaster.cs(154,30): warning IDE0055: 淇鏍煎紡 (https://learn.microsoft.com/dotnet/fundamentals/code-analysis/style-rules/ide0055) [C:\UserWorx\VSWorx\ServoStudio\wpfui-servoStudio\samples\Wpf.Ui.servoStudio\servoStudio_wjhet5xd_wpftmp.csproj]
C:\UserWorx\VSWorx\ServoStudio\wpfui-servoStudio\samples\Wpf.Ui.servoStudio\Core\Usb\UsbMaster.cs(178,20): warning IDE0055: 淇鏍煎紡 (https://learn.microsoft.com/dotnet/fundamentals/code-analysis/style-rules/ide0055) [C:\UserWorx\VSWorx\ServoStudio\wpfui-servoStudio\samples\Wpf.Ui.servoStudio\servoStudio_wjhet5xd_wpftmp.csproj]
C:\UserWorx\VSWorx\ServoStudio\wpfui-servoStudio\samples\Wpf.Ui.servoStudio\Core\Usb\UsbMaster.cs(178,22): warning IDE0055: 淇鏍煎紡 (https://learn.microsoft.com/dotnet/fundamentals/code-analysis/style-rules/ide0055) [C:\UserWorx\VSWorx\ServoStudio\wpfui-servoStudio\samples\Wpf.Ui.servoStudio\servoStudio_wjhet5xd_wpftmp.csproj]
C:\UserWorx\VSWorx\ServoStudio\wpfui-servoStudio\samples\Wpf.Ui.servoStudio\Core\Usb\UsbMaster.cs(178,47): warning IDE0055: 淇鏍煎紡 (https://learn.microsoft.com/dotnet/fundamentals/code-analysis/style-rules/ide0055) [C:\UserWorx\VSWorx\ServoStudio\wpfui-servoStudio\samples\Wpf.Ui.servoStudio\servoStudio_wjhet5xd_wpftmp.csproj]
C:\UserWorx\VSWorx\ServoStudio\wpfui-servoStudio\samples\Wpf.Ui.servoStudio\Core\Usb\UsbMaster.cs(178,49): warning IDE0055: 淇鏍煎紡 (https://learn.microsoft.com/dotnet/fundamentals/code-analysis/style-rules/ide0055) [C:\UserWorx\VSWorx\ServoStudio\wpfui-servoStudio\samples\Wpf.Ui.servoStudio\servoStudio_wjhet5xd_wpftmp.csproj]
C:\UserWorx\VSWorx\ServoStudio\wpfui-servoStudio\samples\Wpf.Ui.servoStudio\Core\Usb\UsbMaster.cs(219,20): warning IDE0055: 淇鏍煎紡 (https://learn.microsoft.com/dotnet/fundamentals/code-analysis/style-rules/ide0055) [C:\UserWorx\VSWorx\ServoStudio\wpfui-servoStudio\samples\Wpf.Ui.servoStudio\servoStudio_wjhet5xd_wpftmp.csproj]
C:\UserWorx\VSWorx\ServoStudio\wpfui-servoStudio\samples\Wpf.Ui.servoStudio\Core\Usb\UsbMaster.cs(219,22): warning IDE0055: 淇鏍煎紡 (https://learn.microsoft.com/dotnet/fundamentals/code-analysis/style-rules/ide0055) [C:\UserWorx\VSWorx\ServoStudio\wpfui-servoStudio\samples\Wpf.Ui.servoStudio\servoStudio_wjhet5xd_wpftmp.csproj]
C:\UserWorx\VSWorx\ServoStudio\wpfui-servoStudio\samples\Wpf.Ui.servoStudio\Core\Usb\UsbMaster.cs(219,48): warning IDE0055: 淇鏍煎紡 (https://learn.microsoft.com/dotnet/fundamentals/code-analysis/style-rules/ide0055) [C:\UserWorx\VSWorx\ServoStudio\wpfui-servoStudio\samples\Wpf.Ui.servoStudio\servoStudio_wjhet5xd_wpftmp.csproj]
C:\UserWorx\VSWorx\ServoStudio\wpfui-servoStudio\samples\Wpf.Ui.servoStudio\Core\Usb\UsbMaster.cs(219,50): warning IDE0055: 淇鏍煎紡 (https://learn.microsoft.com/dotnet/fundamentals/code-analysis/style-rules/ide0055) [C:\UserWorx\VSWorx\ServoStudio\wpfui-servoStudio\samples\Wpf.Ui.servoStudio\servoStudio_wjhet5xd_wpftmp.csproj]
C:\UserWorx\VSWorx\ServoStudio\wpfui-servoStudio\samples\Wpf.Ui.servoStudio\Core\Usb\UsbMaster.cs(232,12): warning IDE0055: 淇鏍煎紡 (https://learn.microsoft.com/dotnet/fundamentals/code-analysis/style-rules/ide0055) [C:\UserWorx\VSWorx\ServoStudio\wpfui-servoStudio\samples\Wpf.Ui.servoStudio\servoStudio_wjhet5xd_wpftmp.csproj]
C:\UserWorx\VSWorx\ServoStudio\wpfui-servoStudio\samples\Wpf.Ui.servoStudio\Core\Usb\UsbMaster.cs(232,14): warning IDE0055: 淇鏍煎紡 (https://learn.microsoft.com/dotnet/fundamentals/code-analysis/style-rules/ide0055) [C:\UserWorx\VSWorx\ServoStudio\wpfui-servoStudio\samples\Wpf.Ui.servoStudio\servoStudio_wjhet5xd_wpftmp.csproj]
C:\UserWorx\VSWorx\ServoStudio\wpfui-servoStudio\samples\Wpf.Ui.servoStudio\Core\Usb\UsbMaster.cs(232,46): warning IDE0055: 淇鏍煎紡 (https://learn.microsoft.com/dotnet/fundamentals/code-analysis/style-rules/ide0055) [C:\UserWorx\VSWorx\ServoStudio\wpfui-servoStudio\samples\Wpf.Ui.servoStudio\servoStudio_wjhet5xd_wpftmp.csproj]
C:\UserWorx\VSWorx\ServoStudio\wpfui-servoStudio\samples\Wpf.Ui.servoStudio\Core\Usb\UsbMaster.cs(232,48): warning IDE0055: 淇鏍煎紡 (https://learn.microsoft.com/dotnet/fundamentals/code-analysis/style-rules/ide0055) [C:\UserWorx\VSWorx\ServoStudio\wpfui-servoStudio\samples\Wpf.Ui.servoStudio\servoStudio_wjhet5xd_wpftmp.csproj]
C:\UserWorx\VSWorx\ServoStudio\wpfui-servoStudio\samples\Wpf.Ui.servoStudio\Core\Usb\UsbMaster.cs(254,12): warning IDE0055: 淇鏍煎紡 (https://learn.microsoft.com/dotnet/fundamentals/code-analysis/style-rules/ide0055) [C:\UserWorx\VSWorx\ServoStudio\wpfui-servoStudio\samples\Wpf.Ui.servoStudio\servoStudio_wjhet5xd_wpftmp.csproj]
C:\UserWorx\VSWorx\ServoStudio\wpfui-servoStudio\samples\Wpf.Ui.servoStudio\Core\Usb\UsbMaster.cs(254,14): warning IDE0055: 淇鏍煎紡 (https://learn.microsoft.com/dotnet/fundamentals/code-analysis/style-rules/ide0055) [C:\UserWorx\VSWorx\ServoStudio\wpfui-servoStudio\samples\Wpf.Ui.servoStudio\servoStudio_wjhet5xd_wpftmp.csproj]
C:\UserWorx\VSWorx\ServoStudio\wpfui-servoStudio\samples\Wpf.Ui.servoStudio\Core\Usb\UsbMaster.cs(254,30): warning IDE0055: 淇鏍煎紡 (https://learn.microsoft.com/dotnet/fundamentals/code-analysis/style-rules/ide0055) [C:\UserWorx\VSWorx\ServoStudio\wpfui-servoStudio\samples\Wpf.Ui.servoStudio\servoStudio_wjhet5xd_wpftmp.csproj]
C:\UserWorx\VSWorx\ServoStudio\wpfui-servoStudio\samples\Wpf.Ui.servoStudio\Core\Usb\UsbMaster.cs(254,32): warning IDE0055: 淇鏍煎紡 (https://learn.microsoft.com/dotnet/fundamentals/code-analysis/style-rules/ide0055) [C:\UserWorx\VSWorx\ServoStudio\wpfui-servoStudio\samples\Wpf.Ui.servoStudio\servoStudio_wjhet5xd_wpftmp.csproj]
C:\UserWorx\VSWorx\ServoStudio\wpfui-servoStudio\samples\Wpf.Ui.servoStudio\Core\Usb\UsbMaster.cs(106,54): warning IDE2003: 鍧椾笌鍚庣画璇彞涔嬮棿闇€瑕佹湁绌虹櫧琛?(https://learn.microsoft.com/dotnet/fundamentals/code-analysis/style-rules/ide2003) [C:\UserWorx\VSWorx\ServoStudio\wpfui-servoStudio\samples\Wpf.Ui.servoStudio\servoStudio_wjhet5xd_wpftmp.csproj]
C:\UserWorx\VSWorx\ServoStudio\wpfui-servoStudio\samples\Wpf.Ui.servoStudio\Core\Usb\UsbMaster.cs(149,56): warning IDE2003: 鍧椾笌鍚庣画璇彞涔嬮棿闇€瑕佹湁绌虹櫧琛?(https://learn.microsoft.com/dotnet/fundamentals/code-analysis/style-rules/ide2003) [C:\UserWorx\VSWorx\ServoStudio\wpfui-servoStudio\samples\Wpf.Ui.servoStudio\servoStudio_wjhet5xd_wpftmp.csproj]
C:\UserWorx\VSWorx\ServoStudio\wpfui-servoStudio\samples\Wpf.Ui.servoStudio\Core\Usb\UsbMaster.cs(150,60): warning IDE2003: 鍧椾笌鍚庣画璇彞涔嬮棿闇€瑕佹湁绌虹櫧琛?(https://learn.microsoft.com/dotnet/fundamentals/code-analysis/style-rules/ide2003) [C:\UserWorx\VSWorx\ServoStudio\wpfui-servoStudio\samples\Wpf.Ui.servoStudio\servoStudio_wjhet5xd_wpftmp.csproj]
C:\UserWorx\VSWorx\ServoStudio\wpfui-servoStudio\samples\Wpf.Ui.servoStudio\Core\Usb\UsbMaster.cs(254,54): warning IDE2003: 鍧椾笌鍚庣画璇彞涔嬮棿闇€瑕佹湁绌虹櫧琛?(https://learn.microsoft.com/dotnet/fundamentals/code-analysis/style-rules/ide2003) [C:\UserWorx\VSWorx\ServoStudio\wpfui-servoStudio\samples\Wpf.Ui.servoStudio\servoStudio_wjhet5xd_wpftmp.csproj]
C:\UserWorx\VSWorx\ServoStudio\wpfui-servoStudio\samples\Wpf.Ui.servoStudio\Core\Usb\UsbPacket.cs(23,30): warning IDE0055: 淇鏍煎紡 (https://learn.microsoft.com/dotnet/fundamentals/code-analysis/style-rules/ide0055) [C:\UserWorx\VSWorx\ServoStudio\wpfui-servoStudio\samples\Wpf.Ui.servoStudio\servoStudio_wjhet5xd_wpftmp.csproj]
C:\UserWorx\VSWorx\ServoStudio\wpfui-servoStudio\samples\Wpf.Ui.servoStudio\Core\Usb\UsbPacket.cs(23,32): warning IDE0055: 淇鏍煎紡 (https://learn.microsoft.com/dotnet/fundamentals/code-analysis/style-rules/ide0055) [C:\UserWorx\VSWorx\ServoStudio\wpfui-servoStudio\samples\Wpf.Ui.servoStudio\servoStudio_wjhet5xd_wpftmp.csproj]
C:\UserWorx\VSWorx\ServoStudio\wpfui-servoStudio\samples\Wpf.Ui.servoStudio\Core\Usb\UsbPacket.cs(23,37): warning IDE0055: 淇鏍煎紡 (https://learn.microsoft.com/dotnet/fundamentals/code-analysis/style-rules/ide0055) [C:\UserWorx\VSWorx\ServoStudio\wpfui-servoStudio\samples\Wpf.Ui.servoStudio\servoStudio_wjhet5xd_wpftmp.csproj]
C:\UserWorx\VSWorx\ServoStudio\wpfui-servoStudio\samples\Wpf.Ui.servoStudio\Core\Usb\UsbPacket.cs(26,27): warning IDE0055: 淇鏍煎紡 (https://learn.microsoft.com/dotnet/fundamentals/code-analysis/style-rules/ide0055) [C:\UserWorx\VSWorx\ServoStudio\wpfui-servoStudio\samples\Wpf.Ui.servoStudio\servoStudio_wjhet5xd_wpftmp.csproj]
C:\UserWorx\VSWorx\ServoStudio\wpfui-servoStudio\samples\Wpf.Ui.servoStudio\Core\Usb\UsbPacket.cs(26,29): warning IDE0055: 淇鏍煎紡 (https://learn.microsoft.com/dotnet/fundamentals/code-analysis/style-rules/ide0055) [C:\UserWorx\VSWorx\ServoStudio\wpfui-servoStudio\samples\Wpf.Ui.servoStudio\servoStudio_wjhet5xd_wpftmp.csproj]
C:\UserWorx\VSWorx\ServoStudio\wpfui-servoStudio\samples\Wpf.Ui.servoStudio\Core\Usb\UsbPacket.cs(26,34): warning IDE0055: 淇鏍煎紡 (https://learn.microsoft.com/dotnet/fundamentals/code-analysis/style-rules/ide0055) [C:\UserWorx\VSWorx\ServoStudio\wpfui-servoStudio\samples\Wpf.Ui.servoStudio\servoStudio_wjhet5xd_wpftmp.csproj]
C:\UserWorx\VSWorx\ServoStudio\wpfui-servoStudio\samples\Wpf.Ui.servoStudio\Core\Usb\UsbPacket.cs(29,34): warning IDE0055: 淇鏍煎紡 (https://learn.microsoft.com/dotnet/fundamentals/code-analysis/style-rules/ide0055) [C:\UserWorx\VSWorx\ServoStudio\wpfui-servoStudio\samples\Wpf.Ui.servoStudio\servoStudio_wjhet5xd_wpftmp.csproj]
C:\UserWorx\VSWorx\ServoStudio\wpfui-servoStudio\samples\Wpf.Ui.servoStudio\Core\Usb\UsbPacket.cs(29,36): warning IDE0055: 淇鏍煎紡 (https://learn.microsoft.com/dotnet/fundamentals/code-analysis/style-rules/ide0055) [C:\UserWorx\VSWorx\ServoStudio\wpfui-servoStudio\samples\Wpf.Ui.servoStudio\servoStudio_wjhet5xd_wpftmp.csproj]
C:\UserWorx\VSWorx\ServoStudio\wpfui-servoStudio\samples\Wpf.Ui.servoStudio\Core\Usb\UsbPacket.cs(29,41): warning IDE0055: 淇鏍煎紡 (https://learn.microsoft.com/dotnet/fundamentals/code-analysis/style-rules/ide0055) [C:\UserWorx\VSWorx\ServoStudio\wpfui-servoStudio\samples\Wpf.Ui.servoStudio\servoStudio_wjhet5xd_wpftmp.csproj]
C:\UserWorx\VSWorx\ServoStudio\wpfui-servoStudio\samples\Wpf.Ui.servoStudio\Core\Usb\UsbPacket.cs(32,26): warning IDE0055: 淇鏍煎紡 (https://learn.microsoft.com/dotnet/fundamentals/code-analysis/style-rules/ide0055) [C:\UserWorx\VSWorx\ServoStudio\wpfui-servoStudio\samples\Wpf.Ui.servoStudio\servoStudio_wjhet5xd_wpftmp.csproj]
C:\UserWorx\VSWorx\ServoStudio\wpfui-servoStudio\samples\Wpf.Ui.servoStudio\Core\Usb\UsbPacket.cs(32,28): warning IDE0055: 淇鏍煎紡 (https://learn.microsoft.com/dotnet/fundamentals/code-analysis/style-rules/ide0055) [C:\UserWorx\VSWorx\ServoStudio\wpfui-servoStudio\samples\Wpf.Ui.servoStudio\servoStudio_wjhet5xd_wpftmp.csproj]
C:\UserWorx\VSWorx\ServoStudio\wpfui-servoStudio\samples\Wpf.Ui.servoStudio\Core\Usb\UsbPacket.cs(32,33): warning IDE0055: 淇鏍煎紡 (https://learn.microsoft.com/dotnet/fundamentals/code-analysis/style-rules/ide0055) [C:\UserWorx\VSWorx\ServoStudio\wpfui-servoStudio\samples\Wpf.Ui.servoStudio\servoStudio_wjhet5xd_wpftmp.csproj]
C:\UserWorx\VSWorx\ServoStudio\wpfui-servoStudio\samples\Wpf.Ui.servoStudio\Core\Usb\VirtualUsbBus.cs(25,23): warning IDE0055: 淇鏍煎紡 (https://learn.microsoft.com/dotnet/fundamentals/code-analysis/style-rules/ide0055) [C:\UserWorx\VSWorx\ServoStudio\wpfui-servoStudio\samples\Wpf.Ui.servoStudio\servoStudio_wjhet5xd_wpftmp.csproj]
C:\UserWorx\VSWorx\ServoStudio\wpfui-servoStudio\samples\Wpf.Ui.servoStudio\Core\Usb\VirtualUsbBus.cs(25,25): warning IDE0055: 淇鏍煎紡 (https://learn.microsoft.com/dotnet/fundamentals/code-analysis/style-rules/ide0055) [C:\UserWorx\VSWorx\ServoStudio\wpfui-servoStudio\samples\Wpf.Ui.servoStudio\servoStudio_wjhet5xd_wpftmp.csproj]
C:\UserWorx\VSWorx\ServoStudio\wpfui-servoStudio\samples\Wpf.Ui.servoStudio\Core\Usb\VirtualUsbBus.cs(25,43): warning IDE0055: 淇鏍煎紡 (https://learn.microsoft.com/dotnet/fundamentals/code-analysis/style-rules/ide0055) [C:\UserWorx\VSWorx\ServoStudio\wpfui-servoStudio\samples\Wpf.Ui.servoStudio\servoStudio_wjhet5xd_wpftmp.csproj]
C:\UserWorx\VSWorx\ServoStudio\wpfui-servoStudio\samples\Wpf.Ui.servoStudio\Core\Usb\VirtualUsbBus.cs(93,12): warning IDE0055: 淇鏍煎紡 (https://learn.microsoft.com/dotnet/fundamentals/code-analysis/style-rules/ide0055) [C:\UserWorx\VSWorx\ServoStudio\wpfui-servoStudio\samples\Wpf.Ui.servoStudio\servoStudio_wjhet5xd_wpftmp.csproj]
C:\UserWorx\VSWorx\ServoStudio\wpfui-servoStudio\samples\Wpf.Ui.servoStudio\Core\Usb\VirtualUsbBus.cs(93,14): warning IDE0055: 淇鏍煎紡 (https://learn.microsoft.com/dotnet/fundamentals/code-analysis/style-rules/ide0055) [C:\UserWorx\VSWorx\ServoStudio\wpfui-servoStudio\samples\Wpf.Ui.servoStudio\servoStudio_wjhet5xd_wpftmp.csproj]
C:\UserWorx\VSWorx\ServoStudio\wpfui-servoStudio\samples\Wpf.Ui.servoStudio\Core\Usb\VirtualUsbBus.cs(93,36): warning IDE0055: 淇鏍煎紡 (https://learn.microsoft.com/dotnet/fundamentals/code-analysis/style-rules/ide0055) [C:\UserWorx\VSWorx\ServoStudio\wpfui-servoStudio\samples\Wpf.Ui.servoStudio\servoStudio_wjhet5xd_wpftmp.csproj]
C:\UserWorx\VSWorx\ServoStudio\wpfui-servoStudio\samples\Wpf.Ui.servoStudio\Core\Usb\VirtualUsbBus.cs(93,38): warning IDE0055: 淇鏍煎紡 (https://learn.microsoft.com/dotnet/fundamentals/code-analysis/style-rules/ide0055) [C:\UserWorx\VSWorx\ServoStudio\wpfui-servoStudio\samples\Wpf.Ui.servoStudio\servoStudio_wjhet5xd_wpftmp.csproj]
C:\UserWorx\VSWorx\ServoStudio\wpfui-servoStudio\samples\Wpf.Ui.servoStudio\Core\Usb\VirtualUsbBus.cs(94,12): warning IDE0055: 淇鏍煎紡 (https://learn.microsoft.com/dotnet/fundamentals/code-analysis/style-rules/ide0055) [C:\UserWorx\VSWorx\ServoStudio\wpfui-servoStudio\samples\Wpf.Ui.servoStudio\servoStudio_wjhet5xd_wpftmp.csproj]
C:\UserWorx\VSWorx\ServoStudio\wpfui-servoStudio\samples\Wpf.Ui.servoStudio\Core\Usb\VirtualUsbBus.cs(94,14): warning IDE0055: 淇鏍煎紡 (https://learn.microsoft.com/dotnet/fundamentals/code-analysis/style-rules/ide0055) [C:\UserWorx\VSWorx\ServoStudio\wpfui-servoStudio\samples\Wpf.Ui.servoStudio\servoStudio_wjhet5xd_wpftmp.csproj]
C:\UserWorx\VSWorx\ServoStudio\wpfui-servoStudio\samples\Wpf.Ui.servoStudio\Core\Usb\VirtualUsbBus.cs(94,29): warning IDE0055: 淇鏍煎紡 (https://learn.microsoft.com/dotnet/fundamentals/code-analysis/style-rules/ide0055) [C:\UserWorx\VSWorx\ServoStudio\wpfui-servoStudio\samples\Wpf.Ui.servoStudio\servoStudio_wjhet5xd_wpftmp.csproj]
C:\UserWorx\VSWorx\ServoStudio\wpfui-servoStudio\samples\Wpf.Ui.servoStudio\Core\Usb\VirtualUsbBus.cs(94,31): warning IDE0055: 淇鏍煎紡 (https://learn.microsoft.com/dotnet/fundamentals/code-analysis/style-rules/ide0055) [C:\UserWorx\VSWorx\ServoStudio\wpfui-servoStudio\samples\Wpf.Ui.servoStudio\servoStudio_wjhet5xd_wpftmp.csproj]
C:\UserWorx\VSWorx\ServoStudio\wpfui-servoStudio\samples\Wpf.Ui.servoStudio\Core\Usb\VirtualUsbBus.cs(49,9): warning IDE2003: 鍧椾笌鍚庣画璇彞涔嬮棿闇€瑕佹湁绌虹櫧琛?(https://learn.microsoft.com/dotnet/fundamentals/code-analysis/style-rules/ide2003) [C:\UserWorx\VSWorx\ServoStudio\wpfui-servoStudio\samples\Wpf.Ui.servoStudio\servoStudio_wjhet5xd_wpftmp.csproj]
C:\UserWorx\VSWorx\ServoStudio\wpfui-servoStudio\samples\Wpf.Ui.servoStudio\Core\Usb\VirtualUsbBus.cs(93,60): warning IDE2003: 鍧椾笌鍚庣画璇彞涔嬮棿闇€瑕佹湁绌虹櫧琛?(https://learn.microsoft.com/dotnet/fundamentals/code-analysis/style-rules/ide2003) [C:\UserWorx\VSWorx\ServoStudio\wpfui-servoStudio\samples\Wpf.Ui.servoStudio\servoStudio_wjhet5xd_wpftmp.csproj]
C:\UserWorx\VSWorx\ServoStudio\wpfui-servoStudio\samples\Wpf.Ui.servoStudio\Core\Usb\VirtualUsbBus.cs(94,53): warning IDE2003: 鍧椾笌鍚庣画璇彞涔嬮棿闇€瑕佹湁绌虹櫧琛?(https://learn.microsoft.com/dotnet/fundamentals/code-analysis/style-rules/ide2003) [C:\UserWorx\VSWorx\ServoStudio\wpfui-servoStudio\samples\Wpf.Ui.servoStudio\servoStudio_wjhet5xd_wpftmp.csproj]
C:\UserWorx\VSWorx\ServoStudio\wpfui-servoStudio\samples\Wpf.Ui.servoStudio\Helpers\EsiToSiiConverter.cs(114,55): warning IDE0055: 淇鏍煎紡 (https://learn.microsoft.com/dotnet/fundamentals/code-analysis/style-rules/ide0055) [C:\UserWorx\VSWorx\ServoStudio\wpfui-servoStudio\samples\Wpf.Ui.servoStudio\servoStudio_wjhet5xd_wpftmp.csproj]
C:\UserWorx\VSWorx\ServoStudio\wpfui-servoStudio\samples\Wpf.Ui.servoStudio\Helpers\EsiToSiiConverter.cs(115,55): warning IDE0055: 淇鏍煎紡 (https://learn.microsoft.com/dotnet/fundamentals/code-analysis/style-rules/ide0055) [C:\UserWorx\VSWorx\ServoStudio\wpfui-servoStudio\samples\Wpf.Ui.servoStudio\servoStudio_wjhet5xd_wpftmp.csproj]
C:\UserWorx\VSWorx\ServoStudio\wpfui-servoStudio\samples\Wpf.Ui.servoStudio\Helpers\EsiToSiiConverter.cs(115,57): warning IDE0055: 淇鏍煎紡 (https://learn.microsoft.com/dotnet/fundamentals/code-analysis/style-rules/ide0055) [C:\UserWorx\VSWorx\ServoStudio\wpfui-servoStudio\samples\Wpf.Ui.servoStudio\servoStudio_wjhet5xd_wpftmp.csproj]
C:\UserWorx\VSWorx\ServoStudio\wpfui-servoStudio\samples\Wpf.Ui.servoStudio\Helpers\EsiToSiiConverter.cs(115,80): warning IDE0055: 淇鏍煎紡 (https://learn.microsoft.com/dotnet/fundamentals/code-analysis/style-rules/ide0055) [C:\UserWorx\VSWorx\ServoStudio\wpfui-servoStudio\samples\Wpf.Ui.servoStudio\servoStudio_wjhet5xd_wpftmp.csproj]
C:\UserWorx\VSWorx\ServoStudio\wpfui-servoStudio\samples\Wpf.Ui.servoStudio\Helpers\EsiToSiiConverter.cs(115,99): warning IDE0055: 淇鏍煎紡 (https://learn.microsoft.com/dotnet/fundamentals/code-analysis/style-rules/ide0055) [C:\UserWorx\VSWorx\ServoStudio\wpfui-servoStudio\samples\Wpf.Ui.servoStudio\servoStudio_wjhet5xd_wpftmp.csproj]
C:\UserWorx\VSWorx\ServoStudio\wpfui-servoStudio\samples\Wpf.Ui.servoStudio\Helpers\EsiToSiiConverter.cs(121,60): warning IDE0055: 淇鏍煎紡 (https://learn.microsoft.com/dotnet/fundamentals/code-analysis/style-rules/ide0055) [C:\UserWorx\VSWorx\ServoStudio\wpfui-servoStudio\samples\Wpf.Ui.servoStudio\servoStudio_wjhet5xd_wpftmp.csproj]
C:\UserWorx\VSWorx\ServoStudio\wpfui-servoStudio\samples\Wpf.Ui.servoStudio\Helpers\EsiToSiiConverter.cs(122,62): warning IDE0055: 淇鏍煎紡 (https://learn.microsoft.com/dotnet/fundamentals/code-analysis/style-rules/ide0055) [C:\UserWorx\VSWorx\ServoStudio\wpfui-servoStudio\samples\Wpf.Ui.servoStudio\servoStudio_wjhet5xd_wpftmp.csproj]
C:\UserWorx\VSWorx\ServoStudio\wpfui-servoStudio\samples\Wpf.Ui.servoStudio\Helpers\EsiToSiiConverter.cs(123,62): warning IDE0055: 淇鏍煎紡 (https://learn.microsoft.com/dotnet/fundamentals/code-analysis/style-rules/ide0055) [C:\UserWorx\VSWorx\ServoStudio\wpfui-servoStudio\samples\Wpf.Ui.servoStudio\servoStudio_wjhet5xd_wpftmp.csproj]
C:\UserWorx\VSWorx\ServoStudio\wpfui-servoStudio\samples\Wpf.Ui.servoStudio\Helpers\EsiToSiiConverter.cs(124,62): warning IDE0055: 淇鏍煎紡 (https://learn.microsoft.com/dotnet/fundamentals/code-analysis/style-rules/ide0055) [C:\UserWorx\VSWorx\ServoStudio\wpfui-servoStudio\samples\Wpf.Ui.servoStudio\servoStudio_wjhet5xd_wpftmp.csproj]
C:\UserWorx\VSWorx\ServoStudio\wpfui-servoStudio\samples\Wpf.Ui.servoStudio\Helpers\EsiToSiiConverter.cs(125,67): warning IDE0055: 淇鏍煎紡 (https://learn.microsoft.com/dotnet/fundamentals/code-analysis/style-rules/ide0055) [C:\UserWorx\VSWorx\ServoStudio\wpfui-servoStudio\samples\Wpf.Ui.servoStudio\servoStudio_wjhet5xd_wpftmp.csproj]
C:\UserWorx\VSWorx\ServoStudio\wpfui-servoStudio\samples\Wpf.Ui.servoStudio\Helpers\EsiToSiiConverter.cs(128,55): warning IDE0055: 淇鏍煎紡 (https://learn.microsoft.com/dotnet/fundamentals/code-analysis/style-rules/ide0055) [C:\UserWorx\VSWorx\ServoStudio\wpfui-servoStudio\samples\Wpf.Ui.servoStudio\servoStudio_wjhet5xd_wpftmp.csproj]
C:\UserWorx\VSWorx\ServoStudio\wpfui-servoStudio\samples\Wpf.Ui.servoStudio\Helpers\EsiToSiiConverter.cs(128,57): warning IDE0055: 淇鏍煎紡 (https://learn.microsoft.com/dotnet/fundamentals/code-analysis/style-rules/ide0055) [C:\UserWorx\VSWorx\ServoStudio\wpfui-servoStudio\samples\Wpf.Ui.servoStudio\servoStudio_wjhet5xd_wpftmp.csproj]
C:\UserWorx\VSWorx\ServoStudio\wpfui-servoStudio\samples\Wpf.Ui.servoStudio\Helpers\EsiToSiiConverter.cs(128,80): warning IDE0055: 淇鏍煎紡 (https://learn.microsoft.com/dotnet/fundamentals/code-analysis/style-rules/ide0055) [C:\UserWorx\VSWorx\ServoStudio\wpfui-servoStudio\samples\Wpf.Ui.servoStudio\servoStudio_wjhet5xd_wpftmp.csproj]
C:\UserWorx\VSWorx\ServoStudio\wpfui-servoStudio\samples\Wpf.Ui.servoStudio\Helpers\EsiToSiiConverter.cs(128,99): warning IDE0055: 淇鏍煎紡 (https://learn.microsoft.com/dotnet/fundamentals/code-analysis/style-rules/ide0055) [C:\UserWorx\VSWorx\ServoStudio\wpfui-servoStudio\samples\Wpf.Ui.servoStudio\servoStudio_wjhet5xd_wpftmp.csproj]
C:\UserWorx\VSWorx\ServoStudio\wpfui-servoStudio\samples\Wpf.Ui.servoStudio\Helpers\EsiToSiiConverter.cs(130,55): warning IDE0055: 淇鏍煎紡 (https://learn.microsoft.com/dotnet/fundamentals/code-analysis/style-rules/ide0055) [C:\UserWorx\VSWorx\ServoStudio\wpfui-servoStudio\samples\Wpf.Ui.servoStudio\servoStudio_wjhet5xd_wpftmp.csproj]
C:\UserWorx\VSWorx\ServoStudio\wpfui-servoStudio\samples\Wpf.Ui.servoStudio\Helpers\EsiToSiiConverter.cs(131,55): warning IDE0055: 淇鏍煎紡 (https://learn.microsoft.com/dotnet/fundamentals/code-analysis/style-rules/ide0055) [C:\UserWorx\VSWorx\ServoStudio\wpfui-servoStudio\samples\Wpf.Ui.servoStudio\servoStudio_wjhet5xd_wpftmp.csproj]
C:\UserWorx\VSWorx\ServoStudio\wpfui-servoStudio\samples\Wpf.Ui.servoStudio\Helpers\EsiToSiiConverter.cs(317,35): warning IDE0055: 淇鏍煎紡 (https://learn.microsoft.com/dotnet/fundamentals/code-analysis/style-rules/ide0055) [C:\UserWorx\VSWorx\ServoStudio\wpfui-servoStudio\samples\Wpf.Ui.servoStudio\servoStudio_wjhet5xd_wpftmp.csproj]
C:\UserWorx\VSWorx\ServoStudio\wpfui-servoStudio\samples\Wpf.Ui.servoStudio\Helpers\EsiToSiiConverter.cs(351,29): warning IDE0055: 淇鏍煎紡 (https://learn.microsoft.com/dotnet/fundamentals/code-analysis/style-rules/ide0055) [C:\UserWorx\VSWorx\ServoStudio\wpfui-servoStudio\samples\Wpf.Ui.servoStudio\servoStudio_wjhet5xd_wpftmp.csproj]
C:\UserWorx\VSWorx\ServoStudio\wpfui-servoStudio\samples\Wpf.Ui.servoStudio\Helpers\EsiToSiiConverter.cs(351,31): warning IDE0055: 淇鏍煎紡 (https://learn.microsoft.com/dotnet/fundamentals/code-analysis/style-rules/ide0055) [C:\UserWorx\VSWorx\ServoStudio\wpfui-servoStudio\samples\Wpf.Ui.servoStudio\servoStudio_wjhet5xd_wpftmp.csproj]
C:\UserWorx\VSWorx\ServoStudio\wpfui-servoStudio\samples\Wpf.Ui.servoStudio\Helpers\EsiToSiiConverter.cs(351,48): warning IDE0055: 淇鏍煎紡 (https://learn.microsoft.com/dotnet/fundamentals/code-analysis/style-rules/ide0055) [C:\UserWorx\VSWorx\ServoStudio\wpfui-servoStudio\samples\Wpf.Ui.servoStudio\servoStudio_wjhet5xd_wpftmp.csproj]
C:\UserWorx\VSWorx\ServoStudio\wpfui-servoStudio\samples\Wpf.Ui.servoStudio\Helpers\EsiToSiiConverter.cs(351,55): warning IDE0055: 淇鏍煎紡 (https://learn.microsoft.com/dotnet/fundamentals/code-analysis/style-rules/ide0055) [C:\UserWorx\VSWorx\ServoStudio\wpfui-servoStudio\samples\Wpf.Ui.servoStudio\servoStudio_wjhet5xd_wpftmp.csproj]
C:\UserWorx\VSWorx\ServoStudio\wpfui-servoStudio\samples\Wpf.Ui.servoStudio\Helpers\EsiToSiiConverter.cs(431,26): warning IDE0055: 淇鏍煎紡 (https://learn.microsoft.com/dotnet/fundamentals/code-analysis/style-rules/ide0055) [C:\UserWorx\VSWorx\ServoStudio\wpfui-servoStudio\samples\Wpf.Ui.servoStudio\servoStudio_wjhet5xd_wpftmp.csproj]
C:\UserWorx\VSWorx\ServoStudio\wpfui-servoStudio\samples\Wpf.Ui.servoStudio\Helpers\EsiToSiiConverter.cs(604,46): warning IDE0055: 淇鏍煎紡 (https://learn.microsoft.com/dotnet/fundamentals/code-analysis/style-rules/ide0055) [C:\UserWorx\VSWorx\ServoStudio\wpfui-servoStudio\samples\Wpf.Ui.servoStudio\servoStudio_wjhet5xd_wpftmp.csproj]
C:\UserWorx\VSWorx\ServoStudio\wpfui-servoStudio\samples\Wpf.Ui.servoStudio\Helpers\EsiToSiiConverter.cs(624,37): warning IDE0055: 淇鏍煎紡 (https://learn.microsoft.com/dotnet/fundamentals/code-analysis/style-rules/ide0055) [C:\UserWorx\VSWorx\ServoStudio\wpfui-servoStudio\samples\Wpf.Ui.servoStudio\servoStudio_wjhet5xd_wpftmp.csproj]
C:\UserWorx\VSWorx\ServoStudio\wpfui-servoStudio\samples\Wpf.Ui.servoStudio\Helpers\EsiToSiiConverter.cs(644,9): warning IDE2003: 鍧椾笌鍚庣画璇彞涔嬮棿闇€瑕佹湁绌虹櫧琛?(https://learn.microsoft.com/dotnet/fundamentals/code-analysis/style-rules/ide2003) [C:\UserWorx\VSWorx\ServoStudio\wpfui-servoStudio\samples\Wpf.Ui.servoStudio\servoStudio_wjhet5xd_wpftmp.csproj]
C:\UserWorx\VSWorx\ServoStudio\wpfui-servoStudio\samples\Wpf.Ui.servoStudio\Helpers\SoemFoEInterop.cs(429,28): warning IDE0055: 淇鏍煎紡 (https://learn.microsoft.com/dotnet/fundamentals/code-analysis/style-rules/ide0055) [C:\UserWorx\VSWorx\ServoStudio\wpfui-servoStudio\samples\Wpf.Ui.servoStudio\servoStudio_wjhet5xd_wpftmp.csproj]
C:\UserWorx\VSWorx\ServoStudio\wpfui-servoStudio\samples\Wpf.Ui.servoStudio\Helpers\SoemFoEInterop.cs(429,30): warning IDE0055: 淇鏍煎紡 (https://learn.microsoft.com/dotnet/fundamentals/code-analysis/style-rules/ide0055) [C:\UserWorx\VSWorx\ServoStudio\wpfui-servoStudio\samples\Wpf.Ui.servoStudio\servoStudio_wjhet5xd_wpftmp.csproj]
C:\UserWorx\VSWorx\ServoStudio\wpfui-servoStudio\samples\Wpf.Ui.servoStudio\Helpers\SoemFoEInterop.cs(429,72): warning IDE0055: 淇鏍煎紡 (https://learn.microsoft.com/dotnet/fundamentals/code-analysis/style-rules/ide0055) [C:\UserWorx\VSWorx\ServoStudio\wpfui-servoStudio\samples\Wpf.Ui.servoStudio\servoStudio_wjhet5xd_wpftmp.csproj]
C:\UserWorx\VSWorx\ServoStudio\wpfui-servoStudio\samples\Wpf.Ui.servoStudio\Helpers\SoemFoEInterop.cs(429,74): warning IDE0055: 淇鏍煎紡 (https://learn.microsoft.com/dotnet/fundamentals/code-analysis/style-rules/ide0055) [C:\UserWorx\VSWorx\ServoStudio\wpfui-servoStudio\samples\Wpf.Ui.servoStudio\servoStudio_wjhet5xd_wpftmp.csproj]
C:\UserWorx\VSWorx\ServoStudio\wpfui-servoStudio\samples\Wpf.Ui.servoStudio\Helpers\SoemFoEInterop.cs(529,32): warning IDE0055: 淇鏍煎紡 (https://learn.microsoft.com/dotnet/fundamentals/code-analysis/style-rules/ide0055) [C:\UserWorx\VSWorx\ServoStudio\wpfui-servoStudio\samples\Wpf.Ui.servoStudio\servoStudio_wjhet5xd_wpftmp.csproj]
C:\UserWorx\VSWorx\ServoStudio\wpfui-servoStudio\samples\Wpf.Ui.servoStudio\Helpers\SoemFoEInterop.cs(529,34): warning IDE0055: 淇鏍煎紡 (https://learn.microsoft.com/dotnet/fundamentals/code-analysis/style-rules/ide0055) [C:\UserWorx\VSWorx\ServoStudio\wpfui-servoStudio\samples\Wpf.Ui.servoStudio\servoStudio_wjhet5xd_wpftmp.csproj]
C:\UserWorx\VSWorx\ServoStudio\wpfui-servoStudio\samples\Wpf.Ui.servoStudio\Helpers\SoemFoEInterop.cs(529,76): warning IDE0055: 淇鏍煎紡 (https://learn.microsoft.com/dotnet/fundamentals/code-analysis/style-rules/ide0055) [C:\UserWorx\VSWorx\ServoStudio\wpfui-servoStudio\samples\Wpf.Ui.servoStudio\servoStudio_wjhet5xd_wpftmp.csproj]
C:\UserWorx\VSWorx\ServoStudio\wpfui-servoStudio\samples\Wpf.Ui.servoStudio\Helpers\SoemFoEInterop.cs(529,78): warning IDE0055: 淇鏍煎紡 (https://learn.microsoft.com/dotnet/fundamentals/code-analysis/style-rules/ide0055) [C:\UserWorx\VSWorx\ServoStudio\wpfui-servoStudio\samples\Wpf.Ui.servoStudio\servoStudio_wjhet5xd_wpftmp.csproj]
C:\UserWorx\VSWorx\ServoStudio\wpfui-servoStudio\samples\Wpf.Ui.servoStudio\Helpers\SoemFoEInterop.cs(607,20): warning IDE0055: 淇鏍煎紡 (https://learn.microsoft.com/dotnet/fundamentals/code-analysis/style-rules/ide0055) [C:\UserWorx\VSWorx\ServoStudio\wpfui-servoStudio\samples\Wpf.Ui.servoStudio\servoStudio_wjhet5xd_wpftmp.csproj]
C:\UserWorx\VSWorx\ServoStudio\wpfui-servoStudio\samples\Wpf.Ui.servoStudio\Helpers\SoemFoEInterop.cs(607,22): warning IDE0055: 淇鏍煎紡 (https://learn.microsoft.com/dotnet/fundamentals/code-analysis/style-rules/ide0055) [C:\UserWorx\VSWorx\ServoStudio\wpfui-servoStudio\samples\Wpf.Ui.servoStudio\servoStudio_wjhet5xd_wpftmp.csproj]
C:\UserWorx\VSWorx\ServoStudio\wpfui-servoStudio\samples\Wpf.Ui.servoStudio\Helpers\SoemFoEInterop.cs(607,38): warning IDE0055: 淇鏍煎紡 (https://learn.microsoft.com/dotnet/fundamentals/code-analysis/style-rules/ide0055) [C:\UserWorx\VSWorx\ServoStudio\wpfui-servoStudio\samples\Wpf.Ui.servoStudio\servoStudio_wjhet5xd_wpftmp.csproj]
C:\UserWorx\VSWorx\ServoStudio\wpfui-servoStudio\samples\Wpf.Ui.servoStudio\Helpers\SoemFoEInterop.cs(607,40): warning IDE0055: 淇鏍煎紡 (https://learn.microsoft.com/dotnet/fundamentals/code-analysis/style-rules/ide0055) [C:\UserWorx\VSWorx\ServoStudio\wpfui-servoStudio\samples\Wpf.Ui.servoStudio\servoStudio_wjhet5xd_wpftmp.csproj]
C:\UserWorx\VSWorx\ServoStudio\wpfui-servoStudio\samples\Wpf.Ui.servoStudio\Helpers\SoemFoEInterop.cs(609,20): warning IDE0055: 淇鏍煎紡 (https://learn.microsoft.com/dotnet/fundamentals/code-analysis/style-rules/ide0055) [C:\UserWorx\VSWorx\ServoStudio\wpfui-servoStudio\samples\Wpf.Ui.servoStudio\servoStudio_wjhet5xd_wpftmp.csproj]
C:\UserWorx\VSWorx\ServoStudio\wpfui-servoStudio\samples\Wpf.Ui.servoStudio\Helpers\SoemFoEInterop.cs(609,22): warning IDE0055: 淇鏍煎紡 (https://learn.microsoft.com/dotnet/fundamentals/code-analysis/style-rules/ide0055) [C:\UserWorx\VSWorx\ServoStudio\wpfui-servoStudio\samples\Wpf.Ui.servoStudio\servoStudio_wjhet5xd_wpftmp.csproj]
C:\UserWorx\VSWorx\ServoStudio\wpfui-servoStudio\samples\Wpf.Ui.servoStudio\Helpers\SoemFoEInterop.cs(609,49): warning IDE0055: 淇鏍煎紡 (https://learn.microsoft.com/dotnet/fundamentals/code-analysis/style-rules/ide0055) [C:\UserWorx\VSWorx\ServoStudio\wpfui-servoStudio\samples\Wpf.Ui.servoStudio\servoStudio_wjhet5xd_wpftmp.csproj]
C:\UserWorx\VSWorx\ServoStudio\wpfui-servoStudio\samples\Wpf.Ui.servoStudio\Helpers\SoemFoEInterop.cs(609,51): warning IDE0055: 淇鏍煎紡 (https://learn.microsoft.com/dotnet/fundamentals/code-analysis/style-rules/ide0055) [C:\UserWorx\VSWorx\ServoStudio\wpfui-servoStudio\samples\Wpf.Ui.servoStudio\servoStudio_wjhet5xd_wpftmp.csproj]
C:\UserWorx\VSWorx\ServoStudio\wpfui-servoStudio\samples\Wpf.Ui.servoStudio\Models\AppConfig.cs(10,40): warning IDE0055: 淇鏍煎紡 (https://learn.microsoft.com/dotnet/fundamentals/code-analysis/style-rules/ide0055) [C:\UserWorx\VSWorx\ServoStudio\wpfui-servoStudio\samples\Wpf.Ui.servoStudio\servoStudio_wjhet5xd_wpftmp.csproj]
C:\UserWorx\VSWorx\ServoStudio\wpfui-servoStudio\samples\Wpf.Ui.servoStudio\Models\AppConfig.cs(10,42): warning IDE0055: 淇鏍煎紡 (https://learn.microsoft.com/dotnet/fundamentals/code-analysis/style-rules/ide0055) [C:\UserWorx\VSWorx\ServoStudio\wpfui-servoStudio\samples\Wpf.Ui.servoStudio\servoStudio_wjhet5xd_wpftmp.csproj]
C:\UserWorx\VSWorx\ServoStudio\wpfui-servoStudio\samples\Wpf.Ui.servoStudio\Models\AppConfig.cs(10,52): warning IDE0055: 淇鏍煎紡 (https://learn.microsoft.com/dotnet/fundamentals/code-analysis/style-rules/ide0055) [C:\UserWorx\VSWorx\ServoStudio\wpfui-servoStudio\samples\Wpf.Ui.servoStudio\servoStudio_wjhet5xd_wpftmp.csproj]
C:\UserWorx\VSWorx\ServoStudio\wpfui-servoStudio\samples\Wpf.Ui.servoStudio\Models\AppConfig.cs(12,41): warning IDE0055: 淇鏍煎紡 (https://learn.microsoft.com/dotnet/fundamentals/code-analysis/style-rules/ide0055) [C:\UserWorx\VSWorx\ServoStudio\wpfui-servoStudio\samples\Wpf.Ui.servoStudio\servoStudio_wjhet5xd_wpftmp.csproj]
C:\UserWorx\VSWorx\ServoStudio\wpfui-servoStudio\samples\Wpf.Ui.servoStudio\Models\AppConfig.cs(12,43): warning IDE0055: 淇鏍煎紡 (https://learn.microsoft.com/dotnet/fundamentals/code-analysis/style-rules/ide0055) [C:\UserWorx\VSWorx\ServoStudio\wpfui-servoStudio\samples\Wpf.Ui.servoStudio\servoStudio_wjhet5xd_wpftmp.csproj]
C:\UserWorx\VSWorx\ServoStudio\wpfui-servoStudio\samples\Wpf.Ui.servoStudio\Models\AppConfig.cs(12,53): warning IDE0055: 淇鏍煎紡 (https://learn.microsoft.com/dotnet/fundamentals/code-analysis/style-rules/ide0055) [C:\UserWorx\VSWorx\ServoStudio\wpfui-servoStudio\samples\Wpf.Ui.servoStudio\servoStudio_wjhet5xd_wpftmp.csproj]
C:\UserWorx\VSWorx\ServoStudio\wpfui-servoStudio\samples\Wpf.Ui.servoStudio\Models\Cia402PdoTemplates.cs(20,31): warning IDE0055: 淇鏍煎紡 (https://learn.microsoft.com/dotnet/fundamentals/code-analysis/style-rules/ide0055) [C:\UserWorx\VSWorx\ServoStudio\wpfui-servoStudio\samples\Wpf.Ui.servoStudio\servoStudio_wjhet5xd_wpftmp.csproj]
C:\UserWorx\VSWorx\ServoStudio\wpfui-servoStudio\samples\Wpf.Ui.servoStudio\Models\Cia402PdoTemplates.cs(20,33): warning IDE0055: 淇鏍煎紡 (https://learn.microsoft.com/dotnet/fundamentals/code-analysis/style-rules/ide0055) [C:\UserWorx\VSWorx\ServoStudio\wpfui-servoStudio\samples\Wpf.Ui.servoStudio\servoStudio_wjhet5xd_wpftmp.csproj]
C:\UserWorx\VSWorx\ServoStudio\wpfui-servoStudio\samples\Wpf.Ui.servoStudio\Models\Cia402PdoTemplates.cs(20,44): warning IDE0055: 淇鏍煎紡 (https://learn.microsoft.com/dotnet/fundamentals/code-analysis/style-rules/ide0055) [C:\UserWorx\VSWorx\ServoStudio\wpfui-servoStudio\samples\Wpf.Ui.servoStudio\servoStudio_wjhet5xd_wpftmp.csproj]
C:\UserWorx\VSWorx\ServoStudio\wpfui-servoStudio\samples\Wpf.Ui.servoStudio\Models\Cia402PdoTemplates.cs(31,31): warning IDE0055: 淇鏍煎紡 (https://learn.microsoft.com/dotnet/fundamentals/code-analysis/style-rules/ide0055) [C:\UserWorx\VSWorx\ServoStudio\wpfui-servoStudio\samples\Wpf.Ui.servoStudio\servoStudio_wjhet5xd_wpftmp.csproj]
C:\UserWorx\VSWorx\ServoStudio\wpfui-servoStudio\samples\Wpf.Ui.servoStudio\Models\Cia402PdoTemplates.cs(31,33): warning IDE0055: 淇鏍煎紡 (https://learn.microsoft.com/dotnet/fundamentals/code-analysis/style-rules/ide0055) [C:\UserWorx\VSWorx\ServoStudio\wpfui-servoStudio\samples\Wpf.Ui.servoStudio\servoStudio_wjhet5xd_wpftmp.csproj]
C:\UserWorx\VSWorx\ServoStudio\wpfui-servoStudio\samples\Wpf.Ui.servoStudio\Models\Cia402PdoTemplates.cs(31,44): warning IDE0055: 淇鏍煎紡 (https://learn.microsoft.com/dotnet/fundamentals/code-analysis/style-rules/ide0055) [C:\UserWorx\VSWorx\ServoStudio\wpfui-servoStudio\samples\Wpf.Ui.servoStudio\servoStudio_wjhet5xd_wpftmp.csproj]
C:\UserWorx\VSWorx\ServoStudio\wpfui-servoStudio\samples\Wpf.Ui.servoStudio\Models\Cia402PdoTemplates.cs(34,35): warning IDE0055: 淇鏍煎紡 (https://learn.microsoft.com/dotnet/fundamentals/code-analysis/style-rules/ide0055) [C:\UserWorx\VSWorx\ServoStudio\wpfui-servoStudio\samples\Wpf.Ui.servoStudio\servoStudio_wjhet5xd_wpftmp.csproj]
C:\UserWorx\VSWorx\ServoStudio\wpfui-servoStudio\samples\Wpf.Ui.servoStudio\Models\Cia402PdoTemplates.cs(34,37): warning IDE0055: 淇鏍煎紡 (https://learn.microsoft.com/dotnet/fundamentals/code-analysis/style-rules/ide0055) [C:\UserWorx\VSWorx\ServoStudio\wpfui-servoStudio\samples\Wpf.Ui.servoStudio\servoStudio_wjhet5xd_wpftmp.csproj]
C:\UserWorx\VSWorx\ServoStudio\wpfui-servoStudio\samples\Wpf.Ui.servoStudio\Models\Cia402PdoTemplates.cs(34,48): warning IDE0055: 淇鏍煎紡 (https://learn.microsoft.com/dotnet/fundamentals/code-analysis/style-rules/ide0055) [C:\UserWorx\VSWorx\ServoStudio\wpfui-servoStudio\samples\Wpf.Ui.servoStudio\servoStudio_wjhet5xd_wpftmp.csproj]
C:\UserWorx\VSWorx\ServoStudio\wpfui-servoStudio\samples\Wpf.Ui.servoStudio\Models\Cia402PdoTemplates.cs(68,40): warning IDE0055: 淇鏍煎紡 (https://learn.microsoft.com/dotnet/fundamentals/code-analysis/style-rules/ide0055) [C:\UserWorx\VSWorx\ServoStudio\wpfui-servoStudio\samples\Wpf.Ui.servoStudio\servoStudio_wjhet5xd_wpftmp.csproj]
C:\UserWorx\VSWorx\ServoStudio\wpfui-servoStudio\samples\Wpf.Ui.servoStudio\Models\Cia402PdoTemplates.cs(68,42): warning IDE0055: 淇鏍煎紡 (https://learn.microsoft.com/dotnet/fundamentals/code-analysis/style-rules/ide0055) [C:\UserWorx\VSWorx\ServoStudio\wpfui-servoStudio\samples\Wpf.Ui.servoStudio\servoStudio_wjhet5xd_wpftmp.csproj]
C:\UserWorx\VSWorx\ServoStudio\wpfui-servoStudio\samples\Wpf.Ui.servoStudio\Models\Cia402PdoTemplates.cs(68,47): warning IDE0055: 淇鏍煎紡 (https://learn.microsoft.com/dotnet/fundamentals/code-analysis/style-rules/ide0055) [C:\UserWorx\VSWorx\ServoStudio\wpfui-servoStudio\samples\Wpf.Ui.servoStudio\servoStudio_wjhet5xd_wpftmp.csproj]
C:\UserWorx\VSWorx\ServoStudio\wpfui-servoStudio\samples\Wpf.Ui.servoStudio\Models\Cia402PdoTemplates.cs(116,40): warning IDE0055: 淇鏍煎紡 (https://learn.microsoft.com/dotnet/fundamentals/code-analysis/style-rules/ide0055) [C:\UserWorx\VSWorx\ServoStudio\wpfui-servoStudio\samples\Wpf.Ui.servoStudio\servoStudio_wjhet5xd_wpftmp.csproj]
C:\UserWorx\VSWorx\ServoStudio\wpfui-servoStudio\samples\Wpf.Ui.servoStudio\Models\Cia402PdoTemplates.cs(116,42): warning IDE0055: 淇鏍煎紡 (https://learn.microsoft.com/dotnet/fundamentals/code-analysis/style-rules/ide0055) [C:\UserWorx\VSWorx\ServoStudio\wpfui-servoStudio\samples\Wpf.Ui.servoStudio\servoStudio_wjhet5xd_wpftmp.csproj]
C:\UserWorx\VSWorx\ServoStudio\wpfui-servoStudio\samples\Wpf.Ui.servoStudio\Models\Cia402PdoTemplates.cs(116,47): warning IDE0055: 淇鏍煎紡 (https://learn.microsoft.com/dotnet/fundamentals/code-analysis/style-rules/ide0055) [C:\UserWorx\VSWorx\ServoStudio\wpfui-servoStudio\samples\Wpf.Ui.servoStudio\servoStudio_wjhet5xd_wpftmp.csproj]
C:\UserWorx\VSWorx\ServoStudio\wpfui-servoStudio\samples\Wpf.Ui.servoStudio\Models\Cia402PdoTemplates.cs(158,40): warning IDE0055: 淇鏍煎紡 (https://learn.microsoft.com/dotnet/fundamentals/code-analysis/style-rules/ide0055) [C:\UserWorx\VSWorx\ServoStudio\wpfui-servoStudio\samples\Wpf.Ui.servoStudio\servoStudio_wjhet5xd_wpftmp.csproj]
C:\UserWorx\VSWorx\ServoStudio\wpfui-servoStudio\samples\Wpf.Ui.servoStudio\Models\Cia402PdoTemplates.cs(158,42): warning IDE0055: 淇鏍煎紡 (https://learn.microsoft.com/dotnet/fundamentals/code-analysis/style-rules/ide0055) [C:\UserWorx\VSWorx\ServoStudio\wpfui-servoStudio\samples\Wpf.Ui.servoStudio\servoStudio_wjhet5xd_wpftmp.csproj]
C:\UserWorx\VSWorx\ServoStudio\wpfui-servoStudio\samples\Wpf.Ui.servoStudio\Models\Cia402PdoTemplates.cs(158,47): warning IDE0055: 淇鏍煎紡 (https://learn.microsoft.com/dotnet/fundamentals/code-analysis/style-rules/ide0055) [C:\UserWorx\VSWorx\ServoStudio\wpfui-servoStudio\samples\Wpf.Ui.servoStudio\servoStudio_wjhet5xd_wpftmp.csproj]
C:\UserWorx\VSWorx\ServoStudio\wpfui-servoStudio\samples\Wpf.Ui.servoStudio\Models\Cia402Varibles.cs(136,80): warning IDE0055: 淇鏍煎紡 (https://learn.microsoft.com/dotnet/fundamentals/code-analysis/style-rules/ide0055) [C:\UserWorx\VSWorx\ServoStudio\wpfui-servoStudio\samples\Wpf.Ui.servoStudio\servoStudio_wjhet5xd_wpftmp.csproj]
C:\UserWorx\VSWorx\ServoStudio\wpfui-servoStudio\samples\Wpf.Ui.servoStudio\Models\Cia402Varibles.cs(137,54): warning IDE0055: 淇鏍煎紡 (https://learn.microsoft.com/dotnet/fundamentals/code-analysis/style-rules/ide0055) [C:\UserWorx\VSWorx\ServoStudio\wpfui-servoStudio\samples\Wpf.Ui.servoStudio\servoStudio_wjhet5xd_wpftmp.csproj]
C:\UserWorx\VSWorx\ServoStudio\wpfui-servoStudio\samples\Wpf.Ui.servoStudio\Models\Cia402Varibles.cs(138,82): warning IDE0055: 淇鏍煎紡 (https://learn.microsoft.com/dotnet/fundamentals/code-analysis/style-rules/ide0055) [C:\UserWorx\VSWorx\ServoStudio\wpfui-servoStudio\samples\Wpf.Ui.servoStudio\servoStudio_wjhet5xd_wpftmp.csproj]
C:\UserWorx\VSWorx\ServoStudio\wpfui-servoStudio\samples\Wpf.Ui.servoStudio\Models\Cia402Varibles.cs(139,76): warning IDE0055: 淇鏍煎紡 (https://learn.microsoft.com/dotnet/fundamentals/code-analysis/style-rules/ide0055) [C:\UserWorx\VSWorx\ServoStudio\wpfui-servoStudio\samples\Wpf.Ui.servoStudio\servoStudio_wjhet5xd_wpftmp.csproj]
C:\UserWorx\VSWorx\ServoStudio\wpfui-servoStudio\samples\Wpf.Ui.servoStudio\Models\Cia402Varibles.cs(140,74): warning IDE0055: 淇鏍煎紡 (https://learn.microsoft.com/dotnet/fundamentals/code-analysis/style-rules/ide0055) [C:\UserWorx\VSWorx\ServoStudio\wpfui-servoStudio\samples\Wpf.Ui.servoStudio\servoStudio_wjhet5xd_wpftmp.csproj]
C:\UserWorx\VSWorx\ServoStudio\wpfui-servoStudio\samples\Wpf.Ui.servoStudio\Models\Cia402Varibles.cs(141,64): warning IDE0055: 淇鏍煎紡 (https://learn.microsoft.com/dotnet/fundamentals/code-analysis/style-rules/ide0055) [C:\UserWorx\VSWorx\ServoStudio\wpfui-servoStudio\samples\Wpf.Ui.servoStudio\servoStudio_wjhet5xd_wpftmp.csproj]
C:\UserWorx\VSWorx\ServoStudio\wpfui-servoStudio\samples\Wpf.Ui.servoStudio\Models\Cia402Varibles.cs(142,76): warning IDE0055: 淇鏍煎紡 (https://learn.microsoft.com/dotnet/fundamentals/code-analysis/style-rules/ide0055) [C:\UserWorx\VSWorx\ServoStudio\wpfui-servoStudio\samples\Wpf.Ui.servoStudio\servoStudio_wjhet5xd_wpftmp.csproj]
C:\UserWorx\VSWorx\ServoStudio\wpfui-servoStudio\samples\Wpf.Ui.servoStudio\Models\Cia402Varibles.cs(143,74): warning IDE0055: 淇鏍煎紡 (https://learn.microsoft.com/dotnet/fundamentals/code-analysis/style-rules/ide0055) [C:\UserWorx\VSWorx\ServoStudio\wpfui-servoStudio\samples\Wpf.Ui.servoStudio\servoStudio_wjhet5xd_wpftmp.csproj]
C:\UserWorx\VSWorx\ServoStudio\wpfui-servoStudio\samples\Wpf.Ui.servoStudio\Models\Cia402Varibles.cs(318,30): warning IDE0055: 淇鏍煎紡 (https://learn.microsoft.com/dotnet/fundamentals/code-analysis/style-rules/ide0055) [C:\UserWorx\VSWorx\ServoStudio\wpfui-servoStudio\samples\Wpf.Ui.servoStudio\servoStudio_wjhet5xd_wpftmp.csproj]
C:\UserWorx\VSWorx\ServoStudio\wpfui-servoStudio\samples\Wpf.Ui.servoStudio\Models\Cia402Varibles.cs(318,32): warning IDE0055: 淇鏍煎紡 (https://learn.microsoft.com/dotnet/fundamentals/code-analysis/style-rules/ide0055) [C:\UserWorx\VSWorx\ServoStudio\wpfui-servoStudio\samples\Wpf.Ui.servoStudio\servoStudio_wjhet5xd_wpftmp.csproj]
C:\UserWorx\VSWorx\ServoStudio\wpfui-servoStudio\samples\Wpf.Ui.servoStudio\Models\Cia402Varibles.cs(318,42): warning IDE0055: 淇鏍煎紡 (https://learn.microsoft.com/dotnet/fundamentals/code-analysis/style-rules/ide0055) [C:\UserWorx\VSWorx\ServoStudio\wpfui-servoStudio\samples\Wpf.Ui.servoStudio\servoStudio_wjhet5xd_wpftmp.csproj]
C:\UserWorx\VSWorx\ServoStudio\wpfui-servoStudio\samples\Wpf.Ui.servoStudio\Models\Cia402Varibles.cs(319,32): warning IDE0055: 淇鏍煎紡 (https://learn.microsoft.com/dotnet/fundamentals/code-analysis/style-rules/ide0055) [C:\UserWorx\VSWorx\ServoStudio\wpfui-servoStudio\samples\Wpf.Ui.servoStudio\servoStudio_wjhet5xd_wpftmp.csproj]
C:\UserWorx\VSWorx\ServoStudio\wpfui-servoStudio\samples\Wpf.Ui.servoStudio\Models\Cia402Varibles.cs(319,34): warning IDE0055: 淇鏍煎紡 (https://learn.microsoft.com/dotnet/fundamentals/code-analysis/style-rules/ide0055) [C:\UserWorx\VSWorx\ServoStudio\wpfui-servoStudio\samples\Wpf.Ui.servoStudio\servoStudio_wjhet5xd_wpftmp.csproj]
C:\UserWorx\VSWorx\ServoStudio\wpfui-servoStudio\samples\Wpf.Ui.servoStudio\Models\Cia402Varibles.cs(319,44): warning IDE0055: 淇鏍煎紡 (https://learn.microsoft.com/dotnet/fundamentals/code-analysis/style-rules/ide0055) [C:\UserWorx\VSWorx\ServoStudio\wpfui-servoStudio\samples\Wpf.Ui.servoStudio\servoStudio_wjhet5xd_wpftmp.csproj]
C:\UserWorx\VSWorx\ServoStudio\wpfui-servoStudio\samples\Wpf.Ui.servoStudio\Models\Cia402Varibles.cs(320,36): warning IDE0055: 淇鏍煎紡 (https://learn.microsoft.com/dotnet/fundamentals/code-analysis/style-rules/ide0055) [C:\UserWorx\VSWorx\ServoStudio\wpfui-servoStudio\samples\Wpf.Ui.servoStudio\servoStudio_wjhet5xd_wpftmp.csproj]
C:\UserWorx\VSWorx\ServoStudio\wpfui-servoStudio\samples\Wpf.Ui.servoStudio\Models\Cia402Varibles.cs(320,38): warning IDE0055: 淇鏍煎紡 (https://learn.microsoft.com/dotnet/fundamentals/code-analysis/style-rules/ide0055) [C:\UserWorx\VSWorx\ServoStudio\wpfui-servoStudio\samples\Wpf.Ui.servoStudio\servoStudio_wjhet5xd_wpftmp.csproj]
C:\UserWorx\VSWorx\ServoStudio\wpfui-servoStudio\samples\Wpf.Ui.servoStudio\Models\Cia402Varibles.cs(320,48): warning IDE0055: 淇鏍煎紡 (https://learn.microsoft.com/dotnet/fundamentals/code-analysis/style-rules/ide0055) [C:\UserWorx\VSWorx\ServoStudio\wpfui-servoStudio\samples\Wpf.Ui.servoStudio\servoStudio_wjhet5xd_wpftmp.csproj]
C:\UserWorx\VSWorx\ServoStudio\wpfui-servoStudio\samples\Wpf.Ui.servoStudio\Models\Cia402Varibles.cs(321,36): warning IDE0055: 淇鏍煎紡 (https://learn.microsoft.com/dotnet/fundamentals/code-analysis/style-rules/ide0055) [C:\UserWorx\VSWorx\ServoStudio\wpfui-servoStudio\samples\Wpf.Ui.servoStudio\servoStudio_wjhet5xd_wpftmp.csproj]
C:\UserWorx\VSWorx\ServoStudio\wpfui-servoStudio\samples\Wpf.Ui.servoStudio\Models\Cia402Varibles.cs(321,38): warning IDE0055: 淇鏍煎紡 (https://learn.microsoft.com/dotnet/fundamentals/code-analysis/style-rules/ide0055) [C:\UserWorx\VSWorx\ServoStudio\wpfui-servoStudio\samples\Wpf.Ui.servoStudio\servoStudio_wjhet5xd_wpftmp.csproj]
C:\UserWorx\VSWorx\ServoStudio\wpfui-servoStudio\samples\Wpf.Ui.servoStudio\Models\Cia402Varibles.cs(321,48): warning IDE0055: 淇鏍煎紡 (https://learn.microsoft.com/dotnet/fundamentals/code-analysis/style-rules/ide0055) [C:\UserWorx\VSWorx\ServoStudio\wpfui-servoStudio\samples\Wpf.Ui.servoStudio\servoStudio_wjhet5xd_wpftmp.csproj]
C:\UserWorx\VSWorx\ServoStudio\wpfui-servoStudio\samples\Wpf.Ui.servoStudio\Models\Cia402Varibles.cs(322,27): warning IDE0055: 淇鏍煎紡 (https://learn.microsoft.com/dotnet/fundamentals/code-analysis/style-rules/ide0055) [C:\UserWorx\VSWorx\ServoStudio\wpfui-servoStudio\samples\Wpf.Ui.servoStudio\servoStudio_wjhet5xd_wpftmp.csproj]
C:\UserWorx\VSWorx\ServoStudio\wpfui-servoStudio\samples\Wpf.Ui.servoStudio\Models\Cia402Varibles.cs(322,29): warning IDE0055: 淇鏍煎紡 (https://learn.microsoft.com/dotnet/fundamentals/code-analysis/style-rules/ide0055) [C:\UserWorx\VSWorx\ServoStudio\wpfui-servoStudio\samples\Wpf.Ui.servoStudio\servoStudio_wjhet5xd_wpftmp.csproj]
C:\UserWorx\VSWorx\ServoStudio\wpfui-servoStudio\samples\Wpf.Ui.servoStudio\Models\Cia402Varibles.cs(322,39): warning IDE0055: 淇鏍煎紡 (https://learn.microsoft.com/dotnet/fundamentals/code-analysis/style-rules/ide0055) [C:\UserWorx\VSWorx\ServoStudio\wpfui-servoStudio\samples\Wpf.Ui.servoStudio\servoStudio_wjhet5xd_wpftmp.csproj]
C:\UserWorx\VSWorx\ServoStudio\wpfui-servoStudio\samples\Wpf.Ui.servoStudio\Models\Cia402Varibles.cs(323,34): warning IDE0055: 淇鏍煎紡 (https://learn.microsoft.com/dotnet/fundamentals/code-analysis/style-rules/ide0055) [C:\UserWorx\VSWorx\ServoStudio\wpfui-servoStudio\samples\Wpf.Ui.servoStudio\servoStudio_wjhet5xd_wpftmp.csproj]
C:\UserWorx\VSWorx\ServoStudio\wpfui-servoStudio\samples\Wpf.Ui.servoStudio\Models\Cia402Varibles.cs(323,36): warning IDE0055: 淇鏍煎紡 (https://learn.microsoft.com/dotnet/fundamentals/code-analysis/style-rules/ide0055) [C:\UserWorx\VSWorx\ServoStudio\wpfui-servoStudio\samples\Wpf.Ui.servoStudio\servoStudio_wjhet5xd_wpftmp.csproj]
C:\UserWorx\VSWorx\ServoStudio\wpfui-servoStudio\samples\Wpf.Ui.servoStudio\Models\Cia402Varibles.cs(323,46): warning IDE0055: 淇鏍煎紡 (https://learn.microsoft.com/dotnet/fundamentals/code-analysis/style-rules/ide0055) [C:\UserWorx\VSWorx\ServoStudio\wpfui-servoStudio\samples\Wpf.Ui.servoStudio\servoStudio_wjhet5xd_wpftmp.csproj]
C:\UserWorx\VSWorx\ServoStudio\wpfui-servoStudio\samples\Wpf.Ui.servoStudio\Models\Cia402Varibles.cs(331,30): warning IDE0055: 淇鏍煎紡 (https://learn.microsoft.com/dotnet/fundamentals/code-analysis/style-rules/ide0055) [C:\UserWorx\VSWorx\ServoStudio\wpfui-servoStudio\samples\Wpf.Ui.servoStudio\servoStudio_wjhet5xd_wpftmp.csproj]
C:\UserWorx\VSWorx\ServoStudio\wpfui-servoStudio\samples\Wpf.Ui.servoStudio\Models\Cia402Varibles.cs(331,32): warning IDE0055: 淇鏍煎紡 (https://learn.microsoft.com/dotnet/fundamentals/code-analysis/style-rules/ide0055) [C:\UserWorx\VSWorx\ServoStudio\wpfui-servoStudio\samples\Wpf.Ui.servoStudio\servoStudio_wjhet5xd_wpftmp.csproj]
C:\UserWorx\VSWorx\ServoStudio\wpfui-servoStudio\samples\Wpf.Ui.servoStudio\Models\Cia402Varibles.cs(331,42): warning IDE0055: 淇鏍煎紡 (https://learn.microsoft.com/dotnet/fundamentals/code-analysis/style-rules/ide0055) [C:\UserWorx\VSWorx\ServoStudio\wpfui-servoStudio\samples\Wpf.Ui.servoStudio\servoStudio_wjhet5xd_wpftmp.csproj]
C:\UserWorx\VSWorx\ServoStudio\wpfui-servoStudio\samples\Wpf.Ui.servoStudio\Models\Cia402Varibles.cs(332,36): warning IDE0055: 淇鏍煎紡 (https://learn.microsoft.com/dotnet/fundamentals/code-analysis/style-rules/ide0055) [C:\UserWorx\VSWorx\ServoStudio\wpfui-servoStudio\samples\Wpf.Ui.servoStudio\servoStudio_wjhet5xd_wpftmp.csproj]
C:\UserWorx\VSWorx\ServoStudio\wpfui-servoStudio\samples\Wpf.Ui.servoStudio\Models\Cia402Varibles.cs(332,38): warning IDE0055: 淇鏍煎紡 (https://learn.microsoft.com/dotnet/fundamentals/code-analysis/style-rules/ide0055) [C:\UserWorx\VSWorx\ServoStudio\wpfui-servoStudio\samples\Wpf.Ui.servoStudio\servoStudio_wjhet5xd_wpftmp.csproj]
C:\UserWorx\VSWorx\ServoStudio\wpfui-servoStudio\samples\Wpf.Ui.servoStudio\Models\Cia402Varibles.cs(332,48): warning IDE0055: 淇鏍煎紡 (https://learn.microsoft.com/dotnet/fundamentals/code-analysis/style-rules/ide0055) [C:\UserWorx\VSWorx\ServoStudio\wpfui-servoStudio\samples\Wpf.Ui.servoStudio\servoStudio_wjhet5xd_wpftmp.csproj]
C:\UserWorx\VSWorx\ServoStudio\wpfui-servoStudio\samples\Wpf.Ui.servoStudio\Models\Cia402Varibles.cs(333,36): warning IDE0055: 淇鏍煎紡 (https://learn.microsoft.com/dotnet/fundamentals/code-analysis/style-rules/ide0055) [C:\UserWorx\VSWorx\ServoStudio\wpfui-servoStudio\samples\Wpf.Ui.servoStudio\servoStudio_wjhet5xd_wpftmp.csproj]
C:\UserWorx\VSWorx\ServoStudio\wpfui-servoStudio\samples\Wpf.Ui.servoStudio\Models\Cia402Varibles.cs(333,38): warning IDE0055: 淇鏍煎紡 (https://learn.microsoft.com/dotnet/fundamentals/code-analysis/style-rules/ide0055) [C:\UserWorx\VSWorx\ServoStudio\wpfui-servoStudio\samples\Wpf.Ui.servoStudio\servoStudio_wjhet5xd_wpftmp.csproj]
C:\UserWorx\VSWorx\ServoStudio\wpfui-servoStudio\samples\Wpf.Ui.servoStudio\Models\Cia402Varibles.cs(333,48): warning IDE0055: 淇鏍煎紡 (https://learn.microsoft.com/dotnet/fundamentals/code-analysis/style-rules/ide0055) [C:\UserWorx\VSWorx\ServoStudio\wpfui-servoStudio\samples\Wpf.Ui.servoStudio\servoStudio_wjhet5xd_wpftmp.csproj]
C:\UserWorx\VSWorx\ServoStudio\wpfui-servoStudio\samples\Wpf.Ui.servoStudio\Models\Cia402Varibles.cs(334,38): warning IDE0055: 淇鏍煎紡 (https://learn.microsoft.com/dotnet/fundamentals/code-analysis/style-rules/ide0055) [C:\UserWorx\VSWorx\ServoStudio\wpfui-servoStudio\samples\Wpf.Ui.servoStudio\servoStudio_wjhet5xd_wpftmp.csproj]
C:\UserWorx\VSWorx\ServoStudio\wpfui-servoStudio\samples\Wpf.Ui.servoStudio\Models\Cia402Varibles.cs(334,40): warning IDE0055: 淇鏍煎紡 (https://learn.microsoft.com/dotnet/fundamentals/code-analysis/style-rules/ide0055) [C:\UserWorx\VSWorx\ServoStudio\wpfui-servoStudio\samples\Wpf.Ui.servoStudio\servoStudio_wjhet5xd_wpftmp.csproj]
C:\UserWorx\VSWorx\ServoStudio\wpfui-servoStudio\samples\Wpf.Ui.servoStudio\Models\Cia402Varibles.cs(334,50): warning IDE0055: 淇鏍煎紡 (https://learn.microsoft.com/dotnet/fundamentals/code-analysis/style-rules/ide0055) [C:\UserWorx\VSWorx\ServoStudio\wpfui-servoStudio\samples\Wpf.Ui.servoStudio\servoStudio_wjhet5xd_wpftmp.csproj]
C:\UserWorx\VSWorx\ServoStudio\wpfui-servoStudio\samples\Wpf.Ui.servoStudio\Models\Cia402Varibles.cs(342,30): warning IDE0055: 淇鏍煎紡 (https://learn.microsoft.com/dotnet/fundamentals/code-analysis/style-rules/ide0055) [C:\UserWorx\VSWorx\ServoStudio\wpfui-servoStudio\samples\Wpf.Ui.servoStudio\servoStudio_wjhet5xd_wpftmp.csproj]
C:\UserWorx\VSWorx\ServoStudio\wpfui-servoStudio\samples\Wpf.Ui.servoStudio\Models\Cia402Varibles.cs(342,32): warning IDE0055: 淇鏍煎紡 (https://learn.microsoft.com/dotnet/fundamentals/code-analysis/style-rules/ide0055) [C:\UserWorx\VSWorx\ServoStudio\wpfui-servoStudio\samples\Wpf.Ui.servoStudio\servoStudio_wjhet5xd_wpftmp.csproj]
C:\UserWorx\VSWorx\ServoStudio\wpfui-servoStudio\samples\Wpf.Ui.servoStudio\Models\Cia402Varibles.cs(342,42): warning IDE0055: 淇鏍煎紡 (https://learn.microsoft.com/dotnet/fundamentals/code-analysis/style-rules/ide0055) [C:\UserWorx\VSWorx\ServoStudio\wpfui-servoStudio\samples\Wpf.Ui.servoStudio\servoStudio_wjhet5xd_wpftmp.csproj]
C:\UserWorx\VSWorx\ServoStudio\wpfui-servoStudio\samples\Wpf.Ui.servoStudio\Models\Cia402Varibles.cs(343,28): warning IDE0055: 淇鏍煎紡 (https://learn.microsoft.com/dotnet/fundamentals/code-analysis/style-rules/ide0055) [C:\UserWorx\VSWorx\ServoStudio\wpfui-servoStudio\samples\Wpf.Ui.servoStudio\servoStudio_wjhet5xd_wpftmp.csproj]
C:\UserWorx\VSWorx\ServoStudio\wpfui-servoStudio\samples\Wpf.Ui.servoStudio\Models\Cia402Varibles.cs(343,30): warning IDE0055: 淇鏍煎紡 (https://learn.microsoft.com/dotnet/fundamentals/code-analysis/style-rules/ide0055) [C:\UserWorx\VSWorx\ServoStudio\wpfui-servoStudio\samples\Wpf.Ui.servoStudio\servoStudio_wjhet5xd_wpftmp.csproj]
C:\UserWorx\VSWorx\ServoStudio\wpfui-servoStudio\samples\Wpf.Ui.servoStudio\Models\Cia402Varibles.cs(343,40): warning IDE0055: 淇鏍煎紡 (https://learn.microsoft.com/dotnet/fundamentals/code-analysis/style-rules/ide0055) [C:\UserWorx\VSWorx\ServoStudio\wpfui-servoStudio\samples\Wpf.Ui.servoStudio\servoStudio_wjhet5xd_wpftmp.csproj]
C:\UserWorx\VSWorx\ServoStudio\wpfui-servoStudio\samples\Wpf.Ui.servoStudio\Models\Cia402Varibles.cs(344,28): warning IDE0055: 淇鏍煎紡 (https://learn.microsoft.com/dotnet/fundamentals/code-analysis/style-rules/ide0055) [C:\UserWorx\VSWorx\ServoStudio\wpfui-servoStudio\samples\Wpf.Ui.servoStudio\servoStudio_wjhet5xd_wpftmp.csproj]
C:\UserWorx\VSWorx\ServoStudio\wpfui-servoStudio\samples\Wpf.Ui.servoStudio\Models\Cia402Varibles.cs(344,30): warning IDE0055: 淇鏍煎紡 (https://learn.microsoft.com/dotnet/fundamentals/code-analysis/style-rules/ide0055) [C:\UserWorx\VSWorx\ServoStudio\wpfui-servoStudio\samples\Wpf.Ui.servoStudio\servoStudio_wjhet5xd_wpftmp.csproj]
C:\UserWorx\VSWorx\ServoStudio\wpfui-servoStudio\samples\Wpf.Ui.servoStudio\Models\Cia402Varibles.cs(344,40): warning IDE0055: 淇鏍煎紡 (https://learn.microsoft.com/dotnet/fundamentals/code-analysis/style-rules/ide0055) [C:\UserWorx\VSWorx\ServoStudio\wpfui-servoStudio\samples\Wpf.Ui.servoStudio\servoStudio_wjhet5xd_wpftmp.csproj]
C:\UserWorx\VSWorx\ServoStudio\wpfui-servoStudio\samples\Wpf.Ui.servoStudio\Models\Cia402Varibles.cs(352,37): warning IDE0055: 淇鏍煎紡 (https://learn.microsoft.com/dotnet/fundamentals/code-analysis/style-rules/ide0055) [C:\UserWorx\VSWorx\ServoStudio\wpfui-servoStudio\samples\Wpf.Ui.servoStudio\servoStudio_wjhet5xd_wpftmp.csproj]
C:\UserWorx\VSWorx\ServoStudio\wpfui-servoStudio\samples\Wpf.Ui.servoStudio\Models\Cia402Varibles.cs(352,39): warning IDE0055: 淇鏍煎紡 (https://learn.microsoft.com/dotnet/fundamentals/code-analysis/style-rules/ide0055) [C:\UserWorx\VSWorx\ServoStudio\wpfui-servoStudio\samples\Wpf.Ui.servoStudio\servoStudio_wjhet5xd_wpftmp.csproj]
C:\UserWorx\VSWorx\ServoStudio\wpfui-servoStudio\samples\Wpf.Ui.servoStudio\Models\Cia402Varibles.cs(352,49): warning IDE0055: 淇鏍煎紡 (https://learn.microsoft.com/dotnet/fundamentals/code-analysis/style-rules/ide0055) [C:\UserWorx\VSWorx\ServoStudio\wpfui-servoStudio\samples\Wpf.Ui.servoStudio\servoStudio_wjhet5xd_wpftmp.csproj]
C:\UserWorx\VSWorx\ServoStudio\wpfui-servoStudio\samples\Wpf.Ui.servoStudio\Models\Cia402Varibles.cs(353,34): warning IDE0055: 淇鏍煎紡 (https://learn.microsoft.com/dotnet/fundamentals/code-analysis/style-rules/ide0055) [C:\UserWorx\VSWorx\ServoStudio\wpfui-servoStudio\samples\Wpf.Ui.servoStudio\servoStudio_wjhet5xd_wpftmp.csproj]
C:\UserWorx\VSWorx\ServoStudio\wpfui-servoStudio\samples\Wpf.Ui.servoStudio\Models\Cia402Varibles.cs(353,36): warning IDE0055: 淇鏍煎紡 (https://learn.microsoft.com/dotnet/fundamentals/code-analysis/style-rules/ide0055) [C:\UserWorx\VSWorx\ServoStudio\wpfui-servoStudio\samples\Wpf.Ui.servoStudio\servoStudio_wjhet5xd_wpftmp.csproj]
C:\UserWorx\VSWorx\ServoStudio\wpfui-servoStudio\samples\Wpf.Ui.servoStudio\Models\Cia402Varibles.cs(353,46): warning IDE0055: 淇鏍煎紡 (https://learn.microsoft.com/dotnet/fundamentals/code-analysis/style-rules/ide0055) [C:\UserWorx\VSWorx\ServoStudio\wpfui-servoStudio\samples\Wpf.Ui.servoStudio\servoStudio_wjhet5xd_wpftmp.csproj]
C:\UserWorx\VSWorx\ServoStudio\wpfui-servoStudio\samples\Wpf.Ui.servoStudio\Models\Cia402Varibles.cs(354,32): warning IDE0055: 淇鏍煎紡 (https://learn.microsoft.com/dotnet/fundamentals/code-analysis/style-rules/ide0055) [C:\UserWorx\VSWorx\ServoStudio\wpfui-servoStudio\samples\Wpf.Ui.servoStudio\servoStudio_wjhet5xd_wpftmp.csproj]
C:\UserWorx\VSWorx\ServoStudio\wpfui-servoStudio\samples\Wpf.Ui.servoStudio\Models\Cia402Varibles.cs(354,34): warning IDE0055: 淇鏍煎紡 (https://learn.microsoft.com/dotnet/fundamentals/code-analysis/style-rules/ide0055) [C:\UserWorx\VSWorx\ServoStudio\wpfui-servoStudio\samples\Wpf.Ui.servoStudio\servoStudio_wjhet5xd_wpftmp.csproj]
C:\UserWorx\VSWorx\ServoStudio\wpfui-servoStudio\samples\Wpf.Ui.servoStudio\Models\Cia402Varibles.cs(354,44): warning IDE0055: 淇鏍煎紡 (https://learn.microsoft.com/dotnet/fundamentals/code-analysis/style-rules/ide0055) [C:\UserWorx\VSWorx\ServoStudio\wpfui-servoStudio\samples\Wpf.Ui.servoStudio\servoStudio_wjhet5xd_wpftmp.csproj]
C:\UserWorx\VSWorx\ServoStudio\wpfui-servoStudio\samples\Wpf.Ui.servoStudio\Models\Cia402Varibles.cs(355,35): warning IDE0055: 淇鏍煎紡 (https://learn.microsoft.com/dotnet/fundamentals/code-analysis/style-rules/ide0055) [C:\UserWorx\VSWorx\ServoStudio\wpfui-servoStudio\samples\Wpf.Ui.servoStudio\servoStudio_wjhet5xd_wpftmp.csproj]
C:\UserWorx\VSWorx\ServoStudio\wpfui-servoStudio\samples\Wpf.Ui.servoStudio\Models\Cia402Varibles.cs(355,37): warning IDE0055: 淇鏍煎紡 (https://learn.microsoft.com/dotnet/fundamentals/code-analysis/style-rules/ide0055) [C:\UserWorx\VSWorx\ServoStudio\wpfui-servoStudio\samples\Wpf.Ui.servoStudio\servoStudio_wjhet5xd_wpftmp.csproj]
C:\UserWorx\VSWorx\ServoStudio\wpfui-servoStudio\samples\Wpf.Ui.servoStudio\Models\Cia402Varibles.cs(355,47): warning IDE0055: 淇鏍煎紡 (https://learn.microsoft.com/dotnet/fundamentals/code-analysis/style-rules/ide0055) [C:\UserWorx\VSWorx\ServoStudio\wpfui-servoStudio\samples\Wpf.Ui.servoStudio\servoStudio_wjhet5xd_wpftmp.csproj]
C:\UserWorx\VSWorx\ServoStudio\wpfui-servoStudio\samples\Wpf.Ui.servoStudio\Models\Cia402Varibles.cs(363,30): warning IDE0055: 淇鏍煎紡 (https://learn.microsoft.com/dotnet/fundamentals/code-analysis/style-rules/ide0055) [C:\UserWorx\VSWorx\ServoStudio\wpfui-servoStudio\samples\Wpf.Ui.servoStudio\servoStudio_wjhet5xd_wpftmp.csproj]
C:\UserWorx\VSWorx\ServoStudio\wpfui-servoStudio\samples\Wpf.Ui.servoStudio\Models\Cia402Varibles.cs(363,32): warning IDE0055: 淇鏍煎紡 (https://learn.microsoft.com/dotnet/fundamentals/code-analysis/style-rules/ide0055) [C:\UserWorx\VSWorx\ServoStudio\wpfui-servoStudio\samples\Wpf.Ui.servoStudio\servoStudio_wjhet5xd_wpftmp.csproj]
C:\UserWorx\VSWorx\ServoStudio\wpfui-servoStudio\samples\Wpf.Ui.servoStudio\Models\Cia402Varibles.cs(363,42): warning IDE0055: 淇鏍煎紡 (https://learn.microsoft.com/dotnet/fundamentals/code-analysis/style-rules/ide0055) [C:\UserWorx\VSWorx\ServoStudio\wpfui-servoStudio\samples\Wpf.Ui.servoStudio\servoStudio_wjhet5xd_wpftmp.csproj]
C:\UserWorx\VSWorx\ServoStudio\wpfui-servoStudio\samples\Wpf.Ui.servoStudio\Models\Cia402Varibles.cs(364,30): warning IDE0055: 淇鏍煎紡 (https://learn.microsoft.com/dotnet/fundamentals/code-analysis/style-rules/ide0055) [C:\UserWorx\VSWorx\ServoStudio\wpfui-servoStudio\samples\Wpf.Ui.servoStudio\servoStudio_wjhet5xd_wpftmp.csproj]
C:\UserWorx\VSWorx\ServoStudio\wpfui-servoStudio\samples\Wpf.Ui.servoStudio\Models\Cia402Varibles.cs(364,32): warning IDE0055: 淇鏍煎紡 (https://learn.microsoft.com/dotnet/fundamentals/code-analysis/style-rules/ide0055) [C:\UserWorx\VSWorx\ServoStudio\wpfui-servoStudio\samples\Wpf.Ui.servoStudio\servoStudio_wjhet5xd_wpftmp.csproj]
C:\UserWorx\VSWorx\ServoStudio\wpfui-servoStudio\samples\Wpf.Ui.servoStudio\Models\Cia402Varibles.cs(364,42): warning IDE0055: 淇鏍煎紡 (https://learn.microsoft.com/dotnet/fundamentals/code-analysis/style-rules/ide0055) [C:\UserWorx\VSWorx\ServoStudio\wpfui-servoStudio\samples\Wpf.Ui.servoStudio\servoStudio_wjhet5xd_wpftmp.csproj]
C:\UserWorx\VSWorx\ServoStudio\wpfui-servoStudio\samples\Wpf.Ui.servoStudio\Models\Cia402Varibles.cs(365,30): warning IDE0055: 淇鏍煎紡 (https://learn.microsoft.com/dotnet/fundamentals/code-analysis/style-rules/ide0055) [C:\UserWorx\VSWorx\ServoStudio\wpfui-servoStudio\samples\Wpf.Ui.servoStudio\servoStudio_wjhet5xd_wpftmp.csproj]
C:\UserWorx\VSWorx\ServoStudio\wpfui-servoStudio\samples\Wpf.Ui.servoStudio\Models\Cia402Varibles.cs(365,32): warning IDE0055: 淇鏍煎紡 (https://learn.microsoft.com/dotnet/fundamentals/code-analysis/style-rules/ide0055) [C:\UserWorx\VSWorx\ServoStudio\wpfui-servoStudio\samples\Wpf.Ui.servoStudio\servoStudio_wjhet5xd_wpftmp.csproj]
C:\UserWorx\VSWorx\ServoStudio\wpfui-servoStudio\samples\Wpf.Ui.servoStudio\Models\Cia402Varibles.cs(365,42): warning IDE0055: 淇鏍煎紡 (https://learn.microsoft.com/dotnet/fundamentals/code-analysis/style-rules/ide0055) [C:\UserWorx\VSWorx\ServoStudio\wpfui-servoStudio\samples\Wpf.Ui.servoStudio\servoStudio_wjhet5xd_wpftmp.csproj]
C:\UserWorx\VSWorx\ServoStudio\wpfui-servoStudio\samples\Wpf.Ui.servoStudio\Models\Cia402Varibles.cs(366,30): warning IDE0055: 淇鏍煎紡 (https://learn.microsoft.com/dotnet/fundamentals/code-analysis/style-rules/ide0055) [C:\UserWorx\VSWorx\ServoStudio\wpfui-servoStudio\samples\Wpf.Ui.servoStudio\servoStudio_wjhet5xd_wpftmp.csproj]
C:\UserWorx\VSWorx\ServoStudio\wpfui-servoStudio\samples\Wpf.Ui.servoStudio\Models\Cia402Varibles.cs(366,32): warning IDE0055: 淇鏍煎紡 (https://learn.microsoft.com/dotnet/fundamentals/code-analysis/style-rules/ide0055) [C:\UserWorx\VSWorx\ServoStudio\wpfui-servoStudio\samples\Wpf.Ui.servoStudio\servoStudio_wjhet5xd_wpftmp.csproj]
C:\UserWorx\VSWorx\ServoStudio\wpfui-servoStudio\samples\Wpf.Ui.servoStudio\Models\Cia402Varibles.cs(366,42): warning IDE0055: 淇鏍煎紡 (https://learn.microsoft.com/dotnet/fundamentals/code-analysis/style-rules/ide0055) [C:\UserWorx\VSWorx\ServoStudio\wpfui-servoStudio\samples\Wpf.Ui.servoStudio\servoStudio_wjhet5xd_wpftmp.csproj]
C:\UserWorx\VSWorx\ServoStudio\wpfui-servoStudio\samples\Wpf.Ui.servoStudio\Models\Cia402Varibles.cs(367,42): warning IDE0055: 淇鏍煎紡 (https://learn.microsoft.com/dotnet/fundamentals/code-analysis/style-rules/ide0055) [C:\UserWorx\VSWorx\ServoStudio\wpfui-servoStudio\samples\Wpf.Ui.servoStudio\servoStudio_wjhet5xd_wpftmp.csproj]
C:\UserWorx\VSWorx\ServoStudio\wpfui-servoStudio\samples\Wpf.Ui.servoStudio\Models\Cia402Varibles.cs(367,44): warning IDE0055: 淇鏍煎紡 (https://learn.microsoft.com/dotnet/fundamentals/code-analysis/style-rules/ide0055) [C:\UserWorx\VSWorx\ServoStudio\wpfui-servoStudio\samples\Wpf.Ui.servoStudio\servoStudio_wjhet5xd_wpftmp.csproj]
C:\UserWorx\VSWorx\ServoStudio\wpfui-servoStudio\samples\Wpf.Ui.servoStudio\Models\Cia402Varibles.cs(367,54): warning IDE0055: 淇鏍煎紡 (https://learn.microsoft.com/dotnet/fundamentals/code-analysis/style-rules/ide0055) [C:\UserWorx\VSWorx\ServoStudio\wpfui-servoStudio\samples\Wpf.Ui.servoStudio\servoStudio_wjhet5xd_wpftmp.csproj]
C:\UserWorx\VSWorx\ServoStudio\wpfui-servoStudio\samples\Wpf.Ui.servoStudio\Models\Cia402Varibles.cs(375,30): warning IDE0055: 淇鏍煎紡 (https://learn.microsoft.com/dotnet/fundamentals/code-analysis/style-rules/ide0055) [C:\UserWorx\VSWorx\ServoStudio\wpfui-servoStudio\samples\Wpf.Ui.servoStudio\servoStudio_wjhet5xd_wpftmp.csproj]
C:\UserWorx\VSWorx\ServoStudio\wpfui-servoStudio\samples\Wpf.Ui.servoStudio\Models\Cia402Varibles.cs(375,32): warning IDE0055: 淇鏍煎紡 (https://learn.microsoft.com/dotnet/fundamentals/code-analysis/style-rules/ide0055) [C:\UserWorx\VSWorx\ServoStudio\wpfui-servoStudio\samples\Wpf.Ui.servoStudio\servoStudio_wjhet5xd_wpftmp.csproj]
C:\UserWorx\VSWorx\ServoStudio\wpfui-servoStudio\samples\Wpf.Ui.servoStudio\Models\Cia402Varibles.cs(375,42): warning IDE0055: 淇鏍煎紡 (https://learn.microsoft.com/dotnet/fundamentals/code-analysis/style-rules/ide0055) [C:\UserWorx\VSWorx\ServoStudio\wpfui-servoStudio\samples\Wpf.Ui.servoStudio\servoStudio_wjhet5xd_wpftmp.csproj]
C:\UserWorx\VSWorx\ServoStudio\wpfui-servoStudio\samples\Wpf.Ui.servoStudio\Models\Cia402Varibles.cs(376,30): warning IDE0055: 淇鏍煎紡 (https://learn.microsoft.com/dotnet/fundamentals/code-analysis/style-rules/ide0055) [C:\UserWorx\VSWorx\ServoStudio\wpfui-servoStudio\samples\Wpf.Ui.servoStudio\servoStudio_wjhet5xd_wpftmp.csproj]
C:\UserWorx\VSWorx\ServoStudio\wpfui-servoStudio\samples\Wpf.Ui.servoStudio\Models\Cia402Varibles.cs(376,32): warning IDE0055: 淇鏍煎紡 (https://learn.microsoft.com/dotnet/fundamentals/code-analysis/style-rules/ide0055) [C:\UserWorx\VSWorx\ServoStudio\wpfui-servoStudio\samples\Wpf.Ui.servoStudio\servoStudio_wjhet5xd_wpftmp.csproj]
C:\UserWorx\VSWorx\ServoStudio\wpfui-servoStudio\samples\Wpf.Ui.servoStudio\Models\Cia402Varibles.cs(376,42): warning IDE0055: 淇鏍煎紡 (https://learn.microsoft.com/dotnet/fundamentals/code-analysis/style-rules/ide0055) [C:\UserWorx\VSWorx\ServoStudio\wpfui-servoStudio\samples\Wpf.Ui.servoStudio\servoStudio_wjhet5xd_wpftmp.csproj]
C:\UserWorx\VSWorx\ServoStudio\wpfui-servoStudio\samples\Wpf.Ui.servoStudio\Models\Cia402Varibles.cs(377,30): warning IDE0055: 淇鏍煎紡 (https://learn.microsoft.com/dotnet/fundamentals/code-analysis/style-rules/ide0055) [C:\UserWorx\VSWorx\ServoStudio\wpfui-servoStudio\samples\Wpf.Ui.servoStudio\servoStudio_wjhet5xd_wpftmp.csproj]
C:\UserWorx\VSWorx\ServoStudio\wpfui-servoStudio\samples\Wpf.Ui.servoStudio\Models\Cia402Varibles.cs(377,32): warning IDE0055: 淇鏍煎紡 (https://learn.microsoft.com/dotnet/fundamentals/code-analysis/style-rules/ide0055) [C:\UserWorx\VSWorx\ServoStudio\wpfui-servoStudio\samples\Wpf.Ui.servoStudio\servoStudio_wjhet5xd_wpftmp.csproj]
C:\UserWorx\VSWorx\ServoStudio\wpfui-servoStudio\samples\Wpf.Ui.servoStudio\Models\Cia402Varibles.cs(377,42): warning IDE0055: 淇鏍煎紡 (https://learn.microsoft.com/dotnet/fundamentals/code-analysis/style-rules/ide0055) [C:\UserWorx\VSWorx\ServoStudio\wpfui-servoStudio\samples\Wpf.Ui.servoStudio\servoStudio_wjhet5xd_wpftmp.csproj]
C:\UserWorx\VSWorx\ServoStudio\wpfui-servoStudio\samples\Wpf.Ui.servoStudio\Models\Cia402Varibles.cs(378,42): warning IDE0055: 淇鏍煎紡 (https://learn.microsoft.com/dotnet/fundamentals/code-analysis/style-rules/ide0055) [C:\UserWorx\VSWorx\ServoStudio\wpfui-servoStudio\samples\Wpf.Ui.servoStudio\servoStudio_wjhet5xd_wpftmp.csproj]
C:\UserWorx\VSWorx\ServoStudio\wpfui-servoStudio\samples\Wpf.Ui.servoStudio\Models\Cia402Varibles.cs(378,44): warning IDE0055: 淇鏍煎紡 (https://learn.microsoft.com/dotnet/fundamentals/code-analysis/style-rules/ide0055) [C:\UserWorx\VSWorx\ServoStudio\wpfui-servoStudio\samples\Wpf.Ui.servoStudio\servoStudio_wjhet5xd_wpftmp.csproj]
C:\UserWorx\VSWorx\ServoStudio\wpfui-servoStudio\samples\Wpf.Ui.servoStudio\Models\Cia402Varibles.cs(378,54): warning IDE0055: 淇鏍煎紡 (https://learn.microsoft.com/dotnet/fundamentals/code-analysis/style-rules/ide0055) [C:\UserWorx\VSWorx\ServoStudio\wpfui-servoStudio\samples\Wpf.Ui.servoStudio\servoStudio_wjhet5xd_wpftmp.csproj]
C:\UserWorx\VSWorx\ServoStudio\wpfui-servoStudio\samples\Wpf.Ui.servoStudio\Models\Cia402Varibles.cs(386,30): warning IDE0055: 淇鏍煎紡 (https://learn.microsoft.com/dotnet/fundamentals/code-analysis/style-rules/ide0055) [C:\UserWorx\VSWorx\ServoStudio\wpfui-servoStudio\samples\Wpf.Ui.servoStudio\servoStudio_wjhet5xd_wpftmp.csproj]
C:\UserWorx\VSWorx\ServoStudio\wpfui-servoStudio\samples\Wpf.Ui.servoStudio\Models\Cia402Varibles.cs(386,32): warning IDE0055: 淇鏍煎紡 (https://learn.microsoft.com/dotnet/fundamentals/code-analysis/style-rules/ide0055) [C:\UserWorx\VSWorx\ServoStudio\wpfui-servoStudio\samples\Wpf.Ui.servoStudio\servoStudio_wjhet5xd_wpftmp.csproj]
C:\UserWorx\VSWorx\ServoStudio\wpfui-servoStudio\samples\Wpf.Ui.servoStudio\Models\Cia402Varibles.cs(386,42): warning IDE0055: 淇鏍煎紡 (https://learn.microsoft.com/dotnet/fundamentals/code-analysis/style-rules/ide0055) [C:\UserWorx\VSWorx\ServoStudio\wpfui-servoStudio\samples\Wpf.Ui.servoStudio\servoStudio_wjhet5xd_wpftmp.csproj]
C:\UserWorx\VSWorx\ServoStudio\wpfui-servoStudio\samples\Wpf.Ui.servoStudio\Models\Cia402Varibles.cs(387,30): warning IDE0055: 淇鏍煎紡 (https://learn.microsoft.com/dotnet/fundamentals/code-analysis/style-rules/ide0055) [C:\UserWorx\VSWorx\ServoStudio\wpfui-servoStudio\samples\Wpf.Ui.servoStudio\servoStudio_wjhet5xd_wpftmp.csproj]
C:\UserWorx\VSWorx\ServoStudio\wpfui-servoStudio\samples\Wpf.Ui.servoStudio\Models\Cia402Varibles.cs(387,32): warning IDE0055: 淇鏍煎紡 (https://learn.microsoft.com/dotnet/fundamentals/code-analysis/style-rules/ide0055) [C:\UserWorx\VSWorx\ServoStudio\wpfui-servoStudio\samples\Wpf.Ui.servoStudio\servoStudio_wjhet5xd_wpftmp.csproj]
C:\UserWorx\VSWorx\ServoStudio\wpfui-servoStudio\samples\Wpf.Ui.servoStudio\Models\Cia402Varibles.cs(387,42): warning IDE0055: 淇鏍煎紡 (https://learn.microsoft.com/dotnet/fundamentals/code-analysis/style-rules/ide0055) [C:\UserWorx\VSWorx\ServoStudio\wpfui-servoStudio\samples\Wpf.Ui.servoStudio\servoStudio_wjhet5xd_wpftmp.csproj]
C:\UserWorx\VSWorx\ServoStudio\wpfui-servoStudio\samples\Wpf.Ui.servoStudio\Models\Cia402Varibles.cs(388,42): warning IDE0055: 淇鏍煎紡 (https://learn.microsoft.com/dotnet/fundamentals/code-analysis/style-rules/ide0055) [C:\UserWorx\VSWorx\ServoStudio\wpfui-servoStudio\samples\Wpf.Ui.servoStudio\servoStudio_wjhet5xd_wpftmp.csproj]
C:\UserWorx\VSWorx\ServoStudio\wpfui-servoStudio\samples\Wpf.Ui.servoStudio\Models\Cia402Varibles.cs(388,44): warning IDE0055: 淇鏍煎紡 (https://learn.microsoft.com/dotnet/fundamentals/code-analysis/style-rules/ide0055) [C:\UserWorx\VSWorx\ServoStudio\wpfui-servoStudio\samples\Wpf.Ui.servoStudio\servoStudio_wjhet5xd_wpftmp.csproj]
C:\UserWorx\VSWorx\ServoStudio\wpfui-servoStudio\samples\Wpf.Ui.servoStudio\Models\Cia402Varibles.cs(388,54): warning IDE0055: 淇鏍煎紡 (https://learn.microsoft.com/dotnet/fundamentals/code-analysis/style-rules/ide0055) [C:\UserWorx\VSWorx\ServoStudio\wpfui-servoStudio\samples\Wpf.Ui.servoStudio\servoStudio_wjhet5xd_wpftmp.csproj]
C:\UserWorx\VSWorx\ServoStudio\wpfui-servoStudio\samples\Wpf.Ui.servoStudio\Models\DataColor.cs(12,23): warning IDE0055: 淇鏍煎紡 (https://learn.microsoft.com/dotnet/fundamentals/code-analysis/style-rules/ide0055) [C:\UserWorx\VSWorx\ServoStudio\wpfui-servoStudio\samples\Wpf.Ui.servoStudio\servoStudio_wjhet5xd_wpftmp.csproj]
C:\UserWorx\VSWorx\ServoStudio\wpfui-servoStudio\samples\Wpf.Ui.servoStudio\Models\DataColor.cs(12,25): warning IDE0055: 淇鏍煎紡 (https://learn.microsoft.com/dotnet/fundamentals/code-analysis/style-rules/ide0055) [C:\UserWorx\VSWorx\ServoStudio\wpfui-servoStudio\samples\Wpf.Ui.servoStudio\servoStudio_wjhet5xd_wpftmp.csproj]
C:\UserWorx\VSWorx\ServoStudio\wpfui-servoStudio\samples\Wpf.Ui.servoStudio\Models\DataColor.cs(12,35): warning IDE0055: 淇鏍煎紡 (https://learn.microsoft.com/dotnet/fundamentals/code-analysis/style-rules/ide0055) [C:\UserWorx\VSWorx\ServoStudio\wpfui-servoStudio\samples\Wpf.Ui.servoStudio\servoStudio_wjhet5xd_wpftmp.csproj]
C:\UserWorx\VSWorx\ServoStudio\wpfui-servoStudio\samples\Wpf.Ui.servoStudio\Models\DataSaveModels.cs(51,37): warning IDE0055: 淇鏍煎紡 (https://learn.microsoft.com/dotnet/fundamentals/code-analysis/style-rules/ide0055) [C:\UserWorx\VSWorx\ServoStudio\wpfui-servoStudio\samples\Wpf.Ui.servoStudio\servoStudio_wjhet5xd_wpftmp.csproj]
C:\UserWorx\VSWorx\ServoStudio\wpfui-servoStudio\samples\Wpf.Ui.servoStudio\Models\DataSaveModels.cs(51,39): warning IDE0055: 淇鏍煎紡 (https://learn.microsoft.com/dotnet/fundamentals/code-analysis/style-rules/ide0055) [C:\UserWorx\VSWorx\ServoStudio\wpfui-servoStudio\samples\Wpf.Ui.servoStudio\servoStudio_wjhet5xd_wpftmp.csproj]
C:\UserWorx\VSWorx\ServoStudio\wpfui-servoStudio\samples\Wpf.Ui.servoStudio\Models\DataSaveModels.cs(51,50): warning IDE0055: 淇鏍煎紡 (https://learn.microsoft.com/dotnet/fundamentals/code-analysis/style-rules/ide0055) [C:\UserWorx\VSWorx\ServoStudio\wpfui-servoStudio\samples\Wpf.Ui.servoStudio\servoStudio_wjhet5xd_wpftmp.csproj]
C:\UserWorx\VSWorx\ServoStudio\wpfui-servoStudio\samples\Wpf.Ui.servoStudio\Models\DataSaveModels.cs(54,27): warning IDE0055: 淇鏍煎紡 (https://learn.microsoft.com/dotnet/fundamentals/code-analysis/style-rules/ide0055) [C:\UserWorx\VSWorx\ServoStudio\wpfui-servoStudio\samples\Wpf.Ui.servoStudio\servoStudio_wjhet5xd_wpftmp.csproj]
C:\UserWorx\VSWorx\ServoStudio\wpfui-servoStudio\samples\Wpf.Ui.servoStudio\Models\DataSaveModels.cs(54,29): warning IDE0055: 淇鏍煎紡 (https://learn.microsoft.com/dotnet/fundamentals/code-analysis/style-rules/ide0055) [C:\UserWorx\VSWorx\ServoStudio\wpfui-servoStudio\samples\Wpf.Ui.servoStudio\servoStudio_wjhet5xd_wpftmp.csproj]
C:\UserWorx\VSWorx\ServoStudio\wpfui-servoStudio\samples\Wpf.Ui.servoStudio\Models\DataSaveModels.cs(54,40): warning IDE0055: 淇鏍煎紡 (https://learn.microsoft.com/dotnet/fundamentals/code-analysis/style-rules/ide0055) [C:\UserWorx\VSWorx\ServoStudio\wpfui-servoStudio\samples\Wpf.Ui.servoStudio\servoStudio_wjhet5xd_wpftmp.csproj]
C:\UserWorx\VSWorx\ServoStudio\wpfui-servoStudio\samples\Wpf.Ui.servoStudio\Models\DataSaveModels.cs(57,28): warning IDE0055: 淇鏍煎紡 (https://learn.microsoft.com/dotnet/fundamentals/code-analysis/style-rules/ide0055) [C:\UserWorx\VSWorx\ServoStudio\wpfui-servoStudio\samples\Wpf.Ui.servoStudio\servoStudio_wjhet5xd_wpftmp.csproj]
C:\UserWorx\VSWorx\ServoStudio\wpfui-servoStudio\samples\Wpf.Ui.servoStudio\Models\DataSaveModels.cs(57,30): warning IDE0055: 淇鏍煎紡 (https://learn.microsoft.com/dotnet/fundamentals/code-analysis/style-rules/ide0055) [C:\UserWorx\VSWorx\ServoStudio\wpfui-servoStudio\samples\Wpf.Ui.servoStudio\servoStudio_wjhet5xd_wpftmp.csproj]
C:\UserWorx\VSWorx\ServoStudio\wpfui-servoStudio\samples\Wpf.Ui.servoStudio\Models\DataSaveModels.cs(57,41): warning IDE0055: 淇鏍煎紡 (https://learn.microsoft.com/dotnet/fundamentals/code-analysis/style-rules/ide0055) [C:\UserWorx\VSWorx\ServoStudio\wpfui-servoStudio\samples\Wpf.Ui.servoStudio\servoStudio_wjhet5xd_wpftmp.csproj]
C:\UserWorx\VSWorx\ServoStudio\wpfui-servoStudio\samples\Wpf.Ui.servoStudio\Models\DataSaveModels.cs(65,40): warning IDE0055: 淇鏍煎紡 (https://learn.microsoft.com/dotnet/fundamentals/code-analysis/style-rules/ide0055) [C:\UserWorx\VSWorx\ServoStudio\wpfui-servoStudio\samples\Wpf.Ui.servoStudio\servoStudio_wjhet5xd_wpftmp.csproj]
C:\UserWorx\VSWorx\ServoStudio\wpfui-servoStudio\samples\Wpf.Ui.servoStudio\Models\DataSaveModels.cs(65,42): warning IDE0055: 淇鏍煎紡 (https://learn.microsoft.com/dotnet/fundamentals/code-analysis/style-rules/ide0055) [C:\UserWorx\VSWorx\ServoStudio\wpfui-servoStudio\samples\Wpf.Ui.servoStudio\servoStudio_wjhet5xd_wpftmp.csproj]
C:\UserWorx\VSWorx\ServoStudio\wpfui-servoStudio\samples\Wpf.Ui.servoStudio\Models\DataSaveModels.cs(65,53): warning IDE0055: 淇鏍煎紡 (https://learn.microsoft.com/dotnet/fundamentals/code-analysis/style-rules/ide0055) [C:\UserWorx\VSWorx\ServoStudio\wpfui-servoStudio\samples\Wpf.Ui.servoStudio\servoStudio_wjhet5xd_wpftmp.csproj]
C:\UserWorx\VSWorx\ServoStudio\wpfui-servoStudio\samples\Wpf.Ui.servoStudio\Models\Device.cs(10,21): warning IDE0055: 淇鏍煎紡 (https://learn.microsoft.com/dotnet/fundamentals/code-analysis/style-rules/ide0055) [C:\UserWorx\VSWorx\ServoStudio\wpfui-servoStudio\samples\Wpf.Ui.servoStudio\servoStudio_wjhet5xd_wpftmp.csproj]
C:\UserWorx\VSWorx\ServoStudio\wpfui-servoStudio\samples\Wpf.Ui.servoStudio\Models\Device.cs(10,23): warning IDE0055: 淇鏍煎紡 (https://learn.microsoft.com/dotnet/fundamentals/code-analysis/style-rules/ide0055) [C:\UserWorx\VSWorx\ServoStudio\wpfui-servoStudio\samples\Wpf.Ui.servoStudio\servoStudio_wjhet5xd_wpftmp.csproj]
C:\UserWorx\VSWorx\ServoStudio\wpfui-servoStudio\samples\Wpf.Ui.servoStudio\Models\Device.cs(10,33): warning IDE0055: 淇鏍煎紡 (https://learn.microsoft.com/dotnet/fundamentals/code-analysis/style-rules/ide0055) [C:\UserWorx\VSWorx\ServoStudio\wpfui-servoStudio\samples\Wpf.Ui.servoStudio\servoStudio_wjhet5xd_wpftmp.csproj]
C:\UserWorx\VSWorx\ServoStudio\wpfui-servoStudio\samples\Wpf.Ui.servoStudio\Models\Device.cs(12,30): warning IDE0055: 淇鏍煎紡 (https://learn.microsoft.com/dotnet/fundamentals/code-analysis/style-rules/ide0055) [C:\UserWorx\VSWorx\ServoStudio\wpfui-servoStudio\samples\Wpf.Ui.servoStudio\servoStudio_wjhet5xd_wpftmp.csproj]
C:\UserWorx\VSWorx\ServoStudio\wpfui-servoStudio\samples\Wpf.Ui.servoStudio\Models\Device.cs(12,32): warning IDE0055: 淇鏍煎紡 (https://learn.microsoft.com/dotnet/fundamentals/code-analysis/style-rules/ide0055) [C:\UserWorx\VSWorx\ServoStudio\wpfui-servoStudio\samples\Wpf.Ui.servoStudio\servoStudio_wjhet5xd_wpftmp.csproj]
C:\UserWorx\VSWorx\ServoStudio\wpfui-servoStudio\samples\Wpf.Ui.servoStudio\Models\Device.cs(12,42): warning IDE0055: 淇鏍煎紡 (https://learn.microsoft.com/dotnet/fundamentals/code-analysis/style-rules/ide0055) [C:\UserWorx\VSWorx\ServoStudio\wpfui-servoStudio\samples\Wpf.Ui.servoStudio\servoStudio_wjhet5xd_wpftmp.csproj]
C:\UserWorx\VSWorx\ServoStudio\wpfui-servoStudio\samples\Wpf.Ui.servoStudio\Models\Device.cs(14,28): warning IDE0055: 淇鏍煎紡 (https://learn.microsoft.com/dotnet/fundamentals/code-analysis/style-rules/ide0055) [C:\UserWorx\VSWorx\ServoStudio\wpfui-servoStudio\samples\Wpf.Ui.servoStudio\servoStudio_wjhet5xd_wpftmp.csproj]
C:\UserWorx\VSWorx\ServoStudio\wpfui-servoStudio\samples\Wpf.Ui.servoStudio\Models\Device.cs(14,30): warning IDE0055: 淇鏍煎紡 (https://learn.microsoft.com/dotnet/fundamentals/code-analysis/style-rules/ide0055) [C:\UserWorx\VSWorx\ServoStudio\wpfui-servoStudio\samples\Wpf.Ui.servoStudio\servoStudio_wjhet5xd_wpftmp.csproj]
C:\UserWorx\VSWorx\ServoStudio\wpfui-servoStudio\samples\Wpf.Ui.servoStudio\Models\Device.cs(14,40): warning IDE0055: 淇鏍煎紡 (https://learn.microsoft.com/dotnet/fundamentals/code-analysis/style-rules/ide0055) [C:\UserWorx\VSWorx\ServoStudio\wpfui-servoStudio\samples\Wpf.Ui.servoStudio\servoStudio_wjhet5xd_wpftmp.csproj]
C:\UserWorx\VSWorx\ServoStudio\wpfui-servoStudio\samples\Wpf.Ui.servoStudio\Models\Device.cs(16,27): warning IDE0055: 淇鏍煎紡 (https://learn.microsoft.com/dotnet/fundamentals/code-analysis/style-rules/ide0055) [C:\UserWorx\VSWorx\ServoStudio\wpfui-servoStudio\samples\Wpf.Ui.servoStudio\servoStudio_wjhet5xd_wpftmp.csproj]
C:\UserWorx\VSWorx\ServoStudio\wpfui-servoStudio\samples\Wpf.Ui.servoStudio\Models\Device.cs(16,29): warning IDE0055: 淇鏍煎紡 (https://learn.microsoft.com/dotnet/fundamentals/code-analysis/style-rules/ide0055) [C:\UserWorx\VSWorx\ServoStudio\wpfui-servoStudio\samples\Wpf.Ui.servoStudio\servoStudio_wjhet5xd_wpftmp.csproj]
C:\UserWorx\VSWorx\ServoStudio\wpfui-servoStudio\samples\Wpf.Ui.servoStudio\Models\Device.cs(16,39): warning IDE0055: 淇鏍煎紡 (https://learn.microsoft.com/dotnet/fundamentals/code-analysis/style-rules/ide0055) [C:\UserWorx\VSWorx\ServoStudio\wpfui-servoStudio\samples\Wpf.Ui.servoStudio\servoStudio_wjhet5xd_wpftmp.csproj]
C:\UserWorx\VSWorx\ServoStudio\wpfui-servoStudio\samples\Wpf.Ui.servoStudio\Models\FactoryParameters.cs(68,29): warning IDE0055: 淇鏍煎紡 (https://learn.microsoft.com/dotnet/fundamentals/code-analysis/style-rules/ide0055) [C:\UserWorx\VSWorx\ServoStudio\wpfui-servoStudio\samples\Wpf.Ui.servoStudio\servoStudio_wjhet5xd_wpftmp.csproj]
C:\UserWorx\VSWorx\ServoStudio\wpfui-servoStudio\samples\Wpf.Ui.servoStudio\Models\FactoryParameters.cs(68,31): warning IDE0055: 淇鏍煎紡 (https://learn.microsoft.com/dotnet/fundamentals/code-analysis/style-rules/ide0055) [C:\UserWorx\VSWorx\ServoStudio\wpfui-servoStudio\samples\Wpf.Ui.servoStudio\servoStudio_wjhet5xd_wpftmp.csproj]
C:\UserWorx\VSWorx\ServoStudio\wpfui-servoStudio\samples\Wpf.Ui.servoStudio\Models\FactoryParameters.cs(68,41): warning IDE0055: 淇鏍煎紡 (https://learn.microsoft.com/dotnet/fundamentals/code-analysis/style-rules/ide0055) [C:\UserWorx\VSWorx\ServoStudio\wpfui-servoStudio\samples\Wpf.Ui.servoStudio\servoStudio_wjhet5xd_wpftmp.csproj]
C:\UserWorx\VSWorx\ServoStudio\wpfui-servoStudio\samples\Wpf.Ui.servoStudio\Models\FactoryParameters.cs(160,27): warning IDE0055: 淇鏍煎紡 (https://learn.microsoft.com/dotnet/fundamentals/code-analysis/style-rules/ide0055) [C:\UserWorx\VSWorx\ServoStudio\wpfui-servoStudio\samples\Wpf.Ui.servoStudio\servoStudio_wjhet5xd_wpftmp.csproj]
C:\UserWorx\VSWorx\ServoStudio\wpfui-servoStudio\samples\Wpf.Ui.servoStudio\Models\FactoryParameters.cs(160,29): warning IDE0055: 淇鏍煎紡 (https://learn.microsoft.com/dotnet/fundamentals/code-analysis/style-rules/ide0055) [C:\UserWorx\VSWorx\ServoStudio\wpfui-servoStudio\samples\Wpf.Ui.servoStudio\servoStudio_wjhet5xd_wpftmp.csproj]
C:\UserWorx\VSWorx\ServoStudio\wpfui-servoStudio\samples\Wpf.Ui.servoStudio\Models\FactoryParameters.cs(160,34): warning IDE0055: 淇鏍煎紡 (https://learn.microsoft.com/dotnet/fundamentals/code-analysis/style-rules/ide0055) [C:\UserWorx\VSWorx\ServoStudio\wpfui-servoStudio\samples\Wpf.Ui.servoStudio\servoStudio_wjhet5xd_wpftmp.csproj]
C:\UserWorx\VSWorx\ServoStudio\wpfui-servoStudio\samples\Wpf.Ui.servoStudio\Models\FactoryParameters.cs(166,29): warning IDE0055: 淇鏍煎紡 (https://learn.microsoft.com/dotnet/fundamentals/code-analysis/style-rules/ide0055) [C:\UserWorx\VSWorx\ServoStudio\wpfui-servoStudio\samples\Wpf.Ui.servoStudio\servoStudio_wjhet5xd_wpftmp.csproj]
C:\UserWorx\VSWorx\ServoStudio\wpfui-servoStudio\samples\Wpf.Ui.servoStudio\Models\FactoryParameters.cs(166,31): warning IDE0055: 淇鏍煎紡 (https://learn.microsoft.com/dotnet/fundamentals/code-analysis/style-rules/ide0055) [C:\UserWorx\VSWorx\ServoStudio\wpfui-servoStudio\samples\Wpf.Ui.servoStudio\servoStudio_wjhet5xd_wpftmp.csproj]
C:\UserWorx\VSWorx\ServoStudio\wpfui-servoStudio\samples\Wpf.Ui.servoStudio\Models\FactoryParameters.cs(166,41): warning IDE0055: 淇鏍煎紡 (https://learn.microsoft.com/dotnet/fundamentals/code-analysis/style-rules/ide0055) [C:\UserWorx\VSWorx\ServoStudio\wpfui-servoStudio\samples\Wpf.Ui.servoStudio\servoStudio_wjhet5xd_wpftmp.csproj]
C:\UserWorx\VSWorx\ServoStudio\wpfui-servoStudio\samples\Wpf.Ui.servoStudio\Models\FactoryParameters.cs(168,29): warning IDE0055: 淇鏍煎紡 (https://learn.microsoft.com/dotnet/fundamentals/code-analysis/style-rules/ide0055) [C:\UserWorx\VSWorx\ServoStudio\wpfui-servoStudio\samples\Wpf.Ui.servoStudio\servoStudio_wjhet5xd_wpftmp.csproj]
C:\UserWorx\VSWorx\ServoStudio\wpfui-servoStudio\samples\Wpf.Ui.servoStudio\Models\FactoryParameters.cs(168,31): warning IDE0055: 淇鏍煎紡 (https://learn.microsoft.com/dotnet/fundamentals/code-analysis/style-rules/ide0055) [C:\UserWorx\VSWorx\ServoStudio\wpfui-servoStudio\samples\Wpf.Ui.servoStudio\servoStudio_wjhet5xd_wpftmp.csproj]
C:\UserWorx\VSWorx\ServoStudio\wpfui-servoStudio\samples\Wpf.Ui.servoStudio\Models\FactoryParameters.cs(168,41): warning IDE0055: 淇鏍煎紡 (https://learn.microsoft.com/dotnet/fundamentals/code-analysis/style-rules/ide0055) [C:\UserWorx\VSWorx\ServoStudio\wpfui-servoStudio\samples\Wpf.Ui.servoStudio\servoStudio_wjhet5xd_wpftmp.csproj]
C:\UserWorx\VSWorx\ServoStudio\wpfui-servoStudio\samples\Wpf.Ui.servoStudio\Models\FrameFormat.cs(103,29): warning IDE0055: 淇鏍煎紡 (https://learn.microsoft.com/dotnet/fundamentals/code-analysis/style-rules/ide0055) [C:\UserWorx\VSWorx\ServoStudio\wpfui-servoStudio\samples\Wpf.Ui.servoStudio\servoStudio_wjhet5xd_wpftmp.csproj]
C:\UserWorx\VSWorx\ServoStudio\wpfui-servoStudio\samples\Wpf.Ui.servoStudio\Models\FrameFormat.cs(103,31): warning IDE0055: 淇鏍煎紡 (https://learn.microsoft.com/dotnet/fundamentals/code-analysis/style-rules/ide0055) [C:\UserWorx\VSWorx\ServoStudio\wpfui-servoStudio\samples\Wpf.Ui.servoStudio\servoStudio_wjhet5xd_wpftmp.csproj]
C:\UserWorx\VSWorx\ServoStudio\wpfui-servoStudio\samples\Wpf.Ui.servoStudio\Models\FrameFormat.cs(131,41): warning IDE0055: 淇鏍煎紡 (https://learn.microsoft.com/dotnet/fundamentals/code-analysis/style-rules/ide0055) [C:\UserWorx\VSWorx\ServoStudio\wpfui-servoStudio\samples\Wpf.Ui.servoStudio\servoStudio_wjhet5xd_wpftmp.csproj]
C:\UserWorx\VSWorx\ServoStudio\wpfui-servoStudio\samples\Wpf.Ui.servoStudio\Models\FrameFormat.cs(149,25): warning IDE0055: 淇鏍煎紡 (https://learn.microsoft.com/dotnet/fundamentals/code-analysis/style-rules/ide0055) [C:\UserWorx\VSWorx\ServoStudio\wpfui-servoStudio\samples\Wpf.Ui.servoStudio\servoStudio_wjhet5xd_wpftmp.csproj]
C:\UserWorx\VSWorx\ServoStudio\wpfui-servoStudio\samples\Wpf.Ui.servoStudio\Models\FrameFormat.cs(156,27): warning IDE0055: 淇鏍煎紡 (https://learn.microsoft.com/dotnet/fundamentals/code-analysis/style-rules/ide0055) [C:\UserWorx\VSWorx\ServoStudio\wpfui-servoStudio\samples\Wpf.Ui.servoStudio\servoStudio_wjhet5xd_wpftmp.csproj]
C:\UserWorx\VSWorx\ServoStudio\wpfui-servoStudio\samples\Wpf.Ui.servoStudio\Models\FrameFormat.cs(207,49): warning IDE0055: 淇鏍煎紡 (https://learn.microsoft.com/dotnet/fundamentals/code-analysis/style-rules/ide0055) [C:\UserWorx\VSWorx\ServoStudio\wpfui-servoStudio\samples\Wpf.Ui.servoStudio\servoStudio_wjhet5xd_wpftmp.csproj]
C:\UserWorx\VSWorx\ServoStudio\wpfui-servoStudio\samples\Wpf.Ui.servoStudio\Models\FrameFormat.cs(253,51): warning IDE0055: 淇鏍煎紡 (https://learn.microsoft.com/dotnet/fundamentals/code-analysis/style-rules/ide0055) [C:\UserWorx\VSWorx\ServoStudio\wpfui-servoStudio\samples\Wpf.Ui.servoStudio\servoStudio_wjhet5xd_wpftmp.csproj]
C:\UserWorx\VSWorx\ServoStudio\wpfui-servoStudio\samples\Wpf.Ui.servoStudio\Models\FrameFormat.cs(256,29): warning IDE0055: 淇鏍煎紡 (https://learn.microsoft.com/dotnet/fundamentals/code-analysis/style-rules/ide0055) [C:\UserWorx\VSWorx\ServoStudio\wpfui-servoStudio\samples\Wpf.Ui.servoStudio\servoStudio_wjhet5xd_wpftmp.csproj]
C:\UserWorx\VSWorx\ServoStudio\wpfui-servoStudio\samples\Wpf.Ui.servoStudio\Models\FrameFormat.cs(261,50): warning IDE0055: 淇鏍煎紡 (https://learn.microsoft.com/dotnet/fundamentals/code-analysis/style-rules/ide0055) [C:\UserWorx\VSWorx\ServoStudio\wpfui-servoStudio\samples\Wpf.Ui.servoStudio\servoStudio_wjhet5xd_wpftmp.csproj]
C:\UserWorx\VSWorx\ServoStudio\wpfui-servoStudio\samples\Wpf.Ui.servoStudio\Models\FrameFormat.cs(262,51): warning IDE0055: 淇鏍煎紡 (https://learn.microsoft.com/dotnet/fundamentals/code-analysis/style-rules/ide0055) [C:\UserWorx\VSWorx\ServoStudio\wpfui-servoStudio\samples\Wpf.Ui.servoStudio\servoStudio_wjhet5xd_wpftmp.csproj]
C:\UserWorx\VSWorx\ServoStudio\wpfui-servoStudio\samples\Wpf.Ui.servoStudio\Models\FrameFormat.cs(445,43): warning IDE0055: 淇鏍煎紡 (https://learn.microsoft.com/dotnet/fundamentals/code-analysis/style-rules/ide0055) [C:\UserWorx\VSWorx\ServoStudio\wpfui-servoStudio\samples\Wpf.Ui.servoStudio\servoStudio_wjhet5xd_wpftmp.csproj]
C:\UserWorx\VSWorx\ServoStudio\wpfui-servoStudio\samples\Wpf.Ui.servoStudio\Models\FrameFormat.cs(445,45): warning IDE0055: 淇鏍煎紡 (https://learn.microsoft.com/dotnet/fundamentals/code-analysis/style-rules/ide0055) [C:\UserWorx\VSWorx\ServoStudio\wpfui-servoStudio\samples\Wpf.Ui.servoStudio\servoStudio_wjhet5xd_wpftmp.csproj]
C:\UserWorx\VSWorx\ServoStudio\wpfui-servoStudio\samples\Wpf.Ui.servoStudio\Models\FrameFormat.cs(445,50): warning IDE0055: 淇鏍煎紡 (https://learn.microsoft.com/dotnet/fundamentals/code-analysis/style-rules/ide0055) [C:\UserWorx\VSWorx\ServoStudio\wpfui-servoStudio\samples\Wpf.Ui.servoStudio\servoStudio_wjhet5xd_wpftmp.csproj]
C:\UserWorx\VSWorx\ServoStudio\wpfui-servoStudio\samples\Wpf.Ui.servoStudio\Models\FrameFormat.cs(447,30): warning IDE0055: 淇鏍煎紡 (https://learn.microsoft.com/dotnet/fundamentals/code-analysis/style-rules/ide0055) [C:\UserWorx\VSWorx\ServoStudio\wpfui-servoStudio\samples\Wpf.Ui.servoStudio\servoStudio_wjhet5xd_wpftmp.csproj]
C:\UserWorx\VSWorx\ServoStudio\wpfui-servoStudio\samples\Wpf.Ui.servoStudio\Models\FrameFormat.cs(447,32): warning IDE0055: 淇鏍煎紡 (https://learn.microsoft.com/dotnet/fundamentals/code-analysis/style-rules/ide0055) [C:\UserWorx\VSWorx\ServoStudio\wpfui-servoStudio\samples\Wpf.Ui.servoStudio\servoStudio_wjhet5xd_wpftmp.csproj]
C:\UserWorx\VSWorx\ServoStudio\wpfui-servoStudio\samples\Wpf.Ui.servoStudio\Models\FrameFormat.cs(447,37): warning IDE0055: 淇鏍煎紡 (https://learn.microsoft.com/dotnet/fundamentals/code-analysis/style-rules/ide0055) [C:\UserWorx\VSWorx\ServoStudio\wpfui-servoStudio\samples\Wpf.Ui.servoStudio\servoStudio_wjhet5xd_wpftmp.csproj]
C:\UserWorx\VSWorx\ServoStudio\wpfui-servoStudio\samples\Wpf.Ui.servoStudio\Models\FrameFormat.cs(463,43): warning IDE0055: 淇鏍煎紡 (https://learn.microsoft.com/dotnet/fundamentals/code-analysis/style-rules/ide0055) [C:\UserWorx\VSWorx\ServoStudio\wpfui-servoStudio\samples\Wpf.Ui.servoStudio\servoStudio_wjhet5xd_wpftmp.csproj]
C:\UserWorx\VSWorx\ServoStudio\wpfui-servoStudio\samples\Wpf.Ui.servoStudio\Models\FrameFormat.cs(463,45): warning IDE0055: 淇鏍煎紡 (https://learn.microsoft.com/dotnet/fundamentals/code-analysis/style-rules/ide0055) [C:\UserWorx\VSWorx\ServoStudio\wpfui-servoStudio\samples\Wpf.Ui.servoStudio\servoStudio_wjhet5xd_wpftmp.csproj]
C:\UserWorx\VSWorx\ServoStudio\wpfui-servoStudio\samples\Wpf.Ui.servoStudio\Models\FrameFormat.cs(463,50): warning IDE0055: 淇鏍煎紡 (https://learn.microsoft.com/dotnet/fundamentals/code-analysis/style-rules/ide0055) [C:\UserWorx\VSWorx\ServoStudio\wpfui-servoStudio\samples\Wpf.Ui.servoStudio\servoStudio_wjhet5xd_wpftmp.csproj]
C:\UserWorx\VSWorx\ServoStudio\wpfui-servoStudio\samples\Wpf.Ui.servoStudio\Models\FrameFormat.cs(143,9): warning IDE2003: 鍧椾笌鍚庣画璇彞涔嬮棿闇€瑕佹湁绌虹櫧琛?(https://learn.microsoft.com/dotnet/fundamentals/code-analysis/style-rules/ide2003) [C:\UserWorx\VSWorx\ServoStudio\wpfui-servoStudio\samples\Wpf.Ui.servoStudio\servoStudio_wjhet5xd_wpftmp.csproj]
C:\UserWorx\VSWorx\ServoStudio\wpfui-servoStudio\samples\Wpf.Ui.servoStudio\Models\HardwareController.cs(41,27): warning IDE0055: 淇鏍煎紡 (https://learn.microsoft.com/dotnet/fundamentals/code-analysis/style-rules/ide0055) [C:\UserWorx\VSWorx\ServoStudio\wpfui-servoStudio\samples\Wpf.Ui.servoStudio\servoStudio_wjhet5xd_wpftmp.csproj]
C:\UserWorx\VSWorx\ServoStudio\wpfui-servoStudio\samples\Wpf.Ui.servoStudio\Models\HardwareController.cs(41,29): warning IDE0055: 淇鏍煎紡 (https://learn.microsoft.com/dotnet/fundamentals/code-analysis/style-rules/ide0055) [C:\UserWorx\VSWorx\ServoStudio\wpfui-servoStudio\samples\Wpf.Ui.servoStudio\servoStudio_wjhet5xd_wpftmp.csproj]
C:\UserWorx\VSWorx\ServoStudio\wpfui-servoStudio\samples\Wpf.Ui.servoStudio\Models\HardwareController.cs(41,39): warning IDE0055: 淇鏍煎紡 (https://learn.microsoft.com/dotnet/fundamentals/code-analysis/style-rules/ide0055) [C:\UserWorx\VSWorx\ServoStudio\wpfui-servoStudio\samples\Wpf.Ui.servoStudio\servoStudio_wjhet5xd_wpftmp.csproj]
C:\UserWorx\VSWorx\ServoStudio\wpfui-servoStudio\samples\Wpf.Ui.servoStudio\Models\HardwareController.cs(44,27): warning IDE0055: 淇鏍煎紡 (https://learn.microsoft.com/dotnet/fundamentals/code-analysis/style-rules/ide0055) [C:\UserWorx\VSWorx\ServoStudio\wpfui-servoStudio\samples\Wpf.Ui.servoStudio\servoStudio_wjhet5xd_wpftmp.csproj]
C:\UserWorx\VSWorx\ServoStudio\wpfui-servoStudio\samples\Wpf.Ui.servoStudio\Models\HardwareController.cs(44,29): warning IDE0055: 淇鏍煎紡 (https://learn.microsoft.com/dotnet/fundamentals/code-analysis/style-rules/ide0055) [C:\UserWorx\VSWorx\ServoStudio\wpfui-servoStudio\samples\Wpf.Ui.servoStudio\servoStudio_wjhet5xd_wpftmp.csproj]
C:\UserWorx\VSWorx\ServoStudio\wpfui-servoStudio\samples\Wpf.Ui.servoStudio\Models\HardwareController.cs(44,39): warning IDE0055: 淇鏍煎紡 (https://learn.microsoft.com/dotnet/fundamentals/code-analysis/style-rules/ide0055) [C:\UserWorx\VSWorx\ServoStudio\wpfui-servoStudio\samples\Wpf.Ui.servoStudio\servoStudio_wjhet5xd_wpftmp.csproj]
C:\UserWorx\VSWorx\ServoStudio\wpfui-servoStudio\samples\Wpf.Ui.servoStudio\Models\HardwareController.cs(47,28): warning IDE0055: 淇鏍煎紡 (https://learn.microsoft.com/dotnet/fundamentals/code-analysis/style-rules/ide0055) [C:\UserWorx\VSWorx\ServoStudio\wpfui-servoStudio\samples\Wpf.Ui.servoStudio\servoStudio_wjhet5xd_wpftmp.csproj]
C:\UserWorx\VSWorx\ServoStudio\wpfui-servoStudio\samples\Wpf.Ui.servoStudio\Models\HardwareController.cs(47,30): warning IDE0055: 淇鏍煎紡 (https://learn.microsoft.com/dotnet/fundamentals/code-analysis/style-rules/ide0055) [C:\UserWorx\VSWorx\ServoStudio\wpfui-servoStudio\samples\Wpf.Ui.servoStudio\servoStudio_wjhet5xd_wpftmp.csproj]
C:\UserWorx\VSWorx\ServoStudio\wpfui-servoStudio\samples\Wpf.Ui.servoStudio\Models\HardwareController.cs(47,40): warning IDE0055: 淇鏍煎紡 (https://learn.microsoft.com/dotnet/fundamentals/code-analysis/style-rules/ide0055) [C:\UserWorx\VSWorx\ServoStudio\wpfui-servoStudio\samples\Wpf.Ui.servoStudio\servoStudio_wjhet5xd_wpftmp.csproj]
C:\UserWorx\VSWorx\ServoStudio\wpfui-servoStudio\samples\Wpf.Ui.servoStudio\Models\HardwareController.cs(89,12): warning IDE0055: 淇鏍煎紡 (https://learn.microsoft.com/dotnet/fundamentals/code-analysis/style-rules/ide0055) [C:\UserWorx\VSWorx\ServoStudio\wpfui-servoStudio\samples\Wpf.Ui.servoStudio\servoStudio_wjhet5xd_wpftmp.csproj]
C:\UserWorx\VSWorx\ServoStudio\wpfui-servoStudio\samples\Wpf.Ui.servoStudio\Models\HardwareController.cs(89,14): warning IDE0055: 淇鏍煎紡 (https://learn.microsoft.com/dotnet/fundamentals/code-analysis/style-rules/ide0055) [C:\UserWorx\VSWorx\ServoStudio\wpfui-servoStudio\samples\Wpf.Ui.servoStudio\servoStudio_wjhet5xd_wpftmp.csproj]
C:\UserWorx\VSWorx\ServoStudio\wpfui-servoStudio\samples\Wpf.Ui.servoStudio\Models\HardwareController.cs(89,38): warning IDE0055: 淇鏍煎紡 (https://learn.microsoft.com/dotnet/fundamentals/code-analysis/style-rules/ide0055) [C:\UserWorx\VSWorx\ServoStudio\wpfui-servoStudio\samples\Wpf.Ui.servoStudio\servoStudio_wjhet5xd_wpftmp.csproj]
C:\UserWorx\VSWorx\ServoStudio\wpfui-servoStudio\samples\Wpf.Ui.servoStudio\Models\HardwareController.cs(89,59): warning IDE0055: 淇鏍煎紡 (https://learn.microsoft.com/dotnet/fundamentals/code-analysis/style-rules/ide0055) [C:\UserWorx\VSWorx\ServoStudio\wpfui-servoStudio\samples\Wpf.Ui.servoStudio\servoStudio_wjhet5xd_wpftmp.csproj]
C:\UserWorx\VSWorx\ServoStudio\wpfui-servoStudio\samples\Wpf.Ui.servoStudio\Models\HardwareController.cs(97,12): warning IDE0055: 淇鏍煎紡 (https://learn.microsoft.com/dotnet/fundamentals/code-analysis/style-rules/ide0055) [C:\UserWorx\VSWorx\ServoStudio\wpfui-servoStudio\samples\Wpf.Ui.servoStudio\servoStudio_wjhet5xd_wpftmp.csproj]
C:\UserWorx\VSWorx\ServoStudio\wpfui-servoStudio\samples\Wpf.Ui.servoStudio\Models\HardwareController.cs(97,14): warning IDE0055: 淇鏍煎紡 (https://learn.microsoft.com/dotnet/fundamentals/code-analysis/style-rules/ide0055) [C:\UserWorx\VSWorx\ServoStudio\wpfui-servoStudio\samples\Wpf.Ui.servoStudio\servoStudio_wjhet5xd_wpftmp.csproj]
C:\UserWorx\VSWorx\ServoStudio\wpfui-servoStudio\samples\Wpf.Ui.servoStudio\Models\HardwareController.cs(97,35): warning IDE0055: 淇鏍煎紡 (https://learn.microsoft.com/dotnet/fundamentals/code-analysis/style-rules/ide0055) [C:\UserWorx\VSWorx\ServoStudio\wpfui-servoStudio\samples\Wpf.Ui.servoStudio\servoStudio_wjhet5xd_wpftmp.csproj]
C:\UserWorx\VSWorx\ServoStudio\wpfui-servoStudio\samples\Wpf.Ui.servoStudio\Models\HardwareController.cs(97,56): warning IDE0055: 淇鏍煎紡 (https://learn.microsoft.com/dotnet/fundamentals/code-analysis/style-rules/ide0055) [C:\UserWorx\VSWorx\ServoStudio\wpfui-servoStudio\samples\Wpf.Ui.servoStudio\servoStudio_wjhet5xd_wpftmp.csproj]
C:\UserWorx\VSWorx\ServoStudio\wpfui-servoStudio\samples\Wpf.Ui.servoStudio\Models\HexConvert.cs(18,26): warning IDE0055: 淇鏍煎紡 (https://learn.microsoft.com/dotnet/fundamentals/code-analysis/style-rules/ide0055) [C:\UserWorx\VSWorx\ServoStudio\wpfui-servoStudio\samples\Wpf.Ui.servoStudio\servoStudio_wjhet5xd_wpftmp.csproj]
C:\UserWorx\VSWorx\ServoStudio\wpfui-servoStudio\samples\Wpf.Ui.servoStudio\Models\HexConvert.cs(19,26): warning IDE0055: 淇鏍煎紡 (https://learn.microsoft.com/dotnet/fundamentals/code-analysis/style-rules/ide0055) [C:\UserWorx\VSWorx\ServoStudio\wpfui-servoStudio\samples\Wpf.Ui.servoStudio\servoStudio_wjhet5xd_wpftmp.csproj]
C:\UserWorx\VSWorx\ServoStudio\wpfui-servoStudio\samples\Wpf.Ui.servoStudio\Models\HexConvert.cs(19,46): warning IDE0055: 淇鏍煎紡 (https://learn.microsoft.com/dotnet/fundamentals/code-analysis/style-rules/ide0055) [C:\UserWorx\VSWorx\ServoStudio\wpfui-servoStudio\samples\Wpf.Ui.servoStudio\servoStudio_wjhet5xd_wpftmp.csproj]
C:\UserWorx\VSWorx\ServoStudio\wpfui-servoStudio\samples\Wpf.Ui.servoStudio\Models\HexConvert.cs(20,26): warning IDE0055: 淇鏍煎紡 (https://learn.microsoft.com/dotnet/fundamentals/code-analysis/style-rules/ide0055) [C:\UserWorx\VSWorx\ServoStudio\wpfui-servoStudio\samples\Wpf.Ui.servoStudio\servoStudio_wjhet5xd_wpftmp.csproj]
C:\UserWorx\VSWorx\ServoStudio\wpfui-servoStudio\samples\Wpf.Ui.servoStudio\Models\HexConvert.cs(20,46): warning IDE0055: 淇鏍煎紡 (https://learn.microsoft.com/dotnet/fundamentals/code-analysis/style-rules/ide0055) [C:\UserWorx\VSWorx\ServoStudio\wpfui-servoStudio\samples\Wpf.Ui.servoStudio\servoStudio_wjhet5xd_wpftmp.csproj]
C:\UserWorx\VSWorx\ServoStudio\wpfui-servoStudio\samples\Wpf.Ui.servoStudio\Models\HexConvert.cs(21,26): warning IDE0055: 淇鏍煎紡 (https://learn.microsoft.com/dotnet/fundamentals/code-analysis/style-rules/ide0055) [C:\UserWorx\VSWorx\ServoStudio\wpfui-servoStudio\samples\Wpf.Ui.servoStudio\servoStudio_wjhet5xd_wpftmp.csproj]
C:\UserWorx\VSWorx\ServoStudio\wpfui-servoStudio\samples\Wpf.Ui.servoStudio\Models\HexConvert.cs(21,46): warning IDE0055: 淇鏍煎紡 (https://learn.microsoft.com/dotnet/fundamentals/code-analysis/style-rules/ide0055) [C:\UserWorx\VSWorx\ServoStudio\wpfui-servoStudio\samples\Wpf.Ui.servoStudio\servoStudio_wjhet5xd_wpftmp.csproj]
C:\UserWorx\VSWorx\ServoStudio\wpfui-servoStudio\samples\Wpf.Ui.servoStudio\Models\HexConvert.cs(22,26): warning IDE0055: 淇鏍煎紡 (https://learn.microsoft.com/dotnet/fundamentals/code-analysis/style-rules/ide0055) [C:\UserWorx\VSWorx\ServoStudio\wpfui-servoStudio\samples\Wpf.Ui.servoStudio\servoStudio_wjhet5xd_wpftmp.csproj]
C:\UserWorx\VSWorx\ServoStudio\wpfui-servoStudio\samples\Wpf.Ui.servoStudio\Models\HexConvert.cs(22,46): warning IDE0055: 淇鏍煎紡 (https://learn.microsoft.com/dotnet/fundamentals/code-analysis/style-rules/ide0055) [C:\UserWorx\VSWorx\ServoStudio\wpfui-servoStudio\samples\Wpf.Ui.servoStudio\servoStudio_wjhet5xd_wpftmp.csproj]
C:\UserWorx\VSWorx\ServoStudio\wpfui-servoStudio\samples\Wpf.Ui.servoStudio\Models\HexConvert.cs(23,26): warning IDE0055: 淇鏍煎紡 (https://learn.microsoft.com/dotnet/fundamentals/code-analysis/style-rules/ide0055) [C:\UserWorx\VSWorx\ServoStudio\wpfui-servoStudio\samples\Wpf.Ui.servoStudio\servoStudio_wjhet5xd_wpftmp.csproj]
C:\UserWorx\VSWorx\ServoStudio\wpfui-servoStudio\samples\Wpf.Ui.servoStudio\Models\HexConvert.cs(23,46): warning IDE0055: 淇鏍煎紡 (https://learn.microsoft.com/dotnet/fundamentals/code-analysis/style-rules/ide0055) [C:\UserWorx\VSWorx\ServoStudio\wpfui-servoStudio\samples\Wpf.Ui.servoStudio\servoStudio_wjhet5xd_wpftmp.csproj]
C:\UserWorx\VSWorx\ServoStudio\wpfui-servoStudio\samples\Wpf.Ui.servoStudio\Models\HexConvert.cs(24,26): warning IDE0055: 淇鏍煎紡 (https://learn.microsoft.com/dotnet/fundamentals/code-analysis/style-rules/ide0055) [C:\UserWorx\VSWorx\ServoStudio\wpfui-servoStudio\samples\Wpf.Ui.servoStudio\servoStudio_wjhet5xd_wpftmp.csproj]
C:\UserWorx\VSWorx\ServoStudio\wpfui-servoStudio\samples\Wpf.Ui.servoStudio\Models\HexConvert.cs(24,46): warning IDE0055: 淇鏍煎紡 (https://learn.microsoft.com/dotnet/fundamentals/code-analysis/style-rules/ide0055) [C:\UserWorx\VSWorx\ServoStudio\wpfui-servoStudio\samples\Wpf.Ui.servoStudio\servoStudio_wjhet5xd_wpftmp.csproj]
C:\UserWorx\VSWorx\ServoStudio\wpfui-servoStudio\samples\Wpf.Ui.servoStudio\Models\HexConvert.cs(25,26): warning IDE0055: 淇鏍煎紡 (https://learn.microsoft.com/dotnet/fundamentals/code-analysis/style-rules/ide0055) [C:\UserWorx\VSWorx\ServoStudio\wpfui-servoStudio\samples\Wpf.Ui.servoStudio\servoStudio_wjhet5xd_wpftmp.csproj]
C:\UserWorx\VSWorx\ServoStudio\wpfui-servoStudio\samples\Wpf.Ui.servoStudio\Models\HexConvert.cs(25,46): warning IDE0055: 淇鏍煎紡 (https://learn.microsoft.com/dotnet/fundamentals/code-analysis/style-rules/ide0055) [C:\UserWorx\VSWorx\ServoStudio\wpfui-servoStudio\samples\Wpf.Ui.servoStudio\servoStudio_wjhet5xd_wpftmp.csproj]
C:\UserWorx\VSWorx\ServoStudio\wpfui-servoStudio\samples\Wpf.Ui.servoStudio\Models\HexConvert.cs(26,26): warning IDE0055: 淇鏍煎紡 (https://learn.microsoft.com/dotnet/fundamentals/code-analysis/style-rules/ide0055) [C:\UserWorx\VSWorx\ServoStudio\wpfui-servoStudio\samples\Wpf.Ui.servoStudio\servoStudio_wjhet5xd_wpftmp.csproj]
C:\UserWorx\VSWorx\ServoStudio\wpfui-servoStudio\samples\Wpf.Ui.servoStudio\Models\HexConvert.cs(26,46): warning IDE0055: 淇鏍煎紡 (https://learn.microsoft.com/dotnet/fundamentals/code-analysis/style-rules/ide0055) [C:\UserWorx\VSWorx\ServoStudio\wpfui-servoStudio\samples\Wpf.Ui.servoStudio\servoStudio_wjhet5xd_wpftmp.csproj]
C:\UserWorx\VSWorx\ServoStudio\wpfui-servoStudio\samples\Wpf.Ui.servoStudio\Models\HexConvert.cs(27,26): warning IDE0055: 淇鏍煎紡 (https://learn.microsoft.com/dotnet/fundamentals/code-analysis/style-rules/ide0055) [C:\UserWorx\VSWorx\ServoStudio\wpfui-servoStudio\samples\Wpf.Ui.servoStudio\servoStudio_wjhet5xd_wpftmp.csproj]
C:\UserWorx\VSWorx\ServoStudio\wpfui-servoStudio\samples\Wpf.Ui.servoStudio\Models\HexConvert.cs(27,46): warning IDE0055: 淇鏍煎紡 (https://learn.microsoft.com/dotnet/fundamentals/code-analysis/style-rules/ide0055) [C:\UserWorx\VSWorx\ServoStudio\wpfui-servoStudio\samples\Wpf.Ui.servoStudio\servoStudio_wjhet5xd_wpftmp.csproj]
C:\UserWorx\VSWorx\ServoStudio\wpfui-servoStudio\samples\Wpf.Ui.servoStudio\Models\HexConvert.cs(28,26): warning IDE0055: 淇鏍煎紡 (https://learn.microsoft.com/dotnet/fundamentals/code-analysis/style-rules/ide0055) [C:\UserWorx\VSWorx\ServoStudio\wpfui-servoStudio\samples\Wpf.Ui.servoStudio\servoStudio_wjhet5xd_wpftmp.csproj]
C:\UserWorx\VSWorx\ServoStudio\wpfui-servoStudio\samples\Wpf.Ui.servoStudio\Models\HexConvert.cs(28,47): warning IDE0055: 淇鏍煎紡 (https://learn.microsoft.com/dotnet/fundamentals/code-analysis/style-rules/ide0055) [C:\UserWorx\VSWorx\ServoStudio\wpfui-servoStudio\samples\Wpf.Ui.servoStudio\servoStudio_wjhet5xd_wpftmp.csproj]
C:\UserWorx\VSWorx\ServoStudio\wpfui-servoStudio\samples\Wpf.Ui.servoStudio\Models\HexConvert.cs(29,26): warning IDE0055: 淇鏍煎紡 (https://learn.microsoft.com/dotnet/fundamentals/code-analysis/style-rules/ide0055) [C:\UserWorx\VSWorx\ServoStudio\wpfui-servoStudio\samples\Wpf.Ui.servoStudio\servoStudio_wjhet5xd_wpftmp.csproj]
C:\UserWorx\VSWorx\ServoStudio\wpfui-servoStudio\samples\Wpf.Ui.servoStudio\Models\HexConvert.cs(29,47): warning IDE0055: 淇鏍煎紡 (https://learn.microsoft.com/dotnet/fundamentals/code-analysis/style-rules/ide0055) [C:\UserWorx\VSWorx\ServoStudio\wpfui-servoStudio\samples\Wpf.Ui.servoStudio\servoStudio_wjhet5xd_wpftmp.csproj]
C:\UserWorx\VSWorx\ServoStudio\wpfui-servoStudio\samples\Wpf.Ui.servoStudio\Models\HexConvert.cs(30,26): warning IDE0055: 淇鏍煎紡 (https://learn.microsoft.com/dotnet/fundamentals/code-analysis/style-rules/ide0055) [C:\UserWorx\VSWorx\ServoStudio\wpfui-servoStudio\samples\Wpf.Ui.servoStudio\servoStudio_wjhet5xd_wpftmp.csproj]
C:\UserWorx\VSWorx\ServoStudio\wpfui-servoStudio\samples\Wpf.Ui.servoStudio\Models\HexConvert.cs(30,47): warning IDE0055: 淇鏍煎紡 (https://learn.microsoft.com/dotnet/fundamentals/code-analysis/style-rules/ide0055) [C:\UserWorx\VSWorx\ServoStudio\wpfui-servoStudio\samples\Wpf.Ui.servoStudio\servoStudio_wjhet5xd_wpftmp.csproj]
C:\UserWorx\VSWorx\ServoStudio\wpfui-servoStudio\samples\Wpf.Ui.servoStudio\Models\HexConvert.cs(31,26): warning IDE0055: 淇鏍煎紡 (https://learn.microsoft.com/dotnet/fundamentals/code-analysis/style-rules/ide0055) [C:\UserWorx\VSWorx\ServoStudio\wpfui-servoStudio\samples\Wpf.Ui.servoStudio\servoStudio_wjhet5xd_wpftmp.csproj]
C:\UserWorx\VSWorx\ServoStudio\wpfui-servoStudio\samples\Wpf.Ui.servoStudio\Models\HexConvert.cs(31,47): warning IDE0055: 淇鏍煎紡 (https://learn.microsoft.com/dotnet/fundamentals/code-analysis/style-rules/ide0055) [C:\UserWorx\VSWorx\ServoStudio\wpfui-servoStudio\samples\Wpf.Ui.servoStudio\servoStudio_wjhet5xd_wpftmp.csproj]
C:\UserWorx\VSWorx\ServoStudio\wpfui-servoStudio\samples\Wpf.Ui.servoStudio\Models\HexConvert.cs(32,26): warning IDE0055: 淇鏍煎紡 (https://learn.microsoft.com/dotnet/fundamentals/code-analysis/style-rules/ide0055) [C:\UserWorx\VSWorx\ServoStudio\wpfui-servoStudio\samples\Wpf.Ui.servoStudio\servoStudio_wjhet5xd_wpftmp.csproj]
C:\UserWorx\VSWorx\ServoStudio\wpfui-servoStudio\samples\Wpf.Ui.servoStudio\Models\HexConvert.cs(32,47): warning IDE0055: 淇鏍煎紡 (https://learn.microsoft.com/dotnet/fundamentals/code-analysis/style-rules/ide0055) [C:\UserWorx\VSWorx\ServoStudio\wpfui-servoStudio\samples\Wpf.Ui.servoStudio\servoStudio_wjhet5xd_wpftmp.csproj]
C:\UserWorx\VSWorx\ServoStudio\wpfui-servoStudio\samples\Wpf.Ui.servoStudio\Models\HexConvert.cs(33,26): warning IDE0055: 淇鏍煎紡 (https://learn.microsoft.com/dotnet/fundamentals/code-analysis/style-rules/ide0055) [C:\UserWorx\VSWorx\ServoStudio\wpfui-servoStudio\samples\Wpf.Ui.servoStudio\servoStudio_wjhet5xd_wpftmp.csproj]
C:\UserWorx\VSWorx\ServoStudio\wpfui-servoStudio\samples\Wpf.Ui.servoStudio\Models\HexConvert.cs(33,47): warning IDE0055: 淇鏍煎紡 (https://learn.microsoft.com/dotnet/fundamentals/code-analysis/style-rules/ide0055) [C:\UserWorx\VSWorx\ServoStudio\wpfui-servoStudio\samples\Wpf.Ui.servoStudio\servoStudio_wjhet5xd_wpftmp.csproj]
C:\UserWorx\VSWorx\ServoStudio\wpfui-servoStudio\samples\Wpf.Ui.servoStudio\Models\HexConvert.cs(49,26): warning IDE0055: 淇鏍煎紡 (https://learn.microsoft.com/dotnet/fundamentals/code-analysis/style-rules/ide0055) [C:\UserWorx\VSWorx\ServoStudio\wpfui-servoStudio\samples\Wpf.Ui.servoStudio\servoStudio_wjhet5xd_wpftmp.csproj]
C:\UserWorx\VSWorx\ServoStudio\wpfui-servoStudio\samples\Wpf.Ui.servoStudio\Models\HexConvert.cs(50,26): warning IDE0055: 淇鏍煎紡 (https://learn.microsoft.com/dotnet/fundamentals/code-analysis/style-rules/ide0055) [C:\UserWorx\VSWorx\ServoStudio\wpfui-servoStudio\samples\Wpf.Ui.servoStudio\servoStudio_wjhet5xd_wpftmp.csproj]
C:\UserWorx\VSWorx\ServoStudio\wpfui-servoStudio\samples\Wpf.Ui.servoStudio\Models\HexConvert.cs(50,46): warning IDE0055: 淇鏍煎紡 (https://learn.microsoft.com/dotnet/fundamentals/code-analysis/style-rules/ide0055) [C:\UserWorx\VSWorx\ServoStudio\wpfui-servoStudio\samples\Wpf.Ui.servoStudio\servoStudio_wjhet5xd_wpftmp.csproj]
C:\UserWorx\VSWorx\ServoStudio\wpfui-servoStudio\samples\Wpf.Ui.servoStudio\Models\HexConvert.cs(51,26): warning IDE0055: 淇鏍煎紡 (https://learn.microsoft.com/dotnet/fundamentals/code-analysis/style-rules/ide0055) [C:\UserWorx\VSWorx\ServoStudio\wpfui-servoStudio\samples\Wpf.Ui.servoStudio\servoStudio_wjhet5xd_wpftmp.csproj]
C:\UserWorx\VSWorx\ServoStudio\wpfui-servoStudio\samples\Wpf.Ui.servoStudio\Models\HexConvert.cs(51,46): warning IDE0055: 淇鏍煎紡 (https://learn.microsoft.com/dotnet/fundamentals/code-analysis/style-rules/ide0055) [C:\UserWorx\VSWorx\ServoStudio\wpfui-servoStudio\samples\Wpf.Ui.servoStudio\servoStudio_wjhet5xd_wpftmp.csproj]
C:\UserWorx\VSWorx\ServoStudio\wpfui-servoStudio\samples\Wpf.Ui.servoStudio\Models\HexConvert.cs(52,26): warning IDE0055: 淇鏍煎紡 (https://learn.microsoft.com/dotnet/fundamentals/code-analysis/style-rules/ide0055) [C:\UserWorx\VSWorx\ServoStudio\wpfui-servoStudio\samples\Wpf.Ui.servoStudio\servoStudio_wjhet5xd_wpftmp.csproj]
C:\UserWorx\VSWorx\ServoStudio\wpfui-servoStudio\samples\Wpf.Ui.servoStudio\Models\HexConvert.cs(52,46): warning IDE0055: 淇鏍煎紡 (https://learn.microsoft.com/dotnet/fundamentals/code-analysis/style-rules/ide0055) [C:\UserWorx\VSWorx\ServoStudio\wpfui-servoStudio\samples\Wpf.Ui.servoStudio\servoStudio_wjhet5xd_wpftmp.csproj]
C:\UserWorx\VSWorx\ServoStudio\wpfui-servoStudio\samples\Wpf.Ui.servoStudio\Models\HexConvert.cs(53,26): warning IDE0055: 淇鏍煎紡 (https://learn.microsoft.com/dotnet/fundamentals/code-analysis/style-rules/ide0055) [C:\UserWorx\VSWorx\ServoStudio\wpfui-servoStudio\samples\Wpf.Ui.servoStudio\servoStudio_wjhet5xd_wpftmp.csproj]
C:\UserWorx\VSWorx\ServoStudio\wpfui-servoStudio\samples\Wpf.Ui.servoStudio\Models\HexConvert.cs(53,46): warning IDE0055: 淇鏍煎紡 (https://learn.microsoft.com/dotnet/fundamentals/code-analysis/style-rules/ide0055) [C:\UserWorx\VSWorx\ServoStudio\wpfui-servoStudio\samples\Wpf.Ui.servoStudio\servoStudio_wjhet5xd_wpftmp.csproj]
C:\UserWorx\VSWorx\ServoStudio\wpfui-servoStudio\samples\Wpf.Ui.servoStudio\Models\HexConvert.cs(54,26): warning IDE0055: 淇鏍煎紡 (https://learn.microsoft.com/dotnet/fundamentals/code-analysis/style-rules/ide0055) [C:\UserWorx\VSWorx\ServoStudio\wpfui-servoStudio\samples\Wpf.Ui.servoStudio\servoStudio_wjhet5xd_wpftmp.csproj]
C:\UserWorx\VSWorx\ServoStudio\wpfui-servoStudio\samples\Wpf.Ui.servoStudio\Models\HexConvert.cs(54,46): warning IDE0055: 淇鏍煎紡 (https://learn.microsoft.com/dotnet/fundamentals/code-analysis/style-rules/ide0055) [C:\UserWorx\VSWorx\ServoStudio\wpfui-servoStudio\samples\Wpf.Ui.servoStudio\servoStudio_wjhet5xd_wpftmp.csproj]
C:\UserWorx\VSWorx\ServoStudio\wpfui-servoStudio\samples\Wpf.Ui.servoStudio\Models\HexConvert.cs(55,26): warning IDE0055: 淇鏍煎紡 (https://learn.microsoft.com/dotnet/fundamentals/code-analysis/style-rules/ide0055) [C:\UserWorx\VSWorx\ServoStudio\wpfui-servoStudio\samples\Wpf.Ui.servoStudio\servoStudio_wjhet5xd_wpftmp.csproj]
C:\UserWorx\VSWorx\ServoStudio\wpfui-servoStudio\samples\Wpf.Ui.servoStudio\Models\HexConvert.cs(55,46): warning IDE0055: 淇鏍煎紡 (https://learn.microsoft.com/dotnet/fundamentals/code-analysis/style-rules/ide0055) [C:\UserWorx\VSWorx\ServoStudio\wpfui-servoStudio\samples\Wpf.Ui.servoStudio\servoStudio_wjhet5xd_wpftmp.csproj]
C:\UserWorx\VSWorx\ServoStudio\wpfui-servoStudio\samples\Wpf.Ui.servoStudio\Models\HexConvert.cs(56,26): warning IDE0055: 淇鏍煎紡 (https://learn.microsoft.com/dotnet/fundamentals/code-analysis/style-rules/ide0055) [C:\UserWorx\VSWorx\ServoStudio\wpfui-servoStudio\samples\Wpf.Ui.servoStudio\servoStudio_wjhet5xd_wpftmp.csproj]
C:\UserWorx\VSWorx\ServoStudio\wpfui-servoStudio\samples\Wpf.Ui.servoStudio\Models\HexConvert.cs(56,46): warning IDE0055: 淇鏍煎紡 (https://learn.microsoft.com/dotnet/fundamentals/code-analysis/style-rules/ide0055) [C:\UserWorx\VSWorx\ServoStudio\wpfui-servoStudio\samples\Wpf.Ui.servoStudio\servoStudio_wjhet5xd_wpftmp.csproj]
C:\UserWorx\VSWorx\ServoStudio\wpfui-servoStudio\samples\Wpf.Ui.servoStudio\Models\HexConvert.cs(57,26): warning IDE0055: 淇鏍煎紡 (https://learn.microsoft.com/dotnet/fundamentals/code-analysis/style-rules/ide0055) [C:\UserWorx\VSWorx\ServoStudio\wpfui-servoStudio\samples\Wpf.Ui.servoStudio\servoStudio_wjhet5xd_wpftmp.csproj]
C:\UserWorx\VSWorx\ServoStudio\wpfui-servoStudio\samples\Wpf.Ui.servoStudio\Models\HexConvert.cs(57,46): warning IDE0055: 淇鏍煎紡 (https://learn.microsoft.com/dotnet/fundamentals/code-analysis/style-rules/ide0055) [C:\UserWorx\VSWorx\ServoStudio\wpfui-servoStudio\samples\Wpf.Ui.servoStudio\servoStudio_wjhet5xd_wpftmp.csproj]
C:\UserWorx\VSWorx\ServoStudio\wpfui-servoStudio\samples\Wpf.Ui.servoStudio\Models\HexConvert.cs(58,26): warning IDE0055: 淇鏍煎紡 (https://learn.microsoft.com/dotnet/fundamentals/code-analysis/style-rules/ide0055) [C:\UserWorx\VSWorx\ServoStudio\wpfui-servoStudio\samples\Wpf.Ui.servoStudio\servoStudio_wjhet5xd_wpftmp.csproj]
C:\UserWorx\VSWorx\ServoStudio\wpfui-servoStudio\samples\Wpf.Ui.servoStudio\Models\HexConvert.cs(58,46): warning IDE0055: 淇鏍煎紡 (https://learn.microsoft.com/dotnet/fundamentals/code-analysis/style-rules/ide0055) [C:\UserWorx\VSWorx\ServoStudio\wpfui-servoStudio\samples\Wpf.Ui.servoStudio\servoStudio_wjhet5xd_wpftmp.csproj]
C:\UserWorx\VSWorx\ServoStudio\wpfui-servoStudio\samples\Wpf.Ui.servoStudio\Models\HexConvert.cs(59,26): warning IDE0055: 淇鏍煎紡 (https://learn.microsoft.com/dotnet/fundamentals/code-analysis/style-rules/ide0055) [C:\UserWorx\VSWorx\ServoStudio\wpfui-servoStudio\samples\Wpf.Ui.servoStudio\servoStudio_wjhet5xd_wpftmp.csproj]
C:\UserWorx\VSWorx\ServoStudio\wpfui-servoStudio\samples\Wpf.Ui.servoStudio\Models\HexConvert.cs(59,47): warning IDE0055: 淇鏍煎紡 (https://learn.microsoft.com/dotnet/fundamentals/code-analysis/style-rules/ide0055) [C:\UserWorx\VSWorx\ServoStudio\wpfui-servoStudio\samples\Wpf.Ui.servoStudio\servoStudio_wjhet5xd_wpftmp.csproj]
C:\UserWorx\VSWorx\ServoStudio\wpfui-servoStudio\samples\Wpf.Ui.servoStudio\Models\HexConvert.cs(60,26): warning IDE0055: 淇鏍煎紡 (https://learn.microsoft.com/dotnet/fundamentals/code-analysis/style-rules/ide0055) [C:\UserWorx\VSWorx\ServoStudio\wpfui-servoStudio\samples\Wpf.Ui.servoStudio\servoStudio_wjhet5xd_wpftmp.csproj]
C:\UserWorx\VSWorx\ServoStudio\wpfui-servoStudio\samples\Wpf.Ui.servoStudio\Models\HexConvert.cs(60,47): warning IDE0055: 淇鏍煎紡 (https://learn.microsoft.com/dotnet/fundamentals/code-analysis/style-rules/ide0055) [C:\UserWorx\VSWorx\ServoStudio\wpfui-servoStudio\samples\Wpf.Ui.servoStudio\servoStudio_wjhet5xd_wpftmp.csproj]
C:\UserWorx\VSWorx\ServoStudio\wpfui-servoStudio\samples\Wpf.Ui.servoStudio\Models\HexConvert.cs(61,26): warning IDE0055: 淇鏍煎紡 (https://learn.microsoft.com/dotnet/fundamentals/code-analysis/style-rules/ide0055) [C:\UserWorx\VSWorx\ServoStudio\wpfui-servoStudio\samples\Wpf.Ui.servoStudio\servoStudio_wjhet5xd_wpftmp.csproj]
C:\UserWorx\VSWorx\ServoStudio\wpfui-servoStudio\samples\Wpf.Ui.servoStudio\Models\HexConvert.cs(61,47): warning IDE0055: 淇鏍煎紡 (https://learn.microsoft.com/dotnet/fundamentals/code-analysis/style-rules/ide0055) [C:\UserWorx\VSWorx\ServoStudio\wpfui-servoStudio\samples\Wpf.Ui.servoStudio\servoStudio_wjhet5xd_wpftmp.csproj]
C:\UserWorx\VSWorx\ServoStudio\wpfui-servoStudio\samples\Wpf.Ui.servoStudio\Models\HexConvert.cs(62,26): warning IDE0055: 淇鏍煎紡 (https://learn.microsoft.com/dotnet/fundamentals/code-analysis/style-rules/ide0055) [C:\UserWorx\VSWorx\ServoStudio\wpfui-servoStudio\samples\Wpf.Ui.servoStudio\servoStudio_wjhet5xd_wpftmp.csproj]
C:\UserWorx\VSWorx\ServoStudio\wpfui-servoStudio\samples\Wpf.Ui.servoStudio\Models\HexConvert.cs(62,47): warning IDE0055: 淇鏍煎紡 (https://learn.microsoft.com/dotnet/fundamentals/code-analysis/style-rules/ide0055) [C:\UserWorx\VSWorx\ServoStudio\wpfui-servoStudio\samples\Wpf.Ui.servoStudio\servoStudio_wjhet5xd_wpftmp.csproj]
C:\UserWorx\VSWorx\ServoStudio\wpfui-servoStudio\samples\Wpf.Ui.servoStudio\Models\HexConvert.cs(63,26): warning IDE0055: 淇鏍煎紡 (https://learn.microsoft.com/dotnet/fundamentals/code-analysis/style-rules/ide0055) [C:\UserWorx\VSWorx\ServoStudio\wpfui-servoStudio\samples\Wpf.Ui.servoStudio\servoStudio_wjhet5xd_wpftmp.csproj]
C:\UserWorx\VSWorx\ServoStudio\wpfui-servoStudio\samples\Wpf.Ui.servoStudio\Models\HexConvert.cs(63,47): warning IDE0055: 淇鏍煎紡 (https://learn.microsoft.com/dotnet/fundamentals/code-analysis/style-rules/ide0055) [C:\UserWorx\VSWorx\ServoStudio\wpfui-servoStudio\samples\Wpf.Ui.servoStudio\servoStudio_wjhet5xd_wpftmp.csproj]
C:\UserWorx\VSWorx\ServoStudio\wpfui-servoStudio\samples\Wpf.Ui.servoStudio\Models\HexConvert.cs(64,26): warning IDE0055: 淇鏍煎紡 (https://learn.microsoft.com/dotnet/fundamentals/code-analysis/style-rules/ide0055) [C:\UserWorx\VSWorx\ServoStudio\wpfui-servoStudio\samples\Wpf.Ui.servoStudio\servoStudio_wjhet5xd_wpftmp.csproj]
C:\UserWorx\VSWorx\ServoStudio\wpfui-servoStudio\samples\Wpf.Ui.servoStudio\Models\HexConvert.cs(64,47): warning IDE0055: 淇鏍煎紡 (https://learn.microsoft.com/dotnet/fundamentals/code-analysis/style-rules/ide0055) [C:\UserWorx\VSWorx\ServoStudio\wpfui-servoStudio\samples\Wpf.Ui.servoStudio\servoStudio_wjhet5xd_wpftmp.csproj]
C:\UserWorx\VSWorx\ServoStudio\wpfui-servoStudio\samples\Wpf.Ui.servoStudio\Models\HexConvert.cs(82,26): warning IDE0055: 淇鏍煎紡 (https://learn.microsoft.com/dotnet/fundamentals/code-analysis/style-rules/ide0055) [C:\UserWorx\VSWorx\ServoStudio\wpfui-servoStudio\samples\Wpf.Ui.servoStudio\servoStudio_wjhet5xd_wpftmp.csproj]
C:\UserWorx\VSWorx\ServoStudio\wpfui-servoStudio\samples\Wpf.Ui.servoStudio\Models\HexConvert.cs(83,26): warning IDE0055: 淇鏍煎紡 (https://learn.microsoft.com/dotnet/fundamentals/code-analysis/style-rules/ide0055) [C:\UserWorx\VSWorx\ServoStudio\wpfui-servoStudio\samples\Wpf.Ui.servoStudio\servoStudio_wjhet5xd_wpftmp.csproj]
C:\UserWorx\VSWorx\ServoStudio\wpfui-servoStudio\samples\Wpf.Ui.servoStudio\Models\HexConvert.cs(83,46): warning IDE0055: 淇鏍煎紡 (https://learn.microsoft.com/dotnet/fundamentals/code-analysis/style-rules/ide0055) [C:\UserWorx\VSWorx\ServoStudio\wpfui-servoStudio\samples\Wpf.Ui.servoStudio\servoStudio_wjhet5xd_wpftmp.csproj]
C:\UserWorx\VSWorx\ServoStudio\wpfui-servoStudio\samples\Wpf.Ui.servoStudio\Models\HexConvert.cs(84,26): warning IDE0055: 淇鏍煎紡 (https://learn.microsoft.com/dotnet/fundamentals/code-analysis/style-rules/ide0055) [C:\UserWorx\VSWorx\ServoStudio\wpfui-servoStudio\samples\Wpf.Ui.servoStudio\servoStudio_wjhet5xd_wpftmp.csproj]
C:\UserWorx\VSWorx\ServoStudio\wpfui-servoStudio\samples\Wpf.Ui.servoStudio\Models\HexConvert.cs(84,46): warning IDE0055: 淇鏍煎紡 (https://learn.microsoft.com/dotnet/fundamentals/code-analysis/style-rules/ide0055) [C:\UserWorx\VSWorx\ServoStudio\wpfui-servoStudio\samples\Wpf.Ui.servoStudio\servoStudio_wjhet5xd_wpftmp.csproj]
C:\UserWorx\VSWorx\ServoStudio\wpfui-servoStudio\samples\Wpf.Ui.servoStudio\Models\HexConvert.cs(85,26): warning IDE0055: 淇鏍煎紡 (https://learn.microsoft.com/dotnet/fundamentals/code-analysis/style-rules/ide0055) [C:\UserWorx\VSWorx\ServoStudio\wpfui-servoStudio\samples\Wpf.Ui.servoStudio\servoStudio_wjhet5xd_wpftmp.csproj]
C:\UserWorx\VSWorx\ServoStudio\wpfui-servoStudio\samples\Wpf.Ui.servoStudio\Models\HexConvert.cs(85,46): warning IDE0055: 淇鏍煎紡 (https://learn.microsoft.com/dotnet/fundamentals/code-analysis/style-rules/ide0055) [C:\UserWorx\VSWorx\ServoStudio\wpfui-servoStudio\samples\Wpf.Ui.servoStudio\servoStudio_wjhet5xd_wpftmp.csproj]
C:\UserWorx\VSWorx\ServoStudio\wpfui-servoStudio\samples\Wpf.Ui.servoStudio\Models\HexConvert.cs(86,26): warning IDE0055: 淇鏍煎紡 (https://learn.microsoft.com/dotnet/fundamentals/code-analysis/style-rules/ide0055) [C:\UserWorx\VSWorx\ServoStudio\wpfui-servoStudio\samples\Wpf.Ui.servoStudio\servoStudio_wjhet5xd_wpftmp.csproj]
C:\UserWorx\VSWorx\ServoStudio\wpfui-servoStudio\samples\Wpf.Ui.servoStudio\Models\HexConvert.cs(86,46): warning IDE0055: 淇鏍煎紡 (https://learn.microsoft.com/dotnet/fundamentals/code-analysis/style-rules/ide0055) [C:\UserWorx\VSWorx\ServoStudio\wpfui-servoStudio\samples\Wpf.Ui.servoStudio\servoStudio_wjhet5xd_wpftmp.csproj]
C:\UserWorx\VSWorx\ServoStudio\wpfui-servoStudio\samples\Wpf.Ui.servoStudio\Models\HexConvert.cs(87,26): warning IDE0055: 淇鏍煎紡 (https://learn.microsoft.com/dotnet/fundamentals/code-analysis/style-rules/ide0055) [C:\UserWorx\VSWorx\ServoStudio\wpfui-servoStudio\samples\Wpf.Ui.servoStudio\servoStudio_wjhet5xd_wpftmp.csproj]
C:\UserWorx\VSWorx\ServoStudio\wpfui-servoStudio\samples\Wpf.Ui.servoStudio\Models\HexConvert.cs(87,46): warning IDE0055: 淇鏍煎紡 (https://learn.microsoft.com/dotnet/fundamentals/code-analysis/style-rules/ide0055) [C:\UserWorx\VSWorx\ServoStudio\wpfui-servoStudio\samples\Wpf.Ui.servoStudio\servoStudio_wjhet5xd_wpftmp.csproj]
C:\UserWorx\VSWorx\ServoStudio\wpfui-servoStudio\samples\Wpf.Ui.servoStudio\Models\HexConvert.cs(88,26): warning IDE0055: 淇鏍煎紡 (https://learn.microsoft.com/dotnet/fundamentals/code-analysis/style-rules/ide0055) [C:\UserWorx\VSWorx\ServoStudio\wpfui-servoStudio\samples\Wpf.Ui.servoStudio\servoStudio_wjhet5xd_wpftmp.csproj]
C:\UserWorx\VSWorx\ServoStudio\wpfui-servoStudio\samples\Wpf.Ui.servoStudio\Models\HexConvert.cs(88,46): warning IDE0055: 淇鏍煎紡 (https://learn.microsoft.com/dotnet/fundamentals/code-analysis/style-rules/ide0055) [C:\UserWorx\VSWorx\ServoStudio\wpfui-servoStudio\samples\Wpf.Ui.servoStudio\servoStudio_wjhet5xd_wpftmp.csproj]
C:\UserWorx\VSWorx\ServoStudio\wpfui-servoStudio\samples\Wpf.Ui.servoStudio\Models\HexConvert.cs(89,26): warning IDE0055: 淇鏍煎紡 (https://learn.microsoft.com/dotnet/fundamentals/code-analysis/style-rules/ide0055) [C:\UserWorx\VSWorx\ServoStudio\wpfui-servoStudio\samples\Wpf.Ui.servoStudio\servoStudio_wjhet5xd_wpftmp.csproj]
C:\UserWorx\VSWorx\ServoStudio\wpfui-servoStudio\samples\Wpf.Ui.servoStudio\Models\HexConvert.cs(89,46): warning IDE0055: 淇鏍煎紡 (https://learn.microsoft.com/dotnet/fundamentals/code-analysis/style-rules/ide0055) [C:\UserWorx\VSWorx\ServoStudio\wpfui-servoStudio\samples\Wpf.Ui.servoStudio\servoStudio_wjhet5xd_wpftmp.csproj]
C:\UserWorx\VSWorx\ServoStudio\wpfui-servoStudio\samples\Wpf.Ui.servoStudio\Models\HexConvert.cs(90,38): warning IDE0055: 淇鏍煎紡 (https://learn.microsoft.com/dotnet/fundamentals/code-analysis/style-rules/ide0055) [C:\UserWorx\VSWorx\ServoStudio\wpfui-servoStudio\samples\Wpf.Ui.servoStudio\servoStudio_wjhet5xd_wpftmp.csproj]
C:\UserWorx\VSWorx\ServoStudio\wpfui-servoStudio\samples\Wpf.Ui.servoStudio\Models\HexConvert.cs(90,58): warning IDE0055: 淇鏍煎紡 (https://learn.microsoft.com/dotnet/fundamentals/code-analysis/style-rules/ide0055) [C:\UserWorx\VSWorx\ServoStudio\wpfui-servoStudio\samples\Wpf.Ui.servoStudio\servoStudio_wjhet5xd_wpftmp.csproj]
C:\UserWorx\VSWorx\ServoStudio\wpfui-servoStudio\samples\Wpf.Ui.servoStudio\Models\HexConvert.cs(91,38): warning IDE0055: 淇鏍煎紡 (https://learn.microsoft.com/dotnet/fundamentals/code-analysis/style-rules/ide0055) [C:\UserWorx\VSWorx\ServoStudio\wpfui-servoStudio\samples\Wpf.Ui.servoStudio\servoStudio_wjhet5xd_wpftmp.csproj]
C:\UserWorx\VSWorx\ServoStudio\wpfui-servoStudio\samples\Wpf.Ui.servoStudio\Models\HexConvert.cs(91,58): warning IDE0055: 淇鏍煎紡 (https://learn.microsoft.com/dotnet/fundamentals/code-analysis/style-rules/ide0055) [C:\UserWorx\VSWorx\ServoStudio\wpfui-servoStudio\samples\Wpf.Ui.servoStudio\servoStudio_wjhet5xd_wpftmp.csproj]
C:\UserWorx\VSWorx\ServoStudio\wpfui-servoStudio\samples\Wpf.Ui.servoStudio\Models\HexConvert.cs(92,38): warning IDE0055: 淇鏍煎紡 (https://learn.microsoft.com/dotnet/fundamentals/code-analysis/style-rules/ide0055) [C:\UserWorx\VSWorx\ServoStudio\wpfui-servoStudio\samples\Wpf.Ui.servoStudio\servoStudio_wjhet5xd_wpftmp.csproj]
C:\UserWorx\VSWorx\ServoStudio\wpfui-servoStudio\samples\Wpf.Ui.servoStudio\Models\HexConvert.cs(92,59): warning IDE0055: 淇鏍煎紡 (https://learn.microsoft.com/dotnet/fundamentals/code-analysis/style-rules/ide0055) [C:\UserWorx\VSWorx\ServoStudio\wpfui-servoStudio\samples\Wpf.Ui.servoStudio\servoStudio_wjhet5xd_wpftmp.csproj]
C:\UserWorx\VSWorx\ServoStudio\wpfui-servoStudio\samples\Wpf.Ui.servoStudio\Models\HexConvert.cs(93,38): warning IDE0055: 淇鏍煎紡 (https://learn.microsoft.com/dotnet/fundamentals/code-analysis/style-rules/ide0055) [C:\UserWorx\VSWorx\ServoStudio\wpfui-servoStudio\samples\Wpf.Ui.servoStudio\servoStudio_wjhet5xd_wpftmp.csproj]
C:\UserWorx\VSWorx\ServoStudio\wpfui-servoStudio\samples\Wpf.Ui.servoStudio\Models\HexConvert.cs(93,59): warning IDE0055: 淇鏍煎紡 (https://learn.microsoft.com/dotnet/fundamentals/code-analysis/style-rules/ide0055) [C:\UserWorx\VSWorx\ServoStudio\wpfui-servoStudio\samples\Wpf.Ui.servoStudio\servoStudio_wjhet5xd_wpftmp.csproj]
C:\UserWorx\VSWorx\ServoStudio\wpfui-servoStudio\samples\Wpf.Ui.servoStudio\Models\HexConvert.cs(94,38): warning IDE0055: 淇鏍煎紡 (https://learn.microsoft.com/dotnet/fundamentals/code-analysis/style-rules/ide0055) [C:\UserWorx\VSWorx\ServoStudio\wpfui-servoStudio\samples\Wpf.Ui.servoStudio\servoStudio_wjhet5xd_wpftmp.csproj]
C:\UserWorx\VSWorx\ServoStudio\wpfui-servoStudio\samples\Wpf.Ui.servoStudio\Models\HexConvert.cs(94,59): warning IDE0055: 淇鏍煎紡 (https://learn.microsoft.com/dotnet/fundamentals/code-analysis/style-rules/ide0055) [C:\UserWorx\VSWorx\ServoStudio\wpfui-servoStudio\samples\Wpf.Ui.servoStudio\servoStudio_wjhet5xd_wpftmp.csproj]
C:\UserWorx\VSWorx\ServoStudio\wpfui-servoStudio\samples\Wpf.Ui.servoStudio\Models\HexConvert.cs(95,38): warning IDE0055: 淇鏍煎紡 (https://learn.microsoft.com/dotnet/fundamentals/code-analysis/style-rules/ide0055) [C:\UserWorx\VSWorx\ServoStudio\wpfui-servoStudio\samples\Wpf.Ui.servoStudio\servoStudio_wjhet5xd_wpftmp.csproj]
C:\UserWorx\VSWorx\ServoStudio\wpfui-servoStudio\samples\Wpf.Ui.servoStudio\Models\HexConvert.cs(95,59): warning IDE0055: 淇鏍煎紡 (https://learn.microsoft.com/dotnet/fundamentals/code-analysis/style-rules/ide0055) [C:\UserWorx\VSWorx\ServoStudio\wpfui-servoStudio\samples\Wpf.Ui.servoStudio\servoStudio_wjhet5xd_wpftmp.csproj]
C:\UserWorx\VSWorx\ServoStudio\wpfui-servoStudio\samples\Wpf.Ui.servoStudio\Models\HexConvert.cs(96,38): warning IDE0055: 淇鏍煎紡 (https://learn.microsoft.com/dotnet/fundamentals/code-analysis/style-rules/ide0055) [C:\UserWorx\VSWorx\ServoStudio\wpfui-servoStudio\samples\Wpf.Ui.servoStudio\servoStudio_wjhet5xd_wpftmp.csproj]
C:\UserWorx\VSWorx\ServoStudio\wpfui-servoStudio\samples\Wpf.Ui.servoStudio\Models\HexConvert.cs(96,59): warning IDE0055: 淇鏍煎紡 (https://learn.microsoft.com/dotnet/fundamentals/code-analysis/style-rules/ide0055) [C:\UserWorx\VSWorx\ServoStudio\wpfui-servoStudio\samples\Wpf.Ui.servoStudio\servoStudio_wjhet5xd_wpftmp.csproj]
C:\UserWorx\VSWorx\ServoStudio\wpfui-servoStudio\samples\Wpf.Ui.servoStudio\Models\HexConvert.cs(97,38): warning IDE0055: 淇鏍煎紡 (https://learn.microsoft.com/dotnet/fundamentals/code-analysis/style-rules/ide0055) [C:\UserWorx\VSWorx\ServoStudio\wpfui-servoStudio\samples\Wpf.Ui.servoStudio\servoStudio_wjhet5xd_wpftmp.csproj]
C:\UserWorx\VSWorx\ServoStudio\wpfui-servoStudio\samples\Wpf.Ui.servoStudio\Models\HexConvert.cs(97,59): warning IDE0055: 淇鏍煎紡 (https://learn.microsoft.com/dotnet/fundamentals/code-analysis/style-rules/ide0055) [C:\UserWorx\VSWorx\ServoStudio\wpfui-servoStudio\samples\Wpf.Ui.servoStudio\servoStudio_wjhet5xd_wpftmp.csproj]
C:\UserWorx\VSWorx\ServoStudio\wpfui-servoStudio\samples\Wpf.Ui.servoStudio\Models\HexConvert.cs(98,38): warning IDE0055: 淇鏍煎紡 (https://learn.microsoft.com/dotnet/fundamentals/code-analysis/style-rules/ide0055) [C:\UserWorx\VSWorx\ServoStudio\wpfui-servoStudio\samples\Wpf.Ui.servoStudio\servoStudio_wjhet5xd_wpftmp.csproj]
C:\UserWorx\VSWorx\ServoStudio\wpfui-servoStudio\samples\Wpf.Ui.servoStudio\Models\HexConvert.cs(98,59): warning IDE0055: 淇鏍煎紡 (https://learn.microsoft.com/dotnet/fundamentals/code-analysis/style-rules/ide0055) [C:\UserWorx\VSWorx\ServoStudio\wpfui-servoStudio\samples\Wpf.Ui.servoStudio\servoStudio_wjhet5xd_wpftmp.csproj]
C:\UserWorx\VSWorx\ServoStudio\wpfui-servoStudio\samples\Wpf.Ui.servoStudio\Models\HexConvert.cs(99,38): warning IDE0055: 淇鏍煎紡 (https://learn.microsoft.com/dotnet/fundamentals/code-analysis/style-rules/ide0055) [C:\UserWorx\VSWorx\ServoStudio\wpfui-servoStudio\samples\Wpf.Ui.servoStudio\servoStudio_wjhet5xd_wpftmp.csproj]
C:\UserWorx\VSWorx\ServoStudio\wpfui-servoStudio\samples\Wpf.Ui.servoStudio\Models\HexConvert.cs(99,59): warning IDE0055: 淇鏍煎紡 (https://learn.microsoft.com/dotnet/fundamentals/code-analysis/style-rules/ide0055) [C:\UserWorx\VSWorx\ServoStudio\wpfui-servoStudio\samples\Wpf.Ui.servoStudio\servoStudio_wjhet5xd_wpftmp.csproj]
C:\UserWorx\VSWorx\ServoStudio\wpfui-servoStudio\samples\Wpf.Ui.servoStudio\Models\HexConvert.cs(99,79): warning IDE0055: 淇鏍煎紡 (https://learn.microsoft.com/dotnet/fundamentals/code-analysis/style-rules/ide0055) [C:\UserWorx\VSWorx\ServoStudio\wpfui-servoStudio\samples\Wpf.Ui.servoStudio\servoStudio_wjhet5xd_wpftmp.csproj]
C:\UserWorx\VSWorx\ServoStudio\wpfui-servoStudio\samples\Wpf.Ui.servoStudio\Models\HexConvert.cs(100,38): warning IDE0055: 淇鏍煎紡 (https://learn.microsoft.com/dotnet/fundamentals/code-analysis/style-rules/ide0055) [C:\UserWorx\VSWorx\ServoStudio\wpfui-servoStudio\samples\Wpf.Ui.servoStudio\servoStudio_wjhet5xd_wpftmp.csproj]
C:\UserWorx\VSWorx\ServoStudio\wpfui-servoStudio\samples\Wpf.Ui.servoStudio\Models\HexConvert.cs(100,59): warning IDE0055: 淇鏍煎紡 (https://learn.microsoft.com/dotnet/fundamentals/code-analysis/style-rules/ide0055) [C:\UserWorx\VSWorx\ServoStudio\wpfui-servoStudio\samples\Wpf.Ui.servoStudio\servoStudio_wjhet5xd_wpftmp.csproj]
C:\UserWorx\VSWorx\ServoStudio\wpfui-servoStudio\samples\Wpf.Ui.servoStudio\Models\HexConvert.cs(100,79): warning IDE0055: 淇鏍煎紡 (https://learn.microsoft.com/dotnet/fundamentals/code-analysis/style-rules/ide0055) [C:\UserWorx\VSWorx\ServoStudio\wpfui-servoStudio\samples\Wpf.Ui.servoStudio\servoStudio_wjhet5xd_wpftmp.csproj]
C:\UserWorx\VSWorx\ServoStudio\wpfui-servoStudio\samples\Wpf.Ui.servoStudio\Models\HexConvert.cs(101,38): warning IDE0055: 淇鏍煎紡 (https://learn.microsoft.com/dotnet/fundamentals/code-analysis/style-rules/ide0055) [C:\UserWorx\VSWorx\ServoStudio\wpfui-servoStudio\samples\Wpf.Ui.servoStudio\servoStudio_wjhet5xd_wpftmp.csproj]
C:\UserWorx\VSWorx\ServoStudio\wpfui-servoStudio\samples\Wpf.Ui.servoStudio\Models\HexConvert.cs(101,59): warning IDE0055: 淇鏍煎紡 (https://learn.microsoft.com/dotnet/fundamentals/code-analysis/style-rules/ide0055) [C:\UserWorx\VSWorx\ServoStudio\wpfui-servoStudio\samples\Wpf.Ui.servoStudio\servoStudio_wjhet5xd_wpftmp.csproj]
C:\UserWorx\VSWorx\ServoStudio\wpfui-servoStudio\samples\Wpf.Ui.servoStudio\Models\HexConvert.cs(101,79): warning IDE0055: 淇鏍煎紡 (https://learn.microsoft.com/dotnet/fundamentals/code-analysis/style-rules/ide0055) [C:\UserWorx\VSWorx\ServoStudio\wpfui-servoStudio\samples\Wpf.Ui.servoStudio\servoStudio_wjhet5xd_wpftmp.csproj]
C:\UserWorx\VSWorx\ServoStudio\wpfui-servoStudio\samples\Wpf.Ui.servoStudio\Models\HexConvert.cs(102,38): warning IDE0055: 淇鏍煎紡 (https://learn.microsoft.com/dotnet/fundamentals/code-analysis/style-rules/ide0055) [C:\UserWorx\VSWorx\ServoStudio\wpfui-servoStudio\samples\Wpf.Ui.servoStudio\servoStudio_wjhet5xd_wpftmp.csproj]
C:\UserWorx\VSWorx\ServoStudio\wpfui-servoStudio\samples\Wpf.Ui.servoStudio\Models\HexConvert.cs(102,59): warning IDE0055: 淇鏍煎紡 (https://learn.microsoft.com/dotnet/fundamentals/code-analysis/style-rules/ide0055) [C:\UserWorx\VSWorx\ServoStudio\wpfui-servoStudio\samples\Wpf.Ui.servoStudio\servoStudio_wjhet5xd_wpftmp.csproj]
C:\UserWorx\VSWorx\ServoStudio\wpfui-servoStudio\samples\Wpf.Ui.servoStudio\Models\HexConvert.cs(102,79): warning IDE0055: 淇鏍煎紡 (https://learn.microsoft.com/dotnet/fundamentals/code-analysis/style-rules/ide0055) [C:\UserWorx\VSWorx\ServoStudio\wpfui-servoStudio\samples\Wpf.Ui.servoStudio\servoStudio_wjhet5xd_wpftmp.csproj]
C:\UserWorx\VSWorx\ServoStudio\wpfui-servoStudio\samples\Wpf.Ui.servoStudio\Models\HexConvert.cs(103,38): warning IDE0055: 淇鏍煎紡 (https://learn.microsoft.com/dotnet/fundamentals/code-analysis/style-rules/ide0055) [C:\UserWorx\VSWorx\ServoStudio\wpfui-servoStudio\samples\Wpf.Ui.servoStudio\servoStudio_wjhet5xd_wpftmp.csproj]
C:\UserWorx\VSWorx\ServoStudio\wpfui-servoStudio\samples\Wpf.Ui.servoStudio\Models\HexConvert.cs(103,59): warning IDE0055: 淇鏍煎紡 (https://learn.microsoft.com/dotnet/fundamentals/code-analysis/style-rules/ide0055) [C:\UserWorx\VSWorx\ServoStudio\wpfui-servoStudio\samples\Wpf.Ui.servoStudio\servoStudio_wjhet5xd_wpftmp.csproj]
C:\UserWorx\VSWorx\ServoStudio\wpfui-servoStudio\samples\Wpf.Ui.servoStudio\Models\HexConvert.cs(103,79): warning IDE0055: 淇鏍煎紡 (https://learn.microsoft.com/dotnet/fundamentals/code-analysis/style-rules/ide0055) [C:\UserWorx\VSWorx\ServoStudio\wpfui-servoStudio\samples\Wpf.Ui.servoStudio\servoStudio_wjhet5xd_wpftmp.csproj]
C:\UserWorx\VSWorx\ServoStudio\wpfui-servoStudio\samples\Wpf.Ui.servoStudio\Models\HexConvert.cs(104,38): warning IDE0055: 淇鏍煎紡 (https://learn.microsoft.com/dotnet/fundamentals/code-analysis/style-rules/ide0055) [C:\UserWorx\VSWorx\ServoStudio\wpfui-servoStudio\samples\Wpf.Ui.servoStudio\servoStudio_wjhet5xd_wpftmp.csproj]
C:\UserWorx\VSWorx\ServoStudio\wpfui-servoStudio\samples\Wpf.Ui.servoStudio\Models\HexConvert.cs(104,59): warning IDE0055: 淇鏍煎紡 (https://learn.microsoft.com/dotnet/fundamentals/code-analysis/style-rules/ide0055) [C:\UserWorx\VSWorx\ServoStudio\wpfui-servoStudio\samples\Wpf.Ui.servoStudio\servoStudio_wjhet5xd_wpftmp.csproj]
C:\UserWorx\VSWorx\ServoStudio\wpfui-servoStudio\samples\Wpf.Ui.servoStudio\Models\HexConvert.cs(104,79): warning IDE0055: 淇鏍煎紡 (https://learn.microsoft.com/dotnet/fundamentals/code-analysis/style-rules/ide0055) [C:\UserWorx\VSWorx\ServoStudio\wpfui-servoStudio\samples\Wpf.Ui.servoStudio\servoStudio_wjhet5xd_wpftmp.csproj]
C:\UserWorx\VSWorx\ServoStudio\wpfui-servoStudio\samples\Wpf.Ui.servoStudio\Models\HexConvert.cs(105,38): warning IDE0055: 淇鏍煎紡 (https://learn.microsoft.com/dotnet/fundamentals/code-analysis/style-rules/ide0055) [C:\UserWorx\VSWorx\ServoStudio\wpfui-servoStudio\samples\Wpf.Ui.servoStudio\servoStudio_wjhet5xd_wpftmp.csproj]
C:\UserWorx\VSWorx\ServoStudio\wpfui-servoStudio\samples\Wpf.Ui.servoStudio\Models\HexConvert.cs(105,59): warning IDE0055: 淇鏍煎紡 (https://learn.microsoft.com/dotnet/fundamentals/code-analysis/style-rules/ide0055) [C:\UserWorx\VSWorx\ServoStudio\wpfui-servoStudio\samples\Wpf.Ui.servoStudio\servoStudio_wjhet5xd_wpftmp.csproj]
C:\UserWorx\VSWorx\ServoStudio\wpfui-servoStudio\samples\Wpf.Ui.servoStudio\Models\HexConvert.cs(105,79): warning IDE0055: 淇鏍煎紡 (https://learn.microsoft.com/dotnet/fundamentals/code-analysis/style-rules/ide0055) [C:\UserWorx\VSWorx\ServoStudio\wpfui-servoStudio\samples\Wpf.Ui.servoStudio\servoStudio_wjhet5xd_wpftmp.csproj]
C:\UserWorx\VSWorx\ServoStudio\wpfui-servoStudio\samples\Wpf.Ui.servoStudio\ViewModels\ViewModel.cs(17,23): warning CA1063: 瀵?ViewModel 鎻愪緵 Dispose(bool) 鐨勫彲閲嶅啓瀹炵幇鎴栧皢璇ョ被鍨嬫爣璁颁负鈥滃凡瀵嗗皝鈥濄€傚 Dispose(false) 鐨勮皟鐢ㄥ簲浠呮竻鐞嗘湰鏈鸿祫婧愩€傚 Dispose(true) 鐨勮皟鐢ㄥ簲鍚屾椂娓呯悊鎵樼璧勬簮鍜屾湰鏈鸿祫婧愩€?(https://learn.microsoft.com/dotnet/fundamentals/code-analysis/quality-rules/ca1063) [C:\UserWorx\VSWorx\ServoStudio\wpfui-servoStudio\samples\Wpf.Ui.servoStudio\servoStudio_wjhet5xd_wpftmp.csproj]
C:\UserWorx\VSWorx\ServoStudio\wpfui-servoStudio\samples\Wpf.Ui.servoStudio\Models\HVariables.cs(77,51): warning IDE0055: 淇鏍煎紡 (https://learn.microsoft.com/dotnet/fundamentals/code-analysis/style-rules/ide0055) [C:\UserWorx\VSWorx\ServoStudio\wpfui-servoStudio\samples\Wpf.Ui.servoStudio\servoStudio_wjhet5xd_wpftmp.csproj]
C:\UserWorx\VSWorx\ServoStudio\wpfui-servoStudio\samples\Wpf.Ui.servoStudio\Models\HVariables.cs(93,51): warning IDE0055: 淇鏍煎紡 (https://learn.microsoft.com/dotnet/fundamentals/code-analysis/style-rules/ide0055) [C:\UserWorx\VSWorx\ServoStudio\wpfui-servoStudio\samples\Wpf.Ui.servoStudio\servoStudio_wjhet5xd_wpftmp.csproj]
C:\UserWorx\VSWorx\ServoStudio\wpfui-servoStudio\samples\Wpf.Ui.servoStudio\Models\LogEntry.cs(51,21): warning IDE0055: 淇鏍煎紡 (https://learn.microsoft.com/dotnet/fundamentals/code-analysis/style-rules/ide0055) [C:\UserWorx\VSWorx\ServoStudio\wpfui-servoStudio\samples\Wpf.Ui.servoStudio\servoStudio_wjhet5xd_wpftmp.csproj]
C:\UserWorx\VSWorx\ServoStudio\wpfui-servoStudio\samples\Wpf.Ui.servoStudio\Models\LogEntry.cs(51,23): warning IDE0055: 淇鏍煎紡 (https://learn.microsoft.com/dotnet/fundamentals/code-analysis/style-rules/ide0055) [C:\UserWorx\VSWorx\ServoStudio\wpfui-servoStudio\samples\Wpf.Ui.servoStudio\servoStudio_wjhet5xd_wpftmp.csproj]
C:\UserWorx\VSWorx\ServoStudio\wpfui-servoStudio\samples\Wpf.Ui.servoStudio\Models\LogEntry.cs(51,34): warning IDE0055: 淇鏍煎紡 (https://learn.microsoft.com/dotnet/fundamentals/code-analysis/style-rules/ide0055) [C:\UserWorx\VSWorx\ServoStudio\wpfui-servoStudio\samples\Wpf.Ui.servoStudio\servoStudio_wjhet5xd_wpftmp.csproj]
C:\UserWorx\VSWorx\ServoStudio\wpfui-servoStudio\samples\Wpf.Ui.servoStudio\Models\LogEntry.cs(52,30): warning IDE0055: 淇鏍煎紡 (https://learn.microsoft.com/dotnet/fundamentals/code-analysis/style-rules/ide0055) [C:\UserWorx\VSWorx\ServoStudio\wpfui-servoStudio\samples\Wpf.Ui.servoStudio\servoStudio_wjhet5xd_wpftmp.csproj]
C:\UserWorx\VSWorx\ServoStudio\wpfui-servoStudio\samples\Wpf.Ui.servoStudio\Models\LogEntry.cs(52,32): warning IDE0055: 淇鏍煎紡 (https://learn.microsoft.com/dotnet/fundamentals/code-analysis/style-rules/ide0055) [C:\UserWorx\VSWorx\ServoStudio\wpfui-servoStudio\samples\Wpf.Ui.servoStudio\servoStudio_wjhet5xd_wpftmp.csproj]
C:\UserWorx\VSWorx\ServoStudio\wpfui-servoStudio\samples\Wpf.Ui.servoStudio\Models\LogEntry.cs(52,43): warning IDE0055: 淇鏍煎紡 (https://learn.microsoft.com/dotnet/fundamentals/code-analysis/style-rules/ide0055) [C:\UserWorx\VSWorx\ServoStudio\wpfui-servoStudio\samples\Wpf.Ui.servoStudio\servoStudio_wjhet5xd_wpftmp.csproj]
C:\UserWorx\VSWorx\ServoStudio\wpfui-servoStudio\samples\Wpf.Ui.servoStudio\Models\LogEntry.cs(53,29): warning IDE0055: 淇鏍煎紡 (https://learn.microsoft.com/dotnet/fundamentals/code-analysis/style-rules/ide0055) [C:\UserWorx\VSWorx\ServoStudio\wpfui-servoStudio\samples\Wpf.Ui.servoStudio\servoStudio_wjhet5xd_wpftmp.csproj]
C:\UserWorx\VSWorx\ServoStudio\wpfui-servoStudio\samples\Wpf.Ui.servoStudio\Models\LogEntry.cs(53,31): warning IDE0055: 淇鏍煎紡 (https://learn.microsoft.com/dotnet/fundamentals/code-analysis/style-rules/ide0055) [C:\UserWorx\VSWorx\ServoStudio\wpfui-servoStudio\samples\Wpf.Ui.servoStudio\servoStudio_wjhet5xd_wpftmp.csproj]
C:\UserWorx\VSWorx\ServoStudio\wpfui-servoStudio\samples\Wpf.Ui.servoStudio\Models\LogEntry.cs(53,42): warning IDE0055: 淇鏍煎紡 (https://learn.microsoft.com/dotnet/fundamentals/code-analysis/style-rules/ide0055) [C:\UserWorx\VSWorx\ServoStudio\wpfui-servoStudio\samples\Wpf.Ui.servoStudio\servoStudio_wjhet5xd_wpftmp.csproj]
C:\UserWorx\VSWorx\ServoStudio\wpfui-servoStudio\samples\Wpf.Ui.servoStudio\Models\LogEntry.cs(54,35): warning IDE0055: 淇鏍煎紡 (https://learn.microsoft.com/dotnet/fundamentals/code-analysis/style-rules/ide0055) [C:\UserWorx\VSWorx\ServoStudio\wpfui-servoStudio\samples\Wpf.Ui.servoStudio\servoStudio_wjhet5xd_wpftmp.csproj]
C:\UserWorx\VSWorx\ServoStudio\wpfui-servoStudio\samples\Wpf.Ui.servoStudio\Models\LogEntry.cs(54,37): warning IDE0055: 淇鏍煎紡 (https://learn.microsoft.com/dotnet/fundamentals/code-analysis/style-rules/ide0055) [C:\UserWorx\VSWorx\ServoStudio\wpfui-servoStudio\samples\Wpf.Ui.servoStudio\servoStudio_wjhet5xd_wpftmp.csproj]
C:\UserWorx\VSWorx\ServoStudio\wpfui-servoStudio\samples\Wpf.Ui.servoStudio\Models\LogEntry.cs(54,48): warning IDE0055: 淇鏍煎紡 (https://learn.microsoft.com/dotnet/fundamentals/code-analysis/style-rules/ide0055) [C:\UserWorx\VSWorx\ServoStudio\wpfui-servoStudio\samples\Wpf.Ui.servoStudio\servoStudio_wjhet5xd_wpftmp.csproj]
C:\UserWorx\VSWorx\ServoStudio\wpfui-servoStudio\samples\Wpf.Ui.servoStudio\Models\LogEntry.cs(121,25): warning IDE0055: 淇鏍煎紡 (https://learn.microsoft.com/dotnet/fundamentals/code-analysis/style-rules/ide0055) [C:\UserWorx\VSWorx\ServoStudio\wpfui-servoStudio\samples\Wpf.Ui.servoStudio\servoStudio_wjhet5xd_wpftmp.csproj]
C:\UserWorx\VSWorx\ServoStudio\wpfui-servoStudio\samples\Wpf.Ui.servoStudio\Models\LogEntry.cs(121,27): warning IDE0055: 淇鏍煎紡 (https://learn.microsoft.com/dotnet/fundamentals/code-analysis/style-rules/ide0055) [C:\UserWorx\VSWorx\ServoStudio\wpfui-servoStudio\samples\Wpf.Ui.servoStudio\servoStudio_wjhet5xd_wpftmp.csproj]
C:\UserWorx\VSWorx\ServoStudio\wpfui-servoStudio\samples\Wpf.Ui.servoStudio\Models\LogEntry.cs(121,38): warning IDE0055: 淇鏍煎紡 (https://learn.microsoft.com/dotnet/fundamentals/code-analysis/style-rules/ide0055) [C:\UserWorx\VSWorx\ServoStudio\wpfui-servoStudio\samples\Wpf.Ui.servoStudio\servoStudio_wjhet5xd_wpftmp.csproj]
C:\UserWorx\VSWorx\ServoStudio\wpfui-servoStudio\samples\Wpf.Ui.servoStudio\Models\LogEntry.cs(122,33): warning IDE0055: 淇鏍煎紡 (https://learn.microsoft.com/dotnet/fundamentals/code-analysis/style-rules/ide0055) [C:\UserWorx\VSWorx\ServoStudio\wpfui-servoStudio\samples\Wpf.Ui.servoStudio\servoStudio_wjhet5xd_wpftmp.csproj]
C:\UserWorx\VSWorx\ServoStudio\wpfui-servoStudio\samples\Wpf.Ui.servoStudio\Models\LogEntry.cs(122,35): warning IDE0055: 淇鏍煎紡 (https://learn.microsoft.com/dotnet/fundamentals/code-analysis/style-rules/ide0055) [C:\UserWorx\VSWorx\ServoStudio\wpfui-servoStudio\samples\Wpf.Ui.servoStudio\servoStudio_wjhet5xd_wpftmp.csproj]
C:\UserWorx\VSWorx\ServoStudio\wpfui-servoStudio\samples\Wpf.Ui.servoStudio\Models\LogEntry.cs(122,46): warning IDE0055: 淇鏍煎紡 (https://learn.microsoft.com/dotnet/fundamentals/code-analysis/style-rules/ide0055) [C:\UserWorx\VSWorx\ServoStudio\wpfui-servoStudio\samples\Wpf.Ui.servoStudio\servoStudio_wjhet5xd_wpftmp.csproj]
C:\UserWorx\VSWorx\ServoStudio\wpfui-servoStudio\samples\Wpf.Ui.servoStudio\Models\LogEntry.cs(123,26): warning IDE0055: 淇鏍煎紡 (https://learn.microsoft.com/dotnet/fundamentals/code-analysis/style-rules/ide0055) [C:\UserWorx\VSWorx\ServoStudio\wpfui-servoStudio\samples\Wpf.Ui.servoStudio\servoStudio_wjhet5xd_wpftmp.csproj]
C:\UserWorx\VSWorx\ServoStudio\wpfui-servoStudio\samples\Wpf.Ui.servoStudio\Models\LogEntry.cs(123,28): warning IDE0055: 淇鏍煎紡 (https://learn.microsoft.com/dotnet/fundamentals/code-analysis/style-rules/ide0055) [C:\UserWorx\VSWorx\ServoStudio\wpfui-servoStudio\samples\Wpf.Ui.servoStudio\servoStudio_wjhet5xd_wpftmp.csproj]
C:\UserWorx\VSWorx\ServoStudio\wpfui-servoStudio\samples\Wpf.Ui.servoStudio\Models\LogEntry.cs(123,38): warning IDE0055: 淇鏍煎紡 (https://learn.microsoft.com/dotnet/fundamentals/code-analysis/style-rules/ide0055) [C:\UserWorx\VSWorx\ServoStudio\wpfui-servoStudio\samples\Wpf.Ui.servoStudio\servoStudio_wjhet5xd_wpftmp.csproj]
C:\UserWorx\VSWorx\ServoStudio\wpfui-servoStudio\samples\Wpf.Ui.servoStudio\Models\ModbusRegister.cs(10,25): warning IDE0055: 淇鏍煎紡 (https://learn.microsoft.com/dotnet/fundamentals/code-analysis/style-rules/ide0055) [C:\UserWorx\VSWorx\ServoStudio\wpfui-servoStudio\samples\Wpf.Ui.servoStudio\servoStudio_wjhet5xd_wpftmp.csproj]
C:\UserWorx\VSWorx\ServoStudio\wpfui-servoStudio\samples\Wpf.Ui.servoStudio\Models\ModbusRegister.cs(10,27): warning IDE0055: 淇鏍煎紡 (https://learn.microsoft.com/dotnet/fundamentals/code-analysis/style-rules/ide0055) [C:\UserWorx\VSWorx\ServoStudio\wpfui-servoStudio\samples\Wpf.Ui.servoStudio\servoStudio_wjhet5xd_wpftmp.csproj]
C:\UserWorx\VSWorx\ServoStudio\wpfui-servoStudio\samples\Wpf.Ui.servoStudio\Models\ModbusRegister.cs(10,37): warning IDE0055: 淇鏍煎紡 (https://learn.microsoft.com/dotnet/fundamentals/code-analysis/style-rules/ide0055) [C:\UserWorx\VSWorx\ServoStudio\wpfui-servoStudio\samples\Wpf.Ui.servoStudio\servoStudio_wjhet5xd_wpftmp.csproj]
C:\UserWorx\VSWorx\ServoStudio\wpfui-servoStudio\samples\Wpf.Ui.servoStudio\Models\ModbusRegister.cs(11,25): warning IDE0055: 淇鏍煎紡 (https://learn.microsoft.com/dotnet/fundamentals/code-analysis/style-rules/ide0055) [C:\UserWorx\VSWorx\ServoStudio\wpfui-servoStudio\samples\Wpf.Ui.servoStudio\servoStudio_wjhet5xd_wpftmp.csproj]
C:\UserWorx\VSWorx\ServoStudio\wpfui-servoStudio\samples\Wpf.Ui.servoStudio\Models\ModbusRegister.cs(11,27): warning IDE0055: 淇鏍煎紡 (https://learn.microsoft.com/dotnet/fundamentals/code-analysis/style-rules/ide0055) [C:\UserWorx\VSWorx\ServoStudio\wpfui-servoStudio\samples\Wpf.Ui.servoStudio\servoStudio_wjhet5xd_wpftmp.csproj]
C:\UserWorx\VSWorx\ServoStudio\wpfui-servoStudio\samples\Wpf.Ui.servoStudio\Models\ModbusRegister.cs(11,37): warning IDE0055: 淇鏍煎紡 (https://learn.microsoft.com/dotnet/fundamentals/code-analysis/style-rules/ide0055) [C:\UserWorx\VSWorx\ServoStudio\wpfui-servoStudio\samples\Wpf.Ui.servoStudio\servoStudio_wjhet5xd_wpftmp.csproj]
C:\UserWorx\VSWorx\ServoStudio\wpfui-servoStudio\samples\Wpf.Ui.servoStudio\Models\ModbusRegister.cs(12,25): warning IDE0055: 淇鏍煎紡 (https://learn.microsoft.com/dotnet/fundamentals/code-analysis/style-rules/ide0055) [C:\UserWorx\VSWorx\ServoStudio\wpfui-servoStudio\samples\Wpf.Ui.servoStudio\servoStudio_wjhet5xd_wpftmp.csproj]
C:\UserWorx\VSWorx\ServoStudio\wpfui-servoStudio\samples\Wpf.Ui.servoStudio\Models\ModbusRegister.cs(12,27): warning IDE0055: 淇鏍煎紡 (https://learn.microsoft.com/dotnet/fundamentals/code-analysis/style-rules/ide0055) [C:\UserWorx\VSWorx\ServoStudio\wpfui-servoStudio\samples\Wpf.Ui.servoStudio\servoStudio_wjhet5xd_wpftmp.csproj]
C:\UserWorx\VSWorx\ServoStudio\wpfui-servoStudio\samples\Wpf.Ui.servoStudio\Models\ModbusRegister.cs(12,37): warning IDE0055: 淇鏍煎紡 (https://learn.microsoft.com/dotnet/fundamentals/code-analysis/style-rules/ide0055) [C:\UserWorx\VSWorx\ServoStudio\wpfui-servoStudio\samples\Wpf.Ui.servoStudio\servoStudio_wjhet5xd_wpftmp.csproj]
C:\UserWorx\VSWorx\ServoStudio\wpfui-servoStudio\samples\Wpf.Ui.servoStudio\Models\ModbusRegister.cs(13,25): warning IDE0055: 淇鏍煎紡 (https://learn.microsoft.com/dotnet/fundamentals/code-analysis/style-rules/ide0055) [C:\UserWorx\VSWorx\ServoStudio\wpfui-servoStudio\samples\Wpf.Ui.servoStudio\servoStudio_wjhet5xd_wpftmp.csproj]
C:\UserWorx\VSWorx\ServoStudio\wpfui-servoStudio\samples\Wpf.Ui.servoStudio\Models\ModbusRegister.cs(13,27): warning IDE0055: 淇鏍煎紡 (https://learn.microsoft.com/dotnet/fundamentals/code-analysis/style-rules/ide0055) [C:\UserWorx\VSWorx\ServoStudio\wpfui-servoStudio\samples\Wpf.Ui.servoStudio\servoStudio_wjhet5xd_wpftmp.csproj]
C:\UserWorx\VSWorx\ServoStudio\wpfui-servoStudio\samples\Wpf.Ui.servoStudio\Models\ModbusRegister.cs(13,37): warning IDE0055: 淇鏍煎紡 (https://learn.microsoft.com/dotnet/fundamentals/code-analysis/style-rules/ide0055) [C:\UserWorx\VSWorx\ServoStudio\wpfui-servoStudio\samples\Wpf.Ui.servoStudio\servoStudio_wjhet5xd_wpftmp.csproj]
C:\UserWorx\VSWorx\ServoStudio\wpfui-servoStudio\samples\Wpf.Ui.servoStudio\Models\ModbusRegister.cs(14,25): warning IDE0055: 淇鏍煎紡 (https://learn.microsoft.com/dotnet/fundamentals/code-analysis/style-rules/ide0055) [C:\UserWorx\VSWorx\ServoStudio\wpfui-servoStudio\samples\Wpf.Ui.servoStudio\servoStudio_wjhet5xd_wpftmp.csproj]
C:\UserWorx\VSWorx\ServoStudio\wpfui-servoStudio\samples\Wpf.Ui.servoStudio\Models\ModbusRegister.cs(14,27): warning IDE0055: 淇鏍煎紡 (https://learn.microsoft.com/dotnet/fundamentals/code-analysis/style-rules/ide0055) [C:\UserWorx\VSWorx\ServoStudio\wpfui-servoStudio\samples\Wpf.Ui.servoStudio\servoStudio_wjhet5xd_wpftmp.csproj]
C:\UserWorx\VSWorx\ServoStudio\wpfui-servoStudio\samples\Wpf.Ui.servoStudio\Models\ModbusRegister.cs(14,37): warning IDE0055: 淇鏍煎紡 (https://learn.microsoft.com/dotnet/fundamentals/code-analysis/style-rules/ide0055) [C:\UserWorx\VSWorx\ServoStudio\wpfui-servoStudio\samples\Wpf.Ui.servoStudio\servoStudio_wjhet5xd_wpftmp.csproj]
C:\UserWorx\VSWorx\ServoStudio\wpfui-servoStudio\samples\Wpf.Ui.servoStudio\Models\ModbusRegister.cs(15,25): warning IDE0055: 淇鏍煎紡 (https://learn.microsoft.com/dotnet/fundamentals/code-analysis/style-rules/ide0055) [C:\UserWorx\VSWorx\ServoStudio\wpfui-servoStudio\samples\Wpf.Ui.servoStudio\servoStudio_wjhet5xd_wpftmp.csproj]
C:\UserWorx\VSWorx\ServoStudio\wpfui-servoStudio\samples\Wpf.Ui.servoStudio\Models\ModbusRegister.cs(15,27): warning IDE0055: 淇鏍煎紡 (https://learn.microsoft.com/dotnet/fundamentals/code-analysis/style-rules/ide0055) [C:\UserWorx\VSWorx\ServoStudio\wpfui-servoStudio\samples\Wpf.Ui.servoStudio\servoStudio_wjhet5xd_wpftmp.csproj]
C:\UserWorx\VSWorx\ServoStudio\wpfui-servoStudio\samples\Wpf.Ui.servoStudio\Models\ModbusRegister.cs(15,37): warning IDE0055: 淇鏍煎紡 (https://learn.microsoft.com/dotnet/fundamentals/code-analysis/style-rules/ide0055) [C:\UserWorx\VSWorx\ServoStudio\wpfui-servoStudio\samples\Wpf.Ui.servoStudio\servoStudio_wjhet5xd_wpftmp.csproj]
C:\UserWorx\VSWorx\ServoStudio\wpfui-servoStudio\samples\Wpf.Ui.servoStudio\Models\ModbusRegister.cs(16,25): warning IDE0055: 淇鏍煎紡 (https://learn.microsoft.com/dotnet/fundamentals/code-analysis/style-rules/ide0055) [C:\UserWorx\VSWorx\ServoStudio\wpfui-servoStudio\samples\Wpf.Ui.servoStudio\servoStudio_wjhet5xd_wpftmp.csproj]
C:\UserWorx\VSWorx\ServoStudio\wpfui-servoStudio\samples\Wpf.Ui.servoStudio\Models\ModbusRegister.cs(16,27): warning IDE0055: 淇鏍煎紡 (https://learn.microsoft.com/dotnet/fundamentals/code-analysis/style-rules/ide0055) [C:\UserWorx\VSWorx\ServoStudio\wpfui-servoStudio\samples\Wpf.Ui.servoStudio\servoStudio_wjhet5xd_wpftmp.csproj]
C:\UserWorx\VSWorx\ServoStudio\wpfui-servoStudio\samples\Wpf.Ui.servoStudio\Models\ModbusRegister.cs(16,37): warning IDE0055: 淇鏍煎紡 (https://learn.microsoft.com/dotnet/fundamentals/code-analysis/style-rules/ide0055) [C:\UserWorx\VSWorx\ServoStudio\wpfui-servoStudio\samples\Wpf.Ui.servoStudio\servoStudio_wjhet5xd_wpftmp.csproj]
C:\UserWorx\VSWorx\ServoStudio\wpfui-servoStudio\samples\Wpf.Ui.servoStudio\Models\ModbusRegister.cs(17,25): warning IDE0055: 淇鏍煎紡 (https://learn.microsoft.com/dotnet/fundamentals/code-analysis/style-rules/ide0055) [C:\UserWorx\VSWorx\ServoStudio\wpfui-servoStudio\samples\Wpf.Ui.servoStudio\servoStudio_wjhet5xd_wpftmp.csproj]
C:\UserWorx\VSWorx\ServoStudio\wpfui-servoStudio\samples\Wpf.Ui.servoStudio\Models\ModbusRegister.cs(17,27): warning IDE0055: 淇鏍煎紡 (https://learn.microsoft.com/dotnet/fundamentals/code-analysis/style-rules/ide0055) [C:\UserWorx\VSWorx\ServoStudio\wpfui-servoStudio\samples\Wpf.Ui.servoStudio\servoStudio_wjhet5xd_wpftmp.csproj]
C:\UserWorx\VSWorx\ServoStudio\wpfui-servoStudio\samples\Wpf.Ui.servoStudio\Models\ModbusRegister.cs(17,37): warning IDE0055: 淇鏍煎紡 (https://learn.microsoft.com/dotnet/fundamentals/code-analysis/style-rules/ide0055) [C:\UserWorx\VSWorx\ServoStudio\wpfui-servoStudio\samples\Wpf.Ui.servoStudio\servoStudio_wjhet5xd_wpftmp.csproj]
C:\UserWorx\VSWorx\ServoStudio\wpfui-servoStudio\samples\Wpf.Ui.servoStudio\Models\ModbusRegister.cs(18,25): warning IDE0055: 淇鏍煎紡 (https://learn.microsoft.com/dotnet/fundamentals/code-analysis/style-rules/ide0055) [C:\UserWorx\VSWorx\ServoStudio\wpfui-servoStudio\samples\Wpf.Ui.servoStudio\servoStudio_wjhet5xd_wpftmp.csproj]
C:\UserWorx\VSWorx\ServoStudio\wpfui-servoStudio\samples\Wpf.Ui.servoStudio\Models\ModbusRegister.cs(18,27): warning IDE0055: 淇鏍煎紡 (https://learn.microsoft.com/dotnet/fundamentals/code-analysis/style-rules/ide0055) [C:\UserWorx\VSWorx\ServoStudio\wpfui-servoStudio\samples\Wpf.Ui.servoStudio\servoStudio_wjhet5xd_wpftmp.csproj]
C:\UserWorx\VSWorx\ServoStudio\wpfui-servoStudio\samples\Wpf.Ui.servoStudio\Models\ModbusRegister.cs(18,37): warning IDE0055: 淇鏍煎紡 (https://learn.microsoft.com/dotnet/fundamentals/code-analysis/style-rules/ide0055) [C:\UserWorx\VSWorx\ServoStudio\wpfui-servoStudio\samples\Wpf.Ui.servoStudio\servoStudio_wjhet5xd_wpftmp.csproj]
C:\UserWorx\VSWorx\ServoStudio\wpfui-servoStudio\samples\Wpf.Ui.servoStudio\Models\ModbusRegister.cs(19,25): warning IDE0055: 淇鏍煎紡 (https://learn.microsoft.com/dotnet/fundamentals/code-analysis/style-rules/ide0055) [C:\UserWorx\VSWorx\ServoStudio\wpfui-servoStudio\samples\Wpf.Ui.servoStudio\servoStudio_wjhet5xd_wpftmp.csproj]
C:\UserWorx\VSWorx\ServoStudio\wpfui-servoStudio\samples\Wpf.Ui.servoStudio\Models\ModbusRegister.cs(19,27): warning IDE0055: 淇鏍煎紡 (https://learn.microsoft.com/dotnet/fundamentals/code-analysis/style-rules/ide0055) [C:\UserWorx\VSWorx\ServoStudio\wpfui-servoStudio\samples\Wpf.Ui.servoStudio\servoStudio_wjhet5xd_wpftmp.csproj]
C:\UserWorx\VSWorx\ServoStudio\wpfui-servoStudio\samples\Wpf.Ui.servoStudio\Models\ModbusRegister.cs(19,37): warning IDE0055: 淇鏍煎紡 (https://learn.microsoft.com/dotnet/fundamentals/code-analysis/style-rules/ide0055) [C:\UserWorx\VSWorx\ServoStudio\wpfui-servoStudio\samples\Wpf.Ui.servoStudio\servoStudio_wjhet5xd_wpftmp.csproj]
C:\UserWorx\VSWorx\ServoStudio\wpfui-servoStudio\samples\Wpf.Ui.servoStudio\Models\ModbusRegister.cs(20,25): warning IDE0055: 淇鏍煎紡 (https://learn.microsoft.com/dotnet/fundamentals/code-analysis/style-rules/ide0055) [C:\UserWorx\VSWorx\ServoStudio\wpfui-servoStudio\samples\Wpf.Ui.servoStudio\servoStudio_wjhet5xd_wpftmp.csproj]
C:\UserWorx\VSWorx\ServoStudio\wpfui-servoStudio\samples\Wpf.Ui.servoStudio\Models\ModbusRegister.cs(20,27): warning IDE0055: 淇鏍煎紡 (https://learn.microsoft.com/dotnet/fundamentals/code-analysis/style-rules/ide0055) [C:\UserWorx\VSWorx\ServoStudio\wpfui-servoStudio\samples\Wpf.Ui.servoStudio\servoStudio_wjhet5xd_wpftmp.csproj]
C:\UserWorx\VSWorx\ServoStudio\wpfui-servoStudio\samples\Wpf.Ui.servoStudio\Models\ModbusRegister.cs(20,37): warning IDE0055: 淇鏍煎紡 (https://learn.microsoft.com/dotnet/fundamentals/code-analysis/style-rules/ide0055) [C:\UserWorx\VSWorx\ServoStudio\wpfui-servoStudio\samples\Wpf.Ui.servoStudio\servoStudio_wjhet5xd_wpftmp.csproj]
C:\UserWorx\VSWorx\ServoStudio\wpfui-servoStudio\samples\Wpf.Ui.servoStudio\Models\ModbusRegister.cs(21,25): warning IDE0055: 淇鏍煎紡 (https://learn.microsoft.com/dotnet/fundamentals/code-analysis/style-rules/ide0055) [C:\UserWorx\VSWorx\ServoStudio\wpfui-servoStudio\samples\Wpf.Ui.servoStudio\servoStudio_wjhet5xd_wpftmp.csproj]
C:\UserWorx\VSWorx\ServoStudio\wpfui-servoStudio\samples\Wpf.Ui.servoStudio\Models\ModbusRegister.cs(21,27): warning IDE0055: 淇鏍煎紡 (https://learn.microsoft.com/dotnet/fundamentals/code-analysis/style-rules/ide0055) [C:\UserWorx\VSWorx\ServoStudio\wpfui-servoStudio\samples\Wpf.Ui.servoStudio\servoStudio_wjhet5xd_wpftmp.csproj]
C:\UserWorx\VSWorx\ServoStudio\wpfui-servoStudio\samples\Wpf.Ui.servoStudio\Models\ModbusRegister.cs(21,37): warning IDE0055: 淇鏍煎紡 (https://learn.microsoft.com/dotnet/fundamentals/code-analysis/style-rules/ide0055) [C:\UserWorx\VSWorx\ServoStudio\wpfui-servoStudio\samples\Wpf.Ui.servoStudio\servoStudio_wjhet5xd_wpftmp.csproj]
C:\UserWorx\VSWorx\ServoStudio\wpfui-servoStudio\samples\Wpf.Ui.servoStudio\Models\ModbusRegister.cs(22,25): warning IDE0055: 淇鏍煎紡 (https://learn.microsoft.com/dotnet/fundamentals/code-analysis/style-rules/ide0055) [C:\UserWorx\VSWorx\ServoStudio\wpfui-servoStudio\samples\Wpf.Ui.servoStudio\servoStudio_wjhet5xd_wpftmp.csproj]
C:\UserWorx\VSWorx\ServoStudio\wpfui-servoStudio\samples\Wpf.Ui.servoStudio\Models\ModbusRegister.cs(22,27): warning IDE0055: 淇鏍煎紡 (https://learn.microsoft.com/dotnet/fundamentals/code-analysis/style-rules/ide0055) [C:\UserWorx\VSWorx\ServoStudio\wpfui-servoStudio\samples\Wpf.Ui.servoStudio\servoStudio_wjhet5xd_wpftmp.csproj]
C:\UserWorx\VSWorx\ServoStudio\wpfui-servoStudio\samples\Wpf.Ui.servoStudio\Models\ModbusRegister.cs(22,37): warning IDE0055: 淇鏍煎紡 (https://learn.microsoft.com/dotnet/fundamentals/code-analysis/style-rules/ide0055) [C:\UserWorx\VSWorx\ServoStudio\wpfui-servoStudio\samples\Wpf.Ui.servoStudio\servoStudio_wjhet5xd_wpftmp.csproj]
C:\UserWorx\VSWorx\ServoStudio\wpfui-servoStudio\samples\Wpf.Ui.servoStudio\Models\ModbusRegister.cs(23,25): warning IDE0055: 淇鏍煎紡 (https://learn.microsoft.com/dotnet/fundamentals/code-analysis/style-rules/ide0055) [C:\UserWorx\VSWorx\ServoStudio\wpfui-servoStudio\samples\Wpf.Ui.servoStudio\servoStudio_wjhet5xd_wpftmp.csproj]
C:\UserWorx\VSWorx\ServoStudio\wpfui-servoStudio\samples\Wpf.Ui.servoStudio\Models\ModbusRegister.cs(23,27): warning IDE0055: 淇鏍煎紡 (https://learn.microsoft.com/dotnet/fundamentals/code-analysis/style-rules/ide0055) [C:\UserWorx\VSWorx\ServoStudio\wpfui-servoStudio\samples\Wpf.Ui.servoStudio\servoStudio_wjhet5xd_wpftmp.csproj]
C:\UserWorx\VSWorx\ServoStudio\wpfui-servoStudio\samples\Wpf.Ui.servoStudio\Models\ModbusRegister.cs(23,37): warning IDE0055: 淇鏍煎紡 (https://learn.microsoft.com/dotnet/fundamentals/code-analysis/style-rules/ide0055) [C:\UserWorx\VSWorx\ServoStudio\wpfui-servoStudio\samples\Wpf.Ui.servoStudio\servoStudio_wjhet5xd_wpftmp.csproj]
C:\UserWorx\VSWorx\ServoStudio\wpfui-servoStudio\samples\Wpf.Ui.servoStudio\Models\MotorIdentificationModel.cs(52,40): warning IDE0055: 淇鏍煎紡 (https://learn.microsoft.com/dotnet/fundamentals/code-analysis/style-rules/ide0055) [C:\UserWorx\VSWorx\ServoStudio\wpfui-servoStudio\samples\Wpf.Ui.servoStudio\servoStudio_wjhet5xd_wpftmp.csproj]
C:\UserWorx\VSWorx\ServoStudio\wpfui-servoStudio\samples\Wpf.Ui.servoStudio\Models\MotorIdentificationModel.cs(52,42): warning IDE0055: 淇鏍煎紡 (https://learn.microsoft.com/dotnet/fundamentals/code-analysis/style-rules/ide0055) [C:\UserWorx\VSWorx\ServoStudio\wpfui-servoStudio\samples\Wpf.Ui.servoStudio\servoStudio_wjhet5xd_wpftmp.csproj]
C:\UserWorx\VSWorx\ServoStudio\wpfui-servoStudio\samples\Wpf.Ui.servoStudio\Models\MotorIdentificationModel.cs(52,52): warning IDE0055: 淇鏍煎紡 (https://learn.microsoft.com/dotnet/fundamentals/code-analysis/style-rules/ide0055) [C:\UserWorx\VSWorx\ServoStudio\wpfui-servoStudio\samples\Wpf.Ui.servoStudio\servoStudio_wjhet5xd_wpftmp.csproj]
C:\UserWorx\VSWorx\ServoStudio\wpfui-servoStudio\samples\Wpf.Ui.servoStudio\Models\MotorIdentificationModel.cs(55,35): warning IDE0055: 淇鏍煎紡 (https://learn.microsoft.com/dotnet/fundamentals/code-analysis/style-rules/ide0055) [C:\UserWorx\VSWorx\ServoStudio\wpfui-servoStudio\samples\Wpf.Ui.servoStudio\servoStudio_wjhet5xd_wpftmp.csproj]
C:\UserWorx\VSWorx\ServoStudio\wpfui-servoStudio\samples\Wpf.Ui.servoStudio\Models\MotorIdentificationModel.cs(55,37): warning IDE0055: 淇鏍煎紡 (https://learn.microsoft.com/dotnet/fundamentals/code-analysis/style-rules/ide0055) [C:\UserWorx\VSWorx\ServoStudio\wpfui-servoStudio\samples\Wpf.Ui.servoStudio\servoStudio_wjhet5xd_wpftmp.csproj]
C:\UserWorx\VSWorx\ServoStudio\wpfui-servoStudio\samples\Wpf.Ui.servoStudio\Models\MotorIdentificationModel.cs(55,47): warning IDE0055: 淇鏍煎紡 (https://learn.microsoft.com/dotnet/fundamentals/code-analysis/style-rules/ide0055) [C:\UserWorx\VSWorx\ServoStudio\wpfui-servoStudio\samples\Wpf.Ui.servoStudio\servoStudio_wjhet5xd_wpftmp.csproj]
C:\UserWorx\VSWorx\ServoStudio\wpfui-servoStudio\samples\Wpf.Ui.servoStudio\Models\MotorIdentificationModel.cs(58,34): warning IDE0055: 淇鏍煎紡 (https://learn.microsoft.com/dotnet/fundamentals/code-analysis/style-rules/ide0055) [C:\UserWorx\VSWorx\ServoStudio\wpfui-servoStudio\samples\Wpf.Ui.servoStudio\servoStudio_wjhet5xd_wpftmp.csproj]
C:\UserWorx\VSWorx\ServoStudio\wpfui-servoStudio\samples\Wpf.Ui.servoStudio\Models\MotorIdentificationModel.cs(58,36): warning IDE0055: 淇鏍煎紡 (https://learn.microsoft.com/dotnet/fundamentals/code-analysis/style-rules/ide0055) [C:\UserWorx\VSWorx\ServoStudio\wpfui-servoStudio\samples\Wpf.Ui.servoStudio\servoStudio_wjhet5xd_wpftmp.csproj]
C:\UserWorx\VSWorx\ServoStudio\wpfui-servoStudio\samples\Wpf.Ui.servoStudio\Models\MotorIdentificationModel.cs(58,46): warning IDE0055: 淇鏍煎紡 (https://learn.microsoft.com/dotnet/fundamentals/code-analysis/style-rules/ide0055) [C:\UserWorx\VSWorx\ServoStudio\wpfui-servoStudio\samples\Wpf.Ui.servoStudio\servoStudio_wjhet5xd_wpftmp.csproj]
C:\UserWorx\VSWorx\ServoStudio\wpfui-servoStudio\samples\Wpf.Ui.servoStudio\Models\MotorIdentificationModel.cs(61,34): warning IDE0055: 淇鏍煎紡 (https://learn.microsoft.com/dotnet/fundamentals/code-analysis/style-rules/ide0055) [C:\UserWorx\VSWorx\ServoStudio\wpfui-servoStudio\samples\Wpf.Ui.servoStudio\servoStudio_wjhet5xd_wpftmp.csproj]
C:\UserWorx\VSWorx\ServoStudio\wpfui-servoStudio\samples\Wpf.Ui.servoStudio\Models\MotorIdentificationModel.cs(61,36): warning IDE0055: 淇鏍煎紡 (https://learn.microsoft.com/dotnet/fundamentals/code-analysis/style-rules/ide0055) [C:\UserWorx\VSWorx\ServoStudio\wpfui-servoStudio\samples\Wpf.Ui.servoStudio\servoStudio_wjhet5xd_wpftmp.csproj]
C:\UserWorx\VSWorx\ServoStudio\wpfui-servoStudio\samples\Wpf.Ui.servoStudio\Models\MotorIdentificationModel.cs(61,46): warning IDE0055: 淇鏍煎紡 (https://learn.microsoft.com/dotnet/fundamentals/code-analysis/style-rules/ide0055) [C:\UserWorx\VSWorx\ServoStudio\wpfui-servoStudio\samples\Wpf.Ui.servoStudio\servoStudio_wjhet5xd_wpftmp.csproj]
C:\UserWorx\VSWorx\ServoStudio\wpfui-servoStudio\samples\Wpf.Ui.servoStudio\Models\MotorIdentificationModel.cs(64,34): warning IDE0055: 淇鏍煎紡 (https://learn.microsoft.com/dotnet/fundamentals/code-analysis/style-rules/ide0055) [C:\UserWorx\VSWorx\ServoStudio\wpfui-servoStudio\samples\Wpf.Ui.servoStudio\servoStudio_wjhet5xd_wpftmp.csproj]
C:\UserWorx\VSWorx\ServoStudio\wpfui-servoStudio\samples\Wpf.Ui.servoStudio\Models\MotorIdentificationModel.cs(64,36): warning IDE0055: 淇鏍煎紡 (https://learn.microsoft.com/dotnet/fundamentals/code-analysis/style-rules/ide0055) [C:\UserWorx\VSWorx\ServoStudio\wpfui-servoStudio\samples\Wpf.Ui.servoStudio\servoStudio_wjhet5xd_wpftmp.csproj]
C:\UserWorx\VSWorx\ServoStudio\wpfui-servoStudio\samples\Wpf.Ui.servoStudio\Models\MotorIdentificationModel.cs(64,46): warning IDE0055: 淇鏍煎紡 (https://learn.microsoft.com/dotnet/fundamentals/code-analysis/style-rules/ide0055) [C:\UserWorx\VSWorx\ServoStudio\wpfui-servoStudio\samples\Wpf.Ui.servoStudio\servoStudio_wjhet5xd_wpftmp.csproj]
C:\UserWorx\VSWorx\ServoStudio\wpfui-servoStudio\samples\Wpf.Ui.servoStudio\Models\MotorIdentificationModel.cs(67,30): warning IDE0055: 淇鏍煎紡 (https://learn.microsoft.com/dotnet/fundamentals/code-analysis/style-rules/ide0055) [C:\UserWorx\VSWorx\ServoStudio\wpfui-servoStudio\samples\Wpf.Ui.servoStudio\servoStudio_wjhet5xd_wpftmp.csproj]
C:\UserWorx\VSWorx\ServoStudio\wpfui-servoStudio\samples\Wpf.Ui.servoStudio\Models\MotorIdentificationModel.cs(67,32): warning IDE0055: 淇鏍煎紡 (https://learn.microsoft.com/dotnet/fundamentals/code-analysis/style-rules/ide0055) [C:\UserWorx\VSWorx\ServoStudio\wpfui-servoStudio\samples\Wpf.Ui.servoStudio\servoStudio_wjhet5xd_wpftmp.csproj]
C:\UserWorx\VSWorx\ServoStudio\wpfui-servoStudio\samples\Wpf.Ui.servoStudio\Models\MotorIdentificationModel.cs(67,42): warning IDE0055: 淇鏍煎紡 (https://learn.microsoft.com/dotnet/fundamentals/code-analysis/style-rules/ide0055) [C:\UserWorx\VSWorx\ServoStudio\wpfui-servoStudio\samples\Wpf.Ui.servoStudio\servoStudio_wjhet5xd_wpftmp.csproj]
C:\UserWorx\VSWorx\ServoStudio\wpfui-servoStudio\samples\Wpf.Ui.servoStudio\Models\MotorIdentificationModel.cs(70,26): warning IDE0055: 淇鏍煎紡 (https://learn.microsoft.com/dotnet/fundamentals/code-analysis/style-rules/ide0055) [C:\UserWorx\VSWorx\ServoStudio\wpfui-servoStudio\samples\Wpf.Ui.servoStudio\servoStudio_wjhet5xd_wpftmp.csproj]
C:\UserWorx\VSWorx\ServoStudio\wpfui-servoStudio\samples\Wpf.Ui.servoStudio\Models\MotorIdentificationModel.cs(70,28): warning IDE0055: 淇鏍煎紡 (https://learn.microsoft.com/dotnet/fundamentals/code-analysis/style-rules/ide0055) [C:\UserWorx\VSWorx\ServoStudio\wpfui-servoStudio\samples\Wpf.Ui.servoStudio\servoStudio_wjhet5xd_wpftmp.csproj]
C:\UserWorx\VSWorx\ServoStudio\wpfui-servoStudio\samples\Wpf.Ui.servoStudio\Models\MotorIdentificationModel.cs(70,38): warning IDE0055: 淇鏍煎紡 (https://learn.microsoft.com/dotnet/fundamentals/code-analysis/style-rules/ide0055) [C:\UserWorx\VSWorx\ServoStudio\wpfui-servoStudio\samples\Wpf.Ui.servoStudio\servoStudio_wjhet5xd_wpftmp.csproj]
C:\UserWorx\VSWorx\ServoStudio\wpfui-servoStudio\samples\Wpf.Ui.servoStudio\Models\MotorIdentificationModel.cs(73,34): warning IDE0055: 淇鏍煎紡 (https://learn.microsoft.com/dotnet/fundamentals/code-analysis/style-rules/ide0055) [C:\UserWorx\VSWorx\ServoStudio\wpfui-servoStudio\samples\Wpf.Ui.servoStudio\servoStudio_wjhet5xd_wpftmp.csproj]
C:\UserWorx\VSWorx\ServoStudio\wpfui-servoStudio\samples\Wpf.Ui.servoStudio\Models\MotorIdentificationModel.cs(73,36): warning IDE0055: 淇鏍煎紡 (https://learn.microsoft.com/dotnet/fundamentals/code-analysis/style-rules/ide0055) [C:\UserWorx\VSWorx\ServoStudio\wpfui-servoStudio\samples\Wpf.Ui.servoStudio\servoStudio_wjhet5xd_wpftmp.csproj]
C:\UserWorx\VSWorx\ServoStudio\wpfui-servoStudio\samples\Wpf.Ui.servoStudio\Models\MotorIdentificationModel.cs(73,46): warning IDE0055: 淇鏍煎紡 (https://learn.microsoft.com/dotnet/fundamentals/code-analysis/style-rules/ide0055) [C:\UserWorx\VSWorx\ServoStudio\wpfui-servoStudio\samples\Wpf.Ui.servoStudio\servoStudio_wjhet5xd_wpftmp.csproj]
C:\UserWorx\VSWorx\ServoStudio\wpfui-servoStudio\samples\Wpf.Ui.servoStudio\Models\MotorIdentificationModel.cs(76,34): warning IDE0055: 淇鏍煎紡 (https://learn.microsoft.com/dotnet/fundamentals/code-analysis/style-rules/ide0055) [C:\UserWorx\VSWorx\ServoStudio\wpfui-servoStudio\samples\Wpf.Ui.servoStudio\servoStudio_wjhet5xd_wpftmp.csproj]
C:\UserWorx\VSWorx\ServoStudio\wpfui-servoStudio\samples\Wpf.Ui.servoStudio\Models\MotorIdentificationModel.cs(76,36): warning IDE0055: 淇鏍煎紡 (https://learn.microsoft.com/dotnet/fundamentals/code-analysis/style-rules/ide0055) [C:\UserWorx\VSWorx\ServoStudio\wpfui-servoStudio\samples\Wpf.Ui.servoStudio\servoStudio_wjhet5xd_wpftmp.csproj]
C:\UserWorx\VSWorx\ServoStudio\wpfui-servoStudio\samples\Wpf.Ui.servoStudio\Models\MotorIdentificationModel.cs(76,46): warning IDE0055: 淇鏍煎紡 (https://learn.microsoft.com/dotnet/fundamentals/code-analysis/style-rules/ide0055) [C:\UserWorx\VSWorx\ServoStudio\wpfui-servoStudio\samples\Wpf.Ui.servoStudio\servoStudio_wjhet5xd_wpftmp.csproj]
C:\UserWorx\VSWorx\ServoStudio\wpfui-servoStudio\samples\Wpf.Ui.servoStudio\Models\MotorIdentificationModel.cs(79,25): warning IDE0055: 淇鏍煎紡 (https://learn.microsoft.com/dotnet/fundamentals/code-analysis/style-rules/ide0055) [C:\UserWorx\VSWorx\ServoStudio\wpfui-servoStudio\samples\Wpf.Ui.servoStudio\servoStudio_wjhet5xd_wpftmp.csproj]
C:\UserWorx\VSWorx\ServoStudio\wpfui-servoStudio\samples\Wpf.Ui.servoStudio\Models\MotorIdentificationModel.cs(79,27): warning IDE0055: 淇鏍煎紡 (https://learn.microsoft.com/dotnet/fundamentals/code-analysis/style-rules/ide0055) [C:\UserWorx\VSWorx\ServoStudio\wpfui-servoStudio\samples\Wpf.Ui.servoStudio\servoStudio_wjhet5xd_wpftmp.csproj]
C:\UserWorx\VSWorx\ServoStudio\wpfui-servoStudio\samples\Wpf.Ui.servoStudio\Models\MotorIdentificationModel.cs(79,37): warning IDE0055: 淇鏍煎紡 (https://learn.microsoft.com/dotnet/fundamentals/code-analysis/style-rules/ide0055) [C:\UserWorx\VSWorx\ServoStudio\wpfui-servoStudio\samples\Wpf.Ui.servoStudio\servoStudio_wjhet5xd_wpftmp.csproj]
C:\UserWorx\VSWorx\ServoStudio\wpfui-servoStudio\samples\Wpf.Ui.servoStudio\Models\MotorIdentificationModel.cs(82,33): warning IDE0055: 淇鏍煎紡 (https://learn.microsoft.com/dotnet/fundamentals/code-analysis/style-rules/ide0055) [C:\UserWorx\VSWorx\ServoStudio\wpfui-servoStudio\samples\Wpf.Ui.servoStudio\servoStudio_wjhet5xd_wpftmp.csproj]
C:\UserWorx\VSWorx\ServoStudio\wpfui-servoStudio\samples\Wpf.Ui.servoStudio\Models\MotorIdentificationModel.cs(82,35): warning IDE0055: 淇鏍煎紡 (https://learn.microsoft.com/dotnet/fundamentals/code-analysis/style-rules/ide0055) [C:\UserWorx\VSWorx\ServoStudio\wpfui-servoStudio\samples\Wpf.Ui.servoStudio\servoStudio_wjhet5xd_wpftmp.csproj]
C:\UserWorx\VSWorx\ServoStudio\wpfui-servoStudio\samples\Wpf.Ui.servoStudio\Models\MotorIdentificationModel.cs(82,45): warning IDE0055: 淇鏍煎紡 (https://learn.microsoft.com/dotnet/fundamentals/code-analysis/style-rules/ide0055) [C:\UserWorx\VSWorx\ServoStudio\wpfui-servoStudio\samples\Wpf.Ui.servoStudio\servoStudio_wjhet5xd_wpftmp.csproj]
C:\UserWorx\VSWorx\ServoStudio\wpfui-servoStudio\samples\Wpf.Ui.servoStudio\Models\MotorIdentificationModel.cs(85,24): warning IDE0055: 淇鏍煎紡 (https://learn.microsoft.com/dotnet/fundamentals/code-analysis/style-rules/ide0055) [C:\UserWorx\VSWorx\ServoStudio\wpfui-servoStudio\samples\Wpf.Ui.servoStudio\servoStudio_wjhet5xd_wpftmp.csproj]
C:\UserWorx\VSWorx\ServoStudio\wpfui-servoStudio\samples\Wpf.Ui.servoStudio\Models\MotorIdentificationModel.cs(85,26): warning IDE0055: 淇鏍煎紡 (https://learn.microsoft.com/dotnet/fundamentals/code-analysis/style-rules/ide0055) [C:\UserWorx\VSWorx\ServoStudio\wpfui-servoStudio\samples\Wpf.Ui.servoStudio\servoStudio_wjhet5xd_wpftmp.csproj]
C:\UserWorx\VSWorx\ServoStudio\wpfui-servoStudio\samples\Wpf.Ui.servoStudio\Models\MotorIdentificationModel.cs(85,36): warning IDE0055: 淇鏍煎紡 (https://learn.microsoft.com/dotnet/fundamentals/code-analysis/style-rules/ide0055) [C:\UserWorx\VSWorx\ServoStudio\wpfui-servoStudio\samples\Wpf.Ui.servoStudio\servoStudio_wjhet5xd_wpftmp.csproj]
C:\UserWorx\VSWorx\ServoStudio\wpfui-servoStudio\samples\Wpf.Ui.servoStudio\Models\MotorIdentificationModel.cs(97,42): warning IDE0055: 淇鏍煎紡 (https://learn.microsoft.com/dotnet/fundamentals/code-analysis/style-rules/ide0055) [C:\UserWorx\VSWorx\ServoStudio\wpfui-servoStudio\samples\Wpf.Ui.servoStudio\servoStudio_wjhet5xd_wpftmp.csproj]
C:\UserWorx\VSWorx\ServoStudio\wpfui-servoStudio\samples\Wpf.Ui.servoStudio\Models\MotorIdentificationModel.cs(97,44): warning IDE0055: 淇鏍煎紡 (https://learn.microsoft.com/dotnet/fundamentals/code-analysis/style-rules/ide0055) [C:\UserWorx\VSWorx\ServoStudio\wpfui-servoStudio\samples\Wpf.Ui.servoStudio\servoStudio_wjhet5xd_wpftmp.csproj]
C:\UserWorx\VSWorx\ServoStudio\wpfui-servoStudio\samples\Wpf.Ui.servoStudio\Models\MotorIdentificationModel.cs(97,54): warning IDE0055: 淇鏍煎紡 (https://learn.microsoft.com/dotnet/fundamentals/code-analysis/style-rules/ide0055) [C:\UserWorx\VSWorx\ServoStudio\wpfui-servoStudio\samples\Wpf.Ui.servoStudio\servoStudio_wjhet5xd_wpftmp.csproj]
C:\UserWorx\VSWorx\ServoStudio\wpfui-servoStudio\samples\Wpf.Ui.servoStudio\Models\Product.cs(10,20): warning IDE0055: 淇鏍煎紡 (https://learn.microsoft.com/dotnet/fundamentals/code-analysis/style-rules/ide0055) [C:\UserWorx\VSWorx\ServoStudio\wpfui-servoStudio\samples\Wpf.Ui.servoStudio\servoStudio_wjhet5xd_wpftmp.csproj]
C:\UserWorx\VSWorx\ServoStudio\wpfui-servoStudio\samples\Wpf.Ui.servoStudio\Models\Product.cs(10,22): warning IDE0055: 淇鏍煎紡 (https://learn.microsoft.com/dotnet/fundamentals/code-analysis/style-rules/ide0055) [C:\UserWorx\VSWorx\ServoStudio\wpfui-servoStudio\samples\Wpf.Ui.servoStudio\servoStudio_wjhet5xd_wpftmp.csproj]
C:\UserWorx\VSWorx\ServoStudio\wpfui-servoStudio\samples\Wpf.Ui.servoStudio\Models\Product.cs(10,32): warning IDE0055: 淇鏍煎紡 (https://learn.microsoft.com/dotnet/fundamentals/code-analysis/style-rules/ide0055) [C:\UserWorx\VSWorx\ServoStudio\wpfui-servoStudio\samples\Wpf.Ui.servoStudio\servoStudio_wjhet5xd_wpftmp.csproj]
C:\UserWorx\VSWorx\ServoStudio\wpfui-servoStudio\samples\Wpf.Ui.servoStudio\Models\Product.cs(12,25): warning IDE0055: 淇鏍煎紡 (https://learn.microsoft.com/dotnet/fundamentals/code-analysis/style-rules/ide0055) [C:\UserWorx\VSWorx\ServoStudio\wpfui-servoStudio\samples\Wpf.Ui.servoStudio\servoStudio_wjhet5xd_wpftmp.csproj]
C:\UserWorx\VSWorx\ServoStudio\wpfui-servoStudio\samples\Wpf.Ui.servoStudio\Models\Product.cs(12,27): warning IDE0055: 淇鏍煎紡 (https://learn.microsoft.com/dotnet/fundamentals/code-analysis/style-rules/ide0055) [C:\UserWorx\VSWorx\ServoStudio\wpfui-servoStudio\samples\Wpf.Ui.servoStudio\servoStudio_wjhet5xd_wpftmp.csproj]
C:\UserWorx\VSWorx\ServoStudio\wpfui-servoStudio\samples\Wpf.Ui.servoStudio\Models\Product.cs(12,37): warning IDE0055: 淇鏍煎紡 (https://learn.microsoft.com/dotnet/fundamentals/code-analysis/style-rules/ide0055) [C:\UserWorx\VSWorx\ServoStudio\wpfui-servoStudio\samples\Wpf.Ui.servoStudio\servoStudio_wjhet5xd_wpftmp.csproj]
C:\UserWorx\VSWorx\ServoStudio\wpfui-servoStudio\samples\Wpf.Ui.servoStudio\Models\Product.cs(14,29): warning IDE0055: 淇鏍煎紡 (https://learn.microsoft.com/dotnet/fundamentals/code-analysis/style-rules/ide0055) [C:\UserWorx\VSWorx\ServoStudio\wpfui-servoStudio\samples\Wpf.Ui.servoStudio\servoStudio_wjhet5xd_wpftmp.csproj]
C:\UserWorx\VSWorx\ServoStudio\wpfui-servoStudio\samples\Wpf.Ui.servoStudio\Models\Product.cs(14,31): warning IDE0055: 淇鏍煎紡 (https://learn.microsoft.com/dotnet/fundamentals/code-analysis/style-rules/ide0055) [C:\UserWorx\VSWorx\ServoStudio\wpfui-servoStudio\samples\Wpf.Ui.servoStudio\servoStudio_wjhet5xd_wpftmp.csproj]
C:\UserWorx\VSWorx\ServoStudio\wpfui-servoStudio\samples\Wpf.Ui.servoStudio\Models\Product.cs(14,41): warning IDE0055: 淇鏍煎紡 (https://learn.microsoft.com/dotnet/fundamentals/code-analysis/style-rules/ide0055) [C:\UserWorx\VSWorx\ServoStudio\wpfui-servoStudio\samples\Wpf.Ui.servoStudio\servoStudio_wjhet5xd_wpftmp.csproj]
C:\UserWorx\VSWorx\ServoStudio\wpfui-servoStudio\samples\Wpf.Ui.servoStudio\Models\Product.cs(16,25): warning IDE0055: 淇鏍煎紡 (https://learn.microsoft.com/dotnet/fundamentals/code-analysis/style-rules/ide0055) [C:\UserWorx\VSWorx\ServoStudio\wpfui-servoStudio\samples\Wpf.Ui.servoStudio\servoStudio_wjhet5xd_wpftmp.csproj]
C:\UserWorx\VSWorx\ServoStudio\wpfui-servoStudio\samples\Wpf.Ui.servoStudio\Models\Product.cs(16,27): warning IDE0055: 淇鏍煎紡 (https://learn.microsoft.com/dotnet/fundamentals/code-analysis/style-rules/ide0055) [C:\UserWorx\VSWorx\ServoStudio\wpfui-servoStudio\samples\Wpf.Ui.servoStudio\servoStudio_wjhet5xd_wpftmp.csproj]
C:\UserWorx\VSWorx\ServoStudio\wpfui-servoStudio\samples\Wpf.Ui.servoStudio\Models\Product.cs(16,37): warning IDE0055: 淇鏍煎紡 (https://learn.microsoft.com/dotnet/fundamentals/code-analysis/style-rules/ide0055) [C:\UserWorx\VSWorx\ServoStudio\wpfui-servoStudio\samples\Wpf.Ui.servoStudio\servoStudio_wjhet5xd_wpftmp.csproj]
C:\UserWorx\VSWorx\ServoStudio\wpfui-servoStudio\samples\Wpf.Ui.servoStudio\Models\Product.cs(18,26): warning IDE0055: 淇鏍煎紡 (https://learn.microsoft.com/dotnet/fundamentals/code-analysis/style-rules/ide0055) [C:\UserWorx\VSWorx\ServoStudio\wpfui-servoStudio\samples\Wpf.Ui.servoStudio\servoStudio_wjhet5xd_wpftmp.csproj]
C:\UserWorx\VSWorx\ServoStudio\wpfui-servoStudio\samples\Wpf.Ui.servoStudio\Models\Product.cs(18,28): warning IDE0055: 淇鏍煎紡 (https://learn.microsoft.com/dotnet/fundamentals/code-analysis/style-rules/ide0055) [C:\UserWorx\VSWorx\ServoStudio\wpfui-servoStudio\samples\Wpf.Ui.servoStudio\servoStudio_wjhet5xd_wpftmp.csproj]
C:\UserWorx\VSWorx\ServoStudio\wpfui-servoStudio\samples\Wpf.Ui.servoStudio\Models\Product.cs(18,38): warning IDE0055: 淇鏍煎紡 (https://learn.microsoft.com/dotnet/fundamentals/code-analysis/style-rules/ide0055) [C:\UserWorx\VSWorx\ServoStudio\wpfui-servoStudio\samples\Wpf.Ui.servoStudio\servoStudio_wjhet5xd_wpftmp.csproj]
C:\UserWorx\VSWorx\ServoStudio\wpfui-servoStudio\samples\Wpf.Ui.servoStudio\Models\Product.cs(29,21): warning IDE0055: 淇鏍煎紡 (https://learn.microsoft.com/dotnet/fundamentals/code-analysis/style-rules/ide0055) [C:\UserWorx\VSWorx\ServoStudio\wpfui-servoStudio\samples\Wpf.Ui.servoStudio\servoStudio_wjhet5xd_wpftmp.csproj]
C:\UserWorx\VSWorx\ServoStudio\wpfui-servoStudio\samples\Wpf.Ui.servoStudio\Models\Product.cs(29,23): warning IDE0055: 淇鏍煎紡 (https://learn.microsoft.com/dotnet/fundamentals/code-analysis/style-rules/ide0055) [C:\UserWorx\VSWorx\ServoStudio\wpfui-servoStudio\samples\Wpf.Ui.servoStudio\servoStudio_wjhet5xd_wpftmp.csproj]
C:\UserWorx\VSWorx\ServoStudio\wpfui-servoStudio\samples\Wpf.Ui.servoStudio\Models\Product.cs(29,33): warning IDE0055: 淇鏍煎紡 (https://learn.microsoft.com/dotnet/fundamentals/code-analysis/style-rules/ide0055) [C:\UserWorx\VSWorx\ServoStudio\wpfui-servoStudio\samples\Wpf.Ui.servoStudio\servoStudio_wjhet5xd_wpftmp.csproj]
C:\UserWorx\VSWorx\ServoStudio\wpfui-servoStudio\samples\Wpf.Ui.servoStudio\Models\Product.cs(32,30): warning IDE0055: 淇鏍煎紡 (https://learn.microsoft.com/dotnet/fundamentals/code-analysis/style-rules/ide0055) [C:\UserWorx\VSWorx\ServoStudio\wpfui-servoStudio\samples\Wpf.Ui.servoStudio\servoStudio_wjhet5xd_wpftmp.csproj]
C:\UserWorx\VSWorx\ServoStudio\wpfui-servoStudio\samples\Wpf.Ui.servoStudio\Models\Product.cs(32,32): warning IDE0055: 淇鏍煎紡 (https://learn.microsoft.com/dotnet/fundamentals/code-analysis/style-rules/ide0055) [C:\UserWorx\VSWorx\ServoStudio\wpfui-servoStudio\samples\Wpf.Ui.servoStudio\servoStudio_wjhet5xd_wpftmp.csproj]
C:\UserWorx\VSWorx\ServoStudio\wpfui-servoStudio\samples\Wpf.Ui.servoStudio\Models\Product.cs(32,42): warning IDE0055: 淇鏍煎紡 (https://learn.microsoft.com/dotnet/fundamentals/code-analysis/style-rules/ide0055) [C:\UserWorx\VSWorx\ServoStudio\wpfui-servoStudio\samples\Wpf.Ui.servoStudio\servoStudio_wjhet5xd_wpftmp.csproj]
C:\UserWorx\VSWorx\ServoStudio\wpfui-servoStudio\samples\Wpf.Ui.servoStudio\Models\Product.cs(35,34): warning IDE0055: 淇鏍煎紡 (https://learn.microsoft.com/dotnet/fundamentals/code-analysis/style-rules/ide0055) [C:\UserWorx\VSWorx\ServoStudio\wpfui-servoStudio\samples\Wpf.Ui.servoStudio\servoStudio_wjhet5xd_wpftmp.csproj]
C:\UserWorx\VSWorx\ServoStudio\wpfui-servoStudio\samples\Wpf.Ui.servoStudio\Models\Product.cs(35,36): warning IDE0055: 淇鏍煎紡 (https://learn.microsoft.com/dotnet/fundamentals/code-analysis/style-rules/ide0055) [C:\UserWorx\VSWorx\ServoStudio\wpfui-servoStudio\samples\Wpf.Ui.servoStudio\servoStudio_wjhet5xd_wpftmp.csproj]
C:\UserWorx\VSWorx\ServoStudio\wpfui-servoStudio\samples\Wpf.Ui.servoStudio\Models\Product.cs(35,46): warning IDE0055: 淇鏍煎紡 (https://learn.microsoft.com/dotnet/fundamentals/code-analysis/style-rules/ide0055) [C:\UserWorx\VSWorx\ServoStudio\wpfui-servoStudio\samples\Wpf.Ui.servoStudio\servoStudio_wjhet5xd_wpftmp.csproj]
C:\UserWorx\VSWorx\ServoStudio\wpfui-servoStudio\samples\Wpf.Ui.servoStudio\Models\Product.cs(41,26): warning IDE0055: 淇鏍煎紡 (https://learn.microsoft.com/dotnet/fundamentals/code-analysis/style-rules/ide0055) [C:\UserWorx\VSWorx\ServoStudio\wpfui-servoStudio\samples\Wpf.Ui.servoStudio\servoStudio_wjhet5xd_wpftmp.csproj]
C:\UserWorx\VSWorx\ServoStudio\wpfui-servoStudio\samples\Wpf.Ui.servoStudio\Models\Product.cs(41,28): warning IDE0055: 淇鏍煎紡 (https://learn.microsoft.com/dotnet/fundamentals/code-analysis/style-rules/ide0055) [C:\UserWorx\VSWorx\ServoStudio\wpfui-servoStudio\samples\Wpf.Ui.servoStudio\servoStudio_wjhet5xd_wpftmp.csproj]
C:\UserWorx\VSWorx\ServoStudio\wpfui-servoStudio\samples\Wpf.Ui.servoStudio\Models\Product.cs(41,38): warning IDE0055: 淇鏍煎紡 (https://learn.microsoft.com/dotnet/fundamentals/code-analysis/style-rules/ide0055) [C:\UserWorx\VSWorx\ServoStudio\wpfui-servoStudio\samples\Wpf.Ui.servoStudio\servoStudio_wjhet5xd_wpftmp.csproj]
C:\UserWorx\VSWorx\ServoStudio\wpfui-servoStudio\samples\Wpf.Ui.servoStudio\Models\Product.cs(86,34): warning IDE0055: 淇鏍煎紡 (https://learn.microsoft.com/dotnet/fundamentals/code-analysis/style-rules/ide0055) [C:\UserWorx\VSWorx\ServoStudio\wpfui-servoStudio\samples\Wpf.Ui.servoStudio\servoStudio_wjhet5xd_wpftmp.csproj]
C:\UserWorx\VSWorx\ServoStudio\wpfui-servoStudio\samples\Wpf.Ui.servoStudio\Models\Product.cs(87,34): warning IDE0055: 淇鏍煎紡 (https://learn.microsoft.com/dotnet/fundamentals/code-analysis/style-rules/ide0055) [C:\UserWorx\VSWorx\ServoStudio\wpfui-servoStudio\samples\Wpf.Ui.servoStudio\servoStudio_wjhet5xd_wpftmp.csproj]
C:\UserWorx\VSWorx\ServoStudio\wpfui-servoStudio\samples\Wpf.Ui.servoStudio\Models\Product.cs(88,34): warning IDE0055: 淇鏍煎紡 (https://learn.microsoft.com/dotnet/fundamentals/code-analysis/style-rules/ide0055) [C:\UserWorx\VSWorx\ServoStudio\wpfui-servoStudio\samples\Wpf.Ui.servoStudio\servoStudio_wjhet5xd_wpftmp.csproj]
C:\UserWorx\VSWorx\ServoStudio\wpfui-servoStudio\samples\Wpf.Ui.servoStudio\Models\Product.cs(89,38): warning IDE0055: 淇鏍煎紡 (https://learn.microsoft.com/dotnet/fundamentals/code-analysis/style-rules/ide0055) [C:\UserWorx\VSWorx\ServoStudio\wpfui-servoStudio\samples\Wpf.Ui.servoStudio\servoStudio_wjhet5xd_wpftmp.csproj]
C:\UserWorx\VSWorx\ServoStudio\wpfui-servoStudio\samples\Wpf.Ui.servoStudio\Models\Product.cs(90,40): warning IDE0055: 淇鏍煎紡 (https://learn.microsoft.com/dotnet/fundamentals/code-analysis/style-rules/ide0055) [C:\UserWorx\VSWorx\ServoStudio\wpfui-servoStudio\samples\Wpf.Ui.servoStudio\servoStudio_wjhet5xd_wpftmp.csproj]
C:\UserWorx\VSWorx\ServoStudio\wpfui-servoStudio\samples\Wpf.Ui.servoStudio\Models\Product.cs(91,40): warning IDE0055: 淇鏍煎紡 (https://learn.microsoft.com/dotnet/fundamentals/code-analysis/style-rules/ide0055) [C:\UserWorx\VSWorx\ServoStudio\wpfui-servoStudio\samples\Wpf.Ui.servoStudio\servoStudio_wjhet5xd_wpftmp.csproj]
C:\UserWorx\VSWorx\ServoStudio\wpfui-servoStudio\samples\Wpf.Ui.servoStudio\Models\Product.cs(92,47): warning IDE0055: 淇鏍煎紡 (https://learn.microsoft.com/dotnet/fundamentals/code-analysis/style-rules/ide0055) [C:\UserWorx\VSWorx\ServoStudio\wpfui-servoStudio\samples\Wpf.Ui.servoStudio\servoStudio_wjhet5xd_wpftmp.csproj]
C:\UserWorx\VSWorx\ServoStudio\wpfui-servoStudio\samples\Wpf.Ui.servoStudio\Models\RegisterRow.cs(18,31): warning IDE0055: 淇鏍煎紡 (https://learn.microsoft.com/dotnet/fundamentals/code-analysis/style-rules/ide0055) [C:\UserWorx\VSWorx\ServoStudio\wpfui-servoStudio\samples\Wpf.Ui.servoStudio\servoStudio_wjhet5xd_wpftmp.csproj]
C:\UserWorx\VSWorx\ServoStudio\wpfui-servoStudio\samples\Wpf.Ui.servoStudio\Models\RegisterRow.cs(18,33): warning IDE0055: 淇鏍煎紡 (https://learn.microsoft.com/dotnet/fundamentals/code-analysis/style-rules/ide0055) [C:\UserWorx\VSWorx\ServoStudio\wpfui-servoStudio\samples\Wpf.Ui.servoStudio\servoStudio_wjhet5xd_wpftmp.csproj]
C:\UserWorx\VSWorx\ServoStudio\wpfui-servoStudio\samples\Wpf.Ui.servoStudio\Models\RegisterRow.cs(18,44): warning IDE0055: 淇鏍煎紡 (https://learn.microsoft.com/dotnet/fundamentals/code-analysis/style-rules/ide0055) [C:\UserWorx\VSWorx\ServoStudio\wpfui-servoStudio\samples\Wpf.Ui.servoStudio\servoStudio_wjhet5xd_wpftmp.csproj]
C:\UserWorx\VSWorx\ServoStudio\wpfui-servoStudio\samples\Wpf.Ui.servoStudio\Models\RegisterRow.cs(24,24): warning IDE0055: 淇鏍煎紡 (https://learn.microsoft.com/dotnet/fundamentals/code-analysis/style-rules/ide0055) [C:\UserWorx\VSWorx\ServoStudio\wpfui-servoStudio\samples\Wpf.Ui.servoStudio\servoStudio_wjhet5xd_wpftmp.csproj]
C:\UserWorx\VSWorx\ServoStudio\wpfui-servoStudio\samples\Wpf.Ui.servoStudio\Models\RegisterRow.cs(24,26): warning IDE0055: 淇鏍煎紡 (https://learn.microsoft.com/dotnet/fundamentals/code-analysis/style-rules/ide0055) [C:\UserWorx\VSWorx\ServoStudio\wpfui-servoStudio\samples\Wpf.Ui.servoStudio\servoStudio_wjhet5xd_wpftmp.csproj]
C:\UserWorx\VSWorx\ServoStudio\wpfui-servoStudio\samples\Wpf.Ui.servoStudio\Models\RegisterRow.cs(24,37): warning IDE0055: 淇鏍煎紡 (https://learn.microsoft.com/dotnet/fundamentals/code-analysis/style-rules/ide0055) [C:\UserWorx\VSWorx\ServoStudio\wpfui-servoStudio\samples\Wpf.Ui.servoStudio\servoStudio_wjhet5xd_wpftmp.csproj]
C:\UserWorx\VSWorx\ServoStudio\wpfui-servoStudio\samples\Wpf.Ui.servoStudio\Models\RegisterRow.cs(27,25): warning IDE0055: 淇鏍煎紡 (https://learn.microsoft.com/dotnet/fundamentals/code-analysis/style-rules/ide0055) [C:\UserWorx\VSWorx\ServoStudio\wpfui-servoStudio\samples\Wpf.Ui.servoStudio\servoStudio_wjhet5xd_wpftmp.csproj]
C:\UserWorx\VSWorx\ServoStudio\wpfui-servoStudio\samples\Wpf.Ui.servoStudio\Models\RegisterRow.cs(27,27): warning IDE0055: 淇鏍煎紡 (https://learn.microsoft.com/dotnet/fundamentals/code-analysis/style-rules/ide0055) [C:\UserWorx\VSWorx\ServoStudio\wpfui-servoStudio\samples\Wpf.Ui.servoStudio\servoStudio_wjhet5xd_wpftmp.csproj]
C:\UserWorx\VSWorx\ServoStudio\wpfui-servoStudio\samples\Wpf.Ui.servoStudio\Models\RegisterRow.cs(27,38): warning IDE0055: 淇鏍煎紡 (https://learn.microsoft.com/dotnet/fundamentals/code-analysis/style-rules/ide0055) [C:\UserWorx\VSWorx\ServoStudio\wpfui-servoStudio\samples\Wpf.Ui.servoStudio\servoStudio_wjhet5xd_wpftmp.csproj]
C:\UserWorx\VSWorx\ServoStudio\wpfui-servoStudio\samples\Wpf.Ui.servoStudio\Models\RegisterRow.cs(71,34): warning IDE0055: 淇鏍煎紡 (https://learn.microsoft.com/dotnet/fundamentals/code-analysis/style-rules/ide0055) [C:\UserWorx\VSWorx\ServoStudio\wpfui-servoStudio\samples\Wpf.Ui.servoStudio\servoStudio_wjhet5xd_wpftmp.csproj]
C:\UserWorx\VSWorx\ServoStudio\wpfui-servoStudio\samples\Wpf.Ui.servoStudio\Models\SerialPorts.cs(14,28): warning IDE0055: 淇鏍煎紡 (https://learn.microsoft.com/dotnet/fundamentals/code-analysis/style-rules/ide0055) [C:\UserWorx\VSWorx\ServoStudio\wpfui-servoStudio\samples\Wpf.Ui.servoStudio\servoStudio_wjhet5xd_wpftmp.csproj]
C:\UserWorx\VSWorx\ServoStudio\wpfui-servoStudio\samples\Wpf.Ui.servoStudio\Models\SerialPorts.cs(14,30): warning IDE0055: 淇鏍煎紡 (https://learn.microsoft.com/dotnet/fundamentals/code-analysis/style-rules/ide0055) [C:\UserWorx\VSWorx\ServoStudio\wpfui-servoStudio\samples\Wpf.Ui.servoStudio\servoStudio_wjhet5xd_wpftmp.csproj]
C:\UserWorx\VSWorx\ServoStudio\wpfui-servoStudio\samples\Wpf.Ui.servoStudio\Models\SerialPorts.cs(14,40): warning IDE0055: 淇鏍煎紡 (https://learn.microsoft.com/dotnet/fundamentals/code-analysis/style-rules/ide0055) [C:\UserWorx\VSWorx\ServoStudio\wpfui-servoStudio\samples\Wpf.Ui.servoStudio\servoStudio_wjhet5xd_wpftmp.csproj]
C:\UserWorx\VSWorx\ServoStudio\wpfui-servoStudio\samples\Wpf.Ui.servoStudio\Models\SerialPorts.cs(16,21): warning IDE0055: 淇鏍煎紡 (https://learn.microsoft.com/dotnet/fundamentals/code-analysis/style-rules/ide0055) [C:\UserWorx\VSWorx\ServoStudio\wpfui-servoStudio\samples\Wpf.Ui.servoStudio\servoStudio_wjhet5xd_wpftmp.csproj]
C:\UserWorx\VSWorx\ServoStudio\wpfui-servoStudio\samples\Wpf.Ui.servoStudio\Models\SerialPorts.cs(16,23): warning IDE0055: 淇鏍煎紡 (https://learn.microsoft.com/dotnet/fundamentals/code-analysis/style-rules/ide0055) [C:\UserWorx\VSWorx\ServoStudio\wpfui-servoStudio\samples\Wpf.Ui.servoStudio\servoStudio_wjhet5xd_wpftmp.csproj]
C:\UserWorx\VSWorx\ServoStudio\wpfui-servoStudio\samples\Wpf.Ui.servoStudio\Models\SerialPorts.cs(16,33): warning IDE0055: 淇鏍煎紡 (https://learn.microsoft.com/dotnet/fundamentals/code-analysis/style-rules/ide0055) [C:\UserWorx\VSWorx\ServoStudio\wpfui-servoStudio\samples\Wpf.Ui.servoStudio\servoStudio_wjhet5xd_wpftmp.csproj]
C:\UserWorx\VSWorx\ServoStudio\wpfui-servoStudio\samples\Wpf.Ui.servoStudio\Models\SerialPorts.cs(18,27): warning IDE0055: 淇鏍煎紡 (https://learn.microsoft.com/dotnet/fundamentals/code-analysis/style-rules/ide0055) [C:\UserWorx\VSWorx\ServoStudio\wpfui-servoStudio\samples\Wpf.Ui.servoStudio\servoStudio_wjhet5xd_wpftmp.csproj]
C:\UserWorx\VSWorx\ServoStudio\wpfui-servoStudio\samples\Wpf.Ui.servoStudio\Models\SerialPorts.cs(18,29): warning IDE0055: 淇鏍煎紡 (https://learn.microsoft.com/dotnet/fundamentals/code-analysis/style-rules/ide0055) [C:\UserWorx\VSWorx\ServoStudio\wpfui-servoStudio\samples\Wpf.Ui.servoStudio\servoStudio_wjhet5xd_wpftmp.csproj]
C:\UserWorx\VSWorx\ServoStudio\wpfui-servoStudio\samples\Wpf.Ui.servoStudio\Models\SerialPorts.cs(18,39): warning IDE0055: 淇鏍煎紡 (https://learn.microsoft.com/dotnet/fundamentals/code-analysis/style-rules/ide0055) [C:\UserWorx\VSWorx\ServoStudio\wpfui-servoStudio\samples\Wpf.Ui.servoStudio\servoStudio_wjhet5xd_wpftmp.csproj]
C:\UserWorx\VSWorx\ServoStudio\wpfui-servoStudio\samples\Wpf.Ui.servoStudio\Models\SerialPorts.cs(20,29): warning IDE0055: 淇鏍煎紡 (https://learn.microsoft.com/dotnet/fundamentals/code-analysis/style-rules/ide0055) [C:\UserWorx\VSWorx\ServoStudio\wpfui-servoStudio\samples\Wpf.Ui.servoStudio\servoStudio_wjhet5xd_wpftmp.csproj]
C:\UserWorx\VSWorx\ServoStudio\wpfui-servoStudio\samples\Wpf.Ui.servoStudio\Models\SerialPorts.cs(20,31): warning IDE0055: 淇鏍煎紡 (https://learn.microsoft.com/dotnet/fundamentals/code-analysis/style-rules/ide0055) [C:\UserWorx\VSWorx\ServoStudio\wpfui-servoStudio\samples\Wpf.Ui.servoStudio\servoStudio_wjhet5xd_wpftmp.csproj]
C:\UserWorx\VSWorx\ServoStudio\wpfui-servoStudio\samples\Wpf.Ui.servoStudio\Models\SerialPorts.cs(20,41): warning IDE0055: 淇鏍煎紡 (https://learn.microsoft.com/dotnet/fundamentals/code-analysis/style-rules/ide0055) [C:\UserWorx\VSWorx\ServoStudio\wpfui-servoStudio\samples\Wpf.Ui.servoStudio\servoStudio_wjhet5xd_wpftmp.csproj]
C:\UserWorx\VSWorx\ServoStudio\wpfui-servoStudio\samples\Wpf.Ui.servoStudio\Models\SerialPorts.cs(22,27): warning IDE0055: 淇鏍煎紡 (https://learn.microsoft.com/dotnet/fundamentals/code-analysis/style-rules/ide0055) [C:\UserWorx\VSWorx\ServoStudio\wpfui-servoStudio\samples\Wpf.Ui.servoStudio\servoStudio_wjhet5xd_wpftmp.csproj]
C:\UserWorx\VSWorx\ServoStudio\wpfui-servoStudio\samples\Wpf.Ui.servoStudio\Models\SerialPorts.cs(22,29): warning IDE0055: 淇鏍煎紡 (https://learn.microsoft.com/dotnet/fundamentals/code-analysis/style-rules/ide0055) [C:\UserWorx\VSWorx\ServoStudio\wpfui-servoStudio\samples\Wpf.Ui.servoStudio\servoStudio_wjhet5xd_wpftmp.csproj]
C:\UserWorx\VSWorx\ServoStudio\wpfui-servoStudio\samples\Wpf.Ui.servoStudio\Models\SerialPorts.cs(22,39): warning IDE0055: 淇鏍煎紡 (https://learn.microsoft.com/dotnet/fundamentals/code-analysis/style-rules/ide0055) [C:\UserWorx\VSWorx\ServoStudio\wpfui-servoStudio\samples\Wpf.Ui.servoStudio\servoStudio_wjhet5xd_wpftmp.csproj]
C:\UserWorx\VSWorx\ServoStudio\wpfui-servoStudio\samples\Wpf.Ui.servoStudio\Models\SerialPorts.cs(27,35): warning IDE0055: 淇鏍煎紡 (https://learn.microsoft.com/dotnet/fundamentals/code-analysis/style-rules/ide0055) [C:\UserWorx\VSWorx\ServoStudio\wpfui-servoStudio\samples\Wpf.Ui.servoStudio\servoStudio_wjhet5xd_wpftmp.csproj]
C:\UserWorx\VSWorx\ServoStudio\wpfui-servoStudio\samples\Wpf.Ui.servoStudio\Models\SerialPorts.cs(27,37): warning IDE0055: 淇鏍煎紡 (https://learn.microsoft.com/dotnet/fundamentals/code-analysis/style-rules/ide0055) [C:\UserWorx\VSWorx\ServoStudio\wpfui-servoStudio\samples\Wpf.Ui.servoStudio\servoStudio_wjhet5xd_wpftmp.csproj]
C:\UserWorx\VSWorx\ServoStudio\wpfui-servoStudio\samples\Wpf.Ui.servoStudio\Models\SerialPorts.cs(27,47): warning IDE0055: 淇鏍煎紡 (https://learn.microsoft.com/dotnet/fundamentals/code-analysis/style-rules/ide0055) [C:\UserWorx\VSWorx\ServoStudio\wpfui-servoStudio\samples\Wpf.Ui.servoStudio\servoStudio_wjhet5xd_wpftmp.csproj]
C:\UserWorx\VSWorx\ServoStudio\wpfui-servoStudio\samples\Wpf.Ui.servoStudio\Models\SerialPorts.cs(28,31): warning IDE0055: 淇鏍煎紡 (https://learn.microsoft.com/dotnet/fundamentals/code-analysis/style-rules/ide0055) [C:\UserWorx\VSWorx\ServoStudio\wpfui-servoStudio\samples\Wpf.Ui.servoStudio\servoStudio_wjhet5xd_wpftmp.csproj]
C:\UserWorx\VSWorx\ServoStudio\wpfui-servoStudio\samples\Wpf.Ui.servoStudio\Models\SerialPorts.cs(28,33): warning IDE0055: 淇鏍煎紡 (https://learn.microsoft.com/dotnet/fundamentals/code-analysis/style-rules/ide0055) [C:\UserWorx\VSWorx\ServoStudio\wpfui-servoStudio\samples\Wpf.Ui.servoStudio\servoStudio_wjhet5xd_wpftmp.csproj]
C:\UserWorx\VSWorx\ServoStudio\wpfui-servoStudio\samples\Wpf.Ui.servoStudio\Models\SerialPorts.cs(28,43): warning IDE0055: 淇鏍煎紡 (https://learn.microsoft.com/dotnet/fundamentals/code-analysis/style-rules/ide0055) [C:\UserWorx\VSWorx\ServoStudio\wpfui-servoStudio\samples\Wpf.Ui.servoStudio\servoStudio_wjhet5xd_wpftmp.csproj]
C:\UserWorx\VSWorx\ServoStudio\wpfui-servoStudio\samples\Wpf.Ui.servoStudio\Services\CanNativeResolver.cs(26,25): warning IDE0055: 淇鏍煎紡 (https://learn.microsoft.com/dotnet/fundamentals/code-analysis/style-rules/ide0055) [C:\UserWorx\VSWorx\ServoStudio\wpfui-servoStudio\samples\Wpf.Ui.servoStudio\servoStudio_wjhet5xd_wpftmp.csproj]
C:\UserWorx\VSWorx\ServoStudio\wpfui-servoStudio\samples\Wpf.Ui.servoStudio\Services\CanNativeResolver.cs(44,44): warning IDE0055: 淇鏍煎紡 (https://learn.microsoft.com/dotnet/fundamentals/code-analysis/style-rules/ide0055) [C:\UserWorx\VSWorx\ServoStudio\wpfui-servoStudio\samples\Wpf.Ui.servoStudio\servoStudio_wjhet5xd_wpftmp.csproj]
C:\UserWorx\VSWorx\ServoStudio\wpfui-servoStudio\samples\Wpf.Ui.servoStudio\Services\CanNativeResolver.cs(75,88): warning IDE0055: 淇鏍煎紡 (https://learn.microsoft.com/dotnet/fundamentals/code-analysis/style-rules/ide0055) [C:\UserWorx\VSWorx\ServoStudio\wpfui-servoStudio\samples\Wpf.Ui.servoStudio\servoStudio_wjhet5xd_wpftmp.csproj]
C:\UserWorx\VSWorx\ServoStudio\wpfui-servoStudio\samples\Wpf.Ui.servoStudio\Services\CanNativeResolver.cs(80,82): warning IDE0055: 淇鏍煎紡 (https://learn.microsoft.com/dotnet/fundamentals/code-analysis/style-rules/ide0055) [C:\UserWorx\VSWorx\ServoStudio\wpfui-servoStudio\samples\Wpf.Ui.servoStudio\servoStudio_wjhet5xd_wpftmp.csproj]
C:\UserWorx\VSWorx\ServoStudio\wpfui-servoStudio\samples\Wpf.Ui.servoStudio\Services\CanNativeResolver.cs(81,9): warning IDE2003: 鍧椾笌鍚庣画璇彞涔嬮棿闇€瑕佹湁绌虹櫧琛?(https://learn.microsoft.com/dotnet/fundamentals/code-analysis/style-rules/ide2003) [C:\UserWorx\VSWorx\ServoStudio\wpfui-servoStudio\samples\Wpf.Ui.servoStudio\servoStudio_wjhet5xd_wpftmp.csproj]
C:\UserWorx\VSWorx\ServoStudio\wpfui-servoStudio\samples\Wpf.Ui.servoStudio\Services\DataFrameLogger.cs(139,12): warning IDE0055: 淇鏍煎紡 (https://learn.microsoft.com/dotnet/fundamentals/code-analysis/style-rules/ide0055) [C:\UserWorx\VSWorx\ServoStudio\wpfui-servoStudio\samples\Wpf.Ui.servoStudio\servoStudio_wjhet5xd_wpftmp.csproj]
C:\UserWorx\VSWorx\ServoStudio\wpfui-servoStudio\samples\Wpf.Ui.servoStudio\Services\DataFrameLogger.cs(139,14): warning IDE0055: 淇鏍煎紡 (https://learn.microsoft.com/dotnet/fundamentals/code-analysis/style-rules/ide0055) [C:\UserWorx\VSWorx\ServoStudio\wpfui-servoStudio\samples\Wpf.Ui.servoStudio\servoStudio_wjhet5xd_wpftmp.csproj]
C:\UserWorx\VSWorx\ServoStudio\wpfui-servoStudio\samples\Wpf.Ui.servoStudio\Services\DataFrameLogger.cs(139,37): warning IDE0055: 淇鏍煎紡 (https://learn.microsoft.com/dotnet/fundamentals/code-analysis/style-rules/ide0055) [C:\UserWorx\VSWorx\ServoStudio\wpfui-servoStudio\samples\Wpf.Ui.servoStudio\servoStudio_wjhet5xd_wpftmp.csproj]
C:\UserWorx\VSWorx\ServoStudio\wpfui-servoStudio\samples\Wpf.Ui.servoStudio\Services\DataFrameLogger.cs(139,39): warning IDE0055: 淇鏍煎紡 (https://learn.microsoft.com/dotnet/fundamentals/code-analysis/style-rules/ide0055) [C:\UserWorx\VSWorx\ServoStudio\wpfui-servoStudio\samples\Wpf.Ui.servoStudio\servoStudio_wjhet5xd_wpftmp.csproj]
C:\UserWorx\VSWorx\ServoStudio\wpfui-servoStudio\samples\Wpf.Ui.servoStudio\Services\DataFrameLogger.cs(145,12): warning IDE0055: 淇鏍煎紡 (https://learn.microsoft.com/dotnet/fundamentals/code-analysis/style-rules/ide0055) [C:\UserWorx\VSWorx\ServoStudio\wpfui-servoStudio\samples\Wpf.Ui.servoStudio\servoStudio_wjhet5xd_wpftmp.csproj]
C:\UserWorx\VSWorx\ServoStudio\wpfui-servoStudio\samples\Wpf.Ui.servoStudio\Services\DataFrameLogger.cs(145,14): warning IDE0055: 淇鏍煎紡 (https://learn.microsoft.com/dotnet/fundamentals/code-analysis/style-rules/ide0055) [C:\UserWorx\VSWorx\ServoStudio\wpfui-servoStudio\samples\Wpf.Ui.servoStudio\servoStudio_wjhet5xd_wpftmp.csproj]
C:\UserWorx\VSWorx\ServoStudio\wpfui-servoStudio\samples\Wpf.Ui.servoStudio\Services\DataFrameLogger.cs(145,37): warning IDE0055: 淇鏍煎紡 (https://learn.microsoft.com/dotnet/fundamentals/code-analysis/style-rules/ide0055) [C:\UserWorx\VSWorx\ServoStudio\wpfui-servoStudio\samples\Wpf.Ui.servoStudio\servoStudio_wjhet5xd_wpftmp.csproj]
C:\UserWorx\VSWorx\ServoStudio\wpfui-servoStudio\samples\Wpf.Ui.servoStudio\Services\DataFrameLogger.cs(145,39): warning IDE0055: 淇鏍煎紡 (https://learn.microsoft.com/dotnet/fundamentals/code-analysis/style-rules/ide0055) [C:\UserWorx\VSWorx\ServoStudio\wpfui-servoStudio\samples\Wpf.Ui.servoStudio\servoStudio_wjhet5xd_wpftmp.csproj]
C:\UserWorx\VSWorx\ServoStudio\wpfui-servoStudio\samples\Wpf.Ui.servoStudio\Services\DataFrameLogger.cs(180,24): warning IDE0055: 淇鏍煎紡 (https://learn.microsoft.com/dotnet/fundamentals/code-analysis/style-rules/ide0055) [C:\UserWorx\VSWorx\ServoStudio\wpfui-servoStudio\samples\Wpf.Ui.servoStudio\servoStudio_wjhet5xd_wpftmp.csproj]
C:\UserWorx\VSWorx\ServoStudio\wpfui-servoStudio\samples\Wpf.Ui.servoStudio\Services\DataFrameLogger.cs(180,26): warning IDE0055: 淇鏍煎紡 (https://learn.microsoft.com/dotnet/fundamentals/code-analysis/style-rules/ide0055) [C:\UserWorx\VSWorx\ServoStudio\wpfui-servoStudio\samples\Wpf.Ui.servoStudio\servoStudio_wjhet5xd_wpftmp.csproj]
C:\UserWorx\VSWorx\ServoStudio\wpfui-servoStudio\samples\Wpf.Ui.servoStudio\Services\DataFrameLogger.cs(180,44): warning IDE0055: 淇鏍煎紡 (https://learn.microsoft.com/dotnet/fundamentals/code-analysis/style-rules/ide0055) [C:\UserWorx\VSWorx\ServoStudio\wpfui-servoStudio\samples\Wpf.Ui.servoStudio\servoStudio_wjhet5xd_wpftmp.csproj]
C:\UserWorx\VSWorx\ServoStudio\wpfui-servoStudio\samples\Wpf.Ui.servoStudio\Services\DataFrameLogger.cs(180,46): warning IDE0055: 淇鏍煎紡 (https://learn.microsoft.com/dotnet/fundamentals/code-analysis/style-rules/ide0055) [C:\UserWorx\VSWorx\ServoStudio\wpfui-servoStudio\samples\Wpf.Ui.servoStudio\servoStudio_wjhet5xd_wpftmp.csproj]
C:\UserWorx\VSWorx\ServoStudio\wpfui-servoStudio\samples\Wpf.Ui.servoStudio\Services\DataFrameLogger.cs(198,59): warning IDE0055: 淇鏍煎紡 (https://learn.microsoft.com/dotnet/fundamentals/code-analysis/style-rules/ide0055) [C:\UserWorx\VSWorx\ServoStudio\wpfui-servoStudio\samples\Wpf.Ui.servoStudio\servoStudio_wjhet5xd_wpftmp.csproj]
C:\UserWorx\VSWorx\ServoStudio\wpfui-servoStudio\samples\Wpf.Ui.servoStudio\Services\DataFrameLogger.cs(220,16): warning IDE0055: 淇鏍煎紡 (https://learn.microsoft.com/dotnet/fundamentals/code-analysis/style-rules/ide0055) [C:\UserWorx\VSWorx\ServoStudio\wpfui-servoStudio\samples\Wpf.Ui.servoStudio\servoStudio_wjhet5xd_wpftmp.csproj]
C:\UserWorx\VSWorx\ServoStudio\wpfui-servoStudio\samples\Wpf.Ui.servoStudio\Services\DataFrameLogger.cs(220,18): warning IDE0055: 淇鏍煎紡 (https://learn.microsoft.com/dotnet/fundamentals/code-analysis/style-rules/ide0055) [C:\UserWorx\VSWorx\ServoStudio\wpfui-servoStudio\samples\Wpf.Ui.servoStudio\servoStudio_wjhet5xd_wpftmp.csproj]
C:\UserWorx\VSWorx\ServoStudio\wpfui-servoStudio\samples\Wpf.Ui.servoStudio\Services\DataFrameLogger.cs(220,61): warning IDE0055: 淇鏍煎紡 (https://learn.microsoft.com/dotnet/fundamentals/code-analysis/style-rules/ide0055) [C:\UserWorx\VSWorx\ServoStudio\wpfui-servoStudio\samples\Wpf.Ui.servoStudio\servoStudio_wjhet5xd_wpftmp.csproj]
C:\UserWorx\VSWorx\ServoStudio\wpfui-servoStudio\samples\Wpf.Ui.servoStudio\Services\DataFrameLogger.cs(220,63): warning IDE0055: 淇鏍煎紡 (https://learn.microsoft.com/dotnet/fundamentals/code-analysis/style-rules/ide0055) [C:\UserWorx\VSWorx\ServoStudio\wpfui-servoStudio\samples\Wpf.Ui.servoStudio\servoStudio_wjhet5xd_wpftmp.csproj]
C:\UserWorx\VSWorx\ServoStudio\wpfui-servoStudio\samples\Wpf.Ui.servoStudio\Services\DataFrameLogger.cs(256,29): warning IDE0055: 淇鏍煎紡 (https://learn.microsoft.com/dotnet/fundamentals/code-analysis/style-rules/ide0055) [C:\UserWorx\VSWorx\ServoStudio\wpfui-servoStudio\samples\Wpf.Ui.servoStudio\servoStudio_wjhet5xd_wpftmp.csproj]
C:\UserWorx\VSWorx\ServoStudio\wpfui-servoStudio\samples\Wpf.Ui.servoStudio\Services\DataFrameLogger.cs(278,47): warning IDE0055: 淇鏍煎紡 (https://learn.microsoft.com/dotnet/fundamentals/code-analysis/style-rules/ide0055) [C:\UserWorx\VSWorx\ServoStudio\wpfui-servoStudio\samples\Wpf.Ui.servoStudio\servoStudio_wjhet5xd_wpftmp.csproj]
C:\UserWorx\VSWorx\ServoStudio\wpfui-servoStudio\samples\Wpf.Ui.servoStudio\Services\DataFrameLogger.cs(313,29): warning IDE0055: 淇鏍煎紡 (https://learn.microsoft.com/dotnet/fundamentals/code-analysis/style-rules/ide0055) [C:\UserWorx\VSWorx\ServoStudio\wpfui-servoStudio\samples\Wpf.Ui.servoStudio\servoStudio_wjhet5xd_wpftmp.csproj]
C:\UserWorx\VSWorx\ServoStudio\wpfui-servoStudio\samples\Wpf.Ui.servoStudio\Services\DataFrameLogger.cs(358,29): warning IDE0055: 淇鏍煎紡 (https://learn.microsoft.com/dotnet/fundamentals/code-analysis/style-rules/ide0055) [C:\UserWorx\VSWorx\ServoStudio\wpfui-servoStudio\samples\Wpf.Ui.servoStudio\servoStudio_wjhet5xd_wpftmp.csproj]
C:\UserWorx\VSWorx\ServoStudio\wpfui-servoStudio\samples\Wpf.Ui.servoStudio\Services\DataFrameLogger.cs(367,27): warning IDE0055: 淇鏍煎紡 (https://learn.microsoft.com/dotnet/fundamentals/code-analysis/style-rules/ide0055) [C:\UserWorx\VSWorx\ServoStudio\wpfui-servoStudio\samples\Wpf.Ui.servoStudio\servoStudio_wjhet5xd_wpftmp.csproj]
C:\UserWorx\VSWorx\ServoStudio\wpfui-servoStudio\samples\Wpf.Ui.servoStudio\Services\DataFrameLogger.cs(369,24): warning IDE0055: 淇鏍煎紡 (https://learn.microsoft.com/dotnet/fundamentals/code-analysis/style-rules/ide0055) [C:\UserWorx\VSWorx\ServoStudio\wpfui-servoStudio\samples\Wpf.Ui.servoStudio\servoStudio_wjhet5xd_wpftmp.csproj]
C:\UserWorx\VSWorx\ServoStudio\wpfui-servoStudio\samples\Wpf.Ui.servoStudio\Services\DataFrameLogger.cs(395,43): warning IDE0055: 淇鏍煎紡 (https://learn.microsoft.com/dotnet/fundamentals/code-analysis/style-rules/ide0055) [C:\UserWorx\VSWorx\ServoStudio\wpfui-servoStudio\samples\Wpf.Ui.servoStudio\servoStudio_wjhet5xd_wpftmp.csproj]
C:\UserWorx\VSWorx\ServoStudio\wpfui-servoStudio\samples\Wpf.Ui.servoStudio\Services\DataFrameLogger.cs(409,31): warning IDE0055: 淇鏍煎紡 (https://learn.microsoft.com/dotnet/fundamentals/code-analysis/style-rules/ide0055) [C:\UserWorx\VSWorx\ServoStudio\wpfui-servoStudio\samples\Wpf.Ui.servoStudio\servoStudio_wjhet5xd_wpftmp.csproj]
C:\UserWorx\VSWorx\ServoStudio\wpfui-servoStudio\samples\Wpf.Ui.servoStudio\Services\DataFrameLogger.cs(409,54): warning IDE0055: 淇鏍煎紡 (https://learn.microsoft.com/dotnet/fundamentals/code-analysis/style-rules/ide0055) [C:\UserWorx\VSWorx\ServoStudio\wpfui-servoStudio\samples\Wpf.Ui.servoStudio\servoStudio_wjhet5xd_wpftmp.csproj]
C:\UserWorx\VSWorx\ServoStudio\wpfui-servoStudio\samples\Wpf.Ui.servoStudio\Services\DataFrameLogger.cs(410,30): warning IDE0055: 淇鏍煎紡 (https://learn.microsoft.com/dotnet/fundamentals/code-analysis/style-rules/ide0055) [C:\UserWorx\VSWorx\ServoStudio\wpfui-servoStudio\samples\Wpf.Ui.servoStudio\servoStudio_wjhet5xd_wpftmp.csproj]
C:\UserWorx\VSWorx\ServoStudio\wpfui-servoStudio\samples\Wpf.Ui.servoStudio\Services\DataFrameLogger.cs(410,53): warning IDE0055: 淇鏍煎紡 (https://learn.microsoft.com/dotnet/fundamentals/code-analysis/style-rules/ide0055) [C:\UserWorx\VSWorx\ServoStudio\wpfui-servoStudio\samples\Wpf.Ui.servoStudio\servoStudio_wjhet5xd_wpftmp.csproj]
C:\UserWorx\VSWorx\ServoStudio\wpfui-servoStudio\samples\Wpf.Ui.servoStudio\Services\DataFrameLogger.cs(411,31): warning IDE0055: 淇鏍煎紡 (https://learn.microsoft.com/dotnet/fundamentals/code-analysis/style-rules/ide0055) [C:\UserWorx\VSWorx\ServoStudio\wpfui-servoStudio\samples\Wpf.Ui.servoStudio\servoStudio_wjhet5xd_wpftmp.csproj]
C:\UserWorx\VSWorx\ServoStudio\wpfui-servoStudio\samples\Wpf.Ui.servoStudio\Services\DataFrameLogger.cs(411,53): warning IDE0055: 淇鏍煎紡 (https://learn.microsoft.com/dotnet/fundamentals/code-analysis/style-rules/ide0055) [C:\UserWorx\VSWorx\ServoStudio\wpfui-servoStudio\samples\Wpf.Ui.servoStudio\servoStudio_wjhet5xd_wpftmp.csproj]
C:\UserWorx\VSWorx\ServoStudio\wpfui-servoStudio\samples\Wpf.Ui.servoStudio\Services\DataFrameLogger.cs(412,31): warning IDE0055: 淇鏍煎紡 (https://learn.microsoft.com/dotnet/fundamentals/code-analysis/style-rules/ide0055) [C:\UserWorx\VSWorx\ServoStudio\wpfui-servoStudio\samples\Wpf.Ui.servoStudio\servoStudio_wjhet5xd_wpftmp.csproj]
C:\UserWorx\VSWorx\ServoStudio\wpfui-servoStudio\samples\Wpf.Ui.servoStudio\Services\DataFrameLogger.cs(412,53): warning IDE0055: 淇鏍煎紡 (https://learn.microsoft.com/dotnet/fundamentals/code-analysis/style-rules/ide0055) [C:\UserWorx\VSWorx\ServoStudio\wpfui-servoStudio\samples\Wpf.Ui.servoStudio\servoStudio_wjhet5xd_wpftmp.csproj]
C:\UserWorx\VSWorx\ServoStudio\wpfui-servoStudio\samples\Wpf.Ui.servoStudio\Services\DataFrameLogger.cs(413,31): warning IDE0055: 淇鏍煎紡 (https://learn.microsoft.com/dotnet/fundamentals/code-analysis/style-rules/ide0055) [C:\UserWorx\VSWorx\ServoStudio\wpfui-servoStudio\samples\Wpf.Ui.servoStudio\servoStudio_wjhet5xd_wpftmp.csproj]
C:\UserWorx\VSWorx\ServoStudio\wpfui-servoStudio\samples\Wpf.Ui.servoStudio\Services\DataFrameLogger.cs(413,53): warning IDE0055: 淇鏍煎紡 (https://learn.microsoft.com/dotnet/fundamentals/code-analysis/style-rules/ide0055) [C:\UserWorx\VSWorx\ServoStudio\wpfui-servoStudio\samples\Wpf.Ui.servoStudio\servoStudio_wjhet5xd_wpftmp.csproj]
C:\UserWorx\VSWorx\ServoStudio\wpfui-servoStudio\samples\Wpf.Ui.servoStudio\Services\DataFrameLogger.cs(415,38): warning IDE0055: 淇鏍煎紡 (https://learn.microsoft.com/dotnet/fundamentals/code-analysis/style-rules/ide0055) [C:\UserWorx\VSWorx\ServoStudio\wpfui-servoStudio\samples\Wpf.Ui.servoStudio\servoStudio_wjhet5xd_wpftmp.csproj]
C:\UserWorx\VSWorx\ServoStudio\wpfui-servoStudio\samples\Wpf.Ui.servoStudio\Services\DataFrameLogger.cs(416,29): warning IDE0055: 淇鏍煎紡 (https://learn.microsoft.com/dotnet/fundamentals/code-analysis/style-rules/ide0055) [C:\UserWorx\VSWorx\ServoStudio\wpfui-servoStudio\samples\Wpf.Ui.servoStudio\servoStudio_wjhet5xd_wpftmp.csproj]
C:\UserWorx\VSWorx\ServoStudio\wpfui-servoStudio\samples\Wpf.Ui.servoStudio\Services\DataFrameLogger.cs(433,30): warning IDE0055: 淇鏍煎紡 (https://learn.microsoft.com/dotnet/fundamentals/code-analysis/style-rules/ide0055) [C:\UserWorx\VSWorx\ServoStudio\wpfui-servoStudio\samples\Wpf.Ui.servoStudio\servoStudio_wjhet5xd_wpftmp.csproj]
C:\UserWorx\VSWorx\ServoStudio\wpfui-servoStudio\samples\Wpf.Ui.servoStudio\Services\DataFrameLogger.cs(433,32): warning IDE0055: 淇鏍煎紡 (https://learn.microsoft.com/dotnet/fundamentals/code-analysis/style-rules/ide0055) [C:\UserWorx\VSWorx\ServoStudio\wpfui-servoStudio\samples\Wpf.Ui.servoStudio\servoStudio_wjhet5xd_wpftmp.csproj]
C:\UserWorx\VSWorx\ServoStudio\wpfui-servoStudio\samples\Wpf.Ui.servoStudio\Services\DataFrameLogger.cs(433,45): warning IDE0055: 淇鏍煎紡 (https://learn.microsoft.com/dotnet/fundamentals/code-analysis/style-rules/ide0055) [C:\UserWorx\VSWorx\ServoStudio\wpfui-servoStudio\samples\Wpf.Ui.servoStudio\servoStudio_wjhet5xd_wpftmp.csproj]
C:\UserWorx\VSWorx\ServoStudio\wpfui-servoStudio\samples\Wpf.Ui.servoStudio\Services\FactoryAccessService.cs(33,34): warning IDE0055: 淇鏍煎紡 (https://learn.microsoft.com/dotnet/fundamentals/code-analysis/style-rules/ide0055) [C:\UserWorx\VSWorx\ServoStudio\wpfui-servoStudio\samples\Wpf.Ui.servoStudio\servoStudio_wjhet5xd_wpftmp.csproj]
C:\UserWorx\VSWorx\ServoStudio\wpfui-servoStudio\samples\Wpf.Ui.servoStudio\Services\FactoryAccessService.cs(33,36): warning IDE0055: 淇鏍煎紡 (https://learn.microsoft.com/dotnet/fundamentals/code-analysis/style-rules/ide0055) [C:\UserWorx\VSWorx\ServoStudio\wpfui-servoStudio\samples\Wpf.Ui.servoStudio\servoStudio_wjhet5xd_wpftmp.csproj]
C:\UserWorx\VSWorx\ServoStudio\wpfui-servoStudio\samples\Wpf.Ui.servoStudio\Services\FactoryAccessService.cs(33,54): warning IDE0055: 淇鏍煎紡 (https://learn.microsoft.com/dotnet/fundamentals/code-analysis/style-rules/ide0055) [C:\UserWorx\VSWorx\ServoStudio\wpfui-servoStudio\samples\Wpf.Ui.servoStudio\servoStudio_wjhet5xd_wpftmp.csproj]
C:\UserWorx\VSWorx\ServoStudio\wpfui-servoStudio\samples\Wpf.Ui.servoStudio\Services\FactoryAccessService.cs(50,35): warning IDE0055: 淇鏍煎紡 (https://learn.microsoft.com/dotnet/fundamentals/code-analysis/style-rules/ide0055) [C:\UserWorx\VSWorx\ServoStudio\wpfui-servoStudio\samples\Wpf.Ui.servoStudio\servoStudio_wjhet5xd_wpftmp.csproj]
C:\UserWorx\VSWorx\ServoStudio\wpfui-servoStudio\samples\Wpf.Ui.servoStudio\Services\FactoryAccessService.cs(50,37): warning IDE0055: 淇鏍煎紡 (https://learn.microsoft.com/dotnet/fundamentals/code-analysis/style-rules/ide0055) [C:\UserWorx\VSWorx\ServoStudio\wpfui-servoStudio\samples\Wpf.Ui.servoStudio\servoStudio_wjhet5xd_wpftmp.csproj]
C:\UserWorx\VSWorx\ServoStudio\wpfui-servoStudio\samples\Wpf.Ui.servoStudio\Services\FactoryAccessService.cs(50,55): warning IDE0055: 淇鏍煎紡 (https://learn.microsoft.com/dotnet/fundamentals/code-analysis/style-rules/ide0055) [C:\UserWorx\VSWorx\ServoStudio\wpfui-servoStudio\samples\Wpf.Ui.servoStudio\servoStudio_wjhet5xd_wpftmp.csproj]
C:\UserWorx\VSWorx\ServoStudio\wpfui-servoStudio\samples\Wpf.Ui.servoStudio\Services\FactoryAccessService.cs(129,17): warning IDE2003: 鍧椾笌鍚庣画璇彞涔嬮棿闇€瑕佹湁绌虹櫧琛?(https://learn.microsoft.com/dotnet/fundamentals/code-analysis/style-rules/ide2003) [C:\UserWorx\VSWorx\ServoStudio\wpfui-servoStudio\samples\Wpf.Ui.servoStudio\servoStudio_wjhet5xd_wpftmp.csproj]
C:\UserWorx\VSWorx\ServoStudio\wpfui-servoStudio\samples\Wpf.Ui.servoStudio\Services\FactoryAccessService.cs(136,9): warning IDE2003: 鍧椾笌鍚庣画璇彞涔嬮棿闇€瑕佹湁绌虹櫧琛?(https://learn.microsoft.com/dotnet/fundamentals/code-analysis/style-rules/ide2003) [C:\UserWorx\VSWorx\ServoStudio\wpfui-servoStudio\samples\Wpf.Ui.servoStudio\servoStudio_wjhet5xd_wpftmp.csproj]
C:\UserWorx\VSWorx\ServoStudio\wpfui-servoStudio\samples\Wpf.Ui.servoStudio\Services\FirmwareRepositoryService.cs(295,24): warning IDE0055: 淇鏍煎紡 (https://learn.microsoft.com/dotnet/fundamentals/code-analysis/style-rules/ide0055) [C:\UserWorx\VSWorx\ServoStudio\wpfui-servoStudio\samples\Wpf.Ui.servoStudio\servoStudio_wjhet5xd_wpftmp.csproj]
C:\UserWorx\VSWorx\ServoStudio\wpfui-servoStudio\samples\Wpf.Ui.servoStudio\Services\FirmwareRepositoryService.cs(295,26): warning IDE0055: 淇鏍煎紡 (https://learn.microsoft.com/dotnet/fundamentals/code-analysis/style-rules/ide0055) [C:\UserWorx\VSWorx\ServoStudio\wpfui-servoStudio\samples\Wpf.Ui.servoStudio\servoStudio_wjhet5xd_wpftmp.csproj]
C:\UserWorx\VSWorx\ServoStudio\wpfui-servoStudio\samples\Wpf.Ui.servoStudio\Services\FirmwareRepositoryService.cs(295,55): warning IDE0055: 淇鏍煎紡 (https://learn.microsoft.com/dotnet/fundamentals/code-analysis/style-rules/ide0055) [C:\UserWorx\VSWorx\ServoStudio\wpfui-servoStudio\samples\Wpf.Ui.servoStudio\servoStudio_wjhet5xd_wpftmp.csproj]
C:\UserWorx\VSWorx\ServoStudio\wpfui-servoStudio\samples\Wpf.Ui.servoStudio\Services\FirmwareRepositoryService.cs(295,57): warning IDE0055: 淇鏍煎紡 (https://learn.microsoft.com/dotnet/fundamentals/code-analysis/style-rules/ide0055) [C:\UserWorx\VSWorx\ServoStudio\wpfui-servoStudio\samples\Wpf.Ui.servoStudio\servoStudio_wjhet5xd_wpftmp.csproj]
C:\UserWorx\VSWorx\ServoStudio\wpfui-servoStudio\samples\Wpf.Ui.servoStudio\Services\FirmwareRepositoryService.cs(415,20): warning IDE0055: 淇鏍煎紡 (https://learn.microsoft.com/dotnet/fundamentals/code-analysis/style-rules/ide0055) [C:\UserWorx\VSWorx\ServoStudio\wpfui-servoStudio\samples\Wpf.Ui.servoStudio\servoStudio_wjhet5xd_wpftmp.csproj]
C:\UserWorx\VSWorx\ServoStudio\wpfui-servoStudio\samples\Wpf.Ui.servoStudio\Services\FirmwareRepositoryService.cs(415,22): warning IDE0055: 淇鏍煎紡 (https://learn.microsoft.com/dotnet/fundamentals/code-analysis/style-rules/ide0055) [C:\UserWorx\VSWorx\ServoStudio\wpfui-servoStudio\samples\Wpf.Ui.servoStudio\servoStudio_wjhet5xd_wpftmp.csproj]
C:\UserWorx\VSWorx\ServoStudio\wpfui-servoStudio\samples\Wpf.Ui.servoStudio\Services\FirmwareRepositoryService.cs(415,49): warning IDE0055: 淇鏍煎紡 (https://learn.microsoft.com/dotnet/fundamentals/code-analysis/style-rules/ide0055) [C:\UserWorx\VSWorx\ServoStudio\wpfui-servoStudio\samples\Wpf.Ui.servoStudio\servoStudio_wjhet5xd_wpftmp.csproj]
C:\UserWorx\VSWorx\ServoStudio\wpfui-servoStudio\samples\Wpf.Ui.servoStudio\Services\FirmwareRepositoryService.cs(415,51): warning IDE0055: 淇鏍煎紡 (https://learn.microsoft.com/dotnet/fundamentals/code-analysis/style-rules/ide0055) [C:\UserWorx\VSWorx\ServoStudio\wpfui-servoStudio\samples\Wpf.Ui.servoStudio\servoStudio_wjhet5xd_wpftmp.csproj]
C:\UserWorx\VSWorx\ServoStudio\wpfui-servoStudio\samples\Wpf.Ui.servoStudio\Services\FirmwareRepositoryService.cs(415,74): warning IDE0055: 淇鏍煎紡 (https://learn.microsoft.com/dotnet/fundamentals/code-analysis/style-rules/ide0055) [C:\UserWorx\VSWorx\ServoStudio\wpfui-servoStudio\samples\Wpf.Ui.servoStudio\servoStudio_wjhet5xd_wpftmp.csproj]
C:\UserWorx\VSWorx\ServoStudio\wpfui-servoStudio\samples\Wpf.Ui.servoStudio\Services\FirmwareRepositoryService.cs(415,76): warning IDE0055: 淇鏍煎紡 (https://learn.microsoft.com/dotnet/fundamentals/code-analysis/style-rules/ide0055) [C:\UserWorx\VSWorx\ServoStudio\wpfui-servoStudio\samples\Wpf.Ui.servoStudio\servoStudio_wjhet5xd_wpftmp.csproj]
C:\UserWorx\VSWorx\ServoStudio\wpfui-servoStudio\samples\Wpf.Ui.servoStudio\Services\FirmwareRepositoryService.cs(415,78): warning IDE0055: 淇鏍煎紡 (https://learn.microsoft.com/dotnet/fundamentals/code-analysis/style-rules/ide0055) [C:\UserWorx\VSWorx\ServoStudio\wpfui-servoStudio\samples\Wpf.Ui.servoStudio\servoStudio_wjhet5xd_wpftmp.csproj]
C:\UserWorx\VSWorx\ServoStudio\wpfui-servoStudio\samples\Wpf.Ui.servoStudio\Services\FirmwareRepositoryService.cs(416,20): warning IDE0055: 淇鏍煎紡 (https://learn.microsoft.com/dotnet/fundamentals/code-analysis/style-rules/ide0055) [C:\UserWorx\VSWorx\ServoStudio\wpfui-servoStudio\samples\Wpf.Ui.servoStudio\servoStudio_wjhet5xd_wpftmp.csproj]
C:\UserWorx\VSWorx\ServoStudio\wpfui-servoStudio\samples\Wpf.Ui.servoStudio\Services\FirmwareRepositoryService.cs(416,22): warning IDE0055: 淇鏍煎紡 (https://learn.microsoft.com/dotnet/fundamentals/code-analysis/style-rules/ide0055) [C:\UserWorx\VSWorx\ServoStudio\wpfui-servoStudio\samples\Wpf.Ui.servoStudio\servoStudio_wjhet5xd_wpftmp.csproj]
C:\UserWorx\VSWorx\ServoStudio\wpfui-servoStudio\samples\Wpf.Ui.servoStudio\Services\FirmwareRepositoryService.cs(416,51): warning IDE0055: 淇鏍煎紡 (https://learn.microsoft.com/dotnet/fundamentals/code-analysis/style-rules/ide0055) [C:\UserWorx\VSWorx\ServoStudio\wpfui-servoStudio\samples\Wpf.Ui.servoStudio\servoStudio_wjhet5xd_wpftmp.csproj]
C:\UserWorx\VSWorx\ServoStudio\wpfui-servoStudio\samples\Wpf.Ui.servoStudio\Services\FirmwareRepositoryService.cs(416,53): warning IDE0055: 淇鏍煎紡 (https://learn.microsoft.com/dotnet/fundamentals/code-analysis/style-rules/ide0055) [C:\UserWorx\VSWorx\ServoStudio\wpfui-servoStudio\samples\Wpf.Ui.servoStudio\servoStudio_wjhet5xd_wpftmp.csproj]
C:\UserWorx\VSWorx\ServoStudio\wpfui-servoStudio\samples\Wpf.Ui.servoStudio\Services\FirmwareRepositoryService.cs(416,78): warning IDE0055: 淇鏍煎紡 (https://learn.microsoft.com/dotnet/fundamentals/code-analysis/style-rules/ide0055) [C:\UserWorx\VSWorx\ServoStudio\wpfui-servoStudio\samples\Wpf.Ui.servoStudio\servoStudio_wjhet5xd_wpftmp.csproj]
C:\UserWorx\VSWorx\ServoStudio\wpfui-servoStudio\samples\Wpf.Ui.servoStudio\Services\FirmwareRepositoryService.cs(416,80): warning IDE0055: 淇鏍煎紡 (https://learn.microsoft.com/dotnet/fundamentals/code-analysis/style-rules/ide0055) [C:\UserWorx\VSWorx\ServoStudio\wpfui-servoStudio\samples\Wpf.Ui.servoStudio\servoStudio_wjhet5xd_wpftmp.csproj]
C:\UserWorx\VSWorx\ServoStudio\wpfui-servoStudio\samples\Wpf.Ui.servoStudio\Services\FirmwareRepositoryService.cs(416,82): warning IDE0055: 淇鏍煎紡 (https://learn.microsoft.com/dotnet/fundamentals/code-analysis/style-rules/ide0055) [C:\UserWorx\VSWorx\ServoStudio\wpfui-servoStudio\samples\Wpf.Ui.servoStudio\servoStudio_wjhet5xd_wpftmp.csproj]
C:\UserWorx\VSWorx\ServoStudio\wpfui-servoStudio\samples\Wpf.Ui.servoStudio\Services\FirmwareRepositoryService.cs(804,16): warning IDE0055: 淇鏍煎紡 (https://learn.microsoft.com/dotnet/fundamentals/code-analysis/style-rules/ide0055) [C:\UserWorx\VSWorx\ServoStudio\wpfui-servoStudio\samples\Wpf.Ui.servoStudio\servoStudio_wjhet5xd_wpftmp.csproj]
C:\UserWorx\VSWorx\ServoStudio\wpfui-servoStudio\samples\Wpf.Ui.servoStudio\Services\FirmwareRepositoryService.cs(804,18): warning IDE0055: 淇鏍煎紡 (https://learn.microsoft.com/dotnet/fundamentals/code-analysis/style-rules/ide0055) [C:\UserWorx\VSWorx\ServoStudio\wpfui-servoStudio\samples\Wpf.Ui.servoStudio\servoStudio_wjhet5xd_wpftmp.csproj]
C:\UserWorx\VSWorx\ServoStudio\wpfui-servoStudio\samples\Wpf.Ui.servoStudio\Services\FirmwareRepositoryService.cs(804,62): warning IDE0055: 淇鏍煎紡 (https://learn.microsoft.com/dotnet/fundamentals/code-analysis/style-rules/ide0055) [C:\UserWorx\VSWorx\ServoStudio\wpfui-servoStudio\samples\Wpf.Ui.servoStudio\servoStudio_wjhet5xd_wpftmp.csproj]
C:\UserWorx\VSWorx\ServoStudio\wpfui-servoStudio\samples\Wpf.Ui.servoStudio\Services\FirmwareRepositoryService.cs(804,64): warning IDE0055: 淇鏍煎紡 (https://learn.microsoft.com/dotnet/fundamentals/code-analysis/style-rules/ide0055) [C:\UserWorx\VSWorx\ServoStudio\wpfui-servoStudio\samples\Wpf.Ui.servoStudio\servoStudio_wjhet5xd_wpftmp.csproj]
C:\UserWorx\VSWorx\ServoStudio\wpfui-servoStudio\samples\Wpf.Ui.servoStudio\Services\FirmwareRepositoryService.cs(815,31): warning IDE0055: 淇鏍煎紡 (https://learn.microsoft.com/dotnet/fundamentals/code-analysis/style-rules/ide0055) [C:\UserWorx\VSWorx\ServoStudio\wpfui-servoStudio\samples\Wpf.Ui.servoStudio\servoStudio_wjhet5xd_wpftmp.csproj]
C:\UserWorx\VSWorx\ServoStudio\wpfui-servoStudio\samples\Wpf.Ui.servoStudio\Services\FirmwareRepositoryService.cs(815,33): warning IDE0055: 淇鏍煎紡 (https://learn.microsoft.com/dotnet/fundamentals/code-analysis/style-rules/ide0055) [C:\UserWorx\VSWorx\ServoStudio\wpfui-servoStudio\samples\Wpf.Ui.servoStudio\servoStudio_wjhet5xd_wpftmp.csproj]
C:\UserWorx\VSWorx\ServoStudio\wpfui-servoStudio\samples\Wpf.Ui.servoStudio\Services\FirmwareRepositoryService.cs(815,43): warning IDE0055: 淇鏍煎紡 (https://learn.microsoft.com/dotnet/fundamentals/code-analysis/style-rules/ide0055) [C:\UserWorx\VSWorx\ServoStudio\wpfui-servoStudio\samples\Wpf.Ui.servoStudio\servoStudio_wjhet5xd_wpftmp.csproj]
C:\UserWorx\VSWorx\ServoStudio\wpfui-servoStudio\samples\Wpf.Ui.servoStudio\Services\FirmwareRepositoryService.cs(820,30): warning IDE0055: 淇鏍煎紡 (https://learn.microsoft.com/dotnet/fundamentals/code-analysis/style-rules/ide0055) [C:\UserWorx\VSWorx\ServoStudio\wpfui-servoStudio\samples\Wpf.Ui.servoStudio\servoStudio_wjhet5xd_wpftmp.csproj]
C:\UserWorx\VSWorx\ServoStudio\wpfui-servoStudio\samples\Wpf.Ui.servoStudio\Services\FirmwareRepositoryService.cs(820,32): warning IDE0055: 淇鏍煎紡 (https://learn.microsoft.com/dotnet/fundamentals/code-analysis/style-rules/ide0055) [C:\UserWorx\VSWorx\ServoStudio\wpfui-servoStudio\samples\Wpf.Ui.servoStudio\servoStudio_wjhet5xd_wpftmp.csproj]
C:\UserWorx\VSWorx\ServoStudio\wpfui-servoStudio\samples\Wpf.Ui.servoStudio\Services\FirmwareRepositoryService.cs(820,42): warning IDE0055: 淇鏍煎紡 (https://learn.microsoft.com/dotnet/fundamentals/code-analysis/style-rules/ide0055) [C:\UserWorx\VSWorx\ServoStudio\wpfui-servoStudio\samples\Wpf.Ui.servoStudio\servoStudio_wjhet5xd_wpftmp.csproj]
C:\UserWorx\VSWorx\ServoStudio\wpfui-servoStudio\samples\Wpf.Ui.servoStudio\Services\FirmwareRepositoryService.cs(849,29): warning IDE0055: 淇鏍煎紡 (https://learn.microsoft.com/dotnet/fundamentals/code-analysis/style-rules/ide0055) [C:\UserWorx\VSWorx\ServoStudio\wpfui-servoStudio\samples\Wpf.Ui.servoStudio\servoStudio_wjhet5xd_wpftmp.csproj]
C:\UserWorx\VSWorx\ServoStudio\wpfui-servoStudio\samples\Wpf.Ui.servoStudio\Services\FirmwareRepositoryService.cs(849,31): warning IDE0055: 淇鏍煎紡 (https://learn.microsoft.com/dotnet/fundamentals/code-analysis/style-rules/ide0055) [C:\UserWorx\VSWorx\ServoStudio\wpfui-servoStudio\samples\Wpf.Ui.servoStudio\servoStudio_wjhet5xd_wpftmp.csproj]
C:\UserWorx\VSWorx\ServoStudio\wpfui-servoStudio\samples\Wpf.Ui.servoStudio\Services\FirmwareRepositoryService.cs(849,41): warning IDE0055: 淇鏍煎紡 (https://learn.microsoft.com/dotnet/fundamentals/code-analysis/style-rules/ide0055) [C:\UserWorx\VSWorx\ServoStudio\wpfui-servoStudio\samples\Wpf.Ui.servoStudio\servoStudio_wjhet5xd_wpftmp.csproj]
C:\UserWorx\VSWorx\ServoStudio\wpfui-servoStudio\samples\Wpf.Ui.servoStudio\Services\FirmwareRepositoryService.cs(854,25): warning IDE0055: 淇鏍煎紡 (https://learn.microsoft.com/dotnet/fundamentals/code-analysis/style-rules/ide0055) [C:\UserWorx\VSWorx\ServoStudio\wpfui-servoStudio\samples\Wpf.Ui.servoStudio\servoStudio_wjhet5xd_wpftmp.csproj]
C:\UserWorx\VSWorx\ServoStudio\wpfui-servoStudio\samples\Wpf.Ui.servoStudio\Services\FirmwareRepositoryService.cs(854,27): warning IDE0055: 淇鏍煎紡 (https://learn.microsoft.com/dotnet/fundamentals/code-analysis/style-rules/ide0055) [C:\UserWorx\VSWorx\ServoStudio\wpfui-servoStudio\samples\Wpf.Ui.servoStudio\servoStudio_wjhet5xd_wpftmp.csproj]
C:\UserWorx\VSWorx\ServoStudio\wpfui-servoStudio\samples\Wpf.Ui.servoStudio\Services\FirmwareRepositoryService.cs(854,37): warning IDE0055: 淇鏍煎紡 (https://learn.microsoft.com/dotnet/fundamentals/code-analysis/style-rules/ide0055) [C:\UserWorx\VSWorx\ServoStudio\wpfui-servoStudio\samples\Wpf.Ui.servoStudio\servoStudio_wjhet5xd_wpftmp.csproj]
C:\UserWorx\VSWorx\ServoStudio\wpfui-servoStudio\samples\Wpf.Ui.servoStudio\Services\FirmwareRepositoryService.cs(859,35): warning IDE0055: 淇鏍煎紡 (https://learn.microsoft.com/dotnet/fundamentals/code-analysis/style-rules/ide0055) [C:\UserWorx\VSWorx\ServoStudio\wpfui-servoStudio\samples\Wpf.Ui.servoStudio\servoStudio_wjhet5xd_wpftmp.csproj]
C:\UserWorx\VSWorx\ServoStudio\wpfui-servoStudio\samples\Wpf.Ui.servoStudio\Services\FirmwareRepositoryService.cs(859,37): warning IDE0055: 淇鏍煎紡 (https://learn.microsoft.com/dotnet/fundamentals/code-analysis/style-rules/ide0055) [C:\UserWorx\VSWorx\ServoStudio\wpfui-servoStudio\samples\Wpf.Ui.servoStudio\servoStudio_wjhet5xd_wpftmp.csproj]
C:\UserWorx\VSWorx\ServoStudio\wpfui-servoStudio\samples\Wpf.Ui.servoStudio\Services\FirmwareRepositoryService.cs(859,47): warning IDE0055: 淇鏍煎紡 (https://learn.microsoft.com/dotnet/fundamentals/code-analysis/style-rules/ide0055) [C:\UserWorx\VSWorx\ServoStudio\wpfui-servoStudio\samples\Wpf.Ui.servoStudio\servoStudio_wjhet5xd_wpftmp.csproj]
C:\UserWorx\VSWorx\ServoStudio\wpfui-servoStudio\samples\Wpf.Ui.servoStudio\Services\FirmwareRepositoryService.cs(869,36): warning IDE0055: 淇鏍煎紡 (https://learn.microsoft.com/dotnet/fundamentals/code-analysis/style-rules/ide0055) [C:\UserWorx\VSWorx\ServoStudio\wpfui-servoStudio\samples\Wpf.Ui.servoStudio\servoStudio_wjhet5xd_wpftmp.csproj]
C:\UserWorx\VSWorx\ServoStudio\wpfui-servoStudio\samples\Wpf.Ui.servoStudio\Services\FirmwareRepositoryService.cs(869,38): warning IDE0055: 淇鏍煎紡 (https://learn.microsoft.com/dotnet/fundamentals/code-analysis/style-rules/ide0055) [C:\UserWorx\VSWorx\ServoStudio\wpfui-servoStudio\samples\Wpf.Ui.servoStudio\servoStudio_wjhet5xd_wpftmp.csproj]
C:\UserWorx\VSWorx\ServoStudio\wpfui-servoStudio\samples\Wpf.Ui.servoStudio\Services\FirmwareRepositoryService.cs(869,48): warning IDE0055: 淇鏍煎紡 (https://learn.microsoft.com/dotnet/fundamentals/code-analysis/style-rules/ide0055) [C:\UserWorx\VSWorx\ServoStudio\wpfui-servoStudio\samples\Wpf.Ui.servoStudio\servoStudio_wjhet5xd_wpftmp.csproj]
C:\UserWorx\VSWorx\ServoStudio\wpfui-servoStudio\samples\Wpf.Ui.servoStudio\Services\FirmwareRepositoryService.cs(879,30): warning IDE0055: 淇鏍煎紡 (https://learn.microsoft.com/dotnet/fundamentals/code-analysis/style-rules/ide0055) [C:\UserWorx\VSWorx\ServoStudio\wpfui-servoStudio\samples\Wpf.Ui.servoStudio\servoStudio_wjhet5xd_wpftmp.csproj]
C:\UserWorx\VSWorx\ServoStudio\wpfui-servoStudio\samples\Wpf.Ui.servoStudio\Services\FirmwareRepositoryService.cs(879,32): warning IDE0055: 淇鏍煎紡 (https://learn.microsoft.com/dotnet/fundamentals/code-analysis/style-rules/ide0055) [C:\UserWorx\VSWorx\ServoStudio\wpfui-servoStudio\samples\Wpf.Ui.servoStudio\servoStudio_wjhet5xd_wpftmp.csproj]
C:\UserWorx\VSWorx\ServoStudio\wpfui-servoStudio\samples\Wpf.Ui.servoStudio\Services\FirmwareRepositoryService.cs(879,42): warning IDE0055: 淇鏍煎紡 (https://learn.microsoft.com/dotnet/fundamentals/code-analysis/style-rules/ide0055) [C:\UserWorx\VSWorx\ServoStudio\wpfui-servoStudio\samples\Wpf.Ui.servoStudio\servoStudio_wjhet5xd_wpftmp.csproj]
C:\UserWorx\VSWorx\ServoStudio\wpfui-servoStudio\samples\Wpf.Ui.servoStudio\Services\FirmwareRepositoryService.cs(279,21): warning IDE2003: 鍧椾笌鍚庣画璇彞涔嬮棿闇€瑕佹湁绌虹櫧琛?(https://learn.microsoft.com/dotnet/fundamentals/code-analysis/style-rules/ide2003) [C:\UserWorx\VSWorx\ServoStudio\wpfui-servoStudio\samples\Wpf.Ui.servoStudio\servoStudio_wjhet5xd_wpftmp.csproj]
C:\UserWorx\VSWorx\ServoStudio\wpfui-servoStudio\samples\Wpf.Ui.servoStudio\Services\FirmwareRepositoryService.cs(415,87): warning IDE2003: 鍧椾笌鍚庣画璇彞涔嬮棿闇€瑕佹湁绌虹櫧琛?(https://learn.microsoft.com/dotnet/fundamentals/code-analysis/style-rules/ide2003) [C:\UserWorx\VSWorx\ServoStudio\wpfui-servoStudio\samples\Wpf.Ui.servoStudio\servoStudio_wjhet5xd_wpftmp.csproj]
C:\UserWorx\VSWorx\ServoStudio\wpfui-servoStudio\samples\Wpf.Ui.servoStudio\Services\FirmwareRepositoryService.cs(416,91): warning IDE2003: 鍧椾笌鍚庣画璇彞涔嬮棿闇€瑕佹湁绌虹櫧琛?(https://learn.microsoft.com/dotnet/fundamentals/code-analysis/style-rules/ide2003) [C:\UserWorx\VSWorx\ServoStudio\wpfui-servoStudio\samples\Wpf.Ui.servoStudio\servoStudio_wjhet5xd_wpftmp.csproj]
C:\UserWorx\VSWorx\ServoStudio\wpfui-servoStudio\samples\Wpf.Ui.servoStudio\ViewModels\DeviceSet\DeviceAddViewModel.cs(43,22): warning CA1063: 浠庘€淒eviceAddViewModel鈥濆疄鐜扮殑鎺ュ彛鍒楄〃涓垹闄?IDisposable锛屽洜涓哄畠宸茬敱鍩虹被鍨嬧€淰iewModel鈥濆疄鐜?(https://learn.microsoft.com/dotnet/fundamentals/code-analysis/quality-rules/ca1063) [C:\UserWorx\VSWorx\ServoStudio\wpfui-servoStudio\samples\Wpf.Ui.servoStudio\servoStudio_wjhet5xd_wpftmp.csproj]
C:\UserWorx\VSWorx\ServoStudio\wpfui-servoStudio\samples\Wpf.Ui.servoStudio\ViewModels\DeviceSet\DeviceAddViewModel.cs(43,22): warning CA1063: 瀵?DeviceAddViewModel 鎻愪緵 Dispose(bool) 鐨勫彲閲嶅啓瀹炵幇鎴栧皢璇ョ被鍨嬫爣璁颁负鈥滃凡瀵嗗皝鈥濄€傚 Dispose(false) 鐨勮皟鐢ㄥ簲浠呮竻鐞嗘湰鏈鸿祫婧愩€傚 Dispose(true) 鐨勮皟鐢ㄥ簲鍚屾椂娓呯悊鎵樼璧勬簮鍜屾湰鏈鸿祫婧愩€?(https://learn.microsoft.com/dotnet/fundamentals/code-analysis/quality-rules/ca1063) [C:\UserWorx\VSWorx\ServoStudio\wpfui-servoStudio\samples\Wpf.Ui.servoStudio\servoStudio_wjhet5xd_wpftmp.csproj]
C:\UserWorx\VSWorx\ServoStudio\wpfui-servoStudio\samples\Wpf.Ui.servoStudio\Services\FrameLogBridge.cs(35,27): warning IDE0055: 淇鏍煎紡 (https://learn.microsoft.com/dotnet/fundamentals/code-analysis/style-rules/ide0055) [C:\UserWorx\VSWorx\ServoStudio\wpfui-servoStudio\samples\Wpf.Ui.servoStudio\servoStudio_wjhet5xd_wpftmp.csproj]
C:\UserWorx\VSWorx\ServoStudio\wpfui-servoStudio\samples\Wpf.Ui.servoStudio\Services\FrameLogBridge.cs(35,29): warning IDE0055: 淇鏍煎紡 (https://learn.microsoft.com/dotnet/fundamentals/code-analysis/style-rules/ide0055) [C:\UserWorx\VSWorx\ServoStudio\wpfui-servoStudio\samples\Wpf.Ui.servoStudio\servoStudio_wjhet5xd_wpftmp.csproj]
C:\UserWorx\VSWorx\ServoStudio\wpfui-servoStudio\samples\Wpf.Ui.servoStudio\Services\FrameLogBridge.cs(35,45): warning IDE0055: 淇鏍煎紡 (https://learn.microsoft.com/dotnet/fundamentals/code-analysis/style-rules/ide0055) [C:\UserWorx\VSWorx\ServoStudio\wpfui-servoStudio\samples\Wpf.Ui.servoStudio\servoStudio_wjhet5xd_wpftmp.csproj]
C:\UserWorx\VSWorx\ServoStudio\wpfui-servoStudio\samples\Wpf.Ui.servoStudio\Services\FrameLogBridge.cs(35,53): warning IDE0055: 淇鏍煎紡 (https://learn.microsoft.com/dotnet/fundamentals/code-analysis/style-rules/ide0055) [C:\UserWorx\VSWorx\ServoStudio\wpfui-servoStudio\samples\Wpf.Ui.servoStudio\servoStudio_wjhet5xd_wpftmp.csproj]
C:\UserWorx\VSWorx\ServoStudio\wpfui-servoStudio\samples\Wpf.Ui.servoStudio\Services\FrameLogBridge.cs(43,24): warning IDE0055: 淇鏍煎紡 (https://learn.microsoft.com/dotnet/fundamentals/code-analysis/style-rules/ide0055) [C:\UserWorx\VSWorx\ServoStudio\wpfui-servoStudio\samples\Wpf.Ui.servoStudio\servoStudio_wjhet5xd_wpftmp.csproj]
C:\UserWorx\VSWorx\ServoStudio\wpfui-servoStudio\samples\Wpf.Ui.servoStudio\Services\FrameLogBridge.cs(46,54): warning IDE0055: 淇鏍煎紡 (https://learn.microsoft.com/dotnet/fundamentals/code-analysis/style-rules/ide0055) [C:\UserWorx\VSWorx\ServoStudio\wpfui-servoStudio\samples\Wpf.Ui.servoStudio\servoStudio_wjhet5xd_wpftmp.csproj]
C:\UserWorx\VSWorx\ServoStudio\wpfui-servoStudio\samples\Wpf.Ui.servoStudio\Services\FrameLogBridge.cs(64,24): warning IDE0055: 淇鏍煎紡 (https://learn.microsoft.com/dotnet/fundamentals/code-analysis/style-rules/ide0055) [C:\UserWorx\VSWorx\ServoStudio\wpfui-servoStudio\samples\Wpf.Ui.servoStudio\servoStudio_wjhet5xd_wpftmp.csproj]
C:\UserWorx\VSWorx\ServoStudio\wpfui-servoStudio\samples\Wpf.Ui.servoStudio\Services\FrameLogBridge.cs(67,54): warning IDE0055: 淇鏍煎紡 (https://learn.microsoft.com/dotnet/fundamentals/code-analysis/style-rules/ide0055) [C:\UserWorx\VSWorx\ServoStudio\wpfui-servoStudio\samples\Wpf.Ui.servoStudio\servoStudio_wjhet5xd_wpftmp.csproj]
C:\UserWorx\VSWorx\ServoStudio\wpfui-servoStudio\samples\Wpf.Ui.servoStudio\Services\LiveDiag.cs(35,9): warning IDE2003: 鍧椾笌鍚庣画璇彞涔嬮棿闇€瑕佹湁绌虹櫧琛?(https://learn.microsoft.com/dotnet/fundamentals/code-analysis/style-rules/ide2003) [C:\UserWorx\VSWorx\ServoStudio\wpfui-servoStudio\samples\Wpf.Ui.servoStudio\servoStudio_wjhet5xd_wpftmp.csproj]
C:\UserWorx\VSWorx\ServoStudio\wpfui-servoStudio\samples\Wpf.Ui.servoStudio\Services\LiveDiag.cs(46,9): warning IDE2003: 鍧椾笌鍚庣画璇彞涔嬮棿闇€瑕佹湁绌虹櫧琛?(https://learn.microsoft.com/dotnet/fundamentals/code-analysis/style-rules/ide2003) [C:\UserWorx\VSWorx\ServoStudio\wpfui-servoStudio\samples\Wpf.Ui.servoStudio\servoStudio_wjhet5xd_wpftmp.csproj]
C:\UserWorx\VSWorx\ServoStudio\wpfui-servoStudio\samples\Wpf.Ui.servoStudio\Services\LiveDiag.cs(63,9): warning IDE2003: 鍧椾笌鍚庣画璇彞涔嬮棿闇€瑕佹湁绌虹櫧琛?(https://learn.microsoft.com/dotnet/fundamentals/code-analysis/style-rules/ide2003) [C:\UserWorx\VSWorx\ServoStudio\wpfui-servoStudio\samples\Wpf.Ui.servoStudio\servoStudio_wjhet5xd_wpftmp.csproj]
C:\UserWorx\VSWorx\ServoStudio\wpfui-servoStudio\samples\Wpf.Ui.servoStudio\Services\LiveDiag.cs(75,9): warning IDE2003: 鍧椾笌鍚庣画璇彞涔嬮棿闇€瑕佹湁绌虹櫧琛?(https://learn.microsoft.com/dotnet/fundamentals/code-analysis/style-rules/ide2003) [C:\UserWorx\VSWorx\ServoStudio\wpfui-servoStudio\samples\Wpf.Ui.servoStudio\servoStudio_wjhet5xd_wpftmp.csproj]
C:\UserWorx\VSWorx\ServoStudio\wpfui-servoStudio\samples\Wpf.Ui.servoStudio\Services\LiveDiag.cs(96,9): warning IDE2003: 鍧椾笌鍚庣画璇彞涔嬮棿闇€瑕佹湁绌虹櫧琛?(https://learn.microsoft.com/dotnet/fundamentals/code-analysis/style-rules/ide2003) [C:\UserWorx\VSWorx\ServoStudio\wpfui-servoStudio\samples\Wpf.Ui.servoStudio\servoStudio_wjhet5xd_wpftmp.csproj]
C:\UserWorx\VSWorx\ServoStudio\wpfui-servoStudio\samples\Wpf.Ui.servoStudio\Services\LiveDiag.cs(108,9): warning IDE2003: 鍧椾笌鍚庣画璇彞涔嬮棿闇€瑕佹湁绌虹櫧琛?(https://learn.microsoft.com/dotnet/fundamentals/code-analysis/style-rules/ide2003) [C:\UserWorx\VSWorx\ServoStudio\wpfui-servoStudio\samples\Wpf.Ui.servoStudio\servoStudio_wjhet5xd_wpftmp.csproj]
C:\UserWorx\VSWorx\ServoStudio\wpfui-servoStudio\samples\Wpf.Ui.servoStudio\Services\LiveDiag.cs(134,9): warning IDE2003: 鍧椾笌鍚庣画璇彞涔嬮棿闇€瑕佹湁绌虹櫧琛?(https://learn.microsoft.com/dotnet/fundamentals/code-analysis/style-rules/ide2003) [C:\UserWorx\VSWorx\ServoStudio\wpfui-servoStudio\samples\Wpf.Ui.servoStudio\servoStudio_wjhet5xd_wpftmp.csproj]
C:\UserWorx\VSWorx\ServoStudio\wpfui-servoStudio\samples\Wpf.Ui.servoStudio\Services\LiveDiag.cs(118,13): warning IDE2003: 鍧椾笌鍚庣画璇彞涔嬮棿闇€瑕佹湁绌虹櫧琛?(https://learn.microsoft.com/dotnet/fundamentals/code-analysis/style-rules/ide2003) [C:\UserWorx\VSWorx\ServoStudio\wpfui-servoStudio\samples\Wpf.Ui.servoStudio\servoStudio_wjhet5xd_wpftmp.csproj]
C:\UserWorx\VSWorx\ServoStudio\wpfui-servoStudio\samples\Wpf.Ui.servoStudio\Services\LiveDiag.cs(122,13): warning IDE2003: 鍧椾笌鍚庣画璇彞涔嬮棿闇€瑕佹湁绌虹櫧琛?(https://learn.microsoft.com/dotnet/fundamentals/code-analysis/style-rules/ide2003) [C:\UserWorx\VSWorx\ServoStudio\wpfui-servoStudio\samples\Wpf.Ui.servoStudio\servoStudio_wjhet5xd_wpftmp.csproj]
C:\UserWorx\VSWorx\ServoStudio\wpfui-servoStudio\samples\Wpf.Ui.servoStudio\Services\LiveDiag.cs(132,13): warning IDE2003: 鍧椾笌鍚庣画璇彞涔嬮棿闇€瑕佹湁绌虹櫧琛?(https://learn.microsoft.com/dotnet/fundamentals/code-analysis/style-rules/ide2003) [C:\UserWorx\VSWorx\ServoStudio\wpfui-servoStudio\samples\Wpf.Ui.servoStudio\servoStudio_wjhet5xd_wpftmp.csproj]
C:\UserWorx\VSWorx\ServoStudio\wpfui-servoStudio\samples\Wpf.Ui.servoStudio\Services\LiveDiag.cs(138,9): warning IDE2003: 鍧椾笌鍚庣画璇彞涔嬮棿闇€瑕佹湁绌虹櫧琛?(https://learn.microsoft.com/dotnet/fundamentals/code-analysis/style-rules/ide2003) [C:\UserWorx\VSWorx\ServoStudio\wpfui-servoStudio\samples\Wpf.Ui.servoStudio\servoStudio_wjhet5xd_wpftmp.csproj]
C:\UserWorx\VSWorx\ServoStudio\wpfui-servoStudio\samples\Wpf.Ui.servoStudio\Services\LiveDiag.cs(164,13): warning IDE2003: 鍧椾笌鍚庣画璇彞涔嬮棿闇€瑕佹湁绌虹櫧琛?(https://learn.microsoft.com/dotnet/fundamentals/code-analysis/style-rules/ide2003) [C:\UserWorx\VSWorx\ServoStudio\wpfui-servoStudio\samples\Wpf.Ui.servoStudio\servoStudio_wjhet5xd_wpftmp.csproj]
C:\UserWorx\VSWorx\ServoStudio\wpfui-servoStudio\samples\Wpf.Ui.servoStudio\Services\PageUsageTracker.cs(15,26): warning IDE0055: 淇鏍煎紡 (https://learn.microsoft.com/dotnet/fundamentals/code-analysis/style-rules/ide0055) [C:\UserWorx\VSWorx\ServoStudio\wpfui-servoStudio\samples\Wpf.Ui.servoStudio\servoStudio_wjhet5xd_wpftmp.csproj]
C:\UserWorx\VSWorx\ServoStudio\wpfui-servoStudio\samples\Wpf.Ui.servoStudio\Services\PageUsageTracker.cs(15,28): warning IDE0055: 淇鏍煎紡 (https://learn.microsoft.com/dotnet/fundamentals/code-analysis/style-rules/ide0055) [C:\UserWorx\VSWorx\ServoStudio\wpfui-servoStudio\samples\Wpf.Ui.servoStudio\servoStudio_wjhet5xd_wpftmp.csproj]
C:\UserWorx\VSWorx\ServoStudio\wpfui-servoStudio\samples\Wpf.Ui.servoStudio\Services\PageUsageTracker.cs(15,38): warning IDE0055: 淇鏍煎紡 (https://learn.microsoft.com/dotnet/fundamentals/code-analysis/style-rules/ide0055) [C:\UserWorx\VSWorx\ServoStudio\wpfui-servoStudio\samples\Wpf.Ui.servoStudio\servoStudio_wjhet5xd_wpftmp.csproj]
C:\UserWorx\VSWorx\ServoStudio\wpfui-servoStudio\samples\Wpf.Ui.servoStudio\Services\PageUsageTracker.cs(18,30): warning IDE0055: 淇鏍煎紡 (https://learn.microsoft.com/dotnet/fundamentals/code-analysis/style-rules/ide0055) [C:\UserWorx\VSWorx\ServoStudio\wpfui-servoStudio\samples\Wpf.Ui.servoStudio\servoStudio_wjhet5xd_wpftmp.csproj]
C:\UserWorx\VSWorx\ServoStudio\wpfui-servoStudio\samples\Wpf.Ui.servoStudio\Services\PageUsageTracker.cs(18,32): warning IDE0055: 淇鏍煎紡 (https://learn.microsoft.com/dotnet/fundamentals/code-analysis/style-rules/ide0055) [C:\UserWorx\VSWorx\ServoStudio\wpfui-servoStudio\samples\Wpf.Ui.servoStudio\servoStudio_wjhet5xd_wpftmp.csproj]
C:\UserWorx\VSWorx\ServoStudio\wpfui-servoStudio\samples\Wpf.Ui.servoStudio\Services\PageUsageTracker.cs(18,42): warning IDE0055: 淇鏍煎紡 (https://learn.microsoft.com/dotnet/fundamentals/code-analysis/style-rules/ide0055) [C:\UserWorx\VSWorx\ServoStudio\wpfui-servoStudio\samples\Wpf.Ui.servoStudio\servoStudio_wjhet5xd_wpftmp.csproj]
C:\UserWorx\VSWorx\ServoStudio\wpfui-servoStudio\samples\Wpf.Ui.servoStudio\Services\PageUsageTracker.cs(19,26): warning IDE0055: 淇鏍煎紡 (https://learn.microsoft.com/dotnet/fundamentals/code-analysis/style-rules/ide0055) [C:\UserWorx\VSWorx\ServoStudio\wpfui-servoStudio\samples\Wpf.Ui.servoStudio\servoStudio_wjhet5xd_wpftmp.csproj]
C:\UserWorx\VSWorx\ServoStudio\wpfui-servoStudio\samples\Wpf.Ui.servoStudio\Services\PageUsageTracker.cs(19,28): warning IDE0055: 淇鏍煎紡 (https://learn.microsoft.com/dotnet/fundamentals/code-analysis/style-rules/ide0055) [C:\UserWorx\VSWorx\ServoStudio\wpfui-servoStudio\samples\Wpf.Ui.servoStudio\servoStudio_wjhet5xd_wpftmp.csproj]
C:\UserWorx\VSWorx\ServoStudio\wpfui-servoStudio\samples\Wpf.Ui.servoStudio\Services\PageUsageTracker.cs(19,38): warning IDE0055: 淇鏍煎紡 (https://learn.microsoft.com/dotnet/fundamentals/code-analysis/style-rules/ide0055) [C:\UserWorx\VSWorx\ServoStudio\wpfui-servoStudio\samples\Wpf.Ui.servoStudio\servoStudio_wjhet5xd_wpftmp.csproj]
C:\UserWorx\VSWorx\ServoStudio\wpfui-servoStudio\samples\Wpf.Ui.servoStudio\Services\RegisterDisableService.cs(60,39): warning IDE0055: 淇鏍煎紡 (https://learn.microsoft.com/dotnet/fundamentals/code-analysis/style-rules/ide0055) [C:\UserWorx\VSWorx\ServoStudio\wpfui-servoStudio\samples\Wpf.Ui.servoStudio\servoStudio_wjhet5xd_wpftmp.csproj]
C:\UserWorx\VSWorx\ServoStudio\wpfui-servoStudio\samples\Wpf.Ui.servoStudio\Services\RegisterDisableService.cs(87,39): warning IDE0055: 淇鏍煎紡 (https://learn.microsoft.com/dotnet/fundamentals/code-analysis/style-rules/ide0055) [C:\UserWorx\VSWorx\ServoStudio\wpfui-servoStudio\samples\Wpf.Ui.servoStudio\servoStudio_wjhet5xd_wpftmp.csproj]
C:\UserWorx\VSWorx\ServoStudio\wpfui-servoStudio\samples\Wpf.Ui.servoStudio\Services\RegisterDisableService.cs(90,22): warning IDE0055: 淇鏍煎紡 (https://learn.microsoft.com/dotnet/fundamentals/code-analysis/style-rules/ide0055) [C:\UserWorx\VSWorx\ServoStudio\wpfui-servoStudio\samples\Wpf.Ui.servoStudio\servoStudio_wjhet5xd_wpftmp.csproj]
C:\UserWorx\VSWorx\ServoStudio\wpfui-servoStudio\samples\Wpf.Ui.servoStudio\Services\RegisterDisableService.cs(108,25): warning IDE0055: 淇鏍煎紡 (https://learn.microsoft.com/dotnet/fundamentals/code-analysis/style-rules/ide0055) [C:\UserWorx\VSWorx\ServoStudio\wpfui-servoStudio\samples\Wpf.Ui.servoStudio\servoStudio_wjhet5xd_wpftmp.csproj]
C:\UserWorx\VSWorx\ServoStudio\wpfui-servoStudio\samples\Wpf.Ui.servoStudio\Core\CANopen\Adapters\ZlgKernelDllScanner.cs(54,13): warning IDE0008: 鐢ㄦ樉寮忕被鍨嬩唬鏇?"var" (https://learn.microsoft.com/dotnet/fundamentals/code-analysis/style-rules/ide0008) [C:\UserWorx\VSWorx\ServoStudio\wpfui-servoStudio\samples\Wpf.Ui.servoStudio\servoStudio_wjhet5xd_wpftmp.csproj]
C:\UserWorx\VSWorx\ServoStudio\wpfui-servoStudio\samples\Wpf.Ui.servoStudio\Core\CANopen\Adapters\ZlgKernelDllScanner.cs(57,17): warning IDE0058: 姘歌繙涓嶄細浣跨敤琛ㄨ揪寮忓€?(https://learn.microsoft.com/dotnet/fundamentals/code-analysis/style-rules/ide0058) [C:\UserWorx\VSWorx\ServoStudio\wpfui-servoStudio\samples\Wpf.Ui.servoStudio\servoStudio_wjhet5xd_wpftmp.csproj]
C:\UserWorx\VSWorx\ServoStudio\wpfui-servoStudio\samples\Wpf.Ui.servoStudio\Core\CANopen\Adapters\ZlgKernelDllScanner.cs(86,19): warning IDE0058: 姘歌繙涓嶄細浣跨敤琛ㄨ揪寮忓€?(https://learn.microsoft.com/dotnet/fundamentals/code-analysis/style-rules/ide0058) [C:\UserWorx\VSWorx\ServoStudio\wpfui-servoStudio\samples\Wpf.Ui.servoStudio\servoStudio_wjhet5xd_wpftmp.csproj]
C:\UserWorx\VSWorx\ServoStudio\wpfui-servoStudio\samples\Wpf.Ui.servoStudio\Services\UsbDeviceWatcher.cs(68,22): warning IDE0055: 淇鏍煎紡 (https://learn.microsoft.com/dotnet/fundamentals/code-analysis/style-rules/ide0055) [C:\UserWorx\VSWorx\ServoStudio\wpfui-servoStudio\samples\Wpf.Ui.servoStudio\servoStudio_wjhet5xd_wpftmp.csproj]
C:\UserWorx\VSWorx\ServoStudio\wpfui-servoStudio\samples\Wpf.Ui.servoStudio\Services\UsbDeviceWatcher.cs(73,37): warning IDE0055: 淇鏍煎紡 (https://learn.microsoft.com/dotnet/fundamentals/code-analysis/style-rules/ide0055) [C:\UserWorx\VSWorx\ServoStudio\wpfui-servoStudio\samples\Wpf.Ui.servoStudio\servoStudio_wjhet5xd_wpftmp.csproj]
C:\UserWorx\VSWorx\ServoStudio\wpfui-servoStudio\samples\Wpf.Ui.servoStudio\Services\UsbDeviceWatcher.cs(83,33): warning IDE0055: 淇鏍煎紡 (https://learn.microsoft.com/dotnet/fundamentals/code-analysis/style-rules/ide0055) [C:\UserWorx\VSWorx\ServoStudio\wpfui-servoStudio\samples\Wpf.Ui.servoStudio\servoStudio_wjhet5xd_wpftmp.csproj]
C:\UserWorx\VSWorx\ServoStudio\wpfui-servoStudio\samples\Wpf.Ui.servoStudio\Services\UsbDeviceWatcher.cs(123,16): warning IDE0055: 淇鏍煎紡 (https://learn.microsoft.com/dotnet/fundamentals/code-analysis/style-rules/ide0055) [C:\UserWorx\VSWorx\ServoStudio\wpfui-servoStudio\samples\Wpf.Ui.servoStudio\servoStudio_wjhet5xd_wpftmp.csproj]
C:\UserWorx\VSWorx\ServoStudio\wpfui-servoStudio\samples\Wpf.Ui.servoStudio\Services\UsbDeviceWatcher.cs(123,18): warning IDE0055: 淇鏍煎紡 (https://learn.microsoft.com/dotnet/fundamentals/code-analysis/style-rules/ide0055) [C:\UserWorx\VSWorx\ServoStudio\wpfui-servoStudio\samples\Wpf.Ui.servoStudio\servoStudio_wjhet5xd_wpftmp.csproj]
C:\UserWorx\VSWorx\ServoStudio\wpfui-servoStudio\samples\Wpf.Ui.servoStudio\Services\UsbDeviceWatcher.cs(123,65): warning IDE0055: 淇鏍煎紡 (https://learn.microsoft.com/dotnet/fundamentals/code-analysis/style-rules/ide0055) [C:\UserWorx\VSWorx\ServoStudio\wpfui-servoStudio\samples\Wpf.Ui.servoStudio\servoStudio_wjhet5xd_wpftmp.csproj]
C:\UserWorx\VSWorx\ServoStudio\wpfui-servoStudio\samples\Wpf.Ui.servoStudio\Services\UsbDeviceWatcher.cs(130,36): warning IDE0055: 淇鏍煎紡 (https://learn.microsoft.com/dotnet/fundamentals/code-analysis/style-rules/ide0055) [C:\UserWorx\VSWorx\ServoStudio\wpfui-servoStudio\samples\Wpf.Ui.servoStudio\servoStudio_wjhet5xd_wpftmp.csproj]
C:\UserWorx\VSWorx\ServoStudio\wpfui-servoStudio\samples\Wpf.Ui.servoStudio\Services\UsbDeviceWatcher.cs(140,9): warning IDE2003: 鍧椾笌鍚庣画璇彞涔嬮棿闇€瑕佹湁绌虹櫧琛?(https://learn.microsoft.com/dotnet/fundamentals/code-analysis/style-rules/ide2003) [C:\UserWorx\VSWorx\ServoStudio\wpfui-servoStudio\samples\Wpf.Ui.servoStudio\servoStudio_wjhet5xd_wpftmp.csproj]
C:\UserWorx\VSWorx\ServoStudio\wpfui-servoStudio\samples\Wpf.Ui.servoStudio\Core\CANopen\CanOpenMaster.cs(101,15): warning IDE0058: 姘歌繙涓嶄細浣跨敤琛ㄨ揪寮忓€?(https://learn.microsoft.com/dotnet/fundamentals/code-analysis/style-rules/ide0058) [C:\UserWorx\VSWorx\ServoStudio\wpfui-servoStudio\samples\Wpf.Ui.servoStudio\servoStudio_wjhet5xd_wpftmp.csproj]
C:\UserWorx\VSWorx\ServoStudio\wpfui-servoStudio\samples\Wpf.Ui.servoStudio\Core\CANopen\CanOpenMaster.cs(107,17): warning CA1063: 淇敼鈥淐anOpenMaster.Dispose鈥濓紝浣垮叾璋冪敤 Dispose(true)锛屽啀瀵瑰綋鍓嶅璞″疄渚嬭皟鐢?GC.SuppressFinalize (Visual Basic 涓殑鈥滄椤光€濇垨鈥滄垜鈥?锛岀劧鍚庤繑鍥?(https://learn.microsoft.com/dotnet/fundamentals/code-analysis/quality-rules/ca1063) [C:\UserWorx\VSWorx\ServoStudio\wpfui-servoStudio\samples\Wpf.Ui.servoStudio\servoStudio_wjhet5xd_wpftmp.csproj]
C:\UserWorx\VSWorx\ServoStudio\wpfui-servoStudio\samples\Wpf.Ui.servoStudio\App.xaml.cs(222,13): warning IDE0011: 鍚?鈥渋f鈥?璇彞娣诲姞澶ф嫭鍙枫€?(https://learn.microsoft.com/dotnet/fundamentals/code-analysis/style-rules/ide0011) [C:\UserWorx\VSWorx\ServoStudio\wpfui-servoStudio\samples\Wpf.Ui.servoStudio\servoStudio_wjhet5xd_wpftmp.csproj]
C:\UserWorx\VSWorx\ServoStudio\wpfui-servoStudio\samples\Wpf.Ui.servoStudio\App.xaml.cs(230,17): warning IDE0011: 鍚?鈥渋f鈥?璇彞娣诲姞澶ф嫭鍙枫€?(https://learn.microsoft.com/dotnet/fundamentals/code-analysis/style-rules/ide0011) [C:\UserWorx\VSWorx\ServoStudio\wpfui-servoStudio\samples\Wpf.Ui.servoStudio\servoStudio_wjhet5xd_wpftmp.csproj]
C:\UserWorx\VSWorx\ServoStudio\wpfui-servoStudio\samples\Wpf.Ui.servoStudio\App.xaml.cs(231,17): warning IDE0011: 鍚?鈥渋f鈥?璇彞娣诲姞澶ф嫭鍙枫€?(https://learn.microsoft.com/dotnet/fundamentals/code-analysis/style-rules/ide0011) [C:\UserWorx\VSWorx\ServoStudio\wpfui-servoStudio\samples\Wpf.Ui.servoStudio\servoStudio_wjhet5xd_wpftmp.csproj]
C:\UserWorx\VSWorx\ServoStudio\wpfui-servoStudio\samples\Wpf.Ui.servoStudio\App.xaml.cs(232,17): warning IDE0058: 姘歌繙涓嶄細浣跨敤琛ㄨ揪寮忓€?(https://learn.microsoft.com/dotnet/fundamentals/code-analysis/style-rules/ide0058) [C:\UserWorx\VSWorx\ServoStudio\wpfui-servoStudio\samples\Wpf.Ui.servoStudio\servoStudio_wjhet5xd_wpftmp.csproj]
C:\UserWorx\VSWorx\ServoStudio\wpfui-servoStudio\samples\Wpf.Ui.servoStudio\Views\Pages\QuickControlPage.xaml.cs(66,9): warning IDE0058: 姘歌繙涓嶄細浣跨敤琛ㄨ揪寮忓€?(https://learn.microsoft.com/dotnet/fundamentals/code-analysis/style-rules/ide0058) [C:\UserWorx\VSWorx\ServoStudio\wpfui-servoStudio\samples\Wpf.Ui.servoStudio\servoStudio_wjhet5xd_wpftmp.csproj]
C:\UserWorx\VSWorx\ServoStudio\wpfui-servoStudio\samples\Wpf.Ui.servoStudio\App.xaml.cs(309,17): warning IDE0058: 姘歌繙涓嶄細浣跨敤琛ㄨ揪寮忓€?(https://learn.microsoft.com/dotnet/fundamentals/code-analysis/style-rules/ide0058) [C:\UserWorx\VSWorx\ServoStudio\wpfui-servoStudio\samples\Wpf.Ui.servoStudio\servoStudio_wjhet5xd_wpftmp.csproj]
C:\UserWorx\VSWorx\ServoStudio\wpfui-servoStudio\samples\Wpf.Ui.servoStudio\App.xaml.cs(321,13): warning IDE0058: 姘歌繙涓嶄細浣跨敤琛ㄨ揪寮忓€?(https://learn.microsoft.com/dotnet/fundamentals/code-analysis/style-rules/ide0058) [C:\UserWorx\VSWorx\ServoStudio\wpfui-servoStudio\samples\Wpf.Ui.servoStudio\servoStudio_wjhet5xd_wpftmp.csproj]
C:\UserWorx\VSWorx\ServoStudio\wpfui-servoStudio\samples\Wpf.Ui.servoStudio\Views\Pages\QuickControlPage.xaml.cs(111,13): warning IDE0058: 姘歌繙涓嶄細浣跨敤琛ㄨ揪寮忓€?(https://learn.microsoft.com/dotnet/fundamentals/code-analysis/style-rules/ide0058) [C:\UserWorx\VSWorx\ServoStudio\wpfui-servoStudio\samples\Wpf.Ui.servoStudio\servoStudio_wjhet5xd_wpftmp.csproj]
C:\UserWorx\VSWorx\ServoStudio\wpfui-servoStudio\samples\Wpf.Ui.servoStudio\Helpers\SoemFoEInterop.cs(40,57): warning CA2101: 鎸囧畾瀵?P/Invoke 瀛楃涓插弬鏁拌繘琛屽皝閫佸鐞?(https://learn.microsoft.com/dotnet/fundamentals/code-analysis/quality-rules/ca2101) [C:\UserWorx\VSWorx\ServoStudio\wpfui-servoStudio\samples\Wpf.Ui.servoStudio\servoStudio_wjhet5xd_wpftmp.csproj]
C:\UserWorx\VSWorx\ServoStudio\wpfui-servoStudio\samples\Wpf.Ui.servoStudio\Helpers\SoemFoEInterop.cs(55,75): warning CA2101: 鎸囧畾瀵?P/Invoke 瀛楃涓插弬鏁拌繘琛屽皝閫佸鐞?(https://learn.microsoft.com/dotnet/fundamentals/code-analysis/quality-rules/ca2101) [C:\UserWorx\VSWorx\ServoStudio\wpfui-servoStudio\samples\Wpf.Ui.servoStudio\servoStudio_wjhet5xd_wpftmp.csproj]
C:\UserWorx\VSWorx\ServoStudio\wpfui-servoStudio\samples\Wpf.Ui.servoStudio\Helpers\SoemFoEInterop.cs(58,74): warning CA2101: 鎸囧畾瀵?P/Invoke 瀛楃涓插弬鏁拌繘琛屽皝閫佸鐞?(https://learn.microsoft.com/dotnet/fundamentals/code-analysis/quality-rules/ca2101) [C:\UserWorx\VSWorx\ServoStudio\wpfui-servoStudio\samples\Wpf.Ui.servoStudio\servoStudio_wjhet5xd_wpftmp.csproj]
C:\UserWorx\VSWorx\ServoStudio\wpfui-servoStudio\samples\Wpf.Ui.servoStudio\Core\Sync\WinMmCyclicTimer.cs(76,13): warning IDE0058: 姘歌繙涓嶄細浣跨敤琛ㄨ揪寮忓€?(https://learn.microsoft.com/dotnet/fundamentals/code-analysis/style-rules/ide0058) [C:\UserWorx\VSWorx\ServoStudio\wpfui-servoStudio\samples\Wpf.Ui.servoStudio\servoStudio_wjhet5xd_wpftmp.csproj]
C:\UserWorx\VSWorx\ServoStudio\wpfui-servoStudio\samples\Wpf.Ui.servoStudio\Core\Sync\WinMmCyclicTimer.cs(77,13): warning IDE0058: 姘歌繙涓嶄細浣跨敤琛ㄨ揪寮忓€?(https://learn.microsoft.com/dotnet/fundamentals/code-analysis/style-rules/ide0058) [C:\UserWorx\VSWorx\ServoStudio\wpfui-servoStudio\samples\Wpf.Ui.servoStudio\servoStudio_wjhet5xd_wpftmp.csproj]
C:\UserWorx\VSWorx\ServoStudio\wpfui-servoStudio\samples\Wpf.Ui.servoStudio\Core\Sync\WinMmCyclicTimer.cs(78,13): warning IDE0058: 姘歌繙涓嶄細浣跨敤琛ㄨ揪寮忓€?(https://learn.microsoft.com/dotnet/fundamentals/code-analysis/style-rules/ide0058) [C:\UserWorx\VSWorx\ServoStudio\wpfui-servoStudio\samples\Wpf.Ui.servoStudio\servoStudio_wjhet5xd_wpftmp.csproj]
C:\UserWorx\VSWorx\ServoStudio\wpfui-servoStudio\samples\Wpf.Ui.servoStudio\Helpers\SoemFoEInterop.cs(120,10): warning CA2101: 鎸囧畾瀵?P/Invoke 瀛楃涓插弬鏁拌繘琛屽皝閫佸鐞?(https://learn.microsoft.com/dotnet/fundamentals/code-analysis/quality-rules/ca2101) [C:\UserWorx\VSWorx\ServoStudio\wpfui-servoStudio\samples\Wpf.Ui.servoStudio\servoStudio_wjhet5xd_wpftmp.csproj]
C:\UserWorx\VSWorx\ServoStudio\wpfui-servoStudio\samples\Wpf.Ui.servoStudio\Helpers\SoemFoEInterop.cs(122,10): warning CA2101: 鎸囧畾瀵?P/Invoke 瀛楃涓插弬鏁拌繘琛屽皝閫佸鐞?(https://learn.microsoft.com/dotnet/fundamentals/code-analysis/quality-rules/ca2101) [C:\UserWorx\VSWorx\ServoStudio\wpfui-servoStudio\samples\Wpf.Ui.servoStudio\servoStudio_wjhet5xd_wpftmp.csproj]
C:\UserWorx\VSWorx\ServoStudio\wpfui-servoStudio\samples\Wpf.Ui.servoStudio\Helpers\SoemFoEInterop.cs(161,13): warning IDE0011: 鍚?鈥渋f鈥?璇彞娣诲姞澶ф嫭鍙枫€?(https://learn.microsoft.com/dotnet/fundamentals/code-analysis/style-rules/ide0011) [C:\UserWorx\VSWorx\ServoStudio\wpfui-servoStudio\samples\Wpf.Ui.servoStudio\servoStudio_wjhet5xd_wpftmp.csproj]
C:\UserWorx\VSWorx\ServoStudio\wpfui-servoStudio\samples\Wpf.Ui.servoStudio\App.xaml.cs(155,17): warning IDE0058: 姘歌繙涓嶄細浣跨敤琛ㄨ揪寮忓€?(https://learn.microsoft.com/dotnet/fundamentals/code-analysis/style-rules/ide0058) [C:\UserWorx\VSWorx\ServoStudio\wpfui-servoStudio\samples\Wpf.Ui.servoStudio\servoStudio_wjhet5xd_wpftmp.csproj]
C:\UserWorx\VSWorx\ServoStudio\wpfui-servoStudio\samples\Wpf.Ui.servoStudio\Core\CANopen\Adapters\ZlgKernelDllScanner.cs(420,13): warning IDE0008: 鐢ㄦ樉寮忕被鍨嬩唬鏇?"var" (https://learn.microsoft.com/dotnet/fundamentals/code-analysis/style-rules/ide0008) [C:\UserWorx\VSWorx\ServoStudio\wpfui-servoStudio\samples\Wpf.Ui.servoStudio\servoStudio_wjhet5xd_wpftmp.csproj]
C:\UserWorx\VSWorx\ServoStudio\wpfui-servoStudio\samples\Wpf.Ui.servoStudio\Services\UserSettingsService.cs(167,55): warning IDE0055: 淇鏍煎紡 (https://learn.microsoft.com/dotnet/fundamentals/code-analysis/style-rules/ide0055) [C:\UserWorx\VSWorx\ServoStudio\wpfui-servoStudio\samples\Wpf.Ui.servoStudio\servoStudio_wjhet5xd_wpftmp.csproj]
C:\UserWorx\VSWorx\ServoStudio\wpfui-servoStudio\samples\Wpf.Ui.servoStudio\Services\UserSettingsService.cs(168,71): warning IDE0055: 淇鏍煎紡 (https://learn.microsoft.com/dotnet/fundamentals/code-analysis/style-rules/ide0055) [C:\UserWorx\VSWorx\ServoStudio\wpfui-servoStudio\samples\Wpf.Ui.servoStudio\servoStudio_wjhet5xd_wpftmp.csproj]
C:\UserWorx\VSWorx\ServoStudio\wpfui-servoStudio\samples\Wpf.Ui.servoStudio\Services\UserSettingsService.cs(286,39): warning IDE0055: 淇鏍煎紡 (https://learn.microsoft.com/dotnet/fundamentals/code-analysis/style-rules/ide0055) [C:\UserWorx\VSWorx\ServoStudio\wpfui-servoStudio\samples\Wpf.Ui.servoStudio\servoStudio_wjhet5xd_wpftmp.csproj]
C:\UserWorx\VSWorx\ServoStudio\wpfui-servoStudio\samples\Wpf.Ui.servoStudio\Services\UserSettingsService.cs(286,41): warning IDE0055: 淇鏍煎紡 (https://learn.microsoft.com/dotnet/fundamentals/code-analysis/style-rules/ide0055) [C:\UserWorx\VSWorx\ServoStudio\wpfui-servoStudio\samples\Wpf.Ui.servoStudio\servoStudio_wjhet5xd_wpftmp.csproj]
C:\UserWorx\VSWorx\ServoStudio\wpfui-servoStudio\samples\Wpf.Ui.servoStudio\Services\UserSettingsService.cs(286,51): warning IDE0055: 淇鏍煎紡 (https://learn.microsoft.com/dotnet/fundamentals/code-analysis/style-rules/ide0055) [C:\UserWorx\VSWorx\ServoStudio\wpfui-servoStudio\samples\Wpf.Ui.servoStudio\servoStudio_wjhet5xd_wpftmp.csproj]
C:\UserWorx\VSWorx\ServoStudio\wpfui-servoStudio\samples\Wpf.Ui.servoStudio\Services\UserSettingsService.cs(291,35): warning IDE0055: 淇鏍煎紡 (https://learn.microsoft.com/dotnet/fundamentals/code-analysis/style-rules/ide0055) [C:\UserWorx\VSWorx\ServoStudio\wpfui-servoStudio\samples\Wpf.Ui.servoStudio\servoStudio_wjhet5xd_wpftmp.csproj]
C:\UserWorx\VSWorx\ServoStudio\wpfui-servoStudio\samples\Wpf.Ui.servoStudio\Services\UserSettingsService.cs(291,37): warning IDE0055: 淇鏍煎紡 (https://learn.microsoft.com/dotnet/fundamentals/code-analysis/style-rules/ide0055) [C:\UserWorx\VSWorx\ServoStudio\wpfui-servoStudio\samples\Wpf.Ui.servoStudio\servoStudio_wjhet5xd_wpftmp.csproj]
C:\UserWorx\VSWorx\ServoStudio\wpfui-servoStudio\samples\Wpf.Ui.servoStudio\Services\UserSettingsService.cs(291,47): warning IDE0055: 淇鏍煎紡 (https://learn.microsoft.com/dotnet/fundamentals/code-analysis/style-rules/ide0055) [C:\UserWorx\VSWorx\ServoStudio\wpfui-servoStudio\samples\Wpf.Ui.servoStudio\servoStudio_wjhet5xd_wpftmp.csproj]
C:\UserWorx\VSWorx\ServoStudio\wpfui-servoStudio\samples\Wpf.Ui.servoStudio\Services\UserSettingsService.cs(309,46): warning IDE0055: 淇鏍煎紡 (https://learn.microsoft.com/dotnet/fundamentals/code-analysis/style-rules/ide0055) [C:\UserWorx\VSWorx\ServoStudio\wpfui-servoStudio\samples\Wpf.Ui.servoStudio\servoStudio_wjhet5xd_wpftmp.csproj]
C:\UserWorx\VSWorx\ServoStudio\wpfui-servoStudio\samples\Wpf.Ui.servoStudio\Services\UserSettingsService.cs(309,48): warning IDE0055: 淇鏍煎紡 (https://learn.microsoft.com/dotnet/fundamentals/code-analysis/style-rules/ide0055) [C:\UserWorx\VSWorx\ServoStudio\wpfui-servoStudio\samples\Wpf.Ui.servoStudio\servoStudio_wjhet5xd_wpftmp.csproj]
C:\UserWorx\VSWorx\ServoStudio\wpfui-servoStudio\samples\Wpf.Ui.servoStudio\Services\UserSettingsService.cs(309,58): warning IDE0055: 淇鏍煎紡 (https://learn.microsoft.com/dotnet/fundamentals/code-analysis/style-rules/ide0055) [C:\UserWorx\VSWorx\ServoStudio\wpfui-servoStudio\samples\Wpf.Ui.servoStudio\servoStudio_wjhet5xd_wpftmp.csproj]
C:\UserWorx\VSWorx\ServoStudio\wpfui-servoStudio\samples\Wpf.Ui.servoStudio\Services\UserSettingsService.cs(463,37): warning IDE0055: 淇鏍煎紡 (https://learn.microsoft.com/dotnet/fundamentals/code-analysis/style-rules/ide0055) [C:\UserWorx\VSWorx\ServoStudio\wpfui-servoStudio\samples\Wpf.Ui.servoStudio\servoStudio_wjhet5xd_wpftmp.csproj]
C:\UserWorx\VSWorx\ServoStudio\wpfui-servoStudio\samples\Wpf.Ui.servoStudio\Services\UserSettingsService.cs(463,39): warning IDE0055: 淇鏍煎紡 (https://learn.microsoft.com/dotnet/fundamentals/code-analysis/style-rules/ide0055) [C:\UserWorx\VSWorx\ServoStudio\wpfui-servoStudio\samples\Wpf.Ui.servoStudio\servoStudio_wjhet5xd_wpftmp.csproj]
C:\UserWorx\VSWorx\ServoStudio\wpfui-servoStudio\samples\Wpf.Ui.servoStudio\Services\UserSettingsService.cs(463,49): warning IDE0055: 淇鏍煎紡 (https://learn.microsoft.com/dotnet/fundamentals/code-analysis/style-rules/ide0055) [C:\UserWorx\VSWorx\ServoStudio\wpfui-servoStudio\samples\Wpf.Ui.servoStudio\servoStudio_wjhet5xd_wpftmp.csproj]
C:\UserWorx\VSWorx\ServoStudio\wpfui-servoStudio\samples\Wpf.Ui.servoStudio\Services\UserSettingsService.cs(471,38): warning IDE0055: 淇鏍煎紡 (https://learn.microsoft.com/dotnet/fundamentals/code-analysis/style-rules/ide0055) [C:\UserWorx\VSWorx\ServoStudio\wpfui-servoStudio\samples\Wpf.Ui.servoStudio\servoStudio_wjhet5xd_wpftmp.csproj]
C:\UserWorx\VSWorx\ServoStudio\wpfui-servoStudio\samples\Wpf.Ui.servoStudio\Services\UserSettingsService.cs(471,40): warning IDE0055: 淇鏍煎紡 (https://learn.microsoft.com/dotnet/fundamentals/code-analysis/style-rules/ide0055) [C:\UserWorx\VSWorx\ServoStudio\wpfui-servoStudio\samples\Wpf.Ui.servoStudio\servoStudio_wjhet5xd_wpftmp.csproj]
C:\UserWorx\VSWorx\ServoStudio\wpfui-servoStudio\samples\Wpf.Ui.servoStudio\Services\UserSettingsService.cs(471,50): warning IDE0055: 淇鏍煎紡 (https://learn.microsoft.com/dotnet/fundamentals/code-analysis/style-rules/ide0055) [C:\UserWorx\VSWorx\ServoStudio\wpfui-servoStudio\samples\Wpf.Ui.servoStudio\servoStudio_wjhet5xd_wpftmp.csproj]
C:\UserWorx\VSWorx\ServoStudio\wpfui-servoStudio\samples\Wpf.Ui.servoStudio\Services\UserSettingsService.cs(479,42): warning IDE0055: 淇鏍煎紡 (https://learn.microsoft.com/dotnet/fundamentals/code-analysis/style-rules/ide0055) [C:\UserWorx\VSWorx\ServoStudio\wpfui-servoStudio\samples\Wpf.Ui.servoStudio\servoStudio_wjhet5xd_wpftmp.csproj]
C:\UserWorx\VSWorx\ServoStudio\wpfui-servoStudio\samples\Wpf.Ui.servoStudio\Services\UserSettingsService.cs(479,44): warning IDE0055: 淇鏍煎紡 (https://learn.microsoft.com/dotnet/fundamentals/code-analysis/style-rules/ide0055) [C:\UserWorx\VSWorx\ServoStudio\wpfui-servoStudio\samples\Wpf.Ui.servoStudio\servoStudio_wjhet5xd_wpftmp.csproj]
C:\UserWorx\VSWorx\ServoStudio\wpfui-servoStudio\samples\Wpf.Ui.servoStudio\Services\UserSettingsService.cs(479,54): warning IDE0055: 淇鏍煎紡 (https://learn.microsoft.com/dotnet/fundamentals/code-analysis/style-rules/ide0055) [C:\UserWorx\VSWorx\ServoStudio\wpfui-servoStudio\samples\Wpf.Ui.servoStudio\servoStudio_wjhet5xd_wpftmp.csproj]
C:\UserWorx\VSWorx\ServoStudio\wpfui-servoStudio\samples\Wpf.Ui.servoStudio\Services\UserSettingsService.cs(490,28): warning IDE0055: 淇鏍煎紡 (https://learn.microsoft.com/dotnet/fundamentals/code-analysis/style-rules/ide0055) [C:\UserWorx\VSWorx\ServoStudio\wpfui-servoStudio\samples\Wpf.Ui.servoStudio\servoStudio_wjhet5xd_wpftmp.csproj]
C:\UserWorx\VSWorx\ServoStudio\wpfui-servoStudio\samples\Wpf.Ui.servoStudio\Services\UserSettingsService.cs(490,30): warning IDE0055: 淇鏍煎紡 (https://learn.microsoft.com/dotnet/fundamentals/code-analysis/style-rules/ide0055) [C:\UserWorx\VSWorx\ServoStudio\wpfui-servoStudio\samples\Wpf.Ui.servoStudio\servoStudio_wjhet5xd_wpftmp.csproj]
C:\UserWorx\VSWorx\ServoStudio\wpfui-servoStudio\samples\Wpf.Ui.servoStudio\Services\UserSettingsService.cs(490,40): warning IDE0055: 淇鏍煎紡 (https://learn.microsoft.com/dotnet/fundamentals/code-analysis/style-rules/ide0055) [C:\UserWorx\VSWorx\ServoStudio\wpfui-servoStudio\samples\Wpf.Ui.servoStudio\servoStudio_wjhet5xd_wpftmp.csproj]
C:\UserWorx\VSWorx\ServoStudio\wpfui-servoStudio\samples\Wpf.Ui.servoStudio\Services\UserSettingsService.cs(506,37): warning IDE0055: 淇鏍煎紡 (https://learn.microsoft.com/dotnet/fundamentals/code-analysis/style-rules/ide0055) [C:\UserWorx\VSWorx\ServoStudio\wpfui-servoStudio\samples\Wpf.Ui.servoStudio\servoStudio_wjhet5xd_wpftmp.csproj]
C:\UserWorx\VSWorx\ServoStudio\wpfui-servoStudio\samples\Wpf.Ui.servoStudio\Services\UserSettingsService.cs(506,39): warning IDE0055: 淇鏍煎紡 (https://learn.microsoft.com/dotnet/fundamentals/code-analysis/style-rules/ide0055) [C:\UserWorx\VSWorx\ServoStudio\wpfui-servoStudio\samples\Wpf.Ui.servoStudio\servoStudio_wjhet5xd_wpftmp.csproj]
C:\UserWorx\VSWorx\ServoStudio\wpfui-servoStudio\samples\Wpf.Ui.servoStudio\Services\UserSettingsService.cs(506,49): warning IDE0055: 淇鏍煎紡 (https://learn.microsoft.com/dotnet/fundamentals/code-analysis/style-rules/ide0055) [C:\UserWorx\VSWorx\ServoStudio\wpfui-servoStudio\samples\Wpf.Ui.servoStudio\servoStudio_wjhet5xd_wpftmp.csproj]
C:\UserWorx\VSWorx\ServoStudio\wpfui-servoStudio\samples\Wpf.Ui.servoStudio\Services\UserSettingsService.cs(521,43): warning IDE0055: 淇鏍煎紡 (https://learn.microsoft.com/dotnet/fundamentals/code-analysis/style-rules/ide0055) [C:\UserWorx\VSWorx\ServoStudio\wpfui-servoStudio\samples\Wpf.Ui.servoStudio\servoStudio_wjhet5xd_wpftmp.csproj]
C:\UserWorx\VSWorx\ServoStudio\wpfui-servoStudio\samples\Wpf.Ui.servoStudio\Services\UserSettingsService.cs(521,45): warning IDE0055: 淇鏍煎紡 (https://learn.microsoft.com/dotnet/fundamentals/code-analysis/style-rules/ide0055) [C:\UserWorx\VSWorx\ServoStudio\wpfui-servoStudio\samples\Wpf.Ui.servoStudio\servoStudio_wjhet5xd_wpftmp.csproj]
C:\UserWorx\VSWorx\ServoStudio\wpfui-servoStudio\samples\Wpf.Ui.servoStudio\Services\UserSettingsService.cs(521,55): warning IDE0055: 淇鏍煎紡 (https://learn.microsoft.com/dotnet/fundamentals/code-analysis/style-rules/ide0055) [C:\UserWorx\VSWorx\ServoStudio\wpfui-servoStudio\samples\Wpf.Ui.servoStudio\servoStudio_wjhet5xd_wpftmp.csproj]
C:\UserWorx\VSWorx\ServoStudio\wpfui-servoStudio\samples\Wpf.Ui.servoStudio\Core\CANopen\Adapters\ZlgKernelDllScanner.cs(172,13): warning IDE0008: 鐢ㄦ樉寮忕被鍨嬩唬鏇?"var" (https://learn.microsoft.com/dotnet/fundamentals/code-analysis/style-rules/ide0008) [C:\UserWorx\VSWorx\ServoStudio\wpfui-servoStudio\samples\Wpf.Ui.servoStudio\servoStudio_wjhet5xd_wpftmp.csproj]
C:\UserWorx\VSWorx\ServoStudio\wpfui-servoStudio\samples\Wpf.Ui.servoStudio\Views\Pages\QuickControlPage.xaml.cs(165,13): warning IDE0008: 鐢ㄦ樉寮忕被鍨嬩唬鏇?"var" (https://learn.microsoft.com/dotnet/fundamentals/code-analysis/style-rules/ide0008) [C:\UserWorx\VSWorx\ServoStudio\wpfui-servoStudio\samples\Wpf.Ui.servoStudio\servoStudio_wjhet5xd_wpftmp.csproj]
C:\UserWorx\VSWorx\ServoStudio\wpfui-servoStudio\samples\Wpf.Ui.servoStudio\Core\CANopen\Adapters\ZlgKernelDllScanner.cs(218,9): warning IDE0008: 鐢ㄦ樉寮忕被鍨嬩唬鏇?"var" (https://learn.microsoft.com/dotnet/fundamentals/code-analysis/style-rules/ide0008) [C:\UserWorx\VSWorx\ServoStudio\wpfui-servoStudio\samples\Wpf.Ui.servoStudio\servoStudio_wjhet5xd_wpftmp.csproj]
C:\UserWorx\VSWorx\ServoStudio\wpfui-servoStudio\samples\Wpf.Ui.servoStudio\Core\Usb\UsbMaster.cs(150,15): warning IDE0058: 姘歌繙涓嶄細浣跨敤琛ㄨ揪寮忓€?(https://learn.microsoft.com/dotnet/fundamentals/code-analysis/style-rules/ide0058) [C:\UserWorx\VSWorx\ServoStudio\wpfui-servoStudio\samples\Wpf.Ui.servoStudio\servoStudio_wjhet5xd_wpftmp.csproj]
C:\UserWorx\VSWorx\ServoStudio\wpfui-servoStudio\samples\Wpf.Ui.servoStudio\Helpers\SoemFoEInterop.cs(232,9): warning IDE0011: 鍚?鈥渋f鈥?璇彞娣诲姞澶ф嫭鍙枫€?(https://learn.microsoft.com/dotnet/fundamentals/code-analysis/style-rules/ide0011) [C:\UserWorx\VSWorx\ServoStudio\wpfui-servoStudio\samples\Wpf.Ui.servoStudio\servoStudio_wjhet5xd_wpftmp.csproj]
C:\UserWorx\VSWorx\ServoStudio\wpfui-servoStudio\samples\Wpf.Ui.servoStudio\Helpers\SoemFoEInterop.cs(261,17): warning IDE0011: 鍚?鈥渇oreach鈥?璇彞娣诲姞澶ф嫭鍙枫€?(https://learn.microsoft.com/dotnet/fundamentals/code-analysis/style-rules/ide0011) [C:\UserWorx\VSWorx\ServoStudio\wpfui-servoStudio\samples\Wpf.Ui.servoStudio\servoStudio_wjhet5xd_wpftmp.csproj]
C:\UserWorx\VSWorx\ServoStudio\wpfui-servoStudio\samples\Wpf.Ui.servoStudio\Helpers\SoemFoEInterop.cs(274,17): warning IDE0011: 鍚?鈥渋f鈥?璇彞娣诲姞澶ф嫭鍙枫€?(https://learn.microsoft.com/dotnet/fundamentals/code-analysis/style-rules/ide0011) [C:\UserWorx\VSWorx\ServoStudio\wpfui-servoStudio\samples\Wpf.Ui.servoStudio\servoStudio_wjhet5xd_wpftmp.csproj]
C:\UserWorx\VSWorx\ServoStudio\wpfui-servoStudio\samples\Wpf.Ui.servoStudio\Core\Sync\WinMmCyclicTimer.cs(107,9): warning IDE0058: 姘歌繙涓嶄細浣跨敤琛ㄨ揪寮忓€?(https://learn.microsoft.com/dotnet/fundamentals/code-analysis/style-rules/ide0058) [C:\UserWorx\VSWorx\ServoStudio\wpfui-servoStudio\samples\Wpf.Ui.servoStudio\servoStudio_wjhet5xd_wpftmp.csproj]
C:\UserWorx\VSWorx\ServoStudio\wpfui-servoStudio\samples\Wpf.Ui.servoStudio\Core\Sync\WinMmCyclicTimer.cs(113,21): warning IDE0058: 姘歌繙涓嶄細浣跨敤琛ㄨ揪寮忓€?(https://learn.microsoft.com/dotnet/fundamentals/code-analysis/style-rules/ide0058) [C:\UserWorx\VSWorx\ServoStudio\wpfui-servoStudio\samples\Wpf.Ui.servoStudio\servoStudio_wjhet5xd_wpftmp.csproj]
C:\UserWorx\VSWorx\ServoStudio\wpfui-servoStudio\samples\Wpf.Ui.servoStudio\Core\Sync\WinMmCyclicTimer.cs(115,9): warning IDE0058: 姘歌繙涓嶄細浣跨敤琛ㄨ揪寮忓€?(https://learn.microsoft.com/dotnet/fundamentals/code-analysis/style-rules/ide0058) [C:\UserWorx\VSWorx\ServoStudio\wpfui-servoStudio\samples\Wpf.Ui.servoStudio\servoStudio_wjhet5xd_wpftmp.csproj]
C:\UserWorx\VSWorx\ServoStudio\wpfui-servoStudio\samples\Wpf.Ui.servoStudio\Views\Pages\QuickControlPage.xaml.cs(177,9): warning IDE0058: 姘歌繙涓嶄細浣跨敤琛ㄨ揪寮忓€?(https://learn.microsoft.com/dotnet/fundamentals/code-analysis/style-rules/ide0058) [C:\UserWorx\VSWorx\ServoStudio\wpfui-servoStudio\samples\Wpf.Ui.servoStudio\servoStudio_wjhet5xd_wpftmp.csproj]
C:\UserWorx\VSWorx\ServoStudio\wpfui-servoStudio\samples\Wpf.Ui.servoStudio\Core\CANopen\CanOpenMaster.cs(223,9): warning IDE0058: 姘歌繙涓嶄細浣跨敤琛ㄨ揪寮忓€?(https://learn.microsoft.com/dotnet/fundamentals/code-analysis/style-rules/ide0058) [C:\UserWorx\VSWorx\ServoStudio\wpfui-servoStudio\samples\Wpf.Ui.servoStudio\servoStudio_wjhet5xd_wpftmp.csproj]
C:\UserWorx\VSWorx\ServoStudio\wpfui-servoStudio\samples\Wpf.Ui.servoStudio\Core\CANopen\Adapters\ZlgCanBus.cs(571,10): warning CA2101: 鎸囧畾瀵?P/Invoke 瀛楃涓插弬鏁拌繘琛屽皝閫佸鐞?(https://learn.microsoft.com/dotnet/fundamentals/code-analysis/quality-rules/ca2101) [C:\UserWorx\VSWorx\ServoStudio\wpfui-servoStudio\samples\Wpf.Ui.servoStudio\servoStudio_wjhet5xd_wpftmp.csproj]
C:\UserWorx\VSWorx\ServoStudio\wpfui-servoStudio\samples\Wpf.Ui.servoStudio\Core\CANopen\Adapters\ZlgCanBus.cs(572,10): warning CA2101: 鎸囧畾瀵?P/Invoke 瀛楃涓插弬鏁拌繘琛屽皝閫佸鐞?(https://learn.microsoft.com/dotnet/fundamentals/code-analysis/quality-rules/ca2101) [C:\UserWorx\VSWorx\ServoStudio\wpfui-servoStudio\samples\Wpf.Ui.servoStudio\servoStudio_wjhet5xd_wpftmp.csproj]
C:\UserWorx\VSWorx\ServoStudio\wpfui-servoStudio\samples\Wpf.Ui.servoStudio\Core\Usb\UsbMaster.cs(202,9): warning IDE0008: 鐢ㄦ樉寮忕被鍨嬩唬鏇?"var" (https://learn.microsoft.com/dotnet/fundamentals/code-analysis/style-rules/ide0008) [C:\UserWorx\VSWorx\ServoStudio\wpfui-servoStudio\samples\Wpf.Ui.servoStudio\servoStudio_wjhet5xd_wpftmp.csproj]
C:\UserWorx\VSWorx\ServoStudio\wpfui-servoStudio\samples\Wpf.Ui.servoStudio\Core\Sync\SpinWaitCyclicTimer.cs(129,15): warning IDE0058: 姘歌繙涓嶄細浣跨敤琛ㄨ揪寮忓€?(https://learn.microsoft.com/dotnet/fundamentals/code-analysis/style-rules/ide0058) [C:\UserWorx\VSWorx\ServoStudio\wpfui-servoStudio\samples\Wpf.Ui.servoStudio\servoStudio_wjhet5xd_wpftmp.csproj]
C:\UserWorx\VSWorx\ServoStudio\wpfui-servoStudio\samples\Wpf.Ui.servoStudio\Core\Usb\UsbMaster.cs(242,9): warning IDE0058: 姘歌繙涓嶄細浣跨敤琛ㄨ揪寮忓€?(https://learn.microsoft.com/dotnet/fundamentals/code-analysis/style-rules/ide0058) [C:\UserWorx\VSWorx\ServoStudio\wpfui-servoStudio\samples\Wpf.Ui.servoStudio\servoStudio_wjhet5xd_wpftmp.csproj]
C:\UserWorx\VSWorx\ServoStudio\wpfui-servoStudio\samples\Wpf.Ui.servoStudio\Core\CANopen\CanOpenMaster.cs(249,17): warning IDE0058: 姘歌繙涓嶄細浣跨敤琛ㄨ揪寮忓€?(https://learn.microsoft.com/dotnet/fundamentals/code-analysis/style-rules/ide0058) [C:\UserWorx\VSWorx\ServoStudio\wpfui-servoStudio\samples\Wpf.Ui.servoStudio\servoStudio_wjhet5xd_wpftmp.csproj]
C:\UserWorx\VSWorx\ServoStudio\wpfui-servoStudio\samples\Wpf.Ui.servoStudio\Core\CANopen\CanOpenMaster.cs(274,13): warning IDE0058: 姘歌繙涓嶄細浣跨敤琛ㄨ揪寮忓€?(https://learn.microsoft.com/dotnet/fundamentals/code-analysis/style-rules/ide0058) [C:\UserWorx\VSWorx\ServoStudio\wpfui-servoStudio\samples\Wpf.Ui.servoStudio\servoStudio_wjhet5xd_wpftmp.csproj]
C:\UserWorx\VSWorx\ServoStudio\wpfui-servoStudio\samples\Wpf.Ui.servoStudio\Views\Pages\QuickControlPage.xaml.cs(268,9): warning IDE0008: 鐢ㄦ樉寮忕被鍨嬩唬鏇?"var" (https://learn.microsoft.com/dotnet/fundamentals/code-analysis/style-rules/ide0008) [C:\UserWorx\VSWorx\ServoStudio\wpfui-servoStudio\samples\Wpf.Ui.servoStudio\servoStudio_wjhet5xd_wpftmp.csproj]
C:\UserWorx\VSWorx\ServoStudio\wpfui-servoStudio\samples\Wpf.Ui.servoStudio\Core\CANopen\CanOpenMaster.cs(399,25): warning IDE0008: 鐢ㄦ樉寮忕被鍨嬩唬鏇?"var" (https://learn.microsoft.com/dotnet/fundamentals/code-analysis/style-rules/ide0008) [C:\UserWorx\VSWorx\ServoStudio\wpfui-servoStudio\samples\Wpf.Ui.servoStudio\servoStudio_wjhet5xd_wpftmp.csproj]
C:\UserWorx\VSWorx\ServoStudio\wpfui-servoStudio\samples\Wpf.Ui.servoStudio\Core\CANopen\CanOpenMaster.cs(304,17): warning IDE0058: 姘歌繙涓嶄細浣跨敤琛ㄨ揪寮忓€?(https://learn.microsoft.com/dotnet/fundamentals/code-analysis/style-rules/ide0058) [C:\UserWorx\VSWorx\ServoStudio\wpfui-servoStudio\samples\Wpf.Ui.servoStudio\servoStudio_wjhet5xd_wpftmp.csproj]
C:\UserWorx\VSWorx\ServoStudio\wpfui-servoStudio\samples\Wpf.Ui.servoStudio\Core\CANopen\CanOpenMaster.cs(328,13): warning IDE0058: 姘歌繙涓嶄細浣跨敤琛ㄨ揪寮忓€?(https://learn.microsoft.com/dotnet/fundamentals/code-analysis/style-rules/ide0058) [C:\UserWorx\VSWorx\ServoStudio\wpfui-servoStudio\samples\Wpf.Ui.servoStudio\servoStudio_wjhet5xd_wpftmp.csproj]
C:\UserWorx\VSWorx\ServoStudio\wpfui-servoStudio\samples\Wpf.Ui.servoStudio\Helpers\SoemFoEInterop.cs(181,13): warning IDE0011: 鍚?鈥渋f鈥?璇彞娣诲姞澶ф嫭鍙枫€?(https://learn.microsoft.com/dotnet/fundamentals/code-analysis/style-rules/ide0011) [C:\UserWorx\VSWorx\ServoStudio\wpfui-servoStudio\samples\Wpf.Ui.servoStudio\servoStudio_wjhet5xd_wpftmp.csproj]
C:\UserWorx\VSWorx\ServoStudio\wpfui-servoStudio\samples\Wpf.Ui.servoStudio\Helpers\SoemFoEInterop.cs(184,13): warning IDE0011: 鍚?鈥渋f鈥?璇彞娣诲姞澶ф嫭鍙枫€?(https://learn.microsoft.com/dotnet/fundamentals/code-analysis/style-rules/ide0011) [C:\UserWorx\VSWorx\ServoStudio\wpfui-servoStudio\samples\Wpf.Ui.servoStudio\servoStudio_wjhet5xd_wpftmp.csproj]
C:\UserWorx\VSWorx\ServoStudio\wpfui-servoStudio\samples\Wpf.Ui.servoStudio\Views\Pages\QuickControlPage.xaml.cs(324,9): warning IDE0008: 鐢ㄦ樉寮忕被鍨嬩唬鏇?"var" (https://learn.microsoft.com/dotnet/fundamentals/code-analysis/style-rules/ide0008) [C:\UserWorx\VSWorx\ServoStudio\wpfui-servoStudio\samples\Wpf.Ui.servoStudio\servoStudio_wjhet5xd_wpftmp.csproj]
C:\UserWorx\VSWorx\ServoStudio\wpfui-servoStudio\samples\Wpf.Ui.servoStudio\Core\CANopen\CanOpenMaster.cs(530,9): warning IDE0058: 姘歌繙涓嶄細浣跨敤琛ㄨ揪寮忓€?(https://learn.microsoft.com/dotnet/fundamentals/code-analysis/style-rules/ide0058) [C:\UserWorx\VSWorx\ServoStudio\wpfui-servoStudio\samples\Wpf.Ui.servoStudio\servoStudio_wjhet5xd_wpftmp.csproj]
C:\UserWorx\VSWorx\ServoStudio\wpfui-servoStudio\samples\Wpf.Ui.servoStudio\Core\CANopen\CanOpenMaster.cs(546,9): warning IDE0058: 姘歌繙涓嶄細浣跨敤琛ㄨ揪寮忓€?(https://learn.microsoft.com/dotnet/fundamentals/code-analysis/style-rules/ide0058) [C:\UserWorx\VSWorx\ServoStudio\wpfui-servoStudio\samples\Wpf.Ui.servoStudio\servoStudio_wjhet5xd_wpftmp.csproj]
C:\UserWorx\VSWorx\ServoStudio\wpfui-servoStudio\samples\Wpf.Ui.servoStudio\Core\CANopen\Adapters\ZlgCanBus.cs(20,21): warning CA2216: 鍙噴鏀剧被鍨嬪簲澹版槑缁堢粨鍣?(https://learn.microsoft.com/dotnet/fundamentals/code-analysis/quality-rules/ca2216) [C:\UserWorx\VSWorx\ServoStudio\wpfui-servoStudio\samples\Wpf.Ui.servoStudio\servoStudio_wjhet5xd_wpftmp.csproj]
C:\UserWorx\VSWorx\ServoStudio\wpfui-servoStudio\samples\Wpf.Ui.servoStudio\Views\Pages\QuickControlPage.xaml.cs(355,18): warning IDE0008: 鐢ㄦ樉寮忕被鍨嬩唬鏇?"var" (https://learn.microsoft.com/dotnet/fundamentals/code-analysis/style-rules/ide0008) [C:\UserWorx\VSWorx\ServoStudio\wpfui-servoStudio\samples\Wpf.Ui.servoStudio\servoStudio_wjhet5xd_wpftmp.csproj]
C:\UserWorx\VSWorx\ServoStudio\wpfui-servoStudio\samples\Wpf.Ui.servoStudio\Helpers\SoemFoEInterop.cs(323,9): warning IDE0011: 鍚?鈥渋f鈥?璇彞娣诲姞澶ф嫭鍙枫€?(https://learn.microsoft.com/dotnet/fundamentals/code-analysis/style-rules/ide0011) [C:\UserWorx\VSWorx\ServoStudio\wpfui-servoStudio\samples\Wpf.Ui.servoStudio\servoStudio_wjhet5xd_wpftmp.csproj]
C:\UserWorx\VSWorx\ServoStudio\wpfui-servoStudio\samples\Wpf.Ui.servoStudio\Helpers\SoemFoEInterop.cs(326,9): warning IDE0011: 鍚?鈥渋f鈥?璇彞娣诲姞澶ф嫭鍙枫€?(https://learn.microsoft.com/dotnet/fundamentals/code-analysis/style-rules/ide0011) [C:\UserWorx\VSWorx\ServoStudio\wpfui-servoStudio\samples\Wpf.Ui.servoStudio\servoStudio_wjhet5xd_wpftmp.csproj]
C:\UserWorx\VSWorx\ServoStudio\wpfui-servoStudio\samples\Wpf.Ui.servoStudio\Helpers\SoemFoEInterop.cs(334,13): warning IDE0011: 鍚?鈥渋f鈥?璇彞娣诲姞澶ф嫭鍙枫€?(https://learn.microsoft.com/dotnet/fundamentals/code-analysis/style-rules/ide0011) [C:\UserWorx\VSWorx\ServoStudio\wpfui-servoStudio\samples\Wpf.Ui.servoStudio\servoStudio_wjhet5xd_wpftmp.csproj]
C:\UserWorx\VSWorx\ServoStudio\wpfui-servoStudio\samples\Wpf.Ui.servoStudio\Helpers\SoemFoEInterop.cs(341,13): warning IDE0011: 鍚?鈥渋f鈥?璇彞娣诲姞澶ф嫭鍙枫€?(https://learn.microsoft.com/dotnet/fundamentals/code-analysis/style-rules/ide0011) [C:\UserWorx\VSWorx\ServoStudio\wpfui-servoStudio\samples\Wpf.Ui.servoStudio\servoStudio_wjhet5xd_wpftmp.csproj]
C:\UserWorx\VSWorx\ServoStudio\wpfui-servoStudio\samples\Wpf.Ui.servoStudio\Helpers\SoemFoEInterop.cs(346,13): warning IDE0011: 鍚?鈥渋f鈥?璇彞娣诲姞澶ф嫭鍙枫€?(https://learn.microsoft.com/dotnet/fundamentals/code-analysis/style-rules/ide0011) [C:\UserWorx\VSWorx\ServoStudio\wpfui-servoStudio\samples\Wpf.Ui.servoStudio\servoStudio_wjhet5xd_wpftmp.csproj]
C:\UserWorx\VSWorx\ServoStudio\wpfui-servoStudio\samples\Wpf.Ui.servoStudio\Helpers\SoemFoEInterop.cs(352,13): warning IDE0011: 鍚?鈥渋f鈥?璇彞娣诲姞澶ф嫭鍙枫€?(https://learn.microsoft.com/dotnet/fundamentals/code-analysis/style-rules/ide0011) [C:\UserWorx\VSWorx\ServoStudio\wpfui-servoStudio\samples\Wpf.Ui.servoStudio\servoStudio_wjhet5xd_wpftmp.csproj]
C:\UserWorx\VSWorx\ServoStudio\wpfui-servoStudio\samples\Wpf.Ui.servoStudio\Helpers\SoemFoEInterop.cs(360,13): warning IDE0011: 鍚?鈥渋f鈥?璇彞娣诲姞澶ф嫭鍙枫€?(https://learn.microsoft.com/dotnet/fundamentals/code-analysis/style-rules/ide0011) [C:\UserWorx\VSWorx\ServoStudio\wpfui-servoStudio\samples\Wpf.Ui.servoStudio\servoStudio_wjhet5xd_wpftmp.csproj]
C:\UserWorx\VSWorx\ServoStudio\wpfui-servoStudio\samples\Wpf.Ui.servoStudio\Helpers\SoemFoEInterop.cs(408,21): warning IDE0011: 鍚?鈥渋f鈥?璇彞娣诲姞澶ф嫭鍙枫€?(https://learn.microsoft.com/dotnet/fundamentals/code-analysis/style-rules/ide0011) [C:\UserWorx\VSWorx\ServoStudio\wpfui-servoStudio\samples\Wpf.Ui.servoStudio\servoStudio_wjhet5xd_wpftmp.csproj]
C:\UserWorx\VSWorx\ServoStudio\wpfui-servoStudio\samples\Wpf.Ui.servoStudio\Helpers\SoemFoEInterop.cs(471,21): warning IDE0011: 鍚?鈥渋f鈥?璇彞娣诲姞澶ф嫭鍙枫€?(https://learn.microsoft.com/dotnet/fundamentals/code-analysis/style-rules/ide0011) [C:\UserWorx\VSWorx\ServoStudio\wpfui-servoStudio\samples\Wpf.Ui.servoStudio\servoStudio_wjhet5xd_wpftmp.csproj]
C:\UserWorx\VSWorx\ServoStudio\wpfui-servoStudio\samples\Wpf.Ui.servoStudio\Helpers\SoemFoEInterop.cs(483,25): warning IDE0011: 鍚?鈥渇oreach鈥?璇彞娣诲姞澶ф嫭鍙枫€?(https://learn.microsoft.com/dotnet/fundamentals/code-analysis/style-rules/ide0011) [C:\UserWorx\VSWorx\ServoStudio\wpfui-servoStudio\samples\Wpf.Ui.servoStudio\servoStudio_wjhet5xd_wpftmp.csproj]
C:\UserWorx\VSWorx\ServoStudio\wpfui-servoStudio\samples\Wpf.Ui.servoStudio\Helpers\SoemFoEInterop.cs(540,17): warning IDE0011: 鍚?鈥渋f鈥?璇彞娣诲姞澶ф嫭鍙枫€?(https://learn.microsoft.com/dotnet/fundamentals/code-analysis/style-rules/ide0011) [C:\UserWorx\VSWorx\ServoStudio\wpfui-servoStudio\samples\Wpf.Ui.servoStudio\servoStudio_wjhet5xd_wpftmp.csproj]
C:\UserWorx\VSWorx\ServoStudio\wpfui-servoStudio\samples\Wpf.Ui.servoStudio\Helpers\SoemFoEInterop.cs(542,17): warning IDE0011: 鍚?鈥渆lse鈥?璇彞娣诲姞澶ф嫭鍙枫€?(https://learn.microsoft.com/dotnet/fundamentals/code-analysis/style-rules/ide0011) [C:\UserWorx\VSWorx\ServoStudio\wpfui-servoStudio\samples\Wpf.Ui.servoStudio\servoStudio_wjhet5xd_wpftmp.csproj]
C:\UserWorx\VSWorx\ServoStudio\wpfui-servoStudio\samples\Wpf.Ui.servoStudio\Helpers\SoemFoEInterop.cs(570,17): warning IDE0011: 鍚?鈥渋f鈥?璇彞娣诲姞澶ф嫭鍙枫€?(https://learn.microsoft.com/dotnet/fundamentals/code-analysis/style-rules/ide0011) [C:\UserWorx\VSWorx\ServoStudio\wpfui-servoStudio\samples\Wpf.Ui.servoStudio\servoStudio_wjhet5xd_wpftmp.csproj]
C:\UserWorx\VSWorx\ServoStudio\wpfui-servoStudio\samples\Wpf.Ui.servoStudio\Helpers\SoemFoEInterop.cs(572,17): warning IDE0011: 鍚?鈥渆lse鈥?璇彞娣诲姞澶ф嫭鍙枫€?(https://learn.microsoft.com/dotnet/fundamentals/code-analysis/style-rules/ide0011) [C:\UserWorx\VSWorx\ServoStudio\wpfui-servoStudio\samples\Wpf.Ui.servoStudio\servoStudio_wjhet5xd_wpftmp.csproj]
C:\UserWorx\VSWorx\ServoStudio\wpfui-servoStudio\samples\Wpf.Ui.servoStudio\Helpers\SoemFoEInterop.cs(587,21): warning IDE0011: 鍚?鈥渋f鈥?璇彞娣诲姞澶ф嫭鍙枫€?(https://learn.microsoft.com/dotnet/fundamentals/code-analysis/style-rules/ide0011) [C:\UserWorx\VSWorx\ServoStudio\wpfui-servoStudio\samples\Wpf.Ui.servoStudio\servoStudio_wjhet5xd_wpftmp.csproj]
C:\UserWorx\VSWorx\ServoStudio\wpfui-servoStudio\samples\Wpf.Ui.servoStudio\Helpers\SoemFoEInterop.cs(589,21): warning IDE0011: 鍚?鈥渆lse鈥?璇彞娣诲姞澶ф嫭鍙枫€?(https://learn.microsoft.com/dotnet/fundamentals/code-analysis/style-rules/ide0011) [C:\UserWorx\VSWorx\ServoStudio\wpfui-servoStudio\samples\Wpf.Ui.servoStudio\servoStudio_wjhet5xd_wpftmp.csproj]
C:\UserWorx\VSWorx\ServoStudio\wpfui-servoStudio\samples\Wpf.Ui.servoStudio\Core\CANopen\CanOpenMaster.cs(581,13): warning IDE0058: 姘歌繙涓嶄細浣跨敤琛ㄨ揪寮忓€?(https://learn.microsoft.com/dotnet/fundamentals/code-analysis/style-rules/ide0058) [C:\UserWorx\VSWorx\ServoStudio\wpfui-servoStudio\samples\Wpf.Ui.servoStudio\servoStudio_wjhet5xd_wpftmp.csproj]
C:\UserWorx\VSWorx\ServoStudio\wpfui-servoStudio\samples\Wpf.Ui.servoStudio\Core\Sync\SpinWaitCyclicTimer.cs(51,9): warning IDE0058: 姘歌繙涓嶄細浣跨敤琛ㄨ揪寮忓€?(https://learn.microsoft.com/dotnet/fundamentals/code-analysis/style-rules/ide0058) [C:\UserWorx\VSWorx\ServoStudio\wpfui-servoStudio\samples\Wpf.Ui.servoStudio\servoStudio_wjhet5xd_wpftmp.csproj]
C:\UserWorx\VSWorx\ServoStudio\wpfui-servoStudio\samples\Wpf.Ui.servoStudio\Core\Sync\SpinWaitCyclicTimer.cs(52,9): warning IDE0058: 姘歌繙涓嶄細浣跨敤琛ㄨ揪寮忓€?(https://learn.microsoft.com/dotnet/fundamentals/code-analysis/style-rules/ide0058) [C:\UserWorx\VSWorx\ServoStudio\wpfui-servoStudio\samples\Wpf.Ui.servoStudio\servoStudio_wjhet5xd_wpftmp.csproj]
C:\UserWorx\VSWorx\ServoStudio\wpfui-servoStudio\samples\Wpf.Ui.servoStudio\Core\Sync\SpinWaitCyclicTimer.cs(53,9): warning IDE0058: 姘歌繙涓嶄細浣跨敤琛ㄨ揪寮忓€?(https://learn.microsoft.com/dotnet/fundamentals/code-analysis/style-rules/ide0058) [C:\UserWorx\VSWorx\ServoStudio\wpfui-servoStudio\samples\Wpf.Ui.servoStudio\servoStudio_wjhet5xd_wpftmp.csproj]
C:\UserWorx\VSWorx\ServoStudio\wpfui-servoStudio\samples\Wpf.Ui.servoStudio\Core\Sync\SpinWaitCyclicTimer.cs(103,17): warning IDE0058: 姘歌繙涓嶄細浣跨敤琛ㄨ揪寮忓€?(https://learn.microsoft.com/dotnet/fundamentals/code-analysis/style-rules/ide0058) [C:\UserWorx\VSWorx\ServoStudio\wpfui-servoStudio\samples\Wpf.Ui.servoStudio\servoStudio_wjhet5xd_wpftmp.csproj]
C:\UserWorx\VSWorx\ServoStudio\wpfui-servoStudio\samples\Wpf.Ui.servoStudio\Core\Sync\SpinWaitCyclicTimer.cs(106,25): warning IDE0058: 姘歌繙涓嶄細浣跨敤琛ㄨ揪寮忓€?(https://learn.microsoft.com/dotnet/fundamentals/code-analysis/style-rules/ide0058) [C:\UserWorx\VSWorx\ServoStudio\wpfui-servoStudio\samples\Wpf.Ui.servoStudio\servoStudio_wjhet5xd_wpftmp.csproj]
C:\UserWorx\VSWorx\ServoStudio\wpfui-servoStudio\samples\Wpf.Ui.servoStudio\Core\Sync\SpinWaitCyclicTimer.cs(108,17): warning IDE0058: 姘歌繙涓嶄細浣跨敤琛ㄨ揪寮忓€?(https://learn.microsoft.com/dotnet/fundamentals/code-analysis/style-rules/ide0058) [C:\UserWorx\VSWorx\ServoStudio\wpfui-servoStudio\samples\Wpf.Ui.servoStudio\servoStudio_wjhet5xd_wpftmp.csproj]
C:\UserWorx\VSWorx\ServoStudio\wpfui-servoStudio\samples\Wpf.Ui.servoStudio\Views\Pages\QuickControlPage.xaml.cs(489,13): warning IDE0008: 鐢ㄦ樉寮忕被鍨嬩唬鏇?"var" (https://learn.microsoft.com/dotnet/fundamentals/code-analysis/style-rules/ide0008) [C:\UserWorx\VSWorx\ServoStudio\wpfui-servoStudio\samples\Wpf.Ui.servoStudio\servoStudio_wjhet5xd_wpftmp.csproj]
C:\UserWorx\VSWorx\ServoStudio\wpfui-servoStudio\samples\Wpf.Ui.servoStudio\ViewModels\AppData\AppLogViewModel.cs(20,43): warning IDE0055: 淇鏍煎紡 (https://learn.microsoft.com/dotnet/fundamentals/code-analysis/style-rules/ide0055) [C:\UserWorx\VSWorx\ServoStudio\wpfui-servoStudio\samples\Wpf.Ui.servoStudio\servoStudio_wjhet5xd_wpftmp.csproj]
C:\UserWorx\VSWorx\ServoStudio\wpfui-servoStudio\samples\Wpf.Ui.servoStudio\ViewModels\AppData\AppLogViewModel.cs(20,45): warning IDE0055: 淇鏍煎紡 (https://learn.microsoft.com/dotnet/fundamentals/code-analysis/style-rules/ide0055) [C:\UserWorx\VSWorx\ServoStudio\wpfui-servoStudio\samples\Wpf.Ui.servoStudio\servoStudio_wjhet5xd_wpftmp.csproj]
C:\UserWorx\VSWorx\ServoStudio\wpfui-servoStudio\samples\Wpf.Ui.servoStudio\ViewModels\AppData\AppLogViewModel.cs(20,63): warning IDE0055: 淇鏍煎紡 (https://learn.microsoft.com/dotnet/fundamentals/code-analysis/style-rules/ide0055) [C:\UserWorx\VSWorx\ServoStudio\wpfui-servoStudio\samples\Wpf.Ui.servoStudio\servoStudio_wjhet5xd_wpftmp.csproj]
C:\UserWorx\VSWorx\ServoStudio\wpfui-servoStudio\samples\Wpf.Ui.servoStudio\ViewModels\AppData\AppLogViewModel.cs(701,40): warning IDE0055: 淇鏍煎紡 (https://learn.microsoft.com/dotnet/fundamentals/code-analysis/style-rules/ide0055) [C:\UserWorx\VSWorx\ServoStudio\wpfui-servoStudio\samples\Wpf.Ui.servoStudio\servoStudio_wjhet5xd_wpftmp.csproj]
C:\UserWorx\VSWorx\ServoStudio\wpfui-servoStudio\samples\Wpf.Ui.servoStudio\ViewModels\AppData\AppLogViewModel.cs(701,54): warning IDE0055: 淇鏍煎紡 (https://learn.microsoft.com/dotnet/fundamentals/code-analysis/style-rules/ide0055) [C:\UserWorx\VSWorx\ServoStudio\wpfui-servoStudio\samples\Wpf.Ui.servoStudio\servoStudio_wjhet5xd_wpftmp.csproj]
C:\UserWorx\VSWorx\ServoStudio\wpfui-servoStudio\samples\Wpf.Ui.servoStudio\ViewModels\AppData\AppLogViewModel.cs(702,39): warning IDE0055: 淇鏍煎紡 (https://learn.microsoft.com/dotnet/fundamentals/code-analysis/style-rules/ide0055) [C:\UserWorx\VSWorx\ServoStudio\wpfui-servoStudio\samples\Wpf.Ui.servoStudio\servoStudio_wjhet5xd_wpftmp.csproj]
C:\UserWorx\VSWorx\ServoStudio\wpfui-servoStudio\samples\Wpf.Ui.servoStudio\ViewModels\AppData\AppLogViewModel.cs(702,52): warning IDE0055: 淇鏍煎紡 (https://learn.microsoft.com/dotnet/fundamentals/code-analysis/style-rules/ide0055) [C:\UserWorx\VSWorx\ServoStudio\wpfui-servoStudio\samples\Wpf.Ui.servoStudio\servoStudio_wjhet5xd_wpftmp.csproj]
C:\UserWorx\VSWorx\ServoStudio\wpfui-servoStudio\samples\Wpf.Ui.servoStudio\ViewModels\AppData\AppLogViewModel.cs(703,42): warning IDE0055: 淇鏍煎紡 (https://learn.microsoft.com/dotnet/fundamentals/code-analysis/style-rules/ide0055) [C:\UserWorx\VSWorx\ServoStudio\wpfui-servoStudio\samples\Wpf.Ui.servoStudio\servoStudio_wjhet5xd_wpftmp.csproj]
C:\UserWorx\VSWorx\ServoStudio\wpfui-servoStudio\samples\Wpf.Ui.servoStudio\ViewModels\AppData\AppLogViewModel.cs(703,58): warning IDE0055: 淇鏍煎紡 (https://learn.microsoft.com/dotnet/fundamentals/code-analysis/style-rules/ide0055) [C:\UserWorx\VSWorx\ServoStudio\wpfui-servoStudio\samples\Wpf.Ui.servoStudio\servoStudio_wjhet5xd_wpftmp.csproj]
C:\UserWorx\VSWorx\ServoStudio\wpfui-servoStudio\samples\Wpf.Ui.servoStudio\ViewModels\AppData\AppLogViewModel.cs(704,40): warning IDE0055: 淇鏍煎紡 (https://learn.microsoft.com/dotnet/fundamentals/code-analysis/style-rules/ide0055) [C:\UserWorx\VSWorx\ServoStudio\wpfui-servoStudio\samples\Wpf.Ui.servoStudio\servoStudio_wjhet5xd_wpftmp.csproj]
C:\UserWorx\VSWorx\ServoStudio\wpfui-servoStudio\samples\Wpf.Ui.servoStudio\ViewModels\AppData\AppLogViewModel.cs(704,54): warning IDE0055: 淇鏍煎紡 (https://learn.microsoft.com/dotnet/fundamentals/code-analysis/style-rules/ide0055) [C:\UserWorx\VSWorx\ServoStudio\wpfui-servoStudio\samples\Wpf.Ui.servoStudio\servoStudio_wjhet5xd_wpftmp.csproj]
C:\UserWorx\VSWorx\ServoStudio\wpfui-servoStudio\samples\Wpf.Ui.servoStudio\ViewModels\AppData\AppLogViewModel.cs(705,43): warning IDE0055: 淇鏍煎紡 (https://learn.microsoft.com/dotnet/fundamentals/code-analysis/style-rules/ide0055) [C:\UserWorx\VSWorx\ServoStudio\wpfui-servoStudio\samples\Wpf.Ui.servoStudio\servoStudio_wjhet5xd_wpftmp.csproj]
C:\UserWorx\VSWorx\ServoStudio\wpfui-servoStudio\samples\Wpf.Ui.servoStudio\ViewModels\AppData\AppLogViewModel.cs(705,60): warning IDE0055: 淇鏍煎紡 (https://learn.microsoft.com/dotnet/fundamentals/code-analysis/style-rules/ide0055) [C:\UserWorx\VSWorx\ServoStudio\wpfui-servoStudio\samples\Wpf.Ui.servoStudio\servoStudio_wjhet5xd_wpftmp.csproj]
C:\UserWorx\VSWorx\ServoStudio\wpfui-servoStudio\samples\Wpf.Ui.servoStudio\ViewModels\AppData\AppLogViewModel.cs(717,40): warning IDE0055: 淇鏍煎紡 (https://learn.microsoft.com/dotnet/fundamentals/code-analysis/style-rules/ide0055) [C:\UserWorx\VSWorx\ServoStudio\wpfui-servoStudio\samples\Wpf.Ui.servoStudio\servoStudio_wjhet5xd_wpftmp.csproj]
C:\UserWorx\VSWorx\ServoStudio\wpfui-servoStudio\samples\Wpf.Ui.servoStudio\ViewModels\AppData\AppLogViewModel.cs(717,45): warning IDE0055: 淇鏍煎紡 (https://learn.microsoft.com/dotnet/fundamentals/code-analysis/style-rules/ide0055) [C:\UserWorx\VSWorx\ServoStudio\wpfui-servoStudio\samples\Wpf.Ui.servoStudio\servoStudio_wjhet5xd_wpftmp.csproj]
C:\UserWorx\VSWorx\ServoStudio\wpfui-servoStudio\samples\Wpf.Ui.servoStudio\ViewModels\AppData\AppLogViewModel.cs(718,39): warning IDE0055: 淇鏍煎紡 (https://learn.microsoft.com/dotnet/fundamentals/code-analysis/style-rules/ide0055) [C:\UserWorx\VSWorx\ServoStudio\wpfui-servoStudio\samples\Wpf.Ui.servoStudio\servoStudio_wjhet5xd_wpftmp.csproj]
C:\UserWorx\VSWorx\ServoStudio\wpfui-servoStudio\samples\Wpf.Ui.servoStudio\ViewModels\AppData\AppLogViewModel.cs(718,44): warning IDE0055: 淇鏍煎紡 (https://learn.microsoft.com/dotnet/fundamentals/code-analysis/style-rules/ide0055) [C:\UserWorx\VSWorx\ServoStudio\wpfui-servoStudio\samples\Wpf.Ui.servoStudio\servoStudio_wjhet5xd_wpftmp.csproj]
C:\UserWorx\VSWorx\ServoStudio\wpfui-servoStudio\samples\Wpf.Ui.servoStudio\ViewModels\AppData\AppLogViewModel.cs(719,42): warning IDE0055: 淇鏍煎紡 (https://learn.microsoft.com/dotnet/fundamentals/code-analysis/style-rules/ide0055) [C:\UserWorx\VSWorx\ServoStudio\wpfui-servoStudio\samples\Wpf.Ui.servoStudio\servoStudio_wjhet5xd_wpftmp.csproj]
C:\UserWorx\VSWorx\ServoStudio\wpfui-servoStudio\samples\Wpf.Ui.servoStudio\ViewModels\AppData\AppLogViewModel.cs(719,47): warning IDE0055: 淇鏍煎紡 (https://learn.microsoft.com/dotnet/fundamentals/code-analysis/style-rules/ide0055) [C:\UserWorx\VSWorx\ServoStudio\wpfui-servoStudio\samples\Wpf.Ui.servoStudio\servoStudio_wjhet5xd_wpftmp.csproj]
C:\UserWorx\VSWorx\ServoStudio\wpfui-servoStudio\samples\Wpf.Ui.servoStudio\ViewModels\AppData\AppLogViewModel.cs(720,40): warning IDE0055: 淇鏍煎紡 (https://learn.microsoft.com/dotnet/fundamentals/code-analysis/style-rules/ide0055) [C:\UserWorx\VSWorx\ServoStudio\wpfui-servoStudio\samples\Wpf.Ui.servoStudio\servoStudio_wjhet5xd_wpftmp.csproj]
C:\UserWorx\VSWorx\ServoStudio\wpfui-servoStudio\samples\Wpf.Ui.servoStudio\ViewModels\AppData\AppLogViewModel.cs(720,45): warning IDE0055: 淇鏍煎紡 (https://learn.microsoft.com/dotnet/fundamentals/code-analysis/style-rules/ide0055) [C:\UserWorx\VSWorx\ServoStudio\wpfui-servoStudio\samples\Wpf.Ui.servoStudio\servoStudio_wjhet5xd_wpftmp.csproj]
C:\UserWorx\VSWorx\ServoStudio\wpfui-servoStudio\samples\Wpf.Ui.servoStudio\ViewModels\AppData\AppLogViewModel.cs(721,43): warning IDE0055: 淇鏍煎紡 (https://learn.microsoft.com/dotnet/fundamentals/code-analysis/style-rules/ide0055) [C:\UserWorx\VSWorx\ServoStudio\wpfui-servoStudio\samples\Wpf.Ui.servoStudio\servoStudio_wjhet5xd_wpftmp.csproj]
C:\UserWorx\VSWorx\ServoStudio\wpfui-servoStudio\samples\Wpf.Ui.servoStudio\ViewModels\AppData\AppLogViewModel.cs(721,48): warning IDE0055: 淇鏍煎紡 (https://learn.microsoft.com/dotnet/fundamentals/code-analysis/style-rules/ide0055) [C:\UserWorx\VSWorx\ServoStudio\wpfui-servoStudio\samples\Wpf.Ui.servoStudio\servoStudio_wjhet5xd_wpftmp.csproj]
C:\UserWorx\VSWorx\ServoStudio\wpfui-servoStudio\samples\Wpf.Ui.servoStudio\Core\Sync\PeriodicTimerCyclicTimer.cs(97,15): warning IDE0058: 姘歌繙涓嶄細浣跨敤琛ㄨ揪寮忓€?(https://learn.microsoft.com/dotnet/fundamentals/code-analysis/style-rules/ide0058) [C:\UserWorx\VSWorx\ServoStudio\wpfui-servoStudio\samples\Wpf.Ui.servoStudio\servoStudio_wjhet5xd_wpftmp.csproj]
C:\UserWorx\VSWorx\ServoStudio\wpfui-servoStudio\samples\Wpf.Ui.servoStudio\Core\CANopen\CanOpenMaster.cs(745,26): warning CA1001: 绫诲瀷鈥淪doPending鈥濆叿鏈夊彲閲婃斁鐨勫瓧娈碘€淿evt鈥濓紝浣嗚绫诲瀷鏄笉鍙噴鏀剧殑 (https://learn.microsoft.com/dotnet/fundamentals/code-analysis/quality-rules/ca1001) [C:\UserWorx\VSWorx\ServoStudio\wpfui-servoStudio\samples\Wpf.Ui.servoStudio\servoStudio_wjhet5xd_wpftmp.csproj]
C:\UserWorx\VSWorx\ServoStudio\wpfui-servoStudio\samples\Wpf.Ui.servoStudio\Helpers\SoemFoEInterop.cs(635,13): warning IDE0011: 鍚?鈥渋f鈥?璇彞娣诲姞澶ф嫭鍙枫€?(https://learn.microsoft.com/dotnet/fundamentals/code-analysis/style-rules/ide0011) [C:\UserWorx\VSWorx\ServoStudio\wpfui-servoStudio\samples\Wpf.Ui.servoStudio\servoStudio_wjhet5xd_wpftmp.csproj]
C:\UserWorx\VSWorx\ServoStudio\wpfui-servoStudio\samples\Wpf.Ui.servoStudio\Helpers\EsiToSiiConverter.cs(65,9): warning IDE0011: 鍚?鈥渋f鈥?璇彞娣诲姞澶ф嫭鍙枫€?(https://learn.microsoft.com/dotnet/fundamentals/code-analysis/style-rules/ide0011) [C:\UserWorx\VSWorx\ServoStudio\wpfui-servoStudio\samples\Wpf.Ui.servoStudio\servoStudio_wjhet5xd_wpftmp.csproj]
C:\UserWorx\VSWorx\ServoStudio\wpfui-servoStudio\samples\Wpf.Ui.servoStudio\Helpers\EsiToSiiConverter.cs(67,9): warning IDE0011: 鍚?鈥渋f鈥?璇彞娣诲姞澶ф嫭鍙枫€?(https://learn.microsoft.com/dotnet/fundamentals/code-analysis/style-rules/ide0011) [C:\UserWorx\VSWorx\ServoStudio\wpfui-servoStudio\samples\Wpf.Ui.servoStudio\servoStudio_wjhet5xd_wpftmp.csproj]
C:\UserWorx\VSWorx\ServoStudio\wpfui-servoStudio\samples\Wpf.Ui.servoStudio\Helpers\EsiToSiiConverter.cs(114,13): warning IDE0011: 鍚?鈥渋f鈥?璇彞娣诲姞澶ф嫭鍙枫€?(https://learn.microsoft.com/dotnet/fundamentals/code-analysis/style-rules/ide0011) [C:\UserWorx\VSWorx\ServoStudio\wpfui-servoStudio\samples\Wpf.Ui.servoStudio\servoStudio_wjhet5xd_wpftmp.csproj]
C:\UserWorx\VSWorx\ServoStudio\wpfui-servoStudio\samples\Wpf.Ui.servoStudio\Helpers\EsiToSiiConverter.cs(121,17): warning IDE0011: 鍚?鈥渋f鈥?璇彞娣诲姞澶ф嫭鍙枫€?(https://learn.microsoft.com/dotnet/fundamentals/code-analysis/style-rules/ide0011) [C:\UserWorx\VSWorx\ServoStudio\wpfui-servoStudio\samples\Wpf.Ui.servoStudio\servoStudio_wjhet5xd_wpftmp.csproj]
C:\UserWorx\VSWorx\ServoStudio\wpfui-servoStudio\samples\Wpf.Ui.servoStudio\Helpers\EsiToSiiConverter.cs(122,17): warning IDE0011: 鍚?鈥渋f鈥?璇彞娣诲姞澶ф嫭鍙枫€?(https://learn.microsoft.com/dotnet/fundamentals/code-analysis/style-rules/ide0011) [C:\UserWorx\VSWorx\ServoStudio\wpfui-servoStudio\samples\Wpf.Ui.servoStudio\servoStudio_wjhet5xd_wpftmp.csproj]
C:\UserWorx\VSWorx\ServoStudio\wpfui-servoStudio\samples\Wpf.Ui.servoStudio\Helpers\EsiToSiiConverter.cs(123,17): warning IDE0011: 鍚?鈥渋f鈥?璇彞娣诲姞澶ф嫭鍙枫€?(https://learn.microsoft.com/dotnet/fundamentals/code-analysis/style-rules/ide0011) [C:\UserWorx\VSWorx\ServoStudio\wpfui-servoStudio\samples\Wpf.Ui.servoStudio\servoStudio_wjhet5xd_wpftmp.csproj]
C:\UserWorx\VSWorx\ServoStudio\wpfui-servoStudio\samples\Wpf.Ui.servoStudio\Helpers\EsiToSiiConverter.cs(124,17): warning IDE0011: 鍚?鈥渋f鈥?璇彞娣诲姞澶ф嫭鍙枫€?(https://learn.microsoft.com/dotnet/fundamentals/code-analysis/style-rules/ide0011) [C:\UserWorx\VSWorx\ServoStudio\wpfui-servoStudio\samples\Wpf.Ui.servoStudio\servoStudio_wjhet5xd_wpftmp.csproj]
C:\UserWorx\VSWorx\ServoStudio\wpfui-servoStudio\samples\Wpf.Ui.servoStudio\Helpers\EsiToSiiConverter.cs(125,17): warning IDE0011: 鍚?鈥渋f鈥?璇彞娣诲姞澶ф嫭鍙枫€?(https://learn.microsoft.com/dotnet/fundamentals/code-analysis/style-rules/ide0011) [C:\UserWorx\VSWorx\ServoStudio\wpfui-servoStudio\samples\Wpf.Ui.servoStudio\servoStudio_wjhet5xd_wpftmp.csproj]
C:\UserWorx\VSWorx\ServoStudio\wpfui-servoStudio\samples\Wpf.Ui.servoStudio\Helpers\EsiToSiiConverter.cs(130,13): warning IDE0011: 鍚?鈥渋f鈥?璇彞娣诲姞澶ф嫭鍙枫€?(https://learn.microsoft.com/dotnet/fundamentals/code-analysis/style-rules/ide0011) [C:\UserWorx\VSWorx\ServoStudio\wpfui-servoStudio\samples\Wpf.Ui.servoStudio\servoStudio_wjhet5xd_wpftmp.csproj]
C:\UserWorx\VSWorx\ServoStudio\wpfui-servoStudio\samples\Wpf.Ui.servoStudio\Helpers\EsiToSiiConverter.cs(131,13): warning IDE0011: 鍚?鈥渋f鈥?璇彞娣诲姞澶ф嫭鍙枫€?(https://learn.microsoft.com/dotnet/fundamentals/code-analysis/style-rules/ide0011) [C:\UserWorx\VSWorx\ServoStudio\wpfui-servoStudio\samples\Wpf.Ui.servoStudio\servoStudio_wjhet5xd_wpftmp.csproj]
C:\UserWorx\VSWorx\ServoStudio\wpfui-servoStudio\samples\Wpf.Ui.servoStudio\Helpers\EsiToSiiConverter.cs(282,9): warning IDE0011: 鍚?鈥渋f鈥?璇彞娣诲姞澶ф嫭鍙枫€?(https://learn.microsoft.com/dotnet/fundamentals/code-analysis/style-rules/ide0011) [C:\UserWorx\VSWorx\ServoStudio\wpfui-servoStudio\samples\Wpf.Ui.servoStudio\servoStudio_wjhet5xd_wpftmp.csproj]
C:\UserWorx\VSWorx\ServoStudio\wpfui-servoStudio\samples\Wpf.Ui.servoStudio\Helpers\EsiToSiiConverter.cs(287,9): warning IDE0011: 鍚?鈥渋f鈥?璇彞娣诲姞澶ф嫭鍙枫€?(https://learn.microsoft.com/dotnet/fundamentals/code-analysis/style-rules/ide0011) [C:\UserWorx\VSWorx\ServoStudio\wpfui-servoStudio\samples\Wpf.Ui.servoStudio\servoStudio_wjhet5xd_wpftmp.csproj]
C:\UserWorx\VSWorx\ServoStudio\wpfui-servoStudio\samples\Wpf.Ui.servoStudio\Helpers\EsiToSiiConverter.cs(317,9): warning IDE0011: 鍚?鈥渋f鈥?璇彞娣诲姞澶ф嫭鍙枫€?(https://learn.microsoft.com/dotnet/fundamentals/code-analysis/style-rules/ide0011) [C:\UserWorx\VSWorx\ServoStudio\wpfui-servoStudio\samples\Wpf.Ui.servoStudio\servoStudio_wjhet5xd_wpftmp.csproj]
C:\UserWorx\VSWorx\ServoStudio\wpfui-servoStudio\samples\Wpf.Ui.servoStudio\Helpers\EsiToSiiConverter.cs(319,9): warning IDE0011: 鍚?鈥渋f鈥?璇彞娣诲姞澶ф嫭鍙枫€?(https://learn.microsoft.com/dotnet/fundamentals/code-analysis/style-rules/ide0011) [C:\UserWorx\VSWorx\ServoStudio\wpfui-servoStudio\samples\Wpf.Ui.servoStudio\servoStudio_wjhet5xd_wpftmp.csproj]
C:\UserWorx\VSWorx\ServoStudio\wpfui-servoStudio\samples\Wpf.Ui.servoStudio\Helpers\SoemFoEInterop.cs(656,17): warning IDE0011: 鍚?鈥渋f鈥?璇彞娣诲姞澶ф嫭鍙枫€?(https://learn.microsoft.com/dotnet/fundamentals/code-analysis/style-rules/ide0011) [C:\UserWorx\VSWorx\ServoStudio\wpfui-servoStudio\samples\Wpf.Ui.servoStudio\servoStudio_wjhet5xd_wpftmp.csproj]
C:\UserWorx\VSWorx\ServoStudio\wpfui-servoStudio\samples\Wpf.Ui.servoStudio\Views\Pages\MotionPages\MotionProfilePage.xaml.cs(82,13): warning IDE0011: 鍚?鈥渋f鈥?璇彞娣诲姞澶ф嫭鍙枫€?(https://learn.microsoft.com/dotnet/fundamentals/code-analysis/style-rules/ide0011) [C:\UserWorx\VSWorx\ServoStudio\wpfui-servoStudio\samples\Wpf.Ui.servoStudio\servoStudio_wjhet5xd_wpftmp.csproj]
C:\UserWorx\VSWorx\ServoStudio\wpfui-servoStudio\samples\Wpf.Ui.servoStudio\Core\Sync\PeriodicTimerCyclicTimer.cs(54,9): warning IDE0058: 姘歌繙涓嶄細浣跨敤琛ㄨ揪寮忓€?(https://learn.microsoft.com/dotnet/fundamentals/code-analysis/style-rules/ide0058) [C:\UserWorx\VSWorx\ServoStudio\wpfui-servoStudio\samples\Wpf.Ui.servoStudio\servoStudio_wjhet5xd_wpftmp.csproj]
C:\UserWorx\VSWorx\ServoStudio\wpfui-servoStudio\samples\Wpf.Ui.servoStudio\Core\Sync\PeriodicTimerCyclicTimer.cs(55,9): warning IDE0058: 姘歌繙涓嶄細浣跨敤琛ㄨ揪寮忓€?(https://learn.microsoft.com/dotnet/fundamentals/code-analysis/style-rules/ide0058) [C:\UserWorx\VSWorx\ServoStudio\wpfui-servoStudio\samples\Wpf.Ui.servoStudio\servoStudio_wjhet5xd_wpftmp.csproj]
C:\UserWorx\VSWorx\ServoStudio\wpfui-servoStudio\samples\Wpf.Ui.servoStudio\Core\Sync\PeriodicTimerCyclicTimer.cs(56,9): warning IDE0058: 姘歌繙涓嶄細浣跨敤琛ㄨ揪寮忓€?(https://learn.microsoft.com/dotnet/fundamentals/code-analysis/style-rules/ide0058) [C:\UserWorx\VSWorx\ServoStudio\wpfui-servoStudio\samples\Wpf.Ui.servoStudio\servoStudio_wjhet5xd_wpftmp.csproj]
C:\UserWorx\VSWorx\ServoStudio\wpfui-servoStudio\samples\Wpf.Ui.servoStudio\Core\Sync\PeriodicTimerCyclicTimer.cs(81,21): warning IDE0058: 姘歌繙涓嶄細浣跨敤琛ㄨ揪寮忓€?(https://learn.microsoft.com/dotnet/fundamentals/code-analysis/style-rules/ide0058) [C:\UserWorx\VSWorx\ServoStudio\wpfui-servoStudio\samples\Wpf.Ui.servoStudio\servoStudio_wjhet5xd_wpftmp.csproj]
C:\UserWorx\VSWorx\ServoStudio\wpfui-servoStudio\samples\Wpf.Ui.servoStudio\Core\Sync\PeriodicTimerCyclicTimer.cs(84,29): warning IDE0058: 姘歌繙涓嶄細浣跨敤琛ㄨ揪寮忓€?(https://learn.microsoft.com/dotnet/fundamentals/code-analysis/style-rules/ide0058) [C:\UserWorx\VSWorx\ServoStudio\wpfui-servoStudio\samples\Wpf.Ui.servoStudio\servoStudio_wjhet5xd_wpftmp.csproj]
C:\UserWorx\VSWorx\ServoStudio\wpfui-servoStudio\samples\Wpf.Ui.servoStudio\Core\Sync\PeriodicTimerCyclicTimer.cs(86,21): warning IDE0058: 姘歌繙涓嶄細浣跨敤琛ㄨ揪寮忓€?(https://learn.microsoft.com/dotnet/fundamentals/code-analysis/style-rules/ide0058) [C:\UserWorx\VSWorx\ServoStudio\wpfui-servoStudio\samples\Wpf.Ui.servoStudio\servoStudio_wjhet5xd_wpftmp.csproj]
C:\UserWorx\VSWorx\ServoStudio\wpfui-servoStudio\samples\Wpf.Ui.servoStudio\Views\Pages\MotionPages\MotionProfilePage.xaml.cs(96,9): warning IDE0008: 鐢ㄦ樉寮忕被鍨嬩唬鏇?"var" (https://learn.microsoft.com/dotnet/fundamentals/code-analysis/style-rules/ide0008) [C:\UserWorx\VSWorx\ServoStudio\wpfui-servoStudio\samples\Wpf.Ui.servoStudio\servoStudio_wjhet5xd_wpftmp.csproj]
C:\UserWorx\VSWorx\ServoStudio\wpfui-servoStudio\samples\Wpf.Ui.servoStudio\Views\Pages\MotionPages\MotionProfilePage.xaml.cs(119,9): warning IDE0008: 鐢ㄦ樉寮忕被鍨嬩唬鏇?"var" (https://learn.microsoft.com/dotnet/fundamentals/code-analysis/style-rules/ide0008) [C:\UserWorx\VSWorx\ServoStudio\wpfui-servoStudio\samples\Wpf.Ui.servoStudio\servoStudio_wjhet5xd_wpftmp.csproj]
C:\UserWorx\VSWorx\ServoStudio\wpfui-servoStudio\samples\Wpf.Ui.servoStudio\Views\Pages\MotionPages\MotionProfilePage.xaml.cs(126,13): warning IDE0058: 姘歌繙涓嶄細浣跨敤琛ㄨ揪寮忓€?(https://learn.microsoft.com/dotnet/fundamentals/code-analysis/style-rules/ide0058) [C:\UserWorx\VSWorx\ServoStudio\wpfui-servoStudio\samples\Wpf.Ui.servoStudio\servoStudio_wjhet5xd_wpftmp.csproj]
C:\UserWorx\VSWorx\ServoStudio\wpfui-servoStudio\samples\Wpf.Ui.servoStudio\Views\Pages\MotionPages\MotionProfilePage.xaml.cs(150,13): warning IDE0008: 鐢ㄦ樉寮忕被鍨嬩唬鏇?"var" (https://learn.microsoft.com/dotnet/fundamentals/code-analysis/style-rules/ide0008) [C:\UserWorx\VSWorx\ServoStudio\wpfui-servoStudio\samples\Wpf.Ui.servoStudio\servoStudio_wjhet5xd_wpftmp.csproj]
C:\UserWorx\VSWorx\ServoStudio\wpfui-servoStudio\samples\Wpf.Ui.servoStudio\Core\CANopen\Adapters\CanAdapterFactory.cs(136,21): warning IDE0008: 鐢ㄦ樉寮忕被鍨嬩唬鏇?"var" (https://learn.microsoft.com/dotnet/fundamentals/code-analysis/style-rules/ide0008) [C:\UserWorx\VSWorx\ServoStudio\wpfui-servoStudio\samples\Wpf.Ui.servoStudio\servoStudio_wjhet5xd_wpftmp.csproj]
C:\UserWorx\VSWorx\ServoStudio\wpfui-servoStudio\samples\Wpf.Ui.servoStudio\Helpers\EsiToSiiConverter.cs(339,9): warning IDE0011: 鍚?鈥渋f鈥?璇彞娣诲姞澶ф嫭鍙枫€?(https://learn.microsoft.com/dotnet/fundamentals/code-analysis/style-rules/ide0011) [C:\UserWorx\VSWorx\ServoStudio\wpfui-servoStudio\samples\Wpf.Ui.servoStudio\servoStudio_wjhet5xd_wpftmp.csproj]
C:\UserWorx\VSWorx\ServoStudio\wpfui-servoStudio\samples\Wpf.Ui.servoStudio\Helpers\EsiToSiiConverter.cs(343,9): warning IDE0011: 鍚?鈥渋f鈥?璇彞娣诲姞澶ф嫭鍙枫€?(https://learn.microsoft.com/dotnet/fundamentals/code-analysis/style-rules/ide0011) [C:\UserWorx\VSWorx\ServoStudio\wpfui-servoStudio\samples\Wpf.Ui.servoStudio\servoStudio_wjhet5xd_wpftmp.csproj]
C:\UserWorx\VSWorx\ServoStudio\wpfui-servoStudio\samples\Wpf.Ui.servoStudio\Helpers\EsiToSiiConverter.cs(345,9): warning IDE0011: 鍚?鈥渋f鈥?璇彞娣诲姞澶ф嫭鍙枫€?(https://learn.microsoft.com/dotnet/fundamentals/code-analysis/style-rules/ide0011) [C:\UserWorx\VSWorx\ServoStudio\wpfui-servoStudio\samples\Wpf.Ui.servoStudio\servoStudio_wjhet5xd_wpftmp.csproj]
C:\UserWorx\VSWorx\ServoStudio\wpfui-servoStudio\samples\Wpf.Ui.servoStudio\Helpers\EsiToSiiConverter.cs(350,9): warning IDE0011: 鍚?鈥渇or鈥?璇彞娣诲姞澶ф嫭鍙枫€?(https://learn.microsoft.com/dotnet/fundamentals/code-analysis/style-rules/ide0011) [C:\UserWorx\VSWorx\ServoStudio\wpfui-servoStudio\samples\Wpf.Ui.servoStudio\servoStudio_wjhet5xd_wpftmp.csproj]
C:\UserWorx\VSWorx\ServoStudio\wpfui-servoStudio\samples\Wpf.Ui.servoStudio\Helpers\EsiToSiiConverter.cs(353,9): warning IDE0011: 鍚?鈥渋f鈥?璇彞娣诲姞澶ф嫭鍙枫€?(https://learn.microsoft.com/dotnet/fundamentals/code-analysis/style-rules/ide0011) [C:\UserWorx\VSWorx\ServoStudio\wpfui-servoStudio\samples\Wpf.Ui.servoStudio\servoStudio_wjhet5xd_wpftmp.csproj]
C:\UserWorx\VSWorx\ServoStudio\wpfui-servoStudio\samples\Wpf.Ui.servoStudio\Core\CANopen\Adapters\CanAdapterFactory.cs(147,62): warning IDE0008: 鐢ㄦ樉寮忕被鍨嬩唬鏇?"var" (https://learn.microsoft.com/dotnet/fundamentals/code-analysis/style-rules/ide0008) [C:\UserWorx\VSWorx\ServoStudio\wpfui-servoStudio\samples\Wpf.Ui.servoStudio\servoStudio_wjhet5xd_wpftmp.csproj]
C:\UserWorx\VSWorx\ServoStudio\wpfui-servoStudio\samples\Wpf.Ui.servoStudio\Helpers\EsiToSiiConverter.cs(359,9): warning IDE0011: 鍚?鈥渋f鈥?璇彞娣诲姞澶ф嫭鍙枫€?(https://learn.microsoft.com/dotnet/fundamentals/code-analysis/style-rules/ide0011) [C:\UserWorx\VSWorx\ServoStudio\wpfui-servoStudio\samples\Wpf.Ui.servoStudio\servoStudio_wjhet5xd_wpftmp.csproj]
C:\UserWorx\VSWorx\ServoStudio\wpfui-servoStudio\samples\Wpf.Ui.servoStudio\Helpers\EsiToSiiConverter.cs(368,13): warning IDE0011: 鍚?鈥渋f鈥?璇彞娣诲姞澶ф嫭鍙枫€?(https://learn.microsoft.com/dotnet/fundamentals/code-analysis/style-rules/ide0011) [C:\UserWorx\VSWorx\ServoStudio\wpfui-servoStudio\samples\Wpf.Ui.servoStudio\servoStudio_wjhet5xd_wpftmp.csproj]
C:\UserWorx\VSWorx\ServoStudio\wpfui-servoStudio\samples\Wpf.Ui.servoStudio\Core\CANopen\Adapters\CanAdapterFactory.cs(167,26): warning IDE0008: 鐢ㄦ樉寮忕被鍨嬩唬鏇?"var" (https://learn.microsoft.com/dotnet/fundamentals/code-analysis/style-rules/ide0008) [C:\UserWorx\VSWorx\ServoStudio\wpfui-servoStudio\samples\Wpf.Ui.servoStudio\servoStudio_wjhet5xd_wpftmp.csproj]
C:\UserWorx\VSWorx\ServoStudio\wpfui-servoStudio\samples\Wpf.Ui.servoStudio\Core\CANopen\Adapters\CanAdapterFactory.cs(175,30): warning IDE0008: 鐢ㄦ樉寮忕被鍨嬩唬鏇?"var" (https://learn.microsoft.com/dotnet/fundamentals/code-analysis/style-rules/ide0008) [C:\UserWorx\VSWorx\ServoStudio\wpfui-servoStudio\samples\Wpf.Ui.servoStudio\servoStudio_wjhet5xd_wpftmp.csproj]
C:\UserWorx\VSWorx\ServoStudio\wpfui-servoStudio\samples\Wpf.Ui.servoStudio\Views\Pages\MotionPages\MotionProfilePage.xaml.cs(160,9): warning IDE0008: 鐢ㄦ樉寮忕被鍨嬩唬鏇?"var" (https://learn.microsoft.com/dotnet/fundamentals/code-analysis/style-rules/ide0008) [C:\UserWorx\VSWorx\ServoStudio\wpfui-servoStudio\samples\Wpf.Ui.servoStudio\servoStudio_wjhet5xd_wpftmp.csproj]
C:\UserWorx\VSWorx\ServoStudio\wpfui-servoStudio\samples\Wpf.Ui.servoStudio\Core\CANopen\Adapters\CanAdapterFactory.cs(182,65): warning IDE0008: 鐢ㄦ樉寮忕被鍨嬩唬鏇?"var" (https://learn.microsoft.com/dotnet/fundamentals/code-analysis/style-rules/ide0008) [C:\UserWorx\VSWorx\ServoStudio\wpfui-servoStudio\samples\Wpf.Ui.servoStudio\servoStudio_wjhet5xd_wpftmp.csproj]
C:\UserWorx\VSWorx\ServoStudio\wpfui-servoStudio\samples\Wpf.Ui.servoStudio\Core\CANopen\Adapters\CanAdapterFactory.cs(205,22): warning IDE0008: 鐢ㄦ樉寮忕被鍨嬩唬鏇?"var" (https://learn.microsoft.com/dotnet/fundamentals/code-analysis/style-rules/ide0008) [C:\UserWorx\VSWorx\ServoStudio\wpfui-servoStudio\samples\Wpf.Ui.servoStudio\servoStudio_wjhet5xd_wpftmp.csproj]
C:\UserWorx\VSWorx\ServoStudio\wpfui-servoStudio\samples\Wpf.Ui.servoStudio\Core\CANopen\Adapters\CanAdapterFactory.cs(323,25): warning IDE0008: 鐢ㄦ樉寮忕被鍨嬩唬鏇?"var" (https://learn.microsoft.com/dotnet/fundamentals/code-analysis/style-rules/ide0008) [C:\UserWorx\VSWorx\ServoStudio\wpfui-servoStudio\samples\Wpf.Ui.servoStudio\servoStudio_wjhet5xd_wpftmp.csproj]
C:\UserWorx\VSWorx\ServoStudio\wpfui-servoStudio\samples\Wpf.Ui.servoStudio\Core\CANopen\Adapters\CanAdapterFactory.cs(345,30): warning IDE0008: 鐢ㄦ樉寮忕被鍨嬩唬鏇?"var" (https://learn.microsoft.com/dotnet/fundamentals/code-analysis/style-rules/ide0008) [C:\UserWorx\VSWorx\ServoStudio\wpfui-servoStudio\samples\Wpf.Ui.servoStudio\servoStudio_wjhet5xd_wpftmp.csproj]
C:\UserWorx\VSWorx\ServoStudio\wpfui-servoStudio\samples\Wpf.Ui.servoStudio\Core\CANopen\Adapters\CanAdapterFactory.cs(353,34): warning IDE0008: 鐢ㄦ樉寮忕被鍨嬩唬鏇?"var" (https://learn.microsoft.com/dotnet/fundamentals/code-analysis/style-rules/ide0008) [C:\UserWorx\VSWorx\ServoStudio\wpfui-servoStudio\samples\Wpf.Ui.servoStudio\servoStudio_wjhet5xd_wpftmp.csproj]
C:\UserWorx\VSWorx\ServoStudio\wpfui-servoStudio\samples\Wpf.Ui.servoStudio\Core\CANopen\Adapters\CanAdapterFactory.cs(384,21): warning IDE0008: 鐢ㄦ樉寮忕被鍨嬩唬鏇?"var" (https://learn.microsoft.com/dotnet/fundamentals/code-analysis/style-rules/ide0008) [C:\UserWorx\VSWorx\ServoStudio\wpfui-servoStudio\samples\Wpf.Ui.servoStudio\servoStudio_wjhet5xd_wpftmp.csproj]
C:\UserWorx\VSWorx\ServoStudio\wpfui-servoStudio\samples\Wpf.Ui.servoStudio\Core\CANopen\Adapters\CanAdapterFactory.cs(389,21): warning IDE0008: 鐢ㄦ樉寮忕被鍨嬩唬鏇?"var" (https://learn.microsoft.com/dotnet/fundamentals/code-analysis/style-rules/ide0008) [C:\UserWorx\VSWorx\ServoStudio\wpfui-servoStudio\samples\Wpf.Ui.servoStudio\servoStudio_wjhet5xd_wpftmp.csproj]
C:\UserWorx\VSWorx\ServoStudio\wpfui-servoStudio\samples\Wpf.Ui.servoStudio\Core\CANopen\Adapters\CanAdapterFactory.cs(390,57): warning IDE0008: 鐢ㄦ樉寮忕被鍨嬩唬鏇?"var" (https://learn.microsoft.com/dotnet/fundamentals/code-analysis/style-rules/ide0008) [C:\UserWorx\VSWorx\ServoStudio\wpfui-servoStudio\samples\Wpf.Ui.servoStudio\servoStudio_wjhet5xd_wpftmp.csproj]
C:\UserWorx\VSWorx\ServoStudio\wpfui-servoStudio\samples\Wpf.Ui.servoStudio\Core\CANopen\Adapters\CanAdapterFactory.cs(417,22): warning IDE0008: 鐢ㄦ樉寮忕被鍨嬩唬鏇?"var" (https://learn.microsoft.com/dotnet/fundamentals/code-analysis/style-rules/ide0008) [C:\UserWorx\VSWorx\ServoStudio\wpfui-servoStudio\samples\Wpf.Ui.servoStudio\servoStudio_wjhet5xd_wpftmp.csproj]
C:\UserWorx\VSWorx\ServoStudio\wpfui-servoStudio\samples\Wpf.Ui.servoStudio\Core\EtherCAT\EtherCatCyclicSyncService.cs(70,9): warning IDE0058: 姘歌繙涓嶄細浣跨敤琛ㄨ揪寮忓€?(https://learn.microsoft.com/dotnet/fundamentals/code-analysis/style-rules/ide0058) [C:\UserWorx\VSWorx\ServoStudio\wpfui-servoStudio\samples\Wpf.Ui.servoStudio\servoStudio_wjhet5xd_wpftmp.csproj]
C:\UserWorx\VSWorx\ServoStudio\wpfui-servoStudio\samples\Wpf.Ui.servoStudio\Core\EtherCAT\EtherCatCyclicSyncService.cs(71,9): warning IDE0058: 姘歌繙涓嶄細浣跨敤琛ㄨ揪寮忓€?(https://learn.microsoft.com/dotnet/fundamentals/code-analysis/style-rules/ide0058) [C:\UserWorx\VSWorx\ServoStudio\wpfui-servoStudio\samples\Wpf.Ui.servoStudio\servoStudio_wjhet5xd_wpftmp.csproj]
C:\UserWorx\VSWorx\ServoStudio\wpfui-servoStudio\samples\Wpf.Ui.servoStudio\Core\EtherCAT\EtherCatCyclicSyncService.cs(81,21): warning IDE0058: 姘歌繙涓嶄細浣跨敤琛ㄨ揪寮忓€?(https://learn.microsoft.com/dotnet/fundamentals/code-analysis/style-rules/ide0058) [C:\UserWorx\VSWorx\ServoStudio\wpfui-servoStudio\samples\Wpf.Ui.servoStudio\servoStudio_wjhet5xd_wpftmp.csproj]
C:\UserWorx\VSWorx\ServoStudio\wpfui-servoStudio\samples\Wpf.Ui.servoStudio\Core\EtherCAT\EtherCatCyclicSyncService.cs(84,21): warning IDE0058: 姘歌繙涓嶄細浣跨敤琛ㄨ揪寮忓€?(https://learn.microsoft.com/dotnet/fundamentals/code-analysis/style-rules/ide0058) [C:\UserWorx\VSWorx\ServoStudio\wpfui-servoStudio\samples\Wpf.Ui.servoStudio\servoStudio_wjhet5xd_wpftmp.csproj]
C:\UserWorx\VSWorx\ServoStudio\wpfui-servoStudio\samples\Wpf.Ui.servoStudio\Core\EtherCAT\EtherCatCyclicSyncService.cs(86,13): warning IDE0058: 姘歌繙涓嶄細浣跨敤琛ㄨ揪寮忓€?(https://learn.microsoft.com/dotnet/fundamentals/code-analysis/style-rules/ide0058) [C:\UserWorx\VSWorx\ServoStudio\wpfui-servoStudio\samples\Wpf.Ui.servoStudio\servoStudio_wjhet5xd_wpftmp.csproj]
C:\UserWorx\VSWorx\ServoStudio\wpfui-servoStudio\samples\Wpf.Ui.servoStudio\Helpers\EsiToSiiConverter.cs(426,9): warning IDE0011: 鍚?鈥渋f鈥?璇彞娣诲姞澶ф嫭鍙枫€?(https://learn.microsoft.com/dotnet/fundamentals/code-analysis/style-rules/ide0011) [C:\UserWorx\VSWorx\ServoStudio\wpfui-servoStudio\samples\Wpf.Ui.servoStudio\servoStudio_wjhet5xd_wpftmp.csproj]
C:\UserWorx\VSWorx\ServoStudio\wpfui-servoStudio\samples\Wpf.Ui.servoStudio\Helpers\EsiToSiiConverter.cs(431,9): warning IDE0011: 鍚?鈥渋f鈥?璇彞娣诲姞澶ф嫭鍙枫€?(https://learn.microsoft.com/dotnet/fundamentals/code-analysis/style-rules/ide0011) [C:\UserWorx\VSWorx\ServoStudio\wpfui-servoStudio\samples\Wpf.Ui.servoStudio\servoStudio_wjhet5xd_wpftmp.csproj]
C:\UserWorx\VSWorx\ServoStudio\wpfui-servoStudio\samples\Wpf.Ui.servoStudio\Core\CANopen\SerialCanBus.cs(150,9): warning IDE0058: 姘歌繙涓嶄細浣跨敤琛ㄨ揪寮忓€?(https://learn.microsoft.com/dotnet/fundamentals/code-analysis/style-rules/ide0058) [C:\UserWorx\VSWorx\ServoStudio\wpfui-servoStudio\samples\Wpf.Ui.servoStudio\servoStudio_wjhet5xd_wpftmp.csproj]
C:\UserWorx\VSWorx\ServoStudio\wpfui-servoStudio\samples\Wpf.Ui.servoStudio\Core\CANopen\SerialCanBus.cs(151,9): warning IDE0058: 姘歌繙涓嶄細浣跨敤琛ㄨ揪寮忓€?(https://learn.microsoft.com/dotnet/fundamentals/code-analysis/style-rules/ide0058) [C:\UserWorx\VSWorx\ServoStudio\wpfui-servoStudio\samples\Wpf.Ui.servoStudio\servoStudio_wjhet5xd_wpftmp.csproj]
C:\UserWorx\VSWorx\ServoStudio\wpfui-servoStudio\samples\Wpf.Ui.servoStudio\Core\CANopen\SerialCanBus.cs(152,9): warning IDE0058: 姘歌繙涓嶄細浣跨敤琛ㄨ揪寮忓€?(https://learn.microsoft.com/dotnet/fundamentals/code-analysis/style-rules/ide0058) [C:\UserWorx\VSWorx\ServoStudio\wpfui-servoStudio\samples\Wpf.Ui.servoStudio\servoStudio_wjhet5xd_wpftmp.csproj]
C:\UserWorx\VSWorx\ServoStudio\wpfui-servoStudio\samples\Wpf.Ui.servoStudio\Core\CANopen\SerialCanBus.cs(155,13): warning IDE0058: 姘歌繙涓嶄細浣跨敤琛ㄨ揪寮忓€?(https://learn.microsoft.com/dotnet/fundamentals/code-analysis/style-rules/ide0058) [C:\UserWorx\VSWorx\ServoStudio\wpfui-servoStudio\samples\Wpf.Ui.servoStudio\servoStudio_wjhet5xd_wpftmp.csproj]
C:\UserWorx\VSWorx\ServoStudio\wpfui-servoStudio\samples\Wpf.Ui.servoStudio\Core\CANopen\SerialCanBus.cs(134,15): warning IDE0058: 姘歌繙涓嶄細浣跨敤琛ㄨ揪寮忓€?(https://learn.microsoft.com/dotnet/fundamentals/code-analysis/style-rules/ide0058) [C:\UserWorx\VSWorx\ServoStudio\wpfui-servoStudio\samples\Wpf.Ui.servoStudio\servoStudio_wjhet5xd_wpftmp.csproj]
C:\UserWorx\VSWorx\ServoStudio\wpfui-servoStudio\samples\Wpf.Ui.servoStudio\Core\Modbus\ModbusRtuMaster.cs(216,17): warning CA1063: 淇敼鈥淢odbusRtuMaster.Dispose鈥濓紝浣垮叾璋冪敤 Dispose(true)锛屽啀瀵瑰綋鍓嶅璞″疄渚嬭皟鐢?GC.SuppressFinalize (Visual Basic 涓殑鈥滄椤光€濇垨鈥滄垜鈥?锛岀劧鍚庤繑鍥?(https://learn.microsoft.com/dotnet/fundamentals/code-analysis/quality-rules/ca1063) [C:\UserWorx\VSWorx\ServoStudio\wpfui-servoStudio\samples\Wpf.Ui.servoStudio\servoStudio_wjhet5xd_wpftmp.csproj]
C:\UserWorx\VSWorx\ServoStudio\wpfui-servoStudio\samples\Wpf.Ui.servoStudio\Views\Pages\MotionPages\MotionProfilePage.xaml.cs(215,9): warning IDE0008: 鐢ㄦ樉寮忕被鍨嬩唬鏇?"var" (https://learn.microsoft.com/dotnet/fundamentals/code-analysis/style-rules/ide0008) [C:\UserWorx\VSWorx\ServoStudio\wpfui-servoStudio\samples\Wpf.Ui.servoStudio\servoStudio_wjhet5xd_wpftmp.csproj]
C:\UserWorx\VSWorx\ServoStudio\wpfui-servoStudio\samples\Wpf.Ui.servoStudio\Core\Modbus\ModbusRtuMaster.cs(262,9): warning IDE0008: 鐢ㄦ樉寮忕被鍨嬩唬鏇?"var" (https://learn.microsoft.com/dotnet/fundamentals/code-analysis/style-rules/ide0008) [C:\UserWorx\VSWorx\ServoStudio\wpfui-servoStudio\samples\Wpf.Ui.servoStudio\servoStudio_wjhet5xd_wpftmp.csproj]
C:\UserWorx\VSWorx\ServoStudio\wpfui-servoStudio\samples\Wpf.Ui.servoStudio\Core\CANopen\SerialCanBus.cs(228,25): warning IDE0058: 姘歌繙涓嶄細浣跨敤琛ㄨ揪寮忓€?(https://learn.microsoft.com/dotnet/fundamentals/code-analysis/style-rules/ide0058) [C:\UserWorx\VSWorx\ServoStudio\wpfui-servoStudio\samples\Wpf.Ui.servoStudio\servoStudio_wjhet5xd_wpftmp.csproj]
C:\UserWorx\VSWorx\ServoStudio\wpfui-servoStudio\samples\Wpf.Ui.servoStudio\Core\CANopen\SerialCanBus.cs(233,21): warning IDE0058: 姘歌繙涓嶄細浣跨敤琛ㄨ揪寮忓€?(https://learn.microsoft.com/dotnet/fundamentals/code-analysis/style-rules/ide0058) [C:\UserWorx\VSWorx\ServoStudio\wpfui-servoStudio\samples\Wpf.Ui.servoStudio\servoStudio_wjhet5xd_wpftmp.csproj]
C:\UserWorx\VSWorx\ServoStudio\wpfui-servoStudio\samples\Wpf.Ui.servoStudio\Core\CANopen\SerialCanBus.cs(236,25): warning IDE0058: 姘歌繙涓嶄細浣跨敤琛ㄨ揪寮忓€?(https://learn.microsoft.com/dotnet/fundamentals/code-analysis/style-rules/ide0058) [C:\UserWorx\VSWorx\ServoStudio\wpfui-servoStudio\samples\Wpf.Ui.servoStudio\servoStudio_wjhet5xd_wpftmp.csproj]
C:\UserWorx\VSWorx\ServoStudio\wpfui-servoStudio\samples\Wpf.Ui.servoStudio\Views\Pages\MotionPages\MotionProfilePage.xaml.cs(236,18): warning IDE0008: 鐢ㄦ樉寮忕被鍨嬩唬鏇?"var" (https://learn.microsoft.com/dotnet/fundamentals/code-analysis/style-rules/ide0008) [C:\UserWorx\VSWorx\ServoStudio\wpfui-servoStudio\samples\Wpf.Ui.servoStudio\servoStudio_wjhet5xd_wpftmp.csproj]
C:\UserWorx\VSWorx\ServoStudio\wpfui-servoStudio\samples\Wpf.Ui.servoStudio\Core\Modbus\ModbusRtuMaster.cs(282,15): warning IDE0058: 姘歌繙涓嶄細浣跨敤琛ㄨ揪寮忓€?(https://learn.microsoft.com/dotnet/fundamentals/code-analysis/style-rules/ide0058) [C:\UserWorx\VSWorx\ServoStudio\wpfui-servoStudio\samples\Wpf.Ui.servoStudio\servoStudio_wjhet5xd_wpftmp.csproj]
C:\UserWorx\VSWorx\ServoStudio\wpfui-servoStudio\samples\Wpf.Ui.servoStudio\Helpers\EsiToSiiConverter.cs(451,9): warning IDE0011: 鍚?鈥渋f鈥?璇彞娣诲姞澶ф嫭鍙枫€?(https://learn.microsoft.com/dotnet/fundamentals/code-analysis/style-rules/ide0011) [C:\UserWorx\VSWorx\ServoStudio\wpfui-servoStudio\samples\Wpf.Ui.servoStudio\servoStudio_wjhet5xd_wpftmp.csproj]
C:\UserWorx\VSWorx\ServoStudio\wpfui-servoStudio\samples\Wpf.Ui.servoStudio\Core\Usb\UsbBulkBus.cs(102,19): warning IDE0058: 姘歌繙涓嶄細浣跨敤琛ㄨ揪寮忓€?(https://learn.microsoft.com/dotnet/fundamentals/code-analysis/style-rules/ide0058) [C:\UserWorx\VSWorx\ServoStudio\wpfui-servoStudio\samples\Wpf.Ui.servoStudio\servoStudio_wjhet5xd_wpftmp.csproj]
C:\UserWorx\VSWorx\ServoStudio\wpfui-servoStudio\samples\Wpf.Ui.servoStudio\Views\Pages\MotionPages\MotionProfilePage.xaml.cs(255,9): warning IDE0011: 鍚?鈥渋f鈥?璇彞娣诲姞澶ф嫭鍙枫€?(https://learn.microsoft.com/dotnet/fundamentals/code-analysis/style-rules/ide0011) [C:\UserWorx\VSWorx\ServoStudio\wpfui-servoStudio\samples\Wpf.Ui.servoStudio\servoStudio_wjhet5xd_wpftmp.csproj]
C:\UserWorx\VSWorx\ServoStudio\wpfui-servoStudio\samples\Wpf.Ui.servoStudio\Views\Pages\MotionPages\MotionProfilePage.xaml.cs(254,9): warning IDE0008: 鐢ㄦ樉寮忕被鍨嬩唬鏇?"var" (https://learn.microsoft.com/dotnet/fundamentals/code-analysis/style-rules/ide0008) [C:\UserWorx\VSWorx\ServoStudio\wpfui-servoStudio\samples\Wpf.Ui.servoStudio\servoStudio_wjhet5xd_wpftmp.csproj]
C:\UserWorx\VSWorx\ServoStudio\wpfui-servoStudio\samples\Wpf.Ui.servoStudio\Core\Modbus\ModbusRtuMaster.cs(325,25): warning IDE0058: 姘歌繙涓嶄細浣跨敤琛ㄨ揪寮忓€?(https://learn.microsoft.com/dotnet/fundamentals/code-analysis/style-rules/ide0058) [C:\UserWorx\VSWorx\ServoStudio\wpfui-servoStudio\samples\Wpf.Ui.servoStudio\servoStudio_wjhet5xd_wpftmp.csproj]
C:\UserWorx\VSWorx\ServoStudio\wpfui-servoStudio\samples\Wpf.Ui.servoStudio\Core\Modbus\ModbusRtuMaster.cs(337,29): warning IDE0058: 姘歌繙涓嶄細浣跨敤琛ㄨ揪寮忓€?(https://learn.microsoft.com/dotnet/fundamentals/code-analysis/style-rules/ide0058) [C:\UserWorx\VSWorx\ServoStudio\wpfui-servoStudio\samples\Wpf.Ui.servoStudio\servoStudio_wjhet5xd_wpftmp.csproj]
C:\UserWorx\VSWorx\ServoStudio\wpfui-servoStudio\samples\Wpf.Ui.servoStudio\Core\Modbus\ModbusRtuMaster.cs(341,29): warning IDE0058: 姘歌繙涓嶄細浣跨敤琛ㄨ揪寮忓€?(https://learn.microsoft.com/dotnet/fundamentals/code-analysis/style-rules/ide0058) [C:\UserWorx\VSWorx\ServoStudio\wpfui-servoStudio\samples\Wpf.Ui.servoStudio\servoStudio_wjhet5xd_wpftmp.csproj]
C:\UserWorx\VSWorx\ServoStudio\wpfui-servoStudio\samples\Wpf.Ui.servoStudio\ViewModels\AppData\DataSaveViewModel.cs(731,95): warning IDE0055: 淇鏍煎紡 (https://learn.microsoft.com/dotnet/fundamentals/code-analysis/style-rules/ide0055) [C:\UserWorx\VSWorx\ServoStudio\wpfui-servoStudio\samples\Wpf.Ui.servoStudio\servoStudio_wjhet5xd_wpftmp.csproj]
C:\UserWorx\VSWorx\ServoStudio\wpfui-servoStudio\samples\Wpf.Ui.servoStudio\ViewModels\AppData\DataSaveViewModel.cs(799,12): warning IDE0055: 淇鏍煎紡 (https://learn.microsoft.com/dotnet/fundamentals/code-analysis/style-rules/ide0055) [C:\UserWorx\VSWorx\ServoStudio\wpfui-servoStudio\samples\Wpf.Ui.servoStudio\servoStudio_wjhet5xd_wpftmp.csproj]
C:\UserWorx\VSWorx\ServoStudio\wpfui-servoStudio\samples\Wpf.Ui.servoStudio\ViewModels\AppData\DataSaveViewModel.cs(799,14): warning IDE0055: 淇鏍煎紡 (https://learn.microsoft.com/dotnet/fundamentals/code-analysis/style-rules/ide0055) [C:\UserWorx\VSWorx\ServoStudio\wpfui-servoStudio\samples\Wpf.Ui.servoStudio\servoStudio_wjhet5xd_wpftmp.csproj]
C:\UserWorx\VSWorx\ServoStudio\wpfui-servoStudio\samples\Wpf.Ui.servoStudio\ViewModels\AppData\DataSaveViewModel.cs(799,38): warning IDE0055: 淇鏍煎紡 (https://learn.microsoft.com/dotnet/fundamentals/code-analysis/style-rules/ide0055) [C:\UserWorx\VSWorx\ServoStudio\wpfui-servoStudio\samples\Wpf.Ui.servoStudio\servoStudio_wjhet5xd_wpftmp.csproj]
C:\UserWorx\VSWorx\ServoStudio\wpfui-servoStudio\samples\Wpf.Ui.servoStudio\ViewModels\AppData\DataSaveViewModel.cs(799,40): warning IDE0055: 淇鏍煎紡 (https://learn.microsoft.com/dotnet/fundamentals/code-analysis/style-rules/ide0055) [C:\UserWorx\VSWorx\ServoStudio\wpfui-servoStudio\samples\Wpf.Ui.servoStudio\servoStudio_wjhet5xd_wpftmp.csproj]
C:\UserWorx\VSWorx\ServoStudio\wpfui-servoStudio\samples\Wpf.Ui.servoStudio\ViewModels\AppData\DataSaveViewModel.cs(839,12): warning IDE0055: 淇鏍煎紡 (https://learn.microsoft.com/dotnet/fundamentals/code-analysis/style-rules/ide0055) [C:\UserWorx\VSWorx\ServoStudio\wpfui-servoStudio\samples\Wpf.Ui.servoStudio\servoStudio_wjhet5xd_wpftmp.csproj]
C:\UserWorx\VSWorx\ServoStudio\wpfui-servoStudio\samples\Wpf.Ui.servoStudio\ViewModels\AppData\DataSaveViewModel.cs(839,14): warning IDE0055: 淇鏍煎紡 (https://learn.microsoft.com/dotnet/fundamentals/code-analysis/style-rules/ide0055) [C:\UserWorx\VSWorx\ServoStudio\wpfui-servoStudio\samples\Wpf.Ui.servoStudio\servoStudio_wjhet5xd_wpftmp.csproj]
C:\UserWorx\VSWorx\ServoStudio\wpfui-servoStudio\samples\Wpf.Ui.servoStudio\ViewModels\AppData\DataSaveViewModel.cs(839,53): warning IDE0055: 淇鏍煎紡 (https://learn.microsoft.com/dotnet/fundamentals/code-analysis/style-rules/ide0055) [C:\UserWorx\VSWorx\ServoStudio\wpfui-servoStudio\samples\Wpf.Ui.servoStudio\servoStudio_wjhet5xd_wpftmp.csproj]
C:\UserWorx\VSWorx\ServoStudio\wpfui-servoStudio\samples\Wpf.Ui.servoStudio\ViewModels\AppData\DataSaveViewModel.cs(1110,27): warning IDE0055: 淇鏍煎紡 (https://learn.microsoft.com/dotnet/fundamentals/code-analysis/style-rules/ide0055) [C:\UserWorx\VSWorx\ServoStudio\wpfui-servoStudio\samples\Wpf.Ui.servoStudio\servoStudio_wjhet5xd_wpftmp.csproj]
C:\UserWorx\VSWorx\ServoStudio\wpfui-servoStudio\samples\Wpf.Ui.servoStudio\ViewModels\AppData\DataSaveViewModel.cs(1123,37): warning IDE0055: 淇鏍煎紡 (https://learn.microsoft.com/dotnet/fundamentals/code-analysis/style-rules/ide0055) [C:\UserWorx\VSWorx\ServoStudio\wpfui-servoStudio\samples\Wpf.Ui.servoStudio\servoStudio_wjhet5xd_wpftmp.csproj]
C:\UserWorx\VSWorx\ServoStudio\wpfui-servoStudio\samples\Wpf.Ui.servoStudio\ViewModels\AppData\DataSaveViewModel.cs(1129,27): warning IDE0055: 淇鏍煎紡 (https://learn.microsoft.com/dotnet/fundamentals/code-analysis/style-rules/ide0055) [C:\UserWorx\VSWorx\ServoStudio\wpfui-servoStudio\samples\Wpf.Ui.servoStudio\servoStudio_wjhet5xd_wpftmp.csproj]
C:\UserWorx\VSWorx\ServoStudio\wpfui-servoStudio\samples\Wpf.Ui.servoStudio\ViewModels\AppData\DataSaveViewModel.cs(1129,50): warning IDE0055: 淇鏍煎紡 (https://learn.microsoft.com/dotnet/fundamentals/code-analysis/style-rules/ide0055) [C:\UserWorx\VSWorx\ServoStudio\wpfui-servoStudio\samples\Wpf.Ui.servoStudio\servoStudio_wjhet5xd_wpftmp.csproj]
C:\UserWorx\VSWorx\ServoStudio\wpfui-servoStudio\samples\Wpf.Ui.servoStudio\ViewModels\AppData\DataSaveViewModel.cs(1130,26): warning IDE0055: 淇鏍煎紡 (https://learn.microsoft.com/dotnet/fundamentals/code-analysis/style-rules/ide0055) [C:\UserWorx\VSWorx\ServoStudio\wpfui-servoStudio\samples\Wpf.Ui.servoStudio\servoStudio_wjhet5xd_wpftmp.csproj]
C:\UserWorx\VSWorx\ServoStudio\wpfui-servoStudio\samples\Wpf.Ui.servoStudio\ViewModels\AppData\DataSaveViewModel.cs(1130,49): warning IDE0055: 淇鏍煎紡 (https://learn.microsoft.com/dotnet/fundamentals/code-analysis/style-rules/ide0055) [C:\UserWorx\VSWorx\ServoStudio\wpfui-servoStudio\samples\Wpf.Ui.servoStudio\servoStudio_wjhet5xd_wpftmp.csproj]
C:\UserWorx\VSWorx\ServoStudio\wpfui-servoStudio\samples\Wpf.Ui.servoStudio\ViewModels\AppData\DataSaveViewModel.cs(1131,27): warning IDE0055: 淇鏍煎紡 (https://learn.microsoft.com/dotnet/fundamentals/code-analysis/style-rules/ide0055) [C:\UserWorx\VSWorx\ServoStudio\wpfui-servoStudio\samples\Wpf.Ui.servoStudio\servoStudio_wjhet5xd_wpftmp.csproj]
C:\UserWorx\VSWorx\ServoStudio\wpfui-servoStudio\samples\Wpf.Ui.servoStudio\ViewModels\AppData\DataSaveViewModel.cs(1131,49): warning IDE0055: 淇鏍煎紡 (https://learn.microsoft.com/dotnet/fundamentals/code-analysis/style-rules/ide0055) [C:\UserWorx\VSWorx\ServoStudio\wpfui-servoStudio\samples\Wpf.Ui.servoStudio\servoStudio_wjhet5xd_wpftmp.csproj]
C:\UserWorx\VSWorx\ServoStudio\wpfui-servoStudio\samples\Wpf.Ui.servoStudio\ViewModels\AppData\DataSaveViewModel.cs(1132,27): warning IDE0055: 淇鏍煎紡 (https://learn.microsoft.com/dotnet/fundamentals/code-analysis/style-rules/ide0055) [C:\UserWorx\VSWorx\ServoStudio\wpfui-servoStudio\samples\Wpf.Ui.servoStudio\servoStudio_wjhet5xd_wpftmp.csproj]
C:\UserWorx\VSWorx\ServoStudio\wpfui-servoStudio\samples\Wpf.Ui.servoStudio\ViewModels\AppData\DataSaveViewModel.cs(1132,49): warning IDE0055: 淇鏍煎紡 (https://learn.microsoft.com/dotnet/fundamentals/code-analysis/style-rules/ide0055) [C:\UserWorx\VSWorx\ServoStudio\wpfui-servoStudio\samples\Wpf.Ui.servoStudio\servoStudio_wjhet5xd_wpftmp.csproj]
C:\UserWorx\VSWorx\ServoStudio\wpfui-servoStudio\samples\Wpf.Ui.servoStudio\ViewModels\AppData\DataSaveViewModel.cs(1133,27): warning IDE0055: 淇鏍煎紡 (https://learn.microsoft.com/dotnet/fundamentals/code-analysis/style-rules/ide0055) [C:\UserWorx\VSWorx\ServoStudio\wpfui-servoStudio\samples\Wpf.Ui.servoStudio\servoStudio_wjhet5xd_wpftmp.csproj]
C:\UserWorx\VSWorx\ServoStudio\wpfui-servoStudio\samples\Wpf.Ui.servoStudio\ViewModels\AppData\DataSaveViewModel.cs(1133,49): warning IDE0055: 淇鏍煎紡 (https://learn.microsoft.com/dotnet/fundamentals/code-analysis/style-rules/ide0055) [C:\UserWorx\VSWorx\ServoStudio\wpfui-servoStudio\samples\Wpf.Ui.servoStudio\servoStudio_wjhet5xd_wpftmp.csproj]
C:\UserWorx\VSWorx\ServoStudio\wpfui-servoStudio\samples\Wpf.Ui.servoStudio\ViewModels\AppData\DataSaveViewModel.cs(1135,34): warning IDE0055: 淇鏍煎紡 (https://learn.microsoft.com/dotnet/fundamentals/code-analysis/style-rules/ide0055) [C:\UserWorx\VSWorx\ServoStudio\wpfui-servoStudio\samples\Wpf.Ui.servoStudio\servoStudio_wjhet5xd_wpftmp.csproj]
C:\UserWorx\VSWorx\ServoStudio\wpfui-servoStudio\samples\Wpf.Ui.servoStudio\ViewModels\AppData\DataSaveViewModel.cs(1136,25): warning IDE0055: 淇鏍煎紡 (https://learn.microsoft.com/dotnet/fundamentals/code-analysis/style-rules/ide0055) [C:\UserWorx\VSWorx\ServoStudio\wpfui-servoStudio\samples\Wpf.Ui.servoStudio\servoStudio_wjhet5xd_wpftmp.csproj]
C:\UserWorx\VSWorx\ServoStudio\wpfui-servoStudio\samples\Wpf.Ui.servoStudio\ViewModels\AppData\DataSaveViewModel.cs(1163,12): warning IDE0055: 淇鏍煎紡 (https://learn.microsoft.com/dotnet/fundamentals/code-analysis/style-rules/ide0055) [C:\UserWorx\VSWorx\ServoStudio\wpfui-servoStudio\samples\Wpf.Ui.servoStudio\servoStudio_wjhet5xd_wpftmp.csproj]
C:\UserWorx\VSWorx\ServoStudio\wpfui-servoStudio\samples\Wpf.Ui.servoStudio\ViewModels\AppData\DataSaveViewModel.cs(1163,14): warning IDE0055: 淇鏍煎紡 (https://learn.microsoft.com/dotnet/fundamentals/code-analysis/style-rules/ide0055) [C:\UserWorx\VSWorx\ServoStudio\wpfui-servoStudio\samples\Wpf.Ui.servoStudio\servoStudio_wjhet5xd_wpftmp.csproj]
C:\UserWorx\VSWorx\ServoStudio\wpfui-servoStudio\samples\Wpf.Ui.servoStudio\ViewModels\AppData\DataSaveViewModel.cs(1163,38): warning IDE0055: 淇鏍煎紡 (https://learn.microsoft.com/dotnet/fundamentals/code-analysis/style-rules/ide0055) [C:\UserWorx\VSWorx\ServoStudio\wpfui-servoStudio\samples\Wpf.Ui.servoStudio\servoStudio_wjhet5xd_wpftmp.csproj]
C:\UserWorx\VSWorx\ServoStudio\wpfui-servoStudio\samples\Wpf.Ui.servoStudio\ViewModels\AppData\DataSaveViewModel.cs(1163,40): warning IDE0055: 淇鏍煎紡 (https://learn.microsoft.com/dotnet/fundamentals/code-analysis/style-rules/ide0055) [C:\UserWorx\VSWorx\ServoStudio\wpfui-servoStudio\samples\Wpf.Ui.servoStudio\servoStudio_wjhet5xd_wpftmp.csproj]
C:\UserWorx\VSWorx\ServoStudio\wpfui-servoStudio\samples\Wpf.Ui.servoStudio\Core\Usb\UsbBulkBus.cs(221,13): warning IDE0058: 姘歌繙涓嶄細浣跨敤琛ㄨ揪寮忓€?(https://learn.microsoft.com/dotnet/fundamentals/code-analysis/style-rules/ide0058) [C:\UserWorx\VSWorx\ServoStudio\wpfui-servoStudio\samples\Wpf.Ui.servoStudio\servoStudio_wjhet5xd_wpftmp.csproj]
C:\UserWorx\VSWorx\ServoStudio\wpfui-servoStudio\samples\Wpf.Ui.servoStudio\Services\UserSettingsService.cs(89,9): warning IDE0011: 鍚?鈥渋f鈥?璇彞娣诲姞澶ф嫭鍙枫€?(https://learn.microsoft.com/dotnet/fundamentals/code-analysis/style-rules/ide0011) [C:\UserWorx\VSWorx\ServoStudio\wpfui-servoStudio\samples\Wpf.Ui.servoStudio\servoStudio_wjhet5xd_wpftmp.csproj]
C:\UserWorx\VSWorx\ServoStudio\wpfui-servoStudio\samples\Wpf.Ui.servoStudio\Services\UserSettingsService.cs(93,9): warning IDE0011: 鍚?鈥渋f鈥?璇彞娣诲姞澶ф嫭鍙枫€?(https://learn.microsoft.com/dotnet/fundamentals/code-analysis/style-rules/ide0011) [C:\UserWorx\VSWorx\ServoStudio\wpfui-servoStudio\samples\Wpf.Ui.servoStudio\servoStudio_wjhet5xd_wpftmp.csproj]
C:\UserWorx\VSWorx\ServoStudio\wpfui-servoStudio\samples\Wpf.Ui.servoStudio\Services\UserSettingsService.cs(98,13): warning IDE0011: 鍚?鈥渋f鈥?璇彞娣诲姞澶ф嫭鍙枫€?(https://learn.microsoft.com/dotnet/fundamentals/code-analysis/style-rules/ide0011) [C:\UserWorx\VSWorx\ServoStudio\wpfui-servoStudio\samples\Wpf.Ui.servoStudio\servoStudio_wjhet5xd_wpftmp.csproj]
C:\UserWorx\VSWorx\ServoStudio\wpfui-servoStudio\samples\Wpf.Ui.servoStudio\ViewModels\AppData\DataSaveViewModel.cs(1069,25): warning IDE2003: 鍧椾笌鍚庣画璇彞涔嬮棿闇€瑕佹湁绌虹櫧琛?(https://learn.microsoft.com/dotnet/fundamentals/code-analysis/style-rules/ide2003) [C:\UserWorx\VSWorx\ServoStudio\wpfui-servoStudio\samples\Wpf.Ui.servoStudio\servoStudio_wjhet5xd_wpftmp.csproj]
C:\UserWorx\VSWorx\ServoStudio\wpfui-servoStudio\samples\Wpf.Ui.servoStudio\ViewModels\AppData\DataSaveViewModel.cs(1075,25): warning IDE2003: 鍧椾笌鍚庣画璇彞涔嬮棿闇€瑕佹湁绌虹櫧琛?(https://learn.microsoft.com/dotnet/fundamentals/code-analysis/style-rules/ide2003) [C:\UserWorx\VSWorx\ServoStudio\wpfui-servoStudio\samples\Wpf.Ui.servoStudio\servoStudio_wjhet5xd_wpftmp.csproj]
C:\UserWorx\VSWorx\ServoStudio\wpfui-servoStudio\samples\Wpf.Ui.servoStudio\ViewModels\AppData\DataSaveViewModel.cs(1139,9): warning IDE2003: 鍧椾笌鍚庣画璇彞涔嬮棿闇€瑕佹湁绌虹櫧琛?(https://learn.microsoft.com/dotnet/fundamentals/code-analysis/style-rules/ide2003) [C:\UserWorx\VSWorx\ServoStudio\wpfui-servoStudio\samples\Wpf.Ui.servoStudio\servoStudio_wjhet5xd_wpftmp.csproj]
C:\UserWorx\VSWorx\ServoStudio\wpfui-servoStudio\samples\Wpf.Ui.servoStudio\ViewModels\AppData\DataSaveViewModel.cs(1163,49): warning IDE2003: 鍧椾笌鍚庣画璇彞涔嬮棿闇€瑕佹湁绌虹櫧琛?(https://learn.microsoft.com/dotnet/fundamentals/code-analysis/style-rules/ide2003) [C:\UserWorx\VSWorx\ServoStudio\wpfui-servoStudio\samples\Wpf.Ui.servoStudio\servoStudio_wjhet5xd_wpftmp.csproj]
C:\UserWorx\VSWorx\ServoStudio\wpfui-servoStudio\samples\Wpf.Ui.servoStudio\Helpers\EsiToSiiConverter.cs(561,9): warning IDE0011: 鍚?鈥渋f鈥?璇彞娣诲姞澶ф嫭鍙枫€?(https://learn.microsoft.com/dotnet/fundamentals/code-analysis/style-rules/ide0011) [C:\UserWorx\VSWorx\ServoStudio\wpfui-servoStudio\samples\Wpf.Ui.servoStudio\servoStudio_wjhet5xd_wpftmp.csproj]
C:\UserWorx\VSWorx\ServoStudio\wpfui-servoStudio\samples\Wpf.Ui.servoStudio\Helpers\EsiToSiiConverter.cs(576,17): warning IDE0011: 鍚?鈥渋f鈥?璇彞娣诲姞澶ф嫭鍙枫€?(https://learn.microsoft.com/dotnet/fundamentals/code-analysis/style-rules/ide0011) [C:\UserWorx\VSWorx\ServoStudio\wpfui-servoStudio\samples\Wpf.Ui.servoStudio\servoStudio_wjhet5xd_wpftmp.csproj]
C:\UserWorx\VSWorx\ServoStudio\wpfui-servoStudio\samples\Wpf.Ui.servoStudio\Helpers\EsiToSiiConverter.cs(578,17): warning IDE0011: 鍚?鈥渆lse鈥?璇彞娣诲姞澶ф嫭鍙枫€?(https://learn.microsoft.com/dotnet/fundamentals/code-analysis/style-rules/ide0011) [C:\UserWorx\VSWorx\ServoStudio\wpfui-servoStudio\samples\Wpf.Ui.servoStudio\servoStudio_wjhet5xd_wpftmp.csproj]
C:\UserWorx\VSWorx\ServoStudio\wpfui-servoStudio\samples\Wpf.Ui.servoStudio\Models\Cia402Varibles.cs(136,9): warning IDE0011: 鍚?鈥渋f鈥?璇彞娣诲姞澶ф嫭鍙枫€?(https://learn.microsoft.com/dotnet/fundamentals/code-analysis/style-rules/ide0011) [C:\UserWorx\VSWorx\ServoStudio\wpfui-servoStudio\samples\Wpf.Ui.servoStudio\servoStudio_wjhet5xd_wpftmp.csproj]
C:\UserWorx\VSWorx\ServoStudio\wpfui-servoStudio\samples\Wpf.Ui.servoStudio\Models\Cia402Varibles.cs(137,9): warning IDE0011: 鍚?鈥渋f鈥?璇彞娣诲姞澶ф嫭鍙枫€?(https://learn.microsoft.com/dotnet/fundamentals/code-analysis/style-rules/ide0011) [C:\UserWorx\VSWorx\ServoStudio\wpfui-servoStudio\samples\Wpf.Ui.servoStudio\servoStudio_wjhet5xd_wpftmp.csproj]
C:\UserWorx\VSWorx\ServoStudio\wpfui-servoStudio\samples\Wpf.Ui.servoStudio\Models\Cia402Varibles.cs(138,9): warning IDE0011: 鍚?鈥渋f鈥?璇彞娣诲姞澶ф嫭鍙枫€?(https://learn.microsoft.com/dotnet/fundamentals/code-analysis/style-rules/ide0011) [C:\UserWorx\VSWorx\ServoStudio\wpfui-servoStudio\samples\Wpf.Ui.servoStudio\servoStudio_wjhet5xd_wpftmp.csproj]
C:\UserWorx\VSWorx\ServoStudio\wpfui-servoStudio\samples\Wpf.Ui.servoStudio\Models\Cia402Varibles.cs(139,9): warning IDE0011: 鍚?鈥渋f鈥?璇彞娣诲姞澶ф嫭鍙枫€?(https://learn.microsoft.com/dotnet/fundamentals/code-analysis/style-rules/ide0011) [C:\UserWorx\VSWorx\ServoStudio\wpfui-servoStudio\samples\Wpf.Ui.servoStudio\servoStudio_wjhet5xd_wpftmp.csproj]
C:\UserWorx\VSWorx\ServoStudio\wpfui-servoStudio\samples\Wpf.Ui.servoStudio\Models\Cia402Varibles.cs(140,9): warning IDE0011: 鍚?鈥渋f鈥?璇彞娣诲姞澶ф嫭鍙枫€?(https://learn.microsoft.com/dotnet/fundamentals/code-analysis/style-rules/ide0011) [C:\UserWorx\VSWorx\ServoStudio\wpfui-servoStudio\samples\Wpf.Ui.servoStudio\servoStudio_wjhet5xd_wpftmp.csproj]
C:\UserWorx\VSWorx\ServoStudio\wpfui-servoStudio\samples\Wpf.Ui.servoStudio\Models\Cia402Varibles.cs(141,9): warning IDE0011: 鍚?鈥渋f鈥?璇彞娣诲姞澶ф嫭鍙枫€?(https://learn.microsoft.com/dotnet/fundamentals/code-analysis/style-rules/ide0011) [C:\UserWorx\VSWorx\ServoStudio\wpfui-servoStudio\samples\Wpf.Ui.servoStudio\servoStudio_wjhet5xd_wpftmp.csproj]
C:\UserWorx\VSWorx\ServoStudio\wpfui-servoStudio\samples\Wpf.Ui.servoStudio\Models\Cia402Varibles.cs(142,9): warning IDE0011: 鍚?鈥渋f鈥?璇彞娣诲姞澶ф嫭鍙枫€?(https://learn.microsoft.com/dotnet/fundamentals/code-analysis/style-rules/ide0011) [C:\UserWorx\VSWorx\ServoStudio\wpfui-servoStudio\samples\Wpf.Ui.servoStudio\servoStudio_wjhet5xd_wpftmp.csproj]
C:\UserWorx\VSWorx\ServoStudio\wpfui-servoStudio\samples\Wpf.Ui.servoStudio\Models\Cia402Varibles.cs(143,9): warning IDE0011: 鍚?鈥渋f鈥?璇彞娣诲姞澶ф嫭鍙枫€?(https://learn.microsoft.com/dotnet/fundamentals/code-analysis/style-rules/ide0011) [C:\UserWorx\VSWorx\ServoStudio\wpfui-servoStudio\samples\Wpf.Ui.servoStudio\servoStudio_wjhet5xd_wpftmp.csproj]
C:\UserWorx\VSWorx\ServoStudio\wpfui-servoStudio\samples\Wpf.Ui.servoStudio\Core\Usb\UsbBulkBus.cs(293,13): warning IDE0058: 姘歌繙涓嶄細浣跨敤琛ㄨ揪寮忓€?(https://learn.microsoft.com/dotnet/fundamentals/code-analysis/style-rules/ide0058) [C:\UserWorx\VSWorx\ServoStudio\wpfui-servoStudio\samples\Wpf.Ui.servoStudio\servoStudio_wjhet5xd_wpftmp.csproj]
C:\UserWorx\VSWorx\ServoStudio\wpfui-servoStudio\samples\Wpf.Ui.servoStudio\Helpers\EsiToSiiConverter.cs(588,9): warning IDE0011: 鍚?鈥渋f鈥?璇彞娣诲姞澶ф嫭鍙枫€?(https://learn.microsoft.com/dotnet/fundamentals/code-analysis/style-rules/ide0011) [C:\UserWorx\VSWorx\ServoStudio\wpfui-servoStudio\samples\Wpf.Ui.servoStudio\servoStudio_wjhet5xd_wpftmp.csproj]
C:\UserWorx\VSWorx\ServoStudio\wpfui-servoStudio\samples\Wpf.Ui.servoStudio\Helpers\EsiToSiiConverter.cs(592,9): warning IDE0011: 鍚?鈥渋f鈥?璇彞娣诲姞澶ф嫭鍙枫€?(https://learn.microsoft.com/dotnet/fundamentals/code-analysis/style-rules/ide0011) [C:\UserWorx\VSWorx\ServoStudio\wpfui-servoStudio\samples\Wpf.Ui.servoStudio\servoStudio_wjhet5xd_wpftmp.csproj]
C:\UserWorx\VSWorx\ServoStudio\wpfui-servoStudio\samples\Wpf.Ui.servoStudio\Helpers\EsiToSiiConverter.cs(596,9): warning IDE0011: 鍚?鈥渇or鈥?璇彞娣诲姞澶ф嫭鍙枫€?(https://learn.microsoft.com/dotnet/fundamentals/code-analysis/style-rules/ide0011) [C:\UserWorx\VSWorx\ServoStudio\wpfui-servoStudio\samples\Wpf.Ui.servoStudio\servoStudio_wjhet5xd_wpftmp.csproj]
C:\UserWorx\VSWorx\ServoStudio\wpfui-servoStudio\samples\Wpf.Ui.servoStudio\Helpers\EsiToSiiConverter.cs(56,16): warning IDE0059: 涓嶉渶瑕佸 "vendorName" 璧嬪€?(https://learn.microsoft.com/dotnet/fundamentals/code-analysis/style-rules/ide0059) [C:\UserWorx\VSWorx\ServoStudio\wpfui-servoStudio\samples\Wpf.Ui.servoStudio\servoStudio_wjhet5xd_wpftmp.csproj]
C:\UserWorx\VSWorx\ServoStudio\wpfui-servoStudio\samples\Wpf.Ui.servoStudio\Services\UserSettingsService.cs(130,13): warning IDE0011: 鍚?鈥渋f鈥?璇彞娣诲姞澶ф嫭鍙枫€?(https://learn.microsoft.com/dotnet/fundamentals/code-analysis/style-rules/ide0011) [C:\UserWorx\VSWorx\ServoStudio\wpfui-servoStudio\samples\Wpf.Ui.servoStudio\servoStudio_wjhet5xd_wpftmp.csproj]
C:\UserWorx\VSWorx\ServoStudio\wpfui-servoStudio\samples\Wpf.Ui.servoStudio\Models\RegisterRow.cs(71,9): warning IDE0011: 鍚?鈥渋f鈥?璇彞娣诲姞澶ф嫭鍙枫€?(https://learn.microsoft.com/dotnet/fundamentals/code-analysis/style-rules/ide0011) [C:\UserWorx\VSWorx\ServoStudio\wpfui-servoStudio\samples\Wpf.Ui.servoStudio\servoStudio_wjhet5xd_wpftmp.csproj]
C:\UserWorx\VSWorx\ServoStudio\wpfui-servoStudio\samples\Wpf.Ui.servoStudio\Views\Pages\MotionPages\MotionProfilePage.xaml.cs(267,9): warning IDE0008: 鐢ㄦ樉寮忕被鍨嬩唬鏇?"var" (https://learn.microsoft.com/dotnet/fundamentals/code-analysis/style-rules/ide0008) [C:\UserWorx\VSWorx\ServoStudio\wpfui-servoStudio\samples\Wpf.Ui.servoStudio\servoStudio_wjhet5xd_wpftmp.csproj]
C:\UserWorx\VSWorx\ServoStudio\wpfui-servoStudio\samples\Wpf.Ui.servoStudio\Views\Pages\MotionPages\MotionProfilePage.xaml.cs(272,13): warning IDE0008: 鐢ㄦ樉寮忕被鍨嬩唬鏇?"var" (https://learn.microsoft.com/dotnet/fundamentals/code-analysis/style-rules/ide0008) [C:\UserWorx\VSWorx\ServoStudio\wpfui-servoStudio\samples\Wpf.Ui.servoStudio\servoStudio_wjhet5xd_wpftmp.csproj]
C:\UserWorx\VSWorx\ServoStudio\wpfui-servoStudio\samples\Wpf.Ui.servoStudio\Views\Pages\MotionPages\MotionProfilePage.xaml.cs(285,9): warning IDE0008: 鐢ㄦ樉寮忕被鍨嬩唬鏇?"var" (https://learn.microsoft.com/dotnet/fundamentals/code-analysis/style-rules/ide0008) [C:\UserWorx\VSWorx\ServoStudio\wpfui-servoStudio\samples\Wpf.Ui.servoStudio\servoStudio_wjhet5xd_wpftmp.csproj]
C:\UserWorx\VSWorx\ServoStudio\wpfui-servoStudio\samples\Wpf.Ui.servoStudio\Views\Pages\MotionPages\MotionProfilePage.xaml.cs(289,9): warning IDE0008: 鐢ㄦ樉寮忕被鍨嬩唬鏇?"var" (https://learn.microsoft.com/dotnet/fundamentals/code-analysis/style-rules/ide0008) [C:\UserWorx\VSWorx\ServoStudio\wpfui-servoStudio\samples\Wpf.Ui.servoStudio\servoStudio_wjhet5xd_wpftmp.csproj]
C:\UserWorx\VSWorx\ServoStudio\wpfui-servoStudio\samples\Wpf.Ui.servoStudio\Helpers\EsiToSiiConverter.cs(604,9): warning IDE0011: 鍚?鈥渋f鈥?璇彞娣诲姞澶ф嫭鍙枫€?(https://learn.microsoft.com/dotnet/fundamentals/code-analysis/style-rules/ide0011) [C:\UserWorx\VSWorx\ServoStudio\wpfui-servoStudio\samples\Wpf.Ui.servoStudio\servoStudio_wjhet5xd_wpftmp.csproj]
C:\UserWorx\VSWorx\ServoStudio\wpfui-servoStudio\samples\Wpf.Ui.servoStudio\Helpers\EsiToSiiConverter.cs(606,9): warning IDE0011: 鍚?鈥渋f鈥?璇彞娣诲姞澶ф嫭鍙枫€?(https://learn.microsoft.com/dotnet/fundamentals/code-analysis/style-rules/ide0011) [C:\UserWorx\VSWorx\ServoStudio\wpfui-servoStudio\samples\Wpf.Ui.servoStudio\servoStudio_wjhet5xd_wpftmp.csproj]
C:\UserWorx\VSWorx\ServoStudio\wpfui-servoStudio\samples\Wpf.Ui.servoStudio\Helpers\EsiToSiiConverter.cs(608,9): warning IDE0011: 鍚?鈥渋f鈥?璇彞娣诲姞澶ф嫭鍙枫€?(https://learn.microsoft.com/dotnet/fundamentals/code-analysis/style-rules/ide0011) [C:\UserWorx\VSWorx\ServoStudio\wpfui-servoStudio\samples\Wpf.Ui.servoStudio\servoStudio_wjhet5xd_wpftmp.csproj]
C:\UserWorx\VSWorx\ServoStudio\wpfui-servoStudio\samples\Wpf.Ui.servoStudio\Core\CANopen\Adapters\CanAdapterFactory.cs(552,21): warning IDE0058: 姘歌繙涓嶄細浣跨敤琛ㄨ揪寮忓€?(https://learn.microsoft.com/dotnet/fundamentals/code-analysis/style-rules/ide0058) [C:\UserWorx\VSWorx\ServoStudio\wpfui-servoStudio\samples\Wpf.Ui.servoStudio\servoStudio_wjhet5xd_wpftmp.csproj]
C:\UserWorx\VSWorx\ServoStudio\wpfui-servoStudio\samples\Wpf.Ui.servoStudio\Core\Usb\UsbBulkBus.cs(314,9): warning IDE0058: 姘歌繙涓嶄細浣跨敤琛ㄨ揪寮忓€?(https://learn.microsoft.com/dotnet/fundamentals/code-analysis/style-rules/ide0058) [C:\UserWorx\VSWorx\ServoStudio\wpfui-servoStudio\samples\Wpf.Ui.servoStudio\servoStudio_wjhet5xd_wpftmp.csproj]
C:\UserWorx\VSWorx\ServoStudio\wpfui-servoStudio\samples\Wpf.Ui.servoStudio\Helpers\EsiToSiiConverter.cs(624,9): warning IDE0011: 鍚?鈥渋f鈥?璇彞娣诲姞澶ф嫭鍙枫€?(https://learn.microsoft.com/dotnet/fundamentals/code-analysis/style-rules/ide0011) [C:\UserWorx\VSWorx\ServoStudio\wpfui-servoStudio\samples\Wpf.Ui.servoStudio\servoStudio_wjhet5xd_wpftmp.csproj]
C:\UserWorx\VSWorx\ServoStudio\wpfui-servoStudio\samples\Wpf.Ui.servoStudio\Helpers\EsiToSiiConverter.cs(630,17): warning IDE0058: 姘歌繙涓嶄細浣跨敤琛ㄨ揪寮忓€?(https://learn.microsoft.com/dotnet/fundamentals/code-analysis/style-rules/ide0058) [C:\UserWorx\VSWorx\ServoStudio\wpfui-servoStudio\samples\Wpf.Ui.servoStudio\servoStudio_wjhet5xd_wpftmp.csproj]
C:\UserWorx\VSWorx\ServoStudio\wpfui-servoStudio\samples\Wpf.Ui.servoStudio\Helpers\EsiToSiiConverter.cs(635,17): warning IDE0058: 姘歌繙涓嶄細浣跨敤琛ㄨ揪寮忓€?(https://learn.microsoft.com/dotnet/fundamentals/code-analysis/style-rules/ide0058) [C:\UserWorx\VSWorx\ServoStudio\wpfui-servoStudio\samples\Wpf.Ui.servoStudio\servoStudio_wjhet5xd_wpftmp.csproj]
C:\UserWorx\VSWorx\ServoStudio\wpfui-servoStudio\samples\Wpf.Ui.servoStudio\ViewModels\ViewModel.cs(144,13): warning IDE0011: 鍚?鈥渋f鈥?璇彞娣诲姞澶ф嫭鍙枫€?(https://learn.microsoft.com/dotnet/fundamentals/code-analysis/style-rules/ide0011) [C:\UserWorx\VSWorx\ServoStudio\wpfui-servoStudio\samples\Wpf.Ui.servoStudio\servoStudio_wjhet5xd_wpftmp.csproj]
C:\UserWorx\VSWorx\ServoStudio\wpfui-servoStudio\samples\Wpf.Ui.servoStudio\ViewModels\ViewModel.cs(145,13): warning IDE0011: 鍚?鈥渋f鈥?璇彞娣诲姞澶ф嫭鍙枫€?(https://learn.microsoft.com/dotnet/fundamentals/code-analysis/style-rules/ide0011) [C:\UserWorx\VSWorx\ServoStudio\wpfui-servoStudio\samples\Wpf.Ui.servoStudio\servoStudio_wjhet5xd_wpftmp.csproj]
C:\UserWorx\VSWorx\ServoStudio\wpfui-servoStudio\samples\Wpf.Ui.servoStudio\ViewModels\AppData\UserConfigViewModel.cs(177,9): warning IDE0011: 鍚?鈥渋f鈥?璇彞娣诲姞澶ф嫭鍙枫€?(https://learn.microsoft.com/dotnet/fundamentals/code-analysis/style-rules/ide0011) [C:\UserWorx\VSWorx\ServoStudio\wpfui-servoStudio\samples\Wpf.Ui.servoStudio\servoStudio_wjhet5xd_wpftmp.csproj]
C:\UserWorx\VSWorx\ServoStudio\wpfui-servoStudio\samples\Wpf.Ui.servoStudio\ViewModels\AppData\UserConfigViewModel.cs(178,9): warning IDE0011: 鍚?鈥渇oreach鈥?璇彞娣诲姞澶ф嫭鍙枫€?(https://learn.microsoft.com/dotnet/fundamentals/code-analysis/style-rules/ide0011) [C:\UserWorx\VSWorx\ServoStudio\wpfui-servoStudio\samples\Wpf.Ui.servoStudio\servoStudio_wjhet5xd_wpftmp.csproj]
C:\UserWorx\VSWorx\ServoStudio\wpfui-servoStudio\samples\Wpf.Ui.servoStudio\Core\CANopen\SerialCanBus.cs(30,38): warning CA2213: 鈥淪erialCanBus鈥濆寘鍚?IDisposable 绫诲瀷鈥淐ancellationTokenSource?鈥濈殑瀛楁鈥淿rxCts鈥濓紝浣嗕粠鏈繘琛岄噴鏀俱€傝鏇存敼鈥淪erialCanBus鈥濅笂鐨?Dispose 鏂规硶浠ュ姝ゅ瓧娈佃皟鐢?Close 鎴?Dispose銆?(https://learn.microsoft.com/dotnet/fundamentals/code-analysis/quality-rules/ca2213) [C:\UserWorx\VSWorx\ServoStudio\wpfui-servoStudio\samples\Wpf.Ui.servoStudio\servoStudio_wjhet5xd_wpftmp.csproj]
C:\UserWorx\VSWorx\ServoStudio\wpfui-servoStudio\samples\Wpf.Ui.servoStudio\Helpers\EsiToSiiConverter.cs(650,9): warning IDE0011: 鍚?鈥渋f鈥?璇彞娣诲姞澶ф嫭鍙枫€?(https://learn.microsoft.com/dotnet/fundamentals/code-analysis/style-rules/ide0011) [C:\UserWorx\VSWorx\ServoStudio\wpfui-servoStudio\samples\Wpf.Ui.servoStudio\servoStudio_wjhet5xd_wpftmp.csproj]
C:\UserWorx\VSWorx\ServoStudio\wpfui-servoStudio\samples\Wpf.Ui.servoStudio\Helpers\EsiToSiiConverter.cs(654,9): warning IDE0011: 鍚?鈥渋f鈥?璇彞娣诲姞澶ф嫭鍙枫€?(https://learn.microsoft.com/dotnet/fundamentals/code-analysis/style-rules/ide0011) [C:\UserWorx\VSWorx\ServoStudio\wpfui-servoStudio\samples\Wpf.Ui.servoStudio\servoStudio_wjhet5xd_wpftmp.csproj]
C:\UserWorx\VSWorx\ServoStudio\wpfui-servoStudio\samples\Wpf.Ui.servoStudio\Helpers\EsiToSiiConverter.cs(657,9): warning IDE0011: 鍚?鈥渋f鈥?璇彞娣诲姞澶ф嫭鍙枫€?(https://learn.microsoft.com/dotnet/fundamentals/code-analysis/style-rules/ide0011) [C:\UserWorx\VSWorx\ServoStudio\wpfui-servoStudio\samples\Wpf.Ui.servoStudio\servoStudio_wjhet5xd_wpftmp.csproj]
C:\UserWorx\VSWorx\ServoStudio\wpfui-servoStudio\samples\Wpf.Ui.servoStudio\Core\Modbus\ModbusRtuMaster.cs(548,21): warning IDE0058: 姘歌繙涓嶄細浣跨敤琛ㄨ揪寮忓€?(https://learn.microsoft.com/dotnet/fundamentals/code-analysis/style-rules/ide0058) [C:\UserWorx\VSWorx\ServoStudio\wpfui-servoStudio\samples\Wpf.Ui.servoStudio\servoStudio_wjhet5xd_wpftmp.csproj]
C:\UserWorx\VSWorx\ServoStudio\wpfui-servoStudio\samples\Wpf.Ui.servoStudio\ViewModels\AppData\UserConfigViewModel.cs(184,9): warning IDE0011: 鍚?鈥渋f鈥?璇彞娣诲姞澶ф嫭鍙枫€?(https://learn.microsoft.com/dotnet/fundamentals/code-analysis/style-rules/ide0011) [C:\UserWorx\VSWorx\ServoStudio\wpfui-servoStudio\samples\Wpf.Ui.servoStudio\servoStudio_wjhet5xd_wpftmp.csproj]
C:\UserWorx\VSWorx\ServoStudio\wpfui-servoStudio\samples\Wpf.Ui.servoStudio\ViewModels\AppData\UserConfigViewModel.cs(206,9): warning IDE0011: 鍚?鈥渋f鈥?璇彞娣诲姞澶ф嫭鍙枫€?(https://learn.microsoft.com/dotnet/fundamentals/code-analysis/style-rules/ide0011) [C:\UserWorx\VSWorx\ServoStudio\wpfui-servoStudio\samples\Wpf.Ui.servoStudio\servoStudio_wjhet5xd_wpftmp.csproj]
C:\UserWorx\VSWorx\ServoStudio\wpfui-servoStudio\samples\Wpf.Ui.servoStudio\ViewModels\ViewModel.cs(259,9): warning CA1065: Dispose 鍒涘缓 NotImplementedException 绫诲瀷鐨勫紓甯搞€備笉搴斿湪杩欑绫诲瀷鐨勬柟娉曚腑寮曞彂寮傚父銆傚鏋滄湁鍙兘浼氬紩鍙戞寮傚父瀹炰緥锛岃鏇存敼璇ユ柟娉曠殑閫昏緫锛屼娇瀹冧笉鍐嶅紩鍙戝紓甯搞€?(https://learn.microsoft.com/dotnet/fundamentals/code-analysis/quality-rules/ca1065) [C:\UserWorx\VSWorx\ServoStudio\wpfui-servoStudio\samples\Wpf.Ui.servoStudio\servoStudio_wjhet5xd_wpftmp.csproj]
C:\UserWorx\VSWorx\ServoStudio\wpfui-servoStudio\samples\Wpf.Ui.servoStudio\Models\Product.cs(86,9): warning IDE0011: 鍚?鈥渋f鈥?璇彞娣诲姞澶ф嫭鍙枫€?(https://learn.microsoft.com/dotnet/fundamentals/code-analysis/style-rules/ide0011) [C:\UserWorx\VSWorx\ServoStudio\wpfui-servoStudio\samples\Wpf.Ui.servoStudio\servoStudio_wjhet5xd_wpftmp.csproj]
C:\UserWorx\VSWorx\ServoStudio\wpfui-servoStudio\samples\Wpf.Ui.servoStudio\Models\Product.cs(87,9): warning IDE0011: 鍚?鈥渋f鈥?璇彞娣诲姞澶ф嫭鍙枫€?(https://learn.microsoft.com/dotnet/fundamentals/code-analysis/style-rules/ide0011) [C:\UserWorx\VSWorx\ServoStudio\wpfui-servoStudio\samples\Wpf.Ui.servoStudio\servoStudio_wjhet5xd_wpftmp.csproj]
C:\UserWorx\VSWorx\ServoStudio\wpfui-servoStudio\samples\Wpf.Ui.servoStudio\Models\Product.cs(88,9): warning IDE0011: 鍚?鈥渋f鈥?璇彞娣诲姞澶ф嫭鍙枫€?(https://learn.microsoft.com/dotnet/fundamentals/code-analysis/style-rules/ide0011) [C:\UserWorx\VSWorx\ServoStudio\wpfui-servoStudio\samples\Wpf.Ui.servoStudio\servoStudio_wjhet5xd_wpftmp.csproj]
C:\UserWorx\VSWorx\ServoStudio\wpfui-servoStudio\samples\Wpf.Ui.servoStudio\ViewModels\ViewModel.cs(257,17): warning CA1063: 淇敼鈥淰iewModel.Dispose鈥濓紝浣垮叾璋冪敤 Dispose(true)锛屽啀瀵瑰綋鍓嶅璞″疄渚嬭皟鐢?GC.SuppressFinalize (Visual Basic 涓殑鈥滄椤光€濇垨鈥滄垜鈥?锛岀劧鍚庤繑鍥?(https://learn.microsoft.com/dotnet/fundamentals/code-analysis/quality-rules/ca1063) [C:\UserWorx\VSWorx\ServoStudio\wpfui-servoStudio\samples\Wpf.Ui.servoStudio\servoStudio_wjhet5xd_wpftmp.csproj]
C:\UserWorx\VSWorx\ServoStudio\wpfui-servoStudio\samples\Wpf.Ui.servoStudio\Models\Product.cs(89,9): warning IDE0011: 鍚?鈥渋f鈥?璇彞娣诲姞澶ф嫭鍙枫€?(https://learn.microsoft.com/dotnet/fundamentals/code-analysis/style-rules/ide0011) [C:\UserWorx\VSWorx\ServoStudio\wpfui-servoStudio\samples\Wpf.Ui.servoStudio\servoStudio_wjhet5xd_wpftmp.csproj]
C:\UserWorx\VSWorx\ServoStudio\wpfui-servoStudio\samples\Wpf.Ui.servoStudio\Models\Product.cs(90,9): warning IDE0011: 鍚?鈥渋f鈥?璇彞娣诲姞澶ф嫭鍙枫€?(https://learn.microsoft.com/dotnet/fundamentals/code-analysis/style-rules/ide0011) [C:\UserWorx\VSWorx\ServoStudio\wpfui-servoStudio\samples\Wpf.Ui.servoStudio\servoStudio_wjhet5xd_wpftmp.csproj]
C:\UserWorx\VSWorx\ServoStudio\wpfui-servoStudio\samples\Wpf.Ui.servoStudio\Models\Product.cs(91,9): warning IDE0011: 鍚?鈥渋f鈥?璇彞娣诲姞澶ф嫭鍙枫€?(https://learn.microsoft.com/dotnet/fundamentals/code-analysis/style-rules/ide0011) [C:\UserWorx\VSWorx\ServoStudio\wpfui-servoStudio\samples\Wpf.Ui.servoStudio\servoStudio_wjhet5xd_wpftmp.csproj]
C:\UserWorx\VSWorx\ServoStudio\wpfui-servoStudio\samples\Wpf.Ui.servoStudio\Models\Product.cs(92,9): warning IDE0011: 鍚?鈥渋f鈥?璇彞娣诲姞澶ф嫭鍙枫€?(https://learn.microsoft.com/dotnet/fundamentals/code-analysis/style-rules/ide0011) [C:\UserWorx\VSWorx\ServoStudio\wpfui-servoStudio\samples\Wpf.Ui.servoStudio\servoStudio_wjhet5xd_wpftmp.csproj]
C:\UserWorx\VSWorx\ServoStudio\wpfui-servoStudio\samples\Wpf.Ui.servoStudio\Views\Pages\HomePage.xaml.cs(67,66): warning IDE0008: 鐢ㄦ樉寮忕被鍨嬩唬鏇?"var" (https://learn.microsoft.com/dotnet/fundamentals/code-analysis/style-rules/ide0008) [C:\UserWorx\VSWorx\ServoStudio\wpfui-servoStudio\samples\Wpf.Ui.servoStudio\servoStudio_wjhet5xd_wpftmp.csproj]
C:\UserWorx\VSWorx\ServoStudio\wpfui-servoStudio\samples\Wpf.Ui.servoStudio\ViewModels\AppData\UserConfigViewModel.cs(282,9): warning IDE0011: 鍚?鈥渋f鈥?璇彞娣诲姞澶ф嫭鍙枫€?(https://learn.microsoft.com/dotnet/fundamentals/code-analysis/style-rules/ide0011) [C:\UserWorx\VSWorx\ServoStudio\wpfui-servoStudio\samples\Wpf.Ui.servoStudio\servoStudio_wjhet5xd_wpftmp.csproj]
C:\UserWorx\VSWorx\ServoStudio\wpfui-servoStudio\samples\Wpf.Ui.servoStudio\ViewModels\ViewModel.cs(28,29): warning CA2213: 鈥淰iewModel鈥濆寘鍚?IDisposable 绫诲瀷鈥淪erialPortStream鈥濈殑瀛楁鈥渧com鈥濓紝浣嗕粠鏈繘琛岄噴鏀俱€傝鏇存敼鈥淰iewModel鈥濅笂鐨?Dispose 鏂规硶浠ュ姝ゅ瓧娈佃皟鐢?Close 鎴?Dispose銆?(https://learn.microsoft.com/dotnet/fundamentals/code-analysis/quality-rules/ca2213) [C:\UserWorx\VSWorx\ServoStudio\wpfui-servoStudio\samples\Wpf.Ui.servoStudio\servoStudio_wjhet5xd_wpftmp.csproj]
C:\UserWorx\VSWorx\ServoStudio\wpfui-servoStudio\samples\Wpf.Ui.servoStudio\Core\Usb\MscUsbBus.cs(181,9): warning IDE0058: 姘歌繙涓嶄細浣跨敤琛ㄨ揪寮忓€?(https://learn.microsoft.com/dotnet/fundamentals/code-analysis/style-rules/ide0058) [C:\UserWorx\VSWorx\ServoStudio\wpfui-servoStudio\samples\Wpf.Ui.servoStudio\servoStudio_wjhet5xd_wpftmp.csproj]
C:\UserWorx\VSWorx\ServoStudio\wpfui-servoStudio\samples\Wpf.Ui.servoStudio\ViewModels\AppData\UserConfigViewModel.cs(354,9): warning IDE0011: 鍚?鈥渋f鈥?璇彞娣诲姞澶ф嫭鍙枫€?(https://learn.microsoft.com/dotnet/fundamentals/code-analysis/style-rules/ide0011) [C:\UserWorx\VSWorx\ServoStudio\wpfui-servoStudio\samples\Wpf.Ui.servoStudio\servoStudio_wjhet5xd_wpftmp.csproj]
C:\UserWorx\VSWorx\ServoStudio\wpfui-servoStudio\samples\Wpf.Ui.servoStudio\Services\UserSettingsService.cs(161,9): warning IDE0011: 鍚?鈥渋f鈥?璇彞娣诲姞澶ф嫭鍙枫€?(https://learn.microsoft.com/dotnet/fundamentals/code-analysis/style-rules/ide0011) [C:\UserWorx\VSWorx\ServoStudio\wpfui-servoStudio\samples\Wpf.Ui.servoStudio\servoStudio_wjhet5xd_wpftmp.csproj]
C:\UserWorx\VSWorx\ServoStudio\wpfui-servoStudio\samples\Wpf.Ui.servoStudio\Services\UserSettingsService.cs(167,13): warning IDE0011: 鍚?鈥渋f鈥?璇彞娣诲姞澶ф嫭鍙枫€?(https://learn.microsoft.com/dotnet/fundamentals/code-analysis/style-rules/ide0011) [C:\UserWorx\VSWorx\ServoStudio\wpfui-servoStudio\samples\Wpf.Ui.servoStudio\servoStudio_wjhet5xd_wpftmp.csproj]
C:\UserWorx\VSWorx\ServoStudio\wpfui-servoStudio\samples\Wpf.Ui.servoStudio\Services\UserSettingsService.cs(168,13): warning IDE0011: 鍚?鈥渋f鈥?璇彞娣诲姞澶ф嫭鍙枫€?(https://learn.microsoft.com/dotnet/fundamentals/code-analysis/style-rules/ide0011) [C:\UserWorx\VSWorx\ServoStudio\wpfui-servoStudio\samples\Wpf.Ui.servoStudio\servoStudio_wjhet5xd_wpftmp.csproj]
C:\UserWorx\VSWorx\ServoStudio\wpfui-servoStudio\samples\Wpf.Ui.servoStudio\Views\Pages\HomePage.xaml.cs(78,9): warning IDE0011: 鍚?鈥渋f鈥?璇彞娣诲姞澶ф嫭鍙枫€?(https://learn.microsoft.com/dotnet/fundamentals/code-analysis/style-rules/ide0011) [C:\UserWorx\VSWorx\ServoStudio\wpfui-servoStudio\samples\Wpf.Ui.servoStudio\servoStudio_wjhet5xd_wpftmp.csproj]
C:\UserWorx\VSWorx\ServoStudio\wpfui-servoStudio\samples\Wpf.Ui.servoStudio\Core\Usb\MscUsbBus.cs(60,13): warning IDE0058: 姘歌繙涓嶄細浣跨敤琛ㄨ揪寮忓€?(https://learn.microsoft.com/dotnet/fundamentals/code-analysis/style-rules/ide0058) [C:\UserWorx\VSWorx\ServoStudio\wpfui-servoStudio\samples\Wpf.Ui.servoStudio\servoStudio_wjhet5xd_wpftmp.csproj]
C:\UserWorx\VSWorx\ServoStudio\wpfui-servoStudio\samples\Wpf.Ui.servoStudio\Core\Usb\MscUsbBus.cs(61,13): warning IDE0058: 姘歌繙涓嶄細浣跨敤琛ㄨ揪寮忓€?(https://learn.microsoft.com/dotnet/fundamentals/code-analysis/style-rules/ide0058) [C:\UserWorx\VSWorx\ServoStudio\wpfui-servoStudio\samples\Wpf.Ui.servoStudio\servoStudio_wjhet5xd_wpftmp.csproj]
C:\UserWorx\VSWorx\ServoStudio\wpfui-servoStudio\samples\Wpf.Ui.servoStudio\Core\CANopen\Adapters\CanAdapterFactory.cs(518,21): warning IDE0058: 姘歌繙涓嶄細浣跨敤琛ㄨ揪寮忓€?(https://learn.microsoft.com/dotnet/fundamentals/code-analysis/style-rules/ide0058) [C:\UserWorx\VSWorx\ServoStudio\wpfui-servoStudio\samples\Wpf.Ui.servoStudio\servoStudio_wjhet5xd_wpftmp.csproj]
C:\UserWorx\VSWorx\ServoStudio\wpfui-servoStudio\samples\Wpf.Ui.servoStudio\ViewModels\AppData\AppLogViewModel.cs(167,9): warning IDE0011: 鍚?鈥渋f鈥?璇彞娣诲姞澶ф嫭鍙枫€?(https://learn.microsoft.com/dotnet/fundamentals/code-analysis/style-rules/ide0011) [C:\UserWorx\VSWorx\ServoStudio\wpfui-servoStudio\samples\Wpf.Ui.servoStudio\servoStudio_wjhet5xd_wpftmp.csproj]
C:\UserWorx\VSWorx\ServoStudio\wpfui-servoStudio\samples\Wpf.Ui.servoStudio\Views\Pages\HomePage.xaml.cs(86,13): warning IDE0011: 鍚?鈥渋f鈥?璇彞娣诲姞澶ф嫭鍙枫€?(https://learn.microsoft.com/dotnet/fundamentals/code-analysis/style-rules/ide0011) [C:\UserWorx\VSWorx\ServoStudio\wpfui-servoStudio\samples\Wpf.Ui.servoStudio\servoStudio_wjhet5xd_wpftmp.csproj]
C:\UserWorx\VSWorx\ServoStudio\wpfui-servoStudio\samples\Wpf.Ui.servoStudio\Services\UserSettingsService.cs(200,13): warning IDE0011: 鍚?鈥渋f鈥?璇彞娣诲姞澶ф嫭鍙枫€?(https://learn.microsoft.com/dotnet/fundamentals/code-analysis/style-rules/ide0011) [C:\UserWorx\VSWorx\ServoStudio\wpfui-servoStudio\samples\Wpf.Ui.servoStudio\servoStudio_wjhet5xd_wpftmp.csproj]
C:\UserWorx\VSWorx\ServoStudio\wpfui-servoStudio\samples\Wpf.Ui.servoStudio\Services\UserSettingsService.cs(213,13): warning IDE0011: 鍚?鈥渋f鈥?璇彞娣诲姞澶ф嫭鍙枫€?(https://learn.microsoft.com/dotnet/fundamentals/code-analysis/style-rules/ide0011) [C:\UserWorx\VSWorx\ServoStudio\wpfui-servoStudio\samples\Wpf.Ui.servoStudio\servoStudio_wjhet5xd_wpftmp.csproj]
C:\UserWorx\VSWorx\ServoStudio\wpfui-servoStudio\samples\Wpf.Ui.servoStudio\ViewModels\AppData\AppLogViewModel.cs(196,9): warning IDE0011: 鍚?鈥渋f鈥?璇彞娣诲姞澶ф嫭鍙枫€?(https://learn.microsoft.com/dotnet/fundamentals/code-analysis/style-rules/ide0011) [C:\UserWorx\VSWorx\ServoStudio\wpfui-servoStudio\samples\Wpf.Ui.servoStudio\servoStudio_wjhet5xd_wpftmp.csproj]
C:\UserWorx\VSWorx\ServoStudio\wpfui-servoStudio\samples\Wpf.Ui.servoStudio\Views\Pages\HomePage.xaml.cs(103,9): warning IDE0011: 鍚?鈥渋f鈥?璇彞娣诲姞澶ф嫭鍙枫€?(https://learn.microsoft.com/dotnet/fundamentals/code-analysis/style-rules/ide0011) [C:\UserWorx\VSWorx\ServoStudio\wpfui-servoStudio\samples\Wpf.Ui.servoStudio\servoStudio_wjhet5xd_wpftmp.csproj]
C:\UserWorx\VSWorx\ServoStudio\wpfui-servoStudio\samples\Wpf.Ui.servoStudio\Views\Pages\HomePage.xaml.cs(104,9): warning IDE0011: 鍚?鈥渋f鈥?璇彞娣诲姞澶ф嫭鍙枫€?(https://learn.microsoft.com/dotnet/fundamentals/code-analysis/style-rules/ide0011) [C:\UserWorx\VSWorx\ServoStudio\wpfui-servoStudio\samples\Wpf.Ui.servoStudio\servoStudio_wjhet5xd_wpftmp.csproj]
C:\UserWorx\VSWorx\ServoStudio\wpfui-servoStudio\samples\Wpf.Ui.servoStudio\Views\Pages\HomePage.xaml.cs(111,9): warning IDE0011: 鍚?鈥渋f鈥?璇彞娣诲姞澶ф嫭鍙枫€?(https://learn.microsoft.com/dotnet/fundamentals/code-analysis/style-rules/ide0011) [C:\UserWorx\VSWorx\ServoStudio\wpfui-servoStudio\samples\Wpf.Ui.servoStudio\servoStudio_wjhet5xd_wpftmp.csproj]
C:\UserWorx\VSWorx\ServoStudio\wpfui-servoStudio\samples\Wpf.Ui.servoStudio\Views\Pages\HomePage.xaml.cs(112,9): warning IDE0011: 鍚?鈥渋f鈥?璇彞娣诲姞澶ф嫭鍙枫€?(https://learn.microsoft.com/dotnet/fundamentals/code-analysis/style-rules/ide0011) [C:\UserWorx\VSWorx\ServoStudio\wpfui-servoStudio\samples\Wpf.Ui.servoStudio\servoStudio_wjhet5xd_wpftmp.csproj]
C:\UserWorx\VSWorx\ServoStudio\wpfui-servoStudio\samples\Wpf.Ui.servoStudio\Views\Pages\HomePage.xaml.cs(119,9): warning IDE0011: 鍚?鈥渋f鈥?璇彞娣诲姞澶ф嫭鍙枫€?(https://learn.microsoft.com/dotnet/fundamentals/code-analysis/style-rules/ide0011) [C:\UserWorx\VSWorx\ServoStudio\wpfui-servoStudio\samples\Wpf.Ui.servoStudio\servoStudio_wjhet5xd_wpftmp.csproj]
C:\UserWorx\VSWorx\ServoStudio\wpfui-servoStudio\samples\Wpf.Ui.servoStudio\Views\Pages\HomePage.xaml.cs(130,13): warning IDE0011: 鍚?鈥渋f鈥?璇彞娣诲姞澶ф嫭鍙枫€?(https://learn.microsoft.com/dotnet/fundamentals/code-analysis/style-rules/ide0011) [C:\UserWorx\VSWorx\ServoStudio\wpfui-servoStudio\samples\Wpf.Ui.servoStudio\servoStudio_wjhet5xd_wpftmp.csproj]
C:\UserWorx\VSWorx\ServoStudio\wpfui-servoStudio\samples\Wpf.Ui.servoStudio\Views\Pages\HomePage.xaml.cs(144,9): warning IDE0011: 鍚?鈥渋f鈥?璇彞娣诲姞澶ф嫭鍙枫€?(https://learn.microsoft.com/dotnet/fundamentals/code-analysis/style-rules/ide0011) [C:\UserWorx\VSWorx\ServoStudio\wpfui-servoStudio\samples\Wpf.Ui.servoStudio\servoStudio_wjhet5xd_wpftmp.csproj]
C:\UserWorx\VSWorx\ServoStudio\wpfui-servoStudio\samples\Wpf.Ui.servoStudio\Views\Pages\HomePage.xaml.cs(147,9): warning IDE0011: 鍚?鈥渋f鈥?璇彞娣诲姞澶ф嫭鍙枫€?(https://learn.microsoft.com/dotnet/fundamentals/code-analysis/style-rules/ide0011) [C:\UserWorx\VSWorx\ServoStudio\wpfui-servoStudio\samples\Wpf.Ui.servoStudio\servoStudio_wjhet5xd_wpftmp.csproj]
C:\UserWorx\VSWorx\ServoStudio\wpfui-servoStudio\samples\Wpf.Ui.servoStudio\Services\UsbDeviceWatcher.cs(68,9): warning IDE0011: 鍚?鈥渋f鈥?璇彞娣诲姞澶ф嫭鍙枫€?(https://learn.microsoft.com/dotnet/fundamentals/code-analysis/style-rules/ide0011) [C:\UserWorx\VSWorx\ServoStudio\wpfui-servoStudio\samples\Wpf.Ui.servoStudio\servoStudio_wjhet5xd_wpftmp.csproj]
C:\UserWorx\VSWorx\ServoStudio\wpfui-servoStudio\samples\Wpf.Ui.servoStudio\Services\UsbDeviceWatcher.cs(73,9): warning IDE0011: 鍚?鈥渋f鈥?璇彞娣诲姞澶ф嫭鍙枫€?(https://learn.microsoft.com/dotnet/fundamentals/code-analysis/style-rules/ide0011) [C:\UserWorx\VSWorx\ServoStudio\wpfui-servoStudio\samples\Wpf.Ui.servoStudio\servoStudio_wjhet5xd_wpftmp.csproj]
C:\UserWorx\VSWorx\ServoStudio\wpfui-servoStudio\samples\Wpf.Ui.servoStudio\Services\UsbDeviceWatcher.cs(75,9): warning IDE0011: 鍚?鈥渋f鈥?璇彞娣诲姞澶ф嫭鍙枫€?(https://learn.microsoft.com/dotnet/fundamentals/code-analysis/style-rules/ide0011) [C:\UserWorx\VSWorx\ServoStudio\wpfui-servoStudio\samples\Wpf.Ui.servoStudio\servoStudio_wjhet5xd_wpftmp.csproj]
C:\UserWorx\VSWorx\ServoStudio\wpfui-servoStudio\samples\Wpf.Ui.servoStudio\Services\UsbDeviceWatcher.cs(77,9): warning IDE0011: 鍚?鈥渆lse鈥?璇彞娣诲姞澶ф嫭鍙枫€?(https://learn.microsoft.com/dotnet/fundamentals/code-analysis/style-rules/ide0011) [C:\UserWorx\VSWorx\ServoStudio\wpfui-servoStudio\samples\Wpf.Ui.servoStudio\servoStudio_wjhet5xd_wpftmp.csproj]
C:\UserWorx\VSWorx\ServoStudio\wpfui-servoStudio\samples\Wpf.Ui.servoStudio\Services\UsbDeviceWatcher.cs(72,9): warning IDE0008: 鐢ㄦ樉寮忕被鍨嬩唬鏇?"var" (https://learn.microsoft.com/dotnet/fundamentals/code-analysis/style-rules/ide0008) [C:\UserWorx\VSWorx\ServoStudio\wpfui-servoStudio\samples\Wpf.Ui.servoStudio\servoStudio_wjhet5xd_wpftmp.csproj]
C:\UserWorx\VSWorx\ServoStudio\wpfui-servoStudio\samples\Wpf.Ui.servoStudio\Services\UsbDeviceWatcher.cs(78,13): warning IDE0058: 姘歌繙涓嶄細浣跨敤琛ㄨ揪寮忓€?(https://learn.microsoft.com/dotnet/fundamentals/code-analysis/style-rules/ide0058) [C:\UserWorx\VSWorx\ServoStudio\wpfui-servoStudio\samples\Wpf.Ui.servoStudio\servoStudio_wjhet5xd_wpftmp.csproj]
C:\UserWorx\VSWorx\ServoStudio\wpfui-servoStudio\samples\Wpf.Ui.servoStudio\ViewModels\SettingsViewModel.cs(35,9): warning IDE0008: 鐢ㄦ樉寮忕被鍨嬩唬鏇?"var" (https://learn.microsoft.com/dotnet/fundamentals/code-analysis/style-rules/ide0008) [C:\UserWorx\VSWorx\ServoStudio\wpfui-servoStudio\samples\Wpf.Ui.servoStudio\servoStudio_wjhet5xd_wpftmp.csproj]
C:\UserWorx\VSWorx\ServoStudio\wpfui-servoStudio\samples\Wpf.Ui.servoStudio\ViewModels\AppData\UserConfigViewModel.cs(502,9): warning IDE0011: 鍚?鈥渋f鈥?璇彞娣诲姞澶ф嫭鍙枫€?(https://learn.microsoft.com/dotnet/fundamentals/code-analysis/style-rules/ide0011) [C:\UserWorx\VSWorx\ServoStudio\wpfui-servoStudio\samples\Wpf.Ui.servoStudio\servoStudio_wjhet5xd_wpftmp.csproj]
C:\UserWorx\VSWorx\ServoStudio\wpfui-servoStudio\samples\Wpf.Ui.servoStudio\ViewModels\AppData\UserConfigViewModel.cs(529,9): warning IDE0011: 鍚?鈥渋f鈥?璇彞娣诲姞澶ф嫭鍙枫€?(https://learn.microsoft.com/dotnet/fundamentals/code-analysis/style-rules/ide0011) [C:\UserWorx\VSWorx\ServoStudio\wpfui-servoStudio\samples\Wpf.Ui.servoStudio\servoStudio_wjhet5xd_wpftmp.csproj]
C:\UserWorx\VSWorx\ServoStudio\wpfui-servoStudio\samples\Wpf.Ui.servoStudio\ViewModels\AppData\AppLogViewModel.cs(218,9): warning IDE0011: 鍚?鈥渋f鈥?璇彞娣诲姞澶ф嫭鍙枫€?(https://learn.microsoft.com/dotnet/fundamentals/code-analysis/style-rules/ide0011) [C:\UserWorx\VSWorx\ServoStudio\wpfui-servoStudio\samples\Wpf.Ui.servoStudio\servoStudio_wjhet5xd_wpftmp.csproj]
C:\UserWorx\VSWorx\ServoStudio\wpfui-servoStudio\samples\Wpf.Ui.servoStudio\Services\UsbDeviceWatcher.cs(83,9): warning IDE0011: 鍚?鈥渋f鈥?璇彞娣诲姞澶ф嫭鍙枫€?(https://learn.microsoft.com/dotnet/fundamentals/code-analysis/style-rules/ide0011) [C:\UserWorx\VSWorx\ServoStudio\wpfui-servoStudio\samples\Wpf.Ui.servoStudio\servoStudio_wjhet5xd_wpftmp.csproj]
C:\UserWorx\VSWorx\ServoStudio\wpfui-servoStudio\samples\Wpf.Ui.servoStudio\Services\UsbDeviceWatcher.cs(130,9): warning IDE0011: 鍚?鈥渋f鈥?璇彞娣诲姞澶ф嫭鍙枫€?(https://learn.microsoft.com/dotnet/fundamentals/code-analysis/style-rules/ide0011) [C:\UserWorx\VSWorx\ServoStudio\wpfui-servoStudio\samples\Wpf.Ui.servoStudio\servoStudio_wjhet5xd_wpftmp.csproj]
C:\UserWorx\VSWorx\ServoStudio\wpfui-servoStudio\samples\Wpf.Ui.servoStudio\ViewModels\AppData\AppLogViewModel.cs(285,9): warning IDE0011: 鍚?鈥渋f鈥?璇彞娣诲姞澶ф嫭鍙枫€?(https://learn.microsoft.com/dotnet/fundamentals/code-analysis/style-rules/ide0011) [C:\UserWorx\VSWorx\ServoStudio\wpfui-servoStudio\samples\Wpf.Ui.servoStudio\servoStudio_wjhet5xd_wpftmp.csproj]
C:\UserWorx\VSWorx\ServoStudio\wpfui-servoStudio\samples\Wpf.Ui.servoStudio\ViewModels\AppData\AppLogViewModel.cs(287,9): warning IDE0011: 鍚?鈥渋f鈥?璇彞娣诲姞澶ф嫭鍙枫€?(https://learn.microsoft.com/dotnet/fundamentals/code-analysis/style-rules/ide0011) [C:\UserWorx\VSWorx\ServoStudio\wpfui-servoStudio\samples\Wpf.Ui.servoStudio\servoStudio_wjhet5xd_wpftmp.csproj]
C:\UserWorx\VSWorx\ServoStudio\wpfui-servoStudio\samples\Wpf.Ui.servoStudio\ViewModels\AppData\AppLogViewModel.cs(319,13): warning IDE0011: 鍚?鈥渨hile鈥?璇彞娣诲姞澶ф嫭鍙枫€?(https://learn.microsoft.com/dotnet/fundamentals/code-analysis/style-rules/ide0011) [C:\UserWorx\VSWorx\ServoStudio\wpfui-servoStudio\samples\Wpf.Ui.servoStudio\servoStudio_wjhet5xd_wpftmp.csproj]
C:\UserWorx\VSWorx\ServoStudio\wpfui-servoStudio\samples\Wpf.Ui.servoStudio\Services\RegisterDisableService.cs(60,13): warning IDE0011: 鍚?鈥渋f鈥?璇彞娣诲姞澶ф嫭鍙枫€?(https://learn.microsoft.com/dotnet/fundamentals/code-analysis/style-rules/ide0011) [C:\UserWorx\VSWorx\ServoStudio\wpfui-servoStudio\samples\Wpf.Ui.servoStudio\servoStudio_wjhet5xd_wpftmp.csproj]
C:\UserWorx\VSWorx\ServoStudio\wpfui-servoStudio\samples\Wpf.Ui.servoStudio\Services\RegisterDisableService.cs(73,45): warning IDE0008: 鐢ㄦ樉寮忕被鍨嬩唬鏇?"var" (https://learn.microsoft.com/dotnet/fundamentals/code-analysis/style-rules/ide0008) [C:\UserWorx\VSWorx\ServoStudio\wpfui-servoStudio\samples\Wpf.Ui.servoStudio\servoStudio_wjhet5xd_wpftmp.csproj]
C:\UserWorx\VSWorx\ServoStudio\wpfui-servoStudio\samples\Wpf.Ui.servoStudio\Services\RegisterDisableService.cs(87,9): warning IDE0011: 鍚?鈥渋f鈥?璇彞娣诲姞澶ф嫭鍙枫€?(https://learn.microsoft.com/dotnet/fundamentals/code-analysis/style-rules/ide0011) [C:\UserWorx\VSWorx\ServoStudio\wpfui-servoStudio\samples\Wpf.Ui.servoStudio\servoStudio_wjhet5xd_wpftmp.csproj]
C:\UserWorx\VSWorx\ServoStudio\wpfui-servoStudio\samples\Wpf.Ui.servoStudio\Services\RegisterDisableService.cs(90,9): warning IDE0011: 鍚?鈥渋f鈥?璇彞娣诲姞澶ф嫭鍙枫€?(https://learn.microsoft.com/dotnet/fundamentals/code-analysis/style-rules/ide0011) [C:\UserWorx\VSWorx\ServoStudio\wpfui-servoStudio\samples\Wpf.Ui.servoStudio\servoStudio_wjhet5xd_wpftmp.csproj]
C:\UserWorx\VSWorx\ServoStudio\wpfui-servoStudio\samples\Wpf.Ui.servoStudio\Services\RegisterDisableService.cs(88,9): warning IDE0008: 鐢ㄦ樉寮忕被鍨嬩唬鏇?"var" (https://learn.microsoft.com/dotnet/fundamentals/code-analysis/style-rules/ide0008) [C:\UserWorx\VSWorx\ServoStudio\wpfui-servoStudio\samples\Wpf.Ui.servoStudio\servoStudio_wjhet5xd_wpftmp.csproj]
C:\UserWorx\VSWorx\ServoStudio\wpfui-servoStudio\samples\Wpf.Ui.servoStudio\ViewModels\AppData\AppLogViewModel.cs(380,9): warning IDE0011: 鍚?鈥渋f鈥?璇彞娣诲姞澶ф嫭鍙枫€?(https://learn.microsoft.com/dotnet/fundamentals/code-analysis/style-rules/ide0011) [C:\UserWorx\VSWorx\ServoStudio\wpfui-servoStudio\samples\Wpf.Ui.servoStudio\servoStudio_wjhet5xd_wpftmp.csproj]
C:\UserWorx\VSWorx\ServoStudio\wpfui-servoStudio\samples\Wpf.Ui.servoStudio\ViewModels\AppData\AppLogViewModel.cs(384,9): warning IDE0011: 鍚?鈥渋f鈥?璇彞娣诲姞澶ф嫭鍙枫€?(https://learn.microsoft.com/dotnet/fundamentals/code-analysis/style-rules/ide0011) [C:\UserWorx\VSWorx\ServoStudio\wpfui-servoStudio\samples\Wpf.Ui.servoStudio\servoStudio_wjhet5xd_wpftmp.csproj]
C:\UserWorx\VSWorx\ServoStudio\wpfui-servoStudio\samples\Wpf.Ui.servoStudio\Services\RegisterDisableService.cs(108,9): warning IDE0011: 鍚?鈥渋f鈥?璇彞娣诲姞澶ф嫭鍙枫€?(https://learn.microsoft.com/dotnet/fundamentals/code-analysis/style-rules/ide0011) [C:\UserWorx\VSWorx\ServoStudio\wpfui-servoStudio\samples\Wpf.Ui.servoStudio\servoStudio_wjhet5xd_wpftmp.csproj]
C:\UserWorx\VSWorx\ServoStudio\wpfui-servoStudio\samples\Wpf.Ui.servoStudio\Services\RegisterDisableService.cs(111,13): warning IDE0011: 鍚?鈥渋f鈥?璇彞娣诲姞澶ф嫭鍙枫€?(https://learn.microsoft.com/dotnet/fundamentals/code-analysis/style-rules/ide0011) [C:\UserWorx\VSWorx\ServoStudio\wpfui-servoStudio\samples\Wpf.Ui.servoStudio\servoStudio_wjhet5xd_wpftmp.csproj]
C:\UserWorx\VSWorx\ServoStudio\wpfui-servoStudio\samples\Wpf.Ui.servoStudio\ViewModels\AppData\DataViewViewModel.cs(332,12): warning IDE0055: 淇鏍煎紡 (https://learn.microsoft.com/dotnet/fundamentals/code-analysis/style-rules/ide0055) [C:\UserWorx\VSWorx\ServoStudio\wpfui-servoStudio\samples\Wpf.Ui.servoStudio\servoStudio_wjhet5xd_wpftmp.csproj]
C:\UserWorx\VSWorx\ServoStudio\wpfui-servoStudio\samples\Wpf.Ui.servoStudio\ViewModels\AppData\DataViewViewModel.cs(332,14): warning IDE0055: 淇鏍煎紡 (https://learn.microsoft.com/dotnet/fundamentals/code-analysis/style-rules/ide0055) [C:\UserWorx\VSWorx\ServoStudio\wpfui-servoStudio\samples\Wpf.Ui.servoStudio\servoStudio_wjhet5xd_wpftmp.csproj]
C:\UserWorx\VSWorx\ServoStudio\wpfui-servoStudio\samples\Wpf.Ui.servoStudio\ViewModels\AppData\DataViewViewModel.cs(332,34): warning IDE0055: 淇鏍煎紡 (https://learn.microsoft.com/dotnet/fundamentals/code-analysis/style-rules/ide0055) [C:\UserWorx\VSWorx\ServoStudio\wpfui-servoStudio\samples\Wpf.Ui.servoStudio\servoStudio_wjhet5xd_wpftmp.csproj]
C:\UserWorx\VSWorx\ServoStudio\wpfui-servoStudio\samples\Wpf.Ui.servoStudio\ViewModels\AppData\DataViewViewModel.cs(332,36): warning IDE0055: 淇鏍煎紡 (https://learn.microsoft.com/dotnet/fundamentals/code-analysis/style-rules/ide0055) [C:\UserWorx\VSWorx\ServoStudio\wpfui-servoStudio\samples\Wpf.Ui.servoStudio\servoStudio_wjhet5xd_wpftmp.csproj]
C:\UserWorx\VSWorx\ServoStudio\wpfui-servoStudio\samples\Wpf.Ui.servoStudio\ViewModels\AppData\DataViewViewModel.cs(415,20): warning IDE0055: 淇鏍煎紡 (https://learn.microsoft.com/dotnet/fundamentals/code-analysis/style-rules/ide0055) [C:\UserWorx\VSWorx\ServoStudio\wpfui-servoStudio\samples\Wpf.Ui.servoStudio\servoStudio_wjhet5xd_wpftmp.csproj]
C:\UserWorx\VSWorx\ServoStudio\wpfui-servoStudio\samples\Wpf.Ui.servoStudio\ViewModels\AppData\DataViewViewModel.cs(415,22): warning IDE0055: 淇鏍煎紡 (https://learn.microsoft.com/dotnet/fundamentals/code-analysis/style-rules/ide0055) [C:\UserWorx\VSWorx\ServoStudio\wpfui-servoStudio\samples\Wpf.Ui.servoStudio\servoStudio_wjhet5xd_wpftmp.csproj]
C:\UserWorx\VSWorx\ServoStudio\wpfui-servoStudio\samples\Wpf.Ui.servoStudio\ViewModels\AppData\DataViewViewModel.cs(415,30): warning IDE0055: 淇鏍煎紡 (https://learn.microsoft.com/dotnet/fundamentals/code-analysis/style-rules/ide0055) [C:\UserWorx\VSWorx\ServoStudio\wpfui-servoStudio\samples\Wpf.Ui.servoStudio\servoStudio_wjhet5xd_wpftmp.csproj]
C:\UserWorx\VSWorx\ServoStudio\wpfui-servoStudio\samples\Wpf.Ui.servoStudio\ViewModels\AppData\DataViewViewModel.cs(415,38): warning IDE0055: 淇鏍煎紡 (https://learn.microsoft.com/dotnet/fundamentals/code-analysis/style-rules/ide0055) [C:\UserWorx\VSWorx\ServoStudio\wpfui-servoStudio\samples\Wpf.Ui.servoStudio\servoStudio_wjhet5xd_wpftmp.csproj]
C:\UserWorx\VSWorx\ServoStudio\wpfui-servoStudio\samples\Wpf.Ui.servoStudio\ViewModels\AppData\DataViewViewModel.cs(415,46): warning IDE0055: 淇鏍煎紡 (https://learn.microsoft.com/dotnet/fundamentals/code-analysis/style-rules/ide0055) [C:\UserWorx\VSWorx\ServoStudio\wpfui-servoStudio\samples\Wpf.Ui.servoStudio\servoStudio_wjhet5xd_wpftmp.csproj]
C:\UserWorx\VSWorx\ServoStudio\wpfui-servoStudio\samples\Wpf.Ui.servoStudio\ViewModels\AppData\DataViewViewModel.cs(416,26): warning IDE0055: 淇鏍煎紡 (https://learn.microsoft.com/dotnet/fundamentals/code-analysis/style-rules/ide0055) [C:\UserWorx\VSWorx\ServoStudio\wpfui-servoStudio\samples\Wpf.Ui.servoStudio\servoStudio_wjhet5xd_wpftmp.csproj]
C:\UserWorx\VSWorx\ServoStudio\wpfui-servoStudio\samples\Wpf.Ui.servoStudio\ViewModels\AppData\DataViewViewModel.cs(416,28): warning IDE0055: 淇鏍煎紡 (https://learn.microsoft.com/dotnet/fundamentals/code-analysis/style-rules/ide0055) [C:\UserWorx\VSWorx\ServoStudio\wpfui-servoStudio\samples\Wpf.Ui.servoStudio\servoStudio_wjhet5xd_wpftmp.csproj]
C:\UserWorx\VSWorx\ServoStudio\wpfui-servoStudio\samples\Wpf.Ui.servoStudio\ViewModels\AppData\DataViewViewModel.cs(416,36): warning IDE0055: 淇鏍煎紡 (https://learn.microsoft.com/dotnet/fundamentals/code-analysis/style-rules/ide0055) [C:\UserWorx\VSWorx\ServoStudio\wpfui-servoStudio\samples\Wpf.Ui.servoStudio\servoStudio_wjhet5xd_wpftmp.csproj]
C:\UserWorx\VSWorx\ServoStudio\wpfui-servoStudio\samples\Wpf.Ui.servoStudio\ViewModels\AppData\DataViewViewModel.cs(416,44): warning IDE0055: 淇鏍煎紡 (https://learn.microsoft.com/dotnet/fundamentals/code-analysis/style-rules/ide0055) [C:\UserWorx\VSWorx\ServoStudio\wpfui-servoStudio\samples\Wpf.Ui.servoStudio\servoStudio_wjhet5xd_wpftmp.csproj]
C:\UserWorx\VSWorx\ServoStudio\wpfui-servoStudio\samples\Wpf.Ui.servoStudio\ViewModels\AppData\DataViewViewModel.cs(416,52): warning IDE0055: 淇鏍煎紡 (https://learn.microsoft.com/dotnet/fundamentals/code-analysis/style-rules/ide0055) [C:\UserWorx\VSWorx\ServoStudio\wpfui-servoStudio\samples\Wpf.Ui.servoStudio\servoStudio_wjhet5xd_wpftmp.csproj]
C:\UserWorx\VSWorx\ServoStudio\wpfui-servoStudio\samples\Wpf.Ui.servoStudio\ViewModels\AppData\DataViewViewModel.cs(417,26): warning IDE0055: 淇鏍煎紡 (https://learn.microsoft.com/dotnet/fundamentals/code-analysis/style-rules/ide0055) [C:\UserWorx\VSWorx\ServoStudio\wpfui-servoStudio\samples\Wpf.Ui.servoStudio\servoStudio_wjhet5xd_wpftmp.csproj]
C:\UserWorx\VSWorx\ServoStudio\wpfui-servoStudio\samples\Wpf.Ui.servoStudio\ViewModels\AppData\DataViewViewModel.cs(417,28): warning IDE0055: 淇鏍煎紡 (https://learn.microsoft.com/dotnet/fundamentals/code-analysis/style-rules/ide0055) [C:\UserWorx\VSWorx\ServoStudio\wpfui-servoStudio\samples\Wpf.Ui.servoStudio\servoStudio_wjhet5xd_wpftmp.csproj]
C:\UserWorx\VSWorx\ServoStudio\wpfui-servoStudio\samples\Wpf.Ui.servoStudio\ViewModels\AppData\DataViewViewModel.cs(417,36): warning IDE0055: 淇鏍煎紡 (https://learn.microsoft.com/dotnet/fundamentals/code-analysis/style-rules/ide0055) [C:\UserWorx\VSWorx\ServoStudio\wpfui-servoStudio\samples\Wpf.Ui.servoStudio\servoStudio_wjhet5xd_wpftmp.csproj]
C:\UserWorx\VSWorx\ServoStudio\wpfui-servoStudio\samples\Wpf.Ui.servoStudio\ViewModels\AppData\DataViewViewModel.cs(417,44): warning IDE0055: 淇鏍煎紡 (https://learn.microsoft.com/dotnet/fundamentals/code-analysis/style-rules/ide0055) [C:\UserWorx\VSWorx\ServoStudio\wpfui-servoStudio\samples\Wpf.Ui.servoStudio\servoStudio_wjhet5xd_wpftmp.csproj]
C:\UserWorx\VSWorx\ServoStudio\wpfui-servoStudio\samples\Wpf.Ui.servoStudio\ViewModels\AppData\DataViewViewModel.cs(417,52): warning IDE0055: 淇鏍煎紡 (https://learn.microsoft.com/dotnet/fundamentals/code-analysis/style-rules/ide0055) [C:\UserWorx\VSWorx\ServoStudio\wpfui-servoStudio\samples\Wpf.Ui.servoStudio\servoStudio_wjhet5xd_wpftmp.csproj]
C:\UserWorx\VSWorx\ServoStudio\wpfui-servoStudio\samples\Wpf.Ui.servoStudio\ViewModels\AppData\DataViewViewModel.cs(418,26): warning IDE0055: 淇鏍煎紡 (https://learn.microsoft.com/dotnet/fundamentals/code-analysis/style-rules/ide0055) [C:\UserWorx\VSWorx\ServoStudio\wpfui-servoStudio\samples\Wpf.Ui.servoStudio\servoStudio_wjhet5xd_wpftmp.csproj]
C:\UserWorx\VSWorx\ServoStudio\wpfui-servoStudio\samples\Wpf.Ui.servoStudio\ViewModels\AppData\DataViewViewModel.cs(418,28): warning IDE0055: 淇鏍煎紡 (https://learn.microsoft.com/dotnet/fundamentals/code-analysis/style-rules/ide0055) [C:\UserWorx\VSWorx\ServoStudio\wpfui-servoStudio\samples\Wpf.Ui.servoStudio\servoStudio_wjhet5xd_wpftmp.csproj]
C:\UserWorx\VSWorx\ServoStudio\wpfui-servoStudio\samples\Wpf.Ui.servoStudio\ViewModels\AppData\DataViewViewModel.cs(418,36): warning IDE0055: 淇鏍煎紡 (https://learn.microsoft.com/dotnet/fundamentals/code-analysis/style-rules/ide0055) [C:\UserWorx\VSWorx\ServoStudio\wpfui-servoStudio\samples\Wpf.Ui.servoStudio\servoStudio_wjhet5xd_wpftmp.csproj]
C:\UserWorx\VSWorx\ServoStudio\wpfui-servoStudio\samples\Wpf.Ui.servoStudio\ViewModels\AppData\DataViewViewModel.cs(418,44): warning IDE0055: 淇鏍煎紡 (https://learn.microsoft.com/dotnet/fundamentals/code-analysis/style-rules/ide0055) [C:\UserWorx\VSWorx\ServoStudio\wpfui-servoStudio\samples\Wpf.Ui.servoStudio\servoStudio_wjhet5xd_wpftmp.csproj]
C:\UserWorx\VSWorx\ServoStudio\wpfui-servoStudio\samples\Wpf.Ui.servoStudio\ViewModels\AppData\DataViewViewModel.cs(418,52): warning IDE0055: 淇鏍煎紡 (https://learn.microsoft.com/dotnet/fundamentals/code-analysis/style-rules/ide0055) [C:\UserWorx\VSWorx\ServoStudio\wpfui-servoStudio\samples\Wpf.Ui.servoStudio\servoStudio_wjhet5xd_wpftmp.csproj]
C:\UserWorx\VSWorx\ServoStudio\wpfui-servoStudio\samples\Wpf.Ui.servoStudio\ViewModels\AppData\DataViewViewModel.cs(419,26): warning IDE0055: 淇鏍煎紡 (https://learn.microsoft.com/dotnet/fundamentals/code-analysis/style-rules/ide0055) [C:\UserWorx\VSWorx\ServoStudio\wpfui-servoStudio\samples\Wpf.Ui.servoStudio\servoStudio_wjhet5xd_wpftmp.csproj]
C:\UserWorx\VSWorx\ServoStudio\wpfui-servoStudio\samples\Wpf.Ui.servoStudio\ViewModels\AppData\DataViewViewModel.cs(419,28): warning IDE0055: 淇鏍煎紡 (https://learn.microsoft.com/dotnet/fundamentals/code-analysis/style-rules/ide0055) [C:\UserWorx\VSWorx\ServoStudio\wpfui-servoStudio\samples\Wpf.Ui.servoStudio\servoStudio_wjhet5xd_wpftmp.csproj]
C:\UserWorx\VSWorx\ServoStudio\wpfui-servoStudio\samples\Wpf.Ui.servoStudio\ViewModels\AppData\DataViewViewModel.cs(419,36): warning IDE0055: 淇鏍煎紡 (https://learn.microsoft.com/dotnet/fundamentals/code-analysis/style-rules/ide0055) [C:\UserWorx\VSWorx\ServoStudio\wpfui-servoStudio\samples\Wpf.Ui.servoStudio\servoStudio_wjhet5xd_wpftmp.csproj]
C:\UserWorx\VSWorx\ServoStudio\wpfui-servoStudio\samples\Wpf.Ui.servoStudio\ViewModels\AppData\DataViewViewModel.cs(419,44): warning IDE0055: 淇鏍煎紡 (https://learn.microsoft.com/dotnet/fundamentals/code-analysis/style-rules/ide0055) [C:\UserWorx\VSWorx\ServoStudio\wpfui-servoStudio\samples\Wpf.Ui.servoStudio\servoStudio_wjhet5xd_wpftmp.csproj]
C:\UserWorx\VSWorx\ServoStudio\wpfui-servoStudio\samples\Wpf.Ui.servoStudio\ViewModels\AppData\DataViewViewModel.cs(419,52): warning IDE0055: 淇鏍煎紡 (https://learn.microsoft.com/dotnet/fundamentals/code-analysis/style-rules/ide0055) [C:\UserWorx\VSWorx\ServoStudio\wpfui-servoStudio\samples\Wpf.Ui.servoStudio\servoStudio_wjhet5xd_wpftmp.csproj]
C:\UserWorx\VSWorx\ServoStudio\wpfui-servoStudio\samples\Wpf.Ui.servoStudio\ViewModels\AppData\DataViewViewModel.cs(420,13): warning IDE0055: 淇鏍煎紡 (https://learn.microsoft.com/dotnet/fundamentals/code-analysis/style-rules/ide0055) [C:\UserWorx\VSWorx\ServoStudio\wpfui-servoStudio\samples\Wpf.Ui.servoStudio\servoStudio_wjhet5xd_wpftmp.csproj]
C:\UserWorx\VSWorx\ServoStudio\wpfui-servoStudio\samples\Wpf.Ui.servoStudio\ViewModels\AppData\DataViewViewModel.cs(420,15): warning IDE0055: 淇鏍煎紡 (https://learn.microsoft.com/dotnet/fundamentals/code-analysis/style-rules/ide0055) [C:\UserWorx\VSWorx\ServoStudio\wpfui-servoStudio\samples\Wpf.Ui.servoStudio\servoStudio_wjhet5xd_wpftmp.csproj]
C:\UserWorx\VSWorx\ServoStudio\wpfui-servoStudio\samples\Wpf.Ui.servoStudio\ViewModels\AppData\DataViewViewModel.cs(420,23): warning IDE0055: 淇鏍煎紡 (https://learn.microsoft.com/dotnet/fundamentals/code-analysis/style-rules/ide0055) [C:\UserWorx\VSWorx\ServoStudio\wpfui-servoStudio\samples\Wpf.Ui.servoStudio\servoStudio_wjhet5xd_wpftmp.csproj]
C:\UserWorx\VSWorx\ServoStudio\wpfui-servoStudio\samples\Wpf.Ui.servoStudio\ViewModels\AppData\DataViewViewModel.cs(420,31): warning IDE0055: 淇鏍煎紡 (https://learn.microsoft.com/dotnet/fundamentals/code-analysis/style-rules/ide0055) [C:\UserWorx\VSWorx\ServoStudio\wpfui-servoStudio\samples\Wpf.Ui.servoStudio\servoStudio_wjhet5xd_wpftmp.csproj]
C:\UserWorx\VSWorx\ServoStudio\wpfui-servoStudio\samples\Wpf.Ui.servoStudio\ViewModels\AppData\DataViewViewModel.cs(420,39): warning IDE0055: 淇鏍煎紡 (https://learn.microsoft.com/dotnet/fundamentals/code-analysis/style-rules/ide0055) [C:\UserWorx\VSWorx\ServoStudio\wpfui-servoStudio\samples\Wpf.Ui.servoStudio\servoStudio_wjhet5xd_wpftmp.csproj]
C:\UserWorx\VSWorx\ServoStudio\wpfui-servoStudio\samples\Wpf.Ui.servoStudio\ViewModels\AppData\DataViewViewModel.cs(436,12): warning IDE0055: 淇鏍煎紡 (https://learn.microsoft.com/dotnet/fundamentals/code-analysis/style-rules/ide0055) [C:\UserWorx\VSWorx\ServoStudio\wpfui-servoStudio\samples\Wpf.Ui.servoStudio\servoStudio_wjhet5xd_wpftmp.csproj]
C:\UserWorx\VSWorx\ServoStudio\wpfui-servoStudio\samples\Wpf.Ui.servoStudio\ViewModels\AppData\DataViewViewModel.cs(436,14): warning IDE0055: 淇鏍煎紡 (https://learn.microsoft.com/dotnet/fundamentals/code-analysis/style-rules/ide0055) [C:\UserWorx\VSWorx\ServoStudio\wpfui-servoStudio\samples\Wpf.Ui.servoStudio\servoStudio_wjhet5xd_wpftmp.csproj]
C:\UserWorx\VSWorx\ServoStudio\wpfui-servoStudio\samples\Wpf.Ui.servoStudio\ViewModels\AppData\DataViewViewModel.cs(436,64): warning IDE0055: 淇鏍煎紡 (https://learn.microsoft.com/dotnet/fundamentals/code-analysis/style-rules/ide0055) [C:\UserWorx\VSWorx\ServoStudio\wpfui-servoStudio\samples\Wpf.Ui.servoStudio\servoStudio_wjhet5xd_wpftmp.csproj]
C:\UserWorx\VSWorx\ServoStudio\wpfui-servoStudio\samples\Wpf.Ui.servoStudio\ViewModels\AppData\DataViewViewModel.cs(450,58): warning IDE0055: 淇鏍煎紡 (https://learn.microsoft.com/dotnet/fundamentals/code-analysis/style-rules/ide0055) [C:\UserWorx\VSWorx\ServoStudio\wpfui-servoStudio\samples\Wpf.Ui.servoStudio\servoStudio_wjhet5xd_wpftmp.csproj]
C:\UserWorx\VSWorx\ServoStudio\wpfui-servoStudio\samples\Wpf.Ui.servoStudio\ViewModels\AppData\DataViewViewModel.cs(471,30): warning IDE0055: 淇鏍煎紡 (https://learn.microsoft.com/dotnet/fundamentals/code-analysis/style-rules/ide0055) [C:\UserWorx\VSWorx\ServoStudio\wpfui-servoStudio\samples\Wpf.Ui.servoStudio\servoStudio_wjhet5xd_wpftmp.csproj]
C:\UserWorx\VSWorx\ServoStudio\wpfui-servoStudio\samples\Wpf.Ui.servoStudio\ViewModels\AppData\DataViewViewModel.cs(480,61): warning IDE0055: 淇鏍煎紡 (https://learn.microsoft.com/dotnet/fundamentals/code-analysis/style-rules/ide0055) [C:\UserWorx\VSWorx\ServoStudio\wpfui-servoStudio\samples\Wpf.Ui.servoStudio\servoStudio_wjhet5xd_wpftmp.csproj]
C:\UserWorx\VSWorx\ServoStudio\wpfui-servoStudio\samples\Wpf.Ui.servoStudio\ViewModels\AppData\DataViewViewModel.cs(487,51): warning IDE0055: 淇鏍煎紡 (https://learn.microsoft.com/dotnet/fundamentals/code-analysis/style-rules/ide0055) [C:\UserWorx\VSWorx\ServoStudio\wpfui-servoStudio\samples\Wpf.Ui.servoStudio\servoStudio_wjhet5xd_wpftmp.csproj]
C:\UserWorx\VSWorx\ServoStudio\wpfui-servoStudio\samples\Wpf.Ui.servoStudio\ViewModels\AppData\DataViewViewModel.cs(1540,30): warning IDE0055: 淇鏍煎紡 (https://learn.microsoft.com/dotnet/fundamentals/code-analysis/style-rules/ide0055) [C:\UserWorx\VSWorx\ServoStudio\wpfui-servoStudio\samples\Wpf.Ui.servoStudio\servoStudio_wjhet5xd_wpftmp.csproj]
C:\UserWorx\VSWorx\ServoStudio\wpfui-servoStudio\samples\Wpf.Ui.servoStudio\ViewModels\AppData\DataViewViewModel.cs(1540,32): warning IDE0055: 淇鏍煎紡 (https://learn.microsoft.com/dotnet/fundamentals/code-analysis/style-rules/ide0055) [C:\UserWorx\VSWorx\ServoStudio\wpfui-servoStudio\samples\Wpf.Ui.servoStudio\servoStudio_wjhet5xd_wpftmp.csproj]
C:\UserWorx\VSWorx\ServoStudio\wpfui-servoStudio\samples\Wpf.Ui.servoStudio\ViewModels\AppData\DataViewViewModel.cs(1540,50): warning IDE0055: 淇鏍煎紡 (https://learn.microsoft.com/dotnet/fundamentals/code-analysis/style-rules/ide0055) [C:\UserWorx\VSWorx\ServoStudio\wpfui-servoStudio\samples\Wpf.Ui.servoStudio\servoStudio_wjhet5xd_wpftmp.csproj]
C:\UserWorx\VSWorx\ServoStudio\wpfui-servoStudio\samples\Wpf.Ui.servoStudio\ViewModels\AppData\DataViewViewModel.cs(1541,44): warning IDE0055: 淇鏍煎紡 (https://learn.microsoft.com/dotnet/fundamentals/code-analysis/style-rules/ide0055) [C:\UserWorx\VSWorx\ServoStudio\wpfui-servoStudio\samples\Wpf.Ui.servoStudio\servoStudio_wjhet5xd_wpftmp.csproj]
C:\UserWorx\VSWorx\ServoStudio\wpfui-servoStudio\samples\Wpf.Ui.servoStudio\ViewModels\AppData\DataViewViewModel.cs(1541,46): warning IDE0055: 淇鏍煎紡 (https://learn.microsoft.com/dotnet/fundamentals/code-analysis/style-rules/ide0055) [C:\UserWorx\VSWorx\ServoStudio\wpfui-servoStudio\samples\Wpf.Ui.servoStudio\servoStudio_wjhet5xd_wpftmp.csproj]
C:\UserWorx\VSWorx\ServoStudio\wpfui-servoStudio\samples\Wpf.Ui.servoStudio\ViewModels\AppData\DataViewViewModel.cs(1541,62): warning IDE0055: 淇鏍煎紡 (https://learn.microsoft.com/dotnet/fundamentals/code-analysis/style-rules/ide0055) [C:\UserWorx\VSWorx\ServoStudio\wpfui-servoStudio\samples\Wpf.Ui.servoStudio\servoStudio_wjhet5xd_wpftmp.csproj]
C:\UserWorx\VSWorx\ServoStudio\wpfui-servoStudio\samples\Wpf.Ui.servoStudio\ViewModels\AppData\DataViewViewModel.cs(1546,38): warning IDE0055: 淇鏍煎紡 (https://learn.microsoft.com/dotnet/fundamentals/code-analysis/style-rules/ide0055) [C:\UserWorx\VSWorx\ServoStudio\wpfui-servoStudio\samples\Wpf.Ui.servoStudio\servoStudio_wjhet5xd_wpftmp.csproj]
C:\UserWorx\VSWorx\ServoStudio\wpfui-servoStudio\samples\Wpf.Ui.servoStudio\ViewModels\AppData\DataViewViewModel.cs(1546,40): warning IDE0055: 淇鏍煎紡 (https://learn.microsoft.com/dotnet/fundamentals/code-analysis/style-rules/ide0055) [C:\UserWorx\VSWorx\ServoStudio\wpfui-servoStudio\samples\Wpf.Ui.servoStudio\servoStudio_wjhet5xd_wpftmp.csproj]
C:\UserWorx\VSWorx\ServoStudio\wpfui-servoStudio\samples\Wpf.Ui.servoStudio\ViewModels\AppData\DataViewViewModel.cs(1546,100): warning IDE0055: 淇鏍煎紡 (https://learn.microsoft.com/dotnet/fundamentals/code-analysis/style-rules/ide0055) [C:\UserWorx\VSWorx\ServoStudio\wpfui-servoStudio\samples\Wpf.Ui.servoStudio\servoStudio_wjhet5xd_wpftmp.csproj]
C:\UserWorx\VSWorx\ServoStudio\wpfui-servoStudio\samples\Wpf.Ui.servoStudio\ViewModels\AppData\DataViewViewModel.cs(1559,27): warning IDE0055: 淇鏍煎紡 (https://learn.microsoft.com/dotnet/fundamentals/code-analysis/style-rules/ide0055) [C:\UserWorx\VSWorx\ServoStudio\wpfui-servoStudio\samples\Wpf.Ui.servoStudio\servoStudio_wjhet5xd_wpftmp.csproj]
C:\UserWorx\VSWorx\ServoStudio\wpfui-servoStudio\samples\Wpf.Ui.servoStudio\ViewModels\AppData\DataViewViewModel.cs(1559,29): warning IDE0055: 淇鏍煎紡 (https://learn.microsoft.com/dotnet/fundamentals/code-analysis/style-rules/ide0055) [C:\UserWorx\VSWorx\ServoStudio\wpfui-servoStudio\samples\Wpf.Ui.servoStudio\servoStudio_wjhet5xd_wpftmp.csproj]
C:\UserWorx\VSWorx\ServoStudio\wpfui-servoStudio\samples\Wpf.Ui.servoStudio\ViewModels\AppData\DataViewViewModel.cs(1559,47): warning IDE0055: 淇鏍煎紡 (https://learn.microsoft.com/dotnet/fundamentals/code-analysis/style-rules/ide0055) [C:\UserWorx\VSWorx\ServoStudio\wpfui-servoStudio\samples\Wpf.Ui.servoStudio\servoStudio_wjhet5xd_wpftmp.csproj]
C:\UserWorx\VSWorx\ServoStudio\wpfui-servoStudio\samples\Wpf.Ui.servoStudio\ViewModels\AppData\DataViewViewModel.cs(1784,12): warning IDE0055: 淇鏍煎紡 (https://learn.microsoft.com/dotnet/fundamentals/code-analysis/style-rules/ide0055) [C:\UserWorx\VSWorx\ServoStudio\wpfui-servoStudio\samples\Wpf.Ui.servoStudio\servoStudio_wjhet5xd_wpftmp.csproj]
C:\UserWorx\VSWorx\ServoStudio\wpfui-servoStudio\samples\Wpf.Ui.servoStudio\ViewModels\AppData\DataViewViewModel.cs(1784,14): warning IDE0055: 淇鏍煎紡 (https://learn.microsoft.com/dotnet/fundamentals/code-analysis/style-rules/ide0055) [C:\UserWorx\VSWorx\ServoStudio\wpfui-servoStudio\samples\Wpf.Ui.servoStudio\servoStudio_wjhet5xd_wpftmp.csproj]
C:\UserWorx\VSWorx\ServoStudio\wpfui-servoStudio\samples\Wpf.Ui.servoStudio\ViewModels\AppData\DataViewViewModel.cs(1784,42): warning IDE0055: 淇鏍煎紡 (https://learn.microsoft.com/dotnet/fundamentals/code-analysis/style-rules/ide0055) [C:\UserWorx\VSWorx\ServoStudio\wpfui-servoStudio\samples\Wpf.Ui.servoStudio\servoStudio_wjhet5xd_wpftmp.csproj]
C:\UserWorx\VSWorx\ServoStudio\wpfui-servoStudio\samples\Wpf.Ui.servoStudio\ViewModels\AppData\DataViewViewModel.cs(1784,44): warning IDE0055: 淇鏍煎紡 (https://learn.microsoft.com/dotnet/fundamentals/code-analysis/style-rules/ide0055) [C:\UserWorx\VSWorx\ServoStudio\wpfui-servoStudio\samples\Wpf.Ui.servoStudio\servoStudio_wjhet5xd_wpftmp.csproj]
C:\UserWorx\VSWorx\ServoStudio\wpfui-servoStudio\samples\Wpf.Ui.servoStudio\ViewModels\AppData\DataViewViewModel.cs(2158,32): warning IDE0055: 淇鏍煎紡 (https://learn.microsoft.com/dotnet/fundamentals/code-analysis/style-rules/ide0055) [C:\UserWorx\VSWorx\ServoStudio\wpfui-servoStudio\samples\Wpf.Ui.servoStudio\servoStudio_wjhet5xd_wpftmp.csproj]
C:\UserWorx\VSWorx\ServoStudio\wpfui-servoStudio\samples\Wpf.Ui.servoStudio\ViewModels\AppData\DataViewViewModel.cs(2158,34): warning IDE0055: 淇鏍煎紡 (https://learn.microsoft.com/dotnet/fundamentals/code-analysis/style-rules/ide0055) [C:\UserWorx\VSWorx\ServoStudio\wpfui-servoStudio\samples\Wpf.Ui.servoStudio\servoStudio_wjhet5xd_wpftmp.csproj]
C:\UserWorx\VSWorx\ServoStudio\wpfui-servoStudio\samples\Wpf.Ui.servoStudio\ViewModels\AppData\DataViewViewModel.cs(2158,44): warning IDE0055: 淇鏍煎紡 (https://learn.microsoft.com/dotnet/fundamentals/code-analysis/style-rules/ide0055) [C:\UserWorx\VSWorx\ServoStudio\wpfui-servoStudio\samples\Wpf.Ui.servoStudio\servoStudio_wjhet5xd_wpftmp.csproj]
C:\UserWorx\VSWorx\ServoStudio\wpfui-servoStudio\samples\Wpf.Ui.servoStudio\ViewModels\AppData\DataViewViewModel.cs(2164,30): warning IDE0055: 淇鏍煎紡 (https://learn.microsoft.com/dotnet/fundamentals/code-analysis/style-rules/ide0055) [C:\UserWorx\VSWorx\ServoStudio\wpfui-servoStudio\samples\Wpf.Ui.servoStudio\servoStudio_wjhet5xd_wpftmp.csproj]
C:\UserWorx\VSWorx\ServoStudio\wpfui-servoStudio\samples\Wpf.Ui.servoStudio\ViewModels\AppData\DataViewViewModel.cs(2164,32): warning IDE0055: 淇鏍煎紡 (https://learn.microsoft.com/dotnet/fundamentals/code-analysis/style-rules/ide0055) [C:\UserWorx\VSWorx\ServoStudio\wpfui-servoStudio\samples\Wpf.Ui.servoStudio\servoStudio_wjhet5xd_wpftmp.csproj]
C:\UserWorx\VSWorx\ServoStudio\wpfui-servoStudio\samples\Wpf.Ui.servoStudio\ViewModels\AppData\DataViewViewModel.cs(2164,42): warning IDE0055: 淇鏍煎紡 (https://learn.microsoft.com/dotnet/fundamentals/code-analysis/style-rules/ide0055) [C:\UserWorx\VSWorx\ServoStudio\wpfui-servoStudio\samples\Wpf.Ui.servoStudio\servoStudio_wjhet5xd_wpftmp.csproj]
C:\UserWorx\VSWorx\ServoStudio\wpfui-servoStudio\samples\Wpf.Ui.servoStudio\ViewModels\AppData\DataViewViewModel.cs(420,40): warning IDE2003: 鍧椾笌鍚庣画璇彞涔嬮棿闇€瑕佹湁绌虹櫧琛?(https://learn.microsoft.com/dotnet/fundamentals/code-analysis/style-rules/ide2003) [C:\UserWorx\VSWorx\ServoStudio\wpfui-servoStudio\samples\Wpf.Ui.servoStudio\servoStudio_wjhet5xd_wpftmp.csproj]
C:\UserWorx\VSWorx\ServoStudio\wpfui-servoStudio\samples\Wpf.Ui.servoStudio\Services\PageUsageTracker.cs(125,9): warning IDE0011: 鍚?鈥渋f鈥?璇彞娣诲姞澶ф嫭鍙枫€?(https://learn.microsoft.com/dotnet/fundamentals/code-analysis/style-rules/ide0011) [C:\UserWorx\VSWorx\ServoStudio\wpfui-servoStudio\samples\Wpf.Ui.servoStudio\servoStudio_wjhet5xd_wpftmp.csproj]
C:\UserWorx\VSWorx\ServoStudio\wpfui-servoStudio\samples\Wpf.Ui.servoStudio\ViewModels\AppData\DataViewViewModel.cs(457,17): warning IDE2003: 鍧椾笌鍚庣画璇彞涔嬮棿闇€瑕佹湁绌虹櫧琛?(https://learn.microsoft.com/dotnet/fundamentals/code-analysis/style-rules/ide2003) [C:\UserWorx\VSWorx\ServoStudio\wpfui-servoStudio\samples\Wpf.Ui.servoStudio\servoStudio_wjhet5xd_wpftmp.csproj]
C:\UserWorx\VSWorx\ServoStudio\wpfui-servoStudio\samples\Wpf.Ui.servoStudio\ViewModels\AppData\DataViewViewModel.cs(500,13): warning IDE2003: 鍧椾笌鍚庣画璇彞涔嬮棿闇€瑕佹湁绌虹櫧琛?(https://learn.microsoft.com/dotnet/fundamentals/code-analysis/style-rules/ide2003) [C:\UserWorx\VSWorx\ServoStudio\wpfui-servoStudio\samples\Wpf.Ui.servoStudio\servoStudio_wjhet5xd_wpftmp.csproj]
C:\UserWorx\VSWorx\ServoStudio\wpfui-servoStudio\samples\Wpf.Ui.servoStudio\ViewModels\AppData\DataViewViewModel.cs(533,13): warning IDE2003: 鍧椾笌鍚庣画璇彞涔嬮棿闇€瑕佹湁绌虹櫧琛?(https://learn.microsoft.com/dotnet/fundamentals/code-analysis/style-rules/ide2003) [C:\UserWorx\VSWorx\ServoStudio\wpfui-servoStudio\samples\Wpf.Ui.servoStudio\servoStudio_wjhet5xd_wpftmp.csproj]
C:\UserWorx\VSWorx\ServoStudio\wpfui-servoStudio\samples\Wpf.Ui.servoStudio\ViewModels\AppData\DataViewViewModel.cs(584,17): warning IDE2003: 鍧椾笌鍚庣画璇彞涔嬮棿闇€瑕佹湁绌虹櫧琛?(https://learn.microsoft.com/dotnet/fundamentals/code-analysis/style-rules/ide2003) [C:\UserWorx\VSWorx\ServoStudio\wpfui-servoStudio\samples\Wpf.Ui.servoStudio\servoStudio_wjhet5xd_wpftmp.csproj]
C:\UserWorx\VSWorx\ServoStudio\wpfui-servoStudio\samples\Wpf.Ui.servoStudio\ViewModels\AppData\DataViewViewModel.cs(661,13): warning IDE2003: 鍧椾笌鍚庣画璇彞涔嬮棿闇€瑕佹湁绌虹櫧琛?(https://learn.microsoft.com/dotnet/fundamentals/code-analysis/style-rules/ide2003) [C:\UserWorx\VSWorx\ServoStudio\wpfui-servoStudio\samples\Wpf.Ui.servoStudio\servoStudio_wjhet5xd_wpftmp.csproj]
C:\UserWorx\VSWorx\ServoStudio\wpfui-servoStudio\samples\Wpf.Ui.servoStudio\ViewModels\AppData\DataViewViewModel.cs(703,13): warning IDE2003: 鍧椾笌鍚庣画璇彞涔嬮棿闇€瑕佹湁绌虹櫧琛?(https://learn.microsoft.com/dotnet/fundamentals/code-analysis/style-rules/ide2003) [C:\UserWorx\VSWorx\ServoStudio\wpfui-servoStudio\samples\Wpf.Ui.servoStudio\servoStudio_wjhet5xd_wpftmp.csproj]
C:\UserWorx\VSWorx\ServoStudio\wpfui-servoStudio\samples\Wpf.Ui.servoStudio\ViewModels\AppData\DataViewViewModel.cs(697,17): warning IDE2003: 鍧椾笌鍚庣画璇彞涔嬮棿闇€瑕佹湁绌虹櫧琛?(https://learn.microsoft.com/dotnet/fundamentals/code-analysis/style-rules/ide2003) [C:\UserWorx\VSWorx\ServoStudio\wpfui-servoStudio\samples\Wpf.Ui.servoStudio\servoStudio_wjhet5xd_wpftmp.csproj]
C:\UserWorx\VSWorx\ServoStudio\wpfui-servoStudio\samples\Wpf.Ui.servoStudio\ViewModels\AppData\DataViewViewModel.cs(701,17): warning IDE2003: 鍧椾笌鍚庣画璇彞涔嬮棿闇€瑕佹湁绌虹櫧琛?(https://learn.microsoft.com/dotnet/fundamentals/code-analysis/style-rules/ide2003) [C:\UserWorx\VSWorx\ServoStudio\wpfui-servoStudio\samples\Wpf.Ui.servoStudio\servoStudio_wjhet5xd_wpftmp.csproj]
C:\UserWorx\VSWorx\ServoStudio\wpfui-servoStudio\samples\Wpf.Ui.servoStudio\ViewModels\AppData\DataViewViewModel.cs(915,21): warning IDE2003: 鍧椾笌鍚庣画璇彞涔嬮棿闇€瑕佹湁绌虹櫧琛?(https://learn.microsoft.com/dotnet/fundamentals/code-analysis/style-rules/ide2003) [C:\UserWorx\VSWorx\ServoStudio\wpfui-servoStudio\samples\Wpf.Ui.servoStudio\servoStudio_wjhet5xd_wpftmp.csproj]
C:\UserWorx\VSWorx\ServoStudio\wpfui-servoStudio\samples\Wpf.Ui.servoStudio\ViewModels\AppData\DataViewViewModel.cs(946,21): warning IDE2003: 鍧椾笌鍚庣画璇彞涔嬮棿闇€瑕佹湁绌虹櫧琛?(https://learn.microsoft.com/dotnet/fundamentals/code-analysis/style-rules/ide2003) [C:\UserWorx\VSWorx\ServoStudio\wpfui-servoStudio\samples\Wpf.Ui.servoStudio\servoStudio_wjhet5xd_wpftmp.csproj]
C:\UserWorx\VSWorx\ServoStudio\wpfui-servoStudio\samples\Wpf.Ui.servoStudio\ViewModels\AppData\DataViewViewModel.cs(985,9): warning IDE2003: 鍧椾笌鍚庣画璇彞涔嬮棿闇€瑕佹湁绌虹櫧琛?(https://learn.microsoft.com/dotnet/fundamentals/code-analysis/style-rules/ide2003) [C:\UserWorx\VSWorx\ServoStudio\wpfui-servoStudio\samples\Wpf.Ui.servoStudio\servoStudio_wjhet5xd_wpftmp.csproj]
C:\UserWorx\VSWorx\ServoStudio\wpfui-servoStudio\samples\Wpf.Ui.servoStudio\ViewModels\AppData\DataViewViewModel.cs(1097,13): warning IDE2003: 鍧椾笌鍚庣画璇彞涔嬮棿闇€瑕佹湁绌虹櫧琛?(https://learn.microsoft.com/dotnet/fundamentals/code-analysis/style-rules/ide2003) [C:\UserWorx\VSWorx\ServoStudio\wpfui-servoStudio\samples\Wpf.Ui.servoStudio\servoStudio_wjhet5xd_wpftmp.csproj]
C:\UserWorx\VSWorx\ServoStudio\wpfui-servoStudio\samples\Wpf.Ui.servoStudio\ViewModels\Motion\MultiStepProfileViewModel.cs(58,49): warning IDE0011: 鍚?鈥渋f鈥?璇彞娣诲姞澶ф嫭鍙枫€?(https://learn.microsoft.com/dotnet/fundamentals/code-analysis/style-rules/ide0011) [C:\UserWorx\VSWorx\ServoStudio\wpfui-servoStudio\samples\Wpf.Ui.servoStudio\servoStudio_wjhet5xd_wpftmp.csproj]
C:\UserWorx\VSWorx\ServoStudio\wpfui-servoStudio\samples\Wpf.Ui.servoStudio\ViewModels\AppData\DataViewViewModel.cs(1135,9): warning IDE2003: 鍧椾笌鍚庣画璇彞涔嬮棿闇€瑕佹湁绌虹櫧琛?(https://learn.microsoft.com/dotnet/fundamentals/code-analysis/style-rules/ide2003) [C:\UserWorx\VSWorx\ServoStudio\wpfui-servoStudio\samples\Wpf.Ui.servoStudio\servoStudio_wjhet5xd_wpftmp.csproj]
C:\UserWorx\VSWorx\ServoStudio\wpfui-servoStudio\samples\Wpf.Ui.servoStudio\ViewModels\Motion\MultiStepProfileViewModel.cs(59,48): warning IDE0011: 鍚?鈥渋f鈥?璇彞娣诲姞澶ф嫭鍙枫€?(https://learn.microsoft.com/dotnet/fundamentals/code-analysis/style-rules/ide0011) [C:\UserWorx\VSWorx\ServoStudio\wpfui-servoStudio\samples\Wpf.Ui.servoStudio\servoStudio_wjhet5xd_wpftmp.csproj]
C:\UserWorx\VSWorx\ServoStudio\wpfui-servoStudio\samples\Wpf.Ui.servoStudio\ViewModels\AppData\DataViewViewModel.cs(1233,9): warning IDE2003: 鍧椾笌鍚庣画璇彞涔嬮棿闇€瑕佹湁绌虹櫧琛?(https://learn.microsoft.com/dotnet/fundamentals/code-analysis/style-rules/ide2003) [C:\UserWorx\VSWorx\ServoStudio\wpfui-servoStudio\samples\Wpf.Ui.servoStudio\servoStudio_wjhet5xd_wpftmp.csproj]
C:\UserWorx\VSWorx\ServoStudio\wpfui-servoStudio\samples\Wpf.Ui.servoStudio\ViewModels\AppData\DataViewViewModel.cs(1271,9): warning IDE2003: 鍧椾笌鍚庣画璇彞涔嬮棿闇€瑕佹湁绌虹櫧琛?(https://learn.microsoft.com/dotnet/fundamentals/code-analysis/style-rules/ide2003) [C:\UserWorx\VSWorx\ServoStudio\wpfui-servoStudio\samples\Wpf.Ui.servoStudio\servoStudio_wjhet5xd_wpftmp.csproj]
C:\UserWorx\VSWorx\ServoStudio\wpfui-servoStudio\samples\Wpf.Ui.servoStudio\ViewModels\AppData\DataViewViewModel.cs(1426,9): warning IDE2003: 鍧椾笌鍚庣画璇彞涔嬮棿闇€瑕佹湁绌虹櫧琛?(https://learn.microsoft.com/dotnet/fundamentals/code-analysis/style-rules/ide2003) [C:\UserWorx\VSWorx\ServoStudio\wpfui-servoStudio\samples\Wpf.Ui.servoStudio\servoStudio_wjhet5xd_wpftmp.csproj]
C:\UserWorx\VSWorx\ServoStudio\wpfui-servoStudio\samples\Wpf.Ui.servoStudio\ViewModels\AppData\DataViewViewModel.cs(1559,48): warning IDE2003: 鍧椾笌鍚庣画璇彞涔嬮棿闇€瑕佹湁绌虹櫧琛?(https://learn.microsoft.com/dotnet/fundamentals/code-analysis/style-rules/ide2003) [C:\UserWorx\VSWorx\ServoStudio\wpfui-servoStudio\samples\Wpf.Ui.servoStudio\servoStudio_wjhet5xd_wpftmp.csproj]
C:\UserWorx\VSWorx\ServoStudio\wpfui-servoStudio\samples\Wpf.Ui.servoStudio\ViewModels\AppData\DataViewViewModel.cs(1689,13): warning IDE2003: 鍧椾笌鍚庣画璇彞涔嬮棿闇€瑕佹湁绌虹櫧琛?(https://learn.microsoft.com/dotnet/fundamentals/code-analysis/style-rules/ide2003) [C:\UserWorx\VSWorx\ServoStudio\wpfui-servoStudio\samples\Wpf.Ui.servoStudio\servoStudio_wjhet5xd_wpftmp.csproj]
C:\UserWorx\VSWorx\ServoStudio\wpfui-servoStudio\samples\Wpf.Ui.servoStudio\ViewModels\AppData\DataViewViewModel.cs(1717,9): warning IDE2003: 鍧椾笌鍚庣画璇彞涔嬮棿闇€瑕佹湁绌虹櫧琛?(https://learn.microsoft.com/dotnet/fundamentals/code-analysis/style-rules/ide2003) [C:\UserWorx\VSWorx\ServoStudio\wpfui-servoStudio\samples\Wpf.Ui.servoStudio\servoStudio_wjhet5xd_wpftmp.csproj]
C:\UserWorx\VSWorx\ServoStudio\wpfui-servoStudio\samples\Wpf.Ui.servoStudio\ViewModels\AppData\DataViewViewModel.cs(1722,9): warning IDE2003: 鍧椾笌鍚庣画璇彞涔嬮棿闇€瑕佹湁绌虹櫧琛?(https://learn.microsoft.com/dotnet/fundamentals/code-analysis/style-rules/ide2003) [C:\UserWorx\VSWorx\ServoStudio\wpfui-servoStudio\samples\Wpf.Ui.servoStudio\servoStudio_wjhet5xd_wpftmp.csproj]
C:\UserWorx\VSWorx\ServoStudio\wpfui-servoStudio\samples\Wpf.Ui.servoStudio\ViewModels\AppData\DataViewViewModel.cs(1738,9): warning IDE2003: 鍧椾笌鍚庣画璇彞涔嬮棿闇€瑕佹湁绌虹櫧琛?(https://learn.microsoft.com/dotnet/fundamentals/code-analysis/style-rules/ide2003) [C:\UserWorx\VSWorx\ServoStudio\wpfui-servoStudio\samples\Wpf.Ui.servoStudio\servoStudio_wjhet5xd_wpftmp.csproj]
C:\UserWorx\VSWorx\ServoStudio\wpfui-servoStudio\samples\Wpf.Ui.servoStudio\ViewModels\AppData\DataViewViewModel.cs(1772,9): warning IDE2003: 鍧椾笌鍚庣画璇彞涔嬮棿闇€瑕佹湁绌虹櫧琛?(https://learn.microsoft.com/dotnet/fundamentals/code-analysis/style-rules/ide2003) [C:\UserWorx\VSWorx\ServoStudio\wpfui-servoStudio\samples\Wpf.Ui.servoStudio\servoStudio_wjhet5xd_wpftmp.csproj]
C:\UserWorx\VSWorx\ServoStudio\wpfui-servoStudio\samples\Wpf.Ui.servoStudio\ViewModels\AppData\DataViewViewModel.cs(1781,9): warning IDE2003: 鍧椾笌鍚庣画璇彞涔嬮棿闇€瑕佹湁绌虹櫧琛?(https://learn.microsoft.com/dotnet/fundamentals/code-analysis/style-rules/ide2003) [C:\UserWorx\VSWorx\ServoStudio\wpfui-servoStudio\samples\Wpf.Ui.servoStudio\servoStudio_wjhet5xd_wpftmp.csproj]
C:\UserWorx\VSWorx\ServoStudio\wpfui-servoStudio\samples\Wpf.Ui.servoStudio\ViewModels\AppData\DataViewViewModel.cs(1784,66): warning IDE2003: 鍧椾笌鍚庣画璇彞涔嬮棿闇€瑕佹湁绌虹櫧琛?(https://learn.microsoft.com/dotnet/fundamentals/code-analysis/style-rules/ide2003) [C:\UserWorx\VSWorx\ServoStudio\wpfui-servoStudio\samples\Wpf.Ui.servoStudio\servoStudio_wjhet5xd_wpftmp.csproj]
C:\UserWorx\VSWorx\ServoStudio\wpfui-servoStudio\samples\Wpf.Ui.servoStudio\ViewModels\AppData\DataViewViewModel.cs(1801,9): warning IDE2003: 鍧椾笌鍚庣画璇彞涔嬮棿闇€瑕佹湁绌虹櫧琛?(https://learn.microsoft.com/dotnet/fundamentals/code-analysis/style-rules/ide2003) [C:\UserWorx\VSWorx\ServoStudio\wpfui-servoStudio\samples\Wpf.Ui.servoStudio\servoStudio_wjhet5xd_wpftmp.csproj]
C:\UserWorx\VSWorx\ServoStudio\wpfui-servoStudio\samples\Wpf.Ui.servoStudio\ViewModels\AppData\DataViewViewModel.cs(1830,9): warning IDE2003: 鍧椾笌鍚庣画璇彞涔嬮棿闇€瑕佹湁绌虹櫧琛?(https://learn.microsoft.com/dotnet/fundamentals/code-analysis/style-rules/ide2003) [C:\UserWorx\VSWorx\ServoStudio\wpfui-servoStudio\samples\Wpf.Ui.servoStudio\servoStudio_wjhet5xd_wpftmp.csproj]
C:\UserWorx\VSWorx\ServoStudio\wpfui-servoStudio\samples\Wpf.Ui.servoStudio\ViewModels\AppData\DataViewViewModel.cs(1817,13): warning IDE2003: 鍧椾笌鍚庣画璇彞涔嬮棿闇€瑕佹湁绌虹櫧琛?(https://learn.microsoft.com/dotnet/fundamentals/code-analysis/style-rules/ide2003) [C:\UserWorx\VSWorx\ServoStudio\wpfui-servoStudio\samples\Wpf.Ui.servoStudio\servoStudio_wjhet5xd_wpftmp.csproj]
C:\UserWorx\VSWorx\ServoStudio\wpfui-servoStudio\samples\Wpf.Ui.servoStudio\ViewModels\AppData\DataViewViewModel.cs(1823,13): warning IDE2003: 鍧椾笌鍚庣画璇彞涔嬮棿闇€瑕佹湁绌虹櫧琛?(https://learn.microsoft.com/dotnet/fundamentals/code-analysis/style-rules/ide2003) [C:\UserWorx\VSWorx\ServoStudio\wpfui-servoStudio\samples\Wpf.Ui.servoStudio\servoStudio_wjhet5xd_wpftmp.csproj]
C:\UserWorx\VSWorx\ServoStudio\wpfui-servoStudio\samples\Wpf.Ui.servoStudio\ViewModels\AppData\DataViewViewModel.cs(1828,13): warning IDE2003: 鍧椾笌鍚庣画璇彞涔嬮棿闇€瑕佹湁绌虹櫧琛?(https://learn.microsoft.com/dotnet/fundamentals/code-analysis/style-rules/ide2003) [C:\UserWorx\VSWorx\ServoStudio\wpfui-servoStudio\samples\Wpf.Ui.servoStudio\servoStudio_wjhet5xd_wpftmp.csproj]
C:\UserWorx\VSWorx\ServoStudio\wpfui-servoStudio\samples\Wpf.Ui.servoStudio\ViewModels\AppData\DataViewViewModel.cs(1891,17): warning IDE2003: 鍧椾笌鍚庣画璇彞涔嬮棿闇€瑕佹湁绌虹櫧琛?(https://learn.microsoft.com/dotnet/fundamentals/code-analysis/style-rules/ide2003) [C:\UserWorx\VSWorx\ServoStudio\wpfui-servoStudio\samples\Wpf.Ui.servoStudio\servoStudio_wjhet5xd_wpftmp.csproj]
C:\UserWorx\VSWorx\ServoStudio\wpfui-servoStudio\samples\Wpf.Ui.servoStudio\ViewModels\AppData\DataViewViewModel.cs(1883,21): warning IDE2003: 鍧椾笌鍚庣画璇彞涔嬮棿闇€瑕佹湁绌虹櫧琛?(https://learn.microsoft.com/dotnet/fundamentals/code-analysis/style-rules/ide2003) [C:\UserWorx\VSWorx\ServoStudio\wpfui-servoStudio\samples\Wpf.Ui.servoStudio\servoStudio_wjhet5xd_wpftmp.csproj]
C:\UserWorx\VSWorx\ServoStudio\wpfui-servoStudio\samples\Wpf.Ui.servoStudio\ViewModels\AppData\DataViewViewModel.cs(1919,17): warning IDE2003: 鍧椾笌鍚庣画璇彞涔嬮棿闇€瑕佹湁绌虹櫧琛?(https://learn.microsoft.com/dotnet/fundamentals/code-analysis/style-rules/ide2003) [C:\UserWorx\VSWorx\ServoStudio\wpfui-servoStudio\samples\Wpf.Ui.servoStudio\servoStudio_wjhet5xd_wpftmp.csproj]
C:\UserWorx\VSWorx\ServoStudio\wpfui-servoStudio\samples\Wpf.Ui.servoStudio\ViewModels\AppData\DataViewViewModel.cs(1902,21): warning IDE2003: 鍧椾笌鍚庣画璇彞涔嬮棿闇€瑕佹湁绌虹櫧琛?(https://learn.microsoft.com/dotnet/fundamentals/code-analysis/style-rules/ide2003) [C:\UserWorx\VSWorx\ServoStudio\wpfui-servoStudio\samples\Wpf.Ui.servoStudio\servoStudio_wjhet5xd_wpftmp.csproj]
C:\UserWorx\VSWorx\ServoStudio\wpfui-servoStudio\samples\Wpf.Ui.servoStudio\ViewModels\AppData\DataViewViewModel.cs(1936,9): warning IDE2003: 鍧椾笌鍚庣画璇彞涔嬮棿闇€瑕佹湁绌虹櫧琛?(https://learn.microsoft.com/dotnet/fundamentals/code-analysis/style-rules/ide2003) [C:\UserWorx\VSWorx\ServoStudio\wpfui-servoStudio\samples\Wpf.Ui.servoStudio\servoStudio_wjhet5xd_wpftmp.csproj]
C:\UserWorx\VSWorx\ServoStudio\wpfui-servoStudio\samples\Wpf.Ui.servoStudio\ViewModels\AppData\DataViewViewModel.cs(1993,17): warning IDE2003: 鍧椾笌鍚庣画璇彞涔嬮棿闇€瑕佹湁绌虹櫧琛?(https://learn.microsoft.com/dotnet/fundamentals/code-analysis/style-rules/ide2003) [C:\UserWorx\VSWorx\ServoStudio\wpfui-servoStudio\samples\Wpf.Ui.servoStudio\servoStudio_wjhet5xd_wpftmp.csproj]
C:\UserWorx\VSWorx\ServoStudio\wpfui-servoStudio\samples\Wpf.Ui.servoStudio\ViewModels\AppData\DataViewViewModel.cs(2017,9): warning IDE2003: 鍧椾笌鍚庣画璇彞涔嬮棿闇€瑕佹湁绌虹櫧琛?(https://learn.microsoft.com/dotnet/fundamentals/code-analysis/style-rules/ide2003) [C:\UserWorx\VSWorx\ServoStudio\wpfui-servoStudio\samples\Wpf.Ui.servoStudio\servoStudio_wjhet5xd_wpftmp.csproj]
C:\UserWorx\VSWorx\ServoStudio\wpfui-servoStudio\samples\Wpf.Ui.servoStudio\ViewModels\Hardware\StoConfigViewModel.cs(108,9): warning IDE0011: 鍚?鈥渋f鈥?璇彞娣诲姞澶ф嫭鍙枫€?(https://learn.microsoft.com/dotnet/fundamentals/code-analysis/style-rules/ide0011) [C:\UserWorx\VSWorx\ServoStudio\wpfui-servoStudio\samples\Wpf.Ui.servoStudio\servoStudio_wjhet5xd_wpftmp.csproj]
C:\UserWorx\VSWorx\ServoStudio\wpfui-servoStudio\samples\Wpf.Ui.servoStudio\ViewModels\Hardware\StoConfigViewModel.cs(109,9): warning IDE0011: 鍚?鈥渋f鈥?璇彞娣诲姞澶ф嫭鍙枫€?(https://learn.microsoft.com/dotnet/fundamentals/code-analysis/style-rules/ide0011) [C:\UserWorx\VSWorx\ServoStudio\wpfui-servoStudio\samples\Wpf.Ui.servoStudio\servoStudio_wjhet5xd_wpftmp.csproj]
C:\UserWorx\VSWorx\ServoStudio\wpfui-servoStudio\samples\Wpf.Ui.servoStudio\ViewModels\Hardware\StoConfigViewModel.cs(110,9): warning IDE0011: 鍚?鈥渋f鈥?璇彞娣诲姞澶ф嫭鍙枫€?(https://learn.microsoft.com/dotnet/fundamentals/code-analysis/style-rules/ide0011) [C:\UserWorx\VSWorx\ServoStudio\wpfui-servoStudio\samples\Wpf.Ui.servoStudio\servoStudio_wjhet5xd_wpftmp.csproj]
C:\UserWorx\VSWorx\ServoStudio\wpfui-servoStudio\samples\Wpf.Ui.servoStudio\ViewModels\Hardware\StoConfigViewModel.cs(111,9): warning IDE0011: 鍚?鈥渋f鈥?璇彞娣诲姞澶ф嫭鍙枫€?(https://learn.microsoft.com/dotnet/fundamentals/code-analysis/style-rules/ide0011) [C:\UserWorx\VSWorx\ServoStudio\wpfui-servoStudio\samples\Wpf.Ui.servoStudio\servoStudio_wjhet5xd_wpftmp.csproj]
C:\UserWorx\VSWorx\ServoStudio\wpfui-servoStudio\samples\Wpf.Ui.servoStudio\ViewModels\Hardware\StoConfigViewModel.cs(112,9): warning IDE0011: 鍚?鈥渋f鈥?璇彞娣诲姞澶ф嫭鍙枫€?(https://learn.microsoft.com/dotnet/fundamentals/code-analysis/style-rules/ide0011) [C:\UserWorx\VSWorx\ServoStudio\wpfui-servoStudio\samples\Wpf.Ui.servoStudio\servoStudio_wjhet5xd_wpftmp.csproj]
C:\UserWorx\VSWorx\ServoStudio\wpfui-servoStudio\samples\Wpf.Ui.servoStudio\ViewModels\Hardware\StoConfigViewModel.cs(113,9): warning IDE0011: 鍚?鈥渋f鈥?璇彞娣诲姞澶ф嫭鍙枫€?(https://learn.microsoft.com/dotnet/fundamentals/code-analysis/style-rules/ide0011) [C:\UserWorx\VSWorx\ServoStudio\wpfui-servoStudio\samples\Wpf.Ui.servoStudio\servoStudio_wjhet5xd_wpftmp.csproj]
C:\UserWorx\VSWorx\ServoStudio\wpfui-servoStudio\samples\Wpf.Ui.servoStudio\ViewModels\Hardware\StoConfigViewModel.cs(114,9): warning IDE0011: 鍚?鈥渋f鈥?璇彞娣诲姞澶ф嫭鍙枫€?(https://learn.microsoft.com/dotnet/fundamentals/code-analysis/style-rules/ide0011) [C:\UserWorx\VSWorx\ServoStudio\wpfui-servoStudio\samples\Wpf.Ui.servoStudio\servoStudio_wjhet5xd_wpftmp.csproj]
C:\UserWorx\VSWorx\ServoStudio\wpfui-servoStudio\samples\Wpf.Ui.servoStudio\ViewModels\Hardware\StoConfigViewModel.cs(117,9): warning IDE0011: 鍚?鈥渋f鈥?璇彞娣诲姞澶ф嫭鍙枫€?(https://learn.microsoft.com/dotnet/fundamentals/code-analysis/style-rules/ide0011) [C:\UserWorx\VSWorx\ServoStudio\wpfui-servoStudio\samples\Wpf.Ui.servoStudio\servoStudio_wjhet5xd_wpftmp.csproj]
C:\UserWorx\VSWorx\ServoStudio\wpfui-servoStudio\samples\Wpf.Ui.servoStudio\ViewModels\Hardware\StoConfigViewModel.cs(126,9): warning IDE0011: 鍚?鈥渋f鈥?璇彞娣诲姞澶ф嫭鍙枫€?(https://learn.microsoft.com/dotnet/fundamentals/code-analysis/style-rules/ide0011) [C:\UserWorx\VSWorx\ServoStudio\wpfui-servoStudio\samples\Wpf.Ui.servoStudio\servoStudio_wjhet5xd_wpftmp.csproj]
C:\UserWorx\VSWorx\ServoStudio\wpfui-servoStudio\samples\Wpf.Ui.servoStudio\ViewModels\Hardware\StoConfigViewModel.cs(127,9): warning IDE0011: 鍚?鈥渋f鈥?璇彞娣诲姞澶ф嫭鍙枫€?(https://learn.microsoft.com/dotnet/fundamentals/code-analysis/style-rules/ide0011) [C:\UserWorx\VSWorx\ServoStudio\wpfui-servoStudio\samples\Wpf.Ui.servoStudio\servoStudio_wjhet5xd_wpftmp.csproj]
C:\UserWorx\VSWorx\ServoStudio\wpfui-servoStudio\samples\Wpf.Ui.servoStudio\ViewModels\Hardware\StoConfigViewModel.cs(101,9): warning IDE0008: 鐢ㄦ樉寮忕被鍨嬩唬鏇?"var" (https://learn.microsoft.com/dotnet/fundamentals/code-analysis/style-rules/ide0008) [C:\UserWorx\VSWorx\ServoStudio\wpfui-servoStudio\samples\Wpf.Ui.servoStudio\servoStudio_wjhet5xd_wpftmp.csproj]
C:\UserWorx\VSWorx\ServoStudio\wpfui-servoStudio\samples\Wpf.Ui.servoStudio\ViewModels\Hardware\StoConfigViewModel.cs(102,9): warning IDE0008: 鐢ㄦ樉寮忕被鍨嬩唬鏇?"var" (https://learn.microsoft.com/dotnet/fundamentals/code-analysis/style-rules/ide0008) [C:\UserWorx\VSWorx\ServoStudio\wpfui-servoStudio\samples\Wpf.Ui.servoStudio\servoStudio_wjhet5xd_wpftmp.csproj]
C:\UserWorx\VSWorx\ServoStudio\wpfui-servoStudio\samples\Wpf.Ui.servoStudio\ViewModels\Motion\MultiStepProfileViewModel.cs(61,9): warning IDE0058: 姘歌繙涓嶄細浣跨敤琛ㄨ揪寮忓€?(https://learn.microsoft.com/dotnet/fundamentals/code-analysis/style-rules/ide0058) [C:\UserWorx\VSWorx\ServoStudio\wpfui-servoStudio\samples\Wpf.Ui.servoStudio\servoStudio_wjhet5xd_wpftmp.csproj]
C:\UserWorx\VSWorx\ServoStudio\wpfui-servoStudio\samples\Wpf.Ui.servoStudio\ViewModels\Motion\MultiStepProfileViewModel.cs(62,9): warning IDE0058: 姘歌繙涓嶄細浣跨敤琛ㄨ揪寮忓€?(https://learn.microsoft.com/dotnet/fundamentals/code-analysis/style-rules/ide0058) [C:\UserWorx\VSWorx\ServoStudio\wpfui-servoStudio\samples\Wpf.Ui.servoStudio\servoStudio_wjhet5xd_wpftmp.csproj]
C:\UserWorx\VSWorx\ServoStudio\wpfui-servoStudio\samples\Wpf.Ui.servoStudio\ViewModels\Motion\MultiStepProfileViewModel.cs(62,40): warning IDE0058: 姘歌繙涓嶄細浣跨敤琛ㄨ揪寮忓€?(https://learn.microsoft.com/dotnet/fundamentals/code-analysis/style-rules/ide0058) [C:\UserWorx\VSWorx\ServoStudio\wpfui-servoStudio\samples\Wpf.Ui.servoStudio\servoStudio_wjhet5xd_wpftmp.csproj]
C:\UserWorx\VSWorx\ServoStudio\wpfui-servoStudio\samples\Wpf.Ui.servoStudio\ViewModels\Motion\MultiStepProfileViewModel.cs(62,71): warning IDE0058: 姘歌繙涓嶄細浣跨敤琛ㄨ揪寮忓€?(https://learn.microsoft.com/dotnet/fundamentals/code-analysis/style-rules/ide0058) [C:\UserWorx\VSWorx\ServoStudio\wpfui-servoStudio\samples\Wpf.Ui.servoStudio\servoStudio_wjhet5xd_wpftmp.csproj]
C:\UserWorx\VSWorx\ServoStudio\wpfui-servoStudio\samples\Wpf.Ui.servoStudio\ViewModels\Motion\MultiStepProfileViewModel.cs(62,102): warning IDE0058: 姘歌繙涓嶄細浣跨敤琛ㄨ揪寮忓€?(https://learn.microsoft.com/dotnet/fundamentals/code-analysis/style-rules/ide0058) [C:\UserWorx\VSWorx\ServoStudio\wpfui-servoStudio\samples\Wpf.Ui.servoStudio\servoStudio_wjhet5xd_wpftmp.csproj]
C:\UserWorx\VSWorx\ServoStudio\wpfui-servoStudio\samples\Wpf.Ui.servoStudio\ViewModels\Motion\MultiStepProfileViewModel.cs(63,9): warning IDE0058: 姘歌繙涓嶄細浣跨敤琛ㄨ揪寮忓€?(https://learn.microsoft.com/dotnet/fundamentals/code-analysis/style-rules/ide0058) [C:\UserWorx\VSWorx\ServoStudio\wpfui-servoStudio\samples\Wpf.Ui.servoStudio\servoStudio_wjhet5xd_wpftmp.csproj]
C:\UserWorx\VSWorx\ServoStudio\wpfui-servoStudio\samples\Wpf.Ui.servoStudio\ViewModels\Motion\MultiStepProfileViewModel.cs(63,40): warning IDE0058: 姘歌繙涓嶄細浣跨敤琛ㄨ揪寮忓€?(https://learn.microsoft.com/dotnet/fundamentals/code-analysis/style-rules/ide0058) [C:\UserWorx\VSWorx\ServoStudio\wpfui-servoStudio\samples\Wpf.Ui.servoStudio\servoStudio_wjhet5xd_wpftmp.csproj]
C:\UserWorx\VSWorx\ServoStudio\wpfui-servoStudio\samples\Wpf.Ui.servoStudio\ViewModels\Motion\MultiStepProfileViewModel.cs(63,71): warning IDE0058: 姘歌繙涓嶄細浣跨敤琛ㄨ揪寮忓€?(https://learn.microsoft.com/dotnet/fundamentals/code-analysis/style-rules/ide0058) [C:\UserWorx\VSWorx\ServoStudio\wpfui-servoStudio\samples\Wpf.Ui.servoStudio\servoStudio_wjhet5xd_wpftmp.csproj]
C:\UserWorx\VSWorx\ServoStudio\wpfui-servoStudio\samples\Wpf.Ui.servoStudio\ViewModels\Motion\MultiStepProfileViewModel.cs(63,102): warning IDE0058: 姘歌繙涓嶄細浣跨敤琛ㄨ揪寮忓€?(https://learn.microsoft.com/dotnet/fundamentals/code-analysis/style-rules/ide0058) [C:\UserWorx\VSWorx\ServoStudio\wpfui-servoStudio\samples\Wpf.Ui.servoStudio\servoStudio_wjhet5xd_wpftmp.csproj]
C:\UserWorx\VSWorx\ServoStudio\wpfui-servoStudio\samples\Wpf.Ui.servoStudio\ViewModels\Motion\MultiStepProfileViewModel.cs(64,9): warning IDE0058: 姘歌繙涓嶄細浣跨敤琛ㄨ揪寮忓€?(https://learn.microsoft.com/dotnet/fundamentals/code-analysis/style-rules/ide0058) [C:\UserWorx\VSWorx\ServoStudio\wpfui-servoStudio\samples\Wpf.Ui.servoStudio\servoStudio_wjhet5xd_wpftmp.csproj]
C:\UserWorx\VSWorx\ServoStudio\wpfui-servoStudio\samples\Wpf.Ui.servoStudio\ViewModels\Motion\MultiStepProfileViewModel.cs(64,42): warning IDE0058: 姘歌繙涓嶄細浣跨敤琛ㄨ揪寮忓€?(https://learn.microsoft.com/dotnet/fundamentals/code-analysis/style-rules/ide0058) [C:\UserWorx\VSWorx\ServoStudio\wpfui-servoStudio\samples\Wpf.Ui.servoStudio\servoStudio_wjhet5xd_wpftmp.csproj]
C:\UserWorx\VSWorx\ServoStudio\wpfui-servoStudio\samples\Wpf.Ui.servoStudio\ViewModels\Motion\MultiStepProfileViewModel.cs(65,9): warning IDE0058: 姘歌繙涓嶄細浣跨敤琛ㄨ揪寮忓€?(https://learn.microsoft.com/dotnet/fundamentals/code-analysis/style-rules/ide0058) [C:\UserWorx\VSWorx\ServoStudio\wpfui-servoStudio\samples\Wpf.Ui.servoStudio\servoStudio_wjhet5xd_wpftmp.csproj]
C:\UserWorx\VSWorx\ServoStudio\wpfui-servoStudio\samples\Wpf.Ui.servoStudio\ViewModels\Motion\MultiStepProfileViewModel.cs(65,42): warning IDE0058: 姘歌繙涓嶄細浣跨敤琛ㄨ揪寮忓€?(https://learn.microsoft.com/dotnet/fundamentals/code-analysis/style-rules/ide0058) [C:\UserWorx\VSWorx\ServoStudio\wpfui-servoStudio\samples\Wpf.Ui.servoStudio\servoStudio_wjhet5xd_wpftmp.csproj]
C:\UserWorx\VSWorx\ServoStudio\wpfui-servoStudio\samples\Wpf.Ui.servoStudio\ViewModels\Motion\MultiStepProfileViewModel.cs(66,9): warning IDE0058: 姘歌繙涓嶄細浣跨敤琛ㄨ揪寮忓€?(https://learn.microsoft.com/dotnet/fundamentals/code-analysis/style-rules/ide0058) [C:\UserWorx\VSWorx\ServoStudio\wpfui-servoStudio\samples\Wpf.Ui.servoStudio\servoStudio_wjhet5xd_wpftmp.csproj]
C:\UserWorx\VSWorx\ServoStudio\wpfui-servoStudio\samples\Wpf.Ui.servoStudio\ViewModels\Motion\MultiStepProfileViewModel.cs(66,42): warning IDE0058: 姘歌繙涓嶄細浣跨敤琛ㄨ揪寮忓€?(https://learn.microsoft.com/dotnet/fundamentals/code-analysis/style-rules/ide0058) [C:\UserWorx\VSWorx\ServoStudio\wpfui-servoStudio\samples\Wpf.Ui.servoStudio\servoStudio_wjhet5xd_wpftmp.csproj]
C:\UserWorx\VSWorx\ServoStudio\wpfui-servoStudio\samples\Wpf.Ui.servoStudio\ViewModels\Motion\MultiStepProfileViewModel.cs(67,9): warning IDE0058: 姘歌繙涓嶄細浣跨敤琛ㄨ揪寮忓€?(https://learn.microsoft.com/dotnet/fundamentals/code-analysis/style-rules/ide0058) [C:\UserWorx\VSWorx\ServoStudio\wpfui-servoStudio\samples\Wpf.Ui.servoStudio\servoStudio_wjhet5xd_wpftmp.csproj]
C:\UserWorx\VSWorx\ServoStudio\wpfui-servoStudio\samples\Wpf.Ui.servoStudio\ViewModels\Motion\MultiStepProfileViewModel.cs(67,42): warning IDE0058: 姘歌繙涓嶄細浣跨敤琛ㄨ揪寮忓€?(https://learn.microsoft.com/dotnet/fundamentals/code-analysis/style-rules/ide0058) [C:\UserWorx\VSWorx\ServoStudio\wpfui-servoStudio\samples\Wpf.Ui.servoStudio\servoStudio_wjhet5xd_wpftmp.csproj]
C:\UserWorx\VSWorx\ServoStudio\wpfui-servoStudio\samples\Wpf.Ui.servoStudio\ViewModels\Motion\MultiStepProfileViewModel.cs(68,9): warning IDE0058: 姘歌繙涓嶄細浣跨敤琛ㄨ揪寮忓€?(https://learn.microsoft.com/dotnet/fundamentals/code-analysis/style-rules/ide0058) [C:\UserWorx\VSWorx\ServoStudio\wpfui-servoStudio\samples\Wpf.Ui.servoStudio\servoStudio_wjhet5xd_wpftmp.csproj]
C:\UserWorx\VSWorx\ServoStudio\wpfui-servoStudio\samples\Wpf.Ui.servoStudio\ViewModels\Motion\MultiStepProfileViewModel.cs(68,42): warning IDE0058: 姘歌繙涓嶄細浣跨敤琛ㄨ揪寮忓€?(https://learn.microsoft.com/dotnet/fundamentals/code-analysis/style-rules/ide0058) [C:\UserWorx\VSWorx\ServoStudio\wpfui-servoStudio\samples\Wpf.Ui.servoStudio\servoStudio_wjhet5xd_wpftmp.csproj]
C:\UserWorx\VSWorx\ServoStudio\wpfui-servoStudio\samples\Wpf.Ui.servoStudio\ViewModels\Motion\MultiStepProfileViewModel.cs(69,9): warning IDE0058: 姘歌繙涓嶄細浣跨敤琛ㄨ揪寮忓€?(https://learn.microsoft.com/dotnet/fundamentals/code-analysis/style-rules/ide0058) [C:\UserWorx\VSWorx\ServoStudio\wpfui-servoStudio\samples\Wpf.Ui.servoStudio\servoStudio_wjhet5xd_wpftmp.csproj]
C:\UserWorx\VSWorx\ServoStudio\wpfui-servoStudio\samples\Wpf.Ui.servoStudio\ViewModels\Motion\MultiStepProfileViewModel.cs(69,42): warning IDE0058: 姘歌繙涓嶄細浣跨敤琛ㄨ揪寮忓€?(https://learn.microsoft.com/dotnet/fundamentals/code-analysis/style-rules/ide0058) [C:\UserWorx\VSWorx\ServoStudio\wpfui-servoStudio\samples\Wpf.Ui.servoStudio\servoStudio_wjhet5xd_wpftmp.csproj]
C:\UserWorx\VSWorx\ServoStudio\wpfui-servoStudio\samples\Wpf.Ui.servoStudio\ViewModels\Motion\MultiStepProfileViewModel.cs(70,9): warning IDE0058: 姘歌繙涓嶄細浣跨敤琛ㄨ揪寮忓€?(https://learn.microsoft.com/dotnet/fundamentals/code-analysis/style-rules/ide0058) [C:\UserWorx\VSWorx\ServoStudio\wpfui-servoStudio\samples\Wpf.Ui.servoStudio\servoStudio_wjhet5xd_wpftmp.csproj]
C:\UserWorx\VSWorx\ServoStudio\wpfui-servoStudio\samples\Wpf.Ui.servoStudio\ViewModels\Motion\MultiStepProfileViewModel.cs(70,42): warning IDE0058: 姘歌繙涓嶄細浣跨敤琛ㄨ揪寮忓€?(https://learn.microsoft.com/dotnet/fundamentals/code-analysis/style-rules/ide0058) [C:\UserWorx\VSWorx\ServoStudio\wpfui-servoStudio\samples\Wpf.Ui.servoStudio\servoStudio_wjhet5xd_wpftmp.csproj]
C:\UserWorx\VSWorx\ServoStudio\wpfui-servoStudio\samples\Wpf.Ui.servoStudio\ViewModels\Motion\MultiStepProfileViewModel.cs(71,9): warning IDE0058: 姘歌繙涓嶄細浣跨敤琛ㄨ揪寮忓€?(https://learn.microsoft.com/dotnet/fundamentals/code-analysis/style-rules/ide0058) [C:\UserWorx\VSWorx\ServoStudio\wpfui-servoStudio\samples\Wpf.Ui.servoStudio\servoStudio_wjhet5xd_wpftmp.csproj]
C:\UserWorx\VSWorx\ServoStudio\wpfui-servoStudio\samples\Wpf.Ui.servoStudio\ViewModels\Motion\MultiStepProfileViewModel.cs(71,42): warning IDE0058: 姘歌繙涓嶄細浣跨敤琛ㄨ揪寮忓€?(https://learn.microsoft.com/dotnet/fundamentals/code-analysis/style-rules/ide0058) [C:\UserWorx\VSWorx\ServoStudio\wpfui-servoStudio\samples\Wpf.Ui.servoStudio\servoStudio_wjhet5xd_wpftmp.csproj]
C:\UserWorx\VSWorx\ServoStudio\wpfui-servoStudio\samples\Wpf.Ui.servoStudio\ViewModels\Hardware\StoConfigViewModel.cs(135,9): warning IDE0008: 鐢ㄦ樉寮忕被鍨嬩唬鏇?"var" (https://learn.microsoft.com/dotnet/fundamentals/code-analysis/style-rules/ide0008) [C:\UserWorx\VSWorx\ServoStudio\wpfui-servoStudio\samples\Wpf.Ui.servoStudio\servoStudio_wjhet5xd_wpftmp.csproj]
C:\UserWorx\VSWorx\ServoStudio\wpfui-servoStudio\samples\Wpf.Ui.servoStudio\ViewModels\Hardware\StoConfigViewModel.cs(136,9): warning IDE0008: 鐢ㄦ樉寮忕被鍨嬩唬鏇?"var" (https://learn.microsoft.com/dotnet/fundamentals/code-analysis/style-rules/ide0008) [C:\UserWorx\VSWorx\ServoStudio\wpfui-servoStudio\samples\Wpf.Ui.servoStudio\servoStudio_wjhet5xd_wpftmp.csproj]
C:\UserWorx\VSWorx\ServoStudio\wpfui-servoStudio\samples\Wpf.Ui.servoStudio\Views\Pages\FactoryPages\FrameFormatEditorPage.xaml.cs(67,9): warning IDE0011: 鍚?鈥渋f鈥?璇彞娣诲姞澶ф嫭鍙枫€?(https://learn.microsoft.com/dotnet/fundamentals/code-analysis/style-rules/ide0011) [C:\UserWorx\VSWorx\ServoStudio\wpfui-servoStudio\samples\Wpf.Ui.servoStudio\servoStudio_wjhet5xd_wpftmp.csproj]
C:\UserWorx\VSWorx\ServoStudio\wpfui-servoStudio\samples\Wpf.Ui.servoStudio\Views\Pages\FactoryPages\FrameFormatEditorPage.xaml.cs(73,9): warning IDE0011: 鍚?鈥渋f鈥?璇彞娣诲姞澶ф嫭鍙枫€?(https://learn.microsoft.com/dotnet/fundamentals/code-analysis/style-rules/ide0011) [C:\UserWorx\VSWorx\ServoStudio\wpfui-servoStudio\samples\Wpf.Ui.servoStudio\servoStudio_wjhet5xd_wpftmp.csproj]
C:\UserWorx\VSWorx\ServoStudio\wpfui-servoStudio\samples\Wpf.Ui.servoStudio\Views\Pages\FactoryPages\FrameFormatEditorPage.xaml.cs(79,9): warning IDE0011: 鍚?鈥渋f鈥?璇彞娣诲姞澶ф嫭鍙枫€?(https://learn.microsoft.com/dotnet/fundamentals/code-analysis/style-rules/ide0011) [C:\UserWorx\VSWorx\ServoStudio\wpfui-servoStudio\samples\Wpf.Ui.servoStudio\servoStudio_wjhet5xd_wpftmp.csproj]
C:\UserWorx\VSWorx\ServoStudio\wpfui-servoStudio\samples\Wpf.Ui.servoStudio\Views\Pages\FactoryPages\FrameFormatEditorPage.xaml.cs(81,9): warning IDE0011: 鍚?鈥渋f鈥?璇彞娣诲姞澶ф嫭鍙枫€?(https://learn.microsoft.com/dotnet/fundamentals/code-analysis/style-rules/ide0011) [C:\UserWorx\VSWorx\ServoStudio\wpfui-servoStudio\samples\Wpf.Ui.servoStudio\servoStudio_wjhet5xd_wpftmp.csproj]
C:\UserWorx\VSWorx\ServoStudio\wpfui-servoStudio\samples\Wpf.Ui.servoStudio\Views\Pages\FactoryPages\FrameFormatEditorPage.xaml.cs(80,9): warning IDE0008: 鐢ㄦ樉寮忕被鍨嬩唬鏇?"var" (https://learn.microsoft.com/dotnet/fundamentals/code-analysis/style-rules/ide0008) [C:\UserWorx\VSWorx\ServoStudio\wpfui-servoStudio\samples\Wpf.Ui.servoStudio\servoStudio_wjhet5xd_wpftmp.csproj]
C:\UserWorx\VSWorx\ServoStudio\wpfui-servoStudio\samples\Wpf.Ui.servoStudio\ViewModels\MainWindowViewModel.cs(302,9): warning IDE0011: 鍚?鈥渋f鈥?璇彞娣诲姞澶ф嫭鍙枫€?(https://learn.microsoft.com/dotnet/fundamentals/code-analysis/style-rules/ide0011) [C:\UserWorx\VSWorx\ServoStudio\wpfui-servoStudio\samples\Wpf.Ui.servoStudio\servoStudio_wjhet5xd_wpftmp.csproj]
C:\UserWorx\VSWorx\ServoStudio\wpfui-servoStudio\samples\Wpf.Ui.servoStudio\Views\Pages\FactoryPages\FrameFormatEditorPage.xaml.cs(88,9): warning IDE0011: 鍚?鈥渋f鈥?璇彞娣诲姞澶ф嫭鍙枫€?(https://learn.microsoft.com/dotnet/fundamentals/code-analysis/style-rules/ide0011) [C:\UserWorx\VSWorx\ServoStudio\wpfui-servoStudio\samples\Wpf.Ui.servoStudio\servoStudio_wjhet5xd_wpftmp.csproj]
C:\UserWorx\VSWorx\ServoStudio\wpfui-servoStudio\samples\Wpf.Ui.servoStudio\Views\Pages\FactoryPages\FrameFormatEditorPage.xaml.cs(90,9): warning IDE0011: 鍚?鈥渋f鈥?璇彞娣诲姞澶ф嫭鍙枫€?(https://learn.microsoft.com/dotnet/fundamentals/code-analysis/style-rules/ide0011) [C:\UserWorx\VSWorx\ServoStudio\wpfui-servoStudio\samples\Wpf.Ui.servoStudio\servoStudio_wjhet5xd_wpftmp.csproj]
C:\UserWorx\VSWorx\ServoStudio\wpfui-servoStudio\samples\Wpf.Ui.servoStudio\Views\Pages\FactoryPages\FrameFormatEditorPage.xaml.cs(89,9): warning IDE0008: 鐢ㄦ樉寮忕被鍨嬩唬鏇?"var" (https://learn.microsoft.com/dotnet/fundamentals/code-analysis/style-rules/ide0008) [C:\UserWorx\VSWorx\ServoStudio\wpfui-servoStudio\samples\Wpf.Ui.servoStudio\servoStudio_wjhet5xd_wpftmp.csproj]
C:\UserWorx\VSWorx\ServoStudio\wpfui-servoStudio\samples\Wpf.Ui.servoStudio\Views\Pages\FactoryPages\FrameFormatEditorPage.xaml.cs(96,9): warning IDE0011: 鍚?鈥渋f鈥?璇彞娣诲姞澶ф嫭鍙枫€?(https://learn.microsoft.com/dotnet/fundamentals/code-analysis/style-rules/ide0011) [C:\UserWorx\VSWorx\ServoStudio\wpfui-servoStudio\samples\Wpf.Ui.servoStudio\servoStudio_wjhet5xd_wpftmp.csproj]
C:\UserWorx\VSWorx\ServoStudio\wpfui-servoStudio\samples\Wpf.Ui.servoStudio\Views\Pages\FactoryPages\FrameFormatEditorPage.xaml.cs(99,9): warning IDE0011: 鍚?鈥渋f鈥?璇彞娣诲姞澶ф嫭鍙枫€?(https://learn.microsoft.com/dotnet/fundamentals/code-analysis/style-rules/ide0011) [C:\UserWorx\VSWorx\ServoStudio\wpfui-servoStudio\samples\Wpf.Ui.servoStudio\servoStudio_wjhet5xd_wpftmp.csproj]
C:\UserWorx\VSWorx\ServoStudio\wpfui-servoStudio\samples\Wpf.Ui.servoStudio\ViewModels\Factory\FrameFormatEditorViewModel.cs(102,9): warning IDE0011: 鍚?鈥渋f鈥?璇彞娣诲姞澶ф嫭鍙枫€?(https://learn.microsoft.com/dotnet/fundamentals/code-analysis/style-rules/ide0011) [C:\UserWorx\VSWorx\ServoStudio\wpfui-servoStudio\samples\Wpf.Ui.servoStudio\servoStudio_wjhet5xd_wpftmp.csproj]
C:\UserWorx\VSWorx\ServoStudio\wpfui-servoStudio\samples\Wpf.Ui.servoStudio\Views\Pages\FactoryPages\FrameFormatEditorPage.xaml.cs(98,9): warning IDE0008: 鐢ㄦ樉寮忕被鍨嬩唬鏇?"var" (https://learn.microsoft.com/dotnet/fundamentals/code-analysis/style-rules/ide0008) [C:\UserWorx\VSWorx\ServoStudio\wpfui-servoStudio\samples\Wpf.Ui.servoStudio\servoStudio_wjhet5xd_wpftmp.csproj]
C:\UserWorx\VSWorx\ServoStudio\wpfui-servoStudio\samples\Wpf.Ui.servoStudio\ViewModels\Factory\FrameFormatEditorViewModel.cs(113,9): warning IDE0011: 鍚?鈥渋f鈥?璇彞娣诲姞澶ф嫭鍙枫€?(https://learn.microsoft.com/dotnet/fundamentals/code-analysis/style-rules/ide0011) [C:\UserWorx\VSWorx\ServoStudio\wpfui-servoStudio\samples\Wpf.Ui.servoStudio\servoStudio_wjhet5xd_wpftmp.csproj]
C:\UserWorx\VSWorx\ServoStudio\wpfui-servoStudio\samples\Wpf.Ui.servoStudio\Views\Pages\FactoryPages\FrameFormatEditorPage.xaml.cs(103,9): warning IDE0058: 姘歌繙涓嶄細浣跨敤琛ㄨ揪寮忓€?(https://learn.microsoft.com/dotnet/fundamentals/code-analysis/style-rules/ide0058) [C:\UserWorx\VSWorx\ServoStudio\wpfui-servoStudio\samples\Wpf.Ui.servoStudio\servoStudio_wjhet5xd_wpftmp.csproj]
C:\UserWorx\VSWorx\ServoStudio\wpfui-servoStudio\samples\Wpf.Ui.servoStudio\Views\Pages\FactoryPages\FrameFormatEditorPage.xaml.cs(109,9): warning IDE0011: 鍚?鈥渋f鈥?璇彞娣诲姞澶ф嫭鍙枫€?(https://learn.microsoft.com/dotnet/fundamentals/code-analysis/style-rules/ide0011) [C:\UserWorx\VSWorx\ServoStudio\wpfui-servoStudio\samples\Wpf.Ui.servoStudio\servoStudio_wjhet5xd_wpftmp.csproj]
C:\UserWorx\VSWorx\ServoStudio\wpfui-servoStudio\samples\Wpf.Ui.servoStudio\ViewModels\Factory\FrameFormatEditorViewModel.cs(128,9): warning IDE0011: 鍚?鈥渋f鈥?璇彞娣诲姞澶ф嫭鍙枫€?(https://learn.microsoft.com/dotnet/fundamentals/code-analysis/style-rules/ide0011) [C:\UserWorx\VSWorx\ServoStudio\wpfui-servoStudio\samples\Wpf.Ui.servoStudio\servoStudio_wjhet5xd_wpftmp.csproj]
C:\UserWorx\VSWorx\ServoStudio\wpfui-servoStudio\samples\Wpf.Ui.servoStudio\ViewModels\Factory\FrameFormatEditorViewModel.cs(129,9): warning IDE0011: 鍚?鈥渆lse鈥?璇彞娣诲姞澶ф嫭鍙枫€?(https://learn.microsoft.com/dotnet/fundamentals/code-analysis/style-rules/ide0011) [C:\UserWorx\VSWorx\ServoStudio\wpfui-servoStudio\samples\Wpf.Ui.servoStudio\servoStudio_wjhet5xd_wpftmp.csproj]
C:\UserWorx\VSWorx\ServoStudio\wpfui-servoStudio\samples\Wpf.Ui.servoStudio\ViewModels\Factory\FrameFormatEditorViewModel.cs(136,9): warning IDE0011: 鍚?鈥渋f鈥?璇彞娣诲姞澶ф嫭鍙枫€?(https://learn.microsoft.com/dotnet/fundamentals/code-analysis/style-rules/ide0011) [C:\UserWorx\VSWorx\ServoStudio\wpfui-servoStudio\samples\Wpf.Ui.servoStudio\servoStudio_wjhet5xd_wpftmp.csproj]
C:\UserWorx\VSWorx\ServoStudio\wpfui-servoStudio\samples\Wpf.Ui.servoStudio\ViewModels\AppData\PidAdjustViewModel.cs(24,23): warning IDE0055: 淇鏍煎紡 (https://learn.microsoft.com/dotnet/fundamentals/code-analysis/style-rules/ide0055) [C:\UserWorx\VSWorx\ServoStudio\wpfui-servoStudio\samples\Wpf.Ui.servoStudio\servoStudio_wjhet5xd_wpftmp.csproj]
C:\UserWorx\VSWorx\ServoStudio\wpfui-servoStudio\samples\Wpf.Ui.servoStudio\ViewModels\AppData\PidAdjustViewModel.cs(24,25): warning IDE0055: 淇鏍煎紡 (https://learn.microsoft.com/dotnet/fundamentals/code-analysis/style-rules/ide0055) [C:\UserWorx\VSWorx\ServoStudio\wpfui-servoStudio\samples\Wpf.Ui.servoStudio\servoStudio_wjhet5xd_wpftmp.csproj]
C:\UserWorx\VSWorx\ServoStudio\wpfui-servoStudio\samples\Wpf.Ui.servoStudio\ViewModels\AppData\PidAdjustViewModel.cs(24,30): warning IDE0055: 淇鏍煎紡 (https://learn.microsoft.com/dotnet/fundamentals/code-analysis/style-rules/ide0055) [C:\UserWorx\VSWorx\ServoStudio\wpfui-servoStudio\samples\Wpf.Ui.servoStudio\servoStudio_wjhet5xd_wpftmp.csproj]
C:\UserWorx\VSWorx\ServoStudio\wpfui-servoStudio\samples\Wpf.Ui.servoStudio\ViewModels\AppData\PidAdjustViewModel.cs(25,27): warning IDE0055: 淇鏍煎紡 (https://learn.microsoft.com/dotnet/fundamentals/code-analysis/style-rules/ide0055) [C:\UserWorx\VSWorx\ServoStudio\wpfui-servoStudio\samples\Wpf.Ui.servoStudio\servoStudio_wjhet5xd_wpftmp.csproj]
C:\UserWorx\VSWorx\ServoStudio\wpfui-servoStudio\samples\Wpf.Ui.servoStudio\ViewModels\AppData\PidAdjustViewModel.cs(25,29): warning IDE0055: 淇鏍煎紡 (https://learn.microsoft.com/dotnet/fundamentals/code-analysis/style-rules/ide0055) [C:\UserWorx\VSWorx\ServoStudio\wpfui-servoStudio\samples\Wpf.Ui.servoStudio\servoStudio_wjhet5xd_wpftmp.csproj]
C:\UserWorx\VSWorx\ServoStudio\wpfui-servoStudio\samples\Wpf.Ui.servoStudio\ViewModels\AppData\PidAdjustViewModel.cs(25,34): warning IDE0055: 淇鏍煎紡 (https://learn.microsoft.com/dotnet/fundamentals/code-analysis/style-rules/ide0055) [C:\UserWorx\VSWorx\ServoStudio\wpfui-servoStudio\samples\Wpf.Ui.servoStudio\servoStudio_wjhet5xd_wpftmp.csproj]
C:\UserWorx\VSWorx\ServoStudio\wpfui-servoStudio\samples\Wpf.Ui.servoStudio\ViewModels\AppData\PidAdjustViewModel.cs(26,26): warning IDE0055: 淇鏍煎紡 (https://learn.microsoft.com/dotnet/fundamentals/code-analysis/style-rules/ide0055) [C:\UserWorx\VSWorx\ServoStudio\wpfui-servoStudio\samples\Wpf.Ui.servoStudio\servoStudio_wjhet5xd_wpftmp.csproj]
C:\UserWorx\VSWorx\ServoStudio\wpfui-servoStudio\samples\Wpf.Ui.servoStudio\ViewModels\AppData\PidAdjustViewModel.cs(26,28): warning IDE0055: 淇鏍煎紡 (https://learn.microsoft.com/dotnet/fundamentals/code-analysis/style-rules/ide0055) [C:\UserWorx\VSWorx\ServoStudio\wpfui-servoStudio\samples\Wpf.Ui.servoStudio\servoStudio_wjhet5xd_wpftmp.csproj]
C:\UserWorx\VSWorx\ServoStudio\wpfui-servoStudio\samples\Wpf.Ui.servoStudio\ViewModels\AppData\PidAdjustViewModel.cs(26,38): warning IDE0055: 淇鏍煎紡 (https://learn.microsoft.com/dotnet/fundamentals/code-analysis/style-rules/ide0055) [C:\UserWorx\VSWorx\ServoStudio\wpfui-servoStudio\samples\Wpf.Ui.servoStudio\servoStudio_wjhet5xd_wpftmp.csproj]
C:\UserWorx\VSWorx\ServoStudio\wpfui-servoStudio\samples\Wpf.Ui.servoStudio\ViewModels\AppData\PidAdjustViewModel.cs(40,38): warning IDE0055: 淇鏍煎紡 (https://learn.microsoft.com/dotnet/fundamentals/code-analysis/style-rules/ide0055) [C:\UserWorx\VSWorx\ServoStudio\wpfui-servoStudio\samples\Wpf.Ui.servoStudio\servoStudio_wjhet5xd_wpftmp.csproj]
C:\UserWorx\VSWorx\ServoStudio\wpfui-servoStudio\samples\Wpf.Ui.servoStudio\ViewModels\AppData\PidAdjustViewModel.cs(373,25): warning IDE0055: 淇鏍煎紡 (https://learn.microsoft.com/dotnet/fundamentals/code-analysis/style-rules/ide0055) [C:\UserWorx\VSWorx\ServoStudio\wpfui-servoStudio\samples\Wpf.Ui.servoStudio\servoStudio_wjhet5xd_wpftmp.csproj]
C:\UserWorx\VSWorx\ServoStudio\wpfui-servoStudio\samples\Wpf.Ui.servoStudio\ViewModels\AppData\PidAdjustViewModel.cs(464,47): warning IDE0055: 淇鏍煎紡 (https://learn.microsoft.com/dotnet/fundamentals/code-analysis/style-rules/ide0055) [C:\UserWorx\VSWorx\ServoStudio\wpfui-servoStudio\samples\Wpf.Ui.servoStudio\servoStudio_wjhet5xd_wpftmp.csproj]
C:\UserWorx\VSWorx\ServoStudio\wpfui-servoStudio\samples\Wpf.Ui.servoStudio\ViewModels\AppData\PidAdjustViewModel.cs(465,47): warning IDE0055: 淇鏍煎紡 (https://learn.microsoft.com/dotnet/fundamentals/code-analysis/style-rules/ide0055) [C:\UserWorx\VSWorx\ServoStudio\wpfui-servoStudio\samples\Wpf.Ui.servoStudio\servoStudio_wjhet5xd_wpftmp.csproj]
C:\UserWorx\VSWorx\ServoStudio\wpfui-servoStudio\samples\Wpf.Ui.servoStudio\ViewModels\AppData\PidAdjustViewModel.cs(466,47): warning IDE0055: 淇鏍煎紡 (https://learn.microsoft.com/dotnet/fundamentals/code-analysis/style-rules/ide0055) [C:\UserWorx\VSWorx\ServoStudio\wpfui-servoStudio\samples\Wpf.Ui.servoStudio\servoStudio_wjhet5xd_wpftmp.csproj]
C:\UserWorx\VSWorx\ServoStudio\wpfui-servoStudio\samples\Wpf.Ui.servoStudio\ViewModels\AppData\PidAdjustViewModel.cs(467,47): warning IDE0055: 淇鏍煎紡 (https://learn.microsoft.com/dotnet/fundamentals/code-analysis/style-rules/ide0055) [C:\UserWorx\VSWorx\ServoStudio\wpfui-servoStudio\samples\Wpf.Ui.servoStudio\servoStudio_wjhet5xd_wpftmp.csproj]
C:\UserWorx\VSWorx\ServoStudio\wpfui-servoStudio\samples\Wpf.Ui.servoStudio\ViewModels\AppData\PidAdjustViewModel.cs(468,47): warning IDE0055: 淇鏍煎紡 (https://learn.microsoft.com/dotnet/fundamentals/code-analysis/style-rules/ide0055) [C:\UserWorx\VSWorx\ServoStudio\wpfui-servoStudio\samples\Wpf.Ui.servoStudio\servoStudio_wjhet5xd_wpftmp.csproj]
C:\UserWorx\VSWorx\ServoStudio\wpfui-servoStudio\samples\Wpf.Ui.servoStudio\ViewModels\AppData\PidAdjustViewModel.cs(469,47): warning IDE0055: 淇鏍煎紡 (https://learn.microsoft.com/dotnet/fundamentals/code-analysis/style-rules/ide0055) [C:\UserWorx\VSWorx\ServoStudio\wpfui-servoStudio\samples\Wpf.Ui.servoStudio\servoStudio_wjhet5xd_wpftmp.csproj]
C:\UserWorx\VSWorx\ServoStudio\wpfui-servoStudio\samples\Wpf.Ui.servoStudio\ViewModels\Factory\FrameFormatEditorViewModel.cs(158,9): warning IDE0011: 鍚?鈥渋f鈥?璇彞娣诲姞澶ф嫭鍙枫€?(https://learn.microsoft.com/dotnet/fundamentals/code-analysis/style-rules/ide0011) [C:\UserWorx\VSWorx\ServoStudio\wpfui-servoStudio\samples\Wpf.Ui.servoStudio\servoStudio_wjhet5xd_wpftmp.csproj]
C:\UserWorx\VSWorx\ServoStudio\wpfui-servoStudio\samples\Wpf.Ui.servoStudio\ViewModels\Factory\FrameFormatEditorViewModel.cs(162,9): warning IDE0011: 鍚?鈥渋f鈥?璇彞娣诲姞澶ф嫭鍙枫€?(https://learn.microsoft.com/dotnet/fundamentals/code-analysis/style-rules/ide0011) [C:\UserWorx\VSWorx\ServoStudio\wpfui-servoStudio\samples\Wpf.Ui.servoStudio\servoStudio_wjhet5xd_wpftmp.csproj]
C:\UserWorx\VSWorx\ServoStudio\wpfui-servoStudio\samples\Wpf.Ui.servoStudio\Services\LiveDiag.cs(64,9): warning IDE0008: 鐢ㄦ樉寮忕被鍨嬩唬鏇?"var" (https://learn.microsoft.com/dotnet/fundamentals/code-analysis/style-rules/ide0008) [C:\UserWorx\VSWorx\ServoStudio\wpfui-servoStudio\samples\Wpf.Ui.servoStudio\servoStudio_wjhet5xd_wpftmp.csproj]
C:\UserWorx\VSWorx\ServoStudio\wpfui-servoStudio\samples\Wpf.Ui.servoStudio\Services\LiveDiag.cs(76,9): warning IDE0008: 鐢ㄦ樉寮忕被鍨嬩唬鏇?"var" (https://learn.microsoft.com/dotnet/fundamentals/code-analysis/style-rules/ide0008) [C:\UserWorx\VSWorx\ServoStudio\wpfui-servoStudio\samples\Wpf.Ui.servoStudio\servoStudio_wjhet5xd_wpftmp.csproj]
C:\UserWorx\VSWorx\ServoStudio\wpfui-servoStudio\samples\Wpf.Ui.servoStudio\ViewModels\Factory\FrameFormatEditorViewModel.cs(196,18): warning IDE0008: 鐢ㄦ樉寮忕被鍨嬩唬鏇?"var" (https://learn.microsoft.com/dotnet/fundamentals/code-analysis/style-rules/ide0008) [C:\UserWorx\VSWorx\ServoStudio\wpfui-servoStudio\samples\Wpf.Ui.servoStudio\servoStudio_wjhet5xd_wpftmp.csproj]
C:\UserWorx\VSWorx\ServoStudio\wpfui-servoStudio\samples\Wpf.Ui.servoStudio\Views\Pages\FactoryPages\FrameFormatEditorPage.xaml.cs(117,9): warning IDE0011: 鍚?鈥渋f鈥?璇彞娣诲姞澶ф嫭鍙枫€?(https://learn.microsoft.com/dotnet/fundamentals/code-analysis/style-rules/ide0011) [C:\UserWorx\VSWorx\ServoStudio\wpfui-servoStudio\samples\Wpf.Ui.servoStudio\servoStudio_wjhet5xd_wpftmp.csproj]
C:\UserWorx\VSWorx\ServoStudio\wpfui-servoStudio\samples\Wpf.Ui.servoStudio\Views\Pages\FactoryPages\FrameFormatEditorPage.xaml.cs(118,9): warning IDE0011: 鍚?鈥渋f鈥?璇彞娣诲姞澶ф嫭鍙枫€?(https://learn.microsoft.com/dotnet/fundamentals/code-analysis/style-rules/ide0011) [C:\UserWorx\VSWorx\ServoStudio\wpfui-servoStudio\samples\Wpf.Ui.servoStudio\servoStudio_wjhet5xd_wpftmp.csproj]
C:\UserWorx\VSWorx\ServoStudio\wpfui-servoStudio\samples\Wpf.Ui.servoStudio\Views\Pages\FactoryPages\FrameFormatEditorPage.xaml.cs(131,9): warning IDE0011: 鍚?鈥渋f鈥?璇彞娣诲姞澶ф嫭鍙枫€?(https://learn.microsoft.com/dotnet/fundamentals/code-analysis/style-rules/ide0011) [C:\UserWorx\VSWorx\ServoStudio\wpfui-servoStudio\samples\Wpf.Ui.servoStudio\servoStudio_wjhet5xd_wpftmp.csproj]
C:\UserWorx\VSWorx\ServoStudio\wpfui-servoStudio\samples\Wpf.Ui.servoStudio\Views\Pages\FactoryPages\FrameFormatEditorPage.xaml.cs(128,9): warning IDE0008: 鐢ㄦ樉寮忕被鍨嬩唬鏇?"var" (https://learn.microsoft.com/dotnet/fundamentals/code-analysis/style-rules/ide0008) [C:\UserWorx\VSWorx\ServoStudio\wpfui-servoStudio\samples\Wpf.Ui.servoStudio\servoStudio_wjhet5xd_wpftmp.csproj]
C:\UserWorx\VSWorx\ServoStudio\wpfui-servoStudio\samples\Wpf.Ui.servoStudio\ViewModels\AppData\AppLogViewModel.cs(401,9): warning IDE0011: 鍚?鈥渋f鈥?璇彞娣诲姞澶ф嫭鍙枫€?(https://learn.microsoft.com/dotnet/fundamentals/code-analysis/style-rules/ide0011) [C:\UserWorx\VSWorx\ServoStudio\wpfui-servoStudio\samples\Wpf.Ui.servoStudio\servoStudio_wjhet5xd_wpftmp.csproj]
C:\UserWorx\VSWorx\ServoStudio\wpfui-servoStudio\samples\Wpf.Ui.servoStudio\ViewModels\AppData\AppLogViewModel.cs(406,9): warning IDE0011: 鍚?鈥渋f鈥?璇彞娣诲姞澶ф嫭鍙枫€?(https://learn.microsoft.com/dotnet/fundamentals/code-analysis/style-rules/ide0011) [C:\UserWorx\VSWorx\ServoStudio\wpfui-servoStudio\samples\Wpf.Ui.servoStudio\servoStudio_wjhet5xd_wpftmp.csproj]
C:\UserWorx\VSWorx\ServoStudio\wpfui-servoStudio\samples\Wpf.Ui.servoStudio\Views\Pages\FactoryPages\FrameFormatEditorPage.xaml.cs(129,9): warning IDE0008: 鐢ㄦ樉寮忕被鍨嬩唬鏇?"var" (https://learn.microsoft.com/dotnet/fundamentals/code-analysis/style-rules/ide0008) [C:\UserWorx\VSWorx\ServoStudio\wpfui-servoStudio\samples\Wpf.Ui.servoStudio\servoStudio_wjhet5xd_wpftmp.csproj]
C:\UserWorx\VSWorx\ServoStudio\wpfui-servoStudio\samples\Wpf.Ui.servoStudio\ViewModels\AppData\AppLogViewModel.cs(409,9): warning IDE0011: 鍚?鈥渋f鈥?璇彞娣诲姞澶ф嫭鍙枫€?(https://learn.microsoft.com/dotnet/fundamentals/code-analysis/style-rules/ide0011) [C:\UserWorx\VSWorx\ServoStudio\wpfui-servoStudio\samples\Wpf.Ui.servoStudio\servoStudio_wjhet5xd_wpftmp.csproj]
C:\UserWorx\VSWorx\ServoStudio\wpfui-servoStudio\samples\Wpf.Ui.servoStudio\ViewModels\AppData\AppLogViewModel.cs(424,9): warning IDE0011: 鍚?鈥渋f鈥?璇彞娣诲姞澶ф嫭鍙枫€?(https://learn.microsoft.com/dotnet/fundamentals/code-analysis/style-rules/ide0011) [C:\UserWorx\VSWorx\ServoStudio\wpfui-servoStudio\samples\Wpf.Ui.servoStudio\servoStudio_wjhet5xd_wpftmp.csproj]
C:\UserWorx\VSWorx\ServoStudio\wpfui-servoStudio\samples\Wpf.Ui.servoStudio\Views\Pages\FactoryPages\FrameFormatEditorPage.xaml.cs(149,47): warning IDE0008: 鐢ㄦ樉寮忕被鍨嬩唬鏇?"var" (https://learn.microsoft.com/dotnet/fundamentals/code-analysis/style-rules/ide0008) [C:\UserWorx\VSWorx\ServoStudio\wpfui-servoStudio\samples\Wpf.Ui.servoStudio\servoStudio_wjhet5xd_wpftmp.csproj]
C:\UserWorx\VSWorx\ServoStudio\wpfui-servoStudio\samples\Wpf.Ui.servoStudio\ViewModels\DashboardViewModel.cs(63,9): warning IDE0011: 鍚?鈥渋f鈥?璇彞娣诲姞澶ф嫭鍙枫€?(https://learn.microsoft.com/dotnet/fundamentals/code-analysis/style-rules/ide0011) [C:\UserWorx\VSWorx\ServoStudio\wpfui-servoStudio\samples\Wpf.Ui.servoStudio\servoStudio_wjhet5xd_wpftmp.csproj]
C:\UserWorx\VSWorx\ServoStudio\wpfui-servoStudio\samples\Wpf.Ui.servoStudio\ViewModels\AppData\AppLogViewModel.cs(432,9): warning IDE0011: 鍚?鈥渋f鈥?璇彞娣诲姞澶ф嫭鍙枫€?(https://learn.microsoft.com/dotnet/fundamentals/code-analysis/style-rules/ide0011) [C:\UserWorx\VSWorx\ServoStudio\wpfui-servoStudio\samples\Wpf.Ui.servoStudio\servoStudio_wjhet5xd_wpftmp.csproj]
C:\UserWorx\VSWorx\ServoStudio\wpfui-servoStudio\samples\Wpf.Ui.servoStudio\ViewModels\AppData\AppLogViewModel.cs(434,9): warning IDE0011: 鍚?鈥渋f鈥?璇彞娣诲姞澶ф嫭鍙枫€?(https://learn.microsoft.com/dotnet/fundamentals/code-analysis/style-rules/ide0011) [C:\UserWorx\VSWorx\ServoStudio\wpfui-servoStudio\samples\Wpf.Ui.servoStudio\servoStudio_wjhet5xd_wpftmp.csproj]
C:\UserWorx\VSWorx\ServoStudio\wpfui-servoStudio\samples\Wpf.Ui.servoStudio\ViewModels\AppData\AppLogViewModel.cs(436,9): warning IDE0011: 鍚?鈥渋f鈥?璇彞娣诲姞澶ф嫭鍙枫€?(https://learn.microsoft.com/dotnet/fundamentals/code-analysis/style-rules/ide0011) [C:\UserWorx\VSWorx\ServoStudio\wpfui-servoStudio\samples\Wpf.Ui.servoStudio\servoStudio_wjhet5xd_wpftmp.csproj]
C:\UserWorx\VSWorx\ServoStudio\wpfui-servoStudio\samples\Wpf.Ui.servoStudio\Views\Pages\FactoryPages\FrameFormatEditorPage.xaml.cs(165,9): warning IDE0011: 鍚?鈥渋f鈥?璇彞娣诲姞澶ф嫭鍙枫€?(https://learn.microsoft.com/dotnet/fundamentals/code-analysis/style-rules/ide0011) [C:\UserWorx\VSWorx\ServoStudio\wpfui-servoStudio\samples\Wpf.Ui.servoStudio\servoStudio_wjhet5xd_wpftmp.csproj]
C:\UserWorx\VSWorx\ServoStudio\wpfui-servoStudio\samples\Wpf.Ui.servoStudio\Views\Pages\FactoryPages\FrameFormatEditorPage.xaml.cs(173,47): warning IDE0008: 鐢ㄦ樉寮忕被鍨嬩唬鏇?"var" (https://learn.microsoft.com/dotnet/fundamentals/code-analysis/style-rules/ide0008) [C:\UserWorx\VSWorx\ServoStudio\wpfui-servoStudio\samples\Wpf.Ui.servoStudio\servoStudio_wjhet5xd_wpftmp.csproj]
C:\UserWorx\VSWorx\ServoStudio\wpfui-servoStudio\samples\Wpf.Ui.servoStudio\Views\Pages\FactoryPages\FrameFormatEditorPage.xaml.cs(182,9): warning IDE0008: 鐢ㄦ樉寮忕被鍨嬩唬鏇?"var" (https://learn.microsoft.com/dotnet/fundamentals/code-analysis/style-rules/ide0008) [C:\UserWorx\VSWorx\ServoStudio\wpfui-servoStudio\samples\Wpf.Ui.servoStudio\servoStudio_wjhet5xd_wpftmp.csproj]
C:\UserWorx\VSWorx\ServoStudio\wpfui-servoStudio\samples\Wpf.Ui.servoStudio\Views\Pages\FactoryPages\FrameFormatEditorPage.xaml.cs(203,13): warning IDE0011: 鍚?鈥渋f鈥?璇彞娣诲姞澶ф嫭鍙枫€?(https://learn.microsoft.com/dotnet/fundamentals/code-analysis/style-rules/ide0011) [C:\UserWorx\VSWorx\ServoStudio\wpfui-servoStudio\samples\Wpf.Ui.servoStudio\servoStudio_wjhet5xd_wpftmp.csproj]
C:\UserWorx\VSWorx\ServoStudio\wpfui-servoStudio\samples\Wpf.Ui.servoStudio\Views\Pages\FactoryPages\FrameFormatEditorPage.xaml.cs(212,13): warning IDE0011: 鍚?鈥渋f鈥?璇彞娣诲姞澶ф嫭鍙枫€?(https://learn.microsoft.com/dotnet/fundamentals/code-analysis/style-rules/ide0011) [C:\UserWorx\VSWorx\ServoStudio\wpfui-servoStudio\samples\Wpf.Ui.servoStudio\servoStudio_wjhet5xd_wpftmp.csproj]
C:\UserWorx\VSWorx\ServoStudio\wpfui-servoStudio\samples\Wpf.Ui.servoStudio\Views\Pages\FactoryPages\FrameFormatEditorPage.xaml.cs(208,13): warning IDE0058: 姘歌繙涓嶄細浣跨敤琛ㄨ揪寮忓€?(https://learn.microsoft.com/dotnet/fundamentals/code-analysis/style-rules/ide0058) [C:\UserWorx\VSWorx\ServoStudio\wpfui-servoStudio\samples\Wpf.Ui.servoStudio\servoStudio_wjhet5xd_wpftmp.csproj]
C:\UserWorx\VSWorx\ServoStudio\wpfui-servoStudio\samples\Wpf.Ui.servoStudio\ViewModels\AppData\UserConfigViewModel.cs(102,95): warning IDE0055: 淇鏍煎紡 (https://learn.microsoft.com/dotnet/fundamentals/code-analysis/style-rules/ide0055) [C:\UserWorx\VSWorx\ServoStudio\wpfui-servoStudio\samples\Wpf.Ui.servoStudio\servoStudio_wjhet5xd_wpftmp.csproj]
C:\UserWorx\VSWorx\ServoStudio\wpfui-servoStudio\samples\Wpf.Ui.servoStudio\ViewModels\AppData\UserConfigViewModel.cs(102,97): warning IDE0055: 淇鏍煎紡 (https://learn.microsoft.com/dotnet/fundamentals/code-analysis/style-rules/ide0055) [C:\UserWorx\VSWorx\ServoStudio\wpfui-servoStudio\samples\Wpf.Ui.servoStudio\servoStudio_wjhet5xd_wpftmp.csproj]
C:\UserWorx\VSWorx\ServoStudio\wpfui-servoStudio\samples\Wpf.Ui.servoStudio\ViewModels\AppData\UserConfigViewModel.cs(102,102): warning IDE0055: 淇鏍煎紡 (https://learn.microsoft.com/dotnet/fundamentals/code-analysis/style-rules/ide0055) [C:\UserWorx\VSWorx\ServoStudio\wpfui-servoStudio\samples\Wpf.Ui.servoStudio\servoStudio_wjhet5xd_wpftmp.csproj]
C:\UserWorx\VSWorx\ServoStudio\wpfui-servoStudio\samples\Wpf.Ui.servoStudio\ViewModels\AppData\UserConfigViewModel.cs(105,45): warning IDE0055: 淇鏍煎紡 (https://learn.microsoft.com/dotnet/fundamentals/code-analysis/style-rules/ide0055) [C:\UserWorx\VSWorx\ServoStudio\wpfui-servoStudio\samples\Wpf.Ui.servoStudio\servoStudio_wjhet5xd_wpftmp.csproj]
C:\UserWorx\VSWorx\ServoStudio\wpfui-servoStudio\samples\Wpf.Ui.servoStudio\ViewModels\AppData\UserConfigViewModel.cs(105,47): warning IDE0055: 淇鏍煎紡 (https://learn.microsoft.com/dotnet/fundamentals/code-analysis/style-rules/ide0055) [C:\UserWorx\VSWorx\ServoStudio\wpfui-servoStudio\samples\Wpf.Ui.servoStudio\servoStudio_wjhet5xd_wpftmp.csproj]
C:\UserWorx\VSWorx\ServoStudio\wpfui-servoStudio\samples\Wpf.Ui.servoStudio\ViewModels\AppData\UserConfigViewModel.cs(105,52): warning IDE0055: 淇鏍煎紡 (https://learn.microsoft.com/dotnet/fundamentals/code-analysis/style-rules/ide0055) [C:\UserWorx\VSWorx\ServoStudio\wpfui-servoStudio\samples\Wpf.Ui.servoStudio\servoStudio_wjhet5xd_wpftmp.csproj]
C:\UserWorx\VSWorx\ServoStudio\wpfui-servoStudio\samples\Wpf.Ui.servoStudio\ViewModels\AppData\UserConfigViewModel.cs(177,25): warning IDE0055: 淇鏍煎紡 (https://learn.microsoft.com/dotnet/fundamentals/code-analysis/style-rules/ide0055) [C:\UserWorx\VSWorx\ServoStudio\wpfui-servoStudio\samples\Wpf.Ui.servoStudio\servoStudio_wjhet5xd_wpftmp.csproj]
C:\UserWorx\VSWorx\ServoStudio\wpfui-servoStudio\samples\Wpf.Ui.servoStudio\ViewModels\Factory\FrameFormatEditorViewModel.cs(289,13): warning IDE0011: 鍚?鈥渋f鈥?璇彞娣诲姞澶ф嫭鍙枫€?(https://learn.microsoft.com/dotnet/fundamentals/code-analysis/style-rules/ide0011) [C:\UserWorx\VSWorx\ServoStudio\wpfui-servoStudio\samples\Wpf.Ui.servoStudio\servoStudio_wjhet5xd_wpftmp.csproj]
C:\UserWorx\VSWorx\ServoStudio\wpfui-servoStudio\samples\Wpf.Ui.servoStudio\ViewModels\Factory\FrameFormatEditorViewModel.cs(290,13): warning IDE0011: 鍚?鈥渋f鈥?璇彞娣诲姞澶ф嫭鍙枫€?(https://learn.microsoft.com/dotnet/fundamentals/code-analysis/style-rules/ide0011) [C:\UserWorx\VSWorx\ServoStudio\wpfui-servoStudio\samples\Wpf.Ui.servoStudio\servoStudio_wjhet5xd_wpftmp.csproj]
C:\UserWorx\VSWorx\ServoStudio\wpfui-servoStudio\samples\Wpf.Ui.servoStudio\ViewModels\Factory\FrameFormatEditorViewModel.cs(290,33): warning IDE0058: 姘歌繙涓嶄細浣跨敤琛ㄨ揪寮忓€?(https://learn.microsoft.com/dotnet/fundamentals/code-analysis/style-rules/ide0058) [C:\UserWorx\VSWorx\ServoStudio\wpfui-servoStudio\samples\Wpf.Ui.servoStudio\servoStudio_wjhet5xd_wpftmp.csproj]
C:\UserWorx\VSWorx\ServoStudio\wpfui-servoStudio\samples\Wpf.Ui.servoStudio\ViewModels\FaultInfoViewModel.cs(85,13): warning IDE0008: 鐢ㄦ樉寮忕被鍨嬩唬鏇?"var" (https://learn.microsoft.com/dotnet/fundamentals/code-analysis/style-rules/ide0008) [C:\UserWorx\VSWorx\ServoStudio\wpfui-servoStudio\samples\Wpf.Ui.servoStudio\servoStudio_wjhet5xd_wpftmp.csproj]
C:\UserWorx\VSWorx\ServoStudio\wpfui-servoStudio\samples\Wpf.Ui.servoStudio\Views\Pages\FactoryPages\FrameFormatEditorPage.xaml.cs(227,9): warning IDE0011: 鍚?鈥渋f鈥?璇彞娣诲姞澶ф嫭鍙枫€?(https://learn.microsoft.com/dotnet/fundamentals/code-analysis/style-rules/ide0011) [C:\UserWorx\VSWorx\ServoStudio\wpfui-servoStudio\samples\Wpf.Ui.servoStudio\servoStudio_wjhet5xd_wpftmp.csproj]
C:\UserWorx\VSWorx\ServoStudio\wpfui-servoStudio\samples\Wpf.Ui.servoStudio\Views\Pages\FactoryPages\FrameFormatEditorPage.xaml.cs(230,9): warning IDE0011: 鍚?鈥渋f鈥?璇彞娣诲姞澶ф嫭鍙枫€?(https://learn.microsoft.com/dotnet/fundamentals/code-analysis/style-rules/ide0011) [C:\UserWorx\VSWorx\ServoStudio\wpfui-servoStudio\samples\Wpf.Ui.servoStudio\servoStudio_wjhet5xd_wpftmp.csproj]
C:\UserWorx\VSWorx\ServoStudio\wpfui-servoStudio\samples\Wpf.Ui.servoStudio\ViewModels\Factory\FrameFormatEditorViewModel.cs(274,13): warning IDE0011: 鍚?鈥渋f鈥?璇彞娣诲姞澶ф嫭鍙枫€?(https://learn.microsoft.com/dotnet/fundamentals/code-analysis/style-rules/ide0011) [C:\UserWorx\VSWorx\ServoStudio\wpfui-servoStudio\samples\Wpf.Ui.servoStudio\servoStudio_wjhet5xd_wpftmp.csproj]
C:\UserWorx\VSWorx\ServoStudio\wpfui-servoStudio\samples\Wpf.Ui.servoStudio\ViewModels\Factory\FrameFormatEditorViewModel.cs(278,13): warning IDE0011: 鍚?鈥渋f鈥?璇彞娣诲姞澶ф嫭鍙枫€?(https://learn.microsoft.com/dotnet/fundamentals/code-analysis/style-rules/ide0011) [C:\UserWorx\VSWorx\ServoStudio\wpfui-servoStudio\samples\Wpf.Ui.servoStudio\servoStudio_wjhet5xd_wpftmp.csproj]
C:\UserWorx\VSWorx\ServoStudio\wpfui-servoStudio\samples\Wpf.Ui.servoStudio\ViewModels\Factory\FrameFormatEditorViewModel.cs(272,13): warning IDE0008: 鐢ㄦ樉寮忕被鍨嬩唬鏇?"var" (https://learn.microsoft.com/dotnet/fundamentals/code-analysis/style-rules/ide0008) [C:\UserWorx\VSWorx\ServoStudio\wpfui-servoStudio\samples\Wpf.Ui.servoStudio\servoStudio_wjhet5xd_wpftmp.csproj]
C:\UserWorx\VSWorx\ServoStudio\wpfui-servoStudio\samples\Wpf.Ui.servoStudio\ViewModels\Factory\FrameFormatEditorViewModel.cs(276,13): warning IDE0008: 鐢ㄦ樉寮忕被鍨嬩唬鏇?"var" (https://learn.microsoft.com/dotnet/fundamentals/code-analysis/style-rules/ide0008) [C:\UserWorx\VSWorx\ServoStudio\wpfui-servoStudio\samples\Wpf.Ui.servoStudio\servoStudio_wjhet5xd_wpftmp.csproj]
C:\UserWorx\VSWorx\ServoStudio\wpfui-servoStudio\samples\Wpf.Ui.servoStudio\ViewModels\AppData\AppLogViewModel.cs(495,9): warning IDE0011: 鍚?鈥渋f鈥?璇彞娣诲姞澶ф嫭鍙枫€?(https://learn.microsoft.com/dotnet/fundamentals/code-analysis/style-rules/ide0011) [C:\UserWorx\VSWorx\ServoStudio\wpfui-servoStudio\samples\Wpf.Ui.servoStudio\servoStudio_wjhet5xd_wpftmp.csproj]
C:\UserWorx\VSWorx\ServoStudio\wpfui-servoStudio\samples\Wpf.Ui.servoStudio\ViewModels\AppData\AppLogViewModel.cs(502,9): warning IDE0011: 鍚?鈥渋f鈥?璇彞娣诲姞澶ф嫭鍙枫€?(https://learn.microsoft.com/dotnet/fundamentals/code-analysis/style-rules/ide0011) [C:\UserWorx\VSWorx\ServoStudio\wpfui-servoStudio\samples\Wpf.Ui.servoStudio\servoStudio_wjhet5xd_wpftmp.csproj]
C:\UserWorx\VSWorx\ServoStudio\wpfui-servoStudio\samples\Wpf.Ui.servoStudio\ViewModels\AppData\AppLogViewModel.cs(504,9): warning IDE0011: 鍚?鈥渆lse鈥?璇彞娣诲姞澶ф嫭鍙枫€?(https://learn.microsoft.com/dotnet/fundamentals/code-analysis/style-rules/ide0011) [C:\UserWorx\VSWorx\ServoStudio\wpfui-servoStudio\samples\Wpf.Ui.servoStudio\servoStudio_wjhet5xd_wpftmp.csproj]
C:\UserWorx\VSWorx\ServoStudio\wpfui-servoStudio\samples\Wpf.Ui.servoStudio\ViewModels\AppData\AppLogViewModel.cs(522,9): warning IDE0011: 鍚?鈥渋f鈥?璇彞娣诲姞澶ф嫭鍙枫€?(https://learn.microsoft.com/dotnet/fundamentals/code-analysis/style-rules/ide0011) [C:\UserWorx\VSWorx\ServoStudio\wpfui-servoStudio\samples\Wpf.Ui.servoStudio\servoStudio_wjhet5xd_wpftmp.csproj]
C:\UserWorx\VSWorx\ServoStudio\wpfui-servoStudio\samples\Wpf.Ui.servoStudio\ViewModels\AppData\AppLogViewModel.cs(529,9): warning IDE0011: 鍚?鈥渋f鈥?璇彞娣诲姞澶ф嫭鍙枫€?(https://learn.microsoft.com/dotnet/fundamentals/code-analysis/style-rules/ide0011) [C:\UserWorx\VSWorx\ServoStudio\wpfui-servoStudio\samples\Wpf.Ui.servoStudio\servoStudio_wjhet5xd_wpftmp.csproj]
C:\UserWorx\VSWorx\ServoStudio\wpfui-servoStudio\samples\Wpf.Ui.servoStudio\ViewModels\DashboardViewModel.cs(132,9): warning IDE0011: 鍚?鈥渋f鈥?璇彞娣诲姞澶ф嫭鍙枫€?(https://learn.microsoft.com/dotnet/fundamentals/code-analysis/style-rules/ide0011) [C:\UserWorx\VSWorx\ServoStudio\wpfui-servoStudio\samples\Wpf.Ui.servoStudio\servoStudio_wjhet5xd_wpftmp.csproj]
C:\UserWorx\VSWorx\ServoStudio\wpfui-servoStudio\samples\Wpf.Ui.servoStudio\ViewModels\DashboardViewModel.cs(133,9): warning IDE0011: 鍚?鈥渋f鈥?璇彞娣诲姞澶ф嫭鍙枫€?(https://learn.microsoft.com/dotnet/fundamentals/code-analysis/style-rules/ide0011) [C:\UserWorx\VSWorx\ServoStudio\wpfui-servoStudio\samples\Wpf.Ui.servoStudio\servoStudio_wjhet5xd_wpftmp.csproj]
C:\UserWorx\VSWorx\ServoStudio\wpfui-servoStudio\samples\Wpf.Ui.servoStudio\ViewModels\DashboardViewModel.cs(134,9): warning IDE0011: 鍚?鈥渋f鈥?璇彞娣诲姞澶ф嫭鍙枫€?(https://learn.microsoft.com/dotnet/fundamentals/code-analysis/style-rules/ide0011) [C:\UserWorx\VSWorx\ServoStudio\wpfui-servoStudio\samples\Wpf.Ui.servoStudio\servoStudio_wjhet5xd_wpftmp.csproj]
C:\UserWorx\VSWorx\ServoStudio\wpfui-servoStudio\samples\Wpf.Ui.servoStudio\ViewModels\DashboardViewModel.cs(135,9): warning IDE0011: 鍚?鈥渋f鈥?璇彞娣诲姞澶ф嫭鍙枫€?(https://learn.microsoft.com/dotnet/fundamentals/code-analysis/style-rules/ide0011) [C:\UserWorx\VSWorx\ServoStudio\wpfui-servoStudio\samples\Wpf.Ui.servoStudio\servoStudio_wjhet5xd_wpftmp.csproj]
C:\UserWorx\VSWorx\ServoStudio\wpfui-servoStudio\samples\Wpf.Ui.servoStudio\ViewModels\DashboardViewModel.cs(136,9): warning IDE0011: 鍚?鈥渋f鈥?璇彞娣诲姞澶ф嫭鍙枫€?(https://learn.microsoft.com/dotnet/fundamentals/code-analysis/style-rules/ide0011) [C:\UserWorx\VSWorx\ServoStudio\wpfui-servoStudio\samples\Wpf.Ui.servoStudio\servoStudio_wjhet5xd_wpftmp.csproj]
C:\UserWorx\VSWorx\ServoStudio\wpfui-servoStudio\samples\Wpf.Ui.servoStudio\ViewModels\DashboardViewModel.cs(137,9): warning IDE0011: 鍚?鈥渋f鈥?璇彞娣诲姞澶ф嫭鍙枫€?(https://learn.microsoft.com/dotnet/fundamentals/code-analysis/style-rules/ide0011) [C:\UserWorx\VSWorx\ServoStudio\wpfui-servoStudio\samples\Wpf.Ui.servoStudio\servoStudio_wjhet5xd_wpftmp.csproj]
C:\UserWorx\VSWorx\ServoStudio\wpfui-servoStudio\samples\Wpf.Ui.servoStudio\ViewModels\DashboardViewModel.cs(138,9): warning IDE0011: 鍚?鈥渋f鈥?璇彞娣诲姞澶ф嫭鍙枫€?(https://learn.microsoft.com/dotnet/fundamentals/code-analysis/style-rules/ide0011) [C:\UserWorx\VSWorx\ServoStudio\wpfui-servoStudio\samples\Wpf.Ui.servoStudio\servoStudio_wjhet5xd_wpftmp.csproj]
C:\UserWorx\VSWorx\ServoStudio\wpfui-servoStudio\samples\Wpf.Ui.servoStudio\ViewModels\DashboardViewModel.cs(139,9): warning IDE0011: 鍚?鈥渋f鈥?璇彞娣诲姞澶ф嫭鍙枫€?(https://learn.microsoft.com/dotnet/fundamentals/code-analysis/style-rules/ide0011) [C:\UserWorx\VSWorx\ServoStudio\wpfui-servoStudio\samples\Wpf.Ui.servoStudio\servoStudio_wjhet5xd_wpftmp.csproj]
C:\UserWorx\VSWorx\ServoStudio\wpfui-servoStudio\samples\Wpf.Ui.servoStudio\ViewModels\DashboardViewModel.cs(140,9): warning IDE0011: 鍚?鈥渋f鈥?璇彞娣诲姞澶ф嫭鍙枫€?(https://learn.microsoft.com/dotnet/fundamentals/code-analysis/style-rules/ide0011) [C:\UserWorx\VSWorx\ServoStudio\wpfui-servoStudio\samples\Wpf.Ui.servoStudio\servoStudio_wjhet5xd_wpftmp.csproj]
C:\UserWorx\VSWorx\ServoStudio\wpfui-servoStudio\samples\Wpf.Ui.servoStudio\ViewModels\DashboardViewModel.cs(141,9): warning IDE0011: 鍚?鈥渋f鈥?璇彞娣诲姞澶ф嫭鍙枫€?(https://learn.microsoft.com/dotnet/fundamentals/code-analysis/style-rules/ide0011) [C:\UserWorx\VSWorx\ServoStudio\wpfui-servoStudio\samples\Wpf.Ui.servoStudio\servoStudio_wjhet5xd_wpftmp.csproj]
C:\UserWorx\VSWorx\ServoStudio\wpfui-servoStudio\samples\Wpf.Ui.servoStudio\ViewModels\DashboardViewModel.cs(142,9): warning IDE0011: 鍚?鈥渋f鈥?璇彞娣诲姞澶ф嫭鍙枫€?(https://learn.microsoft.com/dotnet/fundamentals/code-analysis/style-rules/ide0011) [C:\UserWorx\VSWorx\ServoStudio\wpfui-servoStudio\samples\Wpf.Ui.servoStudio\servoStudio_wjhet5xd_wpftmp.csproj]
C:\UserWorx\VSWorx\ServoStudio\wpfui-servoStudio\samples\Wpf.Ui.servoStudio\ViewModels\DashboardViewModel.cs(119,9): warning IDE0008: 鐢ㄦ樉寮忕被鍨嬩唬鏇?"var" (https://learn.microsoft.com/dotnet/fundamentals/code-analysis/style-rules/ide0008) [C:\UserWorx\VSWorx\ServoStudio\wpfui-servoStudio\samples\Wpf.Ui.servoStudio\servoStudio_wjhet5xd_wpftmp.csproj]
C:\UserWorx\VSWorx\ServoStudio\wpfui-servoStudio\samples\Wpf.Ui.servoStudio\ViewModels\DashboardViewModel.cs(120,9): warning IDE0008: 鐢ㄦ樉寮忕被鍨嬩唬鏇?"var" (https://learn.microsoft.com/dotnet/fundamentals/code-analysis/style-rules/ide0008) [C:\UserWorx\VSWorx\ServoStudio\wpfui-servoStudio\samples\Wpf.Ui.servoStudio\servoStudio_wjhet5xd_wpftmp.csproj]
C:\UserWorx\VSWorx\ServoStudio\wpfui-servoStudio\samples\Wpf.Ui.servoStudio\Views\Pages\FactoryPages\FrameFormatEditorPage.xaml.cs(258,13): warning IDE0011: 鍚?鈥渋f鈥?璇彞娣诲姞澶ф嫭鍙枫€?(https://learn.microsoft.com/dotnet/fundamentals/code-analysis/style-rules/ide0011) [C:\UserWorx\VSWorx\ServoStudio\wpfui-servoStudio\samples\Wpf.Ui.servoStudio\servoStudio_wjhet5xd_wpftmp.csproj]
C:\UserWorx\VSWorx\ServoStudio\wpfui-servoStudio\samples\Wpf.Ui.servoStudio\Views\Pages\FactoryPages\FrameFormatEditorPage.xaml.cs(264,13): warning IDE0011: 鍚?鈥渋f鈥?璇彞娣诲姞澶ф嫭鍙枫€?(https://learn.microsoft.com/dotnet/fundamentals/code-analysis/style-rules/ide0011) [C:\UserWorx\VSWorx\ServoStudio\wpfui-servoStudio\samples\Wpf.Ui.servoStudio\servoStudio_wjhet5xd_wpftmp.csproj]
C:\UserWorx\VSWorx\ServoStudio\wpfui-servoStudio\samples\Wpf.Ui.servoStudio\Views\Pages\FactoryPages\FrameFormatEditorPage.xaml.cs(269,17): warning IDE0011: 鍚?鈥渋f鈥?璇彞娣诲姞澶ф嫭鍙枫€?(https://learn.microsoft.com/dotnet/fundamentals/code-analysis/style-rules/ide0011) [C:\UserWorx\VSWorx\ServoStudio\wpfui-servoStudio\samples\Wpf.Ui.servoStudio\servoStudio_wjhet5xd_wpftmp.csproj]
C:\UserWorx\VSWorx\ServoStudio\wpfui-servoStudio\samples\Wpf.Ui.servoStudio\Views\Pages\FactoryPages\FrameFormatEditorPage.xaml.cs(281,9): warning IDE0011: 鍚?鈥渋f鈥?璇彞娣诲姞澶ф嫭鍙枫€?(https://learn.microsoft.com/dotnet/fundamentals/code-analysis/style-rules/ide0011) [C:\UserWorx\VSWorx\ServoStudio\wpfui-servoStudio\samples\Wpf.Ui.servoStudio\servoStudio_wjhet5xd_wpftmp.csproj]
C:\UserWorx\VSWorx\ServoStudio\wpfui-servoStudio\samples\Wpf.Ui.servoStudio\Views\Pages\FactoryPages\FrameFormatEditorPage.xaml.cs(292,9): warning IDE0011: 鍚?鈥渋f鈥?璇彞娣诲姞澶ф嫭鍙枫€?(https://learn.microsoft.com/dotnet/fundamentals/code-analysis/style-rules/ide0011) [C:\UserWorx\VSWorx\ServoStudio\wpfui-servoStudio\samples\Wpf.Ui.servoStudio\servoStudio_wjhet5xd_wpftmp.csproj]
C:\UserWorx\VSWorx\ServoStudio\wpfui-servoStudio\samples\Wpf.Ui.servoStudio\ViewModels\AppData\AppLogViewModel.cs(559,9): warning IDE0011: 鍚?鈥渋f鈥?璇彞娣诲姞澶ф嫭鍙枫€?(https://learn.microsoft.com/dotnet/fundamentals/code-analysis/style-rules/ide0011) [C:\UserWorx\VSWorx\ServoStudio\wpfui-servoStudio\samples\Wpf.Ui.servoStudio\servoStudio_wjhet5xd_wpftmp.csproj]
C:\UserWorx\VSWorx\ServoStudio\wpfui-servoStudio\samples\Wpf.Ui.servoStudio\ViewModels\AppData\AppLogViewModel.cs(570,17): warning IDE0011: 鍚?鈥渇oreach鈥?璇彞娣诲姞澶ф嫭鍙枫€?(https://learn.microsoft.com/dotnet/fundamentals/code-analysis/style-rules/ide0011) [C:\UserWorx\VSWorx\ServoStudio\wpfui-servoStudio\samples\Wpf.Ui.servoStudio\servoStudio_wjhet5xd_wpftmp.csproj]
C:\UserWorx\VSWorx\ServoStudio\wpfui-servoStudio\samples\Wpf.Ui.servoStudio\ViewModels\AppData\AppLogViewModel.cs(575,17): warning IDE0011: 鍚?鈥渇oreach鈥?璇彞娣诲姞澶ф嫭鍙枫€?(https://learn.microsoft.com/dotnet/fundamentals/code-analysis/style-rules/ide0011) [C:\UserWorx\VSWorx\ServoStudio\wpfui-servoStudio\samples\Wpf.Ui.servoStudio\servoStudio_wjhet5xd_wpftmp.csproj]
C:\UserWorx\VSWorx\ServoStudio\wpfui-servoStudio\samples\Wpf.Ui.servoStudio\ViewModels\FaultInfoViewModel.cs(184,17): warning IDE0011: 鍚?鈥渋f鈥?璇彞娣诲姞澶ф嫭鍙枫€?(https://learn.microsoft.com/dotnet/fundamentals/code-analysis/style-rules/ide0011) [C:\UserWorx\VSWorx\ServoStudio\wpfui-servoStudio\samples\Wpf.Ui.servoStudio\servoStudio_wjhet5xd_wpftmp.csproj]
C:\UserWorx\VSWorx\ServoStudio\wpfui-servoStudio\samples\Wpf.Ui.servoStudio\ViewModels\ControlViewModel.cs(270,20): warning IDE0055: 淇鏍煎紡 (https://learn.microsoft.com/dotnet/fundamentals/code-analysis/style-rules/ide0055) [C:\UserWorx\VSWorx\ServoStudio\wpfui-servoStudio\samples\Wpf.Ui.servoStudio\servoStudio_wjhet5xd_wpftmp.csproj]
C:\UserWorx\VSWorx\ServoStudio\wpfui-servoStudio\samples\Wpf.Ui.servoStudio\ViewModels\ControlViewModel.cs(271,20): warning IDE0055: 淇鏍煎紡 (https://learn.microsoft.com/dotnet/fundamentals/code-analysis/style-rules/ide0055) [C:\UserWorx\VSWorx\ServoStudio\wpfui-servoStudio\samples\Wpf.Ui.servoStudio\servoStudio_wjhet5xd_wpftmp.csproj]
C:\UserWorx\VSWorx\ServoStudio\wpfui-servoStudio\samples\Wpf.Ui.servoStudio\ViewModels\ControlViewModel.cs(272,20): warning IDE0055: 淇鏍煎紡 (https://learn.microsoft.com/dotnet/fundamentals/code-analysis/style-rules/ide0055) [C:\UserWorx\VSWorx\ServoStudio\wpfui-servoStudio\samples\Wpf.Ui.servoStudio\servoStudio_wjhet5xd_wpftmp.csproj]
C:\UserWorx\VSWorx\ServoStudio\wpfui-servoStudio\samples\Wpf.Ui.servoStudio\ViewModels\ControlViewModel.cs(273,20): warning IDE0055: 淇鏍煎紡 (https://learn.microsoft.com/dotnet/fundamentals/code-analysis/style-rules/ide0055) [C:\UserWorx\VSWorx\ServoStudio\wpfui-servoStudio\samples\Wpf.Ui.servoStudio\servoStudio_wjhet5xd_wpftmp.csproj]
C:\UserWorx\VSWorx\ServoStudio\wpfui-servoStudio\samples\Wpf.Ui.servoStudio\ViewModels\ControlViewModel.cs(274,20): warning IDE0055: 淇鏍煎紡 (https://learn.microsoft.com/dotnet/fundamentals/code-analysis/style-rules/ide0055) [C:\UserWorx\VSWorx\ServoStudio\wpfui-servoStudio\samples\Wpf.Ui.servoStudio\servoStudio_wjhet5xd_wpftmp.csproj]
C:\UserWorx\VSWorx\ServoStudio\wpfui-servoStudio\samples\Wpf.Ui.servoStudio\ViewModels\ControlViewModel.cs(275,20): warning IDE0055: 淇鏍煎紡 (https://learn.microsoft.com/dotnet/fundamentals/code-analysis/style-rules/ide0055) [C:\UserWorx\VSWorx\ServoStudio\wpfui-servoStudio\samples\Wpf.Ui.servoStudio\servoStudio_wjhet5xd_wpftmp.csproj]
C:\UserWorx\VSWorx\ServoStudio\wpfui-servoStudio\samples\Wpf.Ui.servoStudio\ViewModels\ControlViewModel.cs(276,20): warning IDE0055: 淇鏍煎紡 (https://learn.microsoft.com/dotnet/fundamentals/code-analysis/style-rules/ide0055) [C:\UserWorx\VSWorx\ServoStudio\wpfui-servoStudio\samples\Wpf.Ui.servoStudio\servoStudio_wjhet5xd_wpftmp.csproj]
C:\UserWorx\VSWorx\ServoStudio\wpfui-servoStudio\samples\Wpf.Ui.servoStudio\ViewModels\ControlViewModel.cs(277,20): warning IDE0055: 淇鏍煎紡 (https://learn.microsoft.com/dotnet/fundamentals/code-analysis/style-rules/ide0055) [C:\UserWorx\VSWorx\ServoStudio\wpfui-servoStudio\samples\Wpf.Ui.servoStudio\servoStudio_wjhet5xd_wpftmp.csproj]
C:\UserWorx\VSWorx\ServoStudio\wpfui-servoStudio\samples\Wpf.Ui.servoStudio\ViewModels\ControlViewModel.cs(278,20): warning IDE0055: 淇鏍煎紡 (https://learn.microsoft.com/dotnet/fundamentals/code-analysis/style-rules/ide0055) [C:\UserWorx\VSWorx\ServoStudio\wpfui-servoStudio\samples\Wpf.Ui.servoStudio\servoStudio_wjhet5xd_wpftmp.csproj]
C:\UserWorx\VSWorx\ServoStudio\wpfui-servoStudio\samples\Wpf.Ui.servoStudio\ViewModels\ControlViewModel.cs(279,20): warning IDE0055: 淇鏍煎紡 (https://learn.microsoft.com/dotnet/fundamentals/code-analysis/style-rules/ide0055) [C:\UserWorx\VSWorx\ServoStudio\wpfui-servoStudio\samples\Wpf.Ui.servoStudio\servoStudio_wjhet5xd_wpftmp.csproj]
C:\UserWorx\VSWorx\ServoStudio\wpfui-servoStudio\samples\Wpf.Ui.servoStudio\ViewModels\ControlViewModel.cs(280,21): warning IDE0055: 淇鏍煎紡 (https://learn.microsoft.com/dotnet/fundamentals/code-analysis/style-rules/ide0055) [C:\UserWorx\VSWorx\ServoStudio\wpfui-servoStudio\samples\Wpf.Ui.servoStudio\servoStudio_wjhet5xd_wpftmp.csproj]
C:\UserWorx\VSWorx\ServoStudio\wpfui-servoStudio\samples\Wpf.Ui.servoStudio\ViewModels\ControlViewModel.cs(281,21): warning IDE0055: 淇鏍煎紡 (https://learn.microsoft.com/dotnet/fundamentals/code-analysis/style-rules/ide0055) [C:\UserWorx\VSWorx\ServoStudio\wpfui-servoStudio\samples\Wpf.Ui.servoStudio\servoStudio_wjhet5xd_wpftmp.csproj]
C:\UserWorx\VSWorx\ServoStudio\wpfui-servoStudio\samples\Wpf.Ui.servoStudio\ViewModels\ControlViewModel.cs(282,21): warning IDE0055: 淇鏍煎紡 (https://learn.microsoft.com/dotnet/fundamentals/code-analysis/style-rules/ide0055) [C:\UserWorx\VSWorx\ServoStudio\wpfui-servoStudio\samples\Wpf.Ui.servoStudio\servoStudio_wjhet5xd_wpftmp.csproj]
C:\UserWorx\VSWorx\ServoStudio\wpfui-servoStudio\samples\Wpf.Ui.servoStudio\ViewModels\ControlViewModel.cs(283,21): warning IDE0055: 淇鏍煎紡 (https://learn.microsoft.com/dotnet/fundamentals/code-analysis/style-rules/ide0055) [C:\UserWorx\VSWorx\ServoStudio\wpfui-servoStudio\samples\Wpf.Ui.servoStudio\servoStudio_wjhet5xd_wpftmp.csproj]
C:\UserWorx\VSWorx\ServoStudio\wpfui-servoStudio\samples\Wpf.Ui.servoStudio\ViewModels\ControlViewModel.cs(284,21): warning IDE0055: 淇鏍煎紡 (https://learn.microsoft.com/dotnet/fundamentals/code-analysis/style-rules/ide0055) [C:\UserWorx\VSWorx\ServoStudio\wpfui-servoStudio\samples\Wpf.Ui.servoStudio\servoStudio_wjhet5xd_wpftmp.csproj]
C:\UserWorx\VSWorx\ServoStudio\wpfui-servoStudio\samples\Wpf.Ui.servoStudio\ViewModels\ControlViewModel.cs(285,21): warning IDE0055: 淇鏍煎紡 (https://learn.microsoft.com/dotnet/fundamentals/code-analysis/style-rules/ide0055) [C:\UserWorx\VSWorx\ServoStudio\wpfui-servoStudio\samples\Wpf.Ui.servoStudio\servoStudio_wjhet5xd_wpftmp.csproj]
C:\UserWorx\VSWorx\ServoStudio\wpfui-servoStudio\samples\Wpf.Ui.servoStudio\ViewModels\ControlViewModel.cs(332,38): warning IDE0055: 淇鏍煎紡 (https://learn.microsoft.com/dotnet/fundamentals/code-analysis/style-rules/ide0055) [C:\UserWorx\VSWorx\ServoStudio\wpfui-servoStudio\samples\Wpf.Ui.servoStudio\servoStudio_wjhet5xd_wpftmp.csproj]
C:\UserWorx\VSWorx\ServoStudio\wpfui-servoStudio\samples\Wpf.Ui.servoStudio\Views\Pages\FactoryPages\FrameFormatEditorPage.xaml.cs(368,9): warning IDE0011: 鍚?鈥渋f鈥?璇彞娣诲姞澶ф嫭鍙枫€?(https://learn.microsoft.com/dotnet/fundamentals/code-analysis/style-rules/ide0011) [C:\UserWorx\VSWorx\ServoStudio\wpfui-servoStudio\samples\Wpf.Ui.servoStudio\servoStudio_wjhet5xd_wpftmp.csproj]
C:\UserWorx\VSWorx\ServoStudio\wpfui-servoStudio\samples\Wpf.Ui.servoStudio\ViewModels\AppData\AppLogViewModel.cs(619,13): warning IDE0011: 鍚?鈥渇oreach鈥?璇彞娣诲姞澶ф嫭鍙枫€?(https://learn.microsoft.com/dotnet/fundamentals/code-analysis/style-rules/ide0011) [C:\UserWorx\VSWorx\ServoStudio\wpfui-servoStudio\samples\Wpf.Ui.servoStudio\servoStudio_wjhet5xd_wpftmp.csproj]
C:\UserWorx\VSWorx\ServoStudio\wpfui-servoStudio\samples\Wpf.Ui.servoStudio\ViewModels\Hardware\MotorViewModel.cs(207,9): warning IDE0011: 鍚?鈥渋f鈥?璇彞娣诲姞澶ф嫭鍙枫€?(https://learn.microsoft.com/dotnet/fundamentals/code-analysis/style-rules/ide0011) [C:\UserWorx\VSWorx\ServoStudio\wpfui-servoStudio\samples\Wpf.Ui.servoStudio\servoStudio_wjhet5xd_wpftmp.csproj]
C:\UserWorx\VSWorx\ServoStudio\wpfui-servoStudio\samples\Wpf.Ui.servoStudio\Views\Pages\FactoryPages\FrameFormatEditorPage.xaml.cs(306,9): warning IDE0058: 姘歌繙涓嶄細浣跨敤琛ㄨ揪寮忓€?(https://learn.microsoft.com/dotnet/fundamentals/code-analysis/style-rules/ide0058) [C:\UserWorx\VSWorx\ServoStudio\wpfui-servoStudio\samples\Wpf.Ui.servoStudio\servoStudio_wjhet5xd_wpftmp.csproj]
C:\UserWorx\VSWorx\ServoStudio\wpfui-servoStudio\samples\Wpf.Ui.servoStudio\Views\Pages\FactoryPages\FrameFormatEditorPage.xaml.cs(314,9): warning IDE0058: 姘歌繙涓嶄細浣跨敤琛ㄨ揪寮忓€?(https://learn.microsoft.com/dotnet/fundamentals/code-analysis/style-rules/ide0058) [C:\UserWorx\VSWorx\ServoStudio\wpfui-servoStudio\samples\Wpf.Ui.servoStudio\servoStudio_wjhet5xd_wpftmp.csproj]
C:\UserWorx\VSWorx\ServoStudio\wpfui-servoStudio\samples\Wpf.Ui.servoStudio\Views\Pages\FactoryPages\FrameFormatEditorPage.xaml.cs(322,9): warning IDE0058: 姘歌繙涓嶄細浣跨敤琛ㄨ揪寮忓€?(https://learn.microsoft.com/dotnet/fundamentals/code-analysis/style-rules/ide0058) [C:\UserWorx\VSWorx\ServoStudio\wpfui-servoStudio\samples\Wpf.Ui.servoStudio\servoStudio_wjhet5xd_wpftmp.csproj]
C:\UserWorx\VSWorx\ServoStudio\wpfui-servoStudio\samples\Wpf.Ui.servoStudio\ViewModels\Factory\FactoryViewModel.cs(66,9): warning IDE0058: 姘歌繙涓嶄細浣跨敤琛ㄨ揪寮忓€?(https://learn.microsoft.com/dotnet/fundamentals/code-analysis/style-rules/ide0058) [C:\UserWorx\VSWorx\ServoStudio\wpfui-servoStudio\samples\Wpf.Ui.servoStudio\servoStudio_wjhet5xd_wpftmp.csproj]
C:\UserWorx\VSWorx\ServoStudio\wpfui-servoStudio\samples\Wpf.Ui.servoStudio\Views\Pages\FactoryPages\FrameFormatEditorPage.xaml.cs(376,9): warning IDE0011: 鍚?鈥渋f鈥?璇彞娣诲姞澶ф嫭鍙枫€?(https://learn.microsoft.com/dotnet/fundamentals/code-analysis/style-rules/ide0011) [C:\UserWorx\VSWorx\ServoStudio\wpfui-servoStudio\samples\Wpf.Ui.servoStudio\servoStudio_wjhet5xd_wpftmp.csproj]
C:\UserWorx\VSWorx\ServoStudio\wpfui-servoStudio\samples\Wpf.Ui.servoStudio\Views\Pages\FactoryPages\FrameFormatEditorPage.xaml.cs(377,9): warning IDE0011: 鍚?鈥渋f鈥?璇彞娣诲姞澶ф嫭鍙枫€?(https://learn.microsoft.com/dotnet/fundamentals/code-analysis/style-rules/ide0011) [C:\UserWorx\VSWorx\ServoStudio\wpfui-servoStudio\samples\Wpf.Ui.servoStudio\servoStudio_wjhet5xd_wpftmp.csproj]
C:\UserWorx\VSWorx\ServoStudio\wpfui-servoStudio\samples\Wpf.Ui.servoStudio\Views\Pages\FactoryPages\FrameFormatEditorPage.xaml.cs(380,9): warning IDE0011: 鍚?鈥渋f鈥?璇彞娣诲姞澶ф嫭鍙枫€?(https://learn.microsoft.com/dotnet/fundamentals/code-analysis/style-rules/ide0011) [C:\UserWorx\VSWorx\ServoStudio\wpfui-servoStudio\samples\Wpf.Ui.servoStudio\servoStudio_wjhet5xd_wpftmp.csproj]
C:\UserWorx\VSWorx\ServoStudio\wpfui-servoStudio\samples\Wpf.Ui.servoStudio\Views\Pages\FactoryPages\FrameFormatEditorPage.xaml.cs(377,31): warning IDE0008: 鐢ㄦ樉寮忕被鍨嬩唬鏇?"var" (https://learn.microsoft.com/dotnet/fundamentals/code-analysis/style-rules/ide0008) [C:\UserWorx\VSWorx\ServoStudio\wpfui-servoStudio\samples\Wpf.Ui.servoStudio\servoStudio_wjhet5xd_wpftmp.csproj]
C:\UserWorx\VSWorx\ServoStudio\wpfui-servoStudio\samples\Wpf.Ui.servoStudio\ViewModels\DashboardViewModel.cs(85,19): warning IDE0055: 淇鏍煎紡 (https://learn.microsoft.com/dotnet/fundamentals/code-analysis/style-rules/ide0055) [C:\UserWorx\VSWorx\ServoStudio\wpfui-servoStudio\samples\Wpf.Ui.servoStudio\servoStudio_wjhet5xd_wpftmp.csproj]
C:\UserWorx\VSWorx\ServoStudio\wpfui-servoStudio\samples\Wpf.Ui.servoStudio\ViewModels\DashboardViewModel.cs(85,33): warning IDE0055: 淇鏍煎紡 (https://learn.microsoft.com/dotnet/fundamentals/code-analysis/style-rules/ide0055) [C:\UserWorx\VSWorx\ServoStudio\wpfui-servoStudio\samples\Wpf.Ui.servoStudio\servoStudio_wjhet5xd_wpftmp.csproj]
C:\UserWorx\VSWorx\ServoStudio\wpfui-servoStudio\samples\Wpf.Ui.servoStudio\ViewModels\DashboardViewModel.cs(85,38): warning IDE0055: 淇鏍煎紡 (https://learn.microsoft.com/dotnet/fundamentals/code-analysis/style-rules/ide0055) [C:\UserWorx\VSWorx\ServoStudio\wpfui-servoStudio\samples\Wpf.Ui.servoStudio\servoStudio_wjhet5xd_wpftmp.csproj]
C:\UserWorx\VSWorx\ServoStudio\wpfui-servoStudio\samples\Wpf.Ui.servoStudio\ViewModels\DashboardViewModel.cs(132,87): warning IDE0055: 淇鏍煎紡 (https://learn.microsoft.com/dotnet/fundamentals/code-analysis/style-rules/ide0055) [C:\UserWorx\VSWorx\ServoStudio\wpfui-servoStudio\samples\Wpf.Ui.servoStudio\servoStudio_wjhet5xd_wpftmp.csproj]
C:\UserWorx\VSWorx\ServoStudio\wpfui-servoStudio\samples\Wpf.Ui.servoStudio\ViewModels\DashboardViewModel.cs(133,89): warning IDE0055: 淇鏍煎紡 (https://learn.microsoft.com/dotnet/fundamentals/code-analysis/style-rules/ide0055) [C:\UserWorx\VSWorx\ServoStudio\wpfui-servoStudio\samples\Wpf.Ui.servoStudio\servoStudio_wjhet5xd_wpftmp.csproj]
C:\UserWorx\VSWorx\ServoStudio\wpfui-servoStudio\samples\Wpf.Ui.servoStudio\ViewModels\DashboardViewModel.cs(134,93): warning IDE0055: 淇鏍煎紡 (https://learn.microsoft.com/dotnet/fundamentals/code-analysis/style-rules/ide0055) [C:\UserWorx\VSWorx\ServoStudio\wpfui-servoStudio\samples\Wpf.Ui.servoStudio\servoStudio_wjhet5xd_wpftmp.csproj]
C:\UserWorx\VSWorx\ServoStudio\wpfui-servoStudio\samples\Wpf.Ui.servoStudio\ViewModels\DashboardViewModel.cs(135,92): warning IDE0055: 淇鏍煎紡 (https://learn.microsoft.com/dotnet/fundamentals/code-analysis/style-rules/ide0055) [C:\UserWorx\VSWorx\ServoStudio\wpfui-servoStudio\samples\Wpf.Ui.servoStudio\servoStudio_wjhet5xd_wpftmp.csproj]
C:\UserWorx\VSWorx\ServoStudio\wpfui-servoStudio\samples\Wpf.Ui.servoStudio\ViewModels\DashboardViewModel.cs(136,85): warning IDE0055: 淇鏍煎紡 (https://learn.microsoft.com/dotnet/fundamentals/code-analysis/style-rules/ide0055) [C:\UserWorx\VSWorx\ServoStudio\wpfui-servoStudio\samples\Wpf.Ui.servoStudio\servoStudio_wjhet5xd_wpftmp.csproj]
C:\UserWorx\VSWorx\ServoStudio\wpfui-servoStudio\samples\Wpf.Ui.servoStudio\ViewModels\DashboardViewModel.cs(137,87): warning IDE0055: 淇鏍煎紡 (https://learn.microsoft.com/dotnet/fundamentals/code-analysis/style-rules/ide0055) [C:\UserWorx\VSWorx\ServoStudio\wpfui-servoStudio\samples\Wpf.Ui.servoStudio\servoStudio_wjhet5xd_wpftmp.csproj]
C:\UserWorx\VSWorx\ServoStudio\wpfui-servoStudio\samples\Wpf.Ui.servoStudio\ViewModels\DashboardViewModel.cs(138,87): warning IDE0055: 淇鏍煎紡 (https://learn.microsoft.com/dotnet/fundamentals/code-analysis/style-rules/ide0055) [C:\UserWorx\VSWorx\ServoStudio\wpfui-servoStudio\samples\Wpf.Ui.servoStudio\servoStudio_wjhet5xd_wpftmp.csproj]
C:\UserWorx\VSWorx\ServoStudio\wpfui-servoStudio\samples\Wpf.Ui.servoStudio\ViewModels\DashboardViewModel.cs(139,82): warning IDE0055: 淇鏍煎紡 (https://learn.microsoft.com/dotnet/fundamentals/code-analysis/style-rules/ide0055) [C:\UserWorx\VSWorx\ServoStudio\wpfui-servoStudio\samples\Wpf.Ui.servoStudio\servoStudio_wjhet5xd_wpftmp.csproj]
C:\UserWorx\VSWorx\ServoStudio\wpfui-servoStudio\samples\Wpf.Ui.servoStudio\ViewModels\DashboardViewModel.cs(140,80): warning IDE0055: 淇鏍煎紡 (https://learn.microsoft.com/dotnet/fundamentals/code-analysis/style-rules/ide0055) [C:\UserWorx\VSWorx\ServoStudio\wpfui-servoStudio\samples\Wpf.Ui.servoStudio\servoStudio_wjhet5xd_wpftmp.csproj]
C:\UserWorx\VSWorx\ServoStudio\wpfui-servoStudio\samples\Wpf.Ui.servoStudio\ViewModels\DashboardViewModel.cs(141,83): warning IDE0055: 淇鏍煎紡 (https://learn.microsoft.com/dotnet/fundamentals/code-analysis/style-rules/ide0055) [C:\UserWorx\VSWorx\ServoStudio\wpfui-servoStudio\samples\Wpf.Ui.servoStudio\servoStudio_wjhet5xd_wpftmp.csproj]
C:\UserWorx\VSWorx\ServoStudio\wpfui-servoStudio\samples\Wpf.Ui.servoStudio\ViewModels\DashboardViewModel.cs(149,12): warning IDE0055: 淇鏍煎紡 (https://learn.microsoft.com/dotnet/fundamentals/code-analysis/style-rules/ide0055) [C:\UserWorx\VSWorx\ServoStudio\wpfui-servoStudio\samples\Wpf.Ui.servoStudio\servoStudio_wjhet5xd_wpftmp.csproj]
C:\UserWorx\VSWorx\ServoStudio\wpfui-servoStudio\samples\Wpf.Ui.servoStudio\ViewModels\AppData\AppLogViewModel.cs(646,17): warning IDE0011: 鍚?鈥渋f鈥?璇彞娣诲姞澶ф嫭鍙枫€?(https://learn.microsoft.com/dotnet/fundamentals/code-analysis/style-rules/ide0011) [C:\UserWorx\VSWorx\ServoStudio\wpfui-servoStudio\samples\Wpf.Ui.servoStudio\servoStudio_wjhet5xd_wpftmp.csproj]
C:\UserWorx\VSWorx\ServoStudio\wpfui-servoStudio\samples\Wpf.Ui.servoStudio\ViewModels\AppData\AppLogViewModel.cs(650,17): warning IDE0011: 鍚?鈥渋f鈥?璇彞娣诲姞澶ф嫭鍙枫€?(https://learn.microsoft.com/dotnet/fundamentals/code-analysis/style-rules/ide0011) [C:\UserWorx\VSWorx\ServoStudio\wpfui-servoStudio\samples\Wpf.Ui.servoStudio\servoStudio_wjhet5xd_wpftmp.csproj]
C:\UserWorx\VSWorx\ServoStudio\wpfui-servoStudio\samples\Wpf.Ui.servoStudio\Views\Pages\FactoryPages\FrameFormatEditorPage.xaml.cs(397,13): warning IDE0011: 鍚?鈥渋f鈥?璇彞娣诲姞澶ф嫭鍙枫€?(https://learn.microsoft.com/dotnet/fundamentals/code-analysis/style-rules/ide0011) [C:\UserWorx\VSWorx\ServoStudio\wpfui-servoStudio\samples\Wpf.Ui.servoStudio\servoStudio_wjhet5xd_wpftmp.csproj]
C:\UserWorx\VSWorx\ServoStudio\wpfui-servoStudio\samples\Wpf.Ui.servoStudio\Views\Pages\FactoryPages\FrameFormatEditorPage.xaml.cs(401,13): warning IDE0011: 鍚?鈥渋f鈥?璇彞娣诲姞澶ф嫭鍙枫€?(https://learn.microsoft.com/dotnet/fundamentals/code-analysis/style-rules/ide0011) [C:\UserWorx\VSWorx\ServoStudio\wpfui-servoStudio\samples\Wpf.Ui.servoStudio\servoStudio_wjhet5xd_wpftmp.csproj]
C:\UserWorx\VSWorx\ServoStudio\wpfui-servoStudio\samples\Wpf.Ui.servoStudio\ViewModels\Tuning\AdvancedTuningViewModel.cs(51,48): warning IDE0011: 鍚?鈥渋f鈥?璇彞娣诲姞澶ф嫭鍙枫€?(https://learn.microsoft.com/dotnet/fundamentals/code-analysis/style-rules/ide0011) [C:\UserWorx\VSWorx\ServoStudio\wpfui-servoStudio\samples\Wpf.Ui.servoStudio\servoStudio_wjhet5xd_wpftmp.csproj]
C:\UserWorx\VSWorx\ServoStudio\wpfui-servoStudio\samples\Wpf.Ui.servoStudio\Views\Pages\FactoryPages\FrameFormatEditorPage.xaml.cs(415,13): warning IDE0011: 鍚?鈥渋f鈥?璇彞娣诲姞澶ф嫭鍙枫€?(https://learn.microsoft.com/dotnet/fundamentals/code-analysis/style-rules/ide0011) [C:\UserWorx\VSWorx\ServoStudio\wpfui-servoStudio\samples\Wpf.Ui.servoStudio\servoStudio_wjhet5xd_wpftmp.csproj]
C:\UserWorx\VSWorx\ServoStudio\wpfui-servoStudio\samples\Wpf.Ui.servoStudio\Views\Pages\FactoryPages\FrameFormatEditorPage.xaml.cs(413,18): warning IDE0008: 鐢ㄦ樉寮忕被鍨嬩唬鏇?"var" (https://learn.microsoft.com/dotnet/fundamentals/code-analysis/style-rules/ide0008) [C:\UserWorx\VSWorx\ServoStudio\wpfui-servoStudio\samples\Wpf.Ui.servoStudio\servoStudio_wjhet5xd_wpftmp.csproj]
C:\UserWorx\VSWorx\ServoStudio\wpfui-servoStudio\samples\Wpf.Ui.servoStudio\ViewModels\FaultInfoViewModel.cs(297,9): warning IDE0011: 鍚?鈥渇oreach鈥?璇彞娣诲姞澶ф嫭鍙枫€?(https://learn.microsoft.com/dotnet/fundamentals/code-analysis/style-rules/ide0011) [C:\UserWorx\VSWorx\ServoStudio\wpfui-servoStudio\samples\Wpf.Ui.servoStudio\servoStudio_wjhet5xd_wpftmp.csproj]
C:\UserWorx\VSWorx\ServoStudio\wpfui-servoStudio\samples\Wpf.Ui.servoStudio\ViewModels\Tuning\AdvancedTuningViewModel.cs(53,9): warning IDE0058: 姘歌繙涓嶄細浣跨敤琛ㄨ揪寮忓€?(https://learn.microsoft.com/dotnet/fundamentals/code-analysis/style-rules/ide0058) [C:\UserWorx\VSWorx\ServoStudio\wpfui-servoStudio\samples\Wpf.Ui.servoStudio\servoStudio_wjhet5xd_wpftmp.csproj]
C:\UserWorx\VSWorx\ServoStudio\wpfui-servoStudio\samples\Wpf.Ui.servoStudio\ViewModels\Tuning\AdvancedTuningViewModel.cs(54,9): warning IDE0058: 姘歌繙涓嶄細浣跨敤琛ㄨ揪寮忓€?(https://learn.microsoft.com/dotnet/fundamentals/code-analysis/style-rules/ide0058) [C:\UserWorx\VSWorx\ServoStudio\wpfui-servoStudio\samples\Wpf.Ui.servoStudio\servoStudio_wjhet5xd_wpftmp.csproj]
C:\UserWorx\VSWorx\ServoStudio\wpfui-servoStudio\samples\Wpf.Ui.servoStudio\ViewModels\Tuning\AdvancedTuningViewModel.cs(55,9): warning IDE0058: 姘歌繙涓嶄細浣跨敤琛ㄨ揪寮忓€?(https://learn.microsoft.com/dotnet/fundamentals/code-analysis/style-rules/ide0058) [C:\UserWorx\VSWorx\ServoStudio\wpfui-servoStudio\samples\Wpf.Ui.servoStudio\servoStudio_wjhet5xd_wpftmp.csproj]
C:\UserWorx\VSWorx\ServoStudio\wpfui-servoStudio\samples\Wpf.Ui.servoStudio\ViewModels\Tuning\AdvancedTuningViewModel.cs(56,9): warning IDE0058: 姘歌繙涓嶄細浣跨敤琛ㄨ揪寮忓€?(https://learn.microsoft.com/dotnet/fundamentals/code-analysis/style-rules/ide0058) [C:\UserWorx\VSWorx\ServoStudio\wpfui-servoStudio\samples\Wpf.Ui.servoStudio\servoStudio_wjhet5xd_wpftmp.csproj]
C:\UserWorx\VSWorx\ServoStudio\wpfui-servoStudio\samples\Wpf.Ui.servoStudio\ViewModels\Tuning\AdvancedTuningViewModel.cs(57,9): warning IDE0058: 姘歌繙涓嶄細浣跨敤琛ㄨ揪寮忓€?(https://learn.microsoft.com/dotnet/fundamentals/code-analysis/style-rules/ide0058) [C:\UserWorx\VSWorx\ServoStudio\wpfui-servoStudio\samples\Wpf.Ui.servoStudio\servoStudio_wjhet5xd_wpftmp.csproj]
C:\UserWorx\VSWorx\ServoStudio\wpfui-servoStudio\samples\Wpf.Ui.servoStudio\ViewModels\Tuning\AdvancedTuningViewModel.cs(58,9): warning IDE0058: 姘歌繙涓嶄細浣跨敤琛ㄨ揪寮忓€?(https://learn.microsoft.com/dotnet/fundamentals/code-analysis/style-rules/ide0058) [C:\UserWorx\VSWorx\ServoStudio\wpfui-servoStudio\samples\Wpf.Ui.servoStudio\servoStudio_wjhet5xd_wpftmp.csproj]
C:\UserWorx\VSWorx\ServoStudio\wpfui-servoStudio\samples\Wpf.Ui.servoStudio\ViewModels\Tuning\AdvancedTuningViewModel.cs(59,9): warning IDE0058: 姘歌繙涓嶄細浣跨敤琛ㄨ揪寮忓€?(https://learn.microsoft.com/dotnet/fundamentals/code-analysis/style-rules/ide0058) [C:\UserWorx\VSWorx\ServoStudio\wpfui-servoStudio\samples\Wpf.Ui.servoStudio\servoStudio_wjhet5xd_wpftmp.csproj]
C:\UserWorx\VSWorx\ServoStudio\wpfui-servoStudio\samples\Wpf.Ui.servoStudio\ViewModels\Tuning\AdvancedTuningViewModel.cs(60,9): warning IDE0058: 姘歌繙涓嶄細浣跨敤琛ㄨ揪寮忓€?(https://learn.microsoft.com/dotnet/fundamentals/code-analysis/style-rules/ide0058) [C:\UserWorx\VSWorx\ServoStudio\wpfui-servoStudio\samples\Wpf.Ui.servoStudio\servoStudio_wjhet5xd_wpftmp.csproj]
C:\UserWorx\VSWorx\ServoStudio\wpfui-servoStudio\samples\Wpf.Ui.servoStudio\ViewModels\Tuning\AdvancedTuningViewModel.cs(61,9): warning IDE0058: 姘歌繙涓嶄細浣跨敤琛ㄨ揪寮忓€?(https://learn.microsoft.com/dotnet/fundamentals/code-analysis/style-rules/ide0058) [C:\UserWorx\VSWorx\ServoStudio\wpfui-servoStudio\samples\Wpf.Ui.servoStudio\servoStudio_wjhet5xd_wpftmp.csproj]
C:\UserWorx\VSWorx\ServoStudio\wpfui-servoStudio\samples\Wpf.Ui.servoStudio\ViewModels\Tuning\AdvancedTuningViewModel.cs(62,9): warning IDE0058: 姘歌繙涓嶄細浣跨敤琛ㄨ揪寮忓€?(https://learn.microsoft.com/dotnet/fundamentals/code-analysis/style-rules/ide0058) [C:\UserWorx\VSWorx\ServoStudio\wpfui-servoStudio\samples\Wpf.Ui.servoStudio\servoStudio_wjhet5xd_wpftmp.csproj]
C:\UserWorx\VSWorx\ServoStudio\wpfui-servoStudio\samples\Wpf.Ui.servoStudio\ViewModels\Tuning\AdvancedTuningViewModel.cs(63,9): warning IDE0058: 姘歌繙涓嶄細浣跨敤琛ㄨ揪寮忓€?(https://learn.microsoft.com/dotnet/fundamentals/code-analysis/style-rules/ide0058) [C:\UserWorx\VSWorx\ServoStudio\wpfui-servoStudio\samples\Wpf.Ui.servoStudio\servoStudio_wjhet5xd_wpftmp.csproj]
C:\UserWorx\VSWorx\ServoStudio\wpfui-servoStudio\samples\Wpf.Ui.servoStudio\ViewModels\Tuning\AdvancedTuningViewModel.cs(64,9): warning IDE0058: 姘歌繙涓嶄細浣跨敤琛ㄨ揪寮忓€?(https://learn.microsoft.com/dotnet/fundamentals/code-analysis/style-rules/ide0058) [C:\UserWorx\VSWorx\ServoStudio\wpfui-servoStudio\samples\Wpf.Ui.servoStudio\servoStudio_wjhet5xd_wpftmp.csproj]
C:\UserWorx\VSWorx\ServoStudio\wpfui-servoStudio\samples\Wpf.Ui.servoStudio\ViewModels\Tuning\AdvancedTuningViewModel.cs(65,9): warning IDE0058: 姘歌繙涓嶄細浣跨敤琛ㄨ揪寮忓€?(https://learn.microsoft.com/dotnet/fundamentals/code-analysis/style-rules/ide0058) [C:\UserWorx\VSWorx\ServoStudio\wpfui-servoStudio\samples\Wpf.Ui.servoStudio\servoStudio_wjhet5xd_wpftmp.csproj]
C:\UserWorx\VSWorx\ServoStudio\wpfui-servoStudio\samples\Wpf.Ui.servoStudio\ViewModels\Tuning\AdvancedTuningViewModel.cs(66,9): warning IDE0058: 姘歌繙涓嶄細浣跨敤琛ㄨ揪寮忓€?(https://learn.microsoft.com/dotnet/fundamentals/code-analysis/style-rules/ide0058) [C:\UserWorx\VSWorx\ServoStudio\wpfui-servoStudio\samples\Wpf.Ui.servoStudio\servoStudio_wjhet5xd_wpftmp.csproj]
C:\UserWorx\VSWorx\ServoStudio\wpfui-servoStudio\samples\Wpf.Ui.servoStudio\ViewModels\Tuning\AdvancedTuningViewModel.cs(67,9): warning IDE0058: 姘歌繙涓嶄細浣跨敤琛ㄨ揪寮忓€?(https://learn.microsoft.com/dotnet/fundamentals/code-analysis/style-rules/ide0058) [C:\UserWorx\VSWorx\ServoStudio\wpfui-servoStudio\samples\Wpf.Ui.servoStudio\servoStudio_wjhet5xd_wpftmp.csproj]
C:\UserWorx\VSWorx\ServoStudio\wpfui-servoStudio\samples\Wpf.Ui.servoStudio\ViewModels\Tuning\AdvancedTuningViewModel.cs(68,9): warning IDE0058: 姘歌繙涓嶄細浣跨敤琛ㄨ揪寮忓€?(https://learn.microsoft.com/dotnet/fundamentals/code-analysis/style-rules/ide0058) [C:\UserWorx\VSWorx\ServoStudio\wpfui-servoStudio\samples\Wpf.Ui.servoStudio\servoStudio_wjhet5xd_wpftmp.csproj]
C:\UserWorx\VSWorx\ServoStudio\wpfui-servoStudio\samples\Wpf.Ui.servoStudio\ViewModels\Tuning\AdvancedTuningViewModel.cs(69,9): warning IDE0058: 姘歌繙涓嶄細浣跨敤琛ㄨ揪寮忓€?(https://learn.microsoft.com/dotnet/fundamentals/code-analysis/style-rules/ide0058) [C:\UserWorx\VSWorx\ServoStudio\wpfui-servoStudio\samples\Wpf.Ui.servoStudio\servoStudio_wjhet5xd_wpftmp.csproj]
C:\UserWorx\VSWorx\ServoStudio\wpfui-servoStudio\samples\Wpf.Ui.servoStudio\ViewModels\Hardware\MotorViewModel.cs(273,9): warning IDE0011: 鍚?鈥渋f鈥?璇彞娣诲姞澶ф嫭鍙枫€?(https://learn.microsoft.com/dotnet/fundamentals/code-analysis/style-rules/ide0011) [C:\UserWorx\VSWorx\ServoStudio\wpfui-servoStudio\samples\Wpf.Ui.servoStudio\servoStudio_wjhet5xd_wpftmp.csproj]
C:\UserWorx\VSWorx\ServoStudio\wpfui-servoStudio\samples\Wpf.Ui.servoStudio\ViewModels\FaultInfoViewModel.cs(324,9): warning IDE0011: 鍚?鈥渇oreach鈥?璇彞娣诲姞澶ф嫭鍙枫€?(https://learn.microsoft.com/dotnet/fundamentals/code-analysis/style-rules/ide0011) [C:\UserWorx\VSWorx\ServoStudio\wpfui-servoStudio\samples\Wpf.Ui.servoStudio\servoStudio_wjhet5xd_wpftmp.csproj]
C:\UserWorx\VSWorx\ServoStudio\wpfui-servoStudio\samples\Wpf.Ui.servoStudio\ViewModels\AppData\AppLogViewModel.cs(734,9): warning CA1065: Dispose 鍒涘缓 NotImplementedException 绫诲瀷鐨勫紓甯搞€備笉搴斿湪杩欑绫诲瀷鐨勬柟娉曚腑寮曞彂寮傚父銆傚鏋滄湁鍙兘浼氬紩鍙戞寮傚父瀹炰緥锛岃鏇存敼璇ユ柟娉曠殑閫昏緫锛屼娇瀹冧笉鍐嶅紩鍙戝紓甯搞€?(https://learn.microsoft.com/dotnet/fundamentals/code-analysis/quality-rules/ca1065) [C:\UserWorx\VSWorx\ServoStudio\wpfui-servoStudio\samples\Wpf.Ui.servoStudio\servoStudio_wjhet5xd_wpftmp.csproj]
C:\UserWorx\VSWorx\ServoStudio\wpfui-servoStudio\samples\Wpf.Ui.servoStudio\ViewModels\AppData\AppLogViewModel.cs(732,21): warning CA1063: 淇敼鈥淎ppLogViewModel.Dispose鈥濓紝浣垮叾璋冪敤 Dispose(true)锛屽啀瀵瑰綋鍓嶅璞″疄渚嬭皟鐢?GC.SuppressFinalize (Visual Basic 涓殑鈥滄椤光€濇垨鈥滄垜鈥?锛岀劧鍚庤繑鍥?(https://learn.microsoft.com/dotnet/fundamentals/code-analysis/quality-rules/ca1063) [C:\UserWorx\VSWorx\ServoStudio\wpfui-servoStudio\samples\Wpf.Ui.servoStudio\servoStudio_wjhet5xd_wpftmp.csproj]
C:\UserWorx\VSWorx\ServoStudio\wpfui-servoStudio\samples\Wpf.Ui.servoStudio\ViewModels\FaultInfoViewModel.cs(353,9): warning IDE0011: 鍚?鈥渋f鈥?璇彞娣诲姞澶ф嫭鍙枫€?(https://learn.microsoft.com/dotnet/fundamentals/code-analysis/style-rules/ide0011) [C:\UserWorx\VSWorx\ServoStudio\wpfui-servoStudio\samples\Wpf.Ui.servoStudio\servoStudio_wjhet5xd_wpftmp.csproj]
C:\UserWorx\VSWorx\ServoStudio\wpfui-servoStudio\samples\Wpf.Ui.servoStudio\ViewModels\Factory\FactoryViewModel.cs(180,9): warning IDE0011: 鍚?鈥渋f鈥?璇彞娣诲姞澶ф嫭鍙枫€?(https://learn.microsoft.com/dotnet/fundamentals/code-analysis/style-rules/ide0011) [C:\UserWorx\VSWorx\ServoStudio\wpfui-servoStudio\samples\Wpf.Ui.servoStudio\servoStudio_wjhet5xd_wpftmp.csproj]
C:\UserWorx\VSWorx\ServoStudio\wpfui-servoStudio\samples\Wpf.Ui.servoStudio\ViewModels\Factory\FactoryViewModel.cs(202,9): warning IDE0011: 鍚?鈥渋f鈥?璇彞娣诲姞澶ф嫭鍙枫€?(https://learn.microsoft.com/dotnet/fundamentals/code-analysis/style-rules/ide0011) [C:\UserWorx\VSWorx\ServoStudio\wpfui-servoStudio\samples\Wpf.Ui.servoStudio\servoStudio_wjhet5xd_wpftmp.csproj]
C:\UserWorx\VSWorx\ServoStudio\wpfui-servoStudio\samples\Wpf.Ui.servoStudio\ViewModels\DeviceSet\BusDiagnosticsViewModel.cs(65,32): warning IDE0055: 淇鏍煎紡 (https://learn.microsoft.com/dotnet/fundamentals/code-analysis/style-rules/ide0055) [C:\UserWorx\VSWorx\ServoStudio\wpfui-servoStudio\samples\Wpf.Ui.servoStudio\servoStudio_wjhet5xd_wpftmp.csproj]
C:\UserWorx\VSWorx\ServoStudio\wpfui-servoStudio\samples\Wpf.Ui.servoStudio\ViewModels\DeviceSet\BusDiagnosticsViewModel.cs(392,23): warning IDE0055: 淇鏍煎紡 (https://learn.microsoft.com/dotnet/fundamentals/code-analysis/style-rules/ide0055) [C:\UserWorx\VSWorx\ServoStudio\wpfui-servoStudio\samples\Wpf.Ui.servoStudio\servoStudio_wjhet5xd_wpftmp.csproj]
C:\UserWorx\VSWorx\ServoStudio\wpfui-servoStudio\samples\Wpf.Ui.servoStudio\ViewModels\DeviceSet\BusDiagnosticsViewModel.cs(436,20): warning IDE0055: 淇鏍煎紡 (https://learn.microsoft.com/dotnet/fundamentals/code-analysis/style-rules/ide0055) [C:\UserWorx\VSWorx\ServoStudio\wpfui-servoStudio\samples\Wpf.Ui.servoStudio\servoStudio_wjhet5xd_wpftmp.csproj]
C:\UserWorx\VSWorx\ServoStudio\wpfui-servoStudio\samples\Wpf.Ui.servoStudio\ViewModels\DeviceSet\BusDiagnosticsViewModel.cs(436,22): warning IDE0055: 淇鏍煎紡 (https://learn.microsoft.com/dotnet/fundamentals/code-analysis/style-rules/ide0055) [C:\UserWorx\VSWorx\ServoStudio\wpfui-servoStudio\samples\Wpf.Ui.servoStudio\servoStudio_wjhet5xd_wpftmp.csproj]
C:\UserWorx\VSWorx\ServoStudio\wpfui-servoStudio\samples\Wpf.Ui.servoStudio\ViewModels\DeviceSet\BusDiagnosticsViewModel.cs(436,39): warning IDE0055: 淇鏍煎紡 (https://learn.microsoft.com/dotnet/fundamentals/code-analysis/style-rules/ide0055) [C:\UserWorx\VSWorx\ServoStudio\wpfui-servoStudio\samples\Wpf.Ui.servoStudio\servoStudio_wjhet5xd_wpftmp.csproj]
C:\UserWorx\VSWorx\ServoStudio\wpfui-servoStudio\samples\Wpf.Ui.servoStudio\ViewModels\DeviceSet\BusDiagnosticsViewModel.cs(491,27): warning IDE0055: 淇鏍煎紡 (https://learn.microsoft.com/dotnet/fundamentals/code-analysis/style-rules/ide0055) [C:\UserWorx\VSWorx\ServoStudio\wpfui-servoStudio\samples\Wpf.Ui.servoStudio\servoStudio_wjhet5xd_wpftmp.csproj]
C:\UserWorx\VSWorx\ServoStudio\wpfui-servoStudio\samples\Wpf.Ui.servoStudio\ViewModels\DeviceSet\BusDiagnosticsViewModel.cs(492,27): warning IDE0055: 淇鏍煎紡 (https://learn.microsoft.com/dotnet/fundamentals/code-analysis/style-rules/ide0055) [C:\UserWorx\VSWorx\ServoStudio\wpfui-servoStudio\samples\Wpf.Ui.servoStudio\servoStudio_wjhet5xd_wpftmp.csproj]
C:\UserWorx\VSWorx\ServoStudio\wpfui-servoStudio\samples\Wpf.Ui.servoStudio\ViewModels\DeviceSet\BusDiagnosticsViewModel.cs(493,25): warning IDE0055: 淇鏍煎紡 (https://learn.microsoft.com/dotnet/fundamentals/code-analysis/style-rules/ide0055) [C:\UserWorx\VSWorx\ServoStudio\wpfui-servoStudio\samples\Wpf.Ui.servoStudio\servoStudio_wjhet5xd_wpftmp.csproj]
C:\UserWorx\VSWorx\ServoStudio\wpfui-servoStudio\samples\Wpf.Ui.servoStudio\ViewModels\DeviceSet\BusDiagnosticsViewModel.cs(494,27): warning IDE0055: 淇鏍煎紡 (https://learn.microsoft.com/dotnet/fundamentals/code-analysis/style-rules/ide0055) [C:\UserWorx\VSWorx\ServoStudio\wpfui-servoStudio\samples\Wpf.Ui.servoStudio\servoStudio_wjhet5xd_wpftmp.csproj]
C:\UserWorx\VSWorx\ServoStudio\wpfui-servoStudio\samples\Wpf.Ui.servoStudio\ViewModels\DeviceSet\BusDiagnosticsViewModel.cs(560,16): warning IDE0055: 淇鏍煎紡 (https://learn.microsoft.com/dotnet/fundamentals/code-analysis/style-rules/ide0055) [C:\UserWorx\VSWorx\ServoStudio\wpfui-servoStudio\samples\Wpf.Ui.servoStudio\servoStudio_wjhet5xd_wpftmp.csproj]
C:\UserWorx\VSWorx\ServoStudio\wpfui-servoStudio\samples\Wpf.Ui.servoStudio\ViewModels\DeviceSet\BusDiagnosticsViewModel.cs(560,18): warning IDE0055: 淇鏍煎紡 (https://learn.microsoft.com/dotnet/fundamentals/code-analysis/style-rules/ide0055) [C:\UserWorx\VSWorx\ServoStudio\wpfui-servoStudio\samples\Wpf.Ui.servoStudio\servoStudio_wjhet5xd_wpftmp.csproj]
C:\UserWorx\VSWorx\ServoStudio\wpfui-servoStudio\samples\Wpf.Ui.servoStudio\ViewModels\DeviceSet\BusDiagnosticsViewModel.cs(560,55): warning IDE0055: 淇鏍煎紡 (https://learn.microsoft.com/dotnet/fundamentals/code-analysis/style-rules/ide0055) [C:\UserWorx\VSWorx\ServoStudio\wpfui-servoStudio\samples\Wpf.Ui.servoStudio\servoStudio_wjhet5xd_wpftmp.csproj]
C:\UserWorx\VSWorx\ServoStudio\wpfui-servoStudio\samples\Wpf.Ui.servoStudio\ViewModels\DeviceSet\BusDiagnosticsViewModel.cs(630,30): warning IDE0055: 淇鏍煎紡 (https://learn.microsoft.com/dotnet/fundamentals/code-analysis/style-rules/ide0055) [C:\UserWorx\VSWorx\ServoStudio\wpfui-servoStudio\samples\Wpf.Ui.servoStudio\servoStudio_wjhet5xd_wpftmp.csproj]
C:\UserWorx\VSWorx\ServoStudio\wpfui-servoStudio\samples\Wpf.Ui.servoStudio\ViewModels\DeviceSet\BusDiagnosticsViewModel.cs(645,30): warning IDE0055: 淇鏍煎紡 (https://learn.microsoft.com/dotnet/fundamentals/code-analysis/style-rules/ide0055) [C:\UserWorx\VSWorx\ServoStudio\wpfui-servoStudio\samples\Wpf.Ui.servoStudio\servoStudio_wjhet5xd_wpftmp.csproj]
C:\UserWorx\VSWorx\ServoStudio\wpfui-servoStudio\samples\Wpf.Ui.servoStudio\ViewModels\DeviceSet\BusDiagnosticsViewModel.cs(660,47): warning IDE0055: 淇鏍煎紡 (https://learn.microsoft.com/dotnet/fundamentals/code-analysis/style-rules/ide0055) [C:\UserWorx\VSWorx\ServoStudio\wpfui-servoStudio\samples\Wpf.Ui.servoStudio\servoStudio_wjhet5xd_wpftmp.csproj]
C:\UserWorx\VSWorx\ServoStudio\wpfui-servoStudio\samples\Wpf.Ui.servoStudio\ViewModels\DeviceSet\BusDiagnosticsViewModel.cs(664,23): warning IDE0055: 淇鏍煎紡 (https://learn.microsoft.com/dotnet/fundamentals/code-analysis/style-rules/ide0055) [C:\UserWorx\VSWorx\ServoStudio\wpfui-servoStudio\samples\Wpf.Ui.servoStudio\servoStudio_wjhet5xd_wpftmp.csproj]
C:\UserWorx\VSWorx\ServoStudio\wpfui-servoStudio\samples\Wpf.Ui.servoStudio\ViewModels\DeviceSet\BusDiagnosticsViewModel.cs(797,42): warning IDE0055: 淇鏍煎紡 (https://learn.microsoft.com/dotnet/fundamentals/code-analysis/style-rules/ide0055) [C:\UserWorx\VSWorx\ServoStudio\wpfui-servoStudio\samples\Wpf.Ui.servoStudio\servoStudio_wjhet5xd_wpftmp.csproj]
C:\UserWorx\VSWorx\ServoStudio\wpfui-servoStudio\samples\Wpf.Ui.servoStudio\ViewModels\DeviceSet\BusDiagnosticsViewModel.cs(799,43): warning IDE0055: 淇鏍煎紡 (https://learn.microsoft.com/dotnet/fundamentals/code-analysis/style-rules/ide0055) [C:\UserWorx\VSWorx\ServoStudio\wpfui-servoStudio\samples\Wpf.Ui.servoStudio\servoStudio_wjhet5xd_wpftmp.csproj]
C:\UserWorx\VSWorx\ServoStudio\wpfui-servoStudio\samples\Wpf.Ui.servoStudio\ViewModels\DeviceSet\BusDiagnosticsViewModel.cs(803,50): warning IDE0055: 淇鏍煎紡 (https://learn.microsoft.com/dotnet/fundamentals/code-analysis/style-rules/ide0055) [C:\UserWorx\VSWorx\ServoStudio\wpfui-servoStudio\samples\Wpf.Ui.servoStudio\servoStudio_wjhet5xd_wpftmp.csproj]
C:\UserWorx\VSWorx\ServoStudio\wpfui-servoStudio\samples\Wpf.Ui.servoStudio\ViewModels\DeviceSet\BusDiagnosticsViewModel.cs(814,48): warning IDE0055: 淇鏍煎紡 (https://learn.microsoft.com/dotnet/fundamentals/code-analysis/style-rules/ide0055) [C:\UserWorx\VSWorx\ServoStudio\wpfui-servoStudio\samples\Wpf.Ui.servoStudio\servoStudio_wjhet5xd_wpftmp.csproj]
C:\UserWorx\VSWorx\ServoStudio\wpfui-servoStudio\samples\Wpf.Ui.servoStudio\ViewModels\DeviceSet\BusDiagnosticsViewModel.cs(816,45): warning IDE0055: 淇鏍煎紡 (https://learn.microsoft.com/dotnet/fundamentals/code-analysis/style-rules/ide0055) [C:\UserWorx\VSWorx\ServoStudio\wpfui-servoStudio\samples\Wpf.Ui.servoStudio\servoStudio_wjhet5xd_wpftmp.csproj]
C:\UserWorx\VSWorx\ServoStudio\wpfui-servoStudio\samples\Wpf.Ui.servoStudio\ViewModels\DeviceSet\BusDiagnosticsViewModel.cs(831,44): warning IDE0055: 淇鏍煎紡 (https://learn.microsoft.com/dotnet/fundamentals/code-analysis/style-rules/ide0055) [C:\UserWorx\VSWorx\ServoStudio\wpfui-servoStudio\samples\Wpf.Ui.servoStudio\servoStudio_wjhet5xd_wpftmp.csproj]
C:\UserWorx\VSWorx\ServoStudio\wpfui-servoStudio\samples\Wpf.Ui.servoStudio\ViewModels\DeviceSet\BusDiagnosticsViewModel.cs(836,22): warning IDE0055: 淇鏍煎紡 (https://learn.microsoft.com/dotnet/fundamentals/code-analysis/style-rules/ide0055) [C:\UserWorx\VSWorx\ServoStudio\wpfui-servoStudio\samples\Wpf.Ui.servoStudio\servoStudio_wjhet5xd_wpftmp.csproj]
C:\UserWorx\VSWorx\ServoStudio\wpfui-servoStudio\samples\Wpf.Ui.servoStudio\ViewModels\DeviceSet\BusDiagnosticsViewModel.cs(838,95): warning IDE0055: 淇鏍煎紡 (https://learn.microsoft.com/dotnet/fundamentals/code-analysis/style-rules/ide0055) [C:\UserWorx\VSWorx\ServoStudio\wpfui-servoStudio\samples\Wpf.Ui.servoStudio\servoStudio_wjhet5xd_wpftmp.csproj]
C:\UserWorx\VSWorx\ServoStudio\wpfui-servoStudio\samples\Wpf.Ui.servoStudio\ViewModels\DeviceSet\BusDiagnosticsViewModel.cs(839,97): warning IDE0055: 淇鏍煎紡 (https://learn.microsoft.com/dotnet/fundamentals/code-analysis/style-rules/ide0055) [C:\UserWorx\VSWorx\ServoStudio\wpfui-servoStudio\samples\Wpf.Ui.servoStudio\servoStudio_wjhet5xd_wpftmp.csproj]
C:\UserWorx\VSWorx\ServoStudio\wpfui-servoStudio\samples\Wpf.Ui.servoStudio\ViewModels\DeviceSet\BusDiagnosticsViewModel.cs(861,50): warning IDE0055: 淇鏍煎紡 (https://learn.microsoft.com/dotnet/fundamentals/code-analysis/style-rules/ide0055) [C:\UserWorx\VSWorx\ServoStudio\wpfui-servoStudio\samples\Wpf.Ui.servoStudio\servoStudio_wjhet5xd_wpftmp.csproj]
C:\UserWorx\VSWorx\ServoStudio\wpfui-servoStudio\samples\Wpf.Ui.servoStudio\ViewModels\DeviceSet\BusDiagnosticsViewModel.cs(862,50): warning IDE0055: 淇鏍煎紡 (https://learn.microsoft.com/dotnet/fundamentals/code-analysis/style-rules/ide0055) [C:\UserWorx\VSWorx\ServoStudio\wpfui-servoStudio\samples\Wpf.Ui.servoStudio\servoStudio_wjhet5xd_wpftmp.csproj]
C:\UserWorx\VSWorx\ServoStudio\wpfui-servoStudio\samples\Wpf.Ui.servoStudio\ViewModels\DeviceSet\BusDiagnosticsViewModel.cs(897,47): warning IDE0055: 淇鏍煎紡 (https://learn.microsoft.com/dotnet/fundamentals/code-analysis/style-rules/ide0055) [C:\UserWorx\VSWorx\ServoStudio\wpfui-servoStudio\samples\Wpf.Ui.servoStudio\servoStudio_wjhet5xd_wpftmp.csproj]
C:\UserWorx\VSWorx\ServoStudio\wpfui-servoStudio\samples\Wpf.Ui.servoStudio\ViewModels\DeviceSet\BusDiagnosticsViewModel.cs(898,47): warning IDE0055: 淇鏍煎紡 (https://learn.microsoft.com/dotnet/fundamentals/code-analysis/style-rules/ide0055) [C:\UserWorx\VSWorx\ServoStudio\wpfui-servoStudio\samples\Wpf.Ui.servoStudio\servoStudio_wjhet5xd_wpftmp.csproj]
C:\UserWorx\VSWorx\ServoStudio\wpfui-servoStudio\samples\Wpf.Ui.servoStudio\ViewModels\DeviceSet\BusDiagnosticsViewModel.cs(926,18): warning IDE0055: 淇鏍煎紡 (https://learn.microsoft.com/dotnet/fundamentals/code-analysis/style-rules/ide0055) [C:\UserWorx\VSWorx\ServoStudio\wpfui-servoStudio\samples\Wpf.Ui.servoStudio\servoStudio_wjhet5xd_wpftmp.csproj]
C:\UserWorx\VSWorx\ServoStudio\wpfui-servoStudio\samples\Wpf.Ui.servoStudio\ViewModels\DeviceSet\BusDiagnosticsViewModel.cs(928,18): warning IDE0055: 淇鏍煎紡 (https://learn.microsoft.com/dotnet/fundamentals/code-analysis/style-rules/ide0055) [C:\UserWorx\VSWorx\ServoStudio\wpfui-servoStudio\samples\Wpf.Ui.servoStudio\servoStudio_wjhet5xd_wpftmp.csproj]
C:\UserWorx\VSWorx\ServoStudio\wpfui-servoStudio\samples\Wpf.Ui.servoStudio\ViewModels\DeviceSet\BusDiagnosticsViewModel.cs(932,35): warning IDE0055: 淇鏍煎紡 (https://learn.microsoft.com/dotnet/fundamentals/code-analysis/style-rules/ide0055) [C:\UserWorx\VSWorx\ServoStudio\wpfui-servoStudio\samples\Wpf.Ui.servoStudio\servoStudio_wjhet5xd_wpftmp.csproj]
C:\UserWorx\VSWorx\ServoStudio\wpfui-servoStudio\samples\Wpf.Ui.servoStudio\ViewModels\DeviceSet\BusDiagnosticsViewModel.cs(933,35): warning IDE0055: 淇鏍煎紡 (https://learn.microsoft.com/dotnet/fundamentals/code-analysis/style-rules/ide0055) [C:\UserWorx\VSWorx\ServoStudio\wpfui-servoStudio\samples\Wpf.Ui.servoStudio\servoStudio_wjhet5xd_wpftmp.csproj]
C:\UserWorx\VSWorx\ServoStudio\wpfui-servoStudio\samples\Wpf.Ui.servoStudio\ViewModels\DeviceSet\BusDiagnosticsViewModel.cs(934,36): warning IDE0055: 淇鏍煎紡 (https://learn.microsoft.com/dotnet/fundamentals/code-analysis/style-rules/ide0055) [C:\UserWorx\VSWorx\ServoStudio\wpfui-servoStudio\samples\Wpf.Ui.servoStudio\servoStudio_wjhet5xd_wpftmp.csproj]
C:\UserWorx\VSWorx\ServoStudio\wpfui-servoStudio\samples\Wpf.Ui.servoStudio\ViewModels\DeviceSet\BusDiagnosticsViewModel.cs(935,40): warning IDE0055: 淇鏍煎紡 (https://learn.microsoft.com/dotnet/fundamentals/code-analysis/style-rules/ide0055) [C:\UserWorx\VSWorx\ServoStudio\wpfui-servoStudio\samples\Wpf.Ui.servoStudio\servoStudio_wjhet5xd_wpftmp.csproj]
C:\UserWorx\VSWorx\ServoStudio\wpfui-servoStudio\samples\Wpf.Ui.servoStudio\ViewModels\DeviceSet\BusDiagnosticsViewModel.cs(940,20): warning IDE0055: 淇鏍煎紡 (https://learn.microsoft.com/dotnet/fundamentals/code-analysis/style-rules/ide0055) [C:\UserWorx\VSWorx\ServoStudio\wpfui-servoStudio\samples\Wpf.Ui.servoStudio\servoStudio_wjhet5xd_wpftmp.csproj]
C:\UserWorx\VSWorx\ServoStudio\wpfui-servoStudio\samples\Wpf.Ui.servoStudio\ViewModels\DeviceSet\BusDiagnosticsViewModel.cs(940,37): warning IDE0055: 淇鏍煎紡 (https://learn.microsoft.com/dotnet/fundamentals/code-analysis/style-rules/ide0055) [C:\UserWorx\VSWorx\ServoStudio\wpfui-servoStudio\samples\Wpf.Ui.servoStudio\servoStudio_wjhet5xd_wpftmp.csproj]
C:\UserWorx\VSWorx\ServoStudio\wpfui-servoStudio\samples\Wpf.Ui.servoStudio\ViewModels\DeviceSet\BusDiagnosticsViewModel.cs(942,20): warning IDE0055: 淇鏍煎紡 (https://learn.microsoft.com/dotnet/fundamentals/code-analysis/style-rules/ide0055) [C:\UserWorx\VSWorx\ServoStudio\wpfui-servoStudio\samples\Wpf.Ui.servoStudio\servoStudio_wjhet5xd_wpftmp.csproj]
C:\UserWorx\VSWorx\ServoStudio\wpfui-servoStudio\samples\Wpf.Ui.servoStudio\ViewModels\DeviceSet\BusDiagnosticsViewModel.cs(942,37): warning IDE0055: 淇鏍煎紡 (https://learn.microsoft.com/dotnet/fundamentals/code-analysis/style-rules/ide0055) [C:\UserWorx\VSWorx\ServoStudio\wpfui-servoStudio\samples\Wpf.Ui.servoStudio\servoStudio_wjhet5xd_wpftmp.csproj]
C:\UserWorx\VSWorx\ServoStudio\wpfui-servoStudio\samples\Wpf.Ui.servoStudio\ViewModels\DeviceSet\BusDiagnosticsViewModel.cs(943,21): warning IDE0055: 淇鏍煎紡 (https://learn.microsoft.com/dotnet/fundamentals/code-analysis/style-rules/ide0055) [C:\UserWorx\VSWorx\ServoStudio\wpfui-servoStudio\samples\Wpf.Ui.servoStudio\servoStudio_wjhet5xd_wpftmp.csproj]
C:\UserWorx\VSWorx\ServoStudio\wpfui-servoStudio\samples\Wpf.Ui.servoStudio\ViewModels\DeviceSet\BusDiagnosticsViewModel.cs(943,41): warning IDE0055: 淇鏍煎紡 (https://learn.microsoft.com/dotnet/fundamentals/code-analysis/style-rules/ide0055) [C:\UserWorx\VSWorx\ServoStudio\wpfui-servoStudio\samples\Wpf.Ui.servoStudio\servoStudio_wjhet5xd_wpftmp.csproj]
C:\UserWorx\VSWorx\ServoStudio\wpfui-servoStudio\samples\Wpf.Ui.servoStudio\ViewModels\DeviceSet\BusDiagnosticsViewModel.cs(944,20): warning IDE0055: 淇鏍煎紡 (https://learn.microsoft.com/dotnet/fundamentals/code-analysis/style-rules/ide0055) [C:\UserWorx\VSWorx\ServoStudio\wpfui-servoStudio\samples\Wpf.Ui.servoStudio\servoStudio_wjhet5xd_wpftmp.csproj]
C:\UserWorx\VSWorx\ServoStudio\wpfui-servoStudio\samples\Wpf.Ui.servoStudio\ViewModels\DeviceSet\BusDiagnosticsViewModel.cs(944,40): warning IDE0055: 淇鏍煎紡 (https://learn.microsoft.com/dotnet/fundamentals/code-analysis/style-rules/ide0055) [C:\UserWorx\VSWorx\ServoStudio\wpfui-servoStudio\samples\Wpf.Ui.servoStudio\servoStudio_wjhet5xd_wpftmp.csproj]
C:\UserWorx\VSWorx\ServoStudio\wpfui-servoStudio\samples\Wpf.Ui.servoStudio\ViewModels\DeviceSet\BusDiagnosticsViewModel.cs(956,27): warning IDE0055: 淇鏍煎紡 (https://learn.microsoft.com/dotnet/fundamentals/code-analysis/style-rules/ide0055) [C:\UserWorx\VSWorx\ServoStudio\wpfui-servoStudio\samples\Wpf.Ui.servoStudio\servoStudio_wjhet5xd_wpftmp.csproj]
C:\UserWorx\VSWorx\ServoStudio\wpfui-servoStudio\samples\Wpf.Ui.servoStudio\ViewModels\DeviceSet\BusDiagnosticsViewModel.cs(274,9): warning IDE2003: 鍧椾笌鍚庣画璇彞涔嬮棿闇€瑕佹湁绌虹櫧琛?(https://learn.microsoft.com/dotnet/fundamentals/code-analysis/style-rules/ide2003) [C:\UserWorx\VSWorx\ServoStudio\wpfui-servoStudio\samples\Wpf.Ui.servoStudio\servoStudio_wjhet5xd_wpftmp.csproj]
C:\UserWorx\VSWorx\ServoStudio\wpfui-servoStudio\samples\Wpf.Ui.servoStudio\ViewModels\DeviceSet\BusDiagnosticsViewModel.cs(385,9): warning IDE2003: 鍧椾笌鍚庣画璇彞涔嬮棿闇€瑕佹湁绌虹櫧琛?(https://learn.microsoft.com/dotnet/fundamentals/code-analysis/style-rules/ide2003) [C:\UserWorx\VSWorx\ServoStudio\wpfui-servoStudio\samples\Wpf.Ui.servoStudio\servoStudio_wjhet5xd_wpftmp.csproj]
C:\UserWorx\VSWorx\ServoStudio\wpfui-servoStudio\samples\Wpf.Ui.servoStudio\ViewModels\DeviceSet\BusDiagnosticsViewModel.cs(667,9): warning IDE2003: 鍧椾笌鍚庣画璇彞涔嬮棿闇€瑕佹湁绌虹櫧琛?(https://learn.microsoft.com/dotnet/fundamentals/code-analysis/style-rules/ide2003) [C:\UserWorx\VSWorx\ServoStudio\wpfui-servoStudio\samples\Wpf.Ui.servoStudio\servoStudio_wjhet5xd_wpftmp.csproj]
C:\UserWorx\VSWorx\ServoStudio\wpfui-servoStudio\samples\Wpf.Ui.servoStudio\ViewModels\DeviceSet\BusDiagnosticsViewModel.cs(724,13): warning IDE2003: 鍧椾笌鍚庣画璇彞涔嬮棿闇€瑕佹湁绌虹櫧琛?(https://learn.microsoft.com/dotnet/fundamentals/code-analysis/style-rules/ide2003) [C:\UserWorx\VSWorx\ServoStudio\wpfui-servoStudio\samples\Wpf.Ui.servoStudio\servoStudio_wjhet5xd_wpftmp.csproj]
C:\UserWorx\VSWorx\ServoStudio\wpfui-servoStudio\samples\Wpf.Ui.servoStudio\ViewModels\DeviceSet\BusDiagnosticsViewModel.cs(761,9): warning IDE2003: 鍧椾笌鍚庣画璇彞涔嬮棿闇€瑕佹湁绌虹櫧琛?(https://learn.microsoft.com/dotnet/fundamentals/code-analysis/style-rules/ide2003) [C:\UserWorx\VSWorx\ServoStudio\wpfui-servoStudio\samples\Wpf.Ui.servoStudio\servoStudio_wjhet5xd_wpftmp.csproj]
C:\UserWorx\VSWorx\ServoStudio\wpfui-servoStudio\samples\Wpf.Ui.servoStudio\ViewModels\DeviceSet\BusDiagnosticsViewModel.cs(863,17): warning IDE2003: 鍧椾笌鍚庣画璇彞涔嬮棿闇€瑕佹湁绌虹櫧琛?(https://learn.microsoft.com/dotnet/fundamentals/code-analysis/style-rules/ide2003) [C:\UserWorx\VSWorx\ServoStudio\wpfui-servoStudio\samples\Wpf.Ui.servoStudio\servoStudio_wjhet5xd_wpftmp.csproj]
C:\UserWorx\VSWorx\ServoStudio\wpfui-servoStudio\samples\Wpf.Ui.servoStudio\ViewModels\DeviceSet\BusDiagnosticsViewModel.cs(899,9): warning IDE2003: 鍧椾笌鍚庣画璇彞涔嬮棿闇€瑕佹湁绌虹櫧琛?(https://learn.microsoft.com/dotnet/fundamentals/code-analysis/style-rules/ide2003) [C:\UserWorx\VSWorx\ServoStudio\wpfui-servoStudio\samples\Wpf.Ui.servoStudio\servoStudio_wjhet5xd_wpftmp.csproj]
C:\UserWorx\VSWorx\ServoStudio\wpfui-servoStudio\samples\Wpf.Ui.servoStudio\ViewModels\FaultInfoViewModel.cs(411,9): warning IDE0011: 鍚?鈥渋f鈥?璇彞娣诲姞澶ф嫭鍙枫€?(https://learn.microsoft.com/dotnet/fundamentals/code-analysis/style-rules/ide0011) [C:\UserWorx\VSWorx\ServoStudio\wpfui-servoStudio\samples\Wpf.Ui.servoStudio\servoStudio_wjhet5xd_wpftmp.csproj]
C:\UserWorx\VSWorx\ServoStudio\wpfui-servoStudio\samples\Wpf.Ui.servoStudio\ViewModels\FaultInfoViewModel.cs(412,9): warning IDE0011: 鍚?鈥渋f鈥?璇彞娣诲姞澶ф嫭鍙枫€?(https://learn.microsoft.com/dotnet/fundamentals/code-analysis/style-rules/ide0011) [C:\UserWorx\VSWorx\ServoStudio\wpfui-servoStudio\samples\Wpf.Ui.servoStudio\servoStudio_wjhet5xd_wpftmp.csproj]
C:\UserWorx\VSWorx\ServoStudio\wpfui-servoStudio\samples\Wpf.Ui.servoStudio\ViewModels\FaultInfoViewModel.cs(413,9): warning IDE0011: 鍚?鈥渋f鈥?璇彞娣诲姞澶ф嫭鍙枫€?(https://learn.microsoft.com/dotnet/fundamentals/code-analysis/style-rules/ide0011) [C:\UserWorx\VSWorx\ServoStudio\wpfui-servoStudio\samples\Wpf.Ui.servoStudio\servoStudio_wjhet5xd_wpftmp.csproj]
C:\UserWorx\VSWorx\ServoStudio\wpfui-servoStudio\samples\Wpf.Ui.servoStudio\ViewModels\FaultInfoViewModel.cs(414,9): warning IDE0011: 鍚?鈥渋f鈥?璇彞娣诲姞澶ф嫭鍙枫€?(https://learn.microsoft.com/dotnet/fundamentals/code-analysis/style-rules/ide0011) [C:\UserWorx\VSWorx\ServoStudio\wpfui-servoStudio\samples\Wpf.Ui.servoStudio\servoStudio_wjhet5xd_wpftmp.csproj]
C:\UserWorx\VSWorx\ServoStudio\wpfui-servoStudio\samples\Wpf.Ui.servoStudio\ViewModels\FaultInfoViewModel.cs(415,9): warning IDE0011: 鍚?鈥渋f鈥?璇彞娣诲姞澶ф嫭鍙枫€?(https://learn.microsoft.com/dotnet/fundamentals/code-analysis/style-rules/ide0011) [C:\UserWorx\VSWorx\ServoStudio\wpfui-servoStudio\samples\Wpf.Ui.servoStudio\servoStudio_wjhet5xd_wpftmp.csproj]
C:\UserWorx\VSWorx\ServoStudio\wpfui-servoStudio\samples\Wpf.Ui.servoStudio\ViewModels\FaultInfoViewModel.cs(416,9): warning IDE0011: 鍚?鈥渋f鈥?璇彞娣诲姞澶ф嫭鍙枫€?(https://learn.microsoft.com/dotnet/fundamentals/code-analysis/style-rules/ide0011) [C:\UserWorx\VSWorx\ServoStudio\wpfui-servoStudio\samples\Wpf.Ui.servoStudio\servoStudio_wjhet5xd_wpftmp.csproj]
C:\UserWorx\VSWorx\ServoStudio\wpfui-servoStudio\samples\Wpf.Ui.servoStudio\ViewModels\FaultInfoViewModel.cs(417,9): warning IDE0011: 鍚?鈥渋f鈥?璇彞娣诲姞澶ф嫭鍙枫€?(https://learn.microsoft.com/dotnet/fundamentals/code-analysis/style-rules/ide0011) [C:\UserWorx\VSWorx\ServoStudio\wpfui-servoStudio\samples\Wpf.Ui.servoStudio\servoStudio_wjhet5xd_wpftmp.csproj]
C:\UserWorx\VSWorx\ServoStudio\wpfui-servoStudio\samples\Wpf.Ui.servoStudio\ViewModels\FaultInfoViewModel.cs(418,9): warning IDE0011: 鍚?鈥渋f鈥?璇彞娣诲姞澶ф嫭鍙枫€?(https://learn.microsoft.com/dotnet/fundamentals/code-analysis/style-rules/ide0011) [C:\UserWorx\VSWorx\ServoStudio\wpfui-servoStudio\samples\Wpf.Ui.servoStudio\servoStudio_wjhet5xd_wpftmp.csproj]
C:\UserWorx\VSWorx\ServoStudio\wpfui-servoStudio\samples\Wpf.Ui.servoStudio\ViewModels\FaultInfoViewModel.cs(419,9): warning IDE0011: 鍚?鈥渋f鈥?璇彞娣诲姞澶ф嫭鍙枫€?(https://learn.microsoft.com/dotnet/fundamentals/code-analysis/style-rules/ide0011) [C:\UserWorx\VSWorx\ServoStudio\wpfui-servoStudio\samples\Wpf.Ui.servoStudio\servoStudio_wjhet5xd_wpftmp.csproj]
C:\UserWorx\VSWorx\ServoStudio\wpfui-servoStudio\samples\Wpf.Ui.servoStudio\ViewModels\FaultInfoViewModel.cs(420,9): warning IDE0011: 鍚?鈥渋f鈥?璇彞娣诲姞澶ф嫭鍙枫€?(https://learn.microsoft.com/dotnet/fundamentals/code-analysis/style-rules/ide0011) [C:\UserWorx\VSWorx\ServoStudio\wpfui-servoStudio\samples\Wpf.Ui.servoStudio\servoStudio_wjhet5xd_wpftmp.csproj]
C:\UserWorx\VSWorx\ServoStudio\wpfui-servoStudio\samples\Wpf.Ui.servoStudio\ViewModels\Hardware\MotorViewModel.cs(361,9): warning IDE0058: 姘歌繙涓嶄細浣跨敤琛ㄨ揪寮忓€?(https://learn.microsoft.com/dotnet/fundamentals/code-analysis/style-rules/ide0058) [C:\UserWorx\VSWorx\ServoStudio\wpfui-servoStudio\samples\Wpf.Ui.servoStudio\servoStudio_wjhet5xd_wpftmp.csproj]
C:\UserWorx\VSWorx\ServoStudio\wpfui-servoStudio\samples\Wpf.Ui.servoStudio\ViewModels\Motion\MotionTypeViewModel.cs(165,21): warning IDE0011: 鍚?鈥渋f鈥?璇彞娣诲姞澶ф嫭鍙枫€?(https://learn.microsoft.com/dotnet/fundamentals/code-analysis/style-rules/ide0011) [C:\UserWorx\VSWorx\ServoStudio\wpfui-servoStudio\samples\Wpf.Ui.servoStudio\servoStudio_wjhet5xd_wpftmp.csproj]
C:\UserWorx\VSWorx\ServoStudio\wpfui-servoStudio\samples\Wpf.Ui.servoStudio\ViewModels\Motion\MotionTypeViewModel.cs(166,26): warning IDE0011: 鍚?鈥渋f鈥?璇彞娣诲姞澶ф嫭鍙枫€?(https://learn.microsoft.com/dotnet/fundamentals/code-analysis/style-rules/ide0011) [C:\UserWorx\VSWorx\ServoStudio\wpfui-servoStudio\samples\Wpf.Ui.servoStudio\servoStudio_wjhet5xd_wpftmp.csproj]
C:\UserWorx\VSWorx\ServoStudio\wpfui-servoStudio\samples\Wpf.Ui.servoStudio\ViewModels\Motion\MotionTypeViewModel.cs(192,9): warning IDE0011: 鍚?鈥渋f鈥?璇彞娣诲姞澶ф嫭鍙枫€?(https://learn.microsoft.com/dotnet/fundamentals/code-analysis/style-rules/ide0011) [C:\UserWorx\VSWorx\ServoStudio\wpfui-servoStudio\samples\Wpf.Ui.servoStudio\servoStudio_wjhet5xd_wpftmp.csproj]
C:\UserWorx\VSWorx\ServoStudio\wpfui-servoStudio\samples\Wpf.Ui.servoStudio\ViewModels\Motion\MotionTypeViewModel.cs(194,9): warning IDE0011: 鍚?鈥渋f鈥?璇彞娣诲姞澶ф嫭鍙枫€?(https://learn.microsoft.com/dotnet/fundamentals/code-analysis/style-rules/ide0011) [C:\UserWorx\VSWorx\ServoStudio\wpfui-servoStudio\samples\Wpf.Ui.servoStudio\servoStudio_wjhet5xd_wpftmp.csproj]
C:\UserWorx\VSWorx\ServoStudio\wpfui-servoStudio\samples\Wpf.Ui.servoStudio\ViewModels\ControlViewModel.cs(161,13): warning IDE0011: 鍚?鈥渋f鈥?璇彞娣诲姞澶ф嫭鍙枫€?(https://learn.microsoft.com/dotnet/fundamentals/code-analysis/style-rules/ide0011) [C:\UserWorx\VSWorx\ServoStudio\wpfui-servoStudio\samples\Wpf.Ui.servoStudio\servoStudio_wjhet5xd_wpftmp.csproj]
C:\UserWorx\VSWorx\ServoStudio\wpfui-servoStudio\samples\Wpf.Ui.servoStudio\ViewModels\ControlViewModel.cs(167,9): warning IDE0011: 鍚?鈥渋f鈥?璇彞娣诲姞澶ф嫭鍙枫€?(https://learn.microsoft.com/dotnet/fundamentals/code-analysis/style-rules/ide0011) [C:\UserWorx\VSWorx\ServoStudio\wpfui-servoStudio\samples\Wpf.Ui.servoStudio\servoStudio_wjhet5xd_wpftmp.csproj]
C:\UserWorx\VSWorx\ServoStudio\wpfui-servoStudio\samples\Wpf.Ui.servoStudio\ViewModels\ControlViewModel.cs(172,9): warning IDE0011: 鍚?鈥渋f鈥?璇彞娣诲姞澶ф嫭鍙枫€?(https://learn.microsoft.com/dotnet/fundamentals/code-analysis/style-rules/ide0011) [C:\UserWorx\VSWorx\ServoStudio\wpfui-servoStudio\samples\Wpf.Ui.servoStudio\servoStudio_wjhet5xd_wpftmp.csproj]
C:\UserWorx\VSWorx\ServoStudio\wpfui-servoStudio\samples\Wpf.Ui.servoStudio\ViewModels\ControlViewModel.cs(177,9): warning IDE0011: 鍚?鈥渋f鈥?璇彞娣诲姞澶ф嫭鍙枫€?(https://learn.microsoft.com/dotnet/fundamentals/code-analysis/style-rules/ide0011) [C:\UserWorx\VSWorx\ServoStudio\wpfui-servoStudio\samples\Wpf.Ui.servoStudio\servoStudio_wjhet5xd_wpftmp.csproj]
C:\UserWorx\VSWorx\ServoStudio\wpfui-servoStudio\samples\Wpf.Ui.servoStudio\Services\LiveDiag.cs(112,18): warning IDE0008: 鐢ㄦ樉寮忕被鍨嬩唬鏇?"var" (https://learn.microsoft.com/dotnet/fundamentals/code-analysis/style-rules/ide0008) [C:\UserWorx\VSWorx\ServoStudio\wpfui-servoStudio\samples\Wpf.Ui.servoStudio\servoStudio_wjhet5xd_wpftmp.csproj]
C:\UserWorx\VSWorx\ServoStudio\wpfui-servoStudio\samples\Wpf.Ui.servoStudio\Services\LiveDiag.cs(114,13): warning IDE0008: 鐢ㄦ樉寮忕被鍨嬩唬鏇?"var" (https://learn.microsoft.com/dotnet/fundamentals/code-analysis/style-rules/ide0008) [C:\UserWorx\VSWorx\ServoStudio\wpfui-servoStudio\samples\Wpf.Ui.servoStudio\servoStudio_wjhet5xd_wpftmp.csproj]
C:\UserWorx\VSWorx\ServoStudio\wpfui-servoStudio\samples\Wpf.Ui.servoStudio\Services\LiveDiag.cs(110,9): warning IDE0058: 姘歌繙涓嶄細浣跨敤琛ㄨ揪寮忓€?(https://learn.microsoft.com/dotnet/fundamentals/code-analysis/style-rules/ide0058) [C:\UserWorx\VSWorx\ServoStudio\wpfui-servoStudio\samples\Wpf.Ui.servoStudio\servoStudio_wjhet5xd_wpftmp.csproj]
C:\UserWorx\VSWorx\ServoStudio\wpfui-servoStudio\samples\Wpf.Ui.servoStudio\Services\LiveDiag.cs(121,17): warning IDE0058: 姘歌繙涓嶄細浣跨敤琛ㄨ揪寮忓€?(https://learn.microsoft.com/dotnet/fundamentals/code-analysis/style-rules/ide0058) [C:\UserWorx\VSWorx\ServoStudio\wpfui-servoStudio\samples\Wpf.Ui.servoStudio\servoStudio_wjhet5xd_wpftmp.csproj]
C:\UserWorx\VSWorx\ServoStudio\wpfui-servoStudio\samples\Wpf.Ui.servoStudio\Services\LiveDiag.cs(124,13): warning IDE0058: 姘歌繙涓嶄細浣跨敤琛ㄨ揪寮忓€?(https://learn.microsoft.com/dotnet/fundamentals/code-analysis/style-rules/ide0058) [C:\UserWorx\VSWorx\ServoStudio\wpfui-servoStudio\samples\Wpf.Ui.servoStudio\servoStudio_wjhet5xd_wpftmp.csproj]
C:\UserWorx\VSWorx\ServoStudio\wpfui-servoStudio\samples\Wpf.Ui.servoStudio\Services\LiveDiag.cs(128,17): warning IDE0058: 姘歌繙涓嶄細浣跨敤琛ㄨ揪寮忓€?(https://learn.microsoft.com/dotnet/fundamentals/code-analysis/style-rules/ide0058) [C:\UserWorx\VSWorx\ServoStudio\wpfui-servoStudio\samples\Wpf.Ui.servoStudio\servoStudio_wjhet5xd_wpftmp.csproj]
C:\UserWorx\VSWorx\ServoStudio\wpfui-servoStudio\samples\Wpf.Ui.servoStudio\Services\LiveDiag.cs(133,13): warning IDE0058: 姘歌繙涓嶄細浣跨敤琛ㄨ揪寮忓€?(https://learn.microsoft.com/dotnet/fundamentals/code-analysis/style-rules/ide0058) [C:\UserWorx\VSWorx\ServoStudio\wpfui-servoStudio\samples\Wpf.Ui.servoStudio\servoStudio_wjhet5xd_wpftmp.csproj]
C:\UserWorx\VSWorx\ServoStudio\wpfui-servoStudio\samples\Wpf.Ui.servoStudio\Services\LiveDiag.cs(139,9): warning IDE0058: 姘歌繙涓嶄細浣跨敤琛ㄨ揪寮忓€?(https://learn.microsoft.com/dotnet/fundamentals/code-analysis/style-rules/ide0058) [C:\UserWorx\VSWorx\ServoStudio\wpfui-servoStudio\samples\Wpf.Ui.servoStudio\servoStudio_wjhet5xd_wpftmp.csproj]
C:\UserWorx\VSWorx\ServoStudio\wpfui-servoStudio\samples\Wpf.Ui.servoStudio\ViewModels\Motion\MotionTypeViewModel.cs(265,13): warning IDE0058: 姘歌繙涓嶄細浣跨敤琛ㄨ揪寮忓€?(https://learn.microsoft.com/dotnet/fundamentals/code-analysis/style-rules/ide0058) [C:\UserWorx\VSWorx\ServoStudio\wpfui-servoStudio\samples\Wpf.Ui.servoStudio\servoStudio_wjhet5xd_wpftmp.csproj]
C:\UserWorx\VSWorx\ServoStudio\wpfui-servoStudio\samples\Wpf.Ui.servoStudio\ViewModels\Motion\MotionTypeViewModel.cs(296,13): warning IDE0058: 姘歌繙涓嶄細浣跨敤琛ㄨ揪寮忓€?(https://learn.microsoft.com/dotnet/fundamentals/code-analysis/style-rules/ide0058) [C:\UserWorx\VSWorx\ServoStudio\wpfui-servoStudio\samples\Wpf.Ui.servoStudio\servoStudio_wjhet5xd_wpftmp.csproj]
C:\UserWorx\VSWorx\ServoStudio\wpfui-servoStudio\samples\Wpf.Ui.servoStudio\ViewModels\AppData\PidAdjustViewModel.cs(205,9): warning IDE0058: 姘歌繙涓嶄細浣跨敤琛ㄨ揪寮忓€?(https://learn.microsoft.com/dotnet/fundamentals/code-analysis/style-rules/ide0058) [C:\UserWorx\VSWorx\ServoStudio\wpfui-servoStudio\samples\Wpf.Ui.servoStudio\servoStudio_wjhet5xd_wpftmp.csproj]
C:\UserWorx\VSWorx\ServoStudio\wpfui-servoStudio\samples\Wpf.Ui.servoStudio\ViewModels\AppData\PidAdjustViewModel.cs(210,9): warning IDE0058: 姘歌繙涓嶄細浣跨敤琛ㄨ揪寮忓€?(https://learn.microsoft.com/dotnet/fundamentals/code-analysis/style-rules/ide0058) [C:\UserWorx\VSWorx\ServoStudio\wpfui-servoStudio\samples\Wpf.Ui.servoStudio\servoStudio_wjhet5xd_wpftmp.csproj]
C:\UserWorx\VSWorx\ServoStudio\wpfui-servoStudio\samples\Wpf.Ui.servoStudio\ViewModels\ControlViewModel.cs(270,9): warning IDE0011: 鍚?鈥渋f鈥?璇彞娣诲姞澶ф嫭鍙枫€?(https://learn.microsoft.com/dotnet/fundamentals/code-analysis/style-rules/ide0011) [C:\UserWorx\VSWorx\ServoStudio\wpfui-servoStudio\samples\Wpf.Ui.servoStudio\servoStudio_wjhet5xd_wpftmp.csproj]
C:\UserWorx\VSWorx\ServoStudio\wpfui-servoStudio\samples\Wpf.Ui.servoStudio\ViewModels\ControlViewModel.cs(271,9): warning IDE0011: 鍚?鈥渋f鈥?璇彞娣诲姞澶ф嫭鍙枫€?(https://learn.microsoft.com/dotnet/fundamentals/code-analysis/style-rules/ide0011) [C:\UserWorx\VSWorx\ServoStudio\wpfui-servoStudio\samples\Wpf.Ui.servoStudio\servoStudio_wjhet5xd_wpftmp.csproj]
C:\UserWorx\VSWorx\ServoStudio\wpfui-servoStudio\samples\Wpf.Ui.servoStudio\ViewModels\ControlViewModel.cs(272,9): warning IDE0011: 鍚?鈥渋f鈥?璇彞娣诲姞澶ф嫭鍙枫€?(https://learn.microsoft.com/dotnet/fundamentals/code-analysis/style-rules/ide0011) [C:\UserWorx\VSWorx\ServoStudio\wpfui-servoStudio\samples\Wpf.Ui.servoStudio\servoStudio_wjhet5xd_wpftmp.csproj]
C:\UserWorx\VSWorx\ServoStudio\wpfui-servoStudio\samples\Wpf.Ui.servoStudio\ViewModels\ControlViewModel.cs(273,9): warning IDE0011: 鍚?鈥渋f鈥?璇彞娣诲姞澶ф嫭鍙枫€?(https://learn.microsoft.com/dotnet/fundamentals/code-analysis/style-rules/ide0011) [C:\UserWorx\VSWorx\ServoStudio\wpfui-servoStudio\samples\Wpf.Ui.servoStudio\servoStudio_wjhet5xd_wpftmp.csproj]
C:\UserWorx\VSWorx\ServoStudio\wpfui-servoStudio\samples\Wpf.Ui.servoStudio\ViewModels\ControlViewModel.cs(274,9): warning IDE0011: 鍚?鈥渋f鈥?璇彞娣诲姞澶ф嫭鍙枫€?(https://learn.microsoft.com/dotnet/fundamentals/code-analysis/style-rules/ide0011) [C:\UserWorx\VSWorx\ServoStudio\wpfui-servoStudio\samples\Wpf.Ui.servoStudio\servoStudio_wjhet5xd_wpftmp.csproj]
C:\UserWorx\VSWorx\ServoStudio\wpfui-servoStudio\samples\Wpf.Ui.servoStudio\ViewModels\ControlViewModel.cs(275,9): warning IDE0011: 鍚?鈥渋f鈥?璇彞娣诲姞澶ф嫭鍙枫€?(https://learn.microsoft.com/dotnet/fundamentals/code-analysis/style-rules/ide0011) [C:\UserWorx\VSWorx\ServoStudio\wpfui-servoStudio\samples\Wpf.Ui.servoStudio\servoStudio_wjhet5xd_wpftmp.csproj]
C:\UserWorx\VSWorx\ServoStudio\wpfui-servoStudio\samples\Wpf.Ui.servoStudio\ViewModels\ControlViewModel.cs(276,9): warning IDE0011: 鍚?鈥渋f鈥?璇彞娣诲姞澶ф嫭鍙枫€?(https://learn.microsoft.com/dotnet/fundamentals/code-analysis/style-rules/ide0011) [C:\UserWorx\VSWorx\ServoStudio\wpfui-servoStudio\samples\Wpf.Ui.servoStudio\servoStudio_wjhet5xd_wpftmp.csproj]
C:\UserWorx\VSWorx\ServoStudio\wpfui-servoStudio\samples\Wpf.Ui.servoStudio\ViewModels\ControlViewModel.cs(277,9): warning IDE0011: 鍚?鈥渋f鈥?璇彞娣诲姞澶ф嫭鍙枫€?(https://learn.microsoft.com/dotnet/fundamentals/code-analysis/style-rules/ide0011) [C:\UserWorx\VSWorx\ServoStudio\wpfui-servoStudio\samples\Wpf.Ui.servoStudio\servoStudio_wjhet5xd_wpftmp.csproj]
C:\UserWorx\VSWorx\ServoStudio\wpfui-servoStudio\samples\Wpf.Ui.servoStudio\ViewModels\ControlViewModel.cs(278,9): warning IDE0011: 鍚?鈥渋f鈥?璇彞娣诲姞澶ф嫭鍙枫€?(https://learn.microsoft.com/dotnet/fundamentals/code-analysis/style-rules/ide0011) [C:\UserWorx\VSWorx\ServoStudio\wpfui-servoStudio\samples\Wpf.Ui.servoStudio\servoStudio_wjhet5xd_wpftmp.csproj]
C:\UserWorx\VSWorx\ServoStudio\wpfui-servoStudio\samples\Wpf.Ui.servoStudio\ViewModels\ControlViewModel.cs(279,9): warning IDE0011: 鍚?鈥渋f鈥?璇彞娣诲姞澶ф嫭鍙枫€?(https://learn.microsoft.com/dotnet/fundamentals/code-analysis/style-rules/ide0011) [C:\UserWorx\VSWorx\ServoStudio\wpfui-servoStudio\samples\Wpf.Ui.servoStudio\servoStudio_wjhet5xd_wpftmp.csproj]
C:\UserWorx\VSWorx\ServoStudio\wpfui-servoStudio\samples\Wpf.Ui.servoStudio\ViewModels\ControlViewModel.cs(280,9): warning IDE0011: 鍚?鈥渋f鈥?璇彞娣诲姞澶ф嫭鍙枫€?(https://learn.microsoft.com/dotnet/fundamentals/code-analysis/style-rules/ide0011) [C:\UserWorx\VSWorx\ServoStudio\wpfui-servoStudio\samples\Wpf.Ui.servoStudio\servoStudio_wjhet5xd_wpftmp.csproj]
C:\UserWorx\VSWorx\ServoStudio\wpfui-servoStudio\samples\Wpf.Ui.servoStudio\ViewModels\ControlViewModel.cs(281,9): warning IDE0011: 鍚?鈥渋f鈥?璇彞娣诲姞澶ф嫭鍙枫€?(https://learn.microsoft.com/dotnet/fundamentals/code-analysis/style-rules/ide0011) [C:\UserWorx\VSWorx\ServoStudio\wpfui-servoStudio\samples\Wpf.Ui.servoStudio\servoStudio_wjhet5xd_wpftmp.csproj]
C:\UserWorx\VSWorx\ServoStudio\wpfui-servoStudio\samples\Wpf.Ui.servoStudio\ViewModels\ControlViewModel.cs(282,9): warning IDE0011: 鍚?鈥渋f鈥?璇彞娣诲姞澶ф嫭鍙枫€?(https://learn.microsoft.com/dotnet/fundamentals/code-analysis/style-rules/ide0011) [C:\UserWorx\VSWorx\ServoStudio\wpfui-servoStudio\samples\Wpf.Ui.servoStudio\servoStudio_wjhet5xd_wpftmp.csproj]
C:\UserWorx\VSWorx\ServoStudio\wpfui-servoStudio\samples\Wpf.Ui.servoStudio\ViewModels\ControlViewModel.cs(283,9): warning IDE0011: 鍚?鈥渋f鈥?璇彞娣诲姞澶ф嫭鍙枫€?(https://learn.microsoft.com/dotnet/fundamentals/code-analysis/style-rules/ide0011) [C:\UserWorx\VSWorx\ServoStudio\wpfui-servoStudio\samples\Wpf.Ui.servoStudio\servoStudio_wjhet5xd_wpftmp.csproj]
C:\UserWorx\VSWorx\ServoStudio\wpfui-servoStudio\samples\Wpf.Ui.servoStudio\ViewModels\ControlViewModel.cs(284,9): warning IDE0011: 鍚?鈥渋f鈥?璇彞娣诲姞澶ф嫭鍙枫€?(https://learn.microsoft.com/dotnet/fundamentals/code-analysis/style-rules/ide0011) [C:\UserWorx\VSWorx\ServoStudio\wpfui-servoStudio\samples\Wpf.Ui.servoStudio\servoStudio_wjhet5xd_wpftmp.csproj]
C:\UserWorx\VSWorx\ServoStudio\wpfui-servoStudio\samples\Wpf.Ui.servoStudio\ViewModels\ControlViewModel.cs(285,9): warning IDE0011: 鍚?鈥渋f鈥?璇彞娣诲姞澶ф嫭鍙枫€?(https://learn.microsoft.com/dotnet/fundamentals/code-analysis/style-rules/ide0011) [C:\UserWorx\VSWorx\ServoStudio\wpfui-servoStudio\samples\Wpf.Ui.servoStudio\servoStudio_wjhet5xd_wpftmp.csproj]
C:\UserWorx\VSWorx\ServoStudio\wpfui-servoStudio\samples\Wpf.Ui.servoStudio\Services\FrameLogBridge.cs(43,9): warning IDE0011: 鍚?鈥渋f鈥?璇彞娣诲姞澶ф嫭鍙枫€?(https://learn.microsoft.com/dotnet/fundamentals/code-analysis/style-rules/ide0011) [C:\UserWorx\VSWorx\ServoStudio\wpfui-servoStudio\samples\Wpf.Ui.servoStudio\servoStudio_wjhet5xd_wpftmp.csproj]
C:\UserWorx\VSWorx\ServoStudio\wpfui-servoStudio\samples\Wpf.Ui.servoStudio\Services\FrameLogBridge.cs(46,9): warning IDE0011: 鍚?鈥渋f鈥?璇彞娣诲姞澶ф嫭鍙枫€?(https://learn.microsoft.com/dotnet/fundamentals/code-analysis/style-rules/ide0011) [C:\UserWorx\VSWorx\ServoStudio\wpfui-servoStudio\samples\Wpf.Ui.servoStudio\servoStudio_wjhet5xd_wpftmp.csproj]
C:\UserWorx\VSWorx\ServoStudio\wpfui-servoStudio\samples\Wpf.Ui.servoStudio\ViewModels\Motion\MotionTypeViewModel.cs(414,13): warning IDE0008: 鐢ㄦ樉寮忕被鍨嬩唬鏇?"var" (https://learn.microsoft.com/dotnet/fundamentals/code-analysis/style-rules/ide0008) [C:\UserWorx\VSWorx\ServoStudio\wpfui-servoStudio\samples\Wpf.Ui.servoStudio\servoStudio_wjhet5xd_wpftmp.csproj]
C:\UserWorx\VSWorx\ServoStudio\wpfui-servoStudio\samples\Wpf.Ui.servoStudio\Services\FrameLogBridge.cs(64,9): warning IDE0011: 鍚?鈥渋f鈥?璇彞娣诲姞澶ф嫭鍙枫€?(https://learn.microsoft.com/dotnet/fundamentals/code-analysis/style-rules/ide0011) [C:\UserWorx\VSWorx\ServoStudio\wpfui-servoStudio\samples\Wpf.Ui.servoStudio\servoStudio_wjhet5xd_wpftmp.csproj]
C:\UserWorx\VSWorx\ServoStudio\wpfui-servoStudio\samples\Wpf.Ui.servoStudio\Services\FrameLogBridge.cs(67,9): warning IDE0011: 鍚?鈥渋f鈥?璇彞娣诲姞澶ф嫭鍙枫€?(https://learn.microsoft.com/dotnet/fundamentals/code-analysis/style-rules/ide0011) [C:\UserWorx\VSWorx\ServoStudio\wpfui-servoStudio\samples\Wpf.Ui.servoStudio\servoStudio_wjhet5xd_wpftmp.csproj]
C:\UserWorx\VSWorx\ServoStudio\wpfui-servoStudio\samples\Wpf.Ui.servoStudio\ViewModels\Motion\MotionTypeViewModel.cs(407,13): warning IDE0058: 姘歌繙涓嶄細浣跨敤琛ㄨ揪寮忓€?(https://learn.microsoft.com/dotnet/fundamentals/code-analysis/style-rules/ide0058) [C:\UserWorx\VSWorx\ServoStudio\wpfui-servoStudio\samples\Wpf.Ui.servoStudio\servoStudio_wjhet5xd_wpftmp.csproj]
C:\UserWorx\VSWorx\ServoStudio\wpfui-servoStudio\samples\Wpf.Ui.servoStudio\ViewModels\Motion\MotionTypeViewModel.cs(417,17): warning IDE0058: 姘歌繙涓嶄細浣跨敤琛ㄨ揪寮忓€?(https://learn.microsoft.com/dotnet/fundamentals/code-analysis/style-rules/ide0058) [C:\UserWorx\VSWorx\ServoStudio\wpfui-servoStudio\samples\Wpf.Ui.servoStudio\servoStudio_wjhet5xd_wpftmp.csproj]
C:\UserWorx\VSWorx\ServoStudio\wpfui-servoStudio\samples\Wpf.Ui.servoStudio\Services\FrameFormatRuntimeService.cs(26,13): warning IDE0011: 鍚?鈥渓ock鈥?璇彞娣诲姞澶ф嫭鍙枫€?(https://learn.microsoft.com/dotnet/fundamentals/code-analysis/style-rules/ide0011) [C:\UserWorx\VSWorx\ServoStudio\wpfui-servoStudio\samples\Wpf.Ui.servoStudio\servoStudio_wjhet5xd_wpftmp.csproj]
C:\UserWorx\VSWorx\ServoStudio\wpfui-servoStudio\samples\Wpf.Ui.servoStudio\Services\FrameFormatRuntimeService.cs(45,9): warning IDE0011: 鍚?鈥渓ock鈥?璇彞娣诲姞澶ф嫭鍙枫€?(https://learn.microsoft.com/dotnet/fundamentals/code-analysis/style-rules/ide0011) [C:\UserWorx\VSWorx\ServoStudio\wpfui-servoStudio\samples\Wpf.Ui.servoStudio\servoStudio_wjhet5xd_wpftmp.csproj]
C:\UserWorx\VSWorx\ServoStudio\wpfui-servoStudio\samples\Wpf.Ui.servoStudio\ViewModels\ControlViewModel.cs(332,9): warning IDE0011: 鍚?鈥渋f鈥?璇彞娣诲姞澶ф嫭鍙枫€?(https://learn.microsoft.com/dotnet/fundamentals/code-analysis/style-rules/ide0011) [C:\UserWorx\VSWorx\ServoStudio\wpfui-servoStudio\samples\Wpf.Ui.servoStudio\servoStudio_wjhet5xd_wpftmp.csproj]
C:\UserWorx\VSWorx\ServoStudio\wpfui-servoStudio\samples\Wpf.Ui.servoStudio\ViewModels\Motion\MotionTypeViewModel.cs(456,13): warning IDE0008: 鐢ㄦ樉寮忕被鍨嬩唬鏇?"var" (https://learn.microsoft.com/dotnet/fundamentals/code-analysis/style-rules/ide0008) [C:\UserWorx\VSWorx\ServoStudio\wpfui-servoStudio\samples\Wpf.Ui.servoStudio\servoStudio_wjhet5xd_wpftmp.csproj]
C:\UserWorx\VSWorx\ServoStudio\wpfui-servoStudio\samples\Wpf.Ui.servoStudio\Services\FrameFormatRuntimeService.cs(59,9): warning IDE0011: 鍚?鈥渓ock鈥?璇彞娣诲姞澶ф嫭鍙枫€?(https://learn.microsoft.com/dotnet/fundamentals/code-analysis/style-rules/ide0011) [C:\UserWorx\VSWorx\ServoStudio\wpfui-servoStudio\samples\Wpf.Ui.servoStudio\servoStudio_wjhet5xd_wpftmp.csproj]
C:\UserWorx\VSWorx\ServoStudio\wpfui-servoStudio\samples\Wpf.Ui.servoStudio\ViewModels\Motion\MotionTypeViewModel.cs(459,17): warning IDE0058: 姘歌繙涓嶄細浣跨敤琛ㄨ揪寮忓€?(https://learn.microsoft.com/dotnet/fundamentals/code-analysis/style-rules/ide0058) [C:\UserWorx\VSWorx\ServoStudio\wpfui-servoStudio\samples\Wpf.Ui.servoStudio\servoStudio_wjhet5xd_wpftmp.csproj]
C:\UserWorx\VSWorx\ServoStudio\wpfui-servoStudio\samples\Wpf.Ui.servoStudio\ViewModels\AppData\PidAdjustViewModel.cs(258,21): warning IDE0011: 鍚?鈥渋f鈥?璇彞娣诲姞澶ф嫭鍙枫€?(https://learn.microsoft.com/dotnet/fundamentals/code-analysis/style-rules/ide0011) [C:\UserWorx\VSWorx\ServoStudio\wpfui-servoStudio\samples\Wpf.Ui.servoStudio\servoStudio_wjhet5xd_wpftmp.csproj]
C:\UserWorx\VSWorx\ServoStudio\wpfui-servoStudio\samples\Wpf.Ui.servoStudio\Services\FrameFormatRuntimeService.cs(81,9): warning IDE0011: 鍚?鈥渓ock鈥?璇彞娣诲姞澶ф嫭鍙枫€?(https://learn.microsoft.com/dotnet/fundamentals/code-analysis/style-rules/ide0011) [C:\UserWorx\VSWorx\ServoStudio\wpfui-servoStudio\samples\Wpf.Ui.servoStudio\servoStudio_wjhet5xd_wpftmp.csproj]
C:\UserWorx\VSWorx\ServoStudio\wpfui-servoStudio\samples\Wpf.Ui.servoStudio\Services\FrameFormatRuntimeService.cs(85,9): warning IDE0011: 鍚?鈥渓ock鈥?璇彞娣诲姞澶ф嫭鍙枫€?(https://learn.microsoft.com/dotnet/fundamentals/code-analysis/style-rules/ide0011) [C:\UserWorx\VSWorx\ServoStudio\wpfui-servoStudio\samples\Wpf.Ui.servoStudio\servoStudio_wjhet5xd_wpftmp.csproj]
C:\UserWorx\VSWorx\ServoStudio\wpfui-servoStudio\samples\Wpf.Ui.servoStudio\ViewModels\DeviceSet\DeviceAddViewModel.cs(102,47): warning IDE0055: 淇鏍煎紡 (https://learn.microsoft.com/dotnet/fundamentals/code-analysis/style-rules/ide0055) [C:\UserWorx\VSWorx\ServoStudio\wpfui-servoStudio\samples\Wpf.Ui.servoStudio\servoStudio_wjhet5xd_wpftmp.csproj]
C:\UserWorx\VSWorx\ServoStudio\wpfui-servoStudio\samples\Wpf.Ui.servoStudio\ViewModels\DeviceSet\DeviceAddViewModel.cs(102,49): warning IDE0055: 淇鏍煎紡 (https://learn.microsoft.com/dotnet/fundamentals/code-analysis/style-rules/ide0055) [C:\UserWorx\VSWorx\ServoStudio\wpfui-servoStudio\samples\Wpf.Ui.servoStudio\servoStudio_wjhet5xd_wpftmp.csproj]
C:\UserWorx\VSWorx\ServoStudio\wpfui-servoStudio\samples\Wpf.Ui.servoStudio\ViewModels\DeviceSet\DeviceAddViewModel.cs(102,59): warning IDE0055: 淇鏍煎紡 (https://learn.microsoft.com/dotnet/fundamentals/code-analysis/style-rules/ide0055) [C:\UserWorx\VSWorx\ServoStudio\wpfui-servoStudio\samples\Wpf.Ui.servoStudio\servoStudio_wjhet5xd_wpftmp.csproj]
C:\UserWorx\VSWorx\ServoStudio\wpfui-servoStudio\samples\Wpf.Ui.servoStudio\ViewModels\DeviceSet\DeviceAddViewModel.cs(621,37): warning IDE0055: 淇鏍煎紡 (https://learn.microsoft.com/dotnet/fundamentals/code-analysis/style-rules/ide0055) [C:\UserWorx\VSWorx\ServoStudio\wpfui-servoStudio\samples\Wpf.Ui.servoStudio\servoStudio_wjhet5xd_wpftmp.csproj]
C:\UserWorx\VSWorx\ServoStudio\wpfui-servoStudio\samples\Wpf.Ui.servoStudio\ViewModels\DeviceSet\DeviceAddViewModel.cs(677,29): warning IDE0055: 淇鏍煎紡 (https://learn.microsoft.com/dotnet/fundamentals/code-analysis/style-rules/ide0055) [C:\UserWorx\VSWorx\ServoStudio\wpfui-servoStudio\samples\Wpf.Ui.servoStudio\servoStudio_wjhet5xd_wpftmp.csproj]
C:\UserWorx\VSWorx\ServoStudio\wpfui-servoStudio\samples\Wpf.Ui.servoStudio\ViewModels\DeviceSet\DeviceAddViewModel.cs(691,18): warning IDE0055: 淇鏍煎紡 (https://learn.microsoft.com/dotnet/fundamentals/code-analysis/style-rules/ide0055) [C:\UserWorx\VSWorx\ServoStudio\wpfui-servoStudio\samples\Wpf.Ui.servoStudio\servoStudio_wjhet5xd_wpftmp.csproj]
C:\UserWorx\VSWorx\ServoStudio\wpfui-servoStudio\samples\Wpf.Ui.servoStudio\ViewModels\DeviceSet\DeviceAddViewModel.cs(691,27): warning IDE0055: 淇鏍煎紡 (https://learn.microsoft.com/dotnet/fundamentals/code-analysis/style-rules/ide0055) [C:\UserWorx\VSWorx\ServoStudio\wpfui-servoStudio\samples\Wpf.Ui.servoStudio\servoStudio_wjhet5xd_wpftmp.csproj]
C:\UserWorx\VSWorx\ServoStudio\wpfui-servoStudio\samples\Wpf.Ui.servoStudio\ViewModels\DeviceSet\DeviceAddViewModel.cs(691,34): warning IDE0055: 淇鏍煎紡 (https://learn.microsoft.com/dotnet/fundamentals/code-analysis/style-rules/ide0055) [C:\UserWorx\VSWorx\ServoStudio\wpfui-servoStudio\samples\Wpf.Ui.servoStudio\servoStudio_wjhet5xd_wpftmp.csproj]
C:\UserWorx\VSWorx\ServoStudio\wpfui-servoStudio\samples\Wpf.Ui.servoStudio\ViewModels\DeviceSet\DeviceAddViewModel.cs(701,18): warning IDE0055: 淇鏍煎紡 (https://learn.microsoft.com/dotnet/fundamentals/code-analysis/style-rules/ide0055) [C:\UserWorx\VSWorx\ServoStudio\wpfui-servoStudio\samples\Wpf.Ui.servoStudio\servoStudio_wjhet5xd_wpftmp.csproj]
C:\UserWorx\VSWorx\ServoStudio\wpfui-servoStudio\samples\Wpf.Ui.servoStudio\ViewModels\DeviceSet\DeviceAddViewModel.cs(701,27): warning IDE0055: 淇鏍煎紡 (https://learn.microsoft.com/dotnet/fundamentals/code-analysis/style-rules/ide0055) [C:\UserWorx\VSWorx\ServoStudio\wpfui-servoStudio\samples\Wpf.Ui.servoStudio\servoStudio_wjhet5xd_wpftmp.csproj]
C:\UserWorx\VSWorx\ServoStudio\wpfui-servoStudio\samples\Wpf.Ui.servoStudio\ViewModels\DeviceSet\DeviceAddViewModel.cs(701,34): warning IDE0055: 淇鏍煎紡 (https://learn.microsoft.com/dotnet/fundamentals/code-analysis/style-rules/ide0055) [C:\UserWorx\VSWorx\ServoStudio\wpfui-servoStudio\samples\Wpf.Ui.servoStudio\servoStudio_wjhet5xd_wpftmp.csproj]
C:\UserWorx\VSWorx\ServoStudio\wpfui-servoStudio\samples\Wpf.Ui.servoStudio\ViewModels\DeviceSet\DeviceAddViewModel.cs(710,18): warning IDE0055: 淇鏍煎紡 (https://learn.microsoft.com/dotnet/fundamentals/code-analysis/style-rules/ide0055) [C:\UserWorx\VSWorx\ServoStudio\wpfui-servoStudio\samples\Wpf.Ui.servoStudio\servoStudio_wjhet5xd_wpftmp.csproj]
C:\UserWorx\VSWorx\ServoStudio\wpfui-servoStudio\samples\Wpf.Ui.servoStudio\ViewModels\DeviceSet\DeviceAddViewModel.cs(710,27): warning IDE0055: 淇鏍煎紡 (https://learn.microsoft.com/dotnet/fundamentals/code-analysis/style-rules/ide0055) [C:\UserWorx\VSWorx\ServoStudio\wpfui-servoStudio\samples\Wpf.Ui.servoStudio\servoStudio_wjhet5xd_wpftmp.csproj]
C:\UserWorx\VSWorx\ServoStudio\wpfui-servoStudio\samples\Wpf.Ui.servoStudio\ViewModels\DeviceSet\DeviceAddViewModel.cs(710,34): warning IDE0055: 淇鏍煎紡 (https://learn.microsoft.com/dotnet/fundamentals/code-analysis/style-rules/ide0055) [C:\UserWorx\VSWorx\ServoStudio\wpfui-servoStudio\samples\Wpf.Ui.servoStudio\servoStudio_wjhet5xd_wpftmp.csproj]
C:\UserWorx\VSWorx\ServoStudio\wpfui-servoStudio\samples\Wpf.Ui.servoStudio\ViewModels\DeviceSet\DeviceAddViewModel.cs(713,53): warning IDE0055: 淇鏍煎紡 (https://learn.microsoft.com/dotnet/fundamentals/code-analysis/style-rules/ide0055) [C:\UserWorx\VSWorx\ServoStudio\wpfui-servoStudio\samples\Wpf.Ui.servoStudio\servoStudio_wjhet5xd_wpftmp.csproj]
C:\UserWorx\VSWorx\ServoStudio\wpfui-servoStudio\samples\Wpf.Ui.servoStudio\ViewModels\DeviceSet\DeviceAddViewModel.cs(735,82): warning IDE0055: 淇鏍煎紡 (https://learn.microsoft.com/dotnet/fundamentals/code-analysis/style-rules/ide0055) [C:\UserWorx\VSWorx\ServoStudio\wpfui-servoStudio\samples\Wpf.Ui.servoStudio\servoStudio_wjhet5xd_wpftmp.csproj]
C:\UserWorx\VSWorx\ServoStudio\wpfui-servoStudio\samples\Wpf.Ui.servoStudio\ViewModels\DeviceSet\DeviceAddViewModel.cs(736,94): warning IDE0055: 淇鏍煎紡 (https://learn.microsoft.com/dotnet/fundamentals/code-analysis/style-rules/ide0055) [C:\UserWorx\VSWorx\ServoStudio\wpfui-servoStudio\samples\Wpf.Ui.servoStudio\servoStudio_wjhet5xd_wpftmp.csproj]
C:\UserWorx\VSWorx\ServoStudio\wpfui-servoStudio\samples\Wpf.Ui.servoStudio\ViewModels\DeviceSet\DeviceAddViewModel.cs(947,32): warning IDE0055: 淇鏍煎紡 (https://learn.microsoft.com/dotnet/fundamentals/code-analysis/style-rules/ide0055) [C:\UserWorx\VSWorx\ServoStudio\wpfui-servoStudio\samples\Wpf.Ui.servoStudio\servoStudio_wjhet5xd_wpftmp.csproj]
C:\UserWorx\VSWorx\ServoStudio\wpfui-servoStudio\samples\Wpf.Ui.servoStudio\ViewModels\DeviceSet\DeviceAddViewModel.cs(958,56): warning IDE0055: 淇鏍煎紡 (https://learn.microsoft.com/dotnet/fundamentals/code-analysis/style-rules/ide0055) [C:\UserWorx\VSWorx\ServoStudio\wpfui-servoStudio\samples\Wpf.Ui.servoStudio\servoStudio_wjhet5xd_wpftmp.csproj]
C:\UserWorx\VSWorx\ServoStudio\wpfui-servoStudio\samples\Wpf.Ui.servoStudio\ViewModels\DeviceSet\DeviceAddViewModel.cs(958,58): warning IDE0055: 淇鏍煎紡 (https://learn.microsoft.com/dotnet/fundamentals/code-analysis/style-rules/ide0055) [C:\UserWorx\VSWorx\ServoStudio\wpfui-servoStudio\samples\Wpf.Ui.servoStudio\servoStudio_wjhet5xd_wpftmp.csproj]
C:\UserWorx\VSWorx\ServoStudio\wpfui-servoStudio\samples\Wpf.Ui.servoStudio\ViewModels\DeviceSet\DeviceAddViewModel.cs(958,79): warning IDE0055: 淇鏍煎紡 (https://learn.microsoft.com/dotnet/fundamentals/code-analysis/style-rules/ide0055) [C:\UserWorx\VSWorx\ServoStudio\wpfui-servoStudio\samples\Wpf.Ui.servoStudio\servoStudio_wjhet5xd_wpftmp.csproj]
C:\UserWorx\VSWorx\ServoStudio\wpfui-servoStudio\samples\Wpf.Ui.servoStudio\ViewModels\DeviceSet\DeviceAddViewModel.cs(958,100): warning IDE0055: 淇鏍煎紡 (https://learn.microsoft.com/dotnet/fundamentals/code-analysis/style-rules/ide0055) [C:\UserWorx\VSWorx\ServoStudio\wpfui-servoStudio\samples\Wpf.Ui.servoStudio\servoStudio_wjhet5xd_wpftmp.csproj]
C:\UserWorx\VSWorx\ServoStudio\wpfui-servoStudio\samples\Wpf.Ui.servoStudio\ViewModels\DeviceSet\DeviceAddViewModel.cs(960,55): warning IDE0055: 淇鏍煎紡 (https://learn.microsoft.com/dotnet/fundamentals/code-analysis/style-rules/ide0055) [C:\UserWorx\VSWorx\ServoStudio\wpfui-servoStudio\samples\Wpf.Ui.servoStudio\servoStudio_wjhet5xd_wpftmp.csproj]
C:\UserWorx\VSWorx\ServoStudio\wpfui-servoStudio\samples\Wpf.Ui.servoStudio\ViewModels\DeviceSet\DeviceAddViewModel.cs(960,57): warning IDE0055: 淇鏍煎紡 (https://learn.microsoft.com/dotnet/fundamentals/code-analysis/style-rules/ide0055) [C:\UserWorx\VSWorx\ServoStudio\wpfui-servoStudio\samples\Wpf.Ui.servoStudio\servoStudio_wjhet5xd_wpftmp.csproj]
C:\UserWorx\VSWorx\ServoStudio\wpfui-servoStudio\samples\Wpf.Ui.servoStudio\ViewModels\DeviceSet\DeviceAddViewModel.cs(960,78): warning IDE0055: 淇鏍煎紡 (https://learn.microsoft.com/dotnet/fundamentals/code-analysis/style-rules/ide0055) [C:\UserWorx\VSWorx\ServoStudio\wpfui-servoStudio\samples\Wpf.Ui.servoStudio\servoStudio_wjhet5xd_wpftmp.csproj]
C:\UserWorx\VSWorx\ServoStudio\wpfui-servoStudio\samples\Wpf.Ui.servoStudio\ViewModels\DeviceSet\DeviceAddViewModel.cs(960,99): warning IDE0055: 淇鏍煎紡 (https://learn.microsoft.com/dotnet/fundamentals/code-analysis/style-rules/ide0055) [C:\UserWorx\VSWorx\ServoStudio\wpfui-servoStudio\samples\Wpf.Ui.servoStudio\servoStudio_wjhet5xd_wpftmp.csproj]
C:\UserWorx\VSWorx\ServoStudio\wpfui-servoStudio\samples\Wpf.Ui.servoStudio\ViewModels\DeviceSet\DeviceAddViewModel.cs(962,57): warning IDE0055: 淇鏍煎紡 (https://learn.microsoft.com/dotnet/fundamentals/code-analysis/style-rules/ide0055) [C:\UserWorx\VSWorx\ServoStudio\wpfui-servoStudio\samples\Wpf.Ui.servoStudio\servoStudio_wjhet5xd_wpftmp.csproj]
C:\UserWorx\VSWorx\ServoStudio\wpfui-servoStudio\samples\Wpf.Ui.servoStudio\ViewModels\DeviceSet\DeviceAddViewModel.cs(962,59): warning IDE0055: 淇鏍煎紡 (https://learn.microsoft.com/dotnet/fundamentals/code-analysis/style-rules/ide0055) [C:\UserWorx\VSWorx\ServoStudio\wpfui-servoStudio\samples\Wpf.Ui.servoStudio\servoStudio_wjhet5xd_wpftmp.csproj]
C:\UserWorx\VSWorx\ServoStudio\wpfui-servoStudio\samples\Wpf.Ui.servoStudio\ViewModels\DeviceSet\DeviceAddViewModel.cs(962,80): warning IDE0055: 淇鏍煎紡 (https://learn.microsoft.com/dotnet/fundamentals/code-analysis/style-rules/ide0055) [C:\UserWorx\VSWorx\ServoStudio\wpfui-servoStudio\samples\Wpf.Ui.servoStudio\servoStudio_wjhet5xd_wpftmp.csproj]
C:\UserWorx\VSWorx\ServoStudio\wpfui-servoStudio\samples\Wpf.Ui.servoStudio\ViewModels\DeviceSet\DeviceAddViewModel.cs(962,101): warning IDE0055: 淇鏍煎紡 (https://learn.microsoft.com/dotnet/fundamentals/code-analysis/style-rules/ide0055) [C:\UserWorx\VSWorx\ServoStudio\wpfui-servoStudio\samples\Wpf.Ui.servoStudio\servoStudio_wjhet5xd_wpftmp.csproj]
C:\UserWorx\VSWorx\ServoStudio\wpfui-servoStudio\samples\Wpf.Ui.servoStudio\ViewModels\DeviceSet\DeviceAddViewModel.cs(964,63): warning IDE0055: 淇鏍煎紡 (https://learn.microsoft.com/dotnet/fundamentals/code-analysis/style-rules/ide0055) [C:\UserWorx\VSWorx\ServoStudio\wpfui-servoStudio\samples\Wpf.Ui.servoStudio\servoStudio_wjhet5xd_wpftmp.csproj]
C:\UserWorx\VSWorx\ServoStudio\wpfui-servoStudio\samples\Wpf.Ui.servoStudio\ViewModels\DeviceSet\DeviceAddViewModel.cs(964,65): warning IDE0055: 淇鏍煎紡 (https://learn.microsoft.com/dotnet/fundamentals/code-analysis/style-rules/ide0055) [C:\UserWorx\VSWorx\ServoStudio\wpfui-servoStudio\samples\Wpf.Ui.servoStudio\servoStudio_wjhet5xd_wpftmp.csproj]
C:\UserWorx\VSWorx\ServoStudio\wpfui-servoStudio\samples\Wpf.Ui.servoStudio\ViewModels\DeviceSet\DeviceAddViewModel.cs(964,86): warning IDE0055: 淇鏍煎紡 (https://learn.microsoft.com/dotnet/fundamentals/code-analysis/style-rules/ide0055) [C:\UserWorx\VSWorx\ServoStudio\wpfui-servoStudio\samples\Wpf.Ui.servoStudio\servoStudio_wjhet5xd_wpftmp.csproj]
C:\UserWorx\VSWorx\ServoStudio\wpfui-servoStudio\samples\Wpf.Ui.servoStudio\ViewModels\DeviceSet\DeviceAddViewModel.cs(964,107): warning IDE0055: 淇鏍煎紡 (https://learn.microsoft.com/dotnet/fundamentals/code-analysis/style-rules/ide0055) [C:\UserWorx\VSWorx\ServoStudio\wpfui-servoStudio\samples\Wpf.Ui.servoStudio\servoStudio_wjhet5xd_wpftmp.csproj]
C:\UserWorx\VSWorx\ServoStudio\wpfui-servoStudio\samples\Wpf.Ui.servoStudio\ViewModels\DeviceSet\DeviceAddViewModel.cs(983,45): warning IDE0055: 淇鏍煎紡 (https://learn.microsoft.com/dotnet/fundamentals/code-analysis/style-rules/ide0055) [C:\UserWorx\VSWorx\ServoStudio\wpfui-servoStudio\samples\Wpf.Ui.servoStudio\servoStudio_wjhet5xd_wpftmp.csproj]
C:\UserWorx\VSWorx\ServoStudio\wpfui-servoStudio\samples\Wpf.Ui.servoStudio\ViewModels\DeviceSet\DeviceAddViewModel.cs(988,26): warning IDE0055: 淇鏍煎紡 (https://learn.microsoft.com/dotnet/fundamentals/code-analysis/style-rules/ide0055) [C:\UserWorx\VSWorx\ServoStudio\wpfui-servoStudio\samples\Wpf.Ui.servoStudio\servoStudio_wjhet5xd_wpftmp.csproj]
C:\UserWorx\VSWorx\ServoStudio\wpfui-servoStudio\samples\Wpf.Ui.servoStudio\ViewModels\DeviceSet\DeviceAddViewModel.cs(999,29): warning IDE0055: 淇鏍煎紡 (https://learn.microsoft.com/dotnet/fundamentals/code-analysis/style-rules/ide0055) [C:\UserWorx\VSWorx\ServoStudio\wpfui-servoStudio\samples\Wpf.Ui.servoStudio\servoStudio_wjhet5xd_wpftmp.csproj]
C:\UserWorx\VSWorx\ServoStudio\wpfui-servoStudio\samples\Wpf.Ui.servoStudio\ViewModels\DeviceSet\DeviceAddViewModel.cs(1036,38): warning IDE0055: 淇鏍煎紡 (https://learn.microsoft.com/dotnet/fundamentals/code-analysis/style-rules/ide0055) [C:\UserWorx\VSWorx\ServoStudio\wpfui-servoStudio\samples\Wpf.Ui.servoStudio\servoStudio_wjhet5xd_wpftmp.csproj]
C:\UserWorx\VSWorx\ServoStudio\wpfui-servoStudio\samples\Wpf.Ui.servoStudio\ViewModels\DeviceSet\DeviceAddViewModel.cs(1046,29): warning IDE0055: 淇鏍煎紡 (https://learn.microsoft.com/dotnet/fundamentals/code-analysis/style-rules/ide0055) [C:\UserWorx\VSWorx\ServoStudio\wpfui-servoStudio\samples\Wpf.Ui.servoStudio\servoStudio_wjhet5xd_wpftmp.csproj]
C:\UserWorx\VSWorx\ServoStudio\wpfui-servoStudio\samples\Wpf.Ui.servoStudio\ViewModels\DeviceSet\DeviceAddViewModel.cs(1050,45): warning IDE0055: 淇鏍煎紡 (https://learn.microsoft.com/dotnet/fundamentals/code-analysis/style-rules/ide0055) [C:\UserWorx\VSWorx\ServoStudio\wpfui-servoStudio\samples\Wpf.Ui.servoStudio\servoStudio_wjhet5xd_wpftmp.csproj]
C:\UserWorx\VSWorx\ServoStudio\wpfui-servoStudio\samples\Wpf.Ui.servoStudio\ViewModels\DeviceSet\DeviceAddViewModel.cs(1067,16): warning IDE0055: 淇鏍煎紡 (https://learn.microsoft.com/dotnet/fundamentals/code-analysis/style-rules/ide0055) [C:\UserWorx\VSWorx\ServoStudio\wpfui-servoStudio\samples\Wpf.Ui.servoStudio\servoStudio_wjhet5xd_wpftmp.csproj]
C:\UserWorx\VSWorx\ServoStudio\wpfui-servoStudio\samples\Wpf.Ui.servoStudio\ViewModels\DeviceSet\DeviceAddViewModel.cs(1067,18): warning IDE0055: 淇鏍煎紡 (https://learn.microsoft.com/dotnet/fundamentals/code-analysis/style-rules/ide0055) [C:\UserWorx\VSWorx\ServoStudio\wpfui-servoStudio\samples\Wpf.Ui.servoStudio\servoStudio_wjhet5xd_wpftmp.csproj]
C:\UserWorx\VSWorx\ServoStudio\wpfui-servoStudio\samples\Wpf.Ui.servoStudio\ViewModels\DeviceSet\DeviceAddViewModel.cs(1067,41): warning IDE0055: 淇鏍煎紡 (https://learn.microsoft.com/dotnet/fundamentals/code-analysis/style-rules/ide0055) [C:\UserWorx\VSWorx\ServoStudio\wpfui-servoStudio\samples\Wpf.Ui.servoStudio\servoStudio_wjhet5xd_wpftmp.csproj]
C:\UserWorx\VSWorx\ServoStudio\wpfui-servoStudio\samples\Wpf.Ui.servoStudio\ViewModels\DeviceSet\DeviceAddViewModel.cs(1067,43): warning IDE0055: 淇鏍煎紡 (https://learn.microsoft.com/dotnet/fundamentals/code-analysis/style-rules/ide0055) [C:\UserWorx\VSWorx\ServoStudio\wpfui-servoStudio\samples\Wpf.Ui.servoStudio\servoStudio_wjhet5xd_wpftmp.csproj]
C:\UserWorx\VSWorx\ServoStudio\wpfui-servoStudio\samples\Wpf.Ui.servoStudio\ViewModels\DeviceSet\DeviceAddViewModel.cs(1075,20): warning IDE0055: 淇鏍煎紡 (https://learn.microsoft.com/dotnet/fundamentals/code-analysis/style-rules/ide0055) [C:\UserWorx\VSWorx\ServoStudio\wpfui-servoStudio\samples\Wpf.Ui.servoStudio\servoStudio_wjhet5xd_wpftmp.csproj]
C:\UserWorx\VSWorx\ServoStudio\wpfui-servoStudio\samples\Wpf.Ui.servoStudio\ViewModels\DeviceSet\DeviceAddViewModel.cs(1075,22): warning IDE0055: 淇鏍煎紡 (https://learn.microsoft.com/dotnet/fundamentals/code-analysis/style-rules/ide0055) [C:\UserWorx\VSWorx\ServoStudio\wpfui-servoStudio\samples\Wpf.Ui.servoStudio\servoStudio_wjhet5xd_wpftmp.csproj]
C:\UserWorx\VSWorx\ServoStudio\wpfui-servoStudio\samples\Wpf.Ui.servoStudio\ViewModels\DeviceSet\DeviceAddViewModel.cs(1075,44): warning IDE0055: 淇鏍煎紡 (https://learn.microsoft.com/dotnet/fundamentals/code-analysis/style-rules/ide0055) [C:\UserWorx\VSWorx\ServoStudio\wpfui-servoStudio\samples\Wpf.Ui.servoStudio\servoStudio_wjhet5xd_wpftmp.csproj]
C:\UserWorx\VSWorx\ServoStudio\wpfui-servoStudio\samples\Wpf.Ui.servoStudio\ViewModels\DeviceSet\DeviceAddViewModel.cs(1075,46): warning IDE0055: 淇鏍煎紡 (https://learn.microsoft.com/dotnet/fundamentals/code-analysis/style-rules/ide0055) [C:\UserWorx\VSWorx\ServoStudio\wpfui-servoStudio\samples\Wpf.Ui.servoStudio\servoStudio_wjhet5xd_wpftmp.csproj]
C:\UserWorx\VSWorx\ServoStudio\wpfui-servoStudio\samples\Wpf.Ui.servoStudio\ViewModels\DeviceSet\DeviceAddViewModel.cs(1093,16): warning IDE0055: 淇鏍煎紡 (https://learn.microsoft.com/dotnet/fundamentals/code-analysis/style-rules/ide0055) [C:\UserWorx\VSWorx\ServoStudio\wpfui-servoStudio\samples\Wpf.Ui.servoStudio\servoStudio_wjhet5xd_wpftmp.csproj]
C:\UserWorx\VSWorx\ServoStudio\wpfui-servoStudio\samples\Wpf.Ui.servoStudio\ViewModels\DeviceSet\DeviceAddViewModel.cs(1093,18): warning IDE0055: 淇鏍煎紡 (https://learn.microsoft.com/dotnet/fundamentals/code-analysis/style-rules/ide0055) [C:\UserWorx\VSWorx\ServoStudio\wpfui-servoStudio\samples\Wpf.Ui.servoStudio\servoStudio_wjhet5xd_wpftmp.csproj]
C:\UserWorx\VSWorx\ServoStudio\wpfui-servoStudio\samples\Wpf.Ui.servoStudio\ViewModels\DeviceSet\DeviceAddViewModel.cs(1093,41): warning IDE0055: 淇鏍煎紡 (https://learn.microsoft.com/dotnet/fundamentals/code-analysis/style-rules/ide0055) [C:\UserWorx\VSWorx\ServoStudio\wpfui-servoStudio\samples\Wpf.Ui.servoStudio\servoStudio_wjhet5xd_wpftmp.csproj]
C:\UserWorx\VSWorx\ServoStudio\wpfui-servoStudio\samples\Wpf.Ui.servoStudio\ViewModels\DeviceSet\DeviceAddViewModel.cs(1093,43): warning IDE0055: 淇鏍煎紡 (https://learn.microsoft.com/dotnet/fundamentals/code-analysis/style-rules/ide0055) [C:\UserWorx\VSWorx\ServoStudio\wpfui-servoStudio\samples\Wpf.Ui.servoStudio\servoStudio_wjhet5xd_wpftmp.csproj]
C:\UserWorx\VSWorx\ServoStudio\wpfui-servoStudio\samples\Wpf.Ui.servoStudio\ViewModels\DeviceSet\DeviceAddViewModel.cs(1107,12): warning IDE0055: 淇鏍煎紡 (https://learn.microsoft.com/dotnet/fundamentals/code-analysis/style-rules/ide0055) [C:\UserWorx\VSWorx\ServoStudio\wpfui-servoStudio\samples\Wpf.Ui.servoStudio\servoStudio_wjhet5xd_wpftmp.csproj]
C:\UserWorx\VSWorx\ServoStudio\wpfui-servoStudio\samples\Wpf.Ui.servoStudio\ViewModels\DeviceSet\DeviceAddViewModel.cs(1107,14): warning IDE0055: 淇鏍煎紡 (https://learn.microsoft.com/dotnet/fundamentals/code-analysis/style-rules/ide0055) [C:\UserWorx\VSWorx\ServoStudio\wpfui-servoStudio\samples\Wpf.Ui.servoStudio\servoStudio_wjhet5xd_wpftmp.csproj]
C:\UserWorx\VSWorx\ServoStudio\wpfui-servoStudio\samples\Wpf.Ui.servoStudio\ViewModels\DeviceSet\DeviceAddViewModel.cs(1107,34): warning IDE0055: 淇鏍煎紡 (https://learn.microsoft.com/dotnet/fundamentals/code-analysis/style-rules/ide0055) [C:\UserWorx\VSWorx\ServoStudio\wpfui-servoStudio\samples\Wpf.Ui.servoStudio\servoStudio_wjhet5xd_wpftmp.csproj]
C:\UserWorx\VSWorx\ServoStudio\wpfui-servoStudio\samples\Wpf.Ui.servoStudio\ViewModels\DeviceSet\DeviceAddViewModel.cs(1107,36): warning IDE0055: 淇鏍煎紡 (https://learn.microsoft.com/dotnet/fundamentals/code-analysis/style-rules/ide0055) [C:\UserWorx\VSWorx\ServoStudio\wpfui-servoStudio\samples\Wpf.Ui.servoStudio\servoStudio_wjhet5xd_wpftmp.csproj]
C:\UserWorx\VSWorx\ServoStudio\wpfui-servoStudio\samples\Wpf.Ui.servoStudio\ViewModels\DeviceSet\DeviceAddViewModel.cs(1108,12): warning IDE0055: 淇鏍煎紡 (https://learn.microsoft.com/dotnet/fundamentals/code-analysis/style-rules/ide0055) [C:\UserWorx\VSWorx\ServoStudio\wpfui-servoStudio\samples\Wpf.Ui.servoStudio\servoStudio_wjhet5xd_wpftmp.csproj]
C:\UserWorx\VSWorx\ServoStudio\wpfui-servoStudio\samples\Wpf.Ui.servoStudio\ViewModels\DeviceSet\DeviceAddViewModel.cs(1108,14): warning IDE0055: 淇鏍煎紡 (https://learn.microsoft.com/dotnet/fundamentals/code-analysis/style-rules/ide0055) [C:\UserWorx\VSWorx\ServoStudio\wpfui-servoStudio\samples\Wpf.Ui.servoStudio\servoStudio_wjhet5xd_wpftmp.csproj]
C:\UserWorx\VSWorx\ServoStudio\wpfui-servoStudio\samples\Wpf.Ui.servoStudio\ViewModels\DeviceSet\DeviceAddViewModel.cs(1108,37): warning IDE0055: 淇鏍煎紡 (https://learn.microsoft.com/dotnet/fundamentals/code-analysis/style-rules/ide0055) [C:\UserWorx\VSWorx\ServoStudio\wpfui-servoStudio\samples\Wpf.Ui.servoStudio\servoStudio_wjhet5xd_wpftmp.csproj]
C:\UserWorx\VSWorx\ServoStudio\wpfui-servoStudio\samples\Wpf.Ui.servoStudio\ViewModels\DeviceSet\DeviceAddViewModel.cs(1108,39): warning IDE0055: 淇鏍煎紡 (https://learn.microsoft.com/dotnet/fundamentals/code-analysis/style-rules/ide0055) [C:\UserWorx\VSWorx\ServoStudio\wpfui-servoStudio\samples\Wpf.Ui.servoStudio\servoStudio_wjhet5xd_wpftmp.csproj]
C:\UserWorx\VSWorx\ServoStudio\wpfui-servoStudio\samples\Wpf.Ui.servoStudio\ViewModels\DeviceSet\DeviceAddViewModel.cs(1539,32): warning IDE0055: 淇鏍煎紡 (https://learn.microsoft.com/dotnet/fundamentals/code-analysis/style-rules/ide0055) [C:\UserWorx\VSWorx\ServoStudio\wpfui-servoStudio\samples\Wpf.Ui.servoStudio\servoStudio_wjhet5xd_wpftmp.csproj]
C:\UserWorx\VSWorx\ServoStudio\wpfui-servoStudio\samples\Wpf.Ui.servoStudio\ViewModels\DeviceSet\DeviceAddViewModel.cs(1555,12): warning IDE0055: 淇鏍煎紡 (https://learn.microsoft.com/dotnet/fundamentals/code-analysis/style-rules/ide0055) [C:\UserWorx\VSWorx\ServoStudio\wpfui-servoStudio\samples\Wpf.Ui.servoStudio\servoStudio_wjhet5xd_wpftmp.csproj]
C:\UserWorx\VSWorx\ServoStudio\wpfui-servoStudio\samples\Wpf.Ui.servoStudio\ViewModels\DeviceSet\DeviceAddViewModel.cs(1555,14): warning IDE0055: 淇鏍煎紡 (https://learn.microsoft.com/dotnet/fundamentals/code-analysis/style-rules/ide0055) [C:\UserWorx\VSWorx\ServoStudio\wpfui-servoStudio\samples\Wpf.Ui.servoStudio\servoStudio_wjhet5xd_wpftmp.csproj]
C:\UserWorx\VSWorx\ServoStudio\wpfui-servoStudio\samples\Wpf.Ui.servoStudio\ViewModels\DeviceSet\DeviceAddViewModel.cs(1555,29): warning IDE0055: 淇鏍煎紡 (https://learn.microsoft.com/dotnet/fundamentals/code-analysis/style-rules/ide0055) [C:\UserWorx\VSWorx\ServoStudio\wpfui-servoStudio\samples\Wpf.Ui.servoStudio\servoStudio_wjhet5xd_wpftmp.csproj]
C:\UserWorx\VSWorx\ServoStudio\wpfui-servoStudio\samples\Wpf.Ui.servoStudio\ViewModels\DeviceSet\DeviceAddViewModel.cs(1555,31): warning IDE0055: 淇鏍煎紡 (https://learn.microsoft.com/dotnet/fundamentals/code-analysis/style-rules/ide0055) [C:\UserWorx\VSWorx\ServoStudio\wpfui-servoStudio\samples\Wpf.Ui.servoStudio\servoStudio_wjhet5xd_wpftmp.csproj]
C:\UserWorx\VSWorx\ServoStudio\wpfui-servoStudio\samples\Wpf.Ui.servoStudio\ViewModels\DeviceSet\DeviceAddViewModel.cs(1556,12): warning IDE0055: 淇鏍煎紡 (https://learn.microsoft.com/dotnet/fundamentals/code-analysis/style-rules/ide0055) [C:\UserWorx\VSWorx\ServoStudio\wpfui-servoStudio\samples\Wpf.Ui.servoStudio\servoStudio_wjhet5xd_wpftmp.csproj]
C:\UserWorx\VSWorx\ServoStudio\wpfui-servoStudio\samples\Wpf.Ui.servoStudio\ViewModels\DeviceSet\DeviceAddViewModel.cs(1556,14): warning IDE0055: 淇鏍煎紡 (https://learn.microsoft.com/dotnet/fundamentals/code-analysis/style-rules/ide0055) [C:\UserWorx\VSWorx\ServoStudio\wpfui-servoStudio\samples\Wpf.Ui.servoStudio\servoStudio_wjhet5xd_wpftmp.csproj]
C:\UserWorx\VSWorx\ServoStudio\wpfui-servoStudio\samples\Wpf.Ui.servoStudio\ViewModels\DeviceSet\DeviceAddViewModel.cs(1556,30): warning IDE0055: 淇鏍煎紡 (https://learn.microsoft.com/dotnet/fundamentals/code-analysis/style-rules/ide0055) [C:\UserWorx\VSWorx\ServoStudio\wpfui-servoStudio\samples\Wpf.Ui.servoStudio\servoStudio_wjhet5xd_wpftmp.csproj]
C:\UserWorx\VSWorx\ServoStudio\wpfui-servoStudio\samples\Wpf.Ui.servoStudio\ViewModels\DeviceSet\DeviceAddViewModel.cs(1556,32): warning IDE0055: 淇鏍煎紡 (https://learn.microsoft.com/dotnet/fundamentals/code-analysis/style-rules/ide0055) [C:\UserWorx\VSWorx\ServoStudio\wpfui-servoStudio\samples\Wpf.Ui.servoStudio\servoStudio_wjhet5xd_wpftmp.csproj]
C:\UserWorx\VSWorx\ServoStudio\wpfui-servoStudio\samples\Wpf.Ui.servoStudio\ViewModels\DeviceSet\DeviceAddViewModel.cs(1566,83): warning IDE0055: 淇鏍煎紡 (https://learn.microsoft.com/dotnet/fundamentals/code-analysis/style-rules/ide0055) [C:\UserWorx\VSWorx\ServoStudio\wpfui-servoStudio\samples\Wpf.Ui.servoStudio\servoStudio_wjhet5xd_wpftmp.csproj]
C:\UserWorx\VSWorx\ServoStudio\wpfui-servoStudio\samples\Wpf.Ui.servoStudio\ViewModels\DeviceSet\DeviceAddViewModel.cs(1579,32): warning IDE0055: 淇鏍煎紡 (https://learn.microsoft.com/dotnet/fundamentals/code-analysis/style-rules/ide0055) [C:\UserWorx\VSWorx\ServoStudio\wpfui-servoStudio\samples\Wpf.Ui.servoStudio\servoStudio_wjhet5xd_wpftmp.csproj]
C:\UserWorx\VSWorx\ServoStudio\wpfui-servoStudio\samples\Wpf.Ui.servoStudio\ViewModels\DeviceSet\DeviceAddViewModel.cs(1664,12): warning IDE0055: 淇鏍煎紡 (https://learn.microsoft.com/dotnet/fundamentals/code-analysis/style-rules/ide0055) [C:\UserWorx\VSWorx\ServoStudio\wpfui-servoStudio\samples\Wpf.Ui.servoStudio\servoStudio_wjhet5xd_wpftmp.csproj]
C:\UserWorx\VSWorx\ServoStudio\wpfui-servoStudio\samples\Wpf.Ui.servoStudio\ViewModels\DeviceSet\DeviceAddViewModel.cs(1664,14): warning IDE0055: 淇鏍煎紡 (https://learn.microsoft.com/dotnet/fundamentals/code-analysis/style-rules/ide0055) [C:\UserWorx\VSWorx\ServoStudio\wpfui-servoStudio\samples\Wpf.Ui.servoStudio\servoStudio_wjhet5xd_wpftmp.csproj]
C:\UserWorx\VSWorx\ServoStudio\wpfui-servoStudio\samples\Wpf.Ui.servoStudio\ViewModels\DeviceSet\DeviceAddViewModel.cs(1664,29): warning IDE0055: 淇鏍煎紡 (https://learn.microsoft.com/dotnet/fundamentals/code-analysis/style-rules/ide0055) [C:\UserWorx\VSWorx\ServoStudio\wpfui-servoStudio\samples\Wpf.Ui.servoStudio\servoStudio_wjhet5xd_wpftmp.csproj]
C:\UserWorx\VSWorx\ServoStudio\wpfui-servoStudio\samples\Wpf.Ui.servoStudio\ViewModels\DeviceSet\DeviceAddViewModel.cs(1664,31): warning IDE0055: 淇鏍煎紡 (https://learn.microsoft.com/dotnet/fundamentals/code-analysis/style-rules/ide0055) [C:\UserWorx\VSWorx\ServoStudio\wpfui-servoStudio\samples\Wpf.Ui.servoStudio\servoStudio_wjhet5xd_wpftmp.csproj]
C:\UserWorx\VSWorx\ServoStudio\wpfui-servoStudio\samples\Wpf.Ui.servoStudio\ViewModels\DeviceSet\DeviceAddViewModel.cs(1665,12): warning IDE0055: 淇鏍煎紡 (https://learn.microsoft.com/dotnet/fundamentals/code-analysis/style-rules/ide0055) [C:\UserWorx\VSWorx\ServoStudio\wpfui-servoStudio\samples\Wpf.Ui.servoStudio\servoStudio_wjhet5xd_wpftmp.csproj]
C:\UserWorx\VSWorx\ServoStudio\wpfui-servoStudio\samples\Wpf.Ui.servoStudio\ViewModels\DeviceSet\DeviceAddViewModel.cs(1665,14): warning IDE0055: 淇鏍煎紡 (https://learn.microsoft.com/dotnet/fundamentals/code-analysis/style-rules/ide0055) [C:\UserWorx\VSWorx\ServoStudio\wpfui-servoStudio\samples\Wpf.Ui.servoStudio\servoStudio_wjhet5xd_wpftmp.csproj]
C:\UserWorx\VSWorx\ServoStudio\wpfui-servoStudio\samples\Wpf.Ui.servoStudio\ViewModels\DeviceSet\DeviceAddViewModel.cs(1665,30): warning IDE0055: 淇鏍煎紡 (https://learn.microsoft.com/dotnet/fundamentals/code-analysis/style-rules/ide0055) [C:\UserWorx\VSWorx\ServoStudio\wpfui-servoStudio\samples\Wpf.Ui.servoStudio\servoStudio_wjhet5xd_wpftmp.csproj]
C:\UserWorx\VSWorx\ServoStudio\wpfui-servoStudio\samples\Wpf.Ui.servoStudio\ViewModels\DeviceSet\DeviceAddViewModel.cs(1665,32): warning IDE0055: 淇鏍煎紡 (https://learn.microsoft.com/dotnet/fundamentals/code-analysis/style-rules/ide0055) [C:\UserWorx\VSWorx\ServoStudio\wpfui-servoStudio\samples\Wpf.Ui.servoStudio\servoStudio_wjhet5xd_wpftmp.csproj]
C:\UserWorx\VSWorx\ServoStudio\wpfui-servoStudio\samples\Wpf.Ui.servoStudio\ViewModels\DeviceSet\DeviceAddViewModel.cs(1675,84): warning IDE0055: 淇鏍煎紡 (https://learn.microsoft.com/dotnet/fundamentals/code-analysis/style-rules/ide0055) [C:\UserWorx\VSWorx\ServoStudio\wpfui-servoStudio\samples\Wpf.Ui.servoStudio\servoStudio_wjhet5xd_wpftmp.csproj]
C:\UserWorx\VSWorx\ServoStudio\wpfui-servoStudio\samples\Wpf.Ui.servoStudio\ViewModels\DeviceSet\DeviceAddViewModel.cs(1688,33): warning IDE0055: 淇鏍煎紡 (https://learn.microsoft.com/dotnet/fundamentals/code-analysis/style-rules/ide0055) [C:\UserWorx\VSWorx\ServoStudio\wpfui-servoStudio\samples\Wpf.Ui.servoStudio\servoStudio_wjhet5xd_wpftmp.csproj]
C:\UserWorx\VSWorx\ServoStudio\wpfui-servoStudio\samples\Wpf.Ui.servoStudio\ViewModels\DeviceSet\DeviceAddViewModel.cs(1756,16): warning IDE0055: 淇鏍煎紡 (https://learn.microsoft.com/dotnet/fundamentals/code-analysis/style-rules/ide0055) [C:\UserWorx\VSWorx\ServoStudio\wpfui-servoStudio\samples\Wpf.Ui.servoStudio\servoStudio_wjhet5xd_wpftmp.csproj]
C:\UserWorx\VSWorx\ServoStudio\wpfui-servoStudio\samples\Wpf.Ui.servoStudio\ViewModels\DeviceSet\DeviceAddViewModel.cs(1756,18): warning IDE0055: 淇鏍煎紡 (https://learn.microsoft.com/dotnet/fundamentals/code-analysis/style-rules/ide0055) [C:\UserWorx\VSWorx\ServoStudio\wpfui-servoStudio\samples\Wpf.Ui.servoStudio\servoStudio_wjhet5xd_wpftmp.csproj]
C:\UserWorx\VSWorx\ServoStudio\wpfui-servoStudio\samples\Wpf.Ui.servoStudio\ViewModels\DeviceSet\DeviceAddViewModel.cs(1756,33): warning IDE0055: 淇鏍煎紡 (https://learn.microsoft.com/dotnet/fundamentals/code-analysis/style-rules/ide0055) [C:\UserWorx\VSWorx\ServoStudio\wpfui-servoStudio\samples\Wpf.Ui.servoStudio\servoStudio_wjhet5xd_wpftmp.csproj]
C:\UserWorx\VSWorx\ServoStudio\wpfui-servoStudio\samples\Wpf.Ui.servoStudio\ViewModels\DeviceSet\DeviceAddViewModel.cs(1756,35): warning IDE0055: 淇鏍煎紡 (https://learn.microsoft.com/dotnet/fundamentals/code-analysis/style-rules/ide0055) [C:\UserWorx\VSWorx\ServoStudio\wpfui-servoStudio\samples\Wpf.Ui.servoStudio\servoStudio_wjhet5xd_wpftmp.csproj]
C:\UserWorx\VSWorx\ServoStudio\wpfui-servoStudio\samples\Wpf.Ui.servoStudio\ViewModels\DeviceSet\DeviceAddViewModel.cs(1955,16): warning IDE0055: 淇鏍煎紡 (https://learn.microsoft.com/dotnet/fundamentals/code-analysis/style-rules/ide0055) [C:\UserWorx\VSWorx\ServoStudio\wpfui-servoStudio\samples\Wpf.Ui.servoStudio\servoStudio_wjhet5xd_wpftmp.csproj]
C:\UserWorx\VSWorx\ServoStudio\wpfui-servoStudio\samples\Wpf.Ui.servoStudio\ViewModels\DeviceSet\DeviceAddViewModel.cs(1955,18): warning IDE0055: 淇鏍煎紡 (https://learn.microsoft.com/dotnet/fundamentals/code-analysis/style-rules/ide0055) [C:\UserWorx\VSWorx\ServoStudio\wpfui-servoStudio\samples\Wpf.Ui.servoStudio\servoStudio_wjhet5xd_wpftmp.csproj]
C:\UserWorx\VSWorx\ServoStudio\wpfui-servoStudio\samples\Wpf.Ui.servoStudio\ViewModels\DeviceSet\DeviceAddViewModel.cs(1955,41): warning IDE0055: 淇鏍煎紡 (https://learn.microsoft.com/dotnet/fundamentals/code-analysis/style-rules/ide0055) [C:\UserWorx\VSWorx\ServoStudio\wpfui-servoStudio\samples\Wpf.Ui.servoStudio\servoStudio_wjhet5xd_wpftmp.csproj]
C:\UserWorx\VSWorx\ServoStudio\wpfui-servoStudio\samples\Wpf.Ui.servoStudio\ViewModels\DeviceSet\DeviceAddViewModel.cs(1955,43): warning IDE0055: 淇鏍煎紡 (https://learn.microsoft.com/dotnet/fundamentals/code-analysis/style-rules/ide0055) [C:\UserWorx\VSWorx\ServoStudio\wpfui-servoStudio\samples\Wpf.Ui.servoStudio\servoStudio_wjhet5xd_wpftmp.csproj]
C:\UserWorx\VSWorx\ServoStudio\wpfui-servoStudio\samples\Wpf.Ui.servoStudio\ViewModels\DeviceSet\DeviceAddViewModel.cs(2065,41): warning IDE0055: 淇鏍煎紡 (https://learn.microsoft.com/dotnet/fundamentals/code-analysis/style-rules/ide0055) [C:\UserWorx\VSWorx\ServoStudio\wpfui-servoStudio\samples\Wpf.Ui.servoStudio\servoStudio_wjhet5xd_wpftmp.csproj]
C:\UserWorx\VSWorx\ServoStudio\wpfui-servoStudio\samples\Wpf.Ui.servoStudio\ViewModels\DeviceSet\DeviceAddViewModel.cs(2066,40): warning IDE0055: 淇鏍煎紡 (https://learn.microsoft.com/dotnet/fundamentals/code-analysis/style-rules/ide0055) [C:\UserWorx\VSWorx\ServoStudio\wpfui-servoStudio\samples\Wpf.Ui.servoStudio\servoStudio_wjhet5xd_wpftmp.csproj]
C:\UserWorx\VSWorx\ServoStudio\wpfui-servoStudio\samples\Wpf.Ui.servoStudio\ViewModels\DeviceSet\DeviceAddViewModel.cs(2080,33): warning IDE0055: 淇鏍煎紡 (https://learn.microsoft.com/dotnet/fundamentals/code-analysis/style-rules/ide0055) [C:\UserWorx\VSWorx\ServoStudio\wpfui-servoStudio\samples\Wpf.Ui.servoStudio\servoStudio_wjhet5xd_wpftmp.csproj]
C:\UserWorx\VSWorx\ServoStudio\wpfui-servoStudio\samples\Wpf.Ui.servoStudio\ViewModels\DeviceSet\DeviceAddViewModel.cs(2201,12): warning IDE0055: 淇鏍煎紡 (https://learn.microsoft.com/dotnet/fundamentals/code-analysis/style-rules/ide0055) [C:\UserWorx\VSWorx\ServoStudio\wpfui-servoStudio\samples\Wpf.Ui.servoStudio\servoStudio_wjhet5xd_wpftmp.csproj]
C:\UserWorx\VSWorx\ServoStudio\wpfui-servoStudio\samples\Wpf.Ui.servoStudio\ViewModels\DeviceSet\DeviceAddViewModel.cs(2201,14): warning IDE0055: 淇鏍煎紡 (https://learn.microsoft.com/dotnet/fundamentals/code-analysis/style-rules/ide0055) [C:\UserWorx\VSWorx\ServoStudio\wpfui-servoStudio\samples\Wpf.Ui.servoStudio\servoStudio_wjhet5xd_wpftmp.csproj]
C:\UserWorx\VSWorx\ServoStudio\wpfui-servoStudio\samples\Wpf.Ui.servoStudio\ViewModels\DeviceSet\DeviceAddViewModel.cs(2201,41): warning IDE0055: 淇鏍煎紡 (https://learn.microsoft.com/dotnet/fundamentals/code-analysis/style-rules/ide0055) [C:\UserWorx\VSWorx\ServoStudio\wpfui-servoStudio\samples\Wpf.Ui.servoStudio\servoStudio_wjhet5xd_wpftmp.csproj]
C:\UserWorx\VSWorx\ServoStudio\wpfui-servoStudio\samples\Wpf.Ui.servoStudio\ViewModels\DeviceSet\DeviceAddViewModel.cs(2201,43): warning IDE0055: 淇鏍煎紡 (https://learn.microsoft.com/dotnet/fundamentals/code-analysis/style-rules/ide0055) [C:\UserWorx\VSWorx\ServoStudio\wpfui-servoStudio\samples\Wpf.Ui.servoStudio\servoStudio_wjhet5xd_wpftmp.csproj]
C:\UserWorx\VSWorx\ServoStudio\wpfui-servoStudio\samples\Wpf.Ui.servoStudio\ViewModels\DeviceSet\DeviceAddViewModel.cs(2448,12): warning IDE0055: 淇鏍煎紡 (https://learn.microsoft.com/dotnet/fundamentals/code-analysis/style-rules/ide0055) [C:\UserWorx\VSWorx\ServoStudio\wpfui-servoStudio\samples\Wpf.Ui.servoStudio\servoStudio_wjhet5xd_wpftmp.csproj]
C:\UserWorx\VSWorx\ServoStudio\wpfui-servoStudio\samples\Wpf.Ui.servoStudio\ViewModels\DeviceSet\DeviceAddViewModel.cs(2448,14): warning IDE0055: 淇鏍煎紡 (https://learn.microsoft.com/dotnet/fundamentals/code-analysis/style-rules/ide0055) [C:\UserWorx\VSWorx\ServoStudio\wpfui-servoStudio\samples\Wpf.Ui.servoStudio\servoStudio_wjhet5xd_wpftmp.csproj]
C:\UserWorx\VSWorx\ServoStudio\wpfui-servoStudio\samples\Wpf.Ui.servoStudio\ViewModels\DeviceSet\DeviceAddViewModel.cs(2448,37): warning IDE0055: 淇鏍煎紡 (https://learn.microsoft.com/dotnet/fundamentals/code-analysis/style-rules/ide0055) [C:\UserWorx\VSWorx\ServoStudio\wpfui-servoStudio\samples\Wpf.Ui.servoStudio\servoStudio_wjhet5xd_wpftmp.csproj]
C:\UserWorx\VSWorx\ServoStudio\wpfui-servoStudio\samples\Wpf.Ui.servoStudio\ViewModels\DeviceSet\DeviceAddViewModel.cs(2448,39): warning IDE0055: 淇鏍煎紡 (https://learn.microsoft.com/dotnet/fundamentals/code-analysis/style-rules/ide0055) [C:\UserWorx\VSWorx\ServoStudio\wpfui-servoStudio\samples\Wpf.Ui.servoStudio\servoStudio_wjhet5xd_wpftmp.csproj]
C:\UserWorx\VSWorx\ServoStudio\wpfui-servoStudio\samples\Wpf.Ui.servoStudio\ViewModels\DeviceSet\DeviceAddViewModel.cs(2449,12): warning IDE0055: 淇鏍煎紡 (https://learn.microsoft.com/dotnet/fundamentals/code-analysis/style-rules/ide0055) [C:\UserWorx\VSWorx\ServoStudio\wpfui-servoStudio\samples\Wpf.Ui.servoStudio\servoStudio_wjhet5xd_wpftmp.csproj]
C:\UserWorx\VSWorx\ServoStudio\wpfui-servoStudio\samples\Wpf.Ui.servoStudio\ViewModels\DeviceSet\DeviceAddViewModel.cs(2449,14): warning IDE0055: 淇鏍煎紡 (https://learn.microsoft.com/dotnet/fundamentals/code-analysis/style-rules/ide0055) [C:\UserWorx\VSWorx\ServoStudio\wpfui-servoStudio\samples\Wpf.Ui.servoStudio\servoStudio_wjhet5xd_wpftmp.csproj]
C:\UserWorx\VSWorx\ServoStudio\wpfui-servoStudio\samples\Wpf.Ui.servoStudio\ViewModels\DeviceSet\DeviceAddViewModel.cs(2449,38): warning IDE0055: 淇鏍煎紡 (https://learn.microsoft.com/dotnet/fundamentals/code-analysis/style-rules/ide0055) [C:\UserWorx\VSWorx\ServoStudio\wpfui-servoStudio\samples\Wpf.Ui.servoStudio\servoStudio_wjhet5xd_wpftmp.csproj]
C:\UserWorx\VSWorx\ServoStudio\wpfui-servoStudio\samples\Wpf.Ui.servoStudio\ViewModels\DeviceSet\DeviceAddViewModel.cs(2449,40): warning IDE0055: 淇鏍煎紡 (https://learn.microsoft.com/dotnet/fundamentals/code-analysis/style-rules/ide0055) [C:\UserWorx\VSWorx\ServoStudio\wpfui-servoStudio\samples\Wpf.Ui.servoStudio\servoStudio_wjhet5xd_wpftmp.csproj]
C:\UserWorx\VSWorx\ServoStudio\wpfui-servoStudio\samples\Wpf.Ui.servoStudio\ViewModels\DeviceSet\DeviceAddViewModel.cs(2450,12): warning IDE0055: 淇鏍煎紡 (https://learn.microsoft.com/dotnet/fundamentals/code-analysis/style-rules/ide0055) [C:\UserWorx\VSWorx\ServoStudio\wpfui-servoStudio\samples\Wpf.Ui.servoStudio\servoStudio_wjhet5xd_wpftmp.csproj]
C:\UserWorx\VSWorx\ServoStudio\wpfui-servoStudio\samples\Wpf.Ui.servoStudio\ViewModels\DeviceSet\DeviceAddViewModel.cs(2450,14): warning IDE0055: 淇鏍煎紡 (https://learn.microsoft.com/dotnet/fundamentals/code-analysis/style-rules/ide0055) [C:\UserWorx\VSWorx\ServoStudio\wpfui-servoStudio\samples\Wpf.Ui.servoStudio\servoStudio_wjhet5xd_wpftmp.csproj]
C:\UserWorx\VSWorx\ServoStudio\wpfui-servoStudio\samples\Wpf.Ui.servoStudio\ViewModels\DeviceSet\DeviceAddViewModel.cs(2450,40): warning IDE0055: 淇鏍煎紡 (https://learn.microsoft.com/dotnet/fundamentals/code-analysis/style-rules/ide0055) [C:\UserWorx\VSWorx\ServoStudio\wpfui-servoStudio\samples\Wpf.Ui.servoStudio\servoStudio_wjhet5xd_wpftmp.csproj]
C:\UserWorx\VSWorx\ServoStudio\wpfui-servoStudio\samples\Wpf.Ui.servoStudio\ViewModels\DeviceSet\DeviceAddViewModel.cs(2450,42): warning IDE0055: 淇鏍煎紡 (https://learn.microsoft.com/dotnet/fundamentals/code-analysis/style-rules/ide0055) [C:\UserWorx\VSWorx\ServoStudio\wpfui-servoStudio\samples\Wpf.Ui.servoStudio\servoStudio_wjhet5xd_wpftmp.csproj]
C:\UserWorx\VSWorx\ServoStudio\wpfui-servoStudio\samples\Wpf.Ui.servoStudio\ViewModels\DeviceSet\DeviceAddViewModel.cs(2451,12): warning IDE0055: 淇鏍煎紡 (https://learn.microsoft.com/dotnet/fundamentals/code-analysis/style-rules/ide0055) [C:\UserWorx\VSWorx\ServoStudio\wpfui-servoStudio\samples\Wpf.Ui.servoStudio\servoStudio_wjhet5xd_wpftmp.csproj]
C:\UserWorx\VSWorx\ServoStudio\wpfui-servoStudio\samples\Wpf.Ui.servoStudio\ViewModels\DeviceSet\DeviceAddViewModel.cs(2451,14): warning IDE0055: 淇鏍煎紡 (https://learn.microsoft.com/dotnet/fundamentals/code-analysis/style-rules/ide0055) [C:\UserWorx\VSWorx\ServoStudio\wpfui-servoStudio\samples\Wpf.Ui.servoStudio\servoStudio_wjhet5xd_wpftmp.csproj]
C:\UserWorx\VSWorx\ServoStudio\wpfui-servoStudio\samples\Wpf.Ui.servoStudio\ViewModels\DeviceSet\DeviceAddViewModel.cs(2451,39): warning IDE0055: 淇鏍煎紡 (https://learn.microsoft.com/dotnet/fundamentals/code-analysis/style-rules/ide0055) [C:\UserWorx\VSWorx\ServoStudio\wpfui-servoStudio\samples\Wpf.Ui.servoStudio\servoStudio_wjhet5xd_wpftmp.csproj]
C:\UserWorx\VSWorx\ServoStudio\wpfui-servoStudio\samples\Wpf.Ui.servoStudio\ViewModels\DeviceSet\DeviceAddViewModel.cs(2451,41): warning IDE0055: 淇鏍煎紡 (https://learn.microsoft.com/dotnet/fundamentals/code-analysis/style-rules/ide0055) [C:\UserWorx\VSWorx\ServoStudio\wpfui-servoStudio\samples\Wpf.Ui.servoStudio\servoStudio_wjhet5xd_wpftmp.csproj]
C:\UserWorx\VSWorx\ServoStudio\wpfui-servoStudio\samples\Wpf.Ui.servoStudio\ViewModels\DeviceSet\DeviceAddViewModel.cs(2452,12): warning IDE0055: 淇鏍煎紡 (https://learn.microsoft.com/dotnet/fundamentals/code-analysis/style-rules/ide0055) [C:\UserWorx\VSWorx\ServoStudio\wpfui-servoStudio\samples\Wpf.Ui.servoStudio\servoStudio_wjhet5xd_wpftmp.csproj]
C:\UserWorx\VSWorx\ServoStudio\wpfui-servoStudio\samples\Wpf.Ui.servoStudio\ViewModels\DeviceSet\DeviceAddViewModel.cs(2452,14): warning IDE0055: 淇鏍煎紡 (https://learn.microsoft.com/dotnet/fundamentals/code-analysis/style-rules/ide0055) [C:\UserWorx\VSWorx\ServoStudio\wpfui-servoStudio\samples\Wpf.Ui.servoStudio\servoStudio_wjhet5xd_wpftmp.csproj]
C:\UserWorx\VSWorx\ServoStudio\wpfui-servoStudio\samples\Wpf.Ui.servoStudio\ViewModels\DeviceSet\DeviceAddViewModel.cs(2452,36): warning IDE0055: 淇鏍煎紡 (https://learn.microsoft.com/dotnet/fundamentals/code-analysis/style-rules/ide0055) [C:\UserWorx\VSWorx\ServoStudio\wpfui-servoStudio\samples\Wpf.Ui.servoStudio\servoStudio_wjhet5xd_wpftmp.csproj]
C:\UserWorx\VSWorx\ServoStudio\wpfui-servoStudio\samples\Wpf.Ui.servoStudio\ViewModels\DeviceSet\DeviceAddViewModel.cs(2452,38): warning IDE0055: 淇鏍煎紡 (https://learn.microsoft.com/dotnet/fundamentals/code-analysis/style-rules/ide0055) [C:\UserWorx\VSWorx\ServoStudio\wpfui-servoStudio\samples\Wpf.Ui.servoStudio\servoStudio_wjhet5xd_wpftmp.csproj]
C:\UserWorx\VSWorx\ServoStudio\wpfui-servoStudio\samples\Wpf.Ui.servoStudio\ViewModels\DeviceSet\DeviceAddViewModel.cs(2453,12): warning IDE0055: 淇鏍煎紡 (https://learn.microsoft.com/dotnet/fundamentals/code-analysis/style-rules/ide0055) [C:\UserWorx\VSWorx\ServoStudio\wpfui-servoStudio\samples\Wpf.Ui.servoStudio\servoStudio_wjhet5xd_wpftmp.csproj]
C:\UserWorx\VSWorx\ServoStudio\wpfui-servoStudio\samples\Wpf.Ui.servoStudio\ViewModels\DeviceSet\DeviceAddViewModel.cs(2453,14): warning IDE0055: 淇鏍煎紡 (https://learn.microsoft.com/dotnet/fundamentals/code-analysis/style-rules/ide0055) [C:\UserWorx\VSWorx\ServoStudio\wpfui-servoStudio\samples\Wpf.Ui.servoStudio\servoStudio_wjhet5xd_wpftmp.csproj]
C:\UserWorx\VSWorx\ServoStudio\wpfui-servoStudio\samples\Wpf.Ui.servoStudio\ViewModels\DeviceSet\DeviceAddViewModel.cs(2453,39): warning IDE0055: 淇鏍煎紡 (https://learn.microsoft.com/dotnet/fundamentals/code-analysis/style-rules/ide0055) [C:\UserWorx\VSWorx\ServoStudio\wpfui-servoStudio\samples\Wpf.Ui.servoStudio\servoStudio_wjhet5xd_wpftmp.csproj]
C:\UserWorx\VSWorx\ServoStudio\wpfui-servoStudio\samples\Wpf.Ui.servoStudio\ViewModels\DeviceSet\DeviceAddViewModel.cs(2453,41): warning IDE0055: 淇鏍煎紡 (https://learn.microsoft.com/dotnet/fundamentals/code-analysis/style-rules/ide0055) [C:\UserWorx\VSWorx\ServoStudio\wpfui-servoStudio\samples\Wpf.Ui.servoStudio\servoStudio_wjhet5xd_wpftmp.csproj]
C:\UserWorx\VSWorx\ServoStudio\wpfui-servoStudio\samples\Wpf.Ui.servoStudio\ViewModels\DeviceSet\DeviceAddViewModel.cs(2454,12): warning IDE0055: 淇鏍煎紡 (https://learn.microsoft.com/dotnet/fundamentals/code-analysis/style-rules/ide0055) [C:\UserWorx\VSWorx\ServoStudio\wpfui-servoStudio\samples\Wpf.Ui.servoStudio\servoStudio_wjhet5xd_wpftmp.csproj]
C:\UserWorx\VSWorx\ServoStudio\wpfui-servoStudio\samples\Wpf.Ui.servoStudio\ViewModels\DeviceSet\DeviceAddViewModel.cs(2454,14): warning IDE0055: 淇鏍煎紡 (https://learn.microsoft.com/dotnet/fundamentals/code-analysis/style-rules/ide0055) [C:\UserWorx\VSWorx\ServoStudio\wpfui-servoStudio\samples\Wpf.Ui.servoStudio\servoStudio_wjhet5xd_wpftmp.csproj]
C:\UserWorx\VSWorx\ServoStudio\wpfui-servoStudio\samples\Wpf.Ui.servoStudio\ViewModels\DeviceSet\DeviceAddViewModel.cs(2454,32): warning IDE0055: 淇鏍煎紡 (https://learn.microsoft.com/dotnet/fundamentals/code-analysis/style-rules/ide0055) [C:\UserWorx\VSWorx\ServoStudio\wpfui-servoStudio\samples\Wpf.Ui.servoStudio\servoStudio_wjhet5xd_wpftmp.csproj]
C:\UserWorx\VSWorx\ServoStudio\wpfui-servoStudio\samples\Wpf.Ui.servoStudio\ViewModels\DeviceSet\DeviceAddViewModel.cs(2454,34): warning IDE0055: 淇鏍煎紡 (https://learn.microsoft.com/dotnet/fundamentals/code-analysis/style-rules/ide0055) [C:\UserWorx\VSWorx\ServoStudio\wpfui-servoStudio\samples\Wpf.Ui.servoStudio\servoStudio_wjhet5xd_wpftmp.csproj]
C:\UserWorx\VSWorx\ServoStudio\wpfui-servoStudio\samples\Wpf.Ui.servoStudio\ViewModels\DeviceSet\DeviceAddViewModel.cs(2455,12): warning IDE0055: 淇鏍煎紡 (https://learn.microsoft.com/dotnet/fundamentals/code-analysis/style-rules/ide0055) [C:\UserWorx\VSWorx\ServoStudio\wpfui-servoStudio\samples\Wpf.Ui.servoStudio\servoStudio_wjhet5xd_wpftmp.csproj]
C:\UserWorx\VSWorx\ServoStudio\wpfui-servoStudio\samples\Wpf.Ui.servoStudio\ViewModels\DeviceSet\DeviceAddViewModel.cs(2455,14): warning IDE0055: 淇鏍煎紡 (https://learn.microsoft.com/dotnet/fundamentals/code-analysis/style-rules/ide0055) [C:\UserWorx\VSWorx\ServoStudio\wpfui-servoStudio\samples\Wpf.Ui.servoStudio\servoStudio_wjhet5xd_wpftmp.csproj]
C:\UserWorx\VSWorx\ServoStudio\wpfui-servoStudio\samples\Wpf.Ui.servoStudio\ViewModels\DeviceSet\DeviceAddViewModel.cs(2455,37): warning IDE0055: 淇鏍煎紡 (https://learn.microsoft.com/dotnet/fundamentals/code-analysis/style-rules/ide0055) [C:\UserWorx\VSWorx\ServoStudio\wpfui-servoStudio\samples\Wpf.Ui.servoStudio\servoStudio_wjhet5xd_wpftmp.csproj]
C:\UserWorx\VSWorx\ServoStudio\wpfui-servoStudio\samples\Wpf.Ui.servoStudio\ViewModels\DeviceSet\DeviceAddViewModel.cs(2455,39): warning IDE0055: 淇鏍煎紡 (https://learn.microsoft.com/dotnet/fundamentals/code-analysis/style-rules/ide0055) [C:\UserWorx\VSWorx\ServoStudio\wpfui-servoStudio\samples\Wpf.Ui.servoStudio\servoStudio_wjhet5xd_wpftmp.csproj]
C:\UserWorx\VSWorx\ServoStudio\wpfui-servoStudio\samples\Wpf.Ui.servoStudio\ViewModels\DeviceSet\DeviceAddViewModel.cs(2456,12): warning IDE0055: 淇鏍煎紡 (https://learn.microsoft.com/dotnet/fundamentals/code-analysis/style-rules/ide0055) [C:\UserWorx\VSWorx\ServoStudio\wpfui-servoStudio\samples\Wpf.Ui.servoStudio\servoStudio_wjhet5xd_wpftmp.csproj]
C:\UserWorx\VSWorx\ServoStudio\wpfui-servoStudio\samples\Wpf.Ui.servoStudio\ViewModels\DeviceSet\DeviceAddViewModel.cs(2456,14): warning IDE0055: 淇鏍煎紡 (https://learn.microsoft.com/dotnet/fundamentals/code-analysis/style-rules/ide0055) [C:\UserWorx\VSWorx\ServoStudio\wpfui-servoStudio\samples\Wpf.Ui.servoStudio\servoStudio_wjhet5xd_wpftmp.csproj]
C:\UserWorx\VSWorx\ServoStudio\wpfui-servoStudio\samples\Wpf.Ui.servoStudio\ViewModels\DeviceSet\DeviceAddViewModel.cs(2456,36): warning IDE0055: 淇鏍煎紡 (https://learn.microsoft.com/dotnet/fundamentals/code-analysis/style-rules/ide0055) [C:\UserWorx\VSWorx\ServoStudio\wpfui-servoStudio\samples\Wpf.Ui.servoStudio\servoStudio_wjhet5xd_wpftmp.csproj]
C:\UserWorx\VSWorx\ServoStudio\wpfui-servoStudio\samples\Wpf.Ui.servoStudio\ViewModels\DeviceSet\DeviceAddViewModel.cs(2456,38): warning IDE0055: 淇鏍煎紡 (https://learn.microsoft.com/dotnet/fundamentals/code-analysis/style-rules/ide0055) [C:\UserWorx\VSWorx\ServoStudio\wpfui-servoStudio\samples\Wpf.Ui.servoStudio\servoStudio_wjhet5xd_wpftmp.csproj]
C:\UserWorx\VSWorx\ServoStudio\wpfui-servoStudio\samples\Wpf.Ui.servoStudio\Services\FrameFormatRuntimeService.cs(97,9): warning IDE0011: 鍚?鈥渓ock鈥?璇彞娣诲姞澶ф嫭鍙枫€?(https://learn.microsoft.com/dotnet/fundamentals/code-analysis/style-rules/ide0011) [C:\UserWorx\VSWorx\ServoStudio\wpfui-servoStudio\samples\Wpf.Ui.servoStudio\servoStudio_wjhet5xd_wpftmp.csproj]
C:\UserWorx\VSWorx\ServoStudio\wpfui-servoStudio\samples\Wpf.Ui.servoStudio\ViewModels\DeviceSet\DeviceAddViewModel.cs(693,9): warning IDE2003: 鍧椾笌鍚庣画璇彞涔嬮棿闇€瑕佹湁绌虹櫧琛?(https://learn.microsoft.com/dotnet/fundamentals/code-analysis/style-rules/ide2003) [C:\UserWorx\VSWorx\ServoStudio\wpfui-servoStudio\samples\Wpf.Ui.servoStudio\servoStudio_wjhet5xd_wpftmp.csproj]
C:\UserWorx\VSWorx\ServoStudio\wpfui-servoStudio\samples\Wpf.Ui.servoStudio\ViewModels\DeviceSet\DeviceAddViewModel.cs(703,9): warning IDE2003: 鍧椾笌鍚庣画璇彞涔嬮棿闇€瑕佹湁绌虹櫧琛?(https://learn.microsoft.com/dotnet/fundamentals/code-analysis/style-rules/ide2003) [C:\UserWorx\VSWorx\ServoStudio\wpfui-servoStudio\samples\Wpf.Ui.servoStudio\servoStudio_wjhet5xd_wpftmp.csproj]
C:\UserWorx\VSWorx\ServoStudio\wpfui-servoStudio\samples\Wpf.Ui.servoStudio\ViewModels\DeviceSet\DeviceAddViewModel.cs(712,9): warning IDE2003: 鍧椾笌鍚庣画璇彞涔嬮棿闇€瑕佹湁绌虹櫧琛?(https://learn.microsoft.com/dotnet/fundamentals/code-analysis/style-rules/ide2003) [C:\UserWorx\VSWorx\ServoStudio\wpfui-servoStudio\samples\Wpf.Ui.servoStudio\servoStudio_wjhet5xd_wpftmp.csproj]
C:\UserWorx\VSWorx\ServoStudio\wpfui-servoStudio\samples\Wpf.Ui.servoStudio\ViewModels\DeviceSet\DeviceAddViewModel.cs(953,9): warning IDE2003: 鍧椾笌鍚庣画璇彞涔嬮棿闇€瑕佹湁绌虹櫧琛?(https://learn.microsoft.com/dotnet/fundamentals/code-analysis/style-rules/ide2003) [C:\UserWorx\VSWorx\ServoStudio\wpfui-servoStudio\samples\Wpf.Ui.servoStudio\servoStudio_wjhet5xd_wpftmp.csproj]
C:\UserWorx\VSWorx\ServoStudio\wpfui-servoStudio\samples\Wpf.Ui.servoStudio\ViewModels\DeviceSet\DeviceAddViewModel.cs(998,9): warning IDE2003: 鍧椾笌鍚庣画璇彞涔嬮棿闇€瑕佹湁绌虹櫧琛?(https://learn.microsoft.com/dotnet/fundamentals/code-analysis/style-rules/ide2003) [C:\UserWorx\VSWorx\ServoStudio\wpfui-servoStudio\samples\Wpf.Ui.servoStudio\servoStudio_wjhet5xd_wpftmp.csproj]
C:\UserWorx\VSWorx\ServoStudio\wpfui-servoStudio\samples\Wpf.Ui.servoStudio\ViewModels\DeviceSet\DeviceAddViewModel.cs(1049,9): warning IDE2003: 鍧椾笌鍚庣画璇彞涔嬮棿闇€瑕佹湁绌虹櫧琛?(https://learn.microsoft.com/dotnet/fundamentals/code-analysis/style-rules/ide2003) [C:\UserWorx\VSWorx\ServoStudio\wpfui-servoStudio\samples\Wpf.Ui.servoStudio\servoStudio_wjhet5xd_wpftmp.csproj]
C:\UserWorx\VSWorx\ServoStudio\wpfui-servoStudio\samples\Wpf.Ui.servoStudio\ViewModels\DeviceSet\DeviceAddViewModel.cs(1067,65): warning IDE2003: 鍧椾笌鍚庣画璇彞涔嬮棿闇€瑕佹湁绌虹櫧琛?(https://learn.microsoft.com/dotnet/fundamentals/code-analysis/style-rules/ide2003) [C:\UserWorx\VSWorx\ServoStudio\wpfui-servoStudio\samples\Wpf.Ui.servoStudio\servoStudio_wjhet5xd_wpftmp.csproj]
C:\UserWorx\VSWorx\ServoStudio\wpfui-servoStudio\samples\Wpf.Ui.servoStudio\ViewModels\DeviceSet\DeviceAddViewModel.cs(1075,68): warning IDE2003: 鍧椾笌鍚庣画璇彞涔嬮棿闇€瑕佹湁绌虹櫧琛?(https://learn.microsoft.com/dotnet/fundamentals/code-analysis/style-rules/ide2003) [C:\UserWorx\VSWorx\ServoStudio\wpfui-servoStudio\samples\Wpf.Ui.servoStudio\servoStudio_wjhet5xd_wpftmp.csproj]
C:\UserWorx\VSWorx\ServoStudio\wpfui-servoStudio\samples\Wpf.Ui.servoStudio\ViewModels\DeviceSet\DeviceAddViewModel.cs(1093,65): warning IDE2003: 鍧椾笌鍚庣画璇彞涔嬮棿闇€瑕佹湁绌虹櫧琛?(https://learn.microsoft.com/dotnet/fundamentals/code-analysis/style-rules/ide2003) [C:\UserWorx\VSWorx\ServoStudio\wpfui-servoStudio\samples\Wpf.Ui.servoStudio\servoStudio_wjhet5xd_wpftmp.csproj]
C:\UserWorx\VSWorx\ServoStudio\wpfui-servoStudio\samples\Wpf.Ui.servoStudio\ViewModels\DeviceSet\DeviceAddViewModel.cs(1107,58): warning IDE2003: 鍧椾笌鍚庣画璇彞涔嬮棿闇€瑕佹湁绌虹櫧琛?(https://learn.microsoft.com/dotnet/fundamentals/code-analysis/style-rules/ide2003) [C:\UserWorx\VSWorx\ServoStudio\wpfui-servoStudio\samples\Wpf.Ui.servoStudio\servoStudio_wjhet5xd_wpftmp.csproj]
C:\UserWorx\VSWorx\ServoStudio\wpfui-servoStudio\samples\Wpf.Ui.servoStudio\ViewModels\DeviceSet\DeviceAddViewModel.cs(1108,61): warning IDE2003: 鍧椾笌鍚庣画璇彞涔嬮棿闇€瑕佹湁绌虹櫧琛?(https://learn.microsoft.com/dotnet/fundamentals/code-analysis/style-rules/ide2003) [C:\UserWorx\VSWorx\ServoStudio\wpfui-servoStudio\samples\Wpf.Ui.servoStudio\servoStudio_wjhet5xd_wpftmp.csproj]
C:\UserWorx\VSWorx\ServoStudio\wpfui-servoStudio\samples\Wpf.Ui.servoStudio\ViewModels\DeviceSet\DeviceAddViewModel.cs(1555,53): warning IDE2003: 鍧椾笌鍚庣画璇彞涔嬮棿闇€瑕佹湁绌虹櫧琛?(https://learn.microsoft.com/dotnet/fundamentals/code-analysis/style-rules/ide2003) [C:\UserWorx\VSWorx\ServoStudio\wpfui-servoStudio\samples\Wpf.Ui.servoStudio\servoStudio_wjhet5xd_wpftmp.csproj]
C:\UserWorx\VSWorx\ServoStudio\wpfui-servoStudio\samples\Wpf.Ui.servoStudio\ViewModels\DeviceSet\DeviceAddViewModel.cs(1633,13): warning IDE2003: 鍧椾笌鍚庣画璇彞涔嬮棿闇€瑕佹湁绌虹櫧琛?(https://learn.microsoft.com/dotnet/fundamentals/code-analysis/style-rules/ide2003) [C:\UserWorx\VSWorx\ServoStudio\wpfui-servoStudio\samples\Wpf.Ui.servoStudio\servoStudio_wjhet5xd_wpftmp.csproj]
C:\UserWorx\VSWorx\ServoStudio\wpfui-servoStudio\samples\Wpf.Ui.servoStudio\ViewModels\DeviceSet\DeviceAddViewModel.cs(1664,53): warning IDE2003: 鍧椾笌鍚庣画璇彞涔嬮棿闇€瑕佹湁绌虹櫧琛?(https://learn.microsoft.com/dotnet/fundamentals/code-analysis/style-rules/ide2003) [C:\UserWorx\VSWorx\ServoStudio\wpfui-servoStudio\samples\Wpf.Ui.servoStudio\servoStudio_wjhet5xd_wpftmp.csproj]
C:\UserWorx\VSWorx\ServoStudio\wpfui-servoStudio\samples\Wpf.Ui.servoStudio\ViewModels\DeviceSet\DeviceAddViewModel.cs(1749,13): warning IDE2003: 鍧椾笌鍚庣画璇彞涔嬮棿闇€瑕佹湁绌虹櫧琛?(https://learn.microsoft.com/dotnet/fundamentals/code-analysis/style-rules/ide2003) [C:\UserWorx\VSWorx\ServoStudio\wpfui-servoStudio\samples\Wpf.Ui.servoStudio\servoStudio_wjhet5xd_wpftmp.csproj]
C:\UserWorx\VSWorx\ServoStudio\wpfui-servoStudio\samples\Wpf.Ui.servoStudio\ViewModels\DeviceSet\DeviceAddViewModel.cs(1756,57): warning IDE2003: 鍧椾笌鍚庣画璇彞涔嬮棿闇€瑕佹湁绌虹櫧琛?(https://learn.microsoft.com/dotnet/fundamentals/code-analysis/style-rules/ide2003) [C:\UserWorx\VSWorx\ServoStudio\wpfui-servoStudio\samples\Wpf.Ui.servoStudio\servoStudio_wjhet5xd_wpftmp.csproj]
C:\UserWorx\VSWorx\ServoStudio\wpfui-servoStudio\samples\Wpf.Ui.servoStudio\ViewModels\DeviceSet\DeviceAddViewModel.cs(1955,65): warning IDE2003: 鍧椾笌鍚庣画璇彞涔嬮棿闇€瑕佹湁绌虹櫧琛?(https://learn.microsoft.com/dotnet/fundamentals/code-analysis/style-rules/ide2003) [C:\UserWorx\VSWorx\ServoStudio\wpfui-servoStudio\samples\Wpf.Ui.servoStudio\servoStudio_wjhet5xd_wpftmp.csproj]
C:\UserWorx\VSWorx\ServoStudio\wpfui-servoStudio\samples\Wpf.Ui.servoStudio\ViewModels\DeviceSet\DeviceAddViewModel.cs(2049,13): warning IDE2003: 鍧椾笌鍚庣画璇彞涔嬮棿闇€瑕佹湁绌虹櫧琛?(https://learn.microsoft.com/dotnet/fundamentals/code-analysis/style-rules/ide2003) [C:\UserWorx\VSWorx\ServoStudio\wpfui-servoStudio\samples\Wpf.Ui.servoStudio\servoStudio_wjhet5xd_wpftmp.csproj]
C:\UserWorx\VSWorx\ServoStudio\wpfui-servoStudio\samples\Wpf.Ui.servoStudio\ViewModels\DeviceSet\DeviceAddViewModel.cs(2140,13): warning IDE2003: 鍧椾笌鍚庣画璇彞涔嬮棿闇€瑕佹湁绌虹櫧琛?(https://learn.microsoft.com/dotnet/fundamentals/code-analysis/style-rules/ide2003) [C:\UserWorx\VSWorx\ServoStudio\wpfui-servoStudio\samples\Wpf.Ui.servoStudio\servoStudio_wjhet5xd_wpftmp.csproj]
C:\UserWorx\VSWorx\ServoStudio\wpfui-servoStudio\samples\Wpf.Ui.servoStudio\ViewModels\DeviceSet\DeviceAddViewModel.cs(2448,61): warning IDE2003: 鍧椾笌鍚庣画璇彞涔嬮棿闇€瑕佹湁绌虹櫧琛?(https://learn.microsoft.com/dotnet/fundamentals/code-analysis/style-rules/ide2003) [C:\UserWorx\VSWorx\ServoStudio\wpfui-servoStudio\samples\Wpf.Ui.servoStudio\servoStudio_wjhet5xd_wpftmp.csproj]
C:\UserWorx\VSWorx\ServoStudio\wpfui-servoStudio\samples\Wpf.Ui.servoStudio\ViewModels\DeviceSet\DeviceAddViewModel.cs(2449,62): warning IDE2003: 鍧椾笌鍚庣画璇彞涔嬮棿闇€瑕佹湁绌虹櫧琛?(https://learn.microsoft.com/dotnet/fundamentals/code-analysis/style-rules/ide2003) [C:\UserWorx\VSWorx\ServoStudio\wpfui-servoStudio\samples\Wpf.Ui.servoStudio\servoStudio_wjhet5xd_wpftmp.csproj]
C:\UserWorx\VSWorx\ServoStudio\wpfui-servoStudio\samples\Wpf.Ui.servoStudio\ViewModels\DeviceSet\DeviceAddViewModel.cs(2450,64): warning IDE2003: 鍧椾笌鍚庣画璇彞涔嬮棿闇€瑕佹湁绌虹櫧琛?(https://learn.microsoft.com/dotnet/fundamentals/code-analysis/style-rules/ide2003) [C:\UserWorx\VSWorx\ServoStudio\wpfui-servoStudio\samples\Wpf.Ui.servoStudio\servoStudio_wjhet5xd_wpftmp.csproj]
C:\UserWorx\VSWorx\ServoStudio\wpfui-servoStudio\samples\Wpf.Ui.servoStudio\ViewModels\DeviceSet\DeviceAddViewModel.cs(2451,63): warning IDE2003: 鍧椾笌鍚庣画璇彞涔嬮棿闇€瑕佹湁绌虹櫧琛?(https://learn.microsoft.com/dotnet/fundamentals/code-analysis/style-rules/ide2003) [C:\UserWorx\VSWorx\ServoStudio\wpfui-servoStudio\samples\Wpf.Ui.servoStudio\servoStudio_wjhet5xd_wpftmp.csproj]
C:\UserWorx\VSWorx\ServoStudio\wpfui-servoStudio\samples\Wpf.Ui.servoStudio\ViewModels\DeviceSet\DeviceAddViewModel.cs(2452,60): warning IDE2003: 鍧椾笌鍚庣画璇彞涔嬮棿闇€瑕佹湁绌虹櫧琛?(https://learn.microsoft.com/dotnet/fundamentals/code-analysis/style-rules/ide2003) [C:\UserWorx\VSWorx\ServoStudio\wpfui-servoStudio\samples\Wpf.Ui.servoStudio\servoStudio_wjhet5xd_wpftmp.csproj]
C:\UserWorx\VSWorx\ServoStudio\wpfui-servoStudio\samples\Wpf.Ui.servoStudio\ViewModels\DeviceSet\DeviceAddViewModel.cs(2453,63): warning IDE2003: 鍧椾笌鍚庣画璇彞涔嬮棿闇€瑕佹湁绌虹櫧琛?(https://learn.microsoft.com/dotnet/fundamentals/code-analysis/style-rules/ide2003) [C:\UserWorx\VSWorx\ServoStudio\wpfui-servoStudio\samples\Wpf.Ui.servoStudio\servoStudio_wjhet5xd_wpftmp.csproj]
C:\UserWorx\VSWorx\ServoStudio\wpfui-servoStudio\samples\Wpf.Ui.servoStudio\ViewModels\DeviceSet\DeviceAddViewModel.cs(2454,56): warning IDE2003: 鍧椾笌鍚庣画璇彞涔嬮棿闇€瑕佹湁绌虹櫧琛?(https://learn.microsoft.com/dotnet/fundamentals/code-analysis/style-rules/ide2003) [C:\UserWorx\VSWorx\ServoStudio\wpfui-servoStudio\samples\Wpf.Ui.servoStudio\servoStudio_wjhet5xd_wpftmp.csproj]
C:\UserWorx\VSWorx\ServoStudio\wpfui-servoStudio\samples\Wpf.Ui.servoStudio\ViewModels\DeviceSet\DeviceAddViewModel.cs(2455,61): warning IDE2003: 鍧椾笌鍚庣画璇彞涔嬮棿闇€瑕佹湁绌虹櫧琛?(https://learn.microsoft.com/dotnet/fundamentals/code-analysis/style-rules/ide2003) [C:\UserWorx\VSWorx\ServoStudio\wpfui-servoStudio\samples\Wpf.Ui.servoStudio\servoStudio_wjhet5xd_wpftmp.csproj]
C:\UserWorx\VSWorx\ServoStudio\wpfui-servoStudio\samples\Wpf.Ui.servoStudio\ViewModels\DeviceSet\DeviceAddViewModel.cs(2456,60): warning IDE2003: 鍧椾笌鍚庣画璇彞涔嬮棿闇€瑕佹湁绌虹櫧琛?(https://learn.microsoft.com/dotnet/fundamentals/code-analysis/style-rules/ide2003) [C:\UserWorx\VSWorx\ServoStudio\wpfui-servoStudio\samples\Wpf.Ui.servoStudio\servoStudio_wjhet5xd_wpftmp.csproj]
C:\UserWorx\VSWorx\ServoStudio\wpfui-servoStudio\samples\Wpf.Ui.servoStudio\ViewModels\AppData\PidAdjustViewModel.cs(320,21): warning IDE0011: 鍚?鈥渋f鈥?璇彞娣诲姞澶ф嫭鍙枫€?(https://learn.microsoft.com/dotnet/fundamentals/code-analysis/style-rules/ide0011) [C:\UserWorx\VSWorx\ServoStudio\wpfui-servoStudio\samples\Wpf.Ui.servoStudio\servoStudio_wjhet5xd_wpftmp.csproj]
C:\UserWorx\VSWorx\ServoStudio\wpfui-servoStudio\samples\Wpf.Ui.servoStudio\ViewModels\AppData\PidAdjustViewModel.cs(323,21): warning IDE0011: 鍚?鈥渋f鈥?璇彞娣诲姞澶ф嫭鍙枫€?(https://learn.microsoft.com/dotnet/fundamentals/code-analysis/style-rules/ide0011) [C:\UserWorx\VSWorx\ServoStudio\wpfui-servoStudio\samples\Wpf.Ui.servoStudio\servoStudio_wjhet5xd_wpftmp.csproj]
C:\UserWorx\VSWorx\ServoStudio\wpfui-servoStudio\samples\Wpf.Ui.servoStudio\Views\Pages\AppDataPages\PidAdjustPage.xaml.cs(57,9): warning IDE0008: 鐢ㄦ樉寮忕被鍨嬩唬鏇?"var" (https://learn.microsoft.com/dotnet/fundamentals/code-analysis/style-rules/ide0008) [C:\UserWorx\VSWorx\ServoStudio\wpfui-servoStudio\samples\Wpf.Ui.servoStudio\servoStudio_wjhet5xd_wpftmp.csproj]
C:\UserWorx\VSWorx\ServoStudio\wpfui-servoStudio\samples\Wpf.Ui.servoStudio\ViewModels\AppData\AppLogViewModel.cs(24,27): warning CA2213: 鈥淎ppLogViewModel鈥濆寘鍚?IDisposable 绫诲瀷鈥淪treamWriter?鈥濈殑瀛楁鈥淿writer鈥濓紝浣嗕粠鏈繘琛岄噴鏀俱€傝鏇存敼鈥淎ppLogViewModel鈥濅笂鐨?Dispose 鏂规硶浠ュ姝ゅ瓧娈佃皟鐢?Close 鎴?Dispose銆?(https://learn.microsoft.com/dotnet/fundamentals/code-analysis/quality-rules/ca2213) [C:\UserWorx\VSWorx\ServoStudio\wpfui-servoStudio\samples\Wpf.Ui.servoStudio\servoStudio_wjhet5xd_wpftmp.csproj]
C:\UserWorx\VSWorx\ServoStudio\wpfui-servoStudio\samples\Wpf.Ui.servoStudio\ViewModels\DeviceSet\ListViewModel.cs(18,40): warning IDE0055: 淇鏍煎紡 (https://learn.microsoft.com/dotnet/fundamentals/code-analysis/style-rules/ide0055) [C:\UserWorx\VSWorx\ServoStudio\wpfui-servoStudio\samples\Wpf.Ui.servoStudio\servoStudio_wjhet5xd_wpftmp.csproj]
C:\UserWorx\VSWorx\ServoStudio\wpfui-servoStudio\samples\Wpf.Ui.servoStudio\ViewModels\DeviceSet\ListViewModel.cs(18,42): warning IDE0055: 淇鏍煎紡 (https://learn.microsoft.com/dotnet/fundamentals/code-analysis/style-rules/ide0055) [C:\UserWorx\VSWorx\ServoStudio\wpfui-servoStudio\samples\Wpf.Ui.servoStudio\servoStudio_wjhet5xd_wpftmp.csproj]
C:\UserWorx\VSWorx\ServoStudio\wpfui-servoStudio\samples\Wpf.Ui.servoStudio\ViewModels\DeviceSet\ListViewModel.cs(18,47): warning IDE0055: 淇鏍煎紡 (https://learn.microsoft.com/dotnet/fundamentals/code-analysis/style-rules/ide0055) [C:\UserWorx\VSWorx\ServoStudio\wpfui-servoStudio\samples\Wpf.Ui.servoStudio\servoStudio_wjhet5xd_wpftmp.csproj]
C:\UserWorx\VSWorx\ServoStudio\wpfui-servoStudio\samples\Wpf.Ui.servoStudio\Views\Pages\AppDataPages\PidAdjustPage.xaml.cs(67,9): warning IDE0058: 姘歌繙涓嶄細浣跨敤琛ㄨ揪寮忓€?(https://learn.microsoft.com/dotnet/fundamentals/code-analysis/style-rules/ide0058) [C:\UserWorx\VSWorx\ServoStudio\wpfui-servoStudio\samples\Wpf.Ui.servoStudio\servoStudio_wjhet5xd_wpftmp.csproj]
C:\UserWorx\VSWorx\ServoStudio\wpfui-servoStudio\samples\Wpf.Ui.servoStudio\Services\FrameFormatRuntimeService.cs(109,9): warning IDE0011: 鍚?鈥渋f鈥?璇彞娣诲姞澶ф嫭鍙枫€?(https://learn.microsoft.com/dotnet/fundamentals/code-analysis/style-rules/ide0011) [C:\UserWorx\VSWorx\ServoStudio\wpfui-servoStudio\samples\Wpf.Ui.servoStudio\servoStudio_wjhet5xd_wpftmp.csproj]
C:\UserWorx\VSWorx\ServoStudio\wpfui-servoStudio\samples\Wpf.Ui.servoStudio\ViewModels\Factory\FactoryFirmwareViewModel.cs(203,9): warning IDE0008: 鐢ㄦ樉寮忕被鍨嬩唬鏇?"var" (https://learn.microsoft.com/dotnet/fundamentals/code-analysis/style-rules/ide0008) [C:\UserWorx\VSWorx\ServoStudio\wpfui-servoStudio\samples\Wpf.Ui.servoStudio\servoStudio_wjhet5xd_wpftmp.csproj]
C:\UserWorx\VSWorx\ServoStudio\wpfui-servoStudio\samples\Wpf.Ui.servoStudio\Views\Pages\AppDataPages\PidAdjustPage.xaml.cs(79,9): warning IDE0008: 鐢ㄦ樉寮忕被鍨嬩唬鏇?"var" (https://learn.microsoft.com/dotnet/fundamentals/code-analysis/style-rules/ide0008) [C:\UserWorx\VSWorx\ServoStudio\wpfui-servoStudio\samples\Wpf.Ui.servoStudio\servoStudio_wjhet5xd_wpftmp.csproj]
C:\UserWorx\VSWorx\ServoStudio\wpfui-servoStudio\samples\Wpf.Ui.servoStudio\ViewModels\ControlViewModel.cs(389,13): warning IDE0008: 鐢ㄦ樉寮忕被鍨嬩唬鏇?"var" (https://learn.microsoft.com/dotnet/fundamentals/code-analysis/style-rules/ide0008) [C:\UserWorx\VSWorx\ServoStudio\wpfui-servoStudio\samples\Wpf.Ui.servoStudio\servoStudio_wjhet5xd_wpftmp.csproj]
C:\UserWorx\VSWorx\ServoStudio\wpfui-servoStudio\samples\Wpf.Ui.servoStudio\Views\Pages\AppDataPages\PidAdjustPage.xaml.cs(106,9): warning IDE0011: 鍚?鈥渆lse鈥?璇彞娣诲姞澶ф嫭鍙枫€?(https://learn.microsoft.com/dotnet/fundamentals/code-analysis/style-rules/ide0011) [C:\UserWorx\VSWorx\ServoStudio\wpfui-servoStudio\samples\Wpf.Ui.servoStudio\servoStudio_wjhet5xd_wpftmp.csproj]
C:\UserWorx\VSWorx\ServoStudio\wpfui-servoStudio\samples\Wpf.Ui.servoStudio\Views\Pages\AppDataPages\PidAdjustPage.xaml.cs(103,9): warning IDE0008: 鐢ㄦ樉寮忕被鍨嬩唬鏇?"var" (https://learn.microsoft.com/dotnet/fundamentals/code-analysis/style-rules/ide0008) [C:\UserWorx\VSWorx\ServoStudio\wpfui-servoStudio\samples\Wpf.Ui.servoStudio\servoStudio_wjhet5xd_wpftmp.csproj]
C:\UserWorx\VSWorx\ServoStudio\wpfui-servoStudio\samples\Wpf.Ui.servoStudio\Views\Pages\AppDataPages\PidAdjustPage.xaml.cs(107,13): warning IDE0058: 姘歌繙涓嶄細浣跨敤琛ㄨ揪寮忓€?(https://learn.microsoft.com/dotnet/fundamentals/code-analysis/style-rules/ide0058) [C:\UserWorx\VSWorx\ServoStudio\wpfui-servoStudio\samples\Wpf.Ui.servoStudio\servoStudio_wjhet5xd_wpftmp.csproj]
C:\UserWorx\VSWorx\ServoStudio\wpfui-servoStudio\samples\Wpf.Ui.servoStudio\Views\Pages\AppDataPages\PidAdjustPage.xaml.cs(120,13): warning IDE0011: 鍚?鈥渋f鈥?璇彞娣诲姞澶ф嫭鍙枫€?(https://learn.microsoft.com/dotnet/fundamentals/code-analysis/style-rules/ide0011) [C:\UserWorx\VSWorx\ServoStudio\wpfui-servoStudio\samples\Wpf.Ui.servoStudio\servoStudio_wjhet5xd_wpftmp.csproj]
C:\UserWorx\VSWorx\ServoStudio\wpfui-servoStudio\samples\Wpf.Ui.servoStudio\Views\Pages\AppDataPages\PidAdjustPage.xaml.cs(129,9): warning IDE0011: 鍚?鈥渋f鈥?璇彞娣诲姞澶ф嫭鍙枫€?(https://learn.microsoft.com/dotnet/fundamentals/code-analysis/style-rules/ide0011) [C:\UserWorx\VSWorx\ServoStudio\wpfui-servoStudio\samples\Wpf.Ui.servoStudio\servoStudio_wjhet5xd_wpftmp.csproj]
C:\UserWorx\VSWorx\ServoStudio\wpfui-servoStudio\samples\Wpf.Ui.servoStudio\Views\Pages\AppDataPages\PidAdjustPage.xaml.cs(118,18): warning IDE0008: 鐢ㄦ樉寮忕被鍨嬩唬鏇?"var" (https://learn.microsoft.com/dotnet/fundamentals/code-analysis/style-rules/ide0008) [C:\UserWorx\VSWorx\ServoStudio\wpfui-servoStudio\samples\Wpf.Ui.servoStudio\servoStudio_wjhet5xd_wpftmp.csproj]
C:\UserWorx\VSWorx\ServoStudio\wpfui-servoStudio\samples\Wpf.Ui.servoStudio\Views\Pages\AppDataPages\PidAdjustPage.xaml.cs(122,13): warning IDE0008: 鐢ㄦ樉寮忕被鍨嬩唬鏇?"var" (https://learn.microsoft.com/dotnet/fundamentals/code-analysis/style-rules/ide0008) [C:\UserWorx\VSWorx\ServoStudio\wpfui-servoStudio\samples\Wpf.Ui.servoStudio\servoStudio_wjhet5xd_wpftmp.csproj]
C:\UserWorx\VSWorx\ServoStudio\wpfui-servoStudio\samples\Wpf.Ui.servoStudio\ViewModels\Hardware\IOViewModel.cs(138,9): warning IDE0011: 鍚?鈥渋f鈥?璇彞娣诲姞澶ф嫭鍙枫€?(https://learn.microsoft.com/dotnet/fundamentals/code-analysis/style-rules/ide0011) [C:\UserWorx\VSWorx\ServoStudio\wpfui-servoStudio\samples\Wpf.Ui.servoStudio\servoStudio_wjhet5xd_wpftmp.csproj]
C:\UserWorx\VSWorx\ServoStudio\wpfui-servoStudio\samples\Wpf.Ui.servoStudio\ViewModels\Hardware\IOViewModel.cs(140,9): warning IDE0011: 鍚?鈥渋f鈥?璇彞娣诲姞澶ф嫭鍙枫€?(https://learn.microsoft.com/dotnet/fundamentals/code-analysis/style-rules/ide0011) [C:\UserWorx\VSWorx\ServoStudio\wpfui-servoStudio\samples\Wpf.Ui.servoStudio\servoStudio_wjhet5xd_wpftmp.csproj]
C:\UserWorx\VSWorx\ServoStudio\wpfui-servoStudio\samples\Wpf.Ui.servoStudio\ViewModels\Hardware\IOViewModel.cs(142,9): warning IDE0011: 鍚?鈥渋f鈥?璇彞娣诲姞澶ф嫭鍙枫€?(https://learn.microsoft.com/dotnet/fundamentals/code-analysis/style-rules/ide0011) [C:\UserWorx\VSWorx\ServoStudio\wpfui-servoStudio\samples\Wpf.Ui.servoStudio\servoStudio_wjhet5xd_wpftmp.csproj]
C:\UserWorx\VSWorx\ServoStudio\wpfui-servoStudio\samples\Wpf.Ui.servoStudio\ViewModels\DeviceSet\DeviceAddViewModel.cs(621,9): warning IDE0011: 鍚?鈥渋f鈥?璇彞娣诲姞澶ф嫭鍙枫€?(https://learn.microsoft.com/dotnet/fundamentals/code-analysis/style-rules/ide0011) [C:\UserWorx\VSWorx\ServoStudio\wpfui-servoStudio\samples\Wpf.Ui.servoStudio\servoStudio_wjhet5xd_wpftmp.csproj]
C:\UserWorx\VSWorx\ServoStudio\wpfui-servoStudio\samples\Wpf.Ui.servoStudio\ViewModels\DeviceSet\DeviceAddViewModel.cs(627,13): warning IDE0008: 鐢ㄦ樉寮忕被鍨嬩唬鏇?"var" (https://learn.microsoft.com/dotnet/fundamentals/code-analysis/style-rules/ide0008) [C:\UserWorx\VSWorx\ServoStudio\wpfui-servoStudio\samples\Wpf.Ui.servoStudio\servoStudio_wjhet5xd_wpftmp.csproj]
C:\UserWorx\VSWorx\ServoStudio\wpfui-servoStudio\samples\Wpf.Ui.servoStudio\ViewModels\Hardware\IOViewModel.cs(147,9): warning IDE0011: 鍚?鈥渋f鈥?璇彞娣诲姞澶ф嫭鍙枫€?(https://learn.microsoft.com/dotnet/fundamentals/code-analysis/style-rules/ide0011) [C:\UserWorx\VSWorx\ServoStudio\wpfui-servoStudio\samples\Wpf.Ui.servoStudio\servoStudio_wjhet5xd_wpftmp.csproj]
C:\UserWorx\VSWorx\ServoStudio\wpfui-servoStudio\samples\Wpf.Ui.servoStudio\ViewModels\Hardware\IOViewModel.cs(149,9): warning IDE0011: 鍚?鈥渋f鈥?璇彞娣诲姞澶ф嫭鍙枫€?(https://learn.microsoft.com/dotnet/fundamentals/code-analysis/style-rules/ide0011) [C:\UserWorx\VSWorx\ServoStudio\wpfui-servoStudio\samples\Wpf.Ui.servoStudio\servoStudio_wjhet5xd_wpftmp.csproj]
C:\UserWorx\VSWorx\ServoStudio\wpfui-servoStudio\samples\Wpf.Ui.servoStudio\ViewModels\Hardware\IOViewModel.cs(157,9): warning IDE0011: 鍚?鈥渋f鈥?璇彞娣诲姞澶ф嫭鍙枫€?(https://learn.microsoft.com/dotnet/fundamentals/code-analysis/style-rules/ide0011) [C:\UserWorx\VSWorx\ServoStudio\wpfui-servoStudio\samples\Wpf.Ui.servoStudio\servoStudio_wjhet5xd_wpftmp.csproj]
C:\UserWorx\VSWorx\ServoStudio\wpfui-servoStudio\samples\Wpf.Ui.servoStudio\ViewModels\Hardware\IOViewModel.cs(151,16): warning IDE0059: 涓嶉渶瑕佸 "current" 璧嬪€?(https://learn.microsoft.com/dotnet/fundamentals/code-analysis/style-rules/ide0059) [C:\UserWorx\VSWorx\ServoStudio\wpfui-servoStudio\samples\Wpf.Ui.servoStudio\servoStudio_wjhet5xd_wpftmp.csproj]
C:\UserWorx\VSWorx\ServoStudio\wpfui-servoStudio\samples\Wpf.Ui.servoStudio\ViewModels\ControlViewModel.cs(460,13): warning IDE0008: 鐢ㄦ樉寮忕被鍨嬩唬鏇?"var" (https://learn.microsoft.com/dotnet/fundamentals/code-analysis/style-rules/ide0008) [C:\UserWorx\VSWorx\ServoStudio\wpfui-servoStudio\samples\Wpf.Ui.servoStudio\servoStudio_wjhet5xd_wpftmp.csproj]
C:\UserWorx\VSWorx\ServoStudio\wpfui-servoStudio\samples\Wpf.Ui.servoStudio\ViewModels\ControlViewModel.cs(461,13): warning IDE0008: 鐢ㄦ樉寮忕被鍨嬩唬鏇?"var" (https://learn.microsoft.com/dotnet/fundamentals/code-analysis/style-rules/ide0008) [C:\UserWorx\VSWorx\ServoStudio\wpfui-servoStudio\samples\Wpf.Ui.servoStudio\servoStudio_wjhet5xd_wpftmp.csproj]
C:\UserWorx\VSWorx\ServoStudio\wpfui-servoStudio\samples\Wpf.Ui.servoStudio\ViewModels\Firmware\FirmwareProgramViewModel.cs(549,17): warning IDE0011: 鍚?鈥渋f鈥?璇彞娣诲姞澶ф嫭鍙枫€?(https://learn.microsoft.com/dotnet/fundamentals/code-analysis/style-rules/ide0011) [C:\UserWorx\VSWorx\ServoStudio\wpfui-servoStudio\samples\Wpf.Ui.servoStudio\servoStudio_wjhet5xd_wpftmp.csproj]
C:\UserWorx\VSWorx\ServoStudio\wpfui-servoStudio\samples\Wpf.Ui.servoStudio\ViewModels\ControlViewModel.cs(475,17): warning IDE0058: 姘歌繙涓嶄細浣跨敤琛ㄨ揪寮忓€?(https://learn.microsoft.com/dotnet/fundamentals/code-analysis/style-rules/ide0058) [C:\UserWorx\VSWorx\ServoStudio\wpfui-servoStudio\samples\Wpf.Ui.servoStudio\servoStudio_wjhet5xd_wpftmp.csproj]
C:\UserWorx\VSWorx\ServoStudio\wpfui-servoStudio\samples\Wpf.Ui.servoStudio\Services\FrameFormatRuntimeService.cs(131,13): warning IDE0011: 鍚?鈥渋f鈥?璇彞娣诲姞澶ф嫭鍙枫€?(https://learn.microsoft.com/dotnet/fundamentals/code-analysis/style-rules/ide0011) [C:\UserWorx\VSWorx\ServoStudio\wpfui-servoStudio\samples\Wpf.Ui.servoStudio\servoStudio_wjhet5xd_wpftmp.csproj]
C:\UserWorx\VSWorx\ServoStudio\wpfui-servoStudio\samples\Wpf.Ui.servoStudio\Services\FrameFormatRuntimeService.cs(139,13): warning IDE0011: 鍚?鈥渋f鈥?璇彞娣诲姞澶ф嫭鍙枫€?(https://learn.microsoft.com/dotnet/fundamentals/code-analysis/style-rules/ide0011) [C:\UserWorx\VSWorx\ServoStudio\wpfui-servoStudio\samples\Wpf.Ui.servoStudio\servoStudio_wjhet5xd_wpftmp.csproj]
C:\UserWorx\VSWorx\ServoStudio\wpfui-servoStudio\samples\Wpf.Ui.servoStudio\ViewModels\Hardware\IOViewModel.cs(194,9): warning IDE0011: 鍚?鈥渋f鈥?璇彞娣诲姞澶ф嫭鍙枫€?(https://learn.microsoft.com/dotnet/fundamentals/code-analysis/style-rules/ide0011) [C:\UserWorx\VSWorx\ServoStudio\wpfui-servoStudio\samples\Wpf.Ui.servoStudio\servoStudio_wjhet5xd_wpftmp.csproj]
C:\UserWorx\VSWorx\ServoStudio\wpfui-servoStudio\samples\Wpf.Ui.servoStudio\ViewModels\Hardware\IOViewModel.cs(195,9): warning IDE0011: 鍚?鈥渋f鈥?璇彞娣诲姞澶ф嫭鍙枫€?(https://learn.microsoft.com/dotnet/fundamentals/code-analysis/style-rules/ide0011) [C:\UserWorx\VSWorx\ServoStudio\wpfui-servoStudio\samples\Wpf.Ui.servoStudio\servoStudio_wjhet5xd_wpftmp.csproj]
C:\UserWorx\VSWorx\ServoStudio\wpfui-servoStudio\samples\Wpf.Ui.servoStudio\Views\Pages\AppDataPages\PidAdjustPage.xaml.cs(149,9): warning IDE0011: 鍚?鈥渋f鈥?璇彞娣诲姞澶ф嫭鍙枫€?(https://learn.microsoft.com/dotnet/fundamentals/code-analysis/style-rules/ide0011) [C:\UserWorx\VSWorx\ServoStudio\wpfui-servoStudio\samples\Wpf.Ui.servoStudio\servoStudio_wjhet5xd_wpftmp.csproj]
C:\UserWorx\VSWorx\ServoStudio\wpfui-servoStudio\samples\Wpf.Ui.servoStudio\Views\Pages\AppDataPages\PidAdjustPage.xaml.cs(162,9): warning IDE0011: 鍚?鈥渋f鈥?璇彞娣诲姞澶ф嫭鍙枫€?(https://learn.microsoft.com/dotnet/fundamentals/code-analysis/style-rules/ide0011) [C:\UserWorx\VSWorx\ServoStudio\wpfui-servoStudio\samples\Wpf.Ui.servoStudio\servoStudio_wjhet5xd_wpftmp.csproj]
C:\UserWorx\VSWorx\ServoStudio\wpfui-servoStudio\samples\Wpf.Ui.servoStudio\Views\Pages\AppDataPages\PidAdjustPage.xaml.cs(163,9): warning IDE0011: 鍚?鈥渋f鈥?璇彞娣诲姞澶ф嫭鍙枫€?(https://learn.microsoft.com/dotnet/fundamentals/code-analysis/style-rules/ide0011) [C:\UserWorx\VSWorx\ServoStudio\wpfui-servoStudio\samples\Wpf.Ui.servoStudio\servoStudio_wjhet5xd_wpftmp.csproj]
C:\UserWorx\VSWorx\ServoStudio\wpfui-servoStudio\samples\Wpf.Ui.servoStudio\Views\Pages\AppDataPages\PidAdjustPage.xaml.cs(164,9): warning IDE0011: 鍚?鈥渋f鈥?璇彞娣诲姞澶ф嫭鍙枫€?(https://learn.microsoft.com/dotnet/fundamentals/code-analysis/style-rules/ide0011) [C:\UserWorx\VSWorx\ServoStudio\wpfui-servoStudio\samples\Wpf.Ui.servoStudio\servoStudio_wjhet5xd_wpftmp.csproj]
C:\UserWorx\VSWorx\ServoStudio\wpfui-servoStudio\samples\Wpf.Ui.servoStudio\Views\Pages\AppDataPages\PidAdjustPage.xaml.cs(165,9): warning IDE0011: 鍚?鈥渋f鈥?璇彞娣诲姞澶ф嫭鍙枫€?(https://learn.microsoft.com/dotnet/fundamentals/code-analysis/style-rules/ide0011) [C:\UserWorx\VSWorx\ServoStudio\wpfui-servoStudio\samples\Wpf.Ui.servoStudio\servoStudio_wjhet5xd_wpftmp.csproj]
C:\UserWorx\VSWorx\ServoStudio\wpfui-servoStudio\samples\Wpf.Ui.servoStudio\Views\Pages\AppDataPages\PidAdjustPage.xaml.cs(166,9): warning IDE0011: 鍚?鈥渋f鈥?璇彞娣诲姞澶ф嫭鍙枫€?(https://learn.microsoft.com/dotnet/fundamentals/code-analysis/style-rules/ide0011) [C:\UserWorx\VSWorx\ServoStudio\wpfui-servoStudio\samples\Wpf.Ui.servoStudio\servoStudio_wjhet5xd_wpftmp.csproj]
C:\UserWorx\VSWorx\ServoStudio\wpfui-servoStudio\samples\Wpf.Ui.servoStudio\Views\Pages\AppDataPages\PidAdjustPage.xaml.cs(167,9): warning IDE0011: 鍚?鈥渋f鈥?璇彞娣诲姞澶ф嫭鍙枫€?(https://learn.microsoft.com/dotnet/fundamentals/code-analysis/style-rules/ide0011) [C:\UserWorx\VSWorx\ServoStudio\wpfui-servoStudio\samples\Wpf.Ui.servoStudio\servoStudio_wjhet5xd_wpftmp.csproj]
C:\UserWorx\VSWorx\ServoStudio\wpfui-servoStudio\samples\Wpf.Ui.servoStudio\ViewModels\DeviceSet\DeviceAddViewModel.cs(650,9): warning IDE0011: 鍚?鈥渇oreach鈥?璇彞娣诲姞澶ф嫭鍙枫€?(https://learn.microsoft.com/dotnet/fundamentals/code-analysis/style-rules/ide0011) [C:\UserWorx\VSWorx\ServoStudio\wpfui-servoStudio\samples\Wpf.Ui.servoStudio\servoStudio_wjhet5xd_wpftmp.csproj]
C:\UserWorx\VSWorx\ServoStudio\wpfui-servoStudio\samples\Wpf.Ui.servoStudio\ViewModels\DeviceSet\DeviceAddViewModel.cs(655,9): warning IDE0011: 鍚?鈥渇oreach鈥?璇彞娣诲姞澶ф嫭鍙枫€?(https://learn.microsoft.com/dotnet/fundamentals/code-analysis/style-rules/ide0011) [C:\UserWorx\VSWorx\ServoStudio\wpfui-servoStudio\samples\Wpf.Ui.servoStudio\servoStudio_wjhet5xd_wpftmp.csproj]
C:\UserWorx\VSWorx\ServoStudio\wpfui-servoStudio\samples\Wpf.Ui.servoStudio\ViewModels\DeviceSet\DeviceAddViewModel.cs(713,9): warning IDE0011: 鍚?鈥渋f鈥?璇彞娣诲姞澶ф嫭鍙枫€?(https://learn.microsoft.com/dotnet/fundamentals/code-analysis/style-rules/ide0011) [C:\UserWorx\VSWorx\ServoStudio\wpfui-servoStudio\samples\Wpf.Ui.servoStudio\servoStudio_wjhet5xd_wpftmp.csproj]
C:\UserWorx\VSWorx\ServoStudio\wpfui-servoStudio\samples\Wpf.Ui.servoStudio\ViewModels\DeviceSet\DeviceAddViewModel.cs(645,9): warning IDE0008: 鐢ㄦ樉寮忕被鍨嬩唬鏇?"var" (https://learn.microsoft.com/dotnet/fundamentals/code-analysis/style-rules/ide0008) [C:\UserWorx\VSWorx\ServoStudio\wpfui-servoStudio\samples\Wpf.Ui.servoStudio\servoStudio_wjhet5xd_wpftmp.csproj]
C:\UserWorx\VSWorx\ServoStudio\wpfui-servoStudio\samples\Wpf.Ui.servoStudio\ViewModels\DeviceSet\DeviceAddViewModel.cs(688,17): warning IDE0008: 鐢ㄦ樉寮忕被鍨嬩唬鏇?"var" (https://learn.microsoft.com/dotnet/fundamentals/code-analysis/style-rules/ide0008) [C:\UserWorx\VSWorx\ServoStudio\wpfui-servoStudio\samples\Wpf.Ui.servoStudio\servoStudio_wjhet5xd_wpftmp.csproj]
C:\UserWorx\VSWorx\ServoStudio\wpfui-servoStudio\samples\Wpf.Ui.servoStudio\ViewModels\Hardware\IOViewModel.cs(202,9): warning IDE0011: 鍚?鈥渋f鈥?璇彞娣诲姞澶ф嫭鍙枫€?(https://learn.microsoft.com/dotnet/fundamentals/code-analysis/style-rules/ide0011) [C:\UserWorx\VSWorx\ServoStudio\wpfui-servoStudio\samples\Wpf.Ui.servoStudio\servoStudio_wjhet5xd_wpftmp.csproj]
C:\UserWorx\VSWorx\ServoStudio\wpfui-servoStudio\samples\Wpf.Ui.servoStudio\ViewModels\Factory\FactoryViewModel.cs(180,25): warning IDE0055: 淇鏍煎紡 (https://learn.microsoft.com/dotnet/fundamentals/code-analysis/style-rules/ide0055) [C:\UserWorx\VSWorx\ServoStudio\wpfui-servoStudio\samples\Wpf.Ui.servoStudio\servoStudio_wjhet5xd_wpftmp.csproj]
C:\UserWorx\VSWorx\ServoStudio\wpfui-servoStudio\samples\Wpf.Ui.servoStudio\ViewModels\Factory\FactoryViewModel.cs(202,26): warning IDE0055: 淇鏍煎紡 (https://learn.microsoft.com/dotnet/fundamentals/code-analysis/style-rules/ide0055) [C:\UserWorx\VSWorx\ServoStudio\wpfui-servoStudio\samples\Wpf.Ui.servoStudio\servoStudio_wjhet5xd_wpftmp.csproj]
C:\UserWorx\VSWorx\ServoStudio\wpfui-servoStudio\samples\Wpf.Ui.servoStudio\ViewModels\Factory\FactoryViewModel.cs(60,9): warning IDE2003: 鍧椾笌鍚庣画璇彞涔嬮棿闇€瑕佹湁绌虹櫧琛?(https://learn.microsoft.com/dotnet/fundamentals/code-analysis/style-rules/ide2003) [C:\UserWorx\VSWorx\ServoStudio\wpfui-servoStudio\samples\Wpf.Ui.servoStudio\servoStudio_wjhet5xd_wpftmp.csproj]
C:\UserWorx\VSWorx\ServoStudio\wpfui-servoStudio\samples\Wpf.Ui.servoStudio\ViewModels\Factory\FactoryViewModel.cs(160,9): warning IDE2003: 鍧椾笌鍚庣画璇彞涔嬮棿闇€瑕佹湁绌虹櫧琛?(https://learn.microsoft.com/dotnet/fundamentals/code-analysis/style-rules/ide2003) [C:\UserWorx\VSWorx\ServoStudio\wpfui-servoStudio\samples\Wpf.Ui.servoStudio\servoStudio_wjhet5xd_wpftmp.csproj]
C:\UserWorx\VSWorx\ServoStudio\wpfui-servoStudio\samples\Wpf.Ui.servoStudio\ViewModels\Factory\FactoryViewModel.cs(186,9): warning IDE2003: 鍧椾笌鍚庣画璇彞涔嬮棿闇€瑕佹湁绌虹櫧琛?(https://learn.microsoft.com/dotnet/fundamentals/code-analysis/style-rules/ide2003) [C:\UserWorx\VSWorx\ServoStudio\wpfui-servoStudio\samples\Wpf.Ui.servoStudio\servoStudio_wjhet5xd_wpftmp.csproj]
C:\UserWorx\VSWorx\ServoStudio\wpfui-servoStudio\samples\Wpf.Ui.servoStudio\ViewModels\Factory\FactoryViewModel.cs(215,21): warning IDE2003: 鍧椾笌鍚庣画璇彞涔嬮棿闇€瑕佹湁绌虹櫧琛?(https://learn.microsoft.com/dotnet/fundamentals/code-analysis/style-rules/ide2003) [C:\UserWorx\VSWorx\ServoStudio\wpfui-servoStudio\samples\Wpf.Ui.servoStudio\servoStudio_wjhet5xd_wpftmp.csproj]
C:\UserWorx\VSWorx\ServoStudio\wpfui-servoStudio\samples\Wpf.Ui.servoStudio\ViewModels\Factory\FactoryViewModel.cs(237,17): warning IDE2003: 鍧椾笌鍚庣画璇彞涔嬮棿闇€瑕佹湁绌虹櫧琛?(https://learn.microsoft.com/dotnet/fundamentals/code-analysis/style-rules/ide2003) [C:\UserWorx\VSWorx\ServoStudio\wpfui-servoStudio\samples\Wpf.Ui.servoStudio\servoStudio_wjhet5xd_wpftmp.csproj]
C:\UserWorx\VSWorx\ServoStudio\wpfui-servoStudio\samples\Wpf.Ui.servoStudio\ViewModels\Factory\FactoryViewModel.cs(246,17): warning IDE2003: 鍧椾笌鍚庣画璇彞涔嬮棿闇€瑕佹湁绌虹櫧琛?(https://learn.microsoft.com/dotnet/fundamentals/code-analysis/style-rules/ide2003) [C:\UserWorx\VSWorx\ServoStudio\wpfui-servoStudio\samples\Wpf.Ui.servoStudio\servoStudio_wjhet5xd_wpftmp.csproj]
C:\UserWorx\VSWorx\ServoStudio\wpfui-servoStudio\samples\Wpf.Ui.servoStudio\ViewModels\Factory\FactoryViewModel.cs(255,17): warning IDE2003: 鍧椾笌鍚庣画璇彞涔嬮棿闇€瑕佹湁绌虹櫧琛?(https://learn.microsoft.com/dotnet/fundamentals/code-analysis/style-rules/ide2003) [C:\UserWorx\VSWorx\ServoStudio\wpfui-servoStudio\samples\Wpf.Ui.servoStudio\servoStudio_wjhet5xd_wpftmp.csproj]
C:\UserWorx\VSWorx\ServoStudio\wpfui-servoStudio\samples\Wpf.Ui.servoStudio\ViewModels\Hardware\IOViewModel.cs(217,9): warning IDE0011: 鍚?鈥渋f鈥?璇彞娣诲姞澶ф嫭鍙枫€?(https://learn.microsoft.com/dotnet/fundamentals/code-analysis/style-rules/ide0011) [C:\UserWorx\VSWorx\ServoStudio\wpfui-servoStudio\samples\Wpf.Ui.servoStudio\servoStudio_wjhet5xd_wpftmp.csproj]
C:\UserWorx\VSWorx\ServoStudio\wpfui-servoStudio\samples\Wpf.Ui.servoStudio\ViewModels\Hardware\IOViewModel.cs(218,9): warning IDE0011: 鍚?鈥渋f鈥?璇彞娣诲姞澶ф嫭鍙枫€?(https://learn.microsoft.com/dotnet/fundamentals/code-analysis/style-rules/ide0011) [C:\UserWorx\VSWorx\ServoStudio\wpfui-servoStudio\samples\Wpf.Ui.servoStudio\servoStudio_wjhet5xd_wpftmp.csproj]
C:\UserWorx\VSWorx\ServoStudio\wpfui-servoStudio\samples\Wpf.Ui.servoStudio\ViewModels\Hardware\IOViewModel.cs(219,9): warning IDE0011: 鍚?鈥渋f鈥?璇彞娣诲姞澶ф嫭鍙枫€?(https://learn.microsoft.com/dotnet/fundamentals/code-analysis/style-rules/ide0011) [C:\UserWorx\VSWorx\ServoStudio\wpfui-servoStudio\samples\Wpf.Ui.servoStudio\servoStudio_wjhet5xd_wpftmp.csproj]
C:\UserWorx\VSWorx\ServoStudio\wpfui-servoStudio\samples\Wpf.Ui.servoStudio\Views\Pages\AppDataPages\PidAdjustPage.xaml.cs(190,9): warning IDE0011: 鍚?鈥渋f鈥?璇彞娣诲姞澶ф嫭鍙枫€?(https://learn.microsoft.com/dotnet/fundamentals/code-analysis/style-rules/ide0011) [C:\UserWorx\VSWorx\ServoStudio\wpfui-servoStudio\samples\Wpf.Ui.servoStudio\servoStudio_wjhet5xd_wpftmp.csproj]
C:\UserWorx\VSWorx\ServoStudio\wpfui-servoStudio\samples\Wpf.Ui.servoStudio\ViewModels\Motion\MotionTypeViewModel.cs(821,9): warning IDE0011: 鍚?鈥渋f鈥?璇彞娣诲姞澶ф嫭鍙枫€?(https://learn.microsoft.com/dotnet/fundamentals/code-analysis/style-rules/ide0011) [C:\UserWorx\VSWorx\ServoStudio\wpfui-servoStudio\samples\Wpf.Ui.servoStudio\servoStudio_wjhet5xd_wpftmp.csproj]
C:\UserWorx\VSWorx\ServoStudio\wpfui-servoStudio\samples\Wpf.Ui.servoStudio\Views\Pages\AppDataPages\PidAdjustPage.xaml.cs(211,13): warning IDE0008: 鐢ㄦ樉寮忕被鍨嬩唬鏇?"var" (https://learn.microsoft.com/dotnet/fundamentals/code-analysis/style-rules/ide0008) [C:\UserWorx\VSWorx\ServoStudio\wpfui-servoStudio\samples\Wpf.Ui.servoStudio\servoStudio_wjhet5xd_wpftmp.csproj]
C:\UserWorx\VSWorx\ServoStudio\wpfui-servoStudio\samples\Wpf.Ui.servoStudio\ViewModels\DeviceSet\DeviceAddViewModel.cs(730,9): warning IDE0011: 鍚?鈥渇or鈥?璇彞娣诲姞澶ф嫭鍙枫€?(https://learn.microsoft.com/dotnet/fundamentals/code-analysis/style-rules/ide0011) [C:\UserWorx\VSWorx\ServoStudio\wpfui-servoStudio\samples\Wpf.Ui.servoStudio\servoStudio_wjhet5xd_wpftmp.csproj]
C:\UserWorx\VSWorx\ServoStudio\wpfui-servoStudio\samples\Wpf.Ui.servoStudio\ViewModels\DeviceSet\DeviceAddViewModel.cs(732,9): warning IDE0011: 鍚?鈥渇or鈥?璇彞娣诲姞澶ф嫭鍙枫€?(https://learn.microsoft.com/dotnet/fundamentals/code-analysis/style-rules/ide0011) [C:\UserWorx\VSWorx\ServoStudio\wpfui-servoStudio\samples\Wpf.Ui.servoStudio\servoStudio_wjhet5xd_wpftmp.csproj]
C:\UserWorx\VSWorx\ServoStudio\wpfui-servoStudio\samples\Wpf.Ui.servoStudio\ViewModels\DeviceSet\DeviceAddViewModel.cs(735,9): warning IDE0011: 鍚?鈥渋f鈥?璇彞娣诲姞澶ф嫭鍙枫€?(https://learn.microsoft.com/dotnet/fundamentals/code-analysis/style-rules/ide0011) [C:\UserWorx\VSWorx\ServoStudio\wpfui-servoStudio\samples\Wpf.Ui.servoStudio\servoStudio_wjhet5xd_wpftmp.csproj]
C:\UserWorx\VSWorx\ServoStudio\wpfui-servoStudio\samples\Wpf.Ui.servoStudio\ViewModels\DeviceSet\DeviceAddViewModel.cs(736,9): warning IDE0011: 鍚?鈥渋f鈥?璇彞娣诲姞澶ф嫭鍙枫€?(https://learn.microsoft.com/dotnet/fundamentals/code-analysis/style-rules/ide0011) [C:\UserWorx\VSWorx\ServoStudio\wpfui-servoStudio\samples\Wpf.Ui.servoStudio\servoStudio_wjhet5xd_wpftmp.csproj]
C:\UserWorx\VSWorx\ServoStudio\wpfui-servoStudio\samples\Wpf.Ui.servoStudio\ViewModels\Motion\MotionTypeViewModel.cs(833,9): warning IDE0011: 鍚?鈥渋f鈥?璇彞娣诲姞澶ф嫭鍙枫€?(https://learn.microsoft.com/dotnet/fundamentals/code-analysis/style-rules/ide0011) [C:\UserWorx\VSWorx\ServoStudio\wpfui-servoStudio\samples\Wpf.Ui.servoStudio\servoStudio_wjhet5xd_wpftmp.csproj]
C:\UserWorx\VSWorx\ServoStudio\wpfui-servoStudio\samples\Wpf.Ui.servoStudio\ViewModels\Factory\FrameFormatEditorViewModel.cs(45,85): warning IDE0055: 淇鏍煎紡 (https://learn.microsoft.com/dotnet/fundamentals/code-analysis/style-rules/ide0055) [C:\UserWorx\VSWorx\ServoStudio\wpfui-servoStudio\samples\Wpf.Ui.servoStudio\servoStudio_wjhet5xd_wpftmp.csproj]
C:\UserWorx\VSWorx\ServoStudio\wpfui-servoStudio\samples\Wpf.Ui.servoStudio\ViewModels\Factory\FrameFormatEditorViewModel.cs(45,87): warning IDE0055: 淇鏍煎紡 (https://learn.microsoft.com/dotnet/fundamentals/code-analysis/style-rules/ide0055) [C:\UserWorx\VSWorx\ServoStudio\wpfui-servoStudio\samples\Wpf.Ui.servoStudio\servoStudio_wjhet5xd_wpftmp.csproj]
C:\UserWorx\VSWorx\ServoStudio\wpfui-servoStudio\samples\Wpf.Ui.servoStudio\ViewModels\Factory\FrameFormatEditorViewModel.cs(45,92): warning IDE0055: 淇鏍煎紡 (https://learn.microsoft.com/dotnet/fundamentals/code-analysis/style-rules/ide0055) [C:\UserWorx\VSWorx\ServoStudio\wpfui-servoStudio\samples\Wpf.Ui.servoStudio\servoStudio_wjhet5xd_wpftmp.csproj]
C:\UserWorx\VSWorx\ServoStudio\wpfui-servoStudio\samples\Wpf.Ui.servoStudio\ViewModels\Factory\FrameFormatEditorViewModel.cs(56,63): warning IDE0055: 淇鏍煎紡 (https://learn.microsoft.com/dotnet/fundamentals/code-analysis/style-rules/ide0055) [C:\UserWorx\VSWorx\ServoStudio\wpfui-servoStudio\samples\Wpf.Ui.servoStudio\servoStudio_wjhet5xd_wpftmp.csproj]
C:\UserWorx\VSWorx\ServoStudio\wpfui-servoStudio\samples\Wpf.Ui.servoStudio\ViewModels\Factory\FrameFormatEditorViewModel.cs(56,65): warning IDE0055: 淇鏍煎紡 (https://learn.microsoft.com/dotnet/fundamentals/code-analysis/style-rules/ide0055) [C:\UserWorx\VSWorx\ServoStudio\wpfui-servoStudio\samples\Wpf.Ui.servoStudio\servoStudio_wjhet5xd_wpftmp.csproj]
C:\UserWorx\VSWorx\ServoStudio\wpfui-servoStudio\samples\Wpf.Ui.servoStudio\ViewModels\Factory\FrameFormatEditorViewModel.cs(56,70): warning IDE0055: 淇鏍煎紡 (https://learn.microsoft.com/dotnet/fundamentals/code-analysis/style-rules/ide0055) [C:\UserWorx\VSWorx\ServoStudio\wpfui-servoStudio\samples\Wpf.Ui.servoStudio\servoStudio_wjhet5xd_wpftmp.csproj]
C:\UserWorx\VSWorx\ServoStudio\wpfui-servoStudio\samples\Wpf.Ui.servoStudio\ViewModels\Factory\FrameFormatEditorViewModel.cs(102,56): warning IDE0055: 淇鏍煎紡 (https://learn.microsoft.com/dotnet/fundamentals/code-analysis/style-rules/ide0055) [C:\UserWorx\VSWorx\ServoStudio\wpfui-servoStudio\samples\Wpf.Ui.servoStudio\servoStudio_wjhet5xd_wpftmp.csproj]
C:\UserWorx\VSWorx\ServoStudio\wpfui-servoStudio\samples\Wpf.Ui.servoStudio\ViewModels\Factory\FrameFormatEditorViewModel.cs(113,56): warning IDE0055: 淇鏍煎紡 (https://learn.microsoft.com/dotnet/fundamentals/code-analysis/style-rules/ide0055) [C:\UserWorx\VSWorx\ServoStudio\wpfui-servoStudio\samples\Wpf.Ui.servoStudio\servoStudio_wjhet5xd_wpftmp.csproj]
C:\UserWorx\VSWorx\ServoStudio\wpfui-servoStudio\samples\Wpf.Ui.servoStudio\ViewModels\Factory\FrameFormatEditorViewModel.cs(128,30): warning IDE0055: 淇鏍煎紡 (https://learn.microsoft.com/dotnet/fundamentals/code-analysis/style-rules/ide0055) [C:\UserWorx\VSWorx\ServoStudio\wpfui-servoStudio\samples\Wpf.Ui.servoStudio\servoStudio_wjhet5xd_wpftmp.csproj]
C:\UserWorx\VSWorx\ServoStudio\wpfui-servoStudio\samples\Wpf.Ui.servoStudio\ViewModels\Factory\FrameFormatEditorViewModel.cs(129,13): warning IDE0055: 淇鏍煎紡 (https://learn.microsoft.com/dotnet/fundamentals/code-analysis/style-rules/ide0055) [C:\UserWorx\VSWorx\ServoStudio\wpfui-servoStudio\samples\Wpf.Ui.servoStudio\servoStudio_wjhet5xd_wpftmp.csproj]
C:\UserWorx\VSWorx\ServoStudio\wpfui-servoStudio\samples\Wpf.Ui.servoStudio\ViewModels\Factory\FrameFormatEditorViewModel.cs(136,29): warning IDE0055: 淇鏍煎紡 (https://learn.microsoft.com/dotnet/fundamentals/code-analysis/style-rules/ide0055) [C:\UserWorx\VSWorx\ServoStudio\wpfui-servoStudio\samples\Wpf.Ui.servoStudio\servoStudio_wjhet5xd_wpftmp.csproj]
C:\UserWorx\VSWorx\ServoStudio\wpfui-servoStudio\samples\Wpf.Ui.servoStudio\ViewModels\Factory\FrameFormatEditorViewModel.cs(162,20): warning IDE0055: 淇鏍煎紡 (https://learn.microsoft.com/dotnet/fundamentals/code-analysis/style-rules/ide0055) [C:\UserWorx\VSWorx\ServoStudio\wpfui-servoStudio\samples\Wpf.Ui.servoStudio\servoStudio_wjhet5xd_wpftmp.csproj]
C:\UserWorx\VSWorx\ServoStudio\wpfui-servoStudio\samples\Wpf.Ui.servoStudio\ViewModels\Factory\FrameFormatEditorViewModel.cs(214,29): warning IDE0055: 淇鏍煎紡 (https://learn.microsoft.com/dotnet/fundamentals/code-analysis/style-rules/ide0055) [C:\UserWorx\VSWorx\ServoStudio\wpfui-servoStudio\samples\Wpf.Ui.servoStudio\servoStudio_wjhet5xd_wpftmp.csproj]
C:\UserWorx\VSWorx\ServoStudio\wpfui-servoStudio\samples\Wpf.Ui.servoStudio\ViewModels\Factory\FrameFormatEditorViewModel.cs(214,31): warning IDE0055: 淇鏍煎紡 (https://learn.microsoft.com/dotnet/fundamentals/code-analysis/style-rules/ide0055) [C:\UserWorx\VSWorx\ServoStudio\wpfui-servoStudio\samples\Wpf.Ui.servoStudio\servoStudio_wjhet5xd_wpftmp.csproj]
C:\UserWorx\VSWorx\ServoStudio\wpfui-servoStudio\samples\Wpf.Ui.servoStudio\ViewModels\Factory\FrameFormatEditorViewModel.cs(214,60): warning IDE0055: 淇鏍煎紡 (https://learn.microsoft.com/dotnet/fundamentals/code-analysis/style-rules/ide0055) [C:\UserWorx\VSWorx\ServoStudio\wpfui-servoStudio\samples\Wpf.Ui.servoStudio\servoStudio_wjhet5xd_wpftmp.csproj]
C:\UserWorx\VSWorx\ServoStudio\wpfui-servoStudio\samples\Wpf.Ui.servoStudio\ViewModels\Factory\FrameFormatEditorViewModel.cs(214,68): warning IDE0055: 淇鏍煎紡 (https://learn.microsoft.com/dotnet/fundamentals/code-analysis/style-rules/ide0055) [C:\UserWorx\VSWorx\ServoStudio\wpfui-servoStudio\samples\Wpf.Ui.servoStudio\servoStudio_wjhet5xd_wpftmp.csproj]
C:\UserWorx\VSWorx\ServoStudio\wpfui-servoStudio\samples\Wpf.Ui.servoStudio\ViewModels\Factory\FrameFormatEditorViewModel.cs(229,29): warning IDE0055: 淇鏍煎紡 (https://learn.microsoft.com/dotnet/fundamentals/code-analysis/style-rules/ide0055) [C:\UserWorx\VSWorx\ServoStudio\wpfui-servoStudio\samples\Wpf.Ui.servoStudio\servoStudio_wjhet5xd_wpftmp.csproj]
C:\UserWorx\VSWorx\ServoStudio\wpfui-servoStudio\samples\Wpf.Ui.servoStudio\ViewModels\Factory\FrameFormatEditorViewModel.cs(229,31): warning IDE0055: 淇鏍煎紡 (https://learn.microsoft.com/dotnet/fundamentals/code-analysis/style-rules/ide0055) [C:\UserWorx\VSWorx\ServoStudio\wpfui-servoStudio\samples\Wpf.Ui.servoStudio\servoStudio_wjhet5xd_wpftmp.csproj]
C:\UserWorx\VSWorx\ServoStudio\wpfui-servoStudio\samples\Wpf.Ui.servoStudio\ViewModels\Factory\FrameFormatEditorViewModel.cs(229,60): warning IDE0055: 淇鏍煎紡 (https://learn.microsoft.com/dotnet/fundamentals/code-analysis/style-rules/ide0055) [C:\UserWorx\VSWorx\ServoStudio\wpfui-servoStudio\samples\Wpf.Ui.servoStudio\servoStudio_wjhet5xd_wpftmp.csproj]
C:\UserWorx\VSWorx\ServoStudio\wpfui-servoStudio\samples\Wpf.Ui.servoStudio\ViewModels\Factory\FrameFormatEditorViewModel.cs(229,68): warning IDE0055: 淇鏍煎紡 (https://learn.microsoft.com/dotnet/fundamentals/code-analysis/style-rules/ide0055) [C:\UserWorx\VSWorx\ServoStudio\wpfui-servoStudio\samples\Wpf.Ui.servoStudio\servoStudio_wjhet5xd_wpftmp.csproj]
C:\UserWorx\VSWorx\ServoStudio\wpfui-servoStudio\samples\Wpf.Ui.servoStudio\ViewModels\Factory\FrameFormatEditorViewModel.cs(274,36): warning IDE0055: 淇鏍煎紡 (https://learn.microsoft.com/dotnet/fundamentals/code-analysis/style-rules/ide0055) [C:\UserWorx\VSWorx\ServoStudio\wpfui-servoStudio\samples\Wpf.Ui.servoStudio\servoStudio_wjhet5xd_wpftmp.csproj]
C:\UserWorx\VSWorx\ServoStudio\wpfui-servoStudio\samples\Wpf.Ui.servoStudio\ViewModels\Factory\FrameFormatEditorViewModel.cs(278,32): warning IDE0055: 淇鏍煎紡 (https://learn.microsoft.com/dotnet/fundamentals/code-analysis/style-rules/ide0055) [C:\UserWorx\VSWorx\ServoStudio\wpfui-servoStudio\samples\Wpf.Ui.servoStudio\servoStudio_wjhet5xd_wpftmp.csproj]
C:\UserWorx\VSWorx\ServoStudio\wpfui-servoStudio\samples\Wpf.Ui.servoStudio\ViewModels\Factory\FrameFormatEditorViewModel.cs(289,36): warning IDE0055: 淇鏍煎紡 (https://learn.microsoft.com/dotnet/fundamentals/code-analysis/style-rules/ide0055) [C:\UserWorx\VSWorx\ServoStudio\wpfui-servoStudio\samples\Wpf.Ui.servoStudio\servoStudio_wjhet5xd_wpftmp.csproj]
C:\UserWorx\VSWorx\ServoStudio\wpfui-servoStudio\samples\Wpf.Ui.servoStudio\ViewModels\Factory\FrameFormatEditorViewModel.cs(290,32): warning IDE0055: 淇鏍煎紡 (https://learn.microsoft.com/dotnet/fundamentals/code-analysis/style-rules/ide0055) [C:\UserWorx\VSWorx\ServoStudio\wpfui-servoStudio\samples\Wpf.Ui.servoStudio\servoStudio_wjhet5xd_wpftmp.csproj]
C:\UserWorx\VSWorx\ServoStudio\wpfui-servoStudio\samples\Wpf.Ui.servoStudio\ViewModels\Factory\FrameFormatEditorViewModel.cs(90,9): warning IDE2003: 鍧椾笌鍚庣画璇彞涔嬮棿闇€瑕佹湁绌虹櫧琛?(https://learn.microsoft.com/dotnet/fundamentals/code-analysis/style-rules/ide2003) [C:\UserWorx\VSWorx\ServoStudio\wpfui-servoStudio\samples\Wpf.Ui.servoStudio\servoStudio_wjhet5xd_wpftmp.csproj]
C:\UserWorx\VSWorx\ServoStudio\wpfui-servoStudio\samples\Wpf.Ui.servoStudio\ViewModels\Factory\FrameFormatEditorViewModel.cs(214,69): warning IDE2003: 鍧椾笌鍚庣画璇彞涔嬮棿闇€瑕佹湁绌虹櫧琛?(https://learn.microsoft.com/dotnet/fundamentals/code-analysis/style-rules/ide2003) [C:\UserWorx\VSWorx\ServoStudio\wpfui-servoStudio\samples\Wpf.Ui.servoStudio\servoStudio_wjhet5xd_wpftmp.csproj]
C:\UserWorx\VSWorx\ServoStudio\wpfui-servoStudio\samples\Wpf.Ui.servoStudio\ViewModels\Factory\FrameFormatEditorViewModel.cs(229,69): warning IDE2003: 鍧椾笌鍚庣画璇彞涔嬮棿闇€瑕佹湁绌虹櫧琛?(https://learn.microsoft.com/dotnet/fundamentals/code-analysis/style-rules/ide2003) [C:\UserWorx\VSWorx\ServoStudio\wpfui-servoStudio\samples\Wpf.Ui.servoStudio\servoStudio_wjhet5xd_wpftmp.csproj]
C:\UserWorx\VSWorx\ServoStudio\wpfui-servoStudio\samples\Wpf.Ui.servoStudio\Views\Pages\AppDataPages\PidAdjustPage.xaml.cs(222,9): warning IDE0008: 鐢ㄦ樉寮忕被鍨嬩唬鏇?"var" (https://learn.microsoft.com/dotnet/fundamentals/code-analysis/style-rules/ide0008) [C:\UserWorx\VSWorx\ServoStudio\wpfui-servoStudio\samples\Wpf.Ui.servoStudio\servoStudio_wjhet5xd_wpftmp.csproj]
C:\UserWorx\VSWorx\ServoStudio\wpfui-servoStudio\samples\Wpf.Ui.servoStudio\Views\Pages\AppDataPages\PidAdjustPage.xaml.cs(253,18): warning IDE0008: 鐢ㄦ樉寮忕被鍨嬩唬鏇?"var" (https://learn.microsoft.com/dotnet/fundamentals/code-analysis/style-rules/ide0008) [C:\UserWorx\VSWorx\ServoStudio\wpfui-servoStudio\samples\Wpf.Ui.servoStudio\servoStudio_wjhet5xd_wpftmp.csproj]
C:\UserWorx\VSWorx\ServoStudio\wpfui-servoStudio\samples\Wpf.Ui.servoStudio\ViewModels\FaultInfoViewModel.cs(411,82): warning IDE0055: 淇鏍煎紡 (https://learn.microsoft.com/dotnet/fundamentals/code-analysis/style-rules/ide0055) [C:\UserWorx\VSWorx\ServoStudio\wpfui-servoStudio\samples\Wpf.Ui.servoStudio\servoStudio_wjhet5xd_wpftmp.csproj]
C:\UserWorx\VSWorx\ServoStudio\wpfui-servoStudio\samples\Wpf.Ui.servoStudio\ViewModels\FaultInfoViewModel.cs(412,83): warning IDE0055: 淇鏍煎紡 (https://learn.microsoft.com/dotnet/fundamentals/code-analysis/style-rules/ide0055) [C:\UserWorx\VSWorx\ServoStudio\wpfui-servoStudio\samples\Wpf.Ui.servoStudio\servoStudio_wjhet5xd_wpftmp.csproj]
C:\UserWorx\VSWorx\ServoStudio\wpfui-servoStudio\samples\Wpf.Ui.servoStudio\ViewModels\FaultInfoViewModel.cs(413,86): warning IDE0055: 淇鏍煎紡 (https://learn.microsoft.com/dotnet/fundamentals/code-analysis/style-rules/ide0055) [C:\UserWorx\VSWorx\ServoStudio\wpfui-servoStudio\samples\Wpf.Ui.servoStudio\servoStudio_wjhet5xd_wpftmp.csproj]
C:\UserWorx\VSWorx\ServoStudio\wpfui-servoStudio\samples\Wpf.Ui.servoStudio\ViewModels\FaultInfoViewModel.cs(414,82): warning IDE0055: 淇鏍煎紡 (https://learn.microsoft.com/dotnet/fundamentals/code-analysis/style-rules/ide0055) [C:\UserWorx\VSWorx\ServoStudio\wpfui-servoStudio\samples\Wpf.Ui.servoStudio\servoStudio_wjhet5xd_wpftmp.csproj]
C:\UserWorx\VSWorx\ServoStudio\wpfui-servoStudio\samples\Wpf.Ui.servoStudio\ViewModels\FaultInfoViewModel.cs(415,85): warning IDE0055: 淇鏍煎紡 (https://learn.microsoft.com/dotnet/fundamentals/code-analysis/style-rules/ide0055) [C:\UserWorx\VSWorx\ServoStudio\wpfui-servoStudio\samples\Wpf.Ui.servoStudio\servoStudio_wjhet5xd_wpftmp.csproj]
C:\UserWorx\VSWorx\ServoStudio\wpfui-servoStudio\samples\Wpf.Ui.servoStudio\ViewModels\FaultInfoViewModel.cs(416,85): warning IDE0055: 淇鏍煎紡 (https://learn.microsoft.com/dotnet/fundamentals/code-analysis/style-rules/ide0055) [C:\UserWorx\VSWorx\ServoStudio\wpfui-servoStudio\samples\Wpf.Ui.servoStudio\servoStudio_wjhet5xd_wpftmp.csproj]
C:\UserWorx\VSWorx\ServoStudio\wpfui-servoStudio\samples\Wpf.Ui.servoStudio\ViewModels\FaultInfoViewModel.cs(417,83): warning IDE0055: 淇鏍煎紡 (https://learn.microsoft.com/dotnet/fundamentals/code-analysis/style-rules/ide0055) [C:\UserWorx\VSWorx\ServoStudio\wpfui-servoStudio\samples\Wpf.Ui.servoStudio\servoStudio_wjhet5xd_wpftmp.csproj]
C:\UserWorx\VSWorx\ServoStudio\wpfui-servoStudio\samples\Wpf.Ui.servoStudio\ViewModels\FaultInfoViewModel.cs(418,108): warning IDE0055: 淇鏍煎紡 (https://learn.microsoft.com/dotnet/fundamentals/code-analysis/style-rules/ide0055) [C:\UserWorx\VSWorx\ServoStudio\wpfui-servoStudio\samples\Wpf.Ui.servoStudio\servoStudio_wjhet5xd_wpftmp.csproj]
C:\UserWorx\VSWorx\ServoStudio\wpfui-servoStudio\samples\Wpf.Ui.servoStudio\ViewModels\FaultInfoViewModel.cs(419,108): warning IDE0055: 淇鏍煎紡 (https://learn.microsoft.com/dotnet/fundamentals/code-analysis/style-rules/ide0055) [C:\UserWorx\VSWorx\ServoStudio\wpfui-servoStudio\samples\Wpf.Ui.servoStudio\servoStudio_wjhet5xd_wpftmp.csproj]
C:\UserWorx\VSWorx\ServoStudio\wpfui-servoStudio\samples\Wpf.Ui.servoStudio\ViewModels\FaultInfoViewModel.cs(420,108): warning IDE0055: 淇鏍煎紡 (https://learn.microsoft.com/dotnet/fundamentals/code-analysis/style-rules/ide0055) [C:\UserWorx\VSWorx\ServoStudio\wpfui-servoStudio\samples\Wpf.Ui.servoStudio\servoStudio_wjhet5xd_wpftmp.csproj]
C:\UserWorx\VSWorx\ServoStudio\wpfui-servoStudio\samples\Wpf.Ui.servoStudio\ViewModels\FaultInfoViewModel.cs(431,9): warning IDE2003: 鍧椾笌鍚庣画璇彞涔嬮棿闇€瑕佹湁绌虹櫧琛?(https://learn.microsoft.com/dotnet/fundamentals/code-analysis/style-rules/ide2003) [C:\UserWorx\VSWorx\ServoStudio\wpfui-servoStudio\samples\Wpf.Ui.servoStudio\servoStudio_wjhet5xd_wpftmp.csproj]
C:\UserWorx\VSWorx\ServoStudio\wpfui-servoStudio\samples\Wpf.Ui.servoStudio\Views\Pages\AppDataPages\PidAdjustPage.xaml.cs(271,9): warning IDE0008: 鐢ㄦ樉寮忕被鍨嬩唬鏇?"var" (https://learn.microsoft.com/dotnet/fundamentals/code-analysis/style-rules/ide0008) [C:\UserWorx\VSWorx\ServoStudio\wpfui-servoStudio\samples\Wpf.Ui.servoStudio\servoStudio_wjhet5xd_wpftmp.csproj]
C:\UserWorx\VSWorx\ServoStudio\wpfui-servoStudio\samples\Wpf.Ui.servoStudio\ViewModels\DeviceSet\DeviceAddViewModel.cs(810,13): warning IDE0008: 鐢ㄦ樉寮忕被鍨嬩唬鏇?"var" (https://learn.microsoft.com/dotnet/fundamentals/code-analysis/style-rules/ide0008) [C:\UserWorx\VSWorx\ServoStudio\wpfui-servoStudio\samples\Wpf.Ui.servoStudio\servoStudio_wjhet5xd_wpftmp.csproj]
C:\UserWorx\VSWorx\ServoStudio\wpfui-servoStudio\samples\Wpf.Ui.servoStudio\ViewModels\Firmware\EcatEepromViewModel.cs(316,28): warning IDE0055: 淇鏍煎紡 (https://learn.microsoft.com/dotnet/fundamentals/code-analysis/style-rules/ide0055) [C:\UserWorx\VSWorx\ServoStudio\wpfui-servoStudio\samples\Wpf.Ui.servoStudio\servoStudio_wjhet5xd_wpftmp.csproj]
C:\UserWorx\VSWorx\ServoStudio\wpfui-servoStudio\samples\Wpf.Ui.servoStudio\ViewModels\Firmware\EcatEepromViewModel.cs(323,39): warning IDE0055: 淇鏍煎紡 (https://learn.microsoft.com/dotnet/fundamentals/code-analysis/style-rules/ide0055) [C:\UserWorx\VSWorx\ServoStudio\wpfui-servoStudio\samples\Wpf.Ui.servoStudio\servoStudio_wjhet5xd_wpftmp.csproj]
C:\UserWorx\VSWorx\ServoStudio\wpfui-servoStudio\samples\Wpf.Ui.servoStudio\ViewModels\Firmware\EcatEepromViewModel.cs(338,31): warning IDE0055: 淇鏍煎紡 (https://learn.microsoft.com/dotnet/fundamentals/code-analysis/style-rules/ide0055) [C:\UserWorx\VSWorx\ServoStudio\wpfui-servoStudio\samples\Wpf.Ui.servoStudio\servoStudio_wjhet5xd_wpftmp.csproj]
C:\UserWorx\VSWorx\ServoStudio\wpfui-servoStudio\samples\Wpf.Ui.servoStudio\Models\LogEntry.cs(84,9): warning IDE0011: 鍚?鈥渋f鈥?璇彞娣诲姞澶ф嫭鍙枫€?(https://learn.microsoft.com/dotnet/fundamentals/code-analysis/style-rules/ide0011) [C:\UserWorx\VSWorx\ServoStudio\wpfui-servoStudio\samples\Wpf.Ui.servoStudio\servoStudio_wjhet5xd_wpftmp.csproj]
C:\UserWorx\VSWorx\ServoStudio\wpfui-servoStudio\samples\Wpf.Ui.servoStudio\Models\LogEntry.cs(87,9): warning IDE0011: 鍚?鈥渋f鈥?璇彞娣诲姞澶ф嫭鍙枫€?(https://learn.microsoft.com/dotnet/fundamentals/code-analysis/style-rules/ide0011) [C:\UserWorx\VSWorx\ServoStudio\wpfui-servoStudio\samples\Wpf.Ui.servoStudio\servoStudio_wjhet5xd_wpftmp.csproj]
C:\UserWorx\VSWorx\ServoStudio\wpfui-servoStudio\samples\Wpf.Ui.servoStudio\Models\HVariables.cs(77,13): warning IDE0011: 鍚?鈥渋f鈥?璇彞娣诲姞澶ф嫭鍙枫€?(https://learn.microsoft.com/dotnet/fundamentals/code-analysis/style-rules/ide0011) [C:\UserWorx\VSWorx\ServoStudio\wpfui-servoStudio\samples\Wpf.Ui.servoStudio\servoStudio_wjhet5xd_wpftmp.csproj]
C:\UserWorx\VSWorx\ServoStudio\wpfui-servoStudio\samples\Wpf.Ui.servoStudio\Models\HVariables.cs(80,13): warning IDE0011: 鍚?鈥渋f鈥?璇彞娣诲姞澶ф嫭鍙枫€?(https://learn.microsoft.com/dotnet/fundamentals/code-analysis/style-rules/ide0011) [C:\UserWorx\VSWorx\ServoStudio\wpfui-servoStudio\samples\Wpf.Ui.servoStudio\servoStudio_wjhet5xd_wpftmp.csproj]
C:\UserWorx\VSWorx\ServoStudio\wpfui-servoStudio\samples\Wpf.Ui.servoStudio\Models\HVariables.cs(93,13): warning IDE0011: 鍚?鈥渋f鈥?璇彞娣诲姞澶ф嫭鍙枫€?(https://learn.microsoft.com/dotnet/fundamentals/code-analysis/style-rules/ide0011) [C:\UserWorx\VSWorx\ServoStudio\wpfui-servoStudio\samples\Wpf.Ui.servoStudio\servoStudio_wjhet5xd_wpftmp.csproj]
C:\UserWorx\VSWorx\ServoStudio\wpfui-servoStudio\samples\Wpf.Ui.servoStudio\Models\HVariables.cs(99,17): warning IDE0011: 鍚?鈥渋f鈥?璇彞娣诲姞澶ф嫭鍙枫€?(https://learn.microsoft.com/dotnet/fundamentals/code-analysis/style-rules/ide0011) [C:\UserWorx\VSWorx\ServoStudio\wpfui-servoStudio\samples\Wpf.Ui.servoStudio\servoStudio_wjhet5xd_wpftmp.csproj]
C:\UserWorx\VSWorx\ServoStudio\wpfui-servoStudio\samples\Wpf.Ui.servoStudio\ViewModels\AppData\PidAdjustViewModel.cs(373,9): warning IDE0011: 鍚?鈥渋f鈥?璇彞娣诲姞澶ф嫭鍙枫€?(https://learn.microsoft.com/dotnet/fundamentals/code-analysis/style-rules/ide0011) [C:\UserWorx\VSWorx\ServoStudio\wpfui-servoStudio\samples\Wpf.Ui.servoStudio\servoStudio_wjhet5xd_wpftmp.csproj]
C:\UserWorx\VSWorx\ServoStudio\wpfui-servoStudio\samples\Wpf.Ui.servoStudio\ViewModels\DeviceSet\DeviceAddViewModel.cs(983,9): warning IDE0011: 鍚?鈥渋f鈥?璇彞娣诲姞澶ф嫭鍙枫€?(https://learn.microsoft.com/dotnet/fundamentals/code-analysis/style-rules/ide0011) [C:\UserWorx\VSWorx\ServoStudio\wpfui-servoStudio\samples\Wpf.Ui.servoStudio\servoStudio_wjhet5xd_wpftmp.csproj]
C:\UserWorx\VSWorx\ServoStudio\wpfui-servoStudio\samples\Wpf.Ui.servoStudio\ViewModels\DeviceSet\DeviceAddViewModel.cs(988,13): warning IDE0011: 鍚?鈥渋f鈥?璇彞娣诲姞澶ф嫭鍙枫€?(https://learn.microsoft.com/dotnet/fundamentals/code-analysis/style-rules/ide0011) [C:\UserWorx\VSWorx\ServoStudio\wpfui-servoStudio\samples\Wpf.Ui.servoStudio\servoStudio_wjhet5xd_wpftmp.csproj]
C:\UserWorx\VSWorx\ServoStudio\wpfui-servoStudio\samples\Wpf.Ui.servoStudio\ViewModels\DeviceSet\DeviceAddViewModel.cs(991,13): warning IDE0011: 鍚?鈥渋f鈥?璇彞娣诲姞澶ф嫭鍙枫€?(https://learn.microsoft.com/dotnet/fundamentals/code-analysis/style-rules/ide0011) [C:\UserWorx\VSWorx\ServoStudio\wpfui-servoStudio\samples\Wpf.Ui.servoStudio\servoStudio_wjhet5xd_wpftmp.csproj]
C:\UserWorx\VSWorx\ServoStudio\wpfui-servoStudio\samples\Wpf.Ui.servoStudio\ViewModels\DeviceSet\DeviceAddViewModel.cs(994,13): warning IDE0011: 鍚?鈥渋f鈥?璇彞娣诲姞澶ф嫭鍙枫€?(https://learn.microsoft.com/dotnet/fundamentals/code-analysis/style-rules/ide0011) [C:\UserWorx\VSWorx\ServoStudio\wpfui-servoStudio\samples\Wpf.Ui.servoStudio\servoStudio_wjhet5xd_wpftmp.csproj]
C:\UserWorx\VSWorx\ServoStudio\wpfui-servoStudio\samples\Wpf.Ui.servoStudio\ViewModels\DeviceSet\DeviceAddViewModel.cs(999,9): warning IDE0011: 鍚?鈥渋f鈥?璇彞娣诲姞澶ф嫭鍙枫€?(https://learn.microsoft.com/dotnet/fundamentals/code-analysis/style-rules/ide0011) [C:\UserWorx\VSWorx\ServoStudio\wpfui-servoStudio\samples\Wpf.Ui.servoStudio\servoStudio_wjhet5xd_wpftmp.csproj]
C:\UserWorx\VSWorx\ServoStudio\wpfui-servoStudio\samples\Wpf.Ui.servoStudio\Views\Pages\AppDataPages\PidAdjustPage.xaml.cs(299,9): warning IDE0011: 鍚?鈥渋f鈥?璇彞娣诲姞澶ф嫭鍙枫€?(https://learn.microsoft.com/dotnet/fundamentals/code-analysis/style-rules/ide0011) [C:\UserWorx\VSWorx\ServoStudio\wpfui-servoStudio\samples\Wpf.Ui.servoStudio\servoStudio_wjhet5xd_wpftmp.csproj]
C:\UserWorx\VSWorx\ServoStudio\wpfui-servoStudio\samples\Wpf.Ui.servoStudio\ViewModels\Firmware\FirmwareProgramViewModel.cs(679,9): warning IDE0011: 鍚?鈥渋f鈥?璇彞娣诲姞澶ф嫭鍙枫€?(https://learn.microsoft.com/dotnet/fundamentals/code-analysis/style-rules/ide0011) [C:\UserWorx\VSWorx\ServoStudio\wpfui-servoStudio\samples\Wpf.Ui.servoStudio\servoStudio_wjhet5xd_wpftmp.csproj]
C:\UserWorx\VSWorx\ServoStudio\wpfui-servoStudio\samples\Wpf.Ui.servoStudio\ViewModels\Firmware\FirmwareProgramViewModel.cs(717,17): warning IDE0011: 鍚?鈥渋f鈥?璇彞娣诲姞澶ф嫭鍙枫€?(https://learn.microsoft.com/dotnet/fundamentals/code-analysis/style-rules/ide0011) [C:\UserWorx\VSWorx\ServoStudio\wpfui-servoStudio\samples\Wpf.Ui.servoStudio\servoStudio_wjhet5xd_wpftmp.csproj]
C:\UserWorx\VSWorx\ServoStudio\wpfui-servoStudio\samples\Wpf.Ui.servoStudio\ViewModels\Firmware\FirmwareProgramViewModel.cs(735,9): warning IDE0011: 鍚?鈥渋f鈥?璇彞娣诲姞澶ф嫭鍙枫€?(https://learn.microsoft.com/dotnet/fundamentals/code-analysis/style-rules/ide0011) [C:\UserWorx\VSWorx\ServoStudio\wpfui-servoStudio\samples\Wpf.Ui.servoStudio\servoStudio_wjhet5xd_wpftmp.csproj]
C:\UserWorx\VSWorx\ServoStudio\wpfui-servoStudio\samples\Wpf.Ui.servoStudio\ViewModels\Firmware\FirmwareProgramViewModel.cs(743,13): warning IDE0011: 鍚?鈥渋f鈥?璇彞娣诲姞澶ф嫭鍙枫€?(https://learn.microsoft.com/dotnet/fundamentals/code-analysis/style-rules/ide0011) [C:\UserWorx\VSWorx\ServoStudio\wpfui-servoStudio\samples\Wpf.Ui.servoStudio\servoStudio_wjhet5xd_wpftmp.csproj]
C:\UserWorx\VSWorx\ServoStudio\wpfui-servoStudio\samples\Wpf.Ui.servoStudio\ViewModels\Firmware\FirmwareProgramViewModel.cs(747,9): warning IDE0011: 鍚?鈥渋f鈥?璇彞娣诲姞澶ф嫭鍙枫€?(https://learn.microsoft.com/dotnet/fundamentals/code-analysis/style-rules/ide0011) [C:\UserWorx\VSWorx\ServoStudio\wpfui-servoStudio\samples\Wpf.Ui.servoStudio\servoStudio_wjhet5xd_wpftmp.csproj]
C:\UserWorx\VSWorx\ServoStudio\wpfui-servoStudio\samples\Wpf.Ui.servoStudio\ViewModels\Firmware\FirmwareProgramViewModel.cs(765,13): warning IDE0011: 鍚?鈥渋f鈥?璇彞娣诲姞澶ф嫭鍙枫€?(https://learn.microsoft.com/dotnet/fundamentals/code-analysis/style-rules/ide0011) [C:\UserWorx\VSWorx\ServoStudio\wpfui-servoStudio\samples\Wpf.Ui.servoStudio\servoStudio_wjhet5xd_wpftmp.csproj]
C:\UserWorx\VSWorx\ServoStudio\wpfui-servoStudio\samples\Wpf.Ui.servoStudio\ViewModels\Firmware\FirmwareProgramViewModel.cs(767,13): warning IDE0011: 鍚?鈥渋f鈥?璇彞娣诲姞澶ф嫭鍙枫€?(https://learn.microsoft.com/dotnet/fundamentals/code-analysis/style-rules/ide0011) [C:\UserWorx\VSWorx\ServoStudio\wpfui-servoStudio\samples\Wpf.Ui.servoStudio\servoStudio_wjhet5xd_wpftmp.csproj]
C:\UserWorx\VSWorx\ServoStudio\wpfui-servoStudio\samples\Wpf.Ui.servoStudio\Models\FrameFormat.cs(388,18): warning IDE0008: 鐢ㄦ樉寮忕被鍨嬩唬鏇?"var" (https://learn.microsoft.com/dotnet/fundamentals/code-analysis/style-rules/ide0008) [C:\UserWorx\VSWorx\ServoStudio\wpfui-servoStudio\samples\Wpf.Ui.servoStudio\servoStudio_wjhet5xd_wpftmp.csproj]
C:\UserWorx\VSWorx\ServoStudio\wpfui-servoStudio\samples\Wpf.Ui.servoStudio\ViewModels\DeviceSet\DeviceAddViewModel.cs(1027,13): warning IDE0011: 鍚?鈥渇oreach鈥?璇彞娣诲姞澶ф嫭鍙枫€?(https://learn.microsoft.com/dotnet/fundamentals/code-analysis/style-rules/ide0011) [C:\UserWorx\VSWorx\ServoStudio\wpfui-servoStudio\samples\Wpf.Ui.servoStudio\servoStudio_wjhet5xd_wpftmp.csproj]
C:\UserWorx\VSWorx\ServoStudio\wpfui-servoStudio\samples\Wpf.Ui.servoStudio\ViewModels\DeviceSet\DeviceAddViewModel.cs(1036,9): warning IDE0011: 鍚?鈥渇oreach鈥?璇彞娣诲姞澶ф嫭鍙枫€?(https://learn.microsoft.com/dotnet/fundamentals/code-analysis/style-rules/ide0011) [C:\UserWorx\VSWorx\ServoStudio\wpfui-servoStudio\samples\Wpf.Ui.servoStudio\servoStudio_wjhet5xd_wpftmp.csproj]
C:\UserWorx\VSWorx\ServoStudio\wpfui-servoStudio\samples\Wpf.Ui.servoStudio\ViewModels\DeviceSet\DeviceAddViewModel.cs(1050,9): warning IDE0011: 鍚?鈥渋f鈥?璇彞娣诲姞澶ф嫭鍙枫€?(https://learn.microsoft.com/dotnet/fundamentals/code-analysis/style-rules/ide0011) [C:\UserWorx\VSWorx\ServoStudio\wpfui-servoStudio\samples\Wpf.Ui.servoStudio\servoStudio_wjhet5xd_wpftmp.csproj]
C:\UserWorx\VSWorx\ServoStudio\wpfui-servoStudio\samples\Wpf.Ui.servoStudio\ViewModels\AppData\PidAdjustViewModel.cs(448,17): warning IDE0011: 鍚?鈥渋f鈥?璇彞娣诲姞澶ф嫭鍙枫€?(https://learn.microsoft.com/dotnet/fundamentals/code-analysis/style-rules/ide0011) [C:\UserWorx\VSWorx\ServoStudio\wpfui-servoStudio\samples\Wpf.Ui.servoStudio\servoStudio_wjhet5xd_wpftmp.csproj]
C:\UserWorx\VSWorx\ServoStudio\wpfui-servoStudio\samples\Wpf.Ui.servoStudio\ViewModels\AppData\PidAdjustViewModel.cs(450,17): warning IDE0011: 鍚?鈥渋f鈥?璇彞娣诲姞澶ф嫭鍙枫€?(https://learn.microsoft.com/dotnet/fundamentals/code-analysis/style-rules/ide0011) [C:\UserWorx\VSWorx\ServoStudio\wpfui-servoStudio\samples\Wpf.Ui.servoStudio\servoStudio_wjhet5xd_wpftmp.csproj]
C:\UserWorx\VSWorx\ServoStudio\wpfui-servoStudio\samples\Wpf.Ui.servoStudio\ViewModels\AppData\PidAdjustViewModel.cs(452,17): warning IDE0011: 鍚?鈥渋f鈥?璇彞娣诲姞澶ф嫭鍙枫€?(https://learn.microsoft.com/dotnet/fundamentals/code-analysis/style-rules/ide0011) [C:\UserWorx\VSWorx\ServoStudio\wpfui-servoStudio\samples\Wpf.Ui.servoStudio\servoStudio_wjhet5xd_wpftmp.csproj]
C:\UserWorx\VSWorx\ServoStudio\wpfui-servoStudio\samples\Wpf.Ui.servoStudio\ViewModels\AppData\PidAdjustViewModel.cs(454,17): warning IDE0011: 鍚?鈥渋f鈥?璇彞娣诲姞澶ф嫭鍙枫€?(https://learn.microsoft.com/dotnet/fundamentals/code-analysis/style-rules/ide0011) [C:\UserWorx\VSWorx\ServoStudio\wpfui-servoStudio\samples\Wpf.Ui.servoStudio\servoStudio_wjhet5xd_wpftmp.csproj]
C:\UserWorx\VSWorx\ServoStudio\wpfui-servoStudio\samples\Wpf.Ui.servoStudio\ViewModels\AppData\PidAdjustViewModel.cs(456,17): warning IDE0011: 鍚?鈥渋f鈥?璇彞娣诲姞澶ф嫭鍙枫€?(https://learn.microsoft.com/dotnet/fundamentals/code-analysis/style-rules/ide0011) [C:\UserWorx\VSWorx\ServoStudio\wpfui-servoStudio\samples\Wpf.Ui.servoStudio\servoStudio_wjhet5xd_wpftmp.csproj]
C:\UserWorx\VSWorx\ServoStudio\wpfui-servoStudio\samples\Wpf.Ui.servoStudio\ViewModels\AppData\PidAdjustViewModel.cs(458,17): warning IDE0011: 鍚?鈥渋f鈥?璇彞娣诲姞澶ф嫭鍙枫€?(https://learn.microsoft.com/dotnet/fundamentals/code-analysis/style-rules/ide0011) [C:\UserWorx\VSWorx\ServoStudio\wpfui-servoStudio\samples\Wpf.Ui.servoStudio\servoStudio_wjhet5xd_wpftmp.csproj]
C:\UserWorx\VSWorx\ServoStudio\wpfui-servoStudio\samples\Wpf.Ui.servoStudio\ViewModels\AppData\PidAdjustViewModel.cs(464,21): warning IDE0011: 鍚?鈥渋f鈥?璇彞娣诲姞澶ф嫭鍙枫€?(https://learn.microsoft.com/dotnet/fundamentals/code-analysis/style-rules/ide0011) [C:\UserWorx\VSWorx\ServoStudio\wpfui-servoStudio\samples\Wpf.Ui.servoStudio\servoStudio_wjhet5xd_wpftmp.csproj]
C:\UserWorx\VSWorx\ServoStudio\wpfui-servoStudio\samples\Wpf.Ui.servoStudio\ViewModels\AppData\PidAdjustViewModel.cs(465,21): warning IDE0011: 鍚?鈥渋f鈥?璇彞娣诲姞澶ф嫭鍙枫€?(https://learn.microsoft.com/dotnet/fundamentals/code-analysis/style-rules/ide0011) [C:\UserWorx\VSWorx\ServoStudio\wpfui-servoStudio\samples\Wpf.Ui.servoStudio\servoStudio_wjhet5xd_wpftmp.csproj]
C:\UserWorx\VSWorx\ServoStudio\wpfui-servoStudio\samples\Wpf.Ui.servoStudio\ViewModels\AppData\PidAdjustViewModel.cs(466,21): warning IDE0011: 鍚?鈥渋f鈥?璇彞娣诲姞澶ф嫭鍙枫€?(https://learn.microsoft.com/dotnet/fundamentals/code-analysis/style-rules/ide0011) [C:\UserWorx\VSWorx\ServoStudio\wpfui-servoStudio\samples\Wpf.Ui.servoStudio\servoStudio_wjhet5xd_wpftmp.csproj]
C:\UserWorx\VSWorx\ServoStudio\wpfui-servoStudio\samples\Wpf.Ui.servoStudio\ViewModels\AppData\PidAdjustViewModel.cs(467,21): warning IDE0011: 鍚?鈥渋f鈥?璇彞娣诲姞澶ф嫭鍙枫€?(https://learn.microsoft.com/dotnet/fundamentals/code-analysis/style-rules/ide0011) [C:\UserWorx\VSWorx\ServoStudio\wpfui-servoStudio\samples\Wpf.Ui.servoStudio\servoStudio_wjhet5xd_wpftmp.csproj]
C:\UserWorx\VSWorx\ServoStudio\wpfui-servoStudio\samples\Wpf.Ui.servoStudio\ViewModels\AppData\PidAdjustViewModel.cs(468,21): warning IDE0011: 鍚?鈥渋f鈥?璇彞娣诲姞澶ф嫭鍙枫€?(https://learn.microsoft.com/dotnet/fundamentals/code-analysis/style-rules/ide0011) [C:\UserWorx\VSWorx\ServoStudio\wpfui-servoStudio\samples\Wpf.Ui.servoStudio\servoStudio_wjhet5xd_wpftmp.csproj]
C:\UserWorx\VSWorx\ServoStudio\wpfui-servoStudio\samples\Wpf.Ui.servoStudio\ViewModels\AppData\PidAdjustViewModel.cs(469,21): warning IDE0011: 鍚?鈥渋f鈥?璇彞娣诲姞澶ф嫭鍙枫€?(https://learn.microsoft.com/dotnet/fundamentals/code-analysis/style-rules/ide0011) [C:\UserWorx\VSWorx\ServoStudio\wpfui-servoStudio\samples\Wpf.Ui.servoStudio\servoStudio_wjhet5xd_wpftmp.csproj]
C:\UserWorx\VSWorx\ServoStudio\wpfui-servoStudio\samples\Wpf.Ui.servoStudio\Views\Pages\AppDataPages\DataViewPage.xaml.cs(40,9): warning IDE0008: 鐢ㄦ樉寮忕被鍨嬩唬鏇?"var" (https://learn.microsoft.com/dotnet/fundamentals/code-analysis/style-rules/ide0008) [C:\UserWorx\VSWorx\ServoStudio\wpfui-servoStudio\samples\Wpf.Ui.servoStudio\servoStudio_wjhet5xd_wpftmp.csproj]
C:\UserWorx\VSWorx\ServoStudio\wpfui-servoStudio\samples\Wpf.Ui.servoStudio\ViewModels\AppData\PidAdjustViewModel.cs(449,21): warning IDE0058: 姘歌繙涓嶄細浣跨敤琛ㄨ揪寮忓€?(https://learn.microsoft.com/dotnet/fundamentals/code-analysis/style-rules/ide0058) [C:\UserWorx\VSWorx\ServoStudio\wpfui-servoStudio\samples\Wpf.Ui.servoStudio\servoStudio_wjhet5xd_wpftmp.csproj]
C:\UserWorx\VSWorx\ServoStudio\wpfui-servoStudio\samples\Wpf.Ui.servoStudio\ViewModels\AppData\PidAdjustViewModel.cs(451,21): warning IDE0058: 姘歌繙涓嶄細浣跨敤琛ㄨ揪寮忓€?(https://learn.microsoft.com/dotnet/fundamentals/code-analysis/style-rules/ide0058) [C:\UserWorx\VSWorx\ServoStudio\wpfui-servoStudio\samples\Wpf.Ui.servoStudio\servoStudio_wjhet5xd_wpftmp.csproj]
C:\UserWorx\VSWorx\ServoStudio\wpfui-servoStudio\samples\Wpf.Ui.servoStudio\ViewModels\AppData\PidAdjustViewModel.cs(453,21): warning IDE0058: 姘歌繙涓嶄細浣跨敤琛ㄨ揪寮忓€?(https://learn.microsoft.com/dotnet/fundamentals/code-analysis/style-rules/ide0058) [C:\UserWorx\VSWorx\ServoStudio\wpfui-servoStudio\samples\Wpf.Ui.servoStudio\servoStudio_wjhet5xd_wpftmp.csproj]
C:\UserWorx\VSWorx\ServoStudio\wpfui-servoStudio\samples\Wpf.Ui.servoStudio\ViewModels\AppData\PidAdjustViewModel.cs(455,21): warning IDE0058: 姘歌繙涓嶄細浣跨敤琛ㄨ揪寮忓€?(https://learn.microsoft.com/dotnet/fundamentals/code-analysis/style-rules/ide0058) [C:\UserWorx\VSWorx\ServoStudio\wpfui-servoStudio\samples\Wpf.Ui.servoStudio\servoStudio_wjhet5xd_wpftmp.csproj]
C:\UserWorx\VSWorx\ServoStudio\wpfui-servoStudio\samples\Wpf.Ui.servoStudio\ViewModels\AppData\PidAdjustViewModel.cs(457,21): warning IDE0058: 姘歌繙涓嶄細浣跨敤琛ㄨ揪寮忓€?(https://learn.microsoft.com/dotnet/fundamentals/code-analysis/style-rules/ide0058) [C:\UserWorx\VSWorx\ServoStudio\wpfui-servoStudio\samples\Wpf.Ui.servoStudio\servoStudio_wjhet5xd_wpftmp.csproj]
C:\UserWorx\VSWorx\ServoStudio\wpfui-servoStudio\samples\Wpf.Ui.servoStudio\ViewModels\AppData\PidAdjustViewModel.cs(459,21): warning IDE0058: 姘歌繙涓嶄細浣跨敤琛ㄨ揪寮忓€?(https://learn.microsoft.com/dotnet/fundamentals/code-analysis/style-rules/ide0058) [C:\UserWorx\VSWorx\ServoStudio\wpfui-servoStudio\samples\Wpf.Ui.servoStudio\servoStudio_wjhet5xd_wpftmp.csproj]
C:\UserWorx\VSWorx\ServoStudio\wpfui-servoStudio\samples\Wpf.Ui.servoStudio\ViewModels\Hardware\ControllerViewModel.cs(216,64): warning IDE0055: 淇鏍煎紡 (https://learn.microsoft.com/dotnet/fundamentals/code-analysis/style-rules/ide0055) [C:\UserWorx\VSWorx\ServoStudio\wpfui-servoStudio\samples\Wpf.Ui.servoStudio\servoStudio_wjhet5xd_wpftmp.csproj]
C:\UserWorx\VSWorx\ServoStudio\wpfui-servoStudio\samples\Wpf.Ui.servoStudio\ViewModels\Hardware\ControllerViewModel.cs(292,47): warning IDE0055: 淇鏍煎紡 (https://learn.microsoft.com/dotnet/fundamentals/code-analysis/style-rules/ide0055) [C:\UserWorx\VSWorx\ServoStudio\wpfui-servoStudio\samples\Wpf.Ui.servoStudio\servoStudio_wjhet5xd_wpftmp.csproj]
C:\UserWorx\VSWorx\ServoStudio\wpfui-servoStudio\samples\Wpf.Ui.servoStudio\ViewModels\Hardware\ControllerViewModel.cs(447,44): warning IDE0055: 淇鏍煎紡 (https://learn.microsoft.com/dotnet/fundamentals/code-analysis/style-rules/ide0055) [C:\UserWorx\VSWorx\ServoStudio\wpfui-servoStudio\samples\Wpf.Ui.servoStudio\servoStudio_wjhet5xd_wpftmp.csproj]
C:\UserWorx\VSWorx\ServoStudio\wpfui-servoStudio\samples\Wpf.Ui.servoStudio\ViewModels\Hardware\ControllerViewModel.cs(447,46): warning IDE0055: 淇鏍煎紡 (https://learn.microsoft.com/dotnet/fundamentals/code-analysis/style-rules/ide0055) [C:\UserWorx\VSWorx\ServoStudio\wpfui-servoStudio\samples\Wpf.Ui.servoStudio\servoStudio_wjhet5xd_wpftmp.csproj]
C:\UserWorx\VSWorx\ServoStudio\wpfui-servoStudio\samples\Wpf.Ui.servoStudio\ViewModels\Hardware\ControllerViewModel.cs(447,67): warning IDE0055: 淇鏍煎紡 (https://learn.microsoft.com/dotnet/fundamentals/code-analysis/style-rules/ide0055) [C:\UserWorx\VSWorx\ServoStudio\wpfui-servoStudio\samples\Wpf.Ui.servoStudio\servoStudio_wjhet5xd_wpftmp.csproj]
C:\UserWorx\VSWorx\ServoStudio\wpfui-servoStudio\samples\Wpf.Ui.servoStudio\ViewModels\Hardware\ControllerViewModel.cs(447,75): warning IDE0055: 淇鏍煎紡 (https://learn.microsoft.com/dotnet/fundamentals/code-analysis/style-rules/ide0055) [C:\UserWorx\VSWorx\ServoStudio\wpfui-servoStudio\samples\Wpf.Ui.servoStudio\servoStudio_wjhet5xd_wpftmp.csproj]
C:\UserWorx\VSWorx\ServoStudio\wpfui-servoStudio\samples\Wpf.Ui.servoStudio\ViewModels\Hardware\ControllerViewModel.cs(453,47): warning IDE0055: 淇鏍煎紡 (https://learn.microsoft.com/dotnet/fundamentals/code-analysis/style-rules/ide0055) [C:\UserWorx\VSWorx\ServoStudio\wpfui-servoStudio\samples\Wpf.Ui.servoStudio\servoStudio_wjhet5xd_wpftmp.csproj]
C:\UserWorx\VSWorx\ServoStudio\wpfui-servoStudio\samples\Wpf.Ui.servoStudio\ViewModels\Hardware\ControllerViewModel.cs(454,48): warning IDE0055: 淇鏍煎紡 (https://learn.microsoft.com/dotnet/fundamentals/code-analysis/style-rules/ide0055) [C:\UserWorx\VSWorx\ServoStudio\wpfui-servoStudio\samples\Wpf.Ui.servoStudio\servoStudio_wjhet5xd_wpftmp.csproj]
C:\UserWorx\VSWorx\ServoStudio\wpfui-servoStudio\samples\Wpf.Ui.servoStudio\ViewModels\Hardware\ControllerViewModel.cs(455,47): warning IDE0055: 淇鏍煎紡 (https://learn.microsoft.com/dotnet/fundamentals/code-analysis/style-rules/ide0055) [C:\UserWorx\VSWorx\ServoStudio\wpfui-servoStudio\samples\Wpf.Ui.servoStudio\servoStudio_wjhet5xd_wpftmp.csproj]
C:\UserWorx\VSWorx\ServoStudio\wpfui-servoStudio\samples\Wpf.Ui.servoStudio\Views\Pages\AppDataPages\DataViewPage.xaml.cs(50,9): warning IDE0058: 姘歌繙涓嶄細浣跨敤琛ㄨ揪寮忓€?(https://learn.microsoft.com/dotnet/fundamentals/code-analysis/style-rules/ide0058) [C:\UserWorx\VSWorx\ServoStudio\wpfui-servoStudio\samples\Wpf.Ui.servoStudio\servoStudio_wjhet5xd_wpftmp.csproj]
C:\UserWorx\VSWorx\ServoStudio\wpfui-servoStudio\samples\Wpf.Ui.servoStudio\ViewModels\Hardware\ControllerViewModel.cs(447,76): warning IDE2003: 鍧椾笌鍚庣画璇彞涔嬮棿闇€瑕佹湁绌虹櫧琛?(https://learn.microsoft.com/dotnet/fundamentals/code-analysis/style-rules/ide2003) [C:\UserWorx\VSWorx\ServoStudio\wpfui-servoStudio\samples\Wpf.Ui.servoStudio\servoStudio_wjhet5xd_wpftmp.csproj]
C:\UserWorx\VSWorx\ServoStudio\wpfui-servoStudio\samples\Wpf.Ui.servoStudio\ViewModels\Factory\FactoryFirmwareViewModel.cs(603,9): warning IDE0058: 姘歌繙涓嶄細浣跨敤琛ㄨ揪寮忓€?(https://learn.microsoft.com/dotnet/fundamentals/code-analysis/style-rules/ide0058) [C:\UserWorx\VSWorx\ServoStudio\wpfui-servoStudio\samples\Wpf.Ui.servoStudio\servoStudio_wjhet5xd_wpftmp.csproj]
C:\UserWorx\VSWorx\ServoStudio\wpfui-servoStudio\samples\Wpf.Ui.servoStudio\ViewModels\Factory\FactoryFirmwareViewModel.cs(604,9): warning IDE0058: 姘歌繙涓嶄細浣跨敤琛ㄨ揪寮忓€?(https://learn.microsoft.com/dotnet/fundamentals/code-analysis/style-rules/ide0058) [C:\UserWorx\VSWorx\ServoStudio\wpfui-servoStudio\samples\Wpf.Ui.servoStudio\servoStudio_wjhet5xd_wpftmp.csproj]
C:\UserWorx\VSWorx\ServoStudio\wpfui-servoStudio\samples\Wpf.Ui.servoStudio\ViewModels\Hardware\IOViewModel.cs(69,57): warning IDE0055: 淇鏍煎紡 (https://learn.microsoft.com/dotnet/fundamentals/code-analysis/style-rules/ide0055) [C:\UserWorx\VSWorx\ServoStudio\wpfui-servoStudio\samples\Wpf.Ui.servoStudio\servoStudio_wjhet5xd_wpftmp.csproj]
C:\UserWorx\VSWorx\ServoStudio\wpfui-servoStudio\samples\Wpf.Ui.servoStudio\ViewModels\Hardware\IOViewModel.cs(69,59): warning IDE0055: 淇鏍煎紡 (https://learn.microsoft.com/dotnet/fundamentals/code-analysis/style-rules/ide0055) [C:\UserWorx\VSWorx\ServoStudio\wpfui-servoStudio\samples\Wpf.Ui.servoStudio\servoStudio_wjhet5xd_wpftmp.csproj]
C:\UserWorx\VSWorx\ServoStudio\wpfui-servoStudio\samples\Wpf.Ui.servoStudio\ViewModels\Hardware\IOViewModel.cs(69,64): warning IDE0055: 淇鏍煎紡 (https://learn.microsoft.com/dotnet/fundamentals/code-analysis/style-rules/ide0055) [C:\UserWorx\VSWorx\ServoStudio\wpfui-servoStudio\samples\Wpf.Ui.servoStudio\servoStudio_wjhet5xd_wpftmp.csproj]
C:\UserWorx\VSWorx\ServoStudio\wpfui-servoStudio\samples\Wpf.Ui.servoStudio\ViewModels\Hardware\IOViewModel.cs(86,57): warning IDE0055: 淇鏍煎紡 (https://learn.microsoft.com/dotnet/fundamentals/code-analysis/style-rules/ide0055) [C:\UserWorx\VSWorx\ServoStudio\wpfui-servoStudio\samples\Wpf.Ui.servoStudio\servoStudio_wjhet5xd_wpftmp.csproj]
C:\UserWorx\VSWorx\ServoStudio\wpfui-servoStudio\samples\Wpf.Ui.servoStudio\ViewModels\Hardware\IOViewModel.cs(86,59): warning IDE0055: 淇鏍煎紡 (https://learn.microsoft.com/dotnet/fundamentals/code-analysis/style-rules/ide0055) [C:\UserWorx\VSWorx\ServoStudio\wpfui-servoStudio\samples\Wpf.Ui.servoStudio\servoStudio_wjhet5xd_wpftmp.csproj]
C:\UserWorx\VSWorx\ServoStudio\wpfui-servoStudio\samples\Wpf.Ui.servoStudio\ViewModels\Hardware\IOViewModel.cs(86,64): warning IDE0055: 淇鏍煎紡 (https://learn.microsoft.com/dotnet/fundamentals/code-analysis/style-rules/ide0055) [C:\UserWorx\VSWorx\ServoStudio\wpfui-servoStudio\samples\Wpf.Ui.servoStudio\servoStudio_wjhet5xd_wpftmp.csproj]
C:\UserWorx\VSWorx\ServoStudio\wpfui-servoStudio\samples\Wpf.Ui.servoStudio\ViewModels\Hardware\IOViewModel.cs(138,35): warning IDE0055: 淇鏍煎紡 (https://learn.microsoft.com/dotnet/fundamentals/code-analysis/style-rules/ide0055) [C:\UserWorx\VSWorx\ServoStudio\wpfui-servoStudio\samples\Wpf.Ui.servoStudio\servoStudio_wjhet5xd_wpftmp.csproj]
C:\UserWorx\VSWorx\ServoStudio\wpfui-servoStudio\samples\Wpf.Ui.servoStudio\ViewModels\Hardware\IOViewModel.cs(140,25): warning IDE0055: 淇鏍煎紡 (https://learn.microsoft.com/dotnet/fundamentals/code-analysis/style-rules/ide0055) [C:\UserWorx\VSWorx\ServoStudio\wpfui-servoStudio\samples\Wpf.Ui.servoStudio\servoStudio_wjhet5xd_wpftmp.csproj]
C:\UserWorx\VSWorx\ServoStudio\wpfui-servoStudio\samples\Wpf.Ui.servoStudio\ViewModels\Hardware\IOViewModel.cs(142,34): warning IDE0055: 淇鏍煎紡 (https://learn.microsoft.com/dotnet/fundamentals/code-analysis/style-rules/ide0055) [C:\UserWorx\VSWorx\ServoStudio\wpfui-servoStudio\samples\Wpf.Ui.servoStudio\servoStudio_wjhet5xd_wpftmp.csproj]
C:\UserWorx\VSWorx\ServoStudio\wpfui-servoStudio\samples\Wpf.Ui.servoStudio\ViewModels\Hardware\IOViewModel.cs(147,35): warning IDE0055: 淇鏍煎紡 (https://learn.microsoft.com/dotnet/fundamentals/code-analysis/style-rules/ide0055) [C:\UserWorx\VSWorx\ServoStudio\wpfui-servoStudio\samples\Wpf.Ui.servoStudio\servoStudio_wjhet5xd_wpftmp.csproj]
C:\UserWorx\VSWorx\ServoStudio\wpfui-servoStudio\samples\Wpf.Ui.servoStudio\ViewModels\Hardware\IOViewModel.cs(149,25): warning IDE0055: 淇鏍煎紡 (https://learn.microsoft.com/dotnet/fundamentals/code-analysis/style-rules/ide0055) [C:\UserWorx\VSWorx\ServoStudio\wpfui-servoStudio\samples\Wpf.Ui.servoStudio\servoStudio_wjhet5xd_wpftmp.csproj]
C:\UserWorx\VSWorx\ServoStudio\wpfui-servoStudio\samples\Wpf.Ui.servoStudio\ViewModels\Hardware\IOViewModel.cs(194,25): warning IDE0055: 淇鏍煎紡 (https://learn.microsoft.com/dotnet/fundamentals/code-analysis/style-rules/ide0055) [C:\UserWorx\VSWorx\ServoStudio\wpfui-servoStudio\samples\Wpf.Ui.servoStudio\servoStudio_wjhet5xd_wpftmp.csproj]
C:\UserWorx\VSWorx\ServoStudio\wpfui-servoStudio\samples\Wpf.Ui.servoStudio\ViewModels\Hardware\IOViewModel.cs(195,48): warning IDE0055: 淇鏍煎紡 (https://learn.microsoft.com/dotnet/fundamentals/code-analysis/style-rules/ide0055) [C:\UserWorx\VSWorx\ServoStudio\wpfui-servoStudio\samples\Wpf.Ui.servoStudio\servoStudio_wjhet5xd_wpftmp.csproj]
C:\UserWorx\VSWorx\ServoStudio\wpfui-servoStudio\samples\Wpf.Ui.servoStudio\ViewModels\Hardware\IOViewModel.cs(202,25): warning IDE0055: 淇鏍煎紡 (https://learn.microsoft.com/dotnet/fundamentals/code-analysis/style-rules/ide0055) [C:\UserWorx\VSWorx\ServoStudio\wpfui-servoStudio\samples\Wpf.Ui.servoStudio\servoStudio_wjhet5xd_wpftmp.csproj]
C:\UserWorx\VSWorx\ServoStudio\wpfui-servoStudio\samples\Wpf.Ui.servoStudio\ViewModels\Hardware\IOViewModel.cs(217,64): warning IDE0055: 淇鏍煎紡 (https://learn.microsoft.com/dotnet/fundamentals/code-analysis/style-rules/ide0055) [C:\UserWorx\VSWorx\ServoStudio\wpfui-servoStudio\samples\Wpf.Ui.servoStudio\servoStudio_wjhet5xd_wpftmp.csproj]
C:\UserWorx\VSWorx\ServoStudio\wpfui-servoStudio\samples\Wpf.Ui.servoStudio\ViewModels\Hardware\IOViewModel.cs(218,50): warning IDE0055: 淇鏍煎紡 (https://learn.microsoft.com/dotnet/fundamentals/code-analysis/style-rules/ide0055) [C:\UserWorx\VSWorx\ServoStudio\wpfui-servoStudio\samples\Wpf.Ui.servoStudio\servoStudio_wjhet5xd_wpftmp.csproj]
C:\UserWorx\VSWorx\ServoStudio\wpfui-servoStudio\samples\Wpf.Ui.servoStudio\ViewModels\Hardware\IOViewModel.cs(219,79): warning IDE0055: 淇鏍煎紡 (https://learn.microsoft.com/dotnet/fundamentals/code-analysis/style-rules/ide0055) [C:\UserWorx\VSWorx\ServoStudio\wpfui-servoStudio\samples\Wpf.Ui.servoStudio\servoStudio_wjhet5xd_wpftmp.csproj]
C:\UserWorx\VSWorx\ServoStudio\wpfui-servoStudio\samples\Wpf.Ui.servoStudio\ViewModels\Hardware\IOViewModel.cs(378,64): warning IDE0055: 淇鏍煎紡 (https://learn.microsoft.com/dotnet/fundamentals/code-analysis/style-rules/ide0055) [C:\UserWorx\VSWorx\ServoStudio\wpfui-servoStudio\samples\Wpf.Ui.servoStudio\servoStudio_wjhet5xd_wpftmp.csproj]
C:\UserWorx\VSWorx\ServoStudio\wpfui-servoStudio\samples\Wpf.Ui.servoStudio\ViewModels\Hardware\IOViewModel.cs(444,47): warning IDE0055: 淇鏍煎紡 (https://learn.microsoft.com/dotnet/fundamentals/code-analysis/style-rules/ide0055) [C:\UserWorx\VSWorx\ServoStudio\wpfui-servoStudio\samples\Wpf.Ui.servoStudio\servoStudio_wjhet5xd_wpftmp.csproj]
C:\UserWorx\VSWorx\ServoStudio\wpfui-servoStudio\samples\Wpf.Ui.servoStudio\ViewModels\Hardware\IOViewModel.cs(378,9): warning IDE0011: 鍚?鈥渋f鈥?璇彞娣诲姞澶ф嫭鍙枫€?(https://learn.microsoft.com/dotnet/fundamentals/code-analysis/style-rules/ide0011) [C:\UserWorx\VSWorx\ServoStudio\wpfui-servoStudio\samples\Wpf.Ui.servoStudio\servoStudio_wjhet5xd_wpftmp.csproj]
C:\UserWorx\VSWorx\ServoStudio\wpfui-servoStudio\samples\Wpf.Ui.servoStudio\ViewModels\Hardware\IOViewModel.cs(542,13): warning IDE2003: 鍧椾笌鍚庣画璇彞涔嬮棿闇€瑕佹湁绌虹櫧琛?(https://learn.microsoft.com/dotnet/fundamentals/code-analysis/style-rules/ide2003) [C:\UserWorx\VSWorx\ServoStudio\wpfui-servoStudio\samples\Wpf.Ui.servoStudio\servoStudio_wjhet5xd_wpftmp.csproj]
C:\UserWorx\VSWorx\ServoStudio\wpfui-servoStudio\samples\Wpf.Ui.servoStudio\ViewModels\DeviceSet\DeviceAddViewModel.cs(1135,9): warning IDE0058: 姘歌繙涓嶄細浣跨敤琛ㄨ揪寮忓€?(https://learn.microsoft.com/dotnet/fundamentals/code-analysis/style-rules/ide0058) [C:\UserWorx\VSWorx\ServoStudio\wpfui-servoStudio\samples\Wpf.Ui.servoStudio\servoStudio_wjhet5xd_wpftmp.csproj]
C:\UserWorx\VSWorx\ServoStudio\wpfui-servoStudio\samples\Wpf.Ui.servoStudio\Models\FrameFormat.cs(354,18): warning IDE0008: 鐢ㄦ樉寮忕被鍨嬩唬鏇?"var" (https://learn.microsoft.com/dotnet/fundamentals/code-analysis/style-rules/ide0008) [C:\UserWorx\VSWorx\ServoStudio\wpfui-servoStudio\samples\Wpf.Ui.servoStudio\servoStudio_wjhet5xd_wpftmp.csproj]
C:\UserWorx\VSWorx\ServoStudio\wpfui-servoStudio\samples\Wpf.Ui.servoStudio\Views\Pages\AppDataPages\DataViewPage.xaml.cs(205,9): warning IDE0008: 鐢ㄦ樉寮忕被鍨嬩唬鏇?"var" (https://learn.microsoft.com/dotnet/fundamentals/code-analysis/style-rules/ide0008) [C:\UserWorx\VSWorx\ServoStudio\wpfui-servoStudio\samples\Wpf.Ui.servoStudio\servoStudio_wjhet5xd_wpftmp.csproj]
C:\UserWorx\VSWorx\ServoStudio\wpfui-servoStudio\samples\Wpf.Ui.servoStudio\Views\Pages\AppDataPages\DataViewPage.xaml.cs(211,22): warning IDE0008: 鐢ㄦ樉寮忕被鍨嬩唬鏇?"var" (https://learn.microsoft.com/dotnet/fundamentals/code-analysis/style-rules/ide0008) [C:\UserWorx\VSWorx\ServoStudio\wpfui-servoStudio\samples\Wpf.Ui.servoStudio\servoStudio_wjhet5xd_wpftmp.csproj]
C:\UserWorx\VSWorx\ServoStudio\wpfui-servoStudio\samples\Wpf.Ui.servoStudio\Views\Pages\AppDataPages\DataViewPage.xaml.cs(242,18): warning IDE0008: 鐢ㄦ樉寮忕被鍨嬩唬鏇?"var" (https://learn.microsoft.com/dotnet/fundamentals/code-analysis/style-rules/ide0008) [C:\UserWorx\VSWorx\ServoStudio\wpfui-servoStudio\samples\Wpf.Ui.servoStudio\servoStudio_wjhet5xd_wpftmp.csproj]
C:\UserWorx\VSWorx\ServoStudio\wpfui-servoStudio\samples\Wpf.Ui.servoStudio\Views\Pages\AppDataPages\DataViewPage.xaml.cs(248,57): warning IDE0008: 鐢ㄦ樉寮忕被鍨嬩唬鏇?"var" (https://learn.microsoft.com/dotnet/fundamentals/code-analysis/style-rules/ide0008) [C:\UserWorx\VSWorx\ServoStudio\wpfui-servoStudio\samples\Wpf.Ui.servoStudio\servoStudio_wjhet5xd_wpftmp.csproj]
C:\UserWorx\VSWorx\ServoStudio\wpfui-servoStudio\samples\Wpf.Ui.servoStudio\ViewModels\Hardware\IOViewModel.cs(444,9): warning IDE0011: 鍚?鈥渋f鈥?璇彞娣诲姞澶ф嫭鍙枫€?(https://learn.microsoft.com/dotnet/fundamentals/code-analysis/style-rules/ide0011) [C:\UserWorx\VSWorx\ServoStudio\wpfui-servoStudio\samples\Wpf.Ui.servoStudio\servoStudio_wjhet5xd_wpftmp.csproj]
C:\UserWorx\VSWorx\ServoStudio\wpfui-servoStudio\samples\Wpf.Ui.servoStudio\Models\FrameFormat.cs(207,13): warning IDE0011: 鍚?鈥渋f鈥?璇彞娣诲姞澶ф嫭鍙枫€?(https://learn.microsoft.com/dotnet/fundamentals/code-analysis/style-rules/ide0011) [C:\UserWorx\VSWorx\ServoStudio\wpfui-servoStudio\samples\Wpf.Ui.servoStudio\servoStudio_wjhet5xd_wpftmp.csproj]
C:\UserWorx\VSWorx\ServoStudio\wpfui-servoStudio\samples\Wpf.Ui.servoStudio\Models\FrameFormat.cs(210,13): warning IDE0058: 姘歌繙涓嶄細浣跨敤琛ㄨ揪寮忓€?(https://learn.microsoft.com/dotnet/fundamentals/code-analysis/style-rules/ide0058) [C:\UserWorx\VSWorx\ServoStudio\wpfui-servoStudio\samples\Wpf.Ui.servoStudio\servoStudio_wjhet5xd_wpftmp.csproj]
C:\UserWorx\VSWorx\ServoStudio\wpfui-servoStudio\samples\Wpf.Ui.servoStudio\ViewModels\Hardware\MotorViewModel.cs(207,64): warning IDE0055: 淇鏍煎紡 (https://learn.microsoft.com/dotnet/fundamentals/code-analysis/style-rules/ide0055) [C:\UserWorx\VSWorx\ServoStudio\wpfui-servoStudio\samples\Wpf.Ui.servoStudio\servoStudio_wjhet5xd_wpftmp.csproj]
C:\UserWorx\VSWorx\ServoStudio\wpfui-servoStudio\samples\Wpf.Ui.servoStudio\ViewModels\Hardware\MotorViewModel.cs(273,47): warning IDE0055: 淇鏍煎紡 (https://learn.microsoft.com/dotnet/fundamentals/code-analysis/style-rules/ide0055) [C:\UserWorx\VSWorx\ServoStudio\wpfui-servoStudio\samples\Wpf.Ui.servoStudio\servoStudio_wjhet5xd_wpftmp.csproj]
C:\UserWorx\VSWorx\ServoStudio\wpfui-servoStudio\samples\Wpf.Ui.servoStudio\Views\Pages\AppDataPages\DataViewPage.xaml.cs(284,18): warning IDE0008: 鐢ㄦ樉寮忕被鍨嬩唬鏇?"var" (https://learn.microsoft.com/dotnet/fundamentals/code-analysis/style-rules/ide0008) [C:\UserWorx\VSWorx\ServoStudio\wpfui-servoStudio\samples\Wpf.Ui.servoStudio\servoStudio_wjhet5xd_wpftmp.csproj]
C:\UserWorx\VSWorx\ServoStudio\wpfui-servoStudio\samples\Wpf.Ui.servoStudio\Views\Pages\AppDataPages\DataViewPage.xaml.cs(295,13): warning IDE0008: 鐢ㄦ樉寮忕被鍨嬩唬鏇?"var" (https://learn.microsoft.com/dotnet/fundamentals/code-analysis/style-rules/ide0008) [C:\UserWorx\VSWorx\ServoStudio\wpfui-servoStudio\samples\Wpf.Ui.servoStudio\servoStudio_wjhet5xd_wpftmp.csproj]
C:\UserWorx\VSWorx\ServoStudio\wpfui-servoStudio\samples\Wpf.Ui.servoStudio\Views\Pages\AppDataPages\DataViewPage.xaml.cs(352,9): warning IDE0008: 鐢ㄦ樉寮忕被鍨嬩唬鏇?"var" (https://learn.microsoft.com/dotnet/fundamentals/code-analysis/style-rules/ide0008) [C:\UserWorx\VSWorx\ServoStudio\wpfui-servoStudio\samples\Wpf.Ui.servoStudio\servoStudio_wjhet5xd_wpftmp.csproj]
C:\UserWorx\VSWorx\ServoStudio\wpfui-servoStudio\samples\Wpf.Ui.servoStudio\ViewModels\Hardware\StoConfigViewModel.cs(103,44): warning IDE0055: 淇鏍煎紡 (https://learn.microsoft.com/dotnet/fundamentals/code-analysis/style-rules/ide0055) [C:\UserWorx\VSWorx\ServoStudio\wpfui-servoStudio\samples\Wpf.Ui.servoStudio\servoStudio_wjhet5xd_wpftmp.csproj]
C:\UserWorx\VSWorx\ServoStudio\wpfui-servoStudio\samples\Wpf.Ui.servoStudio\ViewModels\Hardware\StoConfigViewModel.cs(103,46): warning IDE0055: 淇鏍煎紡 (https://learn.microsoft.com/dotnet/fundamentals/code-analysis/style-rules/ide0055) [C:\UserWorx\VSWorx\ServoStudio\wpfui-servoStudio\samples\Wpf.Ui.servoStudio\servoStudio_wjhet5xd_wpftmp.csproj]
C:\UserWorx\VSWorx\ServoStudio\wpfui-servoStudio\samples\Wpf.Ui.servoStudio\ViewModels\Hardware\StoConfigViewModel.cs(103,68): warning IDE0055: 淇鏍煎紡 (https://learn.microsoft.com/dotnet/fundamentals/code-analysis/style-rules/ide0055) [C:\UserWorx\VSWorx\ServoStudio\wpfui-servoStudio\samples\Wpf.Ui.servoStudio\servoStudio_wjhet5xd_wpftmp.csproj]
C:\UserWorx\VSWorx\ServoStudio\wpfui-servoStudio\samples\Wpf.Ui.servoStudio\ViewModels\Hardware\StoConfigViewModel.cs(103,76): warning IDE0055: 淇鏍煎紡 (https://learn.microsoft.com/dotnet/fundamentals/code-analysis/style-rules/ide0055) [C:\UserWorx\VSWorx\ServoStudio\wpfui-servoStudio\samples\Wpf.Ui.servoStudio\servoStudio_wjhet5xd_wpftmp.csproj]
C:\UserWorx\VSWorx\ServoStudio\wpfui-servoStudio\samples\Wpf.Ui.servoStudio\ViewModels\Hardware\StoConfigViewModel.cs(108,84): warning IDE0055: 淇鏍煎紡 (https://learn.microsoft.com/dotnet/fundamentals/code-analysis/style-rules/ide0055) [C:\UserWorx\VSWorx\ServoStudio\wpfui-servoStudio\samples\Wpf.Ui.servoStudio\servoStudio_wjhet5xd_wpftmp.csproj]
C:\UserWorx\VSWorx\ServoStudio\wpfui-servoStudio\samples\Wpf.Ui.servoStudio\ViewModels\Hardware\StoConfigViewModel.cs(109,84): warning IDE0055: 淇鏍煎紡 (https://learn.microsoft.com/dotnet/fundamentals/code-analysis/style-rules/ide0055) [C:\UserWorx\VSWorx\ServoStudio\wpfui-servoStudio\samples\Wpf.Ui.servoStudio\servoStudio_wjhet5xd_wpftmp.csproj]
C:\UserWorx\VSWorx\ServoStudio\wpfui-servoStudio\samples\Wpf.Ui.servoStudio\ViewModels\Hardware\StoConfigViewModel.cs(110,80): warning IDE0055: 淇鏍煎紡 (https://learn.microsoft.com/dotnet/fundamentals/code-analysis/style-rules/ide0055) [C:\UserWorx\VSWorx\ServoStudio\wpfui-servoStudio\samples\Wpf.Ui.servoStudio\servoStudio_wjhet5xd_wpftmp.csproj]
C:\UserWorx\VSWorx\ServoStudio\wpfui-servoStudio\samples\Wpf.Ui.servoStudio\ViewModels\Hardware\StoConfigViewModel.cs(111,86): warning IDE0055: 淇鏍煎紡 (https://learn.microsoft.com/dotnet/fundamentals/code-analysis/style-rules/ide0055) [C:\UserWorx\VSWorx\ServoStudio\wpfui-servoStudio\samples\Wpf.Ui.servoStudio\servoStudio_wjhet5xd_wpftmp.csproj]
C:\UserWorx\VSWorx\ServoStudio\wpfui-servoStudio\samples\Wpf.Ui.servoStudio\ViewModels\Hardware\StoConfigViewModel.cs(112,82): warning IDE0055: 淇鏍煎紡 (https://learn.microsoft.com/dotnet/fundamentals/code-analysis/style-rules/ide0055) [C:\UserWorx\VSWorx\ServoStudio\wpfui-servoStudio\samples\Wpf.Ui.servoStudio\servoStudio_wjhet5xd_wpftmp.csproj]
C:\UserWorx\VSWorx\ServoStudio\wpfui-servoStudio\samples\Wpf.Ui.servoStudio\ViewModels\Hardware\StoConfigViewModel.cs(113,82): warning IDE0055: 淇鏍煎紡 (https://learn.microsoft.com/dotnet/fundamentals/code-analysis/style-rules/ide0055) [C:\UserWorx\VSWorx\ServoStudio\wpfui-servoStudio\samples\Wpf.Ui.servoStudio\servoStudio_wjhet5xd_wpftmp.csproj]
C:\UserWorx\VSWorx\ServoStudio\wpfui-servoStudio\samples\Wpf.Ui.servoStudio\ViewModels\Hardware\StoConfigViewModel.cs(114,82): warning IDE0055: 淇鏍煎紡 (https://learn.microsoft.com/dotnet/fundamentals/code-analysis/style-rules/ide0055) [C:\UserWorx\VSWorx\ServoStudio\wpfui-servoStudio\samples\Wpf.Ui.servoStudio\servoStudio_wjhet5xd_wpftmp.csproj]
C:\UserWorx\VSWorx\ServoStudio\wpfui-servoStudio\samples\Wpf.Ui.servoStudio\ViewModels\Hardware\StoConfigViewModel.cs(120,20): warning IDE0055: 淇鏍煎紡 (https://learn.microsoft.com/dotnet/fundamentals/code-analysis/style-rules/ide0055) [C:\UserWorx\VSWorx\ServoStudio\wpfui-servoStudio\samples\Wpf.Ui.servoStudio\servoStudio_wjhet5xd_wpftmp.csproj]
C:\UserWorx\VSWorx\ServoStudio\wpfui-servoStudio\samples\Wpf.Ui.servoStudio\ViewModels\Hardware\StoConfigViewModel.cs(121,20): warning IDE0055: 淇鏍煎紡 (https://learn.microsoft.com/dotnet/fundamentals/code-analysis/style-rules/ide0055) [C:\UserWorx\VSWorx\ServoStudio\wpfui-servoStudio\samples\Wpf.Ui.servoStudio\servoStudio_wjhet5xd_wpftmp.csproj]
C:\UserWorx\VSWorx\ServoStudio\wpfui-servoStudio\samples\Wpf.Ui.servoStudio\ViewModels\Hardware\StoConfigViewModel.cs(124,12): warning IDE0055: 淇鏍煎紡 (https://learn.microsoft.com/dotnet/fundamentals/code-analysis/style-rules/ide0055) [C:\UserWorx\VSWorx\ServoStudio\wpfui-servoStudio\samples\Wpf.Ui.servoStudio\servoStudio_wjhet5xd_wpftmp.csproj]
C:\UserWorx\VSWorx\ServoStudio\wpfui-servoStudio\samples\Wpf.Ui.servoStudio\ViewModels\Hardware\StoConfigViewModel.cs(126,116): warning IDE0055: 淇鏍煎紡 (https://learn.microsoft.com/dotnet/fundamentals/code-analysis/style-rules/ide0055) [C:\UserWorx\VSWorx\ServoStudio\wpfui-servoStudio\samples\Wpf.Ui.servoStudio\servoStudio_wjhet5xd_wpftmp.csproj]
C:\UserWorx\VSWorx\ServoStudio\wpfui-servoStudio\samples\Wpf.Ui.servoStudio\ViewModels\Hardware\StoConfigViewModel.cs(127,116): warning IDE0055: 淇鏍煎紡 (https://learn.microsoft.com/dotnet/fundamentals/code-analysis/style-rules/ide0055) [C:\UserWorx\VSWorx\ServoStudio\wpfui-servoStudio\samples\Wpf.Ui.servoStudio\servoStudio_wjhet5xd_wpftmp.csproj]
C:\UserWorx\VSWorx\ServoStudio\wpfui-servoStudio\samples\Wpf.Ui.servoStudio\ViewModels\Hardware\StoConfigViewModel.cs(137,44): warning IDE0055: 淇鏍煎紡 (https://learn.microsoft.com/dotnet/fundamentals/code-analysis/style-rules/ide0055) [C:\UserWorx\VSWorx\ServoStudio\wpfui-servoStudio\samples\Wpf.Ui.servoStudio\servoStudio_wjhet5xd_wpftmp.csproj]
C:\UserWorx\VSWorx\ServoStudio\wpfui-servoStudio\samples\Wpf.Ui.servoStudio\ViewModels\Hardware\StoConfigViewModel.cs(137,46): warning IDE0055: 淇鏍煎紡 (https://learn.microsoft.com/dotnet/fundamentals/code-analysis/style-rules/ide0055) [C:\UserWorx\VSWorx\ServoStudio\wpfui-servoStudio\samples\Wpf.Ui.servoStudio\servoStudio_wjhet5xd_wpftmp.csproj]
C:\UserWorx\VSWorx\ServoStudio\wpfui-servoStudio\samples\Wpf.Ui.servoStudio\ViewModels\Hardware\StoConfigViewModel.cs(137,68): warning IDE0055: 淇鏍煎紡 (https://learn.microsoft.com/dotnet/fundamentals/code-analysis/style-rules/ide0055) [C:\UserWorx\VSWorx\ServoStudio\wpfui-servoStudio\samples\Wpf.Ui.servoStudio\servoStudio_wjhet5xd_wpftmp.csproj]
C:\UserWorx\VSWorx\ServoStudio\wpfui-servoStudio\samples\Wpf.Ui.servoStudio\ViewModels\Hardware\StoConfigViewModel.cs(137,76): warning IDE0055: 淇鏍煎紡 (https://learn.microsoft.com/dotnet/fundamentals/code-analysis/style-rules/ide0055) [C:\UserWorx\VSWorx\ServoStudio\wpfui-servoStudio\samples\Wpf.Ui.servoStudio\servoStudio_wjhet5xd_wpftmp.csproj]
C:\UserWorx\VSWorx\ServoStudio\wpfui-servoStudio\samples\Wpf.Ui.servoStudio\ViewModels\Hardware\StoConfigViewModel.cs(141,83): warning IDE0055: 淇鏍煎紡 (https://learn.microsoft.com/dotnet/fundamentals/code-analysis/style-rules/ide0055) [C:\UserWorx\VSWorx\ServoStudio\wpfui-servoStudio\samples\Wpf.Ui.servoStudio\servoStudio_wjhet5xd_wpftmp.csproj]
C:\UserWorx\VSWorx\ServoStudio\wpfui-servoStudio\samples\Wpf.Ui.servoStudio\ViewModels\Hardware\StoConfigViewModel.cs(142,79): warning IDE0055: 淇鏍煎紡 (https://learn.microsoft.com/dotnet/fundamentals/code-analysis/style-rules/ide0055) [C:\UserWorx\VSWorx\ServoStudio\wpfui-servoStudio\samples\Wpf.Ui.servoStudio\servoStudio_wjhet5xd_wpftmp.csproj]
C:\UserWorx\VSWorx\ServoStudio\wpfui-servoStudio\samples\Wpf.Ui.servoStudio\ViewModels\Hardware\StoConfigViewModel.cs(144,85): warning IDE0055: 淇鏍煎紡 (https://learn.microsoft.com/dotnet/fundamentals/code-analysis/style-rules/ide0055) [C:\UserWorx\VSWorx\ServoStudio\wpfui-servoStudio\samples\Wpf.Ui.servoStudio\servoStudio_wjhet5xd_wpftmp.csproj]
C:\UserWorx\VSWorx\ServoStudio\wpfui-servoStudio\samples\Wpf.Ui.servoStudio\ViewModels\Hardware\StoConfigViewModel.cs(145,81): warning IDE0055: 淇鏍煎紡 (https://learn.microsoft.com/dotnet/fundamentals/code-analysis/style-rules/ide0055) [C:\UserWorx\VSWorx\ServoStudio\wpfui-servoStudio\samples\Wpf.Ui.servoStudio\servoStudio_wjhet5xd_wpftmp.csproj]
C:\UserWorx\VSWorx\ServoStudio\wpfui-servoStudio\samples\Wpf.Ui.servoStudio\ViewModels\Hardware\StoConfigViewModel.cs(146,81): warning IDE0055: 淇鏍煎紡 (https://learn.microsoft.com/dotnet/fundamentals/code-analysis/style-rules/ide0055) [C:\UserWorx\VSWorx\ServoStudio\wpfui-servoStudio\samples\Wpf.Ui.servoStudio\servoStudio_wjhet5xd_wpftmp.csproj]
C:\UserWorx\VSWorx\ServoStudio\wpfui-servoStudio\samples\Wpf.Ui.servoStudio\ViewModels\Hardware\StoConfigViewModel.cs(147,81): warning IDE0055: 淇鏍煎紡 (https://learn.microsoft.com/dotnet/fundamentals/code-analysis/style-rules/ide0055) [C:\UserWorx\VSWorx\ServoStudio\wpfui-servoStudio\samples\Wpf.Ui.servoStudio\servoStudio_wjhet5xd_wpftmp.csproj]
C:\UserWorx\VSWorx\ServoStudio\wpfui-servoStudio\samples\Wpf.Ui.servoStudio\ViewModels\HomeViewModel.cs(17,40): warning IDE0055: 淇鏍煎紡 (https://learn.microsoft.com/dotnet/fundamentals/code-analysis/style-rules/ide0055) [C:\UserWorx\VSWorx\ServoStudio\wpfui-servoStudio\samples\Wpf.Ui.servoStudio\servoStudio_wjhet5xd_wpftmp.csproj]
C:\UserWorx\VSWorx\ServoStudio\wpfui-servoStudio\samples\Wpf.Ui.servoStudio\ViewModels\HomeViewModel.cs(17,42): warning IDE0055: 淇鏍煎紡 (https://learn.microsoft.com/dotnet/fundamentals/code-analysis/style-rules/ide0055) [C:\UserWorx\VSWorx\ServoStudio\wpfui-servoStudio\samples\Wpf.Ui.servoStudio\servoStudio_wjhet5xd_wpftmp.csproj]
C:\UserWorx\VSWorx\ServoStudio\wpfui-servoStudio\samples\Wpf.Ui.servoStudio\ViewModels\HomeViewModel.cs(17,47): warning IDE0055: 淇鏍煎紡 (https://learn.microsoft.com/dotnet/fundamentals/code-analysis/style-rules/ide0055) [C:\UserWorx\VSWorx\ServoStudio\wpfui-servoStudio\samples\Wpf.Ui.servoStudio\servoStudio_wjhet5xd_wpftmp.csproj]
C:\UserWorx\VSWorx\ServoStudio\wpfui-servoStudio\samples\Wpf.Ui.servoStudio\Views\Pages\AppDataPages\DataViewPage.xaml.cs(407,9): warning IDE0008: 鐢ㄦ樉寮忕被鍨嬩唬鏇?"var" (https://learn.microsoft.com/dotnet/fundamentals/code-analysis/style-rules/ide0008) [C:\UserWorx\VSWorx\ServoStudio\wpfui-servoStudio\samples\Wpf.Ui.servoStudio\servoStudio_wjhet5xd_wpftmp.csproj]
C:\UserWorx\VSWorx\ServoStudio\wpfui-servoStudio\samples\Wpf.Ui.servoStudio\Models\FrameFormat.cs(247,9): warning IDE0011: 鍚?鈥渋f鈥?璇彞娣诲姞澶ф嫭鍙枫€?(https://learn.microsoft.com/dotnet/fundamentals/code-analysis/style-rules/ide0011) [C:\UserWorx\VSWorx\ServoStudio\wpfui-servoStudio\samples\Wpf.Ui.servoStudio\servoStudio_wjhet5xd_wpftmp.csproj]
C:\UserWorx\VSWorx\ServoStudio\wpfui-servoStudio\samples\Wpf.Ui.servoStudio\Models\FrameFormat.cs(123,9): warning IDE0011: 鍚?鈥渋f鈥?璇彞娣诲姞澶ф嫭鍙枫€?(https://learn.microsoft.com/dotnet/fundamentals/code-analysis/style-rules/ide0011) [C:\UserWorx\VSWorx\ServoStudio\wpfui-servoStudio\samples\Wpf.Ui.servoStudio\servoStudio_wjhet5xd_wpftmp.csproj]
C:\UserWorx\VSWorx\ServoStudio\wpfui-servoStudio\samples\Wpf.Ui.servoStudio\Views\Pages\AppDataPages\DataViewPage.xaml.cs(455,9): warning IDE0008: 鐢ㄦ樉寮忕被鍨嬩唬鏇?"var" (https://learn.microsoft.com/dotnet/fundamentals/code-analysis/style-rules/ide0008) [C:\UserWorx\VSWorx\ServoStudio\wpfui-servoStudio\samples\Wpf.Ui.servoStudio\servoStudio_wjhet5xd_wpftmp.csproj]
C:\UserWorx\VSWorx\ServoStudio\wpfui-servoStudio\samples\Wpf.Ui.servoStudio\ViewModels\Motion\MotionTypeViewModel.cs(1105,9): warning IDE0011: 鍚?鈥渋f鈥?璇彞娣诲姞澶ф嫭鍙枫€?(https://learn.microsoft.com/dotnet/fundamentals/code-analysis/style-rules/ide0011) [C:\UserWorx\VSWorx\ServoStudio\wpfui-servoStudio\samples\Wpf.Ui.servoStudio\servoStudio_wjhet5xd_wpftmp.csproj]
C:\UserWorx\VSWorx\ServoStudio\wpfui-servoStudio\samples\Wpf.Ui.servoStudio\ViewModels\Motion\MotionTypeViewModel.cs(1107,9): warning IDE0011: 鍚?鈥渋f鈥?璇彞娣诲姞澶ф嫭鍙枫€?(https://learn.microsoft.com/dotnet/fundamentals/code-analysis/style-rules/ide0011) [C:\UserWorx\VSWorx\ServoStudio\wpfui-servoStudio\samples\Wpf.Ui.servoStudio\servoStudio_wjhet5xd_wpftmp.csproj]
C:\UserWorx\VSWorx\ServoStudio\wpfui-servoStudio\samples\Wpf.Ui.servoStudio\ViewModels\Motion\MotionTypeViewModel.cs(1109,9): warning IDE0011: 鍚?鈥渋f鈥?璇彞娣诲姞澶ф嫭鍙枫€?(https://learn.microsoft.com/dotnet/fundamentals/code-analysis/style-rules/ide0011) [C:\UserWorx\VSWorx\ServoStudio\wpfui-servoStudio\samples\Wpf.Ui.servoStudio\servoStudio_wjhet5xd_wpftmp.csproj]
C:\UserWorx\VSWorx\ServoStudio\wpfui-servoStudio\samples\Wpf.Ui.servoStudio\ViewModels\Motion\MotionTypeViewModel.cs(1111,9): warning IDE0011: 鍚?鈥渋f鈥?璇彞娣诲姞澶ф嫭鍙枫€?(https://learn.microsoft.com/dotnet/fundamentals/code-analysis/style-rules/ide0011) [C:\UserWorx\VSWorx\ServoStudio\wpfui-servoStudio\samples\Wpf.Ui.servoStudio\servoStudio_wjhet5xd_wpftmp.csproj]
C:\UserWorx\VSWorx\ServoStudio\wpfui-servoStudio\samples\Wpf.Ui.servoStudio\ViewModels\Motion\MotionTypeViewModel.cs(1113,9): warning IDE0011: 鍚?鈥渋f鈥?璇彞娣诲姞澶ф嫭鍙枫€?(https://learn.microsoft.com/dotnet/fundamentals/code-analysis/style-rules/ide0011) [C:\UserWorx\VSWorx\ServoStudio\wpfui-servoStudio\samples\Wpf.Ui.servoStudio\servoStudio_wjhet5xd_wpftmp.csproj]
C:\UserWorx\VSWorx\ServoStudio\wpfui-servoStudio\samples\Wpf.Ui.servoStudio\Views\Pages\AppDataPages\DataViewPage.xaml.cs(463,13): warning IDE0058: 姘歌繙涓嶄細浣跨敤琛ㄨ揪寮忓€?(https://learn.microsoft.com/dotnet/fundamentals/code-analysis/style-rules/ide0058) [C:\UserWorx\VSWorx\ServoStudio\wpfui-servoStudio\samples\Wpf.Ui.servoStudio\servoStudio_wjhet5xd_wpftmp.csproj]
C:\UserWorx\VSWorx\ServoStudio\wpfui-servoStudio\samples\Wpf.Ui.servoStudio\Views\Pages\AppDataPages\DataViewPage.xaml.cs(478,18): warning IDE0008: 鐢ㄦ樉寮忕被鍨嬩唬鏇?"var" (https://learn.microsoft.com/dotnet/fundamentals/code-analysis/style-rules/ide0008) [C:\UserWorx\VSWorx\ServoStudio\wpfui-servoStudio\samples\Wpf.Ui.servoStudio\servoStudio_wjhet5xd_wpftmp.csproj]
C:\UserWorx\VSWorx\ServoStudio\wpfui-servoStudio\samples\Wpf.Ui.servoStudio\Models\FrameFormat.cs(253,9): warning IDE0011: 鍚?鈥渋f鈥?璇彞娣诲姞澶ф嫭鍙枫€?(https://learn.microsoft.com/dotnet/fundamentals/code-analysis/style-rules/ide0011) [C:\UserWorx\VSWorx\ServoStudio\wpfui-servoStudio\samples\Wpf.Ui.servoStudio\servoStudio_wjhet5xd_wpftmp.csproj]
C:\UserWorx\VSWorx\ServoStudio\wpfui-servoStudio\samples\Wpf.Ui.servoStudio\Models\FrameFormat.cs(256,9): warning IDE0011: 鍚?鈥渋f鈥?璇彞娣诲姞澶ф嫭鍙枫€?(https://learn.microsoft.com/dotnet/fundamentals/code-analysis/style-rules/ide0011) [C:\UserWorx\VSWorx\ServoStudio\wpfui-servoStudio\samples\Wpf.Ui.servoStudio\servoStudio_wjhet5xd_wpftmp.csproj]
C:\UserWorx\VSWorx\ServoStudio\wpfui-servoStudio\samples\Wpf.Ui.servoStudio\Models\FrameFormat.cs(261,13): warning IDE0011: 鍚?鈥渋f鈥?璇彞娣诲姞澶ф嫭鍙枫€?(https://learn.microsoft.com/dotnet/fundamentals/code-analysis/style-rules/ide0011) [C:\UserWorx\VSWorx\ServoStudio\wpfui-servoStudio\samples\Wpf.Ui.servoStudio\servoStudio_wjhet5xd_wpftmp.csproj]
C:\UserWorx\VSWorx\ServoStudio\wpfui-servoStudio\samples\Wpf.Ui.servoStudio\Models\FrameFormat.cs(262,13): warning IDE0011: 鍚?鈥渋f鈥?璇彞娣诲姞澶ф嫭鍙枫€?(https://learn.microsoft.com/dotnet/fundamentals/code-analysis/style-rules/ide0011) [C:\UserWorx\VSWorx\ServoStudio\wpfui-servoStudio\samples\Wpf.Ui.servoStudio\servoStudio_wjhet5xd_wpftmp.csproj]
C:\UserWorx\VSWorx\ServoStudio\wpfui-servoStudio\samples\Wpf.Ui.servoStudio\Models\FrameFormat.cs(131,9): warning IDE0011: 鍚?鈥渋f鈥?璇彞娣诲姞澶ф嫭鍙枫€?(https://learn.microsoft.com/dotnet/fundamentals/code-analysis/style-rules/ide0011) [C:\UserWorx\VSWorx\ServoStudio\wpfui-servoStudio\samples\Wpf.Ui.servoStudio\servoStudio_wjhet5xd_wpftmp.csproj]
C:\UserWorx\VSWorx\ServoStudio\wpfui-servoStudio\samples\Wpf.Ui.servoStudio\Models\FrameFormat.cs(149,9): warning IDE0011: 鍚?鈥渋f鈥?璇彞娣诲姞澶ф嫭鍙枫€?(https://learn.microsoft.com/dotnet/fundamentals/code-analysis/style-rules/ide0011) [C:\UserWorx\VSWorx\ServoStudio\wpfui-servoStudio\samples\Wpf.Ui.servoStudio\servoStudio_wjhet5xd_wpftmp.csproj]
C:\UserWorx\VSWorx\ServoStudio\wpfui-servoStudio\samples\Wpf.Ui.servoStudio\ViewModels\Hardware\IOViewModel.cs(534,9): warning IDE0058: 姘歌繙涓嶄細浣跨敤琛ㄨ揪寮忓€?(https://learn.microsoft.com/dotnet/fundamentals/code-analysis/style-rules/ide0058) [C:\UserWorx\VSWorx\ServoStudio\wpfui-servoStudio\samples\Wpf.Ui.servoStudio\servoStudio_wjhet5xd_wpftmp.csproj]
C:\UserWorx\VSWorx\ServoStudio\wpfui-servoStudio\samples\Wpf.Ui.servoStudio\Views\Pages\AppDataPages\DataViewPage.xaml.cs(489,18): warning IDE0008: 鐢ㄦ樉寮忕被鍨嬩唬鏇?"var" (https://learn.microsoft.com/dotnet/fundamentals/code-analysis/style-rules/ide0008) [C:\UserWorx\VSWorx\ServoStudio\wpfui-servoStudio\samples\Wpf.Ui.servoStudio\servoStudio_wjhet5xd_wpftmp.csproj]
C:\UserWorx\VSWorx\ServoStudio\wpfui-servoStudio\samples\Wpf.Ui.servoStudio\Models\FrameFormat.cs(156,9): warning IDE0011: 鍚?鈥渋f鈥?璇彞娣诲姞澶ф嫭鍙枫€?(https://learn.microsoft.com/dotnet/fundamentals/code-analysis/style-rules/ide0011) [C:\UserWorx\VSWorx\ServoStudio\wpfui-servoStudio\samples\Wpf.Ui.servoStudio\servoStudio_wjhet5xd_wpftmp.csproj]
C:\UserWorx\VSWorx\ServoStudio\wpfui-servoStudio\samples\Wpf.Ui.servoStudio\Models\FrameFormat.cs(278,18): warning IDE0008: 鐢ㄦ樉寮忕被鍨嬩唬鏇?"var" (https://learn.microsoft.com/dotnet/fundamentals/code-analysis/style-rules/ide0008) [C:\UserWorx\VSWorx\ServoStudio\wpfui-servoStudio\samples\Wpf.Ui.servoStudio\servoStudio_wjhet5xd_wpftmp.csproj]
C:\UserWorx\VSWorx\ServoStudio\wpfui-servoStudio\samples\Wpf.Ui.servoStudio\ViewModels\Motion\MotionTypeViewModel.cs(1121,9): warning IDE0011: 鍚?鈥渋f鈥?璇彞娣诲姞澶ф嫭鍙枫€?(https://learn.microsoft.com/dotnet/fundamentals/code-analysis/style-rules/ide0011) [C:\UserWorx\VSWorx\ServoStudio\wpfui-servoStudio\samples\Wpf.Ui.servoStudio\servoStudio_wjhet5xd_wpftmp.csproj]
C:\UserWorx\VSWorx\ServoStudio\wpfui-servoStudio\samples\Wpf.Ui.servoStudio\Models\FrameFormat.cs(406,9): warning IDE0011: 鍚?鈥渋f鈥?璇彞娣诲姞澶ф嫭鍙枫€?(https://learn.microsoft.com/dotnet/fundamentals/code-analysis/style-rules/ide0011) [C:\UserWorx\VSWorx\ServoStudio\wpfui-servoStudio\samples\Wpf.Ui.servoStudio\servoStudio_wjhet5xd_wpftmp.csproj]
C:\UserWorx\VSWorx\ServoStudio\wpfui-servoStudio\samples\Wpf.Ui.servoStudio\Models\FrameFormat.cs(414,9): warning IDE0011: 鍚?鈥渋f鈥?璇彞娣诲姞澶ф嫭鍙枫€?(https://learn.microsoft.com/dotnet/fundamentals/code-analysis/style-rules/ide0011) [C:\UserWorx\VSWorx\ServoStudio\wpfui-servoStudio\samples\Wpf.Ui.servoStudio\servoStudio_wjhet5xd_wpftmp.csproj]
C:\UserWorx\VSWorx\ServoStudio\wpfui-servoStudio\samples\Wpf.Ui.servoStudio\Views\Pages\AppDataPages\DataViewPage.xaml.cs(519,9): warning IDE0008: 鐢ㄦ樉寮忕被鍨嬩唬鏇?"var" (https://learn.microsoft.com/dotnet/fundamentals/code-analysis/style-rules/ide0008) [C:\UserWorx\VSWorx\ServoStudio\wpfui-servoStudio\samples\Wpf.Ui.servoStudio\servoStudio_wjhet5xd_wpftmp.csproj]
C:\UserWorx\VSWorx\ServoStudio\wpfui-servoStudio\samples\Wpf.Ui.servoStudio\Views\Pages\AppDataPages\DataViewPage.xaml.cs(521,18): warning IDE0008: 鐢ㄦ樉寮忕被鍨嬩唬鏇?"var" (https://learn.microsoft.com/dotnet/fundamentals/code-analysis/style-rules/ide0008) [C:\UserWorx\VSWorx\ServoStudio\wpfui-servoStudio\samples\Wpf.Ui.servoStudio\servoStudio_wjhet5xd_wpftmp.csproj]
C:\UserWorx\VSWorx\ServoStudio\wpfui-servoStudio\samples\Wpf.Ui.servoStudio\Views\Pages\AppDataPages\DataViewPage.xaml.cs(529,13): warning IDE0008: 鐢ㄦ樉寮忕被鍨嬩唬鏇?"var" (https://learn.microsoft.com/dotnet/fundamentals/code-analysis/style-rules/ide0008) [C:\UserWorx\VSWorx\ServoStudio\wpfui-servoStudio\samples\Wpf.Ui.servoStudio\servoStudio_wjhet5xd_wpftmp.csproj]
C:\UserWorx\VSWorx\ServoStudio\wpfui-servoStudio\samples\Wpf.Ui.servoStudio\ViewModels\Motion\MotionTypeViewModel.cs(1129,9): warning IDE0011: 鍚?鈥渋f鈥?璇彞娣诲姞澶ф嫭鍙枫€?(https://learn.microsoft.com/dotnet/fundamentals/code-analysis/style-rules/ide0011) [C:\UserWorx\VSWorx\ServoStudio\wpfui-servoStudio\samples\Wpf.Ui.servoStudio\servoStudio_wjhet5xd_wpftmp.csproj]
C:\UserWorx\VSWorx\ServoStudio\wpfui-servoStudio\samples\Wpf.Ui.servoStudio\ViewModels\Motion\MotionTypeViewModel.cs(1131,9): warning IDE0011: 鍚?鈥渋f鈥?璇彞娣诲姞澶ф嫭鍙枫€?(https://learn.microsoft.com/dotnet/fundamentals/code-analysis/style-rules/ide0011) [C:\UserWorx\VSWorx\ServoStudio\wpfui-servoStudio\samples\Wpf.Ui.servoStudio\servoStudio_wjhet5xd_wpftmp.csproj]
C:\UserWorx\VSWorx\ServoStudio\wpfui-servoStudio\samples\Wpf.Ui.servoStudio\ViewModels\Motion\MotionTypeViewModel.cs(1133,9): warning IDE0011: 鍚?鈥渋f鈥?璇彞娣诲姞澶ф嫭鍙枫€?(https://learn.microsoft.com/dotnet/fundamentals/code-analysis/style-rules/ide0011) [C:\UserWorx\VSWorx\ServoStudio\wpfui-servoStudio\samples\Wpf.Ui.servoStudio\servoStudio_wjhet5xd_wpftmp.csproj]
C:\UserWorx\VSWorx\ServoStudio\wpfui-servoStudio\samples\Wpf.Ui.servoStudio\ViewModels\Motion\MotionTypeViewModel.cs(1135,9): warning IDE0011: 鍚?鈥渋f鈥?璇彞娣诲姞澶ф嫭鍙枫€?(https://learn.microsoft.com/dotnet/fundamentals/code-analysis/style-rules/ide0011) [C:\UserWorx\VSWorx\ServoStudio\wpfui-servoStudio\samples\Wpf.Ui.servoStudio\servoStudio_wjhet5xd_wpftmp.csproj]
C:\UserWorx\VSWorx\ServoStudio\wpfui-servoStudio\samples\Wpf.Ui.servoStudio\Services\FirmwareRepositoryService.cs(773,19): warning IDE0008: 鐢ㄦ樉寮忕被鍨嬩唬鏇?"var" (https://learn.microsoft.com/dotnet/fundamentals/code-analysis/style-rules/ide0008) [C:\UserWorx\VSWorx\ServoStudio\wpfui-servoStudio\samples\Wpf.Ui.servoStudio\servoStudio_wjhet5xd_wpftmp.csproj]
C:\UserWorx\VSWorx\ServoStudio\wpfui-servoStudio\samples\Wpf.Ui.servoStudio\ViewModels\Motion\MotionTypeViewModel.cs(1143,9): warning IDE0011: 鍚?鈥渋f鈥?璇彞娣诲姞澶ф嫭鍙枫€?(https://learn.microsoft.com/dotnet/fundamentals/code-analysis/style-rules/ide0011) [C:\UserWorx\VSWorx\ServoStudio\wpfui-servoStudio\samples\Wpf.Ui.servoStudio\servoStudio_wjhet5xd_wpftmp.csproj]
C:\UserWorx\VSWorx\ServoStudio\wpfui-servoStudio\samples\Wpf.Ui.servoStudio\ViewModels\Motion\MotionTypeViewModel.cs(1145,9): warning IDE0011: 鍚?鈥渋f鈥?璇彞娣诲姞澶ф嫭鍙枫€?(https://learn.microsoft.com/dotnet/fundamentals/code-analysis/style-rules/ide0011) [C:\UserWorx\VSWorx\ServoStudio\wpfui-servoStudio\samples\Wpf.Ui.servoStudio\servoStudio_wjhet5xd_wpftmp.csproj]
C:\UserWorx\VSWorx\ServoStudio\wpfui-servoStudio\samples\Wpf.Ui.servoStudio\ViewModels\Motion\MotionTypeViewModel.cs(1147,9): warning IDE0011: 鍚?鈥渋f鈥?璇彞娣诲姞澶ф嫭鍙枫€?(https://learn.microsoft.com/dotnet/fundamentals/code-analysis/style-rules/ide0011) [C:\UserWorx\VSWorx\ServoStudio\wpfui-servoStudio\samples\Wpf.Ui.servoStudio\servoStudio_wjhet5xd_wpftmp.csproj]
C:\UserWorx\VSWorx\ServoStudio\wpfui-servoStudio\samples\Wpf.Ui.servoStudio\Views\Pages\AppDataPages\DataViewPage.xaml.cs(562,9): warning IDE0008: 鐢ㄦ樉寮忕被鍨嬩唬鏇?"var" (https://learn.microsoft.com/dotnet/fundamentals/code-analysis/style-rules/ide0008) [C:\UserWorx\VSWorx\ServoStudio\wpfui-servoStudio\samples\Wpf.Ui.servoStudio\servoStudio_wjhet5xd_wpftmp.csproj]
C:\UserWorx\VSWorx\ServoStudio\wpfui-servoStudio\samples\Wpf.Ui.servoStudio\ViewModels\Motion\MotionTypeViewModel.cs(1160,9): warning IDE0011: 鍚?鈥渋f鈥?璇彞娣诲姞澶ф嫭鍙枫€?(https://learn.microsoft.com/dotnet/fundamentals/code-analysis/style-rules/ide0011) [C:\UserWorx\VSWorx\ServoStudio\wpfui-servoStudio\samples\Wpf.Ui.servoStudio\servoStudio_wjhet5xd_wpftmp.csproj]
C:\UserWorx\VSWorx\ServoStudio\wpfui-servoStudio\samples\Wpf.Ui.servoStudio\ViewModels\Motion\MotionTypeViewModel.cs(1162,9): warning IDE0011: 鍚?鈥渋f鈥?璇彞娣诲姞澶ф嫭鍙枫€?(https://learn.microsoft.com/dotnet/fundamentals/code-analysis/style-rules/ide0011) [C:\UserWorx\VSWorx\ServoStudio\wpfui-servoStudio\samples\Wpf.Ui.servoStudio\servoStudio_wjhet5xd_wpftmp.csproj]
C:\UserWorx\VSWorx\ServoStudio\wpfui-servoStudio\samples\Wpf.Ui.servoStudio\ViewModels\Motion\MotionTypeViewModel.cs(1164,9): warning IDE0011: 鍚?鈥渋f鈥?璇彞娣诲姞澶ф嫭鍙枫€?(https://learn.microsoft.com/dotnet/fundamentals/code-analysis/style-rules/ide0011) [C:\UserWorx\VSWorx\ServoStudio\wpfui-servoStudio\samples\Wpf.Ui.servoStudio\servoStudio_wjhet5xd_wpftmp.csproj]
C:\UserWorx\VSWorx\ServoStudio\wpfui-servoStudio\samples\Wpf.Ui.servoStudio\ViewModels\Motion\MotionTypeViewModel.cs(1166,9): warning IDE0011: 鍚?鈥渋f鈥?璇彞娣诲姞澶ф嫭鍙枫€?(https://learn.microsoft.com/dotnet/fundamentals/code-analysis/style-rules/ide0011) [C:\UserWorx\VSWorx\ServoStudio\wpfui-servoStudio\samples\Wpf.Ui.servoStudio\servoStudio_wjhet5xd_wpftmp.csproj]
C:\UserWorx\VSWorx\ServoStudio\wpfui-servoStudio\samples\Wpf.Ui.servoStudio\Models\FaultCodeTable.cs(105,45): warning IDE0008: 鐢ㄦ樉寮忕被鍨嬩唬鏇?"var" (https://learn.microsoft.com/dotnet/fundamentals/code-analysis/style-rules/ide0008) [C:\UserWorx\VSWorx\ServoStudio\wpfui-servoStudio\samples\Wpf.Ui.servoStudio\servoStudio_wjhet5xd_wpftmp.csproj]
C:\UserWorx\VSWorx\ServoStudio\wpfui-servoStudio\samples\Wpf.Ui.servoStudio\ViewModels\Motion\MotionTypeViewModel.cs(1174,9): warning IDE0011: 鍚?鈥渋f鈥?璇彞娣诲姞澶ф嫭鍙枫€?(https://learn.microsoft.com/dotnet/fundamentals/code-analysis/style-rules/ide0011) [C:\UserWorx\VSWorx\ServoStudio\wpfui-servoStudio\samples\Wpf.Ui.servoStudio\servoStudio_wjhet5xd_wpftmp.csproj]
C:\UserWorx\VSWorx\ServoStudio\wpfui-servoStudio\samples\Wpf.Ui.servoStudio\Models\FactoryParameters.cs(143,9): warning IDE0011: 鍚?鈥渋f鈥?璇彞娣诲姞澶ф嫭鍙枫€?(https://learn.microsoft.com/dotnet/fundamentals/code-analysis/style-rules/ide0011) [C:\UserWorx\VSWorx\ServoStudio\wpfui-servoStudio\samples\Wpf.Ui.servoStudio\servoStudio_wjhet5xd_wpftmp.csproj]
C:\UserWorx\VSWorx\ServoStudio\wpfui-servoStudio\samples\Wpf.Ui.servoStudio\ViewModels\DeviceSet\BusDiagnosticsViewModel.cs(65,9): warning IDE0011: 鍚?鈥渋f鈥?璇彞娣诲姞澶ф嫭鍙枫€?(https://learn.microsoft.com/dotnet/fundamentals/code-analysis/style-rules/ide0011) [C:\UserWorx\VSWorx\ServoStudio\wpfui-servoStudio\samples\Wpf.Ui.servoStudio\servoStudio_wjhet5xd_wpftmp.csproj]
C:\UserWorx\VSWorx\ServoStudio\wpfui-servoStudio\samples\Wpf.Ui.servoStudio\Models\ControlModeParameters.cs(115,9): warning IDE0011: 鍚?鈥渋f鈥?璇彞娣诲姞澶ф嫭鍙枫€?(https://learn.microsoft.com/dotnet/fundamentals/code-analysis/style-rules/ide0011) [C:\UserWorx\VSWorx\ServoStudio\wpfui-servoStudio\samples\Wpf.Ui.servoStudio\servoStudio_wjhet5xd_wpftmp.csproj]
C:\UserWorx\VSWorx\ServoStudio\wpfui-servoStudio\samples\Wpf.Ui.servoStudio\Views\MainWindow.xaml.cs(73,13): warning IDE0011: 鍚?鈥渋f鈥?璇彞娣诲姞澶ф嫭鍙枫€?(https://learn.microsoft.com/dotnet/fundamentals/code-analysis/style-rules/ide0011) [C:\UserWorx\VSWorx\ServoStudio\wpfui-servoStudio\samples\Wpf.Ui.servoStudio\servoStudio_wjhet5xd_wpftmp.csproj]
C:\UserWorx\VSWorx\ServoStudio\wpfui-servoStudio\samples\Wpf.Ui.servoStudio\ViewModels\DeviceSet\DeviceAddViewModel.cs(1539,9): warning IDE0011: 鍚?鈥渋f鈥?璇彞娣诲姞澶ф嫭鍙枫€?(https://learn.microsoft.com/dotnet/fundamentals/code-analysis/style-rules/ide0011) [C:\UserWorx\VSWorx\ServoStudio\wpfui-servoStudio\samples\Wpf.Ui.servoStudio\servoStudio_wjhet5xd_wpftmp.csproj]
C:\UserWorx\VSWorx\ServoStudio\wpfui-servoStudio\samples\Wpf.Ui.servoStudio\Services\FactoryAccessService.cs(149,13): warning IDE0011: 鍚?鈥渋f鈥?璇彞娣诲姞澶ф嫭鍙枫€?(https://learn.microsoft.com/dotnet/fundamentals/code-analysis/style-rules/ide0011) [C:\UserWorx\VSWorx\ServoStudio\wpfui-servoStudio\samples\Wpf.Ui.servoStudio\servoStudio_wjhet5xd_wpftmp.csproj]
C:\UserWorx\VSWorx\ServoStudio\wpfui-servoStudio\samples\Wpf.Ui.servoStudio\Services\FactoryAccessService.cs(153,17): warning IDE0011: 鍚?鈥渋f鈥?璇彞娣诲姞澶ф嫭鍙枫€?(https://learn.microsoft.com/dotnet/fundamentals/code-analysis/style-rules/ide0011) [C:\UserWorx\VSWorx\ServoStudio\wpfui-servoStudio\samples\Wpf.Ui.servoStudio\servoStudio_wjhet5xd_wpftmp.csproj]
C:\UserWorx\VSWorx\ServoStudio\wpfui-servoStudio\samples\Wpf.Ui.servoStudio\Services\FactoryAccessService.cs(158,9): warning IDE0011: 鍚?鈥渋f鈥?璇彞娣诲姞澶ф嫭鍙枫€?(https://learn.microsoft.com/dotnet/fundamentals/code-analysis/style-rules/ide0011) [C:\UserWorx\VSWorx\ServoStudio\wpfui-servoStudio\samples\Wpf.Ui.servoStudio\servoStudio_wjhet5xd_wpftmp.csproj]
C:\UserWorx\VSWorx\ServoStudio\wpfui-servoStudio\samples\Wpf.Ui.servoStudio\Services\FactoryAccessService.cs(185,17): warning IDE0011: 鍚?鈥渋f鈥?璇彞娣诲姞澶ф嫭鍙枫€?(https://learn.microsoft.com/dotnet/fundamentals/code-analysis/style-rules/ide0011) [C:\UserWorx\VSWorx\ServoStudio\wpfui-servoStudio\samples\Wpf.Ui.servoStudio\servoStudio_wjhet5xd_wpftmp.csproj]
C:\UserWorx\VSWorx\ServoStudio\wpfui-servoStudio\samples\Wpf.Ui.servoStudio\Services\FactoryAccessService.cs(188,17): warning IDE0011: 鍚?鈥渋f鈥?璇彞娣诲姞澶ф嫭鍙枫€?(https://learn.microsoft.com/dotnet/fundamentals/code-analysis/style-rules/ide0011) [C:\UserWorx\VSWorx\ServoStudio\wpfui-servoStudio\samples\Wpf.Ui.servoStudio\servoStudio_wjhet5xd_wpftmp.csproj]
C:\UserWorx\VSWorx\ServoStudio\wpfui-servoStudio\samples\Wpf.Ui.servoStudio\Services\FactoryAccessService.cs(147,18): warning IDE0008: 鐢ㄦ樉寮忕被鍨嬩唬鏇?"var" (https://learn.microsoft.com/dotnet/fundamentals/code-analysis/style-rules/ide0008) [C:\UserWorx\VSWorx\ServoStudio\wpfui-servoStudio\samples\Wpf.Ui.servoStudio\servoStudio_wjhet5xd_wpftmp.csproj]
C:\UserWorx\VSWorx\ServoStudio\wpfui-servoStudio\samples\Wpf.Ui.servoStudio\Services\FactoryAccessService.cs(151,22): warning IDE0008: 鐢ㄦ樉寮忕被鍨嬩唬鏇?"var" (https://learn.microsoft.com/dotnet/fundamentals/code-analysis/style-rules/ide0008) [C:\UserWorx\VSWorx\ServoStudio\wpfui-servoStudio\samples\Wpf.Ui.servoStudio\servoStudio_wjhet5xd_wpftmp.csproj]
C:\UserWorx\VSWorx\ServoStudio\wpfui-servoStudio\samples\Wpf.Ui.servoStudio\Services\FactoryAccessService.cs(187,17): warning IDE0008: 鐢ㄦ樉寮忕被鍨嬩唬鏇?"var" (https://learn.microsoft.com/dotnet/fundamentals/code-analysis/style-rules/ide0008) [C:\UserWorx\VSWorx\ServoStudio\wpfui-servoStudio\samples\Wpf.Ui.servoStudio\servoStudio_wjhet5xd_wpftmp.csproj]
C:\UserWorx\VSWorx\ServoStudio\wpfui-servoStudio\samples\Wpf.Ui.servoStudio\ViewModels\DeviceSet\DeviceAddViewModel.cs(1553,9): warning IDE0008: 鐢ㄦ樉寮忕被鍨嬩唬鏇?"var" (https://learn.microsoft.com/dotnet/fundamentals/code-analysis/style-rules/ide0008) [C:\UserWorx\VSWorx\ServoStudio\wpfui-servoStudio\samples\Wpf.Ui.servoStudio\servoStudio_wjhet5xd_wpftmp.csproj]
C:\UserWorx\VSWorx\ServoStudio\wpfui-servoStudio\samples\Wpf.Ui.servoStudio\ViewModels\DeviceSet\DeviceAddViewModel.cs(1566,17): warning IDE0011: 鍚?鈥渋f鈥?璇彞娣诲姞澶ф嫭鍙枫€?(https://learn.microsoft.com/dotnet/fundamentals/code-analysis/style-rules/ide0011) [C:\UserWorx\VSWorx\ServoStudio\wpfui-servoStudio\samples\Wpf.Ui.servoStudio\servoStudio_wjhet5xd_wpftmp.csproj]
C:\UserWorx\VSWorx\ServoStudio\wpfui-servoStudio\samples\Wpf.Ui.servoStudio\Views\MainWindow.xaml.cs(114,9): warning IDE0011: 鍚?鈥渋f鈥?璇彞娣诲姞澶ф嫭鍙枫€?(https://learn.microsoft.com/dotnet/fundamentals/code-analysis/style-rules/ide0011) [C:\UserWorx\VSWorx\ServoStudio\wpfui-servoStudio\samples\Wpf.Ui.servoStudio\servoStudio_wjhet5xd_wpftmp.csproj]
C:\UserWorx\VSWorx\ServoStudio\wpfui-servoStudio\samples\Wpf.Ui.servoStudio\Views\MainWindow.xaml.cs(121,13): warning IDE0011: 鍚?鈥渇oreach鈥?璇彞娣诲姞澶ф嫭鍙枫€?(https://learn.microsoft.com/dotnet/fundamentals/code-analysis/style-rules/ide0011) [C:\UserWorx\VSWorx\ServoStudio\wpfui-servoStudio\samples\Wpf.Ui.servoStudio\servoStudio_wjhet5xd_wpftmp.csproj]
C:\UserWorx\VSWorx\ServoStudio\wpfui-servoStudio\samples\Wpf.Ui.servoStudio\Views\MainWindow.xaml.cs(121,22): warning IDE0008: 鐢ㄦ樉寮忕被鍨嬩唬鏇?"var" (https://learn.microsoft.com/dotnet/fundamentals/code-analysis/style-rules/ide0008) [C:\UserWorx\VSWorx\ServoStudio\wpfui-servoStudio\samples\Wpf.Ui.servoStudio\servoStudio_wjhet5xd_wpftmp.csproj]
C:\UserWorx\VSWorx\ServoStudio\wpfui-servoStudio\samples\Wpf.Ui.servoStudio\ViewModels\DeviceSet\DeviceAddViewModel.cs(1567,17): warning IDE0058: 姘歌繙涓嶄細浣跨敤琛ㄨ揪寮忓€?(https://learn.microsoft.com/dotnet/fundamentals/code-analysis/style-rules/ide0058) [C:\UserWorx\VSWorx\ServoStudio\wpfui-servoStudio\samples\Wpf.Ui.servoStudio\servoStudio_wjhet5xd_wpftmp.csproj]
C:\UserWorx\VSWorx\ServoStudio\wpfui-servoStudio\samples\Wpf.Ui.servoStudio\Services\FactoryAccessService.cs(207,9): warning IDE0011: 鍚?鈥渋f鈥?璇彞娣诲姞澶ф嫭鍙枫€?(https://learn.microsoft.com/dotnet/fundamentals/code-analysis/style-rules/ide0011) [C:\UserWorx\VSWorx\ServoStudio\wpfui-servoStudio\samples\Wpf.Ui.servoStudio\servoStudio_wjhet5xd_wpftmp.csproj]
C:\UserWorx\VSWorx\ServoStudio\wpfui-servoStudio\samples\Wpf.Ui.servoStudio\ViewModels\DeviceSet\DeviceAddViewModel.cs(1579,9): warning IDE0011: 鍚?鈥渋f鈥?璇彞娣诲姞澶ф嫭鍙枫€?(https://learn.microsoft.com/dotnet/fundamentals/code-analysis/style-rules/ide0011) [C:\UserWorx\VSWorx\ServoStudio\wpfui-servoStudio\samples\Wpf.Ui.servoStudio\servoStudio_wjhet5xd_wpftmp.csproj]
C:\UserWorx\VSWorx\ServoStudio\wpfui-servoStudio\samples\Wpf.Ui.servoStudio\Services\FactoryAccessService.cs(219,9): warning IDE0011: 鍚?鈥渋f鈥?璇彞娣诲姞澶ф嫭鍙枫€?(https://learn.microsoft.com/dotnet/fundamentals/code-analysis/style-rules/ide0011) [C:\UserWorx\VSWorx\ServoStudio\wpfui-servoStudio\samples\Wpf.Ui.servoStudio\servoStudio_wjhet5xd_wpftmp.csproj]
C:\UserWorx\VSWorx\ServoStudio\wpfui-servoStudio\samples\Wpf.Ui.servoStudio\ViewModels\DeviceSet\DeviceAddViewModel.cs(1581,9): warning IDE0058: 姘歌繙涓嶄細浣跨敤琛ㄨ揪寮忓€?(https://learn.microsoft.com/dotnet/fundamentals/code-analysis/style-rules/ide0058) [C:\UserWorx\VSWorx\ServoStudio\wpfui-servoStudio\samples\Wpf.Ui.servoStudio\servoStudio_wjhet5xd_wpftmp.csproj]
C:\UserWorx\VSWorx\ServoStudio\wpfui-servoStudio\samples\Wpf.Ui.servoStudio\Services\FactoryAccessService.cs(154,21): warning IDE0058: 姘歌繙涓嶄細浣跨敤琛ㄨ揪寮忓€?(https://learn.microsoft.com/dotnet/fundamentals/code-analysis/style-rules/ide0058) [C:\UserWorx\VSWorx\ServoStudio\wpfui-servoStudio\samples\Wpf.Ui.servoStudio\servoStudio_wjhet5xd_wpftmp.csproj]
C:\UserWorx\VSWorx\ServoStudio\wpfui-servoStudio\samples\Wpf.Ui.servoStudio\Services\FactoryAccessService.cs(171,9): warning IDE0058: 姘歌繙涓嶄細浣跨敤琛ㄨ揪寮忓€?(https://learn.microsoft.com/dotnet/fundamentals/code-analysis/style-rules/ide0058) [C:\UserWorx\VSWorx\ServoStudio\wpfui-servoStudio\samples\Wpf.Ui.servoStudio\servoStudio_wjhet5xd_wpftmp.csproj]
C:\UserWorx\VSWorx\ServoStudio\wpfui-servoStudio\samples\Wpf.Ui.servoStudio\Services\CanNativeResolver.cs(26,9): warning IDE0011: 鍚?鈥渋f鈥?璇彞娣诲姞澶ф嫭鍙枫€?(https://learn.microsoft.com/dotnet/fundamentals/code-analysis/style-rules/ide0011) [C:\UserWorx\VSWorx\ServoStudio\wpfui-servoStudio\samples\Wpf.Ui.servoStudio\servoStudio_wjhet5xd_wpftmp.csproj]
C:\UserWorx\VSWorx\ServoStudio\wpfui-servoStudio\samples\Wpf.Ui.servoStudio\ViewModels\Motion\MotionTypeViewModel.cs(1308,9): warning IDE0011: 鍚?鈥渋f鈥?璇彞娣诲姞澶ф嫭鍙枫€?(https://learn.microsoft.com/dotnet/fundamentals/code-analysis/style-rules/ide0011) [C:\UserWorx\VSWorx\ServoStudio\wpfui-servoStudio\samples\Wpf.Ui.servoStudio\servoStudio_wjhet5xd_wpftmp.csproj]
C:\UserWorx\VSWorx\ServoStudio\wpfui-servoStudio\samples\Wpf.Ui.servoStudio\Services\CanNativeResolver.cs(44,9): warning IDE0011: 鍚?鈥渋f鈥?璇彞娣诲姞澶ф嫭鍙枫€?(https://learn.microsoft.com/dotnet/fundamentals/code-analysis/style-rules/ide0011) [C:\UserWorx\VSWorx\ServoStudio\wpfui-servoStudio\samples\Wpf.Ui.servoStudio\servoStudio_wjhet5xd_wpftmp.csproj]
C:\UserWorx\VSWorx\ServoStudio\wpfui-servoStudio\samples\Wpf.Ui.servoStudio\Services\CanNativeResolver.cs(75,21): warning IDE0011: 鍚?鈥渋f鈥?璇彞娣诲姞澶ф嫭鍙枫€?(https://learn.microsoft.com/dotnet/fundamentals/code-analysis/style-rules/ide0011) [C:\UserWorx\VSWorx\ServoStudio\wpfui-servoStudio\samples\Wpf.Ui.servoStudio\servoStudio_wjhet5xd_wpftmp.csproj]
C:\UserWorx\VSWorx\ServoStudio\wpfui-servoStudio\samples\Wpf.Ui.servoStudio\Services\CanNativeResolver.cs(80,13): warning IDE0011: 鍚?鈥渋f鈥?璇彞娣诲姞澶ф嫭鍙枫€?(https://learn.microsoft.com/dotnet/fundamentals/code-analysis/style-rules/ide0011) [C:\UserWorx\VSWorx\ServoStudio\wpfui-servoStudio\samples\Wpf.Ui.servoStudio\servoStudio_wjhet5xd_wpftmp.csproj]
C:\UserWorx\VSWorx\ServoStudio\wpfui-servoStudio\samples\Wpf.Ui.servoStudio\ViewModels\DeviceSet\DeviceAddViewModel.cs(1586,9): warning IDE0011: 鍚?鈥渋f鈥?璇彞娣诲姞澶ф嫭鍙枫€?(https://learn.microsoft.com/dotnet/fundamentals/code-analysis/style-rules/ide0011) [C:\UserWorx\VSWorx\ServoStudio\wpfui-servoStudio\samples\Wpf.Ui.servoStudio\servoStudio_wjhet5xd_wpftmp.csproj]
C:\UserWorx\VSWorx\ServoStudio\wpfui-servoStudio\samples\Wpf.Ui.servoStudio\ViewModels\DeviceSet\DeviceAddViewModel.cs(1588,9): warning IDE0011: 鍚?鈥渋f鈥?璇彞娣诲姞澶ф嫭鍙枫€?(https://learn.microsoft.com/dotnet/fundamentals/code-analysis/style-rules/ide0011) [C:\UserWorx\VSWorx\ServoStudio\wpfui-servoStudio\samples\Wpf.Ui.servoStudio\servoStudio_wjhet5xd_wpftmp.csproj]
C:\UserWorx\VSWorx\ServoStudio\wpfui-servoStudio\samples\Wpf.Ui.servoStudio\ViewModels\DeviceSet\DeviceAddViewModel.cs(1610,17): warning IDE0011: 鍚?鈥渋f鈥?璇彞娣诲姞澶ф嫭鍙枫€?(https://learn.microsoft.com/dotnet/fundamentals/code-analysis/style-rules/ide0011) [C:\UserWorx\VSWorx\ServoStudio\wpfui-servoStudio\samples\Wpf.Ui.servoStudio\servoStudio_wjhet5xd_wpftmp.csproj]
C:\UserWorx\VSWorx\ServoStudio\wpfui-servoStudio\samples\Wpf.Ui.servoStudio\ViewModels\DeviceSet\DeviceAddViewModel.cs(1621,13): warning IDE0011: 鍚?鈥渋f鈥?璇彞娣诲姞澶ф嫭鍙枫€?(https://learn.microsoft.com/dotnet/fundamentals/code-analysis/style-rules/ide0011) [C:\UserWorx\VSWorx\ServoStudio\wpfui-servoStudio\samples\Wpf.Ui.servoStudio\servoStudio_wjhet5xd_wpftmp.csproj]
C:\UserWorx\VSWorx\ServoStudio\wpfui-servoStudio\samples\Wpf.Ui.servoStudio\ViewModels\DeviceSet\DeviceAddViewModel.cs(1641,13): warning IDE0011: 鍚?鈥渋f鈥?璇彞娣诲姞澶ф嫭鍙枫€?(https://learn.microsoft.com/dotnet/fundamentals/code-analysis/style-rules/ide0011) [C:\UserWorx\VSWorx\ServoStudio\wpfui-servoStudio\samples\Wpf.Ui.servoStudio\servoStudio_wjhet5xd_wpftmp.csproj]
C:\UserWorx\VSWorx\ServoStudio\wpfui-servoStudio\samples\Wpf.Ui.servoStudio\ViewModels\DeviceSet\DeviceAddViewModel.cs(1595,13): warning IDE0008: 鐢ㄦ樉寮忕被鍨嬩唬鏇?"var" (https://learn.microsoft.com/dotnet/fundamentals/code-analysis/style-rules/ide0008) [C:\UserWorx\VSWorx\ServoStudio\wpfui-servoStudio\samples\Wpf.Ui.servoStudio\servoStudio_wjhet5xd_wpftmp.csproj]
C:\UserWorx\VSWorx\ServoStudio\wpfui-servoStudio\samples\Wpf.Ui.servoStudio\ViewModels\DeviceSet\BusDiagnosticsViewModel.cs(392,9): warning IDE0011: 鍚?鈥渋f鈥?璇彞娣诲姞澶ф嫭鍙枫€?(https://learn.microsoft.com/dotnet/fundamentals/code-analysis/style-rules/ide0011) [C:\UserWorx\VSWorx\ServoStudio\wpfui-servoStudio\samples\Wpf.Ui.servoStudio\servoStudio_wjhet5xd_wpftmp.csproj]
C:\UserWorx\VSWorx\ServoStudio\wpfui-servoStudio\samples\Wpf.Ui.servoStudio\ViewModels\Motion\MotionLimitViewModel.cs(194,43): warning IDE0055: 淇鏍煎紡 (https://learn.microsoft.com/dotnet/fundamentals/code-analysis/style-rules/ide0055) [C:\UserWorx\VSWorx\ServoStudio\wpfui-servoStudio\samples\Wpf.Ui.servoStudio\servoStudio_wjhet5xd_wpftmp.csproj]
C:\UserWorx\VSWorx\ServoStudio\wpfui-servoStudio\samples\Wpf.Ui.servoStudio\ViewModels\Motion\MotionLimitViewModel.cs(194,45): warning IDE0055: 淇鏍煎紡 (https://learn.microsoft.com/dotnet/fundamentals/code-analysis/style-rules/ide0055) [C:\UserWorx\VSWorx\ServoStudio\wpfui-servoStudio\samples\Wpf.Ui.servoStudio\servoStudio_wjhet5xd_wpftmp.csproj]
C:\UserWorx\VSWorx\ServoStudio\wpfui-servoStudio\samples\Wpf.Ui.servoStudio\ViewModels\Motion\MotionLimitViewModel.cs(216,31): warning IDE0055: 淇鏍煎紡 (https://learn.microsoft.com/dotnet/fundamentals/code-analysis/style-rules/ide0055) [C:\UserWorx\VSWorx\ServoStudio\wpfui-servoStudio\samples\Wpf.Ui.servoStudio\servoStudio_wjhet5xd_wpftmp.csproj]
C:\UserWorx\VSWorx\ServoStudio\wpfui-servoStudio\samples\Wpf.Ui.servoStudio\ViewModels\Motion\MotionLimitViewModel.cs(218,95): warning IDE0055: 淇鏍煎紡 (https://learn.microsoft.com/dotnet/fundamentals/code-analysis/style-rules/ide0055) [C:\UserWorx\VSWorx\ServoStudio\wpfui-servoStudio\samples\Wpf.Ui.servoStudio\servoStudio_wjhet5xd_wpftmp.csproj]
C:\UserWorx\VSWorx\ServoStudio\wpfui-servoStudio\samples\Wpf.Ui.servoStudio\ViewModels\Motion\MotionLimitViewModel.cs(617,27): warning IDE0055: 淇鏍煎紡 (https://learn.microsoft.com/dotnet/fundamentals/code-analysis/style-rules/ide0055) [C:\UserWorx\VSWorx\ServoStudio\wpfui-servoStudio\samples\Wpf.Ui.servoStudio\servoStudio_wjhet5xd_wpftmp.csproj]
C:\UserWorx\VSWorx\ServoStudio\wpfui-servoStudio\samples\Wpf.Ui.servoStudio\ViewModels\Motion\MotionLimitViewModel.cs(617,29): warning IDE0055: 淇鏍煎紡 (https://learn.microsoft.com/dotnet/fundamentals/code-analysis/style-rules/ide0055) [C:\UserWorx\VSWorx\ServoStudio\wpfui-servoStudio\samples\Wpf.Ui.servoStudio\servoStudio_wjhet5xd_wpftmp.csproj]
C:\UserWorx\VSWorx\ServoStudio\wpfui-servoStudio\samples\Wpf.Ui.servoStudio\ViewModels\Motion\MotionLimitViewModel.cs(617,39): warning IDE0055: 淇鏍煎紡 (https://learn.microsoft.com/dotnet/fundamentals/code-analysis/style-rules/ide0055) [C:\UserWorx\VSWorx\ServoStudio\wpfui-servoStudio\samples\Wpf.Ui.servoStudio\servoStudio_wjhet5xd_wpftmp.csproj]
C:\UserWorx\VSWorx\ServoStudio\wpfui-servoStudio\samples\Wpf.Ui.servoStudio\ViewModels\Motion\MotionLimitViewModel.cs(619,27): warning IDE0055: 淇鏍煎紡 (https://learn.microsoft.com/dotnet/fundamentals/code-analysis/style-rules/ide0055) [C:\UserWorx\VSWorx\ServoStudio\wpfui-servoStudio\samples\Wpf.Ui.servoStudio\servoStudio_wjhet5xd_wpftmp.csproj]
C:\UserWorx\VSWorx\ServoStudio\wpfui-servoStudio\samples\Wpf.Ui.servoStudio\ViewModels\Motion\MotionLimitViewModel.cs(619,29): warning IDE0055: 淇鏍煎紡 (https://learn.microsoft.com/dotnet/fundamentals/code-analysis/style-rules/ide0055) [C:\UserWorx\VSWorx\ServoStudio\wpfui-servoStudio\samples\Wpf.Ui.servoStudio\servoStudio_wjhet5xd_wpftmp.csproj]
C:\UserWorx\VSWorx\ServoStudio\wpfui-servoStudio\samples\Wpf.Ui.servoStudio\ViewModels\Motion\MotionLimitViewModel.cs(619,39): warning IDE0055: 淇鏍煎紡 (https://learn.microsoft.com/dotnet/fundamentals/code-analysis/style-rules/ide0055) [C:\UserWorx\VSWorx\ServoStudio\wpfui-servoStudio\samples\Wpf.Ui.servoStudio\servoStudio_wjhet5xd_wpftmp.csproj]
C:\UserWorx\VSWorx\ServoStudio\wpfui-servoStudio\samples\Wpf.Ui.servoStudio\ViewModels\Motion\MotionLimitViewModel.cs(620,28): warning IDE0055: 淇鏍煎紡 (https://learn.microsoft.com/dotnet/fundamentals/code-analysis/style-rules/ide0055) [C:\UserWorx\VSWorx\ServoStudio\wpfui-servoStudio\samples\Wpf.Ui.servoStudio\servoStudio_wjhet5xd_wpftmp.csproj]
C:\UserWorx\VSWorx\ServoStudio\wpfui-servoStudio\samples\Wpf.Ui.servoStudio\ViewModels\Motion\MotionLimitViewModel.cs(620,30): warning IDE0055: 淇鏍煎紡 (https://learn.microsoft.com/dotnet/fundamentals/code-analysis/style-rules/ide0055) [C:\UserWorx\VSWorx\ServoStudio\wpfui-servoStudio\samples\Wpf.Ui.servoStudio\servoStudio_wjhet5xd_wpftmp.csproj]
C:\UserWorx\VSWorx\ServoStudio\wpfui-servoStudio\samples\Wpf.Ui.servoStudio\ViewModels\Motion\MotionLimitViewModel.cs(620,40): warning IDE0055: 淇鏍煎紡 (https://learn.microsoft.com/dotnet/fundamentals/code-analysis/style-rules/ide0055) [C:\UserWorx\VSWorx\ServoStudio\wpfui-servoStudio\samples\Wpf.Ui.servoStudio\servoStudio_wjhet5xd_wpftmp.csproj]
C:\UserWorx\VSWorx\ServoStudio\wpfui-servoStudio\samples\Wpf.Ui.servoStudio\Services\DataFrameLogger.cs(104,9): warning IDE0011: 鍚?鈥渋f鈥?璇彞娣诲姞澶ф嫭鍙枫€?(https://learn.microsoft.com/dotnet/fundamentals/code-analysis/style-rules/ide0011) [C:\UserWorx\VSWorx\ServoStudio\wpfui-servoStudio\samples\Wpf.Ui.servoStudio\servoStudio_wjhet5xd_wpftmp.csproj]
C:\UserWorx\VSWorx\ServoStudio\wpfui-servoStudio\samples\Wpf.Ui.servoStudio\Views\Dialogs\SheetPickerWindow.cs(51,9): warning IDE0058: 姘歌繙涓嶄細浣跨敤琛ㄨ揪寮忓€?(https://learn.microsoft.com/dotnet/fundamentals/code-analysis/style-rules/ide0058) [C:\UserWorx\VSWorx\ServoStudio\wpfui-servoStudio\samples\Wpf.Ui.servoStudio\servoStudio_wjhet5xd_wpftmp.csproj]
C:\UserWorx\VSWorx\ServoStudio\wpfui-servoStudio\samples\Wpf.Ui.servoStudio\Views\Dialogs\SheetPickerWindow.cs(59,13): warning IDE0058: 姘歌繙涓嶄細浣跨敤琛ㄨ揪寮忓€?(https://learn.microsoft.com/dotnet/fundamentals/code-analysis/style-rules/ide0058) [C:\UserWorx\VSWorx\ServoStudio\wpfui-servoStudio\samples\Wpf.Ui.servoStudio\servoStudio_wjhet5xd_wpftmp.csproj]
C:\UserWorx\VSWorx\ServoStudio\wpfui-servoStudio\samples\Wpf.Ui.servoStudio\Views\Dialogs\SheetPickerWindow.cs(80,9): warning IDE0058: 姘歌繙涓嶄細浣跨敤琛ㄨ揪寮忓€?(https://learn.microsoft.com/dotnet/fundamentals/code-analysis/style-rules/ide0058) [C:\UserWorx\VSWorx\ServoStudio\wpfui-servoStudio\samples\Wpf.Ui.servoStudio\servoStudio_wjhet5xd_wpftmp.csproj]
C:\UserWorx\VSWorx\ServoStudio\wpfui-servoStudio\samples\Wpf.Ui.servoStudio\Views\Dialogs\SheetPickerWindow.cs(109,9): warning IDE0058: 姘歌繙涓嶄細浣跨敤琛ㄨ揪寮忓€?(https://learn.microsoft.com/dotnet/fundamentals/code-analysis/style-rules/ide0058) [C:\UserWorx\VSWorx\ServoStudio\wpfui-servoStudio\samples\Wpf.Ui.servoStudio\servoStudio_wjhet5xd_wpftmp.csproj]
C:\UserWorx\VSWorx\ServoStudio\wpfui-servoStudio\samples\Wpf.Ui.servoStudio\Views\Dialogs\SheetPickerWindow.cs(110,9): warning IDE0058: 姘歌繙涓嶄細浣跨敤琛ㄨ揪寮忓€?(https://learn.microsoft.com/dotnet/fundamentals/code-analysis/style-rules/ide0058) [C:\UserWorx\VSWorx\ServoStudio\wpfui-servoStudio\samples\Wpf.Ui.servoStudio\servoStudio_wjhet5xd_wpftmp.csproj]
C:\UserWorx\VSWorx\ServoStudio\wpfui-servoStudio\samples\Wpf.Ui.servoStudio\Views\Dialogs\SheetPickerWindow.cs(112,9): warning IDE0058: 姘歌繙涓嶄細浣跨敤琛ㄨ揪寮忓€?(https://learn.microsoft.com/dotnet/fundamentals/code-analysis/style-rules/ide0058) [C:\UserWorx\VSWorx\ServoStudio\wpfui-servoStudio\samples\Wpf.Ui.servoStudio\servoStudio_wjhet5xd_wpftmp.csproj]
C:\UserWorx\VSWorx\ServoStudio\wpfui-servoStudio\samples\Wpf.Ui.servoStudio\Services\DataFrameLogger.cs(128,9): warning IDE0011: 鍚?鈥渋f鈥?璇彞娣诲姞澶ф嫭鍙枫€?(https://learn.microsoft.com/dotnet/fundamentals/code-analysis/style-rules/ide0011) [C:\UserWorx\VSWorx\ServoStudio\wpfui-servoStudio\samples\Wpf.Ui.servoStudio\servoStudio_wjhet5xd_wpftmp.csproj]
C:\UserWorx\VSWorx\ServoStudio\wpfui-servoStudio\samples\Wpf.Ui.servoStudio\ViewModels\DeviceSet\DeviceAddViewModel.cs(1662,9): warning IDE0008: 鐢ㄦ樉寮忕被鍨嬩唬鏇?"var" (https://learn.microsoft.com/dotnet/fundamentals/code-analysis/style-rules/ide0008) [C:\UserWorx\VSWorx\ServoStudio\wpfui-servoStudio\samples\Wpf.Ui.servoStudio\servoStudio_wjhet5xd_wpftmp.csproj]
C:\UserWorx\VSWorx\ServoStudio\wpfui-servoStudio\samples\Wpf.Ui.servoStudio\ViewModels\DeviceSet\DeviceAddViewModel.cs(1675,17): warning IDE0011: 鍚?鈥渋f鈥?璇彞娣诲姞澶ф嫭鍙枫€?(https://learn.microsoft.com/dotnet/fundamentals/code-analysis/style-rules/ide0011) [C:\UserWorx\VSWorx\ServoStudio\wpfui-servoStudio\samples\Wpf.Ui.servoStudio\servoStudio_wjhet5xd_wpftmp.csproj]
C:\UserWorx\VSWorx\ServoStudio\wpfui-servoStudio\samples\Wpf.Ui.servoStudio\Views\Pages\AppDataPages\DataViewPage.xaml.cs(594,18): warning IDE0008: 鐢ㄦ樉寮忕被鍨嬩唬鏇?"var" (https://learn.microsoft.com/dotnet/fundamentals/code-analysis/style-rules/ide0008) [C:\UserWorx\VSWorx\ServoStudio\wpfui-servoStudio\samples\Wpf.Ui.servoStudio\servoStudio_wjhet5xd_wpftmp.csproj]
C:\UserWorx\VSWorx\ServoStudio\wpfui-servoStudio\samples\Wpf.Ui.servoStudio\ViewModels\DeviceSet\DeviceAddViewModel.cs(1648,13): warning IDE0058: 姘歌繙涓嶄細浣跨敤琛ㄨ揪寮忓€?(https://learn.microsoft.com/dotnet/fundamentals/code-analysis/style-rules/ide0058) [C:\UserWorx\VSWorx\ServoStudio\wpfui-servoStudio\samples\Wpf.Ui.servoStudio\servoStudio_wjhet5xd_wpftmp.csproj]
C:\UserWorx\VSWorx\ServoStudio\wpfui-servoStudio\samples\Wpf.Ui.servoStudio\ViewModels\DeviceSet\DeviceAddViewModel.cs(1688,9): warning IDE0011: 鍚?鈥渋f鈥?璇彞娣诲姞澶ф嫭鍙枫€?(https://learn.microsoft.com/dotnet/fundamentals/code-analysis/style-rules/ide0011) [C:\UserWorx\VSWorx\ServoStudio\wpfui-servoStudio\samples\Wpf.Ui.servoStudio\servoStudio_wjhet5xd_wpftmp.csproj]
C:\UserWorx\VSWorx\ServoStudio\wpfui-servoStudio\samples\Wpf.Ui.servoStudio\ViewModels\DeviceSet\DeviceAddViewModel.cs(1676,17): warning IDE0058: 姘歌繙涓嶄細浣跨敤琛ㄨ揪寮忓€?(https://learn.microsoft.com/dotnet/fundamentals/code-analysis/style-rules/ide0058) [C:\UserWorx\VSWorx\ServoStudio\wpfui-servoStudio\samples\Wpf.Ui.servoStudio\servoStudio_wjhet5xd_wpftmp.csproj]
C:\UserWorx\VSWorx\ServoStudio\wpfui-servoStudio\samples\Wpf.Ui.servoStudio\ViewModels\DeviceSet\DeviceAddViewModel.cs(1690,9): warning IDE0058: 姘歌繙涓嶄細浣跨敤琛ㄨ揪寮忓€?(https://learn.microsoft.com/dotnet/fundamentals/code-analysis/style-rules/ide0058) [C:\UserWorx\VSWorx\ServoStudio\wpfui-servoStudio\samples\Wpf.Ui.servoStudio\servoStudio_wjhet5xd_wpftmp.csproj]
C:\UserWorx\VSWorx\ServoStudio\wpfui-servoStudio\samples\Wpf.Ui.servoStudio\Views\Pages\AppDataPages\DataViewPage.xaml.cs(640,13): warning IDE0008: 鐢ㄦ樉寮忕被鍨嬩唬鏇?"var" (https://learn.microsoft.com/dotnet/fundamentals/code-analysis/style-rules/ide0008) [C:\UserWorx\VSWorx\ServoStudio\wpfui-servoStudio\samples\Wpf.Ui.servoStudio\servoStudio_wjhet5xd_wpftmp.csproj]
C:\UserWorx\VSWorx\ServoStudio\wpfui-servoStudio\samples\Wpf.Ui.servoStudio\ViewModels\Hardware\ControllerViewModel.cs(216,9): warning IDE0011: 鍚?鈥渋f鈥?璇彞娣诲姞澶ф嫭鍙枫€?(https://learn.microsoft.com/dotnet/fundamentals/code-analysis/style-rules/ide0011) [C:\UserWorx\VSWorx\ServoStudio\wpfui-servoStudio\samples\Wpf.Ui.servoStudio\servoStudio_wjhet5xd_wpftmp.csproj]
C:\UserWorx\VSWorx\ServoStudio\wpfui-servoStudio\samples\Wpf.Ui.servoStudio\Views\Pages\AppDataPages\AppLogPage.xaml.cs(54,9): warning IDE0011: 鍚?鈥渋f鈥?璇彞娣诲姞澶ф嫭鍙枫€?(https://learn.microsoft.com/dotnet/fundamentals/code-analysis/style-rules/ide0011) [C:\UserWorx\VSWorx\ServoStudio\wpfui-servoStudio\samples\Wpf.Ui.servoStudio\servoStudio_wjhet5xd_wpftmp.csproj]
C:\UserWorx\VSWorx\ServoStudio\wpfui-servoStudio\samples\Wpf.Ui.servoStudio\Views\Pages\AppDataPages\AppLogPage.xaml.cs(61,9): warning IDE0011: 鍚?鈥渋f鈥?璇彞娣诲姞澶ф嫭鍙枫€?(https://learn.microsoft.com/dotnet/fundamentals/code-analysis/style-rules/ide0011) [C:\UserWorx\VSWorx\ServoStudio\wpfui-servoStudio\samples\Wpf.Ui.servoStudio\servoStudio_wjhet5xd_wpftmp.csproj]
C:\UserWorx\VSWorx\ServoStudio\wpfui-servoStudio\samples\Wpf.Ui.servoStudio\Views\Pages\AppDataPages\AppLogPage.xaml.cs(65,9): warning IDE0011: 鍚?鈥渋f鈥?璇彞娣诲姞澶ф嫭鍙枫€?(https://learn.microsoft.com/dotnet/fundamentals/code-analysis/style-rules/ide0011) [C:\UserWorx\VSWorx\ServoStudio\wpfui-servoStudio\samples\Wpf.Ui.servoStudio\servoStudio_wjhet5xd_wpftmp.csproj]
C:\UserWorx\VSWorx\ServoStudio\wpfui-servoStudio\samples\Wpf.Ui.servoStudio\Views\Pages\AppDataPages\AppLogPage.xaml.cs(74,9): warning IDE0011: 鍚?鈥渋f鈥?璇彞娣诲姞澶ф嫭鍙枫€?(https://learn.microsoft.com/dotnet/fundamentals/code-analysis/style-rules/ide0011) [C:\UserWorx\VSWorx\ServoStudio\wpfui-servoStudio\samples\Wpf.Ui.servoStudio\servoStudio_wjhet5xd_wpftmp.csproj]
C:\UserWorx\VSWorx\ServoStudio\wpfui-servoStudio\samples\Wpf.Ui.servoStudio\Services\DataFrameLogger.cs(162,21): warning IDE0011: 鍚?鈥渋f鈥?璇彞娣诲姞澶ф嫭鍙枫€?(https://learn.microsoft.com/dotnet/fundamentals/code-analysis/style-rules/ide0011) [C:\UserWorx\VSWorx\ServoStudio\wpfui-servoStudio\samples\Wpf.Ui.servoStudio\servoStudio_wjhet5xd_wpftmp.csproj]
C:\UserWorx\VSWorx\ServoStudio\wpfui-servoStudio\samples\Wpf.Ui.servoStudio\Services\DataFrameLogger.cs(174,21): warning IDE0011: 鍚?鈥渋f鈥?璇彞娣诲姞澶ф嫭鍙枫€?(https://learn.microsoft.com/dotnet/fundamentals/code-analysis/style-rules/ide0011) [C:\UserWorx\VSWorx\ServoStudio\wpfui-servoStudio\samples\Wpf.Ui.servoStudio\servoStudio_wjhet5xd_wpftmp.csproj]
C:\UserWorx\VSWorx\ServoStudio\wpfui-servoStudio\samples\Wpf.Ui.servoStudio\Services\DataFrameLogger.cs(198,21): warning IDE0011: 鍚?鈥渋f鈥?璇彞娣诲姞澶ф嫭鍙枫€?(https://learn.microsoft.com/dotnet/fundamentals/code-analysis/style-rules/ide0011) [C:\UserWorx\VSWorx\ServoStudio\wpfui-servoStudio\samples\Wpf.Ui.servoStudio\servoStudio_wjhet5xd_wpftmp.csproj]
C:\UserWorx\VSWorx\ServoStudio\wpfui-servoStudio\samples\Wpf.Ui.servoStudio\Views\Pages\AppDataPages\AppLogPage.xaml.cs(98,9): warning IDE0011: 鍚?鈥渋f鈥?璇彞娣诲姞澶ф嫭鍙枫€?(https://learn.microsoft.com/dotnet/fundamentals/code-analysis/style-rules/ide0011) [C:\UserWorx\VSWorx\ServoStudio\wpfui-servoStudio\samples\Wpf.Ui.servoStudio\servoStudio_wjhet5xd_wpftmp.csproj]
C:\UserWorx\VSWorx\ServoStudio\wpfui-servoStudio\samples\Wpf.Ui.servoStudio\ViewModels\Motion\MotionTypeViewModel.cs(1348,9): warning IDE0011: 鍚?鈥渋f鈥?璇彞娣诲姞澶ф嫭鍙枫€?(https://learn.microsoft.com/dotnet/fundamentals/code-analysis/style-rules/ide0011) [C:\UserWorx\VSWorx\ServoStudio\wpfui-servoStudio\samples\Wpf.Ui.servoStudio\servoStudio_wjhet5xd_wpftmp.csproj]
C:\UserWorx\VSWorx\ServoStudio\wpfui-servoStudio\samples\Wpf.Ui.servoStudio\ViewModels\Motion\MotionTypeViewModel.cs(1350,9): warning IDE0011: 鍚?鈥渋f鈥?璇彞娣诲姞澶ф嫭鍙枫€?(https://learn.microsoft.com/dotnet/fundamentals/code-analysis/style-rules/ide0011) [C:\UserWorx\VSWorx\ServoStudio\wpfui-servoStudio\samples\Wpf.Ui.servoStudio\servoStudio_wjhet5xd_wpftmp.csproj]
C:\UserWorx\VSWorx\ServoStudio\wpfui-servoStudio\samples\Wpf.Ui.servoStudio\ViewModels\Motion\MotionTypeViewModel.cs(1352,9): warning IDE0011: 鍚?鈥渋f鈥?璇彞娣诲姞澶ф嫭鍙枫€?(https://learn.microsoft.com/dotnet/fundamentals/code-analysis/style-rules/ide0011) [C:\UserWorx\VSWorx\ServoStudio\wpfui-servoStudio\samples\Wpf.Ui.servoStudio\servoStudio_wjhet5xd_wpftmp.csproj]
C:\UserWorx\VSWorx\ServoStudio\wpfui-servoStudio\samples\Wpf.Ui.servoStudio\ViewModels\Motion\MotionTypeViewModel.cs(1354,9): warning IDE0011: 鍚?鈥渋f鈥?璇彞娣诲姞澶ф嫭鍙枫€?(https://learn.microsoft.com/dotnet/fundamentals/code-analysis/style-rules/ide0011) [C:\UserWorx\VSWorx\ServoStudio\wpfui-servoStudio\samples\Wpf.Ui.servoStudio\servoStudio_wjhet5xd_wpftmp.csproj]
C:\UserWorx\VSWorx\ServoStudio\wpfui-servoStudio\samples\Wpf.Ui.servoStudio\ViewModels\Motion\MotionTypeViewModel.cs(1356,9): warning IDE0011: 鍚?鈥渋f鈥?璇彞娣诲姞澶ф嫭鍙枫€?(https://learn.microsoft.com/dotnet/fundamentals/code-analysis/style-rules/ide0011) [C:\UserWorx\VSWorx\ServoStudio\wpfui-servoStudio\samples\Wpf.Ui.servoStudio\servoStudio_wjhet5xd_wpftmp.csproj]
C:\UserWorx\VSWorx\ServoStudio\wpfui-servoStudio\samples\Wpf.Ui.servoStudio\ViewModels\Motion\MotionProfileViewModel.cs(375,43): warning IDE0055: 淇鏍煎紡 (https://learn.microsoft.com/dotnet/fundamentals/code-analysis/style-rules/ide0055) [C:\UserWorx\VSWorx\ServoStudio\wpfui-servoStudio\samples\Wpf.Ui.servoStudio\servoStudio_wjhet5xd_wpftmp.csproj]
C:\UserWorx\VSWorx\ServoStudio\wpfui-servoStudio\samples\Wpf.Ui.servoStudio\ViewModels\Motion\MotionProfileViewModel.cs(375,45): warning IDE0055: 淇鏍煎紡 (https://learn.microsoft.com/dotnet/fundamentals/code-analysis/style-rules/ide0055) [C:\UserWorx\VSWorx\ServoStudio\wpfui-servoStudio\samples\Wpf.Ui.servoStudio\servoStudio_wjhet5xd_wpftmp.csproj]
C:\UserWorx\VSWorx\ServoStudio\wpfui-servoStudio\samples\Wpf.Ui.servoStudio\ViewModels\Motion\MotionTypeViewModel.cs(1364,9): warning IDE0011: 鍚?鈥渋f鈥?璇彞娣诲姞澶ф嫭鍙枫€?(https://learn.microsoft.com/dotnet/fundamentals/code-analysis/style-rules/ide0011) [C:\UserWorx\VSWorx\ServoStudio\wpfui-servoStudio\samples\Wpf.Ui.servoStudio\servoStudio_wjhet5xd_wpftmp.csproj]
C:\UserWorx\VSWorx\ServoStudio\wpfui-servoStudio\samples\Wpf.Ui.servoStudio\ViewModels\AppData\PidAdjustViewModel.cs(40,9): warning IDE0011: 鍚?鈥渋f鈥?璇彞娣诲姞澶ф嫭鍙枫€?(https://learn.microsoft.com/dotnet/fundamentals/code-analysis/style-rules/ide0011) [C:\UserWorx\VSWorx\ServoStudio\wpfui-servoStudio\samples\Wpf.Ui.servoStudio\servoStudio_wjhet5xd_wpftmp.csproj]
C:\UserWorx\VSWorx\ServoStudio\wpfui-servoStudio\samples\Wpf.Ui.servoStudio\Views\Pages\AppDataPages\AppLogPage.xaml.cs(110,13): warning IDE0011: 鍚?鈥渋f鈥?璇彞娣诲姞澶ф嫭鍙枫€?(https://learn.microsoft.com/dotnet/fundamentals/code-analysis/style-rules/ide0011) [C:\UserWorx\VSWorx\ServoStudio\wpfui-servoStudio\samples\Wpf.Ui.servoStudio\servoStudio_wjhet5xd_wpftmp.csproj]
C:\UserWorx\VSWorx\ServoStudio\wpfui-servoStudio\samples\Wpf.Ui.servoStudio\Views\Pages\AppDataPages\AppLogPage.xaml.cs(114,13): warning IDE0011: 鍚?鈥渋f鈥?璇彞娣诲姞澶ф嫭鍙枫€?(https://learn.microsoft.com/dotnet/fundamentals/code-analysis/style-rules/ide0011) [C:\UserWorx\VSWorx\ServoStudio\wpfui-servoStudio\samples\Wpf.Ui.servoStudio\servoStudio_wjhet5xd_wpftmp.csproj]
C:\UserWorx\VSWorx\ServoStudio\wpfui-servoStudio\samples\Wpf.Ui.servoStudio\Views\Pages\AppDataPages\AppLogPage.xaml.cs(123,17): warning IDE0011: 鍚?鈥渋f鈥?璇彞娣诲姞澶ф嫭鍙枫€?(https://learn.microsoft.com/dotnet/fundamentals/code-analysis/style-rules/ide0011) [C:\UserWorx\VSWorx\ServoStudio\wpfui-servoStudio\samples\Wpf.Ui.servoStudio\servoStudio_wjhet5xd_wpftmp.csproj]
C:\UserWorx\VSWorx\ServoStudio\wpfui-servoStudio\samples\Wpf.Ui.servoStudio\ViewModels\Motion\MotionTypeViewModel.cs(1372,9): warning IDE0011: 鍚?鈥渋f鈥?璇彞娣诲姞澶ф嫭鍙枫€?(https://learn.microsoft.com/dotnet/fundamentals/code-analysis/style-rules/ide0011) [C:\UserWorx\VSWorx\ServoStudio\wpfui-servoStudio\samples\Wpf.Ui.servoStudio\servoStudio_wjhet5xd_wpftmp.csproj]
C:\UserWorx\VSWorx\ServoStudio\wpfui-servoStudio\samples\Wpf.Ui.servoStudio\ViewModels\Motion\MotionTypeViewModel.cs(1374,9): warning IDE0011: 鍚?鈥渋f鈥?璇彞娣诲姞澶ф嫭鍙枫€?(https://learn.microsoft.com/dotnet/fundamentals/code-analysis/style-rules/ide0011) [C:\UserWorx\VSWorx\ServoStudio\wpfui-servoStudio\samples\Wpf.Ui.servoStudio\servoStudio_wjhet5xd_wpftmp.csproj]
C:\UserWorx\VSWorx\ServoStudio\wpfui-servoStudio\samples\Wpf.Ui.servoStudio\ViewModels\Motion\MotionTypeViewModel.cs(1376,9): warning IDE0011: 鍚?鈥渋f鈥?璇彞娣诲姞澶ф嫭鍙枫€?(https://learn.microsoft.com/dotnet/fundamentals/code-analysis/style-rules/ide0011) [C:\UserWorx\VSWorx\ServoStudio\wpfui-servoStudio\samples\Wpf.Ui.servoStudio\servoStudio_wjhet5xd_wpftmp.csproj]
C:\UserWorx\VSWorx\ServoStudio\wpfui-servoStudio\samples\Wpf.Ui.servoStudio\ViewModels\Motion\MotionTypeViewModel.cs(1378,9): warning IDE0011: 鍚?鈥渋f鈥?璇彞娣诲姞澶ф嫭鍙枫€?(https://learn.microsoft.com/dotnet/fundamentals/code-analysis/style-rules/ide0011) [C:\UserWorx\VSWorx\ServoStudio\wpfui-servoStudio\samples\Wpf.Ui.servoStudio\servoStudio_wjhet5xd_wpftmp.csproj]
C:\UserWorx\VSWorx\ServoStudio\wpfui-servoStudio\samples\Wpf.Ui.servoStudio\ViewModels\AppData\PidAdjustViewModel.cs(40,39): warning IDE0058: 姘歌繙涓嶄細浣跨敤琛ㄨ揪寮忓€?(https://learn.microsoft.com/dotnet/fundamentals/code-analysis/style-rules/ide0058) [C:\UserWorx\VSWorx\ServoStudio\wpfui-servoStudio\samples\Wpf.Ui.servoStudio\servoStudio_wjhet5xd_wpftmp.csproj]
C:\UserWorx\VSWorx\ServoStudio\wpfui-servoStudio\samples\Wpf.Ui.servoStudio\ViewModels\Motion\MotionTypeViewModel.cs(1386,9): warning IDE0011: 鍚?鈥渋f鈥?璇彞娣诲姞澶ф嫭鍙枫€?(https://learn.microsoft.com/dotnet/fundamentals/code-analysis/style-rules/ide0011) [C:\UserWorx\VSWorx\ServoStudio\wpfui-servoStudio\samples\Wpf.Ui.servoStudio\servoStudio_wjhet5xd_wpftmp.csproj]
C:\UserWorx\VSWorx\ServoStudio\wpfui-servoStudio\samples\Wpf.Ui.servoStudio\ViewModels\Motion\MotionTypeViewModel.cs(1388,9): warning IDE0011: 鍚?鈥渋f鈥?璇彞娣诲姞澶ф嫭鍙枫€?(https://learn.microsoft.com/dotnet/fundamentals/code-analysis/style-rules/ide0011) [C:\UserWorx\VSWorx\ServoStudio\wpfui-servoStudio\samples\Wpf.Ui.servoStudio\servoStudio_wjhet5xd_wpftmp.csproj]
C:\UserWorx\VSWorx\ServoStudio\wpfui-servoStudio\samples\Wpf.Ui.servoStudio\ViewModels\Motion\MotionTypeViewModel.cs(1390,9): warning IDE0011: 鍚?鈥渋f鈥?璇彞娣诲姞澶ф嫭鍙枫€?(https://learn.microsoft.com/dotnet/fundamentals/code-analysis/style-rules/ide0011) [C:\UserWorx\VSWorx\ServoStudio\wpfui-servoStudio\samples\Wpf.Ui.servoStudio\servoStudio_wjhet5xd_wpftmp.csproj]
C:\UserWorx\VSWorx\ServoStudio\wpfui-servoStudio\samples\Wpf.Ui.servoStudio\ViewModels\Hardware\ControllerViewModel.cs(292,9): warning IDE0011: 鍚?鈥渋f鈥?璇彞娣诲姞澶ф嫭鍙枫€?(https://learn.microsoft.com/dotnet/fundamentals/code-analysis/style-rules/ide0011) [C:\UserWorx\VSWorx\ServoStudio\wpfui-servoStudio\samples\Wpf.Ui.servoStudio\servoStudio_wjhet5xd_wpftmp.csproj]
C:\UserWorx\VSWorx\ServoStudio\wpfui-servoStudio\samples\Wpf.Ui.servoStudio\Views\Pages\AppDataPages\AppLogPage.xaml.cs(135,9): warning IDE0011: 鍚?鈥渋f鈥?璇彞娣诲姞澶ф嫭鍙枫€?(https://learn.microsoft.com/dotnet/fundamentals/code-analysis/style-rules/ide0011) [C:\UserWorx\VSWorx\ServoStudio\wpfui-servoStudio\samples\Wpf.Ui.servoStudio\servoStudio_wjhet5xd_wpftmp.csproj]
C:\UserWorx\VSWorx\ServoStudio\wpfui-servoStudio\samples\Wpf.Ui.servoStudio\Views\Pages\AppDataPages\AppLogPage.xaml.cs(139,9): warning IDE0011: 鍚?鈥渋f鈥?璇彞娣诲姞澶ф嫭鍙枫€?(https://learn.microsoft.com/dotnet/fundamentals/code-analysis/style-rules/ide0011) [C:\UserWorx\VSWorx\ServoStudio\wpfui-servoStudio\samples\Wpf.Ui.servoStudio\servoStudio_wjhet5xd_wpftmp.csproj]
C:\UserWorx\VSWorx\ServoStudio\wpfui-servoStudio\samples\Wpf.Ui.servoStudio\Services\DataFrameLogger.cs(256,9): warning IDE0011: 鍚?鈥渋f鈥?璇彞娣诲姞澶ф嫭鍙枫€?(https://learn.microsoft.com/dotnet/fundamentals/code-analysis/style-rules/ide0011) [C:\UserWorx\VSWorx\ServoStudio\wpfui-servoStudio\samples\Wpf.Ui.servoStudio\servoStudio_wjhet5xd_wpftmp.csproj]
C:\UserWorx\VSWorx\ServoStudio\wpfui-servoStudio\samples\Wpf.Ui.servoStudio\Services\DataFrameLogger.cs(278,9): warning IDE0011: 鍚?鈥渋f鈥?璇彞娣诲姞澶ф嫭鍙枫€?(https://learn.microsoft.com/dotnet/fundamentals/code-analysis/style-rules/ide0011) [C:\UserWorx\VSWorx\ServoStudio\wpfui-servoStudio\samples\Wpf.Ui.servoStudio\servoStudio_wjhet5xd_wpftmp.csproj]
C:\UserWorx\VSWorx\ServoStudio\wpfui-servoStudio\samples\Wpf.Ui.servoStudio\ViewModels\DeviceSet\DeviceAddViewModel.cs(1696,9): warning IDE0011: 鍚?鈥渋f鈥?璇彞娣诲姞澶ф嫭鍙枫€?(https://learn.microsoft.com/dotnet/fundamentals/code-analysis/style-rules/ide0011) [C:\UserWorx\VSWorx\ServoStudio\wpfui-servoStudio\samples\Wpf.Ui.servoStudio\servoStudio_wjhet5xd_wpftmp.csproj]
C:\UserWorx\VSWorx\ServoStudio\wpfui-servoStudio\samples\Wpf.Ui.servoStudio\ViewModels\DeviceSet\DeviceAddViewModel.cs(1698,9): warning IDE0011: 鍚?鈥渋f鈥?璇彞娣诲姞澶ф嫭鍙枫€?(https://learn.microsoft.com/dotnet/fundamentals/code-analysis/style-rules/ide0011) [C:\UserWorx\VSWorx\ServoStudio\wpfui-servoStudio\samples\Wpf.Ui.servoStudio\servoStudio_wjhet5xd_wpftmp.csproj]
C:\UserWorx\VSWorx\ServoStudio\wpfui-servoStudio\samples\Wpf.Ui.servoStudio\ViewModels\DeviceSet\DeviceAddViewModel.cs(1707,17): warning IDE0011: 鍚?鈥渋f鈥?璇彞娣诲姞澶ф嫭鍙枫€?(https://learn.microsoft.com/dotnet/fundamentals/code-analysis/style-rules/ide0011) [C:\UserWorx\VSWorx\ServoStudio\wpfui-servoStudio\samples\Wpf.Ui.servoStudio\servoStudio_wjhet5xd_wpftmp.csproj]
C:\UserWorx\VSWorx\ServoStudio\wpfui-servoStudio\samples\Wpf.Ui.servoStudio\ViewModels\DeviceSet\DeviceAddViewModel.cs(1712,17): warning IDE0011: 鍚?鈥渋f鈥?璇彞娣诲姞澶ф嫭鍙枫€?(https://learn.microsoft.com/dotnet/fundamentals/code-analysis/style-rules/ide0011) [C:\UserWorx\VSWorx\ServoStudio\wpfui-servoStudio\samples\Wpf.Ui.servoStudio\servoStudio_wjhet5xd_wpftmp.csproj]
C:\UserWorx\VSWorx\ServoStudio\wpfui-servoStudio\samples\Wpf.Ui.servoStudio\ViewModels\DeviceSet\DeviceAddViewModel.cs(1725,17): warning IDE0011: 鍚?鈥渋f鈥?璇彞娣诲姞澶ф嫭鍙枫€?(https://learn.microsoft.com/dotnet/fundamentals/code-analysis/style-rules/ide0011) [C:\UserWorx\VSWorx\ServoStudio\wpfui-servoStudio\samples\Wpf.Ui.servoStudio\servoStudio_wjhet5xd_wpftmp.csproj]
C:\UserWorx\VSWorx\ServoStudio\wpfui-servoStudio\samples\Wpf.Ui.servoStudio\ViewModels\DeviceSet\DeviceAddViewModel.cs(1737,13): warning IDE0011: 鍚?鈥渋f鈥?璇彞娣诲姞澶ф嫭鍙枫€?(https://learn.microsoft.com/dotnet/fundamentals/code-analysis/style-rules/ide0011) [C:\UserWorx\VSWorx\ServoStudio\wpfui-servoStudio\samples\Wpf.Ui.servoStudio\servoStudio_wjhet5xd_wpftmp.csproj]
C:\UserWorx\VSWorx\ServoStudio\wpfui-servoStudio\samples\Wpf.Ui.servoStudio\ViewModels\DeviceSet\DeviceAddViewModel.cs(1759,13): warning IDE0011: 鍚?鈥渋f鈥?璇彞娣诲姞澶ф嫭鍙枫€?(https://learn.microsoft.com/dotnet/fundamentals/code-analysis/style-rules/ide0011) [C:\UserWorx\VSWorx\ServoStudio\wpfui-servoStudio\samples\Wpf.Ui.servoStudio\servoStudio_wjhet5xd_wpftmp.csproj]
C:\UserWorx\VSWorx\ServoStudio\wpfui-servoStudio\samples\Wpf.Ui.servoStudio\ViewModels\DeviceSet\DeviceAddViewModel.cs(1695,9): warning IDE0008: 鐢ㄦ樉寮忕被鍨嬩唬鏇?"var" (https://learn.microsoft.com/dotnet/fundamentals/code-analysis/style-rules/ide0008) [C:\UserWorx\VSWorx\ServoStudio\wpfui-servoStudio\samples\Wpf.Ui.servoStudio\servoStudio_wjhet5xd_wpftmp.csproj]
C:\UserWorx\VSWorx\ServoStudio\wpfui-servoStudio\samples\Wpf.Ui.servoStudio\ViewModels\DeviceSet\DeviceAddViewModel.cs(1705,13): warning IDE0008: 鐢ㄦ樉寮忕被鍨嬩唬鏇?"var" (https://learn.microsoft.com/dotnet/fundamentals/code-analysis/style-rules/ide0008) [C:\UserWorx\VSWorx\ServoStudio\wpfui-servoStudio\samples\Wpf.Ui.servoStudio\servoStudio_wjhet5xd_wpftmp.csproj]
C:\UserWorx\VSWorx\ServoStudio\wpfui-servoStudio\samples\Wpf.Ui.servoStudio\Views\Pages\AppDataPages\DataViewPage.xaml.cs(729,13): warning IDE0008: 鐢ㄦ樉寮忕被鍨嬩唬鏇?"var" (https://learn.microsoft.com/dotnet/fundamentals/code-analysis/style-rules/ide0008) [C:\UserWorx\VSWorx\ServoStudio\wpfui-servoStudio\samples\Wpf.Ui.servoStudio\servoStudio_wjhet5xd_wpftmp.csproj]
C:\UserWorx\VSWorx\ServoStudio\wpfui-servoStudio\samples\Wpf.Ui.servoStudio\ViewModels\Motion\MotionTypeViewModel.cs(1402,13): warning IDE0011: 鍚?鈥渋f鈥?璇彞娣诲姞澶ф嫭鍙枫€?(https://learn.microsoft.com/dotnet/fundamentals/code-analysis/style-rules/ide0011) [C:\UserWorx\VSWorx\ServoStudio\wpfui-servoStudio\samples\Wpf.Ui.servoStudio\servoStudio_wjhet5xd_wpftmp.csproj]
C:\UserWorx\VSWorx\ServoStudio\wpfui-servoStudio\samples\Wpf.Ui.servoStudio\ViewModels\Motion\MotionTypeViewModel.cs(1406,9): warning IDE0011: 鍚?鈥渋f鈥?璇彞娣诲姞澶ф嫭鍙枫€?(https://learn.microsoft.com/dotnet/fundamentals/code-analysis/style-rules/ide0011) [C:\UserWorx\VSWorx\ServoStudio\wpfui-servoStudio\samples\Wpf.Ui.servoStudio\servoStudio_wjhet5xd_wpftmp.csproj]
C:\UserWorx\VSWorx\ServoStudio\wpfui-servoStudio\samples\Wpf.Ui.servoStudio\ViewModels\Motion\MotionTypeViewModel.cs(1408,9): warning IDE0011: 鍚?鈥渋f鈥?璇彞娣诲姞澶ф嫭鍙枫€?(https://learn.microsoft.com/dotnet/fundamentals/code-analysis/style-rules/ide0011) [C:\UserWorx\VSWorx\ServoStudio\wpfui-servoStudio\samples\Wpf.Ui.servoStudio\servoStudio_wjhet5xd_wpftmp.csproj]
C:\UserWorx\VSWorx\ServoStudio\wpfui-servoStudio\samples\Wpf.Ui.servoStudio\ViewModels\Motion\MotionTypeViewModel.cs(1410,9): warning IDE0011: 鍚?鈥渋f鈥?璇彞娣诲姞澶ф嫭鍙枫€?(https://learn.microsoft.com/dotnet/fundamentals/code-analysis/style-rules/ide0011) [C:\UserWorx\VSWorx\ServoStudio\wpfui-servoStudio\samples\Wpf.Ui.servoStudio\servoStudio_wjhet5xd_wpftmp.csproj]
C:\UserWorx\VSWorx\ServoStudio\wpfui-servoStudio\samples\Wpf.Ui.servoStudio\ViewModels\Motion\MotionTypeViewModel.cs(1423,9): warning IDE0011: 鍚?鈥渋f鈥?璇彞娣诲姞澶ф嫭鍙枫€?(https://learn.microsoft.com/dotnet/fundamentals/code-analysis/style-rules/ide0011) [C:\UserWorx\VSWorx\ServoStudio\wpfui-servoStudio\samples\Wpf.Ui.servoStudio\servoStudio_wjhet5xd_wpftmp.csproj]
C:\UserWorx\VSWorx\ServoStudio\wpfui-servoStudio\samples\Wpf.Ui.servoStudio\ViewModels\DeviceSet\DeviceAddViewModel.cs(1767,13): warning IDE0058: 姘歌繙涓嶄細浣跨敤琛ㄨ揪寮忓€?(https://learn.microsoft.com/dotnet/fundamentals/code-analysis/style-rules/ide0058) [C:\UserWorx\VSWorx\ServoStudio\wpfui-servoStudio\samples\Wpf.Ui.servoStudio\servoStudio_wjhet5xd_wpftmp.csproj]
C:\UserWorx\VSWorx\ServoStudio\wpfui-servoStudio\samples\Wpf.Ui.servoStudio\ViewModels\Motion\MotionTypeViewModel.cs(1431,9): warning IDE0011: 鍚?鈥渋f鈥?璇彞娣诲姞澶ф嫭鍙枫€?(https://learn.microsoft.com/dotnet/fundamentals/code-analysis/style-rules/ide0011) [C:\UserWorx\VSWorx\ServoStudio\wpfui-servoStudio\samples\Wpf.Ui.servoStudio\servoStudio_wjhet5xd_wpftmp.csproj]
C:\UserWorx\VSWorx\ServoStudio\wpfui-servoStudio\samples\Wpf.Ui.servoStudio\ViewModels\Motion\MotionTypeViewModel.cs(1433,9): warning IDE0011: 鍚?鈥渋f鈥?璇彞娣诲姞澶ф嫭鍙枫€?(https://learn.microsoft.com/dotnet/fundamentals/code-analysis/style-rules/ide0011) [C:\UserWorx\VSWorx\ServoStudio\wpfui-servoStudio\samples\Wpf.Ui.servoStudio\servoStudio_wjhet5xd_wpftmp.csproj]
C:\UserWorx\VSWorx\ServoStudio\wpfui-servoStudio\samples\Wpf.Ui.servoStudio\ViewModels\Motion\MotionTypeViewModel.cs(1435,9): warning IDE0011: 鍚?鈥渋f鈥?璇彞娣诲姞澶ф嫭鍙枫€?(https://learn.microsoft.com/dotnet/fundamentals/code-analysis/style-rules/ide0011) [C:\UserWorx\VSWorx\ServoStudio\wpfui-servoStudio\samples\Wpf.Ui.servoStudio\servoStudio_wjhet5xd_wpftmp.csproj]
C:\UserWorx\VSWorx\ServoStudio\wpfui-servoStudio\samples\Wpf.Ui.servoStudio\ViewModels\Motion\MotionTypeViewModel.cs(1437,9): warning IDE0011: 鍚?鈥渋f鈥?璇彞娣诲姞澶ф嫭鍙枫€?(https://learn.microsoft.com/dotnet/fundamentals/code-analysis/style-rules/ide0011) [C:\UserWorx\VSWorx\ServoStudio\wpfui-servoStudio\samples\Wpf.Ui.servoStudio\servoStudio_wjhet5xd_wpftmp.csproj]
C:\UserWorx\VSWorx\ServoStudio\wpfui-servoStudio\samples\Wpf.Ui.servoStudio\ViewModels\Motion\MotionTypeViewModel.cs(1439,9): warning IDE0011: 鍚?鈥渋f鈥?璇彞娣诲姞澶ф嫭鍙枫€?(https://learn.microsoft.com/dotnet/fundamentals/code-analysis/style-rules/ide0011) [C:\UserWorx\VSWorx\ServoStudio\wpfui-servoStudio\samples\Wpf.Ui.servoStudio\servoStudio_wjhet5xd_wpftmp.csproj]
C:\UserWorx\VSWorx\ServoStudio\wpfui-servoStudio\samples\Wpf.Ui.servoStudio\ViewModels\Motion\MotionTypeViewModel.cs(1441,9): warning IDE0011: 鍚?鈥渋f鈥?璇彞娣诲姞澶ф嫭鍙枫€?(https://learn.microsoft.com/dotnet/fundamentals/code-analysis/style-rules/ide0011) [C:\UserWorx\VSWorx\ServoStudio\wpfui-servoStudio\samples\Wpf.Ui.servoStudio\servoStudio_wjhet5xd_wpftmp.csproj]
C:\UserWorx\VSWorx\ServoStudio\wpfui-servoStudio\samples\Wpf.Ui.servoStudio\Services\DataFrameLogger.cs(313,9): warning IDE0011: 鍚?鈥渋f鈥?璇彞娣诲姞澶ф嫭鍙枫€?(https://learn.microsoft.com/dotnet/fundamentals/code-analysis/style-rules/ide0011) [C:\UserWorx\VSWorx\ServoStudio\wpfui-servoStudio\samples\Wpf.Ui.servoStudio\servoStudio_wjhet5xd_wpftmp.csproj]
C:\UserWorx\VSWorx\ServoStudio\wpfui-servoStudio\samples\Wpf.Ui.servoStudio\ViewModels\Motion\MotionTypeViewModel.cs(1449,9): warning IDE0011: 鍚?鈥渋f鈥?璇彞娣诲姞澶ф嫭鍙枫€?(https://learn.microsoft.com/dotnet/fundamentals/code-analysis/style-rules/ide0011) [C:\UserWorx\VSWorx\ServoStudio\wpfui-servoStudio\samples\Wpf.Ui.servoStudio\servoStudio_wjhet5xd_wpftmp.csproj]
C:\UserWorx\VSWorx\ServoStudio\wpfui-servoStudio\samples\Wpf.Ui.servoStudio\ViewModels\Motion\MotionTypeViewModel.cs(1451,9): warning IDE0011: 鍚?鈥渋f鈥?璇彞娣诲姞澶ф嫭鍙枫€?(https://learn.microsoft.com/dotnet/fundamentals/code-analysis/style-rules/ide0011) [C:\UserWorx\VSWorx\ServoStudio\wpfui-servoStudio\samples\Wpf.Ui.servoStudio\servoStudio_wjhet5xd_wpftmp.csproj]
C:\UserWorx\VSWorx\ServoStudio\wpfui-servoStudio\samples\Wpf.Ui.servoStudio\ViewModels\Motion\MotionTypeViewModel.cs(1453,9): warning IDE0011: 鍚?鈥渋f鈥?璇彞娣诲姞澶ф嫭鍙枫€?(https://learn.microsoft.com/dotnet/fundamentals/code-analysis/style-rules/ide0011) [C:\UserWorx\VSWorx\ServoStudio\wpfui-servoStudio\samples\Wpf.Ui.servoStudio\servoStudio_wjhet5xd_wpftmp.csproj]
C:\UserWorx\VSWorx\ServoStudio\wpfui-servoStudio\samples\Wpf.Ui.servoStudio\ViewModels\Motion\MotionTypeViewModel.cs(1455,9): warning IDE0011: 鍚?鈥渋f鈥?璇彞娣诲姞澶ф嫭鍙枫€?(https://learn.microsoft.com/dotnet/fundamentals/code-analysis/style-rules/ide0011) [C:\UserWorx\VSWorx\ServoStudio\wpfui-servoStudio\samples\Wpf.Ui.servoStudio\servoStudio_wjhet5xd_wpftmp.csproj]
C:\UserWorx\VSWorx\ServoStudio\wpfui-servoStudio\samples\Wpf.Ui.servoStudio\ViewModels\Firmware\EcatEepromViewModel.cs(316,13): warning IDE0011: 鍚?鈥渋f鈥?璇彞娣诲姞澶ф嫭鍙枫€?(https://learn.microsoft.com/dotnet/fundamentals/code-analysis/style-rules/ide0011) [C:\UserWorx\VSWorx\ServoStudio\wpfui-servoStudio\samples\Wpf.Ui.servoStudio\servoStudio_wjhet5xd_wpftmp.csproj]
C:\UserWorx\VSWorx\ServoStudio\wpfui-servoStudio\samples\Wpf.Ui.servoStudio\ViewModels\Firmware\EcatEepromViewModel.cs(323,21): warning IDE0011: 鍚?鈥渋f鈥?璇彞娣诲姞澶ф嫭鍙枫€?(https://learn.microsoft.com/dotnet/fundamentals/code-analysis/style-rules/ide0011) [C:\UserWorx\VSWorx\ServoStudio\wpfui-servoStudio\samples\Wpf.Ui.servoStudio\servoStudio_wjhet5xd_wpftmp.csproj]
C:\UserWorx\VSWorx\ServoStudio\wpfui-servoStudio\samples\Wpf.Ui.servoStudio\ViewModels\Motion\MotionTypeViewModel.cs(1463,9): warning IDE0011: 鍚?鈥渋f鈥?璇彞娣诲姞澶ф嫭鍙枫€?(https://learn.microsoft.com/dotnet/fundamentals/code-analysis/style-rules/ide0011) [C:\UserWorx\VSWorx\ServoStudio\wpfui-servoStudio\samples\Wpf.Ui.servoStudio\servoStudio_wjhet5xd_wpftmp.csproj]
C:\UserWorx\VSWorx\ServoStudio\wpfui-servoStudio\samples\Wpf.Ui.servoStudio\ViewModels\Motion\MotionTypeViewModel.cs(1465,9): warning IDE0011: 鍚?鈥渋f鈥?璇彞娣诲姞澶ф嫭鍙枫€?(https://learn.microsoft.com/dotnet/fundamentals/code-analysis/style-rules/ide0011) [C:\UserWorx\VSWorx\ServoStudio\wpfui-servoStudio\samples\Wpf.Ui.servoStudio\servoStudio_wjhet5xd_wpftmp.csproj]
C:\UserWorx\VSWorx\ServoStudio\wpfui-servoStudio\samples\Wpf.Ui.servoStudio\ViewModels\Motion\MotionTypeViewModel.cs(1467,9): warning IDE0011: 鍚?鈥渋f鈥?璇彞娣诲姞澶ф嫭鍙枫€?(https://learn.microsoft.com/dotnet/fundamentals/code-analysis/style-rules/ide0011) [C:\UserWorx\VSWorx\ServoStudio\wpfui-servoStudio\samples\Wpf.Ui.servoStudio\servoStudio_wjhet5xd_wpftmp.csproj]
C:\UserWorx\VSWorx\ServoStudio\wpfui-servoStudio\samples\Wpf.Ui.servoStudio\Services\DataFrameLogger.cs(358,9): warning IDE0011: 鍚?鈥渋f鈥?璇彞娣诲姞澶ф嫭鍙枫€?(https://learn.microsoft.com/dotnet/fundamentals/code-analysis/style-rules/ide0011) [C:\UserWorx\VSWorx\ServoStudio\wpfui-servoStudio\samples\Wpf.Ui.servoStudio\servoStudio_wjhet5xd_wpftmp.csproj]
C:\UserWorx\VSWorx\ServoStudio\wpfui-servoStudio\samples\Wpf.Ui.servoStudio\Services\DataFrameLogger.cs(367,9): warning IDE0011: 鍚?鈥渋f鈥?璇彞娣诲姞澶ф嫭鍙枫€?(https://learn.microsoft.com/dotnet/fundamentals/code-analysis/style-rules/ide0011) [C:\UserWorx\VSWorx\ServoStudio\wpfui-servoStudio\samples\Wpf.Ui.servoStudio\servoStudio_wjhet5xd_wpftmp.csproj]
C:\UserWorx\VSWorx\ServoStudio\wpfui-servoStudio\samples\Wpf.Ui.servoStudio\Services\DataFrameLogger.cs(369,9): warning IDE0011: 鍚?鈥渋f鈥?璇彞娣诲姞澶ф嫭鍙枫€?(https://learn.microsoft.com/dotnet/fundamentals/code-analysis/style-rules/ide0011) [C:\UserWorx\VSWorx\ServoStudio\wpfui-servoStudio\samples\Wpf.Ui.servoStudio\servoStudio_wjhet5xd_wpftmp.csproj]
C:\UserWorx\VSWorx\ServoStudio\wpfui-servoStudio\samples\Wpf.Ui.servoStudio\Services\DataFrameLogger.cs(395,9): warning IDE0011: 鍚?鈥渋f鈥?璇彞娣诲姞澶ф嫭鍙枫€?(https://learn.microsoft.com/dotnet/fundamentals/code-analysis/style-rules/ide0011) [C:\UserWorx\VSWorx\ServoStudio\wpfui-servoStudio\samples\Wpf.Ui.servoStudio\servoStudio_wjhet5xd_wpftmp.csproj]
C:\UserWorx\VSWorx\ServoStudio\wpfui-servoStudio\samples\Wpf.Ui.servoStudio\Services\DataFrameLogger.cs(415,25): warning IDE0011: 鍚?鈥渋f鈥?璇彞娣诲姞澶ф嫭鍙枫€?(https://learn.microsoft.com/dotnet/fundamentals/code-analysis/style-rules/ide0011) [C:\UserWorx\VSWorx\ServoStudio\wpfui-servoStudio\samples\Wpf.Ui.servoStudio\servoStudio_wjhet5xd_wpftmp.csproj]
C:\UserWorx\VSWorx\ServoStudio\wpfui-servoStudio\samples\Wpf.Ui.servoStudio\Services\DataFrameLogger.cs(416,25): warning IDE0011: 鍚?鈥渆lse鈥?璇彞娣诲姞澶ф嫭鍙枫€?(https://learn.microsoft.com/dotnet/fundamentals/code-analysis/style-rules/ide0011) [C:\UserWorx\VSWorx\ServoStudio\wpfui-servoStudio\samples\Wpf.Ui.servoStudio\servoStudio_wjhet5xd_wpftmp.csproj]
C:\UserWorx\VSWorx\ServoStudio\wpfui-servoStudio\samples\Wpf.Ui.servoStudio\ViewModels\Hardware\ControllerViewModel.cs(379,9): warning IDE0058: 姘歌繙涓嶄細浣跨敤琛ㄨ揪寮忓€?(https://learn.microsoft.com/dotnet/fundamentals/code-analysis/style-rules/ide0058) [C:\UserWorx\VSWorx\ServoStudio\wpfui-servoStudio\samples\Wpf.Ui.servoStudio\servoStudio_wjhet5xd_wpftmp.csproj]
C:\UserWorx\VSWorx\ServoStudio\wpfui-servoStudio\samples\Wpf.Ui.servoStudio\ViewModels\Hardware\ControllerViewModel.cs(398,9): warning IDE0011: 鍚?鈥渋f鈥?璇彞娣诲姞澶ф嫭鍙枫€?(https://learn.microsoft.com/dotnet/fundamentals/code-analysis/style-rules/ide0011) [C:\UserWorx\VSWorx\ServoStudio\wpfui-servoStudio\samples\Wpf.Ui.servoStudio\servoStudio_wjhet5xd_wpftmp.csproj]
C:\UserWorx\VSWorx\ServoStudio\wpfui-servoStudio\samples\Wpf.Ui.servoStudio\ViewModels\Hardware\ControllerViewModel.cs(400,9): warning IDE0011: 鍚?鈥渋f鈥?璇彞娣诲姞澶ф嫭鍙枫€?(https://learn.microsoft.com/dotnet/fundamentals/code-analysis/style-rules/ide0011) [C:\UserWorx\VSWorx\ServoStudio\wpfui-servoStudio\samples\Wpf.Ui.servoStudio\servoStudio_wjhet5xd_wpftmp.csproj]
C:\UserWorx\VSWorx\ServoStudio\wpfui-servoStudio\samples\Wpf.Ui.servoStudio\ViewModels\DeviceSet\DeviceAddViewModel.cs(1878,17): warning IDE0011: 鍚?鈥渋f鈥?璇彞娣诲姞澶ф嫭鍙枫€?(https://learn.microsoft.com/dotnet/fundamentals/code-analysis/style-rules/ide0011) [C:\UserWorx\VSWorx\ServoStudio\wpfui-servoStudio\samples\Wpf.Ui.servoStudio\servoStudio_wjhet5xd_wpftmp.csproj]
C:\UserWorx\VSWorx\ServoStudio\wpfui-servoStudio\samples\Wpf.Ui.servoStudio\ViewModels\DeviceSet\DeviceAddViewModel.cs(1885,17): warning IDE0011: 鍚?鈥渋f鈥?璇彞娣诲姞澶ф嫭鍙枫€?(https://learn.microsoft.com/dotnet/fundamentals/code-analysis/style-rules/ide0011) [C:\UserWorx\VSWorx\ServoStudio\wpfui-servoStudio\samples\Wpf.Ui.servoStudio\servoStudio_wjhet5xd_wpftmp.csproj]
C:\UserWorx\VSWorx\ServoStudio\wpfui-servoStudio\samples\Wpf.Ui.servoStudio\ViewModels\Hardware\ControllerViewModel.cs(445,9): warning IDE0008: 鐢ㄦ樉寮忕被鍨嬩唬鏇?"var" (https://learn.microsoft.com/dotnet/fundamentals/code-analysis/style-rules/ide0008) [C:\UserWorx\VSWorx\ServoStudio\wpfui-servoStudio\samples\Wpf.Ui.servoStudio\servoStudio_wjhet5xd_wpftmp.csproj]
C:\UserWorx\VSWorx\ServoStudio\wpfui-servoStudio\samples\Wpf.Ui.servoStudio\ViewModels\Hardware\ControllerViewModel.cs(446,9): warning IDE0008: 鐢ㄦ樉寮忕被鍨嬩唬鏇?"var" (https://learn.microsoft.com/dotnet/fundamentals/code-analysis/style-rules/ide0008) [C:\UserWorx\VSWorx\ServoStudio\wpfui-servoStudio\samples\Wpf.Ui.servoStudio\servoStudio_wjhet5xd_wpftmp.csproj]
C:\UserWorx\VSWorx\ServoStudio\wpfui-servoStudio\samples\Wpf.Ui.servoStudio\Services\DataFrameLogger.cs(41,27): warning CA2213: 鈥淒ataFrameLogger鈥濆寘鍚?IDisposable 绫诲瀷鈥淪treamWriter?鈥濈殑瀛楁鈥淿writer鈥濓紝浣嗕粠鏈繘琛岄噴鏀俱€傝鏇存敼鈥淒ataFrameLogger鈥濅笂鐨?Dispose 鏂规硶浠ュ姝ゅ瓧娈佃皟鐢?Close 鎴?Dispose銆?(https://learn.microsoft.com/dotnet/fundamentals/code-analysis/quality-rules/ca2213) [C:\UserWorx\VSWorx\ServoStudio\wpfui-servoStudio\samples\Wpf.Ui.servoStudio\servoStudio_wjhet5xd_wpftmp.csproj]
C:\UserWorx\VSWorx\ServoStudio\wpfui-servoStudio\samples\Wpf.Ui.servoStudio\ViewModels\Motion\MotionLimitViewModel.cs(72,13): warning IDE0011: 鍚?鈥渋f鈥?璇彞娣诲姞澶ф嫭鍙枫€?(https://learn.microsoft.com/dotnet/fundamentals/code-analysis/style-rules/ide0011) [C:\UserWorx\VSWorx\ServoStudio\wpfui-servoStudio\samples\Wpf.Ui.servoStudio\servoStudio_wjhet5xd_wpftmp.csproj]
C:\UserWorx\VSWorx\ServoStudio\wpfui-servoStudio\samples\Wpf.Ui.servoStudio\ViewModels\AppData\DataViewViewModel.cs(103,13): warning IDE0008: 鐢ㄦ樉寮忕被鍨嬩唬鏇?"var" (https://learn.microsoft.com/dotnet/fundamentals/code-analysis/style-rules/ide0008) [C:\UserWorx\VSWorx\ServoStudio\wpfui-servoStudio\samples\Wpf.Ui.servoStudio\servoStudio_wjhet5xd_wpftmp.csproj]
C:\UserWorx\VSWorx\ServoStudio\wpfui-servoStudio\samples\Wpf.Ui.servoStudio\ViewModels\Motion\MotionLimitViewModel.cs(86,13): warning IDE0011: 鍚?鈥渋f鈥?璇彞娣诲姞澶ф嫭鍙枫€?(https://learn.microsoft.com/dotnet/fundamentals/code-analysis/style-rules/ide0011) [C:\UserWorx\VSWorx\ServoStudio\wpfui-servoStudio\samples\Wpf.Ui.servoStudio\servoStudio_wjhet5xd_wpftmp.csproj]
C:\UserWorx\VSWorx\ServoStudio\wpfui-servoStudio\samples\Wpf.Ui.servoStudio\ViewModels\Motion\MotionLimitViewModel.cs(188,9): warning IDE0011: 鍚?鈥渋f鈥?璇彞娣诲姞澶ф嫭鍙枫€?(https://learn.microsoft.com/dotnet/fundamentals/code-analysis/style-rules/ide0011) [C:\UserWorx\VSWorx\ServoStudio\wpfui-servoStudio\samples\Wpf.Ui.servoStudio\servoStudio_wjhet5xd_wpftmp.csproj]
C:\UserWorx\VSWorx\ServoStudio\wpfui-servoStudio\samples\Wpf.Ui.servoStudio\ViewModels\DeviceSet\DeviceAddViewModel.cs(1995,13): warning IDE0011: 鍚?鈥渋f鈥?璇彞娣诲姞澶ф嫭鍙枫€?(https://learn.microsoft.com/dotnet/fundamentals/code-analysis/style-rules/ide0011) [C:\UserWorx\VSWorx\ServoStudio\wpfui-servoStudio\samples\Wpf.Ui.servoStudio\servoStudio_wjhet5xd_wpftmp.csproj]
C:\UserWorx\VSWorx\ServoStudio\wpfui-servoStudio\samples\Wpf.Ui.servoStudio\ViewModels\AppData\DataViewViewModel.cs(143,9): warning IDE0008: 鐢ㄦ樉寮忕被鍨嬩唬鏇?"var" (https://learn.microsoft.com/dotnet/fundamentals/code-analysis/style-rules/ide0008) [C:\UserWorx\VSWorx\ServoStudio\wpfui-servoStudio\samples\Wpf.Ui.servoStudio\servoStudio_wjhet5xd_wpftmp.csproj]
C:\UserWorx\VSWorx\ServoStudio\wpfui-servoStudio\samples\Wpf.Ui.servoStudio\ViewModels\Motion\MotionLimitViewModel.cs(216,13): warning IDE0011: 鍚?鈥渋f鈥?璇彞娣诲姞澶ф嫭鍙枫€?(https://learn.microsoft.com/dotnet/fundamentals/code-analysis/style-rules/ide0011) [C:\UserWorx\VSWorx\ServoStudio\wpfui-servoStudio\samples\Wpf.Ui.servoStudio\servoStudio_wjhet5xd_wpftmp.csproj]
C:\UserWorx\VSWorx\ServoStudio\wpfui-servoStudio\samples\Wpf.Ui.servoStudio\ViewModels\Motion\MotionLimitViewModel.cs(218,13): warning IDE0011: 鍚?鈥渋f鈥?璇彞娣诲姞澶ф嫭鍙枫€?(https://learn.microsoft.com/dotnet/fundamentals/code-analysis/style-rules/ide0011) [C:\UserWorx\VSWorx\ServoStudio\wpfui-servoStudio\samples\Wpf.Ui.servoStudio\servoStudio_wjhet5xd_wpftmp.csproj]
C:\UserWorx\VSWorx\ServoStudio\wpfui-servoStudio\samples\Wpf.Ui.servoStudio\ViewModels\Motion\MotionLimitViewModel.cs(207,9): warning IDE0058: 姘歌繙涓嶄細浣跨敤琛ㄨ揪寮忓€?(https://learn.microsoft.com/dotnet/fundamentals/code-analysis/style-rules/ide0058) [C:\UserWorx\VSWorx\ServoStudio\wpfui-servoStudio\samples\Wpf.Ui.servoStudio\servoStudio_wjhet5xd_wpftmp.csproj]
C:\UserWorx\VSWorx\ServoStudio\wpfui-servoStudio\samples\Wpf.Ui.servoStudio\ViewModels\Motion\MotionProfileViewModel.cs(31,13): warning IDE0011: 鍚?鈥渋f鈥?璇彞娣诲姞澶ф嫭鍙枫€?(https://learn.microsoft.com/dotnet/fundamentals/code-analysis/style-rules/ide0011) [C:\UserWorx\VSWorx\ServoStudio\wpfui-servoStudio\samples\Wpf.Ui.servoStudio\servoStudio_wjhet5xd_wpftmp.csproj]
C:\UserWorx\VSWorx\ServoStudio\wpfui-servoStudio\samples\Wpf.Ui.servoStudio\ViewModels\Motion\MotionProfileViewModel.cs(33,18): warning IDE0011: 鍚?鈥渋f鈥?璇彞娣诲姞澶ф嫭鍙枫€?(https://learn.microsoft.com/dotnet/fundamentals/code-analysis/style-rules/ide0011) [C:\UserWorx\VSWorx\ServoStudio\wpfui-servoStudio\samples\Wpf.Ui.servoStudio\servoStudio_wjhet5xd_wpftmp.csproj]
C:\UserWorx\VSWorx\ServoStudio\wpfui-servoStudio\samples\Wpf.Ui.servoStudio\ViewModels\Motion\MotionLimitViewModel.cs(655,9): warning IDE0011: 鍚?鈥渋f鈥?璇彞娣诲姞澶ф嫭鍙枫€?(https://learn.microsoft.com/dotnet/fundamentals/code-analysis/style-rules/ide0011) [C:\UserWorx\VSWorx\ServoStudio\wpfui-servoStudio\samples\Wpf.Ui.servoStudio\servoStudio_wjhet5xd_wpftmp.csproj]
C:\UserWorx\VSWorx\ServoStudio\wpfui-servoStudio\samples\Wpf.Ui.servoStudio\ViewModels\AppData\DataViewViewModel.cs(162,9): warning IDE0011: 鍚?鈥渋f鈥?璇彞娣诲姞澶ф嫭鍙枫€?(https://learn.microsoft.com/dotnet/fundamentals/code-analysis/style-rules/ide0011) [C:\UserWorx\VSWorx\ServoStudio\wpfui-servoStudio\samples\Wpf.Ui.servoStudio\servoStudio_wjhet5xd_wpftmp.csproj]
C:\UserWorx\VSWorx\ServoStudio\wpfui-servoStudio\samples\Wpf.Ui.servoStudio\ViewModels\AppData\DataViewViewModel.cs(164,9): warning IDE0011: 鍚?鈥渆lse鈥?璇彞娣诲姞澶ф嫭鍙枫€?(https://learn.microsoft.com/dotnet/fundamentals/code-analysis/style-rules/ide0011) [C:\UserWorx\VSWorx\ServoStudio\wpfui-servoStudio\samples\Wpf.Ui.servoStudio\servoStudio_wjhet5xd_wpftmp.csproj]
C:\UserWorx\VSWorx\ServoStudio\wpfui-servoStudio\samples\Wpf.Ui.servoStudio\ViewModels\AppData\DataViewViewModel.cs(161,9): warning IDE0008: 鐢ㄦ樉寮忕被鍨嬩唬鏇?"var" (https://learn.microsoft.com/dotnet/fundamentals/code-analysis/style-rules/ide0008) [C:\UserWorx\VSWorx\ServoStudio\wpfui-servoStudio\samples\Wpf.Ui.servoStudio\servoStudio_wjhet5xd_wpftmp.csproj]
C:\UserWorx\VSWorx\ServoStudio\wpfui-servoStudio\samples\Wpf.Ui.servoStudio\ViewModels\Motion\MotionProfileViewModel.cs(126,9): warning IDE0011: 鍚?鈥渋f鈥?璇彞娣诲姞澶ф嫭鍙枫€?(https://learn.microsoft.com/dotnet/fundamentals/code-analysis/style-rules/ide0011) [C:\UserWorx\VSWorx\ServoStudio\wpfui-servoStudio\samples\Wpf.Ui.servoStudio\servoStudio_wjhet5xd_wpftmp.csproj]
C:\UserWorx\VSWorx\ServoStudio\wpfui-servoStudio\samples\Wpf.Ui.servoStudio\ViewModels\Motion\MotionProfileViewModel.cs(128,9): warning IDE0011: 鍚?鈥渆lse鈥?璇彞娣诲姞澶ф嫭鍙枫€?(https://learn.microsoft.com/dotnet/fundamentals/code-analysis/style-rules/ide0011) [C:\UserWorx\VSWorx\ServoStudio\wpfui-servoStudio\samples\Wpf.Ui.servoStudio\servoStudio_wjhet5xd_wpftmp.csproj]
C:\UserWorx\VSWorx\ServoStudio\wpfui-servoStudio\samples\Wpf.Ui.servoStudio\ViewModels\AppData\DataViewViewModel.cs(163,13): warning IDE0058: 姘歌繙涓嶄細浣跨敤琛ㄨ揪寮忓€?(https://learn.microsoft.com/dotnet/fundamentals/code-analysis/style-rules/ide0058) [C:\UserWorx\VSWorx\ServoStudio\wpfui-servoStudio\samples\Wpf.Ui.servoStudio\servoStudio_wjhet5xd_wpftmp.csproj]
C:\UserWorx\VSWorx\ServoStudio\wpfui-servoStudio\samples\Wpf.Ui.servoStudio\ViewModels\Firmware\EcatEepromViewModel.cs(338,13): warning IDE0011: 鍚?鈥渋f鈥?璇彞娣诲姞澶ф嫭鍙枫€?(https://learn.microsoft.com/dotnet/fundamentals/code-analysis/style-rules/ide0011) [C:\UserWorx\VSWorx\ServoStudio\wpfui-servoStudio\samples\Wpf.Ui.servoStudio\servoStudio_wjhet5xd_wpftmp.csproj]
C:\UserWorx\VSWorx\ServoStudio\wpfui-servoStudio\samples\Wpf.Ui.servoStudio\ViewModels\Firmware\EcatEepromViewModel.cs(370,13): warning IDE0011: 鍚?鈥渋f鈥?璇彞娣诲姞澶ф嫭鍙枫€?(https://learn.microsoft.com/dotnet/fundamentals/code-analysis/style-rules/ide0011) [C:\UserWorx\VSWorx\ServoStudio\wpfui-servoStudio\samples\Wpf.Ui.servoStudio\servoStudio_wjhet5xd_wpftmp.csproj]
C:\UserWorx\VSWorx\ServoStudio\wpfui-servoStudio\samples\Wpf.Ui.servoStudio\ViewModels\AppData\DataViewViewModel.cs(216,13): warning IDE0008: 鐢ㄦ樉寮忕被鍨嬩唬鏇?"var" (https://learn.microsoft.com/dotnet/fundamentals/code-analysis/style-rules/ide0008) [C:\UserWorx\VSWorx\ServoStudio\wpfui-servoStudio\samples\Wpf.Ui.servoStudio\servoStudio_wjhet5xd_wpftmp.csproj]
C:\UserWorx\VSWorx\ServoStudio\wpfui-servoStudio\samples\Wpf.Ui.servoStudio\ViewModels\AppData\DataViewViewModel.cs(217,13): warning IDE0008: 鐢ㄦ樉寮忕被鍨嬩唬鏇?"var" (https://learn.microsoft.com/dotnet/fundamentals/code-analysis/style-rules/ide0008) [C:\UserWorx\VSWorx\ServoStudio\wpfui-servoStudio\samples\Wpf.Ui.servoStudio\servoStudio_wjhet5xd_wpftmp.csproj]
C:\UserWorx\VSWorx\ServoStudio\wpfui-servoStudio\samples\Wpf.Ui.servoStudio\ViewModels\AppData\DataViewViewModel.cs(218,13): warning IDE0058: 姘歌繙涓嶄細浣跨敤琛ㄨ揪寮忓€?(https://learn.microsoft.com/dotnet/fundamentals/code-analysis/style-rules/ide0058) [C:\UserWorx\VSWorx\ServoStudio\wpfui-servoStudio\samples\Wpf.Ui.servoStudio\servoStudio_wjhet5xd_wpftmp.csproj]
C:\UserWorx\VSWorx\ServoStudio\wpfui-servoStudio\samples\Wpf.Ui.servoStudio\ViewModels\AppData\DataViewViewModel.cs(219,13): warning IDE0058: 姘歌繙涓嶄細浣跨敤琛ㄨ揪寮忓€?(https://learn.microsoft.com/dotnet/fundamentals/code-analysis/style-rules/ide0058) [C:\UserWorx\VSWorx\ServoStudio\wpfui-servoStudio\samples\Wpf.Ui.servoStudio\servoStudio_wjhet5xd_wpftmp.csproj]
C:\UserWorx\VSWorx\ServoStudio\wpfui-servoStudio\samples\Wpf.Ui.servoStudio\ViewModels\AppData\DataViewViewModel.cs(220,13): warning IDE0058: 姘歌繙涓嶄細浣跨敤琛ㄨ揪寮忓€?(https://learn.microsoft.com/dotnet/fundamentals/code-analysis/style-rules/ide0058) [C:\UserWorx\VSWorx\ServoStudio\wpfui-servoStudio\samples\Wpf.Ui.servoStudio\servoStudio_wjhet5xd_wpftmp.csproj]
C:\UserWorx\VSWorx\ServoStudio\wpfui-servoStudio\samples\Wpf.Ui.servoStudio\ViewModels\AppData\DataViewViewModel.cs(221,13): warning IDE0058: 姘歌繙涓嶄細浣跨敤琛ㄨ揪寮忓€?(https://learn.microsoft.com/dotnet/fundamentals/code-analysis/style-rules/ide0058) [C:\UserWorx\VSWorx\ServoStudio\wpfui-servoStudio\samples\Wpf.Ui.servoStudio\servoStudio_wjhet5xd_wpftmp.csproj]
C:\UserWorx\VSWorx\ServoStudio\wpfui-servoStudio\samples\Wpf.Ui.servoStudio\ViewModels\Motion\MotionProfileViewModel.cs(244,9): warning IDE0011: 鍚?鈥渋f鈥?璇彞娣诲姞澶ф嫭鍙枫€?(https://learn.microsoft.com/dotnet/fundamentals/code-analysis/style-rules/ide0011) [C:\UserWorx\VSWorx\ServoStudio\wpfui-servoStudio\samples\Wpf.Ui.servoStudio\servoStudio_wjhet5xd_wpftmp.csproj]
C:\UserWorx\VSWorx\ServoStudio\wpfui-servoStudio\samples\Wpf.Ui.servoStudio\ViewModels\Motion\MotionProfileViewModel.cs(253,9): warning IDE0011: 鍚?鈥渋f鈥?璇彞娣诲姞澶ф嫭鍙枫€?(https://learn.microsoft.com/dotnet/fundamentals/code-analysis/style-rules/ide0011) [C:\UserWorx\VSWorx\ServoStudio\wpfui-servoStudio\samples\Wpf.Ui.servoStudio\servoStudio_wjhet5xd_wpftmp.csproj]
C:\UserWorx\VSWorx\ServoStudio\wpfui-servoStudio\samples\Wpf.Ui.servoStudio\ViewModels\DeviceSet\DeviceAddViewModel.cs(2039,9): warning IDE0011: 鍚?鈥渋f鈥?璇彞娣诲姞澶ф嫭鍙枫€?(https://learn.microsoft.com/dotnet/fundamentals/code-analysis/style-rules/ide0011) [C:\UserWorx\VSWorx\ServoStudio\wpfui-servoStudio\samples\Wpf.Ui.servoStudio\servoStudio_wjhet5xd_wpftmp.csproj]
C:\UserWorx\VSWorx\ServoStudio\wpfui-servoStudio\samples\Wpf.Ui.servoStudio\ViewModels\DeviceSet\DeviceAddViewModel.cs(2065,9): warning IDE0011: 鍚?鈥渋f鈥?璇彞娣诲姞澶ф嫭鍙枫€?(https://learn.microsoft.com/dotnet/fundamentals/code-analysis/style-rules/ide0011) [C:\UserWorx\VSWorx\ServoStudio\wpfui-servoStudio\samples\Wpf.Ui.servoStudio\servoStudio_wjhet5xd_wpftmp.csproj]
C:\UserWorx\VSWorx\ServoStudio\wpfui-servoStudio\samples\Wpf.Ui.servoStudio\ViewModels\DeviceSet\DeviceAddViewModel.cs(2066,9): warning IDE0011: 鍚?鈥渋f鈥?璇彞娣诲姞澶ф嫭鍙枫€?(https://learn.microsoft.com/dotnet/fundamentals/code-analysis/style-rules/ide0011) [C:\UserWorx\VSWorx\ServoStudio\wpfui-servoStudio\samples\Wpf.Ui.servoStudio\servoStudio_wjhet5xd_wpftmp.csproj]
C:\UserWorx\VSWorx\ServoStudio\wpfui-servoStudio\samples\Wpf.Ui.servoStudio\ViewModels\DeviceSet\DeviceAddViewModel.cs(2080,17): warning IDE0011: 鍚?鈥渋f鈥?璇彞娣诲姞澶ф嫭鍙枫€?(https://learn.microsoft.com/dotnet/fundamentals/code-analysis/style-rules/ide0011) [C:\UserWorx\VSWorx\ServoStudio\wpfui-servoStudio\samples\Wpf.Ui.servoStudio\servoStudio_wjhet5xd_wpftmp.csproj]
C:\UserWorx\VSWorx\ServoStudio\wpfui-servoStudio\samples\Wpf.Ui.servoStudio\ViewModels\AppData\DataViewViewModel.cs(239,13): warning IDE0008: 鐢ㄦ樉寮忕被鍨嬩唬鏇?"var" (https://learn.microsoft.com/dotnet/fundamentals/code-analysis/style-rules/ide0008) [C:\UserWorx\VSWorx\ServoStudio\wpfui-servoStudio\samples\Wpf.Ui.servoStudio\servoStudio_wjhet5xd_wpftmp.csproj]
C:\UserWorx\VSWorx\ServoStudio\wpfui-servoStudio\samples\Wpf.Ui.servoStudio\ViewModels\AppData\DataViewViewModel.cs(240,13): warning IDE0008: 鐢ㄦ樉寮忕被鍨嬩唬鏇?"var" (https://learn.microsoft.com/dotnet/fundamentals/code-analysis/style-rules/ide0008) [C:\UserWorx\VSWorx\ServoStudio\wpfui-servoStudio\samples\Wpf.Ui.servoStudio\servoStudio_wjhet5xd_wpftmp.csproj]
C:\UserWorx\VSWorx\ServoStudio\wpfui-servoStudio\samples\Wpf.Ui.servoStudio\ViewModels\Motion\MotionTypeViewModel.cs(1707,9): warning IDE0011: 鍚?鈥渋f鈥?璇彞娣诲姞澶ф嫭鍙枫€?(https://learn.microsoft.com/dotnet/fundamentals/code-analysis/style-rules/ide0011) [C:\UserWorx\VSWorx\ServoStudio\wpfui-servoStudio\samples\Wpf.Ui.servoStudio\servoStudio_wjhet5xd_wpftmp.csproj]
C:\UserWorx\VSWorx\ServoStudio\wpfui-servoStudio\samples\Wpf.Ui.servoStudio\ViewModels\Motion\MotionTypeViewModel.cs(1708,9): warning IDE0011: 鍚?鈥渋f鈥?璇彞娣诲姞澶ф嫭鍙枫€?(https://learn.microsoft.com/dotnet/fundamentals/code-analysis/style-rules/ide0011) [C:\UserWorx\VSWorx\ServoStudio\wpfui-servoStudio\samples\Wpf.Ui.servoStudio\servoStudio_wjhet5xd_wpftmp.csproj]
C:\UserWorx\VSWorx\ServoStudio\wpfui-servoStudio\samples\Wpf.Ui.servoStudio\ViewModels\Motion\MotionTypeViewModel.cs(1709,9): warning IDE0011: 鍚?鈥渋f鈥?璇彞娣诲姞澶ф嫭鍙枫€?(https://learn.microsoft.com/dotnet/fundamentals/code-analysis/style-rules/ide0011) [C:\UserWorx\VSWorx\ServoStudio\wpfui-servoStudio\samples\Wpf.Ui.servoStudio\servoStudio_wjhet5xd_wpftmp.csproj]
C:\UserWorx\VSWorx\ServoStudio\wpfui-servoStudio\samples\Wpf.Ui.servoStudio\ViewModels\Motion\MotionTypeViewModel.cs(1710,9): warning IDE0011: 鍚?鈥渋f鈥?璇彞娣诲姞澶ф嫭鍙枫€?(https://learn.microsoft.com/dotnet/fundamentals/code-analysis/style-rules/ide0011) [C:\UserWorx\VSWorx\ServoStudio\wpfui-servoStudio\samples\Wpf.Ui.servoStudio\servoStudio_wjhet5xd_wpftmp.csproj]
C:\UserWorx\VSWorx\ServoStudio\wpfui-servoStudio\samples\Wpf.Ui.servoStudio\ViewModels\Motion\MotionTypeViewModel.cs(1711,9): warning IDE0011: 鍚?鈥渋f鈥?璇彞娣诲姞澶ф嫭鍙枫€?(https://learn.microsoft.com/dotnet/fundamentals/code-analysis/style-rules/ide0011) [C:\UserWorx\VSWorx\ServoStudio\wpfui-servoStudio\samples\Wpf.Ui.servoStudio\servoStudio_wjhet5xd_wpftmp.csproj]
C:\UserWorx\VSWorx\ServoStudio\wpfui-servoStudio\samples\Wpf.Ui.servoStudio\ViewModels\Motion\MotionTypeViewModel.cs(1712,9): warning IDE0011: 鍚?鈥渋f鈥?璇彞娣诲姞澶ф嫭鍙枫€?(https://learn.microsoft.com/dotnet/fundamentals/code-analysis/style-rules/ide0011) [C:\UserWorx\VSWorx\ServoStudio\wpfui-servoStudio\samples\Wpf.Ui.servoStudio\servoStudio_wjhet5xd_wpftmp.csproj]
C:\UserWorx\VSWorx\ServoStudio\wpfui-servoStudio\samples\Wpf.Ui.servoStudio\ViewModels\Motion\MotionProfileViewModel.cs(180,13): warning IDE0059: 涓嶉渶瑕佸 "dConst" 璧嬪€?(https://learn.microsoft.com/dotnet/fundamentals/code-analysis/style-rules/ide0059) [C:\UserWorx\VSWorx\ServoStudio\wpfui-servoStudio\samples\Wpf.Ui.servoStudio\servoStudio_wjhet5xd_wpftmp.csproj]
C:\UserWorx\VSWorx\ServoStudio\wpfui-servoStudio\samples\Wpf.Ui.servoStudio\ViewModels\AppData\DataViewViewModel.cs(279,17): warning IDE0008: 鐢ㄦ樉寮忕被鍨嬩唬鏇?"var" (https://learn.microsoft.com/dotnet/fundamentals/code-analysis/style-rules/ide0008) [C:\UserWorx\VSWorx\ServoStudio\wpfui-servoStudio\samples\Wpf.Ui.servoStudio\servoStudio_wjhet5xd_wpftmp.csproj]
C:\UserWorx\VSWorx\ServoStudio\wpfui-servoStudio\samples\Wpf.Ui.servoStudio\ViewModels\DeviceSet\DeviceAddViewModel.cs(2176,13): warning IDE0011: 鍚?鈥渋f鈥?璇彞娣诲姞澶ф嫭鍙枫€?(https://learn.microsoft.com/dotnet/fundamentals/code-analysis/style-rules/ide0011) [C:\UserWorx\VSWorx\ServoStudio\wpfui-servoStudio\samples\Wpf.Ui.servoStudio\servoStudio_wjhet5xd_wpftmp.csproj]
C:\UserWorx\VSWorx\ServoStudio\wpfui-servoStudio\samples\Wpf.Ui.servoStudio\ViewModels\DeviceSet\BusDiagnosticsViewModel.cs(573,9): warning IDE0011: 鍚?鈥渋f鈥?璇彞娣诲姞澶ф嫭鍙枫€?(https://learn.microsoft.com/dotnet/fundamentals/code-analysis/style-rules/ide0011) [C:\UserWorx\VSWorx\ServoStudio\wpfui-servoStudio\samples\Wpf.Ui.servoStudio\servoStudio_wjhet5xd_wpftmp.csproj]
C:\UserWorx\VSWorx\ServoStudio\wpfui-servoStudio\samples\Wpf.Ui.servoStudio\ViewModels\DeviceSet\BusDiagnosticsViewModel.cs(577,9): warning IDE0011: 鍚?鈥渋f鈥?璇彞娣诲姞澶ф嫭鍙枫€?(https://learn.microsoft.com/dotnet/fundamentals/code-analysis/style-rules/ide0011) [C:\UserWorx\VSWorx\ServoStudio\wpfui-servoStudio\samples\Wpf.Ui.servoStudio\servoStudio_wjhet5xd_wpftmp.csproj]
C:\UserWorx\VSWorx\ServoStudio\wpfui-servoStudio\samples\Wpf.Ui.servoStudio\ViewModels\AppData\DataViewViewModel.cs(352,18): warning IDE0008: 鐢ㄦ樉寮忕被鍨嬩唬鏇?"var" (https://learn.microsoft.com/dotnet/fundamentals/code-analysis/style-rules/ide0008) [C:\UserWorx\VSWorx\ServoStudio\wpfui-servoStudio\samples\Wpf.Ui.servoStudio\servoStudio_wjhet5xd_wpftmp.csproj]
C:\UserWorx\VSWorx\ServoStudio\wpfui-servoStudio\samples\Wpf.Ui.servoStudio\ViewModels\AppData\DataViewViewModel.cs(361,18): warning IDE0008: 鐢ㄦ樉寮忕被鍨嬩唬鏇?"var" (https://learn.microsoft.com/dotnet/fundamentals/code-analysis/style-rules/ide0008) [C:\UserWorx\VSWorx\ServoStudio\wpfui-servoStudio\samples\Wpf.Ui.servoStudio\servoStudio_wjhet5xd_wpftmp.csproj]
C:\UserWorx\VSWorx\ServoStudio\wpfui-servoStudio\samples\Wpf.Ui.servoStudio\ViewModels\DeviceSet\DeviceAddViewModel.cs(2257,17): warning IDE0011: 鍚?鈥渋f鈥?璇彞娣诲姞澶ф嫭鍙枫€?(https://learn.microsoft.com/dotnet/fundamentals/code-analysis/style-rules/ide0011) [C:\UserWorx\VSWorx\ServoStudio\wpfui-servoStudio\samples\Wpf.Ui.servoStudio\servoStudio_wjhet5xd_wpftmp.csproj]
C:\UserWorx\VSWorx\ServoStudio\wpfui-servoStudio\samples\Wpf.Ui.servoStudio\ViewModels\DeviceSet\DeviceAddViewModel.cs(2261,13): warning IDE0011: 鍚?鈥渋f鈥?璇彞娣诲姞澶ф嫭鍙枫€?(https://learn.microsoft.com/dotnet/fundamentals/code-analysis/style-rules/ide0011) [C:\UserWorx\VSWorx\ServoStudio\wpfui-servoStudio\samples\Wpf.Ui.servoStudio\servoStudio_wjhet5xd_wpftmp.csproj]
C:\UserWorx\VSWorx\ServoStudio\wpfui-servoStudio\samples\Wpf.Ui.servoStudio\ViewModels\DeviceSet\DeviceAddViewModel.cs(2263,13): warning IDE0011: 鍚?鈥渋f鈥?璇彞娣诲姞澶ф嫭鍙枫€?(https://learn.microsoft.com/dotnet/fundamentals/code-analysis/style-rules/ide0011) [C:\UserWorx\VSWorx\ServoStudio\wpfui-servoStudio\samples\Wpf.Ui.servoStudio\servoStudio_wjhet5xd_wpftmp.csproj]
C:\UserWorx\VSWorx\ServoStudio\wpfui-servoStudio\samples\Wpf.Ui.servoStudio\ViewModels\DeviceSet\DeviceAddViewModel.cs(2265,13): warning IDE0011: 鍚?鈥渋f鈥?璇彞娣诲姞澶ф嫭鍙枫€?(https://learn.microsoft.com/dotnet/fundamentals/code-analysis/style-rules/ide0011) [C:\UserWorx\VSWorx\ServoStudio\wpfui-servoStudio\samples\Wpf.Ui.servoStudio\servoStudio_wjhet5xd_wpftmp.csproj]
C:\UserWorx\VSWorx\ServoStudio\wpfui-servoStudio\samples\Wpf.Ui.servoStudio\ViewModels\DeviceSet\DeviceAddViewModel.cs(2267,13): warning IDE0011: 鍚?鈥渋f鈥?璇彞娣诲姞澶ф嫭鍙枫€?(https://learn.microsoft.com/dotnet/fundamentals/code-analysis/style-rules/ide0011) [C:\UserWorx\VSWorx\ServoStudio\wpfui-servoStudio\samples\Wpf.Ui.servoStudio\servoStudio_wjhet5xd_wpftmp.csproj]
C:\UserWorx\VSWorx\ServoStudio\wpfui-servoStudio\samples\Wpf.Ui.servoStudio\ViewModels\DeviceSet\DeviceAddViewModel.cs(2270,13): warning IDE0011: 鍚?鈥渋f鈥?璇彞娣诲姞澶ф嫭鍙枫€?(https://learn.microsoft.com/dotnet/fundamentals/code-analysis/style-rules/ide0011) [C:\UserWorx\VSWorx\ServoStudio\wpfui-servoStudio\samples\Wpf.Ui.servoStudio\servoStudio_wjhet5xd_wpftmp.csproj]
C:\UserWorx\VSWorx\ServoStudio\wpfui-servoStudio\samples\Wpf.Ui.servoStudio\ViewModels\DeviceSet\DeviceAddViewModel.cs(2274,13): warning IDE0011: 鍚?鈥渋f鈥?璇彞娣诲姞澶ф嫭鍙枫€?(https://learn.microsoft.com/dotnet/fundamentals/code-analysis/style-rules/ide0011) [C:\UserWorx\VSWorx\ServoStudio\wpfui-servoStudio\samples\Wpf.Ui.servoStudio\servoStudio_wjhet5xd_wpftmp.csproj]
C:\UserWorx\VSWorx\ServoStudio\wpfui-servoStudio\samples\Wpf.Ui.servoStudio\ViewModels\DeviceSet\DeviceAddViewModel.cs(2276,13): warning IDE0011: 鍚?鈥渋f鈥?璇彞娣诲姞澶ф嫭鍙枫€?(https://learn.microsoft.com/dotnet/fundamentals/code-analysis/style-rules/ide0011) [C:\UserWorx\VSWorx\ServoStudio\wpfui-servoStudio\samples\Wpf.Ui.servoStudio\servoStudio_wjhet5xd_wpftmp.csproj]
C:\UserWorx\VSWorx\ServoStudio\wpfui-servoStudio\samples\Wpf.Ui.servoStudio\ViewModels\DeviceSet\DeviceAddViewModel.cs(2278,13): warning IDE0011: 鍚?鈥渋f鈥?璇彞娣诲姞澶ф嫭鍙枫€?(https://learn.microsoft.com/dotnet/fundamentals/code-analysis/style-rules/ide0011) [C:\UserWorx\VSWorx\ServoStudio\wpfui-servoStudio\samples\Wpf.Ui.servoStudio\servoStudio_wjhet5xd_wpftmp.csproj]
C:\UserWorx\VSWorx\ServoStudio\wpfui-servoStudio\samples\Wpf.Ui.servoStudio\ViewModels\DeviceSet\DeviceAddViewModel.cs(2282,13): warning IDE0011: 鍚?鈥渋f鈥?璇彞娣诲姞澶ф嫭鍙枫€?(https://learn.microsoft.com/dotnet/fundamentals/code-analysis/style-rules/ide0011) [C:\UserWorx\VSWorx\ServoStudio\wpfui-servoStudio\samples\Wpf.Ui.servoStudio\servoStudio_wjhet5xd_wpftmp.csproj]
C:\UserWorx\VSWorx\ServoStudio\wpfui-servoStudio\samples\Wpf.Ui.servoStudio\ViewModels\DeviceSet\DeviceAddViewModel.cs(2301,13): warning IDE0011: 鍚?鈥渋f鈥?璇彞娣诲姞澶ф嫭鍙枫€?(https://learn.microsoft.com/dotnet/fundamentals/code-analysis/style-rules/ide0011) [C:\UserWorx\VSWorx\ServoStudio\wpfui-servoStudio\samples\Wpf.Ui.servoStudio\servoStudio_wjhet5xd_wpftmp.csproj]
C:\UserWorx\VSWorx\ServoStudio\wpfui-servoStudio\samples\Wpf.Ui.servoStudio\ViewModels\DeviceSet\DeviceAddViewModel.cs(2303,13): warning IDE0011: 鍚?鈥渋f鈥?璇彞娣诲姞澶ф嫭鍙枫€?(https://learn.microsoft.com/dotnet/fundamentals/code-analysis/style-rules/ide0011) [C:\UserWorx\VSWorx\ServoStudio\wpfui-servoStudio\samples\Wpf.Ui.servoStudio\servoStudio_wjhet5xd_wpftmp.csproj]
C:\UserWorx\VSWorx\ServoStudio\wpfui-servoStudio\samples\Wpf.Ui.servoStudio\ViewModels\DeviceSet\DeviceAddViewModel.cs(2319,9): warning IDE0011: 鍚?鈥渋f鈥?璇彞娣诲姞澶ф嫭鍙枫€?(https://learn.microsoft.com/dotnet/fundamentals/code-analysis/style-rules/ide0011) [C:\UserWorx\VSWorx\ServoStudio\wpfui-servoStudio\samples\Wpf.Ui.servoStudio\servoStudio_wjhet5xd_wpftmp.csproj]
C:\UserWorx\VSWorx\ServoStudio\wpfui-servoStudio\samples\Wpf.Ui.servoStudio\ViewModels\DeviceSet\DeviceAddViewModel.cs(2354,13): warning IDE0011: 鍚?鈥渋f鈥?璇彞娣诲姞澶ф嫭鍙枫€?(https://learn.microsoft.com/dotnet/fundamentals/code-analysis/style-rules/ide0011) [C:\UserWorx\VSWorx\ServoStudio\wpfui-servoStudio\samples\Wpf.Ui.servoStudio\servoStudio_wjhet5xd_wpftmp.csproj]
C:\UserWorx\VSWorx\ServoStudio\wpfui-servoStudio\samples\Wpf.Ui.servoStudio\ViewModels\Motion\MotionLimitViewModel.cs(373,9): warning IDE0011: 鍚?鈥渋f鈥?璇彞娣诲姞澶ф嫭鍙枫€?(https://learn.microsoft.com/dotnet/fundamentals/code-analysis/style-rules/ide0011) [C:\UserWorx\VSWorx\ServoStudio\wpfui-servoStudio\samples\Wpf.Ui.servoStudio\servoStudio_wjhet5xd_wpftmp.csproj]
C:\UserWorx\VSWorx\ServoStudio\wpfui-servoStudio\samples\Wpf.Ui.servoStudio\ViewModels\AppData\DataViewViewModel.cs(450,13): warning IDE0011: 鍚?鈥渋f鈥?璇彞娣诲姞澶ф嫭鍙枫€?(https://learn.microsoft.com/dotnet/fundamentals/code-analysis/style-rules/ide0011) [C:\UserWorx\VSWorx\ServoStudio\wpfui-servoStudio\samples\Wpf.Ui.servoStudio\servoStudio_wjhet5xd_wpftmp.csproj]
C:\UserWorx\VSWorx\ServoStudio\wpfui-servoStudio\samples\Wpf.Ui.servoStudio\ViewModels\AppData\DataViewViewModel.cs(449,13): warning IDE0008: 鐢ㄦ樉寮忕被鍨嬩唬鏇?"var" (https://learn.microsoft.com/dotnet/fundamentals/code-analysis/style-rules/ide0008) [C:\UserWorx\VSWorx\ServoStudio\wpfui-servoStudio\samples\Wpf.Ui.servoStudio\servoStudio_wjhet5xd_wpftmp.csproj]
C:\UserWorx\VSWorx\ServoStudio\wpfui-servoStudio\samples\Wpf.Ui.servoStudio\ViewModels\AppData\DataViewViewModel.cs(452,71): warning IDE0008: 鐢ㄦ樉寮忕被鍨嬩唬鏇?"var" (https://learn.microsoft.com/dotnet/fundamentals/code-analysis/style-rules/ide0008) [C:\UserWorx\VSWorx\ServoStudio\wpfui-servoStudio\samples\Wpf.Ui.servoStudio\servoStudio_wjhet5xd_wpftmp.csproj]
C:\UserWorx\VSWorx\ServoStudio\wpfui-servoStudio\samples\Wpf.Ui.servoStudio\ViewModels\AppData\DataViewViewModel.cs(463,18): warning IDE0008: 鐢ㄦ樉寮忕被鍨嬩唬鏇?"var" (https://learn.microsoft.com/dotnet/fundamentals/code-analysis/style-rules/ide0008) [C:\UserWorx\VSWorx\ServoStudio\wpfui-servoStudio\samples\Wpf.Ui.servoStudio\servoStudio_wjhet5xd_wpftmp.csproj]
C:\UserWorx\VSWorx\ServoStudio\wpfui-servoStudio\samples\Wpf.Ui.servoStudio\ViewModels\AppData\DataViewViewModel.cs(471,9): warning IDE0011: 鍚?鈥渋f鈥?璇彞娣诲姞澶ф嫭鍙枫€?(https://learn.microsoft.com/dotnet/fundamentals/code-analysis/style-rules/ide0011) [C:\UserWorx\VSWorx\ServoStudio\wpfui-servoStudio\samples\Wpf.Ui.servoStudio\servoStudio_wjhet5xd_wpftmp.csproj]
C:\UserWorx\VSWorx\ServoStudio\wpfui-servoStudio\samples\Wpf.Ui.servoStudio\ViewModels\AppData\DataViewViewModel.cs(472,18): warning IDE0008: 鐢ㄦ樉寮忕被鍨嬩唬鏇?"var" (https://learn.microsoft.com/dotnet/fundamentals/code-analysis/style-rules/ide0008) [C:\UserWorx\VSWorx\ServoStudio\wpfui-servoStudio\samples\Wpf.Ui.servoStudio\servoStudio_wjhet5xd_wpftmp.csproj]
C:\UserWorx\VSWorx\ServoStudio\wpfui-servoStudio\samples\Wpf.Ui.servoStudio\ViewModels\AppData\DataViewViewModel.cs(480,9): warning IDE0011: 鍚?鈥渋f鈥?璇彞娣诲姞澶ф嫭鍙枫€?(https://learn.microsoft.com/dotnet/fundamentals/code-analysis/style-rules/ide0011) [C:\UserWorx\VSWorx\ServoStudio\wpfui-servoStudio\samples\Wpf.Ui.servoStudio\servoStudio_wjhet5xd_wpftmp.csproj]
C:\UserWorx\VSWorx\ServoStudio\wpfui-servoStudio\samples\Wpf.Ui.servoStudio\ViewModels\Motion\MotionLimitViewModel.cs(409,9): warning IDE0011: 鍚?鈥渋f鈥?璇彞娣诲姞澶ф嫭鍙枫€?(https://learn.microsoft.com/dotnet/fundamentals/code-analysis/style-rules/ide0011) [C:\UserWorx\VSWorx\ServoStudio\wpfui-servoStudio\samples\Wpf.Ui.servoStudio\servoStudio_wjhet5xd_wpftmp.csproj]
C:\UserWorx\VSWorx\ServoStudio\wpfui-servoStudio\samples\Wpf.Ui.servoStudio\ViewModels\AppData\DataViewViewModel.cs(487,9): warning IDE0011: 鍚?鈥渋f鈥?璇彞娣诲姞澶ф嫭鍙枫€?(https://learn.microsoft.com/dotnet/fundamentals/code-analysis/style-rules/ide0011) [C:\UserWorx\VSWorx\ServoStudio\wpfui-servoStudio\samples\Wpf.Ui.servoStudio\servoStudio_wjhet5xd_wpftmp.csproj]
C:\UserWorx\VSWorx\ServoStudio\wpfui-servoStudio\samples\Wpf.Ui.servoStudio\ViewModels\AppData\DataViewViewModel.cs(490,13): warning IDE0008: 鐢ㄦ樉寮忕被鍨嬩唬鏇?"var" (https://learn.microsoft.com/dotnet/fundamentals/code-analysis/style-rules/ide0008) [C:\UserWorx\VSWorx\ServoStudio\wpfui-servoStudio\samples\Wpf.Ui.servoStudio\servoStudio_wjhet5xd_wpftmp.csproj]
C:\UserWorx\VSWorx\ServoStudio\wpfui-servoStudio\samples\Wpf.Ui.servoStudio\ViewModels\AppData\DataViewViewModel.cs(494,22): warning IDE0008: 鐢ㄦ樉寮忕被鍨嬩唬鏇?"var" (https://learn.microsoft.com/dotnet/fundamentals/code-analysis/style-rules/ide0008) [C:\UserWorx\VSWorx\ServoStudio\wpfui-servoStudio\samples\Wpf.Ui.servoStudio\servoStudio_wjhet5xd_wpftmp.csproj]
C:\UserWorx\VSWorx\ServoStudio\wpfui-servoStudio\samples\Wpf.Ui.servoStudio\ViewModels\DeviceSet\DeviceAddViewModel.cs(2444,21): warning CA1063: 淇敼鈥淒eviceAddViewModel.Dispose鈥濓紝浣垮叾璋冪敤 Dispose(true)锛屽啀瀵瑰綋鍓嶅璞″疄渚嬭皟鐢?GC.SuppressFinalize (Visual Basic 涓殑鈥滄椤光€濇垨鈥滄垜鈥?锛岀劧鍚庤繑鍥?(https://learn.microsoft.com/dotnet/fundamentals/code-analysis/quality-rules/ca1063) [C:\UserWorx\VSWorx\ServoStudio\wpfui-servoStudio\samples\Wpf.Ui.servoStudio\servoStudio_wjhet5xd_wpftmp.csproj]
C:\UserWorx\VSWorx\ServoStudio\wpfui-servoStudio\samples\Wpf.Ui.servoStudio\ViewModels\DeviceSet\BusDiagnosticsViewModel.cs(613,9): warning IDE0008: 鐢ㄦ樉寮忕被鍨嬩唬鏇?"var" (https://learn.microsoft.com/dotnet/fundamentals/code-analysis/style-rules/ide0008) [C:\UserWorx\VSWorx\ServoStudio\wpfui-servoStudio\samples\Wpf.Ui.servoStudio\servoStudio_wjhet5xd_wpftmp.csproj]
C:\UserWorx\VSWorx\ServoStudio\wpfui-servoStudio\samples\Wpf.Ui.servoStudio\ViewModels\Motion\MotionLimitViewModel.cs(440,9): warning IDE0011: 鍚?鈥渋f鈥?璇彞娣诲姞澶ф嫭鍙枫€?(https://learn.microsoft.com/dotnet/fundamentals/code-analysis/style-rules/ide0011) [C:\UserWorx\VSWorx\ServoStudio\wpfui-servoStudio\samples\Wpf.Ui.servoStudio\servoStudio_wjhet5xd_wpftmp.csproj]
C:\UserWorx\VSWorx\ServoStudio\wpfui-servoStudio\samples\Wpf.Ui.servoStudio\ViewModels\Motion\MotionLimitViewModel.cs(443,9): warning IDE0011: 鍚?鈥渋f鈥?璇彞娣诲姞澶ф嫭鍙枫€?(https://learn.microsoft.com/dotnet/fundamentals/code-analysis/style-rules/ide0011) [C:\UserWorx\VSWorx\ServoStudio\wpfui-servoStudio\samples\Wpf.Ui.servoStudio\servoStudio_wjhet5xd_wpftmp.csproj]
C:\UserWorx\VSWorx\ServoStudio\wpfui-servoStudio\samples\Wpf.Ui.servoStudio\ViewModels\Motion\MotionLimitViewModel.cs(445,9): warning IDE0011: 鍚?鈥渋f鈥?璇彞娣诲姞澶ф嫭鍙枫€?(https://learn.microsoft.com/dotnet/fundamentals/code-analysis/style-rules/ide0011) [C:\UserWorx\VSWorx\ServoStudio\wpfui-servoStudio\samples\Wpf.Ui.servoStudio\servoStudio_wjhet5xd_wpftmp.csproj]
C:\UserWorx\VSWorx\ServoStudio\wpfui-servoStudio\samples\Wpf.Ui.servoStudio\ViewModels\Motion\MotionLimitViewModel.cs(447,9): warning IDE0011: 鍚?鈥渋f鈥?璇彞娣诲姞澶ф嫭鍙枫€?(https://learn.microsoft.com/dotnet/fundamentals/code-analysis/style-rules/ide0011) [C:\UserWorx\VSWorx\ServoStudio\wpfui-servoStudio\samples\Wpf.Ui.servoStudio\servoStudio_wjhet5xd_wpftmp.csproj]
C:\UserWorx\VSWorx\ServoStudio\wpfui-servoStudio\samples\Wpf.Ui.servoStudio\ViewModels\Motion\MotionLimitViewModel.cs(449,9): warning IDE0011: 鍚?鈥渋f鈥?璇彞娣诲姞澶ф嫭鍙枫€?(https://learn.microsoft.com/dotnet/fundamentals/code-analysis/style-rules/ide0011) [C:\UserWorx\VSWorx\ServoStudio\wpfui-servoStudio\samples\Wpf.Ui.servoStudio\servoStudio_wjhet5xd_wpftmp.csproj]
C:\UserWorx\VSWorx\ServoStudio\wpfui-servoStudio\samples\Wpf.Ui.servoStudio\ViewModels\Motion\MotionLimitViewModel.cs(452,9): warning IDE0011: 鍚?鈥渋f鈥?璇彞娣诲姞澶ф嫭鍙枫€?(https://learn.microsoft.com/dotnet/fundamentals/code-analysis/style-rules/ide0011) [C:\UserWorx\VSWorx\ServoStudio\wpfui-servoStudio\samples\Wpf.Ui.servoStudio\servoStudio_wjhet5xd_wpftmp.csproj]
C:\UserWorx\VSWorx\ServoStudio\wpfui-servoStudio\samples\Wpf.Ui.servoStudio\ViewModels\Motion\MotionLimitViewModel.cs(454,9): warning IDE0011: 鍚?鈥渋f鈥?璇彞娣诲姞澶ф嫭鍙枫€?(https://learn.microsoft.com/dotnet/fundamentals/code-analysis/style-rules/ide0011) [C:\UserWorx\VSWorx\ServoStudio\wpfui-servoStudio\samples\Wpf.Ui.servoStudio\servoStudio_wjhet5xd_wpftmp.csproj]
C:\UserWorx\VSWorx\ServoStudio\wpfui-servoStudio\samples\Wpf.Ui.servoStudio\ViewModels\Motion\MotionLimitViewModel.cs(456,9): warning IDE0011: 鍚?鈥渋f鈥?璇彞娣诲姞澶ф嫭鍙枫€?(https://learn.microsoft.com/dotnet/fundamentals/code-analysis/style-rules/ide0011) [C:\UserWorx\VSWorx\ServoStudio\wpfui-servoStudio\samples\Wpf.Ui.servoStudio\servoStudio_wjhet5xd_wpftmp.csproj]
C:\UserWorx\VSWorx\ServoStudio\wpfui-servoStudio\samples\Wpf.Ui.servoStudio\ViewModels\Motion\MotionLimitViewModel.cs(458,9): warning IDE0011: 鍚?鈥渋f鈥?璇彞娣诲姞澶ф嫭鍙枫€?(https://learn.microsoft.com/dotnet/fundamentals/code-analysis/style-rules/ide0011) [C:\UserWorx\VSWorx\ServoStudio\wpfui-servoStudio\samples\Wpf.Ui.servoStudio\servoStudio_wjhet5xd_wpftmp.csproj]
C:\UserWorx\VSWorx\ServoStudio\wpfui-servoStudio\samples\Wpf.Ui.servoStudio\ViewModels\Motion\MotionLimitViewModel.cs(460,9): warning IDE0011: 鍚?鈥渋f鈥?璇彞娣诲姞澶ф嫭鍙枫€?(https://learn.microsoft.com/dotnet/fundamentals/code-analysis/style-rules/ide0011) [C:\UserWorx\VSWorx\ServoStudio\wpfui-servoStudio\samples\Wpf.Ui.servoStudio\servoStudio_wjhet5xd_wpftmp.csproj]
C:\UserWorx\VSWorx\ServoStudio\wpfui-servoStudio\samples\Wpf.Ui.servoStudio\ViewModels\Motion\MotionLimitViewModel.cs(463,9): warning IDE0011: 鍚?鈥渋f鈥?璇彞娣诲姞澶ф嫭鍙枫€?(https://learn.microsoft.com/dotnet/fundamentals/code-analysis/style-rules/ide0011) [C:\UserWorx\VSWorx\ServoStudio\wpfui-servoStudio\samples\Wpf.Ui.servoStudio\servoStudio_wjhet5xd_wpftmp.csproj]
C:\UserWorx\VSWorx\ServoStudio\wpfui-servoStudio\samples\Wpf.Ui.servoStudio\ViewModels\Motion\MotionLimitViewModel.cs(465,9): warning IDE0011: 鍚?鈥渋f鈥?璇彞娣诲姞澶ф嫭鍙枫€?(https://learn.microsoft.com/dotnet/fundamentals/code-analysis/style-rules/ide0011) [C:\UserWorx\VSWorx\ServoStudio\wpfui-servoStudio\samples\Wpf.Ui.servoStudio\servoStudio_wjhet5xd_wpftmp.csproj]
C:\UserWorx\VSWorx\ServoStudio\wpfui-servoStudio\samples\Wpf.Ui.servoStudio\ViewModels\Motion\MotionLimitViewModel.cs(467,9): warning IDE0011: 鍚?鈥渋f鈥?璇彞娣诲姞澶ф嫭鍙枫€?(https://learn.microsoft.com/dotnet/fundamentals/code-analysis/style-rules/ide0011) [C:\UserWorx\VSWorx\ServoStudio\wpfui-servoStudio\samples\Wpf.Ui.servoStudio\servoStudio_wjhet5xd_wpftmp.csproj]
C:\UserWorx\VSWorx\ServoStudio\wpfui-servoStudio\samples\Wpf.Ui.servoStudio\ViewModels\Motion\MotionLimitViewModel.cs(469,9): warning IDE0011: 鍚?鈥渋f鈥?璇彞娣诲姞澶ф嫭鍙枫€?(https://learn.microsoft.com/dotnet/fundamentals/code-analysis/style-rules/ide0011) [C:\UserWorx\VSWorx\ServoStudio\wpfui-servoStudio\samples\Wpf.Ui.servoStudio\servoStudio_wjhet5xd_wpftmp.csproj]
C:\UserWorx\VSWorx\ServoStudio\wpfui-servoStudio\samples\Wpf.Ui.servoStudio\ViewModels\Motion\MotionLimitViewModel.cs(472,9): warning IDE0011: 鍚?鈥渋f鈥?璇彞娣诲姞澶ф嫭鍙枫€?(https://learn.microsoft.com/dotnet/fundamentals/code-analysis/style-rules/ide0011) [C:\UserWorx\VSWorx\ServoStudio\wpfui-servoStudio\samples\Wpf.Ui.servoStudio\servoStudio_wjhet5xd_wpftmp.csproj]
C:\UserWorx\VSWorx\ServoStudio\wpfui-servoStudio\samples\Wpf.Ui.servoStudio\ViewModels\Motion\MotionLimitViewModel.cs(474,9): warning IDE0011: 鍚?鈥渋f鈥?璇彞娣诲姞澶ф嫭鍙枫€?(https://learn.microsoft.com/dotnet/fundamentals/code-analysis/style-rules/ide0011) [C:\UserWorx\VSWorx\ServoStudio\wpfui-servoStudio\samples\Wpf.Ui.servoStudio\servoStudio_wjhet5xd_wpftmp.csproj]
C:\UserWorx\VSWorx\ServoStudio\wpfui-servoStudio\samples\Wpf.Ui.servoStudio\ViewModels\Motion\MotionLimitViewModel.cs(476,9): warning IDE0011: 鍚?鈥渋f鈥?璇彞娣诲姞澶ф嫭鍙枫€?(https://learn.microsoft.com/dotnet/fundamentals/code-analysis/style-rules/ide0011) [C:\UserWorx\VSWorx\ServoStudio\wpfui-servoStudio\samples\Wpf.Ui.servoStudio\servoStudio_wjhet5xd_wpftmp.csproj]
C:\UserWorx\VSWorx\ServoStudio\wpfui-servoStudio\samples\Wpf.Ui.servoStudio\ViewModels\Motion\MotionLimitViewModel.cs(478,9): warning IDE0011: 鍚?鈥渋f鈥?璇彞娣诲姞澶ф嫭鍙枫€?(https://learn.microsoft.com/dotnet/fundamentals/code-analysis/style-rules/ide0011) [C:\UserWorx\VSWorx\ServoStudio\wpfui-servoStudio\samples\Wpf.Ui.servoStudio\servoStudio_wjhet5xd_wpftmp.csproj]
C:\UserWorx\VSWorx\ServoStudio\wpfui-servoStudio\samples\Wpf.Ui.servoStudio\ViewModels\DeviceSet\BusDiagnosticsViewModel.cs(630,9): warning IDE0011: 鍚?鈥渋f鈥?璇彞娣诲姞澶ф嫭鍙枫€?(https://learn.microsoft.com/dotnet/fundamentals/code-analysis/style-rules/ide0011) [C:\UserWorx\VSWorx\ServoStudio\wpfui-servoStudio\samples\Wpf.Ui.servoStudio\servoStudio_wjhet5xd_wpftmp.csproj]
C:\UserWorx\VSWorx\ServoStudio\wpfui-servoStudio\samples\Wpf.Ui.servoStudio\ViewModels\AppData\DataSaveViewModel.cs(731,13): warning IDE0011: 鍚?鈥渋f鈥?璇彞娣诲姞澶ф嫭鍙枫€?(https://learn.microsoft.com/dotnet/fundamentals/code-analysis/style-rules/ide0011) [C:\UserWorx\VSWorx\ServoStudio\wpfui-servoStudio\samples\Wpf.Ui.servoStudio\servoStudio_wjhet5xd_wpftmp.csproj]
C:\UserWorx\VSWorx\ServoStudio\wpfui-servoStudio\samples\Wpf.Ui.servoStudio\ViewModels\DeviceSet\BusDiagnosticsViewModel.cs(645,9): warning IDE0011: 鍚?鈥渋f鈥?璇彞娣诲姞澶ф嫭鍙枫€?(https://learn.microsoft.com/dotnet/fundamentals/code-analysis/style-rules/ide0011) [C:\UserWorx\VSWorx\ServoStudio\wpfui-servoStudio\samples\Wpf.Ui.servoStudio\servoStudio_wjhet5xd_wpftmp.csproj]
C:\UserWorx\VSWorx\ServoStudio\wpfui-servoStudio\samples\Wpf.Ui.servoStudio\ViewModels\DeviceSet\BusDiagnosticsViewModel.cs(647,9): warning IDE0011: 鍚?鈥渋f鈥?璇彞娣诲姞澶ф嫭鍙枫€?(https://learn.microsoft.com/dotnet/fundamentals/code-analysis/style-rules/ide0011) [C:\UserWorx\VSWorx\ServoStudio\wpfui-servoStudio\samples\Wpf.Ui.servoStudio\servoStudio_wjhet5xd_wpftmp.csproj]
C:\UserWorx\VSWorx\ServoStudio\wpfui-servoStudio\samples\Wpf.Ui.servoStudio\ViewModels\DeviceSet\BusDiagnosticsViewModel.cs(660,9): warning IDE0011: 鍚?鈥渋f鈥?璇彞娣诲姞澶ф嫭鍙枫€?(https://learn.microsoft.com/dotnet/fundamentals/code-analysis/style-rules/ide0011) [C:\UserWorx\VSWorx\ServoStudio\wpfui-servoStudio\samples\Wpf.Ui.servoStudio\servoStudio_wjhet5xd_wpftmp.csproj]
C:\UserWorx\VSWorx\ServoStudio\wpfui-servoStudio\samples\Wpf.Ui.servoStudio\ViewModels\DeviceSet\BusDiagnosticsViewModel.cs(664,13): warning IDE0011: 鍚?鈥渋f鈥?璇彞娣诲姞澶ф嫭鍙枫€?(https://learn.microsoft.com/dotnet/fundamentals/code-analysis/style-rules/ide0011) [C:\UserWorx\VSWorx\ServoStudio\wpfui-servoStudio\samples\Wpf.Ui.servoStudio\servoStudio_wjhet5xd_wpftmp.csproj]
C:\UserWorx\VSWorx\ServoStudio\wpfui-servoStudio\samples\Wpf.Ui.servoStudio\ViewModels\DeviceSet\BusDiagnosticsViewModel.cs(665,13): warning IDE0011: 鍚?鈥渋f鈥?璇彞娣诲姞澶ф嫭鍙枫€?(https://learn.microsoft.com/dotnet/fundamentals/code-analysis/style-rules/ide0011) [C:\UserWorx\VSWorx\ServoStudio\wpfui-servoStudio\samples\Wpf.Ui.servoStudio\servoStudio_wjhet5xd_wpftmp.csproj]
C:\UserWorx\VSWorx\ServoStudio\wpfui-servoStudio\samples\Wpf.Ui.servoStudio\ViewModels\DeviceSet\BusDiagnosticsViewModel.cs(664,24): warning IDE0058: 姘歌繙涓嶄細浣跨敤琛ㄨ揪寮忓€?(https://learn.microsoft.com/dotnet/fundamentals/code-analysis/style-rules/ide0058) [C:\UserWorx\VSWorx\ServoStudio\wpfui-servoStudio\samples\Wpf.Ui.servoStudio\servoStudio_wjhet5xd_wpftmp.csproj]
C:\UserWorx\VSWorx\ServoStudio\wpfui-servoStudio\samples\Wpf.Ui.servoStudio\ViewModels\DeviceSet\BusDiagnosticsViewModel.cs(666,17): warning IDE0058: 姘歌繙涓嶄細浣跨敤琛ㄨ揪寮忓€?(https://learn.microsoft.com/dotnet/fundamentals/code-analysis/style-rules/ide0058) [C:\UserWorx\VSWorx\ServoStudio\wpfui-servoStudio\samples\Wpf.Ui.servoStudio\servoStudio_wjhet5xd_wpftmp.csproj]
C:\UserWorx\VSWorx\ServoStudio\wpfui-servoStudio\samples\Wpf.Ui.servoStudio\ViewModels\DeviceSet\BusDiagnosticsViewModel.cs(673,9): warning IDE0008: 鐢ㄦ樉寮忕被鍨嬩唬鏇?"var" (https://learn.microsoft.com/dotnet/fundamentals/code-analysis/style-rules/ide0008) [C:\UserWorx\VSWorx\ServoStudio\wpfui-servoStudio\samples\Wpf.Ui.servoStudio\servoStudio_wjhet5xd_wpftmp.csproj]
C:\UserWorx\VSWorx\ServoStudio\wpfui-servoStudio\samples\Wpf.Ui.servoStudio\ViewModels\DeviceSet\BusDiagnosticsViewModel.cs(674,9): warning IDE0008: 鐢ㄦ樉寮忕被鍨嬩唬鏇?"var" (https://learn.microsoft.com/dotnet/fundamentals/code-analysis/style-rules/ide0008) [C:\UserWorx\VSWorx\ServoStudio\wpfui-servoStudio\samples\Wpf.Ui.servoStudio\servoStudio_wjhet5xd_wpftmp.csproj]
C:\UserWorx\VSWorx\ServoStudio\wpfui-servoStudio\samples\Wpf.Ui.servoStudio\ViewModels\DeviceSet\BusDiagnosticsViewModel.cs(683,13): warning IDE0008: 鐢ㄦ樉寮忕被鍨嬩唬鏇?"var" (https://learn.microsoft.com/dotnet/fundamentals/code-analysis/style-rules/ide0008) [C:\UserWorx\VSWorx\ServoStudio\wpfui-servoStudio\samples\Wpf.Ui.servoStudio\servoStudio_wjhet5xd_wpftmp.csproj]
C:\UserWorx\VSWorx\ServoStudio\wpfui-servoStudio\samples\Wpf.Ui.servoStudio\ViewModels\AppData\DataViewViewModel.cs(516,9): warning IDE0008: 鐢ㄦ樉寮忕被鍨嬩唬鏇?"var" (https://learn.microsoft.com/dotnet/fundamentals/code-analysis/style-rules/ide0008) [C:\UserWorx\VSWorx\ServoStudio\wpfui-servoStudio\samples\Wpf.Ui.servoStudio\servoStudio_wjhet5xd_wpftmp.csproj]
C:\UserWorx\VSWorx\ServoStudio\wpfui-servoStudio\samples\Wpf.Ui.servoStudio\ViewModels\AppData\DataViewViewModel.cs(561,13): warning IDE0008: 鐢ㄦ樉寮忕被鍨嬩唬鏇?"var" (https://learn.microsoft.com/dotnet/fundamentals/code-analysis/style-rules/ide0008) [C:\UserWorx\VSWorx\ServoStudio\wpfui-servoStudio\samples\Wpf.Ui.servoStudio\servoStudio_wjhet5xd_wpftmp.csproj]
C:\UserWorx\VSWorx\ServoStudio\wpfui-servoStudio\samples\Wpf.Ui.servoStudio\ViewModels\AppData\DataViewViewModel.cs(564,22): warning IDE0008: 鐢ㄦ樉寮忕被鍨嬩唬鏇?"var" (https://learn.microsoft.com/dotnet/fundamentals/code-analysis/style-rules/ide0008) [C:\UserWorx\VSWorx\ServoStudio\wpfui-servoStudio\samples\Wpf.Ui.servoStudio\servoStudio_wjhet5xd_wpftmp.csproj]
C:\UserWorx\VSWorx\ServoStudio\wpfui-servoStudio\samples\Wpf.Ui.servoStudio\ViewModels\AppData\DataViewViewModel.cs(566,17): warning IDE0008: 鐢ㄦ樉寮忕被鍨嬩唬鏇?"var" (https://learn.microsoft.com/dotnet/fundamentals/code-analysis/style-rules/ide0008) [C:\UserWorx\VSWorx\ServoStudio\wpfui-servoStudio\samples\Wpf.Ui.servoStudio\servoStudio_wjhet5xd_wpftmp.csproj]
C:\UserWorx\VSWorx\ServoStudio\wpfui-servoStudio\samples\Wpf.Ui.servoStudio\ViewModels\AppData\DataViewViewModel.cs(605,22): warning IDE0008: 鐢ㄦ樉寮忕被鍨嬩唬鏇?"var" (https://learn.microsoft.com/dotnet/fundamentals/code-analysis/style-rules/ide0008) [C:\UserWorx\VSWorx\ServoStudio\wpfui-servoStudio\samples\Wpf.Ui.servoStudio\servoStudio_wjhet5xd_wpftmp.csproj]
C:\UserWorx\VSWorx\ServoStudio\wpfui-servoStudio\samples\Wpf.Ui.servoStudio\ViewModels\AppData\DataSaveViewModel.cs(852,9): warning IDE0008: 鐢ㄦ樉寮忕被鍨嬩唬鏇?"var" (https://learn.microsoft.com/dotnet/fundamentals/code-analysis/style-rules/ide0008) [C:\UserWorx\VSWorx\ServoStudio\wpfui-servoStudio\samples\Wpf.Ui.servoStudio\servoStudio_wjhet5xd_wpftmp.csproj]
C:\UserWorx\VSWorx\ServoStudio\wpfui-servoStudio\samples\Wpf.Ui.servoStudio\ViewModels\DeviceSet\BusDiagnosticsViewModel.cs(739,9): warning IDE0011: 鍚?鈥渋f鈥?璇彞娣诲姞澶ф嫭鍙枫€?(https://learn.microsoft.com/dotnet/fundamentals/code-analysis/style-rules/ide0011) [C:\UserWorx\VSWorx\ServoStudio\wpfui-servoStudio\samples\Wpf.Ui.servoStudio\servoStudio_wjhet5xd_wpftmp.csproj]
C:\UserWorx\VSWorx\ServoStudio\wpfui-servoStudio\samples\Wpf.Ui.servoStudio\ViewModels\DeviceSet\BusDiagnosticsViewModel.cs(741,9): warning IDE0011: 鍚?鈥渋f鈥?璇彞娣诲姞澶ф嫭鍙枫€?(https://learn.microsoft.com/dotnet/fundamentals/code-analysis/style-rules/ide0011) [C:\UserWorx\VSWorx\ServoStudio\wpfui-servoStudio\samples\Wpf.Ui.servoStudio\servoStudio_wjhet5xd_wpftmp.csproj]
C:\UserWorx\VSWorx\ServoStudio\wpfui-servoStudio\samples\Wpf.Ui.servoStudio\ViewModels\DeviceSet\BusDiagnosticsViewModel.cs(746,9): warning IDE0011: 鍚?鈥渋f鈥?璇彞娣诲姞澶ф嫭鍙枫€?(https://learn.microsoft.com/dotnet/fundamentals/code-analysis/style-rules/ide0011) [C:\UserWorx\VSWorx\ServoStudio\wpfui-servoStudio\samples\Wpf.Ui.servoStudio\servoStudio_wjhet5xd_wpftmp.csproj]
C:\UserWorx\VSWorx\ServoStudio\wpfui-servoStudio\samples\Wpf.Ui.servoStudio\ViewModels\DeviceSet\BusDiagnosticsViewModel.cs(749,9): warning IDE0011: 鍚?鈥渋f鈥?璇彞娣诲姞澶ф嫭鍙枫€?(https://learn.microsoft.com/dotnet/fundamentals/code-analysis/style-rules/ide0011) [C:\UserWorx\VSWorx\ServoStudio\wpfui-servoStudio\samples\Wpf.Ui.servoStudio\servoStudio_wjhet5xd_wpftmp.csproj]
C:\UserWorx\VSWorx\ServoStudio\wpfui-servoStudio\samples\Wpf.Ui.servoStudio\ViewModels\DeviceSet\BusDiagnosticsViewModel.cs(762,9): warning IDE0011: 鍚?鈥渋f鈥?璇彞娣诲姞澶ф嫭鍙枫€?(https://learn.microsoft.com/dotnet/fundamentals/code-analysis/style-rules/ide0011) [C:\UserWorx\VSWorx\ServoStudio\wpfui-servoStudio\samples\Wpf.Ui.servoStudio\servoStudio_wjhet5xd_wpftmp.csproj]
C:\UserWorx\VSWorx\ServoStudio\wpfui-servoStudio\samples\Wpf.Ui.servoStudio\ViewModels\DeviceSet\BusDiagnosticsViewModel.cs(768,9): warning IDE0011: 鍚?鈥渋f鈥?璇彞娣诲姞澶ф嫭鍙枫€?(https://learn.microsoft.com/dotnet/fundamentals/code-analysis/style-rules/ide0011) [C:\UserWorx\VSWorx\ServoStudio\wpfui-servoStudio\samples\Wpf.Ui.servoStudio\servoStudio_wjhet5xd_wpftmp.csproj]
C:\UserWorx\VSWorx\ServoStudio\wpfui-servoStudio\samples\Wpf.Ui.servoStudio\ViewModels\DeviceSet\BusDiagnosticsViewModel.cs(736,9): warning IDE0008: 鐢ㄦ樉寮忕被鍨嬩唬鏇?"var" (https://learn.microsoft.com/dotnet/fundamentals/code-analysis/style-rules/ide0008) [C:\UserWorx\VSWorx\ServoStudio\wpfui-servoStudio\samples\Wpf.Ui.servoStudio\servoStudio_wjhet5xd_wpftmp.csproj]
C:\UserWorx\VSWorx\ServoStudio\wpfui-servoStudio\samples\Wpf.Ui.servoStudio\ViewModels\DeviceSet\BusDiagnosticsViewModel.cs(737,9): warning IDE0008: 鐢ㄦ樉寮忕被鍨嬩唬鏇?"var" (https://learn.microsoft.com/dotnet/fundamentals/code-analysis/style-rules/ide0008) [C:\UserWorx\VSWorx\ServoStudio\wpfui-servoStudio\samples\Wpf.Ui.servoStudio\servoStudio_wjhet5xd_wpftmp.csproj]
C:\UserWorx\VSWorx\ServoStudio\wpfui-servoStudio\samples\Wpf.Ui.servoStudio\ViewModels\DeviceSet\BusDiagnosticsViewModel.cs(745,9): warning IDE0008: 鐢ㄦ樉寮忕被鍨嬩唬鏇?"var" (https://learn.microsoft.com/dotnet/fundamentals/code-analysis/style-rules/ide0008) [C:\UserWorx\VSWorx\ServoStudio\wpfui-servoStudio\samples\Wpf.Ui.servoStudio\servoStudio_wjhet5xd_wpftmp.csproj]
C:\UserWorx\VSWorx\ServoStudio\wpfui-servoStudio\samples\Wpf.Ui.servoStudio\ViewModels\DeviceSet\BusDiagnosticsViewModel.cs(584,9): warning IDE0058: 姘歌繙涓嶄細浣跨敤琛ㄨ揪寮忓€?(https://learn.microsoft.com/dotnet/fundamentals/code-analysis/style-rules/ide0058) [C:\UserWorx\VSWorx\ServoStudio\wpfui-servoStudio\samples\Wpf.Ui.servoStudio\servoStudio_wjhet5xd_wpftmp.csproj]
C:\UserWorx\VSWorx\ServoStudio\wpfui-servoStudio\samples\Wpf.Ui.servoStudio\ViewModels\DeviceSet\BusDiagnosticsViewModel.cs(831,9): warning IDE0011: 鍚?鈥渋f鈥?璇彞娣诲姞澶ф嫭鍙枫€?(https://learn.microsoft.com/dotnet/fundamentals/code-analysis/style-rules/ide0011) [C:\UserWorx\VSWorx\ServoStudio\wpfui-servoStudio\samples\Wpf.Ui.servoStudio\servoStudio_wjhet5xd_wpftmp.csproj]
C:\UserWorx\VSWorx\ServoStudio\wpfui-servoStudio\samples\Wpf.Ui.servoStudio\ViewModels\DeviceSet\BusDiagnosticsViewModel.cs(836,9): warning IDE0011: 鍚?鈥渋f鈥?璇彞娣诲姞澶ф嫭鍙枫€?(https://learn.microsoft.com/dotnet/fundamentals/code-analysis/style-rules/ide0011) [C:\UserWorx\VSWorx\ServoStudio\wpfui-servoStudio\samples\Wpf.Ui.servoStudio\servoStudio_wjhet5xd_wpftmp.csproj]
C:\UserWorx\VSWorx\ServoStudio\wpfui-servoStudio\samples\Wpf.Ui.servoStudio\ViewModels\DeviceSet\BusDiagnosticsViewModel.cs(838,9): warning IDE0011: 鍚?鈥渋f鈥?璇彞娣诲姞澶ф嫭鍙枫€?(https://learn.microsoft.com/dotnet/fundamentals/code-analysis/style-rules/ide0011) [C:\UserWorx\VSWorx\ServoStudio\wpfui-servoStudio\samples\Wpf.Ui.servoStudio\servoStudio_wjhet5xd_wpftmp.csproj]
C:\UserWorx\VSWorx\ServoStudio\wpfui-servoStudio\samples\Wpf.Ui.servoStudio\ViewModels\DeviceSet\BusDiagnosticsViewModel.cs(839,9): warning IDE0011: 鍚?鈥渋f鈥?璇彞娣诲姞澶ф嫭鍙枫€?(https://learn.microsoft.com/dotnet/fundamentals/code-analysis/style-rules/ide0011) [C:\UserWorx\VSWorx\ServoStudio\wpfui-servoStudio\samples\Wpf.Ui.servoStudio\servoStudio_wjhet5xd_wpftmp.csproj]
C:\UserWorx\VSWorx\ServoStudio\wpfui-servoStudio\samples\Wpf.Ui.servoStudio\ViewModels\AppData\DataViewViewModel.cs(669,9): warning IDE0008: 鐢ㄦ樉寮忕被鍨嬩唬鏇?"var" (https://learn.microsoft.com/dotnet/fundamentals/code-analysis/style-rules/ide0008) [C:\UserWorx\VSWorx\ServoStudio\wpfui-servoStudio\samples\Wpf.Ui.servoStudio\servoStudio_wjhet5xd_wpftmp.csproj]
C:\UserWorx\VSWorx\ServoStudio\wpfui-servoStudio\samples\Wpf.Ui.servoStudio\ViewModels\AppData\DataViewViewModel.cs(734,13): warning IDE0008: 鐢ㄦ樉寮忕被鍨嬩唬鏇?"var" (https://learn.microsoft.com/dotnet/fundamentals/code-analysis/style-rules/ide0008) [C:\UserWorx\VSWorx\ServoStudio\wpfui-servoStudio\samples\Wpf.Ui.servoStudio\servoStudio_wjhet5xd_wpftmp.csproj]
C:\UserWorx\VSWorx\ServoStudio\wpfui-servoStudio\samples\Wpf.Ui.servoStudio\ViewModels\AppData\DataViewViewModel.cs(753,46): warning IDE0008: 鐢ㄦ樉寮忕被鍨嬩唬鏇?"var" (https://learn.microsoft.com/dotnet/fundamentals/code-analysis/style-rules/ide0008) [C:\UserWorx\VSWorx\ServoStudio\wpfui-servoStudio\samples\Wpf.Ui.servoStudio\servoStudio_wjhet5xd_wpftmp.csproj]
C:\UserWorx\VSWorx\ServoStudio\wpfui-servoStudio\samples\Wpf.Ui.servoStudio\ViewModels\AppData\DataViewViewModel.cs(776,123): warning IDE0008: 鐢ㄦ樉寮忕被鍨嬩唬鏇?"var" (https://learn.microsoft.com/dotnet/fundamentals/code-analysis/style-rules/ide0008) [C:\UserWorx\VSWorx\ServoStudio\wpfui-servoStudio\samples\Wpf.Ui.servoStudio\servoStudio_wjhet5xd_wpftmp.csproj]
C:\UserWorx\VSWorx\ServoStudio\wpfui-servoStudio\samples\Wpf.Ui.servoStudio\ViewModels\DeviceSet\BusDiagnosticsViewModel.cs(861,21): warning IDE0011: 鍚?鈥渋f鈥?璇彞娣诲姞澶ф嫭鍙枫€?(https://learn.microsoft.com/dotnet/fundamentals/code-analysis/style-rules/ide0011) [C:\UserWorx\VSWorx\ServoStudio\wpfui-servoStudio\samples\Wpf.Ui.servoStudio\servoStudio_wjhet5xd_wpftmp.csproj]
C:\UserWorx\VSWorx\ServoStudio\wpfui-servoStudio\samples\Wpf.Ui.servoStudio\ViewModels\DeviceSet\BusDiagnosticsViewModel.cs(862,21): warning IDE0011: 鍚?鈥渋f鈥?璇彞娣诲姞澶ф嫭鍙枫€?(https://learn.microsoft.com/dotnet/fundamentals/code-analysis/style-rules/ide0011) [C:\UserWorx\VSWorx\ServoStudio\wpfui-servoStudio\samples\Wpf.Ui.servoStudio\servoStudio_wjhet5xd_wpftmp.csproj]
C:\UserWorx\VSWorx\ServoStudio\wpfui-servoStudio\samples\Wpf.Ui.servoStudio\ViewModels\DeviceSet\BusDiagnosticsViewModel.cs(897,13): warning IDE0011: 鍚?鈥渋f鈥?璇彞娣诲姞澶ф嫭鍙枫€?(https://learn.microsoft.com/dotnet/fundamentals/code-analysis/style-rules/ide0011) [C:\UserWorx\VSWorx\ServoStudio\wpfui-servoStudio\samples\Wpf.Ui.servoStudio\servoStudio_wjhet5xd_wpftmp.csproj]
C:\UserWorx\VSWorx\ServoStudio\wpfui-servoStudio\samples\Wpf.Ui.servoStudio\ViewModels\DeviceSet\BusDiagnosticsViewModel.cs(898,13): warning IDE0011: 鍚?鈥渋f鈥?璇彞娣诲姞澶ф嫭鍙枫€?(https://learn.microsoft.com/dotnet/fundamentals/code-analysis/style-rules/ide0011) [C:\UserWorx\VSWorx\ServoStudio\wpfui-servoStudio\samples\Wpf.Ui.servoStudio\servoStudio_wjhet5xd_wpftmp.csproj]
C:\UserWorx\VSWorx\ServoStudio\wpfui-servoStudio\samples\Wpf.Ui.servoStudio\ViewModels\AppData\DataViewViewModel.cs(813,17): warning IDE0008: 鐢ㄦ樉寮忕被鍨嬩唬鏇?"var" (https://learn.microsoft.com/dotnet/fundamentals/code-analysis/style-rules/ide0008) [C:\UserWorx\VSWorx\ServoStudio\wpfui-servoStudio\samples\Wpf.Ui.servoStudio\servoStudio_wjhet5xd_wpftmp.csproj]
C:\UserWorx\VSWorx\ServoStudio\wpfui-servoStudio\samples\Wpf.Ui.servoStudio\ViewModels\AppData\DataViewViewModel.cs(814,63): warning IDE0008: 鐢ㄦ樉寮忕被鍨嬩唬鏇?"var" (https://learn.microsoft.com/dotnet/fundamentals/code-analysis/style-rules/ide0008) [C:\UserWorx\VSWorx\ServoStudio\wpfui-servoStudio\samples\Wpf.Ui.servoStudio\servoStudio_wjhet5xd_wpftmp.csproj]
C:\UserWorx\VSWorx\ServoStudio\wpfui-servoStudio\samples\Wpf.Ui.servoStudio\ViewModels\AppData\DataViewViewModel.cs(820,64): warning IDE0008: 鐢ㄦ樉寮忕被鍨嬩唬鏇?"var" (https://learn.microsoft.com/dotnet/fundamentals/code-analysis/style-rules/ide0008) [C:\UserWorx\VSWorx\ServoStudio\wpfui-servoStudio\samples\Wpf.Ui.servoStudio\servoStudio_wjhet5xd_wpftmp.csproj]
C:\UserWorx\VSWorx\ServoStudio\wpfui-servoStudio\samples\Wpf.Ui.servoStudio\ViewModels\AppData\DataViewViewModel.cs(821,64): warning IDE0008: 鐢ㄦ樉寮忕被鍨嬩唬鏇?"var" (https://learn.microsoft.com/dotnet/fundamentals/code-analysis/style-rules/ide0008) [C:\UserWorx\VSWorx\ServoStudio\wpfui-servoStudio\samples\Wpf.Ui.servoStudio\servoStudio_wjhet5xd_wpftmp.csproj]
C:\UserWorx\VSWorx\ServoStudio\wpfui-servoStudio\samples\Wpf.Ui.servoStudio\ViewModels\AppData\DataViewViewModel.cs(822,64): warning IDE0008: 鐢ㄦ樉寮忕被鍨嬩唬鏇?"var" (https://learn.microsoft.com/dotnet/fundamentals/code-analysis/style-rules/ide0008) [C:\UserWorx\VSWorx\ServoStudio\wpfui-servoStudio\samples\Wpf.Ui.servoStudio\servoStudio_wjhet5xd_wpftmp.csproj]
C:\UserWorx\VSWorx\ServoStudio\wpfui-servoStudio\samples\Wpf.Ui.servoStudio\ViewModels\AppData\DataViewViewModel.cs(825,50): warning IDE0008: 鐢ㄦ樉寮忕被鍨嬩唬鏇?"var" (https://learn.microsoft.com/dotnet/fundamentals/code-analysis/style-rules/ide0008) [C:\UserWorx\VSWorx\ServoStudio\wpfui-servoStudio\samples\Wpf.Ui.servoStudio\servoStudio_wjhet5xd_wpftmp.csproj]
C:\UserWorx\VSWorx\ServoStudio\wpfui-servoStudio\samples\Wpf.Ui.servoStudio\ViewModels\AppData\DataViewViewModel.cs(831,66): warning IDE0008: 鐢ㄦ樉寮忕被鍨嬩唬鏇?"var" (https://learn.microsoft.com/dotnet/fundamentals/code-analysis/style-rules/ide0008) [C:\UserWorx\VSWorx\ServoStudio\wpfui-servoStudio\samples\Wpf.Ui.servoStudio\servoStudio_wjhet5xd_wpftmp.csproj]
C:\UserWorx\VSWorx\ServoStudio\wpfui-servoStudio\samples\Wpf.Ui.servoStudio\ViewModels\AppData\DataViewViewModel.cs(834,64): warning IDE0008: 鐢ㄦ樉寮忕被鍨嬩唬鏇?"var" (https://learn.microsoft.com/dotnet/fundamentals/code-analysis/style-rules/ide0008) [C:\UserWorx\VSWorx\ServoStudio\wpfui-servoStudio\samples\Wpf.Ui.servoStudio\servoStudio_wjhet5xd_wpftmp.csproj]
C:\UserWorx\VSWorx\ServoStudio\wpfui-servoStudio\samples\Wpf.Ui.servoStudio\ViewModels\AppData\DataViewViewModel.cs(835,68): warning IDE0008: 鐢ㄦ樉寮忕被鍨嬩唬鏇?"var" (https://learn.microsoft.com/dotnet/fundamentals/code-analysis/style-rules/ide0008) [C:\UserWorx\VSWorx\ServoStudio\wpfui-servoStudio\samples\Wpf.Ui.servoStudio\servoStudio_wjhet5xd_wpftmp.csproj]
C:\UserWorx\VSWorx\ServoStudio\wpfui-servoStudio\samples\Wpf.Ui.servoStudio\ViewModels\AppData\DataViewViewModel.cs(840,52): warning IDE0008: 鐢ㄦ樉寮忕被鍨嬩唬鏇?"var" (https://learn.microsoft.com/dotnet/fundamentals/code-analysis/style-rules/ide0008) [C:\UserWorx\VSWorx\ServoStudio\wpfui-servoStudio\samples\Wpf.Ui.servoStudio\servoStudio_wjhet5xd_wpftmp.csproj]
C:\UserWorx\VSWorx\ServoStudio\wpfui-servoStudio\samples\Wpf.Ui.servoStudio\ViewModels\AppData\DataViewViewModel.cs(846,59): warning IDE0008: 鐢ㄦ樉寮忕被鍨嬩唬鏇?"var" (https://learn.microsoft.com/dotnet/fundamentals/code-analysis/style-rules/ide0008) [C:\UserWorx\VSWorx\ServoStudio\wpfui-servoStudio\samples\Wpf.Ui.servoStudio\servoStudio_wjhet5xd_wpftmp.csproj]
C:\UserWorx\VSWorx\ServoStudio\wpfui-servoStudio\samples\Wpf.Ui.servoStudio\ViewModels\AppData\DataViewViewModel.cs(846,159): warning IDE0008: 鐢ㄦ樉寮忕被鍨嬩唬鏇?"var" (https://learn.microsoft.com/dotnet/fundamentals/code-analysis/style-rules/ide0008) [C:\UserWorx\VSWorx\ServoStudio\wpfui-servoStudio\samples\Wpf.Ui.servoStudio\servoStudio_wjhet5xd_wpftmp.csproj]
C:\UserWorx\VSWorx\ServoStudio\wpfui-servoStudio\samples\Wpf.Ui.servoStudio\ViewModels\DeviceSet\BusDiagnosticsViewModel.cs(956,9): warning IDE0011: 鍚?鈥渋f鈥?璇彞娣诲姞澶ф嫭鍙枫€?(https://learn.microsoft.com/dotnet/fundamentals/code-analysis/style-rules/ide0011) [C:\UserWorx\VSWorx\ServoStudio\wpfui-servoStudio\samples\Wpf.Ui.servoStudio\servoStudio_wjhet5xd_wpftmp.csproj]
C:\UserWorx\VSWorx\ServoStudio\wpfui-servoStudio\samples\Wpf.Ui.servoStudio\ViewModels\Motion\MotionLimitViewModel.cs(537,13): warning IDE0011: 鍚?鈥渋f鈥?璇彞娣诲姞澶ф嫭鍙枫€?(https://learn.microsoft.com/dotnet/fundamentals/code-analysis/style-rules/ide0011) [C:\UserWorx\VSWorx\ServoStudio\wpfui-servoStudio\samples\Wpf.Ui.servoStudio\servoStudio_wjhet5xd_wpftmp.csproj]
C:\UserWorx\VSWorx\ServoStudio\wpfui-servoStudio\samples\Wpf.Ui.servoStudio\ViewModels\Motion\MotionLimitViewModel.cs(570,13): warning IDE0011: 鍚?鈥渋f鈥?璇彞娣诲姞澶ф嫭鍙枫€?(https://learn.microsoft.com/dotnet/fundamentals/code-analysis/style-rules/ide0011) [C:\UserWorx\VSWorx\ServoStudio\wpfui-servoStudio\samples\Wpf.Ui.servoStudio\servoStudio_wjhet5xd_wpftmp.csproj]
C:\UserWorx\VSWorx\ServoStudio\wpfui-servoStudio\samples\Wpf.Ui.servoStudio\ViewModels\AppData\DataViewViewModel.cs(877,15): warning IDE0008: 鐢ㄦ樉寮忕被鍨嬩唬鏇?"var" (https://learn.microsoft.com/dotnet/fundamentals/code-analysis/style-rules/ide0008) [C:\UserWorx\VSWorx\ServoStudio\wpfui-servoStudio\samples\Wpf.Ui.servoStudio\servoStudio_wjhet5xd_wpftmp.csproj]
C:\UserWorx\VSWorx\ServoStudio\wpfui-servoStudio\samples\Wpf.Ui.servoStudio\ViewModels\Motion\MotionLimitViewModel.cs(589,13): warning IDE0011: 鍚?鈥渋f鈥?璇彞娣诲姞澶ф嫭鍙枫€?(https://learn.microsoft.com/dotnet/fundamentals/code-analysis/style-rules/ide0011) [C:\UserWorx\VSWorx\ServoStudio\wpfui-servoStudio\samples\Wpf.Ui.servoStudio\servoStudio_wjhet5xd_wpftmp.csproj]
C:\UserWorx\VSWorx\ServoStudio\wpfui-servoStudio\samples\Wpf.Ui.servoStudio\ViewModels\AppData\DataViewViewModel.cs(991,9): warning IDE0008: 鐢ㄦ樉寮忕被鍨嬩唬鏇?"var" (https://learn.microsoft.com/dotnet/fundamentals/code-analysis/style-rules/ide0008) [C:\UserWorx\VSWorx\ServoStudio\wpfui-servoStudio\samples\Wpf.Ui.servoStudio\servoStudio_wjhet5xd_wpftmp.csproj]
C:\UserWorx\VSWorx\ServoStudio\wpfui-servoStudio\samples\Wpf.Ui.servoStudio\ViewModels\AppData\DataViewViewModel.cs(1030,13): warning IDE0008: 鐢ㄦ樉寮忕被鍨嬩唬鏇?"var" (https://learn.microsoft.com/dotnet/fundamentals/code-analysis/style-rules/ide0008) [C:\UserWorx\VSWorx\ServoStudio\wpfui-servoStudio\samples\Wpf.Ui.servoStudio\servoStudio_wjhet5xd_wpftmp.csproj]
C:\UserWorx\VSWorx\ServoStudio\wpfui-servoStudio\samples\Wpf.Ui.servoStudio\ViewModels\AppData\DataViewViewModel.cs(1047,46): warning IDE0008: 鐢ㄦ樉寮忕被鍨嬩唬鏇?"var" (https://learn.microsoft.com/dotnet/fundamentals/code-analysis/style-rules/ide0008) [C:\UserWorx\VSWorx\ServoStudio\wpfui-servoStudio\samples\Wpf.Ui.servoStudio\servoStudio_wjhet5xd_wpftmp.csproj]
C:\UserWorx\VSWorx\ServoStudio\wpfui-servoStudio\samples\Wpf.Ui.servoStudio\ViewModels\AppData\DataViewViewModel.cs(1068,122): warning IDE0008: 鐢ㄦ樉寮忕被鍨嬩唬鏇?"var" (https://learn.microsoft.com/dotnet/fundamentals/code-analysis/style-rules/ide0008) [C:\UserWorx\VSWorx\ServoStudio\wpfui-servoStudio\samples\Wpf.Ui.servoStudio\servoStudio_wjhet5xd_wpftmp.csproj]
C:\UserWorx\VSWorx\ServoStudio\wpfui-servoStudio\samples\Wpf.Ui.servoStudio\ViewModels\Motion\MotionTypeViewModel.cs(76,38): warning IDE0055: 淇鏍煎紡 (https://learn.microsoft.com/dotnet/fundamentals/code-analysis/style-rules/ide0055) [C:\UserWorx\VSWorx\ServoStudio\wpfui-servoStudio\samples\Wpf.Ui.servoStudio\servoStudio_wjhet5xd_wpftmp.csproj]
C:\UserWorx\VSWorx\ServoStudio\wpfui-servoStudio\samples\Wpf.Ui.servoStudio\ViewModels\Motion\MotionTypeViewModel.cs(165,45): warning IDE0055: 淇鏍煎紡 (https://learn.microsoft.com/dotnet/fundamentals/code-analysis/style-rules/ide0055) [C:\UserWorx\VSWorx\ServoStudio\wpfui-servoStudio\samples\Wpf.Ui.servoStudio\servoStudio_wjhet5xd_wpftmp.csproj]
C:\UserWorx\VSWorx\ServoStudio\wpfui-servoStudio\samples\Wpf.Ui.servoStudio\ViewModels\Motion\MotionTypeViewModel.cs(166,50): warning IDE0055: 淇鏍煎紡 (https://learn.microsoft.com/dotnet/fundamentals/code-analysis/style-rules/ide0055) [C:\UserWorx\VSWorx\ServoStudio\wpfui-servoStudio\samples\Wpf.Ui.servoStudio\servoStudio_wjhet5xd_wpftmp.csproj]
C:\UserWorx\VSWorx\ServoStudio\wpfui-servoStudio\samples\Wpf.Ui.servoStudio\ViewModels\Motion\MotionTypeViewModel.cs(1592,20): warning IDE0055: 淇鏍煎紡 (https://learn.microsoft.com/dotnet/fundamentals/code-analysis/style-rules/ide0055) [C:\UserWorx\VSWorx\ServoStudio\wpfui-servoStudio\samples\Wpf.Ui.servoStudio\servoStudio_wjhet5xd_wpftmp.csproj]
C:\UserWorx\VSWorx\ServoStudio\wpfui-servoStudio\samples\Wpf.Ui.servoStudio\ViewModels\Motion\MotionTypeViewModel.cs(1592,22): warning IDE0055: 淇鏍煎紡 (https://learn.microsoft.com/dotnet/fundamentals/code-analysis/style-rules/ide0055) [C:\UserWorx\VSWorx\ServoStudio\wpfui-servoStudio\samples\Wpf.Ui.servoStudio\servoStudio_wjhet5xd_wpftmp.csproj]
C:\UserWorx\VSWorx\ServoStudio\wpfui-servoStudio\samples\Wpf.Ui.servoStudio\ViewModels\Motion\MotionTypeViewModel.cs(1592,60): warning IDE0055: 淇鏍煎紡 (https://learn.microsoft.com/dotnet/fundamentals/code-analysis/style-rules/ide0055) [C:\UserWorx\VSWorx\ServoStudio\wpfui-servoStudio\samples\Wpf.Ui.servoStudio\servoStudio_wjhet5xd_wpftmp.csproj]
C:\UserWorx\VSWorx\ServoStudio\wpfui-servoStudio\samples\Wpf.Ui.servoStudio\ViewModels\Motion\MotionTypeViewModel.cs(1705,42): warning IDE0055: 淇鏍煎紡 (https://learn.microsoft.com/dotnet/fundamentals/code-analysis/style-rules/ide0055) [C:\UserWorx\VSWorx\ServoStudio\wpfui-servoStudio\samples\Wpf.Ui.servoStudio\servoStudio_wjhet5xd_wpftmp.csproj]
C:\UserWorx\VSWorx\ServoStudio\wpfui-servoStudio\samples\Wpf.Ui.servoStudio\ViewModels\Motion\MotionTypeViewModel.cs(1705,44): warning IDE0055: 淇鏍煎紡 (https://learn.microsoft.com/dotnet/fundamentals/code-analysis/style-rules/ide0055) [C:\UserWorx\VSWorx\ServoStudio\wpfui-servoStudio\samples\Wpf.Ui.servoStudio\servoStudio_wjhet5xd_wpftmp.csproj]
C:\UserWorx\VSWorx\ServoStudio\wpfui-servoStudio\samples\Wpf.Ui.servoStudio\ViewModels\Motion\MotionTypeViewModel.cs(1705,65): warning IDE0055: 淇鏍煎紡 (https://learn.microsoft.com/dotnet/fundamentals/code-analysis/style-rules/ide0055) [C:\UserWorx\VSWorx\ServoStudio\wpfui-servoStudio\samples\Wpf.Ui.servoStudio\servoStudio_wjhet5xd_wpftmp.csproj]
C:\UserWorx\VSWorx\ServoStudio\wpfui-servoStudio\samples\Wpf.Ui.servoStudio\ViewModels\Motion\MotionTypeViewModel.cs(1705,73): warning IDE0055: 淇鏍煎紡 (https://learn.microsoft.com/dotnet/fundamentals/code-analysis/style-rules/ide0055) [C:\UserWorx\VSWorx\ServoStudio\wpfui-servoStudio\samples\Wpf.Ui.servoStudio\servoStudio_wjhet5xd_wpftmp.csproj]
C:\UserWorx\VSWorx\ServoStudio\wpfui-servoStudio\samples\Wpf.Ui.servoStudio\ViewModels\Motion\MotionTypeViewModel.cs(1707,78): warning IDE0055: 淇鏍煎紡 (https://learn.microsoft.com/dotnet/fundamentals/code-analysis/style-rules/ide0055) [C:\UserWorx\VSWorx\ServoStudio\wpfui-servoStudio\samples\Wpf.Ui.servoStudio\servoStudio_wjhet5xd_wpftmp.csproj]
C:\UserWorx\VSWorx\ServoStudio\wpfui-servoStudio\samples\Wpf.Ui.servoStudio\ViewModels\Motion\MotionTypeViewModel.cs(1708,91): warning IDE0055: 淇鏍煎紡 (https://learn.microsoft.com/dotnet/fundamentals/code-analysis/style-rules/ide0055) [C:\UserWorx\VSWorx\ServoStudio\wpfui-servoStudio\samples\Wpf.Ui.servoStudio\servoStudio_wjhet5xd_wpftmp.csproj]
C:\UserWorx\VSWorx\ServoStudio\wpfui-servoStudio\samples\Wpf.Ui.servoStudio\ViewModels\Motion\MotionTypeViewModel.cs(1709,81): warning IDE0055: 淇鏍煎紡 (https://learn.microsoft.com/dotnet/fundamentals/code-analysis/style-rules/ide0055) [C:\UserWorx\VSWorx\ServoStudio\wpfui-servoStudio\samples\Wpf.Ui.servoStudio\servoStudio_wjhet5xd_wpftmp.csproj]
C:\UserWorx\VSWorx\ServoStudio\wpfui-servoStudio\samples\Wpf.Ui.servoStudio\ViewModels\Motion\MotionTypeViewModel.cs(1710,83): warning IDE0055: 淇鏍煎紡 (https://learn.microsoft.com/dotnet/fundamentals/code-analysis/style-rules/ide0055) [C:\UserWorx\VSWorx\ServoStudio\wpfui-servoStudio\samples\Wpf.Ui.servoStudio\servoStudio_wjhet5xd_wpftmp.csproj]
C:\UserWorx\VSWorx\ServoStudio\wpfui-servoStudio\samples\Wpf.Ui.servoStudio\ViewModels\Motion\MotionTypeViewModel.cs(1711,83): warning IDE0055: 淇鏍煎紡 (https://learn.microsoft.com/dotnet/fundamentals/code-analysis/style-rules/ide0055) [C:\UserWorx\VSWorx\ServoStudio\wpfui-servoStudio\samples\Wpf.Ui.servoStudio\servoStudio_wjhet5xd_wpftmp.csproj]
C:\UserWorx\VSWorx\ServoStudio\wpfui-servoStudio\samples\Wpf.Ui.servoStudio\ViewModels\Motion\MotionTypeViewModel.cs(1712,83): warning IDE0055: 淇鏍煎紡 (https://learn.microsoft.com/dotnet/fundamentals/code-analysis/style-rules/ide0055) [C:\UserWorx\VSWorx\ServoStudio\wpfui-servoStudio\samples\Wpf.Ui.servoStudio\servoStudio_wjhet5xd_wpftmp.csproj]
C:\UserWorx\VSWorx\ServoStudio\wpfui-servoStudio\samples\Wpf.Ui.servoStudio\ViewModels\Motion\MotionTypeViewModel.cs(1719,42): warning IDE0055: 淇鏍煎紡 (https://learn.microsoft.com/dotnet/fundamentals/code-analysis/style-rules/ide0055) [C:\UserWorx\VSWorx\ServoStudio\wpfui-servoStudio\samples\Wpf.Ui.servoStudio\servoStudio_wjhet5xd_wpftmp.csproj]
C:\UserWorx\VSWorx\ServoStudio\wpfui-servoStudio\samples\Wpf.Ui.servoStudio\ViewModels\Motion\MotionTypeViewModel.cs(1719,44): warning IDE0055: 淇鏍煎紡 (https://learn.microsoft.com/dotnet/fundamentals/code-analysis/style-rules/ide0055) [C:\UserWorx\VSWorx\ServoStudio\wpfui-servoStudio\samples\Wpf.Ui.servoStudio\servoStudio_wjhet5xd_wpftmp.csproj]
C:\UserWorx\VSWorx\ServoStudio\wpfui-servoStudio\samples\Wpf.Ui.servoStudio\ViewModels\Motion\MotionTypeViewModel.cs(1719,65): warning IDE0055: 淇鏍煎紡 (https://learn.microsoft.com/dotnet/fundamentals/code-analysis/style-rules/ide0055) [C:\UserWorx\VSWorx\ServoStudio\wpfui-servoStudio\samples\Wpf.Ui.servoStudio\servoStudio_wjhet5xd_wpftmp.csproj]
C:\UserWorx\VSWorx\ServoStudio\wpfui-servoStudio\samples\Wpf.Ui.servoStudio\ViewModels\Motion\MotionTypeViewModel.cs(1719,73): warning IDE0055: 淇鏍煎紡 (https://learn.microsoft.com/dotnet/fundamentals/code-analysis/style-rules/ide0055) [C:\UserWorx\VSWorx\ServoStudio\wpfui-servoStudio\samples\Wpf.Ui.servoStudio\servoStudio_wjhet5xd_wpftmp.csproj]
C:\UserWorx\VSWorx\ServoStudio\wpfui-servoStudio\samples\Wpf.Ui.servoStudio\ViewModels\DeviceSet\BusDiagnosticsViewModel.cs(696,21): warning IDE0058: 姘歌繙涓嶄細浣跨敤琛ㄨ揪寮忓€?(https://learn.microsoft.com/dotnet/fundamentals/code-analysis/style-rules/ide0058) [C:\UserWorx\VSWorx\ServoStudio\wpfui-servoStudio\samples\Wpf.Ui.servoStudio\servoStudio_wjhet5xd_wpftmp.csproj]
C:\UserWorx\VSWorx\ServoStudio\wpfui-servoStudio\samples\Wpf.Ui.servoStudio\ViewModels\DeviceSet\BusDiagnosticsViewModel.cs(707,17): warning IDE0058: 姘歌繙涓嶄細浣跨敤琛ㄨ揪寮忓€?(https://learn.microsoft.com/dotnet/fundamentals/code-analysis/style-rules/ide0058) [C:\UserWorx\VSWorx\ServoStudio\wpfui-servoStudio\samples\Wpf.Ui.servoStudio\servoStudio_wjhet5xd_wpftmp.csproj]
C:\UserWorx\VSWorx\ServoStudio\wpfui-servoStudio\samples\Wpf.Ui.servoStudio\ViewModels\DeviceSet\BusDiagnosticsViewModel.cs(708,17): warning IDE0058: 姘歌繙涓嶄細浣跨敤琛ㄨ揪寮忓€?(https://learn.microsoft.com/dotnet/fundamentals/code-analysis/style-rules/ide0058) [C:\UserWorx\VSWorx\ServoStudio\wpfui-servoStudio\samples\Wpf.Ui.servoStudio\servoStudio_wjhet5xd_wpftmp.csproj]
C:\UserWorx\VSWorx\ServoStudio\wpfui-servoStudio\samples\Wpf.Ui.servoStudio\ViewModels\DeviceSet\BusDiagnosticsViewModel.cs(709,17): warning IDE0058: 姘歌繙涓嶄細浣跨敤琛ㄨ揪寮忓€?(https://learn.microsoft.com/dotnet/fundamentals/code-analysis/style-rules/ide0058) [C:\UserWorx\VSWorx\ServoStudio\wpfui-servoStudio\samples\Wpf.Ui.servoStudio\servoStudio_wjhet5xd_wpftmp.csproj]
C:\UserWorx\VSWorx\ServoStudio\wpfui-servoStudio\samples\Wpf.Ui.servoStudio\ViewModels\DeviceSet\BusDiagnosticsViewModel.cs(710,17): warning IDE0058: 姘歌繙涓嶄細浣跨敤琛ㄨ揪寮忓€?(https://learn.microsoft.com/dotnet/fundamentals/code-analysis/style-rules/ide0058) [C:\UserWorx\VSWorx\ServoStudio\wpfui-servoStudio\samples\Wpf.Ui.servoStudio\servoStudio_wjhet5xd_wpftmp.csproj]
C:\UserWorx\VSWorx\ServoStudio\wpfui-servoStudio\samples\Wpf.Ui.servoStudio\ViewModels\DeviceSet\BusDiagnosticsViewModel.cs(711,17): warning IDE0058: 姘歌繙涓嶄細浣跨敤琛ㄨ揪寮忓€?(https://learn.microsoft.com/dotnet/fundamentals/code-analysis/style-rules/ide0058) [C:\UserWorx\VSWorx\ServoStudio\wpfui-servoStudio\samples\Wpf.Ui.servoStudio\servoStudio_wjhet5xd_wpftmp.csproj]
C:\UserWorx\VSWorx\ServoStudio\wpfui-servoStudio\samples\Wpf.Ui.servoStudio\ViewModels\DeviceSet\BusDiagnosticsViewModel.cs(712,17): warning IDE0058: 姘歌繙涓嶄細浣跨敤琛ㄨ揪寮忓€?(https://learn.microsoft.com/dotnet/fundamentals/code-analysis/style-rules/ide0058) [C:\UserWorx\VSWorx\ServoStudio\wpfui-servoStudio\samples\Wpf.Ui.servoStudio\servoStudio_wjhet5xd_wpftmp.csproj]
C:\UserWorx\VSWorx\ServoStudio\wpfui-servoStudio\samples\Wpf.Ui.servoStudio\ViewModels\DeviceSet\BusDiagnosticsViewModel.cs(713,17): warning IDE0058: 姘歌繙涓嶄細浣跨敤琛ㄨ揪寮忓€?(https://learn.microsoft.com/dotnet/fundamentals/code-analysis/style-rules/ide0058) [C:\UserWorx\VSWorx\ServoStudio\wpfui-servoStudio\samples\Wpf.Ui.servoStudio\servoStudio_wjhet5xd_wpftmp.csproj]
C:\UserWorx\VSWorx\ServoStudio\wpfui-servoStudio\samples\Wpf.Ui.servoStudio\ViewModels\DeviceSet\BusDiagnosticsViewModel.cs(714,17): warning IDE0058: 姘歌繙涓嶄細浣跨敤琛ㄨ揪寮忓€?(https://learn.microsoft.com/dotnet/fundamentals/code-analysis/style-rules/ide0058) [C:\UserWorx\VSWorx\ServoStudio\wpfui-servoStudio\samples\Wpf.Ui.servoStudio\servoStudio_wjhet5xd_wpftmp.csproj]
C:\UserWorx\VSWorx\ServoStudio\wpfui-servoStudio\samples\Wpf.Ui.servoStudio\ViewModels\DeviceSet\BusDiagnosticsViewModel.cs(720,13): warning IDE0058: 姘歌繙涓嶄細浣跨敤琛ㄨ揪寮忓€?(https://learn.microsoft.com/dotnet/fundamentals/code-analysis/style-rules/ide0058) [C:\UserWorx\VSWorx\ServoStudio\wpfui-servoStudio\samples\Wpf.Ui.servoStudio\servoStudio_wjhet5xd_wpftmp.csproj]
C:\UserWorx\VSWorx\ServoStudio\wpfui-servoStudio\samples\Wpf.Ui.servoStudio\ViewModels\Motion\MotionTypeViewModel.cs(236,13): warning IDE2003: 鍧椾笌鍚庣画璇彞涔嬮棿闇€瑕佹湁绌虹櫧琛?(https://learn.microsoft.com/dotnet/fundamentals/code-analysis/style-rules/ide2003) [C:\UserWorx\VSWorx\ServoStudio\wpfui-servoStudio\samples\Wpf.Ui.servoStudio\servoStudio_wjhet5xd_wpftmp.csproj]
C:\UserWorx\VSWorx\ServoStudio\wpfui-servoStudio\samples\Wpf.Ui.servoStudio\ViewModels\Motion\MotionTypeViewModel.cs(247,13): warning IDE2003: 鍧椾笌鍚庣画璇彞涔嬮棿闇€瑕佹湁绌虹櫧琛?(https://learn.microsoft.com/dotnet/fundamentals/code-analysis/style-rules/ide2003) [C:\UserWorx\VSWorx\ServoStudio\wpfui-servoStudio\samples\Wpf.Ui.servoStudio\servoStudio_wjhet5xd_wpftmp.csproj]
C:\UserWorx\VSWorx\ServoStudio\wpfui-servoStudio\samples\Wpf.Ui.servoStudio\ViewModels\Motion\MotionTypeViewModel.cs(280,13): warning IDE2003: 鍧椾笌鍚庣画璇彞涔嬮棿闇€瑕佹湁绌虹櫧琛?(https://learn.microsoft.com/dotnet/fundamentals/code-analysis/style-rules/ide2003) [C:\UserWorx\VSWorx\ServoStudio\wpfui-servoStudio\samples\Wpf.Ui.servoStudio\servoStudio_wjhet5xd_wpftmp.csproj]
C:\UserWorx\VSWorx\ServoStudio\wpfui-servoStudio\samples\Wpf.Ui.servoStudio\ViewModels\Motion\MotionTypeViewModel.cs(274,17): warning IDE2003: 鍧椾笌鍚庣画璇彞涔嬮棿闇€瑕佹湁绌虹櫧琛?(https://learn.microsoft.com/dotnet/fundamentals/code-analysis/style-rules/ide2003) [C:\UserWorx\VSWorx\ServoStudio\wpfui-servoStudio\samples\Wpf.Ui.servoStudio\servoStudio_wjhet5xd_wpftmp.csproj]
C:\UserWorx\VSWorx\ServoStudio\wpfui-servoStudio\samples\Wpf.Ui.servoStudio\ViewModels\Motion\MotionTypeViewModel.cs(287,17): warning IDE2003: 鍧椾笌鍚庣画璇彞涔嬮棿闇€瑕佹湁绌虹櫧琛?(https://learn.microsoft.com/dotnet/fundamentals/code-analysis/style-rules/ide2003) [C:\UserWorx\VSWorx\ServoStudio\wpfui-servoStudio\samples\Wpf.Ui.servoStudio\servoStudio_wjhet5xd_wpftmp.csproj]
C:\UserWorx\VSWorx\ServoStudio\wpfui-servoStudio\samples\Wpf.Ui.servoStudio\ViewModels\Motion\MotionTypeViewModel.cs(333,13): warning IDE2003: 鍧椾笌鍚庣画璇彞涔嬮棿闇€瑕佹湁绌虹櫧琛?(https://learn.microsoft.com/dotnet/fundamentals/code-analysis/style-rules/ide2003) [C:\UserWorx\VSWorx\ServoStudio\wpfui-servoStudio\samples\Wpf.Ui.servoStudio\servoStudio_wjhet5xd_wpftmp.csproj]
C:\UserWorx\VSWorx\ServoStudio\wpfui-servoStudio\samples\Wpf.Ui.servoStudio\ViewModels\Motion\MotionTypeViewModel.cs(363,13): warning IDE2003: 鍧椾笌鍚庣画璇彞涔嬮棿闇€瑕佹湁绌虹櫧琛?(https://learn.microsoft.com/dotnet/fundamentals/code-analysis/style-rules/ide2003) [C:\UserWorx\VSWorx\ServoStudio\wpfui-servoStudio\samples\Wpf.Ui.servoStudio\servoStudio_wjhet5xd_wpftmp.csproj]
C:\UserWorx\VSWorx\ServoStudio\wpfui-servoStudio\samples\Wpf.Ui.servoStudio\ViewModels\Motion\MotionTypeViewModel.cs(380,13): warning IDE2003: 鍧椾笌鍚庣画璇彞涔嬮棿闇€瑕佹湁绌虹櫧琛?(https://learn.microsoft.com/dotnet/fundamentals/code-analysis/style-rules/ide2003) [C:\UserWorx\VSWorx\ServoStudio\wpfui-servoStudio\samples\Wpf.Ui.servoStudio\servoStudio_wjhet5xd_wpftmp.csproj]
C:\UserWorx\VSWorx\ServoStudio\wpfui-servoStudio\samples\Wpf.Ui.servoStudio\ViewModels\Motion\MotionTypeViewModel.cs(401,13): warning IDE2003: 鍧椾笌鍚庣画璇彞涔嬮棿闇€瑕佹湁绌虹櫧琛?(https://learn.microsoft.com/dotnet/fundamentals/code-analysis/style-rules/ide2003) [C:\UserWorx\VSWorx\ServoStudio\wpfui-servoStudio\samples\Wpf.Ui.servoStudio\servoStudio_wjhet5xd_wpftmp.csproj]
C:\UserWorx\VSWorx\ServoStudio\wpfui-servoStudio\samples\Wpf.Ui.servoStudio\ViewModels\Motion\MotionTypeViewModel.cs(406,13): warning IDE2003: 鍧椾笌鍚庣画璇彞涔嬮棿闇€瑕佹湁绌虹櫧琛?(https://learn.microsoft.com/dotnet/fundamentals/code-analysis/style-rules/ide2003) [C:\UserWorx\VSWorx\ServoStudio\wpfui-servoStudio\samples\Wpf.Ui.servoStudio\servoStudio_wjhet5xd_wpftmp.csproj]
C:\UserWorx\VSWorx\ServoStudio\wpfui-servoStudio\samples\Wpf.Ui.servoStudio\ViewModels\AppData\DataViewViewModel.cs(1093,46): warning IDE0008: 鐢ㄦ樉寮忕被鍨嬩唬鏇?"var" (https://learn.microsoft.com/dotnet/fundamentals/code-analysis/style-rules/ide0008) [C:\UserWorx\VSWorx\ServoStudio\wpfui-servoStudio\samples\Wpf.Ui.servoStudio\servoStudio_wjhet5xd_wpftmp.csproj]
C:\UserWorx\VSWorx\ServoStudio\wpfui-servoStudio\samples\Wpf.Ui.servoStudio\ViewModels\AppData\DataViewViewModel.cs(1110,13): warning IDE0008: 鐢ㄦ樉寮忕被鍨嬩唬鏇?"var" (https://learn.microsoft.com/dotnet/fundamentals/code-analysis/style-rules/ide0008) [C:\UserWorx\VSWorx\ServoStudio\wpfui-servoStudio\samples\Wpf.Ui.servoStudio\servoStudio_wjhet5xd_wpftmp.csproj]
C:\UserWorx\VSWorx\ServoStudio\wpfui-servoStudio\samples\Wpf.Ui.servoStudio\ViewModels\Motion\MotionTypeViewModel.cs(537,9): warning IDE2003: 鍧椾笌鍚庣画璇彞涔嬮棿闇€瑕佹湁绌虹櫧琛?(https://learn.microsoft.com/dotnet/fundamentals/code-analysis/style-rules/ide2003) [C:\UserWorx\VSWorx\ServoStudio\wpfui-servoStudio\samples\Wpf.Ui.servoStudio\servoStudio_wjhet5xd_wpftmp.csproj]
C:\UserWorx\VSWorx\ServoStudio\wpfui-servoStudio\samples\Wpf.Ui.servoStudio\ViewModels\Motion\MotionTypeViewModel.cs(533,21): warning IDE2003: 鍧椾笌鍚庣画璇彞涔嬮棿闇€瑕佹湁绌虹櫧琛?(https://learn.microsoft.com/dotnet/fundamentals/code-analysis/style-rules/ide2003) [C:\UserWorx\VSWorx\ServoStudio\wpfui-servoStudio\samples\Wpf.Ui.servoStudio\servoStudio_wjhet5xd_wpftmp.csproj]
C:\UserWorx\VSWorx\ServoStudio\wpfui-servoStudio\samples\Wpf.Ui.servoStudio\ViewModels\AppData\DataViewViewModel.cs(1150,15): warning IDE0008: 鐢ㄦ樉寮忕被鍨嬩唬鏇?"var" (https://learn.microsoft.com/dotnet/fundamentals/code-analysis/style-rules/ide0008) [C:\UserWorx\VSWorx\ServoStudio\wpfui-servoStudio\samples\Wpf.Ui.servoStudio\servoStudio_wjhet5xd_wpftmp.csproj]
C:\UserWorx\VSWorx\ServoStudio\wpfui-servoStudio\samples\Wpf.Ui.servoStudio\ViewModels\AppData\DataViewViewModel.cs(1224,19): warning IDE0008: 鐢ㄦ樉寮忕被鍨嬩唬鏇?"var" (https://learn.microsoft.com/dotnet/fundamentals/code-analysis/style-rules/ide0008) [C:\UserWorx\VSWorx\ServoStudio\wpfui-servoStudio\samples\Wpf.Ui.servoStudio\servoStudio_wjhet5xd_wpftmp.csproj]
C:\UserWorx\VSWorx\ServoStudio\wpfui-servoStudio\samples\Wpf.Ui.servoStudio\ViewModels\AppData\DataViewViewModel.cs(1153,9): warning IDE0008: 鐢ㄦ樉寮忕被鍨嬩唬鏇?"var" (https://learn.microsoft.com/dotnet/fundamentals/code-analysis/style-rules/ide0008) [C:\UserWorx\VSWorx\ServoStudio\wpfui-servoStudio\samples\Wpf.Ui.servoStudio\servoStudio_wjhet5xd_wpftmp.csproj]
C:\UserWorx\VSWorx\ServoStudio\wpfui-servoStudio\samples\Wpf.Ui.servoStudio\ViewModels\AppData\DataViewViewModel.cs(1157,9): warning IDE0008: 鐢ㄦ樉寮忕被鍨嬩唬鏇?"var" (https://learn.microsoft.com/dotnet/fundamentals/code-analysis/style-rules/ide0008) [C:\UserWorx\VSWorx\ServoStudio\wpfui-servoStudio\samples\Wpf.Ui.servoStudio\servoStudio_wjhet5xd_wpftmp.csproj]
C:\UserWorx\VSWorx\ServoStudio\wpfui-servoStudio\samples\Wpf.Ui.servoStudio\ViewModels\AppData\DataViewViewModel.cs(1225,22): warning IDE0008: 鐢ㄦ樉寮忕被鍨嬩唬鏇?"var" (https://learn.microsoft.com/dotnet/fundamentals/code-analysis/style-rules/ide0008) [C:\UserWorx\VSWorx\ServoStudio\wpfui-servoStudio\samples\Wpf.Ui.servoStudio\servoStudio_wjhet5xd_wpftmp.csproj]
C:\UserWorx\VSWorx\ServoStudio\wpfui-servoStudio\samples\Wpf.Ui.servoStudio\ViewModels\AppData\DataViewViewModel.cs(1169,26): warning IDE0008: 鐢ㄦ樉寮忕被鍨嬩唬鏇?"var" (https://learn.microsoft.com/dotnet/fundamentals/code-analysis/style-rules/ide0008) [C:\UserWorx\VSWorx\ServoStudio\wpfui-servoStudio\samples\Wpf.Ui.servoStudio\servoStudio_wjhet5xd_wpftmp.csproj]
C:\UserWorx\VSWorx\ServoStudio\wpfui-servoStudio\samples\Wpf.Ui.servoStudio\ViewModels\AppData\DataViewViewModel.cs(1188,22): warning IDE0008: 鐢ㄦ樉寮忕被鍨嬩唬鏇?"var" (https://learn.microsoft.com/dotnet/fundamentals/code-analysis/style-rules/ide0008) [C:\UserWorx\VSWorx\ServoStudio\wpfui-servoStudio\samples\Wpf.Ui.servoStudio\servoStudio_wjhet5xd_wpftmp.csproj]
C:\UserWorx\VSWorx\ServoStudio\wpfui-servoStudio\samples\Wpf.Ui.servoStudio\ViewModels\AppData\DataViewViewModel.cs(1208,9): warning IDE0008: 鐢ㄦ樉寮忕被鍨嬩唬鏇?"var" (https://learn.microsoft.com/dotnet/fundamentals/code-analysis/style-rules/ide0008) [C:\UserWorx\VSWorx\ServoStudio\wpfui-servoStudio\samples\Wpf.Ui.servoStudio\servoStudio_wjhet5xd_wpftmp.csproj]
C:\UserWorx\VSWorx\ServoStudio\wpfui-servoStudio\samples\Wpf.Ui.servoStudio\ViewModels\Motion\MotionTypeViewModel.cs(1705,74): warning IDE2003: 鍧椾笌鍚庣画璇彞涔嬮棿闇€瑕佹湁绌虹櫧琛?(https://learn.microsoft.com/dotnet/fundamentals/code-analysis/style-rules/ide2003) [C:\UserWorx\VSWorx\ServoStudio\wpfui-servoStudio\samples\Wpf.Ui.servoStudio\servoStudio_wjhet5xd_wpftmp.csproj]
C:\UserWorx\VSWorx\ServoStudio\wpfui-servoStudio\samples\Wpf.Ui.servoStudio\ViewModels\AppData\DataViewViewModel.cs(1250,19): warning IDE0008: 鐢ㄦ樉寮忕被鍨嬩唬鏇?"var" (https://learn.microsoft.com/dotnet/fundamentals/code-analysis/style-rules/ide0008) [C:\UserWorx\VSWorx\ServoStudio\wpfui-servoStudio\samples\Wpf.Ui.servoStudio\servoStudio_wjhet5xd_wpftmp.csproj]
C:\UserWorx\VSWorx\ServoStudio\wpfui-servoStudio\samples\Wpf.Ui.servoStudio\ViewModels\Motion\MotionTypeViewModel.cs(1719,74): warning IDE2003: 鍧椾笌鍚庣画璇彞涔嬮棿闇€瑕佹湁绌虹櫧琛?(https://learn.microsoft.com/dotnet/fundamentals/code-analysis/style-rules/ide2003) [C:\UserWorx\VSWorx\ServoStudio\wpfui-servoStudio\samples\Wpf.Ui.servoStudio\servoStudio_wjhet5xd_wpftmp.csproj]
C:\UserWorx\VSWorx\ServoStudio\wpfui-servoStudio\samples\Wpf.Ui.servoStudio\ViewModels\AppData\DataViewViewModel.cs(1279,9): warning IDE0008: 鐢ㄦ樉寮忕被鍨嬩唬鏇?"var" (https://learn.microsoft.com/dotnet/fundamentals/code-analysis/style-rules/ide0008) [C:\UserWorx\VSWorx\ServoStudio\wpfui-servoStudio\samples\Wpf.Ui.servoStudio\servoStudio_wjhet5xd_wpftmp.csproj]
C:\UserWorx\VSWorx\ServoStudio\wpfui-servoStudio\samples\Wpf.Ui.servoStudio\ViewModels\AppData\DataViewViewModel.cs(1280,9): warning IDE0008: 鐢ㄦ樉寮忕被鍨嬩唬鏇?"var" (https://learn.microsoft.com/dotnet/fundamentals/code-analysis/style-rules/ide0008) [C:\UserWorx\VSWorx\ServoStudio\wpfui-servoStudio\samples\Wpf.Ui.servoStudio\servoStudio_wjhet5xd_wpftmp.csproj]
C:\UserWorx\VSWorx\ServoStudio\wpfui-servoStudio\samples\Wpf.Ui.servoStudio\ViewModels\AppData\DataViewViewModel.cs(1291,19): warning IDE0008: 鐢ㄦ樉寮忕被鍨嬩唬鏇?"var" (https://learn.microsoft.com/dotnet/fundamentals/code-analysis/style-rules/ide0008) [C:\UserWorx\VSWorx\ServoStudio\wpfui-servoStudio\samples\Wpf.Ui.servoStudio\servoStudio_wjhet5xd_wpftmp.csproj]
C:\UserWorx\VSWorx\ServoStudio\wpfui-servoStudio\samples\Wpf.Ui.servoStudio\ViewModels\AppData\DataViewViewModel.cs(1315,19): warning IDE0008: 鐢ㄦ樉寮忕被鍨嬩唬鏇?"var" (https://learn.microsoft.com/dotnet/fundamentals/code-analysis/style-rules/ide0008) [C:\UserWorx\VSWorx\ServoStudio\wpfui-servoStudio\samples\Wpf.Ui.servoStudio\servoStudio_wjhet5xd_wpftmp.csproj]
C:\UserWorx\VSWorx\ServoStudio\wpfui-servoStudio\samples\Wpf.Ui.servoStudio\ViewModels\AppData\DataSaveViewModel.cs(1110,9): warning IDE0011: 鍚?鈥渋f鈥?璇彞娣诲姞澶ф嫭鍙枫€?(https://learn.microsoft.com/dotnet/fundamentals/code-analysis/style-rules/ide0011) [C:\UserWorx\VSWorx\ServoStudio\wpfui-servoStudio\samples\Wpf.Ui.servoStudio\servoStudio_wjhet5xd_wpftmp.csproj]
C:\UserWorx\VSWorx\ServoStudio\wpfui-servoStudio\samples\Wpf.Ui.servoStudio\ViewModels\AppData\DataViewViewModel.cs(1348,9): warning IDE0008: 鐢ㄦ樉寮忕被鍨嬩唬鏇?"var" (https://learn.microsoft.com/dotnet/fundamentals/code-analysis/style-rules/ide0008) [C:\UserWorx\VSWorx\ServoStudio\wpfui-servoStudio\samples\Wpf.Ui.servoStudio\servoStudio_wjhet5xd_wpftmp.csproj]
C:\UserWorx\VSWorx\ServoStudio\wpfui-servoStudio\samples\Wpf.Ui.servoStudio\ViewModels\AppData\DataViewViewModel.cs(1362,15): warning IDE0008: 鐢ㄦ樉寮忕被鍨嬩唬鏇?"var" (https://learn.microsoft.com/dotnet/fundamentals/code-analysis/style-rules/ide0008) [C:\UserWorx\VSWorx\ServoStudio\wpfui-servoStudio\samples\Wpf.Ui.servoStudio\servoStudio_wjhet5xd_wpftmp.csproj]
C:\UserWorx\VSWorx\ServoStudio\wpfui-servoStudio\samples\Wpf.Ui.servoStudio\ViewModels\DeviceSet\DeviceAddViewModel.cs(947,33): warning IDE0058: 姘歌繙涓嶄細浣跨敤琛ㄨ揪寮忓€?(https://learn.microsoft.com/dotnet/fundamentals/code-analysis/style-rules/ide0058) [C:\UserWorx\VSWorx\ServoStudio\wpfui-servoStudio\samples\Wpf.Ui.servoStudio\servoStudio_wjhet5xd_wpftmp.csproj]
C:\UserWorx\VSWorx\ServoStudio\wpfui-servoStudio\samples\Wpf.Ui.servoStudio\ViewModels\DeviceSet\DeviceAddViewModel.cs(46,43): warning IDE0044: 灏嗗瓧娈佃缃负鍙 (https://learn.microsoft.com/dotnet/fundamentals/code-analysis/style-rules/ide0044) [C:\UserWorx\VSWorx\ServoStudio\wpfui-servoStudio\samples\Wpf.Ui.servoStudio\servoStudio_wjhet5xd_wpftmp.csproj]
C:\UserWorx\VSWorx\ServoStudio\wpfui-servoStudio\samples\Wpf.Ui.servoStudio\ViewModels\AppData\DataSaveViewModel.cs(1123,9): warning IDE0011: 鍚?鈥渋f鈥?璇彞娣诲姞澶ф嫭鍙枫€?(https://learn.microsoft.com/dotnet/fundamentals/code-analysis/style-rules/ide0011) [C:\UserWorx\VSWorx\ServoStudio\wpfui-servoStudio\samples\Wpf.Ui.servoStudio\servoStudio_wjhet5xd_wpftmp.csproj]
C:\UserWorx\VSWorx\ServoStudio\wpfui-servoStudio\samples\Wpf.Ui.servoStudio\ViewModels\AppData\DataSaveViewModel.cs(1135,21): warning IDE0011: 鍚?鈥渋f鈥?璇彞娣诲姞澶ф嫭鍙枫€?(https://learn.microsoft.com/dotnet/fundamentals/code-analysis/style-rules/ide0011) [C:\UserWorx\VSWorx\ServoStudio\wpfui-servoStudio\samples\Wpf.Ui.servoStudio\servoStudio_wjhet5xd_wpftmp.csproj]
C:\UserWorx\VSWorx\ServoStudio\wpfui-servoStudio\samples\Wpf.Ui.servoStudio\ViewModels\AppData\DataSaveViewModel.cs(1136,21): warning IDE0011: 鍚?鈥渆lse鈥?璇彞娣诲姞澶ф嫭鍙枫€?(https://learn.microsoft.com/dotnet/fundamentals/code-analysis/style-rules/ide0011) [C:\UserWorx\VSWorx\ServoStudio\wpfui-servoStudio\samples\Wpf.Ui.servoStudio\servoStudio_wjhet5xd_wpftmp.csproj]
C:\UserWorx\VSWorx\ServoStudio\wpfui-servoStudio\samples\Wpf.Ui.servoStudio\ViewModels\AppData\DataViewViewModel.cs(1379,21): warning IDE0058: 姘歌繙涓嶄細浣跨敤琛ㄨ揪寮忓€?(https://learn.microsoft.com/dotnet/fundamentals/code-analysis/style-rules/ide0058) [C:\UserWorx\VSWorx\ServoStudio\wpfui-servoStudio\samples\Wpf.Ui.servoStudio\servoStudio_wjhet5xd_wpftmp.csproj]
C:\UserWorx\VSWorx\ServoStudio\wpfui-servoStudio\samples\Wpf.Ui.servoStudio\ViewModels\AppData\DataViewViewModel.cs(1446,15): warning IDE0008: 鐢ㄦ樉寮忕被鍨嬩唬鏇?"var" (https://learn.microsoft.com/dotnet/fundamentals/code-analysis/style-rules/ide0008) [C:\UserWorx\VSWorx\ServoStudio\wpfui-servoStudio\samples\Wpf.Ui.servoStudio\servoStudio_wjhet5xd_wpftmp.csproj]
C:\UserWorx\VSWorx\ServoStudio\wpfui-servoStudio\samples\Wpf.Ui.servoStudio\ViewModels\AppData\DataViewViewModel.cs(1684,13): warning IDE0008: 鐢ㄦ樉寮忕被鍨嬩唬鏇?"var" (https://learn.microsoft.com/dotnet/fundamentals/code-analysis/style-rules/ide0008) [C:\UserWorx\VSWorx\ServoStudio\wpfui-servoStudio\samples\Wpf.Ui.servoStudio\servoStudio_wjhet5xd_wpftmp.csproj]
C:\UserWorx\VSWorx\ServoStudio\wpfui-servoStudio\samples\Wpf.Ui.servoStudio\ViewModels\AppData\DataViewViewModel.cs(1750,9): warning IDE0008: 鐢ㄦ樉寮忕被鍨嬩唬鏇?"var" (https://learn.microsoft.com/dotnet/fundamentals/code-analysis/style-rules/ide0008) [C:\UserWorx\VSWorx\ServoStudio\wpfui-servoStudio\samples\Wpf.Ui.servoStudio\servoStudio_wjhet5xd_wpftmp.csproj]
C:\UserWorx\VSWorx\ServoStudio\wpfui-servoStudio\samples\Wpf.Ui.servoStudio\ViewModels\AppData\DataViewViewModel.cs(1782,9): warning IDE0008: 鐢ㄦ樉寮忕被鍨嬩唬鏇?"var" (https://learn.microsoft.com/dotnet/fundamentals/code-analysis/style-rules/ide0008) [C:\UserWorx\VSWorx\ServoStudio\wpfui-servoStudio\samples\Wpf.Ui.servoStudio\servoStudio_wjhet5xd_wpftmp.csproj]
C:\UserWorx\VSWorx\ServoStudio\wpfui-servoStudio\samples\Wpf.Ui.servoStudio\ViewModels\Motion\MultiStepProfileViewModel.cs(56,44): warning IDE0055: 淇鏍煎紡 (https://learn.microsoft.com/dotnet/fundamentals/code-analysis/style-rules/ide0055) [C:\UserWorx\VSWorx\ServoStudio\wpfui-servoStudio\samples\Wpf.Ui.servoStudio\servoStudio_wjhet5xd_wpftmp.csproj]
C:\UserWorx\VSWorx\ServoStudio\wpfui-servoStudio\samples\Wpf.Ui.servoStudio\ViewModels\Motion\MultiStepProfileViewModel.cs(56,46): warning IDE0055: 淇鏍煎紡 (https://learn.microsoft.com/dotnet/fundamentals/code-analysis/style-rules/ide0055) [C:\UserWorx\VSWorx\ServoStudio\wpfui-servoStudio\samples\Wpf.Ui.servoStudio\servoStudio_wjhet5xd_wpftmp.csproj]
C:\UserWorx\VSWorx\ServoStudio\wpfui-servoStudio\samples\Wpf.Ui.servoStudio\ViewModels\Motion\MultiStepProfileViewModel.cs(56,68): warning IDE0055: 淇鏍煎紡 (https://learn.microsoft.com/dotnet/fundamentals/code-analysis/style-rules/ide0055) [C:\UserWorx\VSWorx\ServoStudio\wpfui-servoStudio\samples\Wpf.Ui.servoStudio\servoStudio_wjhet5xd_wpftmp.csproj]
C:\UserWorx\VSWorx\ServoStudio\wpfui-servoStudio\samples\Wpf.Ui.servoStudio\ViewModels\Motion\MultiStepProfileViewModel.cs(56,76): warning IDE0055: 淇鏍煎紡 (https://learn.microsoft.com/dotnet/fundamentals/code-analysis/style-rules/ide0055) [C:\UserWorx\VSWorx\ServoStudio\wpfui-servoStudio\samples\Wpf.Ui.servoStudio\servoStudio_wjhet5xd_wpftmp.csproj]
C:\UserWorx\VSWorx\ServoStudio\wpfui-servoStudio\samples\Wpf.Ui.servoStudio\ViewModels\Motion\MultiStepProfileViewModel.cs(58,46): warning IDE0055: 淇鏍煎紡 (https://learn.microsoft.com/dotnet/fundamentals/code-analysis/style-rules/ide0055) [C:\UserWorx\VSWorx\ServoStudio\wpfui-servoStudio\samples\Wpf.Ui.servoStudio\servoStudio_wjhet5xd_wpftmp.csproj]
C:\UserWorx\VSWorx\ServoStudio\wpfui-servoStudio\samples\Wpf.Ui.servoStudio\ViewModels\Motion\MultiStepProfileViewModel.cs(58,48): warning IDE0055: 淇鏍煎紡 (https://learn.microsoft.com/dotnet/fundamentals/code-analysis/style-rules/ide0055) [C:\UserWorx\VSWorx\ServoStudio\wpfui-servoStudio\samples\Wpf.Ui.servoStudio\servoStudio_wjhet5xd_wpftmp.csproj]
C:\UserWorx\VSWorx\ServoStudio\wpfui-servoStudio\samples\Wpf.Ui.servoStudio\ViewModels\Motion\MultiStepProfileViewModel.cs(58,96): warning IDE0055: 淇鏍煎紡 (https://learn.microsoft.com/dotnet/fundamentals/code-analysis/style-rules/ide0055) [C:\UserWorx\VSWorx\ServoStudio\wpfui-servoStudio\samples\Wpf.Ui.servoStudio\servoStudio_wjhet5xd_wpftmp.csproj]
C:\UserWorx\VSWorx\ServoStudio\wpfui-servoStudio\samples\Wpf.Ui.servoStudio\ViewModels\Motion\MultiStepProfileViewModel.cs(58,109): warning IDE0055: 淇鏍煎紡 (https://learn.microsoft.com/dotnet/fundamentals/code-analysis/style-rules/ide0055) [C:\UserWorx\VSWorx\ServoStudio\wpfui-servoStudio\samples\Wpf.Ui.servoStudio\servoStudio_wjhet5xd_wpftmp.csproj]
C:\UserWorx\VSWorx\ServoStudio\wpfui-servoStudio\samples\Wpf.Ui.servoStudio\ViewModels\Motion\MultiStepProfileViewModel.cs(58,122): warning IDE0055: 淇鏍煎紡 (https://learn.microsoft.com/dotnet/fundamentals/code-analysis/style-rules/ide0055) [C:\UserWorx\VSWorx\ServoStudio\wpfui-servoStudio\samples\Wpf.Ui.servoStudio\servoStudio_wjhet5xd_wpftmp.csproj]
C:\UserWorx\VSWorx\ServoStudio\wpfui-servoStudio\samples\Wpf.Ui.servoStudio\ViewModels\Motion\MultiStepProfileViewModel.cs(58,136): warning IDE0055: 淇鏍煎紡 (https://learn.microsoft.com/dotnet/fundamentals/code-analysis/style-rules/ide0055) [C:\UserWorx\VSWorx\ServoStudio\wpfui-servoStudio\samples\Wpf.Ui.servoStudio\servoStudio_wjhet5xd_wpftmp.csproj]
C:\UserWorx\VSWorx\ServoStudio\wpfui-servoStudio\samples\Wpf.Ui.servoStudio\ViewModels\Motion\MultiStepProfileViewModel.cs(59,45): warning IDE0055: 淇鏍煎紡 (https://learn.microsoft.com/dotnet/fundamentals/code-analysis/style-rules/ide0055) [C:\UserWorx\VSWorx\ServoStudio\wpfui-servoStudio\samples\Wpf.Ui.servoStudio\servoStudio_wjhet5xd_wpftmp.csproj]
C:\UserWorx\VSWorx\ServoStudio\wpfui-servoStudio\samples\Wpf.Ui.servoStudio\ViewModels\Motion\MultiStepProfileViewModel.cs(59,47): warning IDE0055: 淇鏍煎紡 (https://learn.microsoft.com/dotnet/fundamentals/code-analysis/style-rules/ide0055) [C:\UserWorx\VSWorx\ServoStudio\wpfui-servoStudio\samples\Wpf.Ui.servoStudio\servoStudio_wjhet5xd_wpftmp.csproj]
C:\UserWorx\VSWorx\ServoStudio\wpfui-servoStudio\samples\Wpf.Ui.servoStudio\ViewModels\Motion\MultiStepProfileViewModel.cs(59,101): warning IDE0055: 淇鏍煎紡 (https://learn.microsoft.com/dotnet/fundamentals/code-analysis/style-rules/ide0055) [C:\UserWorx\VSWorx\ServoStudio\wpfui-servoStudio\samples\Wpf.Ui.servoStudio\servoStudio_wjhet5xd_wpftmp.csproj]
C:\UserWorx\VSWorx\ServoStudio\wpfui-servoStudio\samples\Wpf.Ui.servoStudio\ViewModels\Motion\MultiStepProfileViewModel.cs(59,114): warning IDE0055: 淇鏍煎紡 (https://learn.microsoft.com/dotnet/fundamentals/code-analysis/style-rules/ide0055) [C:\UserWorx\VSWorx\ServoStudio\wpfui-servoStudio\samples\Wpf.Ui.servoStudio\servoStudio_wjhet5xd_wpftmp.csproj]
C:\UserWorx\VSWorx\ServoStudio\wpfui-servoStudio\samples\Wpf.Ui.servoStudio\ViewModels\Motion\MultiStepProfileViewModel.cs(59,127): warning IDE0055: 淇鏍煎紡 (https://learn.microsoft.com/dotnet/fundamentals/code-analysis/style-rules/ide0055) [C:\UserWorx\VSWorx\ServoStudio\wpfui-servoStudio\samples\Wpf.Ui.servoStudio\servoStudio_wjhet5xd_wpftmp.csproj]
C:\UserWorx\VSWorx\ServoStudio\wpfui-servoStudio\samples\Wpf.Ui.servoStudio\ViewModels\Motion\MultiStepProfileViewModel.cs(59,141): warning IDE0055: 淇鏍煎紡 (https://learn.microsoft.com/dotnet/fundamentals/code-analysis/style-rules/ide0055) [C:\UserWorx\VSWorx\ServoStudio\wpfui-servoStudio\samples\Wpf.Ui.servoStudio\servoStudio_wjhet5xd_wpftmp.csproj]
C:\UserWorx\VSWorx\ServoStudio\wpfui-servoStudio\samples\Wpf.Ui.servoStudio\ViewModels\Motion\MultiStepProfileViewModel.cs(62,39): warning IDE0055: 淇鏍煎紡 (https://learn.microsoft.com/dotnet/fundamentals/code-analysis/style-rules/ide0055) [C:\UserWorx\VSWorx\ServoStudio\wpfui-servoStudio\samples\Wpf.Ui.servoStudio\servoStudio_wjhet5xd_wpftmp.csproj]
C:\UserWorx\VSWorx\ServoStudio\wpfui-servoStudio\samples\Wpf.Ui.servoStudio\ViewModels\Motion\MultiStepProfileViewModel.cs(62,70): warning IDE0055: 淇鏍煎紡 (https://learn.microsoft.com/dotnet/fundamentals/code-analysis/style-rules/ide0055) [C:\UserWorx\VSWorx\ServoStudio\wpfui-servoStudio\samples\Wpf.Ui.servoStudio\servoStudio_wjhet5xd_wpftmp.csproj]
C:\UserWorx\VSWorx\ServoStudio\wpfui-servoStudio\samples\Wpf.Ui.servoStudio\ViewModels\Motion\MultiStepProfileViewModel.cs(62,101): warning IDE0055: 淇鏍煎紡 (https://learn.microsoft.com/dotnet/fundamentals/code-analysis/style-rules/ide0055) [C:\UserWorx\VSWorx\ServoStudio\wpfui-servoStudio\samples\Wpf.Ui.servoStudio\servoStudio_wjhet5xd_wpftmp.csproj]
C:\UserWorx\VSWorx\ServoStudio\wpfui-servoStudio\samples\Wpf.Ui.servoStudio\ViewModels\Motion\MultiStepProfileViewModel.cs(63,39): warning IDE0055: 淇鏍煎紡 (https://learn.microsoft.com/dotnet/fundamentals/code-analysis/style-rules/ide0055) [C:\UserWorx\VSWorx\ServoStudio\wpfui-servoStudio\samples\Wpf.Ui.servoStudio\servoStudio_wjhet5xd_wpftmp.csproj]
C:\UserWorx\VSWorx\ServoStudio\wpfui-servoStudio\samples\Wpf.Ui.servoStudio\ViewModels\Motion\MultiStepProfileViewModel.cs(63,70): warning IDE0055: 淇鏍煎紡 (https://learn.microsoft.com/dotnet/fundamentals/code-analysis/style-rules/ide0055) [C:\UserWorx\VSWorx\ServoStudio\wpfui-servoStudio\samples\Wpf.Ui.servoStudio\servoStudio_wjhet5xd_wpftmp.csproj]
C:\UserWorx\VSWorx\ServoStudio\wpfui-servoStudio\samples\Wpf.Ui.servoStudio\ViewModels\Motion\MultiStepProfileViewModel.cs(63,101): warning IDE0055: 淇鏍煎紡 (https://learn.microsoft.com/dotnet/fundamentals/code-analysis/style-rules/ide0055) [C:\UserWorx\VSWorx\ServoStudio\wpfui-servoStudio\samples\Wpf.Ui.servoStudio\servoStudio_wjhet5xd_wpftmp.csproj]
C:\UserWorx\VSWorx\ServoStudio\wpfui-servoStudio\samples\Wpf.Ui.servoStudio\ViewModels\Motion\MultiStepProfileViewModel.cs(64,41): warning IDE0055: 淇鏍煎紡 (https://learn.microsoft.com/dotnet/fundamentals/code-analysis/style-rules/ide0055) [C:\UserWorx\VSWorx\ServoStudio\wpfui-servoStudio\samples\Wpf.Ui.servoStudio\servoStudio_wjhet5xd_wpftmp.csproj]
C:\UserWorx\VSWorx\ServoStudio\wpfui-servoStudio\samples\Wpf.Ui.servoStudio\ViewModels\Motion\MultiStepProfileViewModel.cs(65,41): warning IDE0055: 淇鏍煎紡 (https://learn.microsoft.com/dotnet/fundamentals/code-analysis/style-rules/ide0055) [C:\UserWorx\VSWorx\ServoStudio\wpfui-servoStudio\samples\Wpf.Ui.servoStudio\servoStudio_wjhet5xd_wpftmp.csproj]
C:\UserWorx\VSWorx\ServoStudio\wpfui-servoStudio\samples\Wpf.Ui.servoStudio\ViewModels\Motion\MultiStepProfileViewModel.cs(66,41): warning IDE0055: 淇鏍煎紡 (https://learn.microsoft.com/dotnet/fundamentals/code-analysis/style-rules/ide0055) [C:\UserWorx\VSWorx\ServoStudio\wpfui-servoStudio\samples\Wpf.Ui.servoStudio\servoStudio_wjhet5xd_wpftmp.csproj]
C:\UserWorx\VSWorx\ServoStudio\wpfui-servoStudio\samples\Wpf.Ui.servoStudio\ViewModels\Motion\MultiStepProfileViewModel.cs(67,41): warning IDE0055: 淇鏍煎紡 (https://learn.microsoft.com/dotnet/fundamentals/code-analysis/style-rules/ide0055) [C:\UserWorx\VSWorx\ServoStudio\wpfui-servoStudio\samples\Wpf.Ui.servoStudio\servoStudio_wjhet5xd_wpftmp.csproj]
C:\UserWorx\VSWorx\ServoStudio\wpfui-servoStudio\samples\Wpf.Ui.servoStudio\ViewModels\Motion\MultiStepProfileViewModel.cs(68,41): warning IDE0055: 淇鏍煎紡 (https://learn.microsoft.com/dotnet/fundamentals/code-analysis/style-rules/ide0055) [C:\UserWorx\VSWorx\ServoStudio\wpfui-servoStudio\samples\Wpf.Ui.servoStudio\servoStudio_wjhet5xd_wpftmp.csproj]
C:\UserWorx\VSWorx\ServoStudio\wpfui-servoStudio\samples\Wpf.Ui.servoStudio\ViewModels\Motion\MultiStepProfileViewModel.cs(69,41): warning IDE0055: 淇鏍煎紡 (https://learn.microsoft.com/dotnet/fundamentals/code-analysis/style-rules/ide0055) [C:\UserWorx\VSWorx\ServoStudio\wpfui-servoStudio\samples\Wpf.Ui.servoStudio\servoStudio_wjhet5xd_wpftmp.csproj]
C:\UserWorx\VSWorx\ServoStudio\wpfui-servoStudio\samples\Wpf.Ui.servoStudio\ViewModels\Motion\MultiStepProfileViewModel.cs(70,41): warning IDE0055: 淇鏍煎紡 (https://learn.microsoft.com/dotnet/fundamentals/code-analysis/style-rules/ide0055) [C:\UserWorx\VSWorx\ServoStudio\wpfui-servoStudio\samples\Wpf.Ui.servoStudio\servoStudio_wjhet5xd_wpftmp.csproj]
C:\UserWorx\VSWorx\ServoStudio\wpfui-servoStudio\samples\Wpf.Ui.servoStudio\ViewModels\Motion\MultiStepProfileViewModel.cs(71,41): warning IDE0055: 淇鏍煎紡 (https://learn.microsoft.com/dotnet/fundamentals/code-analysis/style-rules/ide0055) [C:\UserWorx\VSWorx\ServoStudio\wpfui-servoStudio\samples\Wpf.Ui.servoStudio\servoStudio_wjhet5xd_wpftmp.csproj]
C:\UserWorx\VSWorx\ServoStudio\wpfui-servoStudio\samples\Wpf.Ui.servoStudio\ViewModels\Motion\MultiStepProfileViewModel.cs(79,44): warning IDE0055: 淇鏍煎紡 (https://learn.microsoft.com/dotnet/fundamentals/code-analysis/style-rules/ide0055) [C:\UserWorx\VSWorx\ServoStudio\wpfui-servoStudio\samples\Wpf.Ui.servoStudio\servoStudio_wjhet5xd_wpftmp.csproj]
C:\UserWorx\VSWorx\ServoStudio\wpfui-servoStudio\samples\Wpf.Ui.servoStudio\ViewModels\Motion\MultiStepProfileViewModel.cs(79,46): warning IDE0055: 淇鏍煎紡 (https://learn.microsoft.com/dotnet/fundamentals/code-analysis/style-rules/ide0055) [C:\UserWorx\VSWorx\ServoStudio\wpfui-servoStudio\samples\Wpf.Ui.servoStudio\servoStudio_wjhet5xd_wpftmp.csproj]
C:\UserWorx\VSWorx\ServoStudio\wpfui-servoStudio\samples\Wpf.Ui.servoStudio\ViewModels\Motion\MultiStepProfileViewModel.cs(79,68): warning IDE0055: 淇鏍煎紡 (https://learn.microsoft.com/dotnet/fundamentals/code-analysis/style-rules/ide0055) [C:\UserWorx\VSWorx\ServoStudio\wpfui-servoStudio\samples\Wpf.Ui.servoStudio\servoStudio_wjhet5xd_wpftmp.csproj]
C:\UserWorx\VSWorx\ServoStudio\wpfui-servoStudio\samples\Wpf.Ui.servoStudio\ViewModels\Motion\MultiStepProfileViewModel.cs(79,76): warning IDE0055: 淇鏍煎紡 (https://learn.microsoft.com/dotnet/fundamentals/code-analysis/style-rules/ide0055) [C:\UserWorx\VSWorx\ServoStudio\wpfui-servoStudio\samples\Wpf.Ui.servoStudio\servoStudio_wjhet5xd_wpftmp.csproj]
C:\UserWorx\VSWorx\ServoStudio\wpfui-servoStudio\samples\Wpf.Ui.servoStudio\ViewModels\Motion\MultiStepProfileViewModel.cs(56,77): warning IDE2003: 鍧椾笌鍚庣画璇彞涔嬮棿闇€瑕佹湁绌虹櫧琛?(https://learn.microsoft.com/dotnet/fundamentals/code-analysis/style-rules/ide2003) [C:\UserWorx\VSWorx\ServoStudio\wpfui-servoStudio\samples\Wpf.Ui.servoStudio\servoStudio_wjhet5xd_wpftmp.csproj]
C:\UserWorx\VSWorx\ServoStudio\wpfui-servoStudio\samples\Wpf.Ui.servoStudio\ViewModels\Motion\MultiStepProfileViewModel.cs(58,137): warning IDE2003: 鍧椾笌鍚庣画璇彞涔嬮棿闇€瑕佹湁绌虹櫧琛?(https://learn.microsoft.com/dotnet/fundamentals/code-analysis/style-rules/ide2003) [C:\UserWorx\VSWorx\ServoStudio\wpfui-servoStudio\samples\Wpf.Ui.servoStudio\servoStudio_wjhet5xd_wpftmp.csproj]
C:\UserWorx\VSWorx\ServoStudio\wpfui-servoStudio\samples\Wpf.Ui.servoStudio\ViewModels\Motion\MultiStepProfileViewModel.cs(79,77): warning IDE2003: 鍧椾笌鍚庣画璇彞涔嬮棿闇€瑕佹湁绌虹櫧琛?(https://learn.microsoft.com/dotnet/fundamentals/code-analysis/style-rules/ide2003) [C:\UserWorx\VSWorx\ServoStudio\wpfui-servoStudio\samples\Wpf.Ui.servoStudio\servoStudio_wjhet5xd_wpftmp.csproj]
C:\UserWorx\VSWorx\ServoStudio\wpfui-servoStudio\samples\Wpf.Ui.servoStudio\ViewModels\AppData\DataViewViewModel.cs(1790,15): warning IDE0008: 鐢ㄦ樉寮忕被鍨嬩唬鏇?"var" (https://learn.microsoft.com/dotnet/fundamentals/code-analysis/style-rules/ide0008) [C:\UserWorx\VSWorx\ServoStudio\wpfui-servoStudio\samples\Wpf.Ui.servoStudio\servoStudio_wjhet5xd_wpftmp.csproj]
C:\UserWorx\VSWorx\ServoStudio\wpfui-servoStudio\samples\Wpf.Ui.servoStudio\ViewModels\AppData\DataViewViewModel.cs(1930,18): warning IDE0008: 鐢ㄦ樉寮忕被鍨嬩唬鏇?"var" (https://learn.microsoft.com/dotnet/fundamentals/code-analysis/style-rules/ide0008) [C:\UserWorx\VSWorx\ServoStudio\wpfui-servoStudio\samples\Wpf.Ui.servoStudio\servoStudio_wjhet5xd_wpftmp.csproj]
C:\UserWorx\VSWorx\ServoStudio\wpfui-servoStudio\samples\Wpf.Ui.servoStudio\ViewModels\AppData\DataViewViewModel.cs(1845,22): warning IDE0008: 鐢ㄦ樉寮忕被鍨嬩唬鏇?"var" (https://learn.microsoft.com/dotnet/fundamentals/code-analysis/style-rules/ide0008) [C:\UserWorx\VSWorx\ServoStudio\wpfui-servoStudio\samples\Wpf.Ui.servoStudio\servoStudio_wjhet5xd_wpftmp.csproj]
C:\UserWorx\VSWorx\ServoStudio\wpfui-servoStudio\samples\Wpf.Ui.servoStudio\ViewModels\AppData\DataViewViewModel.cs(1849,21): warning IDE0008: 鐢ㄦ樉寮忕被鍨嬩唬鏇?"var" (https://learn.microsoft.com/dotnet/fundamentals/code-analysis/style-rules/ide0008) [C:\UserWorx\VSWorx\ServoStudio\wpfui-servoStudio\samples\Wpf.Ui.servoStudio\servoStudio_wjhet5xd_wpftmp.csproj]
C:\UserWorx\VSWorx\ServoStudio\wpfui-servoStudio\samples\Wpf.Ui.servoStudio\ViewModels\AppData\DataViewViewModel.cs(1858,13): warning IDE0008: 鐢ㄦ樉寮忕被鍨嬩唬鏇?"var" (https://learn.microsoft.com/dotnet/fundamentals/code-analysis/style-rules/ide0008) [C:\UserWorx\VSWorx\ServoStudio\wpfui-servoStudio\samples\Wpf.Ui.servoStudio\servoStudio_wjhet5xd_wpftmp.csproj]
C:\UserWorx\VSWorx\ServoStudio\wpfui-servoStudio\samples\Wpf.Ui.servoStudio\ViewModels\AppData\DataViewViewModel.cs(1877,26): warning IDE0008: 鐢ㄦ樉寮忕被鍨嬩唬鏇?"var" (https://learn.microsoft.com/dotnet/fundamentals/code-analysis/style-rules/ide0008) [C:\UserWorx\VSWorx\ServoStudio\wpfui-servoStudio\samples\Wpf.Ui.servoStudio\servoStudio_wjhet5xd_wpftmp.csproj]
C:\UserWorx\VSWorx\ServoStudio\wpfui-servoStudio\samples\Wpf.Ui.servoStudio\ViewModels\AppData\DataViewViewModel.cs(1879,21): warning IDE0008: 鐢ㄦ樉寮忕被鍨嬩唬鏇?"var" (https://learn.microsoft.com/dotnet/fundamentals/code-analysis/style-rules/ide0008) [C:\UserWorx\VSWorx\ServoStudio\wpfui-servoStudio\samples\Wpf.Ui.servoStudio\servoStudio_wjhet5xd_wpftmp.csproj]
C:\UserWorx\VSWorx\ServoStudio\wpfui-servoStudio\samples\Wpf.Ui.servoStudio\ViewModels\AppData\DataViewViewModel.cs(1896,26): warning IDE0008: 鐢ㄦ樉寮忕被鍨嬩唬鏇?"var" (https://learn.microsoft.com/dotnet/fundamentals/code-analysis/style-rules/ide0008) [C:\UserWorx\VSWorx\ServoStudio\wpfui-servoStudio\samples\Wpf.Ui.servoStudio\servoStudio_wjhet5xd_wpftmp.csproj]
C:\UserWorx\VSWorx\ServoStudio\wpfui-servoStudio\samples\Wpf.Ui.servoStudio\ViewModels\AppData\DataViewViewModel.cs(1898,21): warning IDE0008: 鐢ㄦ樉寮忕被鍨嬩唬鏇?"var" (https://learn.microsoft.com/dotnet/fundamentals/code-analysis/style-rules/ide0008) [C:\UserWorx\VSWorx\ServoStudio\wpfui-servoStudio\samples\Wpf.Ui.servoStudio\servoStudio_wjhet5xd_wpftmp.csproj]
C:\UserWorx\VSWorx\ServoStudio\wpfui-servoStudio\samples\Wpf.Ui.servoStudio\ViewModels\AppData\DataViewViewModel.cs(2006,18): warning IDE0008: 鐢ㄦ樉寮忕被鍨嬩唬鏇?"var" (https://learn.microsoft.com/dotnet/fundamentals/code-analysis/style-rules/ide0008) [C:\UserWorx\VSWorx\ServoStudio\wpfui-servoStudio\samples\Wpf.Ui.servoStudio\servoStudio_wjhet5xd_wpftmp.csproj]
C:\UserWorx\VSWorx\ServoStudio\wpfui-servoStudio\samples\Wpf.Ui.servoStudio\ViewModels\AppData\DataViewViewModel.cs(2033,22): warning IDE0008: 鐢ㄦ樉寮忕被鍨嬩唬鏇?"var" (https://learn.microsoft.com/dotnet/fundamentals/code-analysis/style-rules/ide0008) [C:\UserWorx\VSWorx\ServoStudio\wpfui-servoStudio\samples\Wpf.Ui.servoStudio\servoStudio_wjhet5xd_wpftmp.csproj]
C:\UserWorx\VSWorx\ServoStudio\wpfui-servoStudio\samples\Wpf.Ui.servoStudio\ViewModels\AppData\DataViewViewModel.cs(1476,21): warning IDE0058: 姘歌繙涓嶄細浣跨敤琛ㄨ揪寮忓€?(https://learn.microsoft.com/dotnet/fundamentals/code-analysis/style-rules/ide0058) [C:\UserWorx\VSWorx\ServoStudio\wpfui-servoStudio\samples\Wpf.Ui.servoStudio\servoStudio_wjhet5xd_wpftmp.csproj]
C:\UserWorx\VSWorx\ServoStudio\wpfui-servoStudio\samples\Wpf.Ui.servoStudio\ViewModels\AppData\DataViewViewModel.cs(1499,21): warning IDE0058: 姘歌繙涓嶄細浣跨敤琛ㄨ揪寮忓€?(https://learn.microsoft.com/dotnet/fundamentals/code-analysis/style-rules/ide0058) [C:\UserWorx\VSWorx\ServoStudio\wpfui-servoStudio\samples\Wpf.Ui.servoStudio\servoStudio_wjhet5xd_wpftmp.csproj]
C:\UserWorx\VSWorx\ServoStudio\wpfui-servoStudio\samples\Wpf.Ui.servoStudio\ViewModels\SettingsViewModel.cs(331,94): warning IDE0055: 淇鏍煎紡 (https://learn.microsoft.com/dotnet/fundamentals/code-analysis/style-rules/ide0055) [C:\UserWorx\VSWorx\ServoStudio\wpfui-servoStudio\samples\Wpf.Ui.servoStudio\servoStudio_wjhet5xd_wpftmp.csproj]
C:\UserWorx\VSWorx\ServoStudio\wpfui-servoStudio\samples\Wpf.Ui.servoStudio\ViewModels\SettingsViewModel.cs(331,96): warning IDE0055: 淇鏍煎紡 (https://learn.microsoft.com/dotnet/fundamentals/code-analysis/style-rules/ide0055) [C:\UserWorx\VSWorx\ServoStudio\wpfui-servoStudio\samples\Wpf.Ui.servoStudio\servoStudio_wjhet5xd_wpftmp.csproj]
C:\UserWorx\VSWorx\ServoStudio\wpfui-servoStudio\samples\Wpf.Ui.servoStudio\ViewModels\SettingsViewModel.cs(331,101): warning IDE0055: 淇鏍煎紡 (https://learn.microsoft.com/dotnet/fundamentals/code-analysis/style-rules/ide0055) [C:\UserWorx\VSWorx\ServoStudio\wpfui-servoStudio\samples\Wpf.Ui.servoStudio\servoStudio_wjhet5xd_wpftmp.csproj]
C:\UserWorx\VSWorx\ServoStudio\wpfui-servoStudio\samples\Wpf.Ui.servoStudio\ViewModels\SettingsViewModel.cs(347,37): warning IDE0055: 淇鏍煎紡 (https://learn.microsoft.com/dotnet/fundamentals/code-analysis/style-rules/ide0055) [C:\UserWorx\VSWorx\ServoStudio\wpfui-servoStudio\samples\Wpf.Ui.servoStudio\servoStudio_wjhet5xd_wpftmp.csproj]
C:\UserWorx\VSWorx\ServoStudio\wpfui-servoStudio\samples\Wpf.Ui.servoStudio\ViewModels\SettingsViewModel.cs(359,37): warning IDE0055: 淇鏍煎紡 (https://learn.microsoft.com/dotnet/fundamentals/code-analysis/style-rules/ide0055) [C:\UserWorx\VSWorx\ServoStudio\wpfui-servoStudio\samples\Wpf.Ui.servoStudio\servoStudio_wjhet5xd_wpftmp.csproj]
C:\UserWorx\VSWorx\ServoStudio\wpfui-servoStudio\samples\Wpf.Ui.servoStudio\ViewModels\SettingsViewModel.cs(171,13): warning IDE2003: 鍧椾笌鍚庣画璇彞涔嬮棿闇€瑕佹湁绌虹櫧琛?(https://learn.microsoft.com/dotnet/fundamentals/code-analysis/style-rules/ide2003) [C:\UserWorx\VSWorx\ServoStudio\wpfui-servoStudio\samples\Wpf.Ui.servoStudio\servoStudio_wjhet5xd_wpftmp.csproj]
C:\UserWorx\VSWorx\ServoStudio\wpfui-servoStudio\samples\Wpf.Ui.servoStudio\ViewModels\Tuning\AdvancedTuningViewModel.cs(49,44): warning IDE0055: 淇鏍煎紡 (https://learn.microsoft.com/dotnet/fundamentals/code-analysis/style-rules/ide0055) [C:\UserWorx\VSWorx\ServoStudio\wpfui-servoStudio\samples\Wpf.Ui.servoStudio\servoStudio_wjhet5xd_wpftmp.csproj]
C:\UserWorx\VSWorx\ServoStudio\wpfui-servoStudio\samples\Wpf.Ui.servoStudio\ViewModels\Tuning\AdvancedTuningViewModel.cs(49,46): warning IDE0055: 淇鏍煎紡 (https://learn.microsoft.com/dotnet/fundamentals/code-analysis/style-rules/ide0055) [C:\UserWorx\VSWorx\ServoStudio\wpfui-servoStudio\samples\Wpf.Ui.servoStudio\servoStudio_wjhet5xd_wpftmp.csproj]
C:\UserWorx\VSWorx\ServoStudio\wpfui-servoStudio\samples\Wpf.Ui.servoStudio\ViewModels\Tuning\AdvancedTuningViewModel.cs(49,68): warning IDE0055: 淇鏍煎紡 (https://learn.microsoft.com/dotnet/fundamentals/code-analysis/style-rules/ide0055) [C:\UserWorx\VSWorx\ServoStudio\wpfui-servoStudio\samples\Wpf.Ui.servoStudio\servoStudio_wjhet5xd_wpftmp.csproj]
C:\UserWorx\VSWorx\ServoStudio\wpfui-servoStudio\samples\Wpf.Ui.servoStudio\ViewModels\Tuning\AdvancedTuningViewModel.cs(49,76): warning IDE0055: 淇鏍煎紡 (https://learn.microsoft.com/dotnet/fundamentals/code-analysis/style-rules/ide0055) [C:\UserWorx\VSWorx\ServoStudio\wpfui-servoStudio\samples\Wpf.Ui.servoStudio\servoStudio_wjhet5xd_wpftmp.csproj]
C:\UserWorx\VSWorx\ServoStudio\wpfui-servoStudio\samples\Wpf.Ui.servoStudio\ViewModels\Tuning\AdvancedTuningViewModel.cs(51,45): warning IDE0055: 淇鏍煎紡 (https://learn.microsoft.com/dotnet/fundamentals/code-analysis/style-rules/ide0055) [C:\UserWorx\VSWorx\ServoStudio\wpfui-servoStudio\samples\Wpf.Ui.servoStudio\servoStudio_wjhet5xd_wpftmp.csproj]
C:\UserWorx\VSWorx\ServoStudio\wpfui-servoStudio\samples\Wpf.Ui.servoStudio\ViewModels\Tuning\AdvancedTuningViewModel.cs(51,47): warning IDE0055: 淇鏍煎紡 (https://learn.microsoft.com/dotnet/fundamentals/code-analysis/style-rules/ide0055) [C:\UserWorx\VSWorx\ServoStudio\wpfui-servoStudio\samples\Wpf.Ui.servoStudio\servoStudio_wjhet5xd_wpftmp.csproj]
C:\UserWorx\VSWorx\ServoStudio\wpfui-servoStudio\samples\Wpf.Ui.servoStudio\ViewModels\Tuning\AdvancedTuningViewModel.cs(51,95): warning IDE0055: 淇鏍煎紡 (https://learn.microsoft.com/dotnet/fundamentals/code-analysis/style-rules/ide0055) [C:\UserWorx\VSWorx\ServoStudio\wpfui-servoStudio\samples\Wpf.Ui.servoStudio\servoStudio_wjhet5xd_wpftmp.csproj]
C:\UserWorx\VSWorx\ServoStudio\wpfui-servoStudio\samples\Wpf.Ui.servoStudio\ViewModels\Tuning\AdvancedTuningViewModel.cs(51,108): warning IDE0055: 淇鏍煎紡 (https://learn.microsoft.com/dotnet/fundamentals/code-analysis/style-rules/ide0055) [C:\UserWorx\VSWorx\ServoStudio\wpfui-servoStudio\samples\Wpf.Ui.servoStudio\servoStudio_wjhet5xd_wpftmp.csproj]
C:\UserWorx\VSWorx\ServoStudio\wpfui-servoStudio\samples\Wpf.Ui.servoStudio\ViewModels\Tuning\AdvancedTuningViewModel.cs(51,121): warning IDE0055: 淇鏍煎紡 (https://learn.microsoft.com/dotnet/fundamentals/code-analysis/style-rules/ide0055) [C:\UserWorx\VSWorx\ServoStudio\wpfui-servoStudio\samples\Wpf.Ui.servoStudio\servoStudio_wjhet5xd_wpftmp.csproj]
C:\UserWorx\VSWorx\ServoStudio\wpfui-servoStudio\samples\Wpf.Ui.servoStudio\ViewModels\Tuning\AdvancedTuningViewModel.cs(51,135): warning IDE0055: 淇鏍煎紡 (https://learn.microsoft.com/dotnet/fundamentals/code-analysis/style-rules/ide0055) [C:\UserWorx\VSWorx\ServoStudio\wpfui-servoStudio\samples\Wpf.Ui.servoStudio\servoStudio_wjhet5xd_wpftmp.csproj]
C:\UserWorx\VSWorx\ServoStudio\wpfui-servoStudio\samples\Wpf.Ui.servoStudio\ViewModels\Tuning\AdvancedTuningViewModel.cs(77,44): warning IDE0055: 淇鏍煎紡 (https://learn.microsoft.com/dotnet/fundamentals/code-analysis/style-rules/ide0055) [C:\UserWorx\VSWorx\ServoStudio\wpfui-servoStudio\samples\Wpf.Ui.servoStudio\servoStudio_wjhet5xd_wpftmp.csproj]
C:\UserWorx\VSWorx\ServoStudio\wpfui-servoStudio\samples\Wpf.Ui.servoStudio\ViewModels\Tuning\AdvancedTuningViewModel.cs(77,46): warning IDE0055: 淇鏍煎紡 (https://learn.microsoft.com/dotnet/fundamentals/code-analysis/style-rules/ide0055) [C:\UserWorx\VSWorx\ServoStudio\wpfui-servoStudio\samples\Wpf.Ui.servoStudio\servoStudio_wjhet5xd_wpftmp.csproj]
C:\UserWorx\VSWorx\ServoStudio\wpfui-servoStudio\samples\Wpf.Ui.servoStudio\ViewModels\Tuning\AdvancedTuningViewModel.cs(77,68): warning IDE0055: 淇鏍煎紡 (https://learn.microsoft.com/dotnet/fundamentals/code-analysis/style-rules/ide0055) [C:\UserWorx\VSWorx\ServoStudio\wpfui-servoStudio\samples\Wpf.Ui.servoStudio\servoStudio_wjhet5xd_wpftmp.csproj]
C:\UserWorx\VSWorx\ServoStudio\wpfui-servoStudio\samples\Wpf.Ui.servoStudio\ViewModels\Tuning\AdvancedTuningViewModel.cs(77,76): warning IDE0055: 淇鏍煎紡 (https://learn.microsoft.com/dotnet/fundamentals/code-analysis/style-rules/ide0055) [C:\UserWorx\VSWorx\ServoStudio\wpfui-servoStudio\samples\Wpf.Ui.servoStudio\servoStudio_wjhet5xd_wpftmp.csproj]
C:\UserWorx\VSWorx\ServoStudio\wpfui-servoStudio\samples\Wpf.Ui.servoStudio\ViewModels\Tuning\AdvancedTuningViewModel.cs(49,77): warning IDE2003: 鍧椾笌鍚庣画璇彞涔嬮棿闇€瑕佹湁绌虹櫧琛?(https://learn.microsoft.com/dotnet/fundamentals/code-analysis/style-rules/ide2003) [C:\UserWorx\VSWorx\ServoStudio\wpfui-servoStudio\samples\Wpf.Ui.servoStudio\servoStudio_wjhet5xd_wpftmp.csproj]
C:\UserWorx\VSWorx\ServoStudio\wpfui-servoStudio\samples\Wpf.Ui.servoStudio\ViewModels\Tuning\AdvancedTuningViewModel.cs(77,77): warning IDE2003: 鍧椾笌鍚庣画璇彞涔嬮棿闇€瑕佹湁绌虹櫧琛?(https://learn.microsoft.com/dotnet/fundamentals/code-analysis/style-rules/ide2003) [C:\UserWorx\VSWorx\ServoStudio\wpfui-servoStudio\samples\Wpf.Ui.servoStudio\servoStudio_wjhet5xd_wpftmp.csproj]
C:\UserWorx\VSWorx\ServoStudio\wpfui-servoStudio\samples\Wpf.Ui.servoStudio\ViewModels\Tuning\MotorIdentificationViewModel.cs(75,45): warning IDE0055: 淇鏍煎紡 (https://learn.microsoft.com/dotnet/fundamentals/code-analysis/style-rules/ide0055) [C:\UserWorx\VSWorx\ServoStudio\wpfui-servoStudio\samples\Wpf.Ui.servoStudio\servoStudio_wjhet5xd_wpftmp.csproj]
C:\UserWorx\VSWorx\ServoStudio\wpfui-servoStudio\samples\Wpf.Ui.servoStudio\ViewModels\Tuning\MotorIdentificationViewModel.cs(75,47): warning IDE0055: 淇鏍煎紡 (https://learn.microsoft.com/dotnet/fundamentals/code-analysis/style-rules/ide0055) [C:\UserWorx\VSWorx\ServoStudio\wpfui-servoStudio\samples\Wpf.Ui.servoStudio\servoStudio_wjhet5xd_wpftmp.csproj]
C:\UserWorx\VSWorx\ServoStudio\wpfui-servoStudio\samples\Wpf.Ui.servoStudio\ViewModels\Tuning\MotorIdentificationViewModel.cs(75,52): warning IDE0055: 淇鏍煎紡 (https://learn.microsoft.com/dotnet/fundamentals/code-analysis/style-rules/ide0055) [C:\UserWorx\VSWorx\ServoStudio\wpfui-servoStudio\samples\Wpf.Ui.servoStudio\servoStudio_wjhet5xd_wpftmp.csproj]
C:\UserWorx\VSWorx\ServoStudio\wpfui-servoStudio\samples\Wpf.Ui.servoStudio\ViewModels\ViewModel.cs(144,30): warning IDE0055: 淇鏍煎紡 (https://learn.microsoft.com/dotnet/fundamentals/code-analysis/style-rules/ide0055) [C:\UserWorx\VSWorx\ServoStudio\wpfui-servoStudio\samples\Wpf.Ui.servoStudio\servoStudio_wjhet5xd_wpftmp.csproj]
C:\UserWorx\VSWorx\ServoStudio\wpfui-servoStudio\samples\Wpf.Ui.servoStudio\ViewModels\ViewModel.cs(145,55): warning IDE0055: 淇鏍煎紡 (https://learn.microsoft.com/dotnet/fundamentals/code-analysis/style-rules/ide0055) [C:\UserWorx\VSWorx\ServoStudio\wpfui-servoStudio\samples\Wpf.Ui.servoStudio\servoStudio_wjhet5xd_wpftmp.csproj]
C:\UserWorx\VSWorx\ServoStudio\wpfui-servoStudio\samples\Wpf.Ui.servoStudio\ViewModels\ViewModel.cs(241,40): warning IDE0055: 淇鏍煎紡 (https://learn.microsoft.com/dotnet/fundamentals/code-analysis/style-rules/ide0055) [C:\UserWorx\VSWorx\ServoStudio\wpfui-servoStudio\samples\Wpf.Ui.servoStudio\servoStudio_wjhet5xd_wpftmp.csproj]
C:\UserWorx\VSWorx\ServoStudio\wpfui-servoStudio\samples\Wpf.Ui.servoStudio\ViewModels\ViewModel.cs(241,42): warning IDE0055: 淇鏍煎紡 (https://learn.microsoft.com/dotnet/fundamentals/code-analysis/style-rules/ide0055) [C:\UserWorx\VSWorx\ServoStudio\wpfui-servoStudio\samples\Wpf.Ui.servoStudio\servoStudio_wjhet5xd_wpftmp.csproj]
C:\UserWorx\VSWorx\ServoStudio\wpfui-servoStudio\samples\Wpf.Ui.servoStudio\ViewModels\ViewModel.cs(255,42): warning IDE0055: 淇鏍煎紡 (https://learn.microsoft.com/dotnet/fundamentals/code-analysis/style-rules/ide0055) [C:\UserWorx\VSWorx\ServoStudio\wpfui-servoStudio\samples\Wpf.Ui.servoStudio\servoStudio_wjhet5xd_wpftmp.csproj]
C:\UserWorx\VSWorx\ServoStudio\wpfui-servoStudio\samples\Wpf.Ui.servoStudio\ViewModels\ViewModel.cs(255,44): warning IDE0055: 淇鏍煎紡 (https://learn.microsoft.com/dotnet/fundamentals/code-analysis/style-rules/ide0055) [C:\UserWorx\VSWorx\ServoStudio\wpfui-servoStudio\samples\Wpf.Ui.servoStudio\servoStudio_wjhet5xd_wpftmp.csproj]
C:\UserWorx\VSWorx\ServoStudio\wpfui-servoStudio\samples\Wpf.Ui.servoStudio\Views\Dialogs\SheetPickerWindow.cs(120,9): warning IDE2003: 鍧椾笌鍚庣画璇彞涔嬮棿闇€瑕佹湁绌虹櫧琛?(https://learn.microsoft.com/dotnet/fundamentals/code-analysis/style-rules/ide2003) [C:\UserWorx\VSWorx\ServoStudio\wpfui-servoStudio\samples\Wpf.Ui.servoStudio\servoStudio_wjhet5xd_wpftmp.csproj]
C:\UserWorx\VSWorx\ServoStudio\wpfui-servoStudio\samples\Wpf.Ui.servoStudio\Views\MainWindow.xaml.cs(24,52): warning IDE0055: 淇鏍煎紡 (https://learn.microsoft.com/dotnet/fundamentals/code-analysis/style-rules/ide0055) [C:\UserWorx\VSWorx\ServoStudio\wpfui-servoStudio\samples\Wpf.Ui.servoStudio\servoStudio_wjhet5xd_wpftmp.csproj]
C:\UserWorx\VSWorx\ServoStudio\wpfui-servoStudio\samples\Wpf.Ui.servoStudio\Views\MainWindow.xaml.cs(24,54): warning IDE0055: 淇鏍煎紡 (https://learn.microsoft.com/dotnet/fundamentals/code-analysis/style-rules/ide0055) [C:\UserWorx\VSWorx\ServoStudio\wpfui-servoStudio\samples\Wpf.Ui.servoStudio\servoStudio_wjhet5xd_wpftmp.csproj]
C:\UserWorx\VSWorx\ServoStudio\wpfui-servoStudio\samples\Wpf.Ui.servoStudio\Views\MainWindow.xaml.cs(24,59): warning IDE0055: 淇鏍煎紡 (https://learn.microsoft.com/dotnet/fundamentals/code-analysis/style-rules/ide0055) [C:\UserWorx\VSWorx\ServoStudio\wpfui-servoStudio\samples\Wpf.Ui.servoStudio\servoStudio_wjhet5xd_wpftmp.csproj]
C:\UserWorx\VSWorx\ServoStudio\wpfui-servoStudio\samples\Wpf.Ui.servoStudio\Views\Pages\AppDataPages\AppLogPage.xaml.cs(28,37): warning IDE0055: 淇鏍煎紡 (https://learn.microsoft.com/dotnet/fundamentals/code-analysis/style-rules/ide0055) [C:\UserWorx\VSWorx\ServoStudio\wpfui-servoStudio\samples\Wpf.Ui.servoStudio\servoStudio_wjhet5xd_wpftmp.csproj]
C:\UserWorx\VSWorx\ServoStudio\wpfui-servoStudio\samples\Wpf.Ui.servoStudio\Views\Pages\AppDataPages\AppLogPage.xaml.cs(28,39): warning IDE0055: 淇鏍煎紡 (https://learn.microsoft.com/dotnet/fundamentals/code-analysis/style-rules/ide0055) [C:\UserWorx\VSWorx\ServoStudio\wpfui-servoStudio\samples\Wpf.Ui.servoStudio\servoStudio_wjhet5xd_wpftmp.csproj]
C:\UserWorx\VSWorx\ServoStudio\wpfui-servoStudio\samples\Wpf.Ui.servoStudio\Views\Pages\AppDataPages\AppLogPage.xaml.cs(28,44): warning IDE0055: 淇鏍煎紡 (https://learn.microsoft.com/dotnet/fundamentals/code-analysis/style-rules/ide0055) [C:\UserWorx\VSWorx\ServoStudio\wpfui-servoStudio\samples\Wpf.Ui.servoStudio\servoStudio_wjhet5xd_wpftmp.csproj]
C:\UserWorx\VSWorx\ServoStudio\wpfui-servoStudio\samples\Wpf.Ui.servoStudio\Views\Pages\AppDataPages\DataSavePage.xaml.cs(14,39): warning IDE0055: 淇鏍煎紡 (https://learn.microsoft.com/dotnet/fundamentals/code-analysis/style-rules/ide0055) [C:\UserWorx\VSWorx\ServoStudio\wpfui-servoStudio\samples\Wpf.Ui.servoStudio\servoStudio_wjhet5xd_wpftmp.csproj]
C:\UserWorx\VSWorx\ServoStudio\wpfui-servoStudio\samples\Wpf.Ui.servoStudio\Views\Pages\AppDataPages\DataSavePage.xaml.cs(14,41): warning IDE0055: 淇鏍煎紡 (https://learn.microsoft.com/dotnet/fundamentals/code-analysis/style-rules/ide0055) [C:\UserWorx\VSWorx\ServoStudio\wpfui-servoStudio\samples\Wpf.Ui.servoStudio\servoStudio_wjhet5xd_wpftmp.csproj]
C:\UserWorx\VSWorx\ServoStudio\wpfui-servoStudio\samples\Wpf.Ui.servoStudio\Views\Pages\AppDataPages\DataSavePage.xaml.cs(14,46): warning IDE0055: 淇鏍煎紡 (https://learn.microsoft.com/dotnet/fundamentals/code-analysis/style-rules/ide0055) [C:\UserWorx\VSWorx\ServoStudio\wpfui-servoStudio\samples\Wpf.Ui.servoStudio\servoStudio_wjhet5xd_wpftmp.csproj]
C:\UserWorx\VSWorx\ServoStudio\wpfui-servoStudio\samples\Wpf.Ui.servoStudio\Views\Pages\AppDataPages\DataViewPage.xaml.cs(23,39): warning IDE0055: 淇鏍煎紡 (https://learn.microsoft.com/dotnet/fundamentals/code-analysis/style-rules/ide0055) [C:\UserWorx\VSWorx\ServoStudio\wpfui-servoStudio\samples\Wpf.Ui.servoStudio\servoStudio_wjhet5xd_wpftmp.csproj]
C:\UserWorx\VSWorx\ServoStudio\wpfui-servoStudio\samples\Wpf.Ui.servoStudio\Views\Pages\AppDataPages\DataViewPage.xaml.cs(23,41): warning IDE0055: 淇鏍煎紡 (https://learn.microsoft.com/dotnet/fundamentals/code-analysis/style-rules/ide0055) [C:\UserWorx\VSWorx\ServoStudio\wpfui-servoStudio\samples\Wpf.Ui.servoStudio\servoStudio_wjhet5xd_wpftmp.csproj]
C:\UserWorx\VSWorx\ServoStudio\wpfui-servoStudio\samples\Wpf.Ui.servoStudio\Views\Pages\AppDataPages\DataViewPage.xaml.cs(23,46): warning IDE0055: 淇鏍煎紡 (https://learn.microsoft.com/dotnet/fundamentals/code-analysis/style-rules/ide0055) [C:\UserWorx\VSWorx\ServoStudio\wpfui-servoStudio\samples\Wpf.Ui.servoStudio\servoStudio_wjhet5xd_wpftmp.csproj]
C:\UserWorx\VSWorx\ServoStudio\wpfui-servoStudio\samples\Wpf.Ui.servoStudio\Views\Pages\AppDataPages\DataViewPage.xaml.cs(312,5): warning IDE0055: 淇鏍煎紡 (https://learn.microsoft.com/dotnet/fundamentals/code-analysis/style-rules/ide0055) [C:\UserWorx\VSWorx\ServoStudio\wpfui-servoStudio\samples\Wpf.Ui.servoStudio\servoStudio_wjhet5xd_wpftmp.csproj]
C:\UserWorx\VSWorx\ServoStudio\wpfui-servoStudio\samples\Wpf.Ui.servoStudio\Views\Pages\AppDataPages\DataViewPage.xaml.cs(136,9): warning IDE2003: 鍧椾笌鍚庣画璇彞涔嬮棿闇€瑕佹湁绌虹櫧琛?(https://learn.microsoft.com/dotnet/fundamentals/code-analysis/style-rules/ide2003) [C:\UserWorx\VSWorx\ServoStudio\wpfui-servoStudio\samples\Wpf.Ui.servoStudio\servoStudio_wjhet5xd_wpftmp.csproj]
C:\UserWorx\VSWorx\ServoStudio\wpfui-servoStudio\samples\Wpf.Ui.servoStudio\Views\Pages\AppDataPages\DataViewPage.xaml.cs(146,9): warning IDE2003: 鍧椾笌鍚庣画璇彞涔嬮棿闇€瑕佹湁绌虹櫧琛?(https://learn.microsoft.com/dotnet/fundamentals/code-analysis/style-rules/ide2003) [C:\UserWorx\VSWorx\ServoStudio\wpfui-servoStudio\samples\Wpf.Ui.servoStudio\servoStudio_wjhet5xd_wpftmp.csproj]
C:\UserWorx\VSWorx\ServoStudio\wpfui-servoStudio\samples\Wpf.Ui.servoStudio\Views\Pages\AppDataPages\DataViewPage.xaml.cs(176,9): warning IDE2003: 鍧椾笌鍚庣画璇彞涔嬮棿闇€瑕佹湁绌虹櫧琛?(https://learn.microsoft.com/dotnet/fundamentals/code-analysis/style-rules/ide2003) [C:\UserWorx\VSWorx\ServoStudio\wpfui-servoStudio\samples\Wpf.Ui.servoStudio\servoStudio_wjhet5xd_wpftmp.csproj]
C:\UserWorx\VSWorx\ServoStudio\wpfui-servoStudio\samples\Wpf.Ui.servoStudio\Views\Pages\AppDataPages\DataViewPage.xaml.cs(181,9): warning IDE2003: 鍧椾笌鍚庣画璇彞涔嬮棿闇€瑕佹湁绌虹櫧琛?(https://learn.microsoft.com/dotnet/fundamentals/code-analysis/style-rules/ide2003) [C:\UserWorx\VSWorx\ServoStudio\wpfui-servoStudio\samples\Wpf.Ui.servoStudio\servoStudio_wjhet5xd_wpftmp.csproj]
C:\UserWorx\VSWorx\ServoStudio\wpfui-servoStudio\samples\Wpf.Ui.servoStudio\Views\Pages\AppDataPages\DataViewPage.xaml.cs(187,9): warning IDE2003: 鍧椾笌鍚庣画璇彞涔嬮棿闇€瑕佹湁绌虹櫧琛?(https://learn.microsoft.com/dotnet/fundamentals/code-analysis/style-rules/ide2003) [C:\UserWorx\VSWorx\ServoStudio\wpfui-servoStudio\samples\Wpf.Ui.servoStudio\servoStudio_wjhet5xd_wpftmp.csproj]
C:\UserWorx\VSWorx\ServoStudio\wpfui-servoStudio\samples\Wpf.Ui.servoStudio\Views\Pages\AppDataPages\DataViewPage.xaml.cs(216,17): warning IDE2003: 鍧椾笌鍚庣画璇彞涔嬮棿闇€瑕佹湁绌虹櫧琛?(https://learn.microsoft.com/dotnet/fundamentals/code-analysis/style-rules/ide2003) [C:\UserWorx\VSWorx\ServoStudio\wpfui-servoStudio\samples\Wpf.Ui.servoStudio\servoStudio_wjhet5xd_wpftmp.csproj]
C:\UserWorx\VSWorx\ServoStudio\wpfui-servoStudio\samples\Wpf.Ui.servoStudio\Views\Pages\AppDataPages\DataViewPage.xaml.cs(237,13): warning IDE2003: 鍧椾笌鍚庣画璇彞涔嬮棿闇€瑕佹湁绌虹櫧琛?(https://learn.microsoft.com/dotnet/fundamentals/code-analysis/style-rules/ide2003) [C:\UserWorx\VSWorx\ServoStudio\wpfui-servoStudio\samples\Wpf.Ui.servoStudio\servoStudio_wjhet5xd_wpftmp.csproj]
C:\UserWorx\VSWorx\ServoStudio\wpfui-servoStudio\samples\Wpf.Ui.servoStudio\Views\Pages\AppDataPages\DataViewPage.xaml.cs(247,13): warning IDE2003: 鍧椾笌鍚庣画璇彞涔嬮棿闇€瑕佹湁绌虹櫧琛?(https://learn.microsoft.com/dotnet/fundamentals/code-analysis/style-rules/ide2003) [C:\UserWorx\VSWorx\ServoStudio\wpfui-servoStudio\samples\Wpf.Ui.servoStudio\servoStudio_wjhet5xd_wpftmp.csproj]
C:\UserWorx\VSWorx\ServoStudio\wpfui-servoStudio\samples\Wpf.Ui.servoStudio\Views\Pages\AppDataPages\DataViewPage.xaml.cs(251,13): warning IDE2003: 鍧椾笌鍚庣画璇彞涔嬮棿闇€瑕佹湁绌虹櫧琛?(https://learn.microsoft.com/dotnet/fundamentals/code-analysis/style-rules/ide2003) [C:\UserWorx\VSWorx\ServoStudio\wpfui-servoStudio\samples\Wpf.Ui.servoStudio\servoStudio_wjhet5xd_wpftmp.csproj]
C:\UserWorx\VSWorx\ServoStudio\wpfui-servoStudio\samples\Wpf.Ui.servoStudio\Views\Pages\AppDataPages\DataViewPage.xaml.cs(267,9): warning IDE2003: 鍧椾笌鍚庣画璇彞涔嬮棿闇€瑕佹湁绌虹櫧琛?(https://learn.microsoft.com/dotnet/fundamentals/code-analysis/style-rules/ide2003) [C:\UserWorx\VSWorx\ServoStudio\wpfui-servoStudio\samples\Wpf.Ui.servoStudio\servoStudio_wjhet5xd_wpftmp.csproj]
C:\UserWorx\VSWorx\ServoStudio\wpfui-servoStudio\samples\Wpf.Ui.servoStudio\Views\Pages\AppDataPages\DataViewPage.xaml.cs(302,9): warning IDE2003: 鍧椾笌鍚庣画璇彞涔嬮棿闇€瑕佹湁绌虹櫧琛?(https://learn.microsoft.com/dotnet/fundamentals/code-analysis/style-rules/ide2003) [C:\UserWorx\VSWorx\ServoStudio\wpfui-servoStudio\samples\Wpf.Ui.servoStudio\servoStudio_wjhet5xd_wpftmp.csproj]
C:\UserWorx\VSWorx\ServoStudio\wpfui-servoStudio\samples\Wpf.Ui.servoStudio\Views\Pages\AppDataPages\DataViewPage.xaml.cs(306,9): warning IDE2003: 鍧椾笌鍚庣画璇彞涔嬮棿闇€瑕佹湁绌虹櫧琛?(https://learn.microsoft.com/dotnet/fundamentals/code-analysis/style-rules/ide2003) [C:\UserWorx\VSWorx\ServoStudio\wpfui-servoStudio\samples\Wpf.Ui.servoStudio\servoStudio_wjhet5xd_wpftmp.csproj]
C:\UserWorx\VSWorx\ServoStudio\wpfui-servoStudio\samples\Wpf.Ui.servoStudio\Views\Pages\AppDataPages\DataViewPage.xaml.cs(601,9): warning IDE2003: 鍧椾笌鍚庣画璇彞涔嬮棿闇€瑕佹湁绌虹櫧琛?(https://learn.microsoft.com/dotnet/fundamentals/code-analysis/style-rules/ide2003) [C:\UserWorx\VSWorx\ServoStudio\wpfui-servoStudio\samples\Wpf.Ui.servoStudio\servoStudio_wjhet5xd_wpftmp.csproj]
C:\UserWorx\VSWorx\ServoStudio\wpfui-servoStudio\samples\Wpf.Ui.servoStudio\Core\CANopen\Adapters\CanAdapterFactory.cs(169,21): warning IDE0058: 姘歌繙涓嶄細浣跨敤琛ㄨ揪寮忓€?(https://learn.microsoft.com/dotnet/fundamentals/code-analysis/style-rules/ide0058) [C:\UserWorx\VSWorx\ServoStudio\wpfui-servoStudio\samples\Wpf.Ui.servoStudio\servoStudio_wjhet5xd_wpftmp.csproj]
C:\UserWorx\VSWorx\ServoStudio\wpfui-servoStudio\samples\Wpf.Ui.servoStudio\Core\CANopen\Adapters\CanAdapterFactory.cs(347,25): warning IDE0058: 姘歌繙涓嶄細浣跨敤琛ㄨ揪寮忓€?(https://learn.microsoft.com/dotnet/fundamentals/code-analysis/style-rules/ide0058) [C:\UserWorx\VSWorx\ServoStudio\wpfui-servoStudio\samples\Wpf.Ui.servoStudio\servoStudio_wjhet5xd_wpftmp.csproj]
C:\UserWorx\VSWorx\ServoStudio\wpfui-servoStudio\samples\Wpf.Ui.servoStudio\Views\Pages\AppDataPages\PidAdjustPage.xaml.cs(47,40): warning IDE0055: 淇鏍煎紡 (https://learn.microsoft.com/dotnet/fundamentals/code-analysis/style-rules/ide0055) [C:\UserWorx\VSWorx\ServoStudio\wpfui-servoStudio\samples\Wpf.Ui.servoStudio\servoStudio_wjhet5xd_wpftmp.csproj]
C:\UserWorx\VSWorx\ServoStudio\wpfui-servoStudio\samples\Wpf.Ui.servoStudio\Views\Pages\AppDataPages\PidAdjustPage.xaml.cs(47,42): warning IDE0055: 淇鏍煎紡 (https://learn.microsoft.com/dotnet/fundamentals/code-analysis/style-rules/ide0055) [C:\UserWorx\VSWorx\ServoStudio\wpfui-servoStudio\samples\Wpf.Ui.servoStudio\servoStudio_wjhet5xd_wpftmp.csproj]
C:\UserWorx\VSWorx\ServoStudio\wpfui-servoStudio\samples\Wpf.Ui.servoStudio\Views\Pages\AppDataPages\PidAdjustPage.xaml.cs(47,47): warning IDE0055: 淇鏍煎紡 (https://learn.microsoft.com/dotnet/fundamentals/code-analysis/style-rules/ide0055) [C:\UserWorx\VSWorx\ServoStudio\wpfui-servoStudio\samples\Wpf.Ui.servoStudio\servoStudio_wjhet5xd_wpftmp.csproj]
C:\UserWorx\VSWorx\ServoStudio\wpfui-servoStudio\samples\Wpf.Ui.servoStudio\Views\Pages\AppDataPages\PidAdjustPage.xaml.cs(105,10): warning IDE0055: 淇鏍煎紡 (https://learn.microsoft.com/dotnet/fundamentals/code-analysis/style-rules/ide0055) [C:\UserWorx\VSWorx\ServoStudio\wpfui-servoStudio\samples\Wpf.Ui.servoStudio\servoStudio_wjhet5xd_wpftmp.csproj]
C:\UserWorx\VSWorx\ServoStudio\wpfui-servoStudio\samples\Wpf.Ui.servoStudio\Views\Pages\AppDataPages\PidAdjustPage.xaml.cs(105,28): warning IDE0055: 淇鏍煎紡 (https://learn.microsoft.com/dotnet/fundamentals/code-analysis/style-rules/ide0055) [C:\UserWorx\VSWorx\ServoStudio\wpfui-servoStudio\samples\Wpf.Ui.servoStudio\servoStudio_wjhet5xd_wpftmp.csproj]
C:\UserWorx\VSWorx\ServoStudio\wpfui-servoStudio\samples\Wpf.Ui.servoStudio\Views\Pages\AppDataPages\PidAdjustPage.xaml.cs(105,48): warning IDE0055: 淇鏍煎紡 (https://learn.microsoft.com/dotnet/fundamentals/code-analysis/style-rules/ide0055) [C:\UserWorx\VSWorx\ServoStudio\wpfui-servoStudio\samples\Wpf.Ui.servoStudio\servoStudio_wjhet5xd_wpftmp.csproj]
C:\UserWorx\VSWorx\ServoStudio\wpfui-servoStudio\samples\Wpf.Ui.servoStudio\Views\Pages\AppDataPages\PidAdjustPage.xaml.cs(120,48): warning IDE0055: 淇鏍煎紡 (https://learn.microsoft.com/dotnet/fundamentals/code-analysis/style-rules/ide0055) [C:\UserWorx\VSWorx\ServoStudio\wpfui-servoStudio\samples\Wpf.Ui.servoStudio\servoStudio_wjhet5xd_wpftmp.csproj]
C:\UserWorx\VSWorx\ServoStudio\wpfui-servoStudio\samples\Wpf.Ui.servoStudio\Views\Pages\AppDataPages\PidAdjustPage.xaml.cs(129,17): warning IDE0055: 淇鏍煎紡 (https://learn.microsoft.com/dotnet/fundamentals/code-analysis/style-rules/ide0055) [C:\UserWorx\VSWorx\ServoStudio\wpfui-servoStudio\samples\Wpf.Ui.servoStudio\servoStudio_wjhet5xd_wpftmp.csproj]
C:\UserWorx\VSWorx\ServoStudio\wpfui-servoStudio\samples\Wpf.Ui.servoStudio\Views\Pages\AppDataPages\PidAdjustPage.xaml.cs(162,46): warning IDE0055: 淇鏍煎紡 (https://learn.microsoft.com/dotnet/fundamentals/code-analysis/style-rules/ide0055) [C:\UserWorx\VSWorx\ServoStudio\wpfui-servoStudio\samples\Wpf.Ui.servoStudio\servoStudio_wjhet5xd_wpftmp.csproj]
C:\UserWorx\VSWorx\ServoStudio\wpfui-servoStudio\samples\Wpf.Ui.servoStudio\Views\Pages\AppDataPages\PidAdjustPage.xaml.cs(163,46): warning IDE0055: 淇鏍煎紡 (https://learn.microsoft.com/dotnet/fundamentals/code-analysis/style-rules/ide0055) [C:\UserWorx\VSWorx\ServoStudio\wpfui-servoStudio\samples\Wpf.Ui.servoStudio\servoStudio_wjhet5xd_wpftmp.csproj]
C:\UserWorx\VSWorx\ServoStudio\wpfui-servoStudio\samples\Wpf.Ui.servoStudio\Views\Pages\AppDataPages\PidAdjustPage.xaml.cs(164,46): warning IDE0055: 淇鏍煎紡 (https://learn.microsoft.com/dotnet/fundamentals/code-analysis/style-rules/ide0055) [C:\UserWorx\VSWorx\ServoStudio\wpfui-servoStudio\samples\Wpf.Ui.servoStudio\servoStudio_wjhet5xd_wpftmp.csproj]
C:\UserWorx\VSWorx\ServoStudio\wpfui-servoStudio\samples\Wpf.Ui.servoStudio\Views\Pages\AppDataPages\PidAdjustPage.xaml.cs(165,46): warning IDE0055: 淇鏍煎紡 (https://learn.microsoft.com/dotnet/fundamentals/code-analysis/style-rules/ide0055) [C:\UserWorx\VSWorx\ServoStudio\wpfui-servoStudio\samples\Wpf.Ui.servoStudio\servoStudio_wjhet5xd_wpftmp.csproj]
C:\UserWorx\VSWorx\ServoStudio\wpfui-servoStudio\samples\Wpf.Ui.servoStudio\Views\Pages\AppDataPages\PidAdjustPage.xaml.cs(166,46): warning IDE0055: 淇鏍煎紡 (https://learn.microsoft.com/dotnet/fundamentals/code-analysis/style-rules/ide0055) [C:\UserWorx\VSWorx\ServoStudio\wpfui-servoStudio\samples\Wpf.Ui.servoStudio\servoStudio_wjhet5xd_wpftmp.csproj]
C:\UserWorx\VSWorx\ServoStudio\wpfui-servoStudio\samples\Wpf.Ui.servoStudio\Views\Pages\AppDataPages\PidAdjustPage.xaml.cs(167,46): warning IDE0055: 淇鏍煎紡 (https://learn.microsoft.com/dotnet/fundamentals/code-analysis/style-rules/ide0055) [C:\UserWorx\VSWorx\ServoStudio\wpfui-servoStudio\samples\Wpf.Ui.servoStudio\servoStudio_wjhet5xd_wpftmp.csproj]
C:\UserWorx\VSWorx\ServoStudio\wpfui-servoStudio\samples\Wpf.Ui.servoStudio\Views\Pages\AppDataPages\PidAdjustPage.xaml.cs(190,54): warning IDE0055: 淇鏍煎紡 (https://learn.microsoft.com/dotnet/fundamentals/code-analysis/style-rules/ide0055) [C:\UserWorx\VSWorx\ServoStudio\wpfui-servoStudio\samples\Wpf.Ui.servoStudio\servoStudio_wjhet5xd_wpftmp.csproj]
C:\UserWorx\VSWorx\ServoStudio\wpfui-servoStudio\samples\Wpf.Ui.servoStudio\Views\Pages\AppDataPages\PidAdjustPage.xaml.cs(299,39): warning IDE0055: 淇鏍煎紡 (https://learn.microsoft.com/dotnet/fundamentals/code-analysis/style-rules/ide0055) [C:\UserWorx\VSWorx\ServoStudio\wpfui-servoStudio\samples\Wpf.Ui.servoStudio\servoStudio_wjhet5xd_wpftmp.csproj]
C:\UserWorx\VSWorx\ServoStudio\wpfui-servoStudio\samples\Wpf.Ui.servoStudio\Views\Pages\AppDataPages\PidAdjustPage.xaml.cs(36,17): warning IDE2003: 鍧椾笌鍚庣画璇彞涔嬮棿闇€瑕佹湁绌虹櫧琛?(https://learn.microsoft.com/dotnet/fundamentals/code-analysis/style-rules/ide2003) [C:\UserWorx\VSWorx\ServoStudio\wpfui-servoStudio\samples\Wpf.Ui.servoStudio\servoStudio_wjhet5xd_wpftmp.csproj]
C:\UserWorx\VSWorx\ServoStudio\wpfui-servoStudio\samples\Wpf.Ui.servoStudio\Views\Pages\AppDataPages\PidAdjustPage.xaml.cs(260,9): warning IDE2003: 鍧椾笌鍚庣画璇彞涔嬮棿闇€瑕佹湁绌虹櫧琛?(https://learn.microsoft.com/dotnet/fundamentals/code-analysis/style-rules/ide2003) [C:\UserWorx\VSWorx\ServoStudio\wpfui-servoStudio\samples\Wpf.Ui.servoStudio\servoStudio_wjhet5xd_wpftmp.csproj]
C:\UserWorx\VSWorx\ServoStudio\wpfui-servoStudio\samples\Wpf.Ui.servoStudio\Views\Pages\AppDataPages\PidAdjustPage.xaml.cs(311,17): warning IDE2003: 鍧椾笌鍚庣画璇彞涔嬮棿闇€瑕佹湁绌虹櫧琛?(https://learn.microsoft.com/dotnet/fundamentals/code-analysis/style-rules/ide2003) [C:\UserWorx\VSWorx\ServoStudio\wpfui-servoStudio\samples\Wpf.Ui.servoStudio\servoStudio_wjhet5xd_wpftmp.csproj]
C:\UserWorx\VSWorx\ServoStudio\wpfui-servoStudio\samples\Wpf.Ui.servoStudio\Views\Pages\AppDataPages\UserConfigPage.xaml.cs(15,60): warning IDE0055: 淇鏍煎紡 (https://learn.microsoft.com/dotnet/fundamentals/code-analysis/style-rules/ide0055) [C:\UserWorx\VSWorx\ServoStudio\wpfui-servoStudio\samples\Wpf.Ui.servoStudio\servoStudio_wjhet5xd_wpftmp.csproj]
C:\UserWorx\VSWorx\ServoStudio\wpfui-servoStudio\samples\Wpf.Ui.servoStudio\Views\Pages\AppDataPages\UserConfigPage.xaml.cs(15,62): warning IDE0055: 淇鏍煎紡 (https://learn.microsoft.com/dotnet/fundamentals/code-analysis/style-rules/ide0055) [C:\UserWorx\VSWorx\ServoStudio\wpfui-servoStudio\samples\Wpf.Ui.servoStudio\servoStudio_wjhet5xd_wpftmp.csproj]
C:\UserWorx\VSWorx\ServoStudio\wpfui-servoStudio\samples\Wpf.Ui.servoStudio\Views\Pages\AppDataPages\UserConfigPage.xaml.cs(15,67): warning IDE0055: 淇鏍煎紡 (https://learn.microsoft.com/dotnet/fundamentals/code-analysis/style-rules/ide0055) [C:\UserWorx\VSWorx\ServoStudio\wpfui-servoStudio\samples\Wpf.Ui.servoStudio\servoStudio_wjhet5xd_wpftmp.csproj]
C:\UserWorx\VSWorx\ServoStudio\wpfui-servoStudio\samples\Wpf.Ui.servoStudio\Views\Pages\ControlPage.xaml.cs(15,49): warning IDE0055: 淇鏍煎紡 (https://learn.microsoft.com/dotnet/fundamentals/code-analysis/style-rules/ide0055) [C:\UserWorx\VSWorx\ServoStudio\wpfui-servoStudio\samples\Wpf.Ui.servoStudio\servoStudio_wjhet5xd_wpftmp.csproj]
C:\UserWorx\VSWorx\ServoStudio\wpfui-servoStudio\samples\Wpf.Ui.servoStudio\Views\Pages\ControlPage.xaml.cs(15,51): warning IDE0055: 淇鏍煎紡 (https://learn.microsoft.com/dotnet/fundamentals/code-analysis/style-rules/ide0055) [C:\UserWorx\VSWorx\ServoStudio\wpfui-servoStudio\samples\Wpf.Ui.servoStudio\servoStudio_wjhet5xd_wpftmp.csproj]
C:\UserWorx\VSWorx\ServoStudio\wpfui-servoStudio\samples\Wpf.Ui.servoStudio\Views\Pages\ControlPage.xaml.cs(15,56): warning IDE0055: 淇鏍煎紡 (https://learn.microsoft.com/dotnet/fundamentals/code-analysis/style-rules/ide0055) [C:\UserWorx\VSWorx\ServoStudio\wpfui-servoStudio\samples\Wpf.Ui.servoStudio\servoStudio_wjhet5xd_wpftmp.csproj]
C:\UserWorx\VSWorx\ServoStudio\wpfui-servoStudio\samples\Wpf.Ui.servoStudio\Views\Pages\DashboardPage.xaml.cs(15,51): warning IDE0055: 淇鏍煎紡 (https://learn.microsoft.com/dotnet/fundamentals/code-analysis/style-rules/ide0055) [C:\UserWorx\VSWorx\ServoStudio\wpfui-servoStudio\samples\Wpf.Ui.servoStudio\servoStudio_wjhet5xd_wpftmp.csproj]
C:\UserWorx\VSWorx\ServoStudio\wpfui-servoStudio\samples\Wpf.Ui.servoStudio\Views\Pages\DashboardPage.xaml.cs(15,53): warning IDE0055: 淇鏍煎紡 (https://learn.microsoft.com/dotnet/fundamentals/code-analysis/style-rules/ide0055) [C:\UserWorx\VSWorx\ServoStudio\wpfui-servoStudio\samples\Wpf.Ui.servoStudio\servoStudio_wjhet5xd_wpftmp.csproj]
C:\UserWorx\VSWorx\ServoStudio\wpfui-servoStudio\samples\Wpf.Ui.servoStudio\Views\Pages\DashboardPage.xaml.cs(15,58): warning IDE0055: 淇鏍煎紡 (https://learn.microsoft.com/dotnet/fundamentals/code-analysis/style-rules/ide0055) [C:\UserWorx\VSWorx\ServoStudio\wpfui-servoStudio\samples\Wpf.Ui.servoStudio\servoStudio_wjhet5xd_wpftmp.csproj]
C:\UserWorx\VSWorx\ServoStudio\wpfui-servoStudio\samples\Wpf.Ui.servoStudio\Views\Pages\DataPage.xaml.cs(15,46): warning IDE0055: 淇鏍煎紡 (https://learn.microsoft.com/dotnet/fundamentals/code-analysis/style-rules/ide0055) [C:\UserWorx\VSWorx\ServoStudio\wpfui-servoStudio\samples\Wpf.Ui.servoStudio\servoStudio_wjhet5xd_wpftmp.csproj]
C:\UserWorx\VSWorx\ServoStudio\wpfui-servoStudio\samples\Wpf.Ui.servoStudio\Views\Pages\DataPage.xaml.cs(15,48): warning IDE0055: 淇鏍煎紡 (https://learn.microsoft.com/dotnet/fundamentals/code-analysis/style-rules/ide0055) [C:\UserWorx\VSWorx\ServoStudio\wpfui-servoStudio\samples\Wpf.Ui.servoStudio\servoStudio_wjhet5xd_wpftmp.csproj]
C:\UserWorx\VSWorx\ServoStudio\wpfui-servoStudio\samples\Wpf.Ui.servoStudio\Views\Pages\DataPage.xaml.cs(15,53): warning IDE0055: 淇鏍煎紡 (https://learn.microsoft.com/dotnet/fundamentals/code-analysis/style-rules/ide0055) [C:\UserWorx\VSWorx\ServoStudio\wpfui-servoStudio\samples\Wpf.Ui.servoStudio\servoStudio_wjhet5xd_wpftmp.csproj]
C:\UserWorx\VSWorx\ServoStudio\wpfui-servoStudio\samples\Wpf.Ui.servoStudio\Views\Pages\DeviceSetPages\BusDiagnosticsPage.xaml.cs(16,45): warning IDE0055: 淇鏍煎紡 (https://learn.microsoft.com/dotnet/fundamentals/code-analysis/style-rules/ide0055) [C:\UserWorx\VSWorx\ServoStudio\wpfui-servoStudio\samples\Wpf.Ui.servoStudio\servoStudio_wjhet5xd_wpftmp.csproj]
C:\UserWorx\VSWorx\ServoStudio\wpfui-servoStudio\samples\Wpf.Ui.servoStudio\Views\Pages\DeviceSetPages\BusDiagnosticsPage.xaml.cs(16,47): warning IDE0055: 淇鏍煎紡 (https://learn.microsoft.com/dotnet/fundamentals/code-analysis/style-rules/ide0055) [C:\UserWorx\VSWorx\ServoStudio\wpfui-servoStudio\samples\Wpf.Ui.servoStudio\servoStudio_wjhet5xd_wpftmp.csproj]
C:\UserWorx\VSWorx\ServoStudio\wpfui-servoStudio\samples\Wpf.Ui.servoStudio\Views\Pages\DeviceSetPages\BusDiagnosticsPage.xaml.cs(16,52): warning IDE0055: 淇鏍煎紡 (https://learn.microsoft.com/dotnet/fundamentals/code-analysis/style-rules/ide0055) [C:\UserWorx\VSWorx\ServoStudio\wpfui-servoStudio\samples\Wpf.Ui.servoStudio\servoStudio_wjhet5xd_wpftmp.csproj]
C:\UserWorx\VSWorx\ServoStudio\wpfui-servoStudio\samples\Wpf.Ui.servoStudio\Views\Pages\DeviceSetPages\ListPage.xaml.cs(16,35): warning IDE0055: 淇鏍煎紡 (https://learn.microsoft.com/dotnet/fundamentals/code-analysis/style-rules/ide0055) [C:\UserWorx\VSWorx\ServoStudio\wpfui-servoStudio\samples\Wpf.Ui.servoStudio\servoStudio_wjhet5xd_wpftmp.csproj]
C:\UserWorx\VSWorx\ServoStudio\wpfui-servoStudio\samples\Wpf.Ui.servoStudio\Views\Pages\DeviceSetPages\ListPage.xaml.cs(16,37): warning IDE0055: 淇鏍煎紡 (https://learn.microsoft.com/dotnet/fundamentals/code-analysis/style-rules/ide0055) [C:\UserWorx\VSWorx\ServoStudio\wpfui-servoStudio\samples\Wpf.Ui.servoStudio\servoStudio_wjhet5xd_wpftmp.csproj]
C:\UserWorx\VSWorx\ServoStudio\wpfui-servoStudio\samples\Wpf.Ui.servoStudio\Views\Pages\DeviceSetPages\ListPage.xaml.cs(16,42): warning IDE0055: 淇鏍煎紡 (https://learn.microsoft.com/dotnet/fundamentals/code-analysis/style-rules/ide0055) [C:\UserWorx\VSWorx\ServoStudio\wpfui-servoStudio\samples\Wpf.Ui.servoStudio\servoStudio_wjhet5xd_wpftmp.csproj]
C:\UserWorx\VSWorx\ServoStudio\wpfui-servoStudio\samples\Wpf.Ui.servoStudio\Views\Pages\DeviceSetPages\StartPage.xaml.cs(18,36): warning IDE0055: 淇鏍煎紡 (https://learn.microsoft.com/dotnet/fundamentals/code-analysis/style-rules/ide0055) [C:\UserWorx\VSWorx\ServoStudio\wpfui-servoStudio\samples\Wpf.Ui.servoStudio\servoStudio_wjhet5xd_wpftmp.csproj]
C:\UserWorx\VSWorx\ServoStudio\wpfui-servoStudio\samples\Wpf.Ui.servoStudio\Views\Pages\DeviceSetPages\StartPage.xaml.cs(18,38): warning IDE0055: 淇鏍煎紡 (https://learn.microsoft.com/dotnet/fundamentals/code-analysis/style-rules/ide0055) [C:\UserWorx\VSWorx\ServoStudio\wpfui-servoStudio\samples\Wpf.Ui.servoStudio\servoStudio_wjhet5xd_wpftmp.csproj]
C:\UserWorx\VSWorx\ServoStudio\wpfui-servoStudio\samples\Wpf.Ui.servoStudio\Views\Pages\DeviceSetPages\StartPage.xaml.cs(18,43): warning IDE0055: 淇鏍煎紡 (https://learn.microsoft.com/dotnet/fundamentals/code-analysis/style-rules/ide0055) [C:\UserWorx\VSWorx\ServoStudio\wpfui-servoStudio\samples\Wpf.Ui.servoStudio\servoStudio_wjhet5xd_wpftmp.csproj]
C:\UserWorx\VSWorx\ServoStudio\wpfui-servoStudio\samples\Wpf.Ui.servoStudio\Views\Pages\FactoryPages\FactoryFirmwarePage.xaml.cs(14,46): warning IDE0055: 淇鏍煎紡 (https://learn.microsoft.com/dotnet/fundamentals/code-analysis/style-rules/ide0055) [C:\UserWorx\VSWorx\ServoStudio\wpfui-servoStudio\samples\Wpf.Ui.servoStudio\servoStudio_wjhet5xd_wpftmp.csproj]
C:\UserWorx\VSWorx\ServoStudio\wpfui-servoStudio\samples\Wpf.Ui.servoStudio\Views\Pages\FactoryPages\FactoryFirmwarePage.xaml.cs(14,48): warning IDE0055: 淇鏍煎紡 (https://learn.microsoft.com/dotnet/fundamentals/code-analysis/style-rules/ide0055) [C:\UserWorx\VSWorx\ServoStudio\wpfui-servoStudio\samples\Wpf.Ui.servoStudio\servoStudio_wjhet5xd_wpftmp.csproj]
C:\UserWorx\VSWorx\ServoStudio\wpfui-servoStudio\samples\Wpf.Ui.servoStudio\Views\Pages\FactoryPages\FactoryFirmwarePage.xaml.cs(14,53): warning IDE0055: 淇鏍煎紡 (https://learn.microsoft.com/dotnet/fundamentals/code-analysis/style-rules/ide0055) [C:\UserWorx\VSWorx\ServoStudio\wpfui-servoStudio\samples\Wpf.Ui.servoStudio\servoStudio_wjhet5xd_wpftmp.csproj]
C:\UserWorx\VSWorx\ServoStudio\wpfui-servoStudio\samples\Wpf.Ui.servoStudio\Views\Pages\FactoryPages\FactoryPage.xaml.cs(13,38): warning IDE0055: 淇鏍煎紡 (https://learn.microsoft.com/dotnet/fundamentals/code-analysis/style-rules/ide0055) [C:\UserWorx\VSWorx\ServoStudio\wpfui-servoStudio\samples\Wpf.Ui.servoStudio\servoStudio_wjhet5xd_wpftmp.csproj]
C:\UserWorx\VSWorx\ServoStudio\wpfui-servoStudio\samples\Wpf.Ui.servoStudio\Views\Pages\FactoryPages\FactoryPage.xaml.cs(13,40): warning IDE0055: 淇鏍煎紡 (https://learn.microsoft.com/dotnet/fundamentals/code-analysis/style-rules/ide0055) [C:\UserWorx\VSWorx\ServoStudio\wpfui-servoStudio\samples\Wpf.Ui.servoStudio\servoStudio_wjhet5xd_wpftmp.csproj]
C:\UserWorx\VSWorx\ServoStudio\wpfui-servoStudio\samples\Wpf.Ui.servoStudio\Views\Pages\FactoryPages\FactoryPage.xaml.cs(13,45): warning IDE0055: 淇鏍煎紡 (https://learn.microsoft.com/dotnet/fundamentals/code-analysis/style-rules/ide0055) [C:\UserWorx\VSWorx\ServoStudio\wpfui-servoStudio\samples\Wpf.Ui.servoStudio\servoStudio_wjhet5xd_wpftmp.csproj]
C:\UserWorx\VSWorx\ServoStudio\wpfui-servoStudio\samples\Wpf.Ui.servoStudio\Views\Pages\FactoryPages\FrameFormatEditorPage.xaml.cs(54,48): warning IDE0055: 淇鏍煎紡 (https://learn.microsoft.com/dotnet/fundamentals/code-analysis/style-rules/ide0055) [C:\UserWorx\VSWorx\ServoStudio\wpfui-servoStudio\samples\Wpf.Ui.servoStudio\servoStudio_wjhet5xd_wpftmp.csproj]
C:\UserWorx\VSWorx\ServoStudio\wpfui-servoStudio\samples\Wpf.Ui.servoStudio\Views\Pages\FactoryPages\FrameFormatEditorPage.xaml.cs(54,50): warning IDE0055: 淇鏍煎紡 (https://learn.microsoft.com/dotnet/fundamentals/code-analysis/style-rules/ide0055) [C:\UserWorx\VSWorx\ServoStudio\wpfui-servoStudio\samples\Wpf.Ui.servoStudio\servoStudio_wjhet5xd_wpftmp.csproj]
C:\UserWorx\VSWorx\ServoStudio\wpfui-servoStudio\samples\Wpf.Ui.servoStudio\Views\Pages\FactoryPages\FrameFormatEditorPage.xaml.cs(54,55): warning IDE0055: 淇鏍煎紡 (https://learn.microsoft.com/dotnet/fundamentals/code-analysis/style-rules/ide0055) [C:\UserWorx\VSWorx\ServoStudio\wpfui-servoStudio\samples\Wpf.Ui.servoStudio\servoStudio_wjhet5xd_wpftmp.csproj]
C:\UserWorx\VSWorx\ServoStudio\wpfui-servoStudio\samples\Wpf.Ui.servoStudio\Views\Pages\FactoryPages\FrameFormatEditorPage.xaml.cs(79,89): warning IDE0055: 淇鏍煎紡 (https://learn.microsoft.com/dotnet/fundamentals/code-analysis/style-rules/ide0055) [C:\UserWorx\VSWorx\ServoStudio\wpfui-servoStudio\samples\Wpf.Ui.servoStudio\servoStudio_wjhet5xd_wpftmp.csproj]
C:\UserWorx\VSWorx\ServoStudio\wpfui-servoStudio\samples\Wpf.Ui.servoStudio\Views\Pages\FactoryPages\FrameFormatEditorPage.xaml.cs(81,28): warning IDE0055: 淇鏍煎紡 (https://learn.microsoft.com/dotnet/fundamentals/code-analysis/style-rules/ide0055) [C:\UserWorx\VSWorx\ServoStudio\wpfui-servoStudio\samples\Wpf.Ui.servoStudio\servoStudio_wjhet5xd_wpftmp.csproj]
C:\UserWorx\VSWorx\ServoStudio\wpfui-servoStudio\samples\Wpf.Ui.servoStudio\Views\Pages\FactoryPages\FrameFormatEditorPage.xaml.cs(88,89): warning IDE0055: 淇鏍煎紡 (https://learn.microsoft.com/dotnet/fundamentals/code-analysis/style-rules/ide0055) [C:\UserWorx\VSWorx\ServoStudio\wpfui-servoStudio\samples\Wpf.Ui.servoStudio\servoStudio_wjhet5xd_wpftmp.csproj]
C:\UserWorx\VSWorx\ServoStudio\wpfui-servoStudio\samples\Wpf.Ui.servoStudio\Views\Pages\FactoryPages\FrameFormatEditorPage.xaml.cs(90,28): warning IDE0055: 淇鏍煎紡 (https://learn.microsoft.com/dotnet/fundamentals/code-analysis/style-rules/ide0055) [C:\UserWorx\VSWorx\ServoStudio\wpfui-servoStudio\samples\Wpf.Ui.servoStudio\servoStudio_wjhet5xd_wpftmp.csproj]
C:\UserWorx\VSWorx\ServoStudio\wpfui-servoStudio\samples\Wpf.Ui.servoStudio\Views\Pages\FactoryPages\FrameFormatEditorPage.xaml.cs(96,72): warning IDE0055: 淇鏍煎紡 (https://learn.microsoft.com/dotnet/fundamentals/code-analysis/style-rules/ide0055) [C:\UserWorx\VSWorx\ServoStudio\wpfui-servoStudio\samples\Wpf.Ui.servoStudio\servoStudio_wjhet5xd_wpftmp.csproj]
C:\UserWorx\VSWorx\ServoStudio\wpfui-servoStudio\samples\Wpf.Ui.servoStudio\Views\Pages\FactoryPages\FrameFormatEditorPage.xaml.cs(99,63): warning IDE0055: 淇鏍煎紡 (https://learn.microsoft.com/dotnet/fundamentals/code-analysis/style-rules/ide0055) [C:\UserWorx\VSWorx\ServoStudio\wpfui-servoStudio\samples\Wpf.Ui.servoStudio\servoStudio_wjhet5xd_wpftmp.csproj]
C:\UserWorx\VSWorx\ServoStudio\wpfui-servoStudio\samples\Wpf.Ui.servoStudio\Views\Pages\FactoryPages\FrameFormatEditorPage.xaml.cs(117,80): warning IDE0055: 淇鏍煎紡 (https://learn.microsoft.com/dotnet/fundamentals/code-analysis/style-rules/ide0055) [C:\UserWorx\VSWorx\ServoStudio\wpfui-servoStudio\samples\Wpf.Ui.servoStudio\servoStudio_wjhet5xd_wpftmp.csproj]
C:\UserWorx\VSWorx\ServoStudio\wpfui-servoStudio\samples\Wpf.Ui.servoStudio\Views\Pages\FactoryPages\FrameFormatEditorPage.xaml.cs(118,41): warning IDE0055: 淇鏍煎紡 (https://learn.microsoft.com/dotnet/fundamentals/code-analysis/style-rules/ide0055) [C:\UserWorx\VSWorx\ServoStudio\wpfui-servoStudio\samples\Wpf.Ui.servoStudio\servoStudio_wjhet5xd_wpftmp.csproj]
C:\UserWorx\VSWorx\ServoStudio\wpfui-servoStudio\samples\Wpf.Ui.servoStudio\Views\Pages\FactoryPages\FrameFormatEditorPage.xaml.cs(131,52): warning IDE0055: 淇鏍煎紡 (https://learn.microsoft.com/dotnet/fundamentals/code-analysis/style-rules/ide0055) [C:\UserWorx\VSWorx\ServoStudio\wpfui-servoStudio\samples\Wpf.Ui.servoStudio\servoStudio_wjhet5xd_wpftmp.csproj]
C:\UserWorx\VSWorx\ServoStudio\wpfui-servoStudio\samples\Wpf.Ui.servoStudio\Views\Pages\FactoryPages\FrameFormatEditorPage.xaml.cs(281,62): warning IDE0055: 淇鏍煎紡 (https://learn.microsoft.com/dotnet/fundamentals/code-analysis/style-rules/ide0055) [C:\UserWorx\VSWorx\ServoStudio\wpfui-servoStudio\samples\Wpf.Ui.servoStudio\servoStudio_wjhet5xd_wpftmp.csproj]
C:\UserWorx\VSWorx\ServoStudio\wpfui-servoStudio\samples\Wpf.Ui.servoStudio\Views\Pages\FactoryPages\FrameFormatEditorPage.xaml.cs(292,40): warning IDE0055: 淇鏍煎紡 (https://learn.microsoft.com/dotnet/fundamentals/code-analysis/style-rules/ide0055) [C:\UserWorx\VSWorx\ServoStudio\wpfui-servoStudio\samples\Wpf.Ui.servoStudio\servoStudio_wjhet5xd_wpftmp.csproj]
C:\UserWorx\VSWorx\ServoStudio\wpfui-servoStudio\samples\Wpf.Ui.servoStudio\Views\Pages\FactoryPages\FrameFormatEditorPage.xaml.cs(368,39): warning IDE0055: 淇鏍煎紡 (https://learn.microsoft.com/dotnet/fundamentals/code-analysis/style-rules/ide0055) [C:\UserWorx\VSWorx\ServoStudio\wpfui-servoStudio\samples\Wpf.Ui.servoStudio\servoStudio_wjhet5xd_wpftmp.csproj]
C:\UserWorx\VSWorx\ServoStudio\wpfui-servoStudio\samples\Wpf.Ui.servoStudio\Views\Pages\FactoryPages\FrameFormatEditorPage.xaml.cs(376,55): warning IDE0055: 淇鏍煎紡 (https://learn.microsoft.com/dotnet/fundamentals/code-analysis/style-rules/ide0055) [C:\UserWorx\VSWorx\ServoStudio\wpfui-servoStudio\samples\Wpf.Ui.servoStudio\servoStudio_wjhet5xd_wpftmp.csproj]
C:\UserWorx\VSWorx\ServoStudio\wpfui-servoStudio\samples\Wpf.Ui.servoStudio\Views\Pages\FactoryPages\FrameFormatEditorPage.xaml.cs(377,48): warning IDE0055: 淇鏍煎紡 (https://learn.microsoft.com/dotnet/fundamentals/code-analysis/style-rules/ide0055) [C:\UserWorx\VSWorx\ServoStudio\wpfui-servoStudio\samples\Wpf.Ui.servoStudio\servoStudio_wjhet5xd_wpftmp.csproj]
C:\UserWorx\VSWorx\ServoStudio\wpfui-servoStudio\samples\Wpf.Ui.servoStudio\Views\Pages\FactoryPages\FrameFormatEditorPage.xaml.cs(415,44): warning IDE0055: 淇鏍煎紡 (https://learn.microsoft.com/dotnet/fundamentals/code-analysis/style-rules/ide0055) [C:\UserWorx\VSWorx\ServoStudio\wpfui-servoStudio\samples\Wpf.Ui.servoStudio\servoStudio_wjhet5xd_wpftmp.csproj]
C:\UserWorx\VSWorx\ServoStudio\wpfui-servoStudio\samples\Wpf.Ui.servoStudio\Views\Pages\FactoryPages\FrameFormatEditorPage.xaml.cs(416,9): warning IDE2003: 鍧椾笌鍚庣画璇彞涔嬮棿闇€瑕佹湁绌虹櫧琛?(https://learn.microsoft.com/dotnet/fundamentals/code-analysis/style-rules/ide2003) [C:\UserWorx\VSWorx\ServoStudio\wpfui-servoStudio\samples\Wpf.Ui.servoStudio\servoStudio_wjhet5xd_wpftmp.csproj]
C:\UserWorx\VSWorx\ServoStudio\wpfui-servoStudio\samples\Wpf.Ui.servoStudio\Views\Pages\FaultInfoPage.xaml.cs(15,51): warning IDE0055: 淇鏍煎紡 (https://learn.microsoft.com/dotnet/fundamentals/code-analysis/style-rules/ide0055) [C:\UserWorx\VSWorx\ServoStudio\wpfui-servoStudio\samples\Wpf.Ui.servoStudio\servoStudio_wjhet5xd_wpftmp.csproj]
C:\UserWorx\VSWorx\ServoStudio\wpfui-servoStudio\samples\Wpf.Ui.servoStudio\Views\Pages\FaultInfoPage.xaml.cs(15,53): warning IDE0055: 淇鏍煎紡 (https://learn.microsoft.com/dotnet/fundamentals/code-analysis/style-rules/ide0055) [C:\UserWorx\VSWorx\ServoStudio\wpfui-servoStudio\samples\Wpf.Ui.servoStudio\servoStudio_wjhet5xd_wpftmp.csproj]
C:\UserWorx\VSWorx\ServoStudio\wpfui-servoStudio\samples\Wpf.Ui.servoStudio\Views\Pages\FaultInfoPage.xaml.cs(15,58): warning IDE0055: 淇鏍煎紡 (https://learn.microsoft.com/dotnet/fundamentals/code-analysis/style-rules/ide0055) [C:\UserWorx\VSWorx\ServoStudio\wpfui-servoStudio\samples\Wpf.Ui.servoStudio\servoStudio_wjhet5xd_wpftmp.csproj]
C:\UserWorx\VSWorx\ServoStudio\wpfui-servoStudio\samples\Wpf.Ui.servoStudio\Views\Pages\FirmwarePages\FirmwarePage.xaml.cs(16,41): warning IDE0055: 淇鏍煎紡 (https://learn.microsoft.com/dotnet/fundamentals/code-analysis/style-rules/ide0055) [C:\UserWorx\VSWorx\ServoStudio\wpfui-servoStudio\samples\Wpf.Ui.servoStudio\servoStudio_wjhet5xd_wpftmp.csproj]
C:\UserWorx\VSWorx\ServoStudio\wpfui-servoStudio\samples\Wpf.Ui.servoStudio\Views\Pages\FirmwarePages\FirmwarePage.xaml.cs(16,43): warning IDE0055: 淇鏍煎紡 (https://learn.microsoft.com/dotnet/fundamentals/code-analysis/style-rules/ide0055) [C:\UserWorx\VSWorx\ServoStudio\wpfui-servoStudio\samples\Wpf.Ui.servoStudio\servoStudio_wjhet5xd_wpftmp.csproj]
C:\UserWorx\VSWorx\ServoStudio\wpfui-servoStudio\samples\Wpf.Ui.servoStudio\Views\Pages\FirmwarePages\FirmwarePage.xaml.cs(16,48): warning IDE0055: 淇鏍煎紡 (https://learn.microsoft.com/dotnet/fundamentals/code-analysis/style-rules/ide0055) [C:\UserWorx\VSWorx\ServoStudio\wpfui-servoStudio\samples\Wpf.Ui.servoStudio\servoStudio_wjhet5xd_wpftmp.csproj]
C:\UserWorx\VSWorx\ServoStudio\wpfui-servoStudio\samples\Wpf.Ui.servoStudio\Views\Pages\FirmwarePages\FirmwareProgramPage.xaml.cs(16,46): warning IDE0055: 淇鏍煎紡 (https://learn.microsoft.com/dotnet/fundamentals/code-analysis/style-rules/ide0055) [C:\UserWorx\VSWorx\ServoStudio\wpfui-servoStudio\samples\Wpf.Ui.servoStudio\servoStudio_wjhet5xd_wpftmp.csproj]
C:\UserWorx\VSWorx\ServoStudio\wpfui-servoStudio\samples\Wpf.Ui.servoStudio\Views\Pages\FirmwarePages\FirmwareProgramPage.xaml.cs(16,48): warning IDE0055: 淇鏍煎紡 (https://learn.microsoft.com/dotnet/fundamentals/code-analysis/style-rules/ide0055) [C:\UserWorx\VSWorx\ServoStudio\wpfui-servoStudio\samples\Wpf.Ui.servoStudio\servoStudio_wjhet5xd_wpftmp.csproj]
C:\UserWorx\VSWorx\ServoStudio\wpfui-servoStudio\samples\Wpf.Ui.servoStudio\Views\Pages\FirmwarePages\FirmwareProgramPage.xaml.cs(16,53): warning IDE0055: 淇鏍煎紡 (https://learn.microsoft.com/dotnet/fundamentals/code-analysis/style-rules/ide0055) [C:\UserWorx\VSWorx\ServoStudio\wpfui-servoStudio\samples\Wpf.Ui.servoStudio\servoStudio_wjhet5xd_wpftmp.csproj]
C:\UserWorx\VSWorx\ServoStudio\wpfui-servoStudio\samples\Wpf.Ui.servoStudio\Views\Pages\FSMPage.xaml.cs(15,45): warning IDE0055: 淇鏍煎紡 (https://learn.microsoft.com/dotnet/fundamentals/code-analysis/style-rules/ide0055) [C:\UserWorx\VSWorx\ServoStudio\wpfui-servoStudio\samples\Wpf.Ui.servoStudio\servoStudio_wjhet5xd_wpftmp.csproj]
C:\UserWorx\VSWorx\ServoStudio\wpfui-servoStudio\samples\Wpf.Ui.servoStudio\Views\Pages\FSMPage.xaml.cs(15,47): warning IDE0055: 淇鏍煎紡 (https://learn.microsoft.com/dotnet/fundamentals/code-analysis/style-rules/ide0055) [C:\UserWorx\VSWorx\ServoStudio\wpfui-servoStudio\samples\Wpf.Ui.servoStudio\servoStudio_wjhet5xd_wpftmp.csproj]
C:\UserWorx\VSWorx\ServoStudio\wpfui-servoStudio\samples\Wpf.Ui.servoStudio\Views\Pages\FSMPage.xaml.cs(15,52): warning IDE0055: 淇鏍煎紡 (https://learn.microsoft.com/dotnet/fundamentals/code-analysis/style-rules/ide0055) [C:\UserWorx\VSWorx\ServoStudio\wpfui-servoStudio\samples\Wpf.Ui.servoStudio\servoStudio_wjhet5xd_wpftmp.csproj]
C:\UserWorx\VSWorx\ServoStudio\wpfui-servoStudio\samples\Wpf.Ui.servoStudio\Views\Pages\HardwarePage.xaml.cs(15,50): warning IDE0055: 淇鏍煎紡 (https://learn.microsoft.com/dotnet/fundamentals/code-analysis/style-rules/ide0055) [C:\UserWorx\VSWorx\ServoStudio\wpfui-servoStudio\samples\Wpf.Ui.servoStudio\servoStudio_wjhet5xd_wpftmp.csproj]
C:\UserWorx\VSWorx\ServoStudio\wpfui-servoStudio\samples\Wpf.Ui.servoStudio\Views\Pages\HardwarePage.xaml.cs(15,52): warning IDE0055: 淇鏍煎紡 (https://learn.microsoft.com/dotnet/fundamentals/code-analysis/style-rules/ide0055) [C:\UserWorx\VSWorx\ServoStudio\wpfui-servoStudio\samples\Wpf.Ui.servoStudio\servoStudio_wjhet5xd_wpftmp.csproj]
C:\UserWorx\VSWorx\ServoStudio\wpfui-servoStudio\samples\Wpf.Ui.servoStudio\Views\Pages\HardwarePage.xaml.cs(15,57): warning IDE0055: 淇鏍煎紡 (https://learn.microsoft.com/dotnet/fundamentals/code-analysis/style-rules/ide0055) [C:\UserWorx\VSWorx\ServoStudio\wpfui-servoStudio\samples\Wpf.Ui.servoStudio\servoStudio_wjhet5xd_wpftmp.csproj]
C:\UserWorx\VSWorx\ServoStudio\wpfui-servoStudio\samples\Wpf.Ui.servoStudio\Views\Pages\HardwarePages\ControllerPage.xaml.cs(18,41): warning IDE0055: 淇鏍煎紡 (https://learn.microsoft.com/dotnet/fundamentals/code-analysis/style-rules/ide0055) [C:\UserWorx\VSWorx\ServoStudio\wpfui-servoStudio\samples\Wpf.Ui.servoStudio\servoStudio_wjhet5xd_wpftmp.csproj]
C:\UserWorx\VSWorx\ServoStudio\wpfui-servoStudio\samples\Wpf.Ui.servoStudio\Views\Pages\HardwarePages\ControllerPage.xaml.cs(18,43): warning IDE0055: 淇鏍煎紡 (https://learn.microsoft.com/dotnet/fundamentals/code-analysis/style-rules/ide0055) [C:\UserWorx\VSWorx\ServoStudio\wpfui-servoStudio\samples\Wpf.Ui.servoStudio\servoStudio_wjhet5xd_wpftmp.csproj]
C:\UserWorx\VSWorx\ServoStudio\wpfui-servoStudio\samples\Wpf.Ui.servoStudio\Views\Pages\HardwarePages\ControllerPage.xaml.cs(18,48): warning IDE0055: 淇鏍煎紡 (https://learn.microsoft.com/dotnet/fundamentals/code-analysis/style-rules/ide0055) [C:\UserWorx\VSWorx\ServoStudio\wpfui-servoStudio\samples\Wpf.Ui.servoStudio\servoStudio_wjhet5xd_wpftmp.csproj]
C:\UserWorx\VSWorx\ServoStudio\wpfui-servoStudio\samples\Wpf.Ui.servoStudio\Views\Pages\HardwarePages\IOPage.xaml.cs(16,33): warning IDE0055: 淇鏍煎紡 (https://learn.microsoft.com/dotnet/fundamentals/code-analysis/style-rules/ide0055) [C:\UserWorx\VSWorx\ServoStudio\wpfui-servoStudio\samples\Wpf.Ui.servoStudio\servoStudio_wjhet5xd_wpftmp.csproj]
C:\UserWorx\VSWorx\ServoStudio\wpfui-servoStudio\samples\Wpf.Ui.servoStudio\Views\Pages\HardwarePages\IOPage.xaml.cs(16,35): warning IDE0055: 淇鏍煎紡 (https://learn.microsoft.com/dotnet/fundamentals/code-analysis/style-rules/ide0055) [C:\UserWorx\VSWorx\ServoStudio\wpfui-servoStudio\samples\Wpf.Ui.servoStudio\servoStudio_wjhet5xd_wpftmp.csproj]
C:\UserWorx\VSWorx\ServoStudio\wpfui-servoStudio\samples\Wpf.Ui.servoStudio\Views\Pages\HardwarePages\IOPage.xaml.cs(16,40): warning IDE0055: 淇鏍煎紡 (https://learn.microsoft.com/dotnet/fundamentals/code-analysis/style-rules/ide0055) [C:\UserWorx\VSWorx\ServoStudio\wpfui-servoStudio\samples\Wpf.Ui.servoStudio\servoStudio_wjhet5xd_wpftmp.csproj]
C:\UserWorx\VSWorx\ServoStudio\wpfui-servoStudio\samples\Wpf.Ui.servoStudio\Views\Pages\HardwarePages\MotorPage.xaml.cs(16,36): warning IDE0055: 淇鏍煎紡 (https://learn.microsoft.com/dotnet/fundamentals/code-analysis/style-rules/ide0055) [C:\UserWorx\VSWorx\ServoStudio\wpfui-servoStudio\samples\Wpf.Ui.servoStudio\servoStudio_wjhet5xd_wpftmp.csproj]
C:\UserWorx\VSWorx\ServoStudio\wpfui-servoStudio\samples\Wpf.Ui.servoStudio\Views\Pages\HardwarePages\MotorPage.xaml.cs(16,38): warning IDE0055: 淇鏍煎紡 (https://learn.microsoft.com/dotnet/fundamentals/code-analysis/style-rules/ide0055) [C:\UserWorx\VSWorx\ServoStudio\wpfui-servoStudio\samples\Wpf.Ui.servoStudio\servoStudio_wjhet5xd_wpftmp.csproj]
C:\UserWorx\VSWorx\ServoStudio\wpfui-servoStudio\samples\Wpf.Ui.servoStudio\Views\Pages\HardwarePages\MotorPage.xaml.cs(16,43): warning IDE0055: 淇鏍煎紡 (https://learn.microsoft.com/dotnet/fundamentals/code-analysis/style-rules/ide0055) [C:\UserWorx\VSWorx\ServoStudio\wpfui-servoStudio\samples\Wpf.Ui.servoStudio\servoStudio_wjhet5xd_wpftmp.csproj]
C:\UserWorx\VSWorx\ServoStudio\wpfui-servoStudio\samples\Wpf.Ui.servoStudio\Views\Pages\HardwarePages\StoConfigPage.xaml.cs(13,40): warning IDE0055: 淇鏍煎紡 (https://learn.microsoft.com/dotnet/fundamentals/code-analysis/style-rules/ide0055) [C:\UserWorx\VSWorx\ServoStudio\wpfui-servoStudio\samples\Wpf.Ui.servoStudio\servoStudio_wjhet5xd_wpftmp.csproj]
C:\UserWorx\VSWorx\ServoStudio\wpfui-servoStudio\samples\Wpf.Ui.servoStudio\Views\Pages\HardwarePages\StoConfigPage.xaml.cs(13,42): warning IDE0055: 淇鏍煎紡 (https://learn.microsoft.com/dotnet/fundamentals/code-analysis/style-rules/ide0055) [C:\UserWorx\VSWorx\ServoStudio\wpfui-servoStudio\samples\Wpf.Ui.servoStudio\servoStudio_wjhet5xd_wpftmp.csproj]
C:\UserWorx\VSWorx\ServoStudio\wpfui-servoStudio\samples\Wpf.Ui.servoStudio\Views\Pages\HardwarePages\StoConfigPage.xaml.cs(13,47): warning IDE0055: 淇鏍煎紡 (https://learn.microsoft.com/dotnet/fundamentals/code-analysis/style-rules/ide0055) [C:\UserWorx\VSWorx\ServoStudio\wpfui-servoStudio\samples\Wpf.Ui.servoStudio\servoStudio_wjhet5xd_wpftmp.csproj]
C:\UserWorx\VSWorx\ServoStudio\wpfui-servoStudio\samples\Wpf.Ui.servoStudio\Views\Pages\HomePage.xaml.cs(18,46): warning IDE0055: 淇鏍煎紡 (https://learn.microsoft.com/dotnet/fundamentals/code-analysis/style-rules/ide0055) [C:\UserWorx\VSWorx\ServoStudio\wpfui-servoStudio\samples\Wpf.Ui.servoStudio\servoStudio_wjhet5xd_wpftmp.csproj]
C:\UserWorx\VSWorx\ServoStudio\wpfui-servoStudio\samples\Wpf.Ui.servoStudio\Views\Pages\HomePage.xaml.cs(18,48): warning IDE0055: 淇鏍煎紡 (https://learn.microsoft.com/dotnet/fundamentals/code-analysis/style-rules/ide0055) [C:\UserWorx\VSWorx\ServoStudio\wpfui-servoStudio\samples\Wpf.Ui.servoStudio\servoStudio_wjhet5xd_wpftmp.csproj]
C:\UserWorx\VSWorx\ServoStudio\wpfui-servoStudio\samples\Wpf.Ui.servoStudio\Views\Pages\HomePage.xaml.cs(18,53): warning IDE0055: 淇鏍煎紡 (https://learn.microsoft.com/dotnet/fundamentals/code-analysis/style-rules/ide0055) [C:\UserWorx\VSWorx\ServoStudio\wpfui-servoStudio\samples\Wpf.Ui.servoStudio\servoStudio_wjhet5xd_wpftmp.csproj]
C:\UserWorx\VSWorx\ServoStudio\wpfui-servoStudio\samples\Wpf.Ui.servoStudio\Views\Pages\HomePage.xaml.cs(103,57): warning IDE0055: 淇鏍煎紡 (https://learn.microsoft.com/dotnet/fundamentals/code-analysis/style-rules/ide0055) [C:\UserWorx\VSWorx\ServoStudio\wpfui-servoStudio\samples\Wpf.Ui.servoStudio\servoStudio_wjhet5xd_wpftmp.csproj]
C:\UserWorx\VSWorx\ServoStudio\wpfui-servoStudio\samples\Wpf.Ui.servoStudio\Views\Pages\HomePage.xaml.cs(111,57): warning IDE0055: 淇鏍煎紡 (https://learn.microsoft.com/dotnet/fundamentals/code-analysis/style-rules/ide0055) [C:\UserWorx\VSWorx\ServoStudio\wpfui-servoStudio\samples\Wpf.Ui.servoStudio\servoStudio_wjhet5xd_wpftmp.csproj]
C:\UserWorx\VSWorx\ServoStudio\wpfui-servoStudio\samples\Wpf.Ui.servoStudio\Views\Pages\HomePage.xaml.cs(119,57): warning IDE0055: 淇鏍煎紡 (https://learn.microsoft.com/dotnet/fundamentals/code-analysis/style-rules/ide0055) [C:\UserWorx\VSWorx\ServoStudio\wpfui-servoStudio\samples\Wpf.Ui.servoStudio\servoStudio_wjhet5xd_wpftmp.csproj]
C:\UserWorx\VSWorx\ServoStudio\wpfui-servoStudio\samples\Wpf.Ui.servoStudio\Views\Pages\HomePage.xaml.cs(144,30): warning IDE0055: 淇鏍煎紡 (https://learn.microsoft.com/dotnet/fundamentals/code-analysis/style-rules/ide0055) [C:\UserWorx\VSWorx\ServoStudio\wpfui-servoStudio\samples\Wpf.Ui.servoStudio\servoStudio_wjhet5xd_wpftmp.csproj]
C:\UserWorx\VSWorx\ServoStudio\wpfui-servoStudio\samples\Wpf.Ui.servoStudio\Views\Pages\MotionPages\MotionLimitPage.xaml.cs(16,42): warning IDE0055: 淇鏍煎紡 (https://learn.microsoft.com/dotnet/fundamentals/code-analysis/style-rules/ide0055) [C:\UserWorx\VSWorx\ServoStudio\wpfui-servoStudio\samples\Wpf.Ui.servoStudio\servoStudio_wjhet5xd_wpftmp.csproj]
C:\UserWorx\VSWorx\ServoStudio\wpfui-servoStudio\samples\Wpf.Ui.servoStudio\Views\Pages\MotionPages\MotionLimitPage.xaml.cs(16,44): warning IDE0055: 淇鏍煎紡 (https://learn.microsoft.com/dotnet/fundamentals/code-analysis/style-rules/ide0055) [C:\UserWorx\VSWorx\ServoStudio\wpfui-servoStudio\samples\Wpf.Ui.servoStudio\servoStudio_wjhet5xd_wpftmp.csproj]
C:\UserWorx\VSWorx\ServoStudio\wpfui-servoStudio\samples\Wpf.Ui.servoStudio\Views\Pages\MotionPages\MotionLimitPage.xaml.cs(16,49): warning IDE0055: 淇鏍煎紡 (https://learn.microsoft.com/dotnet/fundamentals/code-analysis/style-rules/ide0055) [C:\UserWorx\VSWorx\ServoStudio\wpfui-servoStudio\samples\Wpf.Ui.servoStudio\servoStudio_wjhet5xd_wpftmp.csproj]
C:\UserWorx\VSWorx\ServoStudio\wpfui-servoStudio\samples\Wpf.Ui.servoStudio\Views\Pages\MotionPages\MotionProfilePage.xaml.cs(25,44): warning IDE0055: 淇鏍煎紡 (https://learn.microsoft.com/dotnet/fundamentals/code-analysis/style-rules/ide0055) [C:\UserWorx\VSWorx\ServoStudio\wpfui-servoStudio\samples\Wpf.Ui.servoStudio\servoStudio_wjhet5xd_wpftmp.csproj]
C:\UserWorx\VSWorx\ServoStudio\wpfui-servoStudio\samples\Wpf.Ui.servoStudio\Views\Pages\MotionPages\MotionProfilePage.xaml.cs(25,46): warning IDE0055: 淇鏍煎紡 (https://learn.microsoft.com/dotnet/fundamentals/code-analysis/style-rules/ide0055) [C:\UserWorx\VSWorx\ServoStudio\wpfui-servoStudio\samples\Wpf.Ui.servoStudio\servoStudio_wjhet5xd_wpftmp.csproj]
C:\UserWorx\VSWorx\ServoStudio\wpfui-servoStudio\samples\Wpf.Ui.servoStudio\Views\Pages\MotionPages\MotionProfilePage.xaml.cs(25,51): warning IDE0055: 淇鏍煎紡 (https://learn.microsoft.com/dotnet/fundamentals/code-analysis/style-rules/ide0055) [C:\UserWorx\VSWorx\ServoStudio\wpfui-servoStudio\samples\Wpf.Ui.servoStudio\servoStudio_wjhet5xd_wpftmp.csproj]
C:\UserWorx\VSWorx\ServoStudio\wpfui-servoStudio\samples\Wpf.Ui.servoStudio\Views\Pages\MotionPages\MotionProfilePage.xaml.cs(55,39): warning IDE0055: 淇鏍煎紡 (https://learn.microsoft.com/dotnet/fundamentals/code-analysis/style-rules/ide0055) [C:\UserWorx\VSWorx\ServoStudio\wpfui-servoStudio\samples\Wpf.Ui.servoStudio\servoStudio_wjhet5xd_wpftmp.csproj]
C:\UserWorx\VSWorx\ServoStudio\wpfui-servoStudio\samples\Wpf.Ui.servoStudio\Views\Pages\MotionPages\MotionProfilePage.xaml.cs(58,40): warning IDE0055: 淇鏍煎紡 (https://learn.microsoft.com/dotnet/fundamentals/code-analysis/style-rules/ide0055) [C:\UserWorx\VSWorx\ServoStudio\wpfui-servoStudio\samples\Wpf.Ui.servoStudio\servoStudio_wjhet5xd_wpftmp.csproj]
C:\UserWorx\VSWorx\ServoStudio\wpfui-servoStudio\samples\Wpf.Ui.servoStudio\Views\Pages\MotionPages\MotionProfilePage.xaml.cs(74,12): warning IDE0055: 淇鏍煎紡 (https://learn.microsoft.com/dotnet/fundamentals/code-analysis/style-rules/ide0055) [C:\UserWorx\VSWorx\ServoStudio\wpfui-servoStudio\samples\Wpf.Ui.servoStudio\servoStudio_wjhet5xd_wpftmp.csproj]
C:\UserWorx\VSWorx\ServoStudio\wpfui-servoStudio\samples\Wpf.Ui.servoStudio\Views\Pages\MotionPages\MotionProfilePage.xaml.cs(74,14): warning IDE0055: 淇鏍煎紡 (https://learn.microsoft.com/dotnet/fundamentals/code-analysis/style-rules/ide0055) [C:\UserWorx\VSWorx\ServoStudio\wpfui-servoStudio\samples\Wpf.Ui.servoStudio\servoStudio_wjhet5xd_wpftmp.csproj]
C:\UserWorx\VSWorx\ServoStudio\wpfui-servoStudio\samples\Wpf.Ui.servoStudio\Views\Pages\MotionPages\MotionProfilePage.xaml.cs(74,83): warning IDE0055: 淇鏍煎紡 (https://learn.microsoft.com/dotnet/fundamentals/code-analysis/style-rules/ide0055) [C:\UserWorx\VSWorx\ServoStudio\wpfui-servoStudio\samples\Wpf.Ui.servoStudio\servoStudio_wjhet5xd_wpftmp.csproj]
C:\UserWorx\VSWorx\ServoStudio\wpfui-servoStudio\samples\Wpf.Ui.servoStudio\Views\Pages\MotionPages\MotionProfilePage.xaml.cs(77,40): warning IDE0055: 淇鏍煎紡 (https://learn.microsoft.com/dotnet/fundamentals/code-analysis/style-rules/ide0055) [C:\UserWorx\VSWorx\ServoStudio\wpfui-servoStudio\samples\Wpf.Ui.servoStudio\servoStudio_wjhet5xd_wpftmp.csproj]
C:\UserWorx\VSWorx\ServoStudio\wpfui-servoStudio\samples\Wpf.Ui.servoStudio\Views\Pages\MotionPages\MotionProfilePage.xaml.cs(78,29): warning IDE0055: 淇鏍煎紡 (https://learn.microsoft.com/dotnet/fundamentals/code-analysis/style-rules/ide0055) [C:\UserWorx\VSWorx\ServoStudio\wpfui-servoStudio\samples\Wpf.Ui.servoStudio\servoStudio_wjhet5xd_wpftmp.csproj]
C:\UserWorx\VSWorx\ServoStudio\wpfui-servoStudio\samples\Wpf.Ui.servoStudio\Views\Pages\MotionPages\MotionProfilePage.xaml.cs(141,31): warning IDE0055: 淇鏍煎紡 (https://learn.microsoft.com/dotnet/fundamentals/code-analysis/style-rules/ide0055) [C:\UserWorx\VSWorx\ServoStudio\wpfui-servoStudio\samples\Wpf.Ui.servoStudio\servoStudio_wjhet5xd_wpftmp.csproj]
C:\UserWorx\VSWorx\ServoStudio\wpfui-servoStudio\samples\Wpf.Ui.servoStudio\Views\Pages\MotionPages\MotionProfilePage.xaml.cs(175,38): warning IDE0055: 淇鏍煎紡 (https://learn.microsoft.com/dotnet/fundamentals/code-analysis/style-rules/ide0055) [C:\UserWorx\VSWorx\ServoStudio\wpfui-servoStudio\samples\Wpf.Ui.servoStudio\servoStudio_wjhet5xd_wpftmp.csproj]
C:\UserWorx\VSWorx\ServoStudio\wpfui-servoStudio\samples\Wpf.Ui.servoStudio\Views\Pages\MotionPages\MotionProfilePage.xaml.cs(176,39): warning IDE0055: 淇鏍煎紡 (https://learn.microsoft.com/dotnet/fundamentals/code-analysis/style-rules/ide0055) [C:\UserWorx\VSWorx\ServoStudio\wpfui-servoStudio\samples\Wpf.Ui.servoStudio\servoStudio_wjhet5xd_wpftmp.csproj]
C:\UserWorx\VSWorx\ServoStudio\wpfui-servoStudio\samples\Wpf.Ui.servoStudio\Views\Pages\MotionPages\MotionProfilePage.xaml.cs(177,37): warning IDE0055: 淇鏍煎紡 (https://learn.microsoft.com/dotnet/fundamentals/code-analysis/style-rules/ide0055) [C:\UserWorx\VSWorx\ServoStudio\wpfui-servoStudio\samples\Wpf.Ui.servoStudio\servoStudio_wjhet5xd_wpftmp.csproj]
C:\UserWorx\VSWorx\ServoStudio\wpfui-servoStudio\samples\Wpf.Ui.servoStudio\Views\Pages\MotionPages\MotionProfilePage.xaml.cs(180,47): warning IDE0055: 淇鏍煎紡 (https://learn.microsoft.com/dotnet/fundamentals/code-analysis/style-rules/ide0055) [C:\UserWorx\VSWorx\ServoStudio\wpfui-servoStudio\samples\Wpf.Ui.servoStudio\servoStudio_wjhet5xd_wpftmp.csproj]
C:\UserWorx\VSWorx\ServoStudio\wpfui-servoStudio\samples\Wpf.Ui.servoStudio\Views\Pages\MotionPages\MotionProfilePage.xaml.cs(181,48): warning IDE0055: 淇鏍煎紡 (https://learn.microsoft.com/dotnet/fundamentals/code-analysis/style-rules/ide0055) [C:\UserWorx\VSWorx\ServoStudio\wpfui-servoStudio\samples\Wpf.Ui.servoStudio\servoStudio_wjhet5xd_wpftmp.csproj]
C:\UserWorx\VSWorx\ServoStudio\wpfui-servoStudio\samples\Wpf.Ui.servoStudio\Views\Pages\MotionPages\MotionProfilePage.xaml.cs(182,46): warning IDE0055: 淇鏍煎紡 (https://learn.microsoft.com/dotnet/fundamentals/code-analysis/style-rules/ide0055) [C:\UserWorx\VSWorx\ServoStudio\wpfui-servoStudio\samples\Wpf.Ui.servoStudio\servoStudio_wjhet5xd_wpftmp.csproj]
C:\UserWorx\VSWorx\ServoStudio\wpfui-servoStudio\samples\Wpf.Ui.servoStudio\Views\Pages\MotionPages\MotionProfilePage.xaml.cs(195,47): warning IDE0055: 淇鏍煎紡 (https://learn.microsoft.com/dotnet/fundamentals/code-analysis/style-rules/ide0055) [C:\UserWorx\VSWorx\ServoStudio\wpfui-servoStudio\samples\Wpf.Ui.servoStudio\servoStudio_wjhet5xd_wpftmp.csproj]
C:\UserWorx\VSWorx\ServoStudio\wpfui-servoStudio\samples\Wpf.Ui.servoStudio\Views\Pages\MotionPages\MotionProfilePage.xaml.cs(196,48): warning IDE0055: 淇鏍煎紡 (https://learn.microsoft.com/dotnet/fundamentals/code-analysis/style-rules/ide0055) [C:\UserWorx\VSWorx\ServoStudio\wpfui-servoStudio\samples\Wpf.Ui.servoStudio\servoStudio_wjhet5xd_wpftmp.csproj]
C:\UserWorx\VSWorx\ServoStudio\wpfui-servoStudio\samples\Wpf.Ui.servoStudio\Views\Pages\MotionPages\MotionProfilePage.xaml.cs(197,46): warning IDE0055: 淇鏍煎紡 (https://learn.microsoft.com/dotnet/fundamentals/code-analysis/style-rules/ide0055) [C:\UserWorx\VSWorx\ServoStudio\wpfui-servoStudio\samples\Wpf.Ui.servoStudio\servoStudio_wjhet5xd_wpftmp.csproj]
C:\UserWorx\VSWorx\ServoStudio\wpfui-servoStudio\samples\Wpf.Ui.servoStudio\Views\Pages\MotionPages\MotionProfilePage.xaml.cs(219,38): warning IDE0055: 淇鏍煎紡 (https://learn.microsoft.com/dotnet/fundamentals/code-analysis/style-rules/ide0055) [C:\UserWorx\VSWorx\ServoStudio\wpfui-servoStudio\samples\Wpf.Ui.servoStudio\servoStudio_wjhet5xd_wpftmp.csproj]
C:\UserWorx\VSWorx\ServoStudio\wpfui-servoStudio\samples\Wpf.Ui.servoStudio\Views\Pages\MotionPages\MotionProfilePage.xaml.cs(221,21): warning IDE0055: 淇鏍煎紡 (https://learn.microsoft.com/dotnet/fundamentals/code-analysis/style-rules/ide0055) [C:\UserWorx\VSWorx\ServoStudio\wpfui-servoStudio\samples\Wpf.Ui.servoStudio\servoStudio_wjhet5xd_wpftmp.csproj]
C:\UserWorx\VSWorx\ServoStudio\wpfui-servoStudio\samples\Wpf.Ui.servoStudio\Views\Pages\MotionPages\MotionProfilePage.xaml.cs(227,38): warning IDE0055: 淇鏍煎紡 (https://learn.microsoft.com/dotnet/fundamentals/code-analysis/style-rules/ide0055) [C:\UserWorx\VSWorx\ServoStudio\wpfui-servoStudio\samples\Wpf.Ui.servoStudio\servoStudio_wjhet5xd_wpftmp.csproj]
C:\UserWorx\VSWorx\ServoStudio\wpfui-servoStudio\samples\Wpf.Ui.servoStudio\Views\Pages\MotionPages\MotionProfilePage.xaml.cs(229,21): warning IDE0055: 淇鏍煎紡 (https://learn.microsoft.com/dotnet/fundamentals/code-analysis/style-rules/ide0055) [C:\UserWorx\VSWorx\ServoStudio\wpfui-servoStudio\samples\Wpf.Ui.servoStudio\servoStudio_wjhet5xd_wpftmp.csproj]
C:\UserWorx\VSWorx\ServoStudio\wpfui-servoStudio\samples\Wpf.Ui.servoStudio\Views\Pages\MotionPages\MotionProfilePage.xaml.cs(238,34): warning IDE0055: 淇鏍煎紡 (https://learn.microsoft.com/dotnet/fundamentals/code-analysis/style-rules/ide0055) [C:\UserWorx\VSWorx\ServoStudio\wpfui-servoStudio\samples\Wpf.Ui.servoStudio\servoStudio_wjhet5xd_wpftmp.csproj]
C:\UserWorx\VSWorx\ServoStudio\wpfui-servoStudio\samples\Wpf.Ui.servoStudio\Views\Pages\MotionPages\MotionProfilePage.xaml.cs(240,39): warning IDE0055: 淇鏍煎紡 (https://learn.microsoft.com/dotnet/fundamentals/code-analysis/style-rules/ide0055) [C:\UserWorx\VSWorx\ServoStudio\wpfui-servoStudio\samples\Wpf.Ui.servoStudio\servoStudio_wjhet5xd_wpftmp.csproj]
C:\UserWorx\VSWorx\ServoStudio\wpfui-servoStudio\samples\Wpf.Ui.servoStudio\Views\Pages\MotionPages\MotionProfilePage.xaml.cs(241,39): warning IDE0055: 淇鏍煎紡 (https://learn.microsoft.com/dotnet/fundamentals/code-analysis/style-rules/ide0055) [C:\UserWorx\VSWorx\ServoStudio\wpfui-servoStudio\samples\Wpf.Ui.servoStudio\servoStudio_wjhet5xd_wpftmp.csproj]
C:\UserWorx\VSWorx\ServoStudio\wpfui-servoStudio\samples\Wpf.Ui.servoStudio\Views\Pages\MotionPages\MotionProfilePage.xaml.cs(242,39): warning IDE0055: 淇鏍煎紡 (https://learn.microsoft.com/dotnet/fundamentals/code-analysis/style-rules/ide0055) [C:\UserWorx\VSWorx\ServoStudio\wpfui-servoStudio\samples\Wpf.Ui.servoStudio\servoStudio_wjhet5xd_wpftmp.csproj]
C:\UserWorx\VSWorx\ServoStudio\wpfui-servoStudio\samples\Wpf.Ui.servoStudio\Views\Pages\MotionPages\MotionProfilePage.xaml.cs(255,43): warning IDE0055: 淇鏍煎紡 (https://learn.microsoft.com/dotnet/fundamentals/code-analysis/style-rules/ide0055) [C:\UserWorx\VSWorx\ServoStudio\wpfui-servoStudio\samples\Wpf.Ui.servoStudio\servoStudio_wjhet5xd_wpftmp.csproj]
C:\UserWorx\VSWorx\ServoStudio\wpfui-servoStudio\samples\Wpf.Ui.servoStudio\Views\Pages\MotionPages\MotionProfilePage.xaml.cs(258,22): warning IDE0055: 淇鏍煎紡 (https://learn.microsoft.com/dotnet/fundamentals/code-analysis/style-rules/ide0055) [C:\UserWorx\VSWorx\ServoStudio\wpfui-servoStudio\samples\Wpf.Ui.servoStudio\servoStudio_wjhet5xd_wpftmp.csproj]
C:\UserWorx\VSWorx\ServoStudio\wpfui-servoStudio\samples\Wpf.Ui.servoStudio\Views\Pages\MotionPages\MotionProfilePage.xaml.cs(259,22): warning IDE0055: 淇鏍煎紡 (https://learn.microsoft.com/dotnet/fundamentals/code-analysis/style-rules/ide0055) [C:\UserWorx\VSWorx\ServoStudio\wpfui-servoStudio\samples\Wpf.Ui.servoStudio\servoStudio_wjhet5xd_wpftmp.csproj]
C:\UserWorx\VSWorx\ServoStudio\wpfui-servoStudio\samples\Wpf.Ui.servoStudio\Views\Pages\MotionPages\MotionProfilePage.xaml.cs(262,35): warning IDE0055: 淇鏍煎紡 (https://learn.microsoft.com/dotnet/fundamentals/code-analysis/style-rules/ide0055) [C:\UserWorx\VSWorx\ServoStudio\wpfui-servoStudio\samples\Wpf.Ui.servoStudio\servoStudio_wjhet5xd_wpftmp.csproj]
C:\UserWorx\VSWorx\ServoStudio\wpfui-servoStudio\samples\Wpf.Ui.servoStudio\Views\Pages\MotionPages\MotionProfilePage.xaml.cs(262,52): warning IDE0055: 淇鏍煎紡 (https://learn.microsoft.com/dotnet/fundamentals/code-analysis/style-rules/ide0055) [C:\UserWorx\VSWorx\ServoStudio\wpfui-servoStudio\samples\Wpf.Ui.servoStudio\servoStudio_wjhet5xd_wpftmp.csproj]
C:\UserWorx\VSWorx\ServoStudio\wpfui-servoStudio\samples\Wpf.Ui.servoStudio\Views\Pages\MotionPages\MotionProfilePage.xaml.cs(286,19): warning IDE0055: 淇鏍煎紡 (https://learn.microsoft.com/dotnet/fundamentals/code-analysis/style-rules/ide0055) [C:\UserWorx\VSWorx\ServoStudio\wpfui-servoStudio\samples\Wpf.Ui.servoStudio\servoStudio_wjhet5xd_wpftmp.csproj]
C:\UserWorx\VSWorx\ServoStudio\wpfui-servoStudio\samples\Wpf.Ui.servoStudio\Views\Pages\MotionPages\MotionProfilePage.xaml.cs(290,21): warning IDE0055: 淇鏍煎紡 (https://learn.microsoft.com/dotnet/fundamentals/code-analysis/style-rules/ide0055) [C:\UserWorx\VSWorx\ServoStudio\wpfui-servoStudio\samples\Wpf.Ui.servoStudio\servoStudio_wjhet5xd_wpftmp.csproj]
C:\UserWorx\VSWorx\ServoStudio\wpfui-servoStudio\samples\Wpf.Ui.servoStudio\Views\Pages\MotionPages\MotionProfilePage.xaml.cs(291,25): warning IDE0055: 淇鏍煎紡 (https://learn.microsoft.com/dotnet/fundamentals/code-analysis/style-rules/ide0055) [C:\UserWorx\VSWorx\ServoStudio\wpfui-servoStudio\samples\Wpf.Ui.servoStudio\servoStudio_wjhet5xd_wpftmp.csproj]
C:\UserWorx\VSWorx\ServoStudio\wpfui-servoStudio\samples\Wpf.Ui.servoStudio\Views\Pages\MotionPages\MotionProfilePage.xaml.cs(47,31): warning IDE2003: 鍧椾笌鍚庣画璇彞涔嬮棿闇€瑕佹湁绌虹櫧琛?(https://learn.microsoft.com/dotnet/fundamentals/code-analysis/style-rules/ide2003) [C:\UserWorx\VSWorx\ServoStudio\wpfui-servoStudio\samples\Wpf.Ui.servoStudio\servoStudio_wjhet5xd_wpftmp.csproj]
C:\UserWorx\VSWorx\ServoStudio\wpfui-servoStudio\samples\Wpf.Ui.servoStudio\Views\Pages\MotionPages\MotionProfilePage.xaml.cs(106,9): warning IDE2003: 鍧椾笌鍚庣画璇彞涔嬮棿闇€瑕佹湁绌虹櫧琛?(https://learn.microsoft.com/dotnet/fundamentals/code-analysis/style-rules/ide2003) [C:\UserWorx\VSWorx\ServoStudio\wpfui-servoStudio\samples\Wpf.Ui.servoStudio\servoStudio_wjhet5xd_wpftmp.csproj]
C:\UserWorx\VSWorx\ServoStudio\wpfui-servoStudio\samples\Wpf.Ui.servoStudio\Views\Pages\MotionPages\MotionProfilePage.xaml.cs(243,9): warning IDE2003: 鍧椾笌鍚庣画璇彞涔嬮棿闇€瑕佹湁绌虹櫧琛?(https://learn.microsoft.com/dotnet/fundamentals/code-analysis/style-rules/ide2003) [C:\UserWorx\VSWorx\ServoStudio\wpfui-servoStudio\samples\Wpf.Ui.servoStudio\servoStudio_wjhet5xd_wpftmp.csproj]
C:\UserWorx\VSWorx\ServoStudio\wpfui-servoStudio\samples\Wpf.Ui.servoStudio\Views\Pages\MotionPages\MotionProfilePage.xaml.cs(278,13): warning IDE2003: 鍧椾笌鍚庣画璇彞涔嬮棿闇€瑕佹湁绌虹櫧琛?(https://learn.microsoft.com/dotnet/fundamentals/code-analysis/style-rules/ide2003) [C:\UserWorx\VSWorx\ServoStudio\wpfui-servoStudio\samples\Wpf.Ui.servoStudio\servoStudio_wjhet5xd_wpftmp.csproj]
C:\UserWorx\VSWorx\ServoStudio\wpfui-servoStudio\samples\Wpf.Ui.servoStudio\Views\Pages\MotionPages\MotionTypePage.xaml.cs(16,41): warning IDE0055: 淇鏍煎紡 (https://learn.microsoft.com/dotnet/fundamentals/code-analysis/style-rules/ide0055) [C:\UserWorx\VSWorx\ServoStudio\wpfui-servoStudio\samples\Wpf.Ui.servoStudio\servoStudio_wjhet5xd_wpftmp.csproj]
C:\UserWorx\VSWorx\ServoStudio\wpfui-servoStudio\samples\Wpf.Ui.servoStudio\Views\Pages\MotionPages\MotionTypePage.xaml.cs(16,43): warning IDE0055: 淇鏍煎紡 (https://learn.microsoft.com/dotnet/fundamentals/code-analysis/style-rules/ide0055) [C:\UserWorx\VSWorx\ServoStudio\wpfui-servoStudio\samples\Wpf.Ui.servoStudio\servoStudio_wjhet5xd_wpftmp.csproj]
C:\UserWorx\VSWorx\ServoStudio\wpfui-servoStudio\samples\Wpf.Ui.servoStudio\Views\Pages\MotionPages\MotionTypePage.xaml.cs(16,48): warning IDE0055: 淇鏍煎紡 (https://learn.microsoft.com/dotnet/fundamentals/code-analysis/style-rules/ide0055) [C:\UserWorx\VSWorx\ServoStudio\wpfui-servoStudio\samples\Wpf.Ui.servoStudio\servoStudio_wjhet5xd_wpftmp.csproj]
C:\UserWorx\VSWorx\ServoStudio\wpfui-servoStudio\samples\Wpf.Ui.servoStudio\Views\Pages\MotionPages\MultiStepProfilePage.xaml.cs(13,47): warning IDE0055: 淇鏍煎紡 (https://learn.microsoft.com/dotnet/fundamentals/code-analysis/style-rules/ide0055) [C:\UserWorx\VSWorx\ServoStudio\wpfui-servoStudio\samples\Wpf.Ui.servoStudio\servoStudio_wjhet5xd_wpftmp.csproj]
C:\UserWorx\VSWorx\ServoStudio\wpfui-servoStudio\samples\Wpf.Ui.servoStudio\Views\Pages\MotionPages\MultiStepProfilePage.xaml.cs(13,49): warning IDE0055: 淇鏍煎紡 (https://learn.microsoft.com/dotnet/fundamentals/code-analysis/style-rules/ide0055) [C:\UserWorx\VSWorx\ServoStudio\wpfui-servoStudio\samples\Wpf.Ui.servoStudio\servoStudio_wjhet5xd_wpftmp.csproj]
C:\UserWorx\VSWorx\ServoStudio\wpfui-servoStudio\samples\Wpf.Ui.servoStudio\Views\Pages\MotionPages\MultiStepProfilePage.xaml.cs(13,54): warning IDE0055: 淇鏍煎紡 (https://learn.microsoft.com/dotnet/fundamentals/code-analysis/style-rules/ide0055) [C:\UserWorx\VSWorx\ServoStudio\wpfui-servoStudio\samples\Wpf.Ui.servoStudio\servoStudio_wjhet5xd_wpftmp.csproj]
C:\UserWorx\VSWorx\ServoStudio\wpfui-servoStudio\samples\Wpf.Ui.servoStudio\Views\Pages\SettingsPage.xaml.cs(15,50): warning IDE0055: 淇鏍煎紡 (https://learn.microsoft.com/dotnet/fundamentals/code-analysis/style-rules/ide0055) [C:\UserWorx\VSWorx\ServoStudio\wpfui-servoStudio\samples\Wpf.Ui.servoStudio\servoStudio_wjhet5xd_wpftmp.csproj]
C:\UserWorx\VSWorx\ServoStudio\wpfui-servoStudio\samples\Wpf.Ui.servoStudio\Views\Pages\SettingsPage.xaml.cs(15,52): warning IDE0055: 淇鏍煎紡 (https://learn.microsoft.com/dotnet/fundamentals/code-analysis/style-rules/ide0055) [C:\UserWorx\VSWorx\ServoStudio\wpfui-servoStudio\samples\Wpf.Ui.servoStudio\servoStudio_wjhet5xd_wpftmp.csproj]
C:\UserWorx\VSWorx\ServoStudio\wpfui-servoStudio\samples\Wpf.Ui.servoStudio\Views\Pages\SettingsPage.xaml.cs(15,57): warning IDE0055: 淇鏍煎紡 (https://learn.microsoft.com/dotnet/fundamentals/code-analysis/style-rules/ide0055) [C:\UserWorx\VSWorx\ServoStudio\wpfui-servoStudio\samples\Wpf.Ui.servoStudio\servoStudio_wjhet5xd_wpftmp.csproj]
C:\UserWorx\VSWorx\ServoStudio\wpfui-servoStudio\samples\Wpf.Ui.servoStudio\Views\Pages\TuningPages\AdvancedTuningPage.xaml.cs(13,45): warning IDE0055: 淇鏍煎紡 (https://learn.microsoft.com/dotnet/fundamentals/code-analysis/style-rules/ide0055) [C:\UserWorx\VSWorx\ServoStudio\wpfui-servoStudio\samples\Wpf.Ui.servoStudio\servoStudio_wjhet5xd_wpftmp.csproj]
C:\UserWorx\VSWorx\ServoStudio\wpfui-servoStudio\samples\Wpf.Ui.servoStudio\Views\Pages\TuningPages\AdvancedTuningPage.xaml.cs(13,47): warning IDE0055: 淇鏍煎紡 (https://learn.microsoft.com/dotnet/fundamentals/code-analysis/style-rules/ide0055) [C:\UserWorx\VSWorx\ServoStudio\wpfui-servoStudio\samples\Wpf.Ui.servoStudio\servoStudio_wjhet5xd_wpftmp.csproj]
C:\UserWorx\VSWorx\ServoStudio\wpfui-servoStudio\samples\Wpf.Ui.servoStudio\Views\Pages\TuningPages\AdvancedTuningPage.xaml.cs(13,52): warning IDE0055: 淇鏍煎紡 (https://learn.microsoft.com/dotnet/fundamentals/code-analysis/style-rules/ide0055) [C:\UserWorx\VSWorx\ServoStudio\wpfui-servoStudio\samples\Wpf.Ui.servoStudio\servoStudio_wjhet5xd_wpftmp.csproj]
C:\UserWorx\VSWorx\ServoStudio\wpfui-servoStudio\samples\Wpf.Ui.servoStudio\Views\Pages\TuningPages\MotorIdentificationPage.xaml.cs(13,50): warning IDE0055: 淇鏍煎紡 (https://learn.microsoft.com/dotnet/fundamentals/code-analysis/style-rules/ide0055) [C:\UserWorx\VSWorx\ServoStudio\wpfui-servoStudio\samples\Wpf.Ui.servoStudio\servoStudio_wjhet5xd_wpftmp.csproj]
C:\UserWorx\VSWorx\ServoStudio\wpfui-servoStudio\samples\Wpf.Ui.servoStudio\Views\Pages\TuningPages\MotorIdentificationPage.xaml.cs(13,52): warning IDE0055: 淇鏍煎紡 (https://learn.microsoft.com/dotnet/fundamentals/code-analysis/style-rules/ide0055) [C:\UserWorx\VSWorx\ServoStudio\wpfui-servoStudio\samples\Wpf.Ui.servoStudio\servoStudio_wjhet5xd_wpftmp.csproj]
C:\UserWorx\VSWorx\ServoStudio\wpfui-servoStudio\samples\Wpf.Ui.servoStudio\Views\Pages\TuningPages\MotorIdentificationPage.xaml.cs(13,57): warning IDE0055: 淇鏍煎紡 (https://learn.microsoft.com/dotnet/fundamentals/code-analysis/style-rules/ide0055) [C:\UserWorx\VSWorx\ServoStudio\wpfui-servoStudio\samples\Wpf.Ui.servoStudio\servoStudio_wjhet5xd_wpftmp.csproj]
C:\UserWorx\VSWorx\ServoStudio\wpfui-servoStudio\samples\Wpf.Ui.servoStudio\Models\FactoryParameters.cs(134,47): warning CS0108: 鈥淔actoryParameters.PropertyChanged鈥濋殣钘忕户鎵跨殑鎴愬憳鈥淥bservableObject.PropertyChanged鈥濄€傚鏋滄槸鏈夋剰闅愯棌锛岃浣跨敤鍏抽敭瀛?new銆?[C:\UserWorx\VSWorx\ServoStudio\wpfui-servoStudio\samples\Wpf.Ui.servoStudio\servoStudio.csproj]
C:\UserWorx\VSWorx\ServoStudio\wpfui-servoStudio\samples\Wpf.Ui.servoStudio\Models\ControlModeParameters.cs(106,47): warning CS0108: 鈥淐ontrolModeParameters.PropertyChanged鈥濋殣钘忕户鎵跨殑鎴愬憳鈥淥bservableObject.PropertyChanged鈥濄€傚鏋滄槸鏈夋剰闅愯棌锛岃浣跨敤鍏抽敭瀛?new銆?[C:\UserWorx\VSWorx\ServoStudio\wpfui-servoStudio\samples\Wpf.Ui.servoStudio\servoStudio.csproj]
C:\UserWorx\VSWorx\ServoStudio\wpfui-servoStudio\samples\Wpf.Ui.servoStudio\Models\Utils.cs(18,30): warning CS8622: 鈥渧oid TrulyObservableCollection<T>.TrulyObservableCollection_CollectionChanged(object sender, NotifyCollectionChangedEventArgs e)鈥濈殑鍙傛暟鈥渟ender鈥濈被鍨嬩腑寮曠敤绫诲瀷鐨勪负 Null 鎬т笌鐩爣濮旀墭鈥淣otifyCollectionChangedEventHandler鈥濅笉鍖归厤(鍙兘鏄敱浜庝负 Null 鎬х壒鎬?銆?[C:\UserWorx\VSWorx\ServoStudio\wpfui-servoStudio\samples\Wpf.Ui.servoStudio\servoStudio.csproj]
C:\UserWorx\VSWorx\ServoStudio\wpfui-servoStudio\samples\Wpf.Ui.servoStudio\Models\Utils.cs(27,18): warning CS8602: 瑙ｅ紩鐢ㄥ彲鑳藉嚭鐜扮┖寮曠敤銆?[C:\UserWorx\VSWorx\ServoStudio\wpfui-servoStudio\samples\Wpf.Ui.servoStudio\servoStudio.csproj]
C:\UserWorx\VSWorx\ServoStudio\wpfui-servoStudio\samples\Wpf.Ui.servoStudio\Models\Utils.cs(27,69): warning CS8622: 鈥渧oid TrulyObservableCollection<T>.item_PropertyChanged(object sender, PropertyChangedEventArgs e)鈥濈殑鍙傛暟鈥渟ender鈥濈被鍨嬩腑寮曠敤绫诲瀷鐨勪负 Null 鎬т笌鐩爣濮旀墭鈥淧ropertyChangedEventHandler鈥濅笉鍖归厤(鍙兘鏄敱浜庝负 Null 鎬х壒鎬?銆?[C:\UserWorx\VSWorx\ServoStudio\wpfui-servoStudio\samples\Wpf.Ui.servoStudio\servoStudio.csproj]
C:\UserWorx\VSWorx\ServoStudio\wpfui-servoStudio\samples\Wpf.Ui.servoStudio\Models\Utils.cs(35,18): warning CS8602: 瑙ｅ紩鐢ㄥ彲鑳藉嚭鐜扮┖寮曠敤銆?[C:\UserWorx\VSWorx\ServoStudio\wpfui-servoStudio\samples\Wpf.Ui.servoStudio\servoStudio.csproj]
C:\UserWorx\VSWorx\ServoStudio\wpfui-servoStudio\samples\Wpf.Ui.servoStudio\Models\Utils.cs(35,69): warning CS8622: 鈥渧oid TrulyObservableCollection<T>.item_PropertyChanged(object sender, PropertyChangedEventArgs e)鈥濈殑鍙傛暟鈥渟ender鈥濈被鍨嬩腑寮曠敤绫诲瀷鐨勪负 Null 鎬т笌鐩爣濮旀墭鈥淧ropertyChangedEventHandler鈥濅笉鍖归厤(鍙兘鏄敱浜庝负 Null 鎬х壒鎬?銆?[C:\UserWorx\VSWorx\ServoStudio\wpfui-servoStudio\samples\Wpf.Ui.servoStudio\servoStudio.csproj]
C:\UserWorx\VSWorx\ServoStudio\wpfui-servoStudio\samples\Wpf.Ui.servoStudio\Models\SerialPorts.cs(76,19): warning CS8618: 鍦ㄩ€€鍑烘瀯閫犲嚱鏁版椂锛屼笉鍙负 null 鐨?瀛楁 "headReceiveData" 蹇呴』鍖呭惈闈?null 鍊笺€傝鑰冭檻娣诲姞 "required" 淇グ绗︽垨灏嗚 瀛楁 澹版槑涓哄彲涓?null銆?[C:\UserWorx\VSWorx\ServoStudio\wpfui-servoStudio\samples\Wpf.Ui.servoStudio\servoStudio.csproj]
C:\UserWorx\VSWorx\ServoStudio\wpfui-servoStudio\samples\Wpf.Ui.servoStudio\Models\SerialPorts.cs(77,19): warning CS8618: 鍦ㄩ€€鍑烘瀯閫犲嚱鏁版椂锛屼笉鍙负 null 鐨?瀛楁 "bufferReceiveData" 蹇呴』鍖呭惈闈?null 鍊笺€傝鑰冭檻娣诲姞 "required" 淇グ绗︽垨灏嗚 瀛楁 澹版槑涓哄彲涓?null銆?[C:\UserWorx\VSWorx\ServoStudio\wpfui-servoStudio\samples\Wpf.Ui.servoStudio\servoStudio.csproj]
C:\UserWorx\VSWorx\ServoStudio\wpfui-servoStudio\samples\Wpf.Ui.servoStudio\Models\SerialPorts.cs(70,20): warning CS8618: 鍦ㄩ€€鍑烘瀯閫犲嚱鏁版椂锛屼笉鍙负 null 鐨?瀛楁 "bufferTransmitData" 蹇呴』鍖呭惈闈?null 鍊笺€傝鑰冭檻娣诲姞 "required" 淇グ绗︽垨灏嗚 瀛楁 澹版槑涓哄彲涓?null銆?[C:\UserWorx\VSWorx\ServoStudio\wpfui-servoStudio\samples\Wpf.Ui.servoStudio\servoStudio.csproj]
C:\UserWorx\VSWorx\ServoStudio\wpfui-servoStudio\samples\Wpf.Ui.servoStudio\Models\ModbusRegister.cs(10,22): warning CS8618: 鍦ㄩ€€鍑烘瀯閫犲嚱鏁版椂锛屼笉鍙负 null 鐨?灞炴€?"H00" 蹇呴』鍖呭惈闈?null 鍊笺€傝鑰冭檻娣诲姞 "required" 淇グ绗︽垨灏嗚 灞炴€?澹版槑涓哄彲涓?null銆?[C:\UserWorx\VSWorx\ServoStudio\wpfui-servoStudio\samples\Wpf.Ui.servoStudio\servoStudio.csproj]
C:\UserWorx\VSWorx\ServoStudio\wpfui-servoStudio\samples\Wpf.Ui.servoStudio\Models\ModbusRegister.cs(11,22): warning CS8618: 鍦ㄩ€€鍑烘瀯閫犲嚱鏁版椂锛屼笉鍙负 null 鐨?灞炴€?"H01" 蹇呴』鍖呭惈闈?null 鍊笺€傝鑰冭檻娣诲姞 "required" 淇グ绗︽垨灏嗚 灞炴€?澹版槑涓哄彲涓?null銆?[C:\UserWorx\VSWorx\ServoStudio\wpfui-servoStudio\samples\Wpf.Ui.servoStudio\servoStudio.csproj]
C:\UserWorx\VSWorx\ServoStudio\wpfui-servoStudio\samples\Wpf.Ui.servoStudio\Models\ModbusRegister.cs(12,22): warning CS8618: 鍦ㄩ€€鍑烘瀯閫犲嚱鏁版椂锛屼笉鍙负 null 鐨?灞炴€?"H02" 蹇呴』鍖呭惈闈?null 鍊笺€傝鑰冭檻娣诲姞 "required" 淇グ绗︽垨灏嗚 灞炴€?澹版槑涓哄彲涓?null銆?[C:\UserWorx\VSWorx\ServoStudio\wpfui-servoStudio\samples\Wpf.Ui.servoStudio\servoStudio.csproj]
C:\UserWorx\VSWorx\ServoStudio\wpfui-servoStudio\samples\Wpf.Ui.servoStudio\Models\ModbusRegister.cs(13,22): warning CS8618: 鍦ㄩ€€鍑烘瀯閫犲嚱鏁版椂锛屼笉鍙负 null 鐨?灞炴€?"H03" 蹇呴』鍖呭惈闈?null 鍊笺€傝鑰冭檻娣诲姞 "required" 淇グ绗︽垨灏嗚 灞炴€?澹版槑涓哄彲涓?null銆?[C:\UserWorx\VSWorx\ServoStudio\wpfui-servoStudio\samples\Wpf.Ui.servoStudio\servoStudio.csproj]
C:\UserWorx\VSWorx\ServoStudio\wpfui-servoStudio\samples\Wpf.Ui.servoStudio\Models\ModbusRegister.cs(14,22): warning CS8618: 鍦ㄩ€€鍑烘瀯閫犲嚱鏁版椂锛屼笉鍙负 null 鐨?灞炴€?"H04" 蹇呴』鍖呭惈闈?null 鍊笺€傝鑰冭檻娣诲姞 "required" 淇グ绗︽垨灏嗚 灞炴€?澹版槑涓哄彲涓?null銆?[C:\UserWorx\VSWorx\ServoStudio\wpfui-servoStudio\samples\Wpf.Ui.servoStudio\servoStudio.csproj]
C:\UserWorx\VSWorx\ServoStudio\wpfui-servoStudio\samples\Wpf.Ui.servoStudio\Models\ModbusRegister.cs(15,22): warning CS8618: 鍦ㄩ€€鍑烘瀯閫犲嚱鏁版椂锛屼笉鍙负 null 鐨?灞炴€?"H05" 蹇呴』鍖呭惈闈?null 鍊笺€傝鑰冭檻娣诲姞 "required" 淇グ绗︽垨灏嗚 灞炴€?澹版槑涓哄彲涓?null銆?[C:\UserWorx\VSWorx\ServoStudio\wpfui-servoStudio\samples\Wpf.Ui.servoStudio\servoStudio.csproj]
C:\UserWorx\VSWorx\ServoStudio\wpfui-servoStudio\samples\Wpf.Ui.servoStudio\Models\ModbusRegister.cs(16,22): warning CS8618: 鍦ㄩ€€鍑烘瀯閫犲嚱鏁版椂锛屼笉鍙负 null 鐨?灞炴€?"H06" 蹇呴』鍖呭惈闈?null 鍊笺€傝鑰冭檻娣诲姞 "required" 淇グ绗︽垨灏嗚 灞炴€?澹版槑涓哄彲涓?null銆?[C:\UserWorx\VSWorx\ServoStudio\wpfui-servoStudio\samples\Wpf.Ui.servoStudio\servoStudio.csproj]
C:\UserWorx\VSWorx\ServoStudio\wpfui-servoStudio\samples\Wpf.Ui.servoStudio\Models\ModbusRegister.cs(17,22): warning CS8618: 鍦ㄩ€€鍑烘瀯閫犲嚱鏁版椂锛屼笉鍙负 null 鐨?灞炴€?"H07" 蹇呴』鍖呭惈闈?null 鍊笺€傝鑰冭檻娣诲姞 "required" 淇グ绗︽垨灏嗚 灞炴€?澹版槑涓哄彲涓?null銆?[C:\UserWorx\VSWorx\ServoStudio\wpfui-servoStudio\samples\Wpf.Ui.servoStudio\servoStudio.csproj]
C:\UserWorx\VSWorx\ServoStudio\wpfui-servoStudio\samples\Wpf.Ui.servoStudio\Models\ModbusRegister.cs(18,22): warning CS8618: 鍦ㄩ€€鍑烘瀯閫犲嚱鏁版椂锛屼笉鍙负 null 鐨?灞炴€?"H08" 蹇呴』鍖呭惈闈?null 鍊笺€傝鑰冭檻娣诲姞 "required" 淇グ绗︽垨灏嗚 灞炴€?澹版槑涓哄彲涓?null銆?[C:\UserWorx\VSWorx\ServoStudio\wpfui-servoStudio\samples\Wpf.Ui.servoStudio\servoStudio.csproj]
C:\UserWorx\VSWorx\ServoStudio\wpfui-servoStudio\samples\Wpf.Ui.servoStudio\Models\ModbusRegister.cs(19,22): warning CS8618: 鍦ㄩ€€鍑烘瀯閫犲嚱鏁版椂锛屼笉鍙负 null 鐨?灞炴€?"H09" 蹇呴』鍖呭惈闈?null 鍊笺€傝鑰冭檻娣诲姞 "required" 淇グ绗︽垨灏嗚 灞炴€?澹版槑涓哄彲涓?null銆?[C:\UserWorx\VSWorx\ServoStudio\wpfui-servoStudio\samples\Wpf.Ui.servoStudio\servoStudio.csproj]
C:\UserWorx\VSWorx\ServoStudio\wpfui-servoStudio\samples\Wpf.Ui.servoStudio\Models\ModbusRegister.cs(20,22): warning CS8618: 鍦ㄩ€€鍑烘瀯閫犲嚱鏁版椂锛屼笉鍙负 null 鐨?灞炴€?"H0A" 蹇呴』鍖呭惈闈?null 鍊笺€傝鑰冭檻娣诲姞 "required" 淇グ绗︽垨灏嗚 灞炴€?澹版槑涓哄彲涓?null銆?[C:\UserWorx\VSWorx\ServoStudio\wpfui-servoStudio\samples\Wpf.Ui.servoStudio\servoStudio.csproj]
C:\UserWorx\VSWorx\ServoStudio\wpfui-servoStudio\samples\Wpf.Ui.servoStudio\Models\ModbusRegister.cs(21,22): warning CS8618: 鍦ㄩ€€鍑烘瀯閫犲嚱鏁版椂锛屼笉鍙负 null 鐨?灞炴€?"H0B" 蹇呴』鍖呭惈闈?null 鍊笺€傝鑰冭檻娣诲姞 "required" 淇グ绗︽垨灏嗚 灞炴€?澹版槑涓哄彲涓?null銆?[C:\UserWorx\VSWorx\ServoStudio\wpfui-servoStudio\samples\Wpf.Ui.servoStudio\servoStudio.csproj]
C:\UserWorx\VSWorx\ServoStudio\wpfui-servoStudio\samples\Wpf.Ui.servoStudio\Models\ModbusRegister.cs(22,22): warning CS8618: 鍦ㄩ€€鍑烘瀯閫犲嚱鏁版椂锛屼笉鍙负 null 鐨?灞炴€?"H0C" 蹇呴』鍖呭惈闈?null 鍊笺€傝鑰冭檻娣诲姞 "required" 淇グ绗︽垨灏嗚 灞炴€?澹版槑涓哄彲涓?null銆?[C:\UserWorx\VSWorx\ServoStudio\wpfui-servoStudio\samples\Wpf.Ui.servoStudio\servoStudio.csproj]
C:\UserWorx\VSWorx\ServoStudio\wpfui-servoStudio\samples\Wpf.Ui.servoStudio\Models\ModbusRegister.cs(23,22): warning CS8618: 鍦ㄩ€€鍑烘瀯閫犲嚱鏁版椂锛屼笉鍙负 null 鐨?灞炴€?"H0D" 蹇呴』鍖呭惈闈?null 鍊笺€傝鑰冭檻娣诲姞 "required" 淇グ绗︽垨灏嗚 灞炴€?澹版槑涓哄彲涓?null銆?[C:\UserWorx\VSWorx\ServoStudio\wpfui-servoStudio\samples\Wpf.Ui.servoStudio\servoStudio.csproj]
C:\UserWorx\VSWorx\ServoStudio\wpfui-servoStudio\samples\Wpf.Ui.servoStudio\Models\FactoryParameters.cs(78,39): warning CS8604: 鈥渋nt int.Parse(string s)鈥濅腑鐨勫舰鍙傗€渟鈥濆彲鑳戒紶鍏?null 寮曠敤瀹炲弬銆?[C:\UserWorx\VSWorx\ServoStudio\wpfui-servoStudio\samples\Wpf.Ui.servoStudio\servoStudio.csproj]
C:\UserWorx\VSWorx\ServoStudio\wpfui-servoStudio\samples\Wpf.Ui.servoStudio\Models\FactoryParameters.cs(78,71): warning CS8604: 鈥渋nt int.Parse(string s)鈥濅腑鐨勫舰鍙傗€渟鈥濆彲鑳戒紶鍏?null 寮曠敤瀹炲弬銆?[C:\UserWorx\VSWorx\ServoStudio\wpfui-servoStudio\samples\Wpf.Ui.servoStudio\servoStudio.csproj]
C:\UserWorx\VSWorx\ServoStudio\wpfui-servoStudio\samples\Wpf.Ui.servoStudio\Models\ControlModeParameters.cs(63,39): warning CS8604: 鈥渋nt int.Parse(string s)鈥濅腑鐨勫舰鍙傗€渟鈥濆彲鑳戒紶鍏?null 寮曠敤瀹炲弬銆?[C:\UserWorx\VSWorx\ServoStudio\wpfui-servoStudio\samples\Wpf.Ui.servoStudio\servoStudio.csproj]
C:\UserWorx\VSWorx\ServoStudio\wpfui-servoStudio\samples\Wpf.Ui.servoStudio\Models\ControlModeParameters.cs(63,71): warning CS8604: 鈥渋nt int.Parse(string s)鈥濅腑鐨勫舰鍙傗€渟鈥濆彲鑳戒紶鍏?null 寮曠敤瀹炲弬銆?[C:\UserWorx\VSWorx\ServoStudio\wpfui-servoStudio\samples\Wpf.Ui.servoStudio\servoStudio.csproj]
C:\UserWorx\VSWorx\ServoStudio\wpfui-servoStudio\samples\Wpf.Ui.servoStudio\ViewModels\SerialPort\ComParameter.cs(21,47): warning CS8618: 鍦ㄩ€€鍑烘瀯閫犲嚱鏁版椂锛屼笉鍙负 null 鐨?瀛楁 "_portsCollection" 蹇呴』鍖呭惈闈?null 鍊笺€傝鑰冭檻娣诲姞 "required" 淇グ绗︽垨灏嗚 瀛楁 澹版槑涓哄彲涓?null銆?[C:\UserWorx\VSWorx\ServoStudio\wpfui-servoStudio\samples\Wpf.Ui.servoStudio\servoStudio.csproj]
C:\UserWorx\VSWorx\ServoStudio\wpfui-servoStudio\samples\Wpf.Ui.servoStudio\ViewModels\DeviceSet\StartViewModel.cs(26,34): warning CS8618: 鍦ㄩ€€鍑烘瀯閫犲嚱鏁版椂锛屼笉鍙负 null 鐨?瀛楁 "DialogResult" 蹇呴』鍖呭惈闈?null 鍊笺€傝鑰冭檻娣诲姞 "required" 淇グ绗︽垨灏嗚 瀛楁 澹版槑涓哄彲涓?null銆?[C:\UserWorx\VSWorx\ServoStudio\wpfui-servoStudio\samples\Wpf.Ui.servoStudio\servoStudio.csproj]
C:\UserWorx\VSWorx\ServoStudio\wpfui-servoStudio\samples\Wpf.Ui.servoStudio\ViewModels\DeviceSet\StartViewModel.cs(17,27): warning CS9113: 鍙傛暟鈥渃ontentDialogService鈥濇湭璇汇€?[C:\UserWorx\VSWorx\ServoStudio\wpfui-servoStudio\samples\Wpf.Ui.servoStudio\servoStudio.csproj]
C:\UserWorx\VSWorx\ServoStudio\wpfui-servoStudio\samples\Wpf.Ui.servoStudio\ViewModels\DeviceSet\DeviceAddViewModel.cs(47,20): warning CS8618: 鍦ㄩ€€鍑烘瀯閫犲嚱鏁版椂锛屼笉鍙负 null 鐨?瀛楁 "slaveState" 蹇呴』鍖呭惈闈?null 鍊笺€傝鑰冭檻娣诲姞 "required" 淇グ绗︽垨灏嗚 瀛楁 澹版槑涓哄彲涓?null銆?[C:\UserWorx\VSWorx\ServoStudio\wpfui-servoStudio\samples\Wpf.Ui.servoStudio\servoStudio.csproj]
C:\UserWorx\VSWorx\ServoStudio\wpfui-servoStudio\samples\Wpf.Ui.servoStudio\ViewModels\DeviceSet\DeviceAddViewModel.cs(48,22): warning CS8618: 鍦ㄩ€€鍑烘瀯閫犲嚱鏁版椂锛屼笉鍙负 null 鐨?瀛楁 "_portNamesOld" 蹇呴』鍖呭惈闈?null 鍊笺€傝鑰冭檻娣诲姞 "required" 淇グ绗︽垨灏嗚 瀛楁 澹版槑涓哄彲涓?null銆?[C:\UserWorx\VSWorx\ServoStudio\wpfui-servoStudio\samples\Wpf.Ui.servoStudio\servoStudio.csproj]
C:\UserWorx\VSWorx\ServoStudio\wpfui-servoStudio\samples\Wpf.Ui.servoStudio\ViewModels\DeviceSet\DeviceAddViewModel.cs(43,63): warning CS9113: 鍙傛暟鈥渃ontentDialogService鈥濇湭璇汇€?[C:\UserWorx\VSWorx\ServoStudio\wpfui-servoStudio\samples\Wpf.Ui.servoStudio\servoStudio.csproj]
C:\UserWorx\VSWorx\ServoStudio\wpfui-servoStudio\samples\Wpf.Ui.servoStudio\ViewModels\DeviceSet\DeviceAddViewModel.cs(43,104): warning CS9113: 鍙傛暟鈥渘avigationService鈥濇湭璇汇€?[C:\UserWorx\VSWorx\ServoStudio\wpfui-servoStudio\samples\Wpf.Ui.servoStudio\servoStudio.csproj]
C:\UserWorx\VSWorx\ServoStudio\wpfui-servoStudio\samples\Wpf.Ui.servoStudio\ViewModels\DeviceSet\DeviceAddViewModel.cs(2225,69): warning CS8622: 鈥渧oid DeviceAddViewModel.timerAutoSearch_Tick(object state)鈥濈殑鍙傛暟鈥渟tate鈥濈被鍨嬩腑寮曠敤绫诲瀷鐨勪负 Null 鎬т笌鐩爣濮旀墭鈥淭imerCallback鈥濅笉鍖归厤(鍙兘鏄敱浜庝负 Null 鎬х壒鎬?銆?[C:\UserWorx\VSWorx\ServoStudio\wpfui-servoStudio\samples\Wpf.Ui.servoStudio\servoStudio.csproj]
C:\UserWorx\VSWorx\ServoStudio\wpfui-servoStudio\samples\Wpf.Ui.servoStudio\ViewModels\DeviceSet\DeviceAddViewModel.cs(45,43): warning CS8618: 鍦ㄩ€€鍑烘瀯閫犲嚱鏁版椂锛屼笉鍙负 null 鐨?瀛楁 "portSearcher" 蹇呴』鍖呭惈闈?null 鍊笺€傝鑰冭檻娣诲姞 "required" 淇グ绗︽垨灏嗚 瀛楁 澹版槑涓哄彲涓?null銆?[C:\UserWorx\VSWorx\ServoStudio\wpfui-servoStudio\samples\Wpf.Ui.servoStudio\servoStudio.csproj]
C:\UserWorx\VSWorx\ServoStudio\wpfui-servoStudio\samples\Wpf.Ui.servoStudio\ViewModels\DeviceSet\DeviceAddViewModel.cs(46,43): warning CS8618: 鍦ㄩ€€鍑烘瀯閫犲嚱鏁版椂锛屼笉鍙负 null 鐨?瀛楁 "timer10ms" 蹇呴』鍖呭惈闈?null 鍊笺€傝鑰冭檻娣诲姞 "required" 淇グ绗︽垨灏嗚 瀛楁 澹版槑涓哄彲涓?null銆?[C:\UserWorx\VSWorx\ServoStudio\wpfui-servoStudio\samples\Wpf.Ui.servoStudio\servoStudio.csproj]
C:\UserWorx\VSWorx\ServoStudio\wpfui-servoStudio\samples\Wpf.Ui.servoStudio\ViewModels\DeviceSet\StartViewModel.cs(26,34): warning CS0169: 浠庝笉浣跨敤瀛楁鈥淪tartViewModel.DialogResult鈥?[C:\UserWorx\VSWorx\ServoStudio\wpfui-servoStudio\samples\Wpf.Ui.servoStudio\servoStudio.csproj]
C:\UserWorx\VSWorx\ServoStudio\wpfui-servoStudio\samples\Wpf.Ui.servoStudio\ViewModels\DeviceSet\DeviceAddViewModel.cs(46,43): warning CS0649: 浠庢湭瀵瑰瓧娈碘€淒eviceAddViewModel.timer10ms鈥濊祴鍊硷紝瀛楁灏嗕竴鐩翠繚鎸佸叾榛樿鍊?null [C:\UserWorx\VSWorx\ServoStudio\wpfui-servoStudio\samples\Wpf.Ui.servoStudio\servoStudio.csproj]
C:\UserWorx\VSWorx\ServoStudio\wpfui-servoStudio\samples\Wpf.Ui.servoStudio\ViewModels\MainWindowViewModel.cs(46,26): warning CS0414: 瀛楁鈥淢ainWindowViewModel.errorConst鈥濆凡琚祴鍊硷紝浣嗕粠鏈娇鐢ㄨ繃瀹冪殑鍊?[C:\UserWorx\VSWorx\ServoStudio\wpfui-servoStudio\samples\Wpf.Ui.servoStudio\servoStudio.csproj]
C:\UserWorx\VSWorx\ServoStudio\wpfui-servoStudio\samples\Wpf.Ui.servoStudio\ViewModels\SerialPort\ComParameter.cs(18,27): warning CS0414: 瀛楁鈥淐omParameter._isInitialized鈥濆凡琚祴鍊硷紝浣嗕粠鏈娇鐢ㄨ繃瀹冪殑鍊?[C:\UserWorx\VSWorx\ServoStudio\wpfui-servoStudio\samples\Wpf.Ui.servoStudio\servoStudio.csproj]
C:\UserWorx\VSWorx\ServoStudio\wpfui-servoStudio\samples\Wpf.Ui.servoStudio\Core\Sync\CyclicTimerFactory.cs(12,22): warning CS1574: XML 娉ㄩ噴涓湁鏈兘瑙ｆ瀽鐨?cref 鐗规€р€淒ispose鈥?[C:\UserWorx\VSWorx\ServoStudio\wpfui-servoStudio\samples\Wpf.Ui.servoStudio\servoStudio.csproj]
C:\UserWorx\VSWorx\ServoStudio\wpfui-servoStudio\samples\Wpf.Ui.servoStudio\Helpers\SoemFoEInterop.cs(221,22): warning CS1572: XML 娉ㄩ噴涓湁鈥渙nProgress鈥濈殑 param 鏍囪锛屼絾鏄病鏈夎鍚嶇О鐨勫弬鏁?[C:\UserWorx\VSWorx\ServoStudio\wpfui-servoStudio\samples\Wpf.Ui.servoStudio\servoStudio.csproj]
C:\UserWorx\VSWorx\ServoStudio\wpfui-servoStudio\samples\Wpf.Ui.servoStudio\Helpers\SoemFoEInterop.cs(230,25): warning CS1573: 鍙傛暟鈥渙nLog鈥濆湪鈥淪oemFoEInterop.ExecuteFoEWrite(string, int, string, byte[], uint, int, Action<string>?)鈥濈殑 XML 娉ㄩ噴涓病鏈夊尮閰嶇殑 param 鏍囪(浣嗗叾浠栧弬鏁版湁) [C:\UserWorx\VSWorx\ServoStudio\wpfui-servoStudio\samples\Wpf.Ui.servoStudio\servoStudio.csproj]
C:\UserWorx\VSWorx\ServoStudio\wpfui-servoStudio\samples\Wpf.Ui.servoStudio\Services\CanNativeResolver.cs(17,16): warning CS1574: XML 娉ㄩ噴涓湁鏈兘瑙ｆ瀽鐨?cref 鐗规€р€淐ontrolCanBus鈥?[C:\UserWorx\VSWorx\ServoStudio\wpfui-servoStudio\samples\Wpf.Ui.servoStudio\servoStudio.csproj]
C:\UserWorx\VSWorx\ServoStudio\wpfui-servoStudio\samples\Wpf.Ui.servoStudio\Services\FirmwareRepositoryService.cs(339,16): warning CS1573: 鍙傛暟鈥渟ourceFilePath鈥濆湪鈥淔irmwareRepositoryService.UploadAsync(string, string, string, string, string, string, string, bool, bool)鈥濈殑 XML 娉ㄩ噴涓病鏈夊尮閰嶇殑 param 鏍囪(浣嗗叾浠栧弬鏁版湁) [C:\UserWorx\VSWorx\ServoStudio\wpfui-servoStudio\samples\Wpf.Ui.servoStudio\servoStudio.csproj]
C:\UserWorx\VSWorx\ServoStudio\wpfui-servoStudio\samples\Wpf.Ui.servoStudio\Services\FirmwareRepositoryService.cs(340,16): warning CS1573: 鍙傛暟鈥渧ersion鈥濆湪鈥淔irmwareRepositoryService.UploadAsync(string, string, string, string, string, string, string, bool, bool)鈥濈殑 XML 娉ㄩ噴涓病鏈夊尮閰嶇殑 param 鏍囪(浣嗗叾浠栧弬鏁版湁) [C:\UserWorx\VSWorx\ServoStudio\wpfui-servoStudio\samples\Wpf.Ui.servoStudio\servoStudio.csproj]
C:\UserWorx\VSWorx\ServoStudio\wpfui-servoStudio\samples\Wpf.Ui.servoStudio\Services\FirmwareRepositoryService.cs(341,16): warning CS1573: 鍙傛暟鈥渘ame鈥濆湪鈥淔irmwareRepositoryService.UploadAsync(string, string, string, string, string, string, string, bool, bool)鈥濈殑 XML 娉ㄩ噴涓病鏈夊尮閰嶇殑 param 鏍囪(浣嗗叾浠栧弬鏁版湁) [C:\UserWorx\VSWorx\ServoStudio\wpfui-servoStudio\samples\Wpf.Ui.servoStudio\servoStudio.csproj]
C:\UserWorx\VSWorx\ServoStudio\wpfui-servoStudio\samples\Wpf.Ui.servoStudio\Services\FirmwareRepositoryService.cs(342,16): warning CS1573: 鍙傛暟鈥渁pplicableHardwareVersion鈥濆湪鈥淔irmwareRepositoryService.UploadAsync(string, string, string, string, string, string, string, bool, bool)鈥濈殑 XML 娉ㄩ噴涓病鏈夊尮閰嶇殑 param 鏍囪(浣嗗叾浠栧弬鏁版湁) [C:\UserWorx\VSWorx\ServoStudio\wpfui-servoStudio\samples\Wpf.Ui.servoStudio\servoStudio.csproj]
C:\UserWorx\VSWorx\ServoStudio\wpfui-servoStudio\samples\Wpf.Ui.servoStudio\Services\FirmwareRepositoryService.cs(343,16): warning CS1573: 鍙傛暟鈥渄escription鈥濆湪鈥淔irmwareRepositoryService.UploadAsync(string, string, string, string, string, string, string, bool, bool)鈥濈殑 XML 娉ㄩ噴涓病鏈夊尮閰嶇殑 param 鏍囪(浣嗗叾浠栧弬鏁版湁) [C:\UserWorx\VSWorx\ServoStudio\wpfui-servoStudio\samples\Wpf.Ui.servoStudio\servoStudio.csproj]
C:\UserWorx\VSWorx\ServoStudio\wpfui-servoStudio\samples\Wpf.Ui.servoStudio\Services\FirmwareRepositoryService.cs(344,16): warning CS1573: 鍙傛暟鈥渟tatus鈥濆湪鈥淔irmwareRepositoryService.UploadAsync(string, string, string, string, string, string, string, bool, bool)鈥濈殑 XML 娉ㄩ噴涓病鏈夊尮閰嶇殑 param 鏍囪(浣嗗叾浠栧弬鏁版湁) [C:\UserWorx\VSWorx\ServoStudio\wpfui-servoStudio\samples\Wpf.Ui.servoStudio\servoStudio.csproj]
C:\UserWorx\VSWorx\ServoStudio\wpfui-servoStudio\samples\Wpf.Ui.servoStudio\Services\FirmwareRepositoryService.cs(345,16): warning CS1573: 鍙傛暟鈥減roductType鈥濆湪鈥淔irmwareRepositoryService.UploadAsync(string, string, string, string, string, string, string, bool, bool)鈥濈殑 XML 娉ㄩ噴涓病鏈夊尮閰嶇殑 param 鏍囪(浣嗗叾浠栧弬鏁版湁) [C:\UserWorx\VSWorx\ServoStudio\wpfui-servoStudio\samples\Wpf.Ui.servoStudio\servoStudio.csproj]
C:\UserWorx\VSWorx\ServoStudio\wpfui-servoStudio\samples\Wpf.Ui.servoStudio\ViewModels\DeviceSet\BusDiagnosticsViewModel.cs(825,26): warning CS1574: XML 娉ㄩ噴涓湁鏈兘瑙ｆ瀽鐨?cref 鐗规€р€淢apToModbusAddress鈥?[C:\UserWorx\VSWorx\ServoStudio\wpfui-servoStudio\samples\Wpf.Ui.servoStudio\servoStudio.csproj]
C:\UserWorx\VSWorx\ServoStudio\wpfui-servoStudio\samples\Wpf.Ui.servoStudio\Views\Pages\AppDataPages\DataViewPage.xaml.cs(152,23): warning CS1574: XML 娉ㄩ噴涓湁鏈兘瑙ｆ瀽鐨?cref 鐗规€р€淒ispatcherTimer鈥?[C:\UserWorx\VSWorx\ServoStudio\wpfui-servoStudio\samples\Wpf.Ui.servoStudio\servoStudio.csproj]
C:\UserWorx\VSWorx\ServoStudio\wpfui-servoStudio\samples\Wpf.Ui.servoStudio\Core\CANopen\Adapters\CanAdapterFactory.cs(756,24): warning CS0419: cref 鐗规€т腑鏈変笉鏄庣‘鐨勫紩鐢?鈥淣ativeLibrary.TryLoad鈥濄€傚亣瀹氫负鈥淪ystem.Runtime.InteropServices.NativeLibrary.TryLoad(string, out nint)鈥濓紝浣嗗彲鑳借繕涓庡叾浠栭噸杞藉尮閰嶏紝鍖呮嫭鈥淪ystem.Runtime.InteropServices.NativeLibrary.TryLoad(string, System.Reflection.Assembly, System.Runtime.InteropServices.DllImportSearchPath?, out nint)鈥濄€?[C:\UserWorx\VSWorx\ServoStudio\wpfui-servoStudio\samples\Wpf.Ui.servoStudio\servoStudio.csproj]
C:\UserWorx\VSWorx\ServoStudio\wpfui-servoStudio\samples\Wpf.Ui.servoStudio\Core\CANopen\CanOpenMaster.cs(66,78): warning CS1734: 鈥淐anOpenMaster.PdoReceived鈥濅笂鐨?XML 娉ㄩ噴涓湁鈥渢pdoIndex鈥濈殑 paramref 鏍囪锛屼絾鏄病鏈夎鍚嶇О鐨勫弬鏁?[C:\UserWorx\VSWorx\ServoStudio\wpfui-servoStudio\samples\Wpf.Ui.servoStudio\servoStudio.csproj]
C:\UserWorx\VSWorx\ServoStudio\wpfui-servoStudio\samples\Wpf.Ui.servoStudio\Core\CANopen\CanOpenSlave_CiA402.cs(16,44): warning CS1574: XML 娉ㄩ噴涓湁鏈兘瑙ｆ瀽鐨?cref 鐗规€р€淐ontrolword鈥?[C:\UserWorx\VSWorx\ServoStudio\wpfui-servoStudio\samples\Wpf.Ui.servoStudio\servoStudio.csproj]
C:\UserWorx\VSWorx\ServoStudio\wpfui-servoStudio\samples\Wpf.Ui.servoStudio\Core\CANopen\CanOpenSlave_CiA402.cs(16,86): warning CS1574: XML 娉ㄩ噴涓湁鏈兘瑙ｆ瀽鐨?cref 鐗规€р€淪tatusword鈥?[C:\UserWorx\VSWorx\ServoStudio\wpfui-servoStudio\samples\Wpf.Ui.servoStudio\servoStudio.csproj]
C:\UserWorx\VSWorx\ServoStudio\wpfui-servoStudio\samples\Wpf.Ui.servoStudio\Core\Usb\UsbBulkBus.cs(20,46): warning CS1574: XML 娉ㄩ噴涓湁鏈兘瑙ｆ瀽鐨?cref 鐗规€р€淐reateFile鈥?[C:\UserWorx\VSWorx\ServoStudio\wpfui-servoStudio\samples\Wpf.Ui.servoStudio\servoStudio.csproj]
C:\UserWorx\VSWorx\ServoStudio\wpfui-servoStudio\samples\Wpf.Ui.servoStudio\Core\Usb\UsbDeviceEnumerator.cs(93,19): warning CS1574: XML 娉ㄩ噴涓湁鏈兘瑙ｆ瀽鐨?cref 鐗规€р€淥nlyPresent鈥?[C:\UserWorx\VSWorx\ServoStudio\wpfui-servoStudio\samples\Wpf.Ui.servoStudio\servoStudio.csproj]
C:\UserWorx\VSWorx\ServoStudio\wpfui-servoStudio\samples\Wpf.Ui.servoStudio\App.xaml.cs(141,12): warning IDE0055: 淇鏍煎紡 (https://learn.microsoft.com/dotnet/fundamentals/code-analysis/style-rules/ide0055) [C:\UserWorx\VSWorx\ServoStudio\wpfui-servoStudio\samples\Wpf.Ui.servoStudio\servoStudio.csproj]
C:\UserWorx\VSWorx\ServoStudio\wpfui-servoStudio\samples\Wpf.Ui.servoStudio\App.xaml.cs(141,14): warning IDE0055: 淇鏍煎紡 (https://learn.microsoft.com/dotnet/fundamentals/code-analysis/style-rules/ide0055) [C:\UserWorx\VSWorx\ServoStudio\wpfui-servoStudio\samples\Wpf.Ui.servoStudio\servoStudio.csproj]
C:\UserWorx\VSWorx\ServoStudio\wpfui-servoStudio\samples\Wpf.Ui.servoStudio\App.xaml.cs(141,37): warning IDE0055: 淇鏍煎紡 (https://learn.microsoft.com/dotnet/fundamentals/code-analysis/style-rules/ide0055) [C:\UserWorx\VSWorx\ServoStudio\wpfui-servoStudio\samples\Wpf.Ui.servoStudio\servoStudio.csproj]
C:\UserWorx\VSWorx\ServoStudio\wpfui-servoStudio\samples\Wpf.Ui.servoStudio\App.xaml.cs(222,44): warning IDE0055: 淇鏍煎紡 (https://learn.microsoft.com/dotnet/fundamentals/code-analysis/style-rules/ide0055) [C:\UserWorx\VSWorx\ServoStudio\wpfui-servoStudio\samples\Wpf.Ui.servoStudio\servoStudio.csproj]
C:\UserWorx\VSWorx\ServoStudio\wpfui-servoStudio\samples\Wpf.Ui.servoStudio\App.xaml.cs(230,45): warning IDE0055: 淇鏍煎紡 (https://learn.microsoft.com/dotnet/fundamentals/code-analysis/style-rules/ide0055) [C:\UserWorx\VSWorx\ServoStudio\wpfui-servoStudio\samples\Wpf.Ui.servoStudio\servoStudio.csproj]
C:\UserWorx\VSWorx\ServoStudio\wpfui-servoStudio\samples\Wpf.Ui.servoStudio\App.xaml.cs(231,80): warning IDE0055: 淇鏍煎紡 (https://learn.microsoft.com/dotnet/fundamentals/code-analysis/style-rules/ide0055) [C:\UserWorx\VSWorx\ServoStudio\wpfui-servoStudio\samples\Wpf.Ui.servoStudio\servoStudio.csproj]
C:\UserWorx\VSWorx\ServoStudio\wpfui-servoStudio\samples\Wpf.Ui.servoStudio\App.xaml.cs(234,20): warning IDE0055: 淇鏍煎紡 (https://learn.microsoft.com/dotnet/fundamentals/code-analysis/style-rules/ide0055) [C:\UserWorx\VSWorx\ServoStudio\wpfui-servoStudio\samples\Wpf.Ui.servoStudio\servoStudio.csproj]
C:\UserWorx\VSWorx\ServoStudio\wpfui-servoStudio\samples\Wpf.Ui.servoStudio\App.xaml.cs(234,22): warning IDE0055: 淇鏍煎紡 (https://learn.microsoft.com/dotnet/fundamentals/code-analysis/style-rules/ide0055) [C:\UserWorx\VSWorx\ServoStudio\wpfui-servoStudio\samples\Wpf.Ui.servoStudio\servoStudio.csproj]
C:\UserWorx\VSWorx\ServoStudio\wpfui-servoStudio\samples\Wpf.Ui.servoStudio\App.xaml.cs(234,49): warning IDE0055: 淇鏍煎紡 (https://learn.microsoft.com/dotnet/fundamentals/code-analysis/style-rules/ide0055) [C:\UserWorx\VSWorx\ServoStudio\wpfui-servoStudio\samples\Wpf.Ui.servoStudio\servoStudio.csproj]
C:\UserWorx\VSWorx\ServoStudio\wpfui-servoStudio\samples\Wpf.Ui.servoStudio\App.xaml.cs(234,51): warning IDE0055: 淇鏍煎紡 (https://learn.microsoft.com/dotnet/fundamentals/code-analysis/style-rules/ide0055) [C:\UserWorx\VSWorx\ServoStudio\wpfui-servoStudio\samples\Wpf.Ui.servoStudio\servoStudio.csproj]
C:\UserWorx\VSWorx\ServoStudio\wpfui-servoStudio\samples\Wpf.Ui.servoStudio\App.xaml.cs(241,16): warning IDE0055: 淇鏍煎紡 (https://learn.microsoft.com/dotnet/fundamentals/code-analysis/style-rules/ide0055) [C:\UserWorx\VSWorx\ServoStudio\wpfui-servoStudio\samples\Wpf.Ui.servoStudio\servoStudio.csproj]
C:\UserWorx\VSWorx\ServoStudio\wpfui-servoStudio\samples\Wpf.Ui.servoStudio\App.xaml.cs(241,18): warning IDE0055: 淇鏍煎紡 (https://learn.microsoft.com/dotnet/fundamentals/code-analysis/style-rules/ide0055) [C:\UserWorx\VSWorx\ServoStudio\wpfui-servoStudio\samples\Wpf.Ui.servoStudio\servoStudio.csproj]
C:\UserWorx\VSWorx\ServoStudio\wpfui-servoStudio\samples\Wpf.Ui.servoStudio\App.xaml.cs(241,87): warning IDE0055: 淇鏍煎紡 (https://learn.microsoft.com/dotnet/fundamentals/code-analysis/style-rules/ide0055) [C:\UserWorx\VSWorx\ServoStudio\wpfui-servoStudio\samples\Wpf.Ui.servoStudio\servoStudio.csproj]
C:\UserWorx\VSWorx\ServoStudio\wpfui-servoStudio\samples\Wpf.Ui.servoStudio\App.xaml.cs(241,89): warning IDE0055: 淇鏍煎紡 (https://learn.microsoft.com/dotnet/fundamentals/code-analysis/style-rules/ide0055) [C:\UserWorx\VSWorx\ServoStudio\wpfui-servoStudio\samples\Wpf.Ui.servoStudio\servoStudio.csproj]
C:\UserWorx\VSWorx\ServoStudio\wpfui-servoStudio\samples\Wpf.Ui.servoStudio\App.xaml.cs(246,16): warning IDE0055: 淇鏍煎紡 (https://learn.microsoft.com/dotnet/fundamentals/code-analysis/style-rules/ide0055) [C:\UserWorx\VSWorx\ServoStudio\wpfui-servoStudio\samples\Wpf.Ui.servoStudio\servoStudio.csproj]
C:\UserWorx\VSWorx\ServoStudio\wpfui-servoStudio\samples\Wpf.Ui.servoStudio\App.xaml.cs(246,18): warning IDE0055: 淇鏍煎紡 (https://learn.microsoft.com/dotnet/fundamentals/code-analysis/style-rules/ide0055) [C:\UserWorx\VSWorx\ServoStudio\wpfui-servoStudio\samples\Wpf.Ui.servoStudio\servoStudio.csproj]
C:\UserWorx\VSWorx\ServoStudio\wpfui-servoStudio\samples\Wpf.Ui.servoStudio\App.xaml.cs(246,76): warning IDE0055: 淇鏍煎紡 (https://learn.microsoft.com/dotnet/fundamentals/code-analysis/style-rules/ide0055) [C:\UserWorx\VSWorx\ServoStudio\wpfui-servoStudio\samples\Wpf.Ui.servoStudio\servoStudio.csproj]
C:\UserWorx\VSWorx\ServoStudio\wpfui-servoStudio\samples\Wpf.Ui.servoStudio\App.xaml.cs(246,78): warning IDE0055: 淇鏍煎紡 (https://learn.microsoft.com/dotnet/fundamentals/code-analysis/style-rules/ide0055) [C:\UserWorx\VSWorx\ServoStudio\wpfui-servoStudio\samples\Wpf.Ui.servoStudio\servoStudio.csproj]
C:\UserWorx\VSWorx\ServoStudio\wpfui-servoStudio\samples\Wpf.Ui.servoStudio\App.xaml.cs(20,22): warning CA1060: 灏?pinvoke 绉诲埌鏈満鏂规硶绫?(https://learn.microsoft.com/dotnet/fundamentals/code-analysis/quality-rules/ca1060) [C:\UserWorx\VSWorx\ServoStudio\wpfui-servoStudio\samples\Wpf.Ui.servoStudio\servoStudio.csproj]
C:\UserWorx\VSWorx\ServoStudio\wpfui-servoStudio\samples\Wpf.Ui.servoStudio\App.xaml.cs(235,13): warning IDE2003: 鍧椾笌鍚庣画璇彞涔嬮棿闇€瑕佹湁绌虹櫧琛?(https://learn.microsoft.com/dotnet/fundamentals/code-analysis/style-rules/ide2003) [C:\UserWorx\VSWorx\ServoStudio\wpfui-servoStudio\samples\Wpf.Ui.servoStudio\servoStudio.csproj]
C:\UserWorx\VSWorx\ServoStudio\wpfui-servoStudio\samples\Wpf.Ui.servoStudio\Core\CANopen\Adapters\CanAdapterFactory.cs(24,21): warning CA1060: 灏?pinvoke 绉诲埌鏈満鏂规硶绫?(https://learn.microsoft.com/dotnet/fundamentals/code-analysis/quality-rules/ca1060) [C:\UserWorx\VSWorx\ServoStudio\wpfui-servoStudio\samples\Wpf.Ui.servoStudio\servoStudio.csproj]
C:\UserWorx\VSWorx\ServoStudio\wpfui-servoStudio\samples\Wpf.Ui.servoStudio\Core\CANopen\Adapters\ControlCanBus.cs(263,23): warning CA1060: 灏?pinvoke 绉诲埌鏈満鏂规硶绫?(https://learn.microsoft.com/dotnet/fundamentals/code-analysis/quality-rules/ca1060) [C:\UserWorx\VSWorx\ServoStudio\wpfui-servoStudio\samples\Wpf.Ui.servoStudio\servoStudio.csproj]
C:\UserWorx\VSWorx\ServoStudio\wpfui-servoStudio\samples\Wpf.Ui.servoStudio\Core\CANopen\Adapters\PcanBasicCanBus.cs(197,23): warning CA1060: 灏?pinvoke 绉诲埌鏈満鏂规硶绫?(https://learn.microsoft.com/dotnet/fundamentals/code-analysis/quality-rules/ca1060) [C:\UserWorx\VSWorx\ServoStudio\wpfui-servoStudio\samples\Wpf.Ui.servoStudio\servoStudio.csproj]
C:\UserWorx\VSWorx\ServoStudio\wpfui-servoStudio\samples\Wpf.Ui.servoStudio\Core\CANopen\Adapters\ToomossCanBus.cs(238,23): warning CA1060: 灏?pinvoke 绉诲埌鏈満鏂规硶绫?(https://learn.microsoft.com/dotnet/fundamentals/code-analysis/quality-rules/ca1060) [C:\UserWorx\VSWorx\ServoStudio\wpfui-servoStudio\samples\Wpf.Ui.servoStudio\servoStudio.csproj]
C:\UserWorx\VSWorx\ServoStudio\wpfui-servoStudio\samples\Wpf.Ui.servoStudio\Core\Modbus\ModbusRtuMaster.cs(62,14): warning CA1063: 瀵?ModbusRtuMaster 鎻愪緵 Dispose(bool) 鐨勫彲閲嶅啓瀹炵幇鎴栧皢璇ョ被鍨嬫爣璁颁负鈥滃凡瀵嗗皝鈥濄€傚 Dispose(false) 鐨勮皟鐢ㄥ簲浠呮竻鐞嗘湰鏈鸿祫婧愩€傚 Dispose(true) 鐨勮皟鐢ㄥ簲鍚屾椂娓呯悊鎵樼璧勬簮鍜屾湰鏈鸿祫婧愩€?(https://learn.microsoft.com/dotnet/fundamentals/code-analysis/quality-rules/ca1063) [C:\UserWorx\VSWorx\ServoStudio\wpfui-servoStudio\samples\Wpf.Ui.servoStudio\servoStudio.csproj]
C:\UserWorx\VSWorx\ServoStudio\wpfui-servoStudio\samples\Wpf.Ui.servoStudio\Core\CANopen\Adapters\ZlgCanBus.cs(449,23): warning CA1060: 灏?pinvoke 绉诲埌鏈満鏂规硶绫?(https://learn.microsoft.com/dotnet/fundamentals/code-analysis/quality-rules/ca1060) [C:\UserWorx\VSWorx\ServoStudio\wpfui-servoStudio\samples\Wpf.Ui.servoStudio\servoStudio.csproj]
C:\UserWorx\VSWorx\ServoStudio\wpfui-servoStudio\samples\Wpf.Ui.servoStudio\Core\CANopen\CanOpenMaster.cs(31,14): warning CA1063: 瀵?CanOpenMaster 鎻愪緵 Dispose(bool) 鐨勫彲閲嶅啓瀹炵幇鎴栧皢璇ョ被鍨嬫爣璁颁负鈥滃凡瀵嗗皝鈥濄€傚 Dispose(false) 鐨勮皟鐢ㄥ簲浠呮竻鐞嗘湰鏈鸿祫婧愩€傚 Dispose(true) 鐨勮皟鐢ㄥ簲鍚屾椂娓呯悊鎵樼璧勬簮鍜屾湰鏈鸿祫婧愩€?(https://learn.microsoft.com/dotnet/fundamentals/code-analysis/quality-rules/ca1063) [C:\UserWorx\VSWorx\ServoStudio\wpfui-servoStudio\samples\Wpf.Ui.servoStudio\servoStudio.csproj]
C:\UserWorx\VSWorx\ServoStudio\wpfui-servoStudio\samples\Wpf.Ui.servoStudio\Core\CANopen\Adapters\CanAdapterFactory.cs(305,24): warning IDE0055: 淇鏍煎紡 (https://learn.microsoft.com/dotnet/fundamentals/code-analysis/style-rules/ide0055) [C:\UserWorx\VSWorx\ServoStudio\wpfui-servoStudio\samples\Wpf.Ui.servoStudio\servoStudio.csproj]
C:\UserWorx\VSWorx\ServoStudio\wpfui-servoStudio\samples\Wpf.Ui.servoStudio\Core\CANopen\Adapters\CanAdapterFactory.cs(305,26): warning IDE0055: 淇鏍煎紡 (https://learn.microsoft.com/dotnet/fundamentals/code-analysis/style-rules/ide0055) [C:\UserWorx\VSWorx\ServoStudio\wpfui-servoStudio\samples\Wpf.Ui.servoStudio\servoStudio.csproj]
C:\UserWorx\VSWorx\ServoStudio\wpfui-servoStudio\samples\Wpf.Ui.servoStudio\Core\CANopen\Adapters\CanAdapterFactory.cs(305,65): warning IDE0055: 淇鏍煎紡 (https://learn.microsoft.com/dotnet/fundamentals/code-analysis/style-rules/ide0055) [C:\UserWorx\VSWorx\ServoStudio\wpfui-servoStudio\samples\Wpf.Ui.servoStudio\servoStudio.csproj]
C:\UserWorx\VSWorx\ServoStudio\wpfui-servoStudio\samples\Wpf.Ui.servoStudio\Core\CANopen\Adapters\CanAdapterFactory.cs(305,67): warning IDE0055: 淇鏍煎紡 (https://learn.microsoft.com/dotnet/fundamentals/code-analysis/style-rules/ide0055) [C:\UserWorx\VSWorx\ServoStudio\wpfui-servoStudio\samples\Wpf.Ui.servoStudio\servoStudio.csproj]
C:\UserWorx\VSWorx\ServoStudio\wpfui-servoStudio\samples\Wpf.Ui.servoStudio\Core\CANopen\Adapters\CanAdapterFactory.cs(407,24): warning IDE0055: 淇鏍煎紡 (https://learn.microsoft.com/dotnet/fundamentals/code-analysis/style-rules/ide0055) [C:\UserWorx\VSWorx\ServoStudio\wpfui-servoStudio\samples\Wpf.Ui.servoStudio\servoStudio.csproj]
C:\UserWorx\VSWorx\ServoStudio\wpfui-servoStudio\samples\Wpf.Ui.servoStudio\Core\CANopen\Adapters\CanAdapterFactory.cs(407,26): warning IDE0055: 淇鏍煎紡 (https://learn.microsoft.com/dotnet/fundamentals/code-analysis/style-rules/ide0055) [C:\UserWorx\VSWorx\ServoStudio\wpfui-servoStudio\samples\Wpf.Ui.servoStudio\servoStudio.csproj]
C:\UserWorx\VSWorx\ServoStudio\wpfui-servoStudio\samples\Wpf.Ui.servoStudio\Core\CANopen\Adapters\CanAdapterFactory.cs(407,70): warning IDE0055: 淇鏍煎紡 (https://learn.microsoft.com/dotnet/fundamentals/code-analysis/style-rules/ide0055) [C:\UserWorx\VSWorx\ServoStudio\wpfui-servoStudio\samples\Wpf.Ui.servoStudio\servoStudio.csproj]
C:\UserWorx\VSWorx\ServoStudio\wpfui-servoStudio\samples\Wpf.Ui.servoStudio\Core\CANopen\Adapters\CanAdapterFactory.cs(407,72): warning IDE0055: 淇鏍煎紡 (https://learn.microsoft.com/dotnet/fundamentals/code-analysis/style-rules/ide0055) [C:\UserWorx\VSWorx\ServoStudio\wpfui-servoStudio\samples\Wpf.Ui.servoStudio\servoStudio.csproj]
C:\UserWorx\VSWorx\ServoStudio\wpfui-servoStudio\samples\Wpf.Ui.servoStudio\Core\CANopen\Adapters\CanAdapterFactory.cs(703,38): warning IDE0055: 淇鏍煎紡 (https://learn.microsoft.com/dotnet/fundamentals/code-analysis/style-rules/ide0055) [C:\UserWorx\VSWorx\ServoStudio\wpfui-servoStudio\samples\Wpf.Ui.servoStudio\servoStudio.csproj]
C:\UserWorx\VSWorx\ServoStudio\wpfui-servoStudio\samples\Wpf.Ui.servoStudio\Core\CANopen\Adapters\CanAdapterFactory.cs(704,40): warning IDE0055: 淇鏍煎紡 (https://learn.microsoft.com/dotnet/fundamentals/code-analysis/style-rules/ide0055) [C:\UserWorx\VSWorx\ServoStudio\wpfui-servoStudio\samples\Wpf.Ui.servoStudio\servoStudio.csproj]
C:\UserWorx\VSWorx\ServoStudio\wpfui-servoStudio\samples\Wpf.Ui.servoStudio\Core\CANopen\Adapters\CanAdapterFactory.cs(705,42): warning IDE0055: 淇鏍煎紡 (https://learn.microsoft.com/dotnet/fundamentals/code-analysis/style-rules/ide0055) [C:\UserWorx\VSWorx\ServoStudio\wpfui-servoStudio\samples\Wpf.Ui.servoStudio\servoStudio.csproj]
C:\UserWorx\VSWorx\ServoStudio\wpfui-servoStudio\samples\Wpf.Ui.servoStudio\Core\CANopen\Adapters\CanAdapterFactory.cs(707,39): warning IDE0055: 淇鏍煎紡 (https://learn.microsoft.com/dotnet/fundamentals/code-analysis/style-rules/ide0055) [C:\UserWorx\VSWorx\ServoStudio\wpfui-servoStudio\samples\Wpf.Ui.servoStudio\servoStudio.csproj]
C:\UserWorx\VSWorx\ServoStudio\wpfui-servoStudio\samples\Wpf.Ui.servoStudio\Core\CANopen\Adapters\CanAdapterFactory.cs(708,40): warning IDE0055: 淇鏍煎紡 (https://learn.microsoft.com/dotnet/fundamentals/code-analysis/style-rules/ide0055) [C:\UserWorx\VSWorx\ServoStudio\wpfui-servoStudio\samples\Wpf.Ui.servoStudio\servoStudio.csproj]
C:\UserWorx\VSWorx\ServoStudio\wpfui-servoStudio\samples\Wpf.Ui.servoStudio\Core\CANopen\Adapters\CanAdapterFactory.cs(871,22): warning IDE0055: 淇鏍煎紡 (https://learn.microsoft.com/dotnet/fundamentals/code-analysis/style-rules/ide0055) [C:\UserWorx\VSWorx\ServoStudio\wpfui-servoStudio\samples\Wpf.Ui.servoStudio\servoStudio.csproj]
C:\UserWorx\VSWorx\ServoStudio\wpfui-servoStudio\samples\Wpf.Ui.servoStudio\Core\CANopen\Adapters\CanAdapterFactory.cs(872,23): warning IDE0055: 淇鏍煎紡 (https://learn.microsoft.com/dotnet/fundamentals/code-analysis/style-rules/ide0055) [C:\UserWorx\VSWorx\ServoStudio\wpfui-servoStudio\samples\Wpf.Ui.servoStudio\servoStudio.csproj]
C:\UserWorx\VSWorx\ServoStudio\wpfui-servoStudio\samples\Wpf.Ui.servoStudio\Core\CANopen\Adapters\CanAdapterFactory.cs(1004,57): warning IDE0055: 淇鏍煎紡 (https://learn.microsoft.com/dotnet/fundamentals/code-analysis/style-rules/ide0055) [C:\UserWorx\VSWorx\ServoStudio\wpfui-servoStudio\samples\Wpf.Ui.servoStudio\servoStudio.csproj]
C:\UserWorx\VSWorx\ServoStudio\wpfui-servoStudio\samples\Wpf.Ui.servoStudio\Core\CANopen\Adapters\CanAdapterFactory.cs(1004,59): warning IDE0055: 淇鏍煎紡 (https://learn.microsoft.com/dotnet/fundamentals/code-analysis/style-rules/ide0055) [C:\UserWorx\VSWorx\ServoStudio\wpfui-servoStudio\samples\Wpf.Ui.servoStudio\servoStudio.csproj]
C:\UserWorx\VSWorx\ServoStudio\wpfui-servoStudio\samples\Wpf.Ui.servoStudio\Core\CANopen\Adapters\CanAdapterFactory.cs(1004,74): warning IDE0055: 淇鏍煎紡 (https://learn.microsoft.com/dotnet/fundamentals/code-analysis/style-rules/ide0055) [C:\UserWorx\VSWorx\ServoStudio\wpfui-servoStudio\samples\Wpf.Ui.servoStudio\servoStudio.csproj]
C:\UserWorx\VSWorx\ServoStudio\wpfui-servoStudio\samples\Wpf.Ui.servoStudio\Core\CANopen\Adapters\CanAdapterFactory.cs(1004,81): warning IDE0055: 淇鏍煎紡 (https://learn.microsoft.com/dotnet/fundamentals/code-analysis/style-rules/ide0055) [C:\UserWorx\VSWorx\ServoStudio\wpfui-servoStudio\samples\Wpf.Ui.servoStudio\servoStudio.csproj]
C:\UserWorx\VSWorx\ServoStudio\wpfui-servoStudio\samples\Wpf.Ui.servoStudio\Core\CANopen\Adapters\CanAdapterFactory.cs(1012,12): warning IDE0055: 淇鏍煎紡 (https://learn.microsoft.com/dotnet/fundamentals/code-analysis/style-rules/ide0055) [C:\UserWorx\VSWorx\ServoStudio\wpfui-servoStudio\samples\Wpf.Ui.servoStudio\servoStudio.csproj]
C:\UserWorx\VSWorx\ServoStudio\wpfui-servoStudio\samples\Wpf.Ui.servoStudio\Core\CANopen\Adapters\CanAdapterFactory.cs(1012,14): warning IDE0055: 淇鏍煎紡 (https://learn.microsoft.com/dotnet/fundamentals/code-analysis/style-rules/ide0055) [C:\UserWorx\VSWorx\ServoStudio\wpfui-servoStudio\samples\Wpf.Ui.servoStudio\servoStudio.csproj]
C:\UserWorx\VSWorx\ServoStudio\wpfui-servoStudio\samples\Wpf.Ui.servoStudio\Core\CANopen\Adapters\CanAdapterFactory.cs(1012,40): warning IDE0055: 淇鏍煎紡 (https://learn.microsoft.com/dotnet/fundamentals/code-analysis/style-rules/ide0055) [C:\UserWorx\VSWorx\ServoStudio\wpfui-servoStudio\samples\Wpf.Ui.servoStudio\servoStudio.csproj]
C:\UserWorx\VSWorx\ServoStudio\wpfui-servoStudio\samples\Wpf.Ui.servoStudio\Core\CANopen\Adapters\CanAdapterFactory.cs(1012,42): warning IDE0055: 淇鏍煎紡 (https://learn.microsoft.com/dotnet/fundamentals/code-analysis/style-rules/ide0055) [C:\UserWorx\VSWorx\ServoStudio\wpfui-servoStudio\samples\Wpf.Ui.servoStudio\servoStudio.csproj]
C:\UserWorx\VSWorx\ServoStudio\wpfui-servoStudio\samples\Wpf.Ui.servoStudio\Core\CANopen\Adapters\CanAdapterFactory.cs(1020,12): warning IDE0055: 淇鏍煎紡 (https://learn.microsoft.com/dotnet/fundamentals/code-analysis/style-rules/ide0055) [C:\UserWorx\VSWorx\ServoStudio\wpfui-servoStudio\samples\Wpf.Ui.servoStudio\servoStudio.csproj]
C:\UserWorx\VSWorx\ServoStudio\wpfui-servoStudio\samples\Wpf.Ui.servoStudio\Core\CANopen\Adapters\CanAdapterFactory.cs(1020,14): warning IDE0055: 淇鏍煎紡 (https://learn.microsoft.com/dotnet/fundamentals/code-analysis/style-rules/ide0055) [C:\UserWorx\VSWorx\ServoStudio\wpfui-servoStudio\samples\Wpf.Ui.servoStudio\servoStudio.csproj]
C:\UserWorx\VSWorx\ServoStudio\wpfui-servoStudio\samples\Wpf.Ui.servoStudio\Core\CANopen\Adapters\CanAdapterFactory.cs(1020,48): warning IDE0055: 淇鏍煎紡 (https://learn.microsoft.com/dotnet/fundamentals/code-analysis/style-rules/ide0055) [C:\UserWorx\VSWorx\ServoStudio\wpfui-servoStudio\samples\Wpf.Ui.servoStudio\servoStudio.csproj]
C:\UserWorx\VSWorx\ServoStudio\wpfui-servoStudio\samples\Wpf.Ui.servoStudio\Core\CANopen\Adapters\CanAdapterFactory.cs(73,9): warning IDE2003: 鍧椾笌鍚庣画璇彞涔嬮棿闇€瑕佹湁绌虹櫧琛?(https://learn.microsoft.com/dotnet/fundamentals/code-analysis/style-rules/ide2003) [C:\UserWorx\VSWorx\ServoStudio\wpfui-servoStudio\samples\Wpf.Ui.servoStudio\servoStudio.csproj]
C:\UserWorx\VSWorx\ServoStudio\wpfui-servoStudio\samples\Wpf.Ui.servoStudio\Core\CANopen\Adapters\CanAdapterFactory.cs(105,9): warning IDE2003: 鍧椾笌鍚庣画璇彞涔嬮棿闇€瑕佹湁绌虹櫧琛?(https://learn.microsoft.com/dotnet/fundamentals/code-analysis/style-rules/ide2003) [C:\UserWorx\VSWorx\ServoStudio\wpfui-servoStudio\samples\Wpf.Ui.servoStudio\servoStudio.csproj]
C:\UserWorx\VSWorx\ServoStudio\wpfui-servoStudio\samples\Wpf.Ui.servoStudio\Core\CANopen\Adapters\CanAdapterFactory.cs(218,9): warning IDE2003: 鍧椾笌鍚庣画璇彞涔嬮棿闇€瑕佹湁绌虹櫧琛?(https://learn.microsoft.com/dotnet/fundamentals/code-analysis/style-rules/ide2003) [C:\UserWorx\VSWorx\ServoStudio\wpfui-servoStudio\samples\Wpf.Ui.servoStudio\servoStudio.csproj]
C:\UserWorx\VSWorx\ServoStudio\wpfui-servoStudio\samples\Wpf.Ui.servoStudio\Core\CANopen\Adapters\CanAdapterFactory.cs(166,17): warning IDE2003: 鍧椾笌鍚庣画璇彞涔嬮棿闇€瑕佹湁绌虹櫧琛?(https://learn.microsoft.com/dotnet/fundamentals/code-analysis/style-rules/ide2003) [C:\UserWorx\VSWorx\ServoStudio\wpfui-servoStudio\samples\Wpf.Ui.servoStudio\servoStudio.csproj]
C:\UserWorx\VSWorx\ServoStudio\wpfui-servoStudio\samples\Wpf.Ui.servoStudio\Core\CANopen\Adapters\CanAdapterFactory.cs(268,17): warning IDE2003: 鍧椾笌鍚庣画璇彞涔嬮棿闇€瑕佹湁绌虹櫧琛?(https://learn.microsoft.com/dotnet/fundamentals/code-analysis/style-rules/ide2003) [C:\UserWorx\VSWorx\ServoStudio\wpfui-servoStudio\samples\Wpf.Ui.servoStudio\servoStudio.csproj]
C:\UserWorx\VSWorx\ServoStudio\wpfui-servoStudio\samples\Wpf.Ui.servoStudio\Core\CANopen\Adapters\CanAdapterFactory.cs(266,21): warning IDE2003: 鍧椾笌鍚庣画璇彞涔嬮棿闇€瑕佹湁绌虹櫧琛?(https://learn.microsoft.com/dotnet/fundamentals/code-analysis/style-rules/ide2003) [C:\UserWorx\VSWorx\ServoStudio\wpfui-servoStudio\samples\Wpf.Ui.servoStudio\servoStudio.csproj]
C:\UserWorx\VSWorx\ServoStudio\wpfui-servoStudio\samples\Wpf.Ui.servoStudio\Core\CANopen\Adapters\CanAdapterFactory.cs(430,9): warning IDE2003: 鍧椾笌鍚庣画璇彞涔嬮棿闇€瑕佹湁绌虹櫧琛?(https://learn.microsoft.com/dotnet/fundamentals/code-analysis/style-rules/ide2003) [C:\UserWorx\VSWorx\ServoStudio\wpfui-servoStudio\samples\Wpf.Ui.servoStudio\servoStudio.csproj]
C:\UserWorx\VSWorx\ServoStudio\wpfui-servoStudio\samples\Wpf.Ui.servoStudio\Core\CANopen\Adapters\CanAdapterFactory.cs(306,17): warning IDE2003: 鍧椾笌鍚庣画璇彞涔嬮棿闇€瑕佹湁绌虹櫧琛?(https://learn.microsoft.com/dotnet/fundamentals/code-analysis/style-rules/ide2003) [C:\UserWorx\VSWorx\ServoStudio\wpfui-servoStudio\samples\Wpf.Ui.servoStudio\servoStudio.csproj]
C:\UserWorx\VSWorx\ServoStudio\wpfui-servoStudio\samples\Wpf.Ui.servoStudio\Core\CANopen\Adapters\CanAdapterFactory.cs(364,29): warning IDE2003: 鍧椾笌鍚庣画璇彞涔嬮棿闇€瑕佹湁绌虹櫧琛?(https://learn.microsoft.com/dotnet/fundamentals/code-analysis/style-rules/ide2003) [C:\UserWorx\VSWorx\ServoStudio\wpfui-servoStudio\samples\Wpf.Ui.servoStudio\servoStudio.csproj]
C:\UserWorx\VSWorx\ServoStudio\wpfui-servoStudio\samples\Wpf.Ui.servoStudio\Core\CANopen\Adapters\CanAdapterFactory.cs(477,9): warning IDE2003: 鍧椾笌鍚庣画璇彞涔嬮棿闇€瑕佹湁绌虹櫧琛?(https://learn.microsoft.com/dotnet/fundamentals/code-analysis/style-rules/ide2003) [C:\UserWorx\VSWorx\ServoStudio\wpfui-servoStudio\samples\Wpf.Ui.servoStudio\servoStudio.csproj]
C:\UserWorx\VSWorx\ServoStudio\wpfui-servoStudio\samples\Wpf.Ui.servoStudio\Core\CANopen\Adapters\CanAdapterFactory.cs(522,36): warning IDE2003: 鍧椾笌鍚庣画璇彞涔嬮棿闇€瑕佹湁绌虹櫧琛?(https://learn.microsoft.com/dotnet/fundamentals/code-analysis/style-rules/ide2003) [C:\UserWorx\VSWorx\ServoStudio\wpfui-servoStudio\samples\Wpf.Ui.servoStudio\servoStudio.csproj]
C:\UserWorx\VSWorx\ServoStudio\wpfui-servoStudio\samples\Wpf.Ui.servoStudio\Core\CANopen\Adapters\CanAdapterFactory.cs(556,36): warning IDE2003: 鍧椾笌鍚庣画璇彞涔嬮棿闇€瑕佹湁绌虹櫧琛?(https://learn.microsoft.com/dotnet/fundamentals/code-analysis/style-rules/ide2003) [C:\UserWorx\VSWorx\ServoStudio\wpfui-servoStudio\samples\Wpf.Ui.servoStudio\servoStudio.csproj]
C:\UserWorx\VSWorx\ServoStudio\wpfui-servoStudio\samples\Wpf.Ui.servoStudio\Core\CANopen\Adapters\ZlgKernelDllScanner.cs(27,21): warning CA1060: 灏?pinvoke 绉诲埌鏈満鏂规硶绫?(https://learn.microsoft.com/dotnet/fundamentals/code-analysis/quality-rules/ca1060) [C:\UserWorx\VSWorx\ServoStudio\wpfui-servoStudio\samples\Wpf.Ui.servoStudio\servoStudio.csproj]
C:\UserWorx\VSWorx\ServoStudio\wpfui-servoStudio\samples\Wpf.Ui.servoStudio\Core\CANopen\Adapters\CanAdapterFactory.cs(785,21): warning IDE2003: 鍧椾笌鍚庣画璇彞涔嬮棿闇€瑕佹湁绌虹櫧琛?(https://learn.microsoft.com/dotnet/fundamentals/code-analysis/style-rules/ide2003) [C:\UserWorx\VSWorx\ServoStudio\wpfui-servoStudio\samples\Wpf.Ui.servoStudio\servoStudio.csproj]
C:\UserWorx\VSWorx\ServoStudio\wpfui-servoStudio\samples\Wpf.Ui.servoStudio\Core\CANopen\Adapters\CanAdapterFactory.cs(782,25): warning IDE2003: 鍧椾笌鍚庣画璇彞涔嬮棿闇€瑕佹湁绌虹櫧琛?(https://learn.microsoft.com/dotnet/fundamentals/code-analysis/style-rules/ide2003) [C:\UserWorx\VSWorx\ServoStudio\wpfui-servoStudio\samples\Wpf.Ui.servoStudio\servoStudio.csproj]
C:\UserWorx\VSWorx\ServoStudio\wpfui-servoStudio\samples\Wpf.Ui.servoStudio\Core\CANopen\Adapters\CanAdapterFactory.cs(831,21): warning IDE2003: 鍧椾笌鍚庣画璇彞涔嬮棿闇€瑕佹湁绌虹櫧琛?(https://learn.microsoft.com/dotnet/fundamentals/code-analysis/style-rules/ide2003) [C:\UserWorx\VSWorx\ServoStudio\wpfui-servoStudio\samples\Wpf.Ui.servoStudio\servoStudio.csproj]
C:\UserWorx\VSWorx\ServoStudio\wpfui-servoStudio\samples\Wpf.Ui.servoStudio\Core\CANopen\Adapters\CanAdapterFactory.cs(985,9): warning IDE2003: 鍧椾笌鍚庣画璇彞涔嬮棿闇€瑕佹湁绌虹櫧琛?(https://learn.microsoft.com/dotnet/fundamentals/code-analysis/style-rules/ide2003) [C:\UserWorx\VSWorx\ServoStudio\wpfui-servoStudio\samples\Wpf.Ui.servoStudio\servoStudio.csproj]
C:\UserWorx\VSWorx\ServoStudio\wpfui-servoStudio\samples\Wpf.Ui.servoStudio\Core\CANopen\Adapters\ControlCanBus.cs(31,28): warning IDE0055: 淇鏍煎紡 (https://learn.microsoft.com/dotnet/fundamentals/code-analysis/style-rules/ide0055) [C:\UserWorx\VSWorx\ServoStudio\wpfui-servoStudio\samples\Wpf.Ui.servoStudio\servoStudio.csproj]
C:\UserWorx\VSWorx\ServoStudio\wpfui-servoStudio\samples\Wpf.Ui.servoStudio\Core\CANopen\Adapters\ControlCanBus.cs(31,30): warning IDE0055: 淇鏍煎紡 (https://learn.microsoft.com/dotnet/fundamentals/code-analysis/style-rules/ide0055) [C:\UserWorx\VSWorx\ServoStudio\wpfui-servoStudio\samples\Wpf.Ui.servoStudio\servoStudio.csproj]
C:\UserWorx\VSWorx\ServoStudio\wpfui-servoStudio\samples\Wpf.Ui.servoStudio\Core\CANopen\Adapters\ControlCanBus.cs(31,40): warning IDE0055: 淇鏍煎紡 (https://learn.microsoft.com/dotnet/fundamentals/code-analysis/style-rules/ide0055) [C:\UserWorx\VSWorx\ServoStudio\wpfui-servoStudio\samples\Wpf.Ui.servoStudio\servoStudio.csproj]
C:\UserWorx\VSWorx\ServoStudio\wpfui-servoStudio\samples\Wpf.Ui.servoStudio\Core\CANopen\Adapters\ControlCanBus.cs(34,25): warning IDE0055: 淇鏍煎紡 (https://learn.microsoft.com/dotnet/fundamentals/code-analysis/style-rules/ide0055) [C:\UserWorx\VSWorx\ServoStudio\wpfui-servoStudio\samples\Wpf.Ui.servoStudio\servoStudio.csproj]
C:\UserWorx\VSWorx\ServoStudio\wpfui-servoStudio\samples\Wpf.Ui.servoStudio\Core\CANopen\Adapters\ControlCanBus.cs(34,27): warning IDE0055: 淇鏍煎紡 (https://learn.microsoft.com/dotnet/fundamentals/code-analysis/style-rules/ide0055) [C:\UserWorx\VSWorx\ServoStudio\wpfui-servoStudio\samples\Wpf.Ui.servoStudio\servoStudio.csproj]
C:\UserWorx\VSWorx\ServoStudio\wpfui-servoStudio\samples\Wpf.Ui.servoStudio\Core\CANopen\Adapters\ControlCanBus.cs(34,37): warning IDE0055: 淇鏍煎紡 (https://learn.microsoft.com/dotnet/fundamentals/code-analysis/style-rules/ide0055) [C:\UserWorx\VSWorx\ServoStudio\wpfui-servoStudio\samples\Wpf.Ui.servoStudio\servoStudio.csproj]
C:\UserWorx\VSWorx\ServoStudio\wpfui-servoStudio\samples\Wpf.Ui.servoStudio\Core\CANopen\Adapters\ControlCanBus.cs(36,23): warning IDE0055: 淇鏍煎紡 (https://learn.microsoft.com/dotnet/fundamentals/code-analysis/style-rules/ide0055) [C:\UserWorx\VSWorx\ServoStudio\wpfui-servoStudio\samples\Wpf.Ui.servoStudio\servoStudio.csproj]
C:\UserWorx\VSWorx\ServoStudio\wpfui-servoStudio\samples\Wpf.Ui.servoStudio\Core\CANopen\Adapters\ControlCanBus.cs(36,25): warning IDE0055: 淇鏍煎紡 (https://learn.microsoft.com/dotnet/fundamentals/code-analysis/style-rules/ide0055) [C:\UserWorx\VSWorx\ServoStudio\wpfui-servoStudio\samples\Wpf.Ui.servoStudio\servoStudio.csproj]
C:\UserWorx\VSWorx\ServoStudio\wpfui-servoStudio\samples\Wpf.Ui.servoStudio\Core\CANopen\Adapters\ControlCanBus.cs(36,43): warning IDE0055: 淇鏍煎紡 (https://learn.microsoft.com/dotnet/fundamentals/code-analysis/style-rules/ide0055) [C:\UserWorx\VSWorx\ServoStudio\wpfui-servoStudio\samples\Wpf.Ui.servoStudio\servoStudio.csproj]
C:\UserWorx\VSWorx\ServoStudio\wpfui-servoStudio\samples\Wpf.Ui.servoStudio\Core\CANopen\Adapters\ControlCanBus.cs(41,27): warning IDE0055: 淇鏍煎紡 (https://learn.microsoft.com/dotnet/fundamentals/code-analysis/style-rules/ide0055) [C:\UserWorx\VSWorx\ServoStudio\wpfui-servoStudio\samples\Wpf.Ui.servoStudio\servoStudio.csproj]
C:\UserWorx\VSWorx\ServoStudio\wpfui-servoStudio\samples\Wpf.Ui.servoStudio\Core\CANopen\Adapters\ControlCanBus.cs(41,29): warning IDE0055: 淇鏍煎紡 (https://learn.microsoft.com/dotnet/fundamentals/code-analysis/style-rules/ide0055) [C:\UserWorx\VSWorx\ServoStudio\wpfui-servoStudio\samples\Wpf.Ui.servoStudio\servoStudio.csproj]
C:\UserWorx\VSWorx\ServoStudio\wpfui-servoStudio\samples\Wpf.Ui.servoStudio\Core\CANopen\Adapters\ControlCanBus.cs(229,30): warning IDE0055: 淇鏍煎紡 (https://learn.microsoft.com/dotnet/fundamentals/code-analysis/style-rules/ide0055) [C:\UserWorx\VSWorx\ServoStudio\wpfui-servoStudio\samples\Wpf.Ui.servoStudio\servoStudio.csproj]
C:\UserWorx\VSWorx\ServoStudio\wpfui-servoStudio\samples\Wpf.Ui.servoStudio\Core\CANopen\Adapters\ControlCanBus.cs(230,30): warning IDE0055: 淇鏍煎紡 (https://learn.microsoft.com/dotnet/fundamentals/code-analysis/style-rules/ide0055) [C:\UserWorx\VSWorx\ServoStudio\wpfui-servoStudio\samples\Wpf.Ui.servoStudio\servoStudio.csproj]
C:\UserWorx\VSWorx\ServoStudio\wpfui-servoStudio\samples\Wpf.Ui.servoStudio\Core\CANopen\Adapters\ControlCanBus.cs(231,30): warning IDE0055: 淇鏍煎紡 (https://learn.microsoft.com/dotnet/fundamentals/code-analysis/style-rules/ide0055) [C:\UserWorx\VSWorx\ServoStudio\wpfui-servoStudio\samples\Wpf.Ui.servoStudio\servoStudio.csproj]
C:\UserWorx\VSWorx\ServoStudio\wpfui-servoStudio\samples\Wpf.Ui.servoStudio\Core\CANopen\Adapters\ControlCanBus.cs(232,31): warning IDE0055: 淇鏍煎紡 (https://learn.microsoft.com/dotnet/fundamentals/code-analysis/style-rules/ide0055) [C:\UserWorx\VSWorx\ServoStudio\wpfui-servoStudio\samples\Wpf.Ui.servoStudio\servoStudio.csproj]
C:\UserWorx\VSWorx\ServoStudio\wpfui-servoStudio\samples\Wpf.Ui.servoStudio\Core\CANopen\Adapters\ControlCanBus.cs(233,31): warning IDE0055: 淇鏍煎紡 (https://learn.microsoft.com/dotnet/fundamentals/code-analysis/style-rules/ide0055) [C:\UserWorx\VSWorx\ServoStudio\wpfui-servoStudio\samples\Wpf.Ui.servoStudio\servoStudio.csproj]
C:\UserWorx\VSWorx\ServoStudio\wpfui-servoStudio\samples\Wpf.Ui.servoStudio\Core\CANopen\Adapters\ControlCanBus.cs(234,31): warning IDE0055: 淇鏍煎紡 (https://learn.microsoft.com/dotnet/fundamentals/code-analysis/style-rules/ide0055) [C:\UserWorx\VSWorx\ServoStudio\wpfui-servoStudio\samples\Wpf.Ui.servoStudio\servoStudio.csproj]
C:\UserWorx\VSWorx\ServoStudio\wpfui-servoStudio\samples\Wpf.Ui.servoStudio\Core\CANopen\Adapters\ControlCanBus.cs(235,31): warning IDE0055: 淇鏍煎紡 (https://learn.microsoft.com/dotnet/fundamentals/code-analysis/style-rules/ide0055) [C:\UserWorx\VSWorx\ServoStudio\wpfui-servoStudio\samples\Wpf.Ui.servoStudio\servoStudio.csproj]
C:\UserWorx\VSWorx\ServoStudio\wpfui-servoStudio\samples\Wpf.Ui.servoStudio\Core\CANopen\Adapters\ControlCanBus.cs(236,31): warning IDE0055: 淇鏍煎紡 (https://learn.microsoft.com/dotnet/fundamentals/code-analysis/style-rules/ide0055) [C:\UserWorx\VSWorx\ServoStudio\wpfui-servoStudio\samples\Wpf.Ui.servoStudio\servoStudio.csproj]
C:\UserWorx\VSWorx\ServoStudio\wpfui-servoStudio\samples\Wpf.Ui.servoStudio\Core\CANopen\Adapters\ControlCanBus.cs(270,35): warning IDE0055: 淇鏍煎紡 (https://learn.microsoft.com/dotnet/fundamentals/code-analysis/style-rules/ide0055) [C:\UserWorx\VSWorx\ServoStudio\wpfui-servoStudio\samples\Wpf.Ui.servoStudio\servoStudio.csproj]
C:\UserWorx\VSWorx\ServoStudio\wpfui-servoStudio\samples\Wpf.Ui.servoStudio\Core\CANopen\Adapters\ControlCanBus.cs(271,35): warning IDE0055: 淇鏍煎紡 (https://learn.microsoft.com/dotnet/fundamentals/code-analysis/style-rules/ide0055) [C:\UserWorx\VSWorx\ServoStudio\wpfui-servoStudio\samples\Wpf.Ui.servoStudio\servoStudio.csproj]
C:\UserWorx\VSWorx\ServoStudio\wpfui-servoStudio\samples\Wpf.Ui.servoStudio\Core\CANopen\Adapters\ControlCanBus.cs(272,35): warning IDE0055: 淇鏍煎紡 (https://learn.microsoft.com/dotnet/fundamentals/code-analysis/style-rules/ide0055) [C:\UserWorx\VSWorx\ServoStudio\wpfui-servoStudio\samples\Wpf.Ui.servoStudio\servoStudio.csproj]
C:\UserWorx\VSWorx\ServoStudio\wpfui-servoStudio\samples\Wpf.Ui.servoStudio\Core\CANopen\Adapters\ControlCanBus.cs(273,35): warning IDE0055: 淇鏍煎紡 (https://learn.microsoft.com/dotnet/fundamentals/code-analysis/style-rules/ide0055) [C:\UserWorx\VSWorx\ServoStudio\wpfui-servoStudio\samples\Wpf.Ui.servoStudio\servoStudio.csproj]
C:\UserWorx\VSWorx\ServoStudio\wpfui-servoStudio\samples\Wpf.Ui.servoStudio\Core\CANopen\Adapters\ControlCanBus.cs(274,38): warning IDE0055: 淇鏍煎紡 (https://learn.microsoft.com/dotnet/fundamentals/code-analysis/style-rules/ide0055) [C:\UserWorx\VSWorx\ServoStudio\wpfui-servoStudio\samples\Wpf.Ui.servoStudio\servoStudio.csproj]
C:\UserWorx\VSWorx\ServoStudio\wpfui-servoStudio\samples\Wpf.Ui.servoStudio\Core\CANopen\Adapters\ControlCanBus.cs(70,13): warning IDE2003: 鍧椾笌鍚庣画璇彞涔嬮棿闇€瑕佹湁绌虹櫧琛?(https://learn.microsoft.com/dotnet/fundamentals/code-analysis/style-rules/ide2003) [C:\UserWorx\VSWorx\ServoStudio\wpfui-servoStudio\samples\Wpf.Ui.servoStudio\servoStudio.csproj]
C:\UserWorx\VSWorx\ServoStudio\wpfui-servoStudio\samples\Wpf.Ui.servoStudio\Core\CANopen\Adapters\ControlCanBus.cs(195,17): warning IDE2003: 鍧椾笌鍚庣画璇彞涔嬮棿闇€瑕佹湁绌虹櫧琛?(https://learn.microsoft.com/dotnet/fundamentals/code-analysis/style-rules/ide2003) [C:\UserWorx\VSWorx\ServoStudio\wpfui-servoStudio\samples\Wpf.Ui.servoStudio\servoStudio.csproj]
C:\UserWorx\VSWorx\ServoStudio\wpfui-servoStudio\samples\Wpf.Ui.servoStudio\Core\CANopen\Adapters\PcanBasicCanBus.cs(27,23): warning IDE0055: 淇鏍煎紡 (https://learn.microsoft.com/dotnet/fundamentals/code-analysis/style-rules/ide0055) [C:\UserWorx\VSWorx\ServoStudio\wpfui-servoStudio\samples\Wpf.Ui.servoStudio\servoStudio.csproj]
C:\UserWorx\VSWorx\ServoStudio\wpfui-servoStudio\samples\Wpf.Ui.servoStudio\Core\CANopen\Adapters\PcanBasicCanBus.cs(27,25): warning IDE0055: 淇鏍煎紡 (https://learn.microsoft.com/dotnet/fundamentals/code-analysis/style-rules/ide0055) [C:\UserWorx\VSWorx\ServoStudio\wpfui-servoStudio\samples\Wpf.Ui.servoStudio\servoStudio.csproj]
C:\UserWorx\VSWorx\ServoStudio\wpfui-servoStudio\samples\Wpf.Ui.servoStudio\Core\CANopen\Adapters\PcanBasicCanBus.cs(27,43): warning IDE0055: 淇鏍煎紡 (https://learn.microsoft.com/dotnet/fundamentals/code-analysis/style-rules/ide0055) [C:\UserWorx\VSWorx\ServoStudio\wpfui-servoStudio\samples\Wpf.Ui.servoStudio\servoStudio.csproj]
C:\UserWorx\VSWorx\ServoStudio\wpfui-servoStudio\samples\Wpf.Ui.servoStudio\Core\CANopen\Adapters\PcanBasicCanBus.cs(31,29): warning IDE0055: 淇鏍煎紡 (https://learn.microsoft.com/dotnet/fundamentals/code-analysis/style-rules/ide0055) [C:\UserWorx\VSWorx\ServoStudio\wpfui-servoStudio\samples\Wpf.Ui.servoStudio\servoStudio.csproj]
C:\UserWorx\VSWorx\ServoStudio\wpfui-servoStudio\samples\Wpf.Ui.servoStudio\Core\CANopen\Adapters\PcanBasicCanBus.cs(31,31): warning IDE0055: 淇鏍煎紡 (https://learn.microsoft.com/dotnet/fundamentals/code-analysis/style-rules/ide0055) [C:\UserWorx\VSWorx\ServoStudio\wpfui-servoStudio\samples\Wpf.Ui.servoStudio\servoStudio.csproj]
C:\UserWorx\VSWorx\ServoStudio\wpfui-servoStudio\samples\Wpf.Ui.servoStudio\Core\CANopen\Adapters\PcanBasicCanBus.cs(33,43): warning IDE0055: 淇鏍煎紡 (https://learn.microsoft.com/dotnet/fundamentals/code-analysis/style-rules/ide0055) [C:\UserWorx\VSWorx\ServoStudio\wpfui-servoStudio\samples\Wpf.Ui.servoStudio\servoStudio.csproj]
C:\UserWorx\VSWorx\ServoStudio\wpfui-servoStudio\samples\Wpf.Ui.servoStudio\Core\CANopen\Adapters\PcanBasicCanBus.cs(33,45): warning IDE0055: 淇鏍煎紡 (https://learn.microsoft.com/dotnet/fundamentals/code-analysis/style-rules/ide0055) [C:\UserWorx\VSWorx\ServoStudio\wpfui-servoStudio\samples\Wpf.Ui.servoStudio\servoStudio.csproj]
C:\UserWorx\VSWorx\ServoStudio\wpfui-servoStudio\samples\Wpf.Ui.servoStudio\Core\CANopen\Adapters\PcanBasicCanBus.cs(33,64): warning IDE0055: 淇鏍煎紡 (https://learn.microsoft.com/dotnet/fundamentals/code-analysis/style-rules/ide0055) [C:\UserWorx\VSWorx\ServoStudio\wpfui-servoStudio\samples\Wpf.Ui.servoStudio\servoStudio.csproj]
C:\UserWorx\VSWorx\ServoStudio\wpfui-servoStudio\samples\Wpf.Ui.servoStudio\Core\CANopen\Adapters\PcanBasicCanBus.cs(45,30): warning IDE0055: 淇鏍煎紡 (https://learn.microsoft.com/dotnet/fundamentals/code-analysis/style-rules/ide0055) [C:\UserWorx\VSWorx\ServoStudio\wpfui-servoStudio\samples\Wpf.Ui.servoStudio\servoStudio.csproj]
C:\UserWorx\VSWorx\ServoStudio\wpfui-servoStudio\samples\Wpf.Ui.servoStudio\Core\CANopen\Adapters\PcanBasicCanBus.cs(46,30): warning IDE0055: 淇鏍煎紡 (https://learn.microsoft.com/dotnet/fundamentals/code-analysis/style-rules/ide0055) [C:\UserWorx\VSWorx\ServoStudio\wpfui-servoStudio\samples\Wpf.Ui.servoStudio\servoStudio.csproj]
C:\UserWorx\VSWorx\ServoStudio\wpfui-servoStudio\samples\Wpf.Ui.servoStudio\Core\CANopen\Adapters\PcanBasicCanBus.cs(47,30): warning IDE0055: 淇鏍煎紡 (https://learn.microsoft.com/dotnet/fundamentals/code-analysis/style-rules/ide0055) [C:\UserWorx\VSWorx\ServoStudio\wpfui-servoStudio\samples\Wpf.Ui.servoStudio\servoStudio.csproj]
C:\UserWorx\VSWorx\ServoStudio\wpfui-servoStudio\samples\Wpf.Ui.servoStudio\Core\CANopen\Adapters\PcanBasicCanBus.cs(48,31): warning IDE0055: 淇鏍煎紡 (https://learn.microsoft.com/dotnet/fundamentals/code-analysis/style-rules/ide0055) [C:\UserWorx\VSWorx\ServoStudio\wpfui-servoStudio\samples\Wpf.Ui.servoStudio\servoStudio.csproj]
C:\UserWorx\VSWorx\ServoStudio\wpfui-servoStudio\samples\Wpf.Ui.servoStudio\Core\CANopen\Adapters\PcanBasicCanBus.cs(49,31): warning IDE0055: 淇鏍煎紡 (https://learn.microsoft.com/dotnet/fundamentals/code-analysis/style-rules/ide0055) [C:\UserWorx\VSWorx\ServoStudio\wpfui-servoStudio\samples\Wpf.Ui.servoStudio\servoStudio.csproj]
C:\UserWorx\VSWorx\ServoStudio\wpfui-servoStudio\samples\Wpf.Ui.servoStudio\Core\CANopen\Adapters\PcanBasicCanBus.cs(50,31): warning IDE0055: 淇鏍煎紡 (https://learn.microsoft.com/dotnet/fundamentals/code-analysis/style-rules/ide0055) [C:\UserWorx\VSWorx\ServoStudio\wpfui-servoStudio\samples\Wpf.Ui.servoStudio\servoStudio.csproj]
C:\UserWorx\VSWorx\ServoStudio\wpfui-servoStudio\samples\Wpf.Ui.servoStudio\Core\CANopen\Adapters\PcanBasicCanBus.cs(51,31): warning IDE0055: 淇鏍煎紡 (https://learn.microsoft.com/dotnet/fundamentals/code-analysis/style-rules/ide0055) [C:\UserWorx\VSWorx\ServoStudio\wpfui-servoStudio\samples\Wpf.Ui.servoStudio\servoStudio.csproj]
C:\UserWorx\VSWorx\ServoStudio\wpfui-servoStudio\samples\Wpf.Ui.servoStudio\Core\CANopen\Adapters\PcanBasicCanBus.cs(52,31): warning IDE0055: 淇鏍煎紡 (https://learn.microsoft.com/dotnet/fundamentals/code-analysis/style-rules/ide0055) [C:\UserWorx\VSWorx\ServoStudio\wpfui-servoStudio\samples\Wpf.Ui.servoStudio\servoStudio.csproj]
C:\UserWorx\VSWorx\ServoStudio\wpfui-servoStudio\samples\Wpf.Ui.servoStudio\Core\CANopen\Adapters\PcanBasicCanBus.cs(82,12): warning IDE0055: 淇鏍煎紡 (https://learn.microsoft.com/dotnet/fundamentals/code-analysis/style-rules/ide0055) [C:\UserWorx\VSWorx\ServoStudio\wpfui-servoStudio\samples\Wpf.Ui.servoStudio\servoStudio.csproj]
C:\UserWorx\VSWorx\ServoStudio\wpfui-servoStudio\samples\Wpf.Ui.servoStudio\Core\CANopen\Adapters\PcanBasicCanBus.cs(82,14): warning IDE0055: 淇鏍煎紡 (https://learn.microsoft.com/dotnet/fundamentals/code-analysis/style-rules/ide0055) [C:\UserWorx\VSWorx\ServoStudio\wpfui-servoStudio\samples\Wpf.Ui.servoStudio\servoStudio.csproj]
C:\UserWorx\VSWorx\ServoStudio\wpfui-servoStudio\samples\Wpf.Ui.servoStudio\Core\CANopen\Adapters\PcanBasicCanBus.cs(82,56): warning IDE0055: 淇鏍煎紡 (https://learn.microsoft.com/dotnet/fundamentals/code-analysis/style-rules/ide0055) [C:\UserWorx\VSWorx\ServoStudio\wpfui-servoStudio\samples\Wpf.Ui.servoStudio\servoStudio.csproj]
C:\UserWorx\VSWorx\ServoStudio\wpfui-servoStudio\samples\Wpf.Ui.servoStudio\Core\CANopen\Adapters\PcanBasicCanBus.cs(82,58): warning IDE0055: 淇鏍煎紡 (https://learn.microsoft.com/dotnet/fundamentals/code-analysis/style-rules/ide0055) [C:\UserWorx\VSWorx\ServoStudio\wpfui-servoStudio\samples\Wpf.Ui.servoStudio\servoStudio.csproj]
C:\UserWorx\VSWorx\ServoStudio\wpfui-servoStudio\samples\Wpf.Ui.servoStudio\Core\CANopen\Adapters\PcanBasicCanBus.cs(202,38): warning IDE0055: 淇鏍煎紡 (https://learn.microsoft.com/dotnet/fundamentals/code-analysis/style-rules/ide0055) [C:\UserWorx\VSWorx\ServoStudio\wpfui-servoStudio\samples\Wpf.Ui.servoStudio\servoStudio.csproj]
C:\UserWorx\VSWorx\ServoStudio\wpfui-servoStudio\samples\Wpf.Ui.servoStudio\Core\CANopen\Adapters\PcanBasicCanBus.cs(203,38): warning IDE0055: 淇鏍煎紡 (https://learn.microsoft.com/dotnet/fundamentals/code-analysis/style-rules/ide0055) [C:\UserWorx\VSWorx\ServoStudio\wpfui-servoStudio\samples\Wpf.Ui.servoStudio\servoStudio.csproj]
C:\UserWorx\VSWorx\ServoStudio\wpfui-servoStudio\samples\Wpf.Ui.servoStudio\Core\CANopen\Adapters\PcanBasicCanBus.cs(204,38): warning IDE0055: 淇鏍煎紡 (https://learn.microsoft.com/dotnet/fundamentals/code-analysis/style-rules/ide0055) [C:\UserWorx\VSWorx\ServoStudio\wpfui-servoStudio\samples\Wpf.Ui.servoStudio\servoStudio.csproj]
C:\UserWorx\VSWorx\ServoStudio\wpfui-servoStudio\samples\Wpf.Ui.servoStudio\Core\CANopen\Adapters\PcanBasicCanBus.cs(205,38): warning IDE0055: 淇鏍煎紡 (https://learn.microsoft.com/dotnet/fundamentals/code-analysis/style-rules/ide0055) [C:\UserWorx\VSWorx\ServoStudio\wpfui-servoStudio\samples\Wpf.Ui.servoStudio\servoStudio.csproj]
C:\UserWorx\VSWorx\ServoStudio\wpfui-servoStudio\samples\Wpf.Ui.servoStudio\Core\CANopen\Adapters\PcanBasicCanBus.cs(206,38): warning IDE0055: 淇鏍煎紡 (https://learn.microsoft.com/dotnet/fundamentals/code-analysis/style-rules/ide0055) [C:\UserWorx\VSWorx\ServoStudio\wpfui-servoStudio\samples\Wpf.Ui.servoStudio\servoStudio.csproj]
C:\UserWorx\VSWorx\ServoStudio\wpfui-servoStudio\samples\Wpf.Ui.servoStudio\Core\CANopen\Adapters\PcanBasicCanBus.cs(207,38): warning IDE0055: 淇鏍煎紡 (https://learn.microsoft.com/dotnet/fundamentals/code-analysis/style-rules/ide0055) [C:\UserWorx\VSWorx\ServoStudio\wpfui-servoStudio\samples\Wpf.Ui.servoStudio\servoStudio.csproj]
C:\UserWorx\VSWorx\ServoStudio\wpfui-servoStudio\samples\Wpf.Ui.servoStudio\Core\CANopen\Adapters\PcanBasicCanBus.cs(208,38): warning IDE0055: 淇鏍煎紡 (https://learn.microsoft.com/dotnet/fundamentals/code-analysis/style-rules/ide0055) [C:\UserWorx\VSWorx\ServoStudio\wpfui-servoStudio\samples\Wpf.Ui.servoStudio\servoStudio.csproj]
C:\UserWorx\VSWorx\ServoStudio\wpfui-servoStudio\samples\Wpf.Ui.servoStudio\Core\CANopen\Adapters\PcanBasicCanBus.cs(209,38): warning IDE0055: 淇鏍煎紡 (https://learn.microsoft.com/dotnet/fundamentals/code-analysis/style-rules/ide0055) [C:\UserWorx\VSWorx\ServoStudio\wpfui-servoStudio\samples\Wpf.Ui.servoStudio\servoStudio.csproj]
C:\UserWorx\VSWorx\ServoStudio\wpfui-servoStudio\samples\Wpf.Ui.servoStudio\Core\CANopen\Adapters\PcanBasicCanBus.cs(210,38): warning IDE0055: 淇鏍煎紡 (https://learn.microsoft.com/dotnet/fundamentals/code-analysis/style-rules/ide0055) [C:\UserWorx\VSWorx\ServoStudio\wpfui-servoStudio\samples\Wpf.Ui.servoStudio\servoStudio.csproj]
C:\UserWorx\VSWorx\ServoStudio\wpfui-servoStudio\samples\Wpf.Ui.servoStudio\Core\CANopen\Adapters\PcanBasicCanBus.cs(220,38): warning IDE0055: 淇鏍煎紡 (https://learn.microsoft.com/dotnet/fundamentals/code-analysis/style-rules/ide0055) [C:\UserWorx\VSWorx\ServoStudio\wpfui-servoStudio\samples\Wpf.Ui.servoStudio\servoStudio.csproj]
C:\UserWorx\VSWorx\ServoStudio\wpfui-servoStudio\samples\Wpf.Ui.servoStudio\Core\CANopen\Adapters\PcanBasicCanBus.cs(226,39): warning IDE0055: 淇鏍煎紡 (https://learn.microsoft.com/dotnet/fundamentals/code-analysis/style-rules/ide0055) [C:\UserWorx\VSWorx\ServoStudio\wpfui-servoStudio\samples\Wpf.Ui.servoStudio\servoStudio.csproj]
C:\UserWorx\VSWorx\ServoStudio\wpfui-servoStudio\samples\Wpf.Ui.servoStudio\Core\CANopen\Adapters\PcanBasicCanBus.cs(227,39): warning IDE0055: 淇鏍煎紡 (https://learn.microsoft.com/dotnet/fundamentals/code-analysis/style-rules/ide0055) [C:\UserWorx\VSWorx\ServoStudio\wpfui-servoStudio\samples\Wpf.Ui.servoStudio\servoStudio.csproj]
C:\UserWorx\VSWorx\ServoStudio\wpfui-servoStudio\samples\Wpf.Ui.servoStudio\Core\CANopen\Adapters\PcanBasicCanBus.cs(228,39): warning IDE0055: 淇鏍煎紡 (https://learn.microsoft.com/dotnet/fundamentals/code-analysis/style-rules/ide0055) [C:\UserWorx\VSWorx\ServoStudio\wpfui-servoStudio\samples\Wpf.Ui.servoStudio\servoStudio.csproj]
C:\UserWorx\VSWorx\ServoStudio\wpfui-servoStudio\samples\Wpf.Ui.servoStudio\Core\CANopen\Adapters\PcanBasicCanBus.cs(232,40): warning IDE0055: 淇鏍煎紡 (https://learn.microsoft.com/dotnet/fundamentals/code-analysis/style-rules/ide0055) [C:\UserWorx\VSWorx\ServoStudio\wpfui-servoStudio\samples\Wpf.Ui.servoStudio\servoStudio.csproj]
C:\UserWorx\VSWorx\ServoStudio\wpfui-servoStudio\samples\Wpf.Ui.servoStudio\Core\CANopen\Adapters\PcanBasicCanBus.cs(236,37): warning IDE0055: 淇鏍煎紡 (https://learn.microsoft.com/dotnet/fundamentals/code-analysis/style-rules/ide0055) [C:\UserWorx\VSWorx\ServoStudio\wpfui-servoStudio\samples\Wpf.Ui.servoStudio\servoStudio.csproj]
C:\UserWorx\VSWorx\ServoStudio\wpfui-servoStudio\samples\Wpf.Ui.servoStudio\Core\CANopen\Adapters\PcanBasicCanBus.cs(237,44): warning IDE0055: 淇鏍煎紡 (https://learn.microsoft.com/dotnet/fundamentals/code-analysis/style-rules/ide0055) [C:\UserWorx\VSWorx\ServoStudio\wpfui-servoStudio\samples\Wpf.Ui.servoStudio\servoStudio.csproj]
C:\UserWorx\VSWorx\ServoStudio\wpfui-servoStudio\samples\Wpf.Ui.servoStudio\Core\CANopen\Adapters\PcanBasicCanBus.cs(64,13): warning IDE2003: 鍧椾笌鍚庣画璇彞涔嬮棿闇€瑕佹湁绌虹櫧琛?(https://learn.microsoft.com/dotnet/fundamentals/code-analysis/style-rules/ide2003) [C:\UserWorx\VSWorx\ServoStudio\wpfui-servoStudio\samples\Wpf.Ui.servoStudio\servoStudio.csproj]
C:\UserWorx\VSWorx\ServoStudio\wpfui-servoStudio\samples\Wpf.Ui.servoStudio\Core\CANopen\Adapters\PcanBasicCanBus.cs(82,80): warning IDE2003: 鍧椾笌鍚庣画璇彞涔嬮棿闇€瑕佹湁绌虹櫧琛?(https://learn.microsoft.com/dotnet/fundamentals/code-analysis/style-rules/ide2003) [C:\UserWorx\VSWorx\ServoStudio\wpfui-servoStudio\samples\Wpf.Ui.servoStudio\servoStudio.csproj]
C:\UserWorx\VSWorx\ServoStudio\wpfui-servoStudio\samples\Wpf.Ui.servoStudio\Core\CANopen\Adapters\PcanBasicCanBus.cs(140,17): warning IDE2003: 鍧椾笌鍚庣画璇彞涔嬮棿闇€瑕佹湁绌虹櫧琛?(https://learn.microsoft.com/dotnet/fundamentals/code-analysis/style-rules/ide2003) [C:\UserWorx\VSWorx\ServoStudio\wpfui-servoStudio\samples\Wpf.Ui.servoStudio\servoStudio.csproj]
C:\UserWorx\VSWorx\ServoStudio\wpfui-servoStudio\samples\Wpf.Ui.servoStudio\Core\CANopen\Adapters\ToomossCanBus.cs(27,30): warning IDE0055: 淇鏍煎紡 (https://learn.microsoft.com/dotnet/fundamentals/code-analysis/style-rules/ide0055) [C:\UserWorx\VSWorx\ServoStudio\wpfui-servoStudio\samples\Wpf.Ui.servoStudio\servoStudio.csproj]
C:\UserWorx\VSWorx\ServoStudio\wpfui-servoStudio\samples\Wpf.Ui.servoStudio\Core\CANopen\Adapters\ToomossCanBus.cs(27,32): warning IDE0055: 淇鏍煎紡 (https://learn.microsoft.com/dotnet/fundamentals/code-analysis/style-rules/ide0055) [C:\UserWorx\VSWorx\ServoStudio\wpfui-servoStudio\samples\Wpf.Ui.servoStudio\servoStudio.csproj]
C:\UserWorx\VSWorx\ServoStudio\wpfui-servoStudio\samples\Wpf.Ui.servoStudio\Core\CANopen\Adapters\ToomossCanBus.cs(27,42): warning IDE0055: 淇鏍煎紡 (https://learn.microsoft.com/dotnet/fundamentals/code-analysis/style-rules/ide0055) [C:\UserWorx\VSWorx\ServoStudio\wpfui-servoStudio\samples\Wpf.Ui.servoStudio\servoStudio.csproj]
C:\UserWorx\VSWorx\ServoStudio\wpfui-servoStudio\samples\Wpf.Ui.servoStudio\Core\CANopen\Adapters\ToomossCanBus.cs(30,25): warning IDE0055: 淇鏍煎紡 (https://learn.microsoft.com/dotnet/fundamentals/code-analysis/style-rules/ide0055) [C:\UserWorx\VSWorx\ServoStudio\wpfui-servoStudio\samples\Wpf.Ui.servoStudio\servoStudio.csproj]
C:\UserWorx\VSWorx\ServoStudio\wpfui-servoStudio\samples\Wpf.Ui.servoStudio\Core\CANopen\Adapters\ToomossCanBus.cs(30,27): warning IDE0055: 淇鏍煎紡 (https://learn.microsoft.com/dotnet/fundamentals/code-analysis/style-rules/ide0055) [C:\UserWorx\VSWorx\ServoStudio\wpfui-servoStudio\samples\Wpf.Ui.servoStudio\servoStudio.csproj]
C:\UserWorx\VSWorx\ServoStudio\wpfui-servoStudio\samples\Wpf.Ui.servoStudio\Core\CANopen\Adapters\ToomossCanBus.cs(30,37): warning IDE0055: 淇鏍煎紡 (https://learn.microsoft.com/dotnet/fundamentals/code-analysis/style-rules/ide0055) [C:\UserWorx\VSWorx\ServoStudio\wpfui-servoStudio\samples\Wpf.Ui.servoStudio\servoStudio.csproj]
C:\UserWorx\VSWorx\ServoStudio\wpfui-servoStudio\samples\Wpf.Ui.servoStudio\Core\CANopen\Adapters\ToomossCanBus.cs(32,23): warning IDE0055: 淇鏍煎紡 (https://learn.microsoft.com/dotnet/fundamentals/code-analysis/style-rules/ide0055) [C:\UserWorx\VSWorx\ServoStudio\wpfui-servoStudio\samples\Wpf.Ui.servoStudio\servoStudio.csproj]
C:\UserWorx\VSWorx\ServoStudio\wpfui-servoStudio\samples\Wpf.Ui.servoStudio\Core\CANopen\Adapters\ToomossCanBus.cs(32,25): warning IDE0055: 淇鏍煎紡 (https://learn.microsoft.com/dotnet/fundamentals/code-analysis/style-rules/ide0055) [C:\UserWorx\VSWorx\ServoStudio\wpfui-servoStudio\samples\Wpf.Ui.servoStudio\servoStudio.csproj]
C:\UserWorx\VSWorx\ServoStudio\wpfui-servoStudio\samples\Wpf.Ui.servoStudio\Core\CANopen\Adapters\ToomossCanBus.cs(32,43): warning IDE0055: 淇鏍煎紡 (https://learn.microsoft.com/dotnet/fundamentals/code-analysis/style-rules/ide0055) [C:\UserWorx\VSWorx\ServoStudio\wpfui-servoStudio\samples\Wpf.Ui.servoStudio\servoStudio.csproj]
C:\UserWorx\VSWorx\ServoStudio\wpfui-servoStudio\samples\Wpf.Ui.servoStudio\Core\CANopen\Adapters\ToomossCanBus.cs(37,27): warning IDE0055: 淇鏍煎紡 (https://learn.microsoft.com/dotnet/fundamentals/code-analysis/style-rules/ide0055) [C:\UserWorx\VSWorx\ServoStudio\wpfui-servoStudio\samples\Wpf.Ui.servoStudio\servoStudio.csproj]
C:\UserWorx\VSWorx\ServoStudio\wpfui-servoStudio\samples\Wpf.Ui.servoStudio\Core\CANopen\Adapters\ToomossCanBus.cs(37,29): warning IDE0055: 淇鏍煎紡 (https://learn.microsoft.com/dotnet/fundamentals/code-analysis/style-rules/ide0055) [C:\UserWorx\VSWorx\ServoStudio\wpfui-servoStudio\samples\Wpf.Ui.servoStudio\servoStudio.csproj]
C:\UserWorx\VSWorx\ServoStudio\wpfui-servoStudio\samples\Wpf.Ui.servoStudio\Core\CANopen\Adapters\ToomossCanBus.cs(57,28): warning IDE0055: 淇鏍煎紡 (https://learn.microsoft.com/dotnet/fundamentals/code-analysis/style-rules/ide0055) [C:\UserWorx\VSWorx\ServoStudio\wpfui-servoStudio\samples\Wpf.Ui.servoStudio\servoStudio.csproj]
C:\UserWorx\VSWorx\ServoStudio\wpfui-servoStudio\samples\Wpf.Ui.servoStudio\Core\CANopen\Adapters\ToomossCanBus.cs(57,30): warning IDE0055: 淇鏍煎紡 (https://learn.microsoft.com/dotnet/fundamentals/code-analysis/style-rules/ide0055) [C:\UserWorx\VSWorx\ServoStudio\wpfui-servoStudio\samples\Wpf.Ui.servoStudio\servoStudio.csproj]
C:\UserWorx\VSWorx\ServoStudio\wpfui-servoStudio\samples\Wpf.Ui.servoStudio\Core\CANopen\Adapters\ToomossCanBus.cs(57,66): warning IDE0055: 淇鏍煎紡 (https://learn.microsoft.com/dotnet/fundamentals/code-analysis/style-rules/ide0055) [C:\UserWorx\VSWorx\ServoStudio\wpfui-servoStudio\samples\Wpf.Ui.servoStudio\servoStudio.csproj]
C:\UserWorx\VSWorx\ServoStudio\wpfui-servoStudio\samples\Wpf.Ui.servoStudio\Core\CANopen\Adapters\ToomossCanBus.cs(57,80): warning IDE0055: 淇鏍煎紡 (https://learn.microsoft.com/dotnet/fundamentals/code-analysis/style-rules/ide0055) [C:\UserWorx\VSWorx\ServoStudio\wpfui-servoStudio\samples\Wpf.Ui.servoStudio\servoStudio.csproj]
C:\UserWorx\VSWorx\ServoStudio\wpfui-servoStudio\samples\Wpf.Ui.servoStudio\Core\CANopen\Adapters\ToomossCanBus.cs(91,75): warning IDE0055: 淇鏍煎紡 (https://learn.microsoft.com/dotnet/fundamentals/code-analysis/style-rules/ide0055) [C:\UserWorx\VSWorx\ServoStudio\wpfui-servoStudio\samples\Wpf.Ui.servoStudio\servoStudio.csproj]
C:\UserWorx\VSWorx\ServoStudio\wpfui-servoStudio\samples\Wpf.Ui.servoStudio\Core\CANopen\Adapters\ToomossCanBus.cs(91,91): warning IDE0055: 淇鏍煎紡 (https://learn.microsoft.com/dotnet/fundamentals/code-analysis/style-rules/ide0055) [C:\UserWorx\VSWorx\ServoStudio\wpfui-servoStudio\samples\Wpf.Ui.servoStudio\servoStudio.csproj]
C:\UserWorx\VSWorx\ServoStudio\wpfui-servoStudio\samples\Wpf.Ui.servoStudio\Core\CANopen\Adapters\ToomossCanBus.cs(213,30): warning IDE0055: 淇鏍煎紡 (https://learn.microsoft.com/dotnet/fundamentals/code-analysis/style-rules/ide0055) [C:\UserWorx\VSWorx\ServoStudio\wpfui-servoStudio\samples\Wpf.Ui.servoStudio\servoStudio.csproj]
C:\UserWorx\VSWorx\ServoStudio\wpfui-servoStudio\samples\Wpf.Ui.servoStudio\Core\CANopen\Adapters\ToomossCanBus.cs(214,30): warning IDE0055: 淇鏍煎紡 (https://learn.microsoft.com/dotnet/fundamentals/code-analysis/style-rules/ide0055) [C:\UserWorx\VSWorx\ServoStudio\wpfui-servoStudio\samples\Wpf.Ui.servoStudio\servoStudio.csproj]
C:\UserWorx\VSWorx\ServoStudio\wpfui-servoStudio\samples\Wpf.Ui.servoStudio\Core\CANopen\Adapters\ToomossCanBus.cs(215,30): warning IDE0055: 淇鏍煎紡 (https://learn.microsoft.com/dotnet/fundamentals/code-analysis/style-rules/ide0055) [C:\UserWorx\VSWorx\ServoStudio\wpfui-servoStudio\samples\Wpf.Ui.servoStudio\servoStudio.csproj]
C:\UserWorx\VSWorx\ServoStudio\wpfui-servoStudio\samples\Wpf.Ui.servoStudio\Core\CANopen\Adapters\ToomossCanBus.cs(215,48): warning IDE0055: 淇鏍煎紡 (https://learn.microsoft.com/dotnet/fundamentals/code-analysis/style-rules/ide0055) [C:\UserWorx\VSWorx\ServoStudio\wpfui-servoStudio\samples\Wpf.Ui.servoStudio\servoStudio.csproj]
C:\UserWorx\VSWorx\ServoStudio\wpfui-servoStudio\samples\Wpf.Ui.servoStudio\Core\CANopen\Adapters\ToomossCanBus.cs(216,31): warning IDE0055: 淇鏍煎紡 (https://learn.microsoft.com/dotnet/fundamentals/code-analysis/style-rules/ide0055) [C:\UserWorx\VSWorx\ServoStudio\wpfui-servoStudio\samples\Wpf.Ui.servoStudio\servoStudio.csproj]
C:\UserWorx\VSWorx\ServoStudio\wpfui-servoStudio\samples\Wpf.Ui.servoStudio\Core\CANopen\Adapters\ToomossCanBus.cs(216,48): warning IDE0055: 淇鏍煎紡 (https://learn.microsoft.com/dotnet/fundamentals/code-analysis/style-rules/ide0055) [C:\UserWorx\VSWorx\ServoStudio\wpfui-servoStudio\samples\Wpf.Ui.servoStudio\servoStudio.csproj]
C:\UserWorx\VSWorx\ServoStudio\wpfui-servoStudio\samples\Wpf.Ui.servoStudio\Core\CANopen\Adapters\ToomossCanBus.cs(217,31): warning IDE0055: 淇鏍煎紡 (https://learn.microsoft.com/dotnet/fundamentals/code-analysis/style-rules/ide0055) [C:\UserWorx\VSWorx\ServoStudio\wpfui-servoStudio\samples\Wpf.Ui.servoStudio\servoStudio.csproj]
C:\UserWorx\VSWorx\ServoStudio\wpfui-servoStudio\samples\Wpf.Ui.servoStudio\Core\CANopen\Adapters\ToomossCanBus.cs(217,48): warning IDE0055: 淇鏍煎紡 (https://learn.microsoft.com/dotnet/fundamentals/code-analysis/style-rules/ide0055) [C:\UserWorx\VSWorx\ServoStudio\wpfui-servoStudio\samples\Wpf.Ui.servoStudio\servoStudio.csproj]
C:\UserWorx\VSWorx\ServoStudio\wpfui-servoStudio\samples\Wpf.Ui.servoStudio\Core\CANopen\Adapters\ToomossCanBus.cs(218,31): warning IDE0055: 淇鏍煎紡 (https://learn.microsoft.com/dotnet/fundamentals/code-analysis/style-rules/ide0055) [C:\UserWorx\VSWorx\ServoStudio\wpfui-servoStudio\samples\Wpf.Ui.servoStudio\servoStudio.csproj]
C:\UserWorx\VSWorx\ServoStudio\wpfui-servoStudio\samples\Wpf.Ui.servoStudio\Core\CANopen\Adapters\ToomossCanBus.cs(218,48): warning IDE0055: 淇鏍煎紡 (https://learn.microsoft.com/dotnet/fundamentals/code-analysis/style-rules/ide0055) [C:\UserWorx\VSWorx\ServoStudio\wpfui-servoStudio\samples\Wpf.Ui.servoStudio\servoStudio.csproj]
C:\UserWorx\VSWorx\ServoStudio\wpfui-servoStudio\samples\Wpf.Ui.servoStudio\Core\CANopen\Adapters\ToomossCanBus.cs(219,31): warning IDE0055: 淇鏍煎紡 (https://learn.microsoft.com/dotnet/fundamentals/code-analysis/style-rules/ide0055) [C:\UserWorx\VSWorx\ServoStudio\wpfui-servoStudio\samples\Wpf.Ui.servoStudio\servoStudio.csproj]
C:\UserWorx\VSWorx\ServoStudio\wpfui-servoStudio\samples\Wpf.Ui.servoStudio\Core\CANopen\Adapters\ToomossCanBus.cs(219,47): warning IDE0055: 淇鏍煎紡 (https://learn.microsoft.com/dotnet/fundamentals/code-analysis/style-rules/ide0055) [C:\UserWorx\VSWorx\ServoStudio\wpfui-servoStudio\samples\Wpf.Ui.servoStudio\servoStudio.csproj]
C:\UserWorx\VSWorx\ServoStudio\wpfui-servoStudio\samples\Wpf.Ui.servoStudio\Core\CANopen\Adapters\ToomossCanBus.cs(220,31): warning IDE0055: 淇鏍煎紡 (https://learn.microsoft.com/dotnet/fundamentals/code-analysis/style-rules/ide0055) [C:\UserWorx\VSWorx\ServoStudio\wpfui-servoStudio\samples\Wpf.Ui.servoStudio\servoStudio.csproj]
C:\UserWorx\VSWorx\ServoStudio\wpfui-servoStudio\samples\Wpf.Ui.servoStudio\Core\CANopen\Adapters\ToomossCanBus.cs(220,47): warning IDE0055: 淇鏍煎紡 (https://learn.microsoft.com/dotnet/fundamentals/code-analysis/style-rules/ide0055) [C:\UserWorx\VSWorx\ServoStudio\wpfui-servoStudio\samples\Wpf.Ui.servoStudio\servoStudio.csproj]
C:\UserWorx\VSWorx\ServoStudio\wpfui-servoStudio\samples\Wpf.Ui.servoStudio\Core\CANopen\Adapters\ToomossCanBus.cs(221,47): warning IDE0055: 淇鏍煎紡 (https://learn.microsoft.com/dotnet/fundamentals/code-analysis/style-rules/ide0055) [C:\UserWorx\VSWorx\ServoStudio\wpfui-servoStudio\samples\Wpf.Ui.servoStudio\servoStudio.csproj]
C:\UserWorx\VSWorx\ServoStudio\wpfui-servoStudio\samples\Wpf.Ui.servoStudio\Core\CANopen\Adapters\ToomossCanBus.cs(232,12): warning IDE0055: 淇鏍煎紡 (https://learn.microsoft.com/dotnet/fundamentals/code-analysis/style-rules/ide0055) [C:\UserWorx\VSWorx\ServoStudio\wpfui-servoStudio\samples\Wpf.Ui.servoStudio\servoStudio.csproj]
C:\UserWorx\VSWorx\ServoStudio\wpfui-servoStudio\samples\Wpf.Ui.servoStudio\Core\CANopen\Adapters\ToomossCanBus.cs(232,14): warning IDE0055: 淇鏍煎紡 (https://learn.microsoft.com/dotnet/fundamentals/code-analysis/style-rules/ide0055) [C:\UserWorx\VSWorx\ServoStudio\wpfui-servoStudio\samples\Wpf.Ui.servoStudio\servoStudio.csproj]
C:\UserWorx\VSWorx\ServoStudio\wpfui-servoStudio\samples\Wpf.Ui.servoStudio\Core\CANopen\Adapters\ToomossCanBus.cs(232,77): warning IDE0055: 淇鏍煎紡 (https://learn.microsoft.com/dotnet/fundamentals/code-analysis/style-rules/ide0055) [C:\UserWorx\VSWorx\ServoStudio\wpfui-servoStudio\samples\Wpf.Ui.servoStudio\servoStudio.csproj]
C:\UserWorx\VSWorx\ServoStudio\wpfui-servoStudio\samples\Wpf.Ui.servoStudio\Core\CANopen\Adapters\ToomossCanBus.cs(57,81): warning IDE2003: 鍧椾笌鍚庣画璇彞涔嬮棿闇€瑕佹湁绌虹櫧琛?(https://learn.microsoft.com/dotnet/fundamentals/code-analysis/style-rules/ide2003) [C:\UserWorx\VSWorx\ServoStudio\wpfui-servoStudio\samples\Wpf.Ui.servoStudio\servoStudio.csproj]
C:\UserWorx\VSWorx\ServoStudio\wpfui-servoStudio\samples\Wpf.Ui.servoStudio\Core\CANopen\Adapters\ToomossCanBus.cs(185,58): warning IDE2003: 鍧椾笌鍚庣画璇彞涔嬮棿闇€瑕佹湁绌虹櫧琛?(https://learn.microsoft.com/dotnet/fundamentals/code-analysis/style-rules/ide2003) [C:\UserWorx\VSWorx\ServoStudio\wpfui-servoStudio\samples\Wpf.Ui.servoStudio\servoStudio.csproj]
C:\UserWorx\VSWorx\ServoStudio\wpfui-servoStudio\samples\Wpf.Ui.servoStudio\Core\Sync\WinMmCyclicTimer.cs(17,21): warning CA1060: 灏?pinvoke 绉诲埌鏈満鏂规硶绫?(https://learn.microsoft.com/dotnet/fundamentals/code-analysis/quality-rules/ca1060) [C:\UserWorx\VSWorx\ServoStudio\wpfui-servoStudio\samples\Wpf.Ui.servoStudio\servoStudio.csproj]
C:\UserWorx\VSWorx\ServoStudio\wpfui-servoStudio\samples\Wpf.Ui.servoStudio\Core\CANopen\Adapters\ZlgCanBus.cs(26,28): warning IDE0055: 淇鏍煎紡 (https://learn.microsoft.com/dotnet/fundamentals/code-analysis/style-rules/ide0055) [C:\UserWorx\VSWorx\ServoStudio\wpfui-servoStudio\samples\Wpf.Ui.servoStudio\servoStudio.csproj]
C:\UserWorx\VSWorx\ServoStudio\wpfui-servoStudio\samples\Wpf.Ui.servoStudio\Core\CANopen\Adapters\ZlgCanBus.cs(26,30): warning IDE0055: 淇鏍煎紡 (https://learn.microsoft.com/dotnet/fundamentals/code-analysis/style-rules/ide0055) [C:\UserWorx\VSWorx\ServoStudio\wpfui-servoStudio\samples\Wpf.Ui.servoStudio\servoStudio.csproj]
C:\UserWorx\VSWorx\ServoStudio\wpfui-servoStudio\samples\Wpf.Ui.servoStudio\Core\CANopen\Adapters\ZlgCanBus.cs(26,40): warning IDE0055: 淇鏍煎紡 (https://learn.microsoft.com/dotnet/fundamentals/code-analysis/style-rules/ide0055) [C:\UserWorx\VSWorx\ServoStudio\wpfui-servoStudio\samples\Wpf.Ui.servoStudio\servoStudio.csproj]
C:\UserWorx\VSWorx\ServoStudio\wpfui-servoStudio\samples\Wpf.Ui.servoStudio\Core\CANopen\Adapters\ZlgCanBus.cs(29,24): warning IDE0055: 淇鏍煎紡 (https://learn.microsoft.com/dotnet/fundamentals/code-analysis/style-rules/ide0055) [C:\UserWorx\VSWorx\ServoStudio\wpfui-servoStudio\samples\Wpf.Ui.servoStudio\servoStudio.csproj]
C:\UserWorx\VSWorx\ServoStudio\wpfui-servoStudio\samples\Wpf.Ui.servoStudio\Core\CANopen\Adapters\ZlgCanBus.cs(29,26): warning IDE0055: 淇鏍煎紡 (https://learn.microsoft.com/dotnet/fundamentals/code-analysis/style-rules/ide0055) [C:\UserWorx\VSWorx\ServoStudio\wpfui-servoStudio\samples\Wpf.Ui.servoStudio\servoStudio.csproj]
C:\UserWorx\VSWorx\ServoStudio\wpfui-servoStudio\samples\Wpf.Ui.servoStudio\Core\CANopen\Adapters\ZlgCanBus.cs(29,36): warning IDE0055: 淇鏍煎紡 (https://learn.microsoft.com/dotnet/fundamentals/code-analysis/style-rules/ide0055) [C:\UserWorx\VSWorx\ServoStudio\wpfui-servoStudio\samples\Wpf.Ui.servoStudio\servoStudio.csproj]
C:\UserWorx\VSWorx\ServoStudio\wpfui-servoStudio\samples\Wpf.Ui.servoStudio\Core\CANopen\Adapters\ZlgCanBus.cs(31,23): warning IDE0055: 淇鏍煎紡 (https://learn.microsoft.com/dotnet/fundamentals/code-analysis/style-rules/ide0055) [C:\UserWorx\VSWorx\ServoStudio\wpfui-servoStudio\samples\Wpf.Ui.servoStudio\servoStudio.csproj]
C:\UserWorx\VSWorx\ServoStudio\wpfui-servoStudio\samples\Wpf.Ui.servoStudio\Core\CANopen\Adapters\ZlgCanBus.cs(31,25): warning IDE0055: 淇鏍煎紡 (https://learn.microsoft.com/dotnet/fundamentals/code-analysis/style-rules/ide0055) [C:\UserWorx\VSWorx\ServoStudio\wpfui-servoStudio\samples\Wpf.Ui.servoStudio\servoStudio.csproj]
C:\UserWorx\VSWorx\ServoStudio\wpfui-servoStudio\samples\Wpf.Ui.servoStudio\Core\CANopen\Adapters\ZlgCanBus.cs(31,43): warning IDE0055: 淇鏍煎紡 (https://learn.microsoft.com/dotnet/fundamentals/code-analysis/style-rules/ide0055) [C:\UserWorx\VSWorx\ServoStudio\wpfui-servoStudio\samples\Wpf.Ui.servoStudio\servoStudio.csproj]
C:\UserWorx\VSWorx\ServoStudio\wpfui-servoStudio\samples\Wpf.Ui.servoStudio\Core\CANopen\Adapters\ZlgCanBus.cs(37,23): warning IDE0055: 淇鏍煎紡 (https://learn.microsoft.com/dotnet/fundamentals/code-analysis/style-rules/ide0055) [C:\UserWorx\VSWorx\ServoStudio\wpfui-servoStudio\samples\Wpf.Ui.servoStudio\servoStudio.csproj]
C:\UserWorx\VSWorx\ServoStudio\wpfui-servoStudio\samples\Wpf.Ui.servoStudio\Core\CANopen\Adapters\ZlgCanBus.cs(37,25): warning IDE0055: 淇鏍煎紡 (https://learn.microsoft.com/dotnet/fundamentals/code-analysis/style-rules/ide0055) [C:\UserWorx\VSWorx\ServoStudio\wpfui-servoStudio\samples\Wpf.Ui.servoStudio\servoStudio.csproj]
C:\UserWorx\VSWorx\ServoStudio\wpfui-servoStudio\samples\Wpf.Ui.servoStudio\Core\CANopen\Adapters\ZlgCanBus.cs(59,16): warning IDE0055: 淇鏍煎紡 (https://learn.microsoft.com/dotnet/fundamentals/code-analysis/style-rules/ide0055) [C:\UserWorx\VSWorx\ServoStudio\wpfui-servoStudio\samples\Wpf.Ui.servoStudio\servoStudio.csproj]
C:\UserWorx\VSWorx\ServoStudio\wpfui-servoStudio\samples\Wpf.Ui.servoStudio\Core\CANopen\Adapters\ZlgCanBus.cs(59,18): warning IDE0055: 淇鏍煎紡 (https://learn.microsoft.com/dotnet/fundamentals/code-analysis/style-rules/ide0055) [C:\UserWorx\VSWorx\ServoStudio\wpfui-servoStudio\samples\Wpf.Ui.servoStudio\servoStudio.csproj]
C:\UserWorx\VSWorx\ServoStudio\wpfui-servoStudio\samples\Wpf.Ui.servoStudio\Core\CANopen\Adapters\ZlgCanBus.cs(59,65): warning IDE0055: 淇鏍煎紡 (https://learn.microsoft.com/dotnet/fundamentals/code-analysis/style-rules/ide0055) [C:\UserWorx\VSWorx\ServoStudio\wpfui-servoStudio\samples\Wpf.Ui.servoStudio\servoStudio.csproj]
C:\UserWorx\VSWorx\ServoStudio\wpfui-servoStudio\samples\Wpf.Ui.servoStudio\Core\CANopen\Adapters\ZlgCanBus.cs(59,104): warning IDE0055: 淇鏍煎紡 (https://learn.microsoft.com/dotnet/fundamentals/code-analysis/style-rules/ide0055) [C:\UserWorx\VSWorx\ServoStudio\wpfui-servoStudio\samples\Wpf.Ui.servoStudio\servoStudio.csproj]
C:\UserWorx\VSWorx\ServoStudio\wpfui-servoStudio\samples\Wpf.Ui.servoStudio\Core\CANopen\Adapters\ZlgCanBus.cs(114,41): warning IDE0055: 淇鏍煎紡 (https://learn.microsoft.com/dotnet/fundamentals/code-analysis/style-rules/ide0055) [C:\UserWorx\VSWorx\ServoStudio\wpfui-servoStudio\samples\Wpf.Ui.servoStudio\servoStudio.csproj]
C:\UserWorx\VSWorx\ServoStudio\wpfui-servoStudio\samples\Wpf.Ui.servoStudio\Core\CANopen\Adapters\ZlgCanBus.cs(114,43): warning IDE0055: 淇鏍煎紡 (https://learn.microsoft.com/dotnet/fundamentals/code-analysis/style-rules/ide0055) [C:\UserWorx\VSWorx\ServoStudio\wpfui-servoStudio\samples\Wpf.Ui.servoStudio\servoStudio.csproj]
C:\UserWorx\VSWorx\ServoStudio\wpfui-servoStudio\samples\Wpf.Ui.servoStudio\Core\CANopen\Adapters\ZlgCanBus.cs(114,52): warning IDE0055: 淇鏍煎紡 (https://learn.microsoft.com/dotnet/fundamentals/code-analysis/style-rules/ide0055) [C:\UserWorx\VSWorx\ServoStudio\wpfui-servoStudio\samples\Wpf.Ui.servoStudio\servoStudio.csproj]
C:\UserWorx\VSWorx\ServoStudio\wpfui-servoStudio\samples\Wpf.Ui.servoStudio\Core\CANopen\Adapters\ZlgCanBus.cs(114,66): warning IDE0055: 淇鏍煎紡 (https://learn.microsoft.com/dotnet/fundamentals/code-analysis/style-rules/ide0055) [C:\UserWorx\VSWorx\ServoStudio\wpfui-servoStudio\samples\Wpf.Ui.servoStudio\servoStudio.csproj]
C:\UserWorx\VSWorx\ServoStudio\wpfui-servoStudio\samples\Wpf.Ui.servoStudio\Core\CANopen\Adapters\ZlgCanBus.cs(116,59): warning IDE0055: 淇鏍煎紡 (https://learn.microsoft.com/dotnet/fundamentals/code-analysis/style-rules/ide0055) [C:\UserWorx\VSWorx\ServoStudio\wpfui-servoStudio\samples\Wpf.Ui.servoStudio\servoStudio.csproj]
C:\UserWorx\VSWorx\ServoStudio\wpfui-servoStudio\samples\Wpf.Ui.servoStudio\Core\CANopen\Adapters\ZlgCanBus.cs(116,61): warning IDE0055: 淇鏍煎紡 (https://learn.microsoft.com/dotnet/fundamentals/code-analysis/style-rules/ide0055) [C:\UserWorx\VSWorx\ServoStudio\wpfui-servoStudio\samples\Wpf.Ui.servoStudio\servoStudio.csproj]
C:\UserWorx\VSWorx\ServoStudio\wpfui-servoStudio\samples\Wpf.Ui.servoStudio\Core\CANopen\Adapters\ZlgCanBus.cs(116,70): warning IDE0055: 淇鏍煎紡 (https://learn.microsoft.com/dotnet/fundamentals/code-analysis/style-rules/ide0055) [C:\UserWorx\VSWorx\ServoStudio\wpfui-servoStudio\samples\Wpf.Ui.servoStudio\servoStudio.csproj]
C:\UserWorx\VSWorx\ServoStudio\wpfui-servoStudio\samples\Wpf.Ui.servoStudio\Core\CANopen\Adapters\ZlgCanBus.cs(116,84): warning IDE0055: 淇鏍煎紡 (https://learn.microsoft.com/dotnet/fundamentals/code-analysis/style-rules/ide0055) [C:\UserWorx\VSWorx\ServoStudio\wpfui-servoStudio\samples\Wpf.Ui.servoStudio\servoStudio.csproj]
C:\UserWorx\VSWorx\ServoStudio\wpfui-servoStudio\samples\Wpf.Ui.servoStudio\Core\CANopen\Adapters\ZlgCanBus.cs(131,20): warning IDE0055: 淇鏍煎紡 (https://learn.microsoft.com/dotnet/fundamentals/code-analysis/style-rules/ide0055) [C:\UserWorx\VSWorx\ServoStudio\wpfui-servoStudio\samples\Wpf.Ui.servoStudio\servoStudio.csproj]
C:\UserWorx\VSWorx\ServoStudio\wpfui-servoStudio\samples\Wpf.Ui.servoStudio\Core\CANopen\Adapters\ZlgCanBus.cs(131,22): warning IDE0055: 淇鏍煎紡 (https://learn.microsoft.com/dotnet/fundamentals/code-analysis/style-rules/ide0055) [C:\UserWorx\VSWorx\ServoStudio\wpfui-servoStudio\samples\Wpf.Ui.servoStudio\servoStudio.csproj]
C:\UserWorx\VSWorx\ServoStudio\wpfui-servoStudio\samples\Wpf.Ui.servoStudio\Core\CANopen\Adapters\ZlgCanBus.cs(131,66): warning IDE0055: 淇鏍煎紡 (https://learn.microsoft.com/dotnet/fundamentals/code-analysis/style-rules/ide0055) [C:\UserWorx\VSWorx\ServoStudio\wpfui-servoStudio\samples\Wpf.Ui.servoStudio\servoStudio.csproj]
C:\UserWorx\VSWorx\ServoStudio\wpfui-servoStudio\samples\Wpf.Ui.servoStudio\Core\CANopen\Adapters\ZlgCanBus.cs(131,68): warning IDE0055: 淇鏍煎紡 (https://learn.microsoft.com/dotnet/fundamentals/code-analysis/style-rules/ide0055) [C:\UserWorx\VSWorx\ServoStudio\wpfui-servoStudio\samples\Wpf.Ui.servoStudio\servoStudio.csproj]
C:\UserWorx\VSWorx\ServoStudio\wpfui-servoStudio\samples\Wpf.Ui.servoStudio\Core\CANopen\Adapters\ZlgCanBus.cs(172,27): warning IDE0055: 淇鏍煎紡 (https://learn.microsoft.com/dotnet/fundamentals/code-analysis/style-rules/ide0055) [C:\UserWorx\VSWorx\ServoStudio\wpfui-servoStudio\samples\Wpf.Ui.servoStudio\servoStudio.csproj]
C:\UserWorx\VSWorx\ServoStudio\wpfui-servoStudio\samples\Wpf.Ui.servoStudio\Core\CANopen\Adapters\ZlgCanBus.cs(172,39): warning IDE0055: 淇鏍煎紡 (https://learn.microsoft.com/dotnet/fundamentals/code-analysis/style-rules/ide0055) [C:\UserWorx\VSWorx\ServoStudio\wpfui-servoStudio\samples\Wpf.Ui.servoStudio\servoStudio.csproj]
C:\UserWorx\VSWorx\ServoStudio\wpfui-servoStudio\samples\Wpf.Ui.servoStudio\Core\CANopen\Adapters\ZlgCanBus.cs(249,30): warning IDE0055: 淇鏍煎紡 (https://learn.microsoft.com/dotnet/fundamentals/code-analysis/style-rules/ide0055) [C:\UserWorx\VSWorx\ServoStudio\wpfui-servoStudio\samples\Wpf.Ui.servoStudio\servoStudio.csproj]
C:\UserWorx\VSWorx\ServoStudio\wpfui-servoStudio\samples\Wpf.Ui.servoStudio\Core\CANopen\Adapters\ZlgCanBus.cs(250,30): warning IDE0055: 淇鏍煎紡 (https://learn.microsoft.com/dotnet/fundamentals/code-analysis/style-rules/ide0055) [C:\UserWorx\VSWorx\ServoStudio\wpfui-servoStudio\samples\Wpf.Ui.servoStudio\servoStudio.csproj]
C:\UserWorx\VSWorx\ServoStudio\wpfui-servoStudio\samples\Wpf.Ui.servoStudio\Core\CANopen\Adapters\ZlgCanBus.cs(251,30): warning IDE0055: 淇鏍煎紡 (https://learn.microsoft.com/dotnet/fundamentals/code-analysis/style-rules/ide0055) [C:\UserWorx\VSWorx\ServoStudio\wpfui-servoStudio\samples\Wpf.Ui.servoStudio\servoStudio.csproj]
C:\UserWorx\VSWorx\ServoStudio\wpfui-servoStudio\samples\Wpf.Ui.servoStudio\Core\CANopen\Adapters\ZlgCanBus.cs(252,31): warning IDE0055: 淇鏍煎紡 (https://learn.microsoft.com/dotnet/fundamentals/code-analysis/style-rules/ide0055) [C:\UserWorx\VSWorx\ServoStudio\wpfui-servoStudio\samples\Wpf.Ui.servoStudio\servoStudio.csproj]
C:\UserWorx\VSWorx\ServoStudio\wpfui-servoStudio\samples\Wpf.Ui.servoStudio\Core\CANopen\Adapters\ZlgCanBus.cs(253,31): warning IDE0055: 淇鏍煎紡 (https://learn.microsoft.com/dotnet/fundamentals/code-analysis/style-rules/ide0055) [C:\UserWorx\VSWorx\ServoStudio\wpfui-servoStudio\samples\Wpf.Ui.servoStudio\servoStudio.csproj]
C:\UserWorx\VSWorx\ServoStudio\wpfui-servoStudio\samples\Wpf.Ui.servoStudio\Core\CANopen\Adapters\ZlgCanBus.cs(254,31): warning IDE0055: 淇鏍煎紡 (https://learn.microsoft.com/dotnet/fundamentals/code-analysis/style-rules/ide0055) [C:\UserWorx\VSWorx\ServoStudio\wpfui-servoStudio\samples\Wpf.Ui.servoStudio\servoStudio.csproj]
C:\UserWorx\VSWorx\ServoStudio\wpfui-servoStudio\samples\Wpf.Ui.servoStudio\Core\CANopen\Adapters\ZlgCanBus.cs(255,31): warning IDE0055: 淇鏍煎紡 (https://learn.microsoft.com/dotnet/fundamentals/code-analysis/style-rules/ide0055) [C:\UserWorx\VSWorx\ServoStudio\wpfui-servoStudio\samples\Wpf.Ui.servoStudio\servoStudio.csproj]
C:\UserWorx\VSWorx\ServoStudio\wpfui-servoStudio\samples\Wpf.Ui.servoStudio\Core\CANopen\Adapters\ZlgCanBus.cs(256,31): warning IDE0055: 淇鏍煎紡 (https://learn.microsoft.com/dotnet/fundamentals/code-analysis/style-rules/ide0055) [C:\UserWorx\VSWorx\ServoStudio\wpfui-servoStudio\samples\Wpf.Ui.servoStudio\servoStudio.csproj]
C:\UserWorx\VSWorx\ServoStudio\wpfui-servoStudio\samples\Wpf.Ui.servoStudio\Core\CANopen\Adapters\ZlgCanBus.cs(283,20): warning IDE0055: 淇鏍煎紡 (https://learn.microsoft.com/dotnet/fundamentals/code-analysis/style-rules/ide0055) [C:\UserWorx\VSWorx\ServoStudio\wpfui-servoStudio\samples\Wpf.Ui.servoStudio\servoStudio.csproj]
C:\UserWorx\VSWorx\ServoStudio\wpfui-servoStudio\samples\Wpf.Ui.servoStudio\Core\CANopen\Adapters\ZlgCanBus.cs(283,22): warning IDE0055: 淇鏍煎紡 (https://learn.microsoft.com/dotnet/fundamentals/code-analysis/style-rules/ide0055) [C:\UserWorx\VSWorx\ServoStudio\wpfui-servoStudio\samples\Wpf.Ui.servoStudio\servoStudio.csproj]
C:\UserWorx\VSWorx\ServoStudio\wpfui-servoStudio\samples\Wpf.Ui.servoStudio\Core\CANopen\Adapters\ZlgCanBus.cs(283,61): warning IDE0055: 淇鏍煎紡 (https://learn.microsoft.com/dotnet/fundamentals/code-analysis/style-rules/ide0055) [C:\UserWorx\VSWorx\ServoStudio\wpfui-servoStudio\samples\Wpf.Ui.servoStudio\servoStudio.csproj]
C:\UserWorx\VSWorx\ServoStudio\wpfui-servoStudio\samples\Wpf.Ui.servoStudio\Core\CANopen\Adapters\ZlgCanBus.cs(283,63): warning IDE0055: 淇鏍煎紡 (https://learn.microsoft.com/dotnet/fundamentals/code-analysis/style-rules/ide0055) [C:\UserWorx\VSWorx\ServoStudio\wpfui-servoStudio\samples\Wpf.Ui.servoStudio\servoStudio.csproj]
C:\UserWorx\VSWorx\ServoStudio\wpfui-servoStudio\samples\Wpf.Ui.servoStudio\Core\CANopen\Adapters\ZlgCanBus.cs(311,13): warning IDE0055: 淇鏍煎紡 (https://learn.microsoft.com/dotnet/fundamentals/code-analysis/style-rules/ide0055) [C:\UserWorx\VSWorx\ServoStudio\wpfui-servoStudio\samples\Wpf.Ui.servoStudio\servoStudio.csproj]
C:\UserWorx\VSWorx\ServoStudio\wpfui-servoStudio\samples\Wpf.Ui.servoStudio\Core\CANopen\Adapters\ZlgCanBus.cs(312,13): warning IDE0055: 淇鏍煎紡 (https://learn.microsoft.com/dotnet/fundamentals/code-analysis/style-rules/ide0055) [C:\UserWorx\VSWorx\ServoStudio\wpfui-servoStudio\samples\Wpf.Ui.servoStudio\servoStudio.csproj]
C:\UserWorx\VSWorx\ServoStudio\wpfui-servoStudio\samples\Wpf.Ui.servoStudio\Core\CANopen\Adapters\ZlgCanBus.cs(313,17): warning IDE0055: 淇鏍煎紡 (https://learn.microsoft.com/dotnet/fundamentals/code-analysis/style-rules/ide0055) [C:\UserWorx\VSWorx\ServoStudio\wpfui-servoStudio\samples\Wpf.Ui.servoStudio\servoStudio.csproj]
C:\UserWorx\VSWorx\ServoStudio\wpfui-servoStudio\samples\Wpf.Ui.servoStudio\Core\CANopen\Adapters\ZlgCanBus.cs(314,13): warning IDE0055: 淇鏍煎紡 (https://learn.microsoft.com/dotnet/fundamentals/code-analysis/style-rules/ide0055) [C:\UserWorx\VSWorx\ServoStudio\wpfui-servoStudio\samples\Wpf.Ui.servoStudio\servoStudio.csproj]
C:\UserWorx\VSWorx\ServoStudio\wpfui-servoStudio\samples\Wpf.Ui.servoStudio\Core\CANopen\Adapters\ZlgCanBus.cs(315,13): warning IDE0055: 淇鏍煎紡 (https://learn.microsoft.com/dotnet/fundamentals/code-analysis/style-rules/ide0055) [C:\UserWorx\VSWorx\ServoStudio\wpfui-servoStudio\samples\Wpf.Ui.servoStudio\servoStudio.csproj]
C:\UserWorx\VSWorx\ServoStudio\wpfui-servoStudio\samples\Wpf.Ui.servoStudio\Core\CANopen\Adapters\ZlgCanBus.cs(316,13): warning IDE0055: 淇鏍煎紡 (https://learn.microsoft.com/dotnet/fundamentals/code-analysis/style-rules/ide0055) [C:\UserWorx\VSWorx\ServoStudio\wpfui-servoStudio\samples\Wpf.Ui.servoStudio\servoStudio.csproj]
C:\UserWorx\VSWorx\ServoStudio\wpfui-servoStudio\samples\Wpf.Ui.servoStudio\Core\CANopen\Adapters\ZlgCanBus.cs(364,20): warning IDE0055: 淇鏍煎紡 (https://learn.microsoft.com/dotnet/fundamentals/code-analysis/style-rules/ide0055) [C:\UserWorx\VSWorx\ServoStudio\wpfui-servoStudio\samples\Wpf.Ui.servoStudio\servoStudio.csproj]
C:\UserWorx\VSWorx\ServoStudio\wpfui-servoStudio\samples\Wpf.Ui.servoStudio\Core\CANopen\Adapters\ZlgCanBus.cs(364,22): warning IDE0055: 淇鏍煎紡 (https://learn.microsoft.com/dotnet/fundamentals/code-analysis/style-rules/ide0055) [C:\UserWorx\VSWorx\ServoStudio\wpfui-servoStudio\samples\Wpf.Ui.servoStudio\servoStudio.csproj]
C:\UserWorx\VSWorx\ServoStudio\wpfui-servoStudio\samples\Wpf.Ui.servoStudio\Core\CANopen\Adapters\ZlgCanBus.cs(364,66): warning IDE0055: 淇鏍煎紡 (https://learn.microsoft.com/dotnet/fundamentals/code-analysis/style-rules/ide0055) [C:\UserWorx\VSWorx\ServoStudio\wpfui-servoStudio\samples\Wpf.Ui.servoStudio\servoStudio.csproj]
C:\UserWorx\VSWorx\ServoStudio\wpfui-servoStudio\samples\Wpf.Ui.servoStudio\Core\CANopen\Adapters\ZlgCanBus.cs(364,68): warning IDE0055: 淇鏍煎紡 (https://learn.microsoft.com/dotnet/fundamentals/code-analysis/style-rules/ide0055) [C:\UserWorx\VSWorx\ServoStudio\wpfui-servoStudio\samples\Wpf.Ui.servoStudio\servoStudio.csproj]
C:\UserWorx\VSWorx\ServoStudio\wpfui-servoStudio\samples\Wpf.Ui.servoStudio\Core\CANopen\Adapters\ZlgCanBus.cs(461,39): warning IDE0055: 淇鏍煎紡 (https://learn.microsoft.com/dotnet/fundamentals/code-analysis/style-rules/ide0055) [C:\UserWorx\VSWorx\ServoStudio\wpfui-servoStudio\samples\Wpf.Ui.servoStudio\servoStudio.csproj]
C:\UserWorx\VSWorx\ServoStudio\wpfui-servoStudio\samples\Wpf.Ui.servoStudio\Core\CANopen\Adapters\ZlgCanBus.cs(462,40): warning IDE0055: 淇鏍煎紡 (https://learn.microsoft.com/dotnet/fundamentals/code-analysis/style-rules/ide0055) [C:\UserWorx\VSWorx\ServoStudio\wpfui-servoStudio\samples\Wpf.Ui.servoStudio\servoStudio.csproj]
C:\UserWorx\VSWorx\ServoStudio\wpfui-servoStudio\samples\Wpf.Ui.servoStudio\Core\CANopen\Adapters\ZlgCanBus.cs(463,40): warning IDE0055: 淇鏍煎紡 (https://learn.microsoft.com/dotnet/fundamentals/code-analysis/style-rules/ide0055) [C:\UserWorx\VSWorx\ServoStudio\wpfui-servoStudio\samples\Wpf.Ui.servoStudio\servoStudio.csproj]
C:\UserWorx\VSWorx\ServoStudio\wpfui-servoStudio\samples\Wpf.Ui.servoStudio\Core\CANopen\Adapters\ZlgCanBus.cs(464,40): warning IDE0055: 淇鏍煎紡 (https://learn.microsoft.com/dotnet/fundamentals/code-analysis/style-rules/ide0055) [C:\UserWorx\VSWorx\ServoStudio\wpfui-servoStudio\samples\Wpf.Ui.servoStudio\servoStudio.csproj]
C:\UserWorx\VSWorx\ServoStudio\wpfui-servoStudio\samples\Wpf.Ui.servoStudio\Core\CANopen\Adapters\ZlgCanBus.cs(465,42): warning IDE0055: 淇鏍煎紡 (https://learn.microsoft.com/dotnet/fundamentals/code-analysis/style-rules/ide0055) [C:\UserWorx\VSWorx\ServoStudio\wpfui-servoStudio\samples\Wpf.Ui.servoStudio\servoStudio.csproj]
C:\UserWorx\VSWorx\ServoStudio\wpfui-servoStudio\samples\Wpf.Ui.servoStudio\Core\CANopen\Adapters\ZlgCanBus.cs(466,42): warning IDE0055: 淇鏍煎紡 (https://learn.microsoft.com/dotnet/fundamentals/code-analysis/style-rules/ide0055) [C:\UserWorx\VSWorx\ServoStudio\wpfui-servoStudio\samples\Wpf.Ui.servoStudio\servoStudio.csproj]
C:\UserWorx\VSWorx\ServoStudio\wpfui-servoStudio\samples\Wpf.Ui.servoStudio\Core\CANopen\Adapters\ZlgCanBus.cs(467,42): warning IDE0055: 淇鏍煎紡 (https://learn.microsoft.com/dotnet/fundamentals/code-analysis/style-rules/ide0055) [C:\UserWorx\VSWorx\ServoStudio\wpfui-servoStudio\samples\Wpf.Ui.servoStudio\servoStudio.csproj]
C:\UserWorx\VSWorx\ServoStudio\wpfui-servoStudio\samples\Wpf.Ui.servoStudio\Core\CANopen\Adapters\ZlgCanBus.cs(468,42): warning IDE0055: 淇鏍煎紡 (https://learn.microsoft.com/dotnet/fundamentals/code-analysis/style-rules/ide0055) [C:\UserWorx\VSWorx\ServoStudio\wpfui-servoStudio\samples\Wpf.Ui.servoStudio\servoStudio.csproj]
C:\UserWorx\VSWorx\ServoStudio\wpfui-servoStudio\samples\Wpf.Ui.servoStudio\Core\CANopen\Adapters\ZlgCanBus.cs(284,13): warning IDE2003: 鍧椾笌鍚庣画璇彞涔嬮棿闇€瑕佹湁绌虹櫧琛?(https://learn.microsoft.com/dotnet/fundamentals/code-analysis/style-rules/ide2003) [C:\UserWorx\VSWorx\ServoStudio\wpfui-servoStudio\samples\Wpf.Ui.servoStudio\servoStudio.csproj]
C:\UserWorx\VSWorx\ServoStudio\wpfui-servoStudio\samples\Wpf.Ui.servoStudio\Core\CANopen\Adapters\ZlgCanBus.cs(384,17): warning IDE2003: 鍧椾笌鍚庣画璇彞涔嬮棿闇€瑕佹湁绌虹櫧琛?(https://learn.microsoft.com/dotnet/fundamentals/code-analysis/style-rules/ide2003) [C:\UserWorx\VSWorx\ServoStudio\wpfui-servoStudio\samples\Wpf.Ui.servoStudio\servoStudio.csproj]
C:\UserWorx\VSWorx\ServoStudio\wpfui-servoStudio\samples\Wpf.Ui.servoStudio\Core\CANopen\Adapters\ZlgKernelDllScanner.cs(73,12): warning IDE0055: 淇鏍煎紡 (https://learn.microsoft.com/dotnet/fundamentals/code-analysis/style-rules/ide0055) [C:\UserWorx\VSWorx\ServoStudio\wpfui-servoStudio\samples\Wpf.Ui.servoStudio\servoStudio.csproj]
C:\UserWorx\VSWorx\ServoStudio\wpfui-servoStudio\samples\Wpf.Ui.servoStudio\Core\CANopen\Adapters\ZlgKernelDllScanner.cs(73,14): warning IDE0055: 淇鏍煎紡 (https://learn.microsoft.com/dotnet/fundamentals/code-analysis/style-rules/ide0055) [C:\UserWorx\VSWorx\ServoStudio\wpfui-servoStudio\samples\Wpf.Ui.servoStudio\servoStudio.csproj]
C:\UserWorx\VSWorx\ServoStudio\wpfui-servoStudio\samples\Wpf.Ui.servoStudio\Core\CANopen\Adapters\ZlgKernelDllScanner.cs(73,50): warning IDE0055: 淇鏍煎紡 (https://learn.microsoft.com/dotnet/fundamentals/code-analysis/style-rules/ide0055) [C:\UserWorx\VSWorx\ServoStudio\wpfui-servoStudio\samples\Wpf.Ui.servoStudio\servoStudio.csproj]
C:\UserWorx\VSWorx\ServoStudio\wpfui-servoStudio\samples\Wpf.Ui.servoStudio\Core\CANopen\Adapters\ZlgKernelDllScanner.cs(73,52): warning IDE0055: 淇鏍煎紡 (https://learn.microsoft.com/dotnet/fundamentals/code-analysis/style-rules/ide0055) [C:\UserWorx\VSWorx\ServoStudio\wpfui-servoStudio\samples\Wpf.Ui.servoStudio\servoStudio.csproj]
C:\UserWorx\VSWorx\ServoStudio\wpfui-servoStudio\samples\Wpf.Ui.servoStudio\Core\CANopen\Adapters\ZlgKernelDllScanner.cs(86,16): warning IDE0055: 淇鏍煎紡 (https://learn.microsoft.com/dotnet/fundamentals/code-analysis/style-rules/ide0055) [C:\UserWorx\VSWorx\ServoStudio\wpfui-servoStudio\samples\Wpf.Ui.servoStudio\servoStudio.csproj]
C:\UserWorx\VSWorx\ServoStudio\wpfui-servoStudio\samples\Wpf.Ui.servoStudio\Core\CANopen\Adapters\ZlgKernelDllScanner.cs(86,18): warning IDE0055: 淇鏍煎紡 (https://learn.microsoft.com/dotnet/fundamentals/code-analysis/style-rules/ide0055) [C:\UserWorx\VSWorx\ServoStudio\wpfui-servoStudio\samples\Wpf.Ui.servoStudio\servoStudio.csproj]
C:\UserWorx\VSWorx\ServoStudio\wpfui-servoStudio\samples\Wpf.Ui.servoStudio\Core\CANopen\Adapters\ZlgKernelDllScanner.cs(86,53): warning IDE0055: 淇鏍煎紡 (https://learn.microsoft.com/dotnet/fundamentals/code-analysis/style-rules/ide0055) [C:\UserWorx\VSWorx\ServoStudio\wpfui-servoStudio\samples\Wpf.Ui.servoStudio\servoStudio.csproj]
C:\UserWorx\VSWorx\ServoStudio\wpfui-servoStudio\samples\Wpf.Ui.servoStudio\Core\CANopen\Adapters\ZlgKernelDllScanner.cs(86,55): warning IDE0055: 淇鏍煎紡 (https://learn.microsoft.com/dotnet/fundamentals/code-analysis/style-rules/ide0055) [C:\UserWorx\VSWorx\ServoStudio\wpfui-servoStudio\samples\Wpf.Ui.servoStudio\servoStudio.csproj]
C:\UserWorx\VSWorx\ServoStudio\wpfui-servoStudio\samples\Wpf.Ui.servoStudio\Core\CANopen\Adapters\ZlgKernelDllScanner.cs(123,20): warning IDE0055: 淇鏍煎紡 (https://learn.microsoft.com/dotnet/fundamentals/code-analysis/style-rules/ide0055) [C:\UserWorx\VSWorx\ServoStudio\wpfui-servoStudio\samples\Wpf.Ui.servoStudio\servoStudio.csproj]
C:\UserWorx\VSWorx\ServoStudio\wpfui-servoStudio\samples\Wpf.Ui.servoStudio\Core\CANopen\Adapters\ZlgKernelDllScanner.cs(123,22): warning IDE0055: 淇鏍煎紡 (https://learn.microsoft.com/dotnet/fundamentals/code-analysis/style-rules/ide0055) [C:\UserWorx\VSWorx\ServoStudio\wpfui-servoStudio\samples\Wpf.Ui.servoStudio\servoStudio.csproj]
C:\UserWorx\VSWorx\ServoStudio\wpfui-servoStudio\samples\Wpf.Ui.servoStudio\Core\CANopen\Adapters\ZlgKernelDllScanner.cs(123,67): warning IDE0055: 淇鏍煎紡 (https://learn.microsoft.com/dotnet/fundamentals/code-analysis/style-rules/ide0055) [C:\UserWorx\VSWorx\ServoStudio\wpfui-servoStudio\samples\Wpf.Ui.servoStudio\servoStudio.csproj]
C:\UserWorx\VSWorx\ServoStudio\wpfui-servoStudio\samples\Wpf.Ui.servoStudio\Core\CANopen\Adapters\ZlgKernelDllScanner.cs(123,74): warning IDE0055: 淇鏍煎紡 (https://learn.microsoft.com/dotnet/fundamentals/code-analysis/style-rules/ide0055) [C:\UserWorx\VSWorx\ServoStudio\wpfui-servoStudio\samples\Wpf.Ui.servoStudio\servoStudio.csproj]
C:\UserWorx\VSWorx\ServoStudio\wpfui-servoStudio\samples\Wpf.Ui.servoStudio\Core\CANopen\Adapters\ZlgKernelDllScanner.cs(132,12): warning IDE0055: 淇鏍煎紡 (https://learn.microsoft.com/dotnet/fundamentals/code-analysis/style-rules/ide0055) [C:\UserWorx\VSWorx\ServoStudio\wpfui-servoStudio\samples\Wpf.Ui.servoStudio\servoStudio.csproj]
C:\UserWorx\VSWorx\ServoStudio\wpfui-servoStudio\samples\Wpf.Ui.servoStudio\Core\CANopen\Adapters\ZlgKernelDllScanner.cs(132,14): warning IDE0055: 淇鏍煎紡 (https://learn.microsoft.com/dotnet/fundamentals/code-analysis/style-rules/ide0055) [C:\UserWorx\VSWorx\ServoStudio\wpfui-servoStudio\samples\Wpf.Ui.servoStudio\servoStudio.csproj]
C:\UserWorx\VSWorx\ServoStudio\wpfui-servoStudio\samples\Wpf.Ui.servoStudio\Core\CANopen\Adapters\ZlgKernelDllScanner.cs(212,16): warning IDE0055: 淇鏍煎紡 (https://learn.microsoft.com/dotnet/fundamentals/code-analysis/style-rules/ide0055) [C:\UserWorx\VSWorx\ServoStudio\wpfui-servoStudio\samples\Wpf.Ui.servoStudio\servoStudio.csproj]
C:\UserWorx\VSWorx\ServoStudio\wpfui-servoStudio\samples\Wpf.Ui.servoStudio\Core\CANopen\Adapters\ZlgKernelDllScanner.cs(212,18): warning IDE0055: 淇鏍煎紡 (https://learn.microsoft.com/dotnet/fundamentals/code-analysis/style-rules/ide0055) [C:\UserWorx\VSWorx\ServoStudio\wpfui-servoStudio\samples\Wpf.Ui.servoStudio\servoStudio.csproj]
C:\UserWorx\VSWorx\ServoStudio\wpfui-servoStudio\samples\Wpf.Ui.servoStudio\Core\CANopen\Adapters\ZlgKernelDllScanner.cs(212,54): warning IDE0055: 淇鏍煎紡 (https://learn.microsoft.com/dotnet/fundamentals/code-analysis/style-rules/ide0055) [C:\UserWorx\VSWorx\ServoStudio\wpfui-servoStudio\samples\Wpf.Ui.servoStudio\servoStudio.csproj]
C:\UserWorx\VSWorx\ServoStudio\wpfui-servoStudio\samples\Wpf.Ui.servoStudio\Core\CANopen\Adapters\ZlgKernelDllScanner.cs(212,56): warning IDE0055: 淇鏍煎紡 (https://learn.microsoft.com/dotnet/fundamentals/code-analysis/style-rules/ide0055) [C:\UserWorx\VSWorx\ServoStudio\wpfui-servoStudio\samples\Wpf.Ui.servoStudio\servoStudio.csproj]
C:\UserWorx\VSWorx\ServoStudio\wpfui-servoStudio\samples\Wpf.Ui.servoStudio\Core\CANopen\Adapters\ZlgKernelDllScanner.cs(240,12): warning IDE0055: 淇鏍煎紡 (https://learn.microsoft.com/dotnet/fundamentals/code-analysis/style-rules/ide0055) [C:\UserWorx\VSWorx\ServoStudio\wpfui-servoStudio\samples\Wpf.Ui.servoStudio\servoStudio.csproj]
C:\UserWorx\VSWorx\ServoStudio\wpfui-servoStudio\samples\Wpf.Ui.servoStudio\Core\CANopen\Adapters\ZlgKernelDllScanner.cs(240,14): warning IDE0055: 淇鏍煎紡 (https://learn.microsoft.com/dotnet/fundamentals/code-analysis/style-rules/ide0055) [C:\UserWorx\VSWorx\ServoStudio\wpfui-servoStudio\samples\Wpf.Ui.servoStudio\servoStudio.csproj]
C:\UserWorx\VSWorx\ServoStudio\wpfui-servoStudio\samples\Wpf.Ui.servoStudio\Core\CANopen\Adapters\ZlgKernelDllScanner.cs(240,50): warning IDE0055: 淇鏍煎紡 (https://learn.microsoft.com/dotnet/fundamentals/code-analysis/style-rules/ide0055) [C:\UserWorx\VSWorx\ServoStudio\wpfui-servoStudio\samples\Wpf.Ui.servoStudio\servoStudio.csproj]
C:\UserWorx\VSWorx\ServoStudio\wpfui-servoStudio\samples\Wpf.Ui.servoStudio\Core\CANopen\Adapters\ZlgKernelDllScanner.cs(240,52): warning IDE0055: 淇鏍煎紡 (https://learn.microsoft.com/dotnet/fundamentals/code-analysis/style-rules/ide0055) [C:\UserWorx\VSWorx\ServoStudio\wpfui-servoStudio\samples\Wpf.Ui.servoStudio\servoStudio.csproj]
C:\UserWorx\VSWorx\ServoStudio\wpfui-servoStudio\samples\Wpf.Ui.servoStudio\Core\CANopen\Adapters\ZlgKernelDllScanner.cs(443,57): warning IDE0055: 淇鏍煎紡 (https://learn.microsoft.com/dotnet/fundamentals/code-analysis/style-rules/ide0055) [C:\UserWorx\VSWorx\ServoStudio\wpfui-servoStudio\samples\Wpf.Ui.servoStudio\servoStudio.csproj]
C:\UserWorx\VSWorx\ServoStudio\wpfui-servoStudio\samples\Wpf.Ui.servoStudio\Core\CANopen\Adapters\ZlgKernelDllScanner.cs(443,59): warning IDE0055: 淇鏍煎紡 (https://learn.microsoft.com/dotnet/fundamentals/code-analysis/style-rules/ide0055) [C:\UserWorx\VSWorx\ServoStudio\wpfui-servoStudio\samples\Wpf.Ui.servoStudio\servoStudio.csproj]
C:\UserWorx\VSWorx\ServoStudio\wpfui-servoStudio\samples\Wpf.Ui.servoStudio\Core\CANopen\Adapters\ZlgKernelDllScanner.cs(443,74): warning IDE0055: 淇鏍煎紡 (https://learn.microsoft.com/dotnet/fundamentals/code-analysis/style-rules/ide0055) [C:\UserWorx\VSWorx\ServoStudio\wpfui-servoStudio\samples\Wpf.Ui.servoStudio\servoStudio.csproj]
C:\UserWorx\VSWorx\ServoStudio\wpfui-servoStudio\samples\Wpf.Ui.servoStudio\Core\CANopen\Adapters\ZlgKernelDllScanner.cs(443,81): warning IDE0055: 淇鏍煎紡 (https://learn.microsoft.com/dotnet/fundamentals/code-analysis/style-rules/ide0055) [C:\UserWorx\VSWorx\ServoStudio\wpfui-servoStudio\samples\Wpf.Ui.servoStudio\servoStudio.csproj]
C:\UserWorx\VSWorx\ServoStudio\wpfui-servoStudio\samples\Wpf.Ui.servoStudio\Core\CANopen\Adapters\ZlgKernelDllScanner.cs(454,12): warning IDE0055: 淇鏍煎紡 (https://learn.microsoft.com/dotnet/fundamentals/code-analysis/style-rules/ide0055) [C:\UserWorx\VSWorx\ServoStudio\wpfui-servoStudio\samples\Wpf.Ui.servoStudio\servoStudio.csproj]
C:\UserWorx\VSWorx\ServoStudio\wpfui-servoStudio\samples\Wpf.Ui.servoStudio\Core\CANopen\Adapters\ZlgKernelDllScanner.cs(454,14): warning IDE0055: 淇鏍煎紡 (https://learn.microsoft.com/dotnet/fundamentals/code-analysis/style-rules/ide0055) [C:\UserWorx\VSWorx\ServoStudio\wpfui-servoStudio\samples\Wpf.Ui.servoStudio\servoStudio.csproj]
C:\UserWorx\VSWorx\ServoStudio\wpfui-servoStudio\samples\Wpf.Ui.servoStudio\Core\CANopen\Adapters\ZlgKernelDllScanner.cs(454,40): warning IDE0055: 淇鏍煎紡 (https://learn.microsoft.com/dotnet/fundamentals/code-analysis/style-rules/ide0055) [C:\UserWorx\VSWorx\ServoStudio\wpfui-servoStudio\samples\Wpf.Ui.servoStudio\servoStudio.csproj]
C:\UserWorx\VSWorx\ServoStudio\wpfui-servoStudio\samples\Wpf.Ui.servoStudio\Core\CANopen\Adapters\ZlgKernelDllScanner.cs(454,42): warning IDE0055: 淇鏍煎紡 (https://learn.microsoft.com/dotnet/fundamentals/code-analysis/style-rules/ide0055) [C:\UserWorx\VSWorx\ServoStudio\wpfui-servoStudio\samples\Wpf.Ui.servoStudio\servoStudio.csproj]
C:\UserWorx\VSWorx\ServoStudio\wpfui-servoStudio\samples\Wpf.Ui.servoStudio\Core\CANopen\Adapters\ZlgKernelDllScanner.cs(473,12): warning IDE0055: 淇鏍煎紡 (https://learn.microsoft.com/dotnet/fundamentals/code-analysis/style-rules/ide0055) [C:\UserWorx\VSWorx\ServoStudio\wpfui-servoStudio\samples\Wpf.Ui.servoStudio\servoStudio.csproj]
C:\UserWorx\VSWorx\ServoStudio\wpfui-servoStudio\samples\Wpf.Ui.servoStudio\Core\CANopen\Adapters\ZlgKernelDllScanner.cs(473,14): warning IDE0055: 淇鏍煎紡 (https://learn.microsoft.com/dotnet/fundamentals/code-analysis/style-rules/ide0055) [C:\UserWorx\VSWorx\ServoStudio\wpfui-servoStudio\samples\Wpf.Ui.servoStudio\servoStudio.csproj]
C:\UserWorx\VSWorx\ServoStudio\wpfui-servoStudio\samples\Wpf.Ui.servoStudio\Core\CANopen\Adapters\ZlgKernelDllScanner.cs(473,53): warning IDE0055: 淇鏍煎紡 (https://learn.microsoft.com/dotnet/fundamentals/code-analysis/style-rules/ide0055) [C:\UserWorx\VSWorx\ServoStudio\wpfui-servoStudio\samples\Wpf.Ui.servoStudio\servoStudio.csproj]
C:\UserWorx\VSWorx\ServoStudio\wpfui-servoStudio\samples\Wpf.Ui.servoStudio\Core\CANopen\Adapters\ZlgKernelDllScanner.cs(212,65): warning IDE2003: 鍧椾笌鍚庣画璇彞涔嬮棿闇€瑕佹湁绌虹櫧琛?(https://learn.microsoft.com/dotnet/fundamentals/code-analysis/style-rules/ide2003) [C:\UserWorx\VSWorx\ServoStudio\wpfui-servoStudio\samples\Wpf.Ui.servoStudio\servoStudio.csproj]
C:\UserWorx\VSWorx\ServoStudio\wpfui-servoStudio\samples\Wpf.Ui.servoStudio\Core\CANopen\Adapters\ZlgKernelDllScanner.cs(240,61): warning IDE2003: 鍧椾笌鍚庣画璇彞涔嬮棿闇€瑕佹湁绌虹櫧琛?(https://learn.microsoft.com/dotnet/fundamentals/code-analysis/style-rules/ide2003) [C:\UserWorx\VSWorx\ServoStudio\wpfui-servoStudio\samples\Wpf.Ui.servoStudio\servoStudio.csproj]
C:\UserWorx\VSWorx\ServoStudio\wpfui-servoStudio\samples\Wpf.Ui.servoStudio\Core\CANopen\Adapters\ZlgKernelDllScanner.cs(282,9): warning IDE2003: 鍧椾笌鍚庣画璇彞涔嬮棿闇€瑕佹湁绌虹櫧琛?(https://learn.microsoft.com/dotnet/fundamentals/code-analysis/style-rules/ide2003) [C:\UserWorx\VSWorx\ServoStudio\wpfui-servoStudio\samples\Wpf.Ui.servoStudio\servoStudio.csproj]
C:\UserWorx\VSWorx\ServoStudio\wpfui-servoStudio\samples\Wpf.Ui.servoStudio\Core\CANopen\Adapters\ZlgKernelDllScanner.cs(386,17): warning IDE2003: 鍧椾笌鍚庣画璇彞涔嬮棿闇€瑕佹湁绌虹櫧琛?(https://learn.microsoft.com/dotnet/fundamentals/code-analysis/style-rules/ide2003) [C:\UserWorx\VSWorx\ServoStudio\wpfui-servoStudio\samples\Wpf.Ui.servoStudio\servoStudio.csproj]
C:\UserWorx\VSWorx\ServoStudio\wpfui-servoStudio\samples\Wpf.Ui.servoStudio\Core\CANopen\Adapters\ZlgKernelDllScanner.cs(425,13): warning IDE2003: 鍧椾笌鍚庣画璇彞涔嬮棿闇€瑕佹湁绌虹櫧琛?(https://learn.microsoft.com/dotnet/fundamentals/code-analysis/style-rules/ide2003) [C:\UserWorx\VSWorx\ServoStudio\wpfui-servoStudio\samples\Wpf.Ui.servoStudio\servoStudio.csproj]
C:\UserWorx\VSWorx\ServoStudio\wpfui-servoStudio\samples\Wpf.Ui.servoStudio\Core\CANopen\CanFrame.cs(17,21): warning IDE0055: 淇鏍煎紡 (https://learn.microsoft.com/dotnet/fundamentals/code-analysis/style-rules/ide0055) [C:\UserWorx\VSWorx\ServoStudio\wpfui-servoStudio\samples\Wpf.Ui.servoStudio\servoStudio.csproj]
C:\UserWorx\VSWorx\ServoStudio\wpfui-servoStudio\samples\Wpf.Ui.servoStudio\Core\CANopen\CanFrame.cs(17,23): warning IDE0055: 淇鏍煎紡 (https://learn.microsoft.com/dotnet/fundamentals/code-analysis/style-rules/ide0055) [C:\UserWorx\VSWorx\ServoStudio\wpfui-servoStudio\samples\Wpf.Ui.servoStudio\servoStudio.csproj]
C:\UserWorx\VSWorx\ServoStudio\wpfui-servoStudio\samples\Wpf.Ui.servoStudio\Core\CANopen\CanFrame.cs(17,28): warning IDE0055: 淇鏍煎紡 (https://learn.microsoft.com/dotnet/fundamentals/code-analysis/style-rules/ide0055) [C:\UserWorx\VSWorx\ServoStudio\wpfui-servoStudio\samples\Wpf.Ui.servoStudio\servoStudio.csproj]
C:\UserWorx\VSWorx\ServoStudio\wpfui-servoStudio\samples\Wpf.Ui.servoStudio\Core\CANopen\CanFrame.cs(20,20): warning IDE0055: 淇鏍煎紡 (https://learn.microsoft.com/dotnet/fundamentals/code-analysis/style-rules/ide0055) [C:\UserWorx\VSWorx\ServoStudio\wpfui-servoStudio\samples\Wpf.Ui.servoStudio\servoStudio.csproj]
C:\UserWorx\VSWorx\ServoStudio\wpfui-servoStudio\samples\Wpf.Ui.servoStudio\Core\CANopen\CanFrame.cs(20,22): warning IDE0055: 淇鏍煎紡 (https://learn.microsoft.com/dotnet/fundamentals/code-analysis/style-rules/ide0055) [C:\UserWorx\VSWorx\ServoStudio\wpfui-servoStudio\samples\Wpf.Ui.servoStudio\servoStudio.csproj]
C:\UserWorx\VSWorx\ServoStudio\wpfui-servoStudio\samples\Wpf.Ui.servoStudio\Core\CANopen\CanFrame.cs(20,27): warning IDE0055: 淇鏍煎紡 (https://learn.microsoft.com/dotnet/fundamentals/code-analysis/style-rules/ide0055) [C:\UserWorx\VSWorx\ServoStudio\wpfui-servoStudio\samples\Wpf.Ui.servoStudio\servoStudio.csproj]
C:\UserWorx\VSWorx\ServoStudio\wpfui-servoStudio\samples\Wpf.Ui.servoStudio\Core\CANopen\CanFrame.cs(23,23): warning IDE0055: 淇鏍煎紡 (https://learn.microsoft.com/dotnet/fundamentals/code-analysis/style-rules/ide0055) [C:\UserWorx\VSWorx\ServoStudio\wpfui-servoStudio\samples\Wpf.Ui.servoStudio\servoStudio.csproj]
C:\UserWorx\VSWorx\ServoStudio\wpfui-servoStudio\samples\Wpf.Ui.servoStudio\Core\CANopen\CanFrame.cs(23,25): warning IDE0055: 淇鏍煎紡 (https://learn.microsoft.com/dotnet/fundamentals/code-analysis/style-rules/ide0055) [C:\UserWorx\VSWorx\ServoStudio\wpfui-servoStudio\samples\Wpf.Ui.servoStudio\servoStudio.csproj]
C:\UserWorx\VSWorx\ServoStudio\wpfui-servoStudio\samples\Wpf.Ui.servoStudio\Core\CANopen\CanFrame.cs(23,30): warning IDE0055: 淇鏍煎紡 (https://learn.microsoft.com/dotnet/fundamentals/code-analysis/style-rules/ide0055) [C:\UserWorx\VSWorx\ServoStudio\wpfui-servoStudio\samples\Wpf.Ui.servoStudio\servoStudio.csproj]
C:\UserWorx\VSWorx\ServoStudio\wpfui-servoStudio\samples\Wpf.Ui.servoStudio\Helpers\SoemFoEInterop.cs(27,21): warning CA1060: 灏?pinvoke 绉诲埌鏈満鏂规硶绫?(https://learn.microsoft.com/dotnet/fundamentals/code-analysis/quality-rules/ca1060) [C:\UserWorx\VSWorx\ServoStudio\wpfui-servoStudio\samples\Wpf.Ui.servoStudio\servoStudio.csproj]
C:\UserWorx\VSWorx\ServoStudio\wpfui-servoStudio\samples\Wpf.Ui.servoStudio\Core\CANopen\CanOpenFrameCodec.cs(40,9): warning IDE2003: 鍧椾笌鍚庣画璇彞涔嬮棿闇€瑕佹湁绌虹櫧琛?(https://learn.microsoft.com/dotnet/fundamentals/code-analysis/style-rules/ide2003) [C:\UserWorx\VSWorx\ServoStudio\wpfui-servoStudio\samples\Wpf.Ui.servoStudio\servoStudio.csproj]
C:\UserWorx\VSWorx\ServoStudio\wpfui-servoStudio\samples\Wpf.Ui.servoStudio\Core\CANopen\CanOpenMaster.cs(100,12): warning IDE0055: 淇鏍煎紡 (https://learn.microsoft.com/dotnet/fundamentals/code-analysis/style-rules/ide0055) [C:\UserWorx\VSWorx\ServoStudio\wpfui-servoStudio\samples\Wpf.Ui.servoStudio\servoStudio.csproj]
C:\UserWorx\VSWorx\ServoStudio\wpfui-servoStudio\samples\Wpf.Ui.servoStudio\Core\CANopen\CanOpenMaster.cs(100,14): warning IDE0055: 淇鏍煎紡 (https://learn.microsoft.com/dotnet/fundamentals/code-analysis/style-rules/ide0055) [C:\UserWorx\VSWorx\ServoStudio\wpfui-servoStudio\samples\Wpf.Ui.servoStudio\servoStudio.csproj]
C:\UserWorx\VSWorx\ServoStudio\wpfui-servoStudio\samples\Wpf.Ui.servoStudio\Core\CANopen\CanOpenMaster.cs(100,38): warning IDE0055: 淇鏍煎紡 (https://learn.microsoft.com/dotnet/fundamentals/code-analysis/style-rules/ide0055) [C:\UserWorx\VSWorx\ServoStudio\wpfui-servoStudio\samples\Wpf.Ui.servoStudio\servoStudio.csproj]
C:\UserWorx\VSWorx\ServoStudio\wpfui-servoStudio\samples\Wpf.Ui.servoStudio\Core\CANopen\CanOpenMaster.cs(100,40): warning IDE0055: 淇鏍煎紡 (https://learn.microsoft.com/dotnet/fundamentals/code-analysis/style-rules/ide0055) [C:\UserWorx\VSWorx\ServoStudio\wpfui-servoStudio\samples\Wpf.Ui.servoStudio\servoStudio.csproj]
C:\UserWorx\VSWorx\ServoStudio\wpfui-servoStudio\samples\Wpf.Ui.servoStudio\Core\CANopen\CanOpenMaster.cs(101,12): warning IDE0055: 淇鏍煎紡 (https://learn.microsoft.com/dotnet/fundamentals/code-analysis/style-rules/ide0055) [C:\UserWorx\VSWorx\ServoStudio\wpfui-servoStudio\samples\Wpf.Ui.servoStudio\servoStudio.csproj]
C:\UserWorx\VSWorx\ServoStudio\wpfui-servoStudio\samples\Wpf.Ui.servoStudio\Core\CANopen\CanOpenMaster.cs(101,14): warning IDE0055: 淇鏍煎紡 (https://learn.microsoft.com/dotnet/fundamentals/code-analysis/style-rules/ide0055) [C:\UserWorx\VSWorx\ServoStudio\wpfui-servoStudio\samples\Wpf.Ui.servoStudio\servoStudio.csproj]
C:\UserWorx\VSWorx\ServoStudio\wpfui-servoStudio\samples\Wpf.Ui.servoStudio\Core\CANopen\CanOpenMaster.cs(101,42): warning IDE0055: 淇鏍煎紡 (https://learn.microsoft.com/dotnet/fundamentals/code-analysis/style-rules/ide0055) [C:\UserWorx\VSWorx\ServoStudio\wpfui-servoStudio\samples\Wpf.Ui.servoStudio\servoStudio.csproj]
C:\UserWorx\VSWorx\ServoStudio\wpfui-servoStudio\samples\Wpf.Ui.servoStudio\Core\CANopen\CanOpenMaster.cs(101,44): warning IDE0055: 淇鏍煎紡 (https://learn.microsoft.com/dotnet/fundamentals/code-analysis/style-rules/ide0055) [C:\UserWorx\VSWorx\ServoStudio\wpfui-servoStudio\samples\Wpf.Ui.servoStudio\servoStudio.csproj]
C:\UserWorx\VSWorx\ServoStudio\wpfui-servoStudio\samples\Wpf.Ui.servoStudio\Core\CANopen\CanOpenMaster.cs(116,12): warning IDE0055: 淇鏍煎紡 (https://learn.microsoft.com/dotnet/fundamentals/code-analysis/style-rules/ide0055) [C:\UserWorx\VSWorx\ServoStudio\wpfui-servoStudio\samples\Wpf.Ui.servoStudio\servoStudio.csproj]
C:\UserWorx\VSWorx\ServoStudio\wpfui-servoStudio\samples\Wpf.Ui.servoStudio\Core\CANopen\CanOpenMaster.cs(116,14): warning IDE0055: 淇鏍煎紡 (https://learn.microsoft.com/dotnet/fundamentals/code-analysis/style-rules/ide0055) [C:\UserWorx\VSWorx\ServoStudio\wpfui-servoStudio\samples\Wpf.Ui.servoStudio\servoStudio.csproj]
C:\UserWorx\VSWorx\ServoStudio\wpfui-servoStudio\samples\Wpf.Ui.servoStudio\Core\CANopen\CanOpenMaster.cs(116,30): warning IDE0055: 淇鏍煎紡 (https://learn.microsoft.com/dotnet/fundamentals/code-analysis/style-rules/ide0055) [C:\UserWorx\VSWorx\ServoStudio\wpfui-servoStudio\samples\Wpf.Ui.servoStudio\servoStudio.csproj]
C:\UserWorx\VSWorx\ServoStudio\wpfui-servoStudio\samples\Wpf.Ui.servoStudio\Core\CANopen\CanOpenMaster.cs(116,32): warning IDE0055: 淇鏍煎紡 (https://learn.microsoft.com/dotnet/fundamentals/code-analysis/style-rules/ide0055) [C:\UserWorx\VSWorx\ServoStudio\wpfui-servoStudio\samples\Wpf.Ui.servoStudio\servoStudio.csproj]
C:\UserWorx\VSWorx\ServoStudio\wpfui-servoStudio\samples\Wpf.Ui.servoStudio\Core\CANopen\CanOpenMaster.cs(168,24): warning IDE0055: 淇鏍煎紡 (https://learn.microsoft.com/dotnet/fundamentals/code-analysis/style-rules/ide0055) [C:\UserWorx\VSWorx\ServoStudio\wpfui-servoStudio\samples\Wpf.Ui.servoStudio\servoStudio.csproj]
C:\UserWorx\VSWorx\ServoStudio\wpfui-servoStudio\samples\Wpf.Ui.servoStudio\Core\CANopen\CanOpenMaster.cs(168,26): warning IDE0055: 淇鏍煎紡 (https://learn.microsoft.com/dotnet/fundamentals/code-analysis/style-rules/ide0055) [C:\UserWorx\VSWorx\ServoStudio\wpfui-servoStudio\samples\Wpf.Ui.servoStudio\servoStudio.csproj]
C:\UserWorx\VSWorx\ServoStudio\wpfui-servoStudio\samples\Wpf.Ui.servoStudio\Core\CANopen\CanOpenMaster.cs(168,67): warning IDE0055: 淇鏍煎紡 (https://learn.microsoft.com/dotnet/fundamentals/code-analysis/style-rules/ide0055) [C:\UserWorx\VSWorx\ServoStudio\wpfui-servoStudio\samples\Wpf.Ui.servoStudio\servoStudio.csproj]
C:\UserWorx\VSWorx\ServoStudio\wpfui-servoStudio\samples\Wpf.Ui.servoStudio\Core\CANopen\CanOpenMaster.cs(168,81): warning IDE0055: 淇鏍煎紡 (https://learn.microsoft.com/dotnet/fundamentals/code-analysis/style-rules/ide0055) [C:\UserWorx\VSWorx\ServoStudio\wpfui-servoStudio\samples\Wpf.Ui.servoStudio\servoStudio.csproj]
C:\UserWorx\VSWorx\ServoStudio\wpfui-servoStudio\samples\Wpf.Ui.servoStudio\Core\CANopen\CanOpenMaster.cs(170,35): warning IDE0055: 淇鏍煎紡 (https://learn.microsoft.com/dotnet/fundamentals/code-analysis/style-rules/ide0055) [C:\UserWorx\VSWorx\ServoStudio\wpfui-servoStudio\samples\Wpf.Ui.servoStudio\servoStudio.csproj]
C:\UserWorx\VSWorx\ServoStudio\wpfui-servoStudio\samples\Wpf.Ui.servoStudio\Core\CANopen\CanOpenMaster.cs(170,37): warning IDE0055: 淇鏍煎紡 (https://learn.microsoft.com/dotnet/fundamentals/code-analysis/style-rules/ide0055) [C:\UserWorx\VSWorx\ServoStudio\wpfui-servoStudio\samples\Wpf.Ui.servoStudio\servoStudio.csproj]
C:\UserWorx\VSWorx\ServoStudio\wpfui-servoStudio\samples\Wpf.Ui.servoStudio\Core\CANopen\CanOpenMaster.cs(170,76): warning IDE0055: 淇鏍煎紡 (https://learn.microsoft.com/dotnet/fundamentals/code-analysis/style-rules/ide0055) [C:\UserWorx\VSWorx\ServoStudio\wpfui-servoStudio\samples\Wpf.Ui.servoStudio\servoStudio.csproj]
C:\UserWorx\VSWorx\ServoStudio\wpfui-servoStudio\samples\Wpf.Ui.servoStudio\Core\CANopen\CanOpenMaster.cs(170,90): warning IDE0055: 淇鏍煎紡 (https://learn.microsoft.com/dotnet/fundamentals/code-analysis/style-rules/ide0055) [C:\UserWorx\VSWorx\ServoStudio\wpfui-servoStudio\samples\Wpf.Ui.servoStudio\servoStudio.csproj]
C:\UserWorx\VSWorx\ServoStudio\wpfui-servoStudio\samples\Wpf.Ui.servoStudio\Core\CANopen\CanOpenMaster.cs(751,31): warning IDE0055: 淇鏍煎紡 (https://learn.microsoft.com/dotnet/fundamentals/code-analysis/style-rules/ide0055) [C:\UserWorx\VSWorx\ServoStudio\wpfui-servoStudio\samples\Wpf.Ui.servoStudio\servoStudio.csproj]
C:\UserWorx\VSWorx\ServoStudio\wpfui-servoStudio\samples\Wpf.Ui.servoStudio\Core\CANopen\CanOpenMaster.cs(751,33): warning IDE0055: 淇鏍煎紡 (https://learn.microsoft.com/dotnet/fundamentals/code-analysis/style-rules/ide0055) [C:\UserWorx\VSWorx\ServoStudio\wpfui-servoStudio\samples\Wpf.Ui.servoStudio\servoStudio.csproj]
C:\UserWorx\VSWorx\ServoStudio\wpfui-servoStudio\samples\Wpf.Ui.servoStudio\Core\CANopen\CanOpenMaster.cs(751,43): warning IDE0055: 淇鏍煎紡 (https://learn.microsoft.com/dotnet/fundamentals/code-analysis/style-rules/ide0055) [C:\UserWorx\VSWorx\ServoStudio\wpfui-servoStudio\samples\Wpf.Ui.servoStudio\servoStudio.csproj]
C:\UserWorx\VSWorx\ServoStudio\wpfui-servoStudio\samples\Wpf.Ui.servoStudio\Core\CANopen\CanOpenMaster.cs(100,62): warning IDE2003: 鍧椾笌鍚庣画璇彞涔嬮棿闇€瑕佹湁绌虹櫧琛?(https://learn.microsoft.com/dotnet/fundamentals/code-analysis/style-rules/ide2003) [C:\UserWorx\VSWorx\ServoStudio\wpfui-servoStudio\samples\Wpf.Ui.servoStudio\servoStudio.csproj]
C:\UserWorx\VSWorx\ServoStudio\wpfui-servoStudio\samples\Wpf.Ui.servoStudio\Core\CANopen\CanOpenMaster.cs(101,66): warning IDE2003: 鍧椾笌鍚庣画璇彞涔嬮棿闇€瑕佹湁绌虹櫧琛?(https://learn.microsoft.com/dotnet/fundamentals/code-analysis/style-rules/ide2003) [C:\UserWorx\VSWorx\ServoStudio\wpfui-servoStudio\samples\Wpf.Ui.servoStudio\servoStudio.csproj]
C:\UserWorx\VSWorx\ServoStudio\wpfui-servoStudio\samples\Wpf.Ui.servoStudio\Core\CANopen\CanOpenMaster.cs(116,54): warning IDE2003: 鍧椾笌鍚庣画璇彞涔嬮棿闇€瑕佹湁绌虹櫧琛?(https://learn.microsoft.com/dotnet/fundamentals/code-analysis/style-rules/ide2003) [C:\UserWorx\VSWorx\ServoStudio\wpfui-servoStudio\samples\Wpf.Ui.servoStudio\servoStudio.csproj]
C:\UserWorx\VSWorx\ServoStudio\wpfui-servoStudio\samples\Wpf.Ui.servoStudio\Core\CANopen\CanOpenMaster.cs(167,9): warning IDE2003: 鍧椾笌鍚庣画璇彞涔嬮棿闇€瑕佹湁绌虹櫧琛?(https://learn.microsoft.com/dotnet/fundamentals/code-analysis/style-rules/ide2003) [C:\UserWorx\VSWorx\ServoStudio\wpfui-servoStudio\samples\Wpf.Ui.servoStudio\servoStudio.csproj]
C:\UserWorx\VSWorx\ServoStudio\wpfui-servoStudio\samples\Wpf.Ui.servoStudio\Core\CANopen\CanOpenMaster.cs(168,82): warning IDE2003: 鍧椾笌鍚庣画璇彞涔嬮棿闇€瑕佹湁绌虹櫧琛?(https://learn.microsoft.com/dotnet/fundamentals/code-analysis/style-rules/ide2003) [C:\UserWorx\VSWorx\ServoStudio\wpfui-servoStudio\samples\Wpf.Ui.servoStudio\servoStudio.csproj]
C:\UserWorx\VSWorx\ServoStudio\wpfui-servoStudio\samples\Wpf.Ui.servoStudio\Core\CANopen\CanOpenSlave_CiA402.cs(40,25): warning IDE0055: 淇鏍煎紡 (https://learn.microsoft.com/dotnet/fundamentals/code-analysis/style-rules/ide0055) [C:\UserWorx\VSWorx\ServoStudio\wpfui-servoStudio\samples\Wpf.Ui.servoStudio\servoStudio.csproj]
C:\UserWorx\VSWorx\ServoStudio\wpfui-servoStudio\samples\Wpf.Ui.servoStudio\Core\CANopen\CanOpenSlave_CiA402.cs(40,27): warning IDE0055: 淇鏍煎紡 (https://learn.microsoft.com/dotnet/fundamentals/code-analysis/style-rules/ide0055) [C:\UserWorx\VSWorx\ServoStudio\wpfui-servoStudio\samples\Wpf.Ui.servoStudio\servoStudio.csproj]
C:\UserWorx\VSWorx\ServoStudio\wpfui-servoStudio\samples\Wpf.Ui.servoStudio\Core\CANopen\CanOpenSlave_CiA402.cs(40,32): warning IDE0055: 淇鏍煎紡 (https://learn.microsoft.com/dotnet/fundamentals/code-analysis/style-rules/ide0055) [C:\UserWorx\VSWorx\ServoStudio\wpfui-servoStudio\samples\Wpf.Ui.servoStudio\servoStudio.csproj]
C:\UserWorx\VSWorx\ServoStudio\wpfui-servoStudio\samples\Wpf.Ui.servoStudio\Core\CANopen\CanOpenSlave_CiA402.cs(43,29): warning IDE0055: 淇鏍煎紡 (https://learn.microsoft.com/dotnet/fundamentals/code-analysis/style-rules/ide0055) [C:\UserWorx\VSWorx\ServoStudio\wpfui-servoStudio\samples\Wpf.Ui.servoStudio\servoStudio.csproj]
C:\UserWorx\VSWorx\ServoStudio\wpfui-servoStudio\samples\Wpf.Ui.servoStudio\Core\CANopen\CanOpenSlave_CiA402.cs(43,31): warning IDE0055: 淇鏍煎紡 (https://learn.microsoft.com/dotnet/fundamentals/code-analysis/style-rules/ide0055) [C:\UserWorx\VSWorx\ServoStudio\wpfui-servoStudio\samples\Wpf.Ui.servoStudio\servoStudio.csproj]
C:\UserWorx\VSWorx\ServoStudio\wpfui-servoStudio\samples\Wpf.Ui.servoStudio\Core\CANopen\CanOpenSlave_CiA402.cs(43,49): warning IDE0055: 淇鏍煎紡 (https://learn.microsoft.com/dotnet/fundamentals/code-analysis/style-rules/ide0055) [C:\UserWorx\VSWorx\ServoStudio\wpfui-servoStudio\samples\Wpf.Ui.servoStudio\servoStudio.csproj]
C:\UserWorx\VSWorx\ServoStudio\wpfui-servoStudio\samples\Wpf.Ui.servoStudio\Core\CANopen\CanOpenSlave_CiA402.cs(46,35): warning IDE0055: 淇鏍煎紡 (https://learn.microsoft.com/dotnet/fundamentals/code-analysis/style-rules/ide0055) [C:\UserWorx\VSWorx\ServoStudio\wpfui-servoStudio\samples\Wpf.Ui.servoStudio\servoStudio.csproj]
C:\UserWorx\VSWorx\ServoStudio\wpfui-servoStudio\samples\Wpf.Ui.servoStudio\Core\CANopen\CanOpenSlave_CiA402.cs(46,37): warning IDE0055: 淇鏍煎紡 (https://learn.microsoft.com/dotnet/fundamentals/code-analysis/style-rules/ide0055) [C:\UserWorx\VSWorx\ServoStudio\wpfui-servoStudio\samples\Wpf.Ui.servoStudio\servoStudio.csproj]
C:\UserWorx\VSWorx\ServoStudio\wpfui-servoStudio\samples\Wpf.Ui.servoStudio\Core\CANopen\CanOpenSlave_CiA402.cs(46,55): warning IDE0055: 淇鏍煎紡 (https://learn.microsoft.com/dotnet/fundamentals/code-analysis/style-rules/ide0055) [C:\UserWorx\VSWorx\ServoStudio\wpfui-servoStudio\samples\Wpf.Ui.servoStudio\servoStudio.csproj]
C:\UserWorx\VSWorx\ServoStudio\wpfui-servoStudio\samples\Wpf.Ui.servoStudio\Core\CANopen\CanOpenSlave_CiA402.cs(49,25): warning IDE0055: 淇鏍煎紡 (https://learn.microsoft.com/dotnet/fundamentals/code-analysis/style-rules/ide0055) [C:\UserWorx\VSWorx\ServoStudio\wpfui-servoStudio\samples\Wpf.Ui.servoStudio\servoStudio.csproj]
C:\UserWorx\VSWorx\ServoStudio\wpfui-servoStudio\samples\Wpf.Ui.servoStudio\Core\CANopen\CanOpenSlave_CiA402.cs(49,27): warning IDE0055: 淇鏍煎紡 (https://learn.microsoft.com/dotnet/fundamentals/code-analysis/style-rules/ide0055) [C:\UserWorx\VSWorx\ServoStudio\wpfui-servoStudio\samples\Wpf.Ui.servoStudio\servoStudio.csproj]
C:\UserWorx\VSWorx\ServoStudio\wpfui-servoStudio\samples\Wpf.Ui.servoStudio\Core\CANopen\CanOpenSlave_CiA402.cs(49,45): warning IDE0055: 淇鏍煎紡 (https://learn.microsoft.com/dotnet/fundamentals/code-analysis/style-rules/ide0055) [C:\UserWorx\VSWorx\ServoStudio\wpfui-servoStudio\samples\Wpf.Ui.servoStudio\servoStudio.csproj]
C:\UserWorx\VSWorx\ServoStudio\wpfui-servoStudio\samples\Wpf.Ui.servoStudio\Core\CANopen\CanOpenSlave_CiA402.cs(52,28): warning IDE0055: 淇鏍煎紡 (https://learn.microsoft.com/dotnet/fundamentals/code-analysis/style-rules/ide0055) [C:\UserWorx\VSWorx\ServoStudio\wpfui-servoStudio\samples\Wpf.Ui.servoStudio\servoStudio.csproj]
C:\UserWorx\VSWorx\ServoStudio\wpfui-servoStudio\samples\Wpf.Ui.servoStudio\Core\CANopen\CanOpenSlave_CiA402.cs(52,30): warning IDE0055: 淇鏍煎紡 (https://learn.microsoft.com/dotnet/fundamentals/code-analysis/style-rules/ide0055) [C:\UserWorx\VSWorx\ServoStudio\wpfui-servoStudio\samples\Wpf.Ui.servoStudio\servoStudio.csproj]
C:\UserWorx\VSWorx\ServoStudio\wpfui-servoStudio\samples\Wpf.Ui.servoStudio\Core\CANopen\CanOpenSlave_CiA402.cs(52,48): warning IDE0055: 淇鏍煎紡 (https://learn.microsoft.com/dotnet/fundamentals/code-analysis/style-rules/ide0055) [C:\UserWorx\VSWorx\ServoStudio\wpfui-servoStudio\samples\Wpf.Ui.servoStudio\servoStudio.csproj]
C:\UserWorx\VSWorx\ServoStudio\wpfui-servoStudio\samples\Wpf.Ui.servoStudio\Core\CANopen\CanOpenSlave_CiA402.cs(58,58): warning IDE0055: 淇鏍煎紡 (https://learn.microsoft.com/dotnet/fundamentals/code-analysis/style-rules/ide0055) [C:\UserWorx\VSWorx\ServoStudio\wpfui-servoStudio\samples\Wpf.Ui.servoStudio\servoStudio.csproj]
C:\UserWorx\VSWorx\ServoStudio\wpfui-servoStudio\samples\Wpf.Ui.servoStudio\Core\CANopen\CanOpenSlave_CiA402.cs(58,60): warning IDE0055: 淇鏍煎紡 (https://learn.microsoft.com/dotnet/fundamentals/code-analysis/style-rules/ide0055) [C:\UserWorx\VSWorx\ServoStudio\wpfui-servoStudio\samples\Wpf.Ui.servoStudio\servoStudio.csproj]
C:\UserWorx\VSWorx\ServoStudio\wpfui-servoStudio\samples\Wpf.Ui.servoStudio\Core\CANopen\CanOpenSlave_CiA402.cs(58,70): warning IDE0055: 淇鏍煎紡 (https://learn.microsoft.com/dotnet/fundamentals/code-analysis/style-rules/ide0055) [C:\UserWorx\VSWorx\ServoStudio\wpfui-servoStudio\samples\Wpf.Ui.servoStudio\servoStudio.csproj]
C:\UserWorx\VSWorx\ServoStudio\wpfui-servoStudio\samples\Wpf.Ui.servoStudio\Core\CANopen\CanOpenSlave_CiA402.cs(61,57): warning IDE0055: 淇鏍煎紡 (https://learn.microsoft.com/dotnet/fundamentals/code-analysis/style-rules/ide0055) [C:\UserWorx\VSWorx\ServoStudio\wpfui-servoStudio\samples\Wpf.Ui.servoStudio\servoStudio.csproj]
C:\UserWorx\VSWorx\ServoStudio\wpfui-servoStudio\samples\Wpf.Ui.servoStudio\Core\CANopen\CanOpenSlave_CiA402.cs(61,59): warning IDE0055: 淇鏍煎紡 (https://learn.microsoft.com/dotnet/fundamentals/code-analysis/style-rules/ide0055) [C:\UserWorx\VSWorx\ServoStudio\wpfui-servoStudio\samples\Wpf.Ui.servoStudio\servoStudio.csproj]
C:\UserWorx\VSWorx\ServoStudio\wpfui-servoStudio\samples\Wpf.Ui.servoStudio\Core\CANopen\CanOpenSlave_CiA402.cs(61,69): warning IDE0055: 淇鏍煎紡 (https://learn.microsoft.com/dotnet/fundamentals/code-analysis/style-rules/ide0055) [C:\UserWorx\VSWorx\ServoStudio\wpfui-servoStudio\samples\Wpf.Ui.servoStudio\servoStudio.csproj]
C:\UserWorx\VSWorx\ServoStudio\wpfui-servoStudio\samples\Wpf.Ui.servoStudio\Core\CANopen\CanOpenSlave_CiA402.cs(64,60): warning IDE0055: 淇鏍煎紡 (https://learn.microsoft.com/dotnet/fundamentals/code-analysis/style-rules/ide0055) [C:\UserWorx\VSWorx\ServoStudio\wpfui-servoStudio\samples\Wpf.Ui.servoStudio\servoStudio.csproj]
C:\UserWorx\VSWorx\ServoStudio\wpfui-servoStudio\samples\Wpf.Ui.servoStudio\Core\CANopen\CanOpenSlave_CiA402.cs(64,62): warning IDE0055: 淇鏍煎紡 (https://learn.microsoft.com/dotnet/fundamentals/code-analysis/style-rules/ide0055) [C:\UserWorx\VSWorx\ServoStudio\wpfui-servoStudio\samples\Wpf.Ui.servoStudio\servoStudio.csproj]
C:\UserWorx\VSWorx\ServoStudio\wpfui-servoStudio\samples\Wpf.Ui.servoStudio\Core\CANopen\CanOpenSlave_CiA402.cs(64,72): warning IDE0055: 淇鏍煎紡 (https://learn.microsoft.com/dotnet/fundamentals/code-analysis/style-rules/ide0055) [C:\UserWorx\VSWorx\ServoStudio\wpfui-servoStudio\samples\Wpf.Ui.servoStudio\servoStudio.csproj]
C:\UserWorx\VSWorx\ServoStudio\wpfui-servoStudio\samples\Wpf.Ui.servoStudio\Core\CANopen\CanOpenSlave_CiA402.cs(77,28): warning IDE0055: 淇鏍煎紡 (https://learn.microsoft.com/dotnet/fundamentals/code-analysis/style-rules/ide0055) [C:\UserWorx\VSWorx\ServoStudio\wpfui-servoStudio\samples\Wpf.Ui.servoStudio\servoStudio.csproj]
C:\UserWorx\VSWorx\ServoStudio\wpfui-servoStudio\samples\Wpf.Ui.servoStudio\Core\CANopen\CanOpenSlave_CiA402.cs(81,30): warning IDE0055: 淇鏍煎紡 (https://learn.microsoft.com/dotnet/fundamentals/code-analysis/style-rules/ide0055) [C:\UserWorx\VSWorx\ServoStudio\wpfui-servoStudio\samples\Wpf.Ui.servoStudio\servoStudio.csproj]
C:\UserWorx\VSWorx\ServoStudio\wpfui-servoStudio\samples\Wpf.Ui.servoStudio\Core\CANopen\CanOpenSlave_CiA402.cs(78,9): warning IDE2003: 鍧椾笌鍚庣画璇彞涔嬮棿闇€瑕佹湁绌虹櫧琛?(https://learn.microsoft.com/dotnet/fundamentals/code-analysis/style-rules/ide2003) [C:\UserWorx\VSWorx\ServoStudio\wpfui-servoStudio\samples\Wpf.Ui.servoStudio\servoStudio.csproj]
C:\UserWorx\VSWorx\ServoStudio\wpfui-servoStudio\samples\Wpf.Ui.servoStudio\Core\CANopen\ICanBus.cs(38,16): warning IDE0055: 淇鏍煎紡 (https://learn.microsoft.com/dotnet/fundamentals/code-analysis/style-rules/ide0055) [C:\UserWorx\VSWorx\ServoStudio\wpfui-servoStudio\samples\Wpf.Ui.servoStudio\servoStudio.csproj]
C:\UserWorx\VSWorx\ServoStudio\wpfui-servoStudio\samples\Wpf.Ui.servoStudio\Core\CANopen\ICanBus.cs(38,18): warning IDE0055: 淇鏍煎紡 (https://learn.microsoft.com/dotnet/fundamentals/code-analysis/style-rules/ide0055) [C:\UserWorx\VSWorx\ServoStudio\wpfui-servoStudio\samples\Wpf.Ui.servoStudio\servoStudio.csproj]
C:\UserWorx\VSWorx\ServoStudio\wpfui-servoStudio\samples\Wpf.Ui.servoStudio\Core\CANopen\ICanBus.cs(38,23): warning IDE0055: 淇鏍煎紡 (https://learn.microsoft.com/dotnet/fundamentals/code-analysis/style-rules/ide0055) [C:\UserWorx\VSWorx\ServoStudio\wpfui-servoStudio\samples\Wpf.Ui.servoStudio\servoStudio.csproj]
C:\UserWorx\VSWorx\ServoStudio\wpfui-servoStudio\samples\Wpf.Ui.servoStudio\Core\CANopen\SerialCanBus.cs(42,23): warning IDE0055: 淇鏍煎紡 (https://learn.microsoft.com/dotnet/fundamentals/code-analysis/style-rules/ide0055) [C:\UserWorx\VSWorx\ServoStudio\wpfui-servoStudio\samples\Wpf.Ui.servoStudio\servoStudio.csproj]
C:\UserWorx\VSWorx\ServoStudio\wpfui-servoStudio\samples\Wpf.Ui.servoStudio\Core\CANopen\SerialCanBus.cs(42,25): warning IDE0055: 淇鏍煎紡 (https://learn.microsoft.com/dotnet/fundamentals/code-analysis/style-rules/ide0055) [C:\UserWorx\VSWorx\ServoStudio\wpfui-servoStudio\samples\Wpf.Ui.servoStudio\servoStudio.csproj]
C:\UserWorx\VSWorx\ServoStudio\wpfui-servoStudio\samples\Wpf.Ui.servoStudio\Core\CANopen\SerialCanBus.cs(42,43): warning IDE0055: 淇鏍煎紡 (https://learn.microsoft.com/dotnet/fundamentals/code-analysis/style-rules/ide0055) [C:\UserWorx\VSWorx\ServoStudio\wpfui-servoStudio\samples\Wpf.Ui.servoStudio\servoStudio.csproj]
C:\UserWorx\VSWorx\ServoStudio\wpfui-servoStudio\samples\Wpf.Ui.servoStudio\Core\CANopen\SerialCanBus.cs(45,26): warning IDE0055: 淇鏍煎紡 (https://learn.microsoft.com/dotnet/fundamentals/code-analysis/style-rules/ide0055) [C:\UserWorx\VSWorx\ServoStudio\wpfui-servoStudio\samples\Wpf.Ui.servoStudio\servoStudio.csproj]
C:\UserWorx\VSWorx\ServoStudio\wpfui-servoStudio\samples\Wpf.Ui.servoStudio\Core\CANopen\SerialCanBus.cs(45,28): warning IDE0055: 淇鏍煎紡 (https://learn.microsoft.com/dotnet/fundamentals/code-analysis/style-rules/ide0055) [C:\UserWorx\VSWorx\ServoStudio\wpfui-servoStudio\samples\Wpf.Ui.servoStudio\servoStudio.csproj]
C:\UserWorx\VSWorx\ServoStudio\wpfui-servoStudio\samples\Wpf.Ui.servoStudio\Core\CANopen\SerialCanBus.cs(88,34): warning IDE0055: 淇鏍煎紡 (https://learn.microsoft.com/dotnet/fundamentals/code-analysis/style-rules/ide0055) [C:\UserWorx\VSWorx\ServoStudio\wpfui-servoStudio\samples\Wpf.Ui.servoStudio\servoStudio.csproj]
C:\UserWorx\VSWorx\ServoStudio\wpfui-servoStudio\samples\Wpf.Ui.servoStudio\Core\CANopen\SerialCanBus.cs(89,34): warning IDE0055: 淇鏍煎紡 (https://learn.microsoft.com/dotnet/fundamentals/code-analysis/style-rules/ide0055) [C:\UserWorx\VSWorx\ServoStudio\wpfui-servoStudio\samples\Wpf.Ui.servoStudio\servoStudio.csproj]
C:\UserWorx\VSWorx\ServoStudio\wpfui-servoStudio\samples\Wpf.Ui.servoStudio\Core\CANopen\SerialCanBus.cs(90,34): warning IDE0055: 淇鏍煎紡 (https://learn.microsoft.com/dotnet/fundamentals/code-analysis/style-rules/ide0055) [C:\UserWorx\VSWorx\ServoStudio\wpfui-servoStudio\samples\Wpf.Ui.servoStudio\servoStudio.csproj]
C:\UserWorx\VSWorx\ServoStudio\wpfui-servoStudio\samples\Wpf.Ui.servoStudio\Core\CANopen\SerialCanBus.cs(91,35): warning IDE0055: 淇鏍煎紡 (https://learn.microsoft.com/dotnet/fundamentals/code-analysis/style-rules/ide0055) [C:\UserWorx\VSWorx\ServoStudio\wpfui-servoStudio\samples\Wpf.Ui.servoStudio\servoStudio.csproj]
C:\UserWorx\VSWorx\ServoStudio\wpfui-servoStudio\samples\Wpf.Ui.servoStudio\Core\CANopen\SerialCanBus.cs(92,35): warning IDE0055: 淇鏍煎紡 (https://learn.microsoft.com/dotnet/fundamentals/code-analysis/style-rules/ide0055) [C:\UserWorx\VSWorx\ServoStudio\wpfui-servoStudio\samples\Wpf.Ui.servoStudio\servoStudio.csproj]
C:\UserWorx\VSWorx\ServoStudio\wpfui-servoStudio\samples\Wpf.Ui.servoStudio\Core\CANopen\SerialCanBus.cs(93,35): warning IDE0055: 淇鏍煎紡 (https://learn.microsoft.com/dotnet/fundamentals/code-analysis/style-rules/ide0055) [C:\UserWorx\VSWorx\ServoStudio\wpfui-servoStudio\samples\Wpf.Ui.servoStudio\servoStudio.csproj]
C:\UserWorx\VSWorx\ServoStudio\wpfui-servoStudio\samples\Wpf.Ui.servoStudio\Core\CANopen\SerialCanBus.cs(94,35): warning IDE0055: 淇鏍煎紡 (https://learn.microsoft.com/dotnet/fundamentals/code-analysis/style-rules/ide0055) [C:\UserWorx\VSWorx\ServoStudio\wpfui-servoStudio\samples\Wpf.Ui.servoStudio\servoStudio.csproj]
C:\UserWorx\VSWorx\ServoStudio\wpfui-servoStudio\samples\Wpf.Ui.servoStudio\Core\CANopen\SerialCanBus.cs(95,35): warning IDE0055: 淇鏍煎紡 (https://learn.microsoft.com/dotnet/fundamentals/code-analysis/style-rules/ide0055) [C:\UserWorx\VSWorx\ServoStudio\wpfui-servoStudio\samples\Wpf.Ui.servoStudio\servoStudio.csproj]
C:\UserWorx\VSWorx\ServoStudio\wpfui-servoStudio\samples\Wpf.Ui.servoStudio\Core\CANopen\SerialCanBus.cs(120,16): warning IDE0055: 淇鏍煎紡 (https://learn.microsoft.com/dotnet/fundamentals/code-analysis/style-rules/ide0055) [C:\UserWorx\VSWorx\ServoStudio\wpfui-servoStudio\samples\Wpf.Ui.servoStudio\servoStudio.csproj]
C:\UserWorx\VSWorx\ServoStudio\wpfui-servoStudio\samples\Wpf.Ui.servoStudio\Core\CANopen\SerialCanBus.cs(120,18): warning IDE0055: 淇鏍煎紡 (https://learn.microsoft.com/dotnet/fundamentals/code-analysis/style-rules/ide0055) [C:\UserWorx\VSWorx\ServoStudio\wpfui-servoStudio\samples\Wpf.Ui.servoStudio\servoStudio.csproj]
C:\UserWorx\VSWorx\ServoStudio\wpfui-servoStudio\samples\Wpf.Ui.servoStudio\Core\CANopen\SerialCanBus.cs(120,33): warning IDE0055: 淇鏍煎紡 (https://learn.microsoft.com/dotnet/fundamentals/code-analysis/style-rules/ide0055) [C:\UserWorx\VSWorx\ServoStudio\wpfui-servoStudio\samples\Wpf.Ui.servoStudio\servoStudio.csproj]
C:\UserWorx\VSWorx\ServoStudio\wpfui-servoStudio\samples\Wpf.Ui.servoStudio\Core\CANopen\SerialCanBus.cs(120,35): warning IDE0055: 淇鏍煎紡 (https://learn.microsoft.com/dotnet/fundamentals/code-analysis/style-rules/ide0055) [C:\UserWorx\VSWorx\ServoStudio\wpfui-servoStudio\samples\Wpf.Ui.servoStudio\servoStudio.csproj]
C:\UserWorx\VSWorx\ServoStudio\wpfui-servoStudio\samples\Wpf.Ui.servoStudio\Core\CANopen\SerialCanBus.cs(133,12): warning IDE0055: 淇鏍煎紡 (https://learn.microsoft.com/dotnet/fundamentals/code-analysis/style-rules/ide0055) [C:\UserWorx\VSWorx\ServoStudio\wpfui-servoStudio\samples\Wpf.Ui.servoStudio\servoStudio.csproj]
C:\UserWorx\VSWorx\ServoStudio\wpfui-servoStudio\samples\Wpf.Ui.servoStudio\Core\CANopen\SerialCanBus.cs(133,14): warning IDE0055: 淇鏍煎紡 (https://learn.microsoft.com/dotnet/fundamentals/code-analysis/style-rules/ide0055) [C:\UserWorx\VSWorx\ServoStudio\wpfui-servoStudio\samples\Wpf.Ui.servoStudio\servoStudio.csproj]
C:\UserWorx\VSWorx\ServoStudio\wpfui-servoStudio\samples\Wpf.Ui.servoStudio\Core\CANopen\SerialCanBus.cs(133,32): warning IDE0055: 淇鏍煎紡 (https://learn.microsoft.com/dotnet/fundamentals/code-analysis/style-rules/ide0055) [C:\UserWorx\VSWorx\ServoStudio\wpfui-servoStudio\samples\Wpf.Ui.servoStudio\servoStudio.csproj]
C:\UserWorx\VSWorx\ServoStudio\wpfui-servoStudio\samples\Wpf.Ui.servoStudio\Core\CANopen\SerialCanBus.cs(133,34): warning IDE0055: 淇鏍煎紡 (https://learn.microsoft.com/dotnet/fundamentals/code-analysis/style-rules/ide0055) [C:\UserWorx\VSWorx\ServoStudio\wpfui-servoStudio\samples\Wpf.Ui.servoStudio\servoStudio.csproj]
C:\UserWorx\VSWorx\ServoStudio\wpfui-servoStudio\samples\Wpf.Ui.servoStudio\Core\CANopen\SerialCanBus.cs(134,12): warning IDE0055: 淇鏍煎紡 (https://learn.microsoft.com/dotnet/fundamentals/code-analysis/style-rules/ide0055) [C:\UserWorx\VSWorx\ServoStudio\wpfui-servoStudio\samples\Wpf.Ui.servoStudio\servoStudio.csproj]
C:\UserWorx\VSWorx\ServoStudio\wpfui-servoStudio\samples\Wpf.Ui.servoStudio\Core\CANopen\SerialCanBus.cs(134,14): warning IDE0055: 淇鏍煎紡 (https://learn.microsoft.com/dotnet/fundamentals/code-analysis/style-rules/ide0055) [C:\UserWorx\VSWorx\ServoStudio\wpfui-servoStudio\samples\Wpf.Ui.servoStudio\servoStudio.csproj]
C:\UserWorx\VSWorx\ServoStudio\wpfui-servoStudio\samples\Wpf.Ui.servoStudio\Core\CANopen\SerialCanBus.cs(134,36): warning IDE0055: 淇鏍煎紡 (https://learn.microsoft.com/dotnet/fundamentals/code-analysis/style-rules/ide0055) [C:\UserWorx\VSWorx\ServoStudio\wpfui-servoStudio\samples\Wpf.Ui.servoStudio\servoStudio.csproj]
C:\UserWorx\VSWorx\ServoStudio\wpfui-servoStudio\samples\Wpf.Ui.servoStudio\Core\CANopen\SerialCanBus.cs(134,38): warning IDE0055: 淇鏍煎紡 (https://learn.microsoft.com/dotnet/fundamentals/code-analysis/style-rules/ide0055) [C:\UserWorx\VSWorx\ServoStudio\wpfui-servoStudio\samples\Wpf.Ui.servoStudio\servoStudio.csproj]
C:\UserWorx\VSWorx\ServoStudio\wpfui-servoStudio\samples\Wpf.Ui.servoStudio\Core\CANopen\SerialCanBus.cs(137,12): warning IDE0055: 淇鏍煎紡 (https://learn.microsoft.com/dotnet/fundamentals/code-analysis/style-rules/ide0055) [C:\UserWorx\VSWorx\ServoStudio\wpfui-servoStudio\samples\Wpf.Ui.servoStudio\servoStudio.csproj]
C:\UserWorx\VSWorx\ServoStudio\wpfui-servoStudio\samples\Wpf.Ui.servoStudio\Core\CANopen\SerialCanBus.cs(137,14): warning IDE0055: 淇鏍煎紡 (https://learn.microsoft.com/dotnet/fundamentals/code-analysis/style-rules/ide0055) [C:\UserWorx\VSWorx\ServoStudio\wpfui-servoStudio\samples\Wpf.Ui.servoStudio\servoStudio.csproj]
C:\UserWorx\VSWorx\ServoStudio\wpfui-servoStudio\samples\Wpf.Ui.servoStudio\Core\CANopen\SerialCanBus.cs(137,32): warning IDE0055: 淇鏍煎紡 (https://learn.microsoft.com/dotnet/fundamentals/code-analysis/style-rules/ide0055) [C:\UserWorx\VSWorx\ServoStudio\wpfui-servoStudio\samples\Wpf.Ui.servoStudio\servoStudio.csproj]
C:\UserWorx\VSWorx\ServoStudio\wpfui-servoStudio\samples\Wpf.Ui.servoStudio\Core\CANopen\SerialCanBus.cs(137,34): warning IDE0055: 淇鏍煎紡 (https://learn.microsoft.com/dotnet/fundamentals/code-analysis/style-rules/ide0055) [C:\UserWorx\VSWorx\ServoStudio\wpfui-servoStudio\samples\Wpf.Ui.servoStudio\servoStudio.csproj]
C:\UserWorx\VSWorx\ServoStudio\wpfui-servoStudio\samples\Wpf.Ui.servoStudio\Core\CANopen\SerialCanBus.cs(137,56): warning IDE0055: 淇鏍煎紡 (https://learn.microsoft.com/dotnet/fundamentals/code-analysis/style-rules/ide0055) [C:\UserWorx\VSWorx\ServoStudio\wpfui-servoStudio\samples\Wpf.Ui.servoStudio\servoStudio.csproj]
C:\UserWorx\VSWorx\ServoStudio\wpfui-servoStudio\samples\Wpf.Ui.servoStudio\Core\CANopen\SerialCanBus.cs(137,71): warning IDE0055: 淇鏍煎紡 (https://learn.microsoft.com/dotnet/fundamentals/code-analysis/style-rules/ide0055) [C:\UserWorx\VSWorx\ServoStudio\wpfui-servoStudio\samples\Wpf.Ui.servoStudio\servoStudio.csproj]
C:\UserWorx\VSWorx\ServoStudio\wpfui-servoStudio\samples\Wpf.Ui.servoStudio\Core\CANopen\SerialCanBus.cs(137,73): warning IDE0055: 淇鏍煎紡 (https://learn.microsoft.com/dotnet/fundamentals/code-analysis/style-rules/ide0055) [C:\UserWorx\VSWorx\ServoStudio\wpfui-servoStudio\samples\Wpf.Ui.servoStudio\servoStudio.csproj]
C:\UserWorx\VSWorx\ServoStudio\wpfui-servoStudio\samples\Wpf.Ui.servoStudio\Core\CANopen\SerialCanBus.cs(137,75): warning IDE0055: 淇鏍煎紡 (https://learn.microsoft.com/dotnet/fundamentals/code-analysis/style-rules/ide0055) [C:\UserWorx\VSWorx\ServoStudio\wpfui-servoStudio\samples\Wpf.Ui.servoStudio\servoStudio.csproj]
C:\UserWorx\VSWorx\ServoStudio\wpfui-servoStudio\samples\Wpf.Ui.servoStudio\Core\CANopen\SerialCanBus.cs(139,40): warning IDE0055: 淇鏍煎紡 (https://learn.microsoft.com/dotnet/fundamentals/code-analysis/style-rules/ide0055) [C:\UserWorx\VSWorx\ServoStudio\wpfui-servoStudio\samples\Wpf.Ui.servoStudio\servoStudio.csproj]
C:\UserWorx\VSWorx\ServoStudio\wpfui-servoStudio\samples\Wpf.Ui.servoStudio\Core\CANopen\SerialCanBus.cs(139,42): warning IDE0055: 淇鏍煎紡 (https://learn.microsoft.com/dotnet/fundamentals/code-analysis/style-rules/ide0055) [C:\UserWorx\VSWorx\ServoStudio\wpfui-servoStudio\samples\Wpf.Ui.servoStudio\servoStudio.csproj]
C:\UserWorx\VSWorx\ServoStudio\wpfui-servoStudio\samples\Wpf.Ui.servoStudio\Core\CANopen\SerialCanBus.cs(169,12): warning IDE0055: 淇鏍煎紡 (https://learn.microsoft.com/dotnet/fundamentals/code-analysis/style-rules/ide0055) [C:\UserWorx\VSWorx\ServoStudio\wpfui-servoStudio\samples\Wpf.Ui.servoStudio\servoStudio.csproj]
C:\UserWorx\VSWorx\ServoStudio\wpfui-servoStudio\samples\Wpf.Ui.servoStudio\Core\CANopen\SerialCanBus.cs(169,14): warning IDE0055: 淇鏍煎紡 (https://learn.microsoft.com/dotnet/fundamentals/code-analysis/style-rules/ide0055) [C:\UserWorx\VSWorx\ServoStudio\wpfui-servoStudio\samples\Wpf.Ui.servoStudio\servoStudio.csproj]
C:\UserWorx\VSWorx\ServoStudio\wpfui-servoStudio\samples\Wpf.Ui.servoStudio\Core\CANopen\SerialCanBus.cs(169,61): warning IDE0055: 淇鏍煎紡 (https://learn.microsoft.com/dotnet/fundamentals/code-analysis/style-rules/ide0055) [C:\UserWorx\VSWorx\ServoStudio\wpfui-servoStudio\samples\Wpf.Ui.servoStudio\servoStudio.csproj]
C:\UserWorx\VSWorx\ServoStudio\wpfui-servoStudio\samples\Wpf.Ui.servoStudio\Core\CANopen\SerialCanBus.cs(181,12): warning IDE0055: 淇鏍煎紡 (https://learn.microsoft.com/dotnet/fundamentals/code-analysis/style-rules/ide0055) [C:\UserWorx\VSWorx\ServoStudio\wpfui-servoStudio\samples\Wpf.Ui.servoStudio\servoStudio.csproj]
C:\UserWorx\VSWorx\ServoStudio\wpfui-servoStudio\samples\Wpf.Ui.servoStudio\Core\CANopen\SerialCanBus.cs(181,14): warning IDE0055: 淇鏍煎紡 (https://learn.microsoft.com/dotnet/fundamentals/code-analysis/style-rules/ide0055) [C:\UserWorx\VSWorx\ServoStudio\wpfui-servoStudio\samples\Wpf.Ui.servoStudio\servoStudio.csproj]
C:\UserWorx\VSWorx\ServoStudio\wpfui-servoStudio\samples\Wpf.Ui.servoStudio\Core\CANopen\SerialCanBus.cs(181,23): warning IDE0055: 淇鏍煎紡 (https://learn.microsoft.com/dotnet/fundamentals/code-analysis/style-rules/ide0055) [C:\UserWorx\VSWorx\ServoStudio\wpfui-servoStudio\samples\Wpf.Ui.servoStudio\servoStudio.csproj]
C:\UserWorx\VSWorx\ServoStudio\wpfui-servoStudio\samples\Wpf.Ui.servoStudio\Core\CANopen\SerialCanBus.cs(181,25): warning IDE0055: 淇鏍煎紡 (https://learn.microsoft.com/dotnet/fundamentals/code-analysis/style-rules/ide0055) [C:\UserWorx\VSWorx\ServoStudio\wpfui-servoStudio\samples\Wpf.Ui.servoStudio\servoStudio.csproj]
C:\UserWorx\VSWorx\ServoStudio\wpfui-servoStudio\samples\Wpf.Ui.servoStudio\Core\CANopen\SerialCanBus.cs(216,16): warning IDE0055: 淇鏍煎紡 (https://learn.microsoft.com/dotnet/fundamentals/code-analysis/style-rules/ide0055) [C:\UserWorx\VSWorx\ServoStudio\wpfui-servoStudio\samples\Wpf.Ui.servoStudio\servoStudio.csproj]
C:\UserWorx\VSWorx\ServoStudio\wpfui-servoStudio\samples\Wpf.Ui.servoStudio\Core\CANopen\SerialCanBus.cs(216,18): warning IDE0055: 淇鏍煎紡 (https://learn.microsoft.com/dotnet/fundamentals/code-analysis/style-rules/ide0055) [C:\UserWorx\VSWorx\ServoStudio\wpfui-servoStudio\samples\Wpf.Ui.servoStudio\servoStudio.csproj]
C:\UserWorx\VSWorx\ServoStudio\wpfui-servoStudio\samples\Wpf.Ui.servoStudio\Core\CANopen\SerialCanBus.cs(216,60): warning IDE0055: 淇鏍煎紡 (https://learn.microsoft.com/dotnet/fundamentals/code-analysis/style-rules/ide0055) [C:\UserWorx\VSWorx\ServoStudio\wpfui-servoStudio\samples\Wpf.Ui.servoStudio\servoStudio.csproj]
C:\UserWorx\VSWorx\ServoStudio\wpfui-servoStudio\samples\Wpf.Ui.servoStudio\Core\CANopen\SerialCanBus.cs(120,57): warning IDE2003: 鍧椾笌鍚庣画璇彞涔嬮棿闇€瑕佹湁绌虹櫧琛?(https://learn.microsoft.com/dotnet/fundamentals/code-analysis/style-rules/ide2003) [C:\UserWorx\VSWorx\ServoStudio\wpfui-servoStudio\samples\Wpf.Ui.servoStudio\servoStudio.csproj]
C:\UserWorx\VSWorx\ServoStudio\wpfui-servoStudio\samples\Wpf.Ui.servoStudio\Core\CANopen\SerialCanBus.cs(133,56): warning IDE2003: 鍧椾笌鍚庣画璇彞涔嬮棿闇€瑕佹湁绌虹櫧琛?(https://learn.microsoft.com/dotnet/fundamentals/code-analysis/style-rules/ide2003) [C:\UserWorx\VSWorx\ServoStudio\wpfui-servoStudio\samples\Wpf.Ui.servoStudio\servoStudio.csproj]
C:\UserWorx\VSWorx\ServoStudio\wpfui-servoStudio\samples\Wpf.Ui.servoStudio\Core\CANopen\SerialCanBus.cs(134,60): warning IDE2003: 鍧椾笌鍚庣画璇彞涔嬮棿闇€瑕佹湁绌虹櫧琛?(https://learn.microsoft.com/dotnet/fundamentals/code-analysis/style-rules/ide2003) [C:\UserWorx\VSWorx\ServoStudio\wpfui-servoStudio\samples\Wpf.Ui.servoStudio\servoStudio.csproj]
C:\UserWorx\VSWorx\ServoStudio\wpfui-servoStudio\samples\Wpf.Ui.servoStudio\Core\CANopen\SerialCanBus.cs(181,47): warning IDE2003: 鍧椾笌鍚庣画璇彞涔嬮棿闇€瑕佹湁绌虹櫧琛?(https://learn.microsoft.com/dotnet/fundamentals/code-analysis/style-rules/ide2003) [C:\UserWorx\VSWorx\ServoStudio\wpfui-servoStudio\samples\Wpf.Ui.servoStudio\servoStudio.csproj]
C:\UserWorx\VSWorx\ServoStudio\wpfui-servoStudio\samples\Wpf.Ui.servoStudio\Core\CANopen\VirtualCanBus.cs(26,56): warning IDE0055: 淇鏍煎紡 (https://learn.microsoft.com/dotnet/fundamentals/code-analysis/style-rules/ide0055) [C:\UserWorx\VSWorx\ServoStudio\wpfui-servoStudio\samples\Wpf.Ui.servoStudio\servoStudio.csproj]
C:\UserWorx\VSWorx\ServoStudio\wpfui-servoStudio\samples\Wpf.Ui.servoStudio\Core\CANopen\VirtualCanBus.cs(26,58): warning IDE0055: 淇鏍煎紡 (https://learn.microsoft.com/dotnet/fundamentals/code-analysis/style-rules/ide0055) [C:\UserWorx\VSWorx\ServoStudio\wpfui-servoStudio\samples\Wpf.Ui.servoStudio\servoStudio.csproj]
C:\UserWorx\VSWorx\ServoStudio\wpfui-servoStudio\samples\Wpf.Ui.servoStudio\Core\CANopen\VirtualCanBus.cs(26,68): warning IDE0055: 淇鏍煎紡 (https://learn.microsoft.com/dotnet/fundamentals/code-analysis/style-rules/ide0055) [C:\UserWorx\VSWorx\ServoStudio\wpfui-servoStudio\samples\Wpf.Ui.servoStudio\servoStudio.csproj]
C:\UserWorx\VSWorx\ServoStudio\wpfui-servoStudio\samples\Wpf.Ui.servoStudio\Core\CANopen\VirtualCanBus.cs(28,23): warning IDE0055: 淇鏍煎紡 (https://learn.microsoft.com/dotnet/fundamentals/code-analysis/style-rules/ide0055) [C:\UserWorx\VSWorx\ServoStudio\wpfui-servoStudio\samples\Wpf.Ui.servoStudio\servoStudio.csproj]
C:\UserWorx\VSWorx\ServoStudio\wpfui-servoStudio\samples\Wpf.Ui.servoStudio\Core\CANopen\VirtualCanBus.cs(28,25): warning IDE0055: 淇鏍煎紡 (https://learn.microsoft.com/dotnet/fundamentals/code-analysis/style-rules/ide0055) [C:\UserWorx\VSWorx\ServoStudio\wpfui-servoStudio\samples\Wpf.Ui.servoStudio\servoStudio.csproj]
C:\UserWorx\VSWorx\ServoStudio\wpfui-servoStudio\samples\Wpf.Ui.servoStudio\Core\CANopen\VirtualCanBus.cs(28,43): warning IDE0055: 淇鏍煎紡 (https://learn.microsoft.com/dotnet/fundamentals/code-analysis/style-rules/ide0055) [C:\UserWorx\VSWorx\ServoStudio\wpfui-servoStudio\samples\Wpf.Ui.servoStudio\servoStudio.csproj]
C:\UserWorx\VSWorx\ServoStudio\wpfui-servoStudio\samples\Wpf.Ui.servoStudio\Core\CANopen\VirtualCanBus.cs(41,40): warning IDE0055: 淇鏍煎紡 (https://learn.microsoft.com/dotnet/fundamentals/code-analysis/style-rules/ide0055) [C:\UserWorx\VSWorx\ServoStudio\wpfui-servoStudio\samples\Wpf.Ui.servoStudio\servoStudio.csproj]
C:\UserWorx\VSWorx\ServoStudio\wpfui-servoStudio\samples\Wpf.Ui.servoStudio\Core\CANopen\VirtualCanBus.cs(41,42): warning IDE0055: 淇鏍煎紡 (https://learn.microsoft.com/dotnet/fundamentals/code-analysis/style-rules/ide0055) [C:\UserWorx\VSWorx\ServoStudio\wpfui-servoStudio\samples\Wpf.Ui.servoStudio\servoStudio.csproj]
C:\UserWorx\VSWorx\ServoStudio\wpfui-servoStudio\samples\Wpf.Ui.servoStudio\Core\CANopen\VirtualCanBus.cs(91,12): warning IDE0055: 淇鏍煎紡 (https://learn.microsoft.com/dotnet/fundamentals/code-analysis/style-rules/ide0055) [C:\UserWorx\VSWorx\ServoStudio\wpfui-servoStudio\samples\Wpf.Ui.servoStudio\servoStudio.csproj]
C:\UserWorx\VSWorx\ServoStudio\wpfui-servoStudio\samples\Wpf.Ui.servoStudio\Core\CANopen\VirtualCanBus.cs(91,14): warning IDE0055: 淇鏍煎紡 (https://learn.microsoft.com/dotnet/fundamentals/code-analysis/style-rules/ide0055) [C:\UserWorx\VSWorx\ServoStudio\wpfui-servoStudio\samples\Wpf.Ui.servoStudio\servoStudio.csproj]
C:\UserWorx\VSWorx\ServoStudio\wpfui-servoStudio\samples\Wpf.Ui.servoStudio\Core\CANopen\VirtualCanBus.cs(91,23): warning IDE0055: 淇鏍煎紡 (https://learn.microsoft.com/dotnet/fundamentals/code-analysis/style-rules/ide0055) [C:\UserWorx\VSWorx\ServoStudio\wpfui-servoStudio\samples\Wpf.Ui.servoStudio\servoStudio.csproj]
C:\UserWorx\VSWorx\ServoStudio\wpfui-servoStudio\samples\Wpf.Ui.servoStudio\Core\CANopen\VirtualCanBus.cs(91,25): warning IDE0055: 淇鏍煎紡 (https://learn.microsoft.com/dotnet/fundamentals/code-analysis/style-rules/ide0055) [C:\UserWorx\VSWorx\ServoStudio\wpfui-servoStudio\samples\Wpf.Ui.servoStudio\servoStudio.csproj]
C:\UserWorx\VSWorx\ServoStudio\wpfui-servoStudio\samples\Wpf.Ui.servoStudio\Core\CANopen\VirtualCanBus.cs(70,72): warning IDE2003: 鍧椾笌鍚庣画璇彞涔嬮棿闇€瑕佹湁绌虹櫧琛?(https://learn.microsoft.com/dotnet/fundamentals/code-analysis/style-rules/ide2003) [C:\UserWorx\VSWorx\ServoStudio\wpfui-servoStudio\samples\Wpf.Ui.servoStudio\servoStudio.csproj]
C:\UserWorx\VSWorx\ServoStudio\wpfui-servoStudio\samples\Wpf.Ui.servoStudio\Core\CANopen\VirtualCanBus.cs(91,47): warning IDE2003: 鍧椾笌鍚庣画璇彞涔嬮棿闇€瑕佹湁绌虹櫧琛?(https://learn.microsoft.com/dotnet/fundamentals/code-analysis/style-rules/ide2003) [C:\UserWorx\VSWorx\ServoStudio\wpfui-servoStudio\samples\Wpf.Ui.servoStudio\servoStudio.csproj]
C:\UserWorx\VSWorx\ServoStudio\wpfui-servoStudio\samples\Wpf.Ui.servoStudio\Core\EtherCAT\EtherCatCyclicSyncService.cs(76,16): warning IDE0055: 淇鏍煎紡 (https://learn.microsoft.com/dotnet/fundamentals/code-analysis/style-rules/ide0055) [C:\UserWorx\VSWorx\ServoStudio\wpfui-servoStudio\samples\Wpf.Ui.servoStudio\servoStudio.csproj]
C:\UserWorx\VSWorx\ServoStudio\wpfui-servoStudio\samples\Wpf.Ui.servoStudio\Core\EtherCAT\EtherCatCyclicSyncService.cs(76,18): warning IDE0055: 淇鏍煎紡 (https://learn.microsoft.com/dotnet/fundamentals/code-analysis/style-rules/ide0055) [C:\UserWorx\VSWorx\ServoStudio\wpfui-servoStudio\samples\Wpf.Ui.servoStudio\servoStudio.csproj]
C:\UserWorx\VSWorx\ServoStudio\wpfui-servoStudio\samples\Wpf.Ui.servoStudio\Core\EtherCAT\EtherCatCyclicSyncService.cs(76,40): warning IDE0055: 淇鏍煎紡 (https://learn.microsoft.com/dotnet/fundamentals/code-analysis/style-rules/ide0055) [C:\UserWorx\VSWorx\ServoStudio\wpfui-servoStudio\samples\Wpf.Ui.servoStudio\servoStudio.csproj]
C:\UserWorx\VSWorx\ServoStudio\wpfui-servoStudio\samples\Wpf.Ui.servoStudio\Core\EtherCAT\EtherCatCyclicSyncService.cs(76,42): warning IDE0055: 淇鏍煎紡 (https://learn.microsoft.com/dotnet/fundamentals/code-analysis/style-rules/ide0055) [C:\UserWorx\VSWorx\ServoStudio\wpfui-servoStudio\samples\Wpf.Ui.servoStudio\servoStudio.csproj]
C:\UserWorx\VSWorx\ServoStudio\wpfui-servoStudio\samples\Wpf.Ui.servoStudio\Core\EtherCAT\EtherCatCyclicSyncService.cs(85,16): warning IDE0055: 淇鏍煎紡 (https://learn.microsoft.com/dotnet/fundamentals/code-analysis/style-rules/ide0055) [C:\UserWorx\VSWorx\ServoStudio\wpfui-servoStudio\samples\Wpf.Ui.servoStudio\servoStudio.csproj]
C:\UserWorx\VSWorx\ServoStudio\wpfui-servoStudio\samples\Wpf.Ui.servoStudio\Core\EtherCAT\EtherCatCyclicSyncService.cs(85,18): warning IDE0055: 淇鏍煎紡 (https://learn.microsoft.com/dotnet/fundamentals/code-analysis/style-rules/ide0055) [C:\UserWorx\VSWorx\ServoStudio\wpfui-servoStudio\samples\Wpf.Ui.servoStudio\servoStudio.csproj]
C:\UserWorx\VSWorx\ServoStudio\wpfui-servoStudio\samples\Wpf.Ui.servoStudio\Core\EtherCAT\EtherCatCyclicSyncService.cs(85,39): warning IDE0055: 淇鏍煎紡 (https://learn.microsoft.com/dotnet/fundamentals/code-analysis/style-rules/ide0055) [C:\UserWorx\VSWorx\ServoStudio\wpfui-servoStudio\samples\Wpf.Ui.servoStudio\servoStudio.csproj]
C:\UserWorx\VSWorx\ServoStudio\wpfui-servoStudio\samples\Wpf.Ui.servoStudio\Core\EtherCAT\EtherCatCyclicSyncService.cs(85,41): warning IDE0055: 淇鏍煎紡 (https://learn.microsoft.com/dotnet/fundamentals/code-analysis/style-rules/ide0055) [C:\UserWorx\VSWorx\ServoStudio\wpfui-servoStudio\samples\Wpf.Ui.servoStudio\servoStudio.csproj]
C:\UserWorx\VSWorx\ServoStudio\wpfui-servoStudio\samples\Wpf.Ui.servoStudio\Core\EtherCAT\EtherCatCyclicSyncService.cs(93,12): warning IDE0055: 淇鏍煎紡 (https://learn.microsoft.com/dotnet/fundamentals/code-analysis/style-rules/ide0055) [C:\UserWorx\VSWorx\ServoStudio\wpfui-servoStudio\samples\Wpf.Ui.servoStudio\servoStudio.csproj]
C:\UserWorx\VSWorx\ServoStudio\wpfui-servoStudio\samples\Wpf.Ui.servoStudio\Core\EtherCAT\EtherCatCyclicSyncService.cs(93,14): warning IDE0055: 淇鏍煎紡 (https://learn.microsoft.com/dotnet/fundamentals/code-analysis/style-rules/ide0055) [C:\UserWorx\VSWorx\ServoStudio\wpfui-servoStudio\samples\Wpf.Ui.servoStudio\servoStudio.csproj]
C:\UserWorx\VSWorx\ServoStudio\wpfui-servoStudio\samples\Wpf.Ui.servoStudio\Core\EtherCAT\EtherCatCyclicSyncService.cs(93,30): warning IDE0055: 淇鏍煎紡 (https://learn.microsoft.com/dotnet/fundamentals/code-analysis/style-rules/ide0055) [C:\UserWorx\VSWorx\ServoStudio\wpfui-servoStudio\samples\Wpf.Ui.servoStudio\servoStudio.csproj]
C:\UserWorx\VSWorx\ServoStudio\wpfui-servoStudio\samples\Wpf.Ui.servoStudio\Core\EtherCAT\EtherCatCyclicSyncService.cs(93,32): warning IDE0055: 淇鏍煎紡 (https://learn.microsoft.com/dotnet/fundamentals/code-analysis/style-rules/ide0055) [C:\UserWorx\VSWorx\ServoStudio\wpfui-servoStudio\samples\Wpf.Ui.servoStudio\servoStudio.csproj]
C:\UserWorx\VSWorx\ServoStudio\wpfui-servoStudio\samples\Wpf.Ui.servoStudio\Core\EtherCAT\EtherCatCyclicSyncService.cs(94,12): warning IDE0055: 淇鏍煎紡 (https://learn.microsoft.com/dotnet/fundamentals/code-analysis/style-rules/ide0055) [C:\UserWorx\VSWorx\ServoStudio\wpfui-servoStudio\samples\Wpf.Ui.servoStudio\servoStudio.csproj]
C:\UserWorx\VSWorx\ServoStudio\wpfui-servoStudio\samples\Wpf.Ui.servoStudio\Core\EtherCAT\EtherCatCyclicSyncService.cs(94,14): warning IDE0055: 淇鏍煎紡 (https://learn.microsoft.com/dotnet/fundamentals/code-analysis/style-rules/ide0055) [C:\UserWorx\VSWorx\ServoStudio\wpfui-servoStudio\samples\Wpf.Ui.servoStudio\servoStudio.csproj]
C:\UserWorx\VSWorx\ServoStudio\wpfui-servoStudio\samples\Wpf.Ui.servoStudio\Core\EtherCAT\EtherCatCyclicSyncService.cs(94,33): warning IDE0055: 淇鏍煎紡 (https://learn.microsoft.com/dotnet/fundamentals/code-analysis/style-rules/ide0055) [C:\UserWorx\VSWorx\ServoStudio\wpfui-servoStudio\samples\Wpf.Ui.servoStudio\servoStudio.csproj]
C:\UserWorx\VSWorx\ServoStudio\wpfui-servoStudio\samples\Wpf.Ui.servoStudio\Core\EtherCAT\EtherCatCyclicSyncService.cs(94,35): warning IDE0055: 淇鏍煎紡 (https://learn.microsoft.com/dotnet/fundamentals/code-analysis/style-rules/ide0055) [C:\UserWorx\VSWorx\ServoStudio\wpfui-servoStudio\samples\Wpf.Ui.servoStudio\servoStudio.csproj]
C:\UserWorx\VSWorx\ServoStudio\wpfui-servoStudio\samples\Wpf.Ui.servoStudio\Core\EtherCAT\EtherCatCyclicSyncService.cs(183,12): warning IDE0055: 淇鏍煎紡 (https://learn.microsoft.com/dotnet/fundamentals/code-analysis/style-rules/ide0055) [C:\UserWorx\VSWorx\ServoStudio\wpfui-servoStudio\samples\Wpf.Ui.servoStudio\servoStudio.csproj]
C:\UserWorx\VSWorx\ServoStudio\wpfui-servoStudio\samples\Wpf.Ui.servoStudio\Core\EtherCAT\EtherCatCyclicSyncService.cs(183,14): warning IDE0055: 淇鏍煎紡 (https://learn.microsoft.com/dotnet/fundamentals/code-analysis/style-rules/ide0055) [C:\UserWorx\VSWorx\ServoStudio\wpfui-servoStudio\samples\Wpf.Ui.servoStudio\servoStudio.csproj]
C:\UserWorx\VSWorx\ServoStudio\wpfui-servoStudio\samples\Wpf.Ui.servoStudio\Core\EtherCAT\EtherCatCyclicSyncService.cs(183,79): warning IDE0055: 淇鏍煎紡 (https://learn.microsoft.com/dotnet/fundamentals/code-analysis/style-rules/ide0055) [C:\UserWorx\VSWorx\ServoStudio\wpfui-servoStudio\samples\Wpf.Ui.servoStudio\servoStudio.csproj]
C:\UserWorx\VSWorx\ServoStudio\wpfui-servoStudio\samples\Wpf.Ui.servoStudio\Core\EtherCAT\EtherCatCyclicSyncService.cs(183,81): warning IDE0055: 淇鏍煎紡 (https://learn.microsoft.com/dotnet/fundamentals/code-analysis/style-rules/ide0055) [C:\UserWorx\VSWorx\ServoStudio\wpfui-servoStudio\samples\Wpf.Ui.servoStudio\servoStudio.csproj]
C:\UserWorx\VSWorx\ServoStudio\wpfui-servoStudio\samples\Wpf.Ui.servoStudio\Core\EtherCAT\EtherCatCyclicSyncService.cs(184,12): warning IDE0055: 淇鏍煎紡 (https://learn.microsoft.com/dotnet/fundamentals/code-analysis/style-rules/ide0055) [C:\UserWorx\VSWorx\ServoStudio\wpfui-servoStudio\samples\Wpf.Ui.servoStudio\servoStudio.csproj]
C:\UserWorx\VSWorx\ServoStudio\wpfui-servoStudio\samples\Wpf.Ui.servoStudio\Core\EtherCAT\EtherCatCyclicSyncService.cs(184,14): warning IDE0055: 淇鏍煎紡 (https://learn.microsoft.com/dotnet/fundamentals/code-analysis/style-rules/ide0055) [C:\UserWorx\VSWorx\ServoStudio\wpfui-servoStudio\samples\Wpf.Ui.servoStudio\servoStudio.csproj]
C:\UserWorx\VSWorx\ServoStudio\wpfui-servoStudio\samples\Wpf.Ui.servoStudio\Core\EtherCAT\EtherCatCyclicSyncService.cs(184,79): warning IDE0055: 淇鏍煎紡 (https://learn.microsoft.com/dotnet/fundamentals/code-analysis/style-rules/ide0055) [C:\UserWorx\VSWorx\ServoStudio\wpfui-servoStudio\samples\Wpf.Ui.servoStudio\servoStudio.csproj]
C:\UserWorx\VSWorx\ServoStudio\wpfui-servoStudio\samples\Wpf.Ui.servoStudio\Core\EtherCAT\EtherCatCyclicSyncService.cs(184,81): warning IDE0055: 淇鏍煎紡 (https://learn.microsoft.com/dotnet/fundamentals/code-analysis/style-rules/ide0055) [C:\UserWorx\VSWorx\ServoStudio\wpfui-servoStudio\samples\Wpf.Ui.servoStudio\servoStudio.csproj]
C:\UserWorx\VSWorx\ServoStudio\wpfui-servoStudio\samples\Wpf.Ui.servoStudio\Core\EtherCAT\EtherCatCyclicSyncService.cs(76,64): warning IDE2003: 鍧椾笌鍚庣画璇彞涔嬮棿闇€瑕佹湁绌虹櫧琛?(https://learn.microsoft.com/dotnet/fundamentals/code-analysis/style-rules/ide2003) [C:\UserWorx\VSWorx\ServoStudio\wpfui-servoStudio\samples\Wpf.Ui.servoStudio\servoStudio.csproj]
C:\UserWorx\VSWorx\ServoStudio\wpfui-servoStudio\samples\Wpf.Ui.servoStudio\Core\EtherCAT\EtherCatCyclicSyncService.cs(84,61): warning IDE2003: 鍧椾笌鍚庣画璇彞涔嬮棿闇€瑕佹湁绌虹櫧琛?(https://learn.microsoft.com/dotnet/fundamentals/code-analysis/style-rules/ide2003) [C:\UserWorx\VSWorx\ServoStudio\wpfui-servoStudio\samples\Wpf.Ui.servoStudio\servoStudio.csproj]
C:\UserWorx\VSWorx\ServoStudio\wpfui-servoStudio\samples\Wpf.Ui.servoStudio\Core\EtherCAT\EtherCatCyclicSyncService.cs(85,63): warning IDE2003: 鍧椾笌鍚庣画璇彞涔嬮棿闇€瑕佹湁绌虹櫧琛?(https://learn.microsoft.com/dotnet/fundamentals/code-analysis/style-rules/ide2003) [C:\UserWorx\VSWorx\ServoStudio\wpfui-servoStudio\samples\Wpf.Ui.servoStudio\servoStudio.csproj]
C:\UserWorx\VSWorx\ServoStudio\wpfui-servoStudio\samples\Wpf.Ui.servoStudio\Core\EtherCAT\EtherCatCyclicSyncService.cs(93,54): warning IDE2003: 鍧椾笌鍚庣画璇彞涔嬮棿闇€瑕佹湁绌虹櫧琛?(https://learn.microsoft.com/dotnet/fundamentals/code-analysis/style-rules/ide2003) [C:\UserWorx\VSWorx\ServoStudio\wpfui-servoStudio\samples\Wpf.Ui.servoStudio\servoStudio.csproj]
C:\UserWorx\VSWorx\ServoStudio\wpfui-servoStudio\samples\Wpf.Ui.servoStudio\Core\EtherCAT\EtherCatCyclicSyncService.cs(94,57): warning IDE2003: 鍧椾笌鍚庣画璇彞涔嬮棿闇€瑕佹湁绌虹櫧琛?(https://learn.microsoft.com/dotnet/fundamentals/code-analysis/style-rules/ide2003) [C:\UserWorx\VSWorx\ServoStudio\wpfui-servoStudio\samples\Wpf.Ui.servoStudio\servoStudio.csproj]
C:\UserWorx\VSWorx\ServoStudio\wpfui-servoStudio\samples\Wpf.Ui.servoStudio\Core\EtherCAT\EtherCatCyclicSyncService.cs(183,103): warning IDE2003: 鍧椾笌鍚庣画璇彞涔嬮棿闇€瑕佹湁绌虹櫧琛?(https://learn.microsoft.com/dotnet/fundamentals/code-analysis/style-rules/ide2003) [C:\UserWorx\VSWorx\ServoStudio\wpfui-servoStudio\samples\Wpf.Ui.servoStudio\servoStudio.csproj]
C:\UserWorx\VSWorx\ServoStudio\wpfui-servoStudio\samples\Wpf.Ui.servoStudio\Core\IServoMaster.cs(33,18): warning IDE0055: 淇鏍煎紡 (https://learn.microsoft.com/dotnet/fundamentals/code-analysis/style-rules/ide0055) [C:\UserWorx\VSWorx\ServoStudio\wpfui-servoStudio\samples\Wpf.Ui.servoStudio\servoStudio.csproj]
C:\UserWorx\VSWorx\ServoStudio\wpfui-servoStudio\samples\Wpf.Ui.servoStudio\Core\IServoMaster.cs(33,20): warning IDE0055: 淇鏍煎紡 (https://learn.microsoft.com/dotnet/fundamentals/code-analysis/style-rules/ide0055) [C:\UserWorx\VSWorx\ServoStudio\wpfui-servoStudio\samples\Wpf.Ui.servoStudio\servoStudio.csproj]
C:\UserWorx\VSWorx\ServoStudio\wpfui-servoStudio\samples\Wpf.Ui.servoStudio\Core\IServoMaster.cs(33,25): warning IDE0055: 淇鏍煎紡 (https://learn.microsoft.com/dotnet/fundamentals/code-analysis/style-rules/ide0055) [C:\UserWorx\VSWorx\ServoStudio\wpfui-servoStudio\samples\Wpf.Ui.servoStudio\servoStudio.csproj]
C:\UserWorx\VSWorx\ServoStudio\wpfui-servoStudio\samples\Wpf.Ui.servoStudio\Core\IServoMaster.cs(36,22): warning IDE0055: 淇鏍煎紡 (https://learn.microsoft.com/dotnet/fundamentals/code-analysis/style-rules/ide0055) [C:\UserWorx\VSWorx\ServoStudio\wpfui-servoStudio\samples\Wpf.Ui.servoStudio\servoStudio.csproj]
C:\UserWorx\VSWorx\ServoStudio\wpfui-servoStudio\samples\Wpf.Ui.servoStudio\Core\IServoMaster.cs(36,24): warning IDE0055: 淇鏍煎紡 (https://learn.microsoft.com/dotnet/fundamentals/code-analysis/style-rules/ide0055) [C:\UserWorx\VSWorx\ServoStudio\wpfui-servoStudio\samples\Wpf.Ui.servoStudio\servoStudio.csproj]
C:\UserWorx\VSWorx\ServoStudio\wpfui-servoStudio\samples\Wpf.Ui.servoStudio\Core\IServoMaster.cs(36,29): warning IDE0055: 淇鏍煎紡 (https://learn.microsoft.com/dotnet/fundamentals/code-analysis/style-rules/ide0055) [C:\UserWorx\VSWorx\ServoStudio\wpfui-servoStudio\samples\Wpf.Ui.servoStudio\servoStudio.csproj]
C:\UserWorx\VSWorx\ServoStudio\wpfui-servoStudio\samples\Wpf.Ui.servoStudio\Core\IServoMaster.cs(39,28): warning IDE0055: 淇鏍煎紡 (https://learn.microsoft.com/dotnet/fundamentals/code-analysis/style-rules/ide0055) [C:\UserWorx\VSWorx\ServoStudio\wpfui-servoStudio\samples\Wpf.Ui.servoStudio\servoStudio.csproj]
C:\UserWorx\VSWorx\ServoStudio\wpfui-servoStudio\samples\Wpf.Ui.servoStudio\Core\IServoMaster.cs(39,30): warning IDE0055: 淇鏍煎紡 (https://learn.microsoft.com/dotnet/fundamentals/code-analysis/style-rules/ide0055) [C:\UserWorx\VSWorx\ServoStudio\wpfui-servoStudio\samples\Wpf.Ui.servoStudio\servoStudio.csproj]
C:\UserWorx\VSWorx\ServoStudio\wpfui-servoStudio\samples\Wpf.Ui.servoStudio\Core\IServoMaster.cs(39,35): warning IDE0055: 淇鏍煎紡 (https://learn.microsoft.com/dotnet/fundamentals/code-analysis/style-rules/ide0055) [C:\UserWorx\VSWorx\ServoStudio\wpfui-servoStudio\samples\Wpf.Ui.servoStudio\servoStudio.csproj]
C:\UserWorx\VSWorx\ServoStudio\wpfui-servoStudio\samples\Wpf.Ui.servoStudio\Core\Modbus\ModbusRtuMaster.cs(77,33): warning IDE0055: 淇鏍煎紡 (https://learn.microsoft.com/dotnet/fundamentals/code-analysis/style-rules/ide0055) [C:\UserWorx\VSWorx\ServoStudio\wpfui-servoStudio\samples\Wpf.Ui.servoStudio\servoStudio.csproj]
C:\UserWorx\VSWorx\ServoStudio\wpfui-servoStudio\samples\Wpf.Ui.servoStudio\Core\Modbus\ModbusRtuMaster.cs(77,35): warning IDE0055: 淇鏍煎紡 (https://learn.microsoft.com/dotnet/fundamentals/code-analysis/style-rules/ide0055) [C:\UserWorx\VSWorx\ServoStudio\wpfui-servoStudio\samples\Wpf.Ui.servoStudio\servoStudio.csproj]
C:\UserWorx\VSWorx\ServoStudio\wpfui-servoStudio\samples\Wpf.Ui.servoStudio\Core\Modbus\ModbusRtuMaster.cs(77,45): warning IDE0055: 淇鏍煎紡 (https://learn.microsoft.com/dotnet/fundamentals/code-analysis/style-rules/ide0055) [C:\UserWorx\VSWorx\ServoStudio\wpfui-servoStudio\samples\Wpf.Ui.servoStudio\servoStudio.csproj]
C:\UserWorx\VSWorx\ServoStudio\wpfui-servoStudio\samples\Wpf.Ui.servoStudio\Core\Modbus\ModbusRtuMaster.cs(80,26): warning IDE0055: 淇鏍煎紡 (https://learn.microsoft.com/dotnet/fundamentals/code-analysis/style-rules/ide0055) [C:\UserWorx\VSWorx\ServoStudio\wpfui-servoStudio\samples\Wpf.Ui.servoStudio\servoStudio.csproj]
C:\UserWorx\VSWorx\ServoStudio\wpfui-servoStudio\samples\Wpf.Ui.servoStudio\Core\Modbus\ModbusRtuMaster.cs(80,28): warning IDE0055: 淇鏍煎紡 (https://learn.microsoft.com/dotnet/fundamentals/code-analysis/style-rules/ide0055) [C:\UserWorx\VSWorx\ServoStudio\wpfui-servoStudio\samples\Wpf.Ui.servoStudio\servoStudio.csproj]
C:\UserWorx\VSWorx\ServoStudio\wpfui-servoStudio\samples\Wpf.Ui.servoStudio\Core\Modbus\ModbusRtuMaster.cs(80,38): warning IDE0055: 淇鏍煎紡 (https://learn.microsoft.com/dotnet/fundamentals/code-analysis/style-rules/ide0055) [C:\UserWorx\VSWorx\ServoStudio\wpfui-servoStudio\samples\Wpf.Ui.servoStudio\servoStudio.csproj]
C:\UserWorx\VSWorx\ServoStudio\wpfui-servoStudio\samples\Wpf.Ui.servoStudio\Core\Modbus\ModbusRtuMaster.cs(95,40): warning IDE0055: 淇鏍煎紡 (https://learn.microsoft.com/dotnet/fundamentals/code-analysis/style-rules/ide0055) [C:\UserWorx\VSWorx\ServoStudio\wpfui-servoStudio\samples\Wpf.Ui.servoStudio\servoStudio.csproj]
C:\UserWorx\VSWorx\ServoStudio\wpfui-servoStudio\samples\Wpf.Ui.servoStudio\Core\Modbus\ModbusRtuMaster.cs(95,42): warning IDE0055: 淇鏍煎紡 (https://learn.microsoft.com/dotnet/fundamentals/code-analysis/style-rules/ide0055) [C:\UserWorx\VSWorx\ServoStudio\wpfui-servoStudio\samples\Wpf.Ui.servoStudio\servoStudio.csproj]
C:\UserWorx\VSWorx\ServoStudio\wpfui-servoStudio\samples\Wpf.Ui.servoStudio\Core\Modbus\ModbusRtuMaster.cs(95,60): warning IDE0055: 淇鏍煎紡 (https://learn.microsoft.com/dotnet/fundamentals/code-analysis/style-rules/ide0055) [C:\UserWorx\VSWorx\ServoStudio\wpfui-servoStudio\samples\Wpf.Ui.servoStudio\servoStudio.csproj]
C:\UserWorx\VSWorx\ServoStudio\wpfui-servoStudio\samples\Wpf.Ui.servoStudio\Core\Modbus\ModbusRtuMaster.cs(110,33): warning IDE0055: 淇鏍煎紡 (https://learn.microsoft.com/dotnet/fundamentals/code-analysis/style-rules/ide0055) [C:\UserWorx\VSWorx\ServoStudio\wpfui-servoStudio\samples\Wpf.Ui.servoStudio\servoStudio.csproj]
C:\UserWorx\VSWorx\ServoStudio\wpfui-servoStudio\samples\Wpf.Ui.servoStudio\Core\Modbus\ModbusRtuMaster.cs(110,35): warning IDE0055: 淇鏍煎紡 (https://learn.microsoft.com/dotnet/fundamentals/code-analysis/style-rules/ide0055) [C:\UserWorx\VSWorx\ServoStudio\wpfui-servoStudio\samples\Wpf.Ui.servoStudio\servoStudio.csproj]
C:\UserWorx\VSWorx\ServoStudio\wpfui-servoStudio\samples\Wpf.Ui.servoStudio\Core\Modbus\ModbusRtuMaster.cs(110,53): warning IDE0055: 淇鏍煎紡 (https://learn.microsoft.com/dotnet/fundamentals/code-analysis/style-rules/ide0055) [C:\UserWorx\VSWorx\ServoStudio\wpfui-servoStudio\samples\Wpf.Ui.servoStudio\servoStudio.csproj]
C:\UserWorx\VSWorx\ServoStudio\wpfui-servoStudio\samples\Wpf.Ui.servoStudio\Core\Modbus\ModbusRtuMaster.cs(126,16): warning IDE0055: 淇鏍煎紡 (https://learn.microsoft.com/dotnet/fundamentals/code-analysis/style-rules/ide0055) [C:\UserWorx\VSWorx\ServoStudio\wpfui-servoStudio\samples\Wpf.Ui.servoStudio\servoStudio.csproj]
C:\UserWorx\VSWorx\ServoStudio\wpfui-servoStudio\samples\Wpf.Ui.servoStudio\Core\Modbus\ModbusRtuMaster.cs(126,18): warning IDE0055: 淇鏍煎紡 (https://learn.microsoft.com/dotnet/fundamentals/code-analysis/style-rules/ide0055) [C:\UserWorx\VSWorx\ServoStudio\wpfui-servoStudio\samples\Wpf.Ui.servoStudio\servoStudio.csproj]
C:\UserWorx\VSWorx\ServoStudio\wpfui-servoStudio\samples\Wpf.Ui.servoStudio\Core\Modbus\ModbusRtuMaster.cs(126,33): warning IDE0055: 淇鏍煎紡 (https://learn.microsoft.com/dotnet/fundamentals/code-analysis/style-rules/ide0055) [C:\UserWorx\VSWorx\ServoStudio\wpfui-servoStudio\samples\Wpf.Ui.servoStudio\servoStudio.csproj]
C:\UserWorx\VSWorx\ServoStudio\wpfui-servoStudio\samples\Wpf.Ui.servoStudio\Core\Modbus\ModbusRtuMaster.cs(126,35): warning IDE0055: 淇鏍煎紡 (https://learn.microsoft.com/dotnet/fundamentals/code-analysis/style-rules/ide0055) [C:\UserWorx\VSWorx\ServoStudio\wpfui-servoStudio\samples\Wpf.Ui.servoStudio\servoStudio.csproj]
C:\UserWorx\VSWorx\ServoStudio\wpfui-servoStudio\samples\Wpf.Ui.servoStudio\Core\Modbus\ModbusRtuMaster.cs(196,16): warning IDE0055: 淇鏍煎紡 (https://learn.microsoft.com/dotnet/fundamentals/code-analysis/style-rules/ide0055) [C:\UserWorx\VSWorx\ServoStudio\wpfui-servoStudio\samples\Wpf.Ui.servoStudio\servoStudio.csproj]
C:\UserWorx\VSWorx\ServoStudio\wpfui-servoStudio\samples\Wpf.Ui.servoStudio\Core\Modbus\ModbusRtuMaster.cs(196,18): warning IDE0055: 淇鏍煎紡 (https://learn.microsoft.com/dotnet/fundamentals/code-analysis/style-rules/ide0055) [C:\UserWorx\VSWorx\ServoStudio\wpfui-servoStudio\samples\Wpf.Ui.servoStudio\servoStudio.csproj]
C:\UserWorx\VSWorx\ServoStudio\wpfui-servoStudio\samples\Wpf.Ui.servoStudio\Core\Modbus\ModbusRtuMaster.cs(196,33): warning IDE0055: 淇鏍煎紡 (https://learn.microsoft.com/dotnet/fundamentals/code-analysis/style-rules/ide0055) [C:\UserWorx\VSWorx\ServoStudio\wpfui-servoStudio\samples\Wpf.Ui.servoStudio\servoStudio.csproj]
C:\UserWorx\VSWorx\ServoStudio\wpfui-servoStudio\samples\Wpf.Ui.servoStudio\Core\Modbus\ModbusRtuMaster.cs(196,35): warning IDE0055: 淇鏍煎紡 (https://learn.microsoft.com/dotnet/fundamentals/code-analysis/style-rules/ide0055) [C:\UserWorx\VSWorx\ServoStudio\wpfui-servoStudio\samples\Wpf.Ui.servoStudio\servoStudio.csproj]
C:\UserWorx\VSWorx\ServoStudio\wpfui-servoStudio\samples\Wpf.Ui.servoStudio\Core\Modbus\ModbusRtuMaster.cs(224,12): warning IDE0055: 淇鏍煎紡 (https://learn.microsoft.com/dotnet/fundamentals/code-analysis/style-rules/ide0055) [C:\UserWorx\VSWorx\ServoStudio\wpfui-servoStudio\samples\Wpf.Ui.servoStudio\servoStudio.csproj]
C:\UserWorx\VSWorx\ServoStudio\wpfui-servoStudio\samples\Wpf.Ui.servoStudio\Core\Modbus\ModbusRtuMaster.cs(224,14): warning IDE0055: 淇鏍煎紡 (https://learn.microsoft.com/dotnet/fundamentals/code-analysis/style-rules/ide0055) [C:\UserWorx\VSWorx\ServoStudio\wpfui-servoStudio\samples\Wpf.Ui.servoStudio\servoStudio.csproj]
C:\UserWorx\VSWorx\ServoStudio\wpfui-servoStudio\samples\Wpf.Ui.servoStudio\Core\Modbus\ModbusRtuMaster.cs(224,23): warning IDE0055: 淇鏍煎紡 (https://learn.microsoft.com/dotnet/fundamentals/code-analysis/style-rules/ide0055) [C:\UserWorx\VSWorx\ServoStudio\wpfui-servoStudio\samples\Wpf.Ui.servoStudio\servoStudio.csproj]
C:\UserWorx\VSWorx\ServoStudio\wpfui-servoStudio\samples\Wpf.Ui.servoStudio\Core\Modbus\ModbusRtuMaster.cs(224,25): warning IDE0055: 淇鏍煎紡 (https://learn.microsoft.com/dotnet/fundamentals/code-analysis/style-rules/ide0055) [C:\UserWorx\VSWorx\ServoStudio\wpfui-servoStudio\samples\Wpf.Ui.servoStudio\servoStudio.csproj]
C:\UserWorx\VSWorx\ServoStudio\wpfui-servoStudio\samples\Wpf.Ui.servoStudio\Core\Modbus\ModbusRtuMaster.cs(281,12): warning IDE0055: 淇鏍煎紡 (https://learn.microsoft.com/dotnet/fundamentals/code-analysis/style-rules/ide0055) [C:\UserWorx\VSWorx\ServoStudio\wpfui-servoStudio\samples\Wpf.Ui.servoStudio\servoStudio.csproj]
C:\UserWorx\VSWorx\ServoStudio\wpfui-servoStudio\samples\Wpf.Ui.servoStudio\Core\Modbus\ModbusRtuMaster.cs(281,14): warning IDE0055: 淇鏍煎紡 (https://learn.microsoft.com/dotnet/fundamentals/code-analysis/style-rules/ide0055) [C:\UserWorx\VSWorx\ServoStudio\wpfui-servoStudio\samples\Wpf.Ui.servoStudio\servoStudio.csproj]
C:\UserWorx\VSWorx\ServoStudio\wpfui-servoStudio\samples\Wpf.Ui.servoStudio\Core\Modbus\ModbusRtuMaster.cs(281,36): warning IDE0055: 淇鏍煎紡 (https://learn.microsoft.com/dotnet/fundamentals/code-analysis/style-rules/ide0055) [C:\UserWorx\VSWorx\ServoStudio\wpfui-servoStudio\samples\Wpf.Ui.servoStudio\servoStudio.csproj]
C:\UserWorx\VSWorx\ServoStudio\wpfui-servoStudio\samples\Wpf.Ui.servoStudio\Core\Modbus\ModbusRtuMaster.cs(281,38): warning IDE0055: 淇鏍煎紡 (https://learn.microsoft.com/dotnet/fundamentals/code-analysis/style-rules/ide0055) [C:\UserWorx\VSWorx\ServoStudio\wpfui-servoStudio\samples\Wpf.Ui.servoStudio\servoStudio.csproj]
C:\UserWorx\VSWorx\ServoStudio\wpfui-servoStudio\samples\Wpf.Ui.servoStudio\Core\Modbus\ModbusRtuMaster.cs(282,12): warning IDE0055: 淇鏍煎紡 (https://learn.microsoft.com/dotnet/fundamentals/code-analysis/style-rules/ide0055) [C:\UserWorx\VSWorx\ServoStudio\wpfui-servoStudio\samples\Wpf.Ui.servoStudio\servoStudio.csproj]
C:\UserWorx\VSWorx\ServoStudio\wpfui-servoStudio\samples\Wpf.Ui.servoStudio\Core\Modbus\ModbusRtuMaster.cs(282,14): warning IDE0055: 淇鏍煎紡 (https://learn.microsoft.com/dotnet/fundamentals/code-analysis/style-rules/ide0055) [C:\UserWorx\VSWorx\ServoStudio\wpfui-servoStudio\samples\Wpf.Ui.servoStudio\servoStudio.csproj]
C:\UserWorx\VSWorx\ServoStudio\wpfui-servoStudio\samples\Wpf.Ui.servoStudio\Core\Modbus\ModbusRtuMaster.cs(282,40): warning IDE0055: 淇鏍煎紡 (https://learn.microsoft.com/dotnet/fundamentals/code-analysis/style-rules/ide0055) [C:\UserWorx\VSWorx\ServoStudio\wpfui-servoStudio\samples\Wpf.Ui.servoStudio\servoStudio.csproj]
C:\UserWorx\VSWorx\ServoStudio\wpfui-servoStudio\samples\Wpf.Ui.servoStudio\Core\Modbus\ModbusRtuMaster.cs(282,42): warning IDE0055: 淇鏍煎紡 (https://learn.microsoft.com/dotnet/fundamentals/code-analysis/style-rules/ide0055) [C:\UserWorx\VSWorx\ServoStudio\wpfui-servoStudio\samples\Wpf.Ui.servoStudio\servoStudio.csproj]
C:\UserWorx\VSWorx\ServoStudio\wpfui-servoStudio\samples\Wpf.Ui.servoStudio\Core\Modbus\ModbusRtuMaster.cs(284,12): warning IDE0055: 淇鏍煎紡 (https://learn.microsoft.com/dotnet/fundamentals/code-analysis/style-rules/ide0055) [C:\UserWorx\VSWorx\ServoStudio\wpfui-servoStudio\samples\Wpf.Ui.servoStudio\servoStudio.csproj]
C:\UserWorx\VSWorx\ServoStudio\wpfui-servoStudio\samples\Wpf.Ui.servoStudio\Core\Modbus\ModbusRtuMaster.cs(284,14): warning IDE0055: 淇鏍煎紡 (https://learn.microsoft.com/dotnet/fundamentals/code-analysis/style-rules/ide0055) [C:\UserWorx\VSWorx\ServoStudio\wpfui-servoStudio\samples\Wpf.Ui.servoStudio\servoStudio.csproj]
C:\UserWorx\VSWorx\ServoStudio\wpfui-servoStudio\samples\Wpf.Ui.servoStudio\Core\Modbus\ModbusRtuMaster.cs(284,37): warning IDE0055: 淇鏍煎紡 (https://learn.microsoft.com/dotnet/fundamentals/code-analysis/style-rules/ide0055) [C:\UserWorx\VSWorx\ServoStudio\wpfui-servoStudio\samples\Wpf.Ui.servoStudio\servoStudio.csproj]
C:\UserWorx\VSWorx\ServoStudio\wpfui-servoStudio\samples\Wpf.Ui.servoStudio\Core\Modbus\ModbusRtuMaster.cs(284,39): warning IDE0055: 淇鏍煎紡 (https://learn.microsoft.com/dotnet/fundamentals/code-analysis/style-rules/ide0055) [C:\UserWorx\VSWorx\ServoStudio\wpfui-servoStudio\samples\Wpf.Ui.servoStudio\servoStudio.csproj]
C:\UserWorx\VSWorx\ServoStudio\wpfui-servoStudio\samples\Wpf.Ui.servoStudio\Core\Modbus\ModbusRtuMaster.cs(296,16): warning IDE0055: 淇鏍煎紡 (https://learn.microsoft.com/dotnet/fundamentals/code-analysis/style-rules/ide0055) [C:\UserWorx\VSWorx\ServoStudio\wpfui-servoStudio\samples\Wpf.Ui.servoStudio\servoStudio.csproj]
C:\UserWorx\VSWorx\ServoStudio\wpfui-servoStudio\samples\Wpf.Ui.servoStudio\Core\Modbus\ModbusRtuMaster.cs(296,18): warning IDE0055: 淇鏍煎紡 (https://learn.microsoft.com/dotnet/fundamentals/code-analysis/style-rules/ide0055) [C:\UserWorx\VSWorx\ServoStudio\wpfui-servoStudio\samples\Wpf.Ui.servoStudio\servoStudio.csproj]
C:\UserWorx\VSWorx\ServoStudio\wpfui-servoStudio\samples\Wpf.Ui.servoStudio\Core\Modbus\ModbusRtuMaster.cs(296,55): warning IDE0055: 淇鏍煎紡 (https://learn.microsoft.com/dotnet/fundamentals/code-analysis/style-rules/ide0055) [C:\UserWorx\VSWorx\ServoStudio\wpfui-servoStudio\samples\Wpf.Ui.servoStudio\servoStudio.csproj]
C:\UserWorx\VSWorx\ServoStudio\wpfui-servoStudio\samples\Wpf.Ui.servoStudio\Core\Modbus\ModbusRtuMaster.cs(296,57): warning IDE0055: 淇鏍煎紡 (https://learn.microsoft.com/dotnet/fundamentals/code-analysis/style-rules/ide0055) [C:\UserWorx\VSWorx\ServoStudio\wpfui-servoStudio\samples\Wpf.Ui.servoStudio\servoStudio.csproj]
C:\UserWorx\VSWorx\ServoStudio\wpfui-servoStudio\samples\Wpf.Ui.servoStudio\Core\Modbus\ModbusRtuMaster.cs(297,16): warning IDE0055: 淇鏍煎紡 (https://learn.microsoft.com/dotnet/fundamentals/code-analysis/style-rules/ide0055) [C:\UserWorx\VSWorx\ServoStudio\wpfui-servoStudio\samples\Wpf.Ui.servoStudio\servoStudio.csproj]
C:\UserWorx\VSWorx\ServoStudio\wpfui-servoStudio\samples\Wpf.Ui.servoStudio\Core\Modbus\ModbusRtuMaster.cs(297,18): warning IDE0055: 淇鏍煎紡 (https://learn.microsoft.com/dotnet/fundamentals/code-analysis/style-rules/ide0055) [C:\UserWorx\VSWorx\ServoStudio\wpfui-servoStudio\samples\Wpf.Ui.servoStudio\servoStudio.csproj]
C:\UserWorx\VSWorx\ServoStudio\wpfui-servoStudio\samples\Wpf.Ui.servoStudio\Core\Modbus\ModbusRtuMaster.cs(297,43): warning IDE0055: 淇鏍煎紡 (https://learn.microsoft.com/dotnet/fundamentals/code-analysis/style-rules/ide0055) [C:\UserWorx\VSWorx\ServoStudio\wpfui-servoStudio\samples\Wpf.Ui.servoStudio\servoStudio.csproj]
C:\UserWorx\VSWorx\ServoStudio\wpfui-servoStudio\samples\Wpf.Ui.servoStudio\Core\Modbus\ModbusRtuMaster.cs(297,45): warning IDE0055: 淇鏍煎紡 (https://learn.microsoft.com/dotnet/fundamentals/code-analysis/style-rules/ide0055) [C:\UserWorx\VSWorx\ServoStudio\wpfui-servoStudio\samples\Wpf.Ui.servoStudio\servoStudio.csproj]
C:\UserWorx\VSWorx\ServoStudio\wpfui-servoStudio\samples\Wpf.Ui.servoStudio\Core\Modbus\ModbusRtuMaster.cs(328,32): warning IDE0055: 淇鏍煎紡 (https://learn.microsoft.com/dotnet/fundamentals/code-analysis/style-rules/ide0055) [C:\UserWorx\VSWorx\ServoStudio\wpfui-servoStudio\samples\Wpf.Ui.servoStudio\servoStudio.csproj]
C:\UserWorx\VSWorx\ServoStudio\wpfui-servoStudio\samples\Wpf.Ui.servoStudio\Core\Modbus\ModbusRtuMaster.cs(328,34): warning IDE0055: 淇鏍煎紡 (https://learn.microsoft.com/dotnet/fundamentals/code-analysis/style-rules/ide0055) [C:\UserWorx\VSWorx\ServoStudio\wpfui-servoStudio\samples\Wpf.Ui.servoStudio\servoStudio.csproj]
C:\UserWorx\VSWorx\ServoStudio\wpfui-servoStudio\samples\Wpf.Ui.servoStudio\Core\Modbus\ModbusRtuMaster.cs(328,69): warning IDE0055: 淇鏍煎紡 (https://learn.microsoft.com/dotnet/fundamentals/code-analysis/style-rules/ide0055) [C:\UserWorx\VSWorx\ServoStudio\wpfui-servoStudio\samples\Wpf.Ui.servoStudio\servoStudio.csproj]
C:\UserWorx\VSWorx\ServoStudio\wpfui-servoStudio\samples\Wpf.Ui.servoStudio\Core\Modbus\ModbusRtuMaster.cs(351,20): warning IDE0055: 淇鏍煎紡 (https://learn.microsoft.com/dotnet/fundamentals/code-analysis/style-rules/ide0055) [C:\UserWorx\VSWorx\ServoStudio\wpfui-servoStudio\samples\Wpf.Ui.servoStudio\servoStudio.csproj]
C:\UserWorx\VSWorx\ServoStudio\wpfui-servoStudio\samples\Wpf.Ui.servoStudio\Core\Modbus\ModbusRtuMaster.cs(351,22): warning IDE0055: 淇鏍煎紡 (https://learn.microsoft.com/dotnet/fundamentals/code-analysis/style-rules/ide0055) [C:\UserWorx\VSWorx\ServoStudio\wpfui-servoStudio\samples\Wpf.Ui.servoStudio\servoStudio.csproj]
C:\UserWorx\VSWorx\ServoStudio\wpfui-servoStudio\samples\Wpf.Ui.servoStudio\Core\Modbus\ModbusRtuMaster.cs(351,59): warning IDE0055: 淇鏍煎紡 (https://learn.microsoft.com/dotnet/fundamentals/code-analysis/style-rules/ide0055) [C:\UserWorx\VSWorx\ServoStudio\wpfui-servoStudio\samples\Wpf.Ui.servoStudio\servoStudio.csproj]
C:\UserWorx\VSWorx\ServoStudio\wpfui-servoStudio\samples\Wpf.Ui.servoStudio\Core\Modbus\ModbusRtuMaster.cs(351,61): warning IDE0055: 淇鏍煎紡 (https://learn.microsoft.com/dotnet/fundamentals/code-analysis/style-rules/ide0055) [C:\UserWorx\VSWorx\ServoStudio\wpfui-servoStudio\samples\Wpf.Ui.servoStudio\servoStudio.csproj]
C:\UserWorx\VSWorx\ServoStudio\wpfui-servoStudio\samples\Wpf.Ui.servoStudio\Core\Modbus\ModbusRtuMaster.cs(1035,25): warning IDE0055: 淇鏍煎紡 (https://learn.microsoft.com/dotnet/fundamentals/code-analysis/style-rules/ide0055) [C:\UserWorx\VSWorx\ServoStudio\wpfui-servoStudio\samples\Wpf.Ui.servoStudio\servoStudio.csproj]
C:\UserWorx\VSWorx\ServoStudio\wpfui-servoStudio\samples\Wpf.Ui.servoStudio\Core\Modbus\ModbusRtuMaster.cs(1036,27): warning IDE0055: 淇鏍煎紡 (https://learn.microsoft.com/dotnet/fundamentals/code-analysis/style-rules/ide0055) [C:\UserWorx\VSWorx\ServoStudio\wpfui-servoStudio\samples\Wpf.Ui.servoStudio\servoStudio.csproj]
C:\UserWorx\VSWorx\ServoStudio\wpfui-servoStudio\samples\Wpf.Ui.servoStudio\Core\Modbus\ModbusRtuMaster.cs(1037,28): warning IDE0055: 淇鏍煎紡 (https://learn.microsoft.com/dotnet/fundamentals/code-analysis/style-rules/ide0055) [C:\UserWorx\VSWorx\ServoStudio\wpfui-servoStudio\samples\Wpf.Ui.servoStudio\servoStudio.csproj]
C:\UserWorx\VSWorx\ServoStudio\wpfui-servoStudio\samples\Wpf.Ui.servoStudio\Core\Modbus\ModbusRtuMaster.cs(196,57): warning IDE2003: 鍧椾笌鍚庣画璇彞涔嬮棿闇€瑕佹湁绌虹櫧琛?(https://learn.microsoft.com/dotnet/fundamentals/code-analysis/style-rules/ide2003) [C:\UserWorx\VSWorx\ServoStudio\wpfui-servoStudio\samples\Wpf.Ui.servoStudio\servoStudio.csproj]
C:\UserWorx\VSWorx\ServoStudio\wpfui-servoStudio\samples\Wpf.Ui.servoStudio\Core\Modbus\ModbusRtuMaster.cs(224,47): warning IDE2003: 鍧椾笌鍚庣画璇彞涔嬮棿闇€瑕佹湁绌虹櫧琛?(https://learn.microsoft.com/dotnet/fundamentals/code-analysis/style-rules/ide2003) [C:\UserWorx\VSWorx\ServoStudio\wpfui-servoStudio\samples\Wpf.Ui.servoStudio\servoStudio.csproj]
C:\UserWorx\VSWorx\ServoStudio\wpfui-servoStudio\samples\Wpf.Ui.servoStudio\Core\Modbus\ModbusRtuMaster.cs(256,9): warning IDE2003: 鍧椾笌鍚庣画璇彞涔嬮棿闇€瑕佹湁绌虹櫧琛?(https://learn.microsoft.com/dotnet/fundamentals/code-analysis/style-rules/ide2003) [C:\UserWorx\VSWorx\ServoStudio\wpfui-servoStudio\samples\Wpf.Ui.servoStudio\servoStudio.csproj]
C:\UserWorx\VSWorx\ServoStudio\wpfui-servoStudio\samples\Wpf.Ui.servoStudio\Core\Modbus\ModbusRtuMaster.cs(260,9): warning IDE2003: 鍧椾笌鍚庣画璇彞涔嬮棿闇€瑕佹湁绌虹櫧琛?(https://learn.microsoft.com/dotnet/fundamentals/code-analysis/style-rules/ide2003) [C:\UserWorx\VSWorx\ServoStudio\wpfui-servoStudio\samples\Wpf.Ui.servoStudio\servoStudio.csproj]
C:\UserWorx\VSWorx\ServoStudio\wpfui-servoStudio\samples\Wpf.Ui.servoStudio\Core\Modbus\ModbusRtuMaster.cs(279,9): warning IDE2003: 鍧椾笌鍚庣画璇彞涔嬮棿闇€瑕佹湁绌虹櫧琛?(https://learn.microsoft.com/dotnet/fundamentals/code-analysis/style-rules/ide2003) [C:\UserWorx\VSWorx\ServoStudio\wpfui-servoStudio\samples\Wpf.Ui.servoStudio\servoStudio.csproj]
C:\UserWorx\VSWorx\ServoStudio\wpfui-servoStudio\samples\Wpf.Ui.servoStudio\Core\Modbus\ModbusRtuMaster.cs(281,60): warning IDE2003: 鍧椾笌鍚庣画璇彞涔嬮棿闇€瑕佹湁绌虹櫧琛?(https://learn.microsoft.com/dotnet/fundamentals/code-analysis/style-rules/ide2003) [C:\UserWorx\VSWorx\ServoStudio\wpfui-servoStudio\samples\Wpf.Ui.servoStudio\servoStudio.csproj]
C:\UserWorx\VSWorx\ServoStudio\wpfui-servoStudio\samples\Wpf.Ui.servoStudio\Core\Modbus\ModbusRtuMaster.cs(282,64): warning IDE2003: 鍧椾笌鍚庣画璇彞涔嬮棿闇€瑕佹湁绌虹櫧琛?(https://learn.microsoft.com/dotnet/fundamentals/code-analysis/style-rules/ide2003) [C:\UserWorx\VSWorx\ServoStudio\wpfui-servoStudio\samples\Wpf.Ui.servoStudio\servoStudio.csproj]
C:\UserWorx\VSWorx\ServoStudio\wpfui-servoStudio\samples\Wpf.Ui.servoStudio\Core\Modbus\ModbusRtuMaster.cs(284,61): warning IDE2003: 鍧椾笌鍚庣画璇彞涔嬮棿闇€瑕佹湁绌虹櫧琛?(https://learn.microsoft.com/dotnet/fundamentals/code-analysis/style-rules/ide2003) [C:\UserWorx\VSWorx\ServoStudio\wpfui-servoStudio\samples\Wpf.Ui.servoStudio\servoStudio.csproj]
C:\UserWorx\VSWorx\ServoStudio\wpfui-servoStudio\samples\Wpf.Ui.servoStudio\Core\Modbus\ModbusRtuMaster.cs(296,79): warning IDE2003: 鍧椾笌鍚庣画璇彞涔嬮棿闇€瑕佹湁绌虹櫧琛?(https://learn.microsoft.com/dotnet/fundamentals/code-analysis/style-rules/ide2003) [C:\UserWorx\VSWorx\ServoStudio\wpfui-servoStudio\samples\Wpf.Ui.servoStudio\servoStudio.csproj]
C:\UserWorx\VSWorx\ServoStudio\wpfui-servoStudio\samples\Wpf.Ui.servoStudio\Core\Modbus\ModbusRtuMaster.cs(297,67): warning IDE2003: 鍧椾笌鍚庣画璇彞涔嬮棿闇€瑕佹湁绌虹櫧琛?(https://learn.microsoft.com/dotnet/fundamentals/code-analysis/style-rules/ide2003) [C:\UserWorx\VSWorx\ServoStudio\wpfui-servoStudio\samples\Wpf.Ui.servoStudio\servoStudio.csproj]
C:\UserWorx\VSWorx\ServoStudio\wpfui-servoStudio\samples\Wpf.Ui.servoStudio\Core\Modbus\ModbusRtuMaster.cs(324,25): warning IDE2003: 鍧椾笌鍚庣画璇彞涔嬮棿闇€瑕佹湁绌虹櫧琛?(https://learn.microsoft.com/dotnet/fundamentals/code-analysis/style-rules/ide2003) [C:\UserWorx\VSWorx\ServoStudio\wpfui-servoStudio\samples\Wpf.Ui.servoStudio\servoStudio.csproj]
C:\UserWorx\VSWorx\ServoStudio\wpfui-servoStudio\samples\Wpf.Ui.servoStudio\Core\Modbus\ModbusRtuMaster.cs(395,9): warning IDE2003: 鍧椾笌鍚庣画璇彞涔嬮棿闇€瑕佹湁绌虹櫧琛?(https://learn.microsoft.com/dotnet/fundamentals/code-analysis/style-rules/ide2003) [C:\UserWorx\VSWorx\ServoStudio\wpfui-servoStudio\samples\Wpf.Ui.servoStudio\servoStudio.csproj]
C:\UserWorx\VSWorx\ServoStudio\wpfui-servoStudio\samples\Wpf.Ui.servoStudio\Core\Modbus\ModbusRtuMaster.cs(522,9): warning IDE2003: 鍧椾笌鍚庣画璇彞涔嬮棿闇€瑕佹湁绌虹櫧琛?(https://learn.microsoft.com/dotnet/fundamentals/code-analysis/style-rules/ide2003) [C:\UserWorx\VSWorx\ServoStudio\wpfui-servoStudio\samples\Wpf.Ui.servoStudio\servoStudio.csproj]
C:\UserWorx\VSWorx\ServoStudio\wpfui-servoStudio\samples\Wpf.Ui.servoStudio\Core\Modbus\ModbusSlave_CiA402.cs(48,25): warning IDE0055: 淇鏍煎紡 (https://learn.microsoft.com/dotnet/fundamentals/code-analysis/style-rules/ide0055) [C:\UserWorx\VSWorx\ServoStudio\wpfui-servoStudio\samples\Wpf.Ui.servoStudio\servoStudio.csproj]
C:\UserWorx\VSWorx\ServoStudio\wpfui-servoStudio\samples\Wpf.Ui.servoStudio\Core\Modbus\ModbusSlave_CiA402.cs(48,27): warning IDE0055: 淇鏍煎紡 (https://learn.microsoft.com/dotnet/fundamentals/code-analysis/style-rules/ide0055) [C:\UserWorx\VSWorx\ServoStudio\wpfui-servoStudio\samples\Wpf.Ui.servoStudio\servoStudio.csproj]
C:\UserWorx\VSWorx\ServoStudio\wpfui-servoStudio\samples\Wpf.Ui.servoStudio\Core\Modbus\ModbusSlave_CiA402.cs(48,32): warning IDE0055: 淇鏍煎紡 (https://learn.microsoft.com/dotnet/fundamentals/code-analysis/style-rules/ide0055) [C:\UserWorx\VSWorx\ServoStudio\wpfui-servoStudio\samples\Wpf.Ui.servoStudio\servoStudio.csproj]
C:\UserWorx\VSWorx\ServoStudio\wpfui-servoStudio\samples\Wpf.Ui.servoStudio\Core\Modbus\ModbusSlave_CiA402.cs(51,29): warning IDE0055: 淇鏍煎紡 (https://learn.microsoft.com/dotnet/fundamentals/code-analysis/style-rules/ide0055) [C:\UserWorx\VSWorx\ServoStudio\wpfui-servoStudio\samples\Wpf.Ui.servoStudio\servoStudio.csproj]
C:\UserWorx\VSWorx\ServoStudio\wpfui-servoStudio\samples\Wpf.Ui.servoStudio\Core\Modbus\ModbusSlave_CiA402.cs(51,31): warning IDE0055: 淇鏍煎紡 (https://learn.microsoft.com/dotnet/fundamentals/code-analysis/style-rules/ide0055) [C:\UserWorx\VSWorx\ServoStudio\wpfui-servoStudio\samples\Wpf.Ui.servoStudio\servoStudio.csproj]
C:\UserWorx\VSWorx\ServoStudio\wpfui-servoStudio\samples\Wpf.Ui.servoStudio\Core\Modbus\ModbusSlave_CiA402.cs(51,49): warning IDE0055: 淇鏍煎紡 (https://learn.microsoft.com/dotnet/fundamentals/code-analysis/style-rules/ide0055) [C:\UserWorx\VSWorx\ServoStudio\wpfui-servoStudio\samples\Wpf.Ui.servoStudio\servoStudio.csproj]
C:\UserWorx\VSWorx\ServoStudio\wpfui-servoStudio\samples\Wpf.Ui.servoStudio\Core\Modbus\ModbusSlave_CiA402.cs(54,35): warning IDE0055: 淇鏍煎紡 (https://learn.microsoft.com/dotnet/fundamentals/code-analysis/style-rules/ide0055) [C:\UserWorx\VSWorx\ServoStudio\wpfui-servoStudio\samples\Wpf.Ui.servoStudio\servoStudio.csproj]
C:\UserWorx\VSWorx\ServoStudio\wpfui-servoStudio\samples\Wpf.Ui.servoStudio\Core\Modbus\ModbusSlave_CiA402.cs(54,37): warning IDE0055: 淇鏍煎紡 (https://learn.microsoft.com/dotnet/fundamentals/code-analysis/style-rules/ide0055) [C:\UserWorx\VSWorx\ServoStudio\wpfui-servoStudio\samples\Wpf.Ui.servoStudio\servoStudio.csproj]
C:\UserWorx\VSWorx\ServoStudio\wpfui-servoStudio\samples\Wpf.Ui.servoStudio\Core\Modbus\ModbusSlave_CiA402.cs(54,55): warning IDE0055: 淇鏍煎紡 (https://learn.microsoft.com/dotnet/fundamentals/code-analysis/style-rules/ide0055) [C:\UserWorx\VSWorx\ServoStudio\wpfui-servoStudio\samples\Wpf.Ui.servoStudio\servoStudio.csproj]
C:\UserWorx\VSWorx\ServoStudio\wpfui-servoStudio\samples\Wpf.Ui.servoStudio\Core\Modbus\ModbusSlave_CiA402.cs(60,30): warning IDE0055: 淇鏍煎紡 (https://learn.microsoft.com/dotnet/fundamentals/code-analysis/style-rules/ide0055) [C:\UserWorx\VSWorx\ServoStudio\wpfui-servoStudio\samples\Wpf.Ui.servoStudio\servoStudio.csproj]
C:\UserWorx\VSWorx\ServoStudio\wpfui-servoStudio\samples\Wpf.Ui.servoStudio\Core\Modbus\ModbusSlave_CiA402.cs(60,32): warning IDE0055: 淇鏍煎紡 (https://learn.microsoft.com/dotnet/fundamentals/code-analysis/style-rules/ide0055) [C:\UserWorx\VSWorx\ServoStudio\wpfui-servoStudio\samples\Wpf.Ui.servoStudio\servoStudio.csproj]
C:\UserWorx\VSWorx\ServoStudio\wpfui-servoStudio\samples\Wpf.Ui.servoStudio\Core\Modbus\ModbusSlave_CiA402.cs(60,50): warning IDE0055: 淇鏍煎紡 (https://learn.microsoft.com/dotnet/fundamentals/code-analysis/style-rules/ide0055) [C:\UserWorx\VSWorx\ServoStudio\wpfui-servoStudio\samples\Wpf.Ui.servoStudio\servoStudio.csproj]
C:\UserWorx\VSWorx\ServoStudio\wpfui-servoStudio\samples\Wpf.Ui.servoStudio\Core\Modbus\ModbusSlave_CiA402.cs(63,30): warning IDE0055: 淇鏍煎紡 (https://learn.microsoft.com/dotnet/fundamentals/code-analysis/style-rules/ide0055) [C:\UserWorx\VSWorx\ServoStudio\wpfui-servoStudio\samples\Wpf.Ui.servoStudio\servoStudio.csproj]
C:\UserWorx\VSWorx\ServoStudio\wpfui-servoStudio\samples\Wpf.Ui.servoStudio\Core\Modbus\ModbusSlave_CiA402.cs(63,32): warning IDE0055: 淇鏍煎紡 (https://learn.microsoft.com/dotnet/fundamentals/code-analysis/style-rules/ide0055) [C:\UserWorx\VSWorx\ServoStudio\wpfui-servoStudio\samples\Wpf.Ui.servoStudio\servoStudio.csproj]
C:\UserWorx\VSWorx\ServoStudio\wpfui-servoStudio\samples\Wpf.Ui.servoStudio\Core\Modbus\ModbusSlave_CiA402.cs(63,50): warning IDE0055: 淇鏍煎紡 (https://learn.microsoft.com/dotnet/fundamentals/code-analysis/style-rules/ide0055) [C:\UserWorx\VSWorx\ServoStudio\wpfui-servoStudio\samples\Wpf.Ui.servoStudio\servoStudio.csproj]
C:\UserWorx\VSWorx\ServoStudio\wpfui-servoStudio\samples\Wpf.Ui.servoStudio\Core\Modbus\ModbusSlave_CiA402.cs(66,60): warning IDE0055: 淇鏍煎紡 (https://learn.microsoft.com/dotnet/fundamentals/code-analysis/style-rules/ide0055) [C:\UserWorx\VSWorx\ServoStudio\wpfui-servoStudio\samples\Wpf.Ui.servoStudio\servoStudio.csproj]
C:\UserWorx\VSWorx\ServoStudio\wpfui-servoStudio\samples\Wpf.Ui.servoStudio\Core\Modbus\ModbusSlave_CiA402.cs(66,62): warning IDE0055: 淇鏍煎紡 (https://learn.microsoft.com/dotnet/fundamentals/code-analysis/style-rules/ide0055) [C:\UserWorx\VSWorx\ServoStudio\wpfui-servoStudio\samples\Wpf.Ui.servoStudio\servoStudio.csproj]
C:\UserWorx\VSWorx\ServoStudio\wpfui-servoStudio\samples\Wpf.Ui.servoStudio\Core\Modbus\ModbusSlave_CiA402.cs(66,72): warning IDE0055: 淇鏍煎紡 (https://learn.microsoft.com/dotnet/fundamentals/code-analysis/style-rules/ide0055) [C:\UserWorx\VSWorx\ServoStudio\wpfui-servoStudio\samples\Wpf.Ui.servoStudio\servoStudio.csproj]
C:\UserWorx\VSWorx\ServoStudio\wpfui-servoStudio\samples\Wpf.Ui.servoStudio\Core\Modbus\ModbusSlave_CiA402.cs(69,59): warning IDE0055: 淇鏍煎紡 (https://learn.microsoft.com/dotnet/fundamentals/code-analysis/style-rules/ide0055) [C:\UserWorx\VSWorx\ServoStudio\wpfui-servoStudio\samples\Wpf.Ui.servoStudio\servoStudio.csproj]
C:\UserWorx\VSWorx\ServoStudio\wpfui-servoStudio\samples\Wpf.Ui.servoStudio\Core\Modbus\ModbusSlave_CiA402.cs(69,61): warning IDE0055: 淇鏍煎紡 (https://learn.microsoft.com/dotnet/fundamentals/code-analysis/style-rules/ide0055) [C:\UserWorx\VSWorx\ServoStudio\wpfui-servoStudio\samples\Wpf.Ui.servoStudio\servoStudio.csproj]
C:\UserWorx\VSWorx\ServoStudio\wpfui-servoStudio\samples\Wpf.Ui.servoStudio\Core\Modbus\ModbusSlave_CiA402.cs(69,71): warning IDE0055: 淇鏍煎紡 (https://learn.microsoft.com/dotnet/fundamentals/code-analysis/style-rules/ide0055) [C:\UserWorx\VSWorx\ServoStudio\wpfui-servoStudio\samples\Wpf.Ui.servoStudio\servoStudio.csproj]
C:\UserWorx\VSWorx\ServoStudio\wpfui-servoStudio\samples\Wpf.Ui.servoStudio\Core\Modbus\ModbusSlave_CiA402.cs(72,62): warning IDE0055: 淇鏍煎紡 (https://learn.microsoft.com/dotnet/fundamentals/code-analysis/style-rules/ide0055) [C:\UserWorx\VSWorx\ServoStudio\wpfui-servoStudio\samples\Wpf.Ui.servoStudio\servoStudio.csproj]
C:\UserWorx\VSWorx\ServoStudio\wpfui-servoStudio\samples\Wpf.Ui.servoStudio\Core\Modbus\ModbusSlave_CiA402.cs(72,64): warning IDE0055: 淇鏍煎紡 (https://learn.microsoft.com/dotnet/fundamentals/code-analysis/style-rules/ide0055) [C:\UserWorx\VSWorx\ServoStudio\wpfui-servoStudio\samples\Wpf.Ui.servoStudio\servoStudio.csproj]
C:\UserWorx\VSWorx\ServoStudio\wpfui-servoStudio\samples\Wpf.Ui.servoStudio\Core\Modbus\ModbusSlave_CiA402.cs(72,74): warning IDE0055: 淇鏍煎紡 (https://learn.microsoft.com/dotnet/fundamentals/code-analysis/style-rules/ide0055) [C:\UserWorx\VSWorx\ServoStudio\wpfui-servoStudio\samples\Wpf.Ui.servoStudio\servoStudio.csproj]
C:\UserWorx\VSWorx\ServoStudio\wpfui-servoStudio\samples\Wpf.Ui.servoStudio\Core\Modbus\ModbusSlave_CiA402.cs(75,59): warning IDE0055: 淇鏍煎紡 (https://learn.microsoft.com/dotnet/fundamentals/code-analysis/style-rules/ide0055) [C:\UserWorx\VSWorx\ServoStudio\wpfui-servoStudio\samples\Wpf.Ui.servoStudio\servoStudio.csproj]
C:\UserWorx\VSWorx\ServoStudio\wpfui-servoStudio\samples\Wpf.Ui.servoStudio\Core\Modbus\ModbusSlave_CiA402.cs(75,61): warning IDE0055: 淇鏍煎紡 (https://learn.microsoft.com/dotnet/fundamentals/code-analysis/style-rules/ide0055) [C:\UserWorx\VSWorx\ServoStudio\wpfui-servoStudio\samples\Wpf.Ui.servoStudio\servoStudio.csproj]
C:\UserWorx\VSWorx\ServoStudio\wpfui-servoStudio\samples\Wpf.Ui.servoStudio\Core\Modbus\ModbusSlave_CiA402.cs(75,71): warning IDE0055: 淇鏍煎紡 (https://learn.microsoft.com/dotnet/fundamentals/code-analysis/style-rules/ide0055) [C:\UserWorx\VSWorx\ServoStudio\wpfui-servoStudio\samples\Wpf.Ui.servoStudio\servoStudio.csproj]
C:\UserWorx\VSWorx\ServoStudio\wpfui-servoStudio\samples\Wpf.Ui.servoStudio\Core\Sync\ICyclicTimer.cs(27,19): warning IDE0055: 淇鏍煎紡 (https://learn.microsoft.com/dotnet/fundamentals/code-analysis/style-rules/ide0055) [C:\UserWorx\VSWorx\ServoStudio\wpfui-servoStudio\samples\Wpf.Ui.servoStudio\servoStudio.csproj]
C:\UserWorx\VSWorx\ServoStudio\wpfui-servoStudio\samples\Wpf.Ui.servoStudio\Core\Sync\ICyclicTimer.cs(27,21): warning IDE0055: 淇鏍煎紡 (https://learn.microsoft.com/dotnet/fundamentals/code-analysis/style-rules/ide0055) [C:\UserWorx\VSWorx\ServoStudio\wpfui-servoStudio\samples\Wpf.Ui.servoStudio\servoStudio.csproj]
C:\UserWorx\VSWorx\ServoStudio\wpfui-servoStudio\samples\Wpf.Ui.servoStudio\Core\Sync\ICyclicTimer.cs(27,26): warning IDE0055: 淇鏍煎紡 (https://learn.microsoft.com/dotnet/fundamentals/code-analysis/style-rules/ide0055) [C:\UserWorx\VSWorx\ServoStudio\wpfui-servoStudio\samples\Wpf.Ui.servoStudio\servoStudio.csproj]
C:\UserWorx\VSWorx\ServoStudio\wpfui-servoStudio\samples\Wpf.Ui.servoStudio\Core\Sync\ICyclicTimer.cs(30,19): warning IDE0055: 淇鏍煎紡 (https://learn.microsoft.com/dotnet/fundamentals/code-analysis/style-rules/ide0055) [C:\UserWorx\VSWorx\ServoStudio\wpfui-servoStudio\samples\Wpf.Ui.servoStudio\servoStudio.csproj]
C:\UserWorx\VSWorx\ServoStudio\wpfui-servoStudio\samples\Wpf.Ui.servoStudio\Core\Sync\ICyclicTimer.cs(30,21): warning IDE0055: 淇鏍煎紡 (https://learn.microsoft.com/dotnet/fundamentals/code-analysis/style-rules/ide0055) [C:\UserWorx\VSWorx\ServoStudio\wpfui-servoStudio\samples\Wpf.Ui.servoStudio\servoStudio.csproj]
C:\UserWorx\VSWorx\ServoStudio\wpfui-servoStudio\samples\Wpf.Ui.servoStudio\Core\Sync\ICyclicTimer.cs(30,26): warning IDE0055: 淇鏍煎紡 (https://learn.microsoft.com/dotnet/fundamentals/code-analysis/style-rules/ide0055) [C:\UserWorx\VSWorx\ServoStudio\wpfui-servoStudio\samples\Wpf.Ui.servoStudio\servoStudio.csproj]
C:\UserWorx\VSWorx\ServoStudio\wpfui-servoStudio\samples\Wpf.Ui.servoStudio\Core\Sync\ICyclicTimer.cs(33,20): warning IDE0055: 淇鏍煎紡 (https://learn.microsoft.com/dotnet/fundamentals/code-analysis/style-rules/ide0055) [C:\UserWorx\VSWorx\ServoStudio\wpfui-servoStudio\samples\Wpf.Ui.servoStudio\servoStudio.csproj]
C:\UserWorx\VSWorx\ServoStudio\wpfui-servoStudio\samples\Wpf.Ui.servoStudio\Core\Sync\ICyclicTimer.cs(33,22): warning IDE0055: 淇鏍煎紡 (https://learn.microsoft.com/dotnet/fundamentals/code-analysis/style-rules/ide0055) [C:\UserWorx\VSWorx\ServoStudio\wpfui-servoStudio\samples\Wpf.Ui.servoStudio\servoStudio.csproj]
C:\UserWorx\VSWorx\ServoStudio\wpfui-servoStudio\samples\Wpf.Ui.servoStudio\Core\Sync\ICyclicTimer.cs(33,27): warning IDE0055: 淇鏍煎紡 (https://learn.microsoft.com/dotnet/fundamentals/code-analysis/style-rules/ide0055) [C:\UserWorx\VSWorx\ServoStudio\wpfui-servoStudio\samples\Wpf.Ui.servoStudio\servoStudio.csproj]
C:\UserWorx\VSWorx\ServoStudio\wpfui-servoStudio\samples\Wpf.Ui.servoStudio\Core\Sync\ICyclicTimer.cs(36,26): warning IDE0055: 淇鏍煎紡 (https://learn.microsoft.com/dotnet/fundamentals/code-analysis/style-rules/ide0055) [C:\UserWorx\VSWorx\ServoStudio\wpfui-servoStudio\samples\Wpf.Ui.servoStudio\servoStudio.csproj]
C:\UserWorx\VSWorx\ServoStudio\wpfui-servoStudio\samples\Wpf.Ui.servoStudio\Core\Sync\ICyclicTimer.cs(36,28): warning IDE0055: 淇鏍煎紡 (https://learn.microsoft.com/dotnet/fundamentals/code-analysis/style-rules/ide0055) [C:\UserWorx\VSWorx\ServoStudio\wpfui-servoStudio\samples\Wpf.Ui.servoStudio\servoStudio.csproj]
C:\UserWorx\VSWorx\ServoStudio\wpfui-servoStudio\samples\Wpf.Ui.servoStudio\Core\Sync\ICyclicTimer.cs(36,33): warning IDE0055: 淇鏍煎紡 (https://learn.microsoft.com/dotnet/fundamentals/code-analysis/style-rules/ide0055) [C:\UserWorx\VSWorx\ServoStudio\wpfui-servoStudio\samples\Wpf.Ui.servoStudio\servoStudio.csproj]
C:\UserWorx\VSWorx\ServoStudio\wpfui-servoStudio\samples\Wpf.Ui.servoStudio\Core\Sync\ICyclicTimer.cs(39,25): warning IDE0055: 淇鏍煎紡 (https://learn.microsoft.com/dotnet/fundamentals/code-analysis/style-rules/ide0055) [C:\UserWorx\VSWorx\ServoStudio\wpfui-servoStudio\samples\Wpf.Ui.servoStudio\servoStudio.csproj]
C:\UserWorx\VSWorx\ServoStudio\wpfui-servoStudio\samples\Wpf.Ui.servoStudio\Core\Sync\ICyclicTimer.cs(39,27): warning IDE0055: 淇鏍煎紡 (https://learn.microsoft.com/dotnet/fundamentals/code-analysis/style-rules/ide0055) [C:\UserWorx\VSWorx\ServoStudio\wpfui-servoStudio\samples\Wpf.Ui.servoStudio\servoStudio.csproj]
C:\UserWorx\VSWorx\ServoStudio\wpfui-servoStudio\samples\Wpf.Ui.servoStudio\Core\Sync\ICyclicTimer.cs(39,32): warning IDE0055: 淇鏍煎紡 (https://learn.microsoft.com/dotnet/fundamentals/code-analysis/style-rules/ide0055) [C:\UserWorx\VSWorx\ServoStudio\wpfui-servoStudio\samples\Wpf.Ui.servoStudio\servoStudio.csproj]
C:\UserWorx\VSWorx\ServoStudio\wpfui-servoStudio\samples\Wpf.Ui.servoStudio\Core\Sync\PeriodicTimerCyclicTimer.cs(65,16): warning IDE0055: 淇鏍煎紡 (https://learn.microsoft.com/dotnet/fundamentals/code-analysis/style-rules/ide0055) [C:\UserWorx\VSWorx\ServoStudio\wpfui-servoStudio\samples\Wpf.Ui.servoStudio\servoStudio.csproj]
C:\UserWorx\VSWorx\ServoStudio\wpfui-servoStudio\samples\Wpf.Ui.servoStudio\Core\Sync\PeriodicTimerCyclicTimer.cs(65,18): warning IDE0055: 淇鏍煎紡 (https://learn.microsoft.com/dotnet/fundamentals/code-analysis/style-rules/ide0055) [C:\UserWorx\VSWorx\ServoStudio\wpfui-servoStudio\samples\Wpf.Ui.servoStudio\servoStudio.csproj]
C:\UserWorx\VSWorx\ServoStudio\wpfui-servoStudio\samples\Wpf.Ui.servoStudio\Core\Sync\PeriodicTimerCyclicTimer.cs(65,74): warning IDE0055: 淇鏍煎紡 (https://learn.microsoft.com/dotnet/fundamentals/code-analysis/style-rules/ide0055) [C:\UserWorx\VSWorx\ServoStudio\wpfui-servoStudio\samples\Wpf.Ui.servoStudio\servoStudio.csproj]
C:\UserWorx\VSWorx\ServoStudio\wpfui-servoStudio\samples\Wpf.Ui.servoStudio\Core\Sync\PeriodicTimerCyclicTimer.cs(65,76): warning IDE0055: 淇鏍煎紡 (https://learn.microsoft.com/dotnet/fundamentals/code-analysis/style-rules/ide0055) [C:\UserWorx\VSWorx\ServoStudio\wpfui-servoStudio\samples\Wpf.Ui.servoStudio\servoStudio.csproj]
C:\UserWorx\VSWorx\ServoStudio\wpfui-servoStudio\samples\Wpf.Ui.servoStudio\Core\Sync\PeriodicTimerCyclicTimer.cs(83,24): warning IDE0055: 淇鏍煎紡 (https://learn.microsoft.com/dotnet/fundamentals/code-analysis/style-rules/ide0055) [C:\UserWorx\VSWorx\ServoStudio\wpfui-servoStudio\samples\Wpf.Ui.servoStudio\servoStudio.csproj]
C:\UserWorx\VSWorx\ServoStudio\wpfui-servoStudio\samples\Wpf.Ui.servoStudio\Core\Sync\PeriodicTimerCyclicTimer.cs(83,26): warning IDE0055: 淇鏍煎紡 (https://learn.microsoft.com/dotnet/fundamentals/code-analysis/style-rules/ide0055) [C:\UserWorx\VSWorx\ServoStudio\wpfui-servoStudio\samples\Wpf.Ui.servoStudio\servoStudio.csproj]
C:\UserWorx\VSWorx\ServoStudio\wpfui-servoStudio\samples\Wpf.Ui.servoStudio\Core\Sync\PeriodicTimerCyclicTimer.cs(83,34): warning IDE0055: 淇鏍煎紡 (https://learn.microsoft.com/dotnet/fundamentals/code-analysis/style-rules/ide0055) [C:\UserWorx\VSWorx\ServoStudio\wpfui-servoStudio\samples\Wpf.Ui.servoStudio\servoStudio.csproj]
C:\UserWorx\VSWorx\ServoStudio\wpfui-servoStudio\samples\Wpf.Ui.servoStudio\Core\Sync\PeriodicTimerCyclicTimer.cs(95,12): warning IDE0055: 淇鏍煎紡 (https://learn.microsoft.com/dotnet/fundamentals/code-analysis/style-rules/ide0055) [C:\UserWorx\VSWorx\ServoStudio\wpfui-servoStudio\samples\Wpf.Ui.servoStudio\servoStudio.csproj]
C:\UserWorx\VSWorx\ServoStudio\wpfui-servoStudio\samples\Wpf.Ui.servoStudio\Core\Sync\PeriodicTimerCyclicTimer.cs(95,14): warning IDE0055: 淇鏍煎紡 (https://learn.microsoft.com/dotnet/fundamentals/code-analysis/style-rules/ide0055) [C:\UserWorx\VSWorx\ServoStudio\wpfui-servoStudio\samples\Wpf.Ui.servoStudio\servoStudio.csproj]
C:\UserWorx\VSWorx\ServoStudio\wpfui-servoStudio\samples\Wpf.Ui.servoStudio\Core\Sync\PeriodicTimerCyclicTimer.cs(95,30): warning IDE0055: 淇鏍煎紡 (https://learn.microsoft.com/dotnet/fundamentals/code-analysis/style-rules/ide0055) [C:\UserWorx\VSWorx\ServoStudio\wpfui-servoStudio\samples\Wpf.Ui.servoStudio\servoStudio.csproj]
C:\UserWorx\VSWorx\ServoStudio\wpfui-servoStudio\samples\Wpf.Ui.servoStudio\Core\Sync\PeriodicTimerCyclicTimer.cs(95,32): warning IDE0055: 淇鏍煎紡 (https://learn.microsoft.com/dotnet/fundamentals/code-analysis/style-rules/ide0055) [C:\UserWorx\VSWorx\ServoStudio\wpfui-servoStudio\samples\Wpf.Ui.servoStudio\servoStudio.csproj]
C:\UserWorx\VSWorx\ServoStudio\wpfui-servoStudio\samples\Wpf.Ui.servoStudio\Core\Sync\PeriodicTimerCyclicTimer.cs(96,12): warning IDE0055: 淇鏍煎紡 (https://learn.microsoft.com/dotnet/fundamentals/code-analysis/style-rules/ide0055) [C:\UserWorx\VSWorx\ServoStudio\wpfui-servoStudio\samples\Wpf.Ui.servoStudio\servoStudio.csproj]
C:\UserWorx\VSWorx\ServoStudio\wpfui-servoStudio\samples\Wpf.Ui.servoStudio\Core\Sync\PeriodicTimerCyclicTimer.cs(96,14): warning IDE0055: 淇鏍煎紡 (https://learn.microsoft.com/dotnet/fundamentals/code-analysis/style-rules/ide0055) [C:\UserWorx\VSWorx\ServoStudio\wpfui-servoStudio\samples\Wpf.Ui.servoStudio\servoStudio.csproj]
C:\UserWorx\VSWorx\ServoStudio\wpfui-servoStudio\samples\Wpf.Ui.servoStudio\Core\Sync\PeriodicTimerCyclicTimer.cs(96,33): warning IDE0055: 淇鏍煎紡 (https://learn.microsoft.com/dotnet/fundamentals/code-analysis/style-rules/ide0055) [C:\UserWorx\VSWorx\ServoStudio\wpfui-servoStudio\samples\Wpf.Ui.servoStudio\servoStudio.csproj]
C:\UserWorx\VSWorx\ServoStudio\wpfui-servoStudio\samples\Wpf.Ui.servoStudio\Core\Sync\PeriodicTimerCyclicTimer.cs(96,35): warning IDE0055: 淇鏍煎紡 (https://learn.microsoft.com/dotnet/fundamentals/code-analysis/style-rules/ide0055) [C:\UserWorx\VSWorx\ServoStudio\wpfui-servoStudio\samples\Wpf.Ui.servoStudio\servoStudio.csproj]
C:\UserWorx\VSWorx\ServoStudio\wpfui-servoStudio\samples\Wpf.Ui.servoStudio\Core\Sync\PeriodicTimerCyclicTimer.cs(97,12): warning IDE0055: 淇鏍煎紡 (https://learn.microsoft.com/dotnet/fundamentals/code-analysis/style-rules/ide0055) [C:\UserWorx\VSWorx\ServoStudio\wpfui-servoStudio\samples\Wpf.Ui.servoStudio\servoStudio.csproj]
C:\UserWorx\VSWorx\ServoStudio\wpfui-servoStudio\samples\Wpf.Ui.servoStudio\Core\Sync\PeriodicTimerCyclicTimer.cs(97,14): warning IDE0055: 淇鏍煎紡 (https://learn.microsoft.com/dotnet/fundamentals/code-analysis/style-rules/ide0055) [C:\UserWorx\VSWorx\ServoStudio\wpfui-servoStudio\samples\Wpf.Ui.servoStudio\servoStudio.csproj]
C:\UserWorx\VSWorx\ServoStudio\wpfui-servoStudio\samples\Wpf.Ui.servoStudio\Core\Sync\PeriodicTimerCyclicTimer.cs(97,32): warning IDE0055: 淇鏍煎紡 (https://learn.microsoft.com/dotnet/fundamentals/code-analysis/style-rules/ide0055) [C:\UserWorx\VSWorx\ServoStudio\wpfui-servoStudio\samples\Wpf.Ui.servoStudio\servoStudio.csproj]
C:\UserWorx\VSWorx\ServoStudio\wpfui-servoStudio\samples\Wpf.Ui.servoStudio\Core\Sync\PeriodicTimerCyclicTimer.cs(97,34): warning IDE0055: 淇鏍煎紡 (https://learn.microsoft.com/dotnet/fundamentals/code-analysis/style-rules/ide0055) [C:\UserWorx\VSWorx\ServoStudio\wpfui-servoStudio\samples\Wpf.Ui.servoStudio\servoStudio.csproj]
C:\UserWorx\VSWorx\ServoStudio\wpfui-servoStudio\samples\Wpf.Ui.servoStudio\Core\Sync\PeriodicTimerCyclicTimer.cs(65,98): warning IDE2003: 鍧椾笌鍚庣画璇彞涔嬮棿闇€瑕佹湁绌虹櫧琛?(https://learn.microsoft.com/dotnet/fundamentals/code-analysis/style-rules/ide2003) [C:\UserWorx\VSWorx\ServoStudio\wpfui-servoStudio\samples\Wpf.Ui.servoStudio\servoStudio.csproj]
C:\UserWorx\VSWorx\ServoStudio\wpfui-servoStudio\samples\Wpf.Ui.servoStudio\Core\Sync\PeriodicTimerCyclicTimer.cs(95,54): warning IDE2003: 鍧椾笌鍚庣画璇彞涔嬮棿闇€瑕佹湁绌虹櫧琛?(https://learn.microsoft.com/dotnet/fundamentals/code-analysis/style-rules/ide2003) [C:\UserWorx\VSWorx\ServoStudio\wpfui-servoStudio\samples\Wpf.Ui.servoStudio\servoStudio.csproj]
C:\UserWorx\VSWorx\ServoStudio\wpfui-servoStudio\samples\Wpf.Ui.servoStudio\Core\Sync\PeriodicTimerCyclicTimer.cs(96,57): warning IDE2003: 鍧椾笌鍚庣画璇彞涔嬮棿闇€瑕佹湁绌虹櫧琛?(https://learn.microsoft.com/dotnet/fundamentals/code-analysis/style-rules/ide2003) [C:\UserWorx\VSWorx\ServoStudio\wpfui-servoStudio\samples\Wpf.Ui.servoStudio\servoStudio.csproj]
C:\UserWorx\VSWorx\ServoStudio\wpfui-servoStudio\samples\Wpf.Ui.servoStudio\Core\Sync\PeriodicTimerCyclicTimer.cs(97,56): warning IDE2003: 鍧椾笌鍚庣画璇彞涔嬮棿闇€瑕佹湁绌虹櫧琛?(https://learn.microsoft.com/dotnet/fundamentals/code-analysis/style-rules/ide2003) [C:\UserWorx\VSWorx\ServoStudio\wpfui-servoStudio\samples\Wpf.Ui.servoStudio\servoStudio.csproj]
C:\UserWorx\VSWorx\ServoStudio\wpfui-servoStudio\samples\Wpf.Ui.servoStudio\Core\Sync\SpinWaitCyclicTimer.cs(61,16): warning IDE0055: 淇鏍煎紡 (https://learn.microsoft.com/dotnet/fundamentals/code-analysis/style-rules/ide0055) [C:\UserWorx\VSWorx\ServoStudio\wpfui-servoStudio\samples\Wpf.Ui.servoStudio\servoStudio.csproj]
C:\UserWorx\VSWorx\ServoStudio\wpfui-servoStudio\samples\Wpf.Ui.servoStudio\Core\Sync\SpinWaitCyclicTimer.cs(61,18): warning IDE0055: 淇鏍煎紡 (https://learn.microsoft.com/dotnet/fundamentals/code-analysis/style-rules/ide0055) [C:\UserWorx\VSWorx\ServoStudio\wpfui-servoStudio\samples\Wpf.Ui.servoStudio\servoStudio.csproj]
C:\UserWorx\VSWorx\ServoStudio\wpfui-servoStudio\samples\Wpf.Ui.servoStudio\Core\Sync\SpinWaitCyclicTimer.cs(61,74): warning IDE0055: 淇鏍煎紡 (https://learn.microsoft.com/dotnet/fundamentals/code-analysis/style-rules/ide0055) [C:\UserWorx\VSWorx\ServoStudio\wpfui-servoStudio\samples\Wpf.Ui.servoStudio\servoStudio.csproj]
C:\UserWorx\VSWorx\ServoStudio\wpfui-servoStudio\samples\Wpf.Ui.servoStudio\Core\Sync\SpinWaitCyclicTimer.cs(61,76): warning IDE0055: 淇鏍煎紡 (https://learn.microsoft.com/dotnet/fundamentals/code-analysis/style-rules/ide0055) [C:\UserWorx\VSWorx\ServoStudio\wpfui-servoStudio\samples\Wpf.Ui.servoStudio\servoStudio.csproj]
C:\UserWorx\VSWorx\ServoStudio\wpfui-servoStudio\samples\Wpf.Ui.servoStudio\Core\Sync\SpinWaitCyclicTimer.cs(105,20): warning IDE0055: 淇鏍煎紡 (https://learn.microsoft.com/dotnet/fundamentals/code-analysis/style-rules/ide0055) [C:\UserWorx\VSWorx\ServoStudio\wpfui-servoStudio\samples\Wpf.Ui.servoStudio\servoStudio.csproj]
C:\UserWorx\VSWorx\ServoStudio\wpfui-servoStudio\samples\Wpf.Ui.servoStudio\Core\Sync\SpinWaitCyclicTimer.cs(105,22): warning IDE0055: 淇鏍煎紡 (https://learn.microsoft.com/dotnet/fundamentals/code-analysis/style-rules/ide0055) [C:\UserWorx\VSWorx\ServoStudio\wpfui-servoStudio\samples\Wpf.Ui.servoStudio\servoStudio.csproj]
C:\UserWorx\VSWorx\ServoStudio\wpfui-servoStudio\samples\Wpf.Ui.servoStudio\Core\Sync\SpinWaitCyclicTimer.cs(105,30): warning IDE0055: 淇鏍煎紡 (https://learn.microsoft.com/dotnet/fundamentals/code-analysis/style-rules/ide0055) [C:\UserWorx\VSWorx\ServoStudio\wpfui-servoStudio\samples\Wpf.Ui.servoStudio\servoStudio.csproj]
C:\UserWorx\VSWorx\ServoStudio\wpfui-servoStudio\samples\Wpf.Ui.servoStudio\Core\Sync\SpinWaitCyclicTimer.cs(128,12): warning IDE0055: 淇鏍煎紡 (https://learn.microsoft.com/dotnet/fundamentals/code-analysis/style-rules/ide0055) [C:\UserWorx\VSWorx\ServoStudio\wpfui-servoStudio\samples\Wpf.Ui.servoStudio\servoStudio.csproj]
C:\UserWorx\VSWorx\ServoStudio\wpfui-servoStudio\samples\Wpf.Ui.servoStudio\Core\Sync\SpinWaitCyclicTimer.cs(128,14): warning IDE0055: 淇鏍煎紡 (https://learn.microsoft.com/dotnet/fundamentals/code-analysis/style-rules/ide0055) [C:\UserWorx\VSWorx\ServoStudio\wpfui-servoStudio\samples\Wpf.Ui.servoStudio\servoStudio.csproj]
C:\UserWorx\VSWorx\ServoStudio\wpfui-servoStudio\samples\Wpf.Ui.servoStudio\Core\Sync\SpinWaitCyclicTimer.cs(128,30): warning IDE0055: 淇鏍煎紡 (https://learn.microsoft.com/dotnet/fundamentals/code-analysis/style-rules/ide0055) [C:\UserWorx\VSWorx\ServoStudio\wpfui-servoStudio\samples\Wpf.Ui.servoStudio\servoStudio.csproj]
C:\UserWorx\VSWorx\ServoStudio\wpfui-servoStudio\samples\Wpf.Ui.servoStudio\Core\Sync\SpinWaitCyclicTimer.cs(128,32): warning IDE0055: 淇鏍煎紡 (https://learn.microsoft.com/dotnet/fundamentals/code-analysis/style-rules/ide0055) [C:\UserWorx\VSWorx\ServoStudio\wpfui-servoStudio\samples\Wpf.Ui.servoStudio\servoStudio.csproj]
C:\UserWorx\VSWorx\ServoStudio\wpfui-servoStudio\samples\Wpf.Ui.servoStudio\Core\Sync\SpinWaitCyclicTimer.cs(129,12): warning IDE0055: 淇鏍煎紡 (https://learn.microsoft.com/dotnet/fundamentals/code-analysis/style-rules/ide0055) [C:\UserWorx\VSWorx\ServoStudio\wpfui-servoStudio\samples\Wpf.Ui.servoStudio\servoStudio.csproj]
C:\UserWorx\VSWorx\ServoStudio\wpfui-servoStudio\samples\Wpf.Ui.servoStudio\Core\Sync\SpinWaitCyclicTimer.cs(129,14): warning IDE0055: 淇鏍煎紡 (https://learn.microsoft.com/dotnet/fundamentals/code-analysis/style-rules/ide0055) [C:\UserWorx\VSWorx\ServoStudio\wpfui-servoStudio\samples\Wpf.Ui.servoStudio\servoStudio.csproj]
C:\UserWorx\VSWorx\ServoStudio\wpfui-servoStudio\samples\Wpf.Ui.servoStudio\Core\Sync\SpinWaitCyclicTimer.cs(129,34): warning IDE0055: 淇鏍煎紡 (https://learn.microsoft.com/dotnet/fundamentals/code-analysis/style-rules/ide0055) [C:\UserWorx\VSWorx\ServoStudio\wpfui-servoStudio\samples\Wpf.Ui.servoStudio\servoStudio.csproj]
C:\UserWorx\VSWorx\ServoStudio\wpfui-servoStudio\samples\Wpf.Ui.servoStudio\Core\Sync\SpinWaitCyclicTimer.cs(129,36): warning IDE0055: 淇鏍煎紡 (https://learn.microsoft.com/dotnet/fundamentals/code-analysis/style-rules/ide0055) [C:\UserWorx\VSWorx\ServoStudio\wpfui-servoStudio\samples\Wpf.Ui.servoStudio\servoStudio.csproj]
C:\UserWorx\VSWorx\ServoStudio\wpfui-servoStudio\samples\Wpf.Ui.servoStudio\Core\Sync\SpinWaitCyclicTimer.cs(61,98): warning IDE2003: 鍧椾笌鍚庣画璇彞涔嬮棿闇€瑕佹湁绌虹櫧琛?(https://learn.microsoft.com/dotnet/fundamentals/code-analysis/style-rules/ide2003) [C:\UserWorx\VSWorx\ServoStudio\wpfui-servoStudio\samples\Wpf.Ui.servoStudio\servoStudio.csproj]
C:\UserWorx\VSWorx\ServoStudio\wpfui-servoStudio\samples\Wpf.Ui.servoStudio\Core\Sync\SpinWaitCyclicTimer.cs(88,17): warning IDE2003: 鍧椾笌鍚庣画璇彞涔嬮棿闇€瑕佹湁绌虹櫧琛?(https://learn.microsoft.com/dotnet/fundamentals/code-analysis/style-rules/ide2003) [C:\UserWorx\VSWorx\ServoStudio\wpfui-servoStudio\samples\Wpf.Ui.servoStudio\servoStudio.csproj]
C:\UserWorx\VSWorx\ServoStudio\wpfui-servoStudio\samples\Wpf.Ui.servoStudio\Core\Sync\SpinWaitCyclicTimer.cs(128,54): warning IDE2003: 鍧椾笌鍚庣画璇彞涔嬮棿闇€瑕佹湁绌虹櫧琛?(https://learn.microsoft.com/dotnet/fundamentals/code-analysis/style-rules/ide2003) [C:\UserWorx\VSWorx\ServoStudio\wpfui-servoStudio\samples\Wpf.Ui.servoStudio\servoStudio.csproj]
C:\UserWorx\VSWorx\ServoStudio\wpfui-servoStudio\samples\Wpf.Ui.servoStudio\Core\Sync\SpinWaitCyclicTimer.cs(129,58): warning IDE2003: 鍧椾笌鍚庣画璇彞涔嬮棿闇€瑕佹湁绌虹櫧琛?(https://learn.microsoft.com/dotnet/fundamentals/code-analysis/style-rules/ide2003) [C:\UserWorx\VSWorx\ServoStudio\wpfui-servoStudio\samples\Wpf.Ui.servoStudio\servoStudio.csproj]
C:\UserWorx\VSWorx\ServoStudio\wpfui-servoStudio\samples\Wpf.Ui.servoStudio\Core\Sync\WinMmCyclicTimer.cs(112,16): warning IDE0055: 淇鏍煎紡 (https://learn.microsoft.com/dotnet/fundamentals/code-analysis/style-rules/ide0055) [C:\UserWorx\VSWorx\ServoStudio\wpfui-servoStudio\samples\Wpf.Ui.servoStudio\servoStudio.csproj]
C:\UserWorx\VSWorx\ServoStudio\wpfui-servoStudio\samples\Wpf.Ui.servoStudio\Core\Sync\WinMmCyclicTimer.cs(112,18): warning IDE0055: 淇鏍煎紡 (https://learn.microsoft.com/dotnet/fundamentals/code-analysis/style-rules/ide0055) [C:\UserWorx\VSWorx\ServoStudio\wpfui-servoStudio\samples\Wpf.Ui.servoStudio\servoStudio.csproj]
C:\UserWorx\VSWorx\ServoStudio\wpfui-servoStudio\samples\Wpf.Ui.servoStudio\Core\Sync\WinMmCyclicTimer.cs(112,24): warning IDE0055: 淇鏍煎紡 (https://learn.microsoft.com/dotnet/fundamentals/code-analysis/style-rules/ide0055) [C:\UserWorx\VSWorx\ServoStudio\wpfui-servoStudio\samples\Wpf.Ui.servoStudio\servoStudio.csproj]
C:\UserWorx\VSWorx\ServoStudio\wpfui-servoStudio\samples\Wpf.Ui.servoStudio\Core\Sync\WinMmCyclicTimer.cs(120,21): warning IDE0055: 淇鏍煎紡 (https://learn.microsoft.com/dotnet/fundamentals/code-analysis/style-rules/ide0055) [C:\UserWorx\VSWorx\ServoStudio\wpfui-servoStudio\samples\Wpf.Ui.servoStudio\servoStudio.csproj]
C:\UserWorx\VSWorx\ServoStudio\wpfui-servoStudio\samples\Wpf.Ui.servoStudio\Core\Sync\WinMmCyclicTimer.cs(120,23): warning IDE0055: 淇鏍煎紡 (https://learn.microsoft.com/dotnet/fundamentals/code-analysis/style-rules/ide0055) [C:\UserWorx\VSWorx\ServoStudio\wpfui-servoStudio\samples\Wpf.Ui.servoStudio\servoStudio.csproj]
C:\UserWorx\VSWorx\ServoStudio\wpfui-servoStudio\samples\Wpf.Ui.servoStudio\Core\Sync\WinMmCyclicTimer.cs(120,39): warning IDE0055: 淇鏍煎紡 (https://learn.microsoft.com/dotnet/fundamentals/code-analysis/style-rules/ide0055) [C:\UserWorx\VSWorx\ServoStudio\wpfui-servoStudio\samples\Wpf.Ui.servoStudio\servoStudio.csproj]
C:\UserWorx\VSWorx\ServoStudio\wpfui-servoStudio\samples\Wpf.Ui.servoStudio\Core\Sync\WinMmCyclicTimer.cs(127,16): warning IDE0055: 淇鏍煎紡 (https://learn.microsoft.com/dotnet/fundamentals/code-analysis/style-rules/ide0055) [C:\UserWorx\VSWorx\ServoStudio\wpfui-servoStudio\samples\Wpf.Ui.servoStudio\servoStudio.csproj]
C:\UserWorx\VSWorx\ServoStudio\wpfui-servoStudio\samples\Wpf.Ui.servoStudio\Core\Sync\WinMmCyclicTimer.cs(127,18): warning IDE0055: 淇鏍煎紡 (https://learn.microsoft.com/dotnet/fundamentals/code-analysis/style-rules/ide0055) [C:\UserWorx\VSWorx\ServoStudio\wpfui-servoStudio\samples\Wpf.Ui.servoStudio\servoStudio.csproj]
C:\UserWorx\VSWorx\ServoStudio\wpfui-servoStudio\samples\Wpf.Ui.servoStudio\Core\Sync\WinMmCyclicTimer.cs(127,47): warning IDE0055: 淇鏍煎紡 (https://learn.microsoft.com/dotnet/fundamentals/code-analysis/style-rules/ide0055) [C:\UserWorx\VSWorx\ServoStudio\wpfui-servoStudio\samples\Wpf.Ui.servoStudio\servoStudio.csproj]
C:\UserWorx\VSWorx\ServoStudio\wpfui-servoStudio\samples\Wpf.Ui.servoStudio\Core\Sync\WinMmCyclicTimer.cs(127,49): warning IDE0055: 淇鏍煎紡 (https://learn.microsoft.com/dotnet/fundamentals/code-analysis/style-rules/ide0055) [C:\UserWorx\VSWorx\ServoStudio\wpfui-servoStudio\samples\Wpf.Ui.servoStudio\servoStudio.csproj]
C:\UserWorx\VSWorx\ServoStudio\wpfui-servoStudio\samples\Wpf.Ui.servoStudio\Core\Sync\WinMmCyclicTimer.cs(129,16): warning IDE0055: 淇鏍煎紡 (https://learn.microsoft.com/dotnet/fundamentals/code-analysis/style-rules/ide0055) [C:\UserWorx\VSWorx\ServoStudio\wpfui-servoStudio\samples\Wpf.Ui.servoStudio\servoStudio.csproj]
C:\UserWorx\VSWorx\ServoStudio\wpfui-servoStudio\samples\Wpf.Ui.servoStudio\Core\Sync\WinMmCyclicTimer.cs(129,18): warning IDE0055: 淇鏍煎紡 (https://learn.microsoft.com/dotnet/fundamentals/code-analysis/style-rules/ide0055) [C:\UserWorx\VSWorx\ServoStudio\wpfui-servoStudio\samples\Wpf.Ui.servoStudio\servoStudio.csproj]
C:\UserWorx\VSWorx\ServoStudio\wpfui-servoStudio\samples\Wpf.Ui.servoStudio\Core\Sync\WinMmCyclicTimer.cs(129,40): warning IDE0055: 淇鏍煎紡 (https://learn.microsoft.com/dotnet/fundamentals/code-analysis/style-rules/ide0055) [C:\UserWorx\VSWorx\ServoStudio\wpfui-servoStudio\samples\Wpf.Ui.servoStudio\servoStudio.csproj]
C:\UserWorx\VSWorx\ServoStudio\wpfui-servoStudio\samples\Wpf.Ui.servoStudio\Core\Sync\WinMmCyclicTimer.cs(129,42): warning IDE0055: 淇鏍煎紡 (https://learn.microsoft.com/dotnet/fundamentals/code-analysis/style-rules/ide0055) [C:\UserWorx\VSWorx\ServoStudio\wpfui-servoStudio\samples\Wpf.Ui.servoStudio\servoStudio.csproj]
C:\UserWorx\VSWorx\ServoStudio\wpfui-servoStudio\samples\Wpf.Ui.servoStudio\Core\Sync\WinMmCyclicTimer.cs(91,13): warning IDE2003: 鍧椾笌鍚庣画璇彞涔嬮棿闇€瑕佹湁绌虹櫧琛?(https://learn.microsoft.com/dotnet/fundamentals/code-analysis/style-rules/ide2003) [C:\UserWorx\VSWorx\ServoStudio\wpfui-servoStudio\samples\Wpf.Ui.servoStudio\servoStudio.csproj]
C:\UserWorx\VSWorx\ServoStudio\wpfui-servoStudio\samples\Wpf.Ui.servoStudio\Core\Sync\WinMmCyclicTimer.cs(114,9): warning IDE2003: 鍧椾笌鍚庣画璇彞涔嬮棿闇€瑕佹湁绌虹櫧琛?(https://learn.microsoft.com/dotnet/fundamentals/code-analysis/style-rules/ide2003) [C:\UserWorx\VSWorx\ServoStudio\wpfui-servoStudio\samples\Wpf.Ui.servoStudio\servoStudio.csproj]
C:\UserWorx\VSWorx\ServoStudio\wpfui-servoStudio\samples\Wpf.Ui.servoStudio\Core\Sync\WinMmCyclicTimer.cs(130,9): warning IDE2003: 鍧椾笌鍚庣画璇彞涔嬮棿闇€瑕佹湁绌虹櫧琛?(https://learn.microsoft.com/dotnet/fundamentals/code-analysis/style-rules/ide2003) [C:\UserWorx\VSWorx\ServoStudio\wpfui-servoStudio\samples\Wpf.Ui.servoStudio\servoStudio.csproj]
C:\UserWorx\VSWorx\ServoStudio\wpfui-servoStudio\samples\Wpf.Ui.servoStudio\Core\Sync\WinMmCyclicTimer.cs(127,71): warning IDE2003: 鍧椾笌鍚庣画璇彞涔嬮棿闇€瑕佹湁绌虹櫧琛?(https://learn.microsoft.com/dotnet/fundamentals/code-analysis/style-rules/ide2003) [C:\UserWorx\VSWorx\ServoStudio\wpfui-servoStudio\samples\Wpf.Ui.servoStudio\servoStudio.csproj]
C:\UserWorx\VSWorx\ServoStudio\wpfui-servoStudio\samples\Wpf.Ui.servoStudio\Core\Usb\CdcAcmUsbBus.cs(62,16): warning IDE0055: 淇鏍煎紡 (https://learn.microsoft.com/dotnet/fundamentals/code-analysis/style-rules/ide0055) [C:\UserWorx\VSWorx\ServoStudio\wpfui-servoStudio\samples\Wpf.Ui.servoStudio\servoStudio.csproj]
C:\UserWorx\VSWorx\ServoStudio\wpfui-servoStudio\samples\Wpf.Ui.servoStudio\Core\Usb\CdcAcmUsbBus.cs(62,18): warning IDE0055: 淇鏍煎紡 (https://learn.microsoft.com/dotnet/fundamentals/code-analysis/style-rules/ide0055) [C:\UserWorx\VSWorx\ServoStudio\wpfui-servoStudio\samples\Wpf.Ui.servoStudio\servoStudio.csproj]
C:\UserWorx\VSWorx\ServoStudio\wpfui-servoStudio\samples\Wpf.Ui.servoStudio\Core\Usb\CdcAcmUsbBus.cs(62,36): warning IDE0055: 淇鏍煎紡 (https://learn.microsoft.com/dotnet/fundamentals/code-analysis/style-rules/ide0055) [C:\UserWorx\VSWorx\ServoStudio\wpfui-servoStudio\samples\Wpf.Ui.servoStudio\servoStudio.csproj]
C:\UserWorx\VSWorx\ServoStudio\wpfui-servoStudio\samples\Wpf.Ui.servoStudio\Core\Usb\CdcAcmUsbBus.cs(62,38): warning IDE0055: 淇鏍煎紡 (https://learn.microsoft.com/dotnet/fundamentals/code-analysis/style-rules/ide0055) [C:\UserWorx\VSWorx\ServoStudio\wpfui-servoStudio\samples\Wpf.Ui.servoStudio\servoStudio.csproj]
C:\UserWorx\VSWorx\ServoStudio\wpfui-servoStudio\samples\Wpf.Ui.servoStudio\Core\Usb\CdcAcmUsbBus.cs(70,12): warning IDE0055: 淇鏍煎紡 (https://learn.microsoft.com/dotnet/fundamentals/code-analysis/style-rules/ide0055) [C:\UserWorx\VSWorx\ServoStudio\wpfui-servoStudio\samples\Wpf.Ui.servoStudio\servoStudio.csproj]
C:\UserWorx\VSWorx\ServoStudio\wpfui-servoStudio\samples\Wpf.Ui.servoStudio\Core\Usb\CdcAcmUsbBus.cs(70,14): warning IDE0055: 淇鏍煎紡 (https://learn.microsoft.com/dotnet/fundamentals/code-analysis/style-rules/ide0055) [C:\UserWorx\VSWorx\ServoStudio\wpfui-servoStudio\samples\Wpf.Ui.servoStudio\servoStudio.csproj]
C:\UserWorx\VSWorx\ServoStudio\wpfui-servoStudio\samples\Wpf.Ui.servoStudio\Core\Usb\CdcAcmUsbBus.cs(70,30): warning IDE0055: 淇鏍煎紡 (https://learn.microsoft.com/dotnet/fundamentals/code-analysis/style-rules/ide0055) [C:\UserWorx\VSWorx\ServoStudio\wpfui-servoStudio\samples\Wpf.Ui.servoStudio\servoStudio.csproj]
C:\UserWorx\VSWorx\ServoStudio\wpfui-servoStudio\samples\Wpf.Ui.servoStudio\Core\Usb\CdcAcmUsbBus.cs(70,32): warning IDE0055: 淇鏍煎紡 (https://learn.microsoft.com/dotnet/fundamentals/code-analysis/style-rules/ide0055) [C:\UserWorx\VSWorx\ServoStudio\wpfui-servoStudio\samples\Wpf.Ui.servoStudio\servoStudio.csproj]
C:\UserWorx\VSWorx\ServoStudio\wpfui-servoStudio\samples\Wpf.Ui.servoStudio\Core\Usb\CdcAcmUsbBus.cs(71,12): warning IDE0055: 淇鏍煎紡 (https://learn.microsoft.com/dotnet/fundamentals/code-analysis/style-rules/ide0055) [C:\UserWorx\VSWorx\ServoStudio\wpfui-servoStudio\samples\Wpf.Ui.servoStudio\servoStudio.csproj]
C:\UserWorx\VSWorx\ServoStudio\wpfui-servoStudio\samples\Wpf.Ui.servoStudio\Core\Usb\CdcAcmUsbBus.cs(71,14): warning IDE0055: 淇鏍煎紡 (https://learn.microsoft.com/dotnet/fundamentals/code-analysis/style-rules/ide0055) [C:\UserWorx\VSWorx\ServoStudio\wpfui-servoStudio\samples\Wpf.Ui.servoStudio\servoStudio.csproj]
C:\UserWorx\VSWorx\ServoStudio\wpfui-servoStudio\samples\Wpf.Ui.servoStudio\Core\Usb\CdcAcmUsbBus.cs(71,32): warning IDE0055: 淇鏍煎紡 (https://learn.microsoft.com/dotnet/fundamentals/code-analysis/style-rules/ide0055) [C:\UserWorx\VSWorx\ServoStudio\wpfui-servoStudio\samples\Wpf.Ui.servoStudio\servoStudio.csproj]
C:\UserWorx\VSWorx\ServoStudio\wpfui-servoStudio\samples\Wpf.Ui.servoStudio\Core\Usb\CdcAcmUsbBus.cs(71,34): warning IDE0055: 淇鏍煎紡 (https://learn.microsoft.com/dotnet/fundamentals/code-analysis/style-rules/ide0055) [C:\UserWorx\VSWorx\ServoStudio\wpfui-servoStudio\samples\Wpf.Ui.servoStudio\servoStudio.csproj]
C:\UserWorx\VSWorx\ServoStudio\wpfui-servoStudio\samples\Wpf.Ui.servoStudio\Core\Usb\CdcAcmUsbBus.cs(73,38): warning IDE0055: 淇鏍煎紡 (https://learn.microsoft.com/dotnet/fundamentals/code-analysis/style-rules/ide0055) [C:\UserWorx\VSWorx\ServoStudio\wpfui-servoStudio\samples\Wpf.Ui.servoStudio\servoStudio.csproj]
C:\UserWorx\VSWorx\ServoStudio\wpfui-servoStudio\samples\Wpf.Ui.servoStudio\Core\Usb\CdcAcmUsbBus.cs(73,40): warning IDE0055: 淇鏍煎紡 (https://learn.microsoft.com/dotnet/fundamentals/code-analysis/style-rules/ide0055) [C:\UserWorx\VSWorx\ServoStudio\wpfui-servoStudio\samples\Wpf.Ui.servoStudio\servoStudio.csproj]
C:\UserWorx\VSWorx\ServoStudio\wpfui-servoStudio\samples\Wpf.Ui.servoStudio\Core\Usb\CdcAcmUsbBus.cs(62,60): warning IDE2003: 鍧椾笌鍚庣画璇彞涔嬮棿闇€瑕佹湁绌虹櫧琛?(https://learn.microsoft.com/dotnet/fundamentals/code-analysis/style-rules/ide2003) [C:\UserWorx\VSWorx\ServoStudio\wpfui-servoStudio\samples\Wpf.Ui.servoStudio\servoStudio.csproj]
C:\UserWorx\VSWorx\ServoStudio\wpfui-servoStudio\samples\Wpf.Ui.servoStudio\Core\Usb\CdcAcmUsbBus.cs(70,54): warning IDE2003: 鍧椾笌鍚庣画璇彞涔嬮棿闇€瑕佹湁绌虹櫧琛?(https://learn.microsoft.com/dotnet/fundamentals/code-analysis/style-rules/ide2003) [C:\UserWorx\VSWorx\ServoStudio\wpfui-servoStudio\samples\Wpf.Ui.servoStudio\servoStudio.csproj]
C:\UserWorx\VSWorx\ServoStudio\wpfui-servoStudio\samples\Wpf.Ui.servoStudio\Core\Usb\CdcAcmUsbBus.cs(71,56): warning IDE2003: 鍧椾笌鍚庣画璇彞涔嬮棿闇€瑕佹湁绌虹櫧琛?(https://learn.microsoft.com/dotnet/fundamentals/code-analysis/style-rules/ide2003) [C:\UserWorx\VSWorx\ServoStudio\wpfui-servoStudio\samples\Wpf.Ui.servoStudio\servoStudio.csproj]
C:\UserWorx\VSWorx\ServoStudio\wpfui-servoStudio\samples\Wpf.Ui.servoStudio\Core\Usb\CdcAcmUsbBus.cs(90,13): warning IDE2003: 鍧椾笌鍚庣画璇彞涔嬮棿闇€瑕佹湁绌虹櫧琛?(https://learn.microsoft.com/dotnet/fundamentals/code-analysis/style-rules/ide2003) [C:\UserWorx\VSWorx\ServoStudio\wpfui-servoStudio\samples\Wpf.Ui.servoStudio\servoStudio.csproj]
C:\UserWorx\VSWorx\ServoStudio\wpfui-servoStudio\samples\Wpf.Ui.servoStudio\Core\Usb\IUsbBus.cs(23,16): warning IDE0055: 淇鏍煎紡 (https://learn.microsoft.com/dotnet/fundamentals/code-analysis/style-rules/ide0055) [C:\UserWorx\VSWorx\ServoStudio\wpfui-servoStudio\samples\Wpf.Ui.servoStudio\servoStudio.csproj]
C:\UserWorx\VSWorx\ServoStudio\wpfui-servoStudio\samples\Wpf.Ui.servoStudio\Core\Usb\IUsbBus.cs(23,18): warning IDE0055: 淇鏍煎紡 (https://learn.microsoft.com/dotnet/fundamentals/code-analysis/style-rules/ide0055) [C:\UserWorx\VSWorx\ServoStudio\wpfui-servoStudio\samples\Wpf.Ui.servoStudio\servoStudio.csproj]
C:\UserWorx\VSWorx\ServoStudio\wpfui-servoStudio\samples\Wpf.Ui.servoStudio\Core\Usb\IUsbBus.cs(23,23): warning IDE0055: 淇鏍煎紡 (https://learn.microsoft.com/dotnet/fundamentals/code-analysis/style-rules/ide0055) [C:\UserWorx\VSWorx\ServoStudio\wpfui-servoStudio\samples\Wpf.Ui.servoStudio\servoStudio.csproj]
C:\UserWorx\VSWorx\ServoStudio\wpfui-servoStudio\samples\Wpf.Ui.servoStudio\Core\Usb\MscUsbBus.cs(46,23): warning IDE0055: 淇鏍煎紡 (https://learn.microsoft.com/dotnet/fundamentals/code-analysis/style-rules/ide0055) [C:\UserWorx\VSWorx\ServoStudio\wpfui-servoStudio\samples\Wpf.Ui.servoStudio\servoStudio.csproj]
C:\UserWorx\VSWorx\ServoStudio\wpfui-servoStudio\samples\Wpf.Ui.servoStudio\Core\Usb\MscUsbBus.cs(46,25): warning IDE0055: 淇鏍煎紡 (https://learn.microsoft.com/dotnet/fundamentals/code-analysis/style-rules/ide0055) [C:\UserWorx\VSWorx\ServoStudio\wpfui-servoStudio\samples\Wpf.Ui.servoStudio\servoStudio.csproj]
C:\UserWorx\VSWorx\ServoStudio\wpfui-servoStudio\samples\Wpf.Ui.servoStudio\Core\Usb\MscUsbBus.cs(46,43): warning IDE0055: 淇鏍煎紡 (https://learn.microsoft.com/dotnet/fundamentals/code-analysis/style-rules/ide0055) [C:\UserWorx\VSWorx\ServoStudio\wpfui-servoStudio\samples\Wpf.Ui.servoStudio\servoStudio.csproj]
C:\UserWorx\VSWorx\ServoStudio\wpfui-servoStudio\samples\Wpf.Ui.servoStudio\Core\Usb\MscUsbBus.cs(92,16): warning IDE0055: 淇鏍煎紡 (https://learn.microsoft.com/dotnet/fundamentals/code-analysis/style-rules/ide0055) [C:\UserWorx\VSWorx\ServoStudio\wpfui-servoStudio\samples\Wpf.Ui.servoStudio\servoStudio.csproj]
C:\UserWorx\VSWorx\ServoStudio\wpfui-servoStudio\samples\Wpf.Ui.servoStudio\Core\Usb\MscUsbBus.cs(92,18): warning IDE0055: 淇鏍煎紡 (https://learn.microsoft.com/dotnet/fundamentals/code-analysis/style-rules/ide0055) [C:\UserWorx\VSWorx\ServoStudio\wpfui-servoStudio\samples\Wpf.Ui.servoStudio\servoStudio.csproj]
C:\UserWorx\VSWorx\ServoStudio\wpfui-servoStudio\samples\Wpf.Ui.servoStudio\Core\Usb\MscUsbBus.cs(92,56): warning IDE0055: 淇鏍煎紡 (https://learn.microsoft.com/dotnet/fundamentals/code-analysis/style-rules/ide0055) [C:\UserWorx\VSWorx\ServoStudio\wpfui-servoStudio\samples\Wpf.Ui.servoStudio\servoStudio.csproj]
C:\UserWorx\VSWorx\ServoStudio\wpfui-servoStudio\samples\Wpf.Ui.servoStudio\Core\Usb\MscUsbBus.cs(92,58): warning IDE0055: 淇鏍煎紡 (https://learn.microsoft.com/dotnet/fundamentals/code-analysis/style-rules/ide0055) [C:\UserWorx\VSWorx\ServoStudio\wpfui-servoStudio\samples\Wpf.Ui.servoStudio\servoStudio.csproj]
C:\UserWorx\VSWorx\ServoStudio\wpfui-servoStudio\samples\Wpf.Ui.servoStudio\Core\Usb\MscUsbBus.cs(93,16): warning IDE0055: 淇鏍煎紡 (https://learn.microsoft.com/dotnet/fundamentals/code-analysis/style-rules/ide0055) [C:\UserWorx\VSWorx\ServoStudio\wpfui-servoStudio\samples\Wpf.Ui.servoStudio\servoStudio.csproj]
C:\UserWorx\VSWorx\ServoStudio\wpfui-servoStudio\samples\Wpf.Ui.servoStudio\Core\Usb\MscUsbBus.cs(93,18): warning IDE0055: 淇鏍煎紡 (https://learn.microsoft.com/dotnet/fundamentals/code-analysis/style-rules/ide0055) [C:\UserWorx\VSWorx\ServoStudio\wpfui-servoStudio\samples\Wpf.Ui.servoStudio\servoStudio.csproj]
C:\UserWorx\VSWorx\ServoStudio\wpfui-servoStudio\samples\Wpf.Ui.servoStudio\Core\Usb\MscUsbBus.cs(93,54): warning IDE0055: 淇鏍煎紡 (https://learn.microsoft.com/dotnet/fundamentals/code-analysis/style-rules/ide0055) [C:\UserWorx\VSWorx\ServoStudio\wpfui-servoStudio\samples\Wpf.Ui.servoStudio\servoStudio.csproj]
C:\UserWorx\VSWorx\ServoStudio\wpfui-servoStudio\samples\Wpf.Ui.servoStudio\Core\Usb\MscUsbBus.cs(93,56): warning IDE0055: 淇鏍煎紡 (https://learn.microsoft.com/dotnet/fundamentals/code-analysis/style-rules/ide0055) [C:\UserWorx\VSWorx\ServoStudio\wpfui-servoStudio\samples\Wpf.Ui.servoStudio\servoStudio.csproj]
C:\UserWorx\VSWorx\ServoStudio\wpfui-servoStudio\samples\Wpf.Ui.servoStudio\Core\Usb\MscUsbBus.cs(94,16): warning IDE0055: 淇鏍煎紡 (https://learn.microsoft.com/dotnet/fundamentals/code-analysis/style-rules/ide0055) [C:\UserWorx\VSWorx\ServoStudio\wpfui-servoStudio\samples\Wpf.Ui.servoStudio\servoStudio.csproj]
C:\UserWorx\VSWorx\ServoStudio\wpfui-servoStudio\samples\Wpf.Ui.servoStudio\Core\Usb\MscUsbBus.cs(94,18): warning IDE0055: 淇鏍煎紡 (https://learn.microsoft.com/dotnet/fundamentals/code-analysis/style-rules/ide0055) [C:\UserWorx\VSWorx\ServoStudio\wpfui-servoStudio\samples\Wpf.Ui.servoStudio\servoStudio.csproj]
C:\UserWorx\VSWorx\ServoStudio\wpfui-servoStudio\samples\Wpf.Ui.servoStudio\Core\Usb\MscUsbBus.cs(94,38): warning IDE0055: 淇鏍煎紡 (https://learn.microsoft.com/dotnet/fundamentals/code-analysis/style-rules/ide0055) [C:\UserWorx\VSWorx\ServoStudio\wpfui-servoStudio\samples\Wpf.Ui.servoStudio\servoStudio.csproj]
C:\UserWorx\VSWorx\ServoStudio\wpfui-servoStudio\samples\Wpf.Ui.servoStudio\Core\Usb\MscUsbBus.cs(94,40): warning IDE0055: 淇鏍煎紡 (https://learn.microsoft.com/dotnet/fundamentals/code-analysis/style-rules/ide0055) [C:\UserWorx\VSWorx\ServoStudio\wpfui-servoStudio\samples\Wpf.Ui.servoStudio\servoStudio.csproj]
C:\UserWorx\VSWorx\ServoStudio\wpfui-servoStudio\samples\Wpf.Ui.servoStudio\Core\Usb\MscUsbBus.cs(205,20): warning IDE0055: 淇鏍煎紡 (https://learn.microsoft.com/dotnet/fundamentals/code-analysis/style-rules/ide0055) [C:\UserWorx\VSWorx\ServoStudio\wpfui-servoStudio\samples\Wpf.Ui.servoStudio\servoStudio.csproj]
C:\UserWorx\VSWorx\ServoStudio\wpfui-servoStudio\samples\Wpf.Ui.servoStudio\Core\Usb\MscUsbBus.cs(205,22): warning IDE0055: 淇鏍煎紡 (https://learn.microsoft.com/dotnet/fundamentals/code-analysis/style-rules/ide0055) [C:\UserWorx\VSWorx\ServoStudio\wpfui-servoStudio\samples\Wpf.Ui.servoStudio\servoStudio.csproj]
C:\UserWorx\VSWorx\ServoStudio\wpfui-servoStudio\samples\Wpf.Ui.servoStudio\Core\Usb\MscUsbBus.cs(205,41): warning IDE0055: 淇鏍煎紡 (https://learn.microsoft.com/dotnet/fundamentals/code-analysis/style-rules/ide0055) [C:\UserWorx\VSWorx\ServoStudio\wpfui-servoStudio\samples\Wpf.Ui.servoStudio\servoStudio.csproj]
C:\UserWorx\VSWorx\ServoStudio\wpfui-servoStudio\samples\Wpf.Ui.servoStudio\Core\Usb\MscUsbBus.cs(205,43): warning IDE0055: 淇鏍煎紡 (https://learn.microsoft.com/dotnet/fundamentals/code-analysis/style-rules/ide0055) [C:\UserWorx\VSWorx\ServoStudio\wpfui-servoStudio\samples\Wpf.Ui.servoStudio\servoStudio.csproj]
C:\UserWorx\VSWorx\ServoStudio\wpfui-servoStudio\samples\Wpf.Ui.servoStudio\Core\Usb\MscUsbBus.cs(92,80): warning IDE2003: 鍧椾笌鍚庣画璇彞涔嬮棿闇€瑕佹湁绌虹櫧琛?(https://learn.microsoft.com/dotnet/fundamentals/code-analysis/style-rules/ide2003) [C:\UserWorx\VSWorx\ServoStudio\wpfui-servoStudio\samples\Wpf.Ui.servoStudio\servoStudio.csproj]
C:\UserWorx\VSWorx\ServoStudio\wpfui-servoStudio\samples\Wpf.Ui.servoStudio\Core\Usb\MscUsbBus.cs(93,78): warning IDE2003: 鍧椾笌鍚庣画璇彞涔嬮棿闇€瑕佹湁绌虹櫧琛?(https://learn.microsoft.com/dotnet/fundamentals/code-analysis/style-rules/ide2003) [C:\UserWorx\VSWorx\ServoStudio\wpfui-servoStudio\samples\Wpf.Ui.servoStudio\servoStudio.csproj]
C:\UserWorx\VSWorx\ServoStudio\wpfui-servoStudio\samples\Wpf.Ui.servoStudio\Core\Usb\MscUsbBus.cs(94,62): warning IDE2003: 鍧椾笌鍚庣画璇彞涔嬮棿闇€瑕佹湁绌虹櫧琛?(https://learn.microsoft.com/dotnet/fundamentals/code-analysis/style-rules/ide2003) [C:\UserWorx\VSWorx\ServoStudio\wpfui-servoStudio\samples\Wpf.Ui.servoStudio\servoStudio.csproj]
C:\UserWorx\VSWorx\ServoStudio\wpfui-servoStudio\samples\Wpf.Ui.servoStudio\Core\Usb\MscUsbBus.cs(205,65): warning IDE2003: 鍧椾笌鍚庣画璇彞涔嬮棿闇€瑕佹湁绌虹櫧琛?(https://learn.microsoft.com/dotnet/fundamentals/code-analysis/style-rules/ide2003) [C:\UserWorx\VSWorx\ServoStudio\wpfui-servoStudio\samples\Wpf.Ui.servoStudio\servoStudio.csproj]
C:\UserWorx\VSWorx\ServoStudio\wpfui-servoStudio\samples\Wpf.Ui.servoStudio\Core\Usb\UsbBulkBus.cs(102,16): warning IDE0055: 淇鏍煎紡 (https://learn.microsoft.com/dotnet/fundamentals/code-analysis/style-rules/ide0055) [C:\UserWorx\VSWorx\ServoStudio\wpfui-servoStudio\samples\Wpf.Ui.servoStudio\servoStudio.csproj]
C:\UserWorx\VSWorx\ServoStudio\wpfui-servoStudio\samples\Wpf.Ui.servoStudio\Core\Usb\UsbBulkBus.cs(102,18): warning IDE0055: 淇鏍煎紡 (https://learn.microsoft.com/dotnet/fundamentals/code-analysis/style-rules/ide0055) [C:\UserWorx\VSWorx\ServoStudio\wpfui-servoStudio\samples\Wpf.Ui.servoStudio\servoStudio.csproj]
C:\UserWorx\VSWorx\ServoStudio\wpfui-servoStudio\samples\Wpf.Ui.servoStudio\Core\Usb\UsbBulkBus.cs(102,60): warning IDE0055: 淇鏍煎紡 (https://learn.microsoft.com/dotnet/fundamentals/code-analysis/style-rules/ide0055) [C:\UserWorx\VSWorx\ServoStudio\wpfui-servoStudio\samples\Wpf.Ui.servoStudio\servoStudio.csproj]
C:\UserWorx\VSWorx\ServoStudio\wpfui-servoStudio\samples\Wpf.Ui.servoStudio\Core\Usb\UsbBulkBus.cs(102,62): warning IDE0055: 淇鏍煎紡 (https://learn.microsoft.com/dotnet/fundamentals/code-analysis/style-rules/ide0055) [C:\UserWorx\VSWorx\ServoStudio\wpfui-servoStudio\samples\Wpf.Ui.servoStudio\servoStudio.csproj]
C:\UserWorx\VSWorx\ServoStudio\wpfui-servoStudio\samples\Wpf.Ui.servoStudio\Core\Usb\UsbBulkBus.cs(108,16): warning IDE0055: 淇鏍煎紡 (https://learn.microsoft.com/dotnet/fundamentals/code-analysis/style-rules/ide0055) [C:\UserWorx\VSWorx\ServoStudio\wpfui-servoStudio\samples\Wpf.Ui.servoStudio\servoStudio.csproj]
C:\UserWorx\VSWorx\ServoStudio\wpfui-servoStudio\samples\Wpf.Ui.servoStudio\Core\Usb\UsbBulkBus.cs(108,18): warning IDE0055: 淇鏍煎紡 (https://learn.microsoft.com/dotnet/fundamentals/code-analysis/style-rules/ide0055) [C:\UserWorx\VSWorx\ServoStudio\wpfui-servoStudio\samples\Wpf.Ui.servoStudio\servoStudio.csproj]
C:\UserWorx\VSWorx\ServoStudio\wpfui-servoStudio\samples\Wpf.Ui.servoStudio\Core\Usb\UsbBulkBus.cs(108,43): warning IDE0055: 淇鏍煎紡 (https://learn.microsoft.com/dotnet/fundamentals/code-analysis/style-rules/ide0055) [C:\UserWorx\VSWorx\ServoStudio\wpfui-servoStudio\samples\Wpf.Ui.servoStudio\servoStudio.csproj]
C:\UserWorx\VSWorx\ServoStudio\wpfui-servoStudio\samples\Wpf.Ui.servoStudio\Core\Usb\UsbBulkBus.cs(108,45): warning IDE0055: 淇鏍煎紡 (https://learn.microsoft.com/dotnet/fundamentals/code-analysis/style-rules/ide0055) [C:\UserWorx\VSWorx\ServoStudio\wpfui-servoStudio\samples\Wpf.Ui.servoStudio\servoStudio.csproj]
C:\UserWorx\VSWorx\ServoStudio\wpfui-servoStudio\samples\Wpf.Ui.servoStudio\Core\Usb\UsbBulkBus.cs(102,84): warning IDE2003: 鍧椾笌鍚庣画璇彞涔嬮棿闇€瑕佹湁绌虹櫧琛?(https://learn.microsoft.com/dotnet/fundamentals/code-analysis/style-rules/ide2003) [C:\UserWorx\VSWorx\ServoStudio\wpfui-servoStudio\samples\Wpf.Ui.servoStudio\servoStudio.csproj]
C:\UserWorx\VSWorx\ServoStudio\wpfui-servoStudio\samples\Wpf.Ui.servoStudio\Core\Usb\UsbBulkBus.cs(108,67): warning IDE2003: 鍧椾笌鍚庣画璇彞涔嬮棿闇€瑕佹湁绌虹櫧琛?(https://learn.microsoft.com/dotnet/fundamentals/code-analysis/style-rules/ide2003) [C:\UserWorx\VSWorx\ServoStudio\wpfui-servoStudio\samples\Wpf.Ui.servoStudio\servoStudio.csproj]
C:\UserWorx\VSWorx\ServoStudio\wpfui-servoStudio\samples\Wpf.Ui.servoStudio\Services\UsbDeviceWatcher.cs(28,21): warning CA1060: 灏?pinvoke 绉诲埌鏈満鏂规硶绫?(https://learn.microsoft.com/dotnet/fundamentals/code-analysis/quality-rules/ca1060) [C:\UserWorx\VSWorx\ServoStudio\wpfui-servoStudio\samples\Wpf.Ui.servoStudio\servoStudio.csproj]
C:\UserWorx\VSWorx\ServoStudio\wpfui-servoStudio\samples\Wpf.Ui.servoStudio\ViewModels\AppData\AppLogViewModel.cs(15,22): warning CA1063: 浠庘€淎ppLogViewModel鈥濆疄鐜扮殑鎺ュ彛鍒楄〃涓垹闄?IDisposable锛屽洜涓哄畠宸茬敱鍩虹被鍨嬧€淰iewModel鈥濆疄鐜?(https://learn.microsoft.com/dotnet/fundamentals/code-analysis/quality-rules/ca1063) [C:\UserWorx\VSWorx\ServoStudio\wpfui-servoStudio\samples\Wpf.Ui.servoStudio\servoStudio.csproj]
C:\UserWorx\VSWorx\ServoStudio\wpfui-servoStudio\samples\Wpf.Ui.servoStudio\ViewModels\AppData\AppLogViewModel.cs(15,22): warning CA1063: 瀵?AppLogViewModel 鎻愪緵 Dispose(bool) 鐨勫彲閲嶅啓瀹炵幇鎴栧皢璇ョ被鍨嬫爣璁颁负鈥滃凡瀵嗗皝鈥濄€傚 Dispose(false) 鐨勮皟鐢ㄥ簲浠呮竻鐞嗘湰鏈鸿祫婧愩€傚 Dispose(true) 鐨勮皟鐢ㄥ簲鍚屾椂娓呯悊鎵樼璧勬簮鍜屾湰鏈鸿祫婧愩€?(https://learn.microsoft.com/dotnet/fundamentals/code-analysis/quality-rules/ca1063) [C:\UserWorx\VSWorx\ServoStudio\wpfui-servoStudio\samples\Wpf.Ui.servoStudio\servoStudio.csproj]
C:\UserWorx\VSWorx\ServoStudio\wpfui-servoStudio\samples\Wpf.Ui.servoStudio\ViewModels\AppData\DataSaveViewModel.cs(21,29): warning CA1063: 浠庘€淒ataSaveViewModel鈥濆疄鐜扮殑鎺ュ彛鍒楄〃涓垹闄?IDisposable锛屽洜涓哄畠宸茬敱鍩虹被鍨嬧€淰iewModel鈥濆疄鐜?(https://learn.microsoft.com/dotnet/fundamentals/code-analysis/quality-rules/ca1063) [C:\UserWorx\VSWorx\ServoStudio\wpfui-servoStudio\samples\Wpf.Ui.servoStudio\servoStudio.csproj]
C:\UserWorx\VSWorx\ServoStudio\wpfui-servoStudio\samples\Wpf.Ui.servoStudio\Core\Usb\UsbDeviceDescriptor.cs(17,27): warning IDE0055: 淇鏍煎紡 (https://learn.microsoft.com/dotnet/fundamentals/code-analysis/style-rules/ide0055) [C:\UserWorx\VSWorx\ServoStudio\wpfui-servoStudio\samples\Wpf.Ui.servoStudio\servoStudio.csproj]
C:\UserWorx\VSWorx\ServoStudio\wpfui-servoStudio\samples\Wpf.Ui.servoStudio\Core\Usb\UsbDeviceDescriptor.cs(17,29): warning IDE0055: 淇鏍煎紡 (https://learn.microsoft.com/dotnet/fundamentals/code-analysis/style-rules/ide0055) [C:\UserWorx\VSWorx\ServoStudio\wpfui-servoStudio\samples\Wpf.Ui.servoStudio\servoStudio.csproj]
C:\UserWorx\VSWorx\ServoStudio\wpfui-servoStudio\samples\Wpf.Ui.servoStudio\Core\Usb\UsbDeviceDescriptor.cs(17,40): warning IDE0055: 淇鏍煎紡 (https://learn.microsoft.com/dotnet/fundamentals/code-analysis/style-rules/ide0055) [C:\UserWorx\VSWorx\ServoStudio\wpfui-servoStudio\samples\Wpf.Ui.servoStudio\servoStudio.csproj]
C:\UserWorx\VSWorx\ServoStudio\wpfui-servoStudio\samples\Wpf.Ui.servoStudio\Core\Usb\UsbDeviceDescriptor.cs(19,28): warning IDE0055: 淇鏍煎紡 (https://learn.microsoft.com/dotnet/fundamentals/code-analysis/style-rules/ide0055) [C:\UserWorx\VSWorx\ServoStudio\wpfui-servoStudio\samples\Wpf.Ui.servoStudio\servoStudio.csproj]
C:\UserWorx\VSWorx\ServoStudio\wpfui-servoStudio\samples\Wpf.Ui.servoStudio\Core\Usb\UsbDeviceDescriptor.cs(19,30): warning IDE0055: 淇鏍煎紡 (https://learn.microsoft.com/dotnet/fundamentals/code-analysis/style-rules/ide0055) [C:\UserWorx\VSWorx\ServoStudio\wpfui-servoStudio\samples\Wpf.Ui.servoStudio\servoStudio.csproj]
C:\UserWorx\VSWorx\ServoStudio\wpfui-servoStudio\samples\Wpf.Ui.servoStudio\Core\Usb\UsbDeviceDescriptor.cs(19,41): warning IDE0055: 淇鏍煎紡 (https://learn.microsoft.com/dotnet/fundamentals/code-analysis/style-rules/ide0055) [C:\UserWorx\VSWorx\ServoStudio\wpfui-servoStudio\samples\Wpf.Ui.servoStudio\servoStudio.csproj]
C:\UserWorx\VSWorx\ServoStudio\wpfui-servoStudio\samples\Wpf.Ui.servoStudio\Core\Usb\UsbDeviceEnumerator.cs(34,67): warning IDE0055: 淇鏍煎紡 (https://learn.microsoft.com/dotnet/fundamentals/code-analysis/style-rules/ide0055) [C:\UserWorx\VSWorx\ServoStudio\wpfui-servoStudio\samples\Wpf.Ui.servoStudio\servoStudio.csproj]
C:\UserWorx\VSWorx\ServoStudio\wpfui-servoStudio\samples\Wpf.Ui.servoStudio\Core\Usb\UsbDeviceEnumerator.cs(34,69): warning IDE0055: 淇鏍煎紡 (https://learn.microsoft.com/dotnet/fundamentals/code-analysis/style-rules/ide0055) [C:\UserWorx\VSWorx\ServoStudio\wpfui-servoStudio\samples\Wpf.Ui.servoStudio\servoStudio.csproj]
C:\UserWorx\VSWorx\ServoStudio\wpfui-servoStudio\samples\Wpf.Ui.servoStudio\Core\Usb\UsbDeviceEnumerator.cs(34,79): warning IDE0055: 淇鏍煎紡 (https://learn.microsoft.com/dotnet/fundamentals/code-analysis/style-rules/ide0055) [C:\UserWorx\VSWorx\ServoStudio\wpfui-servoStudio\samples\Wpf.Ui.servoStudio\servoStudio.csproj]
C:\UserWorx\VSWorx\ServoStudio\wpfui-servoStudio\samples\Wpf.Ui.servoStudio\Core\Usb\UsbDeviceEnumerator.cs(166,13): warning IDE2003: 鍧椾笌鍚庣画璇彞涔嬮棿闇€瑕佹湁绌虹櫧琛?(https://learn.microsoft.com/dotnet/fundamentals/code-analysis/style-rules/ide2003) [C:\UserWorx\VSWorx\ServoStudio\wpfui-servoStudio\samples\Wpf.Ui.servoStudio\servoStudio.csproj]
C:\UserWorx\VSWorx\ServoStudio\wpfui-servoStudio\samples\Wpf.Ui.servoStudio\Core\Usb\UsbMaster.cs(49,32): warning IDE0055: 淇鏍煎紡 (https://learn.microsoft.com/dotnet/fundamentals/code-analysis/style-rules/ide0055) [C:\UserWorx\VSWorx\ServoStudio\wpfui-servoStudio\samples\Wpf.Ui.servoStudio\servoStudio.csproj]
C:\UserWorx\VSWorx\ServoStudio\wpfui-servoStudio\samples\Wpf.Ui.servoStudio\Core\Usb\UsbMaster.cs(49,34): warning IDE0055: 淇鏍煎紡 (https://learn.microsoft.com/dotnet/fundamentals/code-analysis/style-rules/ide0055) [C:\UserWorx\VSWorx\ServoStudio\wpfui-servoStudio\samples\Wpf.Ui.servoStudio\servoStudio.csproj]
C:\UserWorx\VSWorx\ServoStudio\wpfui-servoStudio\samples\Wpf.Ui.servoStudio\Core\Usb\UsbMaster.cs(49,52): warning IDE0055: 淇鏍煎紡 (https://learn.microsoft.com/dotnet/fundamentals/code-analysis/style-rules/ide0055) [C:\UserWorx\VSWorx\ServoStudio\wpfui-servoStudio\samples\Wpf.Ui.servoStudio\servoStudio.csproj]
C:\UserWorx\VSWorx\ServoStudio\wpfui-servoStudio\samples\Wpf.Ui.servoStudio\Core\Usb\UsbMaster.cs(52,44): warning IDE0055: 淇鏍煎紡 (https://learn.microsoft.com/dotnet/fundamentals/code-analysis/style-rules/ide0055) [C:\UserWorx\VSWorx\ServoStudio\wpfui-servoStudio\samples\Wpf.Ui.servoStudio\servoStudio.csproj]
C:\UserWorx\VSWorx\ServoStudio\wpfui-servoStudio\samples\Wpf.Ui.servoStudio\Core\Usb\UsbMaster.cs(52,46): warning IDE0055: 淇鏍煎紡 (https://learn.microsoft.com/dotnet/fundamentals/code-analysis/style-rules/ide0055) [C:\UserWorx\VSWorx\ServoStudio\wpfui-servoStudio\samples\Wpf.Ui.servoStudio\servoStudio.csproj]
C:\UserWorx\VSWorx\ServoStudio\wpfui-servoStudio\samples\Wpf.Ui.servoStudio\Core\Usb\UsbMaster.cs(52,64): warning IDE0055: 淇鏍煎紡 (https://learn.microsoft.com/dotnet/fundamentals/code-analysis/style-rules/ide0055) [C:\UserWorx\VSWorx\ServoStudio\wpfui-servoStudio\samples\Wpf.Ui.servoStudio\servoStudio.csproj]
C:\UserWorx\VSWorx\ServoStudio\wpfui-servoStudio\samples\Wpf.Ui.servoStudio\Core\Usb\UsbMaster.cs(106,12): warning IDE0055: 淇鏍煎紡 (https://learn.microsoft.com/dotnet/fundamentals/code-analysis/style-rules/ide0055) [C:\UserWorx\VSWorx\ServoStudio\wpfui-servoStudio\samples\Wpf.Ui.servoStudio\servoStudio.csproj]
C:\UserWorx\VSWorx\ServoStudio\wpfui-servoStudio\samples\Wpf.Ui.servoStudio\Core\Usb\UsbMaster.cs(106,14): warning IDE0055: 淇鏍煎紡 (https://learn.microsoft.com/dotnet/fundamentals/code-analysis/style-rules/ide0055) [C:\UserWorx\VSWorx\ServoStudio\wpfui-servoStudio\samples\Wpf.Ui.servoStudio\servoStudio.csproj]
C:\UserWorx\VSWorx\ServoStudio\wpfui-servoStudio\samples\Wpf.Ui.servoStudio\Core\Usb\UsbMaster.cs(106,30): warning IDE0055: 淇鏍煎紡 (https://learn.microsoft.com/dotnet/fundamentals/code-analysis/style-rules/ide0055) [C:\UserWorx\VSWorx\ServoStudio\wpfui-servoStudio\samples\Wpf.Ui.servoStudio\servoStudio.csproj]
C:\UserWorx\VSWorx\ServoStudio\wpfui-servoStudio\samples\Wpf.Ui.servoStudio\Core\Usb\UsbMaster.cs(106,32): warning IDE0055: 淇鏍煎紡 (https://learn.microsoft.com/dotnet/fundamentals/code-analysis/style-rules/ide0055) [C:\UserWorx\VSWorx\ServoStudio\wpfui-servoStudio\samples\Wpf.Ui.servoStudio\servoStudio.csproj]
C:\UserWorx\VSWorx\ServoStudio\wpfui-servoStudio\samples\Wpf.Ui.servoStudio\Core\Usb\UsbMaster.cs(149,12): warning IDE0055: 淇鏍煎紡 (https://learn.microsoft.com/dotnet/fundamentals/code-analysis/style-rules/ide0055) [C:\UserWorx\VSWorx\ServoStudio\wpfui-servoStudio\samples\Wpf.Ui.servoStudio\servoStudio.csproj]
C:\UserWorx\VSWorx\ServoStudio\wpfui-servoStudio\samples\Wpf.Ui.servoStudio\Core\Usb\UsbMaster.cs(149,14): warning IDE0055: 淇鏍煎紡 (https://learn.microsoft.com/dotnet/fundamentals/code-analysis/style-rules/ide0055) [C:\UserWorx\VSWorx\ServoStudio\wpfui-servoStudio\samples\Wpf.Ui.servoStudio\servoStudio.csproj]
C:\UserWorx\VSWorx\ServoStudio\wpfui-servoStudio\samples\Wpf.Ui.servoStudio\Core\Usb\UsbMaster.cs(149,32): warning IDE0055: 淇鏍煎紡 (https://learn.microsoft.com/dotnet/fundamentals/code-analysis/style-rules/ide0055) [C:\UserWorx\VSWorx\ServoStudio\wpfui-servoStudio\samples\Wpf.Ui.servoStudio\servoStudio.csproj]
C:\UserWorx\VSWorx\ServoStudio\wpfui-servoStudio\samples\Wpf.Ui.servoStudio\Core\Usb\UsbMaster.cs(149,34): warning IDE0055: 淇鏍煎紡 (https://learn.microsoft.com/dotnet/fundamentals/code-analysis/style-rules/ide0055) [C:\UserWorx\VSWorx\ServoStudio\wpfui-servoStudio\samples\Wpf.Ui.servoStudio\servoStudio.csproj]
C:\UserWorx\VSWorx\ServoStudio\wpfui-servoStudio\samples\Wpf.Ui.servoStudio\Core\Usb\UsbMaster.cs(150,12): warning IDE0055: 淇鏍煎紡 (https://learn.microsoft.com/dotnet/fundamentals/code-analysis/style-rules/ide0055) [C:\UserWorx\VSWorx\ServoStudio\wpfui-servoStudio\samples\Wpf.Ui.servoStudio\servoStudio.csproj]
C:\UserWorx\VSWorx\ServoStudio\wpfui-servoStudio\samples\Wpf.Ui.servoStudio\Core\Usb\UsbMaster.cs(150,14): warning IDE0055: 淇鏍煎紡 (https://learn.microsoft.com/dotnet/fundamentals/code-analysis/style-rules/ide0055) [C:\UserWorx\VSWorx\ServoStudio\wpfui-servoStudio\samples\Wpf.Ui.servoStudio\servoStudio.csproj]
C:\UserWorx\VSWorx\ServoStudio\wpfui-servoStudio\samples\Wpf.Ui.servoStudio\Core\Usb\UsbMaster.cs(150,36): warning IDE0055: 淇鏍煎紡 (https://learn.microsoft.com/dotnet/fundamentals/code-analysis/style-rules/ide0055) [C:\UserWorx\VSWorx\ServoStudio\wpfui-servoStudio\samples\Wpf.Ui.servoStudio\servoStudio.csproj]
C:\UserWorx\VSWorx\ServoStudio\wpfui-servoStudio\samples\Wpf.Ui.servoStudio\Core\Usb\UsbMaster.cs(150,38): warning IDE0055: 淇鏍煎紡 (https://learn.microsoft.com/dotnet/fundamentals/code-analysis/style-rules/ide0055) [C:\UserWorx\VSWorx\ServoStudio\wpfui-servoStudio\samples\Wpf.Ui.servoStudio\servoStudio.csproj]
C:\UserWorx\VSWorx\ServoStudio\wpfui-servoStudio\samples\Wpf.Ui.servoStudio\Core\Usb\UsbMaster.cs(154,12): warning IDE0055: 淇鏍煎紡 (https://learn.microsoft.com/dotnet/fundamentals/code-analysis/style-rules/ide0055) [C:\UserWorx\VSWorx\ServoStudio\wpfui-servoStudio\samples\Wpf.Ui.servoStudio\servoStudio.csproj]
C:\UserWorx\VSWorx\ServoStudio\wpfui-servoStudio\samples\Wpf.Ui.servoStudio\Core\Usb\UsbMaster.cs(154,14): warning IDE0055: 淇鏍煎紡 (https://learn.microsoft.com/dotnet/fundamentals/code-analysis/style-rules/ide0055) [C:\UserWorx\VSWorx\ServoStudio\wpfui-servoStudio\samples\Wpf.Ui.servoStudio\servoStudio.csproj]
C:\UserWorx\VSWorx\ServoStudio\wpfui-servoStudio\samples\Wpf.Ui.servoStudio\Core\Usb\UsbMaster.cs(154,28): warning IDE0055: 淇鏍煎紡 (https://learn.microsoft.com/dotnet/fundamentals/code-analysis/style-rules/ide0055) [C:\UserWorx\VSWorx\ServoStudio\wpfui-servoStudio\samples\Wpf.Ui.servoStudio\servoStudio.csproj]
C:\UserWorx\VSWorx\ServoStudio\wpfui-servoStudio\samples\Wpf.Ui.servoStudio\Core\Usb\UsbMaster.cs(154,30): warning IDE0055: 淇鏍煎紡 (https://learn.microsoft.com/dotnet/fundamentals/code-analysis/style-rules/ide0055) [C:\UserWorx\VSWorx\ServoStudio\wpfui-servoStudio\samples\Wpf.Ui.servoStudio\servoStudio.csproj]
C:\UserWorx\VSWorx\ServoStudio\wpfui-servoStudio\samples\Wpf.Ui.servoStudio\Core\Usb\UsbMaster.cs(178,20): warning IDE0055: 淇鏍煎紡 (https://learn.microsoft.com/dotnet/fundamentals/code-analysis/style-rules/ide0055) [C:\UserWorx\VSWorx\ServoStudio\wpfui-servoStudio\samples\Wpf.Ui.servoStudio\servoStudio.csproj]
C:\UserWorx\VSWorx\ServoStudio\wpfui-servoStudio\samples\Wpf.Ui.servoStudio\Core\Usb\UsbMaster.cs(178,22): warning IDE0055: 淇鏍煎紡 (https://learn.microsoft.com/dotnet/fundamentals/code-analysis/style-rules/ide0055) [C:\UserWorx\VSWorx\ServoStudio\wpfui-servoStudio\samples\Wpf.Ui.servoStudio\servoStudio.csproj]
C:\UserWorx\VSWorx\ServoStudio\wpfui-servoStudio\samples\Wpf.Ui.servoStudio\Core\Usb\UsbMaster.cs(178,47): warning IDE0055: 淇鏍煎紡 (https://learn.microsoft.com/dotnet/fundamentals/code-analysis/style-rules/ide0055) [C:\UserWorx\VSWorx\ServoStudio\wpfui-servoStudio\samples\Wpf.Ui.servoStudio\servoStudio.csproj]
C:\UserWorx\VSWorx\ServoStudio\wpfui-servoStudio\samples\Wpf.Ui.servoStudio\Core\Usb\UsbMaster.cs(178,49): warning IDE0055: 淇鏍煎紡 (https://learn.microsoft.com/dotnet/fundamentals/code-analysis/style-rules/ide0055) [C:\UserWorx\VSWorx\ServoStudio\wpfui-servoStudio\samples\Wpf.Ui.servoStudio\servoStudio.csproj]
C:\UserWorx\VSWorx\ServoStudio\wpfui-servoStudio\samples\Wpf.Ui.servoStudio\Core\Usb\UsbMaster.cs(219,20): warning IDE0055: 淇鏍煎紡 (https://learn.microsoft.com/dotnet/fundamentals/code-analysis/style-rules/ide0055) [C:\UserWorx\VSWorx\ServoStudio\wpfui-servoStudio\samples\Wpf.Ui.servoStudio\servoStudio.csproj]
C:\UserWorx\VSWorx\ServoStudio\wpfui-servoStudio\samples\Wpf.Ui.servoStudio\Core\Usb\UsbMaster.cs(219,22): warning IDE0055: 淇鏍煎紡 (https://learn.microsoft.com/dotnet/fundamentals/code-analysis/style-rules/ide0055) [C:\UserWorx\VSWorx\ServoStudio\wpfui-servoStudio\samples\Wpf.Ui.servoStudio\servoStudio.csproj]
C:\UserWorx\VSWorx\ServoStudio\wpfui-servoStudio\samples\Wpf.Ui.servoStudio\Core\Usb\UsbMaster.cs(219,48): warning IDE0055: 淇鏍煎紡 (https://learn.microsoft.com/dotnet/fundamentals/code-analysis/style-rules/ide0055) [C:\UserWorx\VSWorx\ServoStudio\wpfui-servoStudio\samples\Wpf.Ui.servoStudio\servoStudio.csproj]
C:\UserWorx\VSWorx\ServoStudio\wpfui-servoStudio\samples\Wpf.Ui.servoStudio\Core\Usb\UsbMaster.cs(219,50): warning IDE0055: 淇鏍煎紡 (https://learn.microsoft.com/dotnet/fundamentals/code-analysis/style-rules/ide0055) [C:\UserWorx\VSWorx\ServoStudio\wpfui-servoStudio\samples\Wpf.Ui.servoStudio\servoStudio.csproj]
C:\UserWorx\VSWorx\ServoStudio\wpfui-servoStudio\samples\Wpf.Ui.servoStudio\Core\Usb\UsbMaster.cs(232,12): warning IDE0055: 淇鏍煎紡 (https://learn.microsoft.com/dotnet/fundamentals/code-analysis/style-rules/ide0055) [C:\UserWorx\VSWorx\ServoStudio\wpfui-servoStudio\samples\Wpf.Ui.servoStudio\servoStudio.csproj]
C:\UserWorx\VSWorx\ServoStudio\wpfui-servoStudio\samples\Wpf.Ui.servoStudio\Core\Usb\UsbMaster.cs(232,14): warning IDE0055: 淇鏍煎紡 (https://learn.microsoft.com/dotnet/fundamentals/code-analysis/style-rules/ide0055) [C:\UserWorx\VSWorx\ServoStudio\wpfui-servoStudio\samples\Wpf.Ui.servoStudio\servoStudio.csproj]
C:\UserWorx\VSWorx\ServoStudio\wpfui-servoStudio\samples\Wpf.Ui.servoStudio\Core\Usb\UsbMaster.cs(232,46): warning IDE0055: 淇鏍煎紡 (https://learn.microsoft.com/dotnet/fundamentals/code-analysis/style-rules/ide0055) [C:\UserWorx\VSWorx\ServoStudio\wpfui-servoStudio\samples\Wpf.Ui.servoStudio\servoStudio.csproj]
C:\UserWorx\VSWorx\ServoStudio\wpfui-servoStudio\samples\Wpf.Ui.servoStudio\Core\Usb\UsbMaster.cs(232,48): warning IDE0055: 淇鏍煎紡 (https://learn.microsoft.com/dotnet/fundamentals/code-analysis/style-rules/ide0055) [C:\UserWorx\VSWorx\ServoStudio\wpfui-servoStudio\samples\Wpf.Ui.servoStudio\servoStudio.csproj]
C:\UserWorx\VSWorx\ServoStudio\wpfui-servoStudio\samples\Wpf.Ui.servoStudio\Core\Usb\UsbMaster.cs(254,12): warning IDE0055: 淇鏍煎紡 (https://learn.microsoft.com/dotnet/fundamentals/code-analysis/style-rules/ide0055) [C:\UserWorx\VSWorx\ServoStudio\wpfui-servoStudio\samples\Wpf.Ui.servoStudio\servoStudio.csproj]
C:\UserWorx\VSWorx\ServoStudio\wpfui-servoStudio\samples\Wpf.Ui.servoStudio\Core\Usb\UsbMaster.cs(254,14): warning IDE0055: 淇鏍煎紡 (https://learn.microsoft.com/dotnet/fundamentals/code-analysis/style-rules/ide0055) [C:\UserWorx\VSWorx\ServoStudio\wpfui-servoStudio\samples\Wpf.Ui.servoStudio\servoStudio.csproj]
C:\UserWorx\VSWorx\ServoStudio\wpfui-servoStudio\samples\Wpf.Ui.servoStudio\Core\Usb\UsbMaster.cs(254,30): warning IDE0055: 淇鏍煎紡 (https://learn.microsoft.com/dotnet/fundamentals/code-analysis/style-rules/ide0055) [C:\UserWorx\VSWorx\ServoStudio\wpfui-servoStudio\samples\Wpf.Ui.servoStudio\servoStudio.csproj]
C:\UserWorx\VSWorx\ServoStudio\wpfui-servoStudio\samples\Wpf.Ui.servoStudio\Core\Usb\UsbMaster.cs(254,32): warning IDE0055: 淇鏍煎紡 (https://learn.microsoft.com/dotnet/fundamentals/code-analysis/style-rules/ide0055) [C:\UserWorx\VSWorx\ServoStudio\wpfui-servoStudio\samples\Wpf.Ui.servoStudio\servoStudio.csproj]
C:\UserWorx\VSWorx\ServoStudio\wpfui-servoStudio\samples\Wpf.Ui.servoStudio\Core\Usb\UsbMaster.cs(106,54): warning IDE2003: 鍧椾笌鍚庣画璇彞涔嬮棿闇€瑕佹湁绌虹櫧琛?(https://learn.microsoft.com/dotnet/fundamentals/code-analysis/style-rules/ide2003) [C:\UserWorx\VSWorx\ServoStudio\wpfui-servoStudio\samples\Wpf.Ui.servoStudio\servoStudio.csproj]
C:\UserWorx\VSWorx\ServoStudio\wpfui-servoStudio\samples\Wpf.Ui.servoStudio\Core\Usb\UsbMaster.cs(149,56): warning IDE2003: 鍧椾笌鍚庣画璇彞涔嬮棿闇€瑕佹湁绌虹櫧琛?(https://learn.microsoft.com/dotnet/fundamentals/code-analysis/style-rules/ide2003) [C:\UserWorx\VSWorx\ServoStudio\wpfui-servoStudio\samples\Wpf.Ui.servoStudio\servoStudio.csproj]
C:\UserWorx\VSWorx\ServoStudio\wpfui-servoStudio\samples\Wpf.Ui.servoStudio\Core\Usb\UsbMaster.cs(150,60): warning IDE2003: 鍧椾笌鍚庣画璇彞涔嬮棿闇€瑕佹湁绌虹櫧琛?(https://learn.microsoft.com/dotnet/fundamentals/code-analysis/style-rules/ide2003) [C:\UserWorx\VSWorx\ServoStudio\wpfui-servoStudio\samples\Wpf.Ui.servoStudio\servoStudio.csproj]
C:\UserWorx\VSWorx\ServoStudio\wpfui-servoStudio\samples\Wpf.Ui.servoStudio\Core\Usb\UsbMaster.cs(254,54): warning IDE2003: 鍧椾笌鍚庣画璇彞涔嬮棿闇€瑕佹湁绌虹櫧琛?(https://learn.microsoft.com/dotnet/fundamentals/code-analysis/style-rules/ide2003) [C:\UserWorx\VSWorx\ServoStudio\wpfui-servoStudio\samples\Wpf.Ui.servoStudio\servoStudio.csproj]
C:\UserWorx\VSWorx\ServoStudio\wpfui-servoStudio\samples\Wpf.Ui.servoStudio\Core\Usb\UsbPacket.cs(23,30): warning IDE0055: 淇鏍煎紡 (https://learn.microsoft.com/dotnet/fundamentals/code-analysis/style-rules/ide0055) [C:\UserWorx\VSWorx\ServoStudio\wpfui-servoStudio\samples\Wpf.Ui.servoStudio\servoStudio.csproj]
C:\UserWorx\VSWorx\ServoStudio\wpfui-servoStudio\samples\Wpf.Ui.servoStudio\Core\Usb\UsbPacket.cs(23,32): warning IDE0055: 淇鏍煎紡 (https://learn.microsoft.com/dotnet/fundamentals/code-analysis/style-rules/ide0055) [C:\UserWorx\VSWorx\ServoStudio\wpfui-servoStudio\samples\Wpf.Ui.servoStudio\servoStudio.csproj]
C:\UserWorx\VSWorx\ServoStudio\wpfui-servoStudio\samples\Wpf.Ui.servoStudio\Core\Usb\UsbPacket.cs(23,37): warning IDE0055: 淇鏍煎紡 (https://learn.microsoft.com/dotnet/fundamentals/code-analysis/style-rules/ide0055) [C:\UserWorx\VSWorx\ServoStudio\wpfui-servoStudio\samples\Wpf.Ui.servoStudio\servoStudio.csproj]
C:\UserWorx\VSWorx\ServoStudio\wpfui-servoStudio\samples\Wpf.Ui.servoStudio\Core\Usb\UsbPacket.cs(26,27): warning IDE0055: 淇鏍煎紡 (https://learn.microsoft.com/dotnet/fundamentals/code-analysis/style-rules/ide0055) [C:\UserWorx\VSWorx\ServoStudio\wpfui-servoStudio\samples\Wpf.Ui.servoStudio\servoStudio.csproj]
C:\UserWorx\VSWorx\ServoStudio\wpfui-servoStudio\samples\Wpf.Ui.servoStudio\Core\Usb\UsbPacket.cs(26,29): warning IDE0055: 淇鏍煎紡 (https://learn.microsoft.com/dotnet/fundamentals/code-analysis/style-rules/ide0055) [C:\UserWorx\VSWorx\ServoStudio\wpfui-servoStudio\samples\Wpf.Ui.servoStudio\servoStudio.csproj]
C:\UserWorx\VSWorx\ServoStudio\wpfui-servoStudio\samples\Wpf.Ui.servoStudio\Core\Usb\UsbPacket.cs(26,34): warning IDE0055: 淇鏍煎紡 (https://learn.microsoft.com/dotnet/fundamentals/code-analysis/style-rules/ide0055) [C:\UserWorx\VSWorx\ServoStudio\wpfui-servoStudio\samples\Wpf.Ui.servoStudio\servoStudio.csproj]
C:\UserWorx\VSWorx\ServoStudio\wpfui-servoStudio\samples\Wpf.Ui.servoStudio\Core\Usb\UsbPacket.cs(29,34): warning IDE0055: 淇鏍煎紡 (https://learn.microsoft.com/dotnet/fundamentals/code-analysis/style-rules/ide0055) [C:\UserWorx\VSWorx\ServoStudio\wpfui-servoStudio\samples\Wpf.Ui.servoStudio\servoStudio.csproj]
C:\UserWorx\VSWorx\ServoStudio\wpfui-servoStudio\samples\Wpf.Ui.servoStudio\Core\Usb\UsbPacket.cs(29,36): warning IDE0055: 淇鏍煎紡 (https://learn.microsoft.com/dotnet/fundamentals/code-analysis/style-rules/ide0055) [C:\UserWorx\VSWorx\ServoStudio\wpfui-servoStudio\samples\Wpf.Ui.servoStudio\servoStudio.csproj]
C:\UserWorx\VSWorx\ServoStudio\wpfui-servoStudio\samples\Wpf.Ui.servoStudio\Core\Usb\UsbPacket.cs(29,41): warning IDE0055: 淇鏍煎紡 (https://learn.microsoft.com/dotnet/fundamentals/code-analysis/style-rules/ide0055) [C:\UserWorx\VSWorx\ServoStudio\wpfui-servoStudio\samples\Wpf.Ui.servoStudio\servoStudio.csproj]
C:\UserWorx\VSWorx\ServoStudio\wpfui-servoStudio\samples\Wpf.Ui.servoStudio\Core\Usb\UsbPacket.cs(32,26): warning IDE0055: 淇鏍煎紡 (https://learn.microsoft.com/dotnet/fundamentals/code-analysis/style-rules/ide0055) [C:\UserWorx\VSWorx\ServoStudio\wpfui-servoStudio\samples\Wpf.Ui.servoStudio\servoStudio.csproj]
C:\UserWorx\VSWorx\ServoStudio\wpfui-servoStudio\samples\Wpf.Ui.servoStudio\Core\Usb\UsbPacket.cs(32,28): warning IDE0055: 淇鏍煎紡 (https://learn.microsoft.com/dotnet/fundamentals/code-analysis/style-rules/ide0055) [C:\UserWorx\VSWorx\ServoStudio\wpfui-servoStudio\samples\Wpf.Ui.servoStudio\servoStudio.csproj]
C:\UserWorx\VSWorx\ServoStudio\wpfui-servoStudio\samples\Wpf.Ui.servoStudio\Core\Usb\UsbPacket.cs(32,33): warning IDE0055: 淇鏍煎紡 (https://learn.microsoft.com/dotnet/fundamentals/code-analysis/style-rules/ide0055) [C:\UserWorx\VSWorx\ServoStudio\wpfui-servoStudio\samples\Wpf.Ui.servoStudio\servoStudio.csproj]
C:\UserWorx\VSWorx\ServoStudio\wpfui-servoStudio\samples\Wpf.Ui.servoStudio\Core\Usb\VirtualUsbBus.cs(25,23): warning IDE0055: 淇鏍煎紡 (https://learn.microsoft.com/dotnet/fundamentals/code-analysis/style-rules/ide0055) [C:\UserWorx\VSWorx\ServoStudio\wpfui-servoStudio\samples\Wpf.Ui.servoStudio\servoStudio.csproj]
C:\UserWorx\VSWorx\ServoStudio\wpfui-servoStudio\samples\Wpf.Ui.servoStudio\Core\Usb\VirtualUsbBus.cs(25,25): warning IDE0055: 淇鏍煎紡 (https://learn.microsoft.com/dotnet/fundamentals/code-analysis/style-rules/ide0055) [C:\UserWorx\VSWorx\ServoStudio\wpfui-servoStudio\samples\Wpf.Ui.servoStudio\servoStudio.csproj]
C:\UserWorx\VSWorx\ServoStudio\wpfui-servoStudio\samples\Wpf.Ui.servoStudio\Core\Usb\VirtualUsbBus.cs(25,43): warning IDE0055: 淇鏍煎紡 (https://learn.microsoft.com/dotnet/fundamentals/code-analysis/style-rules/ide0055) [C:\UserWorx\VSWorx\ServoStudio\wpfui-servoStudio\samples\Wpf.Ui.servoStudio\servoStudio.csproj]
C:\UserWorx\VSWorx\ServoStudio\wpfui-servoStudio\samples\Wpf.Ui.servoStudio\Core\Usb\VirtualUsbBus.cs(93,12): warning IDE0055: 淇鏍煎紡 (https://learn.microsoft.com/dotnet/fundamentals/code-analysis/style-rules/ide0055) [C:\UserWorx\VSWorx\ServoStudio\wpfui-servoStudio\samples\Wpf.Ui.servoStudio\servoStudio.csproj]
C:\UserWorx\VSWorx\ServoStudio\wpfui-servoStudio\samples\Wpf.Ui.servoStudio\Core\Usb\VirtualUsbBus.cs(93,14): warning IDE0055: 淇鏍煎紡 (https://learn.microsoft.com/dotnet/fundamentals/code-analysis/style-rules/ide0055) [C:\UserWorx\VSWorx\ServoStudio\wpfui-servoStudio\samples\Wpf.Ui.servoStudio\servoStudio.csproj]
C:\UserWorx\VSWorx\ServoStudio\wpfui-servoStudio\samples\Wpf.Ui.servoStudio\Core\Usb\VirtualUsbBus.cs(93,36): warning IDE0055: 淇鏍煎紡 (https://learn.microsoft.com/dotnet/fundamentals/code-analysis/style-rules/ide0055) [C:\UserWorx\VSWorx\ServoStudio\wpfui-servoStudio\samples\Wpf.Ui.servoStudio\servoStudio.csproj]
C:\UserWorx\VSWorx\ServoStudio\wpfui-servoStudio\samples\Wpf.Ui.servoStudio\Core\Usb\VirtualUsbBus.cs(93,38): warning IDE0055: 淇鏍煎紡 (https://learn.microsoft.com/dotnet/fundamentals/code-analysis/style-rules/ide0055) [C:\UserWorx\VSWorx\ServoStudio\wpfui-servoStudio\samples\Wpf.Ui.servoStudio\servoStudio.csproj]
C:\UserWorx\VSWorx\ServoStudio\wpfui-servoStudio\samples\Wpf.Ui.servoStudio\Core\Usb\VirtualUsbBus.cs(94,12): warning IDE0055: 淇鏍煎紡 (https://learn.microsoft.com/dotnet/fundamentals/code-analysis/style-rules/ide0055) [C:\UserWorx\VSWorx\ServoStudio\wpfui-servoStudio\samples\Wpf.Ui.servoStudio\servoStudio.csproj]
C:\UserWorx\VSWorx\ServoStudio\wpfui-servoStudio\samples\Wpf.Ui.servoStudio\Core\Usb\VirtualUsbBus.cs(94,14): warning IDE0055: 淇鏍煎紡 (https://learn.microsoft.com/dotnet/fundamentals/code-analysis/style-rules/ide0055) [C:\UserWorx\VSWorx\ServoStudio\wpfui-servoStudio\samples\Wpf.Ui.servoStudio\servoStudio.csproj]
C:\UserWorx\VSWorx\ServoStudio\wpfui-servoStudio\samples\Wpf.Ui.servoStudio\Core\Usb\VirtualUsbBus.cs(94,29): warning IDE0055: 淇鏍煎紡 (https://learn.microsoft.com/dotnet/fundamentals/code-analysis/style-rules/ide0055) [C:\UserWorx\VSWorx\ServoStudio\wpfui-servoStudio\samples\Wpf.Ui.servoStudio\servoStudio.csproj]
C:\UserWorx\VSWorx\ServoStudio\wpfui-servoStudio\samples\Wpf.Ui.servoStudio\Core\Usb\VirtualUsbBus.cs(94,31): warning IDE0055: 淇鏍煎紡 (https://learn.microsoft.com/dotnet/fundamentals/code-analysis/style-rules/ide0055) [C:\UserWorx\VSWorx\ServoStudio\wpfui-servoStudio\samples\Wpf.Ui.servoStudio\servoStudio.csproj]
C:\UserWorx\VSWorx\ServoStudio\wpfui-servoStudio\samples\Wpf.Ui.servoStudio\Core\Usb\VirtualUsbBus.cs(49,9): warning IDE2003: 鍧椾笌鍚庣画璇彞涔嬮棿闇€瑕佹湁绌虹櫧琛?(https://learn.microsoft.com/dotnet/fundamentals/code-analysis/style-rules/ide2003) [C:\UserWorx\VSWorx\ServoStudio\wpfui-servoStudio\samples\Wpf.Ui.servoStudio\servoStudio.csproj]
C:\UserWorx\VSWorx\ServoStudio\wpfui-servoStudio\samples\Wpf.Ui.servoStudio\Core\Usb\VirtualUsbBus.cs(93,60): warning IDE2003: 鍧椾笌鍚庣画璇彞涔嬮棿闇€瑕佹湁绌虹櫧琛?(https://learn.microsoft.com/dotnet/fundamentals/code-analysis/style-rules/ide2003) [C:\UserWorx\VSWorx\ServoStudio\wpfui-servoStudio\samples\Wpf.Ui.servoStudio\servoStudio.csproj]
C:\UserWorx\VSWorx\ServoStudio\wpfui-servoStudio\samples\Wpf.Ui.servoStudio\Core\Usb\VirtualUsbBus.cs(94,53): warning IDE2003: 鍧椾笌鍚庣画璇彞涔嬮棿闇€瑕佹湁绌虹櫧琛?(https://learn.microsoft.com/dotnet/fundamentals/code-analysis/style-rules/ide2003) [C:\UserWorx\VSWorx\ServoStudio\wpfui-servoStudio\samples\Wpf.Ui.servoStudio\servoStudio.csproj]
C:\UserWorx\VSWorx\ServoStudio\wpfui-servoStudio\samples\Wpf.Ui.servoStudio\Helpers\EsiToSiiConverter.cs(114,55): warning IDE0055: 淇鏍煎紡 (https://learn.microsoft.com/dotnet/fundamentals/code-analysis/style-rules/ide0055) [C:\UserWorx\VSWorx\ServoStudio\wpfui-servoStudio\samples\Wpf.Ui.servoStudio\servoStudio.csproj]
C:\UserWorx\VSWorx\ServoStudio\wpfui-servoStudio\samples\Wpf.Ui.servoStudio\Helpers\EsiToSiiConverter.cs(115,55): warning IDE0055: 淇鏍煎紡 (https://learn.microsoft.com/dotnet/fundamentals/code-analysis/style-rules/ide0055) [C:\UserWorx\VSWorx\ServoStudio\wpfui-servoStudio\samples\Wpf.Ui.servoStudio\servoStudio.csproj]
C:\UserWorx\VSWorx\ServoStudio\wpfui-servoStudio\samples\Wpf.Ui.servoStudio\Helpers\EsiToSiiConverter.cs(115,57): warning IDE0055: 淇鏍煎紡 (https://learn.microsoft.com/dotnet/fundamentals/code-analysis/style-rules/ide0055) [C:\UserWorx\VSWorx\ServoStudio\wpfui-servoStudio\samples\Wpf.Ui.servoStudio\servoStudio.csproj]
C:\UserWorx\VSWorx\ServoStudio\wpfui-servoStudio\samples\Wpf.Ui.servoStudio\Helpers\EsiToSiiConverter.cs(115,80): warning IDE0055: 淇鏍煎紡 (https://learn.microsoft.com/dotnet/fundamentals/code-analysis/style-rules/ide0055) [C:\UserWorx\VSWorx\ServoStudio\wpfui-servoStudio\samples\Wpf.Ui.servoStudio\servoStudio.csproj]
C:\UserWorx\VSWorx\ServoStudio\wpfui-servoStudio\samples\Wpf.Ui.servoStudio\Helpers\EsiToSiiConverter.cs(115,99): warning IDE0055: 淇鏍煎紡 (https://learn.microsoft.com/dotnet/fundamentals/code-analysis/style-rules/ide0055) [C:\UserWorx\VSWorx\ServoStudio\wpfui-servoStudio\samples\Wpf.Ui.servoStudio\servoStudio.csproj]
C:\UserWorx\VSWorx\ServoStudio\wpfui-servoStudio\samples\Wpf.Ui.servoStudio\Helpers\EsiToSiiConverter.cs(121,60): warning IDE0055: 淇鏍煎紡 (https://learn.microsoft.com/dotnet/fundamentals/code-analysis/style-rules/ide0055) [C:\UserWorx\VSWorx\ServoStudio\wpfui-servoStudio\samples\Wpf.Ui.servoStudio\servoStudio.csproj]
C:\UserWorx\VSWorx\ServoStudio\wpfui-servoStudio\samples\Wpf.Ui.servoStudio\Helpers\EsiToSiiConverter.cs(122,62): warning IDE0055: 淇鏍煎紡 (https://learn.microsoft.com/dotnet/fundamentals/code-analysis/style-rules/ide0055) [C:\UserWorx\VSWorx\ServoStudio\wpfui-servoStudio\samples\Wpf.Ui.servoStudio\servoStudio.csproj]
C:\UserWorx\VSWorx\ServoStudio\wpfui-servoStudio\samples\Wpf.Ui.servoStudio\Helpers\EsiToSiiConverter.cs(123,62): warning IDE0055: 淇鏍煎紡 (https://learn.microsoft.com/dotnet/fundamentals/code-analysis/style-rules/ide0055) [C:\UserWorx\VSWorx\ServoStudio\wpfui-servoStudio\samples\Wpf.Ui.servoStudio\servoStudio.csproj]
C:\UserWorx\VSWorx\ServoStudio\wpfui-servoStudio\samples\Wpf.Ui.servoStudio\Helpers\EsiToSiiConverter.cs(124,62): warning IDE0055: 淇鏍煎紡 (https://learn.microsoft.com/dotnet/fundamentals/code-analysis/style-rules/ide0055) [C:\UserWorx\VSWorx\ServoStudio\wpfui-servoStudio\samples\Wpf.Ui.servoStudio\servoStudio.csproj]
C:\UserWorx\VSWorx\ServoStudio\wpfui-servoStudio\samples\Wpf.Ui.servoStudio\Helpers\EsiToSiiConverter.cs(125,67): warning IDE0055: 淇鏍煎紡 (https://learn.microsoft.com/dotnet/fundamentals/code-analysis/style-rules/ide0055) [C:\UserWorx\VSWorx\ServoStudio\wpfui-servoStudio\samples\Wpf.Ui.servoStudio\servoStudio.csproj]
C:\UserWorx\VSWorx\ServoStudio\wpfui-servoStudio\samples\Wpf.Ui.servoStudio\Helpers\EsiToSiiConverter.cs(128,55): warning IDE0055: 淇鏍煎紡 (https://learn.microsoft.com/dotnet/fundamentals/code-analysis/style-rules/ide0055) [C:\UserWorx\VSWorx\ServoStudio\wpfui-servoStudio\samples\Wpf.Ui.servoStudio\servoStudio.csproj]
C:\UserWorx\VSWorx\ServoStudio\wpfui-servoStudio\samples\Wpf.Ui.servoStudio\Helpers\EsiToSiiConverter.cs(128,57): warning IDE0055: 淇鏍煎紡 (https://learn.microsoft.com/dotnet/fundamentals/code-analysis/style-rules/ide0055) [C:\UserWorx\VSWorx\ServoStudio\wpfui-servoStudio\samples\Wpf.Ui.servoStudio\servoStudio.csproj]
C:\UserWorx\VSWorx\ServoStudio\wpfui-servoStudio\samples\Wpf.Ui.servoStudio\Helpers\EsiToSiiConverter.cs(128,80): warning IDE0055: 淇鏍煎紡 (https://learn.microsoft.com/dotnet/fundamentals/code-analysis/style-rules/ide0055) [C:\UserWorx\VSWorx\ServoStudio\wpfui-servoStudio\samples\Wpf.Ui.servoStudio\servoStudio.csproj]
C:\UserWorx\VSWorx\ServoStudio\wpfui-servoStudio\samples\Wpf.Ui.servoStudio\Helpers\EsiToSiiConverter.cs(128,99): warning IDE0055: 淇鏍煎紡 (https://learn.microsoft.com/dotnet/fundamentals/code-analysis/style-rules/ide0055) [C:\UserWorx\VSWorx\ServoStudio\wpfui-servoStudio\samples\Wpf.Ui.servoStudio\servoStudio.csproj]
C:\UserWorx\VSWorx\ServoStudio\wpfui-servoStudio\samples\Wpf.Ui.servoStudio\Helpers\EsiToSiiConverter.cs(130,55): warning IDE0055: 淇鏍煎紡 (https://learn.microsoft.com/dotnet/fundamentals/code-analysis/style-rules/ide0055) [C:\UserWorx\VSWorx\ServoStudio\wpfui-servoStudio\samples\Wpf.Ui.servoStudio\servoStudio.csproj]
C:\UserWorx\VSWorx\ServoStudio\wpfui-servoStudio\samples\Wpf.Ui.servoStudio\Helpers\EsiToSiiConverter.cs(131,55): warning IDE0055: 淇鏍煎紡 (https://learn.microsoft.com/dotnet/fundamentals/code-analysis/style-rules/ide0055) [C:\UserWorx\VSWorx\ServoStudio\wpfui-servoStudio\samples\Wpf.Ui.servoStudio\servoStudio.csproj]
C:\UserWorx\VSWorx\ServoStudio\wpfui-servoStudio\samples\Wpf.Ui.servoStudio\Helpers\EsiToSiiConverter.cs(317,35): warning IDE0055: 淇鏍煎紡 (https://learn.microsoft.com/dotnet/fundamentals/code-analysis/style-rules/ide0055) [C:\UserWorx\VSWorx\ServoStudio\wpfui-servoStudio\samples\Wpf.Ui.servoStudio\servoStudio.csproj]
C:\UserWorx\VSWorx\ServoStudio\wpfui-servoStudio\samples\Wpf.Ui.servoStudio\Helpers\EsiToSiiConverter.cs(351,29): warning IDE0055: 淇鏍煎紡 (https://learn.microsoft.com/dotnet/fundamentals/code-analysis/style-rules/ide0055) [C:\UserWorx\VSWorx\ServoStudio\wpfui-servoStudio\samples\Wpf.Ui.servoStudio\servoStudio.csproj]
C:\UserWorx\VSWorx\ServoStudio\wpfui-servoStudio\samples\Wpf.Ui.servoStudio\Helpers\EsiToSiiConverter.cs(351,31): warning IDE0055: 淇鏍煎紡 (https://learn.microsoft.com/dotnet/fundamentals/code-analysis/style-rules/ide0055) [C:\UserWorx\VSWorx\ServoStudio\wpfui-servoStudio\samples\Wpf.Ui.servoStudio\servoStudio.csproj]
C:\UserWorx\VSWorx\ServoStudio\wpfui-servoStudio\samples\Wpf.Ui.servoStudio\Helpers\EsiToSiiConverter.cs(351,48): warning IDE0055: 淇鏍煎紡 (https://learn.microsoft.com/dotnet/fundamentals/code-analysis/style-rules/ide0055) [C:\UserWorx\VSWorx\ServoStudio\wpfui-servoStudio\samples\Wpf.Ui.servoStudio\servoStudio.csproj]
C:\UserWorx\VSWorx\ServoStudio\wpfui-servoStudio\samples\Wpf.Ui.servoStudio\Helpers\EsiToSiiConverter.cs(351,55): warning IDE0055: 淇鏍煎紡 (https://learn.microsoft.com/dotnet/fundamentals/code-analysis/style-rules/ide0055) [C:\UserWorx\VSWorx\ServoStudio\wpfui-servoStudio\samples\Wpf.Ui.servoStudio\servoStudio.csproj]
C:\UserWorx\VSWorx\ServoStudio\wpfui-servoStudio\samples\Wpf.Ui.servoStudio\Helpers\EsiToSiiConverter.cs(431,26): warning IDE0055: 淇鏍煎紡 (https://learn.microsoft.com/dotnet/fundamentals/code-analysis/style-rules/ide0055) [C:\UserWorx\VSWorx\ServoStudio\wpfui-servoStudio\samples\Wpf.Ui.servoStudio\servoStudio.csproj]
C:\UserWorx\VSWorx\ServoStudio\wpfui-servoStudio\samples\Wpf.Ui.servoStudio\Helpers\EsiToSiiConverter.cs(604,46): warning IDE0055: 淇鏍煎紡 (https://learn.microsoft.com/dotnet/fundamentals/code-analysis/style-rules/ide0055) [C:\UserWorx\VSWorx\ServoStudio\wpfui-servoStudio\samples\Wpf.Ui.servoStudio\servoStudio.csproj]
C:\UserWorx\VSWorx\ServoStudio\wpfui-servoStudio\samples\Wpf.Ui.servoStudio\Helpers\EsiToSiiConverter.cs(624,37): warning IDE0055: 淇鏍煎紡 (https://learn.microsoft.com/dotnet/fundamentals/code-analysis/style-rules/ide0055) [C:\UserWorx\VSWorx\ServoStudio\wpfui-servoStudio\samples\Wpf.Ui.servoStudio\servoStudio.csproj]
C:\UserWorx\VSWorx\ServoStudio\wpfui-servoStudio\samples\Wpf.Ui.servoStudio\Helpers\EsiToSiiConverter.cs(644,9): warning IDE2003: 鍧椾笌鍚庣画璇彞涔嬮棿闇€瑕佹湁绌虹櫧琛?(https://learn.microsoft.com/dotnet/fundamentals/code-analysis/style-rules/ide2003) [C:\UserWorx\VSWorx\ServoStudio\wpfui-servoStudio\samples\Wpf.Ui.servoStudio\servoStudio.csproj]
C:\UserWorx\VSWorx\ServoStudio\wpfui-servoStudio\samples\Wpf.Ui.servoStudio\Helpers\SoemFoEInterop.cs(429,28): warning IDE0055: 淇鏍煎紡 (https://learn.microsoft.com/dotnet/fundamentals/code-analysis/style-rules/ide0055) [C:\UserWorx\VSWorx\ServoStudio\wpfui-servoStudio\samples\Wpf.Ui.servoStudio\servoStudio.csproj]
C:\UserWorx\VSWorx\ServoStudio\wpfui-servoStudio\samples\Wpf.Ui.servoStudio\Helpers\SoemFoEInterop.cs(429,30): warning IDE0055: 淇鏍煎紡 (https://learn.microsoft.com/dotnet/fundamentals/code-analysis/style-rules/ide0055) [C:\UserWorx\VSWorx\ServoStudio\wpfui-servoStudio\samples\Wpf.Ui.servoStudio\servoStudio.csproj]
C:\UserWorx\VSWorx\ServoStudio\wpfui-servoStudio\samples\Wpf.Ui.servoStudio\Helpers\SoemFoEInterop.cs(429,72): warning IDE0055: 淇鏍煎紡 (https://learn.microsoft.com/dotnet/fundamentals/code-analysis/style-rules/ide0055) [C:\UserWorx\VSWorx\ServoStudio\wpfui-servoStudio\samples\Wpf.Ui.servoStudio\servoStudio.csproj]
C:\UserWorx\VSWorx\ServoStudio\wpfui-servoStudio\samples\Wpf.Ui.servoStudio\Helpers\SoemFoEInterop.cs(429,74): warning IDE0055: 淇鏍煎紡 (https://learn.microsoft.com/dotnet/fundamentals/code-analysis/style-rules/ide0055) [C:\UserWorx\VSWorx\ServoStudio\wpfui-servoStudio\samples\Wpf.Ui.servoStudio\servoStudio.csproj]
C:\UserWorx\VSWorx\ServoStudio\wpfui-servoStudio\samples\Wpf.Ui.servoStudio\Helpers\SoemFoEInterop.cs(529,32): warning IDE0055: 淇鏍煎紡 (https://learn.microsoft.com/dotnet/fundamentals/code-analysis/style-rules/ide0055) [C:\UserWorx\VSWorx\ServoStudio\wpfui-servoStudio\samples\Wpf.Ui.servoStudio\servoStudio.csproj]
C:\UserWorx\VSWorx\ServoStudio\wpfui-servoStudio\samples\Wpf.Ui.servoStudio\Helpers\SoemFoEInterop.cs(529,34): warning IDE0055: 淇鏍煎紡 (https://learn.microsoft.com/dotnet/fundamentals/code-analysis/style-rules/ide0055) [C:\UserWorx\VSWorx\ServoStudio\wpfui-servoStudio\samples\Wpf.Ui.servoStudio\servoStudio.csproj]
C:\UserWorx\VSWorx\ServoStudio\wpfui-servoStudio\samples\Wpf.Ui.servoStudio\Helpers\SoemFoEInterop.cs(529,76): warning IDE0055: 淇鏍煎紡 (https://learn.microsoft.com/dotnet/fundamentals/code-analysis/style-rules/ide0055) [C:\UserWorx\VSWorx\ServoStudio\wpfui-servoStudio\samples\Wpf.Ui.servoStudio\servoStudio.csproj]
C:\UserWorx\VSWorx\ServoStudio\wpfui-servoStudio\samples\Wpf.Ui.servoStudio\Helpers\SoemFoEInterop.cs(529,78): warning IDE0055: 淇鏍煎紡 (https://learn.microsoft.com/dotnet/fundamentals/code-analysis/style-rules/ide0055) [C:\UserWorx\VSWorx\ServoStudio\wpfui-servoStudio\samples\Wpf.Ui.servoStudio\servoStudio.csproj]
C:\UserWorx\VSWorx\ServoStudio\wpfui-servoStudio\samples\Wpf.Ui.servoStudio\Helpers\SoemFoEInterop.cs(607,20): warning IDE0055: 淇鏍煎紡 (https://learn.microsoft.com/dotnet/fundamentals/code-analysis/style-rules/ide0055) [C:\UserWorx\VSWorx\ServoStudio\wpfui-servoStudio\samples\Wpf.Ui.servoStudio\servoStudio.csproj]
C:\UserWorx\VSWorx\ServoStudio\wpfui-servoStudio\samples\Wpf.Ui.servoStudio\Helpers\SoemFoEInterop.cs(607,22): warning IDE0055: 淇鏍煎紡 (https://learn.microsoft.com/dotnet/fundamentals/code-analysis/style-rules/ide0055) [C:\UserWorx\VSWorx\ServoStudio\wpfui-servoStudio\samples\Wpf.Ui.servoStudio\servoStudio.csproj]
C:\UserWorx\VSWorx\ServoStudio\wpfui-servoStudio\samples\Wpf.Ui.servoStudio\Helpers\SoemFoEInterop.cs(607,38): warning IDE0055: 淇鏍煎紡 (https://learn.microsoft.com/dotnet/fundamentals/code-analysis/style-rules/ide0055) [C:\UserWorx\VSWorx\ServoStudio\wpfui-servoStudio\samples\Wpf.Ui.servoStudio\servoStudio.csproj]
C:\UserWorx\VSWorx\ServoStudio\wpfui-servoStudio\samples\Wpf.Ui.servoStudio\Helpers\SoemFoEInterop.cs(607,40): warning IDE0055: 淇鏍煎紡 (https://learn.microsoft.com/dotnet/fundamentals/code-analysis/style-rules/ide0055) [C:\UserWorx\VSWorx\ServoStudio\wpfui-servoStudio\samples\Wpf.Ui.servoStudio\servoStudio.csproj]
C:\UserWorx\VSWorx\ServoStudio\wpfui-servoStudio\samples\Wpf.Ui.servoStudio\Helpers\SoemFoEInterop.cs(609,20): warning IDE0055: 淇鏍煎紡 (https://learn.microsoft.com/dotnet/fundamentals/code-analysis/style-rules/ide0055) [C:\UserWorx\VSWorx\ServoStudio\wpfui-servoStudio\samples\Wpf.Ui.servoStudio\servoStudio.csproj]
C:\UserWorx\VSWorx\ServoStudio\wpfui-servoStudio\samples\Wpf.Ui.servoStudio\Helpers\SoemFoEInterop.cs(609,22): warning IDE0055: 淇鏍煎紡 (https://learn.microsoft.com/dotnet/fundamentals/code-analysis/style-rules/ide0055) [C:\UserWorx\VSWorx\ServoStudio\wpfui-servoStudio\samples\Wpf.Ui.servoStudio\servoStudio.csproj]
C:\UserWorx\VSWorx\ServoStudio\wpfui-servoStudio\samples\Wpf.Ui.servoStudio\Helpers\SoemFoEInterop.cs(609,49): warning IDE0055: 淇鏍煎紡 (https://learn.microsoft.com/dotnet/fundamentals/code-analysis/style-rules/ide0055) [C:\UserWorx\VSWorx\ServoStudio\wpfui-servoStudio\samples\Wpf.Ui.servoStudio\servoStudio.csproj]
C:\UserWorx\VSWorx\ServoStudio\wpfui-servoStudio\samples\Wpf.Ui.servoStudio\Helpers\SoemFoEInterop.cs(609,51): warning IDE0055: 淇鏍煎紡 (https://learn.microsoft.com/dotnet/fundamentals/code-analysis/style-rules/ide0055) [C:\UserWorx\VSWorx\ServoStudio\wpfui-servoStudio\samples\Wpf.Ui.servoStudio\servoStudio.csproj]
C:\UserWorx\VSWorx\ServoStudio\wpfui-servoStudio\samples\Wpf.Ui.servoStudio\Models\AppConfig.cs(10,40): warning IDE0055: 淇鏍煎紡 (https://learn.microsoft.com/dotnet/fundamentals/code-analysis/style-rules/ide0055) [C:\UserWorx\VSWorx\ServoStudio\wpfui-servoStudio\samples\Wpf.Ui.servoStudio\servoStudio.csproj]
C:\UserWorx\VSWorx\ServoStudio\wpfui-servoStudio\samples\Wpf.Ui.servoStudio\Models\AppConfig.cs(10,42): warning IDE0055: 淇鏍煎紡 (https://learn.microsoft.com/dotnet/fundamentals/code-analysis/style-rules/ide0055) [C:\UserWorx\VSWorx\ServoStudio\wpfui-servoStudio\samples\Wpf.Ui.servoStudio\servoStudio.csproj]
C:\UserWorx\VSWorx\ServoStudio\wpfui-servoStudio\samples\Wpf.Ui.servoStudio\Models\AppConfig.cs(10,52): warning IDE0055: 淇鏍煎紡 (https://learn.microsoft.com/dotnet/fundamentals/code-analysis/style-rules/ide0055) [C:\UserWorx\VSWorx\ServoStudio\wpfui-servoStudio\samples\Wpf.Ui.servoStudio\servoStudio.csproj]
C:\UserWorx\VSWorx\ServoStudio\wpfui-servoStudio\samples\Wpf.Ui.servoStudio\Models\AppConfig.cs(12,41): warning IDE0055: 淇鏍煎紡 (https://learn.microsoft.com/dotnet/fundamentals/code-analysis/style-rules/ide0055) [C:\UserWorx\VSWorx\ServoStudio\wpfui-servoStudio\samples\Wpf.Ui.servoStudio\servoStudio.csproj]
C:\UserWorx\VSWorx\ServoStudio\wpfui-servoStudio\samples\Wpf.Ui.servoStudio\Models\AppConfig.cs(12,43): warning IDE0055: 淇鏍煎紡 (https://learn.microsoft.com/dotnet/fundamentals/code-analysis/style-rules/ide0055) [C:\UserWorx\VSWorx\ServoStudio\wpfui-servoStudio\samples\Wpf.Ui.servoStudio\servoStudio.csproj]
C:\UserWorx\VSWorx\ServoStudio\wpfui-servoStudio\samples\Wpf.Ui.servoStudio\Models\AppConfig.cs(12,53): warning IDE0055: 淇鏍煎紡 (https://learn.microsoft.com/dotnet/fundamentals/code-analysis/style-rules/ide0055) [C:\UserWorx\VSWorx\ServoStudio\wpfui-servoStudio\samples\Wpf.Ui.servoStudio\servoStudio.csproj]
C:\UserWorx\VSWorx\ServoStudio\wpfui-servoStudio\samples\Wpf.Ui.servoStudio\Models\Cia402PdoTemplates.cs(20,31): warning IDE0055: 淇鏍煎紡 (https://learn.microsoft.com/dotnet/fundamentals/code-analysis/style-rules/ide0055) [C:\UserWorx\VSWorx\ServoStudio\wpfui-servoStudio\samples\Wpf.Ui.servoStudio\servoStudio.csproj]
C:\UserWorx\VSWorx\ServoStudio\wpfui-servoStudio\samples\Wpf.Ui.servoStudio\Models\Cia402PdoTemplates.cs(20,33): warning IDE0055: 淇鏍煎紡 (https://learn.microsoft.com/dotnet/fundamentals/code-analysis/style-rules/ide0055) [C:\UserWorx\VSWorx\ServoStudio\wpfui-servoStudio\samples\Wpf.Ui.servoStudio\servoStudio.csproj]
C:\UserWorx\VSWorx\ServoStudio\wpfui-servoStudio\samples\Wpf.Ui.servoStudio\Models\Cia402PdoTemplates.cs(20,44): warning IDE0055: 淇鏍煎紡 (https://learn.microsoft.com/dotnet/fundamentals/code-analysis/style-rules/ide0055) [C:\UserWorx\VSWorx\ServoStudio\wpfui-servoStudio\samples\Wpf.Ui.servoStudio\servoStudio.csproj]
C:\UserWorx\VSWorx\ServoStudio\wpfui-servoStudio\samples\Wpf.Ui.servoStudio\Models\Cia402PdoTemplates.cs(31,31): warning IDE0055: 淇鏍煎紡 (https://learn.microsoft.com/dotnet/fundamentals/code-analysis/style-rules/ide0055) [C:\UserWorx\VSWorx\ServoStudio\wpfui-servoStudio\samples\Wpf.Ui.servoStudio\servoStudio.csproj]
C:\UserWorx\VSWorx\ServoStudio\wpfui-servoStudio\samples\Wpf.Ui.servoStudio\Models\Cia402PdoTemplates.cs(31,33): warning IDE0055: 淇鏍煎紡 (https://learn.microsoft.com/dotnet/fundamentals/code-analysis/style-rules/ide0055) [C:\UserWorx\VSWorx\ServoStudio\wpfui-servoStudio\samples\Wpf.Ui.servoStudio\servoStudio.csproj]
C:\UserWorx\VSWorx\ServoStudio\wpfui-servoStudio\samples\Wpf.Ui.servoStudio\Models\Cia402PdoTemplates.cs(31,44): warning IDE0055: 淇鏍煎紡 (https://learn.microsoft.com/dotnet/fundamentals/code-analysis/style-rules/ide0055) [C:\UserWorx\VSWorx\ServoStudio\wpfui-servoStudio\samples\Wpf.Ui.servoStudio\servoStudio.csproj]
C:\UserWorx\VSWorx\ServoStudio\wpfui-servoStudio\samples\Wpf.Ui.servoStudio\Models\Cia402PdoTemplates.cs(34,35): warning IDE0055: 淇鏍煎紡 (https://learn.microsoft.com/dotnet/fundamentals/code-analysis/style-rules/ide0055) [C:\UserWorx\VSWorx\ServoStudio\wpfui-servoStudio\samples\Wpf.Ui.servoStudio\servoStudio.csproj]
C:\UserWorx\VSWorx\ServoStudio\wpfui-servoStudio\samples\Wpf.Ui.servoStudio\Models\Cia402PdoTemplates.cs(34,37): warning IDE0055: 淇鏍煎紡 (https://learn.microsoft.com/dotnet/fundamentals/code-analysis/style-rules/ide0055) [C:\UserWorx\VSWorx\ServoStudio\wpfui-servoStudio\samples\Wpf.Ui.servoStudio\servoStudio.csproj]
C:\UserWorx\VSWorx\ServoStudio\wpfui-servoStudio\samples\Wpf.Ui.servoStudio\Models\Cia402PdoTemplates.cs(34,48): warning IDE0055: 淇鏍煎紡 (https://learn.microsoft.com/dotnet/fundamentals/code-analysis/style-rules/ide0055) [C:\UserWorx\VSWorx\ServoStudio\wpfui-servoStudio\samples\Wpf.Ui.servoStudio\servoStudio.csproj]
C:\UserWorx\VSWorx\ServoStudio\wpfui-servoStudio\samples\Wpf.Ui.servoStudio\Models\Cia402PdoTemplates.cs(68,40): warning IDE0055: 淇鏍煎紡 (https://learn.microsoft.com/dotnet/fundamentals/code-analysis/style-rules/ide0055) [C:\UserWorx\VSWorx\ServoStudio\wpfui-servoStudio\samples\Wpf.Ui.servoStudio\servoStudio.csproj]
C:\UserWorx\VSWorx\ServoStudio\wpfui-servoStudio\samples\Wpf.Ui.servoStudio\Models\Cia402PdoTemplates.cs(68,42): warning IDE0055: 淇鏍煎紡 (https://learn.microsoft.com/dotnet/fundamentals/code-analysis/style-rules/ide0055) [C:\UserWorx\VSWorx\ServoStudio\wpfui-servoStudio\samples\Wpf.Ui.servoStudio\servoStudio.csproj]
C:\UserWorx\VSWorx\ServoStudio\wpfui-servoStudio\samples\Wpf.Ui.servoStudio\Models\Cia402PdoTemplates.cs(68,47): warning IDE0055: 淇鏍煎紡 (https://learn.microsoft.com/dotnet/fundamentals/code-analysis/style-rules/ide0055) [C:\UserWorx\VSWorx\ServoStudio\wpfui-servoStudio\samples\Wpf.Ui.servoStudio\servoStudio.csproj]
C:\UserWorx\VSWorx\ServoStudio\wpfui-servoStudio\samples\Wpf.Ui.servoStudio\Models\Cia402PdoTemplates.cs(116,40): warning IDE0055: 淇鏍煎紡 (https://learn.microsoft.com/dotnet/fundamentals/code-analysis/style-rules/ide0055) [C:\UserWorx\VSWorx\ServoStudio\wpfui-servoStudio\samples\Wpf.Ui.servoStudio\servoStudio.csproj]
C:\UserWorx\VSWorx\ServoStudio\wpfui-servoStudio\samples\Wpf.Ui.servoStudio\Models\Cia402PdoTemplates.cs(116,42): warning IDE0055: 淇鏍煎紡 (https://learn.microsoft.com/dotnet/fundamentals/code-analysis/style-rules/ide0055) [C:\UserWorx\VSWorx\ServoStudio\wpfui-servoStudio\samples\Wpf.Ui.servoStudio\servoStudio.csproj]
C:\UserWorx\VSWorx\ServoStudio\wpfui-servoStudio\samples\Wpf.Ui.servoStudio\Models\Cia402PdoTemplates.cs(116,47): warning IDE0055: 淇鏍煎紡 (https://learn.microsoft.com/dotnet/fundamentals/code-analysis/style-rules/ide0055) [C:\UserWorx\VSWorx\ServoStudio\wpfui-servoStudio\samples\Wpf.Ui.servoStudio\servoStudio.csproj]
C:\UserWorx\VSWorx\ServoStudio\wpfui-servoStudio\samples\Wpf.Ui.servoStudio\Models\Cia402PdoTemplates.cs(158,40): warning IDE0055: 淇鏍煎紡 (https://learn.microsoft.com/dotnet/fundamentals/code-analysis/style-rules/ide0055) [C:\UserWorx\VSWorx\ServoStudio\wpfui-servoStudio\samples\Wpf.Ui.servoStudio\servoStudio.csproj]
C:\UserWorx\VSWorx\ServoStudio\wpfui-servoStudio\samples\Wpf.Ui.servoStudio\Models\Cia402PdoTemplates.cs(158,42): warning IDE0055: 淇鏍煎紡 (https://learn.microsoft.com/dotnet/fundamentals/code-analysis/style-rules/ide0055) [C:\UserWorx\VSWorx\ServoStudio\wpfui-servoStudio\samples\Wpf.Ui.servoStudio\servoStudio.csproj]
C:\UserWorx\VSWorx\ServoStudio\wpfui-servoStudio\samples\Wpf.Ui.servoStudio\Models\Cia402PdoTemplates.cs(158,47): warning IDE0055: 淇鏍煎紡 (https://learn.microsoft.com/dotnet/fundamentals/code-analysis/style-rules/ide0055) [C:\UserWorx\VSWorx\ServoStudio\wpfui-servoStudio\samples\Wpf.Ui.servoStudio\servoStudio.csproj]
C:\UserWorx\VSWorx\ServoStudio\wpfui-servoStudio\samples\Wpf.Ui.servoStudio\Models\Cia402Varibles.cs(136,80): warning IDE0055: 淇鏍煎紡 (https://learn.microsoft.com/dotnet/fundamentals/code-analysis/style-rules/ide0055) [C:\UserWorx\VSWorx\ServoStudio\wpfui-servoStudio\samples\Wpf.Ui.servoStudio\servoStudio.csproj]
C:\UserWorx\VSWorx\ServoStudio\wpfui-servoStudio\samples\Wpf.Ui.servoStudio\Models\Cia402Varibles.cs(137,54): warning IDE0055: 淇鏍煎紡 (https://learn.microsoft.com/dotnet/fundamentals/code-analysis/style-rules/ide0055) [C:\UserWorx\VSWorx\ServoStudio\wpfui-servoStudio\samples\Wpf.Ui.servoStudio\servoStudio.csproj]
C:\UserWorx\VSWorx\ServoStudio\wpfui-servoStudio\samples\Wpf.Ui.servoStudio\Models\Cia402Varibles.cs(138,82): warning IDE0055: 淇鏍煎紡 (https://learn.microsoft.com/dotnet/fundamentals/code-analysis/style-rules/ide0055) [C:\UserWorx\VSWorx\ServoStudio\wpfui-servoStudio\samples\Wpf.Ui.servoStudio\servoStudio.csproj]
C:\UserWorx\VSWorx\ServoStudio\wpfui-servoStudio\samples\Wpf.Ui.servoStudio\Models\Cia402Varibles.cs(139,76): warning IDE0055: 淇鏍煎紡 (https://learn.microsoft.com/dotnet/fundamentals/code-analysis/style-rules/ide0055) [C:\UserWorx\VSWorx\ServoStudio\wpfui-servoStudio\samples\Wpf.Ui.servoStudio\servoStudio.csproj]
C:\UserWorx\VSWorx\ServoStudio\wpfui-servoStudio\samples\Wpf.Ui.servoStudio\Models\Cia402Varibles.cs(140,74): warning IDE0055: 淇鏍煎紡 (https://learn.microsoft.com/dotnet/fundamentals/code-analysis/style-rules/ide0055) [C:\UserWorx\VSWorx\ServoStudio\wpfui-servoStudio\samples\Wpf.Ui.servoStudio\servoStudio.csproj]
C:\UserWorx\VSWorx\ServoStudio\wpfui-servoStudio\samples\Wpf.Ui.servoStudio\Models\Cia402Varibles.cs(141,64): warning IDE0055: 淇鏍煎紡 (https://learn.microsoft.com/dotnet/fundamentals/code-analysis/style-rules/ide0055) [C:\UserWorx\VSWorx\ServoStudio\wpfui-servoStudio\samples\Wpf.Ui.servoStudio\servoStudio.csproj]
C:\UserWorx\VSWorx\ServoStudio\wpfui-servoStudio\samples\Wpf.Ui.servoStudio\Models\Cia402Varibles.cs(142,76): warning IDE0055: 淇鏍煎紡 (https://learn.microsoft.com/dotnet/fundamentals/code-analysis/style-rules/ide0055) [C:\UserWorx\VSWorx\ServoStudio\wpfui-servoStudio\samples\Wpf.Ui.servoStudio\servoStudio.csproj]
C:\UserWorx\VSWorx\ServoStudio\wpfui-servoStudio\samples\Wpf.Ui.servoStudio\Models\Cia402Varibles.cs(143,74): warning IDE0055: 淇鏍煎紡 (https://learn.microsoft.com/dotnet/fundamentals/code-analysis/style-rules/ide0055) [C:\UserWorx\VSWorx\ServoStudio\wpfui-servoStudio\samples\Wpf.Ui.servoStudio\servoStudio.csproj]
C:\UserWorx\VSWorx\ServoStudio\wpfui-servoStudio\samples\Wpf.Ui.servoStudio\Models\Cia402Varibles.cs(318,30): warning IDE0055: 淇鏍煎紡 (https://learn.microsoft.com/dotnet/fundamentals/code-analysis/style-rules/ide0055) [C:\UserWorx\VSWorx\ServoStudio\wpfui-servoStudio\samples\Wpf.Ui.servoStudio\servoStudio.csproj]
C:\UserWorx\VSWorx\ServoStudio\wpfui-servoStudio\samples\Wpf.Ui.servoStudio\Models\Cia402Varibles.cs(318,32): warning IDE0055: 淇鏍煎紡 (https://learn.microsoft.com/dotnet/fundamentals/code-analysis/style-rules/ide0055) [C:\UserWorx\VSWorx\ServoStudio\wpfui-servoStudio\samples\Wpf.Ui.servoStudio\servoStudio.csproj]
C:\UserWorx\VSWorx\ServoStudio\wpfui-servoStudio\samples\Wpf.Ui.servoStudio\Models\Cia402Varibles.cs(318,42): warning IDE0055: 淇鏍煎紡 (https://learn.microsoft.com/dotnet/fundamentals/code-analysis/style-rules/ide0055) [C:\UserWorx\VSWorx\ServoStudio\wpfui-servoStudio\samples\Wpf.Ui.servoStudio\servoStudio.csproj]
C:\UserWorx\VSWorx\ServoStudio\wpfui-servoStudio\samples\Wpf.Ui.servoStudio\Models\Cia402Varibles.cs(319,32): warning IDE0055: 淇鏍煎紡 (https://learn.microsoft.com/dotnet/fundamentals/code-analysis/style-rules/ide0055) [C:\UserWorx\VSWorx\ServoStudio\wpfui-servoStudio\samples\Wpf.Ui.servoStudio\servoStudio.csproj]
C:\UserWorx\VSWorx\ServoStudio\wpfui-servoStudio\samples\Wpf.Ui.servoStudio\Models\Cia402Varibles.cs(319,34): warning IDE0055: 淇鏍煎紡 (https://learn.microsoft.com/dotnet/fundamentals/code-analysis/style-rules/ide0055) [C:\UserWorx\VSWorx\ServoStudio\wpfui-servoStudio\samples\Wpf.Ui.servoStudio\servoStudio.csproj]
C:\UserWorx\VSWorx\ServoStudio\wpfui-servoStudio\samples\Wpf.Ui.servoStudio\Models\Cia402Varibles.cs(319,44): warning IDE0055: 淇鏍煎紡 (https://learn.microsoft.com/dotnet/fundamentals/code-analysis/style-rules/ide0055) [C:\UserWorx\VSWorx\ServoStudio\wpfui-servoStudio\samples\Wpf.Ui.servoStudio\servoStudio.csproj]
C:\UserWorx\VSWorx\ServoStudio\wpfui-servoStudio\samples\Wpf.Ui.servoStudio\Models\Cia402Varibles.cs(320,36): warning IDE0055: 淇鏍煎紡 (https://learn.microsoft.com/dotnet/fundamentals/code-analysis/style-rules/ide0055) [C:\UserWorx\VSWorx\ServoStudio\wpfui-servoStudio\samples\Wpf.Ui.servoStudio\servoStudio.csproj]
C:\UserWorx\VSWorx\ServoStudio\wpfui-servoStudio\samples\Wpf.Ui.servoStudio\Models\Cia402Varibles.cs(320,38): warning IDE0055: 淇鏍煎紡 (https://learn.microsoft.com/dotnet/fundamentals/code-analysis/style-rules/ide0055) [C:\UserWorx\VSWorx\ServoStudio\wpfui-servoStudio\samples\Wpf.Ui.servoStudio\servoStudio.csproj]
C:\UserWorx\VSWorx\ServoStudio\wpfui-servoStudio\samples\Wpf.Ui.servoStudio\Models\Cia402Varibles.cs(320,48): warning IDE0055: 淇鏍煎紡 (https://learn.microsoft.com/dotnet/fundamentals/code-analysis/style-rules/ide0055) [C:\UserWorx\VSWorx\ServoStudio\wpfui-servoStudio\samples\Wpf.Ui.servoStudio\servoStudio.csproj]
C:\UserWorx\VSWorx\ServoStudio\wpfui-servoStudio\samples\Wpf.Ui.servoStudio\Models\Cia402Varibles.cs(321,36): warning IDE0055: 淇鏍煎紡 (https://learn.microsoft.com/dotnet/fundamentals/code-analysis/style-rules/ide0055) [C:\UserWorx\VSWorx\ServoStudio\wpfui-servoStudio\samples\Wpf.Ui.servoStudio\servoStudio.csproj]
C:\UserWorx\VSWorx\ServoStudio\wpfui-servoStudio\samples\Wpf.Ui.servoStudio\Models\Cia402Varibles.cs(321,38): warning IDE0055: 淇鏍煎紡 (https://learn.microsoft.com/dotnet/fundamentals/code-analysis/style-rules/ide0055) [C:\UserWorx\VSWorx\ServoStudio\wpfui-servoStudio\samples\Wpf.Ui.servoStudio\servoStudio.csproj]
C:\UserWorx\VSWorx\ServoStudio\wpfui-servoStudio\samples\Wpf.Ui.servoStudio\Models\Cia402Varibles.cs(321,48): warning IDE0055: 淇鏍煎紡 (https://learn.microsoft.com/dotnet/fundamentals/code-analysis/style-rules/ide0055) [C:\UserWorx\VSWorx\ServoStudio\wpfui-servoStudio\samples\Wpf.Ui.servoStudio\servoStudio.csproj]
C:\UserWorx\VSWorx\ServoStudio\wpfui-servoStudio\samples\Wpf.Ui.servoStudio\Models\Cia402Varibles.cs(322,27): warning IDE0055: 淇鏍煎紡 (https://learn.microsoft.com/dotnet/fundamentals/code-analysis/style-rules/ide0055) [C:\UserWorx\VSWorx\ServoStudio\wpfui-servoStudio\samples\Wpf.Ui.servoStudio\servoStudio.csproj]
C:\UserWorx\VSWorx\ServoStudio\wpfui-servoStudio\samples\Wpf.Ui.servoStudio\Models\Cia402Varibles.cs(322,29): warning IDE0055: 淇鏍煎紡 (https://learn.microsoft.com/dotnet/fundamentals/code-analysis/style-rules/ide0055) [C:\UserWorx\VSWorx\ServoStudio\wpfui-servoStudio\samples\Wpf.Ui.servoStudio\servoStudio.csproj]
C:\UserWorx\VSWorx\ServoStudio\wpfui-servoStudio\samples\Wpf.Ui.servoStudio\Models\Cia402Varibles.cs(322,39): warning IDE0055: 淇鏍煎紡 (https://learn.microsoft.com/dotnet/fundamentals/code-analysis/style-rules/ide0055) [C:\UserWorx\VSWorx\ServoStudio\wpfui-servoStudio\samples\Wpf.Ui.servoStudio\servoStudio.csproj]
C:\UserWorx\VSWorx\ServoStudio\wpfui-servoStudio\samples\Wpf.Ui.servoStudio\Models\Cia402Varibles.cs(323,34): warning IDE0055: 淇鏍煎紡 (https://learn.microsoft.com/dotnet/fundamentals/code-analysis/style-rules/ide0055) [C:\UserWorx\VSWorx\ServoStudio\wpfui-servoStudio\samples\Wpf.Ui.servoStudio\servoStudio.csproj]
C:\UserWorx\VSWorx\ServoStudio\wpfui-servoStudio\samples\Wpf.Ui.servoStudio\Models\Cia402Varibles.cs(323,36): warning IDE0055: 淇鏍煎紡 (https://learn.microsoft.com/dotnet/fundamentals/code-analysis/style-rules/ide0055) [C:\UserWorx\VSWorx\ServoStudio\wpfui-servoStudio\samples\Wpf.Ui.servoStudio\servoStudio.csproj]
C:\UserWorx\VSWorx\ServoStudio\wpfui-servoStudio\samples\Wpf.Ui.servoStudio\Models\Cia402Varibles.cs(323,46): warning IDE0055: 淇鏍煎紡 (https://learn.microsoft.com/dotnet/fundamentals/code-analysis/style-rules/ide0055) [C:\UserWorx\VSWorx\ServoStudio\wpfui-servoStudio\samples\Wpf.Ui.servoStudio\servoStudio.csproj]
C:\UserWorx\VSWorx\ServoStudio\wpfui-servoStudio\samples\Wpf.Ui.servoStudio\Models\Cia402Varibles.cs(331,30): warning IDE0055: 淇鏍煎紡 (https://learn.microsoft.com/dotnet/fundamentals/code-analysis/style-rules/ide0055) [C:\UserWorx\VSWorx\ServoStudio\wpfui-servoStudio\samples\Wpf.Ui.servoStudio\servoStudio.csproj]
C:\UserWorx\VSWorx\ServoStudio\wpfui-servoStudio\samples\Wpf.Ui.servoStudio\Models\Cia402Varibles.cs(331,32): warning IDE0055: 淇鏍煎紡 (https://learn.microsoft.com/dotnet/fundamentals/code-analysis/style-rules/ide0055) [C:\UserWorx\VSWorx\ServoStudio\wpfui-servoStudio\samples\Wpf.Ui.servoStudio\servoStudio.csproj]
C:\UserWorx\VSWorx\ServoStudio\wpfui-servoStudio\samples\Wpf.Ui.servoStudio\Models\Cia402Varibles.cs(331,42): warning IDE0055: 淇鏍煎紡 (https://learn.microsoft.com/dotnet/fundamentals/code-analysis/style-rules/ide0055) [C:\UserWorx\VSWorx\ServoStudio\wpfui-servoStudio\samples\Wpf.Ui.servoStudio\servoStudio.csproj]
C:\UserWorx\VSWorx\ServoStudio\wpfui-servoStudio\samples\Wpf.Ui.servoStudio\Models\Cia402Varibles.cs(332,36): warning IDE0055: 淇鏍煎紡 (https://learn.microsoft.com/dotnet/fundamentals/code-analysis/style-rules/ide0055) [C:\UserWorx\VSWorx\ServoStudio\wpfui-servoStudio\samples\Wpf.Ui.servoStudio\servoStudio.csproj]
C:\UserWorx\VSWorx\ServoStudio\wpfui-servoStudio\samples\Wpf.Ui.servoStudio\Models\Cia402Varibles.cs(332,38): warning IDE0055: 淇鏍煎紡 (https://learn.microsoft.com/dotnet/fundamentals/code-analysis/style-rules/ide0055) [C:\UserWorx\VSWorx\ServoStudio\wpfui-servoStudio\samples\Wpf.Ui.servoStudio\servoStudio.csproj]
C:\UserWorx\VSWorx\ServoStudio\wpfui-servoStudio\samples\Wpf.Ui.servoStudio\Models\Cia402Varibles.cs(332,48): warning IDE0055: 淇鏍煎紡 (https://learn.microsoft.com/dotnet/fundamentals/code-analysis/style-rules/ide0055) [C:\UserWorx\VSWorx\ServoStudio\wpfui-servoStudio\samples\Wpf.Ui.servoStudio\servoStudio.csproj]
C:\UserWorx\VSWorx\ServoStudio\wpfui-servoStudio\samples\Wpf.Ui.servoStudio\Models\Cia402Varibles.cs(333,36): warning IDE0055: 淇鏍煎紡 (https://learn.microsoft.com/dotnet/fundamentals/code-analysis/style-rules/ide0055) [C:\UserWorx\VSWorx\ServoStudio\wpfui-servoStudio\samples\Wpf.Ui.servoStudio\servoStudio.csproj]
C:\UserWorx\VSWorx\ServoStudio\wpfui-servoStudio\samples\Wpf.Ui.servoStudio\Models\Cia402Varibles.cs(333,38): warning IDE0055: 淇鏍煎紡 (https://learn.microsoft.com/dotnet/fundamentals/code-analysis/style-rules/ide0055) [C:\UserWorx\VSWorx\ServoStudio\wpfui-servoStudio\samples\Wpf.Ui.servoStudio\servoStudio.csproj]
C:\UserWorx\VSWorx\ServoStudio\wpfui-servoStudio\samples\Wpf.Ui.servoStudio\Models\Cia402Varibles.cs(333,48): warning IDE0055: 淇鏍煎紡 (https://learn.microsoft.com/dotnet/fundamentals/code-analysis/style-rules/ide0055) [C:\UserWorx\VSWorx\ServoStudio\wpfui-servoStudio\samples\Wpf.Ui.servoStudio\servoStudio.csproj]
C:\UserWorx\VSWorx\ServoStudio\wpfui-servoStudio\samples\Wpf.Ui.servoStudio\Models\Cia402Varibles.cs(334,38): warning IDE0055: 淇鏍煎紡 (https://learn.microsoft.com/dotnet/fundamentals/code-analysis/style-rules/ide0055) [C:\UserWorx\VSWorx\ServoStudio\wpfui-servoStudio\samples\Wpf.Ui.servoStudio\servoStudio.csproj]
C:\UserWorx\VSWorx\ServoStudio\wpfui-servoStudio\samples\Wpf.Ui.servoStudio\Models\Cia402Varibles.cs(334,40): warning IDE0055: 淇鏍煎紡 (https://learn.microsoft.com/dotnet/fundamentals/code-analysis/style-rules/ide0055) [C:\UserWorx\VSWorx\ServoStudio\wpfui-servoStudio\samples\Wpf.Ui.servoStudio\servoStudio.csproj]
C:\UserWorx\VSWorx\ServoStudio\wpfui-servoStudio\samples\Wpf.Ui.servoStudio\Models\Cia402Varibles.cs(334,50): warning IDE0055: 淇鏍煎紡 (https://learn.microsoft.com/dotnet/fundamentals/code-analysis/style-rules/ide0055) [C:\UserWorx\VSWorx\ServoStudio\wpfui-servoStudio\samples\Wpf.Ui.servoStudio\servoStudio.csproj]
C:\UserWorx\VSWorx\ServoStudio\wpfui-servoStudio\samples\Wpf.Ui.servoStudio\Models\Cia402Varibles.cs(342,30): warning IDE0055: 淇鏍煎紡 (https://learn.microsoft.com/dotnet/fundamentals/code-analysis/style-rules/ide0055) [C:\UserWorx\VSWorx\ServoStudio\wpfui-servoStudio\samples\Wpf.Ui.servoStudio\servoStudio.csproj]
C:\UserWorx\VSWorx\ServoStudio\wpfui-servoStudio\samples\Wpf.Ui.servoStudio\Models\Cia402Varibles.cs(342,32): warning IDE0055: 淇鏍煎紡 (https://learn.microsoft.com/dotnet/fundamentals/code-analysis/style-rules/ide0055) [C:\UserWorx\VSWorx\ServoStudio\wpfui-servoStudio\samples\Wpf.Ui.servoStudio\servoStudio.csproj]
C:\UserWorx\VSWorx\ServoStudio\wpfui-servoStudio\samples\Wpf.Ui.servoStudio\Models\Cia402Varibles.cs(342,42): warning IDE0055: 淇鏍煎紡 (https://learn.microsoft.com/dotnet/fundamentals/code-analysis/style-rules/ide0055) [C:\UserWorx\VSWorx\ServoStudio\wpfui-servoStudio\samples\Wpf.Ui.servoStudio\servoStudio.csproj]
C:\UserWorx\VSWorx\ServoStudio\wpfui-servoStudio\samples\Wpf.Ui.servoStudio\Models\Cia402Varibles.cs(343,28): warning IDE0055: 淇鏍煎紡 (https://learn.microsoft.com/dotnet/fundamentals/code-analysis/style-rules/ide0055) [C:\UserWorx\VSWorx\ServoStudio\wpfui-servoStudio\samples\Wpf.Ui.servoStudio\servoStudio.csproj]
C:\UserWorx\VSWorx\ServoStudio\wpfui-servoStudio\samples\Wpf.Ui.servoStudio\Models\Cia402Varibles.cs(343,30): warning IDE0055: 淇鏍煎紡 (https://learn.microsoft.com/dotnet/fundamentals/code-analysis/style-rules/ide0055) [C:\UserWorx\VSWorx\ServoStudio\wpfui-servoStudio\samples\Wpf.Ui.servoStudio\servoStudio.csproj]
C:\UserWorx\VSWorx\ServoStudio\wpfui-servoStudio\samples\Wpf.Ui.servoStudio\Models\Cia402Varibles.cs(343,40): warning IDE0055: 淇鏍煎紡 (https://learn.microsoft.com/dotnet/fundamentals/code-analysis/style-rules/ide0055) [C:\UserWorx\VSWorx\ServoStudio\wpfui-servoStudio\samples\Wpf.Ui.servoStudio\servoStudio.csproj]
C:\UserWorx\VSWorx\ServoStudio\wpfui-servoStudio\samples\Wpf.Ui.servoStudio\Models\Cia402Varibles.cs(344,28): warning IDE0055: 淇鏍煎紡 (https://learn.microsoft.com/dotnet/fundamentals/code-analysis/style-rules/ide0055) [C:\UserWorx\VSWorx\ServoStudio\wpfui-servoStudio\samples\Wpf.Ui.servoStudio\servoStudio.csproj]
C:\UserWorx\VSWorx\ServoStudio\wpfui-servoStudio\samples\Wpf.Ui.servoStudio\Models\Cia402Varibles.cs(344,30): warning IDE0055: 淇鏍煎紡 (https://learn.microsoft.com/dotnet/fundamentals/code-analysis/style-rules/ide0055) [C:\UserWorx\VSWorx\ServoStudio\wpfui-servoStudio\samples\Wpf.Ui.servoStudio\servoStudio.csproj]
C:\UserWorx\VSWorx\ServoStudio\wpfui-servoStudio\samples\Wpf.Ui.servoStudio\Models\Cia402Varibles.cs(344,40): warning IDE0055: 淇鏍煎紡 (https://learn.microsoft.com/dotnet/fundamentals/code-analysis/style-rules/ide0055) [C:\UserWorx\VSWorx\ServoStudio\wpfui-servoStudio\samples\Wpf.Ui.servoStudio\servoStudio.csproj]
C:\UserWorx\VSWorx\ServoStudio\wpfui-servoStudio\samples\Wpf.Ui.servoStudio\Models\Cia402Varibles.cs(352,37): warning IDE0055: 淇鏍煎紡 (https://learn.microsoft.com/dotnet/fundamentals/code-analysis/style-rules/ide0055) [C:\UserWorx\VSWorx\ServoStudio\wpfui-servoStudio\samples\Wpf.Ui.servoStudio\servoStudio.csproj]
C:\UserWorx\VSWorx\ServoStudio\wpfui-servoStudio\samples\Wpf.Ui.servoStudio\Models\Cia402Varibles.cs(352,39): warning IDE0055: 淇鏍煎紡 (https://learn.microsoft.com/dotnet/fundamentals/code-analysis/style-rules/ide0055) [C:\UserWorx\VSWorx\ServoStudio\wpfui-servoStudio\samples\Wpf.Ui.servoStudio\servoStudio.csproj]
C:\UserWorx\VSWorx\ServoStudio\wpfui-servoStudio\samples\Wpf.Ui.servoStudio\Models\Cia402Varibles.cs(352,49): warning IDE0055: 淇鏍煎紡 (https://learn.microsoft.com/dotnet/fundamentals/code-analysis/style-rules/ide0055) [C:\UserWorx\VSWorx\ServoStudio\wpfui-servoStudio\samples\Wpf.Ui.servoStudio\servoStudio.csproj]
C:\UserWorx\VSWorx\ServoStudio\wpfui-servoStudio\samples\Wpf.Ui.servoStudio\Models\Cia402Varibles.cs(353,34): warning IDE0055: 淇鏍煎紡 (https://learn.microsoft.com/dotnet/fundamentals/code-analysis/style-rules/ide0055) [C:\UserWorx\VSWorx\ServoStudio\wpfui-servoStudio\samples\Wpf.Ui.servoStudio\servoStudio.csproj]
C:\UserWorx\VSWorx\ServoStudio\wpfui-servoStudio\samples\Wpf.Ui.servoStudio\Models\Cia402Varibles.cs(353,36): warning IDE0055: 淇鏍煎紡 (https://learn.microsoft.com/dotnet/fundamentals/code-analysis/style-rules/ide0055) [C:\UserWorx\VSWorx\ServoStudio\wpfui-servoStudio\samples\Wpf.Ui.servoStudio\servoStudio.csproj]
C:\UserWorx\VSWorx\ServoStudio\wpfui-servoStudio\samples\Wpf.Ui.servoStudio\Models\Cia402Varibles.cs(353,46): warning IDE0055: 淇鏍煎紡 (https://learn.microsoft.com/dotnet/fundamentals/code-analysis/style-rules/ide0055) [C:\UserWorx\VSWorx\ServoStudio\wpfui-servoStudio\samples\Wpf.Ui.servoStudio\servoStudio.csproj]
C:\UserWorx\VSWorx\ServoStudio\wpfui-servoStudio\samples\Wpf.Ui.servoStudio\Models\Cia402Varibles.cs(354,32): warning IDE0055: 淇鏍煎紡 (https://learn.microsoft.com/dotnet/fundamentals/code-analysis/style-rules/ide0055) [C:\UserWorx\VSWorx\ServoStudio\wpfui-servoStudio\samples\Wpf.Ui.servoStudio\servoStudio.csproj]
C:\UserWorx\VSWorx\ServoStudio\wpfui-servoStudio\samples\Wpf.Ui.servoStudio\Models\Cia402Varibles.cs(354,34): warning IDE0055: 淇鏍煎紡 (https://learn.microsoft.com/dotnet/fundamentals/code-analysis/style-rules/ide0055) [C:\UserWorx\VSWorx\ServoStudio\wpfui-servoStudio\samples\Wpf.Ui.servoStudio\servoStudio.csproj]
C:\UserWorx\VSWorx\ServoStudio\wpfui-servoStudio\samples\Wpf.Ui.servoStudio\Models\Cia402Varibles.cs(354,44): warning IDE0055: 淇鏍煎紡 (https://learn.microsoft.com/dotnet/fundamentals/code-analysis/style-rules/ide0055) [C:\UserWorx\VSWorx\ServoStudio\wpfui-servoStudio\samples\Wpf.Ui.servoStudio\servoStudio.csproj]
C:\UserWorx\VSWorx\ServoStudio\wpfui-servoStudio\samples\Wpf.Ui.servoStudio\Models\Cia402Varibles.cs(355,35): warning IDE0055: 淇鏍煎紡 (https://learn.microsoft.com/dotnet/fundamentals/code-analysis/style-rules/ide0055) [C:\UserWorx\VSWorx\ServoStudio\wpfui-servoStudio\samples\Wpf.Ui.servoStudio\servoStudio.csproj]
C:\UserWorx\VSWorx\ServoStudio\wpfui-servoStudio\samples\Wpf.Ui.servoStudio\Models\Cia402Varibles.cs(355,37): warning IDE0055: 淇鏍煎紡 (https://learn.microsoft.com/dotnet/fundamentals/code-analysis/style-rules/ide0055) [C:\UserWorx\VSWorx\ServoStudio\wpfui-servoStudio\samples\Wpf.Ui.servoStudio\servoStudio.csproj]
C:\UserWorx\VSWorx\ServoStudio\wpfui-servoStudio\samples\Wpf.Ui.servoStudio\Models\Cia402Varibles.cs(355,47): warning IDE0055: 淇鏍煎紡 (https://learn.microsoft.com/dotnet/fundamentals/code-analysis/style-rules/ide0055) [C:\UserWorx\VSWorx\ServoStudio\wpfui-servoStudio\samples\Wpf.Ui.servoStudio\servoStudio.csproj]
C:\UserWorx\VSWorx\ServoStudio\wpfui-servoStudio\samples\Wpf.Ui.servoStudio\Models\Cia402Varibles.cs(363,30): warning IDE0055: 淇鏍煎紡 (https://learn.microsoft.com/dotnet/fundamentals/code-analysis/style-rules/ide0055) [C:\UserWorx\VSWorx\ServoStudio\wpfui-servoStudio\samples\Wpf.Ui.servoStudio\servoStudio.csproj]
C:\UserWorx\VSWorx\ServoStudio\wpfui-servoStudio\samples\Wpf.Ui.servoStudio\Models\Cia402Varibles.cs(363,32): warning IDE0055: 淇鏍煎紡 (https://learn.microsoft.com/dotnet/fundamentals/code-analysis/style-rules/ide0055) [C:\UserWorx\VSWorx\ServoStudio\wpfui-servoStudio\samples\Wpf.Ui.servoStudio\servoStudio.csproj]
C:\UserWorx\VSWorx\ServoStudio\wpfui-servoStudio\samples\Wpf.Ui.servoStudio\Models\Cia402Varibles.cs(363,42): warning IDE0055: 淇鏍煎紡 (https://learn.microsoft.com/dotnet/fundamentals/code-analysis/style-rules/ide0055) [C:\UserWorx\VSWorx\ServoStudio\wpfui-servoStudio\samples\Wpf.Ui.servoStudio\servoStudio.csproj]
C:\UserWorx\VSWorx\ServoStudio\wpfui-servoStudio\samples\Wpf.Ui.servoStudio\Models\Cia402Varibles.cs(364,30): warning IDE0055: 淇鏍煎紡 (https://learn.microsoft.com/dotnet/fundamentals/code-analysis/style-rules/ide0055) [C:\UserWorx\VSWorx\ServoStudio\wpfui-servoStudio\samples\Wpf.Ui.servoStudio\servoStudio.csproj]
C:\UserWorx\VSWorx\ServoStudio\wpfui-servoStudio\samples\Wpf.Ui.servoStudio\Models\Cia402Varibles.cs(364,32): warning IDE0055: 淇鏍煎紡 (https://learn.microsoft.com/dotnet/fundamentals/code-analysis/style-rules/ide0055) [C:\UserWorx\VSWorx\ServoStudio\wpfui-servoStudio\samples\Wpf.Ui.servoStudio\servoStudio.csproj]
C:\UserWorx\VSWorx\ServoStudio\wpfui-servoStudio\samples\Wpf.Ui.servoStudio\Models\Cia402Varibles.cs(364,42): warning IDE0055: 淇鏍煎紡 (https://learn.microsoft.com/dotnet/fundamentals/code-analysis/style-rules/ide0055) [C:\UserWorx\VSWorx\ServoStudio\wpfui-servoStudio\samples\Wpf.Ui.servoStudio\servoStudio.csproj]
C:\UserWorx\VSWorx\ServoStudio\wpfui-servoStudio\samples\Wpf.Ui.servoStudio\Models\Cia402Varibles.cs(365,30): warning IDE0055: 淇鏍煎紡 (https://learn.microsoft.com/dotnet/fundamentals/code-analysis/style-rules/ide0055) [C:\UserWorx\VSWorx\ServoStudio\wpfui-servoStudio\samples\Wpf.Ui.servoStudio\servoStudio.csproj]
C:\UserWorx\VSWorx\ServoStudio\wpfui-servoStudio\samples\Wpf.Ui.servoStudio\Models\Cia402Varibles.cs(365,32): warning IDE0055: 淇鏍煎紡 (https://learn.microsoft.com/dotnet/fundamentals/code-analysis/style-rules/ide0055) [C:\UserWorx\VSWorx\ServoStudio\wpfui-servoStudio\samples\Wpf.Ui.servoStudio\servoStudio.csproj]
C:\UserWorx\VSWorx\ServoStudio\wpfui-servoStudio\samples\Wpf.Ui.servoStudio\Models\Cia402Varibles.cs(365,42): warning IDE0055: 淇鏍煎紡 (https://learn.microsoft.com/dotnet/fundamentals/code-analysis/style-rules/ide0055) [C:\UserWorx\VSWorx\ServoStudio\wpfui-servoStudio\samples\Wpf.Ui.servoStudio\servoStudio.csproj]
C:\UserWorx\VSWorx\ServoStudio\wpfui-servoStudio\samples\Wpf.Ui.servoStudio\Models\Cia402Varibles.cs(366,30): warning IDE0055: 淇鏍煎紡 (https://learn.microsoft.com/dotnet/fundamentals/code-analysis/style-rules/ide0055) [C:\UserWorx\VSWorx\ServoStudio\wpfui-servoStudio\samples\Wpf.Ui.servoStudio\servoStudio.csproj]
C:\UserWorx\VSWorx\ServoStudio\wpfui-servoStudio\samples\Wpf.Ui.servoStudio\Models\Cia402Varibles.cs(366,32): warning IDE0055: 淇鏍煎紡 (https://learn.microsoft.com/dotnet/fundamentals/code-analysis/style-rules/ide0055) [C:\UserWorx\VSWorx\ServoStudio\wpfui-servoStudio\samples\Wpf.Ui.servoStudio\servoStudio.csproj]
C:\UserWorx\VSWorx\ServoStudio\wpfui-servoStudio\samples\Wpf.Ui.servoStudio\Models\Cia402Varibles.cs(366,42): warning IDE0055: 淇鏍煎紡 (https://learn.microsoft.com/dotnet/fundamentals/code-analysis/style-rules/ide0055) [C:\UserWorx\VSWorx\ServoStudio\wpfui-servoStudio\samples\Wpf.Ui.servoStudio\servoStudio.csproj]
C:\UserWorx\VSWorx\ServoStudio\wpfui-servoStudio\samples\Wpf.Ui.servoStudio\Models\Cia402Varibles.cs(367,42): warning IDE0055: 淇鏍煎紡 (https://learn.microsoft.com/dotnet/fundamentals/code-analysis/style-rules/ide0055) [C:\UserWorx\VSWorx\ServoStudio\wpfui-servoStudio\samples\Wpf.Ui.servoStudio\servoStudio.csproj]
C:\UserWorx\VSWorx\ServoStudio\wpfui-servoStudio\samples\Wpf.Ui.servoStudio\Models\Cia402Varibles.cs(367,44): warning IDE0055: 淇鏍煎紡 (https://learn.microsoft.com/dotnet/fundamentals/code-analysis/style-rules/ide0055) [C:\UserWorx\VSWorx\ServoStudio\wpfui-servoStudio\samples\Wpf.Ui.servoStudio\servoStudio.csproj]
C:\UserWorx\VSWorx\ServoStudio\wpfui-servoStudio\samples\Wpf.Ui.servoStudio\Models\Cia402Varibles.cs(367,54): warning IDE0055: 淇鏍煎紡 (https://learn.microsoft.com/dotnet/fundamentals/code-analysis/style-rules/ide0055) [C:\UserWorx\VSWorx\ServoStudio\wpfui-servoStudio\samples\Wpf.Ui.servoStudio\servoStudio.csproj]
C:\UserWorx\VSWorx\ServoStudio\wpfui-servoStudio\samples\Wpf.Ui.servoStudio\Models\Cia402Varibles.cs(375,30): warning IDE0055: 淇鏍煎紡 (https://learn.microsoft.com/dotnet/fundamentals/code-analysis/style-rules/ide0055) [C:\UserWorx\VSWorx\ServoStudio\wpfui-servoStudio\samples\Wpf.Ui.servoStudio\servoStudio.csproj]
C:\UserWorx\VSWorx\ServoStudio\wpfui-servoStudio\samples\Wpf.Ui.servoStudio\Models\Cia402Varibles.cs(375,32): warning IDE0055: 淇鏍煎紡 (https://learn.microsoft.com/dotnet/fundamentals/code-analysis/style-rules/ide0055) [C:\UserWorx\VSWorx\ServoStudio\wpfui-servoStudio\samples\Wpf.Ui.servoStudio\servoStudio.csproj]
C:\UserWorx\VSWorx\ServoStudio\wpfui-servoStudio\samples\Wpf.Ui.servoStudio\Models\Cia402Varibles.cs(375,42): warning IDE0055: 淇鏍煎紡 (https://learn.microsoft.com/dotnet/fundamentals/code-analysis/style-rules/ide0055) [C:\UserWorx\VSWorx\ServoStudio\wpfui-servoStudio\samples\Wpf.Ui.servoStudio\servoStudio.csproj]
C:\UserWorx\VSWorx\ServoStudio\wpfui-servoStudio\samples\Wpf.Ui.servoStudio\Models\Cia402Varibles.cs(376,30): warning IDE0055: 淇鏍煎紡 (https://learn.microsoft.com/dotnet/fundamentals/code-analysis/style-rules/ide0055) [C:\UserWorx\VSWorx\ServoStudio\wpfui-servoStudio\samples\Wpf.Ui.servoStudio\servoStudio.csproj]
C:\UserWorx\VSWorx\ServoStudio\wpfui-servoStudio\samples\Wpf.Ui.servoStudio\Models\Cia402Varibles.cs(376,32): warning IDE0055: 淇鏍煎紡 (https://learn.microsoft.com/dotnet/fundamentals/code-analysis/style-rules/ide0055) [C:\UserWorx\VSWorx\ServoStudio\wpfui-servoStudio\samples\Wpf.Ui.servoStudio\servoStudio.csproj]
C:\UserWorx\VSWorx\ServoStudio\wpfui-servoStudio\samples\Wpf.Ui.servoStudio\Models\Cia402Varibles.cs(376,42): warning IDE0055: 淇鏍煎紡 (https://learn.microsoft.com/dotnet/fundamentals/code-analysis/style-rules/ide0055) [C:\UserWorx\VSWorx\ServoStudio\wpfui-servoStudio\samples\Wpf.Ui.servoStudio\servoStudio.csproj]
C:\UserWorx\VSWorx\ServoStudio\wpfui-servoStudio\samples\Wpf.Ui.servoStudio\Models\Cia402Varibles.cs(377,30): warning IDE0055: 淇鏍煎紡 (https://learn.microsoft.com/dotnet/fundamentals/code-analysis/style-rules/ide0055) [C:\UserWorx\VSWorx\ServoStudio\wpfui-servoStudio\samples\Wpf.Ui.servoStudio\servoStudio.csproj]
C:\UserWorx\VSWorx\ServoStudio\wpfui-servoStudio\samples\Wpf.Ui.servoStudio\Models\Cia402Varibles.cs(377,32): warning IDE0055: 淇鏍煎紡 (https://learn.microsoft.com/dotnet/fundamentals/code-analysis/style-rules/ide0055) [C:\UserWorx\VSWorx\ServoStudio\wpfui-servoStudio\samples\Wpf.Ui.servoStudio\servoStudio.csproj]
C:\UserWorx\VSWorx\ServoStudio\wpfui-servoStudio\samples\Wpf.Ui.servoStudio\Models\Cia402Varibles.cs(377,42): warning IDE0055: 淇鏍煎紡 (https://learn.microsoft.com/dotnet/fundamentals/code-analysis/style-rules/ide0055) [C:\UserWorx\VSWorx\ServoStudio\wpfui-servoStudio\samples\Wpf.Ui.servoStudio\servoStudio.csproj]
C:\UserWorx\VSWorx\ServoStudio\wpfui-servoStudio\samples\Wpf.Ui.servoStudio\Models\Cia402Varibles.cs(378,42): warning IDE0055: 淇鏍煎紡 (https://learn.microsoft.com/dotnet/fundamentals/code-analysis/style-rules/ide0055) [C:\UserWorx\VSWorx\ServoStudio\wpfui-servoStudio\samples\Wpf.Ui.servoStudio\servoStudio.csproj]
C:\UserWorx\VSWorx\ServoStudio\wpfui-servoStudio\samples\Wpf.Ui.servoStudio\Models\Cia402Varibles.cs(378,44): warning IDE0055: 淇鏍煎紡 (https://learn.microsoft.com/dotnet/fundamentals/code-analysis/style-rules/ide0055) [C:\UserWorx\VSWorx\ServoStudio\wpfui-servoStudio\samples\Wpf.Ui.servoStudio\servoStudio.csproj]
C:\UserWorx\VSWorx\ServoStudio\wpfui-servoStudio\samples\Wpf.Ui.servoStudio\Models\Cia402Varibles.cs(378,54): warning IDE0055: 淇鏍煎紡 (https://learn.microsoft.com/dotnet/fundamentals/code-analysis/style-rules/ide0055) [C:\UserWorx\VSWorx\ServoStudio\wpfui-servoStudio\samples\Wpf.Ui.servoStudio\servoStudio.csproj]
C:\UserWorx\VSWorx\ServoStudio\wpfui-servoStudio\samples\Wpf.Ui.servoStudio\Models\Cia402Varibles.cs(386,30): warning IDE0055: 淇鏍煎紡 (https://learn.microsoft.com/dotnet/fundamentals/code-analysis/style-rules/ide0055) [C:\UserWorx\VSWorx\ServoStudio\wpfui-servoStudio\samples\Wpf.Ui.servoStudio\servoStudio.csproj]
C:\UserWorx\VSWorx\ServoStudio\wpfui-servoStudio\samples\Wpf.Ui.servoStudio\Models\Cia402Varibles.cs(386,32): warning IDE0055: 淇鏍煎紡 (https://learn.microsoft.com/dotnet/fundamentals/code-analysis/style-rules/ide0055) [C:\UserWorx\VSWorx\ServoStudio\wpfui-servoStudio\samples\Wpf.Ui.servoStudio\servoStudio.csproj]
C:\UserWorx\VSWorx\ServoStudio\wpfui-servoStudio\samples\Wpf.Ui.servoStudio\Models\Cia402Varibles.cs(386,42): warning IDE0055: 淇鏍煎紡 (https://learn.microsoft.com/dotnet/fundamentals/code-analysis/style-rules/ide0055) [C:\UserWorx\VSWorx\ServoStudio\wpfui-servoStudio\samples\Wpf.Ui.servoStudio\servoStudio.csproj]
C:\UserWorx\VSWorx\ServoStudio\wpfui-servoStudio\samples\Wpf.Ui.servoStudio\Models\Cia402Varibles.cs(387,30): warning IDE0055: 淇鏍煎紡 (https://learn.microsoft.com/dotnet/fundamentals/code-analysis/style-rules/ide0055) [C:\UserWorx\VSWorx\ServoStudio\wpfui-servoStudio\samples\Wpf.Ui.servoStudio\servoStudio.csproj]
C:\UserWorx\VSWorx\ServoStudio\wpfui-servoStudio\samples\Wpf.Ui.servoStudio\Models\Cia402Varibles.cs(387,32): warning IDE0055: 淇鏍煎紡 (https://learn.microsoft.com/dotnet/fundamentals/code-analysis/style-rules/ide0055) [C:\UserWorx\VSWorx\ServoStudio\wpfui-servoStudio\samples\Wpf.Ui.servoStudio\servoStudio.csproj]
C:\UserWorx\VSWorx\ServoStudio\wpfui-servoStudio\samples\Wpf.Ui.servoStudio\Models\Cia402Varibles.cs(387,42): warning IDE0055: 淇鏍煎紡 (https://learn.microsoft.com/dotnet/fundamentals/code-analysis/style-rules/ide0055) [C:\UserWorx\VSWorx\ServoStudio\wpfui-servoStudio\samples\Wpf.Ui.servoStudio\servoStudio.csproj]
C:\UserWorx\VSWorx\ServoStudio\wpfui-servoStudio\samples\Wpf.Ui.servoStudio\Models\Cia402Varibles.cs(388,42): warning IDE0055: 淇鏍煎紡 (https://learn.microsoft.com/dotnet/fundamentals/code-analysis/style-rules/ide0055) [C:\UserWorx\VSWorx\ServoStudio\wpfui-servoStudio\samples\Wpf.Ui.servoStudio\servoStudio.csproj]
C:\UserWorx\VSWorx\ServoStudio\wpfui-servoStudio\samples\Wpf.Ui.servoStudio\Models\Cia402Varibles.cs(388,44): warning IDE0055: 淇鏍煎紡 (https://learn.microsoft.com/dotnet/fundamentals/code-analysis/style-rules/ide0055) [C:\UserWorx\VSWorx\ServoStudio\wpfui-servoStudio\samples\Wpf.Ui.servoStudio\servoStudio.csproj]
C:\UserWorx\VSWorx\ServoStudio\wpfui-servoStudio\samples\Wpf.Ui.servoStudio\Models\Cia402Varibles.cs(388,54): warning IDE0055: 淇鏍煎紡 (https://learn.microsoft.com/dotnet/fundamentals/code-analysis/style-rules/ide0055) [C:\UserWorx\VSWorx\ServoStudio\wpfui-servoStudio\samples\Wpf.Ui.servoStudio\servoStudio.csproj]
C:\UserWorx\VSWorx\ServoStudio\wpfui-servoStudio\samples\Wpf.Ui.servoStudio\Models\DataColor.cs(12,23): warning IDE0055: 淇鏍煎紡 (https://learn.microsoft.com/dotnet/fundamentals/code-analysis/style-rules/ide0055) [C:\UserWorx\VSWorx\ServoStudio\wpfui-servoStudio\samples\Wpf.Ui.servoStudio\servoStudio.csproj]
C:\UserWorx\VSWorx\ServoStudio\wpfui-servoStudio\samples\Wpf.Ui.servoStudio\Models\DataColor.cs(12,25): warning IDE0055: 淇鏍煎紡 (https://learn.microsoft.com/dotnet/fundamentals/code-analysis/style-rules/ide0055) [C:\UserWorx\VSWorx\ServoStudio\wpfui-servoStudio\samples\Wpf.Ui.servoStudio\servoStudio.csproj]
C:\UserWorx\VSWorx\ServoStudio\wpfui-servoStudio\samples\Wpf.Ui.servoStudio\Models\DataColor.cs(12,35): warning IDE0055: 淇鏍煎紡 (https://learn.microsoft.com/dotnet/fundamentals/code-analysis/style-rules/ide0055) [C:\UserWorx\VSWorx\ServoStudio\wpfui-servoStudio\samples\Wpf.Ui.servoStudio\servoStudio.csproj]
C:\UserWorx\VSWorx\ServoStudio\wpfui-servoStudio\samples\Wpf.Ui.servoStudio\Models\DataSaveModels.cs(51,37): warning IDE0055: 淇鏍煎紡 (https://learn.microsoft.com/dotnet/fundamentals/code-analysis/style-rules/ide0055) [C:\UserWorx\VSWorx\ServoStudio\wpfui-servoStudio\samples\Wpf.Ui.servoStudio\servoStudio.csproj]
C:\UserWorx\VSWorx\ServoStudio\wpfui-servoStudio\samples\Wpf.Ui.servoStudio\Models\DataSaveModels.cs(51,39): warning IDE0055: 淇鏍煎紡 (https://learn.microsoft.com/dotnet/fundamentals/code-analysis/style-rules/ide0055) [C:\UserWorx\VSWorx\ServoStudio\wpfui-servoStudio\samples\Wpf.Ui.servoStudio\servoStudio.csproj]
C:\UserWorx\VSWorx\ServoStudio\wpfui-servoStudio\samples\Wpf.Ui.servoStudio\Models\DataSaveModels.cs(51,50): warning IDE0055: 淇鏍煎紡 (https://learn.microsoft.com/dotnet/fundamentals/code-analysis/style-rules/ide0055) [C:\UserWorx\VSWorx\ServoStudio\wpfui-servoStudio\samples\Wpf.Ui.servoStudio\servoStudio.csproj]
C:\UserWorx\VSWorx\ServoStudio\wpfui-servoStudio\samples\Wpf.Ui.servoStudio\Models\DataSaveModels.cs(54,27): warning IDE0055: 淇鏍煎紡 (https://learn.microsoft.com/dotnet/fundamentals/code-analysis/style-rules/ide0055) [C:\UserWorx\VSWorx\ServoStudio\wpfui-servoStudio\samples\Wpf.Ui.servoStudio\servoStudio.csproj]
C:\UserWorx\VSWorx\ServoStudio\wpfui-servoStudio\samples\Wpf.Ui.servoStudio\Models\DataSaveModels.cs(54,29): warning IDE0055: 淇鏍煎紡 (https://learn.microsoft.com/dotnet/fundamentals/code-analysis/style-rules/ide0055) [C:\UserWorx\VSWorx\ServoStudio\wpfui-servoStudio\samples\Wpf.Ui.servoStudio\servoStudio.csproj]
C:\UserWorx\VSWorx\ServoStudio\wpfui-servoStudio\samples\Wpf.Ui.servoStudio\Models\DataSaveModels.cs(54,40): warning IDE0055: 淇鏍煎紡 (https://learn.microsoft.com/dotnet/fundamentals/code-analysis/style-rules/ide0055) [C:\UserWorx\VSWorx\ServoStudio\wpfui-servoStudio\samples\Wpf.Ui.servoStudio\servoStudio.csproj]
C:\UserWorx\VSWorx\ServoStudio\wpfui-servoStudio\samples\Wpf.Ui.servoStudio\Models\DataSaveModels.cs(57,28): warning IDE0055: 淇鏍煎紡 (https://learn.microsoft.com/dotnet/fundamentals/code-analysis/style-rules/ide0055) [C:\UserWorx\VSWorx\ServoStudio\wpfui-servoStudio\samples\Wpf.Ui.servoStudio\servoStudio.csproj]
C:\UserWorx\VSWorx\ServoStudio\wpfui-servoStudio\samples\Wpf.Ui.servoStudio\Models\DataSaveModels.cs(57,30): warning IDE0055: 淇鏍煎紡 (https://learn.microsoft.com/dotnet/fundamentals/code-analysis/style-rules/ide0055) [C:\UserWorx\VSWorx\ServoStudio\wpfui-servoStudio\samples\Wpf.Ui.servoStudio\servoStudio.csproj]
C:\UserWorx\VSWorx\ServoStudio\wpfui-servoStudio\samples\Wpf.Ui.servoStudio\Models\DataSaveModels.cs(57,41): warning IDE0055: 淇鏍煎紡 (https://learn.microsoft.com/dotnet/fundamentals/code-analysis/style-rules/ide0055) [C:\UserWorx\VSWorx\ServoStudio\wpfui-servoStudio\samples\Wpf.Ui.servoStudio\servoStudio.csproj]
C:\UserWorx\VSWorx\ServoStudio\wpfui-servoStudio\samples\Wpf.Ui.servoStudio\Models\DataSaveModels.cs(65,40): warning IDE0055: 淇鏍煎紡 (https://learn.microsoft.com/dotnet/fundamentals/code-analysis/style-rules/ide0055) [C:\UserWorx\VSWorx\ServoStudio\wpfui-servoStudio\samples\Wpf.Ui.servoStudio\servoStudio.csproj]
C:\UserWorx\VSWorx\ServoStudio\wpfui-servoStudio\samples\Wpf.Ui.servoStudio\Models\DataSaveModels.cs(65,42): warning IDE0055: 淇鏍煎紡 (https://learn.microsoft.com/dotnet/fundamentals/code-analysis/style-rules/ide0055) [C:\UserWorx\VSWorx\ServoStudio\wpfui-servoStudio\samples\Wpf.Ui.servoStudio\servoStudio.csproj]
C:\UserWorx\VSWorx\ServoStudio\wpfui-servoStudio\samples\Wpf.Ui.servoStudio\Models\DataSaveModels.cs(65,53): warning IDE0055: 淇鏍煎紡 (https://learn.microsoft.com/dotnet/fundamentals/code-analysis/style-rules/ide0055) [C:\UserWorx\VSWorx\ServoStudio\wpfui-servoStudio\samples\Wpf.Ui.servoStudio\servoStudio.csproj]
C:\UserWorx\VSWorx\ServoStudio\wpfui-servoStudio\samples\Wpf.Ui.servoStudio\Models\Device.cs(10,21): warning IDE0055: 淇鏍煎紡 (https://learn.microsoft.com/dotnet/fundamentals/code-analysis/style-rules/ide0055) [C:\UserWorx\VSWorx\ServoStudio\wpfui-servoStudio\samples\Wpf.Ui.servoStudio\servoStudio.csproj]
C:\UserWorx\VSWorx\ServoStudio\wpfui-servoStudio\samples\Wpf.Ui.servoStudio\Models\Device.cs(10,23): warning IDE0055: 淇鏍煎紡 (https://learn.microsoft.com/dotnet/fundamentals/code-analysis/style-rules/ide0055) [C:\UserWorx\VSWorx\ServoStudio\wpfui-servoStudio\samples\Wpf.Ui.servoStudio\servoStudio.csproj]
C:\UserWorx\VSWorx\ServoStudio\wpfui-servoStudio\samples\Wpf.Ui.servoStudio\Models\Device.cs(10,33): warning IDE0055: 淇鏍煎紡 (https://learn.microsoft.com/dotnet/fundamentals/code-analysis/style-rules/ide0055) [C:\UserWorx\VSWorx\ServoStudio\wpfui-servoStudio\samples\Wpf.Ui.servoStudio\servoStudio.csproj]
C:\UserWorx\VSWorx\ServoStudio\wpfui-servoStudio\samples\Wpf.Ui.servoStudio\Models\Device.cs(12,30): warning IDE0055: 淇鏍煎紡 (https://learn.microsoft.com/dotnet/fundamentals/code-analysis/style-rules/ide0055) [C:\UserWorx\VSWorx\ServoStudio\wpfui-servoStudio\samples\Wpf.Ui.servoStudio\servoStudio.csproj]
C:\UserWorx\VSWorx\ServoStudio\wpfui-servoStudio\samples\Wpf.Ui.servoStudio\Models\Device.cs(12,32): warning IDE0055: 淇鏍煎紡 (https://learn.microsoft.com/dotnet/fundamentals/code-analysis/style-rules/ide0055) [C:\UserWorx\VSWorx\ServoStudio\wpfui-servoStudio\samples\Wpf.Ui.servoStudio\servoStudio.csproj]
C:\UserWorx\VSWorx\ServoStudio\wpfui-servoStudio\samples\Wpf.Ui.servoStudio\Models\Device.cs(12,42): warning IDE0055: 淇鏍煎紡 (https://learn.microsoft.com/dotnet/fundamentals/code-analysis/style-rules/ide0055) [C:\UserWorx\VSWorx\ServoStudio\wpfui-servoStudio\samples\Wpf.Ui.servoStudio\servoStudio.csproj]
C:\UserWorx\VSWorx\ServoStudio\wpfui-servoStudio\samples\Wpf.Ui.servoStudio\Models\Device.cs(14,28): warning IDE0055: 淇鏍煎紡 (https://learn.microsoft.com/dotnet/fundamentals/code-analysis/style-rules/ide0055) [C:\UserWorx\VSWorx\ServoStudio\wpfui-servoStudio\samples\Wpf.Ui.servoStudio\servoStudio.csproj]
C:\UserWorx\VSWorx\ServoStudio\wpfui-servoStudio\samples\Wpf.Ui.servoStudio\Models\Device.cs(14,30): warning IDE0055: 淇鏍煎紡 (https://learn.microsoft.com/dotnet/fundamentals/code-analysis/style-rules/ide0055) [C:\UserWorx\VSWorx\ServoStudio\wpfui-servoStudio\samples\Wpf.Ui.servoStudio\servoStudio.csproj]
C:\UserWorx\VSWorx\ServoStudio\wpfui-servoStudio\samples\Wpf.Ui.servoStudio\Models\Device.cs(14,40): warning IDE0055: 淇鏍煎紡 (https://learn.microsoft.com/dotnet/fundamentals/code-analysis/style-rules/ide0055) [C:\UserWorx\VSWorx\ServoStudio\wpfui-servoStudio\samples\Wpf.Ui.servoStudio\servoStudio.csproj]
C:\UserWorx\VSWorx\ServoStudio\wpfui-servoStudio\samples\Wpf.Ui.servoStudio\Models\Device.cs(16,27): warning IDE0055: 淇鏍煎紡 (https://learn.microsoft.com/dotnet/fundamentals/code-analysis/style-rules/ide0055) [C:\UserWorx\VSWorx\ServoStudio\wpfui-servoStudio\samples\Wpf.Ui.servoStudio\servoStudio.csproj]
C:\UserWorx\VSWorx\ServoStudio\wpfui-servoStudio\samples\Wpf.Ui.servoStudio\Models\Device.cs(16,29): warning IDE0055: 淇鏍煎紡 (https://learn.microsoft.com/dotnet/fundamentals/code-analysis/style-rules/ide0055) [C:\UserWorx\VSWorx\ServoStudio\wpfui-servoStudio\samples\Wpf.Ui.servoStudio\servoStudio.csproj]
C:\UserWorx\VSWorx\ServoStudio\wpfui-servoStudio\samples\Wpf.Ui.servoStudio\Models\Device.cs(16,39): warning IDE0055: 淇鏍煎紡 (https://learn.microsoft.com/dotnet/fundamentals/code-analysis/style-rules/ide0055) [C:\UserWorx\VSWorx\ServoStudio\wpfui-servoStudio\samples\Wpf.Ui.servoStudio\servoStudio.csproj]
C:\UserWorx\VSWorx\ServoStudio\wpfui-servoStudio\samples\Wpf.Ui.servoStudio\Models\FactoryParameters.cs(68,29): warning IDE0055: 淇鏍煎紡 (https://learn.microsoft.com/dotnet/fundamentals/code-analysis/style-rules/ide0055) [C:\UserWorx\VSWorx\ServoStudio\wpfui-servoStudio\samples\Wpf.Ui.servoStudio\servoStudio.csproj]
C:\UserWorx\VSWorx\ServoStudio\wpfui-servoStudio\samples\Wpf.Ui.servoStudio\Models\FactoryParameters.cs(68,31): warning IDE0055: 淇鏍煎紡 (https://learn.microsoft.com/dotnet/fundamentals/code-analysis/style-rules/ide0055) [C:\UserWorx\VSWorx\ServoStudio\wpfui-servoStudio\samples\Wpf.Ui.servoStudio\servoStudio.csproj]
C:\UserWorx\VSWorx\ServoStudio\wpfui-servoStudio\samples\Wpf.Ui.servoStudio\Models\FactoryParameters.cs(68,41): warning IDE0055: 淇鏍煎紡 (https://learn.microsoft.com/dotnet/fundamentals/code-analysis/style-rules/ide0055) [C:\UserWorx\VSWorx\ServoStudio\wpfui-servoStudio\samples\Wpf.Ui.servoStudio\servoStudio.csproj]
C:\UserWorx\VSWorx\ServoStudio\wpfui-servoStudio\samples\Wpf.Ui.servoStudio\Models\FactoryParameters.cs(160,27): warning IDE0055: 淇鏍煎紡 (https://learn.microsoft.com/dotnet/fundamentals/code-analysis/style-rules/ide0055) [C:\UserWorx\VSWorx\ServoStudio\wpfui-servoStudio\samples\Wpf.Ui.servoStudio\servoStudio.csproj]
C:\UserWorx\VSWorx\ServoStudio\wpfui-servoStudio\samples\Wpf.Ui.servoStudio\Models\FactoryParameters.cs(160,29): warning IDE0055: 淇鏍煎紡 (https://learn.microsoft.com/dotnet/fundamentals/code-analysis/style-rules/ide0055) [C:\UserWorx\VSWorx\ServoStudio\wpfui-servoStudio\samples\Wpf.Ui.servoStudio\servoStudio.csproj]
C:\UserWorx\VSWorx\ServoStudio\wpfui-servoStudio\samples\Wpf.Ui.servoStudio\Models\FactoryParameters.cs(160,34): warning IDE0055: 淇鏍煎紡 (https://learn.microsoft.com/dotnet/fundamentals/code-analysis/style-rules/ide0055) [C:\UserWorx\VSWorx\ServoStudio\wpfui-servoStudio\samples\Wpf.Ui.servoStudio\servoStudio.csproj]
C:\UserWorx\VSWorx\ServoStudio\wpfui-servoStudio\samples\Wpf.Ui.servoStudio\Models\FactoryParameters.cs(166,29): warning IDE0055: 淇鏍煎紡 (https://learn.microsoft.com/dotnet/fundamentals/code-analysis/style-rules/ide0055) [C:\UserWorx\VSWorx\ServoStudio\wpfui-servoStudio\samples\Wpf.Ui.servoStudio\servoStudio.csproj]
C:\UserWorx\VSWorx\ServoStudio\wpfui-servoStudio\samples\Wpf.Ui.servoStudio\Models\FactoryParameters.cs(166,31): warning IDE0055: 淇鏍煎紡 (https://learn.microsoft.com/dotnet/fundamentals/code-analysis/style-rules/ide0055) [C:\UserWorx\VSWorx\ServoStudio\wpfui-servoStudio\samples\Wpf.Ui.servoStudio\servoStudio.csproj]
C:\UserWorx\VSWorx\ServoStudio\wpfui-servoStudio\samples\Wpf.Ui.servoStudio\Models\FactoryParameters.cs(166,41): warning IDE0055: 淇鏍煎紡 (https://learn.microsoft.com/dotnet/fundamentals/code-analysis/style-rules/ide0055) [C:\UserWorx\VSWorx\ServoStudio\wpfui-servoStudio\samples\Wpf.Ui.servoStudio\servoStudio.csproj]
C:\UserWorx\VSWorx\ServoStudio\wpfui-servoStudio\samples\Wpf.Ui.servoStudio\Models\FactoryParameters.cs(168,29): warning IDE0055: 淇鏍煎紡 (https://learn.microsoft.com/dotnet/fundamentals/code-analysis/style-rules/ide0055) [C:\UserWorx\VSWorx\ServoStudio\wpfui-servoStudio\samples\Wpf.Ui.servoStudio\servoStudio.csproj]
C:\UserWorx\VSWorx\ServoStudio\wpfui-servoStudio\samples\Wpf.Ui.servoStudio\Models\FactoryParameters.cs(168,31): warning IDE0055: 淇鏍煎紡 (https://learn.microsoft.com/dotnet/fundamentals/code-analysis/style-rules/ide0055) [C:\UserWorx\VSWorx\ServoStudio\wpfui-servoStudio\samples\Wpf.Ui.servoStudio\servoStudio.csproj]
C:\UserWorx\VSWorx\ServoStudio\wpfui-servoStudio\samples\Wpf.Ui.servoStudio\Models\FactoryParameters.cs(168,41): warning IDE0055: 淇鏍煎紡 (https://learn.microsoft.com/dotnet/fundamentals/code-analysis/style-rules/ide0055) [C:\UserWorx\VSWorx\ServoStudio\wpfui-servoStudio\samples\Wpf.Ui.servoStudio\servoStudio.csproj]
C:\UserWorx\VSWorx\ServoStudio\wpfui-servoStudio\samples\Wpf.Ui.servoStudio\Models\FrameFormat.cs(103,29): warning IDE0055: 淇鏍煎紡 (https://learn.microsoft.com/dotnet/fundamentals/code-analysis/style-rules/ide0055) [C:\UserWorx\VSWorx\ServoStudio\wpfui-servoStudio\samples\Wpf.Ui.servoStudio\servoStudio.csproj]
C:\UserWorx\VSWorx\ServoStudio\wpfui-servoStudio\samples\Wpf.Ui.servoStudio\Models\FrameFormat.cs(103,31): warning IDE0055: 淇鏍煎紡 (https://learn.microsoft.com/dotnet/fundamentals/code-analysis/style-rules/ide0055) [C:\UserWorx\VSWorx\ServoStudio\wpfui-servoStudio\samples\Wpf.Ui.servoStudio\servoStudio.csproj]
C:\UserWorx\VSWorx\ServoStudio\wpfui-servoStudio\samples\Wpf.Ui.servoStudio\Models\FrameFormat.cs(131,41): warning IDE0055: 淇鏍煎紡 (https://learn.microsoft.com/dotnet/fundamentals/code-analysis/style-rules/ide0055) [C:\UserWorx\VSWorx\ServoStudio\wpfui-servoStudio\samples\Wpf.Ui.servoStudio\servoStudio.csproj]
C:\UserWorx\VSWorx\ServoStudio\wpfui-servoStudio\samples\Wpf.Ui.servoStudio\Models\FrameFormat.cs(149,25): warning IDE0055: 淇鏍煎紡 (https://learn.microsoft.com/dotnet/fundamentals/code-analysis/style-rules/ide0055) [C:\UserWorx\VSWorx\ServoStudio\wpfui-servoStudio\samples\Wpf.Ui.servoStudio\servoStudio.csproj]
C:\UserWorx\VSWorx\ServoStudio\wpfui-servoStudio\samples\Wpf.Ui.servoStudio\Models\FrameFormat.cs(156,27): warning IDE0055: 淇鏍煎紡 (https://learn.microsoft.com/dotnet/fundamentals/code-analysis/style-rules/ide0055) [C:\UserWorx\VSWorx\ServoStudio\wpfui-servoStudio\samples\Wpf.Ui.servoStudio\servoStudio.csproj]
C:\UserWorx\VSWorx\ServoStudio\wpfui-servoStudio\samples\Wpf.Ui.servoStudio\Models\FrameFormat.cs(207,49): warning IDE0055: 淇鏍煎紡 (https://learn.microsoft.com/dotnet/fundamentals/code-analysis/style-rules/ide0055) [C:\UserWorx\VSWorx\ServoStudio\wpfui-servoStudio\samples\Wpf.Ui.servoStudio\servoStudio.csproj]
C:\UserWorx\VSWorx\ServoStudio\wpfui-servoStudio\samples\Wpf.Ui.servoStudio\Models\FrameFormat.cs(253,51): warning IDE0055: 淇鏍煎紡 (https://learn.microsoft.com/dotnet/fundamentals/code-analysis/style-rules/ide0055) [C:\UserWorx\VSWorx\ServoStudio\wpfui-servoStudio\samples\Wpf.Ui.servoStudio\servoStudio.csproj]
C:\UserWorx\VSWorx\ServoStudio\wpfui-servoStudio\samples\Wpf.Ui.servoStudio\Models\FrameFormat.cs(256,29): warning IDE0055: 淇鏍煎紡 (https://learn.microsoft.com/dotnet/fundamentals/code-analysis/style-rules/ide0055) [C:\UserWorx\VSWorx\ServoStudio\wpfui-servoStudio\samples\Wpf.Ui.servoStudio\servoStudio.csproj]
C:\UserWorx\VSWorx\ServoStudio\wpfui-servoStudio\samples\Wpf.Ui.servoStudio\Models\FrameFormat.cs(261,50): warning IDE0055: 淇鏍煎紡 (https://learn.microsoft.com/dotnet/fundamentals/code-analysis/style-rules/ide0055) [C:\UserWorx\VSWorx\ServoStudio\wpfui-servoStudio\samples\Wpf.Ui.servoStudio\servoStudio.csproj]
C:\UserWorx\VSWorx\ServoStudio\wpfui-servoStudio\samples\Wpf.Ui.servoStudio\Models\FrameFormat.cs(262,51): warning IDE0055: 淇鏍煎紡 (https://learn.microsoft.com/dotnet/fundamentals/code-analysis/style-rules/ide0055) [C:\UserWorx\VSWorx\ServoStudio\wpfui-servoStudio\samples\Wpf.Ui.servoStudio\servoStudio.csproj]
C:\UserWorx\VSWorx\ServoStudio\wpfui-servoStudio\samples\Wpf.Ui.servoStudio\Models\FrameFormat.cs(445,43): warning IDE0055: 淇鏍煎紡 (https://learn.microsoft.com/dotnet/fundamentals/code-analysis/style-rules/ide0055) [C:\UserWorx\VSWorx\ServoStudio\wpfui-servoStudio\samples\Wpf.Ui.servoStudio\servoStudio.csproj]
C:\UserWorx\VSWorx\ServoStudio\wpfui-servoStudio\samples\Wpf.Ui.servoStudio\Models\FrameFormat.cs(445,45): warning IDE0055: 淇鏍煎紡 (https://learn.microsoft.com/dotnet/fundamentals/code-analysis/style-rules/ide0055) [C:\UserWorx\VSWorx\ServoStudio\wpfui-servoStudio\samples\Wpf.Ui.servoStudio\servoStudio.csproj]
C:\UserWorx\VSWorx\ServoStudio\wpfui-servoStudio\samples\Wpf.Ui.servoStudio\Models\FrameFormat.cs(445,50): warning IDE0055: 淇鏍煎紡 (https://learn.microsoft.com/dotnet/fundamentals/code-analysis/style-rules/ide0055) [C:\UserWorx\VSWorx\ServoStudio\wpfui-servoStudio\samples\Wpf.Ui.servoStudio\servoStudio.csproj]
C:\UserWorx\VSWorx\ServoStudio\wpfui-servoStudio\samples\Wpf.Ui.servoStudio\Models\FrameFormat.cs(447,30): warning IDE0055: 淇鏍煎紡 (https://learn.microsoft.com/dotnet/fundamentals/code-analysis/style-rules/ide0055) [C:\UserWorx\VSWorx\ServoStudio\wpfui-servoStudio\samples\Wpf.Ui.servoStudio\servoStudio.csproj]
C:\UserWorx\VSWorx\ServoStudio\wpfui-servoStudio\samples\Wpf.Ui.servoStudio\Models\FrameFormat.cs(447,32): warning IDE0055: 淇鏍煎紡 (https://learn.microsoft.com/dotnet/fundamentals/code-analysis/style-rules/ide0055) [C:\UserWorx\VSWorx\ServoStudio\wpfui-servoStudio\samples\Wpf.Ui.servoStudio\servoStudio.csproj]
C:\UserWorx\VSWorx\ServoStudio\wpfui-servoStudio\samples\Wpf.Ui.servoStudio\Models\FrameFormat.cs(447,37): warning IDE0055: 淇鏍煎紡 (https://learn.microsoft.com/dotnet/fundamentals/code-analysis/style-rules/ide0055) [C:\UserWorx\VSWorx\ServoStudio\wpfui-servoStudio\samples\Wpf.Ui.servoStudio\servoStudio.csproj]
C:\UserWorx\VSWorx\ServoStudio\wpfui-servoStudio\samples\Wpf.Ui.servoStudio\Models\FrameFormat.cs(463,43): warning IDE0055: 淇鏍煎紡 (https://learn.microsoft.com/dotnet/fundamentals/code-analysis/style-rules/ide0055) [C:\UserWorx\VSWorx\ServoStudio\wpfui-servoStudio\samples\Wpf.Ui.servoStudio\servoStudio.csproj]
C:\UserWorx\VSWorx\ServoStudio\wpfui-servoStudio\samples\Wpf.Ui.servoStudio\Models\FrameFormat.cs(463,45): warning IDE0055: 淇鏍煎紡 (https://learn.microsoft.com/dotnet/fundamentals/code-analysis/style-rules/ide0055) [C:\UserWorx\VSWorx\ServoStudio\wpfui-servoStudio\samples\Wpf.Ui.servoStudio\servoStudio.csproj]
C:\UserWorx\VSWorx\ServoStudio\wpfui-servoStudio\samples\Wpf.Ui.servoStudio\Models\FrameFormat.cs(463,50): warning IDE0055: 淇鏍煎紡 (https://learn.microsoft.com/dotnet/fundamentals/code-analysis/style-rules/ide0055) [C:\UserWorx\VSWorx\ServoStudio\wpfui-servoStudio\samples\Wpf.Ui.servoStudio\servoStudio.csproj]
C:\UserWorx\VSWorx\ServoStudio\wpfui-servoStudio\samples\Wpf.Ui.servoStudio\Models\FrameFormat.cs(143,9): warning IDE2003: 鍧椾笌鍚庣画璇彞涔嬮棿闇€瑕佹湁绌虹櫧琛?(https://learn.microsoft.com/dotnet/fundamentals/code-analysis/style-rules/ide2003) [C:\UserWorx\VSWorx\ServoStudio\wpfui-servoStudio\samples\Wpf.Ui.servoStudio\servoStudio.csproj]
C:\UserWorx\VSWorx\ServoStudio\wpfui-servoStudio\samples\Wpf.Ui.servoStudio\Models\HardwareController.cs(41,27): warning IDE0055: 淇鏍煎紡 (https://learn.microsoft.com/dotnet/fundamentals/code-analysis/style-rules/ide0055) [C:\UserWorx\VSWorx\ServoStudio\wpfui-servoStudio\samples\Wpf.Ui.servoStudio\servoStudio.csproj]
C:\UserWorx\VSWorx\ServoStudio\wpfui-servoStudio\samples\Wpf.Ui.servoStudio\Models\HardwareController.cs(41,29): warning IDE0055: 淇鏍煎紡 (https://learn.microsoft.com/dotnet/fundamentals/code-analysis/style-rules/ide0055) [C:\UserWorx\VSWorx\ServoStudio\wpfui-servoStudio\samples\Wpf.Ui.servoStudio\servoStudio.csproj]
C:\UserWorx\VSWorx\ServoStudio\wpfui-servoStudio\samples\Wpf.Ui.servoStudio\Models\HardwareController.cs(41,39): warning IDE0055: 淇鏍煎紡 (https://learn.microsoft.com/dotnet/fundamentals/code-analysis/style-rules/ide0055) [C:\UserWorx\VSWorx\ServoStudio\wpfui-servoStudio\samples\Wpf.Ui.servoStudio\servoStudio.csproj]
C:\UserWorx\VSWorx\ServoStudio\wpfui-servoStudio\samples\Wpf.Ui.servoStudio\Models\HardwareController.cs(44,27): warning IDE0055: 淇鏍煎紡 (https://learn.microsoft.com/dotnet/fundamentals/code-analysis/style-rules/ide0055) [C:\UserWorx\VSWorx\ServoStudio\wpfui-servoStudio\samples\Wpf.Ui.servoStudio\servoStudio.csproj]
C:\UserWorx\VSWorx\ServoStudio\wpfui-servoStudio\samples\Wpf.Ui.servoStudio\Models\HardwareController.cs(44,29): warning IDE0055: 淇鏍煎紡 (https://learn.microsoft.com/dotnet/fundamentals/code-analysis/style-rules/ide0055) [C:\UserWorx\VSWorx\ServoStudio\wpfui-servoStudio\samples\Wpf.Ui.servoStudio\servoStudio.csproj]
C:\UserWorx\VSWorx\ServoStudio\wpfui-servoStudio\samples\Wpf.Ui.servoStudio\Models\HardwareController.cs(44,39): warning IDE0055: 淇鏍煎紡 (https://learn.microsoft.com/dotnet/fundamentals/code-analysis/style-rules/ide0055) [C:\UserWorx\VSWorx\ServoStudio\wpfui-servoStudio\samples\Wpf.Ui.servoStudio\servoStudio.csproj]
C:\UserWorx\VSWorx\ServoStudio\wpfui-servoStudio\samples\Wpf.Ui.servoStudio\Models\HardwareController.cs(47,28): warning IDE0055: 淇鏍煎紡 (https://learn.microsoft.com/dotnet/fundamentals/code-analysis/style-rules/ide0055) [C:\UserWorx\VSWorx\ServoStudio\wpfui-servoStudio\samples\Wpf.Ui.servoStudio\servoStudio.csproj]
C:\UserWorx\VSWorx\ServoStudio\wpfui-servoStudio\samples\Wpf.Ui.servoStudio\Models\HardwareController.cs(47,30): warning IDE0055: 淇鏍煎紡 (https://learn.microsoft.com/dotnet/fundamentals/code-analysis/style-rules/ide0055) [C:\UserWorx\VSWorx\ServoStudio\wpfui-servoStudio\samples\Wpf.Ui.servoStudio\servoStudio.csproj]
C:\UserWorx\VSWorx\ServoStudio\wpfui-servoStudio\samples\Wpf.Ui.servoStudio\Models\HardwareController.cs(47,40): warning IDE0055: 淇鏍煎紡 (https://learn.microsoft.com/dotnet/fundamentals/code-analysis/style-rules/ide0055) [C:\UserWorx\VSWorx\ServoStudio\wpfui-servoStudio\samples\Wpf.Ui.servoStudio\servoStudio.csproj]
C:\UserWorx\VSWorx\ServoStudio\wpfui-servoStudio\samples\Wpf.Ui.servoStudio\Models\HardwareController.cs(89,12): warning IDE0055: 淇鏍煎紡 (https://learn.microsoft.com/dotnet/fundamentals/code-analysis/style-rules/ide0055) [C:\UserWorx\VSWorx\ServoStudio\wpfui-servoStudio\samples\Wpf.Ui.servoStudio\servoStudio.csproj]
C:\UserWorx\VSWorx\ServoStudio\wpfui-servoStudio\samples\Wpf.Ui.servoStudio\Models\HardwareController.cs(89,14): warning IDE0055: 淇鏍煎紡 (https://learn.microsoft.com/dotnet/fundamentals/code-analysis/style-rules/ide0055) [C:\UserWorx\VSWorx\ServoStudio\wpfui-servoStudio\samples\Wpf.Ui.servoStudio\servoStudio.csproj]
C:\UserWorx\VSWorx\ServoStudio\wpfui-servoStudio\samples\Wpf.Ui.servoStudio\Models\HardwareController.cs(89,38): warning IDE0055: 淇鏍煎紡 (https://learn.microsoft.com/dotnet/fundamentals/code-analysis/style-rules/ide0055) [C:\UserWorx\VSWorx\ServoStudio\wpfui-servoStudio\samples\Wpf.Ui.servoStudio\servoStudio.csproj]
C:\UserWorx\VSWorx\ServoStudio\wpfui-servoStudio\samples\Wpf.Ui.servoStudio\Models\HardwareController.cs(89,59): warning IDE0055: 淇鏍煎紡 (https://learn.microsoft.com/dotnet/fundamentals/code-analysis/style-rules/ide0055) [C:\UserWorx\VSWorx\ServoStudio\wpfui-servoStudio\samples\Wpf.Ui.servoStudio\servoStudio.csproj]
C:\UserWorx\VSWorx\ServoStudio\wpfui-servoStudio\samples\Wpf.Ui.servoStudio\Models\HardwareController.cs(97,12): warning IDE0055: 淇鏍煎紡 (https://learn.microsoft.com/dotnet/fundamentals/code-analysis/style-rules/ide0055) [C:\UserWorx\VSWorx\ServoStudio\wpfui-servoStudio\samples\Wpf.Ui.servoStudio\servoStudio.csproj]
C:\UserWorx\VSWorx\ServoStudio\wpfui-servoStudio\samples\Wpf.Ui.servoStudio\Models\HardwareController.cs(97,14): warning IDE0055: 淇鏍煎紡 (https://learn.microsoft.com/dotnet/fundamentals/code-analysis/style-rules/ide0055) [C:\UserWorx\VSWorx\ServoStudio\wpfui-servoStudio\samples\Wpf.Ui.servoStudio\servoStudio.csproj]
C:\UserWorx\VSWorx\ServoStudio\wpfui-servoStudio\samples\Wpf.Ui.servoStudio\Models\HardwareController.cs(97,35): warning IDE0055: 淇鏍煎紡 (https://learn.microsoft.com/dotnet/fundamentals/code-analysis/style-rules/ide0055) [C:\UserWorx\VSWorx\ServoStudio\wpfui-servoStudio\samples\Wpf.Ui.servoStudio\servoStudio.csproj]
C:\UserWorx\VSWorx\ServoStudio\wpfui-servoStudio\samples\Wpf.Ui.servoStudio\Models\HardwareController.cs(97,56): warning IDE0055: 淇鏍煎紡 (https://learn.microsoft.com/dotnet/fundamentals/code-analysis/style-rules/ide0055) [C:\UserWorx\VSWorx\ServoStudio\wpfui-servoStudio\samples\Wpf.Ui.servoStudio\servoStudio.csproj]
C:\UserWorx\VSWorx\ServoStudio\wpfui-servoStudio\samples\Wpf.Ui.servoStudio\Models\HexConvert.cs(18,26): warning IDE0055: 淇鏍煎紡 (https://learn.microsoft.com/dotnet/fundamentals/code-analysis/style-rules/ide0055) [C:\UserWorx\VSWorx\ServoStudio\wpfui-servoStudio\samples\Wpf.Ui.servoStudio\servoStudio.csproj]
C:\UserWorx\VSWorx\ServoStudio\wpfui-servoStudio\samples\Wpf.Ui.servoStudio\Models\HexConvert.cs(19,26): warning IDE0055: 淇鏍煎紡 (https://learn.microsoft.com/dotnet/fundamentals/code-analysis/style-rules/ide0055) [C:\UserWorx\VSWorx\ServoStudio\wpfui-servoStudio\samples\Wpf.Ui.servoStudio\servoStudio.csproj]
C:\UserWorx\VSWorx\ServoStudio\wpfui-servoStudio\samples\Wpf.Ui.servoStudio\Models\HexConvert.cs(19,46): warning IDE0055: 淇鏍煎紡 (https://learn.microsoft.com/dotnet/fundamentals/code-analysis/style-rules/ide0055) [C:\UserWorx\VSWorx\ServoStudio\wpfui-servoStudio\samples\Wpf.Ui.servoStudio\servoStudio.csproj]
C:\UserWorx\VSWorx\ServoStudio\wpfui-servoStudio\samples\Wpf.Ui.servoStudio\Models\HexConvert.cs(20,26): warning IDE0055: 淇鏍煎紡 (https://learn.microsoft.com/dotnet/fundamentals/code-analysis/style-rules/ide0055) [C:\UserWorx\VSWorx\ServoStudio\wpfui-servoStudio\samples\Wpf.Ui.servoStudio\servoStudio.csproj]
C:\UserWorx\VSWorx\ServoStudio\wpfui-servoStudio\samples\Wpf.Ui.servoStudio\Models\HexConvert.cs(20,46): warning IDE0055: 淇鏍煎紡 (https://learn.microsoft.com/dotnet/fundamentals/code-analysis/style-rules/ide0055) [C:\UserWorx\VSWorx\ServoStudio\wpfui-servoStudio\samples\Wpf.Ui.servoStudio\servoStudio.csproj]
C:\UserWorx\VSWorx\ServoStudio\wpfui-servoStudio\samples\Wpf.Ui.servoStudio\Models\HexConvert.cs(21,26): warning IDE0055: 淇鏍煎紡 (https://learn.microsoft.com/dotnet/fundamentals/code-analysis/style-rules/ide0055) [C:\UserWorx\VSWorx\ServoStudio\wpfui-servoStudio\samples\Wpf.Ui.servoStudio\servoStudio.csproj]
C:\UserWorx\VSWorx\ServoStudio\wpfui-servoStudio\samples\Wpf.Ui.servoStudio\Models\HexConvert.cs(21,46): warning IDE0055: 淇鏍煎紡 (https://learn.microsoft.com/dotnet/fundamentals/code-analysis/style-rules/ide0055) [C:\UserWorx\VSWorx\ServoStudio\wpfui-servoStudio\samples\Wpf.Ui.servoStudio\servoStudio.csproj]
C:\UserWorx\VSWorx\ServoStudio\wpfui-servoStudio\samples\Wpf.Ui.servoStudio\Models\HexConvert.cs(22,26): warning IDE0055: 淇鏍煎紡 (https://learn.microsoft.com/dotnet/fundamentals/code-analysis/style-rules/ide0055) [C:\UserWorx\VSWorx\ServoStudio\wpfui-servoStudio\samples\Wpf.Ui.servoStudio\servoStudio.csproj]
C:\UserWorx\VSWorx\ServoStudio\wpfui-servoStudio\samples\Wpf.Ui.servoStudio\Models\HexConvert.cs(22,46): warning IDE0055: 淇鏍煎紡 (https://learn.microsoft.com/dotnet/fundamentals/code-analysis/style-rules/ide0055) [C:\UserWorx\VSWorx\ServoStudio\wpfui-servoStudio\samples\Wpf.Ui.servoStudio\servoStudio.csproj]
C:\UserWorx\VSWorx\ServoStudio\wpfui-servoStudio\samples\Wpf.Ui.servoStudio\Models\HexConvert.cs(23,26): warning IDE0055: 淇鏍煎紡 (https://learn.microsoft.com/dotnet/fundamentals/code-analysis/style-rules/ide0055) [C:\UserWorx\VSWorx\ServoStudio\wpfui-servoStudio\samples\Wpf.Ui.servoStudio\servoStudio.csproj]
C:\UserWorx\VSWorx\ServoStudio\wpfui-servoStudio\samples\Wpf.Ui.servoStudio\Models\HexConvert.cs(23,46): warning IDE0055: 淇鏍煎紡 (https://learn.microsoft.com/dotnet/fundamentals/code-analysis/style-rules/ide0055) [C:\UserWorx\VSWorx\ServoStudio\wpfui-servoStudio\samples\Wpf.Ui.servoStudio\servoStudio.csproj]
C:\UserWorx\VSWorx\ServoStudio\wpfui-servoStudio\samples\Wpf.Ui.servoStudio\Models\HexConvert.cs(24,26): warning IDE0055: 淇鏍煎紡 (https://learn.microsoft.com/dotnet/fundamentals/code-analysis/style-rules/ide0055) [C:\UserWorx\VSWorx\ServoStudio\wpfui-servoStudio\samples\Wpf.Ui.servoStudio\servoStudio.csproj]
C:\UserWorx\VSWorx\ServoStudio\wpfui-servoStudio\samples\Wpf.Ui.servoStudio\Models\HexConvert.cs(24,46): warning IDE0055: 淇鏍煎紡 (https://learn.microsoft.com/dotnet/fundamentals/code-analysis/style-rules/ide0055) [C:\UserWorx\VSWorx\ServoStudio\wpfui-servoStudio\samples\Wpf.Ui.servoStudio\servoStudio.csproj]
C:\UserWorx\VSWorx\ServoStudio\wpfui-servoStudio\samples\Wpf.Ui.servoStudio\Models\HexConvert.cs(25,26): warning IDE0055: 淇鏍煎紡 (https://learn.microsoft.com/dotnet/fundamentals/code-analysis/style-rules/ide0055) [C:\UserWorx\VSWorx\ServoStudio\wpfui-servoStudio\samples\Wpf.Ui.servoStudio\servoStudio.csproj]
C:\UserWorx\VSWorx\ServoStudio\wpfui-servoStudio\samples\Wpf.Ui.servoStudio\Models\HexConvert.cs(25,46): warning IDE0055: 淇鏍煎紡 (https://learn.microsoft.com/dotnet/fundamentals/code-analysis/style-rules/ide0055) [C:\UserWorx\VSWorx\ServoStudio\wpfui-servoStudio\samples\Wpf.Ui.servoStudio\servoStudio.csproj]
C:\UserWorx\VSWorx\ServoStudio\wpfui-servoStudio\samples\Wpf.Ui.servoStudio\Models\HexConvert.cs(26,26): warning IDE0055: 淇鏍煎紡 (https://learn.microsoft.com/dotnet/fundamentals/code-analysis/style-rules/ide0055) [C:\UserWorx\VSWorx\ServoStudio\wpfui-servoStudio\samples\Wpf.Ui.servoStudio\servoStudio.csproj]
C:\UserWorx\VSWorx\ServoStudio\wpfui-servoStudio\samples\Wpf.Ui.servoStudio\Models\HexConvert.cs(26,46): warning IDE0055: 淇鏍煎紡 (https://learn.microsoft.com/dotnet/fundamentals/code-analysis/style-rules/ide0055) [C:\UserWorx\VSWorx\ServoStudio\wpfui-servoStudio\samples\Wpf.Ui.servoStudio\servoStudio.csproj]
C:\UserWorx\VSWorx\ServoStudio\wpfui-servoStudio\samples\Wpf.Ui.servoStudio\Models\HexConvert.cs(27,26): warning IDE0055: 淇鏍煎紡 (https://learn.microsoft.com/dotnet/fundamentals/code-analysis/style-rules/ide0055) [C:\UserWorx\VSWorx\ServoStudio\wpfui-servoStudio\samples\Wpf.Ui.servoStudio\servoStudio.csproj]
C:\UserWorx\VSWorx\ServoStudio\wpfui-servoStudio\samples\Wpf.Ui.servoStudio\Models\HexConvert.cs(27,46): warning IDE0055: 淇鏍煎紡 (https://learn.microsoft.com/dotnet/fundamentals/code-analysis/style-rules/ide0055) [C:\UserWorx\VSWorx\ServoStudio\wpfui-servoStudio\samples\Wpf.Ui.servoStudio\servoStudio.csproj]
C:\UserWorx\VSWorx\ServoStudio\wpfui-servoStudio\samples\Wpf.Ui.servoStudio\Models\HexConvert.cs(28,26): warning IDE0055: 淇鏍煎紡 (https://learn.microsoft.com/dotnet/fundamentals/code-analysis/style-rules/ide0055) [C:\UserWorx\VSWorx\ServoStudio\wpfui-servoStudio\samples\Wpf.Ui.servoStudio\servoStudio.csproj]
C:\UserWorx\VSWorx\ServoStudio\wpfui-servoStudio\samples\Wpf.Ui.servoStudio\Models\HexConvert.cs(28,47): warning IDE0055: 淇鏍煎紡 (https://learn.microsoft.com/dotnet/fundamentals/code-analysis/style-rules/ide0055) [C:\UserWorx\VSWorx\ServoStudio\wpfui-servoStudio\samples\Wpf.Ui.servoStudio\servoStudio.csproj]
C:\UserWorx\VSWorx\ServoStudio\wpfui-servoStudio\samples\Wpf.Ui.servoStudio\Models\HexConvert.cs(29,26): warning IDE0055: 淇鏍煎紡 (https://learn.microsoft.com/dotnet/fundamentals/code-analysis/style-rules/ide0055) [C:\UserWorx\VSWorx\ServoStudio\wpfui-servoStudio\samples\Wpf.Ui.servoStudio\servoStudio.csproj]
C:\UserWorx\VSWorx\ServoStudio\wpfui-servoStudio\samples\Wpf.Ui.servoStudio\Models\HexConvert.cs(29,47): warning IDE0055: 淇鏍煎紡 (https://learn.microsoft.com/dotnet/fundamentals/code-analysis/style-rules/ide0055) [C:\UserWorx\VSWorx\ServoStudio\wpfui-servoStudio\samples\Wpf.Ui.servoStudio\servoStudio.csproj]
C:\UserWorx\VSWorx\ServoStudio\wpfui-servoStudio\samples\Wpf.Ui.servoStudio\Models\HexConvert.cs(30,26): warning IDE0055: 淇鏍煎紡 (https://learn.microsoft.com/dotnet/fundamentals/code-analysis/style-rules/ide0055) [C:\UserWorx\VSWorx\ServoStudio\wpfui-servoStudio\samples\Wpf.Ui.servoStudio\servoStudio.csproj]
C:\UserWorx\VSWorx\ServoStudio\wpfui-servoStudio\samples\Wpf.Ui.servoStudio\Models\HexConvert.cs(30,47): warning IDE0055: 淇鏍煎紡 (https://learn.microsoft.com/dotnet/fundamentals/code-analysis/style-rules/ide0055) [C:\UserWorx\VSWorx\ServoStudio\wpfui-servoStudio\samples\Wpf.Ui.servoStudio\servoStudio.csproj]
C:\UserWorx\VSWorx\ServoStudio\wpfui-servoStudio\samples\Wpf.Ui.servoStudio\Models\HexConvert.cs(31,26): warning IDE0055: 淇鏍煎紡 (https://learn.microsoft.com/dotnet/fundamentals/code-analysis/style-rules/ide0055) [C:\UserWorx\VSWorx\ServoStudio\wpfui-servoStudio\samples\Wpf.Ui.servoStudio\servoStudio.csproj]
C:\UserWorx\VSWorx\ServoStudio\wpfui-servoStudio\samples\Wpf.Ui.servoStudio\Models\HexConvert.cs(31,47): warning IDE0055: 淇鏍煎紡 (https://learn.microsoft.com/dotnet/fundamentals/code-analysis/style-rules/ide0055) [C:\UserWorx\VSWorx\ServoStudio\wpfui-servoStudio\samples\Wpf.Ui.servoStudio\servoStudio.csproj]
C:\UserWorx\VSWorx\ServoStudio\wpfui-servoStudio\samples\Wpf.Ui.servoStudio\Models\HexConvert.cs(32,26): warning IDE0055: 淇鏍煎紡 (https://learn.microsoft.com/dotnet/fundamentals/code-analysis/style-rules/ide0055) [C:\UserWorx\VSWorx\ServoStudio\wpfui-servoStudio\samples\Wpf.Ui.servoStudio\servoStudio.csproj]
C:\UserWorx\VSWorx\ServoStudio\wpfui-servoStudio\samples\Wpf.Ui.servoStudio\Models\HexConvert.cs(32,47): warning IDE0055: 淇鏍煎紡 (https://learn.microsoft.com/dotnet/fundamentals/code-analysis/style-rules/ide0055) [C:\UserWorx\VSWorx\ServoStudio\wpfui-servoStudio\samples\Wpf.Ui.servoStudio\servoStudio.csproj]
C:\UserWorx\VSWorx\ServoStudio\wpfui-servoStudio\samples\Wpf.Ui.servoStudio\Models\HexConvert.cs(33,26): warning IDE0055: 淇鏍煎紡 (https://learn.microsoft.com/dotnet/fundamentals/code-analysis/style-rules/ide0055) [C:\UserWorx\VSWorx\ServoStudio\wpfui-servoStudio\samples\Wpf.Ui.servoStudio\servoStudio.csproj]
C:\UserWorx\VSWorx\ServoStudio\wpfui-servoStudio\samples\Wpf.Ui.servoStudio\Models\HexConvert.cs(33,47): warning IDE0055: 淇鏍煎紡 (https://learn.microsoft.com/dotnet/fundamentals/code-analysis/style-rules/ide0055) [C:\UserWorx\VSWorx\ServoStudio\wpfui-servoStudio\samples\Wpf.Ui.servoStudio\servoStudio.csproj]
C:\UserWorx\VSWorx\ServoStudio\wpfui-servoStudio\samples\Wpf.Ui.servoStudio\Models\HexConvert.cs(49,26): warning IDE0055: 淇鏍煎紡 (https://learn.microsoft.com/dotnet/fundamentals/code-analysis/style-rules/ide0055) [C:\UserWorx\VSWorx\ServoStudio\wpfui-servoStudio\samples\Wpf.Ui.servoStudio\servoStudio.csproj]
C:\UserWorx\VSWorx\ServoStudio\wpfui-servoStudio\samples\Wpf.Ui.servoStudio\Models\HexConvert.cs(50,26): warning IDE0055: 淇鏍煎紡 (https://learn.microsoft.com/dotnet/fundamentals/code-analysis/style-rules/ide0055) [C:\UserWorx\VSWorx\ServoStudio\wpfui-servoStudio\samples\Wpf.Ui.servoStudio\servoStudio.csproj]
C:\UserWorx\VSWorx\ServoStudio\wpfui-servoStudio\samples\Wpf.Ui.servoStudio\Models\HexConvert.cs(50,46): warning IDE0055: 淇鏍煎紡 (https://learn.microsoft.com/dotnet/fundamentals/code-analysis/style-rules/ide0055) [C:\UserWorx\VSWorx\ServoStudio\wpfui-servoStudio\samples\Wpf.Ui.servoStudio\servoStudio.csproj]
C:\UserWorx\VSWorx\ServoStudio\wpfui-servoStudio\samples\Wpf.Ui.servoStudio\Models\HexConvert.cs(51,26): warning IDE0055: 淇鏍煎紡 (https://learn.microsoft.com/dotnet/fundamentals/code-analysis/style-rules/ide0055) [C:\UserWorx\VSWorx\ServoStudio\wpfui-servoStudio\samples\Wpf.Ui.servoStudio\servoStudio.csproj]
C:\UserWorx\VSWorx\ServoStudio\wpfui-servoStudio\samples\Wpf.Ui.servoStudio\Models\HexConvert.cs(51,46): warning IDE0055: 淇鏍煎紡 (https://learn.microsoft.com/dotnet/fundamentals/code-analysis/style-rules/ide0055) [C:\UserWorx\VSWorx\ServoStudio\wpfui-servoStudio\samples\Wpf.Ui.servoStudio\servoStudio.csproj]
C:\UserWorx\VSWorx\ServoStudio\wpfui-servoStudio\samples\Wpf.Ui.servoStudio\Models\HexConvert.cs(52,26): warning IDE0055: 淇鏍煎紡 (https://learn.microsoft.com/dotnet/fundamentals/code-analysis/style-rules/ide0055) [C:\UserWorx\VSWorx\ServoStudio\wpfui-servoStudio\samples\Wpf.Ui.servoStudio\servoStudio.csproj]
C:\UserWorx\VSWorx\ServoStudio\wpfui-servoStudio\samples\Wpf.Ui.servoStudio\Models\HexConvert.cs(52,46): warning IDE0055: 淇鏍煎紡 (https://learn.microsoft.com/dotnet/fundamentals/code-analysis/style-rules/ide0055) [C:\UserWorx\VSWorx\ServoStudio\wpfui-servoStudio\samples\Wpf.Ui.servoStudio\servoStudio.csproj]
C:\UserWorx\VSWorx\ServoStudio\wpfui-servoStudio\samples\Wpf.Ui.servoStudio\Models\HexConvert.cs(53,26): warning IDE0055: 淇鏍煎紡 (https://learn.microsoft.com/dotnet/fundamentals/code-analysis/style-rules/ide0055) [C:\UserWorx\VSWorx\ServoStudio\wpfui-servoStudio\samples\Wpf.Ui.servoStudio\servoStudio.csproj]
C:\UserWorx\VSWorx\ServoStudio\wpfui-servoStudio\samples\Wpf.Ui.servoStudio\Models\HexConvert.cs(53,46): warning IDE0055: 淇鏍煎紡 (https://learn.microsoft.com/dotnet/fundamentals/code-analysis/style-rules/ide0055) [C:\UserWorx\VSWorx\ServoStudio\wpfui-servoStudio\samples\Wpf.Ui.servoStudio\servoStudio.csproj]
C:\UserWorx\VSWorx\ServoStudio\wpfui-servoStudio\samples\Wpf.Ui.servoStudio\Models\HexConvert.cs(54,26): warning IDE0055: 淇鏍煎紡 (https://learn.microsoft.com/dotnet/fundamentals/code-analysis/style-rules/ide0055) [C:\UserWorx\VSWorx\ServoStudio\wpfui-servoStudio\samples\Wpf.Ui.servoStudio\servoStudio.csproj]
C:\UserWorx\VSWorx\ServoStudio\wpfui-servoStudio\samples\Wpf.Ui.servoStudio\Models\HexConvert.cs(54,46): warning IDE0055: 淇鏍煎紡 (https://learn.microsoft.com/dotnet/fundamentals/code-analysis/style-rules/ide0055) [C:\UserWorx\VSWorx\ServoStudio\wpfui-servoStudio\samples\Wpf.Ui.servoStudio\servoStudio.csproj]
C:\UserWorx\VSWorx\ServoStudio\wpfui-servoStudio\samples\Wpf.Ui.servoStudio\Models\HexConvert.cs(55,26): warning IDE0055: 淇鏍煎紡 (https://learn.microsoft.com/dotnet/fundamentals/code-analysis/style-rules/ide0055) [C:\UserWorx\VSWorx\ServoStudio\wpfui-servoStudio\samples\Wpf.Ui.servoStudio\servoStudio.csproj]
C:\UserWorx\VSWorx\ServoStudio\wpfui-servoStudio\samples\Wpf.Ui.servoStudio\Models\HexConvert.cs(55,46): warning IDE0055: 淇鏍煎紡 (https://learn.microsoft.com/dotnet/fundamentals/code-analysis/style-rules/ide0055) [C:\UserWorx\VSWorx\ServoStudio\wpfui-servoStudio\samples\Wpf.Ui.servoStudio\servoStudio.csproj]
C:\UserWorx\VSWorx\ServoStudio\wpfui-servoStudio\samples\Wpf.Ui.servoStudio\Models\HexConvert.cs(56,26): warning IDE0055: 淇鏍煎紡 (https://learn.microsoft.com/dotnet/fundamentals/code-analysis/style-rules/ide0055) [C:\UserWorx\VSWorx\ServoStudio\wpfui-servoStudio\samples\Wpf.Ui.servoStudio\servoStudio.csproj]
C:\UserWorx\VSWorx\ServoStudio\wpfui-servoStudio\samples\Wpf.Ui.servoStudio\Models\HexConvert.cs(56,46): warning IDE0055: 淇鏍煎紡 (https://learn.microsoft.com/dotnet/fundamentals/code-analysis/style-rules/ide0055) [C:\UserWorx\VSWorx\ServoStudio\wpfui-servoStudio\samples\Wpf.Ui.servoStudio\servoStudio.csproj]
C:\UserWorx\VSWorx\ServoStudio\wpfui-servoStudio\samples\Wpf.Ui.servoStudio\Models\HexConvert.cs(57,26): warning IDE0055: 淇鏍煎紡 (https://learn.microsoft.com/dotnet/fundamentals/code-analysis/style-rules/ide0055) [C:\UserWorx\VSWorx\ServoStudio\wpfui-servoStudio\samples\Wpf.Ui.servoStudio\servoStudio.csproj]
C:\UserWorx\VSWorx\ServoStudio\wpfui-servoStudio\samples\Wpf.Ui.servoStudio\Models\HexConvert.cs(57,46): warning IDE0055: 淇鏍煎紡 (https://learn.microsoft.com/dotnet/fundamentals/code-analysis/style-rules/ide0055) [C:\UserWorx\VSWorx\ServoStudio\wpfui-servoStudio\samples\Wpf.Ui.servoStudio\servoStudio.csproj]
C:\UserWorx\VSWorx\ServoStudio\wpfui-servoStudio\samples\Wpf.Ui.servoStudio\Models\HexConvert.cs(58,26): warning IDE0055: 淇鏍煎紡 (https://learn.microsoft.com/dotnet/fundamentals/code-analysis/style-rules/ide0055) [C:\UserWorx\VSWorx\ServoStudio\wpfui-servoStudio\samples\Wpf.Ui.servoStudio\servoStudio.csproj]
C:\UserWorx\VSWorx\ServoStudio\wpfui-servoStudio\samples\Wpf.Ui.servoStudio\Models\HexConvert.cs(58,46): warning IDE0055: 淇鏍煎紡 (https://learn.microsoft.com/dotnet/fundamentals/code-analysis/style-rules/ide0055) [C:\UserWorx\VSWorx\ServoStudio\wpfui-servoStudio\samples\Wpf.Ui.servoStudio\servoStudio.csproj]
C:\UserWorx\VSWorx\ServoStudio\wpfui-servoStudio\samples\Wpf.Ui.servoStudio\Models\HexConvert.cs(59,26): warning IDE0055: 淇鏍煎紡 (https://learn.microsoft.com/dotnet/fundamentals/code-analysis/style-rules/ide0055) [C:\UserWorx\VSWorx\ServoStudio\wpfui-servoStudio\samples\Wpf.Ui.servoStudio\servoStudio.csproj]
C:\UserWorx\VSWorx\ServoStudio\wpfui-servoStudio\samples\Wpf.Ui.servoStudio\Models\HexConvert.cs(59,47): warning IDE0055: 淇鏍煎紡 (https://learn.microsoft.com/dotnet/fundamentals/code-analysis/style-rules/ide0055) [C:\UserWorx\VSWorx\ServoStudio\wpfui-servoStudio\samples\Wpf.Ui.servoStudio\servoStudio.csproj]
C:\UserWorx\VSWorx\ServoStudio\wpfui-servoStudio\samples\Wpf.Ui.servoStudio\Models\HexConvert.cs(60,26): warning IDE0055: 淇鏍煎紡 (https://learn.microsoft.com/dotnet/fundamentals/code-analysis/style-rules/ide0055) [C:\UserWorx\VSWorx\ServoStudio\wpfui-servoStudio\samples\Wpf.Ui.servoStudio\servoStudio.csproj]
C:\UserWorx\VSWorx\ServoStudio\wpfui-servoStudio\samples\Wpf.Ui.servoStudio\Models\HexConvert.cs(60,47): warning IDE0055: 淇鏍煎紡 (https://learn.microsoft.com/dotnet/fundamentals/code-analysis/style-rules/ide0055) [C:\UserWorx\VSWorx\ServoStudio\wpfui-servoStudio\samples\Wpf.Ui.servoStudio\servoStudio.csproj]
C:\UserWorx\VSWorx\ServoStudio\wpfui-servoStudio\samples\Wpf.Ui.servoStudio\Models\HexConvert.cs(61,26): warning IDE0055: 淇鏍煎紡 (https://learn.microsoft.com/dotnet/fundamentals/code-analysis/style-rules/ide0055) [C:\UserWorx\VSWorx\ServoStudio\wpfui-servoStudio\samples\Wpf.Ui.servoStudio\servoStudio.csproj]
C:\UserWorx\VSWorx\ServoStudio\wpfui-servoStudio\samples\Wpf.Ui.servoStudio\Models\HexConvert.cs(61,47): warning IDE0055: 淇鏍煎紡 (https://learn.microsoft.com/dotnet/fundamentals/code-analysis/style-rules/ide0055) [C:\UserWorx\VSWorx\ServoStudio\wpfui-servoStudio\samples\Wpf.Ui.servoStudio\servoStudio.csproj]
C:\UserWorx\VSWorx\ServoStudio\wpfui-servoStudio\samples\Wpf.Ui.servoStudio\Models\HexConvert.cs(62,26): warning IDE0055: 淇鏍煎紡 (https://learn.microsoft.com/dotnet/fundamentals/code-analysis/style-rules/ide0055) [C:\UserWorx\VSWorx\ServoStudio\wpfui-servoStudio\samples\Wpf.Ui.servoStudio\servoStudio.csproj]
C:\UserWorx\VSWorx\ServoStudio\wpfui-servoStudio\samples\Wpf.Ui.servoStudio\Models\HexConvert.cs(62,47): warning IDE0055: 淇鏍煎紡 (https://learn.microsoft.com/dotnet/fundamentals/code-analysis/style-rules/ide0055) [C:\UserWorx\VSWorx\ServoStudio\wpfui-servoStudio\samples\Wpf.Ui.servoStudio\servoStudio.csproj]
C:\UserWorx\VSWorx\ServoStudio\wpfui-servoStudio\samples\Wpf.Ui.servoStudio\Models\HexConvert.cs(63,26): warning IDE0055: 淇鏍煎紡 (https://learn.microsoft.com/dotnet/fundamentals/code-analysis/style-rules/ide0055) [C:\UserWorx\VSWorx\ServoStudio\wpfui-servoStudio\samples\Wpf.Ui.servoStudio\servoStudio.csproj]
C:\UserWorx\VSWorx\ServoStudio\wpfui-servoStudio\samples\Wpf.Ui.servoStudio\Models\HexConvert.cs(63,47): warning IDE0055: 淇鏍煎紡 (https://learn.microsoft.com/dotnet/fundamentals/code-analysis/style-rules/ide0055) [C:\UserWorx\VSWorx\ServoStudio\wpfui-servoStudio\samples\Wpf.Ui.servoStudio\servoStudio.csproj]
C:\UserWorx\VSWorx\ServoStudio\wpfui-servoStudio\samples\Wpf.Ui.servoStudio\Models\HexConvert.cs(64,26): warning IDE0055: 淇鏍煎紡 (https://learn.microsoft.com/dotnet/fundamentals/code-analysis/style-rules/ide0055) [C:\UserWorx\VSWorx\ServoStudio\wpfui-servoStudio\samples\Wpf.Ui.servoStudio\servoStudio.csproj]
C:\UserWorx\VSWorx\ServoStudio\wpfui-servoStudio\samples\Wpf.Ui.servoStudio\Models\HexConvert.cs(64,47): warning IDE0055: 淇鏍煎紡 (https://learn.microsoft.com/dotnet/fundamentals/code-analysis/style-rules/ide0055) [C:\UserWorx\VSWorx\ServoStudio\wpfui-servoStudio\samples\Wpf.Ui.servoStudio\servoStudio.csproj]
C:\UserWorx\VSWorx\ServoStudio\wpfui-servoStudio\samples\Wpf.Ui.servoStudio\Models\HexConvert.cs(82,26): warning IDE0055: 淇鏍煎紡 (https://learn.microsoft.com/dotnet/fundamentals/code-analysis/style-rules/ide0055) [C:\UserWorx\VSWorx\ServoStudio\wpfui-servoStudio\samples\Wpf.Ui.servoStudio\servoStudio.csproj]
C:\UserWorx\VSWorx\ServoStudio\wpfui-servoStudio\samples\Wpf.Ui.servoStudio\Models\HexConvert.cs(83,26): warning IDE0055: 淇鏍煎紡 (https://learn.microsoft.com/dotnet/fundamentals/code-analysis/style-rules/ide0055) [C:\UserWorx\VSWorx\ServoStudio\wpfui-servoStudio\samples\Wpf.Ui.servoStudio\servoStudio.csproj]
C:\UserWorx\VSWorx\ServoStudio\wpfui-servoStudio\samples\Wpf.Ui.servoStudio\Models\HexConvert.cs(83,46): warning IDE0055: 淇鏍煎紡 (https://learn.microsoft.com/dotnet/fundamentals/code-analysis/style-rules/ide0055) [C:\UserWorx\VSWorx\ServoStudio\wpfui-servoStudio\samples\Wpf.Ui.servoStudio\servoStudio.csproj]
C:\UserWorx\VSWorx\ServoStudio\wpfui-servoStudio\samples\Wpf.Ui.servoStudio\Models\HexConvert.cs(84,26): warning IDE0055: 淇鏍煎紡 (https://learn.microsoft.com/dotnet/fundamentals/code-analysis/style-rules/ide0055) [C:\UserWorx\VSWorx\ServoStudio\wpfui-servoStudio\samples\Wpf.Ui.servoStudio\servoStudio.csproj]
C:\UserWorx\VSWorx\ServoStudio\wpfui-servoStudio\samples\Wpf.Ui.servoStudio\Models\HexConvert.cs(84,46): warning IDE0055: 淇鏍煎紡 (https://learn.microsoft.com/dotnet/fundamentals/code-analysis/style-rules/ide0055) [C:\UserWorx\VSWorx\ServoStudio\wpfui-servoStudio\samples\Wpf.Ui.servoStudio\servoStudio.csproj]
C:\UserWorx\VSWorx\ServoStudio\wpfui-servoStudio\samples\Wpf.Ui.servoStudio\Models\HexConvert.cs(85,26): warning IDE0055: 淇鏍煎紡 (https://learn.microsoft.com/dotnet/fundamentals/code-analysis/style-rules/ide0055) [C:\UserWorx\VSWorx\ServoStudio\wpfui-servoStudio\samples\Wpf.Ui.servoStudio\servoStudio.csproj]
C:\UserWorx\VSWorx\ServoStudio\wpfui-servoStudio\samples\Wpf.Ui.servoStudio\Models\HexConvert.cs(85,46): warning IDE0055: 淇鏍煎紡 (https://learn.microsoft.com/dotnet/fundamentals/code-analysis/style-rules/ide0055) [C:\UserWorx\VSWorx\ServoStudio\wpfui-servoStudio\samples\Wpf.Ui.servoStudio\servoStudio.csproj]
C:\UserWorx\VSWorx\ServoStudio\wpfui-servoStudio\samples\Wpf.Ui.servoStudio\Models\HexConvert.cs(86,26): warning IDE0055: 淇鏍煎紡 (https://learn.microsoft.com/dotnet/fundamentals/code-analysis/style-rules/ide0055) [C:\UserWorx\VSWorx\ServoStudio\wpfui-servoStudio\samples\Wpf.Ui.servoStudio\servoStudio.csproj]
C:\UserWorx\VSWorx\ServoStudio\wpfui-servoStudio\samples\Wpf.Ui.servoStudio\Models\HexConvert.cs(86,46): warning IDE0055: 淇鏍煎紡 (https://learn.microsoft.com/dotnet/fundamentals/code-analysis/style-rules/ide0055) [C:\UserWorx\VSWorx\ServoStudio\wpfui-servoStudio\samples\Wpf.Ui.servoStudio\servoStudio.csproj]
C:\UserWorx\VSWorx\ServoStudio\wpfui-servoStudio\samples\Wpf.Ui.servoStudio\Models\HexConvert.cs(87,26): warning IDE0055: 淇鏍煎紡 (https://learn.microsoft.com/dotnet/fundamentals/code-analysis/style-rules/ide0055) [C:\UserWorx\VSWorx\ServoStudio\wpfui-servoStudio\samples\Wpf.Ui.servoStudio\servoStudio.csproj]
C:\UserWorx\VSWorx\ServoStudio\wpfui-servoStudio\samples\Wpf.Ui.servoStudio\Models\HexConvert.cs(87,46): warning IDE0055: 淇鏍煎紡 (https://learn.microsoft.com/dotnet/fundamentals/code-analysis/style-rules/ide0055) [C:\UserWorx\VSWorx\ServoStudio\wpfui-servoStudio\samples\Wpf.Ui.servoStudio\servoStudio.csproj]
C:\UserWorx\VSWorx\ServoStudio\wpfui-servoStudio\samples\Wpf.Ui.servoStudio\Models\HexConvert.cs(88,26): warning IDE0055: 淇鏍煎紡 (https://learn.microsoft.com/dotnet/fundamentals/code-analysis/style-rules/ide0055) [C:\UserWorx\VSWorx\ServoStudio\wpfui-servoStudio\samples\Wpf.Ui.servoStudio\servoStudio.csproj]
C:\UserWorx\VSWorx\ServoStudio\wpfui-servoStudio\samples\Wpf.Ui.servoStudio\Models\HexConvert.cs(88,46): warning IDE0055: 淇鏍煎紡 (https://learn.microsoft.com/dotnet/fundamentals/code-analysis/style-rules/ide0055) [C:\UserWorx\VSWorx\ServoStudio\wpfui-servoStudio\samples\Wpf.Ui.servoStudio\servoStudio.csproj]
C:\UserWorx\VSWorx\ServoStudio\wpfui-servoStudio\samples\Wpf.Ui.servoStudio\Models\HexConvert.cs(89,26): warning IDE0055: 淇鏍煎紡 (https://learn.microsoft.com/dotnet/fundamentals/code-analysis/style-rules/ide0055) [C:\UserWorx\VSWorx\ServoStudio\wpfui-servoStudio\samples\Wpf.Ui.servoStudio\servoStudio.csproj]
C:\UserWorx\VSWorx\ServoStudio\wpfui-servoStudio\samples\Wpf.Ui.servoStudio\Models\HexConvert.cs(89,46): warning IDE0055: 淇鏍煎紡 (https://learn.microsoft.com/dotnet/fundamentals/code-analysis/style-rules/ide0055) [C:\UserWorx\VSWorx\ServoStudio\wpfui-servoStudio\samples\Wpf.Ui.servoStudio\servoStudio.csproj]
C:\UserWorx\VSWorx\ServoStudio\wpfui-servoStudio\samples\Wpf.Ui.servoStudio\Models\HexConvert.cs(90,38): warning IDE0055: 淇鏍煎紡 (https://learn.microsoft.com/dotnet/fundamentals/code-analysis/style-rules/ide0055) [C:\UserWorx\VSWorx\ServoStudio\wpfui-servoStudio\samples\Wpf.Ui.servoStudio\servoStudio.csproj]
C:\UserWorx\VSWorx\ServoStudio\wpfui-servoStudio\samples\Wpf.Ui.servoStudio\Models\HexConvert.cs(90,58): warning IDE0055: 淇鏍煎紡 (https://learn.microsoft.com/dotnet/fundamentals/code-analysis/style-rules/ide0055) [C:\UserWorx\VSWorx\ServoStudio\wpfui-servoStudio\samples\Wpf.Ui.servoStudio\servoStudio.csproj]
C:\UserWorx\VSWorx\ServoStudio\wpfui-servoStudio\samples\Wpf.Ui.servoStudio\Models\HexConvert.cs(91,38): warning IDE0055: 淇鏍煎紡 (https://learn.microsoft.com/dotnet/fundamentals/code-analysis/style-rules/ide0055) [C:\UserWorx\VSWorx\ServoStudio\wpfui-servoStudio\samples\Wpf.Ui.servoStudio\servoStudio.csproj]
C:\UserWorx\VSWorx\ServoStudio\wpfui-servoStudio\samples\Wpf.Ui.servoStudio\Models\HexConvert.cs(91,58): warning IDE0055: 淇鏍煎紡 (https://learn.microsoft.com/dotnet/fundamentals/code-analysis/style-rules/ide0055) [C:\UserWorx\VSWorx\ServoStudio\wpfui-servoStudio\samples\Wpf.Ui.servoStudio\servoStudio.csproj]
C:\UserWorx\VSWorx\ServoStudio\wpfui-servoStudio\samples\Wpf.Ui.servoStudio\Models\HexConvert.cs(92,38): warning IDE0055: 淇鏍煎紡 (https://learn.microsoft.com/dotnet/fundamentals/code-analysis/style-rules/ide0055) [C:\UserWorx\VSWorx\ServoStudio\wpfui-servoStudio\samples\Wpf.Ui.servoStudio\servoStudio.csproj]
C:\UserWorx\VSWorx\ServoStudio\wpfui-servoStudio\samples\Wpf.Ui.servoStudio\Models\HexConvert.cs(92,59): warning IDE0055: 淇鏍煎紡 (https://learn.microsoft.com/dotnet/fundamentals/code-analysis/style-rules/ide0055) [C:\UserWorx\VSWorx\ServoStudio\wpfui-servoStudio\samples\Wpf.Ui.servoStudio\servoStudio.csproj]
C:\UserWorx\VSWorx\ServoStudio\wpfui-servoStudio\samples\Wpf.Ui.servoStudio\Models\HexConvert.cs(93,38): warning IDE0055: 淇鏍煎紡 (https://learn.microsoft.com/dotnet/fundamentals/code-analysis/style-rules/ide0055) [C:\UserWorx\VSWorx\ServoStudio\wpfui-servoStudio\samples\Wpf.Ui.servoStudio\servoStudio.csproj]
C:\UserWorx\VSWorx\ServoStudio\wpfui-servoStudio\samples\Wpf.Ui.servoStudio\Models\HexConvert.cs(93,59): warning IDE0055: 淇鏍煎紡 (https://learn.microsoft.com/dotnet/fundamentals/code-analysis/style-rules/ide0055) [C:\UserWorx\VSWorx\ServoStudio\wpfui-servoStudio\samples\Wpf.Ui.servoStudio\servoStudio.csproj]
C:\UserWorx\VSWorx\ServoStudio\wpfui-servoStudio\samples\Wpf.Ui.servoStudio\Models\HexConvert.cs(94,38): warning IDE0055: 淇鏍煎紡 (https://learn.microsoft.com/dotnet/fundamentals/code-analysis/style-rules/ide0055) [C:\UserWorx\VSWorx\ServoStudio\wpfui-servoStudio\samples\Wpf.Ui.servoStudio\servoStudio.csproj]
C:\UserWorx\VSWorx\ServoStudio\wpfui-servoStudio\samples\Wpf.Ui.servoStudio\Models\HexConvert.cs(94,59): warning IDE0055: 淇鏍煎紡 (https://learn.microsoft.com/dotnet/fundamentals/code-analysis/style-rules/ide0055) [C:\UserWorx\VSWorx\ServoStudio\wpfui-servoStudio\samples\Wpf.Ui.servoStudio\servoStudio.csproj]
C:\UserWorx\VSWorx\ServoStudio\wpfui-servoStudio\samples\Wpf.Ui.servoStudio\Models\HexConvert.cs(95,38): warning IDE0055: 淇鏍煎紡 (https://learn.microsoft.com/dotnet/fundamentals/code-analysis/style-rules/ide0055) [C:\UserWorx\VSWorx\ServoStudio\wpfui-servoStudio\samples\Wpf.Ui.servoStudio\servoStudio.csproj]
C:\UserWorx\VSWorx\ServoStudio\wpfui-servoStudio\samples\Wpf.Ui.servoStudio\Models\HexConvert.cs(95,59): warning IDE0055: 淇鏍煎紡 (https://learn.microsoft.com/dotnet/fundamentals/code-analysis/style-rules/ide0055) [C:\UserWorx\VSWorx\ServoStudio\wpfui-servoStudio\samples\Wpf.Ui.servoStudio\servoStudio.csproj]
C:\UserWorx\VSWorx\ServoStudio\wpfui-servoStudio\samples\Wpf.Ui.servoStudio\Models\HexConvert.cs(96,38): warning IDE0055: 淇鏍煎紡 (https://learn.microsoft.com/dotnet/fundamentals/code-analysis/style-rules/ide0055) [C:\UserWorx\VSWorx\ServoStudio\wpfui-servoStudio\samples\Wpf.Ui.servoStudio\servoStudio.csproj]
C:\UserWorx\VSWorx\ServoStudio\wpfui-servoStudio\samples\Wpf.Ui.servoStudio\Models\HexConvert.cs(96,59): warning IDE0055: 淇鏍煎紡 (https://learn.microsoft.com/dotnet/fundamentals/code-analysis/style-rules/ide0055) [C:\UserWorx\VSWorx\ServoStudio\wpfui-servoStudio\samples\Wpf.Ui.servoStudio\servoStudio.csproj]
C:\UserWorx\VSWorx\ServoStudio\wpfui-servoStudio\samples\Wpf.Ui.servoStudio\Models\HexConvert.cs(97,38): warning IDE0055: 淇鏍煎紡 (https://learn.microsoft.com/dotnet/fundamentals/code-analysis/style-rules/ide0055) [C:\UserWorx\VSWorx\ServoStudio\wpfui-servoStudio\samples\Wpf.Ui.servoStudio\servoStudio.csproj]
C:\UserWorx\VSWorx\ServoStudio\wpfui-servoStudio\samples\Wpf.Ui.servoStudio\Models\HexConvert.cs(97,59): warning IDE0055: 淇鏍煎紡 (https://learn.microsoft.com/dotnet/fundamentals/code-analysis/style-rules/ide0055) [C:\UserWorx\VSWorx\ServoStudio\wpfui-servoStudio\samples\Wpf.Ui.servoStudio\servoStudio.csproj]
C:\UserWorx\VSWorx\ServoStudio\wpfui-servoStudio\samples\Wpf.Ui.servoStudio\Models\HexConvert.cs(98,38): warning IDE0055: 淇鏍煎紡 (https://learn.microsoft.com/dotnet/fundamentals/code-analysis/style-rules/ide0055) [C:\UserWorx\VSWorx\ServoStudio\wpfui-servoStudio\samples\Wpf.Ui.servoStudio\servoStudio.csproj]
C:\UserWorx\VSWorx\ServoStudio\wpfui-servoStudio\samples\Wpf.Ui.servoStudio\Models\HexConvert.cs(98,59): warning IDE0055: 淇鏍煎紡 (https://learn.microsoft.com/dotnet/fundamentals/code-analysis/style-rules/ide0055) [C:\UserWorx\VSWorx\ServoStudio\wpfui-servoStudio\samples\Wpf.Ui.servoStudio\servoStudio.csproj]
C:\UserWorx\VSWorx\ServoStudio\wpfui-servoStudio\samples\Wpf.Ui.servoStudio\Models\HexConvert.cs(99,38): warning IDE0055: 淇鏍煎紡 (https://learn.microsoft.com/dotnet/fundamentals/code-analysis/style-rules/ide0055) [C:\UserWorx\VSWorx\ServoStudio\wpfui-servoStudio\samples\Wpf.Ui.servoStudio\servoStudio.csproj]
C:\UserWorx\VSWorx\ServoStudio\wpfui-servoStudio\samples\Wpf.Ui.servoStudio\Models\HexConvert.cs(99,59): warning IDE0055: 淇鏍煎紡 (https://learn.microsoft.com/dotnet/fundamentals/code-analysis/style-rules/ide0055) [C:\UserWorx\VSWorx\ServoStudio\wpfui-servoStudio\samples\Wpf.Ui.servoStudio\servoStudio.csproj]
C:\UserWorx\VSWorx\ServoStudio\wpfui-servoStudio\samples\Wpf.Ui.servoStudio\Models\HexConvert.cs(99,79): warning IDE0055: 淇鏍煎紡 (https://learn.microsoft.com/dotnet/fundamentals/code-analysis/style-rules/ide0055) [C:\UserWorx\VSWorx\ServoStudio\wpfui-servoStudio\samples\Wpf.Ui.servoStudio\servoStudio.csproj]
C:\UserWorx\VSWorx\ServoStudio\wpfui-servoStudio\samples\Wpf.Ui.servoStudio\Models\HexConvert.cs(100,38): warning IDE0055: 淇鏍煎紡 (https://learn.microsoft.com/dotnet/fundamentals/code-analysis/style-rules/ide0055) [C:\UserWorx\VSWorx\ServoStudio\wpfui-servoStudio\samples\Wpf.Ui.servoStudio\servoStudio.csproj]
C:\UserWorx\VSWorx\ServoStudio\wpfui-servoStudio\samples\Wpf.Ui.servoStudio\Models\HexConvert.cs(100,59): warning IDE0055: 淇鏍煎紡 (https://learn.microsoft.com/dotnet/fundamentals/code-analysis/style-rules/ide0055) [C:\UserWorx\VSWorx\ServoStudio\wpfui-servoStudio\samples\Wpf.Ui.servoStudio\servoStudio.csproj]
C:\UserWorx\VSWorx\ServoStudio\wpfui-servoStudio\samples\Wpf.Ui.servoStudio\Models\HexConvert.cs(100,79): warning IDE0055: 淇鏍煎紡 (https://learn.microsoft.com/dotnet/fundamentals/code-analysis/style-rules/ide0055) [C:\UserWorx\VSWorx\ServoStudio\wpfui-servoStudio\samples\Wpf.Ui.servoStudio\servoStudio.csproj]
C:\UserWorx\VSWorx\ServoStudio\wpfui-servoStudio\samples\Wpf.Ui.servoStudio\Models\HexConvert.cs(101,38): warning IDE0055: 淇鏍煎紡 (https://learn.microsoft.com/dotnet/fundamentals/code-analysis/style-rules/ide0055) [C:\UserWorx\VSWorx\ServoStudio\wpfui-servoStudio\samples\Wpf.Ui.servoStudio\servoStudio.csproj]
C:\UserWorx\VSWorx\ServoStudio\wpfui-servoStudio\samples\Wpf.Ui.servoStudio\Models\HexConvert.cs(101,59): warning IDE0055: 淇鏍煎紡 (https://learn.microsoft.com/dotnet/fundamentals/code-analysis/style-rules/ide0055) [C:\UserWorx\VSWorx\ServoStudio\wpfui-servoStudio\samples\Wpf.Ui.servoStudio\servoStudio.csproj]
C:\UserWorx\VSWorx\ServoStudio\wpfui-servoStudio\samples\Wpf.Ui.servoStudio\Models\HexConvert.cs(101,79): warning IDE0055: 淇鏍煎紡 (https://learn.microsoft.com/dotnet/fundamentals/code-analysis/style-rules/ide0055) [C:\UserWorx\VSWorx\ServoStudio\wpfui-servoStudio\samples\Wpf.Ui.servoStudio\servoStudio.csproj]
C:\UserWorx\VSWorx\ServoStudio\wpfui-servoStudio\samples\Wpf.Ui.servoStudio\Models\HexConvert.cs(102,38): warning IDE0055: 淇鏍煎紡 (https://learn.microsoft.com/dotnet/fundamentals/code-analysis/style-rules/ide0055) [C:\UserWorx\VSWorx\ServoStudio\wpfui-servoStudio\samples\Wpf.Ui.servoStudio\servoStudio.csproj]
C:\UserWorx\VSWorx\ServoStudio\wpfui-servoStudio\samples\Wpf.Ui.servoStudio\Models\HexConvert.cs(102,59): warning IDE0055: 淇鏍煎紡 (https://learn.microsoft.com/dotnet/fundamentals/code-analysis/style-rules/ide0055) [C:\UserWorx\VSWorx\ServoStudio\wpfui-servoStudio\samples\Wpf.Ui.servoStudio\servoStudio.csproj]
C:\UserWorx\VSWorx\ServoStudio\wpfui-servoStudio\samples\Wpf.Ui.servoStudio\Models\HexConvert.cs(102,79): warning IDE0055: 淇鏍煎紡 (https://learn.microsoft.com/dotnet/fundamentals/code-analysis/style-rules/ide0055) [C:\UserWorx\VSWorx\ServoStudio\wpfui-servoStudio\samples\Wpf.Ui.servoStudio\servoStudio.csproj]
C:\UserWorx\VSWorx\ServoStudio\wpfui-servoStudio\samples\Wpf.Ui.servoStudio\Models\HexConvert.cs(103,38): warning IDE0055: 淇鏍煎紡 (https://learn.microsoft.com/dotnet/fundamentals/code-analysis/style-rules/ide0055) [C:\UserWorx\VSWorx\ServoStudio\wpfui-servoStudio\samples\Wpf.Ui.servoStudio\servoStudio.csproj]
C:\UserWorx\VSWorx\ServoStudio\wpfui-servoStudio\samples\Wpf.Ui.servoStudio\Models\HexConvert.cs(103,59): warning IDE0055: 淇鏍煎紡 (https://learn.microsoft.com/dotnet/fundamentals/code-analysis/style-rules/ide0055) [C:\UserWorx\VSWorx\ServoStudio\wpfui-servoStudio\samples\Wpf.Ui.servoStudio\servoStudio.csproj]
C:\UserWorx\VSWorx\ServoStudio\wpfui-servoStudio\samples\Wpf.Ui.servoStudio\Models\HexConvert.cs(103,79): warning IDE0055: 淇鏍煎紡 (https://learn.microsoft.com/dotnet/fundamentals/code-analysis/style-rules/ide0055) [C:\UserWorx\VSWorx\ServoStudio\wpfui-servoStudio\samples\Wpf.Ui.servoStudio\servoStudio.csproj]
C:\UserWorx\VSWorx\ServoStudio\wpfui-servoStudio\samples\Wpf.Ui.servoStudio\Models\HexConvert.cs(104,38): warning IDE0055: 淇鏍煎紡 (https://learn.microsoft.com/dotnet/fundamentals/code-analysis/style-rules/ide0055) [C:\UserWorx\VSWorx\ServoStudio\wpfui-servoStudio\samples\Wpf.Ui.servoStudio\servoStudio.csproj]
C:\UserWorx\VSWorx\ServoStudio\wpfui-servoStudio\samples\Wpf.Ui.servoStudio\Models\HexConvert.cs(104,59): warning IDE0055: 淇鏍煎紡 (https://learn.microsoft.com/dotnet/fundamentals/code-analysis/style-rules/ide0055) [C:\UserWorx\VSWorx\ServoStudio\wpfui-servoStudio\samples\Wpf.Ui.servoStudio\servoStudio.csproj]
C:\UserWorx\VSWorx\ServoStudio\wpfui-servoStudio\samples\Wpf.Ui.servoStudio\Models\HexConvert.cs(104,79): warning IDE0055: 淇鏍煎紡 (https://learn.microsoft.com/dotnet/fundamentals/code-analysis/style-rules/ide0055) [C:\UserWorx\VSWorx\ServoStudio\wpfui-servoStudio\samples\Wpf.Ui.servoStudio\servoStudio.csproj]
C:\UserWorx\VSWorx\ServoStudio\wpfui-servoStudio\samples\Wpf.Ui.servoStudio\Models\HexConvert.cs(105,38): warning IDE0055: 淇鏍煎紡 (https://learn.microsoft.com/dotnet/fundamentals/code-analysis/style-rules/ide0055) [C:\UserWorx\VSWorx\ServoStudio\wpfui-servoStudio\samples\Wpf.Ui.servoStudio\servoStudio.csproj]
C:\UserWorx\VSWorx\ServoStudio\wpfui-servoStudio\samples\Wpf.Ui.servoStudio\Models\HexConvert.cs(105,59): warning IDE0055: 淇鏍煎紡 (https://learn.microsoft.com/dotnet/fundamentals/code-analysis/style-rules/ide0055) [C:\UserWorx\VSWorx\ServoStudio\wpfui-servoStudio\samples\Wpf.Ui.servoStudio\servoStudio.csproj]
C:\UserWorx\VSWorx\ServoStudio\wpfui-servoStudio\samples\Wpf.Ui.servoStudio\Models\HexConvert.cs(105,79): warning IDE0055: 淇鏍煎紡 (https://learn.microsoft.com/dotnet/fundamentals/code-analysis/style-rules/ide0055) [C:\UserWorx\VSWorx\ServoStudio\wpfui-servoStudio\samples\Wpf.Ui.servoStudio\servoStudio.csproj]
C:\UserWorx\VSWorx\ServoStudio\wpfui-servoStudio\samples\Wpf.Ui.servoStudio\Views\Pages\FactoryPages\FrameFormatEditorPage.xaml.cs(45,22): warning CA1060: 灏?pinvoke 绉诲埌鏈満鏂规硶绫?(https://learn.microsoft.com/dotnet/fundamentals/code-analysis/quality-rules/ca1060) [C:\UserWorx\VSWorx\ServoStudio\wpfui-servoStudio\samples\Wpf.Ui.servoStudio\servoStudio.csproj]
C:\UserWorx\VSWorx\ServoStudio\wpfui-servoStudio\samples\Wpf.Ui.servoStudio\Models\HVariables.cs(77,51): warning IDE0055: 淇鏍煎紡 (https://learn.microsoft.com/dotnet/fundamentals/code-analysis/style-rules/ide0055) [C:\UserWorx\VSWorx\ServoStudio\wpfui-servoStudio\samples\Wpf.Ui.servoStudio\servoStudio.csproj]
C:\UserWorx\VSWorx\ServoStudio\wpfui-servoStudio\samples\Wpf.Ui.servoStudio\Models\HVariables.cs(93,51): warning IDE0055: 淇鏍煎紡 (https://learn.microsoft.com/dotnet/fundamentals/code-analysis/style-rules/ide0055) [C:\UserWorx\VSWorx\ServoStudio\wpfui-servoStudio\samples\Wpf.Ui.servoStudio\servoStudio.csproj]
C:\UserWorx\VSWorx\ServoStudio\wpfui-servoStudio\samples\Wpf.Ui.servoStudio\Models\LogEntry.cs(51,21): warning IDE0055: 淇鏍煎紡 (https://learn.microsoft.com/dotnet/fundamentals/code-analysis/style-rules/ide0055) [C:\UserWorx\VSWorx\ServoStudio\wpfui-servoStudio\samples\Wpf.Ui.servoStudio\servoStudio.csproj]
C:\UserWorx\VSWorx\ServoStudio\wpfui-servoStudio\samples\Wpf.Ui.servoStudio\Models\LogEntry.cs(51,23): warning IDE0055: 淇鏍煎紡 (https://learn.microsoft.com/dotnet/fundamentals/code-analysis/style-rules/ide0055) [C:\UserWorx\VSWorx\ServoStudio\wpfui-servoStudio\samples\Wpf.Ui.servoStudio\servoStudio.csproj]
C:\UserWorx\VSWorx\ServoStudio\wpfui-servoStudio\samples\Wpf.Ui.servoStudio\Models\LogEntry.cs(51,34): warning IDE0055: 淇鏍煎紡 (https://learn.microsoft.com/dotnet/fundamentals/code-analysis/style-rules/ide0055) [C:\UserWorx\VSWorx\ServoStudio\wpfui-servoStudio\samples\Wpf.Ui.servoStudio\servoStudio.csproj]
C:\UserWorx\VSWorx\ServoStudio\wpfui-servoStudio\samples\Wpf.Ui.servoStudio\Models\LogEntry.cs(52,30): warning IDE0055: 淇鏍煎紡 (https://learn.microsoft.com/dotnet/fundamentals/code-analysis/style-rules/ide0055) [C:\UserWorx\VSWorx\ServoStudio\wpfui-servoStudio\samples\Wpf.Ui.servoStudio\servoStudio.csproj]
C:\UserWorx\VSWorx\ServoStudio\wpfui-servoStudio\samples\Wpf.Ui.servoStudio\Models\LogEntry.cs(52,32): warning IDE0055: 淇鏍煎紡 (https://learn.microsoft.com/dotnet/fundamentals/code-analysis/style-rules/ide0055) [C:\UserWorx\VSWorx\ServoStudio\wpfui-servoStudio\samples\Wpf.Ui.servoStudio\servoStudio.csproj]
C:\UserWorx\VSWorx\ServoStudio\wpfui-servoStudio\samples\Wpf.Ui.servoStudio\Models\LogEntry.cs(52,43): warning IDE0055: 淇鏍煎紡 (https://learn.microsoft.com/dotnet/fundamentals/code-analysis/style-rules/ide0055) [C:\UserWorx\VSWorx\ServoStudio\wpfui-servoStudio\samples\Wpf.Ui.servoStudio\servoStudio.csproj]
C:\UserWorx\VSWorx\ServoStudio\wpfui-servoStudio\samples\Wpf.Ui.servoStudio\Models\LogEntry.cs(53,29): warning IDE0055: 淇鏍煎紡 (https://learn.microsoft.com/dotnet/fundamentals/code-analysis/style-rules/ide0055) [C:\UserWorx\VSWorx\ServoStudio\wpfui-servoStudio\samples\Wpf.Ui.servoStudio\servoStudio.csproj]
C:\UserWorx\VSWorx\ServoStudio\wpfui-servoStudio\samples\Wpf.Ui.servoStudio\Models\LogEntry.cs(53,31): warning IDE0055: 淇鏍煎紡 (https://learn.microsoft.com/dotnet/fundamentals/code-analysis/style-rules/ide0055) [C:\UserWorx\VSWorx\ServoStudio\wpfui-servoStudio\samples\Wpf.Ui.servoStudio\servoStudio.csproj]
C:\UserWorx\VSWorx\ServoStudio\wpfui-servoStudio\samples\Wpf.Ui.servoStudio\Models\LogEntry.cs(53,42): warning IDE0055: 淇鏍煎紡 (https://learn.microsoft.com/dotnet/fundamentals/code-analysis/style-rules/ide0055) [C:\UserWorx\VSWorx\ServoStudio\wpfui-servoStudio\samples\Wpf.Ui.servoStudio\servoStudio.csproj]
C:\UserWorx\VSWorx\ServoStudio\wpfui-servoStudio\samples\Wpf.Ui.servoStudio\Models\LogEntry.cs(54,35): warning IDE0055: 淇鏍煎紡 (https://learn.microsoft.com/dotnet/fundamentals/code-analysis/style-rules/ide0055) [C:\UserWorx\VSWorx\ServoStudio\wpfui-servoStudio\samples\Wpf.Ui.servoStudio\servoStudio.csproj]
C:\UserWorx\VSWorx\ServoStudio\wpfui-servoStudio\samples\Wpf.Ui.servoStudio\Models\LogEntry.cs(54,37): warning IDE0055: 淇鏍煎紡 (https://learn.microsoft.com/dotnet/fundamentals/code-analysis/style-rules/ide0055) [C:\UserWorx\VSWorx\ServoStudio\wpfui-servoStudio\samples\Wpf.Ui.servoStudio\servoStudio.csproj]
C:\UserWorx\VSWorx\ServoStudio\wpfui-servoStudio\samples\Wpf.Ui.servoStudio\Models\LogEntry.cs(54,48): warning IDE0055: 淇鏍煎紡 (https://learn.microsoft.com/dotnet/fundamentals/code-analysis/style-rules/ide0055) [C:\UserWorx\VSWorx\ServoStudio\wpfui-servoStudio\samples\Wpf.Ui.servoStudio\servoStudio.csproj]
C:\UserWorx\VSWorx\ServoStudio\wpfui-servoStudio\samples\Wpf.Ui.servoStudio\Models\LogEntry.cs(121,25): warning IDE0055: 淇鏍煎紡 (https://learn.microsoft.com/dotnet/fundamentals/code-analysis/style-rules/ide0055) [C:\UserWorx\VSWorx\ServoStudio\wpfui-servoStudio\samples\Wpf.Ui.servoStudio\servoStudio.csproj]
C:\UserWorx\VSWorx\ServoStudio\wpfui-servoStudio\samples\Wpf.Ui.servoStudio\Models\LogEntry.cs(121,27): warning IDE0055: 淇鏍煎紡 (https://learn.microsoft.com/dotnet/fundamentals/code-analysis/style-rules/ide0055) [C:\UserWorx\VSWorx\ServoStudio\wpfui-servoStudio\samples\Wpf.Ui.servoStudio\servoStudio.csproj]
C:\UserWorx\VSWorx\ServoStudio\wpfui-servoStudio\samples\Wpf.Ui.servoStudio\Models\LogEntry.cs(121,38): warning IDE0055: 淇鏍煎紡 (https://learn.microsoft.com/dotnet/fundamentals/code-analysis/style-rules/ide0055) [C:\UserWorx\VSWorx\ServoStudio\wpfui-servoStudio\samples\Wpf.Ui.servoStudio\servoStudio.csproj]
C:\UserWorx\VSWorx\ServoStudio\wpfui-servoStudio\samples\Wpf.Ui.servoStudio\Models\LogEntry.cs(122,33): warning IDE0055: 淇鏍煎紡 (https://learn.microsoft.com/dotnet/fundamentals/code-analysis/style-rules/ide0055) [C:\UserWorx\VSWorx\ServoStudio\wpfui-servoStudio\samples\Wpf.Ui.servoStudio\servoStudio.csproj]
C:\UserWorx\VSWorx\ServoStudio\wpfui-servoStudio\samples\Wpf.Ui.servoStudio\Models\LogEntry.cs(122,35): warning IDE0055: 淇鏍煎紡 (https://learn.microsoft.com/dotnet/fundamentals/code-analysis/style-rules/ide0055) [C:\UserWorx\VSWorx\ServoStudio\wpfui-servoStudio\samples\Wpf.Ui.servoStudio\servoStudio.csproj]
C:\UserWorx\VSWorx\ServoStudio\wpfui-servoStudio\samples\Wpf.Ui.servoStudio\Models\LogEntry.cs(122,46): warning IDE0055: 淇鏍煎紡 (https://learn.microsoft.com/dotnet/fundamentals/code-analysis/style-rules/ide0055) [C:\UserWorx\VSWorx\ServoStudio\wpfui-servoStudio\samples\Wpf.Ui.servoStudio\servoStudio.csproj]
C:\UserWorx\VSWorx\ServoStudio\wpfui-servoStudio\samples\Wpf.Ui.servoStudio\Models\LogEntry.cs(123,26): warning IDE0055: 淇鏍煎紡 (https://learn.microsoft.com/dotnet/fundamentals/code-analysis/style-rules/ide0055) [C:\UserWorx\VSWorx\ServoStudio\wpfui-servoStudio\samples\Wpf.Ui.servoStudio\servoStudio.csproj]
C:\UserWorx\VSWorx\ServoStudio\wpfui-servoStudio\samples\Wpf.Ui.servoStudio\Models\LogEntry.cs(123,28): warning IDE0055: 淇鏍煎紡 (https://learn.microsoft.com/dotnet/fundamentals/code-analysis/style-rules/ide0055) [C:\UserWorx\VSWorx\ServoStudio\wpfui-servoStudio\samples\Wpf.Ui.servoStudio\servoStudio.csproj]
C:\UserWorx\VSWorx\ServoStudio\wpfui-servoStudio\samples\Wpf.Ui.servoStudio\Models\LogEntry.cs(123,38): warning IDE0055: 淇鏍煎紡 (https://learn.microsoft.com/dotnet/fundamentals/code-analysis/style-rules/ide0055) [C:\UserWorx\VSWorx\ServoStudio\wpfui-servoStudio\samples\Wpf.Ui.servoStudio\servoStudio.csproj]
C:\UserWorx\VSWorx\ServoStudio\wpfui-servoStudio\samples\Wpf.Ui.servoStudio\Models\ModbusRegister.cs(10,25): warning IDE0055: 淇鏍煎紡 (https://learn.microsoft.com/dotnet/fundamentals/code-analysis/style-rules/ide0055) [C:\UserWorx\VSWorx\ServoStudio\wpfui-servoStudio\samples\Wpf.Ui.servoStudio\servoStudio.csproj]
C:\UserWorx\VSWorx\ServoStudio\wpfui-servoStudio\samples\Wpf.Ui.servoStudio\Models\ModbusRegister.cs(10,27): warning IDE0055: 淇鏍煎紡 (https://learn.microsoft.com/dotnet/fundamentals/code-analysis/style-rules/ide0055) [C:\UserWorx\VSWorx\ServoStudio\wpfui-servoStudio\samples\Wpf.Ui.servoStudio\servoStudio.csproj]
C:\UserWorx\VSWorx\ServoStudio\wpfui-servoStudio\samples\Wpf.Ui.servoStudio\Models\ModbusRegister.cs(10,37): warning IDE0055: 淇鏍煎紡 (https://learn.microsoft.com/dotnet/fundamentals/code-analysis/style-rules/ide0055) [C:\UserWorx\VSWorx\ServoStudio\wpfui-servoStudio\samples\Wpf.Ui.servoStudio\servoStudio.csproj]
C:\UserWorx\VSWorx\ServoStudio\wpfui-servoStudio\samples\Wpf.Ui.servoStudio\Models\ModbusRegister.cs(11,25): warning IDE0055: 淇鏍煎紡 (https://learn.microsoft.com/dotnet/fundamentals/code-analysis/style-rules/ide0055) [C:\UserWorx\VSWorx\ServoStudio\wpfui-servoStudio\samples\Wpf.Ui.servoStudio\servoStudio.csproj]
C:\UserWorx\VSWorx\ServoStudio\wpfui-servoStudio\samples\Wpf.Ui.servoStudio\Models\ModbusRegister.cs(11,27): warning IDE0055: 淇鏍煎紡 (https://learn.microsoft.com/dotnet/fundamentals/code-analysis/style-rules/ide0055) [C:\UserWorx\VSWorx\ServoStudio\wpfui-servoStudio\samples\Wpf.Ui.servoStudio\servoStudio.csproj]
C:\UserWorx\VSWorx\ServoStudio\wpfui-servoStudio\samples\Wpf.Ui.servoStudio\Models\ModbusRegister.cs(11,37): warning IDE0055: 淇鏍煎紡 (https://learn.microsoft.com/dotnet/fundamentals/code-analysis/style-rules/ide0055) [C:\UserWorx\VSWorx\ServoStudio\wpfui-servoStudio\samples\Wpf.Ui.servoStudio\servoStudio.csproj]
C:\UserWorx\VSWorx\ServoStudio\wpfui-servoStudio\samples\Wpf.Ui.servoStudio\Models\ModbusRegister.cs(12,25): warning IDE0055: 淇鏍煎紡 (https://learn.microsoft.com/dotnet/fundamentals/code-analysis/style-rules/ide0055) [C:\UserWorx\VSWorx\ServoStudio\wpfui-servoStudio\samples\Wpf.Ui.servoStudio\servoStudio.csproj]
C:\UserWorx\VSWorx\ServoStudio\wpfui-servoStudio\samples\Wpf.Ui.servoStudio\Models\ModbusRegister.cs(12,27): warning IDE0055: 淇鏍煎紡 (https://learn.microsoft.com/dotnet/fundamentals/code-analysis/style-rules/ide0055) [C:\UserWorx\VSWorx\ServoStudio\wpfui-servoStudio\samples\Wpf.Ui.servoStudio\servoStudio.csproj]
C:\UserWorx\VSWorx\ServoStudio\wpfui-servoStudio\samples\Wpf.Ui.servoStudio\Models\ModbusRegister.cs(12,37): warning IDE0055: 淇鏍煎紡 (https://learn.microsoft.com/dotnet/fundamentals/code-analysis/style-rules/ide0055) [C:\UserWorx\VSWorx\ServoStudio\wpfui-servoStudio\samples\Wpf.Ui.servoStudio\servoStudio.csproj]
C:\UserWorx\VSWorx\ServoStudio\wpfui-servoStudio\samples\Wpf.Ui.servoStudio\Models\ModbusRegister.cs(13,25): warning IDE0055: 淇鏍煎紡 (https://learn.microsoft.com/dotnet/fundamentals/code-analysis/style-rules/ide0055) [C:\UserWorx\VSWorx\ServoStudio\wpfui-servoStudio\samples\Wpf.Ui.servoStudio\servoStudio.csproj]
C:\UserWorx\VSWorx\ServoStudio\wpfui-servoStudio\samples\Wpf.Ui.servoStudio\Models\ModbusRegister.cs(13,27): warning IDE0055: 淇鏍煎紡 (https://learn.microsoft.com/dotnet/fundamentals/code-analysis/style-rules/ide0055) [C:\UserWorx\VSWorx\ServoStudio\wpfui-servoStudio\samples\Wpf.Ui.servoStudio\servoStudio.csproj]
C:\UserWorx\VSWorx\ServoStudio\wpfui-servoStudio\samples\Wpf.Ui.servoStudio\Models\ModbusRegister.cs(13,37): warning IDE0055: 淇鏍煎紡 (https://learn.microsoft.com/dotnet/fundamentals/code-analysis/style-rules/ide0055) [C:\UserWorx\VSWorx\ServoStudio\wpfui-servoStudio\samples\Wpf.Ui.servoStudio\servoStudio.csproj]
C:\UserWorx\VSWorx\ServoStudio\wpfui-servoStudio\samples\Wpf.Ui.servoStudio\Models\ModbusRegister.cs(14,25): warning IDE0055: 淇鏍煎紡 (https://learn.microsoft.com/dotnet/fundamentals/code-analysis/style-rules/ide0055) [C:\UserWorx\VSWorx\ServoStudio\wpfui-servoStudio\samples\Wpf.Ui.servoStudio\servoStudio.csproj]
C:\UserWorx\VSWorx\ServoStudio\wpfui-servoStudio\samples\Wpf.Ui.servoStudio\Models\ModbusRegister.cs(14,27): warning IDE0055: 淇鏍煎紡 (https://learn.microsoft.com/dotnet/fundamentals/code-analysis/style-rules/ide0055) [C:\UserWorx\VSWorx\ServoStudio\wpfui-servoStudio\samples\Wpf.Ui.servoStudio\servoStudio.csproj]
C:\UserWorx\VSWorx\ServoStudio\wpfui-servoStudio\samples\Wpf.Ui.servoStudio\Models\ModbusRegister.cs(14,37): warning IDE0055: 淇鏍煎紡 (https://learn.microsoft.com/dotnet/fundamentals/code-analysis/style-rules/ide0055) [C:\UserWorx\VSWorx\ServoStudio\wpfui-servoStudio\samples\Wpf.Ui.servoStudio\servoStudio.csproj]
C:\UserWorx\VSWorx\ServoStudio\wpfui-servoStudio\samples\Wpf.Ui.servoStudio\Models\ModbusRegister.cs(15,25): warning IDE0055: 淇鏍煎紡 (https://learn.microsoft.com/dotnet/fundamentals/code-analysis/style-rules/ide0055) [C:\UserWorx\VSWorx\ServoStudio\wpfui-servoStudio\samples\Wpf.Ui.servoStudio\servoStudio.csproj]
C:\UserWorx\VSWorx\ServoStudio\wpfui-servoStudio\samples\Wpf.Ui.servoStudio\Models\ModbusRegister.cs(15,27): warning IDE0055: 淇鏍煎紡 (https://learn.microsoft.com/dotnet/fundamentals/code-analysis/style-rules/ide0055) [C:\UserWorx\VSWorx\ServoStudio\wpfui-servoStudio\samples\Wpf.Ui.servoStudio\servoStudio.csproj]
C:\UserWorx\VSWorx\ServoStudio\wpfui-servoStudio\samples\Wpf.Ui.servoStudio\Models\ModbusRegister.cs(15,37): warning IDE0055: 淇鏍煎紡 (https://learn.microsoft.com/dotnet/fundamentals/code-analysis/style-rules/ide0055) [C:\UserWorx\VSWorx\ServoStudio\wpfui-servoStudio\samples\Wpf.Ui.servoStudio\servoStudio.csproj]
C:\UserWorx\VSWorx\ServoStudio\wpfui-servoStudio\samples\Wpf.Ui.servoStudio\Models\ModbusRegister.cs(16,25): warning IDE0055: 淇鏍煎紡 (https://learn.microsoft.com/dotnet/fundamentals/code-analysis/style-rules/ide0055) [C:\UserWorx\VSWorx\ServoStudio\wpfui-servoStudio\samples\Wpf.Ui.servoStudio\servoStudio.csproj]
C:\UserWorx\VSWorx\ServoStudio\wpfui-servoStudio\samples\Wpf.Ui.servoStudio\Models\ModbusRegister.cs(16,27): warning IDE0055: 淇鏍煎紡 (https://learn.microsoft.com/dotnet/fundamentals/code-analysis/style-rules/ide0055) [C:\UserWorx\VSWorx\ServoStudio\wpfui-servoStudio\samples\Wpf.Ui.servoStudio\servoStudio.csproj]
C:\UserWorx\VSWorx\ServoStudio\wpfui-servoStudio\samples\Wpf.Ui.servoStudio\Models\ModbusRegister.cs(16,37): warning IDE0055: 淇鏍煎紡 (https://learn.microsoft.com/dotnet/fundamentals/code-analysis/style-rules/ide0055) [C:\UserWorx\VSWorx\ServoStudio\wpfui-servoStudio\samples\Wpf.Ui.servoStudio\servoStudio.csproj]
C:\UserWorx\VSWorx\ServoStudio\wpfui-servoStudio\samples\Wpf.Ui.servoStudio\Models\ModbusRegister.cs(17,25): warning IDE0055: 淇鏍煎紡 (https://learn.microsoft.com/dotnet/fundamentals/code-analysis/style-rules/ide0055) [C:\UserWorx\VSWorx\ServoStudio\wpfui-servoStudio\samples\Wpf.Ui.servoStudio\servoStudio.csproj]
C:\UserWorx\VSWorx\ServoStudio\wpfui-servoStudio\samples\Wpf.Ui.servoStudio\Models\ModbusRegister.cs(17,27): warning IDE0055: 淇鏍煎紡 (https://learn.microsoft.com/dotnet/fundamentals/code-analysis/style-rules/ide0055) [C:\UserWorx\VSWorx\ServoStudio\wpfui-servoStudio\samples\Wpf.Ui.servoStudio\servoStudio.csproj]
C:\UserWorx\VSWorx\ServoStudio\wpfui-servoStudio\samples\Wpf.Ui.servoStudio\Models\ModbusRegister.cs(17,37): warning IDE0055: 淇鏍煎紡 (https://learn.microsoft.com/dotnet/fundamentals/code-analysis/style-rules/ide0055) [C:\UserWorx\VSWorx\ServoStudio\wpfui-servoStudio\samples\Wpf.Ui.servoStudio\servoStudio.csproj]
C:\UserWorx\VSWorx\ServoStudio\wpfui-servoStudio\samples\Wpf.Ui.servoStudio\Models\ModbusRegister.cs(18,25): warning IDE0055: 淇鏍煎紡 (https://learn.microsoft.com/dotnet/fundamentals/code-analysis/style-rules/ide0055) [C:\UserWorx\VSWorx\ServoStudio\wpfui-servoStudio\samples\Wpf.Ui.servoStudio\servoStudio.csproj]
C:\UserWorx\VSWorx\ServoStudio\wpfui-servoStudio\samples\Wpf.Ui.servoStudio\Models\ModbusRegister.cs(18,27): warning IDE0055: 淇鏍煎紡 (https://learn.microsoft.com/dotnet/fundamentals/code-analysis/style-rules/ide0055) [C:\UserWorx\VSWorx\ServoStudio\wpfui-servoStudio\samples\Wpf.Ui.servoStudio\servoStudio.csproj]
C:\UserWorx\VSWorx\ServoStudio\wpfui-servoStudio\samples\Wpf.Ui.servoStudio\Models\ModbusRegister.cs(18,37): warning IDE0055: 淇鏍煎紡 (https://learn.microsoft.com/dotnet/fundamentals/code-analysis/style-rules/ide0055) [C:\UserWorx\VSWorx\ServoStudio\wpfui-servoStudio\samples\Wpf.Ui.servoStudio\servoStudio.csproj]
C:\UserWorx\VSWorx\ServoStudio\wpfui-servoStudio\samples\Wpf.Ui.servoStudio\Models\ModbusRegister.cs(19,25): warning IDE0055: 淇鏍煎紡 (https://learn.microsoft.com/dotnet/fundamentals/code-analysis/style-rules/ide0055) [C:\UserWorx\VSWorx\ServoStudio\wpfui-servoStudio\samples\Wpf.Ui.servoStudio\servoStudio.csproj]
C:\UserWorx\VSWorx\ServoStudio\wpfui-servoStudio\samples\Wpf.Ui.servoStudio\Models\ModbusRegister.cs(19,27): warning IDE0055: 淇鏍煎紡 (https://learn.microsoft.com/dotnet/fundamentals/code-analysis/style-rules/ide0055) [C:\UserWorx\VSWorx\ServoStudio\wpfui-servoStudio\samples\Wpf.Ui.servoStudio\servoStudio.csproj]
C:\UserWorx\VSWorx\ServoStudio\wpfui-servoStudio\samples\Wpf.Ui.servoStudio\Models\ModbusRegister.cs(19,37): warning IDE0055: 淇鏍煎紡 (https://learn.microsoft.com/dotnet/fundamentals/code-analysis/style-rules/ide0055) [C:\UserWorx\VSWorx\ServoStudio\wpfui-servoStudio\samples\Wpf.Ui.servoStudio\servoStudio.csproj]
C:\UserWorx\VSWorx\ServoStudio\wpfui-servoStudio\samples\Wpf.Ui.servoStudio\Models\ModbusRegister.cs(20,25): warning IDE0055: 淇鏍煎紡 (https://learn.microsoft.com/dotnet/fundamentals/code-analysis/style-rules/ide0055) [C:\UserWorx\VSWorx\ServoStudio\wpfui-servoStudio\samples\Wpf.Ui.servoStudio\servoStudio.csproj]
C:\UserWorx\VSWorx\ServoStudio\wpfui-servoStudio\samples\Wpf.Ui.servoStudio\Models\ModbusRegister.cs(20,27): warning IDE0055: 淇鏍煎紡 (https://learn.microsoft.com/dotnet/fundamentals/code-analysis/style-rules/ide0055) [C:\UserWorx\VSWorx\ServoStudio\wpfui-servoStudio\samples\Wpf.Ui.servoStudio\servoStudio.csproj]
C:\UserWorx\VSWorx\ServoStudio\wpfui-servoStudio\samples\Wpf.Ui.servoStudio\Models\ModbusRegister.cs(20,37): warning IDE0055: 淇鏍煎紡 (https://learn.microsoft.com/dotnet/fundamentals/code-analysis/style-rules/ide0055) [C:\UserWorx\VSWorx\ServoStudio\wpfui-servoStudio\samples\Wpf.Ui.servoStudio\servoStudio.csproj]
C:\UserWorx\VSWorx\ServoStudio\wpfui-servoStudio\samples\Wpf.Ui.servoStudio\Models\ModbusRegister.cs(21,25): warning IDE0055: 淇鏍煎紡 (https://learn.microsoft.com/dotnet/fundamentals/code-analysis/style-rules/ide0055) [C:\UserWorx\VSWorx\ServoStudio\wpfui-servoStudio\samples\Wpf.Ui.servoStudio\servoStudio.csproj]
C:\UserWorx\VSWorx\ServoStudio\wpfui-servoStudio\samples\Wpf.Ui.servoStudio\Models\ModbusRegister.cs(21,27): warning IDE0055: 淇鏍煎紡 (https://learn.microsoft.com/dotnet/fundamentals/code-analysis/style-rules/ide0055) [C:\UserWorx\VSWorx\ServoStudio\wpfui-servoStudio\samples\Wpf.Ui.servoStudio\servoStudio.csproj]
C:\UserWorx\VSWorx\ServoStudio\wpfui-servoStudio\samples\Wpf.Ui.servoStudio\Models\ModbusRegister.cs(21,37): warning IDE0055: 淇鏍煎紡 (https://learn.microsoft.com/dotnet/fundamentals/code-analysis/style-rules/ide0055) [C:\UserWorx\VSWorx\ServoStudio\wpfui-servoStudio\samples\Wpf.Ui.servoStudio\servoStudio.csproj]
C:\UserWorx\VSWorx\ServoStudio\wpfui-servoStudio\samples\Wpf.Ui.servoStudio\Models\ModbusRegister.cs(22,25): warning IDE0055: 淇鏍煎紡 (https://learn.microsoft.com/dotnet/fundamentals/code-analysis/style-rules/ide0055) [C:\UserWorx\VSWorx\ServoStudio\wpfui-servoStudio\samples\Wpf.Ui.servoStudio\servoStudio.csproj]
C:\UserWorx\VSWorx\ServoStudio\wpfui-servoStudio\samples\Wpf.Ui.servoStudio\Models\ModbusRegister.cs(22,27): warning IDE0055: 淇鏍煎紡 (https://learn.microsoft.com/dotnet/fundamentals/code-analysis/style-rules/ide0055) [C:\UserWorx\VSWorx\ServoStudio\wpfui-servoStudio\samples\Wpf.Ui.servoStudio\servoStudio.csproj]
C:\UserWorx\VSWorx\ServoStudio\wpfui-servoStudio\samples\Wpf.Ui.servoStudio\Models\ModbusRegister.cs(22,37): warning IDE0055: 淇鏍煎紡 (https://learn.microsoft.com/dotnet/fundamentals/code-analysis/style-rules/ide0055) [C:\UserWorx\VSWorx\ServoStudio\wpfui-servoStudio\samples\Wpf.Ui.servoStudio\servoStudio.csproj]
C:\UserWorx\VSWorx\ServoStudio\wpfui-servoStudio\samples\Wpf.Ui.servoStudio\Models\ModbusRegister.cs(23,25): warning IDE0055: 淇鏍煎紡 (https://learn.microsoft.com/dotnet/fundamentals/code-analysis/style-rules/ide0055) [C:\UserWorx\VSWorx\ServoStudio\wpfui-servoStudio\samples\Wpf.Ui.servoStudio\servoStudio.csproj]
C:\UserWorx\VSWorx\ServoStudio\wpfui-servoStudio\samples\Wpf.Ui.servoStudio\Models\ModbusRegister.cs(23,27): warning IDE0055: 淇鏍煎紡 (https://learn.microsoft.com/dotnet/fundamentals/code-analysis/style-rules/ide0055) [C:\UserWorx\VSWorx\ServoStudio\wpfui-servoStudio\samples\Wpf.Ui.servoStudio\servoStudio.csproj]
C:\UserWorx\VSWorx\ServoStudio\wpfui-servoStudio\samples\Wpf.Ui.servoStudio\Models\ModbusRegister.cs(23,37): warning IDE0055: 淇鏍煎紡 (https://learn.microsoft.com/dotnet/fundamentals/code-analysis/style-rules/ide0055) [C:\UserWorx\VSWorx\ServoStudio\wpfui-servoStudio\samples\Wpf.Ui.servoStudio\servoStudio.csproj]
C:\UserWorx\VSWorx\ServoStudio\wpfui-servoStudio\samples\Wpf.Ui.servoStudio\Models\MotorIdentificationModel.cs(52,40): warning IDE0055: 淇鏍煎紡 (https://learn.microsoft.com/dotnet/fundamentals/code-analysis/style-rules/ide0055) [C:\UserWorx\VSWorx\ServoStudio\wpfui-servoStudio\samples\Wpf.Ui.servoStudio\servoStudio.csproj]
C:\UserWorx\VSWorx\ServoStudio\wpfui-servoStudio\samples\Wpf.Ui.servoStudio\Models\MotorIdentificationModel.cs(52,42): warning IDE0055: 淇鏍煎紡 (https://learn.microsoft.com/dotnet/fundamentals/code-analysis/style-rules/ide0055) [C:\UserWorx\VSWorx\ServoStudio\wpfui-servoStudio\samples\Wpf.Ui.servoStudio\servoStudio.csproj]
C:\UserWorx\VSWorx\ServoStudio\wpfui-servoStudio\samples\Wpf.Ui.servoStudio\Models\MotorIdentificationModel.cs(52,52): warning IDE0055: 淇鏍煎紡 (https://learn.microsoft.com/dotnet/fundamentals/code-analysis/style-rules/ide0055) [C:\UserWorx\VSWorx\ServoStudio\wpfui-servoStudio\samples\Wpf.Ui.servoStudio\servoStudio.csproj]
C:\UserWorx\VSWorx\ServoStudio\wpfui-servoStudio\samples\Wpf.Ui.servoStudio\Models\MotorIdentificationModel.cs(55,35): warning IDE0055: 淇鏍煎紡 (https://learn.microsoft.com/dotnet/fundamentals/code-analysis/style-rules/ide0055) [C:\UserWorx\VSWorx\ServoStudio\wpfui-servoStudio\samples\Wpf.Ui.servoStudio\servoStudio.csproj]
C:\UserWorx\VSWorx\ServoStudio\wpfui-servoStudio\samples\Wpf.Ui.servoStudio\Models\MotorIdentificationModel.cs(55,37): warning IDE0055: 淇鏍煎紡 (https://learn.microsoft.com/dotnet/fundamentals/code-analysis/style-rules/ide0055) [C:\UserWorx\VSWorx\ServoStudio\wpfui-servoStudio\samples\Wpf.Ui.servoStudio\servoStudio.csproj]
C:\UserWorx\VSWorx\ServoStudio\wpfui-servoStudio\samples\Wpf.Ui.servoStudio\Models\MotorIdentificationModel.cs(55,47): warning IDE0055: 淇鏍煎紡 (https://learn.microsoft.com/dotnet/fundamentals/code-analysis/style-rules/ide0055) [C:\UserWorx\VSWorx\ServoStudio\wpfui-servoStudio\samples\Wpf.Ui.servoStudio\servoStudio.csproj]
C:\UserWorx\VSWorx\ServoStudio\wpfui-servoStudio\samples\Wpf.Ui.servoStudio\Models\MotorIdentificationModel.cs(58,34): warning IDE0055: 淇鏍煎紡 (https://learn.microsoft.com/dotnet/fundamentals/code-analysis/style-rules/ide0055) [C:\UserWorx\VSWorx\ServoStudio\wpfui-servoStudio\samples\Wpf.Ui.servoStudio\servoStudio.csproj]
C:\UserWorx\VSWorx\ServoStudio\wpfui-servoStudio\samples\Wpf.Ui.servoStudio\Models\MotorIdentificationModel.cs(58,36): warning IDE0055: 淇鏍煎紡 (https://learn.microsoft.com/dotnet/fundamentals/code-analysis/style-rules/ide0055) [C:\UserWorx\VSWorx\ServoStudio\wpfui-servoStudio\samples\Wpf.Ui.servoStudio\servoStudio.csproj]
C:\UserWorx\VSWorx\ServoStudio\wpfui-servoStudio\samples\Wpf.Ui.servoStudio\Models\MotorIdentificationModel.cs(58,46): warning IDE0055: 淇鏍煎紡 (https://learn.microsoft.com/dotnet/fundamentals/code-analysis/style-rules/ide0055) [C:\UserWorx\VSWorx\ServoStudio\wpfui-servoStudio\samples\Wpf.Ui.servoStudio\servoStudio.csproj]
C:\UserWorx\VSWorx\ServoStudio\wpfui-servoStudio\samples\Wpf.Ui.servoStudio\Models\MotorIdentificationModel.cs(61,34): warning IDE0055: 淇鏍煎紡 (https://learn.microsoft.com/dotnet/fundamentals/code-analysis/style-rules/ide0055) [C:\UserWorx\VSWorx\ServoStudio\wpfui-servoStudio\samples\Wpf.Ui.servoStudio\servoStudio.csproj]
C:\UserWorx\VSWorx\ServoStudio\wpfui-servoStudio\samples\Wpf.Ui.servoStudio\Models\MotorIdentificationModel.cs(61,36): warning IDE0055: 淇鏍煎紡 (https://learn.microsoft.com/dotnet/fundamentals/code-analysis/style-rules/ide0055) [C:\UserWorx\VSWorx\ServoStudio\wpfui-servoStudio\samples\Wpf.Ui.servoStudio\servoStudio.csproj]
C:\UserWorx\VSWorx\ServoStudio\wpfui-servoStudio\samples\Wpf.Ui.servoStudio\Models\MotorIdentificationModel.cs(61,46): warning IDE0055: 淇鏍煎紡 (https://learn.microsoft.com/dotnet/fundamentals/code-analysis/style-rules/ide0055) [C:\UserWorx\VSWorx\ServoStudio\wpfui-servoStudio\samples\Wpf.Ui.servoStudio\servoStudio.csproj]
C:\UserWorx\VSWorx\ServoStudio\wpfui-servoStudio\samples\Wpf.Ui.servoStudio\Models\MotorIdentificationModel.cs(64,34): warning IDE0055: 淇鏍煎紡 (https://learn.microsoft.com/dotnet/fundamentals/code-analysis/style-rules/ide0055) [C:\UserWorx\VSWorx\ServoStudio\wpfui-servoStudio\samples\Wpf.Ui.servoStudio\servoStudio.csproj]
C:\UserWorx\VSWorx\ServoStudio\wpfui-servoStudio\samples\Wpf.Ui.servoStudio\Models\MotorIdentificationModel.cs(64,36): warning IDE0055: 淇鏍煎紡 (https://learn.microsoft.com/dotnet/fundamentals/code-analysis/style-rules/ide0055) [C:\UserWorx\VSWorx\ServoStudio\wpfui-servoStudio\samples\Wpf.Ui.servoStudio\servoStudio.csproj]
C:\UserWorx\VSWorx\ServoStudio\wpfui-servoStudio\samples\Wpf.Ui.servoStudio\Models\MotorIdentificationModel.cs(64,46): warning IDE0055: 淇鏍煎紡 (https://learn.microsoft.com/dotnet/fundamentals/code-analysis/style-rules/ide0055) [C:\UserWorx\VSWorx\ServoStudio\wpfui-servoStudio\samples\Wpf.Ui.servoStudio\servoStudio.csproj]
C:\UserWorx\VSWorx\ServoStudio\wpfui-servoStudio\samples\Wpf.Ui.servoStudio\Models\MotorIdentificationModel.cs(67,30): warning IDE0055: 淇鏍煎紡 (https://learn.microsoft.com/dotnet/fundamentals/code-analysis/style-rules/ide0055) [C:\UserWorx\VSWorx\ServoStudio\wpfui-servoStudio\samples\Wpf.Ui.servoStudio\servoStudio.csproj]
C:\UserWorx\VSWorx\ServoStudio\wpfui-servoStudio\samples\Wpf.Ui.servoStudio\Models\MotorIdentificationModel.cs(67,32): warning IDE0055: 淇鏍煎紡 (https://learn.microsoft.com/dotnet/fundamentals/code-analysis/style-rules/ide0055) [C:\UserWorx\VSWorx\ServoStudio\wpfui-servoStudio\samples\Wpf.Ui.servoStudio\servoStudio.csproj]
C:\UserWorx\VSWorx\ServoStudio\wpfui-servoStudio\samples\Wpf.Ui.servoStudio\Models\MotorIdentificationModel.cs(67,42): warning IDE0055: 淇鏍煎紡 (https://learn.microsoft.com/dotnet/fundamentals/code-analysis/style-rules/ide0055) [C:\UserWorx\VSWorx\ServoStudio\wpfui-servoStudio\samples\Wpf.Ui.servoStudio\servoStudio.csproj]
C:\UserWorx\VSWorx\ServoStudio\wpfui-servoStudio\samples\Wpf.Ui.servoStudio\Models\MotorIdentificationModel.cs(70,26): warning IDE0055: 淇鏍煎紡 (https://learn.microsoft.com/dotnet/fundamentals/code-analysis/style-rules/ide0055) [C:\UserWorx\VSWorx\ServoStudio\wpfui-servoStudio\samples\Wpf.Ui.servoStudio\servoStudio.csproj]
C:\UserWorx\VSWorx\ServoStudio\wpfui-servoStudio\samples\Wpf.Ui.servoStudio\Models\MotorIdentificationModel.cs(70,28): warning IDE0055: 淇鏍煎紡 (https://learn.microsoft.com/dotnet/fundamentals/code-analysis/style-rules/ide0055) [C:\UserWorx\VSWorx\ServoStudio\wpfui-servoStudio\samples\Wpf.Ui.servoStudio\servoStudio.csproj]
C:\UserWorx\VSWorx\ServoStudio\wpfui-servoStudio\samples\Wpf.Ui.servoStudio\Models\MotorIdentificationModel.cs(70,38): warning IDE0055: 淇鏍煎紡 (https://learn.microsoft.com/dotnet/fundamentals/code-analysis/style-rules/ide0055) [C:\UserWorx\VSWorx\ServoStudio\wpfui-servoStudio\samples\Wpf.Ui.servoStudio\servoStudio.csproj]
C:\UserWorx\VSWorx\ServoStudio\wpfui-servoStudio\samples\Wpf.Ui.servoStudio\Models\MotorIdentificationModel.cs(73,34): warning IDE0055: 淇鏍煎紡 (https://learn.microsoft.com/dotnet/fundamentals/code-analysis/style-rules/ide0055) [C:\UserWorx\VSWorx\ServoStudio\wpfui-servoStudio\samples\Wpf.Ui.servoStudio\servoStudio.csproj]
C:\UserWorx\VSWorx\ServoStudio\wpfui-servoStudio\samples\Wpf.Ui.servoStudio\Models\MotorIdentificationModel.cs(73,36): warning IDE0055: 淇鏍煎紡 (https://learn.microsoft.com/dotnet/fundamentals/code-analysis/style-rules/ide0055) [C:\UserWorx\VSWorx\ServoStudio\wpfui-servoStudio\samples\Wpf.Ui.servoStudio\servoStudio.csproj]
C:\UserWorx\VSWorx\ServoStudio\wpfui-servoStudio\samples\Wpf.Ui.servoStudio\Models\MotorIdentificationModel.cs(73,46): warning IDE0055: 淇鏍煎紡 (https://learn.microsoft.com/dotnet/fundamentals/code-analysis/style-rules/ide0055) [C:\UserWorx\VSWorx\ServoStudio\wpfui-servoStudio\samples\Wpf.Ui.servoStudio\servoStudio.csproj]
C:\UserWorx\VSWorx\ServoStudio\wpfui-servoStudio\samples\Wpf.Ui.servoStudio\Models\MotorIdentificationModel.cs(76,34): warning IDE0055: 淇鏍煎紡 (https://learn.microsoft.com/dotnet/fundamentals/code-analysis/style-rules/ide0055) [C:\UserWorx\VSWorx\ServoStudio\wpfui-servoStudio\samples\Wpf.Ui.servoStudio\servoStudio.csproj]
C:\UserWorx\VSWorx\ServoStudio\wpfui-servoStudio\samples\Wpf.Ui.servoStudio\Models\MotorIdentificationModel.cs(76,36): warning IDE0055: 淇鏍煎紡 (https://learn.microsoft.com/dotnet/fundamentals/code-analysis/style-rules/ide0055) [C:\UserWorx\VSWorx\ServoStudio\wpfui-servoStudio\samples\Wpf.Ui.servoStudio\servoStudio.csproj]
C:\UserWorx\VSWorx\ServoStudio\wpfui-servoStudio\samples\Wpf.Ui.servoStudio\Models\MotorIdentificationModel.cs(76,46): warning IDE0055: 淇鏍煎紡 (https://learn.microsoft.com/dotnet/fundamentals/code-analysis/style-rules/ide0055) [C:\UserWorx\VSWorx\ServoStudio\wpfui-servoStudio\samples\Wpf.Ui.servoStudio\servoStudio.csproj]
C:\UserWorx\VSWorx\ServoStudio\wpfui-servoStudio\samples\Wpf.Ui.servoStudio\Models\MotorIdentificationModel.cs(79,25): warning IDE0055: 淇鏍煎紡 (https://learn.microsoft.com/dotnet/fundamentals/code-analysis/style-rules/ide0055) [C:\UserWorx\VSWorx\ServoStudio\wpfui-servoStudio\samples\Wpf.Ui.servoStudio\servoStudio.csproj]
C:\UserWorx\VSWorx\ServoStudio\wpfui-servoStudio\samples\Wpf.Ui.servoStudio\Models\MotorIdentificationModel.cs(79,27): warning IDE0055: 淇鏍煎紡 (https://learn.microsoft.com/dotnet/fundamentals/code-analysis/style-rules/ide0055) [C:\UserWorx\VSWorx\ServoStudio\wpfui-servoStudio\samples\Wpf.Ui.servoStudio\servoStudio.csproj]
C:\UserWorx\VSWorx\ServoStudio\wpfui-servoStudio\samples\Wpf.Ui.servoStudio\Models\MotorIdentificationModel.cs(79,37): warning IDE0055: 淇鏍煎紡 (https://learn.microsoft.com/dotnet/fundamentals/code-analysis/style-rules/ide0055) [C:\UserWorx\VSWorx\ServoStudio\wpfui-servoStudio\samples\Wpf.Ui.servoStudio\servoStudio.csproj]
C:\UserWorx\VSWorx\ServoStudio\wpfui-servoStudio\samples\Wpf.Ui.servoStudio\Models\MotorIdentificationModel.cs(82,33): warning IDE0055: 淇鏍煎紡 (https://learn.microsoft.com/dotnet/fundamentals/code-analysis/style-rules/ide0055) [C:\UserWorx\VSWorx\ServoStudio\wpfui-servoStudio\samples\Wpf.Ui.servoStudio\servoStudio.csproj]
C:\UserWorx\VSWorx\ServoStudio\wpfui-servoStudio\samples\Wpf.Ui.servoStudio\Models\MotorIdentificationModel.cs(82,35): warning IDE0055: 淇鏍煎紡 (https://learn.microsoft.com/dotnet/fundamentals/code-analysis/style-rules/ide0055) [C:\UserWorx\VSWorx\ServoStudio\wpfui-servoStudio\samples\Wpf.Ui.servoStudio\servoStudio.csproj]
C:\UserWorx\VSWorx\ServoStudio\wpfui-servoStudio\samples\Wpf.Ui.servoStudio\Models\MotorIdentificationModel.cs(82,45): warning IDE0055: 淇鏍煎紡 (https://learn.microsoft.com/dotnet/fundamentals/code-analysis/style-rules/ide0055) [C:\UserWorx\VSWorx\ServoStudio\wpfui-servoStudio\samples\Wpf.Ui.servoStudio\servoStudio.csproj]
C:\UserWorx\VSWorx\ServoStudio\wpfui-servoStudio\samples\Wpf.Ui.servoStudio\Models\MotorIdentificationModel.cs(85,24): warning IDE0055: 淇鏍煎紡 (https://learn.microsoft.com/dotnet/fundamentals/code-analysis/style-rules/ide0055) [C:\UserWorx\VSWorx\ServoStudio\wpfui-servoStudio\samples\Wpf.Ui.servoStudio\servoStudio.csproj]
C:\UserWorx\VSWorx\ServoStudio\wpfui-servoStudio\samples\Wpf.Ui.servoStudio\Models\MotorIdentificationModel.cs(85,26): warning IDE0055: 淇鏍煎紡 (https://learn.microsoft.com/dotnet/fundamentals/code-analysis/style-rules/ide0055) [C:\UserWorx\VSWorx\ServoStudio\wpfui-servoStudio\samples\Wpf.Ui.servoStudio\servoStudio.csproj]
C:\UserWorx\VSWorx\ServoStudio\wpfui-servoStudio\samples\Wpf.Ui.servoStudio\Models\MotorIdentificationModel.cs(85,36): warning IDE0055: 淇鏍煎紡 (https://learn.microsoft.com/dotnet/fundamentals/code-analysis/style-rules/ide0055) [C:\UserWorx\VSWorx\ServoStudio\wpfui-servoStudio\samples\Wpf.Ui.servoStudio\servoStudio.csproj]
C:\UserWorx\VSWorx\ServoStudio\wpfui-servoStudio\samples\Wpf.Ui.servoStudio\Models\MotorIdentificationModel.cs(97,42): warning IDE0055: 淇鏍煎紡 (https://learn.microsoft.com/dotnet/fundamentals/code-analysis/style-rules/ide0055) [C:\UserWorx\VSWorx\ServoStudio\wpfui-servoStudio\samples\Wpf.Ui.servoStudio\servoStudio.csproj]
C:\UserWorx\VSWorx\ServoStudio\wpfui-servoStudio\samples\Wpf.Ui.servoStudio\Models\MotorIdentificationModel.cs(97,44): warning IDE0055: 淇鏍煎紡 (https://learn.microsoft.com/dotnet/fundamentals/code-analysis/style-rules/ide0055) [C:\UserWorx\VSWorx\ServoStudio\wpfui-servoStudio\samples\Wpf.Ui.servoStudio\servoStudio.csproj]
C:\UserWorx\VSWorx\ServoStudio\wpfui-servoStudio\samples\Wpf.Ui.servoStudio\Models\MotorIdentificationModel.cs(97,54): warning IDE0055: 淇鏍煎紡 (https://learn.microsoft.com/dotnet/fundamentals/code-analysis/style-rules/ide0055) [C:\UserWorx\VSWorx\ServoStudio\wpfui-servoStudio\samples\Wpf.Ui.servoStudio\servoStudio.csproj]
C:\UserWorx\VSWorx\ServoStudio\wpfui-servoStudio\samples\Wpf.Ui.servoStudio\Models\Product.cs(10,20): warning IDE0055: 淇鏍煎紡 (https://learn.microsoft.com/dotnet/fundamentals/code-analysis/style-rules/ide0055) [C:\UserWorx\VSWorx\ServoStudio\wpfui-servoStudio\samples\Wpf.Ui.servoStudio\servoStudio.csproj]
C:\UserWorx\VSWorx\ServoStudio\wpfui-servoStudio\samples\Wpf.Ui.servoStudio\Models\Product.cs(10,22): warning IDE0055: 淇鏍煎紡 (https://learn.microsoft.com/dotnet/fundamentals/code-analysis/style-rules/ide0055) [C:\UserWorx\VSWorx\ServoStudio\wpfui-servoStudio\samples\Wpf.Ui.servoStudio\servoStudio.csproj]
C:\UserWorx\VSWorx\ServoStudio\wpfui-servoStudio\samples\Wpf.Ui.servoStudio\Models\Product.cs(10,32): warning IDE0055: 淇鏍煎紡 (https://learn.microsoft.com/dotnet/fundamentals/code-analysis/style-rules/ide0055) [C:\UserWorx\VSWorx\ServoStudio\wpfui-servoStudio\samples\Wpf.Ui.servoStudio\servoStudio.csproj]
C:\UserWorx\VSWorx\ServoStudio\wpfui-servoStudio\samples\Wpf.Ui.servoStudio\Models\Product.cs(12,25): warning IDE0055: 淇鏍煎紡 (https://learn.microsoft.com/dotnet/fundamentals/code-analysis/style-rules/ide0055) [C:\UserWorx\VSWorx\ServoStudio\wpfui-servoStudio\samples\Wpf.Ui.servoStudio\servoStudio.csproj]
C:\UserWorx\VSWorx\ServoStudio\wpfui-servoStudio\samples\Wpf.Ui.servoStudio\Models\Product.cs(12,27): warning IDE0055: 淇鏍煎紡 (https://learn.microsoft.com/dotnet/fundamentals/code-analysis/style-rules/ide0055) [C:\UserWorx\VSWorx\ServoStudio\wpfui-servoStudio\samples\Wpf.Ui.servoStudio\servoStudio.csproj]
C:\UserWorx\VSWorx\ServoStudio\wpfui-servoStudio\samples\Wpf.Ui.servoStudio\Models\Product.cs(12,37): warning IDE0055: 淇鏍煎紡 (https://learn.microsoft.com/dotnet/fundamentals/code-analysis/style-rules/ide0055) [C:\UserWorx\VSWorx\ServoStudio\wpfui-servoStudio\samples\Wpf.Ui.servoStudio\servoStudio.csproj]
C:\UserWorx\VSWorx\ServoStudio\wpfui-servoStudio\samples\Wpf.Ui.servoStudio\Models\Product.cs(14,29): warning IDE0055: 淇鏍煎紡 (https://learn.microsoft.com/dotnet/fundamentals/code-analysis/style-rules/ide0055) [C:\UserWorx\VSWorx\ServoStudio\wpfui-servoStudio\samples\Wpf.Ui.servoStudio\servoStudio.csproj]
C:\UserWorx\VSWorx\ServoStudio\wpfui-servoStudio\samples\Wpf.Ui.servoStudio\Models\Product.cs(14,31): warning IDE0055: 淇鏍煎紡 (https://learn.microsoft.com/dotnet/fundamentals/code-analysis/style-rules/ide0055) [C:\UserWorx\VSWorx\ServoStudio\wpfui-servoStudio\samples\Wpf.Ui.servoStudio\servoStudio.csproj]
C:\UserWorx\VSWorx\ServoStudio\wpfui-servoStudio\samples\Wpf.Ui.servoStudio\Models\Product.cs(14,41): warning IDE0055: 淇鏍煎紡 (https://learn.microsoft.com/dotnet/fundamentals/code-analysis/style-rules/ide0055) [C:\UserWorx\VSWorx\ServoStudio\wpfui-servoStudio\samples\Wpf.Ui.servoStudio\servoStudio.csproj]
C:\UserWorx\VSWorx\ServoStudio\wpfui-servoStudio\samples\Wpf.Ui.servoStudio\Models\Product.cs(16,25): warning IDE0055: 淇鏍煎紡 (https://learn.microsoft.com/dotnet/fundamentals/code-analysis/style-rules/ide0055) [C:\UserWorx\VSWorx\ServoStudio\wpfui-servoStudio\samples\Wpf.Ui.servoStudio\servoStudio.csproj]
C:\UserWorx\VSWorx\ServoStudio\wpfui-servoStudio\samples\Wpf.Ui.servoStudio\Models\Product.cs(16,27): warning IDE0055: 淇鏍煎紡 (https://learn.microsoft.com/dotnet/fundamentals/code-analysis/style-rules/ide0055) [C:\UserWorx\VSWorx\ServoStudio\wpfui-servoStudio\samples\Wpf.Ui.servoStudio\servoStudio.csproj]
C:\UserWorx\VSWorx\ServoStudio\wpfui-servoStudio\samples\Wpf.Ui.servoStudio\Models\Product.cs(16,37): warning IDE0055: 淇鏍煎紡 (https://learn.microsoft.com/dotnet/fundamentals/code-analysis/style-rules/ide0055) [C:\UserWorx\VSWorx\ServoStudio\wpfui-servoStudio\samples\Wpf.Ui.servoStudio\servoStudio.csproj]
C:\UserWorx\VSWorx\ServoStudio\wpfui-servoStudio\samples\Wpf.Ui.servoStudio\Models\Product.cs(18,26): warning IDE0055: 淇鏍煎紡 (https://learn.microsoft.com/dotnet/fundamentals/code-analysis/style-rules/ide0055) [C:\UserWorx\VSWorx\ServoStudio\wpfui-servoStudio\samples\Wpf.Ui.servoStudio\servoStudio.csproj]
C:\UserWorx\VSWorx\ServoStudio\wpfui-servoStudio\samples\Wpf.Ui.servoStudio\Models\Product.cs(18,28): warning IDE0055: 淇鏍煎紡 (https://learn.microsoft.com/dotnet/fundamentals/code-analysis/style-rules/ide0055) [C:\UserWorx\VSWorx\ServoStudio\wpfui-servoStudio\samples\Wpf.Ui.servoStudio\servoStudio.csproj]
C:\UserWorx\VSWorx\ServoStudio\wpfui-servoStudio\samples\Wpf.Ui.servoStudio\Models\Product.cs(18,38): warning IDE0055: 淇鏍煎紡 (https://learn.microsoft.com/dotnet/fundamentals/code-analysis/style-rules/ide0055) [C:\UserWorx\VSWorx\ServoStudio\wpfui-servoStudio\samples\Wpf.Ui.servoStudio\servoStudio.csproj]
C:\UserWorx\VSWorx\ServoStudio\wpfui-servoStudio\samples\Wpf.Ui.servoStudio\Models\Product.cs(29,21): warning IDE0055: 淇鏍煎紡 (https://learn.microsoft.com/dotnet/fundamentals/code-analysis/style-rules/ide0055) [C:\UserWorx\VSWorx\ServoStudio\wpfui-servoStudio\samples\Wpf.Ui.servoStudio\servoStudio.csproj]
C:\UserWorx\VSWorx\ServoStudio\wpfui-servoStudio\samples\Wpf.Ui.servoStudio\Models\Product.cs(29,23): warning IDE0055: 淇鏍煎紡 (https://learn.microsoft.com/dotnet/fundamentals/code-analysis/style-rules/ide0055) [C:\UserWorx\VSWorx\ServoStudio\wpfui-servoStudio\samples\Wpf.Ui.servoStudio\servoStudio.csproj]
C:\UserWorx\VSWorx\ServoStudio\wpfui-servoStudio\samples\Wpf.Ui.servoStudio\Models\Product.cs(29,33): warning IDE0055: 淇鏍煎紡 (https://learn.microsoft.com/dotnet/fundamentals/code-analysis/style-rules/ide0055) [C:\UserWorx\VSWorx\ServoStudio\wpfui-servoStudio\samples\Wpf.Ui.servoStudio\servoStudio.csproj]
C:\UserWorx\VSWorx\ServoStudio\wpfui-servoStudio\samples\Wpf.Ui.servoStudio\Models\Product.cs(32,30): warning IDE0055: 淇鏍煎紡 (https://learn.microsoft.com/dotnet/fundamentals/code-analysis/style-rules/ide0055) [C:\UserWorx\VSWorx\ServoStudio\wpfui-servoStudio\samples\Wpf.Ui.servoStudio\servoStudio.csproj]
C:\UserWorx\VSWorx\ServoStudio\wpfui-servoStudio\samples\Wpf.Ui.servoStudio\Models\Product.cs(32,32): warning IDE0055: 淇鏍煎紡 (https://learn.microsoft.com/dotnet/fundamentals/code-analysis/style-rules/ide0055) [C:\UserWorx\VSWorx\ServoStudio\wpfui-servoStudio\samples\Wpf.Ui.servoStudio\servoStudio.csproj]
C:\UserWorx\VSWorx\ServoStudio\wpfui-servoStudio\samples\Wpf.Ui.servoStudio\Models\Product.cs(32,42): warning IDE0055: 淇鏍煎紡 (https://learn.microsoft.com/dotnet/fundamentals/code-analysis/style-rules/ide0055) [C:\UserWorx\VSWorx\ServoStudio\wpfui-servoStudio\samples\Wpf.Ui.servoStudio\servoStudio.csproj]
C:\UserWorx\VSWorx\ServoStudio\wpfui-servoStudio\samples\Wpf.Ui.servoStudio\Models\Product.cs(35,34): warning IDE0055: 淇鏍煎紡 (https://learn.microsoft.com/dotnet/fundamentals/code-analysis/style-rules/ide0055) [C:\UserWorx\VSWorx\ServoStudio\wpfui-servoStudio\samples\Wpf.Ui.servoStudio\servoStudio.csproj]
C:\UserWorx\VSWorx\ServoStudio\wpfui-servoStudio\samples\Wpf.Ui.servoStudio\Models\Product.cs(35,36): warning IDE0055: 淇鏍煎紡 (https://learn.microsoft.com/dotnet/fundamentals/code-analysis/style-rules/ide0055) [C:\UserWorx\VSWorx\ServoStudio\wpfui-servoStudio\samples\Wpf.Ui.servoStudio\servoStudio.csproj]
C:\UserWorx\VSWorx\ServoStudio\wpfui-servoStudio\samples\Wpf.Ui.servoStudio\Models\Product.cs(35,46): warning IDE0055: 淇鏍煎紡 (https://learn.microsoft.com/dotnet/fundamentals/code-analysis/style-rules/ide0055) [C:\UserWorx\VSWorx\ServoStudio\wpfui-servoStudio\samples\Wpf.Ui.servoStudio\servoStudio.csproj]
C:\UserWorx\VSWorx\ServoStudio\wpfui-servoStudio\samples\Wpf.Ui.servoStudio\Models\Product.cs(41,26): warning IDE0055: 淇鏍煎紡 (https://learn.microsoft.com/dotnet/fundamentals/code-analysis/style-rules/ide0055) [C:\UserWorx\VSWorx\ServoStudio\wpfui-servoStudio\samples\Wpf.Ui.servoStudio\servoStudio.csproj]
C:\UserWorx\VSWorx\ServoStudio\wpfui-servoStudio\samples\Wpf.Ui.servoStudio\Models\Product.cs(41,28): warning IDE0055: 淇鏍煎紡 (https://learn.microsoft.com/dotnet/fundamentals/code-analysis/style-rules/ide0055) [C:\UserWorx\VSWorx\ServoStudio\wpfui-servoStudio\samples\Wpf.Ui.servoStudio\servoStudio.csproj]
C:\UserWorx\VSWorx\ServoStudio\wpfui-servoStudio\samples\Wpf.Ui.servoStudio\Models\Product.cs(41,38): warning IDE0055: 淇鏍煎紡 (https://learn.microsoft.com/dotnet/fundamentals/code-analysis/style-rules/ide0055) [C:\UserWorx\VSWorx\ServoStudio\wpfui-servoStudio\samples\Wpf.Ui.servoStudio\servoStudio.csproj]
C:\UserWorx\VSWorx\ServoStudio\wpfui-servoStudio\samples\Wpf.Ui.servoStudio\Models\Product.cs(86,34): warning IDE0055: 淇鏍煎紡 (https://learn.microsoft.com/dotnet/fundamentals/code-analysis/style-rules/ide0055) [C:\UserWorx\VSWorx\ServoStudio\wpfui-servoStudio\samples\Wpf.Ui.servoStudio\servoStudio.csproj]
C:\UserWorx\VSWorx\ServoStudio\wpfui-servoStudio\samples\Wpf.Ui.servoStudio\Models\Product.cs(87,34): warning IDE0055: 淇鏍煎紡 (https://learn.microsoft.com/dotnet/fundamentals/code-analysis/style-rules/ide0055) [C:\UserWorx\VSWorx\ServoStudio\wpfui-servoStudio\samples\Wpf.Ui.servoStudio\servoStudio.csproj]
C:\UserWorx\VSWorx\ServoStudio\wpfui-servoStudio\samples\Wpf.Ui.servoStudio\Models\Product.cs(88,34): warning IDE0055: 淇鏍煎紡 (https://learn.microsoft.com/dotnet/fundamentals/code-analysis/style-rules/ide0055) [C:\UserWorx\VSWorx\ServoStudio\wpfui-servoStudio\samples\Wpf.Ui.servoStudio\servoStudio.csproj]
C:\UserWorx\VSWorx\ServoStudio\wpfui-servoStudio\samples\Wpf.Ui.servoStudio\Models\Product.cs(89,38): warning IDE0055: 淇鏍煎紡 (https://learn.microsoft.com/dotnet/fundamentals/code-analysis/style-rules/ide0055) [C:\UserWorx\VSWorx\ServoStudio\wpfui-servoStudio\samples\Wpf.Ui.servoStudio\servoStudio.csproj]
C:\UserWorx\VSWorx\ServoStudio\wpfui-servoStudio\samples\Wpf.Ui.servoStudio\Models\Product.cs(90,40): warning IDE0055: 淇鏍煎紡 (https://learn.microsoft.com/dotnet/fundamentals/code-analysis/style-rules/ide0055) [C:\UserWorx\VSWorx\ServoStudio\wpfui-servoStudio\samples\Wpf.Ui.servoStudio\servoStudio.csproj]
C:\UserWorx\VSWorx\ServoStudio\wpfui-servoStudio\samples\Wpf.Ui.servoStudio\Models\Product.cs(91,40): warning IDE0055: 淇鏍煎紡 (https://learn.microsoft.com/dotnet/fundamentals/code-analysis/style-rules/ide0055) [C:\UserWorx\VSWorx\ServoStudio\wpfui-servoStudio\samples\Wpf.Ui.servoStudio\servoStudio.csproj]
C:\UserWorx\VSWorx\ServoStudio\wpfui-servoStudio\samples\Wpf.Ui.servoStudio\Models\Product.cs(92,47): warning IDE0055: 淇鏍煎紡 (https://learn.microsoft.com/dotnet/fundamentals/code-analysis/style-rules/ide0055) [C:\UserWorx\VSWorx\ServoStudio\wpfui-servoStudio\samples\Wpf.Ui.servoStudio\servoStudio.csproj]
C:\UserWorx\VSWorx\ServoStudio\wpfui-servoStudio\samples\Wpf.Ui.servoStudio\Models\RegisterRow.cs(18,31): warning IDE0055: 淇鏍煎紡 (https://learn.microsoft.com/dotnet/fundamentals/code-analysis/style-rules/ide0055) [C:\UserWorx\VSWorx\ServoStudio\wpfui-servoStudio\samples\Wpf.Ui.servoStudio\servoStudio.csproj]
C:\UserWorx\VSWorx\ServoStudio\wpfui-servoStudio\samples\Wpf.Ui.servoStudio\Models\RegisterRow.cs(18,33): warning IDE0055: 淇鏍煎紡 (https://learn.microsoft.com/dotnet/fundamentals/code-analysis/style-rules/ide0055) [C:\UserWorx\VSWorx\ServoStudio\wpfui-servoStudio\samples\Wpf.Ui.servoStudio\servoStudio.csproj]
C:\UserWorx\VSWorx\ServoStudio\wpfui-servoStudio\samples\Wpf.Ui.servoStudio\Models\RegisterRow.cs(18,44): warning IDE0055: 淇鏍煎紡 (https://learn.microsoft.com/dotnet/fundamentals/code-analysis/style-rules/ide0055) [C:\UserWorx\VSWorx\ServoStudio\wpfui-servoStudio\samples\Wpf.Ui.servoStudio\servoStudio.csproj]
C:\UserWorx\VSWorx\ServoStudio\wpfui-servoStudio\samples\Wpf.Ui.servoStudio\Models\RegisterRow.cs(24,24): warning IDE0055: 淇鏍煎紡 (https://learn.microsoft.com/dotnet/fundamentals/code-analysis/style-rules/ide0055) [C:\UserWorx\VSWorx\ServoStudio\wpfui-servoStudio\samples\Wpf.Ui.servoStudio\servoStudio.csproj]
C:\UserWorx\VSWorx\ServoStudio\wpfui-servoStudio\samples\Wpf.Ui.servoStudio\Models\RegisterRow.cs(24,26): warning IDE0055: 淇鏍煎紡 (https://learn.microsoft.com/dotnet/fundamentals/code-analysis/style-rules/ide0055) [C:\UserWorx\VSWorx\ServoStudio\wpfui-servoStudio\samples\Wpf.Ui.servoStudio\servoStudio.csproj]
C:\UserWorx\VSWorx\ServoStudio\wpfui-servoStudio\samples\Wpf.Ui.servoStudio\Models\RegisterRow.cs(24,37): warning IDE0055: 淇鏍煎紡 (https://learn.microsoft.com/dotnet/fundamentals/code-analysis/style-rules/ide0055) [C:\UserWorx\VSWorx\ServoStudio\wpfui-servoStudio\samples\Wpf.Ui.servoStudio\servoStudio.csproj]
C:\UserWorx\VSWorx\ServoStudio\wpfui-servoStudio\samples\Wpf.Ui.servoStudio\Models\RegisterRow.cs(27,25): warning IDE0055: 淇鏍煎紡 (https://learn.microsoft.com/dotnet/fundamentals/code-analysis/style-rules/ide0055) [C:\UserWorx\VSWorx\ServoStudio\wpfui-servoStudio\samples\Wpf.Ui.servoStudio\servoStudio.csproj]
C:\UserWorx\VSWorx\ServoStudio\wpfui-servoStudio\samples\Wpf.Ui.servoStudio\Models\RegisterRow.cs(27,27): warning IDE0055: 淇鏍煎紡 (https://learn.microsoft.com/dotnet/fundamentals/code-analysis/style-rules/ide0055) [C:\UserWorx\VSWorx\ServoStudio\wpfui-servoStudio\samples\Wpf.Ui.servoStudio\servoStudio.csproj]
C:\UserWorx\VSWorx\ServoStudio\wpfui-servoStudio\samples\Wpf.Ui.servoStudio\Models\RegisterRow.cs(27,38): warning IDE0055: 淇鏍煎紡 (https://learn.microsoft.com/dotnet/fundamentals/code-analysis/style-rules/ide0055) [C:\UserWorx\VSWorx\ServoStudio\wpfui-servoStudio\samples\Wpf.Ui.servoStudio\servoStudio.csproj]
C:\UserWorx\VSWorx\ServoStudio\wpfui-servoStudio\samples\Wpf.Ui.servoStudio\Models\RegisterRow.cs(71,34): warning IDE0055: 淇鏍煎紡 (https://learn.microsoft.com/dotnet/fundamentals/code-analysis/style-rules/ide0055) [C:\UserWorx\VSWorx\ServoStudio\wpfui-servoStudio\samples\Wpf.Ui.servoStudio\servoStudio.csproj]
C:\UserWorx\VSWorx\ServoStudio\wpfui-servoStudio\samples\Wpf.Ui.servoStudio\Models\SerialPorts.cs(14,28): warning IDE0055: 淇鏍煎紡 (https://learn.microsoft.com/dotnet/fundamentals/code-analysis/style-rules/ide0055) [C:\UserWorx\VSWorx\ServoStudio\wpfui-servoStudio\samples\Wpf.Ui.servoStudio\servoStudio.csproj]
C:\UserWorx\VSWorx\ServoStudio\wpfui-servoStudio\samples\Wpf.Ui.servoStudio\Models\SerialPorts.cs(14,30): warning IDE0055: 淇鏍煎紡 (https://learn.microsoft.com/dotnet/fundamentals/code-analysis/style-rules/ide0055) [C:\UserWorx\VSWorx\ServoStudio\wpfui-servoStudio\samples\Wpf.Ui.servoStudio\servoStudio.csproj]
C:\UserWorx\VSWorx\ServoStudio\wpfui-servoStudio\samples\Wpf.Ui.servoStudio\Models\SerialPorts.cs(14,40): warning IDE0055: 淇鏍煎紡 (https://learn.microsoft.com/dotnet/fundamentals/code-analysis/style-rules/ide0055) [C:\UserWorx\VSWorx\ServoStudio\wpfui-servoStudio\samples\Wpf.Ui.servoStudio\servoStudio.csproj]
C:\UserWorx\VSWorx\ServoStudio\wpfui-servoStudio\samples\Wpf.Ui.servoStudio\Models\SerialPorts.cs(16,21): warning IDE0055: 淇鏍煎紡 (https://learn.microsoft.com/dotnet/fundamentals/code-analysis/style-rules/ide0055) [C:\UserWorx\VSWorx\ServoStudio\wpfui-servoStudio\samples\Wpf.Ui.servoStudio\servoStudio.csproj]
C:\UserWorx\VSWorx\ServoStudio\wpfui-servoStudio\samples\Wpf.Ui.servoStudio\Models\SerialPorts.cs(16,23): warning IDE0055: 淇鏍煎紡 (https://learn.microsoft.com/dotnet/fundamentals/code-analysis/style-rules/ide0055) [C:\UserWorx\VSWorx\ServoStudio\wpfui-servoStudio\samples\Wpf.Ui.servoStudio\servoStudio.csproj]
C:\UserWorx\VSWorx\ServoStudio\wpfui-servoStudio\samples\Wpf.Ui.servoStudio\Models\SerialPorts.cs(16,33): warning IDE0055: 淇鏍煎紡 (https://learn.microsoft.com/dotnet/fundamentals/code-analysis/style-rules/ide0055) [C:\UserWorx\VSWorx\ServoStudio\wpfui-servoStudio\samples\Wpf.Ui.servoStudio\servoStudio.csproj]
C:\UserWorx\VSWorx\ServoStudio\wpfui-servoStudio\samples\Wpf.Ui.servoStudio\Models\SerialPorts.cs(18,27): warning IDE0055: 淇鏍煎紡 (https://learn.microsoft.com/dotnet/fundamentals/code-analysis/style-rules/ide0055) [C:\UserWorx\VSWorx\ServoStudio\wpfui-servoStudio\samples\Wpf.Ui.servoStudio\servoStudio.csproj]
C:\UserWorx\VSWorx\ServoStudio\wpfui-servoStudio\samples\Wpf.Ui.servoStudio\Models\SerialPorts.cs(18,29): warning IDE0055: 淇鏍煎紡 (https://learn.microsoft.com/dotnet/fundamentals/code-analysis/style-rules/ide0055) [C:\UserWorx\VSWorx\ServoStudio\wpfui-servoStudio\samples\Wpf.Ui.servoStudio\servoStudio.csproj]
C:\UserWorx\VSWorx\ServoStudio\wpfui-servoStudio\samples\Wpf.Ui.servoStudio\Models\SerialPorts.cs(18,39): warning IDE0055: 淇鏍煎紡 (https://learn.microsoft.com/dotnet/fundamentals/code-analysis/style-rules/ide0055) [C:\UserWorx\VSWorx\ServoStudio\wpfui-servoStudio\samples\Wpf.Ui.servoStudio\servoStudio.csproj]
C:\UserWorx\VSWorx\ServoStudio\wpfui-servoStudio\samples\Wpf.Ui.servoStudio\Models\SerialPorts.cs(20,29): warning IDE0055: 淇鏍煎紡 (https://learn.microsoft.com/dotnet/fundamentals/code-analysis/style-rules/ide0055) [C:\UserWorx\VSWorx\ServoStudio\wpfui-servoStudio\samples\Wpf.Ui.servoStudio\servoStudio.csproj]
C:\UserWorx\VSWorx\ServoStudio\wpfui-servoStudio\samples\Wpf.Ui.servoStudio\Models\SerialPorts.cs(20,31): warning IDE0055: 淇鏍煎紡 (https://learn.microsoft.com/dotnet/fundamentals/code-analysis/style-rules/ide0055) [C:\UserWorx\VSWorx\ServoStudio\wpfui-servoStudio\samples\Wpf.Ui.servoStudio\servoStudio.csproj]
C:\UserWorx\VSWorx\ServoStudio\wpfui-servoStudio\samples\Wpf.Ui.servoStudio\Models\SerialPorts.cs(20,41): warning IDE0055: 淇鏍煎紡 (https://learn.microsoft.com/dotnet/fundamentals/code-analysis/style-rules/ide0055) [C:\UserWorx\VSWorx\ServoStudio\wpfui-servoStudio\samples\Wpf.Ui.servoStudio\servoStudio.csproj]
C:\UserWorx\VSWorx\ServoStudio\wpfui-servoStudio\samples\Wpf.Ui.servoStudio\Models\SerialPorts.cs(22,27): warning IDE0055: 淇鏍煎紡 (https://learn.microsoft.com/dotnet/fundamentals/code-analysis/style-rules/ide0055) [C:\UserWorx\VSWorx\ServoStudio\wpfui-servoStudio\samples\Wpf.Ui.servoStudio\servoStudio.csproj]
C:\UserWorx\VSWorx\ServoStudio\wpfui-servoStudio\samples\Wpf.Ui.servoStudio\Models\SerialPorts.cs(22,29): warning IDE0055: 淇鏍煎紡 (https://learn.microsoft.com/dotnet/fundamentals/code-analysis/style-rules/ide0055) [C:\UserWorx\VSWorx\ServoStudio\wpfui-servoStudio\samples\Wpf.Ui.servoStudio\servoStudio.csproj]
C:\UserWorx\VSWorx\ServoStudio\wpfui-servoStudio\samples\Wpf.Ui.servoStudio\Models\SerialPorts.cs(22,39): warning IDE0055: 淇鏍煎紡 (https://learn.microsoft.com/dotnet/fundamentals/code-analysis/style-rules/ide0055) [C:\UserWorx\VSWorx\ServoStudio\wpfui-servoStudio\samples\Wpf.Ui.servoStudio\servoStudio.csproj]
C:\UserWorx\VSWorx\ServoStudio\wpfui-servoStudio\samples\Wpf.Ui.servoStudio\Models\SerialPorts.cs(27,35): warning IDE0055: 淇鏍煎紡 (https://learn.microsoft.com/dotnet/fundamentals/code-analysis/style-rules/ide0055) [C:\UserWorx\VSWorx\ServoStudio\wpfui-servoStudio\samples\Wpf.Ui.servoStudio\servoStudio.csproj]
C:\UserWorx\VSWorx\ServoStudio\wpfui-servoStudio\samples\Wpf.Ui.servoStudio\Models\SerialPorts.cs(27,37): warning IDE0055: 淇鏍煎紡 (https://learn.microsoft.com/dotnet/fundamentals/code-analysis/style-rules/ide0055) [C:\UserWorx\VSWorx\ServoStudio\wpfui-servoStudio\samples\Wpf.Ui.servoStudio\servoStudio.csproj]
C:\UserWorx\VSWorx\ServoStudio\wpfui-servoStudio\samples\Wpf.Ui.servoStudio\Models\SerialPorts.cs(27,47): warning IDE0055: 淇鏍煎紡 (https://learn.microsoft.com/dotnet/fundamentals/code-analysis/style-rules/ide0055) [C:\UserWorx\VSWorx\ServoStudio\wpfui-servoStudio\samples\Wpf.Ui.servoStudio\servoStudio.csproj]
C:\UserWorx\VSWorx\ServoStudio\wpfui-servoStudio\samples\Wpf.Ui.servoStudio\Models\SerialPorts.cs(28,31): warning IDE0055: 淇鏍煎紡 (https://learn.microsoft.com/dotnet/fundamentals/code-analysis/style-rules/ide0055) [C:\UserWorx\VSWorx\ServoStudio\wpfui-servoStudio\samples\Wpf.Ui.servoStudio\servoStudio.csproj]
C:\UserWorx\VSWorx\ServoStudio\wpfui-servoStudio\samples\Wpf.Ui.servoStudio\Models\SerialPorts.cs(28,33): warning IDE0055: 淇鏍煎紡 (https://learn.microsoft.com/dotnet/fundamentals/code-analysis/style-rules/ide0055) [C:\UserWorx\VSWorx\ServoStudio\wpfui-servoStudio\samples\Wpf.Ui.servoStudio\servoStudio.csproj]
C:\UserWorx\VSWorx\ServoStudio\wpfui-servoStudio\samples\Wpf.Ui.servoStudio\Models\SerialPorts.cs(28,43): warning IDE0055: 淇鏍煎紡 (https://learn.microsoft.com/dotnet/fundamentals/code-analysis/style-rules/ide0055) [C:\UserWorx\VSWorx\ServoStudio\wpfui-servoStudio\samples\Wpf.Ui.servoStudio\servoStudio.csproj]
C:\UserWorx\VSWorx\ServoStudio\wpfui-servoStudio\samples\Wpf.Ui.servoStudio\Services\CanNativeResolver.cs(26,25): warning IDE0055: 淇鏍煎紡 (https://learn.microsoft.com/dotnet/fundamentals/code-analysis/style-rules/ide0055) [C:\UserWorx\VSWorx\ServoStudio\wpfui-servoStudio\samples\Wpf.Ui.servoStudio\servoStudio.csproj]
C:\UserWorx\VSWorx\ServoStudio\wpfui-servoStudio\samples\Wpf.Ui.servoStudio\Services\CanNativeResolver.cs(44,44): warning IDE0055: 淇鏍煎紡 (https://learn.microsoft.com/dotnet/fundamentals/code-analysis/style-rules/ide0055) [C:\UserWorx\VSWorx\ServoStudio\wpfui-servoStudio\samples\Wpf.Ui.servoStudio\servoStudio.csproj]
C:\UserWorx\VSWorx\ServoStudio\wpfui-servoStudio\samples\Wpf.Ui.servoStudio\Services\CanNativeResolver.cs(75,88): warning IDE0055: 淇鏍煎紡 (https://learn.microsoft.com/dotnet/fundamentals/code-analysis/style-rules/ide0055) [C:\UserWorx\VSWorx\ServoStudio\wpfui-servoStudio\samples\Wpf.Ui.servoStudio\servoStudio.csproj]
C:\UserWorx\VSWorx\ServoStudio\wpfui-servoStudio\samples\Wpf.Ui.servoStudio\Services\CanNativeResolver.cs(80,82): warning IDE0055: 淇鏍煎紡 (https://learn.microsoft.com/dotnet/fundamentals/code-analysis/style-rules/ide0055) [C:\UserWorx\VSWorx\ServoStudio\wpfui-servoStudio\samples\Wpf.Ui.servoStudio\servoStudio.csproj]
C:\UserWorx\VSWorx\ServoStudio\wpfui-servoStudio\samples\Wpf.Ui.servoStudio\Services\CanNativeResolver.cs(81,9): warning IDE2003: 鍧椾笌鍚庣画璇彞涔嬮棿闇€瑕佹湁绌虹櫧琛?(https://learn.microsoft.com/dotnet/fundamentals/code-analysis/style-rules/ide2003) [C:\UserWorx\VSWorx\ServoStudio\wpfui-servoStudio\samples\Wpf.Ui.servoStudio\servoStudio.csproj]
C:\UserWorx\VSWorx\ServoStudio\wpfui-servoStudio\samples\Wpf.Ui.servoStudio\Services\DataFrameLogger.cs(139,12): warning IDE0055: 淇鏍煎紡 (https://learn.microsoft.com/dotnet/fundamentals/code-analysis/style-rules/ide0055) [C:\UserWorx\VSWorx\ServoStudio\wpfui-servoStudio\samples\Wpf.Ui.servoStudio\servoStudio.csproj]
C:\UserWorx\VSWorx\ServoStudio\wpfui-servoStudio\samples\Wpf.Ui.servoStudio\Services\DataFrameLogger.cs(139,14): warning IDE0055: 淇鏍煎紡 (https://learn.microsoft.com/dotnet/fundamentals/code-analysis/style-rules/ide0055) [C:\UserWorx\VSWorx\ServoStudio\wpfui-servoStudio\samples\Wpf.Ui.servoStudio\servoStudio.csproj]
C:\UserWorx\VSWorx\ServoStudio\wpfui-servoStudio\samples\Wpf.Ui.servoStudio\Services\DataFrameLogger.cs(139,37): warning IDE0055: 淇鏍煎紡 (https://learn.microsoft.com/dotnet/fundamentals/code-analysis/style-rules/ide0055) [C:\UserWorx\VSWorx\ServoStudio\wpfui-servoStudio\samples\Wpf.Ui.servoStudio\servoStudio.csproj]
C:\UserWorx\VSWorx\ServoStudio\wpfui-servoStudio\samples\Wpf.Ui.servoStudio\Services\DataFrameLogger.cs(139,39): warning IDE0055: 淇鏍煎紡 (https://learn.microsoft.com/dotnet/fundamentals/code-analysis/style-rules/ide0055) [C:\UserWorx\VSWorx\ServoStudio\wpfui-servoStudio\samples\Wpf.Ui.servoStudio\servoStudio.csproj]
C:\UserWorx\VSWorx\ServoStudio\wpfui-servoStudio\samples\Wpf.Ui.servoStudio\Services\DataFrameLogger.cs(145,12): warning IDE0055: 淇鏍煎紡 (https://learn.microsoft.com/dotnet/fundamentals/code-analysis/style-rules/ide0055) [C:\UserWorx\VSWorx\ServoStudio\wpfui-servoStudio\samples\Wpf.Ui.servoStudio\servoStudio.csproj]
C:\UserWorx\VSWorx\ServoStudio\wpfui-servoStudio\samples\Wpf.Ui.servoStudio\Services\DataFrameLogger.cs(145,14): warning IDE0055: 淇鏍煎紡 (https://learn.microsoft.com/dotnet/fundamentals/code-analysis/style-rules/ide0055) [C:\UserWorx\VSWorx\ServoStudio\wpfui-servoStudio\samples\Wpf.Ui.servoStudio\servoStudio.csproj]
C:\UserWorx\VSWorx\ServoStudio\wpfui-servoStudio\samples\Wpf.Ui.servoStudio\Services\DataFrameLogger.cs(145,37): warning IDE0055: 淇鏍煎紡 (https://learn.microsoft.com/dotnet/fundamentals/code-analysis/style-rules/ide0055) [C:\UserWorx\VSWorx\ServoStudio\wpfui-servoStudio\samples\Wpf.Ui.servoStudio\servoStudio.csproj]
C:\UserWorx\VSWorx\ServoStudio\wpfui-servoStudio\samples\Wpf.Ui.servoStudio\Services\DataFrameLogger.cs(145,39): warning IDE0055: 淇鏍煎紡 (https://learn.microsoft.com/dotnet/fundamentals/code-analysis/style-rules/ide0055) [C:\UserWorx\VSWorx\ServoStudio\wpfui-servoStudio\samples\Wpf.Ui.servoStudio\servoStudio.csproj]
C:\UserWorx\VSWorx\ServoStudio\wpfui-servoStudio\samples\Wpf.Ui.servoStudio\Services\DataFrameLogger.cs(180,24): warning IDE0055: 淇鏍煎紡 (https://learn.microsoft.com/dotnet/fundamentals/code-analysis/style-rules/ide0055) [C:\UserWorx\VSWorx\ServoStudio\wpfui-servoStudio\samples\Wpf.Ui.servoStudio\servoStudio.csproj]
C:\UserWorx\VSWorx\ServoStudio\wpfui-servoStudio\samples\Wpf.Ui.servoStudio\Services\DataFrameLogger.cs(180,26): warning IDE0055: 淇鏍煎紡 (https://learn.microsoft.com/dotnet/fundamentals/code-analysis/style-rules/ide0055) [C:\UserWorx\VSWorx\ServoStudio\wpfui-servoStudio\samples\Wpf.Ui.servoStudio\servoStudio.csproj]
C:\UserWorx\VSWorx\ServoStudio\wpfui-servoStudio\samples\Wpf.Ui.servoStudio\Services\DataFrameLogger.cs(180,44): warning IDE0055: 淇鏍煎紡 (https://learn.microsoft.com/dotnet/fundamentals/code-analysis/style-rules/ide0055) [C:\UserWorx\VSWorx\ServoStudio\wpfui-servoStudio\samples\Wpf.Ui.servoStudio\servoStudio.csproj]
C:\UserWorx\VSWorx\ServoStudio\wpfui-servoStudio\samples\Wpf.Ui.servoStudio\Services\DataFrameLogger.cs(180,46): warning IDE0055: 淇鏍煎紡 (https://learn.microsoft.com/dotnet/fundamentals/code-analysis/style-rules/ide0055) [C:\UserWorx\VSWorx\ServoStudio\wpfui-servoStudio\samples\Wpf.Ui.servoStudio\servoStudio.csproj]
C:\UserWorx\VSWorx\ServoStudio\wpfui-servoStudio\samples\Wpf.Ui.servoStudio\Services\DataFrameLogger.cs(198,59): warning IDE0055: 淇鏍煎紡 (https://learn.microsoft.com/dotnet/fundamentals/code-analysis/style-rules/ide0055) [C:\UserWorx\VSWorx\ServoStudio\wpfui-servoStudio\samples\Wpf.Ui.servoStudio\servoStudio.csproj]
C:\UserWorx\VSWorx\ServoStudio\wpfui-servoStudio\samples\Wpf.Ui.servoStudio\Services\DataFrameLogger.cs(220,16): warning IDE0055: 淇鏍煎紡 (https://learn.microsoft.com/dotnet/fundamentals/code-analysis/style-rules/ide0055) [C:\UserWorx\VSWorx\ServoStudio\wpfui-servoStudio\samples\Wpf.Ui.servoStudio\servoStudio.csproj]
C:\UserWorx\VSWorx\ServoStudio\wpfui-servoStudio\samples\Wpf.Ui.servoStudio\Services\DataFrameLogger.cs(220,18): warning IDE0055: 淇鏍煎紡 (https://learn.microsoft.com/dotnet/fundamentals/code-analysis/style-rules/ide0055) [C:\UserWorx\VSWorx\ServoStudio\wpfui-servoStudio\samples\Wpf.Ui.servoStudio\servoStudio.csproj]
C:\UserWorx\VSWorx\ServoStudio\wpfui-servoStudio\samples\Wpf.Ui.servoStudio\Services\DataFrameLogger.cs(220,61): warning IDE0055: 淇鏍煎紡 (https://learn.microsoft.com/dotnet/fundamentals/code-analysis/style-rules/ide0055) [C:\UserWorx\VSWorx\ServoStudio\wpfui-servoStudio\samples\Wpf.Ui.servoStudio\servoStudio.csproj]
C:\UserWorx\VSWorx\ServoStudio\wpfui-servoStudio\samples\Wpf.Ui.servoStudio\Services\DataFrameLogger.cs(220,63): warning IDE0055: 淇鏍煎紡 (https://learn.microsoft.com/dotnet/fundamentals/code-analysis/style-rules/ide0055) [C:\UserWorx\VSWorx\ServoStudio\wpfui-servoStudio\samples\Wpf.Ui.servoStudio\servoStudio.csproj]
C:\UserWorx\VSWorx\ServoStudio\wpfui-servoStudio\samples\Wpf.Ui.servoStudio\Services\DataFrameLogger.cs(256,29): warning IDE0055: 淇鏍煎紡 (https://learn.microsoft.com/dotnet/fundamentals/code-analysis/style-rules/ide0055) [C:\UserWorx\VSWorx\ServoStudio\wpfui-servoStudio\samples\Wpf.Ui.servoStudio\servoStudio.csproj]
C:\UserWorx\VSWorx\ServoStudio\wpfui-servoStudio\samples\Wpf.Ui.servoStudio\Services\DataFrameLogger.cs(278,47): warning IDE0055: 淇鏍煎紡 (https://learn.microsoft.com/dotnet/fundamentals/code-analysis/style-rules/ide0055) [C:\UserWorx\VSWorx\ServoStudio\wpfui-servoStudio\samples\Wpf.Ui.servoStudio\servoStudio.csproj]
C:\UserWorx\VSWorx\ServoStudio\wpfui-servoStudio\samples\Wpf.Ui.servoStudio\Services\DataFrameLogger.cs(313,29): warning IDE0055: 淇鏍煎紡 (https://learn.microsoft.com/dotnet/fundamentals/code-analysis/style-rules/ide0055) [C:\UserWorx\VSWorx\ServoStudio\wpfui-servoStudio\samples\Wpf.Ui.servoStudio\servoStudio.csproj]
C:\UserWorx\VSWorx\ServoStudio\wpfui-servoStudio\samples\Wpf.Ui.servoStudio\Services\DataFrameLogger.cs(358,29): warning IDE0055: 淇鏍煎紡 (https://learn.microsoft.com/dotnet/fundamentals/code-analysis/style-rules/ide0055) [C:\UserWorx\VSWorx\ServoStudio\wpfui-servoStudio\samples\Wpf.Ui.servoStudio\servoStudio.csproj]
C:\UserWorx\VSWorx\ServoStudio\wpfui-servoStudio\samples\Wpf.Ui.servoStudio\Services\DataFrameLogger.cs(367,27): warning IDE0055: 淇鏍煎紡 (https://learn.microsoft.com/dotnet/fundamentals/code-analysis/style-rules/ide0055) [C:\UserWorx\VSWorx\ServoStudio\wpfui-servoStudio\samples\Wpf.Ui.servoStudio\servoStudio.csproj]
C:\UserWorx\VSWorx\ServoStudio\wpfui-servoStudio\samples\Wpf.Ui.servoStudio\Services\DataFrameLogger.cs(369,24): warning IDE0055: 淇鏍煎紡 (https://learn.microsoft.com/dotnet/fundamentals/code-analysis/style-rules/ide0055) [C:\UserWorx\VSWorx\ServoStudio\wpfui-servoStudio\samples\Wpf.Ui.servoStudio\servoStudio.csproj]
C:\UserWorx\VSWorx\ServoStudio\wpfui-servoStudio\samples\Wpf.Ui.servoStudio\Services\DataFrameLogger.cs(395,43): warning IDE0055: 淇鏍煎紡 (https://learn.microsoft.com/dotnet/fundamentals/code-analysis/style-rules/ide0055) [C:\UserWorx\VSWorx\ServoStudio\wpfui-servoStudio\samples\Wpf.Ui.servoStudio\servoStudio.csproj]
C:\UserWorx\VSWorx\ServoStudio\wpfui-servoStudio\samples\Wpf.Ui.servoStudio\Services\DataFrameLogger.cs(409,31): warning IDE0055: 淇鏍煎紡 (https://learn.microsoft.com/dotnet/fundamentals/code-analysis/style-rules/ide0055) [C:\UserWorx\VSWorx\ServoStudio\wpfui-servoStudio\samples\Wpf.Ui.servoStudio\servoStudio.csproj]
C:\UserWorx\VSWorx\ServoStudio\wpfui-servoStudio\samples\Wpf.Ui.servoStudio\Services\DataFrameLogger.cs(409,54): warning IDE0055: 淇鏍煎紡 (https://learn.microsoft.com/dotnet/fundamentals/code-analysis/style-rules/ide0055) [C:\UserWorx\VSWorx\ServoStudio\wpfui-servoStudio\samples\Wpf.Ui.servoStudio\servoStudio.csproj]
C:\UserWorx\VSWorx\ServoStudio\wpfui-servoStudio\samples\Wpf.Ui.servoStudio\Services\DataFrameLogger.cs(410,30): warning IDE0055: 淇鏍煎紡 (https://learn.microsoft.com/dotnet/fundamentals/code-analysis/style-rules/ide0055) [C:\UserWorx\VSWorx\ServoStudio\wpfui-servoStudio\samples\Wpf.Ui.servoStudio\servoStudio.csproj]
C:\UserWorx\VSWorx\ServoStudio\wpfui-servoStudio\samples\Wpf.Ui.servoStudio\Services\DataFrameLogger.cs(410,53): warning IDE0055: 淇鏍煎紡 (https://learn.microsoft.com/dotnet/fundamentals/code-analysis/style-rules/ide0055) [C:\UserWorx\VSWorx\ServoStudio\wpfui-servoStudio\samples\Wpf.Ui.servoStudio\servoStudio.csproj]
C:\UserWorx\VSWorx\ServoStudio\wpfui-servoStudio\samples\Wpf.Ui.servoStudio\Services\DataFrameLogger.cs(411,31): warning IDE0055: 淇鏍煎紡 (https://learn.microsoft.com/dotnet/fundamentals/code-analysis/style-rules/ide0055) [C:\UserWorx\VSWorx\ServoStudio\wpfui-servoStudio\samples\Wpf.Ui.servoStudio\servoStudio.csproj]
C:\UserWorx\VSWorx\ServoStudio\wpfui-servoStudio\samples\Wpf.Ui.servoStudio\Services\DataFrameLogger.cs(411,53): warning IDE0055: 淇鏍煎紡 (https://learn.microsoft.com/dotnet/fundamentals/code-analysis/style-rules/ide0055) [C:\UserWorx\VSWorx\ServoStudio\wpfui-servoStudio\samples\Wpf.Ui.servoStudio\servoStudio.csproj]
C:\UserWorx\VSWorx\ServoStudio\wpfui-servoStudio\samples\Wpf.Ui.servoStudio\Services\DataFrameLogger.cs(412,31): warning IDE0055: 淇鏍煎紡 (https://learn.microsoft.com/dotnet/fundamentals/code-analysis/style-rules/ide0055) [C:\UserWorx\VSWorx\ServoStudio\wpfui-servoStudio\samples\Wpf.Ui.servoStudio\servoStudio.csproj]
C:\UserWorx\VSWorx\ServoStudio\wpfui-servoStudio\samples\Wpf.Ui.servoStudio\Services\DataFrameLogger.cs(412,53): warning IDE0055: 淇鏍煎紡 (https://learn.microsoft.com/dotnet/fundamentals/code-analysis/style-rules/ide0055) [C:\UserWorx\VSWorx\ServoStudio\wpfui-servoStudio\samples\Wpf.Ui.servoStudio\servoStudio.csproj]
C:\UserWorx\VSWorx\ServoStudio\wpfui-servoStudio\samples\Wpf.Ui.servoStudio\Services\DataFrameLogger.cs(413,31): warning IDE0055: 淇鏍煎紡 (https://learn.microsoft.com/dotnet/fundamentals/code-analysis/style-rules/ide0055) [C:\UserWorx\VSWorx\ServoStudio\wpfui-servoStudio\samples\Wpf.Ui.servoStudio\servoStudio.csproj]
C:\UserWorx\VSWorx\ServoStudio\wpfui-servoStudio\samples\Wpf.Ui.servoStudio\Services\DataFrameLogger.cs(413,53): warning IDE0055: 淇鏍煎紡 (https://learn.microsoft.com/dotnet/fundamentals/code-analysis/style-rules/ide0055) [C:\UserWorx\VSWorx\ServoStudio\wpfui-servoStudio\samples\Wpf.Ui.servoStudio\servoStudio.csproj]
C:\UserWorx\VSWorx\ServoStudio\wpfui-servoStudio\samples\Wpf.Ui.servoStudio\Services\DataFrameLogger.cs(415,38): warning IDE0055: 淇鏍煎紡 (https://learn.microsoft.com/dotnet/fundamentals/code-analysis/style-rules/ide0055) [C:\UserWorx\VSWorx\ServoStudio\wpfui-servoStudio\samples\Wpf.Ui.servoStudio\servoStudio.csproj]
C:\UserWorx\VSWorx\ServoStudio\wpfui-servoStudio\samples\Wpf.Ui.servoStudio\Services\DataFrameLogger.cs(416,29): warning IDE0055: 淇鏍煎紡 (https://learn.microsoft.com/dotnet/fundamentals/code-analysis/style-rules/ide0055) [C:\UserWorx\VSWorx\ServoStudio\wpfui-servoStudio\samples\Wpf.Ui.servoStudio\servoStudio.csproj]
C:\UserWorx\VSWorx\ServoStudio\wpfui-servoStudio\samples\Wpf.Ui.servoStudio\Services\DataFrameLogger.cs(433,30): warning IDE0055: 淇鏍煎紡 (https://learn.microsoft.com/dotnet/fundamentals/code-analysis/style-rules/ide0055) [C:\UserWorx\VSWorx\ServoStudio\wpfui-servoStudio\samples\Wpf.Ui.servoStudio\servoStudio.csproj]
C:\UserWorx\VSWorx\ServoStudio\wpfui-servoStudio\samples\Wpf.Ui.servoStudio\Services\DataFrameLogger.cs(433,32): warning IDE0055: 淇鏍煎紡 (https://learn.microsoft.com/dotnet/fundamentals/code-analysis/style-rules/ide0055) [C:\UserWorx\VSWorx\ServoStudio\wpfui-servoStudio\samples\Wpf.Ui.servoStudio\servoStudio.csproj]
C:\UserWorx\VSWorx\ServoStudio\wpfui-servoStudio\samples\Wpf.Ui.servoStudio\Services\DataFrameLogger.cs(433,45): warning IDE0055: 淇鏍煎紡 (https://learn.microsoft.com/dotnet/fundamentals/code-analysis/style-rules/ide0055) [C:\UserWorx\VSWorx\ServoStudio\wpfui-servoStudio\samples\Wpf.Ui.servoStudio\servoStudio.csproj]
C:\UserWorx\VSWorx\ServoStudio\wpfui-servoStudio\samples\Wpf.Ui.servoStudio\Services\FactoryAccessService.cs(33,34): warning IDE0055: 淇鏍煎紡 (https://learn.microsoft.com/dotnet/fundamentals/code-analysis/style-rules/ide0055) [C:\UserWorx\VSWorx\ServoStudio\wpfui-servoStudio\samples\Wpf.Ui.servoStudio\servoStudio.csproj]
C:\UserWorx\VSWorx\ServoStudio\wpfui-servoStudio\samples\Wpf.Ui.servoStudio\Services\FactoryAccessService.cs(33,36): warning IDE0055: 淇鏍煎紡 (https://learn.microsoft.com/dotnet/fundamentals/code-analysis/style-rules/ide0055) [C:\UserWorx\VSWorx\ServoStudio\wpfui-servoStudio\samples\Wpf.Ui.servoStudio\servoStudio.csproj]
C:\UserWorx\VSWorx\ServoStudio\wpfui-servoStudio\samples\Wpf.Ui.servoStudio\Services\FactoryAccessService.cs(33,54): warning IDE0055: 淇鏍煎紡 (https://learn.microsoft.com/dotnet/fundamentals/code-analysis/style-rules/ide0055) [C:\UserWorx\VSWorx\ServoStudio\wpfui-servoStudio\samples\Wpf.Ui.servoStudio\servoStudio.csproj]
C:\UserWorx\VSWorx\ServoStudio\wpfui-servoStudio\samples\Wpf.Ui.servoStudio\Services\FactoryAccessService.cs(50,35): warning IDE0055: 淇鏍煎紡 (https://learn.microsoft.com/dotnet/fundamentals/code-analysis/style-rules/ide0055) [C:\UserWorx\VSWorx\ServoStudio\wpfui-servoStudio\samples\Wpf.Ui.servoStudio\servoStudio.csproj]
C:\UserWorx\VSWorx\ServoStudio\wpfui-servoStudio\samples\Wpf.Ui.servoStudio\Services\FactoryAccessService.cs(50,37): warning IDE0055: 淇鏍煎紡 (https://learn.microsoft.com/dotnet/fundamentals/code-analysis/style-rules/ide0055) [C:\UserWorx\VSWorx\ServoStudio\wpfui-servoStudio\samples\Wpf.Ui.servoStudio\servoStudio.csproj]
C:\UserWorx\VSWorx\ServoStudio\wpfui-servoStudio\samples\Wpf.Ui.servoStudio\Services\FactoryAccessService.cs(50,55): warning IDE0055: 淇鏍煎紡 (https://learn.microsoft.com/dotnet/fundamentals/code-analysis/style-rules/ide0055) [C:\UserWorx\VSWorx\ServoStudio\wpfui-servoStudio\samples\Wpf.Ui.servoStudio\servoStudio.csproj]
C:\UserWorx\VSWorx\ServoStudio\wpfui-servoStudio\samples\Wpf.Ui.servoStudio\Services\FactoryAccessService.cs(129,17): warning IDE2003: 鍧椾笌鍚庣画璇彞涔嬮棿闇€瑕佹湁绌虹櫧琛?(https://learn.microsoft.com/dotnet/fundamentals/code-analysis/style-rules/ide2003) [C:\UserWorx\VSWorx\ServoStudio\wpfui-servoStudio\samples\Wpf.Ui.servoStudio\servoStudio.csproj]
C:\UserWorx\VSWorx\ServoStudio\wpfui-servoStudio\samples\Wpf.Ui.servoStudio\Services\FactoryAccessService.cs(136,9): warning IDE2003: 鍧椾笌鍚庣画璇彞涔嬮棿闇€瑕佹湁绌虹櫧琛?(https://learn.microsoft.com/dotnet/fundamentals/code-analysis/style-rules/ide2003) [C:\UserWorx\VSWorx\ServoStudio\wpfui-servoStudio\samples\Wpf.Ui.servoStudio\servoStudio.csproj]
C:\UserWorx\VSWorx\ServoStudio\wpfui-servoStudio\samples\Wpf.Ui.servoStudio\ViewModels\ViewModel.cs(17,23): warning CA1063: 瀵?ViewModel 鎻愪緵 Dispose(bool) 鐨勫彲閲嶅啓瀹炵幇鎴栧皢璇ョ被鍨嬫爣璁颁负鈥滃凡瀵嗗皝鈥濄€傚 Dispose(false) 鐨勮皟鐢ㄥ簲浠呮竻鐞嗘湰鏈鸿祫婧愩€傚 Dispose(true) 鐨勮皟鐢ㄥ簲鍚屾椂娓呯悊鎵樼璧勬簮鍜屾湰鏈鸿祫婧愩€?(https://learn.microsoft.com/dotnet/fundamentals/code-analysis/quality-rules/ca1063) [C:\UserWorx\VSWorx\ServoStudio\wpfui-servoStudio\samples\Wpf.Ui.servoStudio\servoStudio.csproj]
C:\UserWorx\VSWorx\ServoStudio\wpfui-servoStudio\samples\Wpf.Ui.servoStudio\Services\FirmwareRepositoryService.cs(295,24): warning IDE0055: 淇鏍煎紡 (https://learn.microsoft.com/dotnet/fundamentals/code-analysis/style-rules/ide0055) [C:\UserWorx\VSWorx\ServoStudio\wpfui-servoStudio\samples\Wpf.Ui.servoStudio\servoStudio.csproj]
C:\UserWorx\VSWorx\ServoStudio\wpfui-servoStudio\samples\Wpf.Ui.servoStudio\Services\FirmwareRepositoryService.cs(295,26): warning IDE0055: 淇鏍煎紡 (https://learn.microsoft.com/dotnet/fundamentals/code-analysis/style-rules/ide0055) [C:\UserWorx\VSWorx\ServoStudio\wpfui-servoStudio\samples\Wpf.Ui.servoStudio\servoStudio.csproj]
C:\UserWorx\VSWorx\ServoStudio\wpfui-servoStudio\samples\Wpf.Ui.servoStudio\Services\FirmwareRepositoryService.cs(295,55): warning IDE0055: 淇鏍煎紡 (https://learn.microsoft.com/dotnet/fundamentals/code-analysis/style-rules/ide0055) [C:\UserWorx\VSWorx\ServoStudio\wpfui-servoStudio\samples\Wpf.Ui.servoStudio\servoStudio.csproj]
C:\UserWorx\VSWorx\ServoStudio\wpfui-servoStudio\samples\Wpf.Ui.servoStudio\Services\FirmwareRepositoryService.cs(295,57): warning IDE0055: 淇鏍煎紡 (https://learn.microsoft.com/dotnet/fundamentals/code-analysis/style-rules/ide0055) [C:\UserWorx\VSWorx\ServoStudio\wpfui-servoStudio\samples\Wpf.Ui.servoStudio\servoStudio.csproj]
C:\UserWorx\VSWorx\ServoStudio\wpfui-servoStudio\samples\Wpf.Ui.servoStudio\Services\FirmwareRepositoryService.cs(415,20): warning IDE0055: 淇鏍煎紡 (https://learn.microsoft.com/dotnet/fundamentals/code-analysis/style-rules/ide0055) [C:\UserWorx\VSWorx\ServoStudio\wpfui-servoStudio\samples\Wpf.Ui.servoStudio\servoStudio.csproj]
C:\UserWorx\VSWorx\ServoStudio\wpfui-servoStudio\samples\Wpf.Ui.servoStudio\Services\FirmwareRepositoryService.cs(415,22): warning IDE0055: 淇鏍煎紡 (https://learn.microsoft.com/dotnet/fundamentals/code-analysis/style-rules/ide0055) [C:\UserWorx\VSWorx\ServoStudio\wpfui-servoStudio\samples\Wpf.Ui.servoStudio\servoStudio.csproj]
C:\UserWorx\VSWorx\ServoStudio\wpfui-servoStudio\samples\Wpf.Ui.servoStudio\Services\FirmwareRepositoryService.cs(415,49): warning IDE0055: 淇鏍煎紡 (https://learn.microsoft.com/dotnet/fundamentals/code-analysis/style-rules/ide0055) [C:\UserWorx\VSWorx\ServoStudio\wpfui-servoStudio\samples\Wpf.Ui.servoStudio\servoStudio.csproj]
C:\UserWorx\VSWorx\ServoStudio\wpfui-servoStudio\samples\Wpf.Ui.servoStudio\Services\FirmwareRepositoryService.cs(415,51): warning IDE0055: 淇鏍煎紡 (https://learn.microsoft.com/dotnet/fundamentals/code-analysis/style-rules/ide0055) [C:\UserWorx\VSWorx\ServoStudio\wpfui-servoStudio\samples\Wpf.Ui.servoStudio\servoStudio.csproj]
C:\UserWorx\VSWorx\ServoStudio\wpfui-servoStudio\samples\Wpf.Ui.servoStudio\Services\FirmwareRepositoryService.cs(415,74): warning IDE0055: 淇鏍煎紡 (https://learn.microsoft.com/dotnet/fundamentals/code-analysis/style-rules/ide0055) [C:\UserWorx\VSWorx\ServoStudio\wpfui-servoStudio\samples\Wpf.Ui.servoStudio\servoStudio.csproj]
C:\UserWorx\VSWorx\ServoStudio\wpfui-servoStudio\samples\Wpf.Ui.servoStudio\Services\FirmwareRepositoryService.cs(415,76): warning IDE0055: 淇鏍煎紡 (https://learn.microsoft.com/dotnet/fundamentals/code-analysis/style-rules/ide0055) [C:\UserWorx\VSWorx\ServoStudio\wpfui-servoStudio\samples\Wpf.Ui.servoStudio\servoStudio.csproj]
C:\UserWorx\VSWorx\ServoStudio\wpfui-servoStudio\samples\Wpf.Ui.servoStudio\Services\FirmwareRepositoryService.cs(415,78): warning IDE0055: 淇鏍煎紡 (https://learn.microsoft.com/dotnet/fundamentals/code-analysis/style-rules/ide0055) [C:\UserWorx\VSWorx\ServoStudio\wpfui-servoStudio\samples\Wpf.Ui.servoStudio\servoStudio.csproj]
C:\UserWorx\VSWorx\ServoStudio\wpfui-servoStudio\samples\Wpf.Ui.servoStudio\Services\FirmwareRepositoryService.cs(416,20): warning IDE0055: 淇鏍煎紡 (https://learn.microsoft.com/dotnet/fundamentals/code-analysis/style-rules/ide0055) [C:\UserWorx\VSWorx\ServoStudio\wpfui-servoStudio\samples\Wpf.Ui.servoStudio\servoStudio.csproj]
C:\UserWorx\VSWorx\ServoStudio\wpfui-servoStudio\samples\Wpf.Ui.servoStudio\Services\FirmwareRepositoryService.cs(416,22): warning IDE0055: 淇鏍煎紡 (https://learn.microsoft.com/dotnet/fundamentals/code-analysis/style-rules/ide0055) [C:\UserWorx\VSWorx\ServoStudio\wpfui-servoStudio\samples\Wpf.Ui.servoStudio\servoStudio.csproj]
C:\UserWorx\VSWorx\ServoStudio\wpfui-servoStudio\samples\Wpf.Ui.servoStudio\Services\FirmwareRepositoryService.cs(416,51): warning IDE0055: 淇鏍煎紡 (https://learn.microsoft.com/dotnet/fundamentals/code-analysis/style-rules/ide0055) [C:\UserWorx\VSWorx\ServoStudio\wpfui-servoStudio\samples\Wpf.Ui.servoStudio\servoStudio.csproj]
C:\UserWorx\VSWorx\ServoStudio\wpfui-servoStudio\samples\Wpf.Ui.servoStudio\Services\FirmwareRepositoryService.cs(416,53): warning IDE0055: 淇鏍煎紡 (https://learn.microsoft.com/dotnet/fundamentals/code-analysis/style-rules/ide0055) [C:\UserWorx\VSWorx\ServoStudio\wpfui-servoStudio\samples\Wpf.Ui.servoStudio\servoStudio.csproj]
C:\UserWorx\VSWorx\ServoStudio\wpfui-servoStudio\samples\Wpf.Ui.servoStudio\Services\FirmwareRepositoryService.cs(416,78): warning IDE0055: 淇鏍煎紡 (https://learn.microsoft.com/dotnet/fundamentals/code-analysis/style-rules/ide0055) [C:\UserWorx\VSWorx\ServoStudio\wpfui-servoStudio\samples\Wpf.Ui.servoStudio\servoStudio.csproj]
C:\UserWorx\VSWorx\ServoStudio\wpfui-servoStudio\samples\Wpf.Ui.servoStudio\Services\FirmwareRepositoryService.cs(416,80): warning IDE0055: 淇鏍煎紡 (https://learn.microsoft.com/dotnet/fundamentals/code-analysis/style-rules/ide0055) [C:\UserWorx\VSWorx\ServoStudio\wpfui-servoStudio\samples\Wpf.Ui.servoStudio\servoStudio.csproj]
C:\UserWorx\VSWorx\ServoStudio\wpfui-servoStudio\samples\Wpf.Ui.servoStudio\Services\FirmwareRepositoryService.cs(416,82): warning IDE0055: 淇鏍煎紡 (https://learn.microsoft.com/dotnet/fundamentals/code-analysis/style-rules/ide0055) [C:\UserWorx\VSWorx\ServoStudio\wpfui-servoStudio\samples\Wpf.Ui.servoStudio\servoStudio.csproj]
C:\UserWorx\VSWorx\ServoStudio\wpfui-servoStudio\samples\Wpf.Ui.servoStudio\Services\FirmwareRepositoryService.cs(804,16): warning IDE0055: 淇鏍煎紡 (https://learn.microsoft.com/dotnet/fundamentals/code-analysis/style-rules/ide0055) [C:\UserWorx\VSWorx\ServoStudio\wpfui-servoStudio\samples\Wpf.Ui.servoStudio\servoStudio.csproj]
C:\UserWorx\VSWorx\ServoStudio\wpfui-servoStudio\samples\Wpf.Ui.servoStudio\Services\FirmwareRepositoryService.cs(804,18): warning IDE0055: 淇鏍煎紡 (https://learn.microsoft.com/dotnet/fundamentals/code-analysis/style-rules/ide0055) [C:\UserWorx\VSWorx\ServoStudio\wpfui-servoStudio\samples\Wpf.Ui.servoStudio\servoStudio.csproj]
C:\UserWorx\VSWorx\ServoStudio\wpfui-servoStudio\samples\Wpf.Ui.servoStudio\Services\FirmwareRepositoryService.cs(804,62): warning IDE0055: 淇鏍煎紡 (https://learn.microsoft.com/dotnet/fundamentals/code-analysis/style-rules/ide0055) [C:\UserWorx\VSWorx\ServoStudio\wpfui-servoStudio\samples\Wpf.Ui.servoStudio\servoStudio.csproj]
C:\UserWorx\VSWorx\ServoStudio\wpfui-servoStudio\samples\Wpf.Ui.servoStudio\Services\FirmwareRepositoryService.cs(804,64): warning IDE0055: 淇鏍煎紡 (https://learn.microsoft.com/dotnet/fundamentals/code-analysis/style-rules/ide0055) [C:\UserWorx\VSWorx\ServoStudio\wpfui-servoStudio\samples\Wpf.Ui.servoStudio\servoStudio.csproj]
C:\UserWorx\VSWorx\ServoStudio\wpfui-servoStudio\samples\Wpf.Ui.servoStudio\Services\FirmwareRepositoryService.cs(815,31): warning IDE0055: 淇鏍煎紡 (https://learn.microsoft.com/dotnet/fundamentals/code-analysis/style-rules/ide0055) [C:\UserWorx\VSWorx\ServoStudio\wpfui-servoStudio\samples\Wpf.Ui.servoStudio\servoStudio.csproj]
C:\UserWorx\VSWorx\ServoStudio\wpfui-servoStudio\samples\Wpf.Ui.servoStudio\Services\FirmwareRepositoryService.cs(815,33): warning IDE0055: 淇鏍煎紡 (https://learn.microsoft.com/dotnet/fundamentals/code-analysis/style-rules/ide0055) [C:\UserWorx\VSWorx\ServoStudio\wpfui-servoStudio\samples\Wpf.Ui.servoStudio\servoStudio.csproj]
C:\UserWorx\VSWorx\ServoStudio\wpfui-servoStudio\samples\Wpf.Ui.servoStudio\Services\FirmwareRepositoryService.cs(815,43): warning IDE0055: 淇鏍煎紡 (https://learn.microsoft.com/dotnet/fundamentals/code-analysis/style-rules/ide0055) [C:\UserWorx\VSWorx\ServoStudio\wpfui-servoStudio\samples\Wpf.Ui.servoStudio\servoStudio.csproj]
C:\UserWorx\VSWorx\ServoStudio\wpfui-servoStudio\samples\Wpf.Ui.servoStudio\Services\FirmwareRepositoryService.cs(820,30): warning IDE0055: 淇鏍煎紡 (https://learn.microsoft.com/dotnet/fundamentals/code-analysis/style-rules/ide0055) [C:\UserWorx\VSWorx\ServoStudio\wpfui-servoStudio\samples\Wpf.Ui.servoStudio\servoStudio.csproj]
C:\UserWorx\VSWorx\ServoStudio\wpfui-servoStudio\samples\Wpf.Ui.servoStudio\Services\FirmwareRepositoryService.cs(820,32): warning IDE0055: 淇鏍煎紡 (https://learn.microsoft.com/dotnet/fundamentals/code-analysis/style-rules/ide0055) [C:\UserWorx\VSWorx\ServoStudio\wpfui-servoStudio\samples\Wpf.Ui.servoStudio\servoStudio.csproj]
C:\UserWorx\VSWorx\ServoStudio\wpfui-servoStudio\samples\Wpf.Ui.servoStudio\Services\FirmwareRepositoryService.cs(820,42): warning IDE0055: 淇鏍煎紡 (https://learn.microsoft.com/dotnet/fundamentals/code-analysis/style-rules/ide0055) [C:\UserWorx\VSWorx\ServoStudio\wpfui-servoStudio\samples\Wpf.Ui.servoStudio\servoStudio.csproj]
C:\UserWorx\VSWorx\ServoStudio\wpfui-servoStudio\samples\Wpf.Ui.servoStudio\Services\FirmwareRepositoryService.cs(849,29): warning IDE0055: 淇鏍煎紡 (https://learn.microsoft.com/dotnet/fundamentals/code-analysis/style-rules/ide0055) [C:\UserWorx\VSWorx\ServoStudio\wpfui-servoStudio\samples\Wpf.Ui.servoStudio\servoStudio.csproj]
C:\UserWorx\VSWorx\ServoStudio\wpfui-servoStudio\samples\Wpf.Ui.servoStudio\Services\FirmwareRepositoryService.cs(849,31): warning IDE0055: 淇鏍煎紡 (https://learn.microsoft.com/dotnet/fundamentals/code-analysis/style-rules/ide0055) [C:\UserWorx\VSWorx\ServoStudio\wpfui-servoStudio\samples\Wpf.Ui.servoStudio\servoStudio.csproj]
C:\UserWorx\VSWorx\ServoStudio\wpfui-servoStudio\samples\Wpf.Ui.servoStudio\Services\FirmwareRepositoryService.cs(849,41): warning IDE0055: 淇鏍煎紡 (https://learn.microsoft.com/dotnet/fundamentals/code-analysis/style-rules/ide0055) [C:\UserWorx\VSWorx\ServoStudio\wpfui-servoStudio\samples\Wpf.Ui.servoStudio\servoStudio.csproj]
C:\UserWorx\VSWorx\ServoStudio\wpfui-servoStudio\samples\Wpf.Ui.servoStudio\Services\FirmwareRepositoryService.cs(854,25): warning IDE0055: 淇鏍煎紡 (https://learn.microsoft.com/dotnet/fundamentals/code-analysis/style-rules/ide0055) [C:\UserWorx\VSWorx\ServoStudio\wpfui-servoStudio\samples\Wpf.Ui.servoStudio\servoStudio.csproj]
C:\UserWorx\VSWorx\ServoStudio\wpfui-servoStudio\samples\Wpf.Ui.servoStudio\Services\FirmwareRepositoryService.cs(854,27): warning IDE0055: 淇鏍煎紡 (https://learn.microsoft.com/dotnet/fundamentals/code-analysis/style-rules/ide0055) [C:\UserWorx\VSWorx\ServoStudio\wpfui-servoStudio\samples\Wpf.Ui.servoStudio\servoStudio.csproj]
C:\UserWorx\VSWorx\ServoStudio\wpfui-servoStudio\samples\Wpf.Ui.servoStudio\Services\FirmwareRepositoryService.cs(854,37): warning IDE0055: 淇鏍煎紡 (https://learn.microsoft.com/dotnet/fundamentals/code-analysis/style-rules/ide0055) [C:\UserWorx\VSWorx\ServoStudio\wpfui-servoStudio\samples\Wpf.Ui.servoStudio\servoStudio.csproj]
C:\UserWorx\VSWorx\ServoStudio\wpfui-servoStudio\samples\Wpf.Ui.servoStudio\Services\FirmwareRepositoryService.cs(859,35): warning IDE0055: 淇鏍煎紡 (https://learn.microsoft.com/dotnet/fundamentals/code-analysis/style-rules/ide0055) [C:\UserWorx\VSWorx\ServoStudio\wpfui-servoStudio\samples\Wpf.Ui.servoStudio\servoStudio.csproj]
C:\UserWorx\VSWorx\ServoStudio\wpfui-servoStudio\samples\Wpf.Ui.servoStudio\Services\FirmwareRepositoryService.cs(859,37): warning IDE0055: 淇鏍煎紡 (https://learn.microsoft.com/dotnet/fundamentals/code-analysis/style-rules/ide0055) [C:\UserWorx\VSWorx\ServoStudio\wpfui-servoStudio\samples\Wpf.Ui.servoStudio\servoStudio.csproj]
C:\UserWorx\VSWorx\ServoStudio\wpfui-servoStudio\samples\Wpf.Ui.servoStudio\Services\FirmwareRepositoryService.cs(859,47): warning IDE0055: 淇鏍煎紡 (https://learn.microsoft.com/dotnet/fundamentals/code-analysis/style-rules/ide0055) [C:\UserWorx\VSWorx\ServoStudio\wpfui-servoStudio\samples\Wpf.Ui.servoStudio\servoStudio.csproj]
C:\UserWorx\VSWorx\ServoStudio\wpfui-servoStudio\samples\Wpf.Ui.servoStudio\Services\FirmwareRepositoryService.cs(869,36): warning IDE0055: 淇鏍煎紡 (https://learn.microsoft.com/dotnet/fundamentals/code-analysis/style-rules/ide0055) [C:\UserWorx\VSWorx\ServoStudio\wpfui-servoStudio\samples\Wpf.Ui.servoStudio\servoStudio.csproj]
C:\UserWorx\VSWorx\ServoStudio\wpfui-servoStudio\samples\Wpf.Ui.servoStudio\Services\FirmwareRepositoryService.cs(869,38): warning IDE0055: 淇鏍煎紡 (https://learn.microsoft.com/dotnet/fundamentals/code-analysis/style-rules/ide0055) [C:\UserWorx\VSWorx\ServoStudio\wpfui-servoStudio\samples\Wpf.Ui.servoStudio\servoStudio.csproj]
C:\UserWorx\VSWorx\ServoStudio\wpfui-servoStudio\samples\Wpf.Ui.servoStudio\Services\FirmwareRepositoryService.cs(869,48): warning IDE0055: 淇鏍煎紡 (https://learn.microsoft.com/dotnet/fundamentals/code-analysis/style-rules/ide0055) [C:\UserWorx\VSWorx\ServoStudio\wpfui-servoStudio\samples\Wpf.Ui.servoStudio\servoStudio.csproj]
C:\UserWorx\VSWorx\ServoStudio\wpfui-servoStudio\samples\Wpf.Ui.servoStudio\Services\FirmwareRepositoryService.cs(879,30): warning IDE0055: 淇鏍煎紡 (https://learn.microsoft.com/dotnet/fundamentals/code-analysis/style-rules/ide0055) [C:\UserWorx\VSWorx\ServoStudio\wpfui-servoStudio\samples\Wpf.Ui.servoStudio\servoStudio.csproj]
C:\UserWorx\VSWorx\ServoStudio\wpfui-servoStudio\samples\Wpf.Ui.servoStudio\Services\FirmwareRepositoryService.cs(879,32): warning IDE0055: 淇鏍煎紡 (https://learn.microsoft.com/dotnet/fundamentals/code-analysis/style-rules/ide0055) [C:\UserWorx\VSWorx\ServoStudio\wpfui-servoStudio\samples\Wpf.Ui.servoStudio\servoStudio.csproj]
C:\UserWorx\VSWorx\ServoStudio\wpfui-servoStudio\samples\Wpf.Ui.servoStudio\Services\FirmwareRepositoryService.cs(879,42): warning IDE0055: 淇鏍煎紡 (https://learn.microsoft.com/dotnet/fundamentals/code-analysis/style-rules/ide0055) [C:\UserWorx\VSWorx\ServoStudio\wpfui-servoStudio\samples\Wpf.Ui.servoStudio\servoStudio.csproj]
C:\UserWorx\VSWorx\ServoStudio\wpfui-servoStudio\samples\Wpf.Ui.servoStudio\Services\FirmwareRepositoryService.cs(279,21): warning IDE2003: 鍧椾笌鍚庣画璇彞涔嬮棿闇€瑕佹湁绌虹櫧琛?(https://learn.microsoft.com/dotnet/fundamentals/code-analysis/style-rules/ide2003) [C:\UserWorx\VSWorx\ServoStudio\wpfui-servoStudio\samples\Wpf.Ui.servoStudio\servoStudio.csproj]
C:\UserWorx\VSWorx\ServoStudio\wpfui-servoStudio\samples\Wpf.Ui.servoStudio\Services\FirmwareRepositoryService.cs(415,87): warning IDE2003: 鍧椾笌鍚庣画璇彞涔嬮棿闇€瑕佹湁绌虹櫧琛?(https://learn.microsoft.com/dotnet/fundamentals/code-analysis/style-rules/ide2003) [C:\UserWorx\VSWorx\ServoStudio\wpfui-servoStudio\samples\Wpf.Ui.servoStudio\servoStudio.csproj]
C:\UserWorx\VSWorx\ServoStudio\wpfui-servoStudio\samples\Wpf.Ui.servoStudio\Services\FirmwareRepositoryService.cs(416,91): warning IDE2003: 鍧椾笌鍚庣画璇彞涔嬮棿闇€瑕佹湁绌虹櫧琛?(https://learn.microsoft.com/dotnet/fundamentals/code-analysis/style-rules/ide2003) [C:\UserWorx\VSWorx\ServoStudio\wpfui-servoStudio\samples\Wpf.Ui.servoStudio\servoStudio.csproj]
C:\UserWorx\VSWorx\ServoStudio\wpfui-servoStudio\samples\Wpf.Ui.servoStudio\Services\FrameLogBridge.cs(35,27): warning IDE0055: 淇鏍煎紡 (https://learn.microsoft.com/dotnet/fundamentals/code-analysis/style-rules/ide0055) [C:\UserWorx\VSWorx\ServoStudio\wpfui-servoStudio\samples\Wpf.Ui.servoStudio\servoStudio.csproj]
C:\UserWorx\VSWorx\ServoStudio\wpfui-servoStudio\samples\Wpf.Ui.servoStudio\Services\FrameLogBridge.cs(35,29): warning IDE0055: 淇鏍煎紡 (https://learn.microsoft.com/dotnet/fundamentals/code-analysis/style-rules/ide0055) [C:\UserWorx\VSWorx\ServoStudio\wpfui-servoStudio\samples\Wpf.Ui.servoStudio\servoStudio.csproj]
C:\UserWorx\VSWorx\ServoStudio\wpfui-servoStudio\samples\Wpf.Ui.servoStudio\Services\FrameLogBridge.cs(35,45): warning IDE0055: 淇鏍煎紡 (https://learn.microsoft.com/dotnet/fundamentals/code-analysis/style-rules/ide0055) [C:\UserWorx\VSWorx\ServoStudio\wpfui-servoStudio\samples\Wpf.Ui.servoStudio\servoStudio.csproj]
C:\UserWorx\VSWorx\ServoStudio\wpfui-servoStudio\samples\Wpf.Ui.servoStudio\Services\FrameLogBridge.cs(35,53): warning IDE0055: 淇鏍煎紡 (https://learn.microsoft.com/dotnet/fundamentals/code-analysis/style-rules/ide0055) [C:\UserWorx\VSWorx\ServoStudio\wpfui-servoStudio\samples\Wpf.Ui.servoStudio\servoStudio.csproj]
C:\UserWorx\VSWorx\ServoStudio\wpfui-servoStudio\samples\Wpf.Ui.servoStudio\Services\FrameLogBridge.cs(43,24): warning IDE0055: 淇鏍煎紡 (https://learn.microsoft.com/dotnet/fundamentals/code-analysis/style-rules/ide0055) [C:\UserWorx\VSWorx\ServoStudio\wpfui-servoStudio\samples\Wpf.Ui.servoStudio\servoStudio.csproj]
C:\UserWorx\VSWorx\ServoStudio\wpfui-servoStudio\samples\Wpf.Ui.servoStudio\Services\FrameLogBridge.cs(46,54): warning IDE0055: 淇鏍煎紡 (https://learn.microsoft.com/dotnet/fundamentals/code-analysis/style-rules/ide0055) [C:\UserWorx\VSWorx\ServoStudio\wpfui-servoStudio\samples\Wpf.Ui.servoStudio\servoStudio.csproj]
C:\UserWorx\VSWorx\ServoStudio\wpfui-servoStudio\samples\Wpf.Ui.servoStudio\Services\FrameLogBridge.cs(64,24): warning IDE0055: 淇鏍煎紡 (https://learn.microsoft.com/dotnet/fundamentals/code-analysis/style-rules/ide0055) [C:\UserWorx\VSWorx\ServoStudio\wpfui-servoStudio\samples\Wpf.Ui.servoStudio\servoStudio.csproj]
C:\UserWorx\VSWorx\ServoStudio\wpfui-servoStudio\samples\Wpf.Ui.servoStudio\Services\FrameLogBridge.cs(67,54): warning IDE0055: 淇鏍煎紡 (https://learn.microsoft.com/dotnet/fundamentals/code-analysis/style-rules/ide0055) [C:\UserWorx\VSWorx\ServoStudio\wpfui-servoStudio\samples\Wpf.Ui.servoStudio\servoStudio.csproj]
C:\UserWorx\VSWorx\ServoStudio\wpfui-servoStudio\samples\Wpf.Ui.servoStudio\Services\LiveDiag.cs(35,9): warning IDE2003: 鍧椾笌鍚庣画璇彞涔嬮棿闇€瑕佹湁绌虹櫧琛?(https://learn.microsoft.com/dotnet/fundamentals/code-analysis/style-rules/ide2003) [C:\UserWorx\VSWorx\ServoStudio\wpfui-servoStudio\samples\Wpf.Ui.servoStudio\servoStudio.csproj]
C:\UserWorx\VSWorx\ServoStudio\wpfui-servoStudio\samples\Wpf.Ui.servoStudio\Services\LiveDiag.cs(46,9): warning IDE2003: 鍧椾笌鍚庣画璇彞涔嬮棿闇€瑕佹湁绌虹櫧琛?(https://learn.microsoft.com/dotnet/fundamentals/code-analysis/style-rules/ide2003) [C:\UserWorx\VSWorx\ServoStudio\wpfui-servoStudio\samples\Wpf.Ui.servoStudio\servoStudio.csproj]
C:\UserWorx\VSWorx\ServoStudio\wpfui-servoStudio\samples\Wpf.Ui.servoStudio\Services\LiveDiag.cs(63,9): warning IDE2003: 鍧椾笌鍚庣画璇彞涔嬮棿闇€瑕佹湁绌虹櫧琛?(https://learn.microsoft.com/dotnet/fundamentals/code-analysis/style-rules/ide2003) [C:\UserWorx\VSWorx\ServoStudio\wpfui-servoStudio\samples\Wpf.Ui.servoStudio\servoStudio.csproj]
C:\UserWorx\VSWorx\ServoStudio\wpfui-servoStudio\samples\Wpf.Ui.servoStudio\Services\LiveDiag.cs(75,9): warning IDE2003: 鍧椾笌鍚庣画璇彞涔嬮棿闇€瑕佹湁绌虹櫧琛?(https://learn.microsoft.com/dotnet/fundamentals/code-analysis/style-rules/ide2003) [C:\UserWorx\VSWorx\ServoStudio\wpfui-servoStudio\samples\Wpf.Ui.servoStudio\servoStudio.csproj]
C:\UserWorx\VSWorx\ServoStudio\wpfui-servoStudio\samples\Wpf.Ui.servoStudio\Services\LiveDiag.cs(96,9): warning IDE2003: 鍧椾笌鍚庣画璇彞涔嬮棿闇€瑕佹湁绌虹櫧琛?(https://learn.microsoft.com/dotnet/fundamentals/code-analysis/style-rules/ide2003) [C:\UserWorx\VSWorx\ServoStudio\wpfui-servoStudio\samples\Wpf.Ui.servoStudio\servoStudio.csproj]
C:\UserWorx\VSWorx\ServoStudio\wpfui-servoStudio\samples\Wpf.Ui.servoStudio\Services\LiveDiag.cs(108,9): warning IDE2003: 鍧椾笌鍚庣画璇彞涔嬮棿闇€瑕佹湁绌虹櫧琛?(https://learn.microsoft.com/dotnet/fundamentals/code-analysis/style-rules/ide2003) [C:\UserWorx\VSWorx\ServoStudio\wpfui-servoStudio\samples\Wpf.Ui.servoStudio\servoStudio.csproj]
C:\UserWorx\VSWorx\ServoStudio\wpfui-servoStudio\samples\Wpf.Ui.servoStudio\Services\LiveDiag.cs(134,9): warning IDE2003: 鍧椾笌鍚庣画璇彞涔嬮棿闇€瑕佹湁绌虹櫧琛?(https://learn.microsoft.com/dotnet/fundamentals/code-analysis/style-rules/ide2003) [C:\UserWorx\VSWorx\ServoStudio\wpfui-servoStudio\samples\Wpf.Ui.servoStudio\servoStudio.csproj]
C:\UserWorx\VSWorx\ServoStudio\wpfui-servoStudio\samples\Wpf.Ui.servoStudio\Services\LiveDiag.cs(118,13): warning IDE2003: 鍧椾笌鍚庣画璇彞涔嬮棿闇€瑕佹湁绌虹櫧琛?(https://learn.microsoft.com/dotnet/fundamentals/code-analysis/style-rules/ide2003) [C:\UserWorx\VSWorx\ServoStudio\wpfui-servoStudio\samples\Wpf.Ui.servoStudio\servoStudio.csproj]
C:\UserWorx\VSWorx\ServoStudio\wpfui-servoStudio\samples\Wpf.Ui.servoStudio\Services\LiveDiag.cs(122,13): warning IDE2003: 鍧椾笌鍚庣画璇彞涔嬮棿闇€瑕佹湁绌虹櫧琛?(https://learn.microsoft.com/dotnet/fundamentals/code-analysis/style-rules/ide2003) [C:\UserWorx\VSWorx\ServoStudio\wpfui-servoStudio\samples\Wpf.Ui.servoStudio\servoStudio.csproj]
C:\UserWorx\VSWorx\ServoStudio\wpfui-servoStudio\samples\Wpf.Ui.servoStudio\Services\LiveDiag.cs(132,13): warning IDE2003: 鍧椾笌鍚庣画璇彞涔嬮棿闇€瑕佹湁绌虹櫧琛?(https://learn.microsoft.com/dotnet/fundamentals/code-analysis/style-rules/ide2003) [C:\UserWorx\VSWorx\ServoStudio\wpfui-servoStudio\samples\Wpf.Ui.servoStudio\servoStudio.csproj]
C:\UserWorx\VSWorx\ServoStudio\wpfui-servoStudio\samples\Wpf.Ui.servoStudio\Services\LiveDiag.cs(138,9): warning IDE2003: 鍧椾笌鍚庣画璇彞涔嬮棿闇€瑕佹湁绌虹櫧琛?(https://learn.microsoft.com/dotnet/fundamentals/code-analysis/style-rules/ide2003) [C:\UserWorx\VSWorx\ServoStudio\wpfui-servoStudio\samples\Wpf.Ui.servoStudio\servoStudio.csproj]
C:\UserWorx\VSWorx\ServoStudio\wpfui-servoStudio\samples\Wpf.Ui.servoStudio\Services\LiveDiag.cs(164,13): warning IDE2003: 鍧椾笌鍚庣画璇彞涔嬮棿闇€瑕佹湁绌虹櫧琛?(https://learn.microsoft.com/dotnet/fundamentals/code-analysis/style-rules/ide2003) [C:\UserWorx\VSWorx\ServoStudio\wpfui-servoStudio\samples\Wpf.Ui.servoStudio\servoStudio.csproj]
C:\UserWorx\VSWorx\ServoStudio\wpfui-servoStudio\samples\Wpf.Ui.servoStudio\Services\PageUsageTracker.cs(15,26): warning IDE0055: 淇鏍煎紡 (https://learn.microsoft.com/dotnet/fundamentals/code-analysis/style-rules/ide0055) [C:\UserWorx\VSWorx\ServoStudio\wpfui-servoStudio\samples\Wpf.Ui.servoStudio\servoStudio.csproj]
C:\UserWorx\VSWorx\ServoStudio\wpfui-servoStudio\samples\Wpf.Ui.servoStudio\Services\PageUsageTracker.cs(15,28): warning IDE0055: 淇鏍煎紡 (https://learn.microsoft.com/dotnet/fundamentals/code-analysis/style-rules/ide0055) [C:\UserWorx\VSWorx\ServoStudio\wpfui-servoStudio\samples\Wpf.Ui.servoStudio\servoStudio.csproj]
C:\UserWorx\VSWorx\ServoStudio\wpfui-servoStudio\samples\Wpf.Ui.servoStudio\Services\PageUsageTracker.cs(15,38): warning IDE0055: 淇鏍煎紡 (https://learn.microsoft.com/dotnet/fundamentals/code-analysis/style-rules/ide0055) [C:\UserWorx\VSWorx\ServoStudio\wpfui-servoStudio\samples\Wpf.Ui.servoStudio\servoStudio.csproj]
C:\UserWorx\VSWorx\ServoStudio\wpfui-servoStudio\samples\Wpf.Ui.servoStudio\Services\PageUsageTracker.cs(18,30): warning IDE0055: 淇鏍煎紡 (https://learn.microsoft.com/dotnet/fundamentals/code-analysis/style-rules/ide0055) [C:\UserWorx\VSWorx\ServoStudio\wpfui-servoStudio\samples\Wpf.Ui.servoStudio\servoStudio.csproj]
C:\UserWorx\VSWorx\ServoStudio\wpfui-servoStudio\samples\Wpf.Ui.servoStudio\Services\PageUsageTracker.cs(18,32): warning IDE0055: 淇鏍煎紡 (https://learn.microsoft.com/dotnet/fundamentals/code-analysis/style-rules/ide0055) [C:\UserWorx\VSWorx\ServoStudio\wpfui-servoStudio\samples\Wpf.Ui.servoStudio\servoStudio.csproj]
C:\UserWorx\VSWorx\ServoStudio\wpfui-servoStudio\samples\Wpf.Ui.servoStudio\Services\PageUsageTracker.cs(18,42): warning IDE0055: 淇鏍煎紡 (https://learn.microsoft.com/dotnet/fundamentals/code-analysis/style-rules/ide0055) [C:\UserWorx\VSWorx\ServoStudio\wpfui-servoStudio\samples\Wpf.Ui.servoStudio\servoStudio.csproj]
C:\UserWorx\VSWorx\ServoStudio\wpfui-servoStudio\samples\Wpf.Ui.servoStudio\Services\PageUsageTracker.cs(19,26): warning IDE0055: 淇鏍煎紡 (https://learn.microsoft.com/dotnet/fundamentals/code-analysis/style-rules/ide0055) [C:\UserWorx\VSWorx\ServoStudio\wpfui-servoStudio\samples\Wpf.Ui.servoStudio\servoStudio.csproj]
C:\UserWorx\VSWorx\ServoStudio\wpfui-servoStudio\samples\Wpf.Ui.servoStudio\Services\PageUsageTracker.cs(19,28): warning IDE0055: 淇鏍煎紡 (https://learn.microsoft.com/dotnet/fundamentals/code-analysis/style-rules/ide0055) [C:\UserWorx\VSWorx\ServoStudio\wpfui-servoStudio\samples\Wpf.Ui.servoStudio\servoStudio.csproj]
C:\UserWorx\VSWorx\ServoStudio\wpfui-servoStudio\samples\Wpf.Ui.servoStudio\Services\PageUsageTracker.cs(19,38): warning IDE0055: 淇鏍煎紡 (https://learn.microsoft.com/dotnet/fundamentals/code-analysis/style-rules/ide0055) [C:\UserWorx\VSWorx\ServoStudio\wpfui-servoStudio\samples\Wpf.Ui.servoStudio\servoStudio.csproj]
C:\UserWorx\VSWorx\ServoStudio\wpfui-servoStudio\samples\Wpf.Ui.servoStudio\Services\RegisterDisableService.cs(60,39): warning IDE0055: 淇鏍煎紡 (https://learn.microsoft.com/dotnet/fundamentals/code-analysis/style-rules/ide0055) [C:\UserWorx\VSWorx\ServoStudio\wpfui-servoStudio\samples\Wpf.Ui.servoStudio\servoStudio.csproj]
C:\UserWorx\VSWorx\ServoStudio\wpfui-servoStudio\samples\Wpf.Ui.servoStudio\Services\RegisterDisableService.cs(87,39): warning IDE0055: 淇鏍煎紡 (https://learn.microsoft.com/dotnet/fundamentals/code-analysis/style-rules/ide0055) [C:\UserWorx\VSWorx\ServoStudio\wpfui-servoStudio\samples\Wpf.Ui.servoStudio\servoStudio.csproj]
C:\UserWorx\VSWorx\ServoStudio\wpfui-servoStudio\samples\Wpf.Ui.servoStudio\Services\RegisterDisableService.cs(90,22): warning IDE0055: 淇鏍煎紡 (https://learn.microsoft.com/dotnet/fundamentals/code-analysis/style-rules/ide0055) [C:\UserWorx\VSWorx\ServoStudio\wpfui-servoStudio\samples\Wpf.Ui.servoStudio\servoStudio.csproj]
C:\UserWorx\VSWorx\ServoStudio\wpfui-servoStudio\samples\Wpf.Ui.servoStudio\Services\RegisterDisableService.cs(108,25): warning IDE0055: 淇鏍煎紡 (https://learn.microsoft.com/dotnet/fundamentals/code-analysis/style-rules/ide0055) [C:\UserWorx\VSWorx\ServoStudio\wpfui-servoStudio\samples\Wpf.Ui.servoStudio\servoStudio.csproj]
C:\UserWorx\VSWorx\ServoStudio\wpfui-servoStudio\samples\Wpf.Ui.servoStudio\Services\UsbDeviceWatcher.cs(68,22): warning IDE0055: 淇鏍煎紡 (https://learn.microsoft.com/dotnet/fundamentals/code-analysis/style-rules/ide0055) [C:\UserWorx\VSWorx\ServoStudio\wpfui-servoStudio\samples\Wpf.Ui.servoStudio\servoStudio.csproj]
C:\UserWorx\VSWorx\ServoStudio\wpfui-servoStudio\samples\Wpf.Ui.servoStudio\Services\UsbDeviceWatcher.cs(73,37): warning IDE0055: 淇鏍煎紡 (https://learn.microsoft.com/dotnet/fundamentals/code-analysis/style-rules/ide0055) [C:\UserWorx\VSWorx\ServoStudio\wpfui-servoStudio\samples\Wpf.Ui.servoStudio\servoStudio.csproj]
C:\UserWorx\VSWorx\ServoStudio\wpfui-servoStudio\samples\Wpf.Ui.servoStudio\Services\UsbDeviceWatcher.cs(83,33): warning IDE0055: 淇鏍煎紡 (https://learn.microsoft.com/dotnet/fundamentals/code-analysis/style-rules/ide0055) [C:\UserWorx\VSWorx\ServoStudio\wpfui-servoStudio\samples\Wpf.Ui.servoStudio\servoStudio.csproj]
C:\UserWorx\VSWorx\ServoStudio\wpfui-servoStudio\samples\Wpf.Ui.servoStudio\Services\UsbDeviceWatcher.cs(123,16): warning IDE0055: 淇鏍煎紡 (https://learn.microsoft.com/dotnet/fundamentals/code-analysis/style-rules/ide0055) [C:\UserWorx\VSWorx\ServoStudio\wpfui-servoStudio\samples\Wpf.Ui.servoStudio\servoStudio.csproj]
C:\UserWorx\VSWorx\ServoStudio\wpfui-servoStudio\samples\Wpf.Ui.servoStudio\Services\UsbDeviceWatcher.cs(123,18): warning IDE0055: 淇鏍煎紡 (https://learn.microsoft.com/dotnet/fundamentals/code-analysis/style-rules/ide0055) [C:\UserWorx\VSWorx\ServoStudio\wpfui-servoStudio\samples\Wpf.Ui.servoStudio\servoStudio.csproj]
C:\UserWorx\VSWorx\ServoStudio\wpfui-servoStudio\samples\Wpf.Ui.servoStudio\Services\UsbDeviceWatcher.cs(123,65): warning IDE0055: 淇鏍煎紡 (https://learn.microsoft.com/dotnet/fundamentals/code-analysis/style-rules/ide0055) [C:\UserWorx\VSWorx\ServoStudio\wpfui-servoStudio\samples\Wpf.Ui.servoStudio\servoStudio.csproj]
C:\UserWorx\VSWorx\ServoStudio\wpfui-servoStudio\samples\Wpf.Ui.servoStudio\Services\UsbDeviceWatcher.cs(130,36): warning IDE0055: 淇鏍煎紡 (https://learn.microsoft.com/dotnet/fundamentals/code-analysis/style-rules/ide0055) [C:\UserWorx\VSWorx\ServoStudio\wpfui-servoStudio\samples\Wpf.Ui.servoStudio\servoStudio.csproj]
C:\UserWorx\VSWorx\ServoStudio\wpfui-servoStudio\samples\Wpf.Ui.servoStudio\Services\UsbDeviceWatcher.cs(140,9): warning IDE2003: 鍧椾笌鍚庣画璇彞涔嬮棿闇€瑕佹湁绌虹櫧琛?(https://learn.microsoft.com/dotnet/fundamentals/code-analysis/style-rules/ide2003) [C:\UserWorx\VSWorx\ServoStudio\wpfui-servoStudio\samples\Wpf.Ui.servoStudio\servoStudio.csproj]
C:\UserWorx\VSWorx\ServoStudio\wpfui-servoStudio\samples\Wpf.Ui.servoStudio\Services\UserSettingsService.cs(167,55): warning IDE0055: 淇鏍煎紡 (https://learn.microsoft.com/dotnet/fundamentals/code-analysis/style-rules/ide0055) [C:\UserWorx\VSWorx\ServoStudio\wpfui-servoStudio\samples\Wpf.Ui.servoStudio\servoStudio.csproj]
C:\UserWorx\VSWorx\ServoStudio\wpfui-servoStudio\samples\Wpf.Ui.servoStudio\Services\UserSettingsService.cs(168,71): warning IDE0055: 淇鏍煎紡 (https://learn.microsoft.com/dotnet/fundamentals/code-analysis/style-rules/ide0055) [C:\UserWorx\VSWorx\ServoStudio\wpfui-servoStudio\samples\Wpf.Ui.servoStudio\servoStudio.csproj]
C:\UserWorx\VSWorx\ServoStudio\wpfui-servoStudio\samples\Wpf.Ui.servoStudio\Services\UserSettingsService.cs(286,39): warning IDE0055: 淇鏍煎紡 (https://learn.microsoft.com/dotnet/fundamentals/code-analysis/style-rules/ide0055) [C:\UserWorx\VSWorx\ServoStudio\wpfui-servoStudio\samples\Wpf.Ui.servoStudio\servoStudio.csproj]
C:\UserWorx\VSWorx\ServoStudio\wpfui-servoStudio\samples\Wpf.Ui.servoStudio\Services\UserSettingsService.cs(286,41): warning IDE0055: 淇鏍煎紡 (https://learn.microsoft.com/dotnet/fundamentals/code-analysis/style-rules/ide0055) [C:\UserWorx\VSWorx\ServoStudio\wpfui-servoStudio\samples\Wpf.Ui.servoStudio\servoStudio.csproj]
C:\UserWorx\VSWorx\ServoStudio\wpfui-servoStudio\samples\Wpf.Ui.servoStudio\Services\UserSettingsService.cs(286,51): warning IDE0055: 淇鏍煎紡 (https://learn.microsoft.com/dotnet/fundamentals/code-analysis/style-rules/ide0055) [C:\UserWorx\VSWorx\ServoStudio\wpfui-servoStudio\samples\Wpf.Ui.servoStudio\servoStudio.csproj]
C:\UserWorx\VSWorx\ServoStudio\wpfui-servoStudio\samples\Wpf.Ui.servoStudio\Services\UserSettingsService.cs(291,35): warning IDE0055: 淇鏍煎紡 (https://learn.microsoft.com/dotnet/fundamentals/code-analysis/style-rules/ide0055) [C:\UserWorx\VSWorx\ServoStudio\wpfui-servoStudio\samples\Wpf.Ui.servoStudio\servoStudio.csproj]
C:\UserWorx\VSWorx\ServoStudio\wpfui-servoStudio\samples\Wpf.Ui.servoStudio\Services\UserSettingsService.cs(291,37): warning IDE0055: 淇鏍煎紡 (https://learn.microsoft.com/dotnet/fundamentals/code-analysis/style-rules/ide0055) [C:\UserWorx\VSWorx\ServoStudio\wpfui-servoStudio\samples\Wpf.Ui.servoStudio\servoStudio.csproj]
C:\UserWorx\VSWorx\ServoStudio\wpfui-servoStudio\samples\Wpf.Ui.servoStudio\Services\UserSettingsService.cs(291,47): warning IDE0055: 淇鏍煎紡 (https://learn.microsoft.com/dotnet/fundamentals/code-analysis/style-rules/ide0055) [C:\UserWorx\VSWorx\ServoStudio\wpfui-servoStudio\samples\Wpf.Ui.servoStudio\servoStudio.csproj]
C:\UserWorx\VSWorx\ServoStudio\wpfui-servoStudio\samples\Wpf.Ui.servoStudio\Services\UserSettingsService.cs(309,46): warning IDE0055: 淇鏍煎紡 (https://learn.microsoft.com/dotnet/fundamentals/code-analysis/style-rules/ide0055) [C:\UserWorx\VSWorx\ServoStudio\wpfui-servoStudio\samples\Wpf.Ui.servoStudio\servoStudio.csproj]
C:\UserWorx\VSWorx\ServoStudio\wpfui-servoStudio\samples\Wpf.Ui.servoStudio\Services\UserSettingsService.cs(309,48): warning IDE0055: 淇鏍煎紡 (https://learn.microsoft.com/dotnet/fundamentals/code-analysis/style-rules/ide0055) [C:\UserWorx\VSWorx\ServoStudio\wpfui-servoStudio\samples\Wpf.Ui.servoStudio\servoStudio.csproj]
C:\UserWorx\VSWorx\ServoStudio\wpfui-servoStudio\samples\Wpf.Ui.servoStudio\Services\UserSettingsService.cs(309,58): warning IDE0055: 淇鏍煎紡 (https://learn.microsoft.com/dotnet/fundamentals/code-analysis/style-rules/ide0055) [C:\UserWorx\VSWorx\ServoStudio\wpfui-servoStudio\samples\Wpf.Ui.servoStudio\servoStudio.csproj]
C:\UserWorx\VSWorx\ServoStudio\wpfui-servoStudio\samples\Wpf.Ui.servoStudio\Services\UserSettingsService.cs(463,37): warning IDE0055: 淇鏍煎紡 (https://learn.microsoft.com/dotnet/fundamentals/code-analysis/style-rules/ide0055) [C:\UserWorx\VSWorx\ServoStudio\wpfui-servoStudio\samples\Wpf.Ui.servoStudio\servoStudio.csproj]
C:\UserWorx\VSWorx\ServoStudio\wpfui-servoStudio\samples\Wpf.Ui.servoStudio\Services\UserSettingsService.cs(463,39): warning IDE0055: 淇鏍煎紡 (https://learn.microsoft.com/dotnet/fundamentals/code-analysis/style-rules/ide0055) [C:\UserWorx\VSWorx\ServoStudio\wpfui-servoStudio\samples\Wpf.Ui.servoStudio\servoStudio.csproj]
C:\UserWorx\VSWorx\ServoStudio\wpfui-servoStudio\samples\Wpf.Ui.servoStudio\Services\UserSettingsService.cs(463,49): warning IDE0055: 淇鏍煎紡 (https://learn.microsoft.com/dotnet/fundamentals/code-analysis/style-rules/ide0055) [C:\UserWorx\VSWorx\ServoStudio\wpfui-servoStudio\samples\Wpf.Ui.servoStudio\servoStudio.csproj]
C:\UserWorx\VSWorx\ServoStudio\wpfui-servoStudio\samples\Wpf.Ui.servoStudio\Services\UserSettingsService.cs(471,38): warning IDE0055: 淇鏍煎紡 (https://learn.microsoft.com/dotnet/fundamentals/code-analysis/style-rules/ide0055) [C:\UserWorx\VSWorx\ServoStudio\wpfui-servoStudio\samples\Wpf.Ui.servoStudio\servoStudio.csproj]
C:\UserWorx\VSWorx\ServoStudio\wpfui-servoStudio\samples\Wpf.Ui.servoStudio\Services\UserSettingsService.cs(471,40): warning IDE0055: 淇鏍煎紡 (https://learn.microsoft.com/dotnet/fundamentals/code-analysis/style-rules/ide0055) [C:\UserWorx\VSWorx\ServoStudio\wpfui-servoStudio\samples\Wpf.Ui.servoStudio\servoStudio.csproj]
C:\UserWorx\VSWorx\ServoStudio\wpfui-servoStudio\samples\Wpf.Ui.servoStudio\Services\UserSettingsService.cs(471,50): warning IDE0055: 淇鏍煎紡 (https://learn.microsoft.com/dotnet/fundamentals/code-analysis/style-rules/ide0055) [C:\UserWorx\VSWorx\ServoStudio\wpfui-servoStudio\samples\Wpf.Ui.servoStudio\servoStudio.csproj]
C:\UserWorx\VSWorx\ServoStudio\wpfui-servoStudio\samples\Wpf.Ui.servoStudio\Services\UserSettingsService.cs(479,42): warning IDE0055: 淇鏍煎紡 (https://learn.microsoft.com/dotnet/fundamentals/code-analysis/style-rules/ide0055) [C:\UserWorx\VSWorx\ServoStudio\wpfui-servoStudio\samples\Wpf.Ui.servoStudio\servoStudio.csproj]
C:\UserWorx\VSWorx\ServoStudio\wpfui-servoStudio\samples\Wpf.Ui.servoStudio\Services\UserSettingsService.cs(479,44): warning IDE0055: 淇鏍煎紡 (https://learn.microsoft.com/dotnet/fundamentals/code-analysis/style-rules/ide0055) [C:\UserWorx\VSWorx\ServoStudio\wpfui-servoStudio\samples\Wpf.Ui.servoStudio\servoStudio.csproj]
C:\UserWorx\VSWorx\ServoStudio\wpfui-servoStudio\samples\Wpf.Ui.servoStudio\Services\UserSettingsService.cs(479,54): warning IDE0055: 淇鏍煎紡 (https://learn.microsoft.com/dotnet/fundamentals/code-analysis/style-rules/ide0055) [C:\UserWorx\VSWorx\ServoStudio\wpfui-servoStudio\samples\Wpf.Ui.servoStudio\servoStudio.csproj]
C:\UserWorx\VSWorx\ServoStudio\wpfui-servoStudio\samples\Wpf.Ui.servoStudio\Services\UserSettingsService.cs(490,28): warning IDE0055: 淇鏍煎紡 (https://learn.microsoft.com/dotnet/fundamentals/code-analysis/style-rules/ide0055) [C:\UserWorx\VSWorx\ServoStudio\wpfui-servoStudio\samples\Wpf.Ui.servoStudio\servoStudio.csproj]
C:\UserWorx\VSWorx\ServoStudio\wpfui-servoStudio\samples\Wpf.Ui.servoStudio\Services\UserSettingsService.cs(490,30): warning IDE0055: 淇鏍煎紡 (https://learn.microsoft.com/dotnet/fundamentals/code-analysis/style-rules/ide0055) [C:\UserWorx\VSWorx\ServoStudio\wpfui-servoStudio\samples\Wpf.Ui.servoStudio\servoStudio.csproj]
C:\UserWorx\VSWorx\ServoStudio\wpfui-servoStudio\samples\Wpf.Ui.servoStudio\Services\UserSettingsService.cs(490,40): warning IDE0055: 淇鏍煎紡 (https://learn.microsoft.com/dotnet/fundamentals/code-analysis/style-rules/ide0055) [C:\UserWorx\VSWorx\ServoStudio\wpfui-servoStudio\samples\Wpf.Ui.servoStudio\servoStudio.csproj]
C:\UserWorx\VSWorx\ServoStudio\wpfui-servoStudio\samples\Wpf.Ui.servoStudio\Services\UserSettingsService.cs(506,37): warning IDE0055: 淇鏍煎紡 (https://learn.microsoft.com/dotnet/fundamentals/code-analysis/style-rules/ide0055) [C:\UserWorx\VSWorx\ServoStudio\wpfui-servoStudio\samples\Wpf.Ui.servoStudio\servoStudio.csproj]
C:\UserWorx\VSWorx\ServoStudio\wpfui-servoStudio\samples\Wpf.Ui.servoStudio\Services\UserSettingsService.cs(506,39): warning IDE0055: 淇鏍煎紡 (https://learn.microsoft.com/dotnet/fundamentals/code-analysis/style-rules/ide0055) [C:\UserWorx\VSWorx\ServoStudio\wpfui-servoStudio\samples\Wpf.Ui.servoStudio\servoStudio.csproj]
C:\UserWorx\VSWorx\ServoStudio\wpfui-servoStudio\samples\Wpf.Ui.servoStudio\Services\UserSettingsService.cs(506,49): warning IDE0055: 淇鏍煎紡 (https://learn.microsoft.com/dotnet/fundamentals/code-analysis/style-rules/ide0055) [C:\UserWorx\VSWorx\ServoStudio\wpfui-servoStudio\samples\Wpf.Ui.servoStudio\servoStudio.csproj]
C:\UserWorx\VSWorx\ServoStudio\wpfui-servoStudio\samples\Wpf.Ui.servoStudio\Services\UserSettingsService.cs(521,43): warning IDE0055: 淇鏍煎紡 (https://learn.microsoft.com/dotnet/fundamentals/code-analysis/style-rules/ide0055) [C:\UserWorx\VSWorx\ServoStudio\wpfui-servoStudio\samples\Wpf.Ui.servoStudio\servoStudio.csproj]
C:\UserWorx\VSWorx\ServoStudio\wpfui-servoStudio\samples\Wpf.Ui.servoStudio\Services\UserSettingsService.cs(521,45): warning IDE0055: 淇鏍煎紡 (https://learn.microsoft.com/dotnet/fundamentals/code-analysis/style-rules/ide0055) [C:\UserWorx\VSWorx\ServoStudio\wpfui-servoStudio\samples\Wpf.Ui.servoStudio\servoStudio.csproj]
C:\UserWorx\VSWorx\ServoStudio\wpfui-servoStudio\samples\Wpf.Ui.servoStudio\Services\UserSettingsService.cs(521,55): warning IDE0055: 淇鏍煎紡 (https://learn.microsoft.com/dotnet/fundamentals/code-analysis/style-rules/ide0055) [C:\UserWorx\VSWorx\ServoStudio\wpfui-servoStudio\samples\Wpf.Ui.servoStudio\servoStudio.csproj]
C:\UserWorx\VSWorx\ServoStudio\wpfui-servoStudio\samples\Wpf.Ui.servoStudio\ViewModels\AppData\AppLogViewModel.cs(20,43): warning IDE0055: 淇鏍煎紡 (https://learn.microsoft.com/dotnet/fundamentals/code-analysis/style-rules/ide0055) [C:\UserWorx\VSWorx\ServoStudio\wpfui-servoStudio\samples\Wpf.Ui.servoStudio\servoStudio.csproj]
C:\UserWorx\VSWorx\ServoStudio\wpfui-servoStudio\samples\Wpf.Ui.servoStudio\ViewModels\AppData\AppLogViewModel.cs(20,45): warning IDE0055: 淇鏍煎紡 (https://learn.microsoft.com/dotnet/fundamentals/code-analysis/style-rules/ide0055) [C:\UserWorx\VSWorx\ServoStudio\wpfui-servoStudio\samples\Wpf.Ui.servoStudio\servoStudio.csproj]
C:\UserWorx\VSWorx\ServoStudio\wpfui-servoStudio\samples\Wpf.Ui.servoStudio\ViewModels\AppData\AppLogViewModel.cs(20,63): warning IDE0055: 淇鏍煎紡 (https://learn.microsoft.com/dotnet/fundamentals/code-analysis/style-rules/ide0055) [C:\UserWorx\VSWorx\ServoStudio\wpfui-servoStudio\samples\Wpf.Ui.servoStudio\servoStudio.csproj]
C:\UserWorx\VSWorx\ServoStudio\wpfui-servoStudio\samples\Wpf.Ui.servoStudio\ViewModels\AppData\AppLogViewModel.cs(701,40): warning IDE0055: 淇鏍煎紡 (https://learn.microsoft.com/dotnet/fundamentals/code-analysis/style-rules/ide0055) [C:\UserWorx\VSWorx\ServoStudio\wpfui-servoStudio\samples\Wpf.Ui.servoStudio\servoStudio.csproj]
C:\UserWorx\VSWorx\ServoStudio\wpfui-servoStudio\samples\Wpf.Ui.servoStudio\ViewModels\AppData\AppLogViewModel.cs(701,54): warning IDE0055: 淇鏍煎紡 (https://learn.microsoft.com/dotnet/fundamentals/code-analysis/style-rules/ide0055) [C:\UserWorx\VSWorx\ServoStudio\wpfui-servoStudio\samples\Wpf.Ui.servoStudio\servoStudio.csproj]
C:\UserWorx\VSWorx\ServoStudio\wpfui-servoStudio\samples\Wpf.Ui.servoStudio\ViewModels\AppData\AppLogViewModel.cs(702,39): warning IDE0055: 淇鏍煎紡 (https://learn.microsoft.com/dotnet/fundamentals/code-analysis/style-rules/ide0055) [C:\UserWorx\VSWorx\ServoStudio\wpfui-servoStudio\samples\Wpf.Ui.servoStudio\servoStudio.csproj]
C:\UserWorx\VSWorx\ServoStudio\wpfui-servoStudio\samples\Wpf.Ui.servoStudio\ViewModels\AppData\AppLogViewModel.cs(702,52): warning IDE0055: 淇鏍煎紡 (https://learn.microsoft.com/dotnet/fundamentals/code-analysis/style-rules/ide0055) [C:\UserWorx\VSWorx\ServoStudio\wpfui-servoStudio\samples\Wpf.Ui.servoStudio\servoStudio.csproj]
C:\UserWorx\VSWorx\ServoStudio\wpfui-servoStudio\samples\Wpf.Ui.servoStudio\ViewModels\AppData\AppLogViewModel.cs(703,42): warning IDE0055: 淇鏍煎紡 (https://learn.microsoft.com/dotnet/fundamentals/code-analysis/style-rules/ide0055) [C:\UserWorx\VSWorx\ServoStudio\wpfui-servoStudio\samples\Wpf.Ui.servoStudio\servoStudio.csproj]
C:\UserWorx\VSWorx\ServoStudio\wpfui-servoStudio\samples\Wpf.Ui.servoStudio\ViewModels\AppData\AppLogViewModel.cs(703,58): warning IDE0055: 淇鏍煎紡 (https://learn.microsoft.com/dotnet/fundamentals/code-analysis/style-rules/ide0055) [C:\UserWorx\VSWorx\ServoStudio\wpfui-servoStudio\samples\Wpf.Ui.servoStudio\servoStudio.csproj]
C:\UserWorx\VSWorx\ServoStudio\wpfui-servoStudio\samples\Wpf.Ui.servoStudio\ViewModels\AppData\AppLogViewModel.cs(704,40): warning IDE0055: 淇鏍煎紡 (https://learn.microsoft.com/dotnet/fundamentals/code-analysis/style-rules/ide0055) [C:\UserWorx\VSWorx\ServoStudio\wpfui-servoStudio\samples\Wpf.Ui.servoStudio\servoStudio.csproj]
C:\UserWorx\VSWorx\ServoStudio\wpfui-servoStudio\samples\Wpf.Ui.servoStudio\ViewModels\AppData\AppLogViewModel.cs(704,54): warning IDE0055: 淇鏍煎紡 (https://learn.microsoft.com/dotnet/fundamentals/code-analysis/style-rules/ide0055) [C:\UserWorx\VSWorx\ServoStudio\wpfui-servoStudio\samples\Wpf.Ui.servoStudio\servoStudio.csproj]
C:\UserWorx\VSWorx\ServoStudio\wpfui-servoStudio\samples\Wpf.Ui.servoStudio\ViewModels\AppData\AppLogViewModel.cs(705,43): warning IDE0055: 淇鏍煎紡 (https://learn.microsoft.com/dotnet/fundamentals/code-analysis/style-rules/ide0055) [C:\UserWorx\VSWorx\ServoStudio\wpfui-servoStudio\samples\Wpf.Ui.servoStudio\servoStudio.csproj]
C:\UserWorx\VSWorx\ServoStudio\wpfui-servoStudio\samples\Wpf.Ui.servoStudio\ViewModels\AppData\AppLogViewModel.cs(705,60): warning IDE0055: 淇鏍煎紡 (https://learn.microsoft.com/dotnet/fundamentals/code-analysis/style-rules/ide0055) [C:\UserWorx\VSWorx\ServoStudio\wpfui-servoStudio\samples\Wpf.Ui.servoStudio\servoStudio.csproj]
C:\UserWorx\VSWorx\ServoStudio\wpfui-servoStudio\samples\Wpf.Ui.servoStudio\ViewModels\AppData\AppLogViewModel.cs(717,40): warning IDE0055: 淇鏍煎紡 (https://learn.microsoft.com/dotnet/fundamentals/code-analysis/style-rules/ide0055) [C:\UserWorx\VSWorx\ServoStudio\wpfui-servoStudio\samples\Wpf.Ui.servoStudio\servoStudio.csproj]
C:\UserWorx\VSWorx\ServoStudio\wpfui-servoStudio\samples\Wpf.Ui.servoStudio\ViewModels\AppData\AppLogViewModel.cs(717,45): warning IDE0055: 淇鏍煎紡 (https://learn.microsoft.com/dotnet/fundamentals/code-analysis/style-rules/ide0055) [C:\UserWorx\VSWorx\ServoStudio\wpfui-servoStudio\samples\Wpf.Ui.servoStudio\servoStudio.csproj]
C:\UserWorx\VSWorx\ServoStudio\wpfui-servoStudio\samples\Wpf.Ui.servoStudio\ViewModels\AppData\AppLogViewModel.cs(718,39): warning IDE0055: 淇鏍煎紡 (https://learn.microsoft.com/dotnet/fundamentals/code-analysis/style-rules/ide0055) [C:\UserWorx\VSWorx\ServoStudio\wpfui-servoStudio\samples\Wpf.Ui.servoStudio\servoStudio.csproj]
C:\UserWorx\VSWorx\ServoStudio\wpfui-servoStudio\samples\Wpf.Ui.servoStudio\ViewModels\AppData\AppLogViewModel.cs(718,44): warning IDE0055: 淇鏍煎紡 (https://learn.microsoft.com/dotnet/fundamentals/code-analysis/style-rules/ide0055) [C:\UserWorx\VSWorx\ServoStudio\wpfui-servoStudio\samples\Wpf.Ui.servoStudio\servoStudio.csproj]
C:\UserWorx\VSWorx\ServoStudio\wpfui-servoStudio\samples\Wpf.Ui.servoStudio\ViewModels\AppData\AppLogViewModel.cs(719,42): warning IDE0055: 淇鏍煎紡 (https://learn.microsoft.com/dotnet/fundamentals/code-analysis/style-rules/ide0055) [C:\UserWorx\VSWorx\ServoStudio\wpfui-servoStudio\samples\Wpf.Ui.servoStudio\servoStudio.csproj]
C:\UserWorx\VSWorx\ServoStudio\wpfui-servoStudio\samples\Wpf.Ui.servoStudio\ViewModels\AppData\AppLogViewModel.cs(719,47): warning IDE0055: 淇鏍煎紡 (https://learn.microsoft.com/dotnet/fundamentals/code-analysis/style-rules/ide0055) [C:\UserWorx\VSWorx\ServoStudio\wpfui-servoStudio\samples\Wpf.Ui.servoStudio\servoStudio.csproj]
C:\UserWorx\VSWorx\ServoStudio\wpfui-servoStudio\samples\Wpf.Ui.servoStudio\ViewModels\AppData\AppLogViewModel.cs(720,40): warning IDE0055: 淇鏍煎紡 (https://learn.microsoft.com/dotnet/fundamentals/code-analysis/style-rules/ide0055) [C:\UserWorx\VSWorx\ServoStudio\wpfui-servoStudio\samples\Wpf.Ui.servoStudio\servoStudio.csproj]
C:\UserWorx\VSWorx\ServoStudio\wpfui-servoStudio\samples\Wpf.Ui.servoStudio\ViewModels\AppData\AppLogViewModel.cs(720,45): warning IDE0055: 淇鏍煎紡 (https://learn.microsoft.com/dotnet/fundamentals/code-analysis/style-rules/ide0055) [C:\UserWorx\VSWorx\ServoStudio\wpfui-servoStudio\samples\Wpf.Ui.servoStudio\servoStudio.csproj]
C:\UserWorx\VSWorx\ServoStudio\wpfui-servoStudio\samples\Wpf.Ui.servoStudio\ViewModels\AppData\AppLogViewModel.cs(721,43): warning IDE0055: 淇鏍煎紡 (https://learn.microsoft.com/dotnet/fundamentals/code-analysis/style-rules/ide0055) [C:\UserWorx\VSWorx\ServoStudio\wpfui-servoStudio\samples\Wpf.Ui.servoStudio\servoStudio.csproj]
C:\UserWorx\VSWorx\ServoStudio\wpfui-servoStudio\samples\Wpf.Ui.servoStudio\ViewModels\AppData\AppLogViewModel.cs(721,48): warning IDE0055: 淇鏍煎紡 (https://learn.microsoft.com/dotnet/fundamentals/code-analysis/style-rules/ide0055) [C:\UserWorx\VSWorx\ServoStudio\wpfui-servoStudio\samples\Wpf.Ui.servoStudio\servoStudio.csproj]
C:\UserWorx\VSWorx\ServoStudio\wpfui-servoStudio\samples\Wpf.Ui.servoStudio\ViewModels\AppData\DataSaveViewModel.cs(731,95): warning IDE0055: 淇鏍煎紡 (https://learn.microsoft.com/dotnet/fundamentals/code-analysis/style-rules/ide0055) [C:\UserWorx\VSWorx\ServoStudio\wpfui-servoStudio\samples\Wpf.Ui.servoStudio\servoStudio.csproj]
C:\UserWorx\VSWorx\ServoStudio\wpfui-servoStudio\samples\Wpf.Ui.servoStudio\ViewModels\AppData\DataSaveViewModel.cs(799,12): warning IDE0055: 淇鏍煎紡 (https://learn.microsoft.com/dotnet/fundamentals/code-analysis/style-rules/ide0055) [C:\UserWorx\VSWorx\ServoStudio\wpfui-servoStudio\samples\Wpf.Ui.servoStudio\servoStudio.csproj]
C:\UserWorx\VSWorx\ServoStudio\wpfui-servoStudio\samples\Wpf.Ui.servoStudio\ViewModels\AppData\DataSaveViewModel.cs(799,14): warning IDE0055: 淇鏍煎紡 (https://learn.microsoft.com/dotnet/fundamentals/code-analysis/style-rules/ide0055) [C:\UserWorx\VSWorx\ServoStudio\wpfui-servoStudio\samples\Wpf.Ui.servoStudio\servoStudio.csproj]
C:\UserWorx\VSWorx\ServoStudio\wpfui-servoStudio\samples\Wpf.Ui.servoStudio\ViewModels\AppData\DataSaveViewModel.cs(799,38): warning IDE0055: 淇鏍煎紡 (https://learn.microsoft.com/dotnet/fundamentals/code-analysis/style-rules/ide0055) [C:\UserWorx\VSWorx\ServoStudio\wpfui-servoStudio\samples\Wpf.Ui.servoStudio\servoStudio.csproj]
C:\UserWorx\VSWorx\ServoStudio\wpfui-servoStudio\samples\Wpf.Ui.servoStudio\ViewModels\AppData\DataSaveViewModel.cs(799,40): warning IDE0055: 淇鏍煎紡 (https://learn.microsoft.com/dotnet/fundamentals/code-analysis/style-rules/ide0055) [C:\UserWorx\VSWorx\ServoStudio\wpfui-servoStudio\samples\Wpf.Ui.servoStudio\servoStudio.csproj]
C:\UserWorx\VSWorx\ServoStudio\wpfui-servoStudio\samples\Wpf.Ui.servoStudio\ViewModels\AppData\DataSaveViewModel.cs(839,12): warning IDE0055: 淇鏍煎紡 (https://learn.microsoft.com/dotnet/fundamentals/code-analysis/style-rules/ide0055) [C:\UserWorx\VSWorx\ServoStudio\wpfui-servoStudio\samples\Wpf.Ui.servoStudio\servoStudio.csproj]
C:\UserWorx\VSWorx\ServoStudio\wpfui-servoStudio\samples\Wpf.Ui.servoStudio\ViewModels\AppData\DataSaveViewModel.cs(839,14): warning IDE0055: 淇鏍煎紡 (https://learn.microsoft.com/dotnet/fundamentals/code-analysis/style-rules/ide0055) [C:\UserWorx\VSWorx\ServoStudio\wpfui-servoStudio\samples\Wpf.Ui.servoStudio\servoStudio.csproj]
C:\UserWorx\VSWorx\ServoStudio\wpfui-servoStudio\samples\Wpf.Ui.servoStudio\ViewModels\AppData\DataSaveViewModel.cs(839,53): warning IDE0055: 淇鏍煎紡 (https://learn.microsoft.com/dotnet/fundamentals/code-analysis/style-rules/ide0055) [C:\UserWorx\VSWorx\ServoStudio\wpfui-servoStudio\samples\Wpf.Ui.servoStudio\servoStudio.csproj]
C:\UserWorx\VSWorx\ServoStudio\wpfui-servoStudio\samples\Wpf.Ui.servoStudio\ViewModels\AppData\DataSaveViewModel.cs(1110,27): warning IDE0055: 淇鏍煎紡 (https://learn.microsoft.com/dotnet/fundamentals/code-analysis/style-rules/ide0055) [C:\UserWorx\VSWorx\ServoStudio\wpfui-servoStudio\samples\Wpf.Ui.servoStudio\servoStudio.csproj]
C:\UserWorx\VSWorx\ServoStudio\wpfui-servoStudio\samples\Wpf.Ui.servoStudio\ViewModels\AppData\DataSaveViewModel.cs(1123,37): warning IDE0055: 淇鏍煎紡 (https://learn.microsoft.com/dotnet/fundamentals/code-analysis/style-rules/ide0055) [C:\UserWorx\VSWorx\ServoStudio\wpfui-servoStudio\samples\Wpf.Ui.servoStudio\servoStudio.csproj]
C:\UserWorx\VSWorx\ServoStudio\wpfui-servoStudio\samples\Wpf.Ui.servoStudio\ViewModels\AppData\DataSaveViewModel.cs(1129,27): warning IDE0055: 淇鏍煎紡 (https://learn.microsoft.com/dotnet/fundamentals/code-analysis/style-rules/ide0055) [C:\UserWorx\VSWorx\ServoStudio\wpfui-servoStudio\samples\Wpf.Ui.servoStudio\servoStudio.csproj]
C:\UserWorx\VSWorx\ServoStudio\wpfui-servoStudio\samples\Wpf.Ui.servoStudio\ViewModels\AppData\DataSaveViewModel.cs(1129,50): warning IDE0055: 淇鏍煎紡 (https://learn.microsoft.com/dotnet/fundamentals/code-analysis/style-rules/ide0055) [C:\UserWorx\VSWorx\ServoStudio\wpfui-servoStudio\samples\Wpf.Ui.servoStudio\servoStudio.csproj]
C:\UserWorx\VSWorx\ServoStudio\wpfui-servoStudio\samples\Wpf.Ui.servoStudio\ViewModels\AppData\DataSaveViewModel.cs(1130,26): warning IDE0055: 淇鏍煎紡 (https://learn.microsoft.com/dotnet/fundamentals/code-analysis/style-rules/ide0055) [C:\UserWorx\VSWorx\ServoStudio\wpfui-servoStudio\samples\Wpf.Ui.servoStudio\servoStudio.csproj]
C:\UserWorx\VSWorx\ServoStudio\wpfui-servoStudio\samples\Wpf.Ui.servoStudio\ViewModels\AppData\DataSaveViewModel.cs(1130,49): warning IDE0055: 淇鏍煎紡 (https://learn.microsoft.com/dotnet/fundamentals/code-analysis/style-rules/ide0055) [C:\UserWorx\VSWorx\ServoStudio\wpfui-servoStudio\samples\Wpf.Ui.servoStudio\servoStudio.csproj]
C:\UserWorx\VSWorx\ServoStudio\wpfui-servoStudio\samples\Wpf.Ui.servoStudio\ViewModels\AppData\DataSaveViewModel.cs(1131,27): warning IDE0055: 淇鏍煎紡 (https://learn.microsoft.com/dotnet/fundamentals/code-analysis/style-rules/ide0055) [C:\UserWorx\VSWorx\ServoStudio\wpfui-servoStudio\samples\Wpf.Ui.servoStudio\servoStudio.csproj]
C:\UserWorx\VSWorx\ServoStudio\wpfui-servoStudio\samples\Wpf.Ui.servoStudio\ViewModels\AppData\DataSaveViewModel.cs(1131,49): warning IDE0055: 淇鏍煎紡 (https://learn.microsoft.com/dotnet/fundamentals/code-analysis/style-rules/ide0055) [C:\UserWorx\VSWorx\ServoStudio\wpfui-servoStudio\samples\Wpf.Ui.servoStudio\servoStudio.csproj]
C:\UserWorx\VSWorx\ServoStudio\wpfui-servoStudio\samples\Wpf.Ui.servoStudio\ViewModels\AppData\DataSaveViewModel.cs(1132,27): warning IDE0055: 淇鏍煎紡 (https://learn.microsoft.com/dotnet/fundamentals/code-analysis/style-rules/ide0055) [C:\UserWorx\VSWorx\ServoStudio\wpfui-servoStudio\samples\Wpf.Ui.servoStudio\servoStudio.csproj]
C:\UserWorx\VSWorx\ServoStudio\wpfui-servoStudio\samples\Wpf.Ui.servoStudio\ViewModels\AppData\DataSaveViewModel.cs(1132,49): warning IDE0055: 淇鏍煎紡 (https://learn.microsoft.com/dotnet/fundamentals/code-analysis/style-rules/ide0055) [C:\UserWorx\VSWorx\ServoStudio\wpfui-servoStudio\samples\Wpf.Ui.servoStudio\servoStudio.csproj]
C:\UserWorx\VSWorx\ServoStudio\wpfui-servoStudio\samples\Wpf.Ui.servoStudio\ViewModels\AppData\DataSaveViewModel.cs(1133,27): warning IDE0055: 淇鏍煎紡 (https://learn.microsoft.com/dotnet/fundamentals/code-analysis/style-rules/ide0055) [C:\UserWorx\VSWorx\ServoStudio\wpfui-servoStudio\samples\Wpf.Ui.servoStudio\servoStudio.csproj]
C:\UserWorx\VSWorx\ServoStudio\wpfui-servoStudio\samples\Wpf.Ui.servoStudio\ViewModels\AppData\DataSaveViewModel.cs(1133,49): warning IDE0055: 淇鏍煎紡 (https://learn.microsoft.com/dotnet/fundamentals/code-analysis/style-rules/ide0055) [C:\UserWorx\VSWorx\ServoStudio\wpfui-servoStudio\samples\Wpf.Ui.servoStudio\servoStudio.csproj]
C:\UserWorx\VSWorx\ServoStudio\wpfui-servoStudio\samples\Wpf.Ui.servoStudio\ViewModels\AppData\DataSaveViewModel.cs(1135,34): warning IDE0055: 淇鏍煎紡 (https://learn.microsoft.com/dotnet/fundamentals/code-analysis/style-rules/ide0055) [C:\UserWorx\VSWorx\ServoStudio\wpfui-servoStudio\samples\Wpf.Ui.servoStudio\servoStudio.csproj]
C:\UserWorx\VSWorx\ServoStudio\wpfui-servoStudio\samples\Wpf.Ui.servoStudio\ViewModels\AppData\DataSaveViewModel.cs(1136,25): warning IDE0055: 淇鏍煎紡 (https://learn.microsoft.com/dotnet/fundamentals/code-analysis/style-rules/ide0055) [C:\UserWorx\VSWorx\ServoStudio\wpfui-servoStudio\samples\Wpf.Ui.servoStudio\servoStudio.csproj]
C:\UserWorx\VSWorx\ServoStudio\wpfui-servoStudio\samples\Wpf.Ui.servoStudio\ViewModels\AppData\DataSaveViewModel.cs(1163,12): warning IDE0055: 淇鏍煎紡 (https://learn.microsoft.com/dotnet/fundamentals/code-analysis/style-rules/ide0055) [C:\UserWorx\VSWorx\ServoStudio\wpfui-servoStudio\samples\Wpf.Ui.servoStudio\servoStudio.csproj]
C:\UserWorx\VSWorx\ServoStudio\wpfui-servoStudio\samples\Wpf.Ui.servoStudio\ViewModels\AppData\DataSaveViewModel.cs(1163,14): warning IDE0055: 淇鏍煎紡 (https://learn.microsoft.com/dotnet/fundamentals/code-analysis/style-rules/ide0055) [C:\UserWorx\VSWorx\ServoStudio\wpfui-servoStudio\samples\Wpf.Ui.servoStudio\servoStudio.csproj]
C:\UserWorx\VSWorx\ServoStudio\wpfui-servoStudio\samples\Wpf.Ui.servoStudio\ViewModels\AppData\DataSaveViewModel.cs(1163,38): warning IDE0055: 淇鏍煎紡 (https://learn.microsoft.com/dotnet/fundamentals/code-analysis/style-rules/ide0055) [C:\UserWorx\VSWorx\ServoStudio\wpfui-servoStudio\samples\Wpf.Ui.servoStudio\servoStudio.csproj]
C:\UserWorx\VSWorx\ServoStudio\wpfui-servoStudio\samples\Wpf.Ui.servoStudio\ViewModels\AppData\DataSaveViewModel.cs(1163,40): warning IDE0055: 淇鏍煎紡 (https://learn.microsoft.com/dotnet/fundamentals/code-analysis/style-rules/ide0055) [C:\UserWorx\VSWorx\ServoStudio\wpfui-servoStudio\samples\Wpf.Ui.servoStudio\servoStudio.csproj]
C:\UserWorx\VSWorx\ServoStudio\wpfui-servoStudio\samples\Wpf.Ui.servoStudio\ViewModels\AppData\DataSaveViewModel.cs(1069,25): warning IDE2003: 鍧椾笌鍚庣画璇彞涔嬮棿闇€瑕佹湁绌虹櫧琛?(https://learn.microsoft.com/dotnet/fundamentals/code-analysis/style-rules/ide2003) [C:\UserWorx\VSWorx\ServoStudio\wpfui-servoStudio\samples\Wpf.Ui.servoStudio\servoStudio.csproj]
C:\UserWorx\VSWorx\ServoStudio\wpfui-servoStudio\samples\Wpf.Ui.servoStudio\ViewModels\AppData\DataSaveViewModel.cs(1075,25): warning IDE2003: 鍧椾笌鍚庣画璇彞涔嬮棿闇€瑕佹湁绌虹櫧琛?(https://learn.microsoft.com/dotnet/fundamentals/code-analysis/style-rules/ide2003) [C:\UserWorx\VSWorx\ServoStudio\wpfui-servoStudio\samples\Wpf.Ui.servoStudio\servoStudio.csproj]
C:\UserWorx\VSWorx\ServoStudio\wpfui-servoStudio\samples\Wpf.Ui.servoStudio\ViewModels\AppData\DataSaveViewModel.cs(1139,9): warning IDE2003: 鍧椾笌鍚庣画璇彞涔嬮棿闇€瑕佹湁绌虹櫧琛?(https://learn.microsoft.com/dotnet/fundamentals/code-analysis/style-rules/ide2003) [C:\UserWorx\VSWorx\ServoStudio\wpfui-servoStudio\samples\Wpf.Ui.servoStudio\servoStudio.csproj]
C:\UserWorx\VSWorx\ServoStudio\wpfui-servoStudio\samples\Wpf.Ui.servoStudio\ViewModels\AppData\DataSaveViewModel.cs(1163,49): warning IDE2003: 鍧椾笌鍚庣画璇彞涔嬮棿闇€瑕佹湁绌虹櫧琛?(https://learn.microsoft.com/dotnet/fundamentals/code-analysis/style-rules/ide2003) [C:\UserWorx\VSWorx\ServoStudio\wpfui-servoStudio\samples\Wpf.Ui.servoStudio\servoStudio.csproj]
C:\UserWorx\VSWorx\ServoStudio\wpfui-servoStudio\samples\Wpf.Ui.servoStudio\ViewModels\DeviceSet\DeviceAddViewModel.cs(43,22): warning CA1063: 浠庘€淒eviceAddViewModel鈥濆疄鐜扮殑鎺ュ彛鍒楄〃涓垹闄?IDisposable锛屽洜涓哄畠宸茬敱鍩虹被鍨嬧€淰iewModel鈥濆疄鐜?(https://learn.microsoft.com/dotnet/fundamentals/code-analysis/quality-rules/ca1063) [C:\UserWorx\VSWorx\ServoStudio\wpfui-servoStudio\samples\Wpf.Ui.servoStudio\servoStudio.csproj]
C:\UserWorx\VSWorx\ServoStudio\wpfui-servoStudio\samples\Wpf.Ui.servoStudio\ViewModels\DeviceSet\DeviceAddViewModel.cs(43,22): warning CA1063: 瀵?DeviceAddViewModel 鎻愪緵 Dispose(bool) 鐨勫彲閲嶅啓瀹炵幇鎴栧皢璇ョ被鍨嬫爣璁颁负鈥滃凡瀵嗗皝鈥濄€傚 Dispose(false) 鐨勮皟鐢ㄥ簲浠呮竻鐞嗘湰鏈鸿祫婧愩€傚 Dispose(true) 鐨勮皟鐢ㄥ簲鍚屾椂娓呯悊鎵樼璧勬簮鍜屾湰鏈鸿祫婧愩€?(https://learn.microsoft.com/dotnet/fundamentals/code-analysis/quality-rules/ca1063) [C:\UserWorx\VSWorx\ServoStudio\wpfui-servoStudio\samples\Wpf.Ui.servoStudio\servoStudio.csproj]
C:\UserWorx\VSWorx\ServoStudio\wpfui-servoStudio\samples\Wpf.Ui.servoStudio\ViewModels\AppData\DataViewViewModel.cs(332,12): warning IDE0055: 淇鏍煎紡 (https://learn.microsoft.com/dotnet/fundamentals/code-analysis/style-rules/ide0055) [C:\UserWorx\VSWorx\ServoStudio\wpfui-servoStudio\samples\Wpf.Ui.servoStudio\servoStudio.csproj]
C:\UserWorx\VSWorx\ServoStudio\wpfui-servoStudio\samples\Wpf.Ui.servoStudio\ViewModels\AppData\DataViewViewModel.cs(332,14): warning IDE0055: 淇鏍煎紡 (https://learn.microsoft.com/dotnet/fundamentals/code-analysis/style-rules/ide0055) [C:\UserWorx\VSWorx\ServoStudio\wpfui-servoStudio\samples\Wpf.Ui.servoStudio\servoStudio.csproj]
C:\UserWorx\VSWorx\ServoStudio\wpfui-servoStudio\samples\Wpf.Ui.servoStudio\ViewModels\AppData\DataViewViewModel.cs(332,34): warning IDE0055: 淇鏍煎紡 (https://learn.microsoft.com/dotnet/fundamentals/code-analysis/style-rules/ide0055) [C:\UserWorx\VSWorx\ServoStudio\wpfui-servoStudio\samples\Wpf.Ui.servoStudio\servoStudio.csproj]
C:\UserWorx\VSWorx\ServoStudio\wpfui-servoStudio\samples\Wpf.Ui.servoStudio\ViewModels\AppData\DataViewViewModel.cs(332,36): warning IDE0055: 淇鏍煎紡 (https://learn.microsoft.com/dotnet/fundamentals/code-analysis/style-rules/ide0055) [C:\UserWorx\VSWorx\ServoStudio\wpfui-servoStudio\samples\Wpf.Ui.servoStudio\servoStudio.csproj]
C:\UserWorx\VSWorx\ServoStudio\wpfui-servoStudio\samples\Wpf.Ui.servoStudio\ViewModels\AppData\DataViewViewModel.cs(415,20): warning IDE0055: 淇鏍煎紡 (https://learn.microsoft.com/dotnet/fundamentals/code-analysis/style-rules/ide0055) [C:\UserWorx\VSWorx\ServoStudio\wpfui-servoStudio\samples\Wpf.Ui.servoStudio\servoStudio.csproj]
C:\UserWorx\VSWorx\ServoStudio\wpfui-servoStudio\samples\Wpf.Ui.servoStudio\ViewModels\AppData\DataViewViewModel.cs(415,22): warning IDE0055: 淇鏍煎紡 (https://learn.microsoft.com/dotnet/fundamentals/code-analysis/style-rules/ide0055) [C:\UserWorx\VSWorx\ServoStudio\wpfui-servoStudio\samples\Wpf.Ui.servoStudio\servoStudio.csproj]
C:\UserWorx\VSWorx\ServoStudio\wpfui-servoStudio\samples\Wpf.Ui.servoStudio\ViewModels\AppData\DataViewViewModel.cs(415,30): warning IDE0055: 淇鏍煎紡 (https://learn.microsoft.com/dotnet/fundamentals/code-analysis/style-rules/ide0055) [C:\UserWorx\VSWorx\ServoStudio\wpfui-servoStudio\samples\Wpf.Ui.servoStudio\servoStudio.csproj]
C:\UserWorx\VSWorx\ServoStudio\wpfui-servoStudio\samples\Wpf.Ui.servoStudio\ViewModels\AppData\DataViewViewModel.cs(415,38): warning IDE0055: 淇鏍煎紡 (https://learn.microsoft.com/dotnet/fundamentals/code-analysis/style-rules/ide0055) [C:\UserWorx\VSWorx\ServoStudio\wpfui-servoStudio\samples\Wpf.Ui.servoStudio\servoStudio.csproj]
C:\UserWorx\VSWorx\ServoStudio\wpfui-servoStudio\samples\Wpf.Ui.servoStudio\ViewModels\AppData\DataViewViewModel.cs(415,46): warning IDE0055: 淇鏍煎紡 (https://learn.microsoft.com/dotnet/fundamentals/code-analysis/style-rules/ide0055) [C:\UserWorx\VSWorx\ServoStudio\wpfui-servoStudio\samples\Wpf.Ui.servoStudio\servoStudio.csproj]
C:\UserWorx\VSWorx\ServoStudio\wpfui-servoStudio\samples\Wpf.Ui.servoStudio\ViewModels\AppData\DataViewViewModel.cs(416,26): warning IDE0055: 淇鏍煎紡 (https://learn.microsoft.com/dotnet/fundamentals/code-analysis/style-rules/ide0055) [C:\UserWorx\VSWorx\ServoStudio\wpfui-servoStudio\samples\Wpf.Ui.servoStudio\servoStudio.csproj]
C:\UserWorx\VSWorx\ServoStudio\wpfui-servoStudio\samples\Wpf.Ui.servoStudio\ViewModels\AppData\DataViewViewModel.cs(416,28): warning IDE0055: 淇鏍煎紡 (https://learn.microsoft.com/dotnet/fundamentals/code-analysis/style-rules/ide0055) [C:\UserWorx\VSWorx\ServoStudio\wpfui-servoStudio\samples\Wpf.Ui.servoStudio\servoStudio.csproj]
C:\UserWorx\VSWorx\ServoStudio\wpfui-servoStudio\samples\Wpf.Ui.servoStudio\ViewModels\AppData\DataViewViewModel.cs(416,36): warning IDE0055: 淇鏍煎紡 (https://learn.microsoft.com/dotnet/fundamentals/code-analysis/style-rules/ide0055) [C:\UserWorx\VSWorx\ServoStudio\wpfui-servoStudio\samples\Wpf.Ui.servoStudio\servoStudio.csproj]
C:\UserWorx\VSWorx\ServoStudio\wpfui-servoStudio\samples\Wpf.Ui.servoStudio\ViewModels\AppData\DataViewViewModel.cs(416,44): warning IDE0055: 淇鏍煎紡 (https://learn.microsoft.com/dotnet/fundamentals/code-analysis/style-rules/ide0055) [C:\UserWorx\VSWorx\ServoStudio\wpfui-servoStudio\samples\Wpf.Ui.servoStudio\servoStudio.csproj]
C:\UserWorx\VSWorx\ServoStudio\wpfui-servoStudio\samples\Wpf.Ui.servoStudio\ViewModels\AppData\DataViewViewModel.cs(416,52): warning IDE0055: 淇鏍煎紡 (https://learn.microsoft.com/dotnet/fundamentals/code-analysis/style-rules/ide0055) [C:\UserWorx\VSWorx\ServoStudio\wpfui-servoStudio\samples\Wpf.Ui.servoStudio\servoStudio.csproj]
C:\UserWorx\VSWorx\ServoStudio\wpfui-servoStudio\samples\Wpf.Ui.servoStudio\ViewModels\AppData\DataViewViewModel.cs(417,26): warning IDE0055: 淇鏍煎紡 (https://learn.microsoft.com/dotnet/fundamentals/code-analysis/style-rules/ide0055) [C:\UserWorx\VSWorx\ServoStudio\wpfui-servoStudio\samples\Wpf.Ui.servoStudio\servoStudio.csproj]
C:\UserWorx\VSWorx\ServoStudio\wpfui-servoStudio\samples\Wpf.Ui.servoStudio\ViewModels\AppData\DataViewViewModel.cs(417,28): warning IDE0055: 淇鏍煎紡 (https://learn.microsoft.com/dotnet/fundamentals/code-analysis/style-rules/ide0055) [C:\UserWorx\VSWorx\ServoStudio\wpfui-servoStudio\samples\Wpf.Ui.servoStudio\servoStudio.csproj]
C:\UserWorx\VSWorx\ServoStudio\wpfui-servoStudio\samples\Wpf.Ui.servoStudio\ViewModels\AppData\DataViewViewModel.cs(417,36): warning IDE0055: 淇鏍煎紡 (https://learn.microsoft.com/dotnet/fundamentals/code-analysis/style-rules/ide0055) [C:\UserWorx\VSWorx\ServoStudio\wpfui-servoStudio\samples\Wpf.Ui.servoStudio\servoStudio.csproj]
C:\UserWorx\VSWorx\ServoStudio\wpfui-servoStudio\samples\Wpf.Ui.servoStudio\ViewModels\AppData\DataViewViewModel.cs(417,44): warning IDE0055: 淇鏍煎紡 (https://learn.microsoft.com/dotnet/fundamentals/code-analysis/style-rules/ide0055) [C:\UserWorx\VSWorx\ServoStudio\wpfui-servoStudio\samples\Wpf.Ui.servoStudio\servoStudio.csproj]
C:\UserWorx\VSWorx\ServoStudio\wpfui-servoStudio\samples\Wpf.Ui.servoStudio\ViewModels\AppData\DataViewViewModel.cs(417,52): warning IDE0055: 淇鏍煎紡 (https://learn.microsoft.com/dotnet/fundamentals/code-analysis/style-rules/ide0055) [C:\UserWorx\VSWorx\ServoStudio\wpfui-servoStudio\samples\Wpf.Ui.servoStudio\servoStudio.csproj]
C:\UserWorx\VSWorx\ServoStudio\wpfui-servoStudio\samples\Wpf.Ui.servoStudio\ViewModels\AppData\DataViewViewModel.cs(418,26): warning IDE0055: 淇鏍煎紡 (https://learn.microsoft.com/dotnet/fundamentals/code-analysis/style-rules/ide0055) [C:\UserWorx\VSWorx\ServoStudio\wpfui-servoStudio\samples\Wpf.Ui.servoStudio\servoStudio.csproj]
C:\UserWorx\VSWorx\ServoStudio\wpfui-servoStudio\samples\Wpf.Ui.servoStudio\ViewModels\AppData\DataViewViewModel.cs(418,28): warning IDE0055: 淇鏍煎紡 (https://learn.microsoft.com/dotnet/fundamentals/code-analysis/style-rules/ide0055) [C:\UserWorx\VSWorx\ServoStudio\wpfui-servoStudio\samples\Wpf.Ui.servoStudio\servoStudio.csproj]
C:\UserWorx\VSWorx\ServoStudio\wpfui-servoStudio\samples\Wpf.Ui.servoStudio\ViewModels\AppData\DataViewViewModel.cs(418,36): warning IDE0055: 淇鏍煎紡 (https://learn.microsoft.com/dotnet/fundamentals/code-analysis/style-rules/ide0055) [C:\UserWorx\VSWorx\ServoStudio\wpfui-servoStudio\samples\Wpf.Ui.servoStudio\servoStudio.csproj]
C:\UserWorx\VSWorx\ServoStudio\wpfui-servoStudio\samples\Wpf.Ui.servoStudio\ViewModels\AppData\DataViewViewModel.cs(418,44): warning IDE0055: 淇鏍煎紡 (https://learn.microsoft.com/dotnet/fundamentals/code-analysis/style-rules/ide0055) [C:\UserWorx\VSWorx\ServoStudio\wpfui-servoStudio\samples\Wpf.Ui.servoStudio\servoStudio.csproj]
C:\UserWorx\VSWorx\ServoStudio\wpfui-servoStudio\samples\Wpf.Ui.servoStudio\ViewModels\AppData\DataViewViewModel.cs(418,52): warning IDE0055: 淇鏍煎紡 (https://learn.microsoft.com/dotnet/fundamentals/code-analysis/style-rules/ide0055) [C:\UserWorx\VSWorx\ServoStudio\wpfui-servoStudio\samples\Wpf.Ui.servoStudio\servoStudio.csproj]
C:\UserWorx\VSWorx\ServoStudio\wpfui-servoStudio\samples\Wpf.Ui.servoStudio\ViewModels\AppData\DataViewViewModel.cs(419,26): warning IDE0055: 淇鏍煎紡 (https://learn.microsoft.com/dotnet/fundamentals/code-analysis/style-rules/ide0055) [C:\UserWorx\VSWorx\ServoStudio\wpfui-servoStudio\samples\Wpf.Ui.servoStudio\servoStudio.csproj]
C:\UserWorx\VSWorx\ServoStudio\wpfui-servoStudio\samples\Wpf.Ui.servoStudio\ViewModels\AppData\DataViewViewModel.cs(419,28): warning IDE0055: 淇鏍煎紡 (https://learn.microsoft.com/dotnet/fundamentals/code-analysis/style-rules/ide0055) [C:\UserWorx\VSWorx\ServoStudio\wpfui-servoStudio\samples\Wpf.Ui.servoStudio\servoStudio.csproj]
C:\UserWorx\VSWorx\ServoStudio\wpfui-servoStudio\samples\Wpf.Ui.servoStudio\ViewModels\AppData\DataViewViewModel.cs(419,36): warning IDE0055: 淇鏍煎紡 (https://learn.microsoft.com/dotnet/fundamentals/code-analysis/style-rules/ide0055) [C:\UserWorx\VSWorx\ServoStudio\wpfui-servoStudio\samples\Wpf.Ui.servoStudio\servoStudio.csproj]
C:\UserWorx\VSWorx\ServoStudio\wpfui-servoStudio\samples\Wpf.Ui.servoStudio\ViewModels\AppData\DataViewViewModel.cs(419,44): warning IDE0055: 淇鏍煎紡 (https://learn.microsoft.com/dotnet/fundamentals/code-analysis/style-rules/ide0055) [C:\UserWorx\VSWorx\ServoStudio\wpfui-servoStudio\samples\Wpf.Ui.servoStudio\servoStudio.csproj]
C:\UserWorx\VSWorx\ServoStudio\wpfui-servoStudio\samples\Wpf.Ui.servoStudio\ViewModels\AppData\DataViewViewModel.cs(419,52): warning IDE0055: 淇鏍煎紡 (https://learn.microsoft.com/dotnet/fundamentals/code-analysis/style-rules/ide0055) [C:\UserWorx\VSWorx\ServoStudio\wpfui-servoStudio\samples\Wpf.Ui.servoStudio\servoStudio.csproj]
C:\UserWorx\VSWorx\ServoStudio\wpfui-servoStudio\samples\Wpf.Ui.servoStudio\ViewModels\AppData\DataViewViewModel.cs(420,13): warning IDE0055: 淇鏍煎紡 (https://learn.microsoft.com/dotnet/fundamentals/code-analysis/style-rules/ide0055) [C:\UserWorx\VSWorx\ServoStudio\wpfui-servoStudio\samples\Wpf.Ui.servoStudio\servoStudio.csproj]
C:\UserWorx\VSWorx\ServoStudio\wpfui-servoStudio\samples\Wpf.Ui.servoStudio\ViewModels\AppData\DataViewViewModel.cs(420,15): warning IDE0055: 淇鏍煎紡 (https://learn.microsoft.com/dotnet/fundamentals/code-analysis/style-rules/ide0055) [C:\UserWorx\VSWorx\ServoStudio\wpfui-servoStudio\samples\Wpf.Ui.servoStudio\servoStudio.csproj]
C:\UserWorx\VSWorx\ServoStudio\wpfui-servoStudio\samples\Wpf.Ui.servoStudio\ViewModels\AppData\DataViewViewModel.cs(420,23): warning IDE0055: 淇鏍煎紡 (https://learn.microsoft.com/dotnet/fundamentals/code-analysis/style-rules/ide0055) [C:\UserWorx\VSWorx\ServoStudio\wpfui-servoStudio\samples\Wpf.Ui.servoStudio\servoStudio.csproj]
C:\UserWorx\VSWorx\ServoStudio\wpfui-servoStudio\samples\Wpf.Ui.servoStudio\ViewModels\AppData\DataViewViewModel.cs(420,31): warning IDE0055: 淇鏍煎紡 (https://learn.microsoft.com/dotnet/fundamentals/code-analysis/style-rules/ide0055) [C:\UserWorx\VSWorx\ServoStudio\wpfui-servoStudio\samples\Wpf.Ui.servoStudio\servoStudio.csproj]
C:\UserWorx\VSWorx\ServoStudio\wpfui-servoStudio\samples\Wpf.Ui.servoStudio\ViewModels\AppData\DataViewViewModel.cs(420,39): warning IDE0055: 淇鏍煎紡 (https://learn.microsoft.com/dotnet/fundamentals/code-analysis/style-rules/ide0055) [C:\UserWorx\VSWorx\ServoStudio\wpfui-servoStudio\samples\Wpf.Ui.servoStudio\servoStudio.csproj]
C:\UserWorx\VSWorx\ServoStudio\wpfui-servoStudio\samples\Wpf.Ui.servoStudio\ViewModels\AppData\DataViewViewModel.cs(436,12): warning IDE0055: 淇鏍煎紡 (https://learn.microsoft.com/dotnet/fundamentals/code-analysis/style-rules/ide0055) [C:\UserWorx\VSWorx\ServoStudio\wpfui-servoStudio\samples\Wpf.Ui.servoStudio\servoStudio.csproj]
C:\UserWorx\VSWorx\ServoStudio\wpfui-servoStudio\samples\Wpf.Ui.servoStudio\ViewModels\AppData\DataViewViewModel.cs(436,14): warning IDE0055: 淇鏍煎紡 (https://learn.microsoft.com/dotnet/fundamentals/code-analysis/style-rules/ide0055) [C:\UserWorx\VSWorx\ServoStudio\wpfui-servoStudio\samples\Wpf.Ui.servoStudio\servoStudio.csproj]
C:\UserWorx\VSWorx\ServoStudio\wpfui-servoStudio\samples\Wpf.Ui.servoStudio\ViewModels\AppData\DataViewViewModel.cs(436,64): warning IDE0055: 淇鏍煎紡 (https://learn.microsoft.com/dotnet/fundamentals/code-analysis/style-rules/ide0055) [C:\UserWorx\VSWorx\ServoStudio\wpfui-servoStudio\samples\Wpf.Ui.servoStudio\servoStudio.csproj]
C:\UserWorx\VSWorx\ServoStudio\wpfui-servoStudio\samples\Wpf.Ui.servoStudio\ViewModels\AppData\DataViewViewModel.cs(450,58): warning IDE0055: 淇鏍煎紡 (https://learn.microsoft.com/dotnet/fundamentals/code-analysis/style-rules/ide0055) [C:\UserWorx\VSWorx\ServoStudio\wpfui-servoStudio\samples\Wpf.Ui.servoStudio\servoStudio.csproj]
C:\UserWorx\VSWorx\ServoStudio\wpfui-servoStudio\samples\Wpf.Ui.servoStudio\ViewModels\AppData\DataViewViewModel.cs(471,30): warning IDE0055: 淇鏍煎紡 (https://learn.microsoft.com/dotnet/fundamentals/code-analysis/style-rules/ide0055) [C:\UserWorx\VSWorx\ServoStudio\wpfui-servoStudio\samples\Wpf.Ui.servoStudio\servoStudio.csproj]
C:\UserWorx\VSWorx\ServoStudio\wpfui-servoStudio\samples\Wpf.Ui.servoStudio\ViewModels\AppData\DataViewViewModel.cs(480,61): warning IDE0055: 淇鏍煎紡 (https://learn.microsoft.com/dotnet/fundamentals/code-analysis/style-rules/ide0055) [C:\UserWorx\VSWorx\ServoStudio\wpfui-servoStudio\samples\Wpf.Ui.servoStudio\servoStudio.csproj]
C:\UserWorx\VSWorx\ServoStudio\wpfui-servoStudio\samples\Wpf.Ui.servoStudio\ViewModels\AppData\DataViewViewModel.cs(487,51): warning IDE0055: 淇鏍煎紡 (https://learn.microsoft.com/dotnet/fundamentals/code-analysis/style-rules/ide0055) [C:\UserWorx\VSWorx\ServoStudio\wpfui-servoStudio\samples\Wpf.Ui.servoStudio\servoStudio.csproj]
C:\UserWorx\VSWorx\ServoStudio\wpfui-servoStudio\samples\Wpf.Ui.servoStudio\ViewModels\AppData\DataViewViewModel.cs(1540,30): warning IDE0055: 淇鏍煎紡 (https://learn.microsoft.com/dotnet/fundamentals/code-analysis/style-rules/ide0055) [C:\UserWorx\VSWorx\ServoStudio\wpfui-servoStudio\samples\Wpf.Ui.servoStudio\servoStudio.csproj]
C:\UserWorx\VSWorx\ServoStudio\wpfui-servoStudio\samples\Wpf.Ui.servoStudio\ViewModels\AppData\DataViewViewModel.cs(1540,32): warning IDE0055: 淇鏍煎紡 (https://learn.microsoft.com/dotnet/fundamentals/code-analysis/style-rules/ide0055) [C:\UserWorx\VSWorx\ServoStudio\wpfui-servoStudio\samples\Wpf.Ui.servoStudio\servoStudio.csproj]
C:\UserWorx\VSWorx\ServoStudio\wpfui-servoStudio\samples\Wpf.Ui.servoStudio\ViewModels\AppData\DataViewViewModel.cs(1540,50): warning IDE0055: 淇鏍煎紡 (https://learn.microsoft.com/dotnet/fundamentals/code-analysis/style-rules/ide0055) [C:\UserWorx\VSWorx\ServoStudio\wpfui-servoStudio\samples\Wpf.Ui.servoStudio\servoStudio.csproj]
C:\UserWorx\VSWorx\ServoStudio\wpfui-servoStudio\samples\Wpf.Ui.servoStudio\ViewModels\AppData\DataViewViewModel.cs(1541,44): warning IDE0055: 淇鏍煎紡 (https://learn.microsoft.com/dotnet/fundamentals/code-analysis/style-rules/ide0055) [C:\UserWorx\VSWorx\ServoStudio\wpfui-servoStudio\samples\Wpf.Ui.servoStudio\servoStudio.csproj]
C:\UserWorx\VSWorx\ServoStudio\wpfui-servoStudio\samples\Wpf.Ui.servoStudio\ViewModels\AppData\DataViewViewModel.cs(1541,46): warning IDE0055: 淇鏍煎紡 (https://learn.microsoft.com/dotnet/fundamentals/code-analysis/style-rules/ide0055) [C:\UserWorx\VSWorx\ServoStudio\wpfui-servoStudio\samples\Wpf.Ui.servoStudio\servoStudio.csproj]
C:\UserWorx\VSWorx\ServoStudio\wpfui-servoStudio\samples\Wpf.Ui.servoStudio\ViewModels\AppData\DataViewViewModel.cs(1541,62): warning IDE0055: 淇鏍煎紡 (https://learn.microsoft.com/dotnet/fundamentals/code-analysis/style-rules/ide0055) [C:\UserWorx\VSWorx\ServoStudio\wpfui-servoStudio\samples\Wpf.Ui.servoStudio\servoStudio.csproj]
C:\UserWorx\VSWorx\ServoStudio\wpfui-servoStudio\samples\Wpf.Ui.servoStudio\ViewModels\AppData\DataViewViewModel.cs(1546,38): warning IDE0055: 淇鏍煎紡 (https://learn.microsoft.com/dotnet/fundamentals/code-analysis/style-rules/ide0055) [C:\UserWorx\VSWorx\ServoStudio\wpfui-servoStudio\samples\Wpf.Ui.servoStudio\servoStudio.csproj]
C:\UserWorx\VSWorx\ServoStudio\wpfui-servoStudio\samples\Wpf.Ui.servoStudio\ViewModels\AppData\DataViewViewModel.cs(1546,40): warning IDE0055: 淇鏍煎紡 (https://learn.microsoft.com/dotnet/fundamentals/code-analysis/style-rules/ide0055) [C:\UserWorx\VSWorx\ServoStudio\wpfui-servoStudio\samples\Wpf.Ui.servoStudio\servoStudio.csproj]
C:\UserWorx\VSWorx\ServoStudio\wpfui-servoStudio\samples\Wpf.Ui.servoStudio\ViewModels\AppData\DataViewViewModel.cs(1546,100): warning IDE0055: 淇鏍煎紡 (https://learn.microsoft.com/dotnet/fundamentals/code-analysis/style-rules/ide0055) [C:\UserWorx\VSWorx\ServoStudio\wpfui-servoStudio\samples\Wpf.Ui.servoStudio\servoStudio.csproj]
C:\UserWorx\VSWorx\ServoStudio\wpfui-servoStudio\samples\Wpf.Ui.servoStudio\ViewModels\AppData\DataViewViewModel.cs(1559,27): warning IDE0055: 淇鏍煎紡 (https://learn.microsoft.com/dotnet/fundamentals/code-analysis/style-rules/ide0055) [C:\UserWorx\VSWorx\ServoStudio\wpfui-servoStudio\samples\Wpf.Ui.servoStudio\servoStudio.csproj]
C:\UserWorx\VSWorx\ServoStudio\wpfui-servoStudio\samples\Wpf.Ui.servoStudio\ViewModels\AppData\DataViewViewModel.cs(1559,29): warning IDE0055: 淇鏍煎紡 (https://learn.microsoft.com/dotnet/fundamentals/code-analysis/style-rules/ide0055) [C:\UserWorx\VSWorx\ServoStudio\wpfui-servoStudio\samples\Wpf.Ui.servoStudio\servoStudio.csproj]
C:\UserWorx\VSWorx\ServoStudio\wpfui-servoStudio\samples\Wpf.Ui.servoStudio\ViewModels\AppData\DataViewViewModel.cs(1559,47): warning IDE0055: 淇鏍煎紡 (https://learn.microsoft.com/dotnet/fundamentals/code-analysis/style-rules/ide0055) [C:\UserWorx\VSWorx\ServoStudio\wpfui-servoStudio\samples\Wpf.Ui.servoStudio\servoStudio.csproj]
C:\UserWorx\VSWorx\ServoStudio\wpfui-servoStudio\samples\Wpf.Ui.servoStudio\ViewModels\AppData\DataViewViewModel.cs(1784,12): warning IDE0055: 淇鏍煎紡 (https://learn.microsoft.com/dotnet/fundamentals/code-analysis/style-rules/ide0055) [C:\UserWorx\VSWorx\ServoStudio\wpfui-servoStudio\samples\Wpf.Ui.servoStudio\servoStudio.csproj]
C:\UserWorx\VSWorx\ServoStudio\wpfui-servoStudio\samples\Wpf.Ui.servoStudio\ViewModels\AppData\DataViewViewModel.cs(1784,14): warning IDE0055: 淇鏍煎紡 (https://learn.microsoft.com/dotnet/fundamentals/code-analysis/style-rules/ide0055) [C:\UserWorx\VSWorx\ServoStudio\wpfui-servoStudio\samples\Wpf.Ui.servoStudio\servoStudio.csproj]
C:\UserWorx\VSWorx\ServoStudio\wpfui-servoStudio\samples\Wpf.Ui.servoStudio\ViewModels\AppData\DataViewViewModel.cs(1784,42): warning IDE0055: 淇鏍煎紡 (https://learn.microsoft.com/dotnet/fundamentals/code-analysis/style-rules/ide0055) [C:\UserWorx\VSWorx\ServoStudio\wpfui-servoStudio\samples\Wpf.Ui.servoStudio\servoStudio.csproj]
C:\UserWorx\VSWorx\ServoStudio\wpfui-servoStudio\samples\Wpf.Ui.servoStudio\ViewModels\AppData\DataViewViewModel.cs(1784,44): warning IDE0055: 淇鏍煎紡 (https://learn.microsoft.com/dotnet/fundamentals/code-analysis/style-rules/ide0055) [C:\UserWorx\VSWorx\ServoStudio\wpfui-servoStudio\samples\Wpf.Ui.servoStudio\servoStudio.csproj]
C:\UserWorx\VSWorx\ServoStudio\wpfui-servoStudio\samples\Wpf.Ui.servoStudio\ViewModels\AppData\DataViewViewModel.cs(2158,32): warning IDE0055: 淇鏍煎紡 (https://learn.microsoft.com/dotnet/fundamentals/code-analysis/style-rules/ide0055) [C:\UserWorx\VSWorx\ServoStudio\wpfui-servoStudio\samples\Wpf.Ui.servoStudio\servoStudio.csproj]
C:\UserWorx\VSWorx\ServoStudio\wpfui-servoStudio\samples\Wpf.Ui.servoStudio\ViewModels\AppData\DataViewViewModel.cs(2158,34): warning IDE0055: 淇鏍煎紡 (https://learn.microsoft.com/dotnet/fundamentals/code-analysis/style-rules/ide0055) [C:\UserWorx\VSWorx\ServoStudio\wpfui-servoStudio\samples\Wpf.Ui.servoStudio\servoStudio.csproj]
C:\UserWorx\VSWorx\ServoStudio\wpfui-servoStudio\samples\Wpf.Ui.servoStudio\ViewModels\AppData\DataViewViewModel.cs(2158,44): warning IDE0055: 淇鏍煎紡 (https://learn.microsoft.com/dotnet/fundamentals/code-analysis/style-rules/ide0055) [C:\UserWorx\VSWorx\ServoStudio\wpfui-servoStudio\samples\Wpf.Ui.servoStudio\servoStudio.csproj]
C:\UserWorx\VSWorx\ServoStudio\wpfui-servoStudio\samples\Wpf.Ui.servoStudio\ViewModels\AppData\DataViewViewModel.cs(2164,30): warning IDE0055: 淇鏍煎紡 (https://learn.microsoft.com/dotnet/fundamentals/code-analysis/style-rules/ide0055) [C:\UserWorx\VSWorx\ServoStudio\wpfui-servoStudio\samples\Wpf.Ui.servoStudio\servoStudio.csproj]
C:\UserWorx\VSWorx\ServoStudio\wpfui-servoStudio\samples\Wpf.Ui.servoStudio\ViewModels\AppData\DataViewViewModel.cs(2164,32): warning IDE0055: 淇鏍煎紡 (https://learn.microsoft.com/dotnet/fundamentals/code-analysis/style-rules/ide0055) [C:\UserWorx\VSWorx\ServoStudio\wpfui-servoStudio\samples\Wpf.Ui.servoStudio\servoStudio.csproj]
C:\UserWorx\VSWorx\ServoStudio\wpfui-servoStudio\samples\Wpf.Ui.servoStudio\ViewModels\AppData\DataViewViewModel.cs(2164,42): warning IDE0055: 淇鏍煎紡 (https://learn.microsoft.com/dotnet/fundamentals/code-analysis/style-rules/ide0055) [C:\UserWorx\VSWorx\ServoStudio\wpfui-servoStudio\samples\Wpf.Ui.servoStudio\servoStudio.csproj]
C:\UserWorx\VSWorx\ServoStudio\wpfui-servoStudio\samples\Wpf.Ui.servoStudio\ViewModels\AppData\DataViewViewModel.cs(420,40): warning IDE2003: 鍧椾笌鍚庣画璇彞涔嬮棿闇€瑕佹湁绌虹櫧琛?(https://learn.microsoft.com/dotnet/fundamentals/code-analysis/style-rules/ide2003) [C:\UserWorx\VSWorx\ServoStudio\wpfui-servoStudio\samples\Wpf.Ui.servoStudio\servoStudio.csproj]
C:\UserWorx\VSWorx\ServoStudio\wpfui-servoStudio\samples\Wpf.Ui.servoStudio\ViewModels\AppData\DataViewViewModel.cs(457,17): warning IDE2003: 鍧椾笌鍚庣画璇彞涔嬮棿闇€瑕佹湁绌虹櫧琛?(https://learn.microsoft.com/dotnet/fundamentals/code-analysis/style-rules/ide2003) [C:\UserWorx\VSWorx\ServoStudio\wpfui-servoStudio\samples\Wpf.Ui.servoStudio\servoStudio.csproj]
C:\UserWorx\VSWorx\ServoStudio\wpfui-servoStudio\samples\Wpf.Ui.servoStudio\ViewModels\AppData\DataViewViewModel.cs(500,13): warning IDE2003: 鍧椾笌鍚庣画璇彞涔嬮棿闇€瑕佹湁绌虹櫧琛?(https://learn.microsoft.com/dotnet/fundamentals/code-analysis/style-rules/ide2003) [C:\UserWorx\VSWorx\ServoStudio\wpfui-servoStudio\samples\Wpf.Ui.servoStudio\servoStudio.csproj]
C:\UserWorx\VSWorx\ServoStudio\wpfui-servoStudio\samples\Wpf.Ui.servoStudio\ViewModels\AppData\DataViewViewModel.cs(533,13): warning IDE2003: 鍧椾笌鍚庣画璇彞涔嬮棿闇€瑕佹湁绌虹櫧琛?(https://learn.microsoft.com/dotnet/fundamentals/code-analysis/style-rules/ide2003) [C:\UserWorx\VSWorx\ServoStudio\wpfui-servoStudio\samples\Wpf.Ui.servoStudio\servoStudio.csproj]
C:\UserWorx\VSWorx\ServoStudio\wpfui-servoStudio\samples\Wpf.Ui.servoStudio\ViewModels\AppData\DataViewViewModel.cs(584,17): warning IDE2003: 鍧椾笌鍚庣画璇彞涔嬮棿闇€瑕佹湁绌虹櫧琛?(https://learn.microsoft.com/dotnet/fundamentals/code-analysis/style-rules/ide2003) [C:\UserWorx\VSWorx\ServoStudio\wpfui-servoStudio\samples\Wpf.Ui.servoStudio\servoStudio.csproj]
C:\UserWorx\VSWorx\ServoStudio\wpfui-servoStudio\samples\Wpf.Ui.servoStudio\ViewModels\AppData\DataViewViewModel.cs(661,13): warning IDE2003: 鍧椾笌鍚庣画璇彞涔嬮棿闇€瑕佹湁绌虹櫧琛?(https://learn.microsoft.com/dotnet/fundamentals/code-analysis/style-rules/ide2003) [C:\UserWorx\VSWorx\ServoStudio\wpfui-servoStudio\samples\Wpf.Ui.servoStudio\servoStudio.csproj]
C:\UserWorx\VSWorx\ServoStudio\wpfui-servoStudio\samples\Wpf.Ui.servoStudio\ViewModels\AppData\DataViewViewModel.cs(703,13): warning IDE2003: 鍧椾笌鍚庣画璇彞涔嬮棿闇€瑕佹湁绌虹櫧琛?(https://learn.microsoft.com/dotnet/fundamentals/code-analysis/style-rules/ide2003) [C:\UserWorx\VSWorx\ServoStudio\wpfui-servoStudio\samples\Wpf.Ui.servoStudio\servoStudio.csproj]
C:\UserWorx\VSWorx\ServoStudio\wpfui-servoStudio\samples\Wpf.Ui.servoStudio\ViewModels\AppData\DataViewViewModel.cs(697,17): warning IDE2003: 鍧椾笌鍚庣画璇彞涔嬮棿闇€瑕佹湁绌虹櫧琛?(https://learn.microsoft.com/dotnet/fundamentals/code-analysis/style-rules/ide2003) [C:\UserWorx\VSWorx\ServoStudio\wpfui-servoStudio\samples\Wpf.Ui.servoStudio\servoStudio.csproj]
C:\UserWorx\VSWorx\ServoStudio\wpfui-servoStudio\samples\Wpf.Ui.servoStudio\ViewModels\AppData\DataViewViewModel.cs(701,17): warning IDE2003: 鍧椾笌鍚庣画璇彞涔嬮棿闇€瑕佹湁绌虹櫧琛?(https://learn.microsoft.com/dotnet/fundamentals/code-analysis/style-rules/ide2003) [C:\UserWorx\VSWorx\ServoStudio\wpfui-servoStudio\samples\Wpf.Ui.servoStudio\servoStudio.csproj]
C:\UserWorx\VSWorx\ServoStudio\wpfui-servoStudio\samples\Wpf.Ui.servoStudio\ViewModels\AppData\DataViewViewModel.cs(915,21): warning IDE2003: 鍧椾笌鍚庣画璇彞涔嬮棿闇€瑕佹湁绌虹櫧琛?(https://learn.microsoft.com/dotnet/fundamentals/code-analysis/style-rules/ide2003) [C:\UserWorx\VSWorx\ServoStudio\wpfui-servoStudio\samples\Wpf.Ui.servoStudio\servoStudio.csproj]
C:\UserWorx\VSWorx\ServoStudio\wpfui-servoStudio\samples\Wpf.Ui.servoStudio\ViewModels\AppData\DataViewViewModel.cs(946,21): warning IDE2003: 鍧椾笌鍚庣画璇彞涔嬮棿闇€瑕佹湁绌虹櫧琛?(https://learn.microsoft.com/dotnet/fundamentals/code-analysis/style-rules/ide2003) [C:\UserWorx\VSWorx\ServoStudio\wpfui-servoStudio\samples\Wpf.Ui.servoStudio\servoStudio.csproj]
C:\UserWorx\VSWorx\ServoStudio\wpfui-servoStudio\samples\Wpf.Ui.servoStudio\ViewModels\AppData\DataViewViewModel.cs(985,9): warning IDE2003: 鍧椾笌鍚庣画璇彞涔嬮棿闇€瑕佹湁绌虹櫧琛?(https://learn.microsoft.com/dotnet/fundamentals/code-analysis/style-rules/ide2003) [C:\UserWorx\VSWorx\ServoStudio\wpfui-servoStudio\samples\Wpf.Ui.servoStudio\servoStudio.csproj]
C:\UserWorx\VSWorx\ServoStudio\wpfui-servoStudio\samples\Wpf.Ui.servoStudio\ViewModels\AppData\DataViewViewModel.cs(1097,13): warning IDE2003: 鍧椾笌鍚庣画璇彞涔嬮棿闇€瑕佹湁绌虹櫧琛?(https://learn.microsoft.com/dotnet/fundamentals/code-analysis/style-rules/ide2003) [C:\UserWorx\VSWorx\ServoStudio\wpfui-servoStudio\samples\Wpf.Ui.servoStudio\servoStudio.csproj]
C:\UserWorx\VSWorx\ServoStudio\wpfui-servoStudio\samples\Wpf.Ui.servoStudio\ViewModels\AppData\DataViewViewModel.cs(1135,9): warning IDE2003: 鍧椾笌鍚庣画璇彞涔嬮棿闇€瑕佹湁绌虹櫧琛?(https://learn.microsoft.com/dotnet/fundamentals/code-analysis/style-rules/ide2003) [C:\UserWorx\VSWorx\ServoStudio\wpfui-servoStudio\samples\Wpf.Ui.servoStudio\servoStudio.csproj]
C:\UserWorx\VSWorx\ServoStudio\wpfui-servoStudio\samples\Wpf.Ui.servoStudio\ViewModels\AppData\DataViewViewModel.cs(1233,9): warning IDE2003: 鍧椾笌鍚庣画璇彞涔嬮棿闇€瑕佹湁绌虹櫧琛?(https://learn.microsoft.com/dotnet/fundamentals/code-analysis/style-rules/ide2003) [C:\UserWorx\VSWorx\ServoStudio\wpfui-servoStudio\samples\Wpf.Ui.servoStudio\servoStudio.csproj]
C:\UserWorx\VSWorx\ServoStudio\wpfui-servoStudio\samples\Wpf.Ui.servoStudio\ViewModels\AppData\DataViewViewModel.cs(1271,9): warning IDE2003: 鍧椾笌鍚庣画璇彞涔嬮棿闇€瑕佹湁绌虹櫧琛?(https://learn.microsoft.com/dotnet/fundamentals/code-analysis/style-rules/ide2003) [C:\UserWorx\VSWorx\ServoStudio\wpfui-servoStudio\samples\Wpf.Ui.servoStudio\servoStudio.csproj]
C:\UserWorx\VSWorx\ServoStudio\wpfui-servoStudio\samples\Wpf.Ui.servoStudio\ViewModels\AppData\DataViewViewModel.cs(1426,9): warning IDE2003: 鍧椾笌鍚庣画璇彞涔嬮棿闇€瑕佹湁绌虹櫧琛?(https://learn.microsoft.com/dotnet/fundamentals/code-analysis/style-rules/ide2003) [C:\UserWorx\VSWorx\ServoStudio\wpfui-servoStudio\samples\Wpf.Ui.servoStudio\servoStudio.csproj]
C:\UserWorx\VSWorx\ServoStudio\wpfui-servoStudio\samples\Wpf.Ui.servoStudio\ViewModels\AppData\DataViewViewModel.cs(1559,48): warning IDE2003: 鍧椾笌鍚庣画璇彞涔嬮棿闇€瑕佹湁绌虹櫧琛?(https://learn.microsoft.com/dotnet/fundamentals/code-analysis/style-rules/ide2003) [C:\UserWorx\VSWorx\ServoStudio\wpfui-servoStudio\samples\Wpf.Ui.servoStudio\servoStudio.csproj]
C:\UserWorx\VSWorx\ServoStudio\wpfui-servoStudio\samples\Wpf.Ui.servoStudio\ViewModels\AppData\DataViewViewModel.cs(1689,13): warning IDE2003: 鍧椾笌鍚庣画璇彞涔嬮棿闇€瑕佹湁绌虹櫧琛?(https://learn.microsoft.com/dotnet/fundamentals/code-analysis/style-rules/ide2003) [C:\UserWorx\VSWorx\ServoStudio\wpfui-servoStudio\samples\Wpf.Ui.servoStudio\servoStudio.csproj]
C:\UserWorx\VSWorx\ServoStudio\wpfui-servoStudio\samples\Wpf.Ui.servoStudio\ViewModels\AppData\DataViewViewModel.cs(1717,9): warning IDE2003: 鍧椾笌鍚庣画璇彞涔嬮棿闇€瑕佹湁绌虹櫧琛?(https://learn.microsoft.com/dotnet/fundamentals/code-analysis/style-rules/ide2003) [C:\UserWorx\VSWorx\ServoStudio\wpfui-servoStudio\samples\Wpf.Ui.servoStudio\servoStudio.csproj]
C:\UserWorx\VSWorx\ServoStudio\wpfui-servoStudio\samples\Wpf.Ui.servoStudio\ViewModels\AppData\DataViewViewModel.cs(1722,9): warning IDE2003: 鍧椾笌鍚庣画璇彞涔嬮棿闇€瑕佹湁绌虹櫧琛?(https://learn.microsoft.com/dotnet/fundamentals/code-analysis/style-rules/ide2003) [C:\UserWorx\VSWorx\ServoStudio\wpfui-servoStudio\samples\Wpf.Ui.servoStudio\servoStudio.csproj]
C:\UserWorx\VSWorx\ServoStudio\wpfui-servoStudio\samples\Wpf.Ui.servoStudio\ViewModels\AppData\DataViewViewModel.cs(1738,9): warning IDE2003: 鍧椾笌鍚庣画璇彞涔嬮棿闇€瑕佹湁绌虹櫧琛?(https://learn.microsoft.com/dotnet/fundamentals/code-analysis/style-rules/ide2003) [C:\UserWorx\VSWorx\ServoStudio\wpfui-servoStudio\samples\Wpf.Ui.servoStudio\servoStudio.csproj]
C:\UserWorx\VSWorx\ServoStudio\wpfui-servoStudio\samples\Wpf.Ui.servoStudio\ViewModels\AppData\DataViewViewModel.cs(1772,9): warning IDE2003: 鍧椾笌鍚庣画璇彞涔嬮棿闇€瑕佹湁绌虹櫧琛?(https://learn.microsoft.com/dotnet/fundamentals/code-analysis/style-rules/ide2003) [C:\UserWorx\VSWorx\ServoStudio\wpfui-servoStudio\samples\Wpf.Ui.servoStudio\servoStudio.csproj]
C:\UserWorx\VSWorx\ServoStudio\wpfui-servoStudio\samples\Wpf.Ui.servoStudio\ViewModels\AppData\DataViewViewModel.cs(1781,9): warning IDE2003: 鍧椾笌鍚庣画璇彞涔嬮棿闇€瑕佹湁绌虹櫧琛?(https://learn.microsoft.com/dotnet/fundamentals/code-analysis/style-rules/ide2003) [C:\UserWorx\VSWorx\ServoStudio\wpfui-servoStudio\samples\Wpf.Ui.servoStudio\servoStudio.csproj]
C:\UserWorx\VSWorx\ServoStudio\wpfui-servoStudio\samples\Wpf.Ui.servoStudio\ViewModels\AppData\DataViewViewModel.cs(1784,66): warning IDE2003: 鍧椾笌鍚庣画璇彞涔嬮棿闇€瑕佹湁绌虹櫧琛?(https://learn.microsoft.com/dotnet/fundamentals/code-analysis/style-rules/ide2003) [C:\UserWorx\VSWorx\ServoStudio\wpfui-servoStudio\samples\Wpf.Ui.servoStudio\servoStudio.csproj]
C:\UserWorx\VSWorx\ServoStudio\wpfui-servoStudio\samples\Wpf.Ui.servoStudio\ViewModels\AppData\DataViewViewModel.cs(1801,9): warning IDE2003: 鍧椾笌鍚庣画璇彞涔嬮棿闇€瑕佹湁绌虹櫧琛?(https://learn.microsoft.com/dotnet/fundamentals/code-analysis/style-rules/ide2003) [C:\UserWorx\VSWorx\ServoStudio\wpfui-servoStudio\samples\Wpf.Ui.servoStudio\servoStudio.csproj]
C:\UserWorx\VSWorx\ServoStudio\wpfui-servoStudio\samples\Wpf.Ui.servoStudio\ViewModels\AppData\DataViewViewModel.cs(1830,9): warning IDE2003: 鍧椾笌鍚庣画璇彞涔嬮棿闇€瑕佹湁绌虹櫧琛?(https://learn.microsoft.com/dotnet/fundamentals/code-analysis/style-rules/ide2003) [C:\UserWorx\VSWorx\ServoStudio\wpfui-servoStudio\samples\Wpf.Ui.servoStudio\servoStudio.csproj]
C:\UserWorx\VSWorx\ServoStudio\wpfui-servoStudio\samples\Wpf.Ui.servoStudio\ViewModels\AppData\DataViewViewModel.cs(1817,13): warning IDE2003: 鍧椾笌鍚庣画璇彞涔嬮棿闇€瑕佹湁绌虹櫧琛?(https://learn.microsoft.com/dotnet/fundamentals/code-analysis/style-rules/ide2003) [C:\UserWorx\VSWorx\ServoStudio\wpfui-servoStudio\samples\Wpf.Ui.servoStudio\servoStudio.csproj]
C:\UserWorx\VSWorx\ServoStudio\wpfui-servoStudio\samples\Wpf.Ui.servoStudio\ViewModels\AppData\DataViewViewModel.cs(1823,13): warning IDE2003: 鍧椾笌鍚庣画璇彞涔嬮棿闇€瑕佹湁绌虹櫧琛?(https://learn.microsoft.com/dotnet/fundamentals/code-analysis/style-rules/ide2003) [C:\UserWorx\VSWorx\ServoStudio\wpfui-servoStudio\samples\Wpf.Ui.servoStudio\servoStudio.csproj]
C:\UserWorx\VSWorx\ServoStudio\wpfui-servoStudio\samples\Wpf.Ui.servoStudio\ViewModels\AppData\DataViewViewModel.cs(1828,13): warning IDE2003: 鍧椾笌鍚庣画璇彞涔嬮棿闇€瑕佹湁绌虹櫧琛?(https://learn.microsoft.com/dotnet/fundamentals/code-analysis/style-rules/ide2003) [C:\UserWorx\VSWorx\ServoStudio\wpfui-servoStudio\samples\Wpf.Ui.servoStudio\servoStudio.csproj]
C:\UserWorx\VSWorx\ServoStudio\wpfui-servoStudio\samples\Wpf.Ui.servoStudio\ViewModels\AppData\DataViewViewModel.cs(1891,17): warning IDE2003: 鍧椾笌鍚庣画璇彞涔嬮棿闇€瑕佹湁绌虹櫧琛?(https://learn.microsoft.com/dotnet/fundamentals/code-analysis/style-rules/ide2003) [C:\UserWorx\VSWorx\ServoStudio\wpfui-servoStudio\samples\Wpf.Ui.servoStudio\servoStudio.csproj]
C:\UserWorx\VSWorx\ServoStudio\wpfui-servoStudio\samples\Wpf.Ui.servoStudio\ViewModels\AppData\DataViewViewModel.cs(1883,21): warning IDE2003: 鍧椾笌鍚庣画璇彞涔嬮棿闇€瑕佹湁绌虹櫧琛?(https://learn.microsoft.com/dotnet/fundamentals/code-analysis/style-rules/ide2003) [C:\UserWorx\VSWorx\ServoStudio\wpfui-servoStudio\samples\Wpf.Ui.servoStudio\servoStudio.csproj]
C:\UserWorx\VSWorx\ServoStudio\wpfui-servoStudio\samples\Wpf.Ui.servoStudio\ViewModels\AppData\DataViewViewModel.cs(1919,17): warning IDE2003: 鍧椾笌鍚庣画璇彞涔嬮棿闇€瑕佹湁绌虹櫧琛?(https://learn.microsoft.com/dotnet/fundamentals/code-analysis/style-rules/ide2003) [C:\UserWorx\VSWorx\ServoStudio\wpfui-servoStudio\samples\Wpf.Ui.servoStudio\servoStudio.csproj]
C:\UserWorx\VSWorx\ServoStudio\wpfui-servoStudio\samples\Wpf.Ui.servoStudio\ViewModels\AppData\DataViewViewModel.cs(1902,21): warning IDE2003: 鍧椾笌鍚庣画璇彞涔嬮棿闇€瑕佹湁绌虹櫧琛?(https://learn.microsoft.com/dotnet/fundamentals/code-analysis/style-rules/ide2003) [C:\UserWorx\VSWorx\ServoStudio\wpfui-servoStudio\samples\Wpf.Ui.servoStudio\servoStudio.csproj]
C:\UserWorx\VSWorx\ServoStudio\wpfui-servoStudio\samples\Wpf.Ui.servoStudio\ViewModels\AppData\DataViewViewModel.cs(1936,9): warning IDE2003: 鍧椾笌鍚庣画璇彞涔嬮棿闇€瑕佹湁绌虹櫧琛?(https://learn.microsoft.com/dotnet/fundamentals/code-analysis/style-rules/ide2003) [C:\UserWorx\VSWorx\ServoStudio\wpfui-servoStudio\samples\Wpf.Ui.servoStudio\servoStudio.csproj]
C:\UserWorx\VSWorx\ServoStudio\wpfui-servoStudio\samples\Wpf.Ui.servoStudio\ViewModels\AppData\DataViewViewModel.cs(1993,17): warning IDE2003: 鍧椾笌鍚庣画璇彞涔嬮棿闇€瑕佹湁绌虹櫧琛?(https://learn.microsoft.com/dotnet/fundamentals/code-analysis/style-rules/ide2003) [C:\UserWorx\VSWorx\ServoStudio\wpfui-servoStudio\samples\Wpf.Ui.servoStudio\servoStudio.csproj]
C:\UserWorx\VSWorx\ServoStudio\wpfui-servoStudio\samples\Wpf.Ui.servoStudio\ViewModels\AppData\DataViewViewModel.cs(2017,9): warning IDE2003: 鍧椾笌鍚庣画璇彞涔嬮棿闇€瑕佹湁绌虹櫧琛?(https://learn.microsoft.com/dotnet/fundamentals/code-analysis/style-rules/ide2003) [C:\UserWorx\VSWorx\ServoStudio\wpfui-servoStudio\samples\Wpf.Ui.servoStudio\servoStudio.csproj]
C:\UserWorx\VSWorx\ServoStudio\wpfui-servoStudio\samples\Wpf.Ui.servoStudio\ViewModels\AppData\PidAdjustViewModel.cs(24,23): warning IDE0055: 淇鏍煎紡 (https://learn.microsoft.com/dotnet/fundamentals/code-analysis/style-rules/ide0055) [C:\UserWorx\VSWorx\ServoStudio\wpfui-servoStudio\samples\Wpf.Ui.servoStudio\servoStudio.csproj]
C:\UserWorx\VSWorx\ServoStudio\wpfui-servoStudio\samples\Wpf.Ui.servoStudio\ViewModels\AppData\PidAdjustViewModel.cs(24,25): warning IDE0055: 淇鏍煎紡 (https://learn.microsoft.com/dotnet/fundamentals/code-analysis/style-rules/ide0055) [C:\UserWorx\VSWorx\ServoStudio\wpfui-servoStudio\samples\Wpf.Ui.servoStudio\servoStudio.csproj]
C:\UserWorx\VSWorx\ServoStudio\wpfui-servoStudio\samples\Wpf.Ui.servoStudio\ViewModels\AppData\PidAdjustViewModel.cs(24,30): warning IDE0055: 淇鏍煎紡 (https://learn.microsoft.com/dotnet/fundamentals/code-analysis/style-rules/ide0055) [C:\UserWorx\VSWorx\ServoStudio\wpfui-servoStudio\samples\Wpf.Ui.servoStudio\servoStudio.csproj]
C:\UserWorx\VSWorx\ServoStudio\wpfui-servoStudio\samples\Wpf.Ui.servoStudio\ViewModels\AppData\PidAdjustViewModel.cs(25,27): warning IDE0055: 淇鏍煎紡 (https://learn.microsoft.com/dotnet/fundamentals/code-analysis/style-rules/ide0055) [C:\UserWorx\VSWorx\ServoStudio\wpfui-servoStudio\samples\Wpf.Ui.servoStudio\servoStudio.csproj]
C:\UserWorx\VSWorx\ServoStudio\wpfui-servoStudio\samples\Wpf.Ui.servoStudio\ViewModels\AppData\PidAdjustViewModel.cs(25,29): warning IDE0055: 淇鏍煎紡 (https://learn.microsoft.com/dotnet/fundamentals/code-analysis/style-rules/ide0055) [C:\UserWorx\VSWorx\ServoStudio\wpfui-servoStudio\samples\Wpf.Ui.servoStudio\servoStudio.csproj]
C:\UserWorx\VSWorx\ServoStudio\wpfui-servoStudio\samples\Wpf.Ui.servoStudio\ViewModels\AppData\PidAdjustViewModel.cs(25,34): warning IDE0055: 淇鏍煎紡 (https://learn.microsoft.com/dotnet/fundamentals/code-analysis/style-rules/ide0055) [C:\UserWorx\VSWorx\ServoStudio\wpfui-servoStudio\samples\Wpf.Ui.servoStudio\servoStudio.csproj]
C:\UserWorx\VSWorx\ServoStudio\wpfui-servoStudio\samples\Wpf.Ui.servoStudio\ViewModels\AppData\PidAdjustViewModel.cs(26,26): warning IDE0055: 淇鏍煎紡 (https://learn.microsoft.com/dotnet/fundamentals/code-analysis/style-rules/ide0055) [C:\UserWorx\VSWorx\ServoStudio\wpfui-servoStudio\samples\Wpf.Ui.servoStudio\servoStudio.csproj]
C:\UserWorx\VSWorx\ServoStudio\wpfui-servoStudio\samples\Wpf.Ui.servoStudio\ViewModels\AppData\PidAdjustViewModel.cs(26,28): warning IDE0055: 淇鏍煎紡 (https://learn.microsoft.com/dotnet/fundamentals/code-analysis/style-rules/ide0055) [C:\UserWorx\VSWorx\ServoStudio\wpfui-servoStudio\samples\Wpf.Ui.servoStudio\servoStudio.csproj]
C:\UserWorx\VSWorx\ServoStudio\wpfui-servoStudio\samples\Wpf.Ui.servoStudio\ViewModels\AppData\PidAdjustViewModel.cs(26,38): warning IDE0055: 淇鏍煎紡 (https://learn.microsoft.com/dotnet/fundamentals/code-analysis/style-rules/ide0055) [C:\UserWorx\VSWorx\ServoStudio\wpfui-servoStudio\samples\Wpf.Ui.servoStudio\servoStudio.csproj]
C:\UserWorx\VSWorx\ServoStudio\wpfui-servoStudio\samples\Wpf.Ui.servoStudio\ViewModels\AppData\PidAdjustViewModel.cs(40,38): warning IDE0055: 淇鏍煎紡 (https://learn.microsoft.com/dotnet/fundamentals/code-analysis/style-rules/ide0055) [C:\UserWorx\VSWorx\ServoStudio\wpfui-servoStudio\samples\Wpf.Ui.servoStudio\servoStudio.csproj]
C:\UserWorx\VSWorx\ServoStudio\wpfui-servoStudio\samples\Wpf.Ui.servoStudio\ViewModels\AppData\PidAdjustViewModel.cs(373,25): warning IDE0055: 淇鏍煎紡 (https://learn.microsoft.com/dotnet/fundamentals/code-analysis/style-rules/ide0055) [C:\UserWorx\VSWorx\ServoStudio\wpfui-servoStudio\samples\Wpf.Ui.servoStudio\servoStudio.csproj]
C:\UserWorx\VSWorx\ServoStudio\wpfui-servoStudio\samples\Wpf.Ui.servoStudio\ViewModels\AppData\PidAdjustViewModel.cs(464,47): warning IDE0055: 淇鏍煎紡 (https://learn.microsoft.com/dotnet/fundamentals/code-analysis/style-rules/ide0055) [C:\UserWorx\VSWorx\ServoStudio\wpfui-servoStudio\samples\Wpf.Ui.servoStudio\servoStudio.csproj]
C:\UserWorx\VSWorx\ServoStudio\wpfui-servoStudio\samples\Wpf.Ui.servoStudio\ViewModels\AppData\PidAdjustViewModel.cs(465,47): warning IDE0055: 淇鏍煎紡 (https://learn.microsoft.com/dotnet/fundamentals/code-analysis/style-rules/ide0055) [C:\UserWorx\VSWorx\ServoStudio\wpfui-servoStudio\samples\Wpf.Ui.servoStudio\servoStudio.csproj]
C:\UserWorx\VSWorx\ServoStudio\wpfui-servoStudio\samples\Wpf.Ui.servoStudio\ViewModels\AppData\PidAdjustViewModel.cs(466,47): warning IDE0055: 淇鏍煎紡 (https://learn.microsoft.com/dotnet/fundamentals/code-analysis/style-rules/ide0055) [C:\UserWorx\VSWorx\ServoStudio\wpfui-servoStudio\samples\Wpf.Ui.servoStudio\servoStudio.csproj]
C:\UserWorx\VSWorx\ServoStudio\wpfui-servoStudio\samples\Wpf.Ui.servoStudio\ViewModels\AppData\PidAdjustViewModel.cs(467,47): warning IDE0055: 淇鏍煎紡 (https://learn.microsoft.com/dotnet/fundamentals/code-analysis/style-rules/ide0055) [C:\UserWorx\VSWorx\ServoStudio\wpfui-servoStudio\samples\Wpf.Ui.servoStudio\servoStudio.csproj]
C:\UserWorx\VSWorx\ServoStudio\wpfui-servoStudio\samples\Wpf.Ui.servoStudio\ViewModels\AppData\PidAdjustViewModel.cs(468,47): warning IDE0055: 淇鏍煎紡 (https://learn.microsoft.com/dotnet/fundamentals/code-analysis/style-rules/ide0055) [C:\UserWorx\VSWorx\ServoStudio\wpfui-servoStudio\samples\Wpf.Ui.servoStudio\servoStudio.csproj]
C:\UserWorx\VSWorx\ServoStudio\wpfui-servoStudio\samples\Wpf.Ui.servoStudio\ViewModels\AppData\PidAdjustViewModel.cs(469,47): warning IDE0055: 淇鏍煎紡 (https://learn.microsoft.com/dotnet/fundamentals/code-analysis/style-rules/ide0055) [C:\UserWorx\VSWorx\ServoStudio\wpfui-servoStudio\samples\Wpf.Ui.servoStudio\servoStudio.csproj]
C:\UserWorx\VSWorx\ServoStudio\wpfui-servoStudio\samples\Wpf.Ui.servoStudio\ViewModels\AppData\UserConfigViewModel.cs(102,95): warning IDE0055: 淇鏍煎紡 (https://learn.microsoft.com/dotnet/fundamentals/code-analysis/style-rules/ide0055) [C:\UserWorx\VSWorx\ServoStudio\wpfui-servoStudio\samples\Wpf.Ui.servoStudio\servoStudio.csproj]
C:\UserWorx\VSWorx\ServoStudio\wpfui-servoStudio\samples\Wpf.Ui.servoStudio\ViewModels\AppData\UserConfigViewModel.cs(102,97): warning IDE0055: 淇鏍煎紡 (https://learn.microsoft.com/dotnet/fundamentals/code-analysis/style-rules/ide0055) [C:\UserWorx\VSWorx\ServoStudio\wpfui-servoStudio\samples\Wpf.Ui.servoStudio\servoStudio.csproj]
C:\UserWorx\VSWorx\ServoStudio\wpfui-servoStudio\samples\Wpf.Ui.servoStudio\ViewModels\AppData\UserConfigViewModel.cs(102,102): warning IDE0055: 淇鏍煎紡 (https://learn.microsoft.com/dotnet/fundamentals/code-analysis/style-rules/ide0055) [C:\UserWorx\VSWorx\ServoStudio\wpfui-servoStudio\samples\Wpf.Ui.servoStudio\servoStudio.csproj]
C:\UserWorx\VSWorx\ServoStudio\wpfui-servoStudio\samples\Wpf.Ui.servoStudio\ViewModels\AppData\UserConfigViewModel.cs(105,45): warning IDE0055: 淇鏍煎紡 (https://learn.microsoft.com/dotnet/fundamentals/code-analysis/style-rules/ide0055) [C:\UserWorx\VSWorx\ServoStudio\wpfui-servoStudio\samples\Wpf.Ui.servoStudio\servoStudio.csproj]
C:\UserWorx\VSWorx\ServoStudio\wpfui-servoStudio\samples\Wpf.Ui.servoStudio\ViewModels\AppData\UserConfigViewModel.cs(105,47): warning IDE0055: 淇鏍煎紡 (https://learn.microsoft.com/dotnet/fundamentals/code-analysis/style-rules/ide0055) [C:\UserWorx\VSWorx\ServoStudio\wpfui-servoStudio\samples\Wpf.Ui.servoStudio\servoStudio.csproj]
C:\UserWorx\VSWorx\ServoStudio\wpfui-servoStudio\samples\Wpf.Ui.servoStudio\ViewModels\AppData\UserConfigViewModel.cs(105,52): warning IDE0055: 淇鏍煎紡 (https://learn.microsoft.com/dotnet/fundamentals/code-analysis/style-rules/ide0055) [C:\UserWorx\VSWorx\ServoStudio\wpfui-servoStudio\samples\Wpf.Ui.servoStudio\servoStudio.csproj]
C:\UserWorx\VSWorx\ServoStudio\wpfui-servoStudio\samples\Wpf.Ui.servoStudio\ViewModels\AppData\UserConfigViewModel.cs(177,25): warning IDE0055: 淇鏍煎紡 (https://learn.microsoft.com/dotnet/fundamentals/code-analysis/style-rules/ide0055) [C:\UserWorx\VSWorx\ServoStudio\wpfui-servoStudio\samples\Wpf.Ui.servoStudio\servoStudio.csproj]
C:\UserWorx\VSWorx\ServoStudio\wpfui-servoStudio\samples\Wpf.Ui.servoStudio\ViewModels\ControlViewModel.cs(270,20): warning IDE0055: 淇鏍煎紡 (https://learn.microsoft.com/dotnet/fundamentals/code-analysis/style-rules/ide0055) [C:\UserWorx\VSWorx\ServoStudio\wpfui-servoStudio\samples\Wpf.Ui.servoStudio\servoStudio.csproj]
C:\UserWorx\VSWorx\ServoStudio\wpfui-servoStudio\samples\Wpf.Ui.servoStudio\ViewModels\ControlViewModel.cs(271,20): warning IDE0055: 淇鏍煎紡 (https://learn.microsoft.com/dotnet/fundamentals/code-analysis/style-rules/ide0055) [C:\UserWorx\VSWorx\ServoStudio\wpfui-servoStudio\samples\Wpf.Ui.servoStudio\servoStudio.csproj]
C:\UserWorx\VSWorx\ServoStudio\wpfui-servoStudio\samples\Wpf.Ui.servoStudio\ViewModels\ControlViewModel.cs(272,20): warning IDE0055: 淇鏍煎紡 (https://learn.microsoft.com/dotnet/fundamentals/code-analysis/style-rules/ide0055) [C:\UserWorx\VSWorx\ServoStudio\wpfui-servoStudio\samples\Wpf.Ui.servoStudio\servoStudio.csproj]
C:\UserWorx\VSWorx\ServoStudio\wpfui-servoStudio\samples\Wpf.Ui.servoStudio\ViewModels\ControlViewModel.cs(273,20): warning IDE0055: 淇鏍煎紡 (https://learn.microsoft.com/dotnet/fundamentals/code-analysis/style-rules/ide0055) [C:\UserWorx\VSWorx\ServoStudio\wpfui-servoStudio\samples\Wpf.Ui.servoStudio\servoStudio.csproj]
C:\UserWorx\VSWorx\ServoStudio\wpfui-servoStudio\samples\Wpf.Ui.servoStudio\ViewModels\ControlViewModel.cs(274,20): warning IDE0055: 淇鏍煎紡 (https://learn.microsoft.com/dotnet/fundamentals/code-analysis/style-rules/ide0055) [C:\UserWorx\VSWorx\ServoStudio\wpfui-servoStudio\samples\Wpf.Ui.servoStudio\servoStudio.csproj]
C:\UserWorx\VSWorx\ServoStudio\wpfui-servoStudio\samples\Wpf.Ui.servoStudio\ViewModels\ControlViewModel.cs(275,20): warning IDE0055: 淇鏍煎紡 (https://learn.microsoft.com/dotnet/fundamentals/code-analysis/style-rules/ide0055) [C:\UserWorx\VSWorx\ServoStudio\wpfui-servoStudio\samples\Wpf.Ui.servoStudio\servoStudio.csproj]
C:\UserWorx\VSWorx\ServoStudio\wpfui-servoStudio\samples\Wpf.Ui.servoStudio\ViewModels\ControlViewModel.cs(276,20): warning IDE0055: 淇鏍煎紡 (https://learn.microsoft.com/dotnet/fundamentals/code-analysis/style-rules/ide0055) [C:\UserWorx\VSWorx\ServoStudio\wpfui-servoStudio\samples\Wpf.Ui.servoStudio\servoStudio.csproj]
C:\UserWorx\VSWorx\ServoStudio\wpfui-servoStudio\samples\Wpf.Ui.servoStudio\ViewModels\ControlViewModel.cs(277,20): warning IDE0055: 淇鏍煎紡 (https://learn.microsoft.com/dotnet/fundamentals/code-analysis/style-rules/ide0055) [C:\UserWorx\VSWorx\ServoStudio\wpfui-servoStudio\samples\Wpf.Ui.servoStudio\servoStudio.csproj]
C:\UserWorx\VSWorx\ServoStudio\wpfui-servoStudio\samples\Wpf.Ui.servoStudio\ViewModels\ControlViewModel.cs(278,20): warning IDE0055: 淇鏍煎紡 (https://learn.microsoft.com/dotnet/fundamentals/code-analysis/style-rules/ide0055) [C:\UserWorx\VSWorx\ServoStudio\wpfui-servoStudio\samples\Wpf.Ui.servoStudio\servoStudio.csproj]
C:\UserWorx\VSWorx\ServoStudio\wpfui-servoStudio\samples\Wpf.Ui.servoStudio\ViewModels\ControlViewModel.cs(279,20): warning IDE0055: 淇鏍煎紡 (https://learn.microsoft.com/dotnet/fundamentals/code-analysis/style-rules/ide0055) [C:\UserWorx\VSWorx\ServoStudio\wpfui-servoStudio\samples\Wpf.Ui.servoStudio\servoStudio.csproj]
C:\UserWorx\VSWorx\ServoStudio\wpfui-servoStudio\samples\Wpf.Ui.servoStudio\ViewModels\ControlViewModel.cs(280,21): warning IDE0055: 淇鏍煎紡 (https://learn.microsoft.com/dotnet/fundamentals/code-analysis/style-rules/ide0055) [C:\UserWorx\VSWorx\ServoStudio\wpfui-servoStudio\samples\Wpf.Ui.servoStudio\servoStudio.csproj]
C:\UserWorx\VSWorx\ServoStudio\wpfui-servoStudio\samples\Wpf.Ui.servoStudio\ViewModels\ControlViewModel.cs(281,21): warning IDE0055: 淇鏍煎紡 (https://learn.microsoft.com/dotnet/fundamentals/code-analysis/style-rules/ide0055) [C:\UserWorx\VSWorx\ServoStudio\wpfui-servoStudio\samples\Wpf.Ui.servoStudio\servoStudio.csproj]
C:\UserWorx\VSWorx\ServoStudio\wpfui-servoStudio\samples\Wpf.Ui.servoStudio\ViewModels\ControlViewModel.cs(282,21): warning IDE0055: 淇鏍煎紡 (https://learn.microsoft.com/dotnet/fundamentals/code-analysis/style-rules/ide0055) [C:\UserWorx\VSWorx\ServoStudio\wpfui-servoStudio\samples\Wpf.Ui.servoStudio\servoStudio.csproj]
C:\UserWorx\VSWorx\ServoStudio\wpfui-servoStudio\samples\Wpf.Ui.servoStudio\ViewModels\ControlViewModel.cs(283,21): warning IDE0055: 淇鏍煎紡 (https://learn.microsoft.com/dotnet/fundamentals/code-analysis/style-rules/ide0055) [C:\UserWorx\VSWorx\ServoStudio\wpfui-servoStudio\samples\Wpf.Ui.servoStudio\servoStudio.csproj]
C:\UserWorx\VSWorx\ServoStudio\wpfui-servoStudio\samples\Wpf.Ui.servoStudio\ViewModels\ControlViewModel.cs(284,21): warning IDE0055: 淇鏍煎紡 (https://learn.microsoft.com/dotnet/fundamentals/code-analysis/style-rules/ide0055) [C:\UserWorx\VSWorx\ServoStudio\wpfui-servoStudio\samples\Wpf.Ui.servoStudio\servoStudio.csproj]
C:\UserWorx\VSWorx\ServoStudio\wpfui-servoStudio\samples\Wpf.Ui.servoStudio\ViewModels\ControlViewModel.cs(285,21): warning IDE0055: 淇鏍煎紡 (https://learn.microsoft.com/dotnet/fundamentals/code-analysis/style-rules/ide0055) [C:\UserWorx\VSWorx\ServoStudio\wpfui-servoStudio\samples\Wpf.Ui.servoStudio\servoStudio.csproj]
C:\UserWorx\VSWorx\ServoStudio\wpfui-servoStudio\samples\Wpf.Ui.servoStudio\ViewModels\ControlViewModel.cs(332,38): warning IDE0055: 淇鏍煎紡 (https://learn.microsoft.com/dotnet/fundamentals/code-analysis/style-rules/ide0055) [C:\UserWorx\VSWorx\ServoStudio\wpfui-servoStudio\samples\Wpf.Ui.servoStudio\servoStudio.csproj]
C:\UserWorx\VSWorx\ServoStudio\wpfui-servoStudio\samples\Wpf.Ui.servoStudio\ViewModels\DashboardViewModel.cs(85,19): warning IDE0055: 淇鏍煎紡 (https://learn.microsoft.com/dotnet/fundamentals/code-analysis/style-rules/ide0055) [C:\UserWorx\VSWorx\ServoStudio\wpfui-servoStudio\samples\Wpf.Ui.servoStudio\servoStudio.csproj]
C:\UserWorx\VSWorx\ServoStudio\wpfui-servoStudio\samples\Wpf.Ui.servoStudio\ViewModels\DashboardViewModel.cs(85,33): warning IDE0055: 淇鏍煎紡 (https://learn.microsoft.com/dotnet/fundamentals/code-analysis/style-rules/ide0055) [C:\UserWorx\VSWorx\ServoStudio\wpfui-servoStudio\samples\Wpf.Ui.servoStudio\servoStudio.csproj]
C:\UserWorx\VSWorx\ServoStudio\wpfui-servoStudio\samples\Wpf.Ui.servoStudio\ViewModels\DashboardViewModel.cs(85,38): warning IDE0055: 淇鏍煎紡 (https://learn.microsoft.com/dotnet/fundamentals/code-analysis/style-rules/ide0055) [C:\UserWorx\VSWorx\ServoStudio\wpfui-servoStudio\samples\Wpf.Ui.servoStudio\servoStudio.csproj]
C:\UserWorx\VSWorx\ServoStudio\wpfui-servoStudio\samples\Wpf.Ui.servoStudio\ViewModels\DashboardViewModel.cs(132,87): warning IDE0055: 淇鏍煎紡 (https://learn.microsoft.com/dotnet/fundamentals/code-analysis/style-rules/ide0055) [C:\UserWorx\VSWorx\ServoStudio\wpfui-servoStudio\samples\Wpf.Ui.servoStudio\servoStudio.csproj]
C:\UserWorx\VSWorx\ServoStudio\wpfui-servoStudio\samples\Wpf.Ui.servoStudio\ViewModels\DashboardViewModel.cs(133,89): warning IDE0055: 淇鏍煎紡 (https://learn.microsoft.com/dotnet/fundamentals/code-analysis/style-rules/ide0055) [C:\UserWorx\VSWorx\ServoStudio\wpfui-servoStudio\samples\Wpf.Ui.servoStudio\servoStudio.csproj]
C:\UserWorx\VSWorx\ServoStudio\wpfui-servoStudio\samples\Wpf.Ui.servoStudio\ViewModels\DashboardViewModel.cs(134,93): warning IDE0055: 淇鏍煎紡 (https://learn.microsoft.com/dotnet/fundamentals/code-analysis/style-rules/ide0055) [C:\UserWorx\VSWorx\ServoStudio\wpfui-servoStudio\samples\Wpf.Ui.servoStudio\servoStudio.csproj]
C:\UserWorx\VSWorx\ServoStudio\wpfui-servoStudio\samples\Wpf.Ui.servoStudio\ViewModels\DashboardViewModel.cs(135,92): warning IDE0055: 淇鏍煎紡 (https://learn.microsoft.com/dotnet/fundamentals/code-analysis/style-rules/ide0055) [C:\UserWorx\VSWorx\ServoStudio\wpfui-servoStudio\samples\Wpf.Ui.servoStudio\servoStudio.csproj]
C:\UserWorx\VSWorx\ServoStudio\wpfui-servoStudio\samples\Wpf.Ui.servoStudio\ViewModels\DashboardViewModel.cs(136,85): warning IDE0055: 淇鏍煎紡 (https://learn.microsoft.com/dotnet/fundamentals/code-analysis/style-rules/ide0055) [C:\UserWorx\VSWorx\ServoStudio\wpfui-servoStudio\samples\Wpf.Ui.servoStudio\servoStudio.csproj]
C:\UserWorx\VSWorx\ServoStudio\wpfui-servoStudio\samples\Wpf.Ui.servoStudio\ViewModels\DashboardViewModel.cs(137,87): warning IDE0055: 淇鏍煎紡 (https://learn.microsoft.com/dotnet/fundamentals/code-analysis/style-rules/ide0055) [C:\UserWorx\VSWorx\ServoStudio\wpfui-servoStudio\samples\Wpf.Ui.servoStudio\servoStudio.csproj]
C:\UserWorx\VSWorx\ServoStudio\wpfui-servoStudio\samples\Wpf.Ui.servoStudio\ViewModels\DashboardViewModel.cs(138,87): warning IDE0055: 淇鏍煎紡 (https://learn.microsoft.com/dotnet/fundamentals/code-analysis/style-rules/ide0055) [C:\UserWorx\VSWorx\ServoStudio\wpfui-servoStudio\samples\Wpf.Ui.servoStudio\servoStudio.csproj]
C:\UserWorx\VSWorx\ServoStudio\wpfui-servoStudio\samples\Wpf.Ui.servoStudio\ViewModels\DashboardViewModel.cs(139,82): warning IDE0055: 淇鏍煎紡 (https://learn.microsoft.com/dotnet/fundamentals/code-analysis/style-rules/ide0055) [C:\UserWorx\VSWorx\ServoStudio\wpfui-servoStudio\samples\Wpf.Ui.servoStudio\servoStudio.csproj]
C:\UserWorx\VSWorx\ServoStudio\wpfui-servoStudio\samples\Wpf.Ui.servoStudio\ViewModels\DashboardViewModel.cs(140,80): warning IDE0055: 淇鏍煎紡 (https://learn.microsoft.com/dotnet/fundamentals/code-analysis/style-rules/ide0055) [C:\UserWorx\VSWorx\ServoStudio\wpfui-servoStudio\samples\Wpf.Ui.servoStudio\servoStudio.csproj]
C:\UserWorx\VSWorx\ServoStudio\wpfui-servoStudio\samples\Wpf.Ui.servoStudio\ViewModels\DashboardViewModel.cs(141,83): warning IDE0055: 淇鏍煎紡 (https://learn.microsoft.com/dotnet/fundamentals/code-analysis/style-rules/ide0055) [C:\UserWorx\VSWorx\ServoStudio\wpfui-servoStudio\samples\Wpf.Ui.servoStudio\servoStudio.csproj]
C:\UserWorx\VSWorx\ServoStudio\wpfui-servoStudio\samples\Wpf.Ui.servoStudio\ViewModels\DashboardViewModel.cs(149,12): warning IDE0055: 淇鏍煎紡 (https://learn.microsoft.com/dotnet/fundamentals/code-analysis/style-rules/ide0055) [C:\UserWorx\VSWorx\ServoStudio\wpfui-servoStudio\samples\Wpf.Ui.servoStudio\servoStudio.csproj]
C:\UserWorx\VSWorx\ServoStudio\wpfui-servoStudio\samples\Wpf.Ui.servoStudio\Core\CANopen\Adapters\ZlgKernelDllScanner.cs(54,13): warning IDE0008: 鐢ㄦ樉寮忕被鍨嬩唬鏇?"var" (https://learn.microsoft.com/dotnet/fundamentals/code-analysis/style-rules/ide0008) [C:\UserWorx\VSWorx\ServoStudio\wpfui-servoStudio\samples\Wpf.Ui.servoStudio\servoStudio.csproj]
C:\UserWorx\VSWorx\ServoStudio\wpfui-servoStudio\samples\Wpf.Ui.servoStudio\Core\CANopen\Adapters\ZlgKernelDllScanner.cs(57,17): warning IDE0058: 姘歌繙涓嶄細浣跨敤琛ㄨ揪寮忓€?(https://learn.microsoft.com/dotnet/fundamentals/code-analysis/style-rules/ide0058) [C:\UserWorx\VSWorx\ServoStudio\wpfui-servoStudio\samples\Wpf.Ui.servoStudio\servoStudio.csproj]
C:\UserWorx\VSWorx\ServoStudio\wpfui-servoStudio\samples\Wpf.Ui.servoStudio\Core\CANopen\SerialCanBus.cs(150,9): warning IDE0058: 姘歌繙涓嶄細浣跨敤琛ㄨ揪寮忓€?(https://learn.microsoft.com/dotnet/fundamentals/code-analysis/style-rules/ide0058) [C:\UserWorx\VSWorx\ServoStudio\wpfui-servoStudio\samples\Wpf.Ui.servoStudio\servoStudio.csproj]
C:\UserWorx\VSWorx\ServoStudio\wpfui-servoStudio\samples\Wpf.Ui.servoStudio\Core\CANopen\SerialCanBus.cs(151,9): warning IDE0058: 姘歌繙涓嶄細浣跨敤琛ㄨ揪寮忓€?(https://learn.microsoft.com/dotnet/fundamentals/code-analysis/style-rules/ide0058) [C:\UserWorx\VSWorx\ServoStudio\wpfui-servoStudio\samples\Wpf.Ui.servoStudio\servoStudio.csproj]
C:\UserWorx\VSWorx\ServoStudio\wpfui-servoStudio\samples\Wpf.Ui.servoStudio\Core\CANopen\SerialCanBus.cs(152,9): warning IDE0058: 姘歌繙涓嶄細浣跨敤琛ㄨ揪寮忓€?(https://learn.microsoft.com/dotnet/fundamentals/code-analysis/style-rules/ide0058) [C:\UserWorx\VSWorx\ServoStudio\wpfui-servoStudio\samples\Wpf.Ui.servoStudio\servoStudio.csproj]
C:\UserWorx\VSWorx\ServoStudio\wpfui-servoStudio\samples\Wpf.Ui.servoStudio\Core\CANopen\SerialCanBus.cs(155,13): warning IDE0058: 姘歌繙涓嶄細浣跨敤琛ㄨ揪寮忓€?(https://learn.microsoft.com/dotnet/fundamentals/code-analysis/style-rules/ide0058) [C:\UserWorx\VSWorx\ServoStudio\wpfui-servoStudio\samples\Wpf.Ui.servoStudio\servoStudio.csproj]
C:\UserWorx\VSWorx\ServoStudio\wpfui-servoStudio\samples\Wpf.Ui.servoStudio\Core\CANopen\SerialCanBus.cs(134,15): warning IDE0058: 姘歌繙涓嶄細浣跨敤琛ㄨ揪寮忓€?(https://learn.microsoft.com/dotnet/fundamentals/code-analysis/style-rules/ide0058) [C:\UserWorx\VSWorx\ServoStudio\wpfui-servoStudio\samples\Wpf.Ui.servoStudio\servoStudio.csproj]
C:\UserWorx\VSWorx\ServoStudio\wpfui-servoStudio\samples\Wpf.Ui.servoStudio\App.xaml.cs(222,13): warning IDE0011: 鍚?鈥渋f鈥?璇彞娣诲姞澶ф嫭鍙枫€?(https://learn.microsoft.com/dotnet/fundamentals/code-analysis/style-rules/ide0011) [C:\UserWorx\VSWorx\ServoStudio\wpfui-servoStudio\samples\Wpf.Ui.servoStudio\servoStudio.csproj]
C:\UserWorx\VSWorx\ServoStudio\wpfui-servoStudio\samples\Wpf.Ui.servoStudio\App.xaml.cs(230,17): warning IDE0011: 鍚?鈥渋f鈥?璇彞娣诲姞澶ф嫭鍙枫€?(https://learn.microsoft.com/dotnet/fundamentals/code-analysis/style-rules/ide0011) [C:\UserWorx\VSWorx\ServoStudio\wpfui-servoStudio\samples\Wpf.Ui.servoStudio\servoStudio.csproj]
C:\UserWorx\VSWorx\ServoStudio\wpfui-servoStudio\samples\Wpf.Ui.servoStudio\App.xaml.cs(231,17): warning IDE0011: 鍚?鈥渋f鈥?璇彞娣诲姞澶ф嫭鍙枫€?(https://learn.microsoft.com/dotnet/fundamentals/code-analysis/style-rules/ide0011) [C:\UserWorx\VSWorx\ServoStudio\wpfui-servoStudio\samples\Wpf.Ui.servoStudio\servoStudio.csproj]
C:\UserWorx\VSWorx\ServoStudio\wpfui-servoStudio\samples\Wpf.Ui.servoStudio\Views\Pages\QuickControlPage.xaml.cs(66,9): warning IDE0058: 姘歌繙涓嶄細浣跨敤琛ㄨ揪寮忓€?(https://learn.microsoft.com/dotnet/fundamentals/code-analysis/style-rules/ide0058) [C:\UserWorx\VSWorx\ServoStudio\wpfui-servoStudio\samples\Wpf.Ui.servoStudio\servoStudio.csproj]
C:\UserWorx\VSWorx\ServoStudio\wpfui-servoStudio\samples\Wpf.Ui.servoStudio\Models\Cia402Varibles.cs(136,9): warning IDE0011: 鍚?鈥渋f鈥?璇彞娣诲姞澶ф嫭鍙枫€?(https://learn.microsoft.com/dotnet/fundamentals/code-analysis/style-rules/ide0011) [C:\UserWorx\VSWorx\ServoStudio\wpfui-servoStudio\samples\Wpf.Ui.servoStudio\servoStudio.csproj]
C:\UserWorx\VSWorx\ServoStudio\wpfui-servoStudio\samples\Wpf.Ui.servoStudio\Models\Cia402Varibles.cs(137,9): warning IDE0011: 鍚?鈥渋f鈥?璇彞娣诲姞澶ф嫭鍙枫€?(https://learn.microsoft.com/dotnet/fundamentals/code-analysis/style-rules/ide0011) [C:\UserWorx\VSWorx\ServoStudio\wpfui-servoStudio\samples\Wpf.Ui.servoStudio\servoStudio.csproj]
C:\UserWorx\VSWorx\ServoStudio\wpfui-servoStudio\samples\Wpf.Ui.servoStudio\Models\Cia402Varibles.cs(138,9): warning IDE0011: 鍚?鈥渋f鈥?璇彞娣诲姞澶ф嫭鍙枫€?(https://learn.microsoft.com/dotnet/fundamentals/code-analysis/style-rules/ide0011) [C:\UserWorx\VSWorx\ServoStudio\wpfui-servoStudio\samples\Wpf.Ui.servoStudio\servoStudio.csproj]
C:\UserWorx\VSWorx\ServoStudio\wpfui-servoStudio\samples\Wpf.Ui.servoStudio\Models\Cia402Varibles.cs(139,9): warning IDE0011: 鍚?鈥渋f鈥?璇彞娣诲姞澶ф嫭鍙枫€?(https://learn.microsoft.com/dotnet/fundamentals/code-analysis/style-rules/ide0011) [C:\UserWorx\VSWorx\ServoStudio\wpfui-servoStudio\samples\Wpf.Ui.servoStudio\servoStudio.csproj]
C:\UserWorx\VSWorx\ServoStudio\wpfui-servoStudio\samples\Wpf.Ui.servoStudio\Models\Cia402Varibles.cs(140,9): warning IDE0011: 鍚?鈥渋f鈥?璇彞娣诲姞澶ф嫭鍙枫€?(https://learn.microsoft.com/dotnet/fundamentals/code-analysis/style-rules/ide0011) [C:\UserWorx\VSWorx\ServoStudio\wpfui-servoStudio\samples\Wpf.Ui.servoStudio\servoStudio.csproj]
C:\UserWorx\VSWorx\ServoStudio\wpfui-servoStudio\samples\Wpf.Ui.servoStudio\Models\Cia402Varibles.cs(141,9): warning IDE0011: 鍚?鈥渋f鈥?璇彞娣诲姞澶ф嫭鍙枫€?(https://learn.microsoft.com/dotnet/fundamentals/code-analysis/style-rules/ide0011) [C:\UserWorx\VSWorx\ServoStudio\wpfui-servoStudio\samples\Wpf.Ui.servoStudio\servoStudio.csproj]
C:\UserWorx\VSWorx\ServoStudio\wpfui-servoStudio\samples\Wpf.Ui.servoStudio\Models\Cia402Varibles.cs(142,9): warning IDE0011: 鍚?鈥渋f鈥?璇彞娣诲姞澶ф嫭鍙枫€?(https://learn.microsoft.com/dotnet/fundamentals/code-analysis/style-rules/ide0011) [C:\UserWorx\VSWorx\ServoStudio\wpfui-servoStudio\samples\Wpf.Ui.servoStudio\servoStudio.csproj]
C:\UserWorx\VSWorx\ServoStudio\wpfui-servoStudio\samples\Wpf.Ui.servoStudio\Models\Cia402Varibles.cs(143,9): warning IDE0011: 鍚?鈥渋f鈥?璇彞娣诲姞澶ф嫭鍙枫€?(https://learn.microsoft.com/dotnet/fundamentals/code-analysis/style-rules/ide0011) [C:\UserWorx\VSWorx\ServoStudio\wpfui-servoStudio\samples\Wpf.Ui.servoStudio\servoStudio.csproj]
C:\UserWorx\VSWorx\ServoStudio\wpfui-servoStudio\samples\Wpf.Ui.servoStudio\ViewModels\AppData\DataViewViewModel.cs(103,13): warning IDE0008: 鐢ㄦ樉寮忕被鍨嬩唬鏇?"var" (https://learn.microsoft.com/dotnet/fundamentals/code-analysis/style-rules/ide0008) [C:\UserWorx\VSWorx\ServoStudio\wpfui-servoStudio\samples\Wpf.Ui.servoStudio\servoStudio.csproj]
C:\UserWorx\VSWorx\ServoStudio\wpfui-servoStudio\samples\Wpf.Ui.servoStudio\Core\CANopen\SerialCanBus.cs(228,25): warning IDE0058: 姘歌繙涓嶄細浣跨敤琛ㄨ揪寮忓€?(https://learn.microsoft.com/dotnet/fundamentals/code-analysis/style-rules/ide0058) [C:\UserWorx\VSWorx\ServoStudio\wpfui-servoStudio\samples\Wpf.Ui.servoStudio\servoStudio.csproj]
C:\UserWorx\VSWorx\ServoStudio\wpfui-servoStudio\samples\Wpf.Ui.servoStudio\Core\CANopen\SerialCanBus.cs(233,21): warning IDE0058: 姘歌繙涓嶄細浣跨敤琛ㄨ揪寮忓€?(https://learn.microsoft.com/dotnet/fundamentals/code-analysis/style-rules/ide0058) [C:\UserWorx\VSWorx\ServoStudio\wpfui-servoStudio\samples\Wpf.Ui.servoStudio\servoStudio.csproj]
C:\UserWorx\VSWorx\ServoStudio\wpfui-servoStudio\samples\Wpf.Ui.servoStudio\Core\CANopen\SerialCanBus.cs(236,25): warning IDE0058: 姘歌繙涓嶄細浣跨敤琛ㄨ揪寮忓€?(https://learn.microsoft.com/dotnet/fundamentals/code-analysis/style-rules/ide0058) [C:\UserWorx\VSWorx\ServoStudio\wpfui-servoStudio\samples\Wpf.Ui.servoStudio\servoStudio.csproj]
C:\UserWorx\VSWorx\ServoStudio\wpfui-servoStudio\samples\Wpf.Ui.servoStudio\App.xaml.cs(232,17): warning IDE0058: 姘歌繙涓嶄細浣跨敤琛ㄨ揪寮忓€?(https://learn.microsoft.com/dotnet/fundamentals/code-analysis/style-rules/ide0058) [C:\UserWorx\VSWorx\ServoStudio\wpfui-servoStudio\samples\Wpf.Ui.servoStudio\servoStudio.csproj]
C:\UserWorx\VSWorx\ServoStudio\wpfui-servoStudio\samples\Wpf.Ui.servoStudio\Views\Pages\QuickControlPage.xaml.cs(111,13): warning IDE0058: 姘歌繙涓嶄細浣跨敤琛ㄨ揪寮忓€?(https://learn.microsoft.com/dotnet/fundamentals/code-analysis/style-rules/ide0058) [C:\UserWorx\VSWorx\ServoStudio\wpfui-servoStudio\samples\Wpf.Ui.servoStudio\servoStudio.csproj]
C:\UserWorx\VSWorx\ServoStudio\wpfui-servoStudio\samples\Wpf.Ui.servoStudio\App.xaml.cs(309,17): warning IDE0058: 姘歌繙涓嶄細浣跨敤琛ㄨ揪寮忓€?(https://learn.microsoft.com/dotnet/fundamentals/code-analysis/style-rules/ide0058) [C:\UserWorx\VSWorx\ServoStudio\wpfui-servoStudio\samples\Wpf.Ui.servoStudio\servoStudio.csproj]
C:\UserWorx\VSWorx\ServoStudio\wpfui-servoStudio\samples\Wpf.Ui.servoStudio\App.xaml.cs(321,13): warning IDE0058: 姘歌繙涓嶄細浣跨敤琛ㄨ揪寮忓€?(https://learn.microsoft.com/dotnet/fundamentals/code-analysis/style-rules/ide0058) [C:\UserWorx\VSWorx\ServoStudio\wpfui-servoStudio\samples\Wpf.Ui.servoStudio\servoStudio.csproj]
C:\UserWorx\VSWorx\ServoStudio\wpfui-servoStudio\samples\Wpf.Ui.servoStudio\ViewModels\AppData\DataViewViewModel.cs(143,9): warning IDE0008: 鐢ㄦ樉寮忕被鍨嬩唬鏇?"var" (https://learn.microsoft.com/dotnet/fundamentals/code-analysis/style-rules/ide0008) [C:\UserWorx\VSWorx\ServoStudio\wpfui-servoStudio\samples\Wpf.Ui.servoStudio\servoStudio.csproj]
C:\UserWorx\VSWorx\ServoStudio\wpfui-servoStudio\samples\Wpf.Ui.servoStudio\Core\CANopen\Adapters\ZlgKernelDllScanner.cs(86,19): warning IDE0058: 姘歌繙涓嶄細浣跨敤琛ㄨ揪寮忓€?(https://learn.microsoft.com/dotnet/fundamentals/code-analysis/style-rules/ide0058) [C:\UserWorx\VSWorx\ServoStudio\wpfui-servoStudio\samples\Wpf.Ui.servoStudio\servoStudio.csproj]
C:\UserWorx\VSWorx\ServoStudio\wpfui-servoStudio\samples\Wpf.Ui.servoStudio\App.xaml.cs(155,17): warning IDE0058: 姘歌繙涓嶄細浣跨敤琛ㄨ揪寮忓€?(https://learn.microsoft.com/dotnet/fundamentals/code-analysis/style-rules/ide0058) [C:\UserWorx\VSWorx\ServoStudio\wpfui-servoStudio\samples\Wpf.Ui.servoStudio\servoStudio.csproj]
C:\UserWorx\VSWorx\ServoStudio\wpfui-servoStudio\samples\Wpf.Ui.servoStudio\Core\Modbus\ModbusRtuMaster.cs(216,17): warning CA1063: 淇敼鈥淢odbusRtuMaster.Dispose鈥濓紝浣垮叾璋冪敤 Dispose(true)锛屽啀瀵瑰綋鍓嶅璞″疄渚嬭皟鐢?GC.SuppressFinalize (Visual Basic 涓殑鈥滄椤光€濇垨鈥滄垜鈥?锛岀劧鍚庤繑鍥?(https://learn.microsoft.com/dotnet/fundamentals/code-analysis/quality-rules/ca1063) [C:\UserWorx\VSWorx\ServoStudio\wpfui-servoStudio\samples\Wpf.Ui.servoStudio\servoStudio.csproj]
C:\UserWorx\VSWorx\ServoStudio\wpfui-servoStudio\samples\Wpf.Ui.servoStudio\ViewModels\AppData\DataViewViewModel.cs(162,9): warning IDE0011: 鍚?鈥渋f鈥?璇彞娣诲姞澶ф嫭鍙枫€?(https://learn.microsoft.com/dotnet/fundamentals/code-analysis/style-rules/ide0011) [C:\UserWorx\VSWorx\ServoStudio\wpfui-servoStudio\samples\Wpf.Ui.servoStudio\servoStudio.csproj]
C:\UserWorx\VSWorx\ServoStudio\wpfui-servoStudio\samples\Wpf.Ui.servoStudio\ViewModels\AppData\DataViewViewModel.cs(164,9): warning IDE0011: 鍚?鈥渆lse鈥?璇彞娣诲姞澶ф嫭鍙枫€?(https://learn.microsoft.com/dotnet/fundamentals/code-analysis/style-rules/ide0011) [C:\UserWorx\VSWorx\ServoStudio\wpfui-servoStudio\samples\Wpf.Ui.servoStudio\servoStudio.csproj]
C:\UserWorx\VSWorx\ServoStudio\wpfui-servoStudio\samples\Wpf.Ui.servoStudio\ViewModels\AppData\DataViewViewModel.cs(161,9): warning IDE0008: 鐢ㄦ樉寮忕被鍨嬩唬鏇?"var" (https://learn.microsoft.com/dotnet/fundamentals/code-analysis/style-rules/ide0008) [C:\UserWorx\VSWorx\ServoStudio\wpfui-servoStudio\samples\Wpf.Ui.servoStudio\servoStudio.csproj]
C:\UserWorx\VSWorx\ServoStudio\wpfui-servoStudio\samples\Wpf.Ui.servoStudio\ViewModels\AppData\AppLogViewModel.cs(167,9): warning IDE0011: 鍚?鈥渋f鈥?璇彞娣诲姞澶ф嫭鍙枫€?(https://learn.microsoft.com/dotnet/fundamentals/code-analysis/style-rules/ide0011) [C:\UserWorx\VSWorx\ServoStudio\wpfui-servoStudio\samples\Wpf.Ui.servoStudio\servoStudio.csproj]
C:\UserWorx\VSWorx\ServoStudio\wpfui-servoStudio\samples\Wpf.Ui.servoStudio\Core\Modbus\ModbusRtuMaster.cs(262,9): warning IDE0008: 鐢ㄦ樉寮忕被鍨嬩唬鏇?"var" (https://learn.microsoft.com/dotnet/fundamentals/code-analysis/style-rules/ide0008) [C:\UserWorx\VSWorx\ServoStudio\wpfui-servoStudio\samples\Wpf.Ui.servoStudio\servoStudio.csproj]
C:\UserWorx\VSWorx\ServoStudio\wpfui-servoStudio\samples\Wpf.Ui.servoStudio\ViewModels\AppData\DataViewViewModel.cs(163,13): warning IDE0058: 姘歌繙涓嶄細浣跨敤琛ㄨ揪寮忓€?(https://learn.microsoft.com/dotnet/fundamentals/code-analysis/style-rules/ide0058) [C:\UserWorx\VSWorx\ServoStudio\wpfui-servoStudio\samples\Wpf.Ui.servoStudio\servoStudio.csproj]
C:\UserWorx\VSWorx\ServoStudio\wpfui-servoStudio\samples\Wpf.Ui.servoStudio\ViewModels\AppData\AppLogViewModel.cs(196,9): warning IDE0011: 鍚?鈥渋f鈥?璇彞娣诲姞澶ф嫭鍙枫€?(https://learn.microsoft.com/dotnet/fundamentals/code-analysis/style-rules/ide0011) [C:\UserWorx\VSWorx\ServoStudio\wpfui-servoStudio\samples\Wpf.Ui.servoStudio\servoStudio.csproj]
C:\UserWorx\VSWorx\ServoStudio\wpfui-servoStudio\samples\Wpf.Ui.servoStudio\Core\Modbus\ModbusRtuMaster.cs(282,15): warning IDE0058: 姘歌繙涓嶄細浣跨敤琛ㄨ揪寮忓€?(https://learn.microsoft.com/dotnet/fundamentals/code-analysis/style-rules/ide0058) [C:\UserWorx\VSWorx\ServoStudio\wpfui-servoStudio\samples\Wpf.Ui.servoStudio\servoStudio.csproj]
C:\UserWorx\VSWorx\ServoStudio\wpfui-servoStudio\samples\Wpf.Ui.servoStudio\Views\Pages\QuickControlPage.xaml.cs(165,13): warning IDE0008: 鐢ㄦ樉寮忕被鍨嬩唬鏇?"var" (https://learn.microsoft.com/dotnet/fundamentals/code-analysis/style-rules/ide0008) [C:\UserWorx\VSWorx\ServoStudio\wpfui-servoStudio\samples\Wpf.Ui.servoStudio\servoStudio.csproj]
C:\UserWorx\VSWorx\ServoStudio\wpfui-servoStudio\samples\Wpf.Ui.servoStudio\ViewModels\AppData\UserConfigViewModel.cs(184,9): warning IDE0011: 鍚?鈥渋f鈥?璇彞娣诲姞澶ф嫭鍙枫€?(https://learn.microsoft.com/dotnet/fundamentals/code-analysis/style-rules/ide0011) [C:\UserWorx\VSWorx\ServoStudio\wpfui-servoStudio\samples\Wpf.Ui.servoStudio\servoStudio.csproj]
C:\UserWorx\VSWorx\ServoStudio\wpfui-servoStudio\samples\Wpf.Ui.servoStudio\ViewModels\AppData\UserConfigViewModel.cs(177,9): warning IDE0011: 鍚?鈥渋f鈥?璇彞娣诲姞澶ф嫭鍙枫€?(https://learn.microsoft.com/dotnet/fundamentals/code-analysis/style-rules/ide0011) [C:\UserWorx\VSWorx\ServoStudio\wpfui-servoStudio\samples\Wpf.Ui.servoStudio\servoStudio.csproj]
C:\UserWorx\VSWorx\ServoStudio\wpfui-servoStudio\samples\Wpf.Ui.servoStudio\ViewModels\AppData\UserConfigViewModel.cs(178,9): warning IDE0011: 鍚?鈥渇oreach鈥?璇彞娣诲姞澶ф嫭鍙枫€?(https://learn.microsoft.com/dotnet/fundamentals/code-analysis/style-rules/ide0011) [C:\UserWorx\VSWorx\ServoStudio\wpfui-servoStudio\samples\Wpf.Ui.servoStudio\servoStudio.csproj]
C:\UserWorx\VSWorx\ServoStudio\wpfui-servoStudio\samples\Wpf.Ui.servoStudio\ViewModels\AppData\AppLogViewModel.cs(218,9): warning IDE0011: 鍚?鈥渋f鈥?璇彞娣诲姞澶ф嫭鍙枫€?(https://learn.microsoft.com/dotnet/fundamentals/code-analysis/style-rules/ide0011) [C:\UserWorx\VSWorx\ServoStudio\wpfui-servoStudio\samples\Wpf.Ui.servoStudio\servoStudio.csproj]
C:\UserWorx\VSWorx\ServoStudio\wpfui-servoStudio\samples\Wpf.Ui.servoStudio\ViewModels\AppData\UserConfigViewModel.cs(206,9): warning IDE0011: 鍚?鈥渋f鈥?璇彞娣诲姞澶ф嫭鍙枫€?(https://learn.microsoft.com/dotnet/fundamentals/code-analysis/style-rules/ide0011) [C:\UserWorx\VSWorx\ServoStudio\wpfui-servoStudio\samples\Wpf.Ui.servoStudio\servoStudio.csproj]
C:\UserWorx\VSWorx\ServoStudio\wpfui-servoStudio\samples\Wpf.Ui.servoStudio\ViewModels\AppData\DataViewViewModel.cs(216,13): warning IDE0008: 鐢ㄦ樉寮忕被鍨嬩唬鏇?"var" (https://learn.microsoft.com/dotnet/fundamentals/code-analysis/style-rules/ide0008) [C:\UserWorx\VSWorx\ServoStudio\wpfui-servoStudio\samples\Wpf.Ui.servoStudio\servoStudio.csproj]
C:\UserWorx\VSWorx\ServoStudio\wpfui-servoStudio\samples\Wpf.Ui.servoStudio\ViewModels\AppData\DataViewViewModel.cs(217,13): warning IDE0008: 鐢ㄦ樉寮忕被鍨嬩唬鏇?"var" (https://learn.microsoft.com/dotnet/fundamentals/code-analysis/style-rules/ide0008) [C:\UserWorx\VSWorx\ServoStudio\wpfui-servoStudio\samples\Wpf.Ui.servoStudio\servoStudio.csproj]
C:\UserWorx\VSWorx\ServoStudio\wpfui-servoStudio\samples\Wpf.Ui.servoStudio\Views\Pages\QuickControlPage.xaml.cs(177,9): warning IDE0058: 姘歌繙涓嶄細浣跨敤琛ㄨ揪寮忓€?(https://learn.microsoft.com/dotnet/fundamentals/code-analysis/style-rules/ide0058) [C:\UserWorx\VSWorx\ServoStudio\wpfui-servoStudio\samples\Wpf.Ui.servoStudio\servoStudio.csproj]
C:\UserWorx\VSWorx\ServoStudio\wpfui-servoStudio\samples\Wpf.Ui.servoStudio\ViewModels\AppData\DataViewViewModel.cs(218,13): warning IDE0058: 姘歌繙涓嶄細浣跨敤琛ㄨ揪寮忓€?(https://learn.microsoft.com/dotnet/fundamentals/code-analysis/style-rules/ide0058) [C:\UserWorx\VSWorx\ServoStudio\wpfui-servoStudio\samples\Wpf.Ui.servoStudio\servoStudio.csproj]
C:\UserWorx\VSWorx\ServoStudio\wpfui-servoStudio\samples\Wpf.Ui.servoStudio\ViewModels\AppData\DataViewViewModel.cs(219,13): warning IDE0058: 姘歌繙涓嶄細浣跨敤琛ㄨ揪寮忓€?(https://learn.microsoft.com/dotnet/fundamentals/code-analysis/style-rules/ide0058) [C:\UserWorx\VSWorx\ServoStudio\wpfui-servoStudio\samples\Wpf.Ui.servoStudio\servoStudio.csproj]
C:\UserWorx\VSWorx\ServoStudio\wpfui-servoStudio\samples\Wpf.Ui.servoStudio\ViewModels\AppData\DataViewViewModel.cs(220,13): warning IDE0058: 姘歌繙涓嶄細浣跨敤琛ㄨ揪寮忓€?(https://learn.microsoft.com/dotnet/fundamentals/code-analysis/style-rules/ide0058) [C:\UserWorx\VSWorx\ServoStudio\wpfui-servoStudio\samples\Wpf.Ui.servoStudio\servoStudio.csproj]
C:\UserWorx\VSWorx\ServoStudio\wpfui-servoStudio\samples\Wpf.Ui.servoStudio\ViewModels\AppData\DataViewViewModel.cs(221,13): warning IDE0058: 姘歌繙涓嶄細浣跨敤琛ㄨ揪寮忓€?(https://learn.microsoft.com/dotnet/fundamentals/code-analysis/style-rules/ide0058) [C:\UserWorx\VSWorx\ServoStudio\wpfui-servoStudio\samples\Wpf.Ui.servoStudio\servoStudio.csproj]
C:\UserWorx\VSWorx\ServoStudio\wpfui-servoStudio\samples\Wpf.Ui.servoStudio\Core\Modbus\ModbusRtuMaster.cs(325,25): warning IDE0058: 姘歌繙涓嶄細浣跨敤琛ㄨ揪寮忓€?(https://learn.microsoft.com/dotnet/fundamentals/code-analysis/style-rules/ide0058) [C:\UserWorx\VSWorx\ServoStudio\wpfui-servoStudio\samples\Wpf.Ui.servoStudio\servoStudio.csproj]
C:\UserWorx\VSWorx\ServoStudio\wpfui-servoStudio\samples\Wpf.Ui.servoStudio\Core\Modbus\ModbusRtuMaster.cs(337,29): warning IDE0058: 姘歌繙涓嶄細浣跨敤琛ㄨ揪寮忓€?(https://learn.microsoft.com/dotnet/fundamentals/code-analysis/style-rules/ide0058) [C:\UserWorx\VSWorx\ServoStudio\wpfui-servoStudio\samples\Wpf.Ui.servoStudio\servoStudio.csproj]
C:\UserWorx\VSWorx\ServoStudio\wpfui-servoStudio\samples\Wpf.Ui.servoStudio\Core\Modbus\ModbusRtuMaster.cs(341,29): warning IDE0058: 姘歌繙涓嶄細浣跨敤琛ㄨ揪寮忓€?(https://learn.microsoft.com/dotnet/fundamentals/code-analysis/style-rules/ide0058) [C:\UserWorx\VSWorx\ServoStudio\wpfui-servoStudio\samples\Wpf.Ui.servoStudio\servoStudio.csproj]
C:\UserWorx\VSWorx\ServoStudio\wpfui-servoStudio\samples\Wpf.Ui.servoStudio\Views\Pages\QuickControlPage.xaml.cs(268,9): warning IDE0008: 鐢ㄦ樉寮忕被鍨嬩唬鏇?"var" (https://learn.microsoft.com/dotnet/fundamentals/code-analysis/style-rules/ide0008) [C:\UserWorx\VSWorx\ServoStudio\wpfui-servoStudio\samples\Wpf.Ui.servoStudio\servoStudio.csproj]
C:\UserWorx\VSWorx\ServoStudio\wpfui-servoStudio\samples\Wpf.Ui.servoStudio\Core\CANopen\Adapters\ZlgKernelDllScanner.cs(172,13): warning IDE0008: 鐢ㄦ樉寮忕被鍨嬩唬鏇?"var" (https://learn.microsoft.com/dotnet/fundamentals/code-analysis/style-rules/ide0008) [C:\UserWorx\VSWorx\ServoStudio\wpfui-servoStudio\samples\Wpf.Ui.servoStudio\servoStudio.csproj]
C:\UserWorx\VSWorx\ServoStudio\wpfui-servoStudio\samples\Wpf.Ui.servoStudio\Core\CANopen\Adapters\ZlgKernelDllScanner.cs(218,9): warning IDE0008: 鐢ㄦ樉寮忕被鍨嬩唬鏇?"var" (https://learn.microsoft.com/dotnet/fundamentals/code-analysis/style-rules/ide0008) [C:\UserWorx\VSWorx\ServoStudio\wpfui-servoStudio\samples\Wpf.Ui.servoStudio\servoStudio.csproj]
C:\UserWorx\VSWorx\ServoStudio\wpfui-servoStudio\samples\Wpf.Ui.servoStudio\ViewModels\AppData\DataViewViewModel.cs(239,13): warning IDE0008: 鐢ㄦ樉寮忕被鍨嬩唬鏇?"var" (https://learn.microsoft.com/dotnet/fundamentals/code-analysis/style-rules/ide0008) [C:\UserWorx\VSWorx\ServoStudio\wpfui-servoStudio\samples\Wpf.Ui.servoStudio\servoStudio.csproj]
C:\UserWorx\VSWorx\ServoStudio\wpfui-servoStudio\samples\Wpf.Ui.servoStudio\ViewModels\AppData\DataViewViewModel.cs(240,13): warning IDE0008: 鐢ㄦ樉寮忕被鍨嬩唬鏇?"var" (https://learn.microsoft.com/dotnet/fundamentals/code-analysis/style-rules/ide0008) [C:\UserWorx\VSWorx\ServoStudio\wpfui-servoStudio\samples\Wpf.Ui.servoStudio\servoStudio.csproj]
C:\UserWorx\VSWorx\ServoStudio\wpfui-servoStudio\samples\Wpf.Ui.servoStudio\ViewModels\ViewModel.cs(144,13): warning IDE0011: 鍚?鈥渋f鈥?璇彞娣诲姞澶ф嫭鍙枫€?(https://learn.microsoft.com/dotnet/fundamentals/code-analysis/style-rules/ide0011) [C:\UserWorx\VSWorx\ServoStudio\wpfui-servoStudio\samples\Wpf.Ui.servoStudio\servoStudio.csproj]
C:\UserWorx\VSWorx\ServoStudio\wpfui-servoStudio\samples\Wpf.Ui.servoStudio\ViewModels\ViewModel.cs(145,13): warning IDE0011: 鍚?鈥渋f鈥?璇彞娣诲姞澶ф嫭鍙枫€?(https://learn.microsoft.com/dotnet/fundamentals/code-analysis/style-rules/ide0011) [C:\UserWorx\VSWorx\ServoStudio\wpfui-servoStudio\samples\Wpf.Ui.servoStudio\servoStudio.csproj]
C:\UserWorx\VSWorx\ServoStudio\wpfui-servoStudio\samples\Wpf.Ui.servoStudio\ViewModels\ViewModel.cs(259,9): warning CA1065: Dispose 鍒涘缓 NotImplementedException 绫诲瀷鐨勫紓甯搞€備笉搴斿湪杩欑绫诲瀷鐨勬柟娉曚腑寮曞彂寮傚父銆傚鏋滄湁鍙兘浼氬紩鍙戞寮傚父瀹炰緥锛岃鏇存敼璇ユ柟娉曠殑閫昏緫锛屼娇瀹冧笉鍐嶅紩鍙戝紓甯搞€?(https://learn.microsoft.com/dotnet/fundamentals/code-analysis/quality-rules/ca1065) [C:\UserWorx\VSWorx\ServoStudio\wpfui-servoStudio\samples\Wpf.Ui.servoStudio\servoStudio.csproj]
C:\UserWorx\VSWorx\ServoStudio\wpfui-servoStudio\samples\Wpf.Ui.servoStudio\ViewModels\ViewModel.cs(257,17): warning CA1063: 淇敼鈥淰iewModel.Dispose鈥濓紝浣垮叾璋冪敤 Dispose(true)锛屽啀瀵瑰綋鍓嶅璞″疄渚嬭皟鐢?GC.SuppressFinalize (Visual Basic 涓殑鈥滄椤光€濇垨鈥滄垜鈥?锛岀劧鍚庤繑鍥?(https://learn.microsoft.com/dotnet/fundamentals/code-analysis/quality-rules/ca1063) [C:\UserWorx\VSWorx\ServoStudio\wpfui-servoStudio\samples\Wpf.Ui.servoStudio\servoStudio.csproj]
C:\UserWorx\VSWorx\ServoStudio\wpfui-servoStudio\samples\Wpf.Ui.servoStudio\ViewModels\AppData\AppLogViewModel.cs(285,9): warning IDE0011: 鍚?鈥渋f鈥?璇彞娣诲姞澶ф嫭鍙枫€?(https://learn.microsoft.com/dotnet/fundamentals/code-analysis/style-rules/ide0011) [C:\UserWorx\VSWorx\ServoStudio\wpfui-servoStudio\samples\Wpf.Ui.servoStudio\servoStudio.csproj]
C:\UserWorx\VSWorx\ServoStudio\wpfui-servoStudio\samples\Wpf.Ui.servoStudio\ViewModels\AppData\AppLogViewModel.cs(287,9): warning IDE0011: 鍚?鈥渋f鈥?璇彞娣诲姞澶ф嫭鍙枫€?(https://learn.microsoft.com/dotnet/fundamentals/code-analysis/style-rules/ide0011) [C:\UserWorx\VSWorx\ServoStudio\wpfui-servoStudio\samples\Wpf.Ui.servoStudio\servoStudio.csproj]
C:\UserWorx\VSWorx\ServoStudio\wpfui-servoStudio\samples\Wpf.Ui.servoStudio\ViewModels\AppData\AppLogViewModel.cs(319,13): warning IDE0011: 鍚?鈥渨hile鈥?璇彞娣诲姞澶ф嫭鍙枫€?(https://learn.microsoft.com/dotnet/fundamentals/code-analysis/style-rules/ide0011) [C:\UserWorx\VSWorx\ServoStudio\wpfui-servoStudio\samples\Wpf.Ui.servoStudio\servoStudio.csproj]
C:\UserWorx\VSWorx\ServoStudio\wpfui-servoStudio\samples\Wpf.Ui.servoStudio\ViewModels\DeviceSet\BusDiagnosticsViewModel.cs(65,32): warning IDE0055: 淇鏍煎紡 (https://learn.microsoft.com/dotnet/fundamentals/code-analysis/style-rules/ide0055) [C:\UserWorx\VSWorx\ServoStudio\wpfui-servoStudio\samples\Wpf.Ui.servoStudio\servoStudio.csproj]
C:\UserWorx\VSWorx\ServoStudio\wpfui-servoStudio\samples\Wpf.Ui.servoStudio\ViewModels\DeviceSet\BusDiagnosticsViewModel.cs(392,23): warning IDE0055: 淇鏍煎紡 (https://learn.microsoft.com/dotnet/fundamentals/code-analysis/style-rules/ide0055) [C:\UserWorx\VSWorx\ServoStudio\wpfui-servoStudio\samples\Wpf.Ui.servoStudio\servoStudio.csproj]
C:\UserWorx\VSWorx\ServoStudio\wpfui-servoStudio\samples\Wpf.Ui.servoStudio\ViewModels\DeviceSet\BusDiagnosticsViewModel.cs(436,20): warning IDE0055: 淇鏍煎紡 (https://learn.microsoft.com/dotnet/fundamentals/code-analysis/style-rules/ide0055) [C:\UserWorx\VSWorx\ServoStudio\wpfui-servoStudio\samples\Wpf.Ui.servoStudio\servoStudio.csproj]
C:\UserWorx\VSWorx\ServoStudio\wpfui-servoStudio\samples\Wpf.Ui.servoStudio\ViewModels\DeviceSet\BusDiagnosticsViewModel.cs(436,22): warning IDE0055: 淇鏍煎紡 (https://learn.microsoft.com/dotnet/fundamentals/code-analysis/style-rules/ide0055) [C:\UserWorx\VSWorx\ServoStudio\wpfui-servoStudio\samples\Wpf.Ui.servoStudio\servoStudio.csproj]
C:\UserWorx\VSWorx\ServoStudio\wpfui-servoStudio\samples\Wpf.Ui.servoStudio\ViewModels\DeviceSet\BusDiagnosticsViewModel.cs(436,39): warning IDE0055: 淇鏍煎紡 (https://learn.microsoft.com/dotnet/fundamentals/code-analysis/style-rules/ide0055) [C:\UserWorx\VSWorx\ServoStudio\wpfui-servoStudio\samples\Wpf.Ui.servoStudio\servoStudio.csproj]
C:\UserWorx\VSWorx\ServoStudio\wpfui-servoStudio\samples\Wpf.Ui.servoStudio\ViewModels\DeviceSet\BusDiagnosticsViewModel.cs(491,27): warning IDE0055: 淇鏍煎紡 (https://learn.microsoft.com/dotnet/fundamentals/code-analysis/style-rules/ide0055) [C:\UserWorx\VSWorx\ServoStudio\wpfui-servoStudio\samples\Wpf.Ui.servoStudio\servoStudio.csproj]
C:\UserWorx\VSWorx\ServoStudio\wpfui-servoStudio\samples\Wpf.Ui.servoStudio\ViewModels\DeviceSet\BusDiagnosticsViewModel.cs(492,27): warning IDE0055: 淇鏍煎紡 (https://learn.microsoft.com/dotnet/fundamentals/code-analysis/style-rules/ide0055) [C:\UserWorx\VSWorx\ServoStudio\wpfui-servoStudio\samples\Wpf.Ui.servoStudio\servoStudio.csproj]
C:\UserWorx\VSWorx\ServoStudio\wpfui-servoStudio\samples\Wpf.Ui.servoStudio\ViewModels\DeviceSet\BusDiagnosticsViewModel.cs(493,25): warning IDE0055: 淇鏍煎紡 (https://learn.microsoft.com/dotnet/fundamentals/code-analysis/style-rules/ide0055) [C:\UserWorx\VSWorx\ServoStudio\wpfui-servoStudio\samples\Wpf.Ui.servoStudio\servoStudio.csproj]
C:\UserWorx\VSWorx\ServoStudio\wpfui-servoStudio\samples\Wpf.Ui.servoStudio\ViewModels\DeviceSet\BusDiagnosticsViewModel.cs(494,27): warning IDE0055: 淇鏍煎紡 (https://learn.microsoft.com/dotnet/fundamentals/code-analysis/style-rules/ide0055) [C:\UserWorx\VSWorx\ServoStudio\wpfui-servoStudio\samples\Wpf.Ui.servoStudio\servoStudio.csproj]
C:\UserWorx\VSWorx\ServoStudio\wpfui-servoStudio\samples\Wpf.Ui.servoStudio\ViewModels\DeviceSet\BusDiagnosticsViewModel.cs(560,16): warning IDE0055: 淇鏍煎紡 (https://learn.microsoft.com/dotnet/fundamentals/code-analysis/style-rules/ide0055) [C:\UserWorx\VSWorx\ServoStudio\wpfui-servoStudio\samples\Wpf.Ui.servoStudio\servoStudio.csproj]
C:\UserWorx\VSWorx\ServoStudio\wpfui-servoStudio\samples\Wpf.Ui.servoStudio\ViewModels\DeviceSet\BusDiagnosticsViewModel.cs(560,18): warning IDE0055: 淇鏍煎紡 (https://learn.microsoft.com/dotnet/fundamentals/code-analysis/style-rules/ide0055) [C:\UserWorx\VSWorx\ServoStudio\wpfui-servoStudio\samples\Wpf.Ui.servoStudio\servoStudio.csproj]
C:\UserWorx\VSWorx\ServoStudio\wpfui-servoStudio\samples\Wpf.Ui.servoStudio\ViewModels\DeviceSet\BusDiagnosticsViewModel.cs(560,55): warning IDE0055: 淇鏍煎紡 (https://learn.microsoft.com/dotnet/fundamentals/code-analysis/style-rules/ide0055) [C:\UserWorx\VSWorx\ServoStudio\wpfui-servoStudio\samples\Wpf.Ui.servoStudio\servoStudio.csproj]
C:\UserWorx\VSWorx\ServoStudio\wpfui-servoStudio\samples\Wpf.Ui.servoStudio\ViewModels\DeviceSet\BusDiagnosticsViewModel.cs(630,30): warning IDE0055: 淇鏍煎紡 (https://learn.microsoft.com/dotnet/fundamentals/code-analysis/style-rules/ide0055) [C:\UserWorx\VSWorx\ServoStudio\wpfui-servoStudio\samples\Wpf.Ui.servoStudio\servoStudio.csproj]
C:\UserWorx\VSWorx\ServoStudio\wpfui-servoStudio\samples\Wpf.Ui.servoStudio\ViewModels\DeviceSet\BusDiagnosticsViewModel.cs(645,30): warning IDE0055: 淇鏍煎紡 (https://learn.microsoft.com/dotnet/fundamentals/code-analysis/style-rules/ide0055) [C:\UserWorx\VSWorx\ServoStudio\wpfui-servoStudio\samples\Wpf.Ui.servoStudio\servoStudio.csproj]
C:\UserWorx\VSWorx\ServoStudio\wpfui-servoStudio\samples\Wpf.Ui.servoStudio\ViewModels\DeviceSet\BusDiagnosticsViewModel.cs(660,47): warning IDE0055: 淇鏍煎紡 (https://learn.microsoft.com/dotnet/fundamentals/code-analysis/style-rules/ide0055) [C:\UserWorx\VSWorx\ServoStudio\wpfui-servoStudio\samples\Wpf.Ui.servoStudio\servoStudio.csproj]
C:\UserWorx\VSWorx\ServoStudio\wpfui-servoStudio\samples\Wpf.Ui.servoStudio\ViewModels\DeviceSet\BusDiagnosticsViewModel.cs(664,23): warning IDE0055: 淇鏍煎紡 (https://learn.microsoft.com/dotnet/fundamentals/code-analysis/style-rules/ide0055) [C:\UserWorx\VSWorx\ServoStudio\wpfui-servoStudio\samples\Wpf.Ui.servoStudio\servoStudio.csproj]
C:\UserWorx\VSWorx\ServoStudio\wpfui-servoStudio\samples\Wpf.Ui.servoStudio\ViewModels\DeviceSet\BusDiagnosticsViewModel.cs(797,42): warning IDE0055: 淇鏍煎紡 (https://learn.microsoft.com/dotnet/fundamentals/code-analysis/style-rules/ide0055) [C:\UserWorx\VSWorx\ServoStudio\wpfui-servoStudio\samples\Wpf.Ui.servoStudio\servoStudio.csproj]
C:\UserWorx\VSWorx\ServoStudio\wpfui-servoStudio\samples\Wpf.Ui.servoStudio\ViewModels\DeviceSet\BusDiagnosticsViewModel.cs(799,43): warning IDE0055: 淇鏍煎紡 (https://learn.microsoft.com/dotnet/fundamentals/code-analysis/style-rules/ide0055) [C:\UserWorx\VSWorx\ServoStudio\wpfui-servoStudio\samples\Wpf.Ui.servoStudio\servoStudio.csproj]
C:\UserWorx\VSWorx\ServoStudio\wpfui-servoStudio\samples\Wpf.Ui.servoStudio\ViewModels\DeviceSet\BusDiagnosticsViewModel.cs(803,50): warning IDE0055: 淇鏍煎紡 (https://learn.microsoft.com/dotnet/fundamentals/code-analysis/style-rules/ide0055) [C:\UserWorx\VSWorx\ServoStudio\wpfui-servoStudio\samples\Wpf.Ui.servoStudio\servoStudio.csproj]
C:\UserWorx\VSWorx\ServoStudio\wpfui-servoStudio\samples\Wpf.Ui.servoStudio\ViewModels\DeviceSet\BusDiagnosticsViewModel.cs(814,48): warning IDE0055: 淇鏍煎紡 (https://learn.microsoft.com/dotnet/fundamentals/code-analysis/style-rules/ide0055) [C:\UserWorx\VSWorx\ServoStudio\wpfui-servoStudio\samples\Wpf.Ui.servoStudio\servoStudio.csproj]
C:\UserWorx\VSWorx\ServoStudio\wpfui-servoStudio\samples\Wpf.Ui.servoStudio\ViewModels\DeviceSet\BusDiagnosticsViewModel.cs(816,45): warning IDE0055: 淇鏍煎紡 (https://learn.microsoft.com/dotnet/fundamentals/code-analysis/style-rules/ide0055) [C:\UserWorx\VSWorx\ServoStudio\wpfui-servoStudio\samples\Wpf.Ui.servoStudio\servoStudio.csproj]
C:\UserWorx\VSWorx\ServoStudio\wpfui-servoStudio\samples\Wpf.Ui.servoStudio\ViewModels\DeviceSet\BusDiagnosticsViewModel.cs(831,44): warning IDE0055: 淇鏍煎紡 (https://learn.microsoft.com/dotnet/fundamentals/code-analysis/style-rules/ide0055) [C:\UserWorx\VSWorx\ServoStudio\wpfui-servoStudio\samples\Wpf.Ui.servoStudio\servoStudio.csproj]
C:\UserWorx\VSWorx\ServoStudio\wpfui-servoStudio\samples\Wpf.Ui.servoStudio\ViewModels\DeviceSet\BusDiagnosticsViewModel.cs(836,22): warning IDE0055: 淇鏍煎紡 (https://learn.microsoft.com/dotnet/fundamentals/code-analysis/style-rules/ide0055) [C:\UserWorx\VSWorx\ServoStudio\wpfui-servoStudio\samples\Wpf.Ui.servoStudio\servoStudio.csproj]
C:\UserWorx\VSWorx\ServoStudio\wpfui-servoStudio\samples\Wpf.Ui.servoStudio\ViewModels\DeviceSet\BusDiagnosticsViewModel.cs(838,95): warning IDE0055: 淇鏍煎紡 (https://learn.microsoft.com/dotnet/fundamentals/code-analysis/style-rules/ide0055) [C:\UserWorx\VSWorx\ServoStudio\wpfui-servoStudio\samples\Wpf.Ui.servoStudio\servoStudio.csproj]
C:\UserWorx\VSWorx\ServoStudio\wpfui-servoStudio\samples\Wpf.Ui.servoStudio\ViewModels\DeviceSet\BusDiagnosticsViewModel.cs(839,97): warning IDE0055: 淇鏍煎紡 (https://learn.microsoft.com/dotnet/fundamentals/code-analysis/style-rules/ide0055) [C:\UserWorx\VSWorx\ServoStudio\wpfui-servoStudio\samples\Wpf.Ui.servoStudio\servoStudio.csproj]
C:\UserWorx\VSWorx\ServoStudio\wpfui-servoStudio\samples\Wpf.Ui.servoStudio\ViewModels\DeviceSet\BusDiagnosticsViewModel.cs(861,50): warning IDE0055: 淇鏍煎紡 (https://learn.microsoft.com/dotnet/fundamentals/code-analysis/style-rules/ide0055) [C:\UserWorx\VSWorx\ServoStudio\wpfui-servoStudio\samples\Wpf.Ui.servoStudio\servoStudio.csproj]
C:\UserWorx\VSWorx\ServoStudio\wpfui-servoStudio\samples\Wpf.Ui.servoStudio\ViewModels\DeviceSet\BusDiagnosticsViewModel.cs(862,50): warning IDE0055: 淇鏍煎紡 (https://learn.microsoft.com/dotnet/fundamentals/code-analysis/style-rules/ide0055) [C:\UserWorx\VSWorx\ServoStudio\wpfui-servoStudio\samples\Wpf.Ui.servoStudio\servoStudio.csproj]
C:\UserWorx\VSWorx\ServoStudio\wpfui-servoStudio\samples\Wpf.Ui.servoStudio\ViewModels\DeviceSet\BusDiagnosticsViewModel.cs(897,47): warning IDE0055: 淇鏍煎紡 (https://learn.microsoft.com/dotnet/fundamentals/code-analysis/style-rules/ide0055) [C:\UserWorx\VSWorx\ServoStudio\wpfui-servoStudio\samples\Wpf.Ui.servoStudio\servoStudio.csproj]
C:\UserWorx\VSWorx\ServoStudio\wpfui-servoStudio\samples\Wpf.Ui.servoStudio\ViewModels\DeviceSet\BusDiagnosticsViewModel.cs(898,47): warning IDE0055: 淇鏍煎紡 (https://learn.microsoft.com/dotnet/fundamentals/code-analysis/style-rules/ide0055) [C:\UserWorx\VSWorx\ServoStudio\wpfui-servoStudio\samples\Wpf.Ui.servoStudio\servoStudio.csproj]
C:\UserWorx\VSWorx\ServoStudio\wpfui-servoStudio\samples\Wpf.Ui.servoStudio\ViewModels\DeviceSet\BusDiagnosticsViewModel.cs(926,18): warning IDE0055: 淇鏍煎紡 (https://learn.microsoft.com/dotnet/fundamentals/code-analysis/style-rules/ide0055) [C:\UserWorx\VSWorx\ServoStudio\wpfui-servoStudio\samples\Wpf.Ui.servoStudio\servoStudio.csproj]
C:\UserWorx\VSWorx\ServoStudio\wpfui-servoStudio\samples\Wpf.Ui.servoStudio\ViewModels\DeviceSet\BusDiagnosticsViewModel.cs(928,18): warning IDE0055: 淇鏍煎紡 (https://learn.microsoft.com/dotnet/fundamentals/code-analysis/style-rules/ide0055) [C:\UserWorx\VSWorx\ServoStudio\wpfui-servoStudio\samples\Wpf.Ui.servoStudio\servoStudio.csproj]
C:\UserWorx\VSWorx\ServoStudio\wpfui-servoStudio\samples\Wpf.Ui.servoStudio\ViewModels\DeviceSet\BusDiagnosticsViewModel.cs(932,35): warning IDE0055: 淇鏍煎紡 (https://learn.microsoft.com/dotnet/fundamentals/code-analysis/style-rules/ide0055) [C:\UserWorx\VSWorx\ServoStudio\wpfui-servoStudio\samples\Wpf.Ui.servoStudio\servoStudio.csproj]
C:\UserWorx\VSWorx\ServoStudio\wpfui-servoStudio\samples\Wpf.Ui.servoStudio\ViewModels\DeviceSet\BusDiagnosticsViewModel.cs(933,35): warning IDE0055: 淇鏍煎紡 (https://learn.microsoft.com/dotnet/fundamentals/code-analysis/style-rules/ide0055) [C:\UserWorx\VSWorx\ServoStudio\wpfui-servoStudio\samples\Wpf.Ui.servoStudio\servoStudio.csproj]
C:\UserWorx\VSWorx\ServoStudio\wpfui-servoStudio\samples\Wpf.Ui.servoStudio\ViewModels\DeviceSet\BusDiagnosticsViewModel.cs(934,36): warning IDE0055: 淇鏍煎紡 (https://learn.microsoft.com/dotnet/fundamentals/code-analysis/style-rules/ide0055) [C:\UserWorx\VSWorx\ServoStudio\wpfui-servoStudio\samples\Wpf.Ui.servoStudio\servoStudio.csproj]
C:\UserWorx\VSWorx\ServoStudio\wpfui-servoStudio\samples\Wpf.Ui.servoStudio\ViewModels\DeviceSet\BusDiagnosticsViewModel.cs(935,40): warning IDE0055: 淇鏍煎紡 (https://learn.microsoft.com/dotnet/fundamentals/code-analysis/style-rules/ide0055) [C:\UserWorx\VSWorx\ServoStudio\wpfui-servoStudio\samples\Wpf.Ui.servoStudio\servoStudio.csproj]
C:\UserWorx\VSWorx\ServoStudio\wpfui-servoStudio\samples\Wpf.Ui.servoStudio\ViewModels\DeviceSet\BusDiagnosticsViewModel.cs(940,20): warning IDE0055: 淇鏍煎紡 (https://learn.microsoft.com/dotnet/fundamentals/code-analysis/style-rules/ide0055) [C:\UserWorx\VSWorx\ServoStudio\wpfui-servoStudio\samples\Wpf.Ui.servoStudio\servoStudio.csproj]
C:\UserWorx\VSWorx\ServoStudio\wpfui-servoStudio\samples\Wpf.Ui.servoStudio\ViewModels\DeviceSet\BusDiagnosticsViewModel.cs(940,37): warning IDE0055: 淇鏍煎紡 (https://learn.microsoft.com/dotnet/fundamentals/code-analysis/style-rules/ide0055) [C:\UserWorx\VSWorx\ServoStudio\wpfui-servoStudio\samples\Wpf.Ui.servoStudio\servoStudio.csproj]
C:\UserWorx\VSWorx\ServoStudio\wpfui-servoStudio\samples\Wpf.Ui.servoStudio\ViewModels\DeviceSet\BusDiagnosticsViewModel.cs(942,20): warning IDE0055: 淇鏍煎紡 (https://learn.microsoft.com/dotnet/fundamentals/code-analysis/style-rules/ide0055) [C:\UserWorx\VSWorx\ServoStudio\wpfui-servoStudio\samples\Wpf.Ui.servoStudio\servoStudio.csproj]
C:\UserWorx\VSWorx\ServoStudio\wpfui-servoStudio\samples\Wpf.Ui.servoStudio\ViewModels\DeviceSet\BusDiagnosticsViewModel.cs(942,37): warning IDE0055: 淇鏍煎紡 (https://learn.microsoft.com/dotnet/fundamentals/code-analysis/style-rules/ide0055) [C:\UserWorx\VSWorx\ServoStudio\wpfui-servoStudio\samples\Wpf.Ui.servoStudio\servoStudio.csproj]
C:\UserWorx\VSWorx\ServoStudio\wpfui-servoStudio\samples\Wpf.Ui.servoStudio\ViewModels\DeviceSet\BusDiagnosticsViewModel.cs(943,21): warning IDE0055: 淇鏍煎紡 (https://learn.microsoft.com/dotnet/fundamentals/code-analysis/style-rules/ide0055) [C:\UserWorx\VSWorx\ServoStudio\wpfui-servoStudio\samples\Wpf.Ui.servoStudio\servoStudio.csproj]
C:\UserWorx\VSWorx\ServoStudio\wpfui-servoStudio\samples\Wpf.Ui.servoStudio\ViewModels\DeviceSet\BusDiagnosticsViewModel.cs(943,41): warning IDE0055: 淇鏍煎紡 (https://learn.microsoft.com/dotnet/fundamentals/code-analysis/style-rules/ide0055) [C:\UserWorx\VSWorx\ServoStudio\wpfui-servoStudio\samples\Wpf.Ui.servoStudio\servoStudio.csproj]
C:\UserWorx\VSWorx\ServoStudio\wpfui-servoStudio\samples\Wpf.Ui.servoStudio\ViewModels\DeviceSet\BusDiagnosticsViewModel.cs(944,20): warning IDE0055: 淇鏍煎紡 (https://learn.microsoft.com/dotnet/fundamentals/code-analysis/style-rules/ide0055) [C:\UserWorx\VSWorx\ServoStudio\wpfui-servoStudio\samples\Wpf.Ui.servoStudio\servoStudio.csproj]
C:\UserWorx\VSWorx\ServoStudio\wpfui-servoStudio\samples\Wpf.Ui.servoStudio\ViewModels\DeviceSet\BusDiagnosticsViewModel.cs(944,40): warning IDE0055: 淇鏍煎紡 (https://learn.microsoft.com/dotnet/fundamentals/code-analysis/style-rules/ide0055) [C:\UserWorx\VSWorx\ServoStudio\wpfui-servoStudio\samples\Wpf.Ui.servoStudio\servoStudio.csproj]
C:\UserWorx\VSWorx\ServoStudio\wpfui-servoStudio\samples\Wpf.Ui.servoStudio\ViewModels\DeviceSet\BusDiagnosticsViewModel.cs(956,27): warning IDE0055: 淇鏍煎紡 (https://learn.microsoft.com/dotnet/fundamentals/code-analysis/style-rules/ide0055) [C:\UserWorx\VSWorx\ServoStudio\wpfui-servoStudio\samples\Wpf.Ui.servoStudio\servoStudio.csproj]
C:\UserWorx\VSWorx\ServoStudio\wpfui-servoStudio\samples\Wpf.Ui.servoStudio\Views\Pages\QuickControlPage.xaml.cs(324,9): warning IDE0008: 鐢ㄦ樉寮忕被鍨嬩唬鏇?"var" (https://learn.microsoft.com/dotnet/fundamentals/code-analysis/style-rules/ide0008) [C:\UserWorx\VSWorx\ServoStudio\wpfui-servoStudio\samples\Wpf.Ui.servoStudio\servoStudio.csproj]
C:\UserWorx\VSWorx\ServoStudio\wpfui-servoStudio\samples\Wpf.Ui.servoStudio\ViewModels\AppData\UserConfigViewModel.cs(282,9): warning IDE0011: 鍚?鈥渋f鈥?璇彞娣诲姞澶ф嫭鍙枫€?(https://learn.microsoft.com/dotnet/fundamentals/code-analysis/style-rules/ide0011) [C:\UserWorx\VSWorx\ServoStudio\wpfui-servoStudio\samples\Wpf.Ui.servoStudio\servoStudio.csproj]
C:\UserWorx\VSWorx\ServoStudio\wpfui-servoStudio\samples\Wpf.Ui.servoStudio\ViewModels\DeviceSet\BusDiagnosticsViewModel.cs(274,9): warning IDE2003: 鍧椾笌鍚庣画璇彞涔嬮棿闇€瑕佹湁绌虹櫧琛?(https://learn.microsoft.com/dotnet/fundamentals/code-analysis/style-rules/ide2003) [C:\UserWorx\VSWorx\ServoStudio\wpfui-servoStudio\samples\Wpf.Ui.servoStudio\servoStudio.csproj]
C:\UserWorx\VSWorx\ServoStudio\wpfui-servoStudio\samples\Wpf.Ui.servoStudio\ViewModels\DeviceSet\BusDiagnosticsViewModel.cs(385,9): warning IDE2003: 鍧椾笌鍚庣画璇彞涔嬮棿闇€瑕佹湁绌虹櫧琛?(https://learn.microsoft.com/dotnet/fundamentals/code-analysis/style-rules/ide2003) [C:\UserWorx\VSWorx\ServoStudio\wpfui-servoStudio\samples\Wpf.Ui.servoStudio\servoStudio.csproj]
C:\UserWorx\VSWorx\ServoStudio\wpfui-servoStudio\samples\Wpf.Ui.servoStudio\ViewModels\AppData\DataViewViewModel.cs(279,17): warning IDE0008: 鐢ㄦ樉寮忕被鍨嬩唬鏇?"var" (https://learn.microsoft.com/dotnet/fundamentals/code-analysis/style-rules/ide0008) [C:\UserWorx\VSWorx\ServoStudio\wpfui-servoStudio\samples\Wpf.Ui.servoStudio\servoStudio.csproj]
C:\UserWorx\VSWorx\ServoStudio\wpfui-servoStudio\samples\Wpf.Ui.servoStudio\ViewModels\DeviceSet\BusDiagnosticsViewModel.cs(667,9): warning IDE2003: 鍧椾笌鍚庣画璇彞涔嬮棿闇€瑕佹湁绌虹櫧琛?(https://learn.microsoft.com/dotnet/fundamentals/code-analysis/style-rules/ide2003) [C:\UserWorx\VSWorx\ServoStudio\wpfui-servoStudio\samples\Wpf.Ui.servoStudio\servoStudio.csproj]
C:\UserWorx\VSWorx\ServoStudio\wpfui-servoStudio\samples\Wpf.Ui.servoStudio\ViewModels\DeviceSet\BusDiagnosticsViewModel.cs(724,13): warning IDE2003: 鍧椾笌鍚庣画璇彞涔嬮棿闇€瑕佹湁绌虹櫧琛?(https://learn.microsoft.com/dotnet/fundamentals/code-analysis/style-rules/ide2003) [C:\UserWorx\VSWorx\ServoStudio\wpfui-servoStudio\samples\Wpf.Ui.servoStudio\servoStudio.csproj]
C:\UserWorx\VSWorx\ServoStudio\wpfui-servoStudio\samples\Wpf.Ui.servoStudio\ViewModels\DeviceSet\BusDiagnosticsViewModel.cs(761,9): warning IDE2003: 鍧椾笌鍚庣画璇彞涔嬮棿闇€瑕佹湁绌虹櫧琛?(https://learn.microsoft.com/dotnet/fundamentals/code-analysis/style-rules/ide2003) [C:\UserWorx\VSWorx\ServoStudio\wpfui-servoStudio\samples\Wpf.Ui.servoStudio\servoStudio.csproj]
C:\UserWorx\VSWorx\ServoStudio\wpfui-servoStudio\samples\Wpf.Ui.servoStudio\ViewModels\DeviceSet\BusDiagnosticsViewModel.cs(863,17): warning IDE2003: 鍧椾笌鍚庣画璇彞涔嬮棿闇€瑕佹湁绌虹櫧琛?(https://learn.microsoft.com/dotnet/fundamentals/code-analysis/style-rules/ide2003) [C:\UserWorx\VSWorx\ServoStudio\wpfui-servoStudio\samples\Wpf.Ui.servoStudio\servoStudio.csproj]
C:\UserWorx\VSWorx\ServoStudio\wpfui-servoStudio\samples\Wpf.Ui.servoStudio\ViewModels\DeviceSet\BusDiagnosticsViewModel.cs(899,9): warning IDE2003: 鍧椾笌鍚庣画璇彞涔嬮棿闇€瑕佹湁绌虹櫧琛?(https://learn.microsoft.com/dotnet/fundamentals/code-analysis/style-rules/ide2003) [C:\UserWorx\VSWorx\ServoStudio\wpfui-servoStudio\samples\Wpf.Ui.servoStudio\servoStudio.csproj]
C:\UserWorx\VSWorx\ServoStudio\wpfui-servoStudio\samples\Wpf.Ui.servoStudio\Views\Pages\QuickControlPage.xaml.cs(355,18): warning IDE0008: 鐢ㄦ樉寮忕被鍨嬩唬鏇?"var" (https://learn.microsoft.com/dotnet/fundamentals/code-analysis/style-rules/ide0008) [C:\UserWorx\VSWorx\ServoStudio\wpfui-servoStudio\samples\Wpf.Ui.servoStudio\servoStudio.csproj]
C:\UserWorx\VSWorx\ServoStudio\wpfui-servoStudio\samples\Wpf.Ui.servoStudio\ViewModels\AppData\UserConfigViewModel.cs(354,9): warning IDE0011: 鍚?鈥渋f鈥?璇彞娣诲姞澶ф嫭鍙枫€?(https://learn.microsoft.com/dotnet/fundamentals/code-analysis/style-rules/ide0011) [C:\UserWorx\VSWorx\ServoStudio\wpfui-servoStudio\samples\Wpf.Ui.servoStudio\servoStudio.csproj]
C:\UserWorx\VSWorx\ServoStudio\wpfui-servoStudio\samples\Wpf.Ui.servoStudio\ViewModels\AppData\AppLogViewModel.cs(380,9): warning IDE0011: 鍚?鈥渋f鈥?璇彞娣诲姞澶ф嫭鍙枫€?(https://learn.microsoft.com/dotnet/fundamentals/code-analysis/style-rules/ide0011) [C:\UserWorx\VSWorx\ServoStudio\wpfui-servoStudio\samples\Wpf.Ui.servoStudio\servoStudio.csproj]
C:\UserWorx\VSWorx\ServoStudio\wpfui-servoStudio\samples\Wpf.Ui.servoStudio\ViewModels\AppData\AppLogViewModel.cs(384,9): warning IDE0011: 鍚?鈥渋f鈥?璇彞娣诲姞澶ф嫭鍙枫€?(https://learn.microsoft.com/dotnet/fundamentals/code-analysis/style-rules/ide0011) [C:\UserWorx\VSWorx\ServoStudio\wpfui-servoStudio\samples\Wpf.Ui.servoStudio\servoStudio.csproj]
C:\UserWorx\VSWorx\ServoStudio\wpfui-servoStudio\samples\Wpf.Ui.servoStudio\Core\CANopen\SerialCanBus.cs(30,38): warning CA2213: 鈥淪erialCanBus鈥濆寘鍚?IDisposable 绫诲瀷鈥淐ancellationTokenSource?鈥濈殑瀛楁鈥淿rxCts鈥濓紝浣嗕粠鏈繘琛岄噴鏀俱€傝鏇存敼鈥淪erialCanBus鈥濅笂鐨?Dispose 鏂规硶浠ュ姝ゅ瓧娈佃皟鐢?Close 鎴?Dispose銆?(https://learn.microsoft.com/dotnet/fundamentals/code-analysis/quality-rules/ca2213) [C:\UserWorx\VSWorx\ServoStudio\wpfui-servoStudio\samples\Wpf.Ui.servoStudio\servoStudio.csproj]
C:\UserWorx\VSWorx\ServoStudio\wpfui-servoStudio\samples\Wpf.Ui.servoStudio\ViewModels\AppData\DataViewViewModel.cs(352,18): warning IDE0008: 鐢ㄦ樉寮忕被鍨嬩唬鏇?"var" (https://learn.microsoft.com/dotnet/fundamentals/code-analysis/style-rules/ide0008) [C:\UserWorx\VSWorx\ServoStudio\wpfui-servoStudio\samples\Wpf.Ui.servoStudio\servoStudio.csproj]
C:\UserWorx\VSWorx\ServoStudio\wpfui-servoStudio\samples\Wpf.Ui.servoStudio\Helpers\SoemFoEInterop.cs(40,57): warning CA2101: 鎸囧畾瀵?P/Invoke 瀛楃涓插弬鏁拌繘琛屽皝閫佸鐞?(https://learn.microsoft.com/dotnet/fundamentals/code-analysis/quality-rules/ca2101) [C:\UserWorx\VSWorx\ServoStudio\wpfui-servoStudio\samples\Wpf.Ui.servoStudio\servoStudio.csproj]
C:\UserWorx\VSWorx\ServoStudio\wpfui-servoStudio\samples\Wpf.Ui.servoStudio\ViewModels\ViewModel.cs(28,29): warning CA2213: 鈥淰iewModel鈥濆寘鍚?IDisposable 绫诲瀷鈥淪erialPortStream鈥濈殑瀛楁鈥渧com鈥濓紝浣嗕粠鏈繘琛岄噴鏀俱€傝鏇存敼鈥淰iewModel鈥濅笂鐨?Dispose 鏂规硶浠ュ姝ゅ瓧娈佃皟鐢?Close 鎴?Dispose銆?(https://learn.microsoft.com/dotnet/fundamentals/code-analysis/quality-rules/ca2213) [C:\UserWorx\VSWorx\ServoStudio\wpfui-servoStudio\samples\Wpf.Ui.servoStudio\servoStudio.csproj]
C:\UserWorx\VSWorx\ServoStudio\wpfui-servoStudio\samples\Wpf.Ui.servoStudio\Helpers\SoemFoEInterop.cs(55,75): warning CA2101: 鎸囧畾瀵?P/Invoke 瀛楃涓插弬鏁拌繘琛屽皝閫佸鐞?(https://learn.microsoft.com/dotnet/fundamentals/code-analysis/quality-rules/ca2101) [C:\UserWorx\VSWorx\ServoStudio\wpfui-servoStudio\samples\Wpf.Ui.servoStudio\servoStudio.csproj]
C:\UserWorx\VSWorx\ServoStudio\wpfui-servoStudio\samples\Wpf.Ui.servoStudio\Helpers\SoemFoEInterop.cs(58,74): warning CA2101: 鎸囧畾瀵?P/Invoke 瀛楃涓插弬鏁拌繘琛屽皝閫佸鐞?(https://learn.microsoft.com/dotnet/fundamentals/code-analysis/quality-rules/ca2101) [C:\UserWorx\VSWorx\ServoStudio\wpfui-servoStudio\samples\Wpf.Ui.servoStudio\servoStudio.csproj]
C:\UserWorx\VSWorx\ServoStudio\wpfui-servoStudio\samples\Wpf.Ui.servoStudio\Helpers\SoemFoEInterop.cs(120,10): warning CA2101: 鎸囧畾瀵?P/Invoke 瀛楃涓插弬鏁拌繘琛屽皝閫佸鐞?(https://learn.microsoft.com/dotnet/fundamentals/code-analysis/quality-rules/ca2101) [C:\UserWorx\VSWorx\ServoStudio\wpfui-servoStudio\samples\Wpf.Ui.servoStudio\servoStudio.csproj]
C:\UserWorx\VSWorx\ServoStudio\wpfui-servoStudio\samples\Wpf.Ui.servoStudio\Helpers\SoemFoEInterop.cs(122,10): warning CA2101: 鎸囧畾瀵?P/Invoke 瀛楃涓插弬鏁拌繘琛屽皝閫佸鐞?(https://learn.microsoft.com/dotnet/fundamentals/code-analysis/quality-rules/ca2101) [C:\UserWorx\VSWorx\ServoStudio\wpfui-servoStudio\samples\Wpf.Ui.servoStudio\servoStudio.csproj]
C:\UserWorx\VSWorx\ServoStudio\wpfui-servoStudio\samples\Wpf.Ui.servoStudio\Core\Modbus\ModbusRtuMaster.cs(548,21): warning IDE0058: 姘歌繙涓嶄細浣跨敤琛ㄨ揪寮忓€?(https://learn.microsoft.com/dotnet/fundamentals/code-analysis/style-rules/ide0058) [C:\UserWorx\VSWorx\ServoStudio\wpfui-servoStudio\samples\Wpf.Ui.servoStudio\servoStudio.csproj]
C:\UserWorx\VSWorx\ServoStudio\wpfui-servoStudio\samples\Wpf.Ui.servoStudio\Helpers\SoemFoEInterop.cs(161,13): warning IDE0011: 鍚?鈥渋f鈥?璇彞娣诲姞澶ф嫭鍙枫€?(https://learn.microsoft.com/dotnet/fundamentals/code-analysis/style-rules/ide0011) [C:\UserWorx\VSWorx\ServoStudio\wpfui-servoStudio\samples\Wpf.Ui.servoStudio\servoStudio.csproj]
C:\UserWorx\VSWorx\ServoStudio\wpfui-servoStudio\samples\Wpf.Ui.servoStudio\Helpers\SoemFoEInterop.cs(181,13): warning IDE0011: 鍚?鈥渋f鈥?璇彞娣诲姞澶ф嫭鍙枫€?(https://learn.microsoft.com/dotnet/fundamentals/code-analysis/style-rules/ide0011) [C:\UserWorx\VSWorx\ServoStudio\wpfui-servoStudio\samples\Wpf.Ui.servoStudio\servoStudio.csproj]
C:\UserWorx\VSWorx\ServoStudio\wpfui-servoStudio\samples\Wpf.Ui.servoStudio\Helpers\SoemFoEInterop.cs(184,13): warning IDE0011: 鍚?鈥渋f鈥?璇彞娣诲姞澶ф嫭鍙枫€?(https://learn.microsoft.com/dotnet/fundamentals/code-analysis/style-rules/ide0011) [C:\UserWorx\VSWorx\ServoStudio\wpfui-servoStudio\samples\Wpf.Ui.servoStudio\servoStudio.csproj]
C:\UserWorx\VSWorx\ServoStudio\wpfui-servoStudio\samples\Wpf.Ui.servoStudio\ViewModels\AppData\DataViewViewModel.cs(361,18): warning IDE0008: 鐢ㄦ樉寮忕被鍨嬩唬鏇?"var" (https://learn.microsoft.com/dotnet/fundamentals/code-analysis/style-rules/ide0008) [C:\UserWorx\VSWorx\ServoStudio\wpfui-servoStudio\samples\Wpf.Ui.servoStudio\servoStudio.csproj]
C:\UserWorx\VSWorx\ServoStudio\wpfui-servoStudio\samples\Wpf.Ui.servoStudio\ViewModels\AppData\UserConfigViewModel.cs(502,9): warning IDE0011: 鍚?鈥渋f鈥?璇彞娣诲姞澶ф嫭鍙枫€?(https://learn.microsoft.com/dotnet/fundamentals/code-analysis/style-rules/ide0011) [C:\UserWorx\VSWorx\ServoStudio\wpfui-servoStudio\samples\Wpf.Ui.servoStudio\servoStudio.csproj]
C:\UserWorx\VSWorx\ServoStudio\wpfui-servoStudio\samples\Wpf.Ui.servoStudio\ViewModels\AppData\AppLogViewModel.cs(401,9): warning IDE0011: 鍚?鈥渋f鈥?璇彞娣诲姞澶ф嫭鍙枫€?(https://learn.microsoft.com/dotnet/fundamentals/code-analysis/style-rules/ide0011) [C:\UserWorx\VSWorx\ServoStudio\wpfui-servoStudio\samples\Wpf.Ui.servoStudio\servoStudio.csproj]
C:\UserWorx\VSWorx\ServoStudio\wpfui-servoStudio\samples\Wpf.Ui.servoStudio\ViewModels\AppData\AppLogViewModel.cs(406,9): warning IDE0011: 鍚?鈥渋f鈥?璇彞娣诲姞澶ф嫭鍙枫€?(https://learn.microsoft.com/dotnet/fundamentals/code-analysis/style-rules/ide0011) [C:\UserWorx\VSWorx\ServoStudio\wpfui-servoStudio\samples\Wpf.Ui.servoStudio\servoStudio.csproj]
C:\UserWorx\VSWorx\ServoStudio\wpfui-servoStudio\samples\Wpf.Ui.servoStudio\ViewModels\AppData\AppLogViewModel.cs(409,9): warning IDE0011: 鍚?鈥渋f鈥?璇彞娣诲姞澶ф嫭鍙枫€?(https://learn.microsoft.com/dotnet/fundamentals/code-analysis/style-rules/ide0011) [C:\UserWorx\VSWorx\ServoStudio\wpfui-servoStudio\samples\Wpf.Ui.servoStudio\servoStudio.csproj]
C:\UserWorx\VSWorx\ServoStudio\wpfui-servoStudio\samples\Wpf.Ui.servoStudio\ViewModels\AppData\AppLogViewModel.cs(424,9): warning IDE0011: 鍚?鈥渋f鈥?璇彞娣诲姞澶ф嫭鍙枫€?(https://learn.microsoft.com/dotnet/fundamentals/code-analysis/style-rules/ide0011) [C:\UserWorx\VSWorx\ServoStudio\wpfui-servoStudio\samples\Wpf.Ui.servoStudio\servoStudio.csproj]
C:\UserWorx\VSWorx\ServoStudio\wpfui-servoStudio\samples\Wpf.Ui.servoStudio\Views\Pages\QuickControlPage.xaml.cs(489,13): warning IDE0008: 鐢ㄦ樉寮忕被鍨嬩唬鏇?"var" (https://learn.microsoft.com/dotnet/fundamentals/code-analysis/style-rules/ide0008) [C:\UserWorx\VSWorx\ServoStudio\wpfui-servoStudio\samples\Wpf.Ui.servoStudio\servoStudio.csproj]
C:\UserWorx\VSWorx\ServoStudio\wpfui-servoStudio\samples\Wpf.Ui.servoStudio\ViewModels\AppData\UserConfigViewModel.cs(529,9): warning IDE0011: 鍚?鈥渋f鈥?璇彞娣诲姞澶ф嫭鍙枫€?(https://learn.microsoft.com/dotnet/fundamentals/code-analysis/style-rules/ide0011) [C:\UserWorx\VSWorx\ServoStudio\wpfui-servoStudio\samples\Wpf.Ui.servoStudio\servoStudio.csproj]
C:\UserWorx\VSWorx\ServoStudio\wpfui-servoStudio\samples\Wpf.Ui.servoStudio\Core\CANopen\Adapters\ZlgKernelDllScanner.cs(420,13): warning IDE0008: 鐢ㄦ樉寮忕被鍨嬩唬鏇?"var" (https://learn.microsoft.com/dotnet/fundamentals/code-analysis/style-rules/ide0008) [C:\UserWorx\VSWorx\ServoStudio\wpfui-servoStudio\samples\Wpf.Ui.servoStudio\servoStudio.csproj]
C:\UserWorx\VSWorx\ServoStudio\wpfui-servoStudio\samples\Wpf.Ui.servoStudio\ViewModels\AppData\AppLogViewModel.cs(432,9): warning IDE0011: 鍚?鈥渋f鈥?璇彞娣诲姞澶ф嫭鍙枫€?(https://learn.microsoft.com/dotnet/fundamentals/code-analysis/style-rules/ide0011) [C:\UserWorx\VSWorx\ServoStudio\wpfui-servoStudio\samples\Wpf.Ui.servoStudio\servoStudio.csproj]
C:\UserWorx\VSWorx\ServoStudio\wpfui-servoStudio\samples\Wpf.Ui.servoStudio\ViewModels\AppData\AppLogViewModel.cs(434,9): warning IDE0011: 鍚?鈥渋f鈥?璇彞娣诲姞澶ф嫭鍙枫€?(https://learn.microsoft.com/dotnet/fundamentals/code-analysis/style-rules/ide0011) [C:\UserWorx\VSWorx\ServoStudio\wpfui-servoStudio\samples\Wpf.Ui.servoStudio\servoStudio.csproj]
C:\UserWorx\VSWorx\ServoStudio\wpfui-servoStudio\samples\Wpf.Ui.servoStudio\ViewModels\AppData\AppLogViewModel.cs(436,9): warning IDE0011: 鍚?鈥渋f鈥?璇彞娣诲姞澶ф嫭鍙枫€?(https://learn.microsoft.com/dotnet/fundamentals/code-analysis/style-rules/ide0011) [C:\UserWorx\VSWorx\ServoStudio\wpfui-servoStudio\samples\Wpf.Ui.servoStudio\servoStudio.csproj]
C:\UserWorx\VSWorx\ServoStudio\wpfui-servoStudio\samples\Wpf.Ui.servoStudio\Core\CANopen\Adapters\ZlgCanBus.cs(571,10): warning CA2101: 鎸囧畾瀵?P/Invoke 瀛楃涓插弬鏁拌繘琛屽皝閫佸鐞?(https://learn.microsoft.com/dotnet/fundamentals/code-analysis/quality-rules/ca2101) [C:\UserWorx\VSWorx\ServoStudio\wpfui-servoStudio\samples\Wpf.Ui.servoStudio\servoStudio.csproj]
C:\UserWorx\VSWorx\ServoStudio\wpfui-servoStudio\samples\Wpf.Ui.servoStudio\Core\CANopen\Adapters\ZlgCanBus.cs(572,10): warning CA2101: 鎸囧畾瀵?P/Invoke 瀛楃涓插弬鏁拌繘琛屽皝閫佸鐞?(https://learn.microsoft.com/dotnet/fundamentals/code-analysis/quality-rules/ca2101) [C:\UserWorx\VSWorx\ServoStudio\wpfui-servoStudio\samples\Wpf.Ui.servoStudio\servoStudio.csproj]
C:\UserWorx\VSWorx\ServoStudio\wpfui-servoStudio\samples\Wpf.Ui.servoStudio\Helpers\SoemFoEInterop.cs(232,9): warning IDE0011: 鍚?鈥渋f鈥?璇彞娣诲姞澶ф嫭鍙枫€?(https://learn.microsoft.com/dotnet/fundamentals/code-analysis/style-rules/ide0011) [C:\UserWorx\VSWorx\ServoStudio\wpfui-servoStudio\samples\Wpf.Ui.servoStudio\servoStudio.csproj]
C:\UserWorx\VSWorx\ServoStudio\wpfui-servoStudio\samples\Wpf.Ui.servoStudio\Helpers\SoemFoEInterop.cs(261,17): warning IDE0011: 鍚?鈥渇oreach鈥?璇彞娣诲姞澶ф嫭鍙枫€?(https://learn.microsoft.com/dotnet/fundamentals/code-analysis/style-rules/ide0011) [C:\UserWorx\VSWorx\ServoStudio\wpfui-servoStudio\samples\Wpf.Ui.servoStudio\servoStudio.csproj]
C:\UserWorx\VSWorx\ServoStudio\wpfui-servoStudio\samples\Wpf.Ui.servoStudio\Helpers\SoemFoEInterop.cs(274,17): warning IDE0011: 鍚?鈥渋f鈥?璇彞娣诲姞澶ф嫭鍙枫€?(https://learn.microsoft.com/dotnet/fundamentals/code-analysis/style-rules/ide0011) [C:\UserWorx\VSWorx\ServoStudio\wpfui-servoStudio\samples\Wpf.Ui.servoStudio\servoStudio.csproj]
C:\UserWorx\VSWorx\ServoStudio\wpfui-servoStudio\samples\Wpf.Ui.servoStudio\ViewModels\AppData\AppLogViewModel.cs(495,9): warning IDE0011: 鍚?鈥渋f鈥?璇彞娣诲姞澶ф嫭鍙枫€?(https://learn.microsoft.com/dotnet/fundamentals/code-analysis/style-rules/ide0011) [C:\UserWorx\VSWorx\ServoStudio\wpfui-servoStudio\samples\Wpf.Ui.servoStudio\servoStudio.csproj]
C:\UserWorx\VSWorx\ServoStudio\wpfui-servoStudio\samples\Wpf.Ui.servoStudio\ViewModels\AppData\AppLogViewModel.cs(502,9): warning IDE0011: 鍚?鈥渋f鈥?璇彞娣诲姞澶ф嫭鍙枫€?(https://learn.microsoft.com/dotnet/fundamentals/code-analysis/style-rules/ide0011) [C:\UserWorx\VSWorx\ServoStudio\wpfui-servoStudio\samples\Wpf.Ui.servoStudio\servoStudio.csproj]
C:\UserWorx\VSWorx\ServoStudio\wpfui-servoStudio\samples\Wpf.Ui.servoStudio\ViewModels\AppData\AppLogViewModel.cs(504,9): warning IDE0011: 鍚?鈥渆lse鈥?璇彞娣诲姞澶ф嫭鍙枫€?(https://learn.microsoft.com/dotnet/fundamentals/code-analysis/style-rules/ide0011) [C:\UserWorx\VSWorx\ServoStudio\wpfui-servoStudio\samples\Wpf.Ui.servoStudio\servoStudio.csproj]
C:\UserWorx\VSWorx\ServoStudio\wpfui-servoStudio\samples\Wpf.Ui.servoStudio\ViewModels\AppData\DataViewViewModel.cs(450,13): warning IDE0011: 鍚?鈥渋f鈥?璇彞娣诲姞澶ф嫭鍙枫€?(https://learn.microsoft.com/dotnet/fundamentals/code-analysis/style-rules/ide0011) [C:\UserWorx\VSWorx\ServoStudio\wpfui-servoStudio\samples\Wpf.Ui.servoStudio\servoStudio.csproj]
C:\UserWorx\VSWorx\ServoStudio\wpfui-servoStudio\samples\Wpf.Ui.servoStudio\ViewModels\AppData\DataViewViewModel.cs(449,13): warning IDE0008: 鐢ㄦ樉寮忕被鍨嬩唬鏇?"var" (https://learn.microsoft.com/dotnet/fundamentals/code-analysis/style-rules/ide0008) [C:\UserWorx\VSWorx\ServoStudio\wpfui-servoStudio\samples\Wpf.Ui.servoStudio\servoStudio.csproj]
C:\UserWorx\VSWorx\ServoStudio\wpfui-servoStudio\samples\Wpf.Ui.servoStudio\ViewModels\AppData\AppLogViewModel.cs(522,9): warning IDE0011: 鍚?鈥渋f鈥?璇彞娣诲姞澶ф嫭鍙枫€?(https://learn.microsoft.com/dotnet/fundamentals/code-analysis/style-rules/ide0011) [C:\UserWorx\VSWorx\ServoStudio\wpfui-servoStudio\samples\Wpf.Ui.servoStudio\servoStudio.csproj]
C:\UserWorx\VSWorx\ServoStudio\wpfui-servoStudio\samples\Wpf.Ui.servoStudio\ViewModels\AppData\DataViewViewModel.cs(452,71): warning IDE0008: 鐢ㄦ樉寮忕被鍨嬩唬鏇?"var" (https://learn.microsoft.com/dotnet/fundamentals/code-analysis/style-rules/ide0008) [C:\UserWorx\VSWorx\ServoStudio\wpfui-servoStudio\samples\Wpf.Ui.servoStudio\servoStudio.csproj]
C:\UserWorx\VSWorx\ServoStudio\wpfui-servoStudio\samples\Wpf.Ui.servoStudio\ViewModels\AppData\DataViewViewModel.cs(463,18): warning IDE0008: 鐢ㄦ樉寮忕被鍨嬩唬鏇?"var" (https://learn.microsoft.com/dotnet/fundamentals/code-analysis/style-rules/ide0008) [C:\UserWorx\VSWorx\ServoStudio\wpfui-servoStudio\samples\Wpf.Ui.servoStudio\servoStudio.csproj]
C:\UserWorx\VSWorx\ServoStudio\wpfui-servoStudio\samples\Wpf.Ui.servoStudio\ViewModels\AppData\DataViewViewModel.cs(471,9): warning IDE0011: 鍚?鈥渋f鈥?璇彞娣诲姞澶ф嫭鍙枫€?(https://learn.microsoft.com/dotnet/fundamentals/code-analysis/style-rules/ide0011) [C:\UserWorx\VSWorx\ServoStudio\wpfui-servoStudio\samples\Wpf.Ui.servoStudio\servoStudio.csproj]
C:\UserWorx\VSWorx\ServoStudio\wpfui-servoStudio\samples\Wpf.Ui.servoStudio\ViewModels\AppData\DataViewViewModel.cs(472,18): warning IDE0008: 鐢ㄦ樉寮忕被鍨嬩唬鏇?"var" (https://learn.microsoft.com/dotnet/fundamentals/code-analysis/style-rules/ide0008) [C:\UserWorx\VSWorx\ServoStudio\wpfui-servoStudio\samples\Wpf.Ui.servoStudio\servoStudio.csproj]
C:\UserWorx\VSWorx\ServoStudio\wpfui-servoStudio\samples\Wpf.Ui.servoStudio\ViewModels\AppData\AppLogViewModel.cs(529,9): warning IDE0011: 鍚?鈥渋f鈥?璇彞娣诲姞澶ф嫭鍙枫€?(https://learn.microsoft.com/dotnet/fundamentals/code-analysis/style-rules/ide0011) [C:\UserWorx\VSWorx\ServoStudio\wpfui-servoStudio\samples\Wpf.Ui.servoStudio\servoStudio.csproj]
C:\UserWorx\VSWorx\ServoStudio\wpfui-servoStudio\samples\Wpf.Ui.servoStudio\ViewModels\AppData\DataViewViewModel.cs(480,9): warning IDE0011: 鍚?鈥渋f鈥?璇彞娣诲姞澶ф嫭鍙枫€?(https://learn.microsoft.com/dotnet/fundamentals/code-analysis/style-rules/ide0011) [C:\UserWorx\VSWorx\ServoStudio\wpfui-servoStudio\samples\Wpf.Ui.servoStudio\servoStudio.csproj]
C:\UserWorx\VSWorx\ServoStudio\wpfui-servoStudio\samples\Wpf.Ui.servoStudio\ViewModels\AppData\DataViewViewModel.cs(487,9): warning IDE0011: 鍚?鈥渋f鈥?璇彞娣诲姞澶ф嫭鍙枫€?(https://learn.microsoft.com/dotnet/fundamentals/code-analysis/style-rules/ide0011) [C:\UserWorx\VSWorx\ServoStudio\wpfui-servoStudio\samples\Wpf.Ui.servoStudio\servoStudio.csproj]
C:\UserWorx\VSWorx\ServoStudio\wpfui-servoStudio\samples\Wpf.Ui.servoStudio\ViewModels\AppData\DataViewViewModel.cs(490,13): warning IDE0008: 鐢ㄦ樉寮忕被鍨嬩唬鏇?"var" (https://learn.microsoft.com/dotnet/fundamentals/code-analysis/style-rules/ide0008) [C:\UserWorx\VSWorx\ServoStudio\wpfui-servoStudio\samples\Wpf.Ui.servoStudio\servoStudio.csproj]
C:\UserWorx\VSWorx\ServoStudio\wpfui-servoStudio\samples\Wpf.Ui.servoStudio\ViewModels\AppData\DataViewViewModel.cs(494,22): warning IDE0008: 鐢ㄦ樉寮忕被鍨嬩唬鏇?"var" (https://learn.microsoft.com/dotnet/fundamentals/code-analysis/style-rules/ide0008) [C:\UserWorx\VSWorx\ServoStudio\wpfui-servoStudio\samples\Wpf.Ui.servoStudio\servoStudio.csproj]
C:\UserWorx\VSWorx\ServoStudio\wpfui-servoStudio\samples\Wpf.Ui.servoStudio\Views\Pages\MotionPages\MotionProfilePage.xaml.cs(96,9): warning IDE0008: 鐢ㄦ樉寮忕被鍨嬩唬鏇?"var" (https://learn.microsoft.com/dotnet/fundamentals/code-analysis/style-rules/ide0008) [C:\UserWorx\VSWorx\ServoStudio\wpfui-servoStudio\samples\Wpf.Ui.servoStudio\servoStudio.csproj]
C:\UserWorx\VSWorx\ServoStudio\wpfui-servoStudio\samples\Wpf.Ui.servoStudio\Views\Pages\MotionPages\MotionProfilePage.xaml.cs(119,9): warning IDE0008: 鐢ㄦ樉寮忕被鍨嬩唬鏇?"var" (https://learn.microsoft.com/dotnet/fundamentals/code-analysis/style-rules/ide0008) [C:\UserWorx\VSWorx\ServoStudio\wpfui-servoStudio\samples\Wpf.Ui.servoStudio\servoStudio.csproj]
C:\UserWorx\VSWorx\ServoStudio\wpfui-servoStudio\samples\Wpf.Ui.servoStudio\Views\Pages\MotionPages\MotionProfilePage.xaml.cs(150,13): warning IDE0008: 鐢ㄦ樉寮忕被鍨嬩唬鏇?"var" (https://learn.microsoft.com/dotnet/fundamentals/code-analysis/style-rules/ide0008) [C:\UserWorx\VSWorx\ServoStudio\wpfui-servoStudio\samples\Wpf.Ui.servoStudio\servoStudio.csproj]
C:\UserWorx\VSWorx\ServoStudio\wpfui-servoStudio\samples\Wpf.Ui.servoStudio\ViewModels\AppData\AppLogViewModel.cs(559,9): warning IDE0011: 鍚?鈥渋f鈥?璇彞娣诲姞澶ф嫭鍙枫€?(https://learn.microsoft.com/dotnet/fundamentals/code-analysis/style-rules/ide0011) [C:\UserWorx\VSWorx\ServoStudio\wpfui-servoStudio\samples\Wpf.Ui.servoStudio\servoStudio.csproj]
C:\UserWorx\VSWorx\ServoStudio\wpfui-servoStudio\samples\Wpf.Ui.servoStudio\ViewModels\AppData\AppLogViewModel.cs(570,17): warning IDE0011: 鍚?鈥渇oreach鈥?璇彞娣诲姞澶ф嫭鍙枫€?(https://learn.microsoft.com/dotnet/fundamentals/code-analysis/style-rules/ide0011) [C:\UserWorx\VSWorx\ServoStudio\wpfui-servoStudio\samples\Wpf.Ui.servoStudio\servoStudio.csproj]
C:\UserWorx\VSWorx\ServoStudio\wpfui-servoStudio\samples\Wpf.Ui.servoStudio\ViewModels\AppData\AppLogViewModel.cs(575,17): warning IDE0011: 鍚?鈥渇oreach鈥?璇彞娣诲姞澶ф嫭鍙枫€?(https://learn.microsoft.com/dotnet/fundamentals/code-analysis/style-rules/ide0011) [C:\UserWorx\VSWorx\ServoStudio\wpfui-servoStudio\samples\Wpf.Ui.servoStudio\servoStudio.csproj]
C:\UserWorx\VSWorx\ServoStudio\wpfui-servoStudio\samples\Wpf.Ui.servoStudio\Views\Pages\MotionPages\MotionProfilePage.xaml.cs(160,9): warning IDE0008: 鐢ㄦ樉寮忕被鍨嬩唬鏇?"var" (https://learn.microsoft.com/dotnet/fundamentals/code-analysis/style-rules/ide0008) [C:\UserWorx\VSWorx\ServoStudio\wpfui-servoStudio\samples\Wpf.Ui.servoStudio\servoStudio.csproj]
C:\UserWorx\VSWorx\ServoStudio\wpfui-servoStudio\samples\Wpf.Ui.servoStudio\Views\Pages\MotionPages\MotionProfilePage.xaml.cs(126,13): warning IDE0058: 姘歌繙涓嶄細浣跨敤琛ㄨ揪寮忓€?(https://learn.microsoft.com/dotnet/fundamentals/code-analysis/style-rules/ide0058) [C:\UserWorx\VSWorx\ServoStudio\wpfui-servoStudio\samples\Wpf.Ui.servoStudio\servoStudio.csproj]
C:\UserWorx\VSWorx\ServoStudio\wpfui-servoStudio\samples\Wpf.Ui.servoStudio\Views\Pages\MotionPages\MotionProfilePage.xaml.cs(215,9): warning IDE0008: 鐢ㄦ樉寮忕被鍨嬩唬鏇?"var" (https://learn.microsoft.com/dotnet/fundamentals/code-analysis/style-rules/ide0008) [C:\UserWorx\VSWorx\ServoStudio\wpfui-servoStudio\samples\Wpf.Ui.servoStudio\servoStudio.csproj]
C:\UserWorx\VSWorx\ServoStudio\wpfui-servoStudio\samples\Wpf.Ui.servoStudio\ViewModels\AppData\AppLogViewModel.cs(619,13): warning IDE0011: 鍚?鈥渇oreach鈥?璇彞娣诲姞澶ф嫭鍙枫€?(https://learn.microsoft.com/dotnet/fundamentals/code-analysis/style-rules/ide0011) [C:\UserWorx\VSWorx\ServoStudio\wpfui-servoStudio\samples\Wpf.Ui.servoStudio\servoStudio.csproj]
C:\UserWorx\VSWorx\ServoStudio\wpfui-servoStudio\samples\Wpf.Ui.servoStudio\Views\Pages\MotionPages\MotionProfilePage.xaml.cs(236,18): warning IDE0008: 鐢ㄦ樉寮忕被鍨嬩唬鏇?"var" (https://learn.microsoft.com/dotnet/fundamentals/code-analysis/style-rules/ide0008) [C:\UserWorx\VSWorx\ServoStudio\wpfui-servoStudio\samples\Wpf.Ui.servoStudio\servoStudio.csproj]
C:\UserWorx\VSWorx\ServoStudio\wpfui-servoStudio\samples\Wpf.Ui.servoStudio\ViewModels\AppData\DataViewViewModel.cs(516,9): warning IDE0008: 鐢ㄦ樉寮忕被鍨嬩唬鏇?"var" (https://learn.microsoft.com/dotnet/fundamentals/code-analysis/style-rules/ide0008) [C:\UserWorx\VSWorx\ServoStudio\wpfui-servoStudio\samples\Wpf.Ui.servoStudio\servoStudio.csproj]
C:\UserWorx\VSWorx\ServoStudio\wpfui-servoStudio\samples\Wpf.Ui.servoStudio\Views\Pages\MotionPages\MotionProfilePage.xaml.cs(255,9): warning IDE0011: 鍚?鈥渋f鈥?璇彞娣诲姞澶ф嫭鍙枫€?(https://learn.microsoft.com/dotnet/fundamentals/code-analysis/style-rules/ide0011) [C:\UserWorx\VSWorx\ServoStudio\wpfui-servoStudio\samples\Wpf.Ui.servoStudio\servoStudio.csproj]
C:\UserWorx\VSWorx\ServoStudio\wpfui-servoStudio\samples\Wpf.Ui.servoStudio\Views\Pages\MotionPages\MotionProfilePage.xaml.cs(254,9): warning IDE0008: 鐢ㄦ樉寮忕被鍨嬩唬鏇?"var" (https://learn.microsoft.com/dotnet/fundamentals/code-analysis/style-rules/ide0008) [C:\UserWorx\VSWorx\ServoStudio\wpfui-servoStudio\samples\Wpf.Ui.servoStudio\servoStudio.csproj]
C:\UserWorx\VSWorx\ServoStudio\wpfui-servoStudio\samples\Wpf.Ui.servoStudio\ViewModels\AppData\DataViewViewModel.cs(561,13): warning IDE0008: 鐢ㄦ樉寮忕被鍨嬩唬鏇?"var" (https://learn.microsoft.com/dotnet/fundamentals/code-analysis/style-rules/ide0008) [C:\UserWorx\VSWorx\ServoStudio\wpfui-servoStudio\samples\Wpf.Ui.servoStudio\servoStudio.csproj]
C:\UserWorx\VSWorx\ServoStudio\wpfui-servoStudio\samples\Wpf.Ui.servoStudio\ViewModels\AppData\DataViewViewModel.cs(564,22): warning IDE0008: 鐢ㄦ樉寮忕被鍨嬩唬鏇?"var" (https://learn.microsoft.com/dotnet/fundamentals/code-analysis/style-rules/ide0008) [C:\UserWorx\VSWorx\ServoStudio\wpfui-servoStudio\samples\Wpf.Ui.servoStudio\servoStudio.csproj]
C:\UserWorx\VSWorx\ServoStudio\wpfui-servoStudio\samples\Wpf.Ui.servoStudio\ViewModels\AppData\DataViewViewModel.cs(566,17): warning IDE0008: 鐢ㄦ樉寮忕被鍨嬩唬鏇?"var" (https://learn.microsoft.com/dotnet/fundamentals/code-analysis/style-rules/ide0008) [C:\UserWorx\VSWorx\ServoStudio\wpfui-servoStudio\samples\Wpf.Ui.servoStudio\servoStudio.csproj]
C:\UserWorx\VSWorx\ServoStudio\wpfui-servoStudio\samples\Wpf.Ui.servoStudio\ViewModels\AppData\DataViewViewModel.cs(605,22): warning IDE0008: 鐢ㄦ樉寮忕被鍨嬩唬鏇?"var" (https://learn.microsoft.com/dotnet/fundamentals/code-analysis/style-rules/ide0008) [C:\UserWorx\VSWorx\ServoStudio\wpfui-servoStudio\samples\Wpf.Ui.servoStudio\servoStudio.csproj]
C:\UserWorx\VSWorx\ServoStudio\wpfui-servoStudio\samples\Wpf.Ui.servoStudio\Views\Pages\MotionPages\MotionProfilePage.xaml.cs(82,13): warning IDE0011: 鍚?鈥渋f鈥?璇彞娣诲姞澶ф嫭鍙枫€?(https://learn.microsoft.com/dotnet/fundamentals/code-analysis/style-rules/ide0011) [C:\UserWorx\VSWorx\ServoStudio\wpfui-servoStudio\samples\Wpf.Ui.servoStudio\servoStudio.csproj]
C:\UserWorx\VSWorx\ServoStudio\wpfui-servoStudio\samples\Wpf.Ui.servoStudio\ViewModels\AppData\DataSaveViewModel.cs(731,13): warning IDE0011: 鍚?鈥渋f鈥?璇彞娣诲姞澶ф嫭鍙枫€?(https://learn.microsoft.com/dotnet/fundamentals/code-analysis/style-rules/ide0011) [C:\UserWorx\VSWorx\ServoStudio\wpfui-servoStudio\samples\Wpf.Ui.servoStudio\servoStudio.csproj]
C:\UserWorx\VSWorx\ServoStudio\wpfui-servoStudio\samples\Wpf.Ui.servoStudio\Views\Pages\MotionPages\MotionProfilePage.xaml.cs(267,9): warning IDE0008: 鐢ㄦ樉寮忕被鍨嬩唬鏇?"var" (https://learn.microsoft.com/dotnet/fundamentals/code-analysis/style-rules/ide0008) [C:\UserWorx\VSWorx\ServoStudio\wpfui-servoStudio\samples\Wpf.Ui.servoStudio\servoStudio.csproj]
C:\UserWorx\VSWorx\ServoStudio\wpfui-servoStudio\samples\Wpf.Ui.servoStudio\Views\Pages\MotionPages\MotionProfilePage.xaml.cs(272,13): warning IDE0008: 鐢ㄦ樉寮忕被鍨嬩唬鏇?"var" (https://learn.microsoft.com/dotnet/fundamentals/code-analysis/style-rules/ide0008) [C:\UserWorx\VSWorx\ServoStudio\wpfui-servoStudio\samples\Wpf.Ui.servoStudio\servoStudio.csproj]
C:\UserWorx\VSWorx\ServoStudio\wpfui-servoStudio\samples\Wpf.Ui.servoStudio\Views\Pages\MotionPages\MotionProfilePage.xaml.cs(285,9): warning IDE0008: 鐢ㄦ樉寮忕被鍨嬩唬鏇?"var" (https://learn.microsoft.com/dotnet/fundamentals/code-analysis/style-rules/ide0008) [C:\UserWorx\VSWorx\ServoStudio\wpfui-servoStudio\samples\Wpf.Ui.servoStudio\servoStudio.csproj]
C:\UserWorx\VSWorx\ServoStudio\wpfui-servoStudio\samples\Wpf.Ui.servoStudio\Views\Pages\MotionPages\MotionProfilePage.xaml.cs(289,9): warning IDE0008: 鐢ㄦ樉寮忕被鍨嬩唬鏇?"var" (https://learn.microsoft.com/dotnet/fundamentals/code-analysis/style-rules/ide0008) [C:\UserWorx\VSWorx\ServoStudio\wpfui-servoStudio\samples\Wpf.Ui.servoStudio\servoStudio.csproj]
C:\UserWorx\VSWorx\ServoStudio\wpfui-servoStudio\samples\Wpf.Ui.servoStudio\Helpers\SoemFoEInterop.cs(323,9): warning IDE0011: 鍚?鈥渋f鈥?璇彞娣诲姞澶ф嫭鍙枫€?(https://learn.microsoft.com/dotnet/fundamentals/code-analysis/style-rules/ide0011) [C:\UserWorx\VSWorx\ServoStudio\wpfui-servoStudio\samples\Wpf.Ui.servoStudio\servoStudio.csproj]
C:\UserWorx\VSWorx\ServoStudio\wpfui-servoStudio\samples\Wpf.Ui.servoStudio\Helpers\SoemFoEInterop.cs(326,9): warning IDE0011: 鍚?鈥渋f鈥?璇彞娣诲姞澶ф嫭鍙枫€?(https://learn.microsoft.com/dotnet/fundamentals/code-analysis/style-rules/ide0011) [C:\UserWorx\VSWorx\ServoStudio\wpfui-servoStudio\samples\Wpf.Ui.servoStudio\servoStudio.csproj]
C:\UserWorx\VSWorx\ServoStudio\wpfui-servoStudio\samples\Wpf.Ui.servoStudio\Helpers\SoemFoEInterop.cs(334,13): warning IDE0011: 鍚?鈥渋f鈥?璇彞娣诲姞澶ф嫭鍙枫€?(https://learn.microsoft.com/dotnet/fundamentals/code-analysis/style-rules/ide0011) [C:\UserWorx\VSWorx\ServoStudio\wpfui-servoStudio\samples\Wpf.Ui.servoStudio\servoStudio.csproj]
C:\UserWorx\VSWorx\ServoStudio\wpfui-servoStudio\samples\Wpf.Ui.servoStudio\Helpers\SoemFoEInterop.cs(341,13): warning IDE0011: 鍚?鈥渋f鈥?璇彞娣诲姞澶ф嫭鍙枫€?(https://learn.microsoft.com/dotnet/fundamentals/code-analysis/style-rules/ide0011) [C:\UserWorx\VSWorx\ServoStudio\wpfui-servoStudio\samples\Wpf.Ui.servoStudio\servoStudio.csproj]
C:\UserWorx\VSWorx\ServoStudio\wpfui-servoStudio\samples\Wpf.Ui.servoStudio\Helpers\SoemFoEInterop.cs(346,13): warning IDE0011: 鍚?鈥渋f鈥?璇彞娣诲姞澶ф嫭鍙枫€?(https://learn.microsoft.com/dotnet/fundamentals/code-analysis/style-rules/ide0011) [C:\UserWorx\VSWorx\ServoStudio\wpfui-servoStudio\samples\Wpf.Ui.servoStudio\servoStudio.csproj]
C:\UserWorx\VSWorx\ServoStudio\wpfui-servoStudio\samples\Wpf.Ui.servoStudio\Helpers\SoemFoEInterop.cs(352,13): warning IDE0011: 鍚?鈥渋f鈥?璇彞娣诲姞澶ф嫭鍙枫€?(https://learn.microsoft.com/dotnet/fundamentals/code-analysis/style-rules/ide0011) [C:\UserWorx\VSWorx\ServoStudio\wpfui-servoStudio\samples\Wpf.Ui.servoStudio\servoStudio.csproj]
C:\UserWorx\VSWorx\ServoStudio\wpfui-servoStudio\samples\Wpf.Ui.servoStudio\Helpers\SoemFoEInterop.cs(360,13): warning IDE0011: 鍚?鈥渋f鈥?璇彞娣诲姞澶ф嫭鍙枫€?(https://learn.microsoft.com/dotnet/fundamentals/code-analysis/style-rules/ide0011) [C:\UserWorx\VSWorx\ServoStudio\wpfui-servoStudio\samples\Wpf.Ui.servoStudio\servoStudio.csproj]
C:\UserWorx\VSWorx\ServoStudio\wpfui-servoStudio\samples\Wpf.Ui.servoStudio\Helpers\SoemFoEInterop.cs(408,21): warning IDE0011: 鍚?鈥渋f鈥?璇彞娣诲姞澶ф嫭鍙枫€?(https://learn.microsoft.com/dotnet/fundamentals/code-analysis/style-rules/ide0011) [C:\UserWorx\VSWorx\ServoStudio\wpfui-servoStudio\samples\Wpf.Ui.servoStudio\servoStudio.csproj]
C:\UserWorx\VSWorx\ServoStudio\wpfui-servoStudio\samples\Wpf.Ui.servoStudio\Helpers\SoemFoEInterop.cs(471,21): warning IDE0011: 鍚?鈥渋f鈥?璇彞娣诲姞澶ф嫭鍙枫€?(https://learn.microsoft.com/dotnet/fundamentals/code-analysis/style-rules/ide0011) [C:\UserWorx\VSWorx\ServoStudio\wpfui-servoStudio\samples\Wpf.Ui.servoStudio\servoStudio.csproj]
C:\UserWorx\VSWorx\ServoStudio\wpfui-servoStudio\samples\Wpf.Ui.servoStudio\Helpers\SoemFoEInterop.cs(483,25): warning IDE0011: 鍚?鈥渇oreach鈥?璇彞娣诲姞澶ф嫭鍙枫€?(https://learn.microsoft.com/dotnet/fundamentals/code-analysis/style-rules/ide0011) [C:\UserWorx\VSWorx\ServoStudio\wpfui-servoStudio\samples\Wpf.Ui.servoStudio\servoStudio.csproj]
C:\UserWorx\VSWorx\ServoStudio\wpfui-servoStudio\samples\Wpf.Ui.servoStudio\Helpers\SoemFoEInterop.cs(540,17): warning IDE0011: 鍚?鈥渋f鈥?璇彞娣诲姞澶ф嫭鍙枫€?(https://learn.microsoft.com/dotnet/fundamentals/code-analysis/style-rules/ide0011) [C:\UserWorx\VSWorx\ServoStudio\wpfui-servoStudio\samples\Wpf.Ui.servoStudio\servoStudio.csproj]
C:\UserWorx\VSWorx\ServoStudio\wpfui-servoStudio\samples\Wpf.Ui.servoStudio\Helpers\SoemFoEInterop.cs(542,17): warning IDE0011: 鍚?鈥渆lse鈥?璇彞娣诲姞澶ф嫭鍙枫€?(https://learn.microsoft.com/dotnet/fundamentals/code-analysis/style-rules/ide0011) [C:\UserWorx\VSWorx\ServoStudio\wpfui-servoStudio\samples\Wpf.Ui.servoStudio\servoStudio.csproj]
C:\UserWorx\VSWorx\ServoStudio\wpfui-servoStudio\samples\Wpf.Ui.servoStudio\Helpers\SoemFoEInterop.cs(570,17): warning IDE0011: 鍚?鈥渋f鈥?璇彞娣诲姞澶ф嫭鍙枫€?(https://learn.microsoft.com/dotnet/fundamentals/code-analysis/style-rules/ide0011) [C:\UserWorx\VSWorx\ServoStudio\wpfui-servoStudio\samples\Wpf.Ui.servoStudio\servoStudio.csproj]
C:\UserWorx\VSWorx\ServoStudio\wpfui-servoStudio\samples\Wpf.Ui.servoStudio\Helpers\SoemFoEInterop.cs(572,17): warning IDE0011: 鍚?鈥渆lse鈥?璇彞娣诲姞澶ф嫭鍙枫€?(https://learn.microsoft.com/dotnet/fundamentals/code-analysis/style-rules/ide0011) [C:\UserWorx\VSWorx\ServoStudio\wpfui-servoStudio\samples\Wpf.Ui.servoStudio\servoStudio.csproj]
C:\UserWorx\VSWorx\ServoStudio\wpfui-servoStudio\samples\Wpf.Ui.servoStudio\Helpers\SoemFoEInterop.cs(587,21): warning IDE0011: 鍚?鈥渋f鈥?璇彞娣诲姞澶ф嫭鍙枫€?(https://learn.microsoft.com/dotnet/fundamentals/code-analysis/style-rules/ide0011) [C:\UserWorx\VSWorx\ServoStudio\wpfui-servoStudio\samples\Wpf.Ui.servoStudio\servoStudio.csproj]
C:\UserWorx\VSWorx\ServoStudio\wpfui-servoStudio\samples\Wpf.Ui.servoStudio\Helpers\SoemFoEInterop.cs(589,21): warning IDE0011: 鍚?鈥渆lse鈥?璇彞娣诲姞澶ф嫭鍙枫€?(https://learn.microsoft.com/dotnet/fundamentals/code-analysis/style-rules/ide0011) [C:\UserWorx\VSWorx\ServoStudio\wpfui-servoStudio\samples\Wpf.Ui.servoStudio\servoStudio.csproj]
C:\UserWorx\VSWorx\ServoStudio\wpfui-servoStudio\samples\Wpf.Ui.servoStudio\ViewModels\AppData\AppLogViewModel.cs(734,9): warning CA1065: Dispose 鍒涘缓 NotImplementedException 绫诲瀷鐨勫紓甯搞€備笉搴斿湪杩欑绫诲瀷鐨勬柟娉曚腑寮曞彂寮傚父銆傚鏋滄湁鍙兘浼氬紩鍙戞寮傚父瀹炰緥锛岃鏇存敼璇ユ柟娉曠殑閫昏緫锛屼娇瀹冧笉鍐嶅紩鍙戝紓甯搞€?(https://learn.microsoft.com/dotnet/fundamentals/code-analysis/quality-rules/ca1065) [C:\UserWorx\VSWorx\ServoStudio\wpfui-servoStudio\samples\Wpf.Ui.servoStudio\servoStudio.csproj]
C:\UserWorx\VSWorx\ServoStudio\wpfui-servoStudio\samples\Wpf.Ui.servoStudio\ViewModels\AppData\AppLogViewModel.cs(732,21): warning CA1063: 淇敼鈥淎ppLogViewModel.Dispose鈥濓紝浣垮叾璋冪敤 Dispose(true)锛屽啀瀵瑰綋鍓嶅璞″疄渚嬭皟鐢?GC.SuppressFinalize (Visual Basic 涓殑鈥滄椤光€濇垨鈥滄垜鈥?锛岀劧鍚庤繑鍥?(https://learn.microsoft.com/dotnet/fundamentals/code-analysis/quality-rules/ca1063) [C:\UserWorx\VSWorx\ServoStudio\wpfui-servoStudio\samples\Wpf.Ui.servoStudio\servoStudio.csproj]
C:\UserWorx\VSWorx\ServoStudio\wpfui-servoStudio\samples\Wpf.Ui.servoStudio\ViewModels\AppData\AppLogViewModel.cs(646,17): warning IDE0011: 鍚?鈥渋f鈥?璇彞娣诲姞澶ф嫭鍙枫€?(https://learn.microsoft.com/dotnet/fundamentals/code-analysis/style-rules/ide0011) [C:\UserWorx\VSWorx\ServoStudio\wpfui-servoStudio\samples\Wpf.Ui.servoStudio\servoStudio.csproj]
C:\UserWorx\VSWorx\ServoStudio\wpfui-servoStudio\samples\Wpf.Ui.servoStudio\ViewModels\AppData\AppLogViewModel.cs(650,17): warning IDE0011: 鍚?鈥渋f鈥?璇彞娣诲姞澶ф嫭鍙枫€?(https://learn.microsoft.com/dotnet/fundamentals/code-analysis/style-rules/ide0011) [C:\UserWorx\VSWorx\ServoStudio\wpfui-servoStudio\samples\Wpf.Ui.servoStudio\servoStudio.csproj]
C:\UserWorx\VSWorx\ServoStudio\wpfui-servoStudio\samples\Wpf.Ui.servoStudio\Helpers\SoemFoEInterop.cs(635,13): warning IDE0011: 鍚?鈥渋f鈥?璇彞娣诲姞澶ф嫭鍙枫€?(https://learn.microsoft.com/dotnet/fundamentals/code-analysis/style-rules/ide0011) [C:\UserWorx\VSWorx\ServoStudio\wpfui-servoStudio\samples\Wpf.Ui.servoStudio\servoStudio.csproj]
C:\UserWorx\VSWorx\ServoStudio\wpfui-servoStudio\samples\Wpf.Ui.servoStudio\ViewModels\AppData\DataViewViewModel.cs(669,9): warning IDE0008: 鐢ㄦ樉寮忕被鍨嬩唬鏇?"var" (https://learn.microsoft.com/dotnet/fundamentals/code-analysis/style-rules/ide0008) [C:\UserWorx\VSWorx\ServoStudio\wpfui-servoStudio\samples\Wpf.Ui.servoStudio\servoStudio.csproj]
C:\UserWorx\VSWorx\ServoStudio\wpfui-servoStudio\samples\Wpf.Ui.servoStudio\ViewModels\AppData\DataViewViewModel.cs(734,13): warning IDE0008: 鐢ㄦ樉寮忕被鍨嬩唬鏇?"var" (https://learn.microsoft.com/dotnet/fundamentals/code-analysis/style-rules/ide0008) [C:\UserWorx\VSWorx\ServoStudio\wpfui-servoStudio\samples\Wpf.Ui.servoStudio\servoStudio.csproj]
C:\UserWorx\VSWorx\ServoStudio\wpfui-servoStudio\samples\Wpf.Ui.servoStudio\ViewModels\AppData\DataViewViewModel.cs(753,46): warning IDE0008: 鐢ㄦ樉寮忕被鍨嬩唬鏇?"var" (https://learn.microsoft.com/dotnet/fundamentals/code-analysis/style-rules/ide0008) [C:\UserWorx\VSWorx\ServoStudio\wpfui-servoStudio\samples\Wpf.Ui.servoStudio\servoStudio.csproj]
C:\UserWorx\VSWorx\ServoStudio\wpfui-servoStudio\samples\Wpf.Ui.servoStudio\ViewModels\AppData\DataViewViewModel.cs(776,123): warning IDE0008: 鐢ㄦ樉寮忕被鍨嬩唬鏇?"var" (https://learn.microsoft.com/dotnet/fundamentals/code-analysis/style-rules/ide0008) [C:\UserWorx\VSWorx\ServoStudio\wpfui-servoStudio\samples\Wpf.Ui.servoStudio\servoStudio.csproj]
C:\UserWorx\VSWorx\ServoStudio\wpfui-servoStudio\samples\Wpf.Ui.servoStudio\Core\CANopen\Adapters\CanAdapterFactory.cs(136,21): warning IDE0008: 鐢ㄦ樉寮忕被鍨嬩唬鏇?"var" (https://learn.microsoft.com/dotnet/fundamentals/code-analysis/style-rules/ide0008) [C:\UserWorx\VSWorx\ServoStudio\wpfui-servoStudio\samples\Wpf.Ui.servoStudio\servoStudio.csproj]
C:\UserWorx\VSWorx\ServoStudio\wpfui-servoStudio\samples\Wpf.Ui.servoStudio\Core\CANopen\Adapters\CanAdapterFactory.cs(147,62): warning IDE0008: 鐢ㄦ樉寮忕被鍨嬩唬鏇?"var" (https://learn.microsoft.com/dotnet/fundamentals/code-analysis/style-rules/ide0008) [C:\UserWorx\VSWorx\ServoStudio\wpfui-servoStudio\samples\Wpf.Ui.servoStudio\servoStudio.csproj]
C:\UserWorx\VSWorx\ServoStudio\wpfui-servoStudio\samples\Wpf.Ui.servoStudio\Core\CANopen\Adapters\CanAdapterFactory.cs(167,26): warning IDE0008: 鐢ㄦ樉寮忕被鍨嬩唬鏇?"var" (https://learn.microsoft.com/dotnet/fundamentals/code-analysis/style-rules/ide0008) [C:\UserWorx\VSWorx\ServoStudio\wpfui-servoStudio\samples\Wpf.Ui.servoStudio\servoStudio.csproj]
C:\UserWorx\VSWorx\ServoStudio\wpfui-servoStudio\samples\Wpf.Ui.servoStudio\Core\CANopen\Adapters\CanAdapterFactory.cs(175,30): warning IDE0008: 鐢ㄦ樉寮忕被鍨嬩唬鏇?"var" (https://learn.microsoft.com/dotnet/fundamentals/code-analysis/style-rules/ide0008) [C:\UserWorx\VSWorx\ServoStudio\wpfui-servoStudio\samples\Wpf.Ui.servoStudio\servoStudio.csproj]
C:\UserWorx\VSWorx\ServoStudio\wpfui-servoStudio\samples\Wpf.Ui.servoStudio\Core\CANopen\Adapters\CanAdapterFactory.cs(182,65): warning IDE0008: 鐢ㄦ樉寮忕被鍨嬩唬鏇?"var" (https://learn.microsoft.com/dotnet/fundamentals/code-analysis/style-rules/ide0008) [C:\UserWorx\VSWorx\ServoStudio\wpfui-servoStudio\samples\Wpf.Ui.servoStudio\servoStudio.csproj]
C:\UserWorx\VSWorx\ServoStudio\wpfui-servoStudio\samples\Wpf.Ui.servoStudio\Core\CANopen\Adapters\CanAdapterFactory.cs(205,22): warning IDE0008: 鐢ㄦ樉寮忕被鍨嬩唬鏇?"var" (https://learn.microsoft.com/dotnet/fundamentals/code-analysis/style-rules/ide0008) [C:\UserWorx\VSWorx\ServoStudio\wpfui-servoStudio\samples\Wpf.Ui.servoStudio\servoStudio.csproj]
C:\UserWorx\VSWorx\ServoStudio\wpfui-servoStudio\samples\Wpf.Ui.servoStudio\Core\CANopen\Adapters\CanAdapterFactory.cs(323,25): warning IDE0008: 鐢ㄦ樉寮忕被鍨嬩唬鏇?"var" (https://learn.microsoft.com/dotnet/fundamentals/code-analysis/style-rules/ide0008) [C:\UserWorx\VSWorx\ServoStudio\wpfui-servoStudio\samples\Wpf.Ui.servoStudio\servoStudio.csproj]
C:\UserWorx\VSWorx\ServoStudio\wpfui-servoStudio\samples\Wpf.Ui.servoStudio\Core\CANopen\Adapters\CanAdapterFactory.cs(345,30): warning IDE0008: 鐢ㄦ樉寮忕被鍨嬩唬鏇?"var" (https://learn.microsoft.com/dotnet/fundamentals/code-analysis/style-rules/ide0008) [C:\UserWorx\VSWorx\ServoStudio\wpfui-servoStudio\samples\Wpf.Ui.servoStudio\servoStudio.csproj]
C:\UserWorx\VSWorx\ServoStudio\wpfui-servoStudio\samples\Wpf.Ui.servoStudio\Core\CANopen\Adapters\CanAdapterFactory.cs(353,34): warning IDE0008: 鐢ㄦ樉寮忕被鍨嬩唬鏇?"var" (https://learn.microsoft.com/dotnet/fundamentals/code-analysis/style-rules/ide0008) [C:\UserWorx\VSWorx\ServoStudio\wpfui-servoStudio\samples\Wpf.Ui.servoStudio\servoStudio.csproj]
C:\UserWorx\VSWorx\ServoStudio\wpfui-servoStudio\samples\Wpf.Ui.servoStudio\Helpers\SoemFoEInterop.cs(656,17): warning IDE0011: 鍚?鈥渋f鈥?璇彞娣诲姞澶ф嫭鍙枫€?(https://learn.microsoft.com/dotnet/fundamentals/code-analysis/style-rules/ide0011) [C:\UserWorx\VSWorx\ServoStudio\wpfui-servoStudio\samples\Wpf.Ui.servoStudio\servoStudio.csproj]
C:\UserWorx\VSWorx\ServoStudio\wpfui-servoStudio\samples\Wpf.Ui.servoStudio\Core\CANopen\Adapters\CanAdapterFactory.cs(384,21): warning IDE0008: 鐢ㄦ樉寮忕被鍨嬩唬鏇?"var" (https://learn.microsoft.com/dotnet/fundamentals/code-analysis/style-rules/ide0008) [C:\UserWorx\VSWorx\ServoStudio\wpfui-servoStudio\samples\Wpf.Ui.servoStudio\servoStudio.csproj]
C:\UserWorx\VSWorx\ServoStudio\wpfui-servoStudio\samples\Wpf.Ui.servoStudio\Core\CANopen\Adapters\CanAdapterFactory.cs(389,21): warning IDE0008: 鐢ㄦ樉寮忕被鍨嬩唬鏇?"var" (https://learn.microsoft.com/dotnet/fundamentals/code-analysis/style-rules/ide0008) [C:\UserWorx\VSWorx\ServoStudio\wpfui-servoStudio\samples\Wpf.Ui.servoStudio\servoStudio.csproj]
C:\UserWorx\VSWorx\ServoStudio\wpfui-servoStudio\samples\Wpf.Ui.servoStudio\Core\CANopen\Adapters\CanAdapterFactory.cs(390,57): warning IDE0008: 鐢ㄦ樉寮忕被鍨嬩唬鏇?"var" (https://learn.microsoft.com/dotnet/fundamentals/code-analysis/style-rules/ide0008) [C:\UserWorx\VSWorx\ServoStudio\wpfui-servoStudio\samples\Wpf.Ui.servoStudio\servoStudio.csproj]
C:\UserWorx\VSWorx\ServoStudio\wpfui-servoStudio\samples\Wpf.Ui.servoStudio\Core\CANopen\CanOpenMaster.cs(101,15): warning IDE0058: 姘歌繙涓嶄細浣跨敤琛ㄨ揪寮忓€?(https://learn.microsoft.com/dotnet/fundamentals/code-analysis/style-rules/ide0058) [C:\UserWorx\VSWorx\ServoStudio\wpfui-servoStudio\samples\Wpf.Ui.servoStudio\servoStudio.csproj]
C:\UserWorx\VSWorx\ServoStudio\wpfui-servoStudio\samples\Wpf.Ui.servoStudio\Views\Pages\HomePage.xaml.cs(67,66): warning IDE0008: 鐢ㄦ樉寮忕被鍨嬩唬鏇?"var" (https://learn.microsoft.com/dotnet/fundamentals/code-analysis/style-rules/ide0008) [C:\UserWorx\VSWorx\ServoStudio\wpfui-servoStudio\samples\Wpf.Ui.servoStudio\servoStudio.csproj]
C:\UserWorx\VSWorx\ServoStudio\wpfui-servoStudio\samples\Wpf.Ui.servoStudio\Core\CANopen\Adapters\CanAdapterFactory.cs(417,22): warning IDE0008: 鐢ㄦ樉寮忕被鍨嬩唬鏇?"var" (https://learn.microsoft.com/dotnet/fundamentals/code-analysis/style-rules/ide0008) [C:\UserWorx\VSWorx\ServoStudio\wpfui-servoStudio\samples\Wpf.Ui.servoStudio\servoStudio.csproj]
C:\UserWorx\VSWorx\ServoStudio\wpfui-servoStudio\samples\Wpf.Ui.servoStudio\Views\Pages\HomePage.xaml.cs(78,9): warning IDE0011: 鍚?鈥渋f鈥?璇彞娣诲姞澶ф嫭鍙枫€?(https://learn.microsoft.com/dotnet/fundamentals/code-analysis/style-rules/ide0011) [C:\UserWorx\VSWorx\ServoStudio\wpfui-servoStudio\samples\Wpf.Ui.servoStudio\servoStudio.csproj]
C:\UserWorx\VSWorx\ServoStudio\wpfui-servoStudio\samples\Wpf.Ui.servoStudio\Core\CANopen\CanOpenMaster.cs(107,17): warning CA1063: 淇敼鈥淐anOpenMaster.Dispose鈥濓紝浣垮叾璋冪敤 Dispose(true)锛屽啀瀵瑰綋鍓嶅璞″疄渚嬭皟鐢?GC.SuppressFinalize (Visual Basic 涓殑鈥滄椤光€濇垨鈥滄垜鈥?锛岀劧鍚庤繑鍥?(https://learn.microsoft.com/dotnet/fundamentals/code-analysis/quality-rules/ca1063) [C:\UserWorx\VSWorx\ServoStudio\wpfui-servoStudio\samples\Wpf.Ui.servoStudio\servoStudio.csproj]
C:\UserWorx\VSWorx\ServoStudio\wpfui-servoStudio\samples\Wpf.Ui.servoStudio\Views\Pages\HomePage.xaml.cs(86,13): warning IDE0011: 鍚?鈥渋f鈥?璇彞娣诲姞澶ф嫭鍙枫€?(https://learn.microsoft.com/dotnet/fundamentals/code-analysis/style-rules/ide0011) [C:\UserWorx\VSWorx\ServoStudio\wpfui-servoStudio\samples\Wpf.Ui.servoStudio\servoStudio.csproj]
C:\UserWorx\VSWorx\ServoStudio\wpfui-servoStudio\samples\Wpf.Ui.servoStudio\Views\Pages\HomePage.xaml.cs(103,9): warning IDE0011: 鍚?鈥渋f鈥?璇彞娣诲姞澶ф嫭鍙枫€?(https://learn.microsoft.com/dotnet/fundamentals/code-analysis/style-rules/ide0011) [C:\UserWorx\VSWorx\ServoStudio\wpfui-servoStudio\samples\Wpf.Ui.servoStudio\servoStudio.csproj]
C:\UserWorx\VSWorx\ServoStudio\wpfui-servoStudio\samples\Wpf.Ui.servoStudio\Views\Pages\HomePage.xaml.cs(104,9): warning IDE0011: 鍚?鈥渋f鈥?璇彞娣诲姞澶ф嫭鍙枫€?(https://learn.microsoft.com/dotnet/fundamentals/code-analysis/style-rules/ide0011) [C:\UserWorx\VSWorx\ServoStudio\wpfui-servoStudio\samples\Wpf.Ui.servoStudio\servoStudio.csproj]
C:\UserWorx\VSWorx\ServoStudio\wpfui-servoStudio\samples\Wpf.Ui.servoStudio\Views\Pages\HomePage.xaml.cs(111,9): warning IDE0011: 鍚?鈥渋f鈥?璇彞娣诲姞澶ф嫭鍙枫€?(https://learn.microsoft.com/dotnet/fundamentals/code-analysis/style-rules/ide0011) [C:\UserWorx\VSWorx\ServoStudio\wpfui-servoStudio\samples\Wpf.Ui.servoStudio\servoStudio.csproj]
C:\UserWorx\VSWorx\ServoStudio\wpfui-servoStudio\samples\Wpf.Ui.servoStudio\Views\Pages\HomePage.xaml.cs(112,9): warning IDE0011: 鍚?鈥渋f鈥?璇彞娣诲姞澶ф嫭鍙枫€?(https://learn.microsoft.com/dotnet/fundamentals/code-analysis/style-rules/ide0011) [C:\UserWorx\VSWorx\ServoStudio\wpfui-servoStudio\samples\Wpf.Ui.servoStudio\servoStudio.csproj]
C:\UserWorx\VSWorx\ServoStudio\wpfui-servoStudio\samples\Wpf.Ui.servoStudio\Views\Pages\HomePage.xaml.cs(119,9): warning IDE0011: 鍚?鈥渋f鈥?璇彞娣诲姞澶ф嫭鍙枫€?(https://learn.microsoft.com/dotnet/fundamentals/code-analysis/style-rules/ide0011) [C:\UserWorx\VSWorx\ServoStudio\wpfui-servoStudio\samples\Wpf.Ui.servoStudio\servoStudio.csproj]
C:\UserWorx\VSWorx\ServoStudio\wpfui-servoStudio\samples\Wpf.Ui.servoStudio\Views\Pages\HomePage.xaml.cs(130,13): warning IDE0011: 鍚?鈥渋f鈥?璇彞娣诲姞澶ф嫭鍙枫€?(https://learn.microsoft.com/dotnet/fundamentals/code-analysis/style-rules/ide0011) [C:\UserWorx\VSWorx\ServoStudio\wpfui-servoStudio\samples\Wpf.Ui.servoStudio\servoStudio.csproj]
C:\UserWorx\VSWorx\ServoStudio\wpfui-servoStudio\samples\Wpf.Ui.servoStudio\Views\Pages\HomePage.xaml.cs(144,9): warning IDE0011: 鍚?鈥渋f鈥?璇彞娣诲姞澶ф嫭鍙枫€?(https://learn.microsoft.com/dotnet/fundamentals/code-analysis/style-rules/ide0011) [C:\UserWorx\VSWorx\ServoStudio\wpfui-servoStudio\samples\Wpf.Ui.servoStudio\servoStudio.csproj]
C:\UserWorx\VSWorx\ServoStudio\wpfui-servoStudio\samples\Wpf.Ui.servoStudio\Views\Pages\HomePage.xaml.cs(147,9): warning IDE0011: 鍚?鈥渋f鈥?璇彞娣诲姞澶ф嫭鍙枫€?(https://learn.microsoft.com/dotnet/fundamentals/code-analysis/style-rules/ide0011) [C:\UserWorx\VSWorx\ServoStudio\wpfui-servoStudio\samples\Wpf.Ui.servoStudio\servoStudio.csproj]
C:\UserWorx\VSWorx\ServoStudio\wpfui-servoStudio\samples\Wpf.Ui.servoStudio\ViewModels\AppData\DataViewViewModel.cs(813,17): warning IDE0008: 鐢ㄦ樉寮忕被鍨嬩唬鏇?"var" (https://learn.microsoft.com/dotnet/fundamentals/code-analysis/style-rules/ide0008) [C:\UserWorx\VSWorx\ServoStudio\wpfui-servoStudio\samples\Wpf.Ui.servoStudio\servoStudio.csproj]
C:\UserWorx\VSWorx\ServoStudio\wpfui-servoStudio\samples\Wpf.Ui.servoStudio\ViewModels\AppData\DataViewViewModel.cs(814,63): warning IDE0008: 鐢ㄦ樉寮忕被鍨嬩唬鏇?"var" (https://learn.microsoft.com/dotnet/fundamentals/code-analysis/style-rules/ide0008) [C:\UserWorx\VSWorx\ServoStudio\wpfui-servoStudio\samples\Wpf.Ui.servoStudio\servoStudio.csproj]
C:\UserWorx\VSWorx\ServoStudio\wpfui-servoStudio\samples\Wpf.Ui.servoStudio\ViewModels\AppData\DataViewViewModel.cs(820,64): warning IDE0008: 鐢ㄦ樉寮忕被鍨嬩唬鏇?"var" (https://learn.microsoft.com/dotnet/fundamentals/code-analysis/style-rules/ide0008) [C:\UserWorx\VSWorx\ServoStudio\wpfui-servoStudio\samples\Wpf.Ui.servoStudio\servoStudio.csproj]
C:\UserWorx\VSWorx\ServoStudio\wpfui-servoStudio\samples\Wpf.Ui.servoStudio\ViewModels\AppData\DataViewViewModel.cs(821,64): warning IDE0008: 鐢ㄦ樉寮忕被鍨嬩唬鏇?"var" (https://learn.microsoft.com/dotnet/fundamentals/code-analysis/style-rules/ide0008) [C:\UserWorx\VSWorx\ServoStudio\wpfui-servoStudio\samples\Wpf.Ui.servoStudio\servoStudio.csproj]
C:\UserWorx\VSWorx\ServoStudio\wpfui-servoStudio\samples\Wpf.Ui.servoStudio\ViewModels\AppData\DataViewViewModel.cs(822,64): warning IDE0008: 鐢ㄦ樉寮忕被鍨嬩唬鏇?"var" (https://learn.microsoft.com/dotnet/fundamentals/code-analysis/style-rules/ide0008) [C:\UserWorx\VSWorx\ServoStudio\wpfui-servoStudio\samples\Wpf.Ui.servoStudio\servoStudio.csproj]
C:\UserWorx\VSWorx\ServoStudio\wpfui-servoStudio\samples\Wpf.Ui.servoStudio\ViewModels\AppData\DataViewViewModel.cs(825,50): warning IDE0008: 鐢ㄦ樉寮忕被鍨嬩唬鏇?"var" (https://learn.microsoft.com/dotnet/fundamentals/code-analysis/style-rules/ide0008) [C:\UserWorx\VSWorx\ServoStudio\wpfui-servoStudio\samples\Wpf.Ui.servoStudio\servoStudio.csproj]
C:\UserWorx\VSWorx\ServoStudio\wpfui-servoStudio\samples\Wpf.Ui.servoStudio\ViewModels\AppData\DataViewViewModel.cs(831,66): warning IDE0008: 鐢ㄦ樉寮忕被鍨嬩唬鏇?"var" (https://learn.microsoft.com/dotnet/fundamentals/code-analysis/style-rules/ide0008) [C:\UserWorx\VSWorx\ServoStudio\wpfui-servoStudio\samples\Wpf.Ui.servoStudio\servoStudio.csproj]
C:\UserWorx\VSWorx\ServoStudio\wpfui-servoStudio\samples\Wpf.Ui.servoStudio\ViewModels\AppData\DataViewViewModel.cs(834,64): warning IDE0008: 鐢ㄦ樉寮忕被鍨嬩唬鏇?"var" (https://learn.microsoft.com/dotnet/fundamentals/code-analysis/style-rules/ide0008) [C:\UserWorx\VSWorx\ServoStudio\wpfui-servoStudio\samples\Wpf.Ui.servoStudio\servoStudio.csproj]
C:\UserWorx\VSWorx\ServoStudio\wpfui-servoStudio\samples\Wpf.Ui.servoStudio\ViewModels\AppData\DataViewViewModel.cs(835,68): warning IDE0008: 鐢ㄦ樉寮忕被鍨嬩唬鏇?"var" (https://learn.microsoft.com/dotnet/fundamentals/code-analysis/style-rules/ide0008) [C:\UserWorx\VSWorx\ServoStudio\wpfui-servoStudio\samples\Wpf.Ui.servoStudio\servoStudio.csproj]
C:\UserWorx\VSWorx\ServoStudio\wpfui-servoStudio\samples\Wpf.Ui.servoStudio\ViewModels\AppData\DataViewViewModel.cs(840,52): warning IDE0008: 鐢ㄦ樉寮忕被鍨嬩唬鏇?"var" (https://learn.microsoft.com/dotnet/fundamentals/code-analysis/style-rules/ide0008) [C:\UserWorx\VSWorx\ServoStudio\wpfui-servoStudio\samples\Wpf.Ui.servoStudio\servoStudio.csproj]
C:\UserWorx\VSWorx\ServoStudio\wpfui-servoStudio\samples\Wpf.Ui.servoStudio\ViewModels\AppData\DataViewViewModel.cs(846,59): warning IDE0008: 鐢ㄦ樉寮忕被鍨嬩唬鏇?"var" (https://learn.microsoft.com/dotnet/fundamentals/code-analysis/style-rules/ide0008) [C:\UserWorx\VSWorx\ServoStudio\wpfui-servoStudio\samples\Wpf.Ui.servoStudio\servoStudio.csproj]
C:\UserWorx\VSWorx\ServoStudio\wpfui-servoStudio\samples\Wpf.Ui.servoStudio\ViewModels\AppData\DataViewViewModel.cs(846,159): warning IDE0008: 鐢ㄦ樉寮忕被鍨嬩唬鏇?"var" (https://learn.microsoft.com/dotnet/fundamentals/code-analysis/style-rules/ide0008) [C:\UserWorx\VSWorx\ServoStudio\wpfui-servoStudio\samples\Wpf.Ui.servoStudio\servoStudio.csproj]
C:\UserWorx\VSWorx\ServoStudio\wpfui-servoStudio\samples\Wpf.Ui.servoStudio\Core\CANopen\CanOpenMaster.cs(223,9): warning IDE0058: 姘歌繙涓嶄細浣跨敤琛ㄨ揪寮忓€?(https://learn.microsoft.com/dotnet/fundamentals/code-analysis/style-rules/ide0058) [C:\UserWorx\VSWorx\ServoStudio\wpfui-servoStudio\samples\Wpf.Ui.servoStudio\servoStudio.csproj]
C:\UserWorx\VSWorx\ServoStudio\wpfui-servoStudio\samples\Wpf.Ui.servoStudio\Core\CANopen\CanOpenMaster.cs(249,17): warning IDE0058: 姘歌繙涓嶄細浣跨敤琛ㄨ揪寮忓€?(https://learn.microsoft.com/dotnet/fundamentals/code-analysis/style-rules/ide0058) [C:\UserWorx\VSWorx\ServoStudio\wpfui-servoStudio\samples\Wpf.Ui.servoStudio\servoStudio.csproj]
C:\UserWorx\VSWorx\ServoStudio\wpfui-servoStudio\samples\Wpf.Ui.servoStudio\Core\CANopen\CanOpenMaster.cs(274,13): warning IDE0058: 姘歌繙涓嶄細浣跨敤琛ㄨ揪寮忓€?(https://learn.microsoft.com/dotnet/fundamentals/code-analysis/style-rules/ide0058) [C:\UserWorx\VSWorx\ServoStudio\wpfui-servoStudio\samples\Wpf.Ui.servoStudio\servoStudio.csproj]
C:\UserWorx\VSWorx\ServoStudio\wpfui-servoStudio\samples\Wpf.Ui.servoStudio\Services\UserSettingsService.cs(89,9): warning IDE0011: 鍚?鈥渋f鈥?璇彞娣诲姞澶ф嫭鍙枫€?(https://learn.microsoft.com/dotnet/fundamentals/code-analysis/style-rules/ide0011) [C:\UserWorx\VSWorx\ServoStudio\wpfui-servoStudio\samples\Wpf.Ui.servoStudio\servoStudio.csproj]
C:\UserWorx\VSWorx\ServoStudio\wpfui-servoStudio\samples\Wpf.Ui.servoStudio\Services\UserSettingsService.cs(93,9): warning IDE0011: 鍚?鈥渋f鈥?璇彞娣诲姞澶ф嫭鍙枫€?(https://learn.microsoft.com/dotnet/fundamentals/code-analysis/style-rules/ide0011) [C:\UserWorx\VSWorx\ServoStudio\wpfui-servoStudio\samples\Wpf.Ui.servoStudio\servoStudio.csproj]
C:\UserWorx\VSWorx\ServoStudio\wpfui-servoStudio\samples\Wpf.Ui.servoStudio\Services\UserSettingsService.cs(98,13): warning IDE0011: 鍚?鈥渋f鈥?璇彞娣诲姞澶ф嫭鍙枫€?(https://learn.microsoft.com/dotnet/fundamentals/code-analysis/style-rules/ide0011) [C:\UserWorx\VSWorx\ServoStudio\wpfui-servoStudio\samples\Wpf.Ui.servoStudio\servoStudio.csproj]
C:\UserWorx\VSWorx\ServoStudio\wpfui-servoStudio\samples\Wpf.Ui.servoStudio\ViewModels\AppData\DataSaveViewModel.cs(852,9): warning IDE0008: 鐢ㄦ樉寮忕被鍨嬩唬鏇?"var" (https://learn.microsoft.com/dotnet/fundamentals/code-analysis/style-rules/ide0008) [C:\UserWorx\VSWorx\ServoStudio\wpfui-servoStudio\samples\Wpf.Ui.servoStudio\servoStudio.csproj]
C:\UserWorx\VSWorx\ServoStudio\wpfui-servoStudio\samples\Wpf.Ui.servoStudio\Core\CANopen\Adapters\ZlgCanBus.cs(20,21): warning CA2216: 鍙噴鏀剧被鍨嬪簲澹版槑缁堢粨鍣?(https://learn.microsoft.com/dotnet/fundamentals/code-analysis/quality-rules/ca2216) [C:\UserWorx\VSWorx\ServoStudio\wpfui-servoStudio\samples\Wpf.Ui.servoStudio\servoStudio.csproj]
C:\UserWorx\VSWorx\ServoStudio\wpfui-servoStudio\samples\Wpf.Ui.servoStudio\Core\CANopen\CanOpenMaster.cs(304,17): warning IDE0058: 姘歌繙涓嶄細浣跨敤琛ㄨ揪寮忓€?(https://learn.microsoft.com/dotnet/fundamentals/code-analysis/style-rules/ide0058) [C:\UserWorx\VSWorx\ServoStudio\wpfui-servoStudio\samples\Wpf.Ui.servoStudio\servoStudio.csproj]
C:\UserWorx\VSWorx\ServoStudio\wpfui-servoStudio\samples\Wpf.Ui.servoStudio\Core\CANopen\CanOpenMaster.cs(328,13): warning IDE0058: 姘歌繙涓嶄細浣跨敤琛ㄨ揪寮忓€?(https://learn.microsoft.com/dotnet/fundamentals/code-analysis/style-rules/ide0058) [C:\UserWorx\VSWorx\ServoStudio\wpfui-servoStudio\samples\Wpf.Ui.servoStudio\servoStudio.csproj]
C:\UserWorx\VSWorx\ServoStudio\wpfui-servoStudio\samples\Wpf.Ui.servoStudio\ViewModels\AppData\DataViewViewModel.cs(877,15): warning IDE0008: 鐢ㄦ樉寮忕被鍨嬩唬鏇?"var" (https://learn.microsoft.com/dotnet/fundamentals/code-analysis/style-rules/ide0008) [C:\UserWorx\VSWorx\ServoStudio\wpfui-servoStudio\samples\Wpf.Ui.servoStudio\servoStudio.csproj]
C:\UserWorx\VSWorx\ServoStudio\wpfui-servoStudio\samples\Wpf.Ui.servoStudio\Core\CANopen\CanOpenMaster.cs(399,25): warning IDE0008: 鐢ㄦ樉寮忕被鍨嬩唬鏇?"var" (https://learn.microsoft.com/dotnet/fundamentals/code-analysis/style-rules/ide0008) [C:\UserWorx\VSWorx\ServoStudio\wpfui-servoStudio\samples\Wpf.Ui.servoStudio\servoStudio.csproj]
C:\UserWorx\VSWorx\ServoStudio\wpfui-servoStudio\samples\Wpf.Ui.servoStudio\Core\CANopen\Adapters\CanAdapterFactory.cs(518,21): warning IDE0058: 姘歌繙涓嶄細浣跨敤琛ㄨ揪寮忓€?(https://learn.microsoft.com/dotnet/fundamentals/code-analysis/style-rules/ide0058) [C:\UserWorx\VSWorx\ServoStudio\wpfui-servoStudio\samples\Wpf.Ui.servoStudio\servoStudio.csproj]
C:\UserWorx\VSWorx\ServoStudio\wpfui-servoStudio\samples\Wpf.Ui.servoStudio\ViewModels\AppData\DataViewViewModel.cs(991,9): warning IDE0008: 鐢ㄦ樉寮忕被鍨嬩唬鏇?"var" (https://learn.microsoft.com/dotnet/fundamentals/code-analysis/style-rules/ide0008) [C:\UserWorx\VSWorx\ServoStudio\wpfui-servoStudio\samples\Wpf.Ui.servoStudio\servoStudio.csproj]
C:\UserWorx\VSWorx\ServoStudio\wpfui-servoStudio\samples\Wpf.Ui.servoStudio\ViewModels\AppData\DataViewViewModel.cs(1030,13): warning IDE0008: 鐢ㄦ樉寮忕被鍨嬩唬鏇?"var" (https://learn.microsoft.com/dotnet/fundamentals/code-analysis/style-rules/ide0008) [C:\UserWorx\VSWorx\ServoStudio\wpfui-servoStudio\samples\Wpf.Ui.servoStudio\servoStudio.csproj]
C:\UserWorx\VSWorx\ServoStudio\wpfui-servoStudio\samples\Wpf.Ui.servoStudio\ViewModels\AppData\DataViewViewModel.cs(1047,46): warning IDE0008: 鐢ㄦ樉寮忕被鍨嬩唬鏇?"var" (https://learn.microsoft.com/dotnet/fundamentals/code-analysis/style-rules/ide0008) [C:\UserWorx\VSWorx\ServoStudio\wpfui-servoStudio\samples\Wpf.Ui.servoStudio\servoStudio.csproj]
C:\UserWorx\VSWorx\ServoStudio\wpfui-servoStudio\samples\Wpf.Ui.servoStudio\ViewModels\AppData\DataViewViewModel.cs(1068,122): warning IDE0008: 鐢ㄦ樉寮忕被鍨嬩唬鏇?"var" (https://learn.microsoft.com/dotnet/fundamentals/code-analysis/style-rules/ide0008) [C:\UserWorx\VSWorx\ServoStudio\wpfui-servoStudio\samples\Wpf.Ui.servoStudio\servoStudio.csproj]
C:\UserWorx\VSWorx\ServoStudio\wpfui-servoStudio\samples\Wpf.Ui.servoStudio\Core\CANopen\Adapters\CanAdapterFactory.cs(552,21): warning IDE0058: 姘歌繙涓嶄細浣跨敤琛ㄨ揪寮忓€?(https://learn.microsoft.com/dotnet/fundamentals/code-analysis/style-rules/ide0058) [C:\UserWorx\VSWorx\ServoStudio\wpfui-servoStudio\samples\Wpf.Ui.servoStudio\servoStudio.csproj]
C:\UserWorx\VSWorx\ServoStudio\wpfui-servoStudio\samples\Wpf.Ui.servoStudio\Models\RegisterRow.cs(71,9): warning IDE0011: 鍚?鈥渋f鈥?璇彞娣诲姞澶ф嫭鍙枫€?(https://learn.microsoft.com/dotnet/fundamentals/code-analysis/style-rules/ide0011) [C:\UserWorx\VSWorx\ServoStudio\wpfui-servoStudio\samples\Wpf.Ui.servoStudio\servoStudio.csproj]
C:\UserWorx\VSWorx\ServoStudio\wpfui-servoStudio\samples\Wpf.Ui.servoStudio\Services\UserSettingsService.cs(130,13): warning IDE0011: 鍚?鈥渋f鈥?璇彞娣诲姞澶ф嫭鍙枫€?(https://learn.microsoft.com/dotnet/fundamentals/code-analysis/style-rules/ide0011) [C:\UserWorx\VSWorx\ServoStudio\wpfui-servoStudio\samples\Wpf.Ui.servoStudio\servoStudio.csproj]
C:\UserWorx\VSWorx\ServoStudio\wpfui-servoStudio\samples\Wpf.Ui.servoStudio\Models\Product.cs(86,9): warning IDE0011: 鍚?鈥渋f鈥?璇彞娣诲姞澶ф嫭鍙枫€?(https://learn.microsoft.com/dotnet/fundamentals/code-analysis/style-rules/ide0011) [C:\UserWorx\VSWorx\ServoStudio\wpfui-servoStudio\samples\Wpf.Ui.servoStudio\servoStudio.csproj]
C:\UserWorx\VSWorx\ServoStudio\wpfui-servoStudio\samples\Wpf.Ui.servoStudio\Models\Product.cs(87,9): warning IDE0011: 鍚?鈥渋f鈥?璇彞娣诲姞澶ф嫭鍙枫€?(https://learn.microsoft.com/dotnet/fundamentals/code-analysis/style-rules/ide0011) [C:\UserWorx\VSWorx\ServoStudio\wpfui-servoStudio\samples\Wpf.Ui.servoStudio\servoStudio.csproj]
C:\UserWorx\VSWorx\ServoStudio\wpfui-servoStudio\samples\Wpf.Ui.servoStudio\Models\Product.cs(88,9): warning IDE0011: 鍚?鈥渋f鈥?璇彞娣诲姞澶ф嫭鍙枫€?(https://learn.microsoft.com/dotnet/fundamentals/code-analysis/style-rules/ide0011) [C:\UserWorx\VSWorx\ServoStudio\wpfui-servoStudio\samples\Wpf.Ui.servoStudio\servoStudio.csproj]
C:\UserWorx\VSWorx\ServoStudio\wpfui-servoStudio\samples\Wpf.Ui.servoStudio\Models\Product.cs(89,9): warning IDE0011: 鍚?鈥渋f鈥?璇彞娣诲姞澶ф嫭鍙枫€?(https://learn.microsoft.com/dotnet/fundamentals/code-analysis/style-rules/ide0011) [C:\UserWorx\VSWorx\ServoStudio\wpfui-servoStudio\samples\Wpf.Ui.servoStudio\servoStudio.csproj]
C:\UserWorx\VSWorx\ServoStudio\wpfui-servoStudio\samples\Wpf.Ui.servoStudio\Models\Product.cs(90,9): warning IDE0011: 鍚?鈥渋f鈥?璇彞娣诲姞澶ф嫭鍙枫€?(https://learn.microsoft.com/dotnet/fundamentals/code-analysis/style-rules/ide0011) [C:\UserWorx\VSWorx\ServoStudio\wpfui-servoStudio\samples\Wpf.Ui.servoStudio\servoStudio.csproj]
C:\UserWorx\VSWorx\ServoStudio\wpfui-servoStudio\samples\Wpf.Ui.servoStudio\Models\Product.cs(91,9): warning IDE0011: 鍚?鈥渋f鈥?璇彞娣诲姞澶ф嫭鍙枫€?(https://learn.microsoft.com/dotnet/fundamentals/code-analysis/style-rules/ide0011) [C:\UserWorx\VSWorx\ServoStudio\wpfui-servoStudio\samples\Wpf.Ui.servoStudio\servoStudio.csproj]
C:\UserWorx\VSWorx\ServoStudio\wpfui-servoStudio\samples\Wpf.Ui.servoStudio\Models\Product.cs(92,9): warning IDE0011: 鍚?鈥渋f鈥?璇彞娣诲姞澶ф嫭鍙枫€?(https://learn.microsoft.com/dotnet/fundamentals/code-analysis/style-rules/ide0011) [C:\UserWorx\VSWorx\ServoStudio\wpfui-servoStudio\samples\Wpf.Ui.servoStudio\servoStudio.csproj]
C:\UserWorx\VSWorx\ServoStudio\wpfui-servoStudio\samples\Wpf.Ui.servoStudio\ViewModels\AppData\AppLogViewModel.cs(24,27): warning CA2213: 鈥淎ppLogViewModel鈥濆寘鍚?IDisposable 绫诲瀷鈥淪treamWriter?鈥濈殑瀛楁鈥淿writer鈥濓紝浣嗕粠鏈繘琛岄噴鏀俱€傝鏇存敼鈥淎ppLogViewModel鈥濅笂鐨?Dispose 鏂规硶浠ュ姝ゅ瓧娈佃皟鐢?Close 鎴?Dispose銆?(https://learn.microsoft.com/dotnet/fundamentals/code-analysis/quality-rules/ca2213) [C:\UserWorx\VSWorx\ServoStudio\wpfui-servoStudio\samples\Wpf.Ui.servoStudio\servoStudio.csproj]
C:\UserWorx\VSWorx\ServoStudio\wpfui-servoStudio\samples\Wpf.Ui.servoStudio\ViewModels\AppData\DataViewViewModel.cs(1093,46): warning IDE0008: 鐢ㄦ樉寮忕被鍨嬩唬鏇?"var" (https://learn.microsoft.com/dotnet/fundamentals/code-analysis/style-rules/ide0008) [C:\UserWorx\VSWorx\ServoStudio\wpfui-servoStudio\samples\Wpf.Ui.servoStudio\servoStudio.csproj]
C:\UserWorx\VSWorx\ServoStudio\wpfui-servoStudio\samples\Wpf.Ui.servoStudio\ViewModels\AppData\DataViewViewModel.cs(1110,13): warning IDE0008: 鐢ㄦ樉寮忕被鍨嬩唬鏇?"var" (https://learn.microsoft.com/dotnet/fundamentals/code-analysis/style-rules/ide0008) [C:\UserWorx\VSWorx\ServoStudio\wpfui-servoStudio\samples\Wpf.Ui.servoStudio\servoStudio.csproj]
C:\UserWorx\VSWorx\ServoStudio\wpfui-servoStudio\samples\Wpf.Ui.servoStudio\Core\CANopen\CanOpenMaster.cs(530,9): warning IDE0058: 姘歌繙涓嶄細浣跨敤琛ㄨ揪寮忓€?(https://learn.microsoft.com/dotnet/fundamentals/code-analysis/style-rules/ide0058) [C:\UserWorx\VSWorx\ServoStudio\wpfui-servoStudio\samples\Wpf.Ui.servoStudio\servoStudio.csproj]
C:\UserWorx\VSWorx\ServoStudio\wpfui-servoStudio\samples\Wpf.Ui.servoStudio\ViewModels\DeviceSet\DeviceAddViewModel.cs(102,47): warning IDE0055: 淇鏍煎紡 (https://learn.microsoft.com/dotnet/fundamentals/code-analysis/style-rules/ide0055) [C:\UserWorx\VSWorx\ServoStudio\wpfui-servoStudio\samples\Wpf.Ui.servoStudio\servoStudio.csproj]
C:\UserWorx\VSWorx\ServoStudio\wpfui-servoStudio\samples\Wpf.Ui.servoStudio\ViewModels\DeviceSet\DeviceAddViewModel.cs(102,49): warning IDE0055: 淇鏍煎紡 (https://learn.microsoft.com/dotnet/fundamentals/code-analysis/style-rules/ide0055) [C:\UserWorx\VSWorx\ServoStudio\wpfui-servoStudio\samples\Wpf.Ui.servoStudio\servoStudio.csproj]
C:\UserWorx\VSWorx\ServoStudio\wpfui-servoStudio\samples\Wpf.Ui.servoStudio\ViewModels\DeviceSet\DeviceAddViewModel.cs(102,59): warning IDE0055: 淇鏍煎紡 (https://learn.microsoft.com/dotnet/fundamentals/code-analysis/style-rules/ide0055) [C:\UserWorx\VSWorx\ServoStudio\wpfui-servoStudio\samples\Wpf.Ui.servoStudio\servoStudio.csproj]
C:\UserWorx\VSWorx\ServoStudio\wpfui-servoStudio\samples\Wpf.Ui.servoStudio\ViewModels\DeviceSet\DeviceAddViewModel.cs(621,37): warning IDE0055: 淇鏍煎紡 (https://learn.microsoft.com/dotnet/fundamentals/code-analysis/style-rules/ide0055) [C:\UserWorx\VSWorx\ServoStudio\wpfui-servoStudio\samples\Wpf.Ui.servoStudio\servoStudio.csproj]
C:\UserWorx\VSWorx\ServoStudio\wpfui-servoStudio\samples\Wpf.Ui.servoStudio\ViewModels\DeviceSet\DeviceAddViewModel.cs(677,29): warning IDE0055: 淇鏍煎紡 (https://learn.microsoft.com/dotnet/fundamentals/code-analysis/style-rules/ide0055) [C:\UserWorx\VSWorx\ServoStudio\wpfui-servoStudio\samples\Wpf.Ui.servoStudio\servoStudio.csproj]
C:\UserWorx\VSWorx\ServoStudio\wpfui-servoStudio\samples\Wpf.Ui.servoStudio\ViewModels\DeviceSet\DeviceAddViewModel.cs(691,18): warning IDE0055: 淇鏍煎紡 (https://learn.microsoft.com/dotnet/fundamentals/code-analysis/style-rules/ide0055) [C:\UserWorx\VSWorx\ServoStudio\wpfui-servoStudio\samples\Wpf.Ui.servoStudio\servoStudio.csproj]
C:\UserWorx\VSWorx\ServoStudio\wpfui-servoStudio\samples\Wpf.Ui.servoStudio\ViewModels\DeviceSet\DeviceAddViewModel.cs(691,27): warning IDE0055: 淇鏍煎紡 (https://learn.microsoft.com/dotnet/fundamentals/code-analysis/style-rules/ide0055) [C:\UserWorx\VSWorx\ServoStudio\wpfui-servoStudio\samples\Wpf.Ui.servoStudio\servoStudio.csproj]
C:\UserWorx\VSWorx\ServoStudio\wpfui-servoStudio\samples\Wpf.Ui.servoStudio\ViewModels\DeviceSet\DeviceAddViewModel.cs(691,34): warning IDE0055: 淇鏍煎紡 (https://learn.microsoft.com/dotnet/fundamentals/code-analysis/style-rules/ide0055) [C:\UserWorx\VSWorx\ServoStudio\wpfui-servoStudio\samples\Wpf.Ui.servoStudio\servoStudio.csproj]
C:\UserWorx\VSWorx\ServoStudio\wpfui-servoStudio\samples\Wpf.Ui.servoStudio\ViewModels\DeviceSet\DeviceAddViewModel.cs(701,18): warning IDE0055: 淇鏍煎紡 (https://learn.microsoft.com/dotnet/fundamentals/code-analysis/style-rules/ide0055) [C:\UserWorx\VSWorx\ServoStudio\wpfui-servoStudio\samples\Wpf.Ui.servoStudio\servoStudio.csproj]
C:\UserWorx\VSWorx\ServoStudio\wpfui-servoStudio\samples\Wpf.Ui.servoStudio\ViewModels\DeviceSet\DeviceAddViewModel.cs(701,27): warning IDE0055: 淇鏍煎紡 (https://learn.microsoft.com/dotnet/fundamentals/code-analysis/style-rules/ide0055) [C:\UserWorx\VSWorx\ServoStudio\wpfui-servoStudio\samples\Wpf.Ui.servoStudio\servoStudio.csproj]
C:\UserWorx\VSWorx\ServoStudio\wpfui-servoStudio\samples\Wpf.Ui.servoStudio\ViewModels\DeviceSet\DeviceAddViewModel.cs(701,34): warning IDE0055: 淇鏍煎紡 (https://learn.microsoft.com/dotnet/fundamentals/code-analysis/style-rules/ide0055) [C:\UserWorx\VSWorx\ServoStudio\wpfui-servoStudio\samples\Wpf.Ui.servoStudio\servoStudio.csproj]
C:\UserWorx\VSWorx\ServoStudio\wpfui-servoStudio\samples\Wpf.Ui.servoStudio\ViewModels\DeviceSet\DeviceAddViewModel.cs(710,18): warning IDE0055: 淇鏍煎紡 (https://learn.microsoft.com/dotnet/fundamentals/code-analysis/style-rules/ide0055) [C:\UserWorx\VSWorx\ServoStudio\wpfui-servoStudio\samples\Wpf.Ui.servoStudio\servoStudio.csproj]
C:\UserWorx\VSWorx\ServoStudio\wpfui-servoStudio\samples\Wpf.Ui.servoStudio\ViewModels\DeviceSet\DeviceAddViewModel.cs(710,27): warning IDE0055: 淇鏍煎紡 (https://learn.microsoft.com/dotnet/fundamentals/code-analysis/style-rules/ide0055) [C:\UserWorx\VSWorx\ServoStudio\wpfui-servoStudio\samples\Wpf.Ui.servoStudio\servoStudio.csproj]
C:\UserWorx\VSWorx\ServoStudio\wpfui-servoStudio\samples\Wpf.Ui.servoStudio\ViewModels\DeviceSet\DeviceAddViewModel.cs(710,34): warning IDE0055: 淇鏍煎紡 (https://learn.microsoft.com/dotnet/fundamentals/code-analysis/style-rules/ide0055) [C:\UserWorx\VSWorx\ServoStudio\wpfui-servoStudio\samples\Wpf.Ui.servoStudio\servoStudio.csproj]
C:\UserWorx\VSWorx\ServoStudio\wpfui-servoStudio\samples\Wpf.Ui.servoStudio\ViewModels\DeviceSet\DeviceAddViewModel.cs(713,53): warning IDE0055: 淇鏍煎紡 (https://learn.microsoft.com/dotnet/fundamentals/code-analysis/style-rules/ide0055) [C:\UserWorx\VSWorx\ServoStudio\wpfui-servoStudio\samples\Wpf.Ui.servoStudio\servoStudio.csproj]
C:\UserWorx\VSWorx\ServoStudio\wpfui-servoStudio\samples\Wpf.Ui.servoStudio\ViewModels\DeviceSet\DeviceAddViewModel.cs(735,82): warning IDE0055: 淇鏍煎紡 (https://learn.microsoft.com/dotnet/fundamentals/code-analysis/style-rules/ide0055) [C:\UserWorx\VSWorx\ServoStudio\wpfui-servoStudio\samples\Wpf.Ui.servoStudio\servoStudio.csproj]
C:\UserWorx\VSWorx\ServoStudio\wpfui-servoStudio\samples\Wpf.Ui.servoStudio\ViewModels\DeviceSet\DeviceAddViewModel.cs(736,94): warning IDE0055: 淇鏍煎紡 (https://learn.microsoft.com/dotnet/fundamentals/code-analysis/style-rules/ide0055) [C:\UserWorx\VSWorx\ServoStudio\wpfui-servoStudio\samples\Wpf.Ui.servoStudio\servoStudio.csproj]
C:\UserWorx\VSWorx\ServoStudio\wpfui-servoStudio\samples\Wpf.Ui.servoStudio\ViewModels\DeviceSet\DeviceAddViewModel.cs(947,32): warning IDE0055: 淇鏍煎紡 (https://learn.microsoft.com/dotnet/fundamentals/code-analysis/style-rules/ide0055) [C:\UserWorx\VSWorx\ServoStudio\wpfui-servoStudio\samples\Wpf.Ui.servoStudio\servoStudio.csproj]
C:\UserWorx\VSWorx\ServoStudio\wpfui-servoStudio\samples\Wpf.Ui.servoStudio\ViewModels\DeviceSet\DeviceAddViewModel.cs(958,56): warning IDE0055: 淇鏍煎紡 (https://learn.microsoft.com/dotnet/fundamentals/code-analysis/style-rules/ide0055) [C:\UserWorx\VSWorx\ServoStudio\wpfui-servoStudio\samples\Wpf.Ui.servoStudio\servoStudio.csproj]
C:\UserWorx\VSWorx\ServoStudio\wpfui-servoStudio\samples\Wpf.Ui.servoStudio\ViewModels\DeviceSet\DeviceAddViewModel.cs(958,58): warning IDE0055: 淇鏍煎紡 (https://learn.microsoft.com/dotnet/fundamentals/code-analysis/style-rules/ide0055) [C:\UserWorx\VSWorx\ServoStudio\wpfui-servoStudio\samples\Wpf.Ui.servoStudio\servoStudio.csproj]
C:\UserWorx\VSWorx\ServoStudio\wpfui-servoStudio\samples\Wpf.Ui.servoStudio\ViewModels\DeviceSet\DeviceAddViewModel.cs(958,79): warning IDE0055: 淇鏍煎紡 (https://learn.microsoft.com/dotnet/fundamentals/code-analysis/style-rules/ide0055) [C:\UserWorx\VSWorx\ServoStudio\wpfui-servoStudio\samples\Wpf.Ui.servoStudio\servoStudio.csproj]
C:\UserWorx\VSWorx\ServoStudio\wpfui-servoStudio\samples\Wpf.Ui.servoStudio\ViewModels\DeviceSet\DeviceAddViewModel.cs(958,100): warning IDE0055: 淇鏍煎紡 (https://learn.microsoft.com/dotnet/fundamentals/code-analysis/style-rules/ide0055) [C:\UserWorx\VSWorx\ServoStudio\wpfui-servoStudio\samples\Wpf.Ui.servoStudio\servoStudio.csproj]
C:\UserWorx\VSWorx\ServoStudio\wpfui-servoStudio\samples\Wpf.Ui.servoStudio\ViewModels\DeviceSet\DeviceAddViewModel.cs(960,55): warning IDE0055: 淇鏍煎紡 (https://learn.microsoft.com/dotnet/fundamentals/code-analysis/style-rules/ide0055) [C:\UserWorx\VSWorx\ServoStudio\wpfui-servoStudio\samples\Wpf.Ui.servoStudio\servoStudio.csproj]
C:\UserWorx\VSWorx\ServoStudio\wpfui-servoStudio\samples\Wpf.Ui.servoStudio\ViewModels\DeviceSet\DeviceAddViewModel.cs(960,57): warning IDE0055: 淇鏍煎紡 (https://learn.microsoft.com/dotnet/fundamentals/code-analysis/style-rules/ide0055) [C:\UserWorx\VSWorx\ServoStudio\wpfui-servoStudio\samples\Wpf.Ui.servoStudio\servoStudio.csproj]
C:\UserWorx\VSWorx\ServoStudio\wpfui-servoStudio\samples\Wpf.Ui.servoStudio\ViewModels\DeviceSet\DeviceAddViewModel.cs(960,78): warning IDE0055: 淇鏍煎紡 (https://learn.microsoft.com/dotnet/fundamentals/code-analysis/style-rules/ide0055) [C:\UserWorx\VSWorx\ServoStudio\wpfui-servoStudio\samples\Wpf.Ui.servoStudio\servoStudio.csproj]
C:\UserWorx\VSWorx\ServoStudio\wpfui-servoStudio\samples\Wpf.Ui.servoStudio\ViewModels\DeviceSet\DeviceAddViewModel.cs(960,99): warning IDE0055: 淇鏍煎紡 (https://learn.microsoft.com/dotnet/fundamentals/code-analysis/style-rules/ide0055) [C:\UserWorx\VSWorx\ServoStudio\wpfui-servoStudio\samples\Wpf.Ui.servoStudio\servoStudio.csproj]
C:\UserWorx\VSWorx\ServoStudio\wpfui-servoStudio\samples\Wpf.Ui.servoStudio\ViewModels\DeviceSet\DeviceAddViewModel.cs(962,57): warning IDE0055: 淇鏍煎紡 (https://learn.microsoft.com/dotnet/fundamentals/code-analysis/style-rules/ide0055) [C:\UserWorx\VSWorx\ServoStudio\wpfui-servoStudio\samples\Wpf.Ui.servoStudio\servoStudio.csproj]
C:\UserWorx\VSWorx\ServoStudio\wpfui-servoStudio\samples\Wpf.Ui.servoStudio\ViewModels\DeviceSet\DeviceAddViewModel.cs(962,59): warning IDE0055: 淇鏍煎紡 (https://learn.microsoft.com/dotnet/fundamentals/code-analysis/style-rules/ide0055) [C:\UserWorx\VSWorx\ServoStudio\wpfui-servoStudio\samples\Wpf.Ui.servoStudio\servoStudio.csproj]
C:\UserWorx\VSWorx\ServoStudio\wpfui-servoStudio\samples\Wpf.Ui.servoStudio\ViewModels\DeviceSet\DeviceAddViewModel.cs(962,80): warning IDE0055: 淇鏍煎紡 (https://learn.microsoft.com/dotnet/fundamentals/code-analysis/style-rules/ide0055) [C:\UserWorx\VSWorx\ServoStudio\wpfui-servoStudio\samples\Wpf.Ui.servoStudio\servoStudio.csproj]
C:\UserWorx\VSWorx\ServoStudio\wpfui-servoStudio\samples\Wpf.Ui.servoStudio\ViewModels\DeviceSet\DeviceAddViewModel.cs(962,101): warning IDE0055: 淇鏍煎紡 (https://learn.microsoft.com/dotnet/fundamentals/code-analysis/style-rules/ide0055) [C:\UserWorx\VSWorx\ServoStudio\wpfui-servoStudio\samples\Wpf.Ui.servoStudio\servoStudio.csproj]
C:\UserWorx\VSWorx\ServoStudio\wpfui-servoStudio\samples\Wpf.Ui.servoStudio\ViewModels\DeviceSet\DeviceAddViewModel.cs(964,63): warning IDE0055: 淇鏍煎紡 (https://learn.microsoft.com/dotnet/fundamentals/code-analysis/style-rules/ide0055) [C:\UserWorx\VSWorx\ServoStudio\wpfui-servoStudio\samples\Wpf.Ui.servoStudio\servoStudio.csproj]
C:\UserWorx\VSWorx\ServoStudio\wpfui-servoStudio\samples\Wpf.Ui.servoStudio\ViewModels\DeviceSet\DeviceAddViewModel.cs(964,65): warning IDE0055: 淇鏍煎紡 (https://learn.microsoft.com/dotnet/fundamentals/code-analysis/style-rules/ide0055) [C:\UserWorx\VSWorx\ServoStudio\wpfui-servoStudio\samples\Wpf.Ui.servoStudio\servoStudio.csproj]
C:\UserWorx\VSWorx\ServoStudio\wpfui-servoStudio\samples\Wpf.Ui.servoStudio\ViewModels\DeviceSet\DeviceAddViewModel.cs(964,86): warning IDE0055: 淇鏍煎紡 (https://learn.microsoft.com/dotnet/fundamentals/code-analysis/style-rules/ide0055) [C:\UserWorx\VSWorx\ServoStudio\wpfui-servoStudio\samples\Wpf.Ui.servoStudio\servoStudio.csproj]
C:\UserWorx\VSWorx\ServoStudio\wpfui-servoStudio\samples\Wpf.Ui.servoStudio\ViewModels\DeviceSet\DeviceAddViewModel.cs(964,107): warning IDE0055: 淇鏍煎紡 (https://learn.microsoft.com/dotnet/fundamentals/code-analysis/style-rules/ide0055) [C:\UserWorx\VSWorx\ServoStudio\wpfui-servoStudio\samples\Wpf.Ui.servoStudio\servoStudio.csproj]
C:\UserWorx\VSWorx\ServoStudio\wpfui-servoStudio\samples\Wpf.Ui.servoStudio\ViewModels\DeviceSet\DeviceAddViewModel.cs(983,45): warning IDE0055: 淇鏍煎紡 (https://learn.microsoft.com/dotnet/fundamentals/code-analysis/style-rules/ide0055) [C:\UserWorx\VSWorx\ServoStudio\wpfui-servoStudio\samples\Wpf.Ui.servoStudio\servoStudio.csproj]
C:\UserWorx\VSWorx\ServoStudio\wpfui-servoStudio\samples\Wpf.Ui.servoStudio\ViewModels\DeviceSet\DeviceAddViewModel.cs(988,26): warning IDE0055: 淇鏍煎紡 (https://learn.microsoft.com/dotnet/fundamentals/code-analysis/style-rules/ide0055) [C:\UserWorx\VSWorx\ServoStudio\wpfui-servoStudio\samples\Wpf.Ui.servoStudio\servoStudio.csproj]
C:\UserWorx\VSWorx\ServoStudio\wpfui-servoStudio\samples\Wpf.Ui.servoStudio\ViewModels\DeviceSet\DeviceAddViewModel.cs(999,29): warning IDE0055: 淇鏍煎紡 (https://learn.microsoft.com/dotnet/fundamentals/code-analysis/style-rules/ide0055) [C:\UserWorx\VSWorx\ServoStudio\wpfui-servoStudio\samples\Wpf.Ui.servoStudio\servoStudio.csproj]
C:\UserWorx\VSWorx\ServoStudio\wpfui-servoStudio\samples\Wpf.Ui.servoStudio\ViewModels\DeviceSet\DeviceAddViewModel.cs(1036,38): warning IDE0055: 淇鏍煎紡 (https://learn.microsoft.com/dotnet/fundamentals/code-analysis/style-rules/ide0055) [C:\UserWorx\VSWorx\ServoStudio\wpfui-servoStudio\samples\Wpf.Ui.servoStudio\servoStudio.csproj]
C:\UserWorx\VSWorx\ServoStudio\wpfui-servoStudio\samples\Wpf.Ui.servoStudio\ViewModels\DeviceSet\DeviceAddViewModel.cs(1046,29): warning IDE0055: 淇鏍煎紡 (https://learn.microsoft.com/dotnet/fundamentals/code-analysis/style-rules/ide0055) [C:\UserWorx\VSWorx\ServoStudio\wpfui-servoStudio\samples\Wpf.Ui.servoStudio\servoStudio.csproj]
C:\UserWorx\VSWorx\ServoStudio\wpfui-servoStudio\samples\Wpf.Ui.servoStudio\ViewModels\DeviceSet\DeviceAddViewModel.cs(1050,45): warning IDE0055: 淇鏍煎紡 (https://learn.microsoft.com/dotnet/fundamentals/code-analysis/style-rules/ide0055) [C:\UserWorx\VSWorx\ServoStudio\wpfui-servoStudio\samples\Wpf.Ui.servoStudio\servoStudio.csproj]
C:\UserWorx\VSWorx\ServoStudio\wpfui-servoStudio\samples\Wpf.Ui.servoStudio\ViewModels\DeviceSet\DeviceAddViewModel.cs(1067,16): warning IDE0055: 淇鏍煎紡 (https://learn.microsoft.com/dotnet/fundamentals/code-analysis/style-rules/ide0055) [C:\UserWorx\VSWorx\ServoStudio\wpfui-servoStudio\samples\Wpf.Ui.servoStudio\servoStudio.csproj]
C:\UserWorx\VSWorx\ServoStudio\wpfui-servoStudio\samples\Wpf.Ui.servoStudio\ViewModels\DeviceSet\DeviceAddViewModel.cs(1067,18): warning IDE0055: 淇鏍煎紡 (https://learn.microsoft.com/dotnet/fundamentals/code-analysis/style-rules/ide0055) [C:\UserWorx\VSWorx\ServoStudio\wpfui-servoStudio\samples\Wpf.Ui.servoStudio\servoStudio.csproj]
C:\UserWorx\VSWorx\ServoStudio\wpfui-servoStudio\samples\Wpf.Ui.servoStudio\ViewModels\DeviceSet\DeviceAddViewModel.cs(1067,41): warning IDE0055: 淇鏍煎紡 (https://learn.microsoft.com/dotnet/fundamentals/code-analysis/style-rules/ide0055) [C:\UserWorx\VSWorx\ServoStudio\wpfui-servoStudio\samples\Wpf.Ui.servoStudio\servoStudio.csproj]
C:\UserWorx\VSWorx\ServoStudio\wpfui-servoStudio\samples\Wpf.Ui.servoStudio\ViewModels\DeviceSet\DeviceAddViewModel.cs(1067,43): warning IDE0055: 淇鏍煎紡 (https://learn.microsoft.com/dotnet/fundamentals/code-analysis/style-rules/ide0055) [C:\UserWorx\VSWorx\ServoStudio\wpfui-servoStudio\samples\Wpf.Ui.servoStudio\servoStudio.csproj]
C:\UserWorx\VSWorx\ServoStudio\wpfui-servoStudio\samples\Wpf.Ui.servoStudio\ViewModels\DeviceSet\DeviceAddViewModel.cs(1075,20): warning IDE0055: 淇鏍煎紡 (https://learn.microsoft.com/dotnet/fundamentals/code-analysis/style-rules/ide0055) [C:\UserWorx\VSWorx\ServoStudio\wpfui-servoStudio\samples\Wpf.Ui.servoStudio\servoStudio.csproj]
C:\UserWorx\VSWorx\ServoStudio\wpfui-servoStudio\samples\Wpf.Ui.servoStudio\ViewModels\DeviceSet\DeviceAddViewModel.cs(1075,22): warning IDE0055: 淇鏍煎紡 (https://learn.microsoft.com/dotnet/fundamentals/code-analysis/style-rules/ide0055) [C:\UserWorx\VSWorx\ServoStudio\wpfui-servoStudio\samples\Wpf.Ui.servoStudio\servoStudio.csproj]
C:\UserWorx\VSWorx\ServoStudio\wpfui-servoStudio\samples\Wpf.Ui.servoStudio\ViewModels\DeviceSet\DeviceAddViewModel.cs(1075,44): warning IDE0055: 淇鏍煎紡 (https://learn.microsoft.com/dotnet/fundamentals/code-analysis/style-rules/ide0055) [C:\UserWorx\VSWorx\ServoStudio\wpfui-servoStudio\samples\Wpf.Ui.servoStudio\servoStudio.csproj]
C:\UserWorx\VSWorx\ServoStudio\wpfui-servoStudio\samples\Wpf.Ui.servoStudio\ViewModels\DeviceSet\DeviceAddViewModel.cs(1075,46): warning IDE0055: 淇鏍煎紡 (https://learn.microsoft.com/dotnet/fundamentals/code-analysis/style-rules/ide0055) [C:\UserWorx\VSWorx\ServoStudio\wpfui-servoStudio\samples\Wpf.Ui.servoStudio\servoStudio.csproj]
C:\UserWorx\VSWorx\ServoStudio\wpfui-servoStudio\samples\Wpf.Ui.servoStudio\ViewModels\DeviceSet\DeviceAddViewModel.cs(1093,16): warning IDE0055: 淇鏍煎紡 (https://learn.microsoft.com/dotnet/fundamentals/code-analysis/style-rules/ide0055) [C:\UserWorx\VSWorx\ServoStudio\wpfui-servoStudio\samples\Wpf.Ui.servoStudio\servoStudio.csproj]
C:\UserWorx\VSWorx\ServoStudio\wpfui-servoStudio\samples\Wpf.Ui.servoStudio\ViewModels\DeviceSet\DeviceAddViewModel.cs(1093,18): warning IDE0055: 淇鏍煎紡 (https://learn.microsoft.com/dotnet/fundamentals/code-analysis/style-rules/ide0055) [C:\UserWorx\VSWorx\ServoStudio\wpfui-servoStudio\samples\Wpf.Ui.servoStudio\servoStudio.csproj]
C:\UserWorx\VSWorx\ServoStudio\wpfui-servoStudio\samples\Wpf.Ui.servoStudio\ViewModels\DeviceSet\DeviceAddViewModel.cs(1093,41): warning IDE0055: 淇鏍煎紡 (https://learn.microsoft.com/dotnet/fundamentals/code-analysis/style-rules/ide0055) [C:\UserWorx\VSWorx\ServoStudio\wpfui-servoStudio\samples\Wpf.Ui.servoStudio\servoStudio.csproj]
C:\UserWorx\VSWorx\ServoStudio\wpfui-servoStudio\samples\Wpf.Ui.servoStudio\ViewModels\DeviceSet\DeviceAddViewModel.cs(1093,43): warning IDE0055: 淇鏍煎紡 (https://learn.microsoft.com/dotnet/fundamentals/code-analysis/style-rules/ide0055) [C:\UserWorx\VSWorx\ServoStudio\wpfui-servoStudio\samples\Wpf.Ui.servoStudio\servoStudio.csproj]
C:\UserWorx\VSWorx\ServoStudio\wpfui-servoStudio\samples\Wpf.Ui.servoStudio\ViewModels\DeviceSet\DeviceAddViewModel.cs(1107,12): warning IDE0055: 淇鏍煎紡 (https://learn.microsoft.com/dotnet/fundamentals/code-analysis/style-rules/ide0055) [C:\UserWorx\VSWorx\ServoStudio\wpfui-servoStudio\samples\Wpf.Ui.servoStudio\servoStudio.csproj]
C:\UserWorx\VSWorx\ServoStudio\wpfui-servoStudio\samples\Wpf.Ui.servoStudio\ViewModels\DeviceSet\DeviceAddViewModel.cs(1107,14): warning IDE0055: 淇鏍煎紡 (https://learn.microsoft.com/dotnet/fundamentals/code-analysis/style-rules/ide0055) [C:\UserWorx\VSWorx\ServoStudio\wpfui-servoStudio\samples\Wpf.Ui.servoStudio\servoStudio.csproj]
C:\UserWorx\VSWorx\ServoStudio\wpfui-servoStudio\samples\Wpf.Ui.servoStudio\ViewModels\DeviceSet\DeviceAddViewModel.cs(1107,34): warning IDE0055: 淇鏍煎紡 (https://learn.microsoft.com/dotnet/fundamentals/code-analysis/style-rules/ide0055) [C:\UserWorx\VSWorx\ServoStudio\wpfui-servoStudio\samples\Wpf.Ui.servoStudio\servoStudio.csproj]
C:\UserWorx\VSWorx\ServoStudio\wpfui-servoStudio\samples\Wpf.Ui.servoStudio\ViewModels\DeviceSet\DeviceAddViewModel.cs(1107,36): warning IDE0055: 淇鏍煎紡 (https://learn.microsoft.com/dotnet/fundamentals/code-analysis/style-rules/ide0055) [C:\UserWorx\VSWorx\ServoStudio\wpfui-servoStudio\samples\Wpf.Ui.servoStudio\servoStudio.csproj]
C:\UserWorx\VSWorx\ServoStudio\wpfui-servoStudio\samples\Wpf.Ui.servoStudio\ViewModels\DeviceSet\DeviceAddViewModel.cs(1108,12): warning IDE0055: 淇鏍煎紡 (https://learn.microsoft.com/dotnet/fundamentals/code-analysis/style-rules/ide0055) [C:\UserWorx\VSWorx\ServoStudio\wpfui-servoStudio\samples\Wpf.Ui.servoStudio\servoStudio.csproj]
C:\UserWorx\VSWorx\ServoStudio\wpfui-servoStudio\samples\Wpf.Ui.servoStudio\ViewModels\DeviceSet\DeviceAddViewModel.cs(1108,14): warning IDE0055: 淇鏍煎紡 (https://learn.microsoft.com/dotnet/fundamentals/code-analysis/style-rules/ide0055) [C:\UserWorx\VSWorx\ServoStudio\wpfui-servoStudio\samples\Wpf.Ui.servoStudio\servoStudio.csproj]
C:\UserWorx\VSWorx\ServoStudio\wpfui-servoStudio\samples\Wpf.Ui.servoStudio\ViewModels\DeviceSet\DeviceAddViewModel.cs(1108,37): warning IDE0055: 淇鏍煎紡 (https://learn.microsoft.com/dotnet/fundamentals/code-analysis/style-rules/ide0055) [C:\UserWorx\VSWorx\ServoStudio\wpfui-servoStudio\samples\Wpf.Ui.servoStudio\servoStudio.csproj]
C:\UserWorx\VSWorx\ServoStudio\wpfui-servoStudio\samples\Wpf.Ui.servoStudio\ViewModels\DeviceSet\DeviceAddViewModel.cs(1108,39): warning IDE0055: 淇鏍煎紡 (https://learn.microsoft.com/dotnet/fundamentals/code-analysis/style-rules/ide0055) [C:\UserWorx\VSWorx\ServoStudio\wpfui-servoStudio\samples\Wpf.Ui.servoStudio\servoStudio.csproj]
C:\UserWorx\VSWorx\ServoStudio\wpfui-servoStudio\samples\Wpf.Ui.servoStudio\ViewModels\DeviceSet\DeviceAddViewModel.cs(1539,32): warning IDE0055: 淇鏍煎紡 (https://learn.microsoft.com/dotnet/fundamentals/code-analysis/style-rules/ide0055) [C:\UserWorx\VSWorx\ServoStudio\wpfui-servoStudio\samples\Wpf.Ui.servoStudio\servoStudio.csproj]
C:\UserWorx\VSWorx\ServoStudio\wpfui-servoStudio\samples\Wpf.Ui.servoStudio\ViewModels\DeviceSet\DeviceAddViewModel.cs(1555,12): warning IDE0055: 淇鏍煎紡 (https://learn.microsoft.com/dotnet/fundamentals/code-analysis/style-rules/ide0055) [C:\UserWorx\VSWorx\ServoStudio\wpfui-servoStudio\samples\Wpf.Ui.servoStudio\servoStudio.csproj]
C:\UserWorx\VSWorx\ServoStudio\wpfui-servoStudio\samples\Wpf.Ui.servoStudio\ViewModels\DeviceSet\DeviceAddViewModel.cs(1555,14): warning IDE0055: 淇鏍煎紡 (https://learn.microsoft.com/dotnet/fundamentals/code-analysis/style-rules/ide0055) [C:\UserWorx\VSWorx\ServoStudio\wpfui-servoStudio\samples\Wpf.Ui.servoStudio\servoStudio.csproj]
C:\UserWorx\VSWorx\ServoStudio\wpfui-servoStudio\samples\Wpf.Ui.servoStudio\ViewModels\DeviceSet\DeviceAddViewModel.cs(1555,29): warning IDE0055: 淇鏍煎紡 (https://learn.microsoft.com/dotnet/fundamentals/code-analysis/style-rules/ide0055) [C:\UserWorx\VSWorx\ServoStudio\wpfui-servoStudio\samples\Wpf.Ui.servoStudio\servoStudio.csproj]
C:\UserWorx\VSWorx\ServoStudio\wpfui-servoStudio\samples\Wpf.Ui.servoStudio\ViewModels\DeviceSet\DeviceAddViewModel.cs(1555,31): warning IDE0055: 淇鏍煎紡 (https://learn.microsoft.com/dotnet/fundamentals/code-analysis/style-rules/ide0055) [C:\UserWorx\VSWorx\ServoStudio\wpfui-servoStudio\samples\Wpf.Ui.servoStudio\servoStudio.csproj]
C:\UserWorx\VSWorx\ServoStudio\wpfui-servoStudio\samples\Wpf.Ui.servoStudio\ViewModels\DeviceSet\DeviceAddViewModel.cs(1556,12): warning IDE0055: 淇鏍煎紡 (https://learn.microsoft.com/dotnet/fundamentals/code-analysis/style-rules/ide0055) [C:\UserWorx\VSWorx\ServoStudio\wpfui-servoStudio\samples\Wpf.Ui.servoStudio\servoStudio.csproj]
C:\UserWorx\VSWorx\ServoStudio\wpfui-servoStudio\samples\Wpf.Ui.servoStudio\ViewModels\DeviceSet\DeviceAddViewModel.cs(1556,14): warning IDE0055: 淇鏍煎紡 (https://learn.microsoft.com/dotnet/fundamentals/code-analysis/style-rules/ide0055) [C:\UserWorx\VSWorx\ServoStudio\wpfui-servoStudio\samples\Wpf.Ui.servoStudio\servoStudio.csproj]
C:\UserWorx\VSWorx\ServoStudio\wpfui-servoStudio\samples\Wpf.Ui.servoStudio\ViewModels\DeviceSet\DeviceAddViewModel.cs(1556,30): warning IDE0055: 淇鏍煎紡 (https://learn.microsoft.com/dotnet/fundamentals/code-analysis/style-rules/ide0055) [C:\UserWorx\VSWorx\ServoStudio\wpfui-servoStudio\samples\Wpf.Ui.servoStudio\servoStudio.csproj]
C:\UserWorx\VSWorx\ServoStudio\wpfui-servoStudio\samples\Wpf.Ui.servoStudio\ViewModels\DeviceSet\DeviceAddViewModel.cs(1556,32): warning IDE0055: 淇鏍煎紡 (https://learn.microsoft.com/dotnet/fundamentals/code-analysis/style-rules/ide0055) [C:\UserWorx\VSWorx\ServoStudio\wpfui-servoStudio\samples\Wpf.Ui.servoStudio\servoStudio.csproj]
C:\UserWorx\VSWorx\ServoStudio\wpfui-servoStudio\samples\Wpf.Ui.servoStudio\ViewModels\DeviceSet\DeviceAddViewModel.cs(1566,83): warning IDE0055: 淇鏍煎紡 (https://learn.microsoft.com/dotnet/fundamentals/code-analysis/style-rules/ide0055) [C:\UserWorx\VSWorx\ServoStudio\wpfui-servoStudio\samples\Wpf.Ui.servoStudio\servoStudio.csproj]
C:\UserWorx\VSWorx\ServoStudio\wpfui-servoStudio\samples\Wpf.Ui.servoStudio\ViewModels\DeviceSet\DeviceAddViewModel.cs(1579,32): warning IDE0055: 淇鏍煎紡 (https://learn.microsoft.com/dotnet/fundamentals/code-analysis/style-rules/ide0055) [C:\UserWorx\VSWorx\ServoStudio\wpfui-servoStudio\samples\Wpf.Ui.servoStudio\servoStudio.csproj]
C:\UserWorx\VSWorx\ServoStudio\wpfui-servoStudio\samples\Wpf.Ui.servoStudio\ViewModels\DeviceSet\DeviceAddViewModel.cs(1664,12): warning IDE0055: 淇鏍煎紡 (https://learn.microsoft.com/dotnet/fundamentals/code-analysis/style-rules/ide0055) [C:\UserWorx\VSWorx\ServoStudio\wpfui-servoStudio\samples\Wpf.Ui.servoStudio\servoStudio.csproj]
C:\UserWorx\VSWorx\ServoStudio\wpfui-servoStudio\samples\Wpf.Ui.servoStudio\ViewModels\DeviceSet\DeviceAddViewModel.cs(1664,14): warning IDE0055: 淇鏍煎紡 (https://learn.microsoft.com/dotnet/fundamentals/code-analysis/style-rules/ide0055) [C:\UserWorx\VSWorx\ServoStudio\wpfui-servoStudio\samples\Wpf.Ui.servoStudio\servoStudio.csproj]
C:\UserWorx\VSWorx\ServoStudio\wpfui-servoStudio\samples\Wpf.Ui.servoStudio\ViewModels\DeviceSet\DeviceAddViewModel.cs(1664,29): warning IDE0055: 淇鏍煎紡 (https://learn.microsoft.com/dotnet/fundamentals/code-analysis/style-rules/ide0055) [C:\UserWorx\VSWorx\ServoStudio\wpfui-servoStudio\samples\Wpf.Ui.servoStudio\servoStudio.csproj]
C:\UserWorx\VSWorx\ServoStudio\wpfui-servoStudio\samples\Wpf.Ui.servoStudio\ViewModels\DeviceSet\DeviceAddViewModel.cs(1664,31): warning IDE0055: 淇鏍煎紡 (https://learn.microsoft.com/dotnet/fundamentals/code-analysis/style-rules/ide0055) [C:\UserWorx\VSWorx\ServoStudio\wpfui-servoStudio\samples\Wpf.Ui.servoStudio\servoStudio.csproj]
C:\UserWorx\VSWorx\ServoStudio\wpfui-servoStudio\samples\Wpf.Ui.servoStudio\ViewModels\DeviceSet\DeviceAddViewModel.cs(1665,12): warning IDE0055: 淇鏍煎紡 (https://learn.microsoft.com/dotnet/fundamentals/code-analysis/style-rules/ide0055) [C:\UserWorx\VSWorx\ServoStudio\wpfui-servoStudio\samples\Wpf.Ui.servoStudio\servoStudio.csproj]
C:\UserWorx\VSWorx\ServoStudio\wpfui-servoStudio\samples\Wpf.Ui.servoStudio\ViewModels\DeviceSet\DeviceAddViewModel.cs(1665,14): warning IDE0055: 淇鏍煎紡 (https://learn.microsoft.com/dotnet/fundamentals/code-analysis/style-rules/ide0055) [C:\UserWorx\VSWorx\ServoStudio\wpfui-servoStudio\samples\Wpf.Ui.servoStudio\servoStudio.csproj]
C:\UserWorx\VSWorx\ServoStudio\wpfui-servoStudio\samples\Wpf.Ui.servoStudio\ViewModels\DeviceSet\DeviceAddViewModel.cs(1665,30): warning IDE0055: 淇鏍煎紡 (https://learn.microsoft.com/dotnet/fundamentals/code-analysis/style-rules/ide0055) [C:\UserWorx\VSWorx\ServoStudio\wpfui-servoStudio\samples\Wpf.Ui.servoStudio\servoStudio.csproj]
C:\UserWorx\VSWorx\ServoStudio\wpfui-servoStudio\samples\Wpf.Ui.servoStudio\ViewModels\DeviceSet\DeviceAddViewModel.cs(1665,32): warning IDE0055: 淇鏍煎紡 (https://learn.microsoft.com/dotnet/fundamentals/code-analysis/style-rules/ide0055) [C:\UserWorx\VSWorx\ServoStudio\wpfui-servoStudio\samples\Wpf.Ui.servoStudio\servoStudio.csproj]
C:\UserWorx\VSWorx\ServoStudio\wpfui-servoStudio\samples\Wpf.Ui.servoStudio\ViewModels\DeviceSet\DeviceAddViewModel.cs(1675,84): warning IDE0055: 淇鏍煎紡 (https://learn.microsoft.com/dotnet/fundamentals/code-analysis/style-rules/ide0055) [C:\UserWorx\VSWorx\ServoStudio\wpfui-servoStudio\samples\Wpf.Ui.servoStudio\servoStudio.csproj]
C:\UserWorx\VSWorx\ServoStudio\wpfui-servoStudio\samples\Wpf.Ui.servoStudio\ViewModels\DeviceSet\DeviceAddViewModel.cs(1688,33): warning IDE0055: 淇鏍煎紡 (https://learn.microsoft.com/dotnet/fundamentals/code-analysis/style-rules/ide0055) [C:\UserWorx\VSWorx\ServoStudio\wpfui-servoStudio\samples\Wpf.Ui.servoStudio\servoStudio.csproj]
C:\UserWorx\VSWorx\ServoStudio\wpfui-servoStudio\samples\Wpf.Ui.servoStudio\ViewModels\DeviceSet\DeviceAddViewModel.cs(1756,16): warning IDE0055: 淇鏍煎紡 (https://learn.microsoft.com/dotnet/fundamentals/code-analysis/style-rules/ide0055) [C:\UserWorx\VSWorx\ServoStudio\wpfui-servoStudio\samples\Wpf.Ui.servoStudio\servoStudio.csproj]
C:\UserWorx\VSWorx\ServoStudio\wpfui-servoStudio\samples\Wpf.Ui.servoStudio\ViewModels\DeviceSet\DeviceAddViewModel.cs(1756,18): warning IDE0055: 淇鏍煎紡 (https://learn.microsoft.com/dotnet/fundamentals/code-analysis/style-rules/ide0055) [C:\UserWorx\VSWorx\ServoStudio\wpfui-servoStudio\samples\Wpf.Ui.servoStudio\servoStudio.csproj]
C:\UserWorx\VSWorx\ServoStudio\wpfui-servoStudio\samples\Wpf.Ui.servoStudio\ViewModels\DeviceSet\DeviceAddViewModel.cs(1756,33): warning IDE0055: 淇鏍煎紡 (https://learn.microsoft.com/dotnet/fundamentals/code-analysis/style-rules/ide0055) [C:\UserWorx\VSWorx\ServoStudio\wpfui-servoStudio\samples\Wpf.Ui.servoStudio\servoStudio.csproj]
C:\UserWorx\VSWorx\ServoStudio\wpfui-servoStudio\samples\Wpf.Ui.servoStudio\ViewModels\DeviceSet\DeviceAddViewModel.cs(1756,35): warning IDE0055: 淇鏍煎紡 (https://learn.microsoft.com/dotnet/fundamentals/code-analysis/style-rules/ide0055) [C:\UserWorx\VSWorx\ServoStudio\wpfui-servoStudio\samples\Wpf.Ui.servoStudio\servoStudio.csproj]
C:\UserWorx\VSWorx\ServoStudio\wpfui-servoStudio\samples\Wpf.Ui.servoStudio\ViewModels\DeviceSet\DeviceAddViewModel.cs(1955,16): warning IDE0055: 淇鏍煎紡 (https://learn.microsoft.com/dotnet/fundamentals/code-analysis/style-rules/ide0055) [C:\UserWorx\VSWorx\ServoStudio\wpfui-servoStudio\samples\Wpf.Ui.servoStudio\servoStudio.csproj]
C:\UserWorx\VSWorx\ServoStudio\wpfui-servoStudio\samples\Wpf.Ui.servoStudio\ViewModels\DeviceSet\DeviceAddViewModel.cs(1955,18): warning IDE0055: 淇鏍煎紡 (https://learn.microsoft.com/dotnet/fundamentals/code-analysis/style-rules/ide0055) [C:\UserWorx\VSWorx\ServoStudio\wpfui-servoStudio\samples\Wpf.Ui.servoStudio\servoStudio.csproj]
C:\UserWorx\VSWorx\ServoStudio\wpfui-servoStudio\samples\Wpf.Ui.servoStudio\ViewModels\DeviceSet\DeviceAddViewModel.cs(1955,41): warning IDE0055: 淇鏍煎紡 (https://learn.microsoft.com/dotnet/fundamentals/code-analysis/style-rules/ide0055) [C:\UserWorx\VSWorx\ServoStudio\wpfui-servoStudio\samples\Wpf.Ui.servoStudio\servoStudio.csproj]
C:\UserWorx\VSWorx\ServoStudio\wpfui-servoStudio\samples\Wpf.Ui.servoStudio\ViewModels\DeviceSet\DeviceAddViewModel.cs(1955,43): warning IDE0055: 淇鏍煎紡 (https://learn.microsoft.com/dotnet/fundamentals/code-analysis/style-rules/ide0055) [C:\UserWorx\VSWorx\ServoStudio\wpfui-servoStudio\samples\Wpf.Ui.servoStudio\servoStudio.csproj]
C:\UserWorx\VSWorx\ServoStudio\wpfui-servoStudio\samples\Wpf.Ui.servoStudio\ViewModels\DeviceSet\DeviceAddViewModel.cs(2065,41): warning IDE0055: 淇鏍煎紡 (https://learn.microsoft.com/dotnet/fundamentals/code-analysis/style-rules/ide0055) [C:\UserWorx\VSWorx\ServoStudio\wpfui-servoStudio\samples\Wpf.Ui.servoStudio\servoStudio.csproj]
C:\UserWorx\VSWorx\ServoStudio\wpfui-servoStudio\samples\Wpf.Ui.servoStudio\ViewModels\DeviceSet\DeviceAddViewModel.cs(2066,40): warning IDE0055: 淇鏍煎紡 (https://learn.microsoft.com/dotnet/fundamentals/code-analysis/style-rules/ide0055) [C:\UserWorx\VSWorx\ServoStudio\wpfui-servoStudio\samples\Wpf.Ui.servoStudio\servoStudio.csproj]
C:\UserWorx\VSWorx\ServoStudio\wpfui-servoStudio\samples\Wpf.Ui.servoStudio\ViewModels\DeviceSet\DeviceAddViewModel.cs(2080,33): warning IDE0055: 淇鏍煎紡 (https://learn.microsoft.com/dotnet/fundamentals/code-analysis/style-rules/ide0055) [C:\UserWorx\VSWorx\ServoStudio\wpfui-servoStudio\samples\Wpf.Ui.servoStudio\servoStudio.csproj]
C:\UserWorx\VSWorx\ServoStudio\wpfui-servoStudio\samples\Wpf.Ui.servoStudio\ViewModels\DeviceSet\DeviceAddViewModel.cs(2201,12): warning IDE0055: 淇鏍煎紡 (https://learn.microsoft.com/dotnet/fundamentals/code-analysis/style-rules/ide0055) [C:\UserWorx\VSWorx\ServoStudio\wpfui-servoStudio\samples\Wpf.Ui.servoStudio\servoStudio.csproj]
C:\UserWorx\VSWorx\ServoStudio\wpfui-servoStudio\samples\Wpf.Ui.servoStudio\ViewModels\DeviceSet\DeviceAddViewModel.cs(2201,14): warning IDE0055: 淇鏍煎紡 (https://learn.microsoft.com/dotnet/fundamentals/code-analysis/style-rules/ide0055) [C:\UserWorx\VSWorx\ServoStudio\wpfui-servoStudio\samples\Wpf.Ui.servoStudio\servoStudio.csproj]
C:\UserWorx\VSWorx\ServoStudio\wpfui-servoStudio\samples\Wpf.Ui.servoStudio\ViewModels\DeviceSet\DeviceAddViewModel.cs(2201,41): warning IDE0055: 淇鏍煎紡 (https://learn.microsoft.com/dotnet/fundamentals/code-analysis/style-rules/ide0055) [C:\UserWorx\VSWorx\ServoStudio\wpfui-servoStudio\samples\Wpf.Ui.servoStudio\servoStudio.csproj]
C:\UserWorx\VSWorx\ServoStudio\wpfui-servoStudio\samples\Wpf.Ui.servoStudio\ViewModels\DeviceSet\DeviceAddViewModel.cs(2201,43): warning IDE0055: 淇鏍煎紡 (https://learn.microsoft.com/dotnet/fundamentals/code-analysis/style-rules/ide0055) [C:\UserWorx\VSWorx\ServoStudio\wpfui-servoStudio\samples\Wpf.Ui.servoStudio\servoStudio.csproj]
C:\UserWorx\VSWorx\ServoStudio\wpfui-servoStudio\samples\Wpf.Ui.servoStudio\ViewModels\DeviceSet\DeviceAddViewModel.cs(2448,12): warning IDE0055: 淇鏍煎紡 (https://learn.microsoft.com/dotnet/fundamentals/code-analysis/style-rules/ide0055) [C:\UserWorx\VSWorx\ServoStudio\wpfui-servoStudio\samples\Wpf.Ui.servoStudio\servoStudio.csproj]
C:\UserWorx\VSWorx\ServoStudio\wpfui-servoStudio\samples\Wpf.Ui.servoStudio\ViewModels\DeviceSet\DeviceAddViewModel.cs(2448,14): warning IDE0055: 淇鏍煎紡 (https://learn.microsoft.com/dotnet/fundamentals/code-analysis/style-rules/ide0055) [C:\UserWorx\VSWorx\ServoStudio\wpfui-servoStudio\samples\Wpf.Ui.servoStudio\servoStudio.csproj]
C:\UserWorx\VSWorx\ServoStudio\wpfui-servoStudio\samples\Wpf.Ui.servoStudio\ViewModels\DeviceSet\DeviceAddViewModel.cs(2448,37): warning IDE0055: 淇鏍煎紡 (https://learn.microsoft.com/dotnet/fundamentals/code-analysis/style-rules/ide0055) [C:\UserWorx\VSWorx\ServoStudio\wpfui-servoStudio\samples\Wpf.Ui.servoStudio\servoStudio.csproj]
C:\UserWorx\VSWorx\ServoStudio\wpfui-servoStudio\samples\Wpf.Ui.servoStudio\ViewModels\DeviceSet\DeviceAddViewModel.cs(2448,39): warning IDE0055: 淇鏍煎紡 (https://learn.microsoft.com/dotnet/fundamentals/code-analysis/style-rules/ide0055) [C:\UserWorx\VSWorx\ServoStudio\wpfui-servoStudio\samples\Wpf.Ui.servoStudio\servoStudio.csproj]
C:\UserWorx\VSWorx\ServoStudio\wpfui-servoStudio\samples\Wpf.Ui.servoStudio\ViewModels\DeviceSet\DeviceAddViewModel.cs(2449,12): warning IDE0055: 淇鏍煎紡 (https://learn.microsoft.com/dotnet/fundamentals/code-analysis/style-rules/ide0055) [C:\UserWorx\VSWorx\ServoStudio\wpfui-servoStudio\samples\Wpf.Ui.servoStudio\servoStudio.csproj]
C:\UserWorx\VSWorx\ServoStudio\wpfui-servoStudio\samples\Wpf.Ui.servoStudio\ViewModels\DeviceSet\DeviceAddViewModel.cs(2449,14): warning IDE0055: 淇鏍煎紡 (https://learn.microsoft.com/dotnet/fundamentals/code-analysis/style-rules/ide0055) [C:\UserWorx\VSWorx\ServoStudio\wpfui-servoStudio\samples\Wpf.Ui.servoStudio\servoStudio.csproj]
C:\UserWorx\VSWorx\ServoStudio\wpfui-servoStudio\samples\Wpf.Ui.servoStudio\ViewModels\DeviceSet\DeviceAddViewModel.cs(2449,38): warning IDE0055: 淇鏍煎紡 (https://learn.microsoft.com/dotnet/fundamentals/code-analysis/style-rules/ide0055) [C:\UserWorx\VSWorx\ServoStudio\wpfui-servoStudio\samples\Wpf.Ui.servoStudio\servoStudio.csproj]
C:\UserWorx\VSWorx\ServoStudio\wpfui-servoStudio\samples\Wpf.Ui.servoStudio\ViewModels\DeviceSet\DeviceAddViewModel.cs(2449,40): warning IDE0055: 淇鏍煎紡 (https://learn.microsoft.com/dotnet/fundamentals/code-analysis/style-rules/ide0055) [C:\UserWorx\VSWorx\ServoStudio\wpfui-servoStudio\samples\Wpf.Ui.servoStudio\servoStudio.csproj]
C:\UserWorx\VSWorx\ServoStudio\wpfui-servoStudio\samples\Wpf.Ui.servoStudio\ViewModels\DeviceSet\DeviceAddViewModel.cs(2450,12): warning IDE0055: 淇鏍煎紡 (https://learn.microsoft.com/dotnet/fundamentals/code-analysis/style-rules/ide0055) [C:\UserWorx\VSWorx\ServoStudio\wpfui-servoStudio\samples\Wpf.Ui.servoStudio\servoStudio.csproj]
C:\UserWorx\VSWorx\ServoStudio\wpfui-servoStudio\samples\Wpf.Ui.servoStudio\ViewModels\DeviceSet\DeviceAddViewModel.cs(2450,14): warning IDE0055: 淇鏍煎紡 (https://learn.microsoft.com/dotnet/fundamentals/code-analysis/style-rules/ide0055) [C:\UserWorx\VSWorx\ServoStudio\wpfui-servoStudio\samples\Wpf.Ui.servoStudio\servoStudio.csproj]
C:\UserWorx\VSWorx\ServoStudio\wpfui-servoStudio\samples\Wpf.Ui.servoStudio\ViewModels\DeviceSet\DeviceAddViewModel.cs(2450,40): warning IDE0055: 淇鏍煎紡 (https://learn.microsoft.com/dotnet/fundamentals/code-analysis/style-rules/ide0055) [C:\UserWorx\VSWorx\ServoStudio\wpfui-servoStudio\samples\Wpf.Ui.servoStudio\servoStudio.csproj]
C:\UserWorx\VSWorx\ServoStudio\wpfui-servoStudio\samples\Wpf.Ui.servoStudio\ViewModels\DeviceSet\DeviceAddViewModel.cs(2450,42): warning IDE0055: 淇鏍煎紡 (https://learn.microsoft.com/dotnet/fundamentals/code-analysis/style-rules/ide0055) [C:\UserWorx\VSWorx\ServoStudio\wpfui-servoStudio\samples\Wpf.Ui.servoStudio\servoStudio.csproj]
C:\UserWorx\VSWorx\ServoStudio\wpfui-servoStudio\samples\Wpf.Ui.servoStudio\ViewModels\DeviceSet\DeviceAddViewModel.cs(2451,12): warning IDE0055: 淇鏍煎紡 (https://learn.microsoft.com/dotnet/fundamentals/code-analysis/style-rules/ide0055) [C:\UserWorx\VSWorx\ServoStudio\wpfui-servoStudio\samples\Wpf.Ui.servoStudio\servoStudio.csproj]
C:\UserWorx\VSWorx\ServoStudio\wpfui-servoStudio\samples\Wpf.Ui.servoStudio\ViewModels\DeviceSet\DeviceAddViewModel.cs(2451,14): warning IDE0055: 淇鏍煎紡 (https://learn.microsoft.com/dotnet/fundamentals/code-analysis/style-rules/ide0055) [C:\UserWorx\VSWorx\ServoStudio\wpfui-servoStudio\samples\Wpf.Ui.servoStudio\servoStudio.csproj]
C:\UserWorx\VSWorx\ServoStudio\wpfui-servoStudio\samples\Wpf.Ui.servoStudio\ViewModels\DeviceSet\DeviceAddViewModel.cs(2451,39): warning IDE0055: 淇鏍煎紡 (https://learn.microsoft.com/dotnet/fundamentals/code-analysis/style-rules/ide0055) [C:\UserWorx\VSWorx\ServoStudio\wpfui-servoStudio\samples\Wpf.Ui.servoStudio\servoStudio.csproj]
C:\UserWorx\VSWorx\ServoStudio\wpfui-servoStudio\samples\Wpf.Ui.servoStudio\ViewModels\DeviceSet\DeviceAddViewModel.cs(2451,41): warning IDE0055: 淇鏍煎紡 (https://learn.microsoft.com/dotnet/fundamentals/code-analysis/style-rules/ide0055) [C:\UserWorx\VSWorx\ServoStudio\wpfui-servoStudio\samples\Wpf.Ui.servoStudio\servoStudio.csproj]
C:\UserWorx\VSWorx\ServoStudio\wpfui-servoStudio\samples\Wpf.Ui.servoStudio\ViewModels\DeviceSet\DeviceAddViewModel.cs(2452,12): warning IDE0055: 淇鏍煎紡 (https://learn.microsoft.com/dotnet/fundamentals/code-analysis/style-rules/ide0055) [C:\UserWorx\VSWorx\ServoStudio\wpfui-servoStudio\samples\Wpf.Ui.servoStudio\servoStudio.csproj]
C:\UserWorx\VSWorx\ServoStudio\wpfui-servoStudio\samples\Wpf.Ui.servoStudio\ViewModels\DeviceSet\DeviceAddViewModel.cs(2452,14): warning IDE0055: 淇鏍煎紡 (https://learn.microsoft.com/dotnet/fundamentals/code-analysis/style-rules/ide0055) [C:\UserWorx\VSWorx\ServoStudio\wpfui-servoStudio\samples\Wpf.Ui.servoStudio\servoStudio.csproj]
C:\UserWorx\VSWorx\ServoStudio\wpfui-servoStudio\samples\Wpf.Ui.servoStudio\ViewModels\DeviceSet\DeviceAddViewModel.cs(2452,36): warning IDE0055: 淇鏍煎紡 (https://learn.microsoft.com/dotnet/fundamentals/code-analysis/style-rules/ide0055) [C:\UserWorx\VSWorx\ServoStudio\wpfui-servoStudio\samples\Wpf.Ui.servoStudio\servoStudio.csproj]
C:\UserWorx\VSWorx\ServoStudio\wpfui-servoStudio\samples\Wpf.Ui.servoStudio\ViewModels\DeviceSet\DeviceAddViewModel.cs(2452,38): warning IDE0055: 淇鏍煎紡 (https://learn.microsoft.com/dotnet/fundamentals/code-analysis/style-rules/ide0055) [C:\UserWorx\VSWorx\ServoStudio\wpfui-servoStudio\samples\Wpf.Ui.servoStudio\servoStudio.csproj]
C:\UserWorx\VSWorx\ServoStudio\wpfui-servoStudio\samples\Wpf.Ui.servoStudio\ViewModels\DeviceSet\DeviceAddViewModel.cs(2453,12): warning IDE0055: 淇鏍煎紡 (https://learn.microsoft.com/dotnet/fundamentals/code-analysis/style-rules/ide0055) [C:\UserWorx\VSWorx\ServoStudio\wpfui-servoStudio\samples\Wpf.Ui.servoStudio\servoStudio.csproj]
C:\UserWorx\VSWorx\ServoStudio\wpfui-servoStudio\samples\Wpf.Ui.servoStudio\ViewModels\DeviceSet\DeviceAddViewModel.cs(2453,14): warning IDE0055: 淇鏍煎紡 (https://learn.microsoft.com/dotnet/fundamentals/code-analysis/style-rules/ide0055) [C:\UserWorx\VSWorx\ServoStudio\wpfui-servoStudio\samples\Wpf.Ui.servoStudio\servoStudio.csproj]
C:\UserWorx\VSWorx\ServoStudio\wpfui-servoStudio\samples\Wpf.Ui.servoStudio\ViewModels\DeviceSet\DeviceAddViewModel.cs(2453,39): warning IDE0055: 淇鏍煎紡 (https://learn.microsoft.com/dotnet/fundamentals/code-analysis/style-rules/ide0055) [C:\UserWorx\VSWorx\ServoStudio\wpfui-servoStudio\samples\Wpf.Ui.servoStudio\servoStudio.csproj]
C:\UserWorx\VSWorx\ServoStudio\wpfui-servoStudio\samples\Wpf.Ui.servoStudio\ViewModels\DeviceSet\DeviceAddViewModel.cs(2453,41): warning IDE0055: 淇鏍煎紡 (https://learn.microsoft.com/dotnet/fundamentals/code-analysis/style-rules/ide0055) [C:\UserWorx\VSWorx\ServoStudio\wpfui-servoStudio\samples\Wpf.Ui.servoStudio\servoStudio.csproj]
C:\UserWorx\VSWorx\ServoStudio\wpfui-servoStudio\samples\Wpf.Ui.servoStudio\ViewModels\DeviceSet\DeviceAddViewModel.cs(2454,12): warning IDE0055: 淇鏍煎紡 (https://learn.microsoft.com/dotnet/fundamentals/code-analysis/style-rules/ide0055) [C:\UserWorx\VSWorx\ServoStudio\wpfui-servoStudio\samples\Wpf.Ui.servoStudio\servoStudio.csproj]
C:\UserWorx\VSWorx\ServoStudio\wpfui-servoStudio\samples\Wpf.Ui.servoStudio\ViewModels\DeviceSet\DeviceAddViewModel.cs(2454,14): warning IDE0055: 淇鏍煎紡 (https://learn.microsoft.com/dotnet/fundamentals/code-analysis/style-rules/ide0055) [C:\UserWorx\VSWorx\ServoStudio\wpfui-servoStudio\samples\Wpf.Ui.servoStudio\servoStudio.csproj]
C:\UserWorx\VSWorx\ServoStudio\wpfui-servoStudio\samples\Wpf.Ui.servoStudio\ViewModels\DeviceSet\DeviceAddViewModel.cs(2454,32): warning IDE0055: 淇鏍煎紡 (https://learn.microsoft.com/dotnet/fundamentals/code-analysis/style-rules/ide0055) [C:\UserWorx\VSWorx\ServoStudio\wpfui-servoStudio\samples\Wpf.Ui.servoStudio\servoStudio.csproj]
C:\UserWorx\VSWorx\ServoStudio\wpfui-servoStudio\samples\Wpf.Ui.servoStudio\ViewModels\DeviceSet\DeviceAddViewModel.cs(2454,34): warning IDE0055: 淇鏍煎紡 (https://learn.microsoft.com/dotnet/fundamentals/code-analysis/style-rules/ide0055) [C:\UserWorx\VSWorx\ServoStudio\wpfui-servoStudio\samples\Wpf.Ui.servoStudio\servoStudio.csproj]
C:\UserWorx\VSWorx\ServoStudio\wpfui-servoStudio\samples\Wpf.Ui.servoStudio\ViewModels\DeviceSet\DeviceAddViewModel.cs(2455,12): warning IDE0055: 淇鏍煎紡 (https://learn.microsoft.com/dotnet/fundamentals/code-analysis/style-rules/ide0055) [C:\UserWorx\VSWorx\ServoStudio\wpfui-servoStudio\samples\Wpf.Ui.servoStudio\servoStudio.csproj]
C:\UserWorx\VSWorx\ServoStudio\wpfui-servoStudio\samples\Wpf.Ui.servoStudio\ViewModels\DeviceSet\DeviceAddViewModel.cs(2455,14): warning IDE0055: 淇鏍煎紡 (https://learn.microsoft.com/dotnet/fundamentals/code-analysis/style-rules/ide0055) [C:\UserWorx\VSWorx\ServoStudio\wpfui-servoStudio\samples\Wpf.Ui.servoStudio\servoStudio.csproj]
C:\UserWorx\VSWorx\ServoStudio\wpfui-servoStudio\samples\Wpf.Ui.servoStudio\ViewModels\DeviceSet\DeviceAddViewModel.cs(2455,37): warning IDE0055: 淇鏍煎紡 (https://learn.microsoft.com/dotnet/fundamentals/code-analysis/style-rules/ide0055) [C:\UserWorx\VSWorx\ServoStudio\wpfui-servoStudio\samples\Wpf.Ui.servoStudio\servoStudio.csproj]
C:\UserWorx\VSWorx\ServoStudio\wpfui-servoStudio\samples\Wpf.Ui.servoStudio\ViewModels\DeviceSet\DeviceAddViewModel.cs(2455,39): warning IDE0055: 淇鏍煎紡 (https://learn.microsoft.com/dotnet/fundamentals/code-analysis/style-rules/ide0055) [C:\UserWorx\VSWorx\ServoStudio\wpfui-servoStudio\samples\Wpf.Ui.servoStudio\servoStudio.csproj]
C:\UserWorx\VSWorx\ServoStudio\wpfui-servoStudio\samples\Wpf.Ui.servoStudio\ViewModels\DeviceSet\DeviceAddViewModel.cs(2456,12): warning IDE0055: 淇鏍煎紡 (https://learn.microsoft.com/dotnet/fundamentals/code-analysis/style-rules/ide0055) [C:\UserWorx\VSWorx\ServoStudio\wpfui-servoStudio\samples\Wpf.Ui.servoStudio\servoStudio.csproj]
C:\UserWorx\VSWorx\ServoStudio\wpfui-servoStudio\samples\Wpf.Ui.servoStudio\ViewModels\DeviceSet\DeviceAddViewModel.cs(2456,14): warning IDE0055: 淇鏍煎紡 (https://learn.microsoft.com/dotnet/fundamentals/code-analysis/style-rules/ide0055) [C:\UserWorx\VSWorx\ServoStudio\wpfui-servoStudio\samples\Wpf.Ui.servoStudio\servoStudio.csproj]
C:\UserWorx\VSWorx\ServoStudio\wpfui-servoStudio\samples\Wpf.Ui.servoStudio\ViewModels\DeviceSet\DeviceAddViewModel.cs(2456,36): warning IDE0055: 淇鏍煎紡 (https://learn.microsoft.com/dotnet/fundamentals/code-analysis/style-rules/ide0055) [C:\UserWorx\VSWorx\ServoStudio\wpfui-servoStudio\samples\Wpf.Ui.servoStudio\servoStudio.csproj]
C:\UserWorx\VSWorx\ServoStudio\wpfui-servoStudio\samples\Wpf.Ui.servoStudio\ViewModels\DeviceSet\DeviceAddViewModel.cs(2456,38): warning IDE0055: 淇鏍煎紡 (https://learn.microsoft.com/dotnet/fundamentals/code-analysis/style-rules/ide0055) [C:\UserWorx\VSWorx\ServoStudio\wpfui-servoStudio\samples\Wpf.Ui.servoStudio\servoStudio.csproj]
C:\UserWorx\VSWorx\ServoStudio\wpfui-servoStudio\samples\Wpf.Ui.servoStudio\Core\CANopen\CanOpenMaster.cs(546,9): warning IDE0058: 姘歌繙涓嶄細浣跨敤琛ㄨ揪寮忓€?(https://learn.microsoft.com/dotnet/fundamentals/code-analysis/style-rules/ide0058) [C:\UserWorx\VSWorx\ServoStudio\wpfui-servoStudio\samples\Wpf.Ui.servoStudio\servoStudio.csproj]
C:\UserWorx\VSWorx\ServoStudio\wpfui-servoStudio\samples\Wpf.Ui.servoStudio\ViewModels\DeviceSet\DeviceAddViewModel.cs(693,9): warning IDE2003: 鍧椾笌鍚庣画璇彞涔嬮棿闇€瑕佹湁绌虹櫧琛?(https://learn.microsoft.com/dotnet/fundamentals/code-analysis/style-rules/ide2003) [C:\UserWorx\VSWorx\ServoStudio\wpfui-servoStudio\samples\Wpf.Ui.servoStudio\servoStudio.csproj]
C:\UserWorx\VSWorx\ServoStudio\wpfui-servoStudio\samples\Wpf.Ui.servoStudio\ViewModels\DeviceSet\DeviceAddViewModel.cs(703,9): warning IDE2003: 鍧椾笌鍚庣画璇彞涔嬮棿闇€瑕佹湁绌虹櫧琛?(https://learn.microsoft.com/dotnet/fundamentals/code-analysis/style-rules/ide2003) [C:\UserWorx\VSWorx\ServoStudio\wpfui-servoStudio\samples\Wpf.Ui.servoStudio\servoStudio.csproj]
C:\UserWorx\VSWorx\ServoStudio\wpfui-servoStudio\samples\Wpf.Ui.servoStudio\ViewModels\DeviceSet\DeviceAddViewModel.cs(712,9): warning IDE2003: 鍧椾笌鍚庣画璇彞涔嬮棿闇€瑕佹湁绌虹櫧琛?(https://learn.microsoft.com/dotnet/fundamentals/code-analysis/style-rules/ide2003) [C:\UserWorx\VSWorx\ServoStudio\wpfui-servoStudio\samples\Wpf.Ui.servoStudio\servoStudio.csproj]
C:\UserWorx\VSWorx\ServoStudio\wpfui-servoStudio\samples\Wpf.Ui.servoStudio\ViewModels\DeviceSet\DeviceAddViewModel.cs(953,9): warning IDE2003: 鍧椾笌鍚庣画璇彞涔嬮棿闇€瑕佹湁绌虹櫧琛?(https://learn.microsoft.com/dotnet/fundamentals/code-analysis/style-rules/ide2003) [C:\UserWorx\VSWorx\ServoStudio\wpfui-servoStudio\samples\Wpf.Ui.servoStudio\servoStudio.csproj]
C:\UserWorx\VSWorx\ServoStudio\wpfui-servoStudio\samples\Wpf.Ui.servoStudio\ViewModels\DeviceSet\DeviceAddViewModel.cs(998,9): warning IDE2003: 鍧椾笌鍚庣画璇彞涔嬮棿闇€瑕佹湁绌虹櫧琛?(https://learn.microsoft.com/dotnet/fundamentals/code-analysis/style-rules/ide2003) [C:\UserWorx\VSWorx\ServoStudio\wpfui-servoStudio\samples\Wpf.Ui.servoStudio\servoStudio.csproj]
C:\UserWorx\VSWorx\ServoStudio\wpfui-servoStudio\samples\Wpf.Ui.servoStudio\ViewModels\DeviceSet\DeviceAddViewModel.cs(1049,9): warning IDE2003: 鍧椾笌鍚庣画璇彞涔嬮棿闇€瑕佹湁绌虹櫧琛?(https://learn.microsoft.com/dotnet/fundamentals/code-analysis/style-rules/ide2003) [C:\UserWorx\VSWorx\ServoStudio\wpfui-servoStudio\samples\Wpf.Ui.servoStudio\servoStudio.csproj]
C:\UserWorx\VSWorx\ServoStudio\wpfui-servoStudio\samples\Wpf.Ui.servoStudio\Core\CANopen\CanOpenMaster.cs(581,13): warning IDE0058: 姘歌繙涓嶄細浣跨敤琛ㄨ揪寮忓€?(https://learn.microsoft.com/dotnet/fundamentals/code-analysis/style-rules/ide0058) [C:\UserWorx\VSWorx\ServoStudio\wpfui-servoStudio\samples\Wpf.Ui.servoStudio\servoStudio.csproj]
C:\UserWorx\VSWorx\ServoStudio\wpfui-servoStudio\samples\Wpf.Ui.servoStudio\ViewModels\DeviceSet\DeviceAddViewModel.cs(1067,65): warning IDE2003: 鍧椾笌鍚庣画璇彞涔嬮棿闇€瑕佹湁绌虹櫧琛?(https://learn.microsoft.com/dotnet/fundamentals/code-analysis/style-rules/ide2003) [C:\UserWorx\VSWorx\ServoStudio\wpfui-servoStudio\samples\Wpf.Ui.servoStudio\servoStudio.csproj]
C:\UserWorx\VSWorx\ServoStudio\wpfui-servoStudio\samples\Wpf.Ui.servoStudio\ViewModels\DeviceSet\DeviceAddViewModel.cs(1075,68): warning IDE2003: 鍧椾笌鍚庣画璇彞涔嬮棿闇€瑕佹湁绌虹櫧琛?(https://learn.microsoft.com/dotnet/fundamentals/code-analysis/style-rules/ide2003) [C:\UserWorx\VSWorx\ServoStudio\wpfui-servoStudio\samples\Wpf.Ui.servoStudio\servoStudio.csproj]
C:\UserWorx\VSWorx\ServoStudio\wpfui-servoStudio\samples\Wpf.Ui.servoStudio\ViewModels\DeviceSet\DeviceAddViewModel.cs(1093,65): warning IDE2003: 鍧椾笌鍚庣画璇彞涔嬮棿闇€瑕佹湁绌虹櫧琛?(https://learn.microsoft.com/dotnet/fundamentals/code-analysis/style-rules/ide2003) [C:\UserWorx\VSWorx\ServoStudio\wpfui-servoStudio\samples\Wpf.Ui.servoStudio\servoStudio.csproj]
C:\UserWorx\VSWorx\ServoStudio\wpfui-servoStudio\samples\Wpf.Ui.servoStudio\ViewModels\DeviceSet\DeviceAddViewModel.cs(1107,58): warning IDE2003: 鍧椾笌鍚庣画璇彞涔嬮棿闇€瑕佹湁绌虹櫧琛?(https://learn.microsoft.com/dotnet/fundamentals/code-analysis/style-rules/ide2003) [C:\UserWorx\VSWorx\ServoStudio\wpfui-servoStudio\samples\Wpf.Ui.servoStudio\servoStudio.csproj]
C:\UserWorx\VSWorx\ServoStudio\wpfui-servoStudio\samples\Wpf.Ui.servoStudio\ViewModels\DeviceSet\DeviceAddViewModel.cs(1108,61): warning IDE2003: 鍧椾笌鍚庣画璇彞涔嬮棿闇€瑕佹湁绌虹櫧琛?(https://learn.microsoft.com/dotnet/fundamentals/code-analysis/style-rules/ide2003) [C:\UserWorx\VSWorx\ServoStudio\wpfui-servoStudio\samples\Wpf.Ui.servoStudio\servoStudio.csproj]
C:\UserWorx\VSWorx\ServoStudio\wpfui-servoStudio\samples\Wpf.Ui.servoStudio\ViewModels\DeviceSet\DeviceAddViewModel.cs(1555,53): warning IDE2003: 鍧椾笌鍚庣画璇彞涔嬮棿闇€瑕佹湁绌虹櫧琛?(https://learn.microsoft.com/dotnet/fundamentals/code-analysis/style-rules/ide2003) [C:\UserWorx\VSWorx\ServoStudio\wpfui-servoStudio\samples\Wpf.Ui.servoStudio\servoStudio.csproj]
C:\UserWorx\VSWorx\ServoStudio\wpfui-servoStudio\samples\Wpf.Ui.servoStudio\ViewModels\DeviceSet\DeviceAddViewModel.cs(1633,13): warning IDE2003: 鍧椾笌鍚庣画璇彞涔嬮棿闇€瑕佹湁绌虹櫧琛?(https://learn.microsoft.com/dotnet/fundamentals/code-analysis/style-rules/ide2003) [C:\UserWorx\VSWorx\ServoStudio\wpfui-servoStudio\samples\Wpf.Ui.servoStudio\servoStudio.csproj]
C:\UserWorx\VSWorx\ServoStudio\wpfui-servoStudio\samples\Wpf.Ui.servoStudio\ViewModels\DeviceSet\DeviceAddViewModel.cs(1664,53): warning IDE2003: 鍧椾笌鍚庣画璇彞涔嬮棿闇€瑕佹湁绌虹櫧琛?(https://learn.microsoft.com/dotnet/fundamentals/code-analysis/style-rules/ide2003) [C:\UserWorx\VSWorx\ServoStudio\wpfui-servoStudio\samples\Wpf.Ui.servoStudio\servoStudio.csproj]
C:\UserWorx\VSWorx\ServoStudio\wpfui-servoStudio\samples\Wpf.Ui.servoStudio\ViewModels\DeviceSet\DeviceAddViewModel.cs(1749,13): warning IDE2003: 鍧椾笌鍚庣画璇彞涔嬮棿闇€瑕佹湁绌虹櫧琛?(https://learn.microsoft.com/dotnet/fundamentals/code-analysis/style-rules/ide2003) [C:\UserWorx\VSWorx\ServoStudio\wpfui-servoStudio\samples\Wpf.Ui.servoStudio\servoStudio.csproj]
C:\UserWorx\VSWorx\ServoStudio\wpfui-servoStudio\samples\Wpf.Ui.servoStudio\ViewModels\DeviceSet\DeviceAddViewModel.cs(1756,57): warning IDE2003: 鍧椾笌鍚庣画璇彞涔嬮棿闇€瑕佹湁绌虹櫧琛?(https://learn.microsoft.com/dotnet/fundamentals/code-analysis/style-rules/ide2003) [C:\UserWorx\VSWorx\ServoStudio\wpfui-servoStudio\samples\Wpf.Ui.servoStudio\servoStudio.csproj]
C:\UserWorx\VSWorx\ServoStudio\wpfui-servoStudio\samples\Wpf.Ui.servoStudio\ViewModels\DeviceSet\DeviceAddViewModel.cs(1955,65): warning IDE2003: 鍧椾笌鍚庣画璇彞涔嬮棿闇€瑕佹湁绌虹櫧琛?(https://learn.microsoft.com/dotnet/fundamentals/code-analysis/style-rules/ide2003) [C:\UserWorx\VSWorx\ServoStudio\wpfui-servoStudio\samples\Wpf.Ui.servoStudio\servoStudio.csproj]
C:\UserWorx\VSWorx\ServoStudio\wpfui-servoStudio\samples\Wpf.Ui.servoStudio\ViewModels\DeviceSet\DeviceAddViewModel.cs(2049,13): warning IDE2003: 鍧椾笌鍚庣画璇彞涔嬮棿闇€瑕佹湁绌虹櫧琛?(https://learn.microsoft.com/dotnet/fundamentals/code-analysis/style-rules/ide2003) [C:\UserWorx\VSWorx\ServoStudio\wpfui-servoStudio\samples\Wpf.Ui.servoStudio\servoStudio.csproj]
C:\UserWorx\VSWorx\ServoStudio\wpfui-servoStudio\samples\Wpf.Ui.servoStudio\ViewModels\DeviceSet\DeviceAddViewModel.cs(2140,13): warning IDE2003: 鍧椾笌鍚庣画璇彞涔嬮棿闇€瑕佹湁绌虹櫧琛?(https://learn.microsoft.com/dotnet/fundamentals/code-analysis/style-rules/ide2003) [C:\UserWorx\VSWorx\ServoStudio\wpfui-servoStudio\samples\Wpf.Ui.servoStudio\servoStudio.csproj]
C:\UserWorx\VSWorx\ServoStudio\wpfui-servoStudio\samples\Wpf.Ui.servoStudio\Helpers\EsiToSiiConverter.cs(65,9): warning IDE0011: 鍚?鈥渋f鈥?璇彞娣诲姞澶ф嫭鍙枫€?(https://learn.microsoft.com/dotnet/fundamentals/code-analysis/style-rules/ide0011) [C:\UserWorx\VSWorx\ServoStudio\wpfui-servoStudio\samples\Wpf.Ui.servoStudio\servoStudio.csproj]
C:\UserWorx\VSWorx\ServoStudio\wpfui-servoStudio\samples\Wpf.Ui.servoStudio\Helpers\EsiToSiiConverter.cs(67,9): warning IDE0011: 鍚?鈥渋f鈥?璇彞娣诲姞澶ф嫭鍙枫€?(https://learn.microsoft.com/dotnet/fundamentals/code-analysis/style-rules/ide0011) [C:\UserWorx\VSWorx\ServoStudio\wpfui-servoStudio\samples\Wpf.Ui.servoStudio\servoStudio.csproj]
C:\UserWorx\VSWorx\ServoStudio\wpfui-servoStudio\samples\Wpf.Ui.servoStudio\Helpers\EsiToSiiConverter.cs(114,13): warning IDE0011: 鍚?鈥渋f鈥?璇彞娣诲姞澶ф嫭鍙枫€?(https://learn.microsoft.com/dotnet/fundamentals/code-analysis/style-rules/ide0011) [C:\UserWorx\VSWorx\ServoStudio\wpfui-servoStudio\samples\Wpf.Ui.servoStudio\servoStudio.csproj]
C:\UserWorx\VSWorx\ServoStudio\wpfui-servoStudio\samples\Wpf.Ui.servoStudio\Helpers\EsiToSiiConverter.cs(121,17): warning IDE0011: 鍚?鈥渋f鈥?璇彞娣诲姞澶ф嫭鍙枫€?(https://learn.microsoft.com/dotnet/fundamentals/code-analysis/style-rules/ide0011) [C:\UserWorx\VSWorx\ServoStudio\wpfui-servoStudio\samples\Wpf.Ui.servoStudio\servoStudio.csproj]
C:\UserWorx\VSWorx\ServoStudio\wpfui-servoStudio\samples\Wpf.Ui.servoStudio\Helpers\EsiToSiiConverter.cs(122,17): warning IDE0011: 鍚?鈥渋f鈥?璇彞娣诲姞澶ф嫭鍙枫€?(https://learn.microsoft.com/dotnet/fundamentals/code-analysis/style-rules/ide0011) [C:\UserWorx\VSWorx\ServoStudio\wpfui-servoStudio\samples\Wpf.Ui.servoStudio\servoStudio.csproj]
C:\UserWorx\VSWorx\ServoStudio\wpfui-servoStudio\samples\Wpf.Ui.servoStudio\Helpers\EsiToSiiConverter.cs(123,17): warning IDE0011: 鍚?鈥渋f鈥?璇彞娣诲姞澶ф嫭鍙枫€?(https://learn.microsoft.com/dotnet/fundamentals/code-analysis/style-rules/ide0011) [C:\UserWorx\VSWorx\ServoStudio\wpfui-servoStudio\samples\Wpf.Ui.servoStudio\servoStudio.csproj]
C:\UserWorx\VSWorx\ServoStudio\wpfui-servoStudio\samples\Wpf.Ui.servoStudio\Helpers\EsiToSiiConverter.cs(124,17): warning IDE0011: 鍚?鈥渋f鈥?璇彞娣诲姞澶ф嫭鍙枫€?(https://learn.microsoft.com/dotnet/fundamentals/code-analysis/style-rules/ide0011) [C:\UserWorx\VSWorx\ServoStudio\wpfui-servoStudio\samples\Wpf.Ui.servoStudio\servoStudio.csproj]
C:\UserWorx\VSWorx\ServoStudio\wpfui-servoStudio\samples\Wpf.Ui.servoStudio\Helpers\EsiToSiiConverter.cs(125,17): warning IDE0011: 鍚?鈥渋f鈥?璇彞娣诲姞澶ф嫭鍙枫€?(https://learn.microsoft.com/dotnet/fundamentals/code-analysis/style-rules/ide0011) [C:\UserWorx\VSWorx\ServoStudio\wpfui-servoStudio\samples\Wpf.Ui.servoStudio\servoStudio.csproj]
C:\UserWorx\VSWorx\ServoStudio\wpfui-servoStudio\samples\Wpf.Ui.servoStudio\Helpers\EsiToSiiConverter.cs(130,13): warning IDE0011: 鍚?鈥渋f鈥?璇彞娣诲姞澶ф嫭鍙枫€?(https://learn.microsoft.com/dotnet/fundamentals/code-analysis/style-rules/ide0011) [C:\UserWorx\VSWorx\ServoStudio\wpfui-servoStudio\samples\Wpf.Ui.servoStudio\servoStudio.csproj]
C:\UserWorx\VSWorx\ServoStudio\wpfui-servoStudio\samples\Wpf.Ui.servoStudio\Helpers\EsiToSiiConverter.cs(131,13): warning IDE0011: 鍚?鈥渋f鈥?璇彞娣诲姞澶ф嫭鍙枫€?(https://learn.microsoft.com/dotnet/fundamentals/code-analysis/style-rules/ide0011) [C:\UserWorx\VSWorx\ServoStudio\wpfui-servoStudio\samples\Wpf.Ui.servoStudio\servoStudio.csproj]
C:\UserWorx\VSWorx\ServoStudio\wpfui-servoStudio\samples\Wpf.Ui.servoStudio\ViewModels\DeviceSet\DeviceAddViewModel.cs(2448,61): warning IDE2003: 鍧椾笌鍚庣画璇彞涔嬮棿闇€瑕佹湁绌虹櫧琛?(https://learn.microsoft.com/dotnet/fundamentals/code-analysis/style-rules/ide2003) [C:\UserWorx\VSWorx\ServoStudio\wpfui-servoStudio\samples\Wpf.Ui.servoStudio\servoStudio.csproj]
C:\UserWorx\VSWorx\ServoStudio\wpfui-servoStudio\samples\Wpf.Ui.servoStudio\ViewModels\DeviceSet\DeviceAddViewModel.cs(2449,62): warning IDE2003: 鍧椾笌鍚庣画璇彞涔嬮棿闇€瑕佹湁绌虹櫧琛?(https://learn.microsoft.com/dotnet/fundamentals/code-analysis/style-rules/ide2003) [C:\UserWorx\VSWorx\ServoStudio\wpfui-servoStudio\samples\Wpf.Ui.servoStudio\servoStudio.csproj]
C:\UserWorx\VSWorx\ServoStudio\wpfui-servoStudio\samples\Wpf.Ui.servoStudio\Helpers\EsiToSiiConverter.cs(282,9): warning IDE0011: 鍚?鈥渋f鈥?璇彞娣诲姞澶ф嫭鍙枫€?(https://learn.microsoft.com/dotnet/fundamentals/code-analysis/style-rules/ide0011) [C:\UserWorx\VSWorx\ServoStudio\wpfui-servoStudio\samples\Wpf.Ui.servoStudio\servoStudio.csproj]
C:\UserWorx\VSWorx\ServoStudio\wpfui-servoStudio\samples\Wpf.Ui.servoStudio\ViewModels\DeviceSet\DeviceAddViewModel.cs(2450,64): warning IDE2003: 鍧椾笌鍚庣画璇彞涔嬮棿闇€瑕佹湁绌虹櫧琛?(https://learn.microsoft.com/dotnet/fundamentals/code-analysis/style-rules/ide2003) [C:\UserWorx\VSWorx\ServoStudio\wpfui-servoStudio\samples\Wpf.Ui.servoStudio\servoStudio.csproj]
C:\UserWorx\VSWorx\ServoStudio\wpfui-servoStudio\samples\Wpf.Ui.servoStudio\Helpers\EsiToSiiConverter.cs(287,9): warning IDE0011: 鍚?鈥渋f鈥?璇彞娣诲姞澶ф嫭鍙枫€?(https://learn.microsoft.com/dotnet/fundamentals/code-analysis/style-rules/ide0011) [C:\UserWorx\VSWorx\ServoStudio\wpfui-servoStudio\samples\Wpf.Ui.servoStudio\servoStudio.csproj]
C:\UserWorx\VSWorx\ServoStudio\wpfui-servoStudio\samples\Wpf.Ui.servoStudio\ViewModels\DeviceSet\DeviceAddViewModel.cs(2451,63): warning IDE2003: 鍧椾笌鍚庣画璇彞涔嬮棿闇€瑕佹湁绌虹櫧琛?(https://learn.microsoft.com/dotnet/fundamentals/code-analysis/style-rules/ide2003) [C:\UserWorx\VSWorx\ServoStudio\wpfui-servoStudio\samples\Wpf.Ui.servoStudio\servoStudio.csproj]
C:\UserWorx\VSWorx\ServoStudio\wpfui-servoStudio\samples\Wpf.Ui.servoStudio\ViewModels\DeviceSet\DeviceAddViewModel.cs(2452,60): warning IDE2003: 鍧椾笌鍚庣画璇彞涔嬮棿闇€瑕佹湁绌虹櫧琛?(https://learn.microsoft.com/dotnet/fundamentals/code-analysis/style-rules/ide2003) [C:\UserWorx\VSWorx\ServoStudio\wpfui-servoStudio\samples\Wpf.Ui.servoStudio\servoStudio.csproj]
C:\UserWorx\VSWorx\ServoStudio\wpfui-servoStudio\samples\Wpf.Ui.servoStudio\ViewModels\DeviceSet\DeviceAddViewModel.cs(2453,63): warning IDE2003: 鍧椾笌鍚庣画璇彞涔嬮棿闇€瑕佹湁绌虹櫧琛?(https://learn.microsoft.com/dotnet/fundamentals/code-analysis/style-rules/ide2003) [C:\UserWorx\VSWorx\ServoStudio\wpfui-servoStudio\samples\Wpf.Ui.servoStudio\servoStudio.csproj]
C:\UserWorx\VSWorx\ServoStudio\wpfui-servoStudio\samples\Wpf.Ui.servoStudio\ViewModels\DeviceSet\DeviceAddViewModel.cs(2454,56): warning IDE2003: 鍧椾笌鍚庣画璇彞涔嬮棿闇€瑕佹湁绌虹櫧琛?(https://learn.microsoft.com/dotnet/fundamentals/code-analysis/style-rules/ide2003) [C:\UserWorx\VSWorx\ServoStudio\wpfui-servoStudio\samples\Wpf.Ui.servoStudio\servoStudio.csproj]
C:\UserWorx\VSWorx\ServoStudio\wpfui-servoStudio\samples\Wpf.Ui.servoStudio\ViewModels\DeviceSet\DeviceAddViewModel.cs(2455,61): warning IDE2003: 鍧椾笌鍚庣画璇彞涔嬮棿闇€瑕佹湁绌虹櫧琛?(https://learn.microsoft.com/dotnet/fundamentals/code-analysis/style-rules/ide2003) [C:\UserWorx\VSWorx\ServoStudio\wpfui-servoStudio\samples\Wpf.Ui.servoStudio\servoStudio.csproj]
C:\UserWorx\VSWorx\ServoStudio\wpfui-servoStudio\samples\Wpf.Ui.servoStudio\ViewModels\DeviceSet\DeviceAddViewModel.cs(2456,60): warning IDE2003: 鍧椾笌鍚庣画璇彞涔嬮棿闇€瑕佹湁绌虹櫧琛?(https://learn.microsoft.com/dotnet/fundamentals/code-analysis/style-rules/ide2003) [C:\UserWorx\VSWorx\ServoStudio\wpfui-servoStudio\samples\Wpf.Ui.servoStudio\servoStudio.csproj]
C:\UserWorx\VSWorx\ServoStudio\wpfui-servoStudio\samples\Wpf.Ui.servoStudio\Helpers\EsiToSiiConverter.cs(317,9): warning IDE0011: 鍚?鈥渋f鈥?璇彞娣诲姞澶ф嫭鍙枫€?(https://learn.microsoft.com/dotnet/fundamentals/code-analysis/style-rules/ide0011) [C:\UserWorx\VSWorx\ServoStudio\wpfui-servoStudio\samples\Wpf.Ui.servoStudio\servoStudio.csproj]
C:\UserWorx\VSWorx\ServoStudio\wpfui-servoStudio\samples\Wpf.Ui.servoStudio\Helpers\EsiToSiiConverter.cs(319,9): warning IDE0011: 鍚?鈥渋f鈥?璇彞娣诲姞澶ф嫭鍙枫€?(https://learn.microsoft.com/dotnet/fundamentals/code-analysis/style-rules/ide0011) [C:\UserWorx\VSWorx\ServoStudio\wpfui-servoStudio\samples\Wpf.Ui.servoStudio\servoStudio.csproj]
C:\UserWorx\VSWorx\ServoStudio\wpfui-servoStudio\samples\Wpf.Ui.servoStudio\ViewModels\AppData\DataViewViewModel.cs(1150,15): warning IDE0008: 鐢ㄦ樉寮忕被鍨嬩唬鏇?"var" (https://learn.microsoft.com/dotnet/fundamentals/code-analysis/style-rules/ide0008) [C:\UserWorx\VSWorx\ServoStudio\wpfui-servoStudio\samples\Wpf.Ui.servoStudio\servoStudio.csproj]
C:\UserWorx\VSWorx\ServoStudio\wpfui-servoStudio\samples\Wpf.Ui.servoStudio\ViewModels\AppData\DataViewViewModel.cs(1153,9): warning IDE0008: 鐢ㄦ樉寮忕被鍨嬩唬鏇?"var" (https://learn.microsoft.com/dotnet/fundamentals/code-analysis/style-rules/ide0008) [C:\UserWorx\VSWorx\ServoStudio\wpfui-servoStudio\samples\Wpf.Ui.servoStudio\servoStudio.csproj]
C:\UserWorx\VSWorx\ServoStudio\wpfui-servoStudio\samples\Wpf.Ui.servoStudio\ViewModels\AppData\DataViewViewModel.cs(1157,9): warning IDE0008: 鐢ㄦ樉寮忕被鍨嬩唬鏇?"var" (https://learn.microsoft.com/dotnet/fundamentals/code-analysis/style-rules/ide0008) [C:\UserWorx\VSWorx\ServoStudio\wpfui-servoStudio\samples\Wpf.Ui.servoStudio\servoStudio.csproj]
C:\UserWorx\VSWorx\ServoStudio\wpfui-servoStudio\samples\Wpf.Ui.servoStudio\ViewModels\DeviceSet\ListViewModel.cs(18,40): warning IDE0055: 淇鏍煎紡 (https://learn.microsoft.com/dotnet/fundamentals/code-analysis/style-rules/ide0055) [C:\UserWorx\VSWorx\ServoStudio\wpfui-servoStudio\samples\Wpf.Ui.servoStudio\servoStudio.csproj]
C:\UserWorx\VSWorx\ServoStudio\wpfui-servoStudio\samples\Wpf.Ui.servoStudio\ViewModels\DeviceSet\ListViewModel.cs(18,42): warning IDE0055: 淇鏍煎紡 (https://learn.microsoft.com/dotnet/fundamentals/code-analysis/style-rules/ide0055) [C:\UserWorx\VSWorx\ServoStudio\wpfui-servoStudio\samples\Wpf.Ui.servoStudio\servoStudio.csproj]
C:\UserWorx\VSWorx\ServoStudio\wpfui-servoStudio\samples\Wpf.Ui.servoStudio\ViewModels\DeviceSet\ListViewModel.cs(18,47): warning IDE0055: 淇鏍煎紡 (https://learn.microsoft.com/dotnet/fundamentals/code-analysis/style-rules/ide0055) [C:\UserWorx\VSWorx\ServoStudio\wpfui-servoStudio\samples\Wpf.Ui.servoStudio\servoStudio.csproj]
C:\UserWorx\VSWorx\ServoStudio\wpfui-servoStudio\samples\Wpf.Ui.servoStudio\ViewModels\AppData\DataViewViewModel.cs(1169,26): warning IDE0008: 鐢ㄦ樉寮忕被鍨嬩唬鏇?"var" (https://learn.microsoft.com/dotnet/fundamentals/code-analysis/style-rules/ide0008) [C:\UserWorx\VSWorx\ServoStudio\wpfui-servoStudio\samples\Wpf.Ui.servoStudio\servoStudio.csproj]
C:\UserWorx\VSWorx\ServoStudio\wpfui-servoStudio\samples\Wpf.Ui.servoStudio\ViewModels\AppData\DataViewViewModel.cs(1188,22): warning IDE0008: 鐢ㄦ樉寮忕被鍨嬩唬鏇?"var" (https://learn.microsoft.com/dotnet/fundamentals/code-analysis/style-rules/ide0008) [C:\UserWorx\VSWorx\ServoStudio\wpfui-servoStudio\samples\Wpf.Ui.servoStudio\servoStudio.csproj]
C:\UserWorx\VSWorx\ServoStudio\wpfui-servoStudio\samples\Wpf.Ui.servoStudio\ViewModels\AppData\DataViewViewModel.cs(1208,9): warning IDE0008: 鐢ㄦ樉寮忕被鍨嬩唬鏇?"var" (https://learn.microsoft.com/dotnet/fundamentals/code-analysis/style-rules/ide0008) [C:\UserWorx\VSWorx\ServoStudio\wpfui-servoStudio\samples\Wpf.Ui.servoStudio\servoStudio.csproj]
C:\UserWorx\VSWorx\ServoStudio\wpfui-servoStudio\samples\Wpf.Ui.servoStudio\ViewModels\AppData\DataViewViewModel.cs(1224,19): warning IDE0008: 鐢ㄦ樉寮忕被鍨嬩唬鏇?"var" (https://learn.microsoft.com/dotnet/fundamentals/code-analysis/style-rules/ide0008) [C:\UserWorx\VSWorx\ServoStudio\wpfui-servoStudio\samples\Wpf.Ui.servoStudio\servoStudio.csproj]
C:\UserWorx\VSWorx\ServoStudio\wpfui-servoStudio\samples\Wpf.Ui.servoStudio\ViewModels\AppData\DataViewViewModel.cs(1225,22): warning IDE0008: 鐢ㄦ樉寮忕被鍨嬩唬鏇?"var" (https://learn.microsoft.com/dotnet/fundamentals/code-analysis/style-rules/ide0008) [C:\UserWorx\VSWorx\ServoStudio\wpfui-servoStudio\samples\Wpf.Ui.servoStudio\servoStudio.csproj]
C:\UserWorx\VSWorx\ServoStudio\wpfui-servoStudio\samples\Wpf.Ui.servoStudio\Views\Pages\FactoryPages\FrameFormatEditorPage.xaml.cs(67,9): warning IDE0011: 鍚?鈥渋f鈥?璇彞娣诲姞澶ф嫭鍙枫€?(https://learn.microsoft.com/dotnet/fundamentals/code-analysis/style-rules/ide0011) [C:\UserWorx\VSWorx\ServoStudio\wpfui-servoStudio\samples\Wpf.Ui.servoStudio\servoStudio.csproj]
C:\UserWorx\VSWorx\ServoStudio\wpfui-servoStudio\samples\Wpf.Ui.servoStudio\Models\HVariables.cs(77,13): warning IDE0011: 鍚?鈥渋f鈥?璇彞娣诲姞澶ф嫭鍙枫€?(https://learn.microsoft.com/dotnet/fundamentals/code-analysis/style-rules/ide0011) [C:\UserWorx\VSWorx\ServoStudio\wpfui-servoStudio\samples\Wpf.Ui.servoStudio\servoStudio.csproj]
C:\UserWorx\VSWorx\ServoStudio\wpfui-servoStudio\samples\Wpf.Ui.servoStudio\Models\HVariables.cs(80,13): warning IDE0011: 鍚?鈥渋f鈥?璇彞娣诲姞澶ф嫭鍙枫€?(https://learn.microsoft.com/dotnet/fundamentals/code-analysis/style-rules/ide0011) [C:\UserWorx\VSWorx\ServoStudio\wpfui-servoStudio\samples\Wpf.Ui.servoStudio\servoStudio.csproj]
C:\UserWorx\VSWorx\ServoStudio\wpfui-servoStudio\samples\Wpf.Ui.servoStudio\Views\Pages\FactoryPages\FrameFormatEditorPage.xaml.cs(73,9): warning IDE0011: 鍚?鈥渋f鈥?璇彞娣诲姞澶ф嫭鍙枫€?(https://learn.microsoft.com/dotnet/fundamentals/code-analysis/style-rules/ide0011) [C:\UserWorx\VSWorx\ServoStudio\wpfui-servoStudio\samples\Wpf.Ui.servoStudio\servoStudio.csproj]
C:\UserWorx\VSWorx\ServoStudio\wpfui-servoStudio\samples\Wpf.Ui.servoStudio\Helpers\EsiToSiiConverter.cs(339,9): warning IDE0011: 鍚?鈥渋f鈥?璇彞娣诲姞澶ф嫭鍙枫€?(https://learn.microsoft.com/dotnet/fundamentals/code-analysis/style-rules/ide0011) [C:\UserWorx\VSWorx\ServoStudio\wpfui-servoStudio\samples\Wpf.Ui.servoStudio\servoStudio.csproj]
C:\UserWorx\VSWorx\ServoStudio\wpfui-servoStudio\samples\Wpf.Ui.servoStudio\Helpers\EsiToSiiConverter.cs(343,9): warning IDE0011: 鍚?鈥渋f鈥?璇彞娣诲姞澶ф嫭鍙枫€?(https://learn.microsoft.com/dotnet/fundamentals/code-analysis/style-rules/ide0011) [C:\UserWorx\VSWorx\ServoStudio\wpfui-servoStudio\samples\Wpf.Ui.servoStudio\servoStudio.csproj]
C:\UserWorx\VSWorx\ServoStudio\wpfui-servoStudio\samples\Wpf.Ui.servoStudio\Helpers\EsiToSiiConverter.cs(345,9): warning IDE0011: 鍚?鈥渋f鈥?璇彞娣诲姞澶ф嫭鍙枫€?(https://learn.microsoft.com/dotnet/fundamentals/code-analysis/style-rules/ide0011) [C:\UserWorx\VSWorx\ServoStudio\wpfui-servoStudio\samples\Wpf.Ui.servoStudio\servoStudio.csproj]
C:\UserWorx\VSWorx\ServoStudio\wpfui-servoStudio\samples\Wpf.Ui.servoStudio\Helpers\EsiToSiiConverter.cs(350,9): warning IDE0011: 鍚?鈥渇or鈥?璇彞娣诲姞澶ф嫭鍙枫€?(https://learn.microsoft.com/dotnet/fundamentals/code-analysis/style-rules/ide0011) [C:\UserWorx\VSWorx\ServoStudio\wpfui-servoStudio\samples\Wpf.Ui.servoStudio\servoStudio.csproj]
C:\UserWorx\VSWorx\ServoStudio\wpfui-servoStudio\samples\Wpf.Ui.servoStudio\Helpers\EsiToSiiConverter.cs(353,9): warning IDE0011: 鍚?鈥渋f鈥?璇彞娣诲姞澶ф嫭鍙枫€?(https://learn.microsoft.com/dotnet/fundamentals/code-analysis/style-rules/ide0011) [C:\UserWorx\VSWorx\ServoStudio\wpfui-servoStudio\samples\Wpf.Ui.servoStudio\servoStudio.csproj]
C:\UserWorx\VSWorx\ServoStudio\wpfui-servoStudio\samples\Wpf.Ui.servoStudio\Helpers\EsiToSiiConverter.cs(359,9): warning IDE0011: 鍚?鈥渋f鈥?璇彞娣诲姞澶ф嫭鍙枫€?(https://learn.microsoft.com/dotnet/fundamentals/code-analysis/style-rules/ide0011) [C:\UserWorx\VSWorx\ServoStudio\wpfui-servoStudio\samples\Wpf.Ui.servoStudio\servoStudio.csproj]
C:\UserWorx\VSWorx\ServoStudio\wpfui-servoStudio\samples\Wpf.Ui.servoStudio\Helpers\EsiToSiiConverter.cs(368,13): warning IDE0011: 鍚?鈥渋f鈥?璇彞娣诲姞澶ф嫭鍙枫€?(https://learn.microsoft.com/dotnet/fundamentals/code-analysis/style-rules/ide0011) [C:\UserWorx\VSWorx\ServoStudio\wpfui-servoStudio\samples\Wpf.Ui.servoStudio\servoStudio.csproj]
C:\UserWorx\VSWorx\ServoStudio\wpfui-servoStudio\samples\Wpf.Ui.servoStudio\ViewModels\AppData\DataViewViewModel.cs(1250,19): warning IDE0008: 鐢ㄦ樉寮忕被鍨嬩唬鏇?"var" (https://learn.microsoft.com/dotnet/fundamentals/code-analysis/style-rules/ide0008) [C:\UserWorx\VSWorx\ServoStudio\wpfui-servoStudio\samples\Wpf.Ui.servoStudio\servoStudio.csproj]
C:\UserWorx\VSWorx\ServoStudio\wpfui-servoStudio\samples\Wpf.Ui.servoStudio\Views\Pages\FactoryPages\FrameFormatEditorPage.xaml.cs(79,9): warning IDE0011: 鍚?鈥渋f鈥?璇彞娣诲姞澶ф嫭鍙枫€?(https://learn.microsoft.com/dotnet/fundamentals/code-analysis/style-rules/ide0011) [C:\UserWorx\VSWorx\ServoStudio\wpfui-servoStudio\samples\Wpf.Ui.servoStudio\servoStudio.csproj]
C:\UserWorx\VSWorx\ServoStudio\wpfui-servoStudio\samples\Wpf.Ui.servoStudio\Models\HVariables.cs(93,13): warning IDE0011: 鍚?鈥渋f鈥?璇彞娣诲姞澶ф嫭鍙枫€?(https://learn.microsoft.com/dotnet/fundamentals/code-analysis/style-rules/ide0011) [C:\UserWorx\VSWorx\ServoStudio\wpfui-servoStudio\samples\Wpf.Ui.servoStudio\servoStudio.csproj]
C:\UserWorx\VSWorx\ServoStudio\wpfui-servoStudio\samples\Wpf.Ui.servoStudio\Views\Pages\FactoryPages\FrameFormatEditorPage.xaml.cs(81,9): warning IDE0011: 鍚?鈥渋f鈥?璇彞娣诲姞澶ф嫭鍙枫€?(https://learn.microsoft.com/dotnet/fundamentals/code-analysis/style-rules/ide0011) [C:\UserWorx\VSWorx\ServoStudio\wpfui-servoStudio\samples\Wpf.Ui.servoStudio\servoStudio.csproj]
C:\UserWorx\VSWorx\ServoStudio\wpfui-servoStudio\samples\Wpf.Ui.servoStudio\Models\HVariables.cs(99,17): warning IDE0011: 鍚?鈥渋f鈥?璇彞娣诲姞澶ф嫭鍙枫€?(https://learn.microsoft.com/dotnet/fundamentals/code-analysis/style-rules/ide0011) [C:\UserWorx\VSWorx\ServoStudio\wpfui-servoStudio\samples\Wpf.Ui.servoStudio\servoStudio.csproj]
C:\UserWorx\VSWorx\ServoStudio\wpfui-servoStudio\samples\Wpf.Ui.servoStudio\Views\Pages\FactoryPages\FrameFormatEditorPage.xaml.cs(80,9): warning IDE0008: 鐢ㄦ樉寮忕被鍨嬩唬鏇?"var" (https://learn.microsoft.com/dotnet/fundamentals/code-analysis/style-rules/ide0008) [C:\UserWorx\VSWorx\ServoStudio\wpfui-servoStudio\samples\Wpf.Ui.servoStudio\servoStudio.csproj]
C:\UserWorx\VSWorx\ServoStudio\wpfui-servoStudio\samples\Wpf.Ui.servoStudio\Views\Pages\FactoryPages\FrameFormatEditorPage.xaml.cs(88,9): warning IDE0011: 鍚?鈥渋f鈥?璇彞娣诲姞澶ф嫭鍙枫€?(https://learn.microsoft.com/dotnet/fundamentals/code-analysis/style-rules/ide0011) [C:\UserWorx\VSWorx\ServoStudio\wpfui-servoStudio\samples\Wpf.Ui.servoStudio\servoStudio.csproj]
C:\UserWorx\VSWorx\ServoStudio\wpfui-servoStudio\samples\Wpf.Ui.servoStudio\Views\Pages\FactoryPages\FrameFormatEditorPage.xaml.cs(90,9): warning IDE0011: 鍚?鈥渋f鈥?璇彞娣诲姞澶ф嫭鍙枫€?(https://learn.microsoft.com/dotnet/fundamentals/code-analysis/style-rules/ide0011) [C:\UserWorx\VSWorx\ServoStudio\wpfui-servoStudio\samples\Wpf.Ui.servoStudio\servoStudio.csproj]
C:\UserWorx\VSWorx\ServoStudio\wpfui-servoStudio\samples\Wpf.Ui.servoStudio\Views\Pages\FactoryPages\FrameFormatEditorPage.xaml.cs(89,9): warning IDE0008: 鐢ㄦ樉寮忕被鍨嬩唬鏇?"var" (https://learn.microsoft.com/dotnet/fundamentals/code-analysis/style-rules/ide0008) [C:\UserWorx\VSWorx\ServoStudio\wpfui-servoStudio\samples\Wpf.Ui.servoStudio\servoStudio.csproj]
C:\UserWorx\VSWorx\ServoStudio\wpfui-servoStudio\samples\Wpf.Ui.servoStudio\Core\CANopen\CanOpenMaster.cs(745,26): warning CA1001: 绫诲瀷鈥淪doPending鈥濆叿鏈夊彲閲婃斁鐨勫瓧娈碘€淿evt鈥濓紝浣嗚绫诲瀷鏄笉鍙噴鏀剧殑 (https://learn.microsoft.com/dotnet/fundamentals/code-analysis/quality-rules/ca1001) [C:\UserWorx\VSWorx\ServoStudio\wpfui-servoStudio\samples\Wpf.Ui.servoStudio\servoStudio.csproj]
C:\UserWorx\VSWorx\ServoStudio\wpfui-servoStudio\samples\Wpf.Ui.servoStudio\Models\LogEntry.cs(84,9): warning IDE0011: 鍚?鈥渋f鈥?璇彞娣诲姞澶ф嫭鍙枫€?(https://learn.microsoft.com/dotnet/fundamentals/code-analysis/style-rules/ide0011) [C:\UserWorx\VSWorx\ServoStudio\wpfui-servoStudio\samples\Wpf.Ui.servoStudio\servoStudio.csproj]
C:\UserWorx\VSWorx\ServoStudio\wpfui-servoStudio\samples\Wpf.Ui.servoStudio\Models\LogEntry.cs(87,9): warning IDE0011: 鍚?鈥渋f鈥?璇彞娣诲姞澶ф嫭鍙枫€?(https://learn.microsoft.com/dotnet/fundamentals/code-analysis/style-rules/ide0011) [C:\UserWorx\VSWorx\ServoStudio\wpfui-servoStudio\samples\Wpf.Ui.servoStudio\servoStudio.csproj]
C:\UserWorx\VSWorx\ServoStudio\wpfui-servoStudio\samples\Wpf.Ui.servoStudio\Views\Pages\FactoryPages\FrameFormatEditorPage.xaml.cs(96,9): warning IDE0011: 鍚?鈥渋f鈥?璇彞娣诲姞澶ф嫭鍙枫€?(https://learn.microsoft.com/dotnet/fundamentals/code-analysis/style-rules/ide0011) [C:\UserWorx\VSWorx\ServoStudio\wpfui-servoStudio\samples\Wpf.Ui.servoStudio\servoStudio.csproj]
C:\UserWorx\VSWorx\ServoStudio\wpfui-servoStudio\samples\Wpf.Ui.servoStudio\Views\Pages\FactoryPages\FrameFormatEditorPage.xaml.cs(99,9): warning IDE0011: 鍚?鈥渋f鈥?璇彞娣诲姞澶ф嫭鍙枫€?(https://learn.microsoft.com/dotnet/fundamentals/code-analysis/style-rules/ide0011) [C:\UserWorx\VSWorx\ServoStudio\wpfui-servoStudio\samples\Wpf.Ui.servoStudio\servoStudio.csproj]
C:\UserWorx\VSWorx\ServoStudio\wpfui-servoStudio\samples\Wpf.Ui.servoStudio\Views\Pages\FactoryPages\FrameFormatEditorPage.xaml.cs(98,9): warning IDE0008: 鐢ㄦ樉寮忕被鍨嬩唬鏇?"var" (https://learn.microsoft.com/dotnet/fundamentals/code-analysis/style-rules/ide0008) [C:\UserWorx\VSWorx\ServoStudio\wpfui-servoStudio\samples\Wpf.Ui.servoStudio\servoStudio.csproj]
C:\UserWorx\VSWorx\ServoStudio\wpfui-servoStudio\samples\Wpf.Ui.servoStudio\Views\Pages\FactoryPages\FrameFormatEditorPage.xaml.cs(103,9): warning IDE0058: 姘歌繙涓嶄細浣跨敤琛ㄨ揪寮忓€?(https://learn.microsoft.com/dotnet/fundamentals/code-analysis/style-rules/ide0058) [C:\UserWorx\VSWorx\ServoStudio\wpfui-servoStudio\samples\Wpf.Ui.servoStudio\servoStudio.csproj]
C:\UserWorx\VSWorx\ServoStudio\wpfui-servoStudio\samples\Wpf.Ui.servoStudio\Helpers\EsiToSiiConverter.cs(426,9): warning IDE0011: 鍚?鈥渋f鈥?璇彞娣诲姞澶ф嫭鍙枫€?(https://learn.microsoft.com/dotnet/fundamentals/code-analysis/style-rules/ide0011) [C:\UserWorx\VSWorx\ServoStudio\wpfui-servoStudio\samples\Wpf.Ui.servoStudio\servoStudio.csproj]
C:\UserWorx\VSWorx\ServoStudio\wpfui-servoStudio\samples\Wpf.Ui.servoStudio\Helpers\EsiToSiiConverter.cs(431,9): warning IDE0011: 鍚?鈥渋f鈥?璇彞娣诲姞澶ф嫭鍙枫€?(https://learn.microsoft.com/dotnet/fundamentals/code-analysis/style-rules/ide0011) [C:\UserWorx\VSWorx\ServoStudio\wpfui-servoStudio\samples\Wpf.Ui.servoStudio\servoStudio.csproj]
C:\UserWorx\VSWorx\ServoStudio\wpfui-servoStudio\samples\Wpf.Ui.servoStudio\Views\Pages\FactoryPages\FrameFormatEditorPage.xaml.cs(109,9): warning IDE0011: 鍚?鈥渋f鈥?璇彞娣诲姞澶ф嫭鍙枫€?(https://learn.microsoft.com/dotnet/fundamentals/code-analysis/style-rules/ide0011) [C:\UserWorx\VSWorx\ServoStudio\wpfui-servoStudio\samples\Wpf.Ui.servoStudio\servoStudio.csproj]
C:\UserWorx\VSWorx\ServoStudio\wpfui-servoStudio\samples\Wpf.Ui.servoStudio\Services\UserSettingsService.cs(161,9): warning IDE0011: 鍚?鈥渋f鈥?璇彞娣诲姞澶ф嫭鍙枫€?(https://learn.microsoft.com/dotnet/fundamentals/code-analysis/style-rules/ide0011) [C:\UserWorx\VSWorx\ServoStudio\wpfui-servoStudio\samples\Wpf.Ui.servoStudio\servoStudio.csproj]
C:\UserWorx\VSWorx\ServoStudio\wpfui-servoStudio\samples\Wpf.Ui.servoStudio\Services\UserSettingsService.cs(167,13): warning IDE0011: 鍚?鈥渋f鈥?璇彞娣诲姞澶ф嫭鍙枫€?(https://learn.microsoft.com/dotnet/fundamentals/code-analysis/style-rules/ide0011) [C:\UserWorx\VSWorx\ServoStudio\wpfui-servoStudio\samples\Wpf.Ui.servoStudio\servoStudio.csproj]
C:\UserWorx\VSWorx\ServoStudio\wpfui-servoStudio\samples\Wpf.Ui.servoStudio\Services\UserSettingsService.cs(168,13): warning IDE0011: 鍚?鈥渋f鈥?璇彞娣诲姞澶ф嫭鍙枫€?(https://learn.microsoft.com/dotnet/fundamentals/code-analysis/style-rules/ide0011) [C:\UserWorx\VSWorx\ServoStudio\wpfui-servoStudio\samples\Wpf.Ui.servoStudio\servoStudio.csproj]
C:\UserWorx\VSWorx\ServoStudio\wpfui-servoStudio\samples\Wpf.Ui.servoStudio\ViewModels\AppData\DataViewViewModel.cs(1279,9): warning IDE0008: 鐢ㄦ樉寮忕被鍨嬩唬鏇?"var" (https://learn.microsoft.com/dotnet/fundamentals/code-analysis/style-rules/ide0008) [C:\UserWorx\VSWorx\ServoStudio\wpfui-servoStudio\samples\Wpf.Ui.servoStudio\servoStudio.csproj]
C:\UserWorx\VSWorx\ServoStudio\wpfui-servoStudio\samples\Wpf.Ui.servoStudio\ViewModels\AppData\DataViewViewModel.cs(1280,9): warning IDE0008: 鐢ㄦ樉寮忕被鍨嬩唬鏇?"var" (https://learn.microsoft.com/dotnet/fundamentals/code-analysis/style-rules/ide0008) [C:\UserWorx\VSWorx\ServoStudio\wpfui-servoStudio\samples\Wpf.Ui.servoStudio\servoStudio.csproj]
C:\UserWorx\VSWorx\ServoStudio\wpfui-servoStudio\samples\Wpf.Ui.servoStudio\ViewModels\Factory\FactoryViewModel.cs(180,25): warning IDE0055: 淇鏍煎紡 (https://learn.microsoft.com/dotnet/fundamentals/code-analysis/style-rules/ide0055) [C:\UserWorx\VSWorx\ServoStudio\wpfui-servoStudio\samples\Wpf.Ui.servoStudio\servoStudio.csproj]
C:\UserWorx\VSWorx\ServoStudio\wpfui-servoStudio\samples\Wpf.Ui.servoStudio\ViewModels\Factory\FactoryViewModel.cs(202,26): warning IDE0055: 淇鏍煎紡 (https://learn.microsoft.com/dotnet/fundamentals/code-analysis/style-rules/ide0055) [C:\UserWorx\VSWorx\ServoStudio\wpfui-servoStudio\samples\Wpf.Ui.servoStudio\servoStudio.csproj]
C:\UserWorx\VSWorx\ServoStudio\wpfui-servoStudio\samples\Wpf.Ui.servoStudio\ViewModels\AppData\DataViewViewModel.cs(1291,19): warning IDE0008: 鐢ㄦ樉寮忕被鍨嬩唬鏇?"var" (https://learn.microsoft.com/dotnet/fundamentals/code-analysis/style-rules/ide0008) [C:\UserWorx\VSWorx\ServoStudio\wpfui-servoStudio\samples\Wpf.Ui.servoStudio\servoStudio.csproj]
C:\UserWorx\VSWorx\ServoStudio\wpfui-servoStudio\samples\Wpf.Ui.servoStudio\ViewModels\AppData\DataViewViewModel.cs(1315,19): warning IDE0008: 鐢ㄦ樉寮忕被鍨嬩唬鏇?"var" (https://learn.microsoft.com/dotnet/fundamentals/code-analysis/style-rules/ide0008) [C:\UserWorx\VSWorx\ServoStudio\wpfui-servoStudio\samples\Wpf.Ui.servoStudio\servoStudio.csproj]
C:\UserWorx\VSWorx\ServoStudio\wpfui-servoStudio\samples\Wpf.Ui.servoStudio\ViewModels\Factory\FactoryViewModel.cs(60,9): warning IDE2003: 鍧椾笌鍚庣画璇彞涔嬮棿闇€瑕佹湁绌虹櫧琛?(https://learn.microsoft.com/dotnet/fundamentals/code-analysis/style-rules/ide2003) [C:\UserWorx\VSWorx\ServoStudio\wpfui-servoStudio\samples\Wpf.Ui.servoStudio\servoStudio.csproj]
C:\UserWorx\VSWorx\ServoStudio\wpfui-servoStudio\samples\Wpf.Ui.servoStudio\Helpers\EsiToSiiConverter.cs(56,16): warning IDE0059: 涓嶉渶瑕佸 "vendorName" 璧嬪€?(https://learn.microsoft.com/dotnet/fundamentals/code-analysis/style-rules/ide0059) [C:\UserWorx\VSWorx\ServoStudio\wpfui-servoStudio\samples\Wpf.Ui.servoStudio\servoStudio.csproj]
C:\UserWorx\VSWorx\ServoStudio\wpfui-servoStudio\samples\Wpf.Ui.servoStudio\ViewModels\Factory\FactoryViewModel.cs(160,9): warning IDE2003: 鍧椾笌鍚庣画璇彞涔嬮棿闇€瑕佹湁绌虹櫧琛?(https://learn.microsoft.com/dotnet/fundamentals/code-analysis/style-rules/ide2003) [C:\UserWorx\VSWorx\ServoStudio\wpfui-servoStudio\samples\Wpf.Ui.servoStudio\servoStudio.csproj]
C:\UserWorx\VSWorx\ServoStudio\wpfui-servoStudio\samples\Wpf.Ui.servoStudio\ViewModels\Factory\FactoryViewModel.cs(186,9): warning IDE2003: 鍧椾笌鍚庣画璇彞涔嬮棿闇€瑕佹湁绌虹櫧琛?(https://learn.microsoft.com/dotnet/fundamentals/code-analysis/style-rules/ide2003) [C:\UserWorx\VSWorx\ServoStudio\wpfui-servoStudio\samples\Wpf.Ui.servoStudio\servoStudio.csproj]
C:\UserWorx\VSWorx\ServoStudio\wpfui-servoStudio\samples\Wpf.Ui.servoStudio\ViewModels\Factory\FactoryViewModel.cs(215,21): warning IDE2003: 鍧椾笌鍚庣画璇彞涔嬮棿闇€瑕佹湁绌虹櫧琛?(https://learn.microsoft.com/dotnet/fundamentals/code-analysis/style-rules/ide2003) [C:\UserWorx\VSWorx\ServoStudio\wpfui-servoStudio\samples\Wpf.Ui.servoStudio\servoStudio.csproj]
C:\UserWorx\VSWorx\ServoStudio\wpfui-servoStudio\samples\Wpf.Ui.servoStudio\ViewModels\Factory\FactoryViewModel.cs(237,17): warning IDE2003: 鍧椾笌鍚庣画璇彞涔嬮棿闇€瑕佹湁绌虹櫧琛?(https://learn.microsoft.com/dotnet/fundamentals/code-analysis/style-rules/ide2003) [C:\UserWorx\VSWorx\ServoStudio\wpfui-servoStudio\samples\Wpf.Ui.servoStudio\servoStudio.csproj]
C:\UserWorx\VSWorx\ServoStudio\wpfui-servoStudio\samples\Wpf.Ui.servoStudio\ViewModels\Factory\FactoryViewModel.cs(246,17): warning IDE2003: 鍧椾笌鍚庣画璇彞涔嬮棿闇€瑕佹湁绌虹櫧琛?(https://learn.microsoft.com/dotnet/fundamentals/code-analysis/style-rules/ide2003) [C:\UserWorx\VSWorx\ServoStudio\wpfui-servoStudio\samples\Wpf.Ui.servoStudio\servoStudio.csproj]
C:\UserWorx\VSWorx\ServoStudio\wpfui-servoStudio\samples\Wpf.Ui.servoStudio\ViewModels\Factory\FactoryViewModel.cs(255,17): warning IDE2003: 鍧椾笌鍚庣画璇彞涔嬮棿闇€瑕佹湁绌虹櫧琛?(https://learn.microsoft.com/dotnet/fundamentals/code-analysis/style-rules/ide2003) [C:\UserWorx\VSWorx\ServoStudio\wpfui-servoStudio\samples\Wpf.Ui.servoStudio\servoStudio.csproj]
C:\UserWorx\VSWorx\ServoStudio\wpfui-servoStudio\samples\Wpf.Ui.servoStudio\ViewModels\AppData\DataSaveViewModel.cs(1110,9): warning IDE0011: 鍚?鈥渋f鈥?璇彞娣诲姞澶ф嫭鍙枫€?(https://learn.microsoft.com/dotnet/fundamentals/code-analysis/style-rules/ide0011) [C:\UserWorx\VSWorx\ServoStudio\wpfui-servoStudio\samples\Wpf.Ui.servoStudio\servoStudio.csproj]
C:\UserWorx\VSWorx\ServoStudio\wpfui-servoStudio\samples\Wpf.Ui.servoStudio\Views\Pages\FactoryPages\FrameFormatEditorPage.xaml.cs(117,9): warning IDE0011: 鍚?鈥渋f鈥?璇彞娣诲姞澶ф嫭鍙枫€?(https://learn.microsoft.com/dotnet/fundamentals/code-analysis/style-rules/ide0011) [C:\UserWorx\VSWorx\ServoStudio\wpfui-servoStudio\samples\Wpf.Ui.servoStudio\servoStudio.csproj]
C:\UserWorx\VSWorx\ServoStudio\wpfui-servoStudio\samples\Wpf.Ui.servoStudio\Views\Pages\FactoryPages\FrameFormatEditorPage.xaml.cs(118,9): warning IDE0011: 鍚?鈥渋f鈥?璇彞娣诲姞澶ф嫭鍙枫€?(https://learn.microsoft.com/dotnet/fundamentals/code-analysis/style-rules/ide0011) [C:\UserWorx\VSWorx\ServoStudio\wpfui-servoStudio\samples\Wpf.Ui.servoStudio\servoStudio.csproj]
C:\UserWorx\VSWorx\ServoStudio\wpfui-servoStudio\samples\Wpf.Ui.servoStudio\Views\Pages\FactoryPages\FrameFormatEditorPage.xaml.cs(131,9): warning IDE0011: 鍚?鈥渋f鈥?璇彞娣诲姞澶ф嫭鍙枫€?(https://learn.microsoft.com/dotnet/fundamentals/code-analysis/style-rules/ide0011) [C:\UserWorx\VSWorx\ServoStudio\wpfui-servoStudio\samples\Wpf.Ui.servoStudio\servoStudio.csproj]
C:\UserWorx\VSWorx\ServoStudio\wpfui-servoStudio\samples\Wpf.Ui.servoStudio\Views\Pages\FactoryPages\FrameFormatEditorPage.xaml.cs(128,9): warning IDE0008: 鐢ㄦ樉寮忕被鍨嬩唬鏇?"var" (https://learn.microsoft.com/dotnet/fundamentals/code-analysis/style-rules/ide0008) [C:\UserWorx\VSWorx\ServoStudio\wpfui-servoStudio\samples\Wpf.Ui.servoStudio\servoStudio.csproj]
C:\UserWorx\VSWorx\ServoStudio\wpfui-servoStudio\samples\Wpf.Ui.servoStudio\Views\Pages\FactoryPages\FrameFormatEditorPage.xaml.cs(129,9): warning IDE0008: 鐢ㄦ樉寮忕被鍨嬩唬鏇?"var" (https://learn.microsoft.com/dotnet/fundamentals/code-analysis/style-rules/ide0008) [C:\UserWorx\VSWorx\ServoStudio\wpfui-servoStudio\samples\Wpf.Ui.servoStudio\servoStudio.csproj]
C:\UserWorx\VSWorx\ServoStudio\wpfui-servoStudio\samples\Wpf.Ui.servoStudio\Services\UserSettingsService.cs(200,13): warning IDE0011: 鍚?鈥渋f鈥?璇彞娣诲姞澶ф嫭鍙枫€?(https://learn.microsoft.com/dotnet/fundamentals/code-analysis/style-rules/ide0011) [C:\UserWorx\VSWorx\ServoStudio\wpfui-servoStudio\samples\Wpf.Ui.servoStudio\servoStudio.csproj]
C:\UserWorx\VSWorx\ServoStudio\wpfui-servoStudio\samples\Wpf.Ui.servoStudio\Services\UserSettingsService.cs(213,13): warning IDE0011: 鍚?鈥渋f鈥?璇彞娣诲姞澶ф嫭鍙枫€?(https://learn.microsoft.com/dotnet/fundamentals/code-analysis/style-rules/ide0011) [C:\UserWorx\VSWorx\ServoStudio\wpfui-servoStudio\samples\Wpf.Ui.servoStudio\servoStudio.csproj]
C:\UserWorx\VSWorx\ServoStudio\wpfui-servoStudio\samples\Wpf.Ui.servoStudio\Helpers\EsiToSiiConverter.cs(451,9): warning IDE0011: 鍚?鈥渋f鈥?璇彞娣诲姞澶ф嫭鍙枫€?(https://learn.microsoft.com/dotnet/fundamentals/code-analysis/style-rules/ide0011) [C:\UserWorx\VSWorx\ServoStudio\wpfui-servoStudio\samples\Wpf.Ui.servoStudio\servoStudio.csproj]
C:\UserWorx\VSWorx\ServoStudio\wpfui-servoStudio\samples\Wpf.Ui.servoStudio\ViewModels\Factory\FrameFormatEditorViewModel.cs(45,85): warning IDE0055: 淇鏍煎紡 (https://learn.microsoft.com/dotnet/fundamentals/code-analysis/style-rules/ide0055) [C:\UserWorx\VSWorx\ServoStudio\wpfui-servoStudio\samples\Wpf.Ui.servoStudio\servoStudio.csproj]
C:\UserWorx\VSWorx\ServoStudio\wpfui-servoStudio\samples\Wpf.Ui.servoStudio\ViewModels\Factory\FrameFormatEditorViewModel.cs(45,87): warning IDE0055: 淇鏍煎紡 (https://learn.microsoft.com/dotnet/fundamentals/code-analysis/style-rules/ide0055) [C:\UserWorx\VSWorx\ServoStudio\wpfui-servoStudio\samples\Wpf.Ui.servoStudio\servoStudio.csproj]
C:\UserWorx\VSWorx\ServoStudio\wpfui-servoStudio\samples\Wpf.Ui.servoStudio\ViewModels\Factory\FrameFormatEditorViewModel.cs(45,92): warning IDE0055: 淇鏍煎紡 (https://learn.microsoft.com/dotnet/fundamentals/code-analysis/style-rules/ide0055) [C:\UserWorx\VSWorx\ServoStudio\wpfui-servoStudio\samples\Wpf.Ui.servoStudio\servoStudio.csproj]
C:\UserWorx\VSWorx\ServoStudio\wpfui-servoStudio\samples\Wpf.Ui.servoStudio\ViewModels\Factory\FrameFormatEditorViewModel.cs(56,63): warning IDE0055: 淇鏍煎紡 (https://learn.microsoft.com/dotnet/fundamentals/code-analysis/style-rules/ide0055) [C:\UserWorx\VSWorx\ServoStudio\wpfui-servoStudio\samples\Wpf.Ui.servoStudio\servoStudio.csproj]
C:\UserWorx\VSWorx\ServoStudio\wpfui-servoStudio\samples\Wpf.Ui.servoStudio\ViewModels\Factory\FrameFormatEditorViewModel.cs(56,65): warning IDE0055: 淇鏍煎紡 (https://learn.microsoft.com/dotnet/fundamentals/code-analysis/style-rules/ide0055) [C:\UserWorx\VSWorx\ServoStudio\wpfui-servoStudio\samples\Wpf.Ui.servoStudio\servoStudio.csproj]
C:\UserWorx\VSWorx\ServoStudio\wpfui-servoStudio\samples\Wpf.Ui.servoStudio\ViewModels\Factory\FrameFormatEditorViewModel.cs(56,70): warning IDE0055: 淇鏍煎紡 (https://learn.microsoft.com/dotnet/fundamentals/code-analysis/style-rules/ide0055) [C:\UserWorx\VSWorx\ServoStudio\wpfui-servoStudio\samples\Wpf.Ui.servoStudio\servoStudio.csproj]
C:\UserWorx\VSWorx\ServoStudio\wpfui-servoStudio\samples\Wpf.Ui.servoStudio\ViewModels\Factory\FrameFormatEditorViewModel.cs(102,56): warning IDE0055: 淇鏍煎紡 (https://learn.microsoft.com/dotnet/fundamentals/code-analysis/style-rules/ide0055) [C:\UserWorx\VSWorx\ServoStudio\wpfui-servoStudio\samples\Wpf.Ui.servoStudio\servoStudio.csproj]
C:\UserWorx\VSWorx\ServoStudio\wpfui-servoStudio\samples\Wpf.Ui.servoStudio\ViewModels\Factory\FrameFormatEditorViewModel.cs(113,56): warning IDE0055: 淇鏍煎紡 (https://learn.microsoft.com/dotnet/fundamentals/code-analysis/style-rules/ide0055) [C:\UserWorx\VSWorx\ServoStudio\wpfui-servoStudio\samples\Wpf.Ui.servoStudio\servoStudio.csproj]
C:\UserWorx\VSWorx\ServoStudio\wpfui-servoStudio\samples\Wpf.Ui.servoStudio\ViewModels\Factory\FrameFormatEditorViewModel.cs(128,30): warning IDE0055: 淇鏍煎紡 (https://learn.microsoft.com/dotnet/fundamentals/code-analysis/style-rules/ide0055) [C:\UserWorx\VSWorx\ServoStudio\wpfui-servoStudio\samples\Wpf.Ui.servoStudio\servoStudio.csproj]
C:\UserWorx\VSWorx\ServoStudio\wpfui-servoStudio\samples\Wpf.Ui.servoStudio\ViewModels\Factory\FrameFormatEditorViewModel.cs(129,13): warning IDE0055: 淇鏍煎紡 (https://learn.microsoft.com/dotnet/fundamentals/code-analysis/style-rules/ide0055) [C:\UserWorx\VSWorx\ServoStudio\wpfui-servoStudio\samples\Wpf.Ui.servoStudio\servoStudio.csproj]
C:\UserWorx\VSWorx\ServoStudio\wpfui-servoStudio\samples\Wpf.Ui.servoStudio\ViewModels\Factory\FrameFormatEditorViewModel.cs(136,29): warning IDE0055: 淇鏍煎紡 (https://learn.microsoft.com/dotnet/fundamentals/code-analysis/style-rules/ide0055) [C:\UserWorx\VSWorx\ServoStudio\wpfui-servoStudio\samples\Wpf.Ui.servoStudio\servoStudio.csproj]
C:\UserWorx\VSWorx\ServoStudio\wpfui-servoStudio\samples\Wpf.Ui.servoStudio\ViewModels\Factory\FrameFormatEditorViewModel.cs(162,20): warning IDE0055: 淇鏍煎紡 (https://learn.microsoft.com/dotnet/fundamentals/code-analysis/style-rules/ide0055) [C:\UserWorx\VSWorx\ServoStudio\wpfui-servoStudio\samples\Wpf.Ui.servoStudio\servoStudio.csproj]
C:\UserWorx\VSWorx\ServoStudio\wpfui-servoStudio\samples\Wpf.Ui.servoStudio\ViewModels\Factory\FrameFormatEditorViewModel.cs(214,29): warning IDE0055: 淇鏍煎紡 (https://learn.microsoft.com/dotnet/fundamentals/code-analysis/style-rules/ide0055) [C:\UserWorx\VSWorx\ServoStudio\wpfui-servoStudio\samples\Wpf.Ui.servoStudio\servoStudio.csproj]
C:\UserWorx\VSWorx\ServoStudio\wpfui-servoStudio\samples\Wpf.Ui.servoStudio\ViewModels\Factory\FrameFormatEditorViewModel.cs(214,31): warning IDE0055: 淇鏍煎紡 (https://learn.microsoft.com/dotnet/fundamentals/code-analysis/style-rules/ide0055) [C:\UserWorx\VSWorx\ServoStudio\wpfui-servoStudio\samples\Wpf.Ui.servoStudio\servoStudio.csproj]
C:\UserWorx\VSWorx\ServoStudio\wpfui-servoStudio\samples\Wpf.Ui.servoStudio\ViewModels\Factory\FrameFormatEditorViewModel.cs(214,60): warning IDE0055: 淇鏍煎紡 (https://learn.microsoft.com/dotnet/fundamentals/code-analysis/style-rules/ide0055) [C:\UserWorx\VSWorx\ServoStudio\wpfui-servoStudio\samples\Wpf.Ui.servoStudio\servoStudio.csproj]
C:\UserWorx\VSWorx\ServoStudio\wpfui-servoStudio\samples\Wpf.Ui.servoStudio\ViewModels\Factory\FrameFormatEditorViewModel.cs(214,68): warning IDE0055: 淇鏍煎紡 (https://learn.microsoft.com/dotnet/fundamentals/code-analysis/style-rules/ide0055) [C:\UserWorx\VSWorx\ServoStudio\wpfui-servoStudio\samples\Wpf.Ui.servoStudio\servoStudio.csproj]
C:\UserWorx\VSWorx\ServoStudio\wpfui-servoStudio\samples\Wpf.Ui.servoStudio\ViewModels\Factory\FrameFormatEditorViewModel.cs(229,29): warning IDE0055: 淇鏍煎紡 (https://learn.microsoft.com/dotnet/fundamentals/code-analysis/style-rules/ide0055) [C:\UserWorx\VSWorx\ServoStudio\wpfui-servoStudio\samples\Wpf.Ui.servoStudio\servoStudio.csproj]
C:\UserWorx\VSWorx\ServoStudio\wpfui-servoStudio\samples\Wpf.Ui.servoStudio\ViewModels\Factory\FrameFormatEditorViewModel.cs(229,31): warning IDE0055: 淇鏍煎紡 (https://learn.microsoft.com/dotnet/fundamentals/code-analysis/style-rules/ide0055) [C:\UserWorx\VSWorx\ServoStudio\wpfui-servoStudio\samples\Wpf.Ui.servoStudio\servoStudio.csproj]
C:\UserWorx\VSWorx\ServoStudio\wpfui-servoStudio\samples\Wpf.Ui.servoStudio\ViewModels\Factory\FrameFormatEditorViewModel.cs(229,60): warning IDE0055: 淇鏍煎紡 (https://learn.microsoft.com/dotnet/fundamentals/code-analysis/style-rules/ide0055) [C:\UserWorx\VSWorx\ServoStudio\wpfui-servoStudio\samples\Wpf.Ui.servoStudio\servoStudio.csproj]
C:\UserWorx\VSWorx\ServoStudio\wpfui-servoStudio\samples\Wpf.Ui.servoStudio\ViewModels\Factory\FrameFormatEditorViewModel.cs(229,68): warning IDE0055: 淇鏍煎紡 (https://learn.microsoft.com/dotnet/fundamentals/code-analysis/style-rules/ide0055) [C:\UserWorx\VSWorx\ServoStudio\wpfui-servoStudio\samples\Wpf.Ui.servoStudio\servoStudio.csproj]
C:\UserWorx\VSWorx\ServoStudio\wpfui-servoStudio\samples\Wpf.Ui.servoStudio\ViewModels\Factory\FrameFormatEditorViewModel.cs(274,36): warning IDE0055: 淇鏍煎紡 (https://learn.microsoft.com/dotnet/fundamentals/code-analysis/style-rules/ide0055) [C:\UserWorx\VSWorx\ServoStudio\wpfui-servoStudio\samples\Wpf.Ui.servoStudio\servoStudio.csproj]
C:\UserWorx\VSWorx\ServoStudio\wpfui-servoStudio\samples\Wpf.Ui.servoStudio\ViewModels\Factory\FrameFormatEditorViewModel.cs(278,32): warning IDE0055: 淇鏍煎紡 (https://learn.microsoft.com/dotnet/fundamentals/code-analysis/style-rules/ide0055) [C:\UserWorx\VSWorx\ServoStudio\wpfui-servoStudio\samples\Wpf.Ui.servoStudio\servoStudio.csproj]
C:\UserWorx\VSWorx\ServoStudio\wpfui-servoStudio\samples\Wpf.Ui.servoStudio\ViewModels\Factory\FrameFormatEditorViewModel.cs(289,36): warning IDE0055: 淇鏍煎紡 (https://learn.microsoft.com/dotnet/fundamentals/code-analysis/style-rules/ide0055) [C:\UserWorx\VSWorx\ServoStudio\wpfui-servoStudio\samples\Wpf.Ui.servoStudio\servoStudio.csproj]
C:\UserWorx\VSWorx\ServoStudio\wpfui-servoStudio\samples\Wpf.Ui.servoStudio\ViewModels\Factory\FrameFormatEditorViewModel.cs(290,32): warning IDE0055: 淇鏍煎紡 (https://learn.microsoft.com/dotnet/fundamentals/code-analysis/style-rules/ide0055) [C:\UserWorx\VSWorx\ServoStudio\wpfui-servoStudio\samples\Wpf.Ui.servoStudio\servoStudio.csproj]
C:\UserWorx\VSWorx\ServoStudio\wpfui-servoStudio\samples\Wpf.Ui.servoStudio\ViewModels\Factory\FrameFormatEditorViewModel.cs(90,9): warning IDE2003: 鍧椾笌鍚庣画璇彞涔嬮棿闇€瑕佹湁绌虹櫧琛?(https://learn.microsoft.com/dotnet/fundamentals/code-analysis/style-rules/ide2003) [C:\UserWorx\VSWorx\ServoStudio\wpfui-servoStudio\samples\Wpf.Ui.servoStudio\servoStudio.csproj]
C:\UserWorx\VSWorx\ServoStudio\wpfui-servoStudio\samples\Wpf.Ui.servoStudio\Views\Pages\FactoryPages\FrameFormatEditorPage.xaml.cs(149,47): warning IDE0008: 鐢ㄦ樉寮忕被鍨嬩唬鏇?"var" (https://learn.microsoft.com/dotnet/fundamentals/code-analysis/style-rules/ide0008) [C:\UserWorx\VSWorx\ServoStudio\wpfui-servoStudio\samples\Wpf.Ui.servoStudio\servoStudio.csproj]
C:\UserWorx\VSWorx\ServoStudio\wpfui-servoStudio\samples\Wpf.Ui.servoStudio\ViewModels\Factory\FrameFormatEditorViewModel.cs(214,69): warning IDE2003: 鍧椾笌鍚庣画璇彞涔嬮棿闇€瑕佹湁绌虹櫧琛?(https://learn.microsoft.com/dotnet/fundamentals/code-analysis/style-rules/ide2003) [C:\UserWorx\VSWorx\ServoStudio\wpfui-servoStudio\samples\Wpf.Ui.servoStudio\servoStudio.csproj]
C:\UserWorx\VSWorx\ServoStudio\wpfui-servoStudio\samples\Wpf.Ui.servoStudio\ViewModels\Factory\FrameFormatEditorViewModel.cs(229,69): warning IDE2003: 鍧椾笌鍚庣画璇彞涔嬮棿闇€瑕佹湁绌虹櫧琛?(https://learn.microsoft.com/dotnet/fundamentals/code-analysis/style-rules/ide2003) [C:\UserWorx\VSWorx\ServoStudio\wpfui-servoStudio\samples\Wpf.Ui.servoStudio\servoStudio.csproj]
C:\UserWorx\VSWorx\ServoStudio\wpfui-servoStudio\samples\Wpf.Ui.servoStudio\Views\Pages\FactoryPages\FrameFormatEditorPage.xaml.cs(165,9): warning IDE0011: 鍚?鈥渋f鈥?璇彞娣诲姞澶ф嫭鍙枫€?(https://learn.microsoft.com/dotnet/fundamentals/code-analysis/style-rules/ide0011) [C:\UserWorx\VSWorx\ServoStudio\wpfui-servoStudio\samples\Wpf.Ui.servoStudio\servoStudio.csproj]
C:\UserWorx\VSWorx\ServoStudio\wpfui-servoStudio\samples\Wpf.Ui.servoStudio\ViewModels\AppData\DataViewViewModel.cs(1348,9): warning IDE0008: 鐢ㄦ樉寮忕被鍨嬩唬鏇?"var" (https://learn.microsoft.com/dotnet/fundamentals/code-analysis/style-rules/ide0008) [C:\UserWorx\VSWorx\ServoStudio\wpfui-servoStudio\samples\Wpf.Ui.servoStudio\servoStudio.csproj]
C:\UserWorx\VSWorx\ServoStudio\wpfui-servoStudio\samples\Wpf.Ui.servoStudio\ViewModels\AppData\DataViewViewModel.cs(1362,15): warning IDE0008: 鐢ㄦ樉寮忕被鍨嬩唬鏇?"var" (https://learn.microsoft.com/dotnet/fundamentals/code-analysis/style-rules/ide0008) [C:\UserWorx\VSWorx\ServoStudio\wpfui-servoStudio\samples\Wpf.Ui.servoStudio\servoStudio.csproj]
C:\UserWorx\VSWorx\ServoStudio\wpfui-servoStudio\samples\Wpf.Ui.servoStudio\ViewModels\AppData\DataSaveViewModel.cs(1123,9): warning IDE0011: 鍚?鈥渋f鈥?璇彞娣诲姞澶ф嫭鍙枫€?(https://learn.microsoft.com/dotnet/fundamentals/code-analysis/style-rules/ide0011) [C:\UserWorx\VSWorx\ServoStudio\wpfui-servoStudio\samples\Wpf.Ui.servoStudio\servoStudio.csproj]
C:\UserWorx\VSWorx\ServoStudio\wpfui-servoStudio\samples\Wpf.Ui.servoStudio\ViewModels\AppData\DataSaveViewModel.cs(1135,21): warning IDE0011: 鍚?鈥渋f鈥?璇彞娣诲姞澶ф嫭鍙枫€?(https://learn.microsoft.com/dotnet/fundamentals/code-analysis/style-rules/ide0011) [C:\UserWorx\VSWorx\ServoStudio\wpfui-servoStudio\samples\Wpf.Ui.servoStudio\servoStudio.csproj]
C:\UserWorx\VSWorx\ServoStudio\wpfui-servoStudio\samples\Wpf.Ui.servoStudio\ViewModels\AppData\DataSaveViewModel.cs(1136,21): warning IDE0011: 鍚?鈥渆lse鈥?璇彞娣诲姞澶ф嫭鍙枫€?(https://learn.microsoft.com/dotnet/fundamentals/code-analysis/style-rules/ide0011) [C:\UserWorx\VSWorx\ServoStudio\wpfui-servoStudio\samples\Wpf.Ui.servoStudio\servoStudio.csproj]
C:\UserWorx\VSWorx\ServoStudio\wpfui-servoStudio\samples\Wpf.Ui.servoStudio\ViewModels\AppData\DataViewViewModel.cs(1379,21): warning IDE0058: 姘歌繙涓嶄細浣跨敤琛ㄨ揪寮忓€?(https://learn.microsoft.com/dotnet/fundamentals/code-analysis/style-rules/ide0058) [C:\UserWorx\VSWorx\ServoStudio\wpfui-servoStudio\samples\Wpf.Ui.servoStudio\servoStudio.csproj]
C:\UserWorx\VSWorx\ServoStudio\wpfui-servoStudio\samples\Wpf.Ui.servoStudio\Views\Pages\FactoryPages\FrameFormatEditorPage.xaml.cs(173,47): warning IDE0008: 鐢ㄦ樉寮忕被鍨嬩唬鏇?"var" (https://learn.microsoft.com/dotnet/fundamentals/code-analysis/style-rules/ide0008) [C:\UserWorx\VSWorx\ServoStudio\wpfui-servoStudio\samples\Wpf.Ui.servoStudio\servoStudio.csproj]
C:\UserWorx\VSWorx\ServoStudio\wpfui-servoStudio\samples\Wpf.Ui.servoStudio\Views\Pages\FactoryPages\FrameFormatEditorPage.xaml.cs(182,9): warning IDE0008: 鐢ㄦ樉寮忕被鍨嬩唬鏇?"var" (https://learn.microsoft.com/dotnet/fundamentals/code-analysis/style-rules/ide0008) [C:\UserWorx\VSWorx\ServoStudio\wpfui-servoStudio\samples\Wpf.Ui.servoStudio\servoStudio.csproj]
C:\UserWorx\VSWorx\ServoStudio\wpfui-servoStudio\samples\Wpf.Ui.servoStudio\Views\Pages\FactoryPages\FrameFormatEditorPage.xaml.cs(203,13): warning IDE0011: 鍚?鈥渋f鈥?璇彞娣诲姞澶ф嫭鍙枫€?(https://learn.microsoft.com/dotnet/fundamentals/code-analysis/style-rules/ide0011) [C:\UserWorx\VSWorx\ServoStudio\wpfui-servoStudio\samples\Wpf.Ui.servoStudio\servoStudio.csproj]
C:\UserWorx\VSWorx\ServoStudio\wpfui-servoStudio\samples\Wpf.Ui.servoStudio\Views\Pages\FactoryPages\FrameFormatEditorPage.xaml.cs(212,13): warning IDE0011: 鍚?鈥渋f鈥?璇彞娣诲姞澶ф嫭鍙枫€?(https://learn.microsoft.com/dotnet/fundamentals/code-analysis/style-rules/ide0011) [C:\UserWorx\VSWorx\ServoStudio\wpfui-servoStudio\samples\Wpf.Ui.servoStudio\servoStudio.csproj]
C:\UserWorx\VSWorx\ServoStudio\wpfui-servoStudio\samples\Wpf.Ui.servoStudio\Views\Pages\FactoryPages\FrameFormatEditorPage.xaml.cs(208,13): warning IDE0058: 姘歌繙涓嶄細浣跨敤琛ㄨ揪寮忓€?(https://learn.microsoft.com/dotnet/fundamentals/code-analysis/style-rules/ide0058) [C:\UserWorx\VSWorx\ServoStudio\wpfui-servoStudio\samples\Wpf.Ui.servoStudio\servoStudio.csproj]
C:\UserWorx\VSWorx\ServoStudio\wpfui-servoStudio\samples\Wpf.Ui.servoStudio\ViewModels\FaultInfoViewModel.cs(411,82): warning IDE0055: 淇鏍煎紡 (https://learn.microsoft.com/dotnet/fundamentals/code-analysis/style-rules/ide0055) [C:\UserWorx\VSWorx\ServoStudio\wpfui-servoStudio\samples\Wpf.Ui.servoStudio\servoStudio.csproj]
C:\UserWorx\VSWorx\ServoStudio\wpfui-servoStudio\samples\Wpf.Ui.servoStudio\ViewModels\FaultInfoViewModel.cs(412,83): warning IDE0055: 淇鏍煎紡 (https://learn.microsoft.com/dotnet/fundamentals/code-analysis/style-rules/ide0055) [C:\UserWorx\VSWorx\ServoStudio\wpfui-servoStudio\samples\Wpf.Ui.servoStudio\servoStudio.csproj]
C:\UserWorx\VSWorx\ServoStudio\wpfui-servoStudio\samples\Wpf.Ui.servoStudio\ViewModels\FaultInfoViewModel.cs(413,86): warning IDE0055: 淇鏍煎紡 (https://learn.microsoft.com/dotnet/fundamentals/code-analysis/style-rules/ide0055) [C:\UserWorx\VSWorx\ServoStudio\wpfui-servoStudio\samples\Wpf.Ui.servoStudio\servoStudio.csproj]
C:\UserWorx\VSWorx\ServoStudio\wpfui-servoStudio\samples\Wpf.Ui.servoStudio\ViewModels\FaultInfoViewModel.cs(414,82): warning IDE0055: 淇鏍煎紡 (https://learn.microsoft.com/dotnet/fundamentals/code-analysis/style-rules/ide0055) [C:\UserWorx\VSWorx\ServoStudio\wpfui-servoStudio\samples\Wpf.Ui.servoStudio\servoStudio.csproj]
C:\UserWorx\VSWorx\ServoStudio\wpfui-servoStudio\samples\Wpf.Ui.servoStudio\ViewModels\FaultInfoViewModel.cs(415,85): warning IDE0055: 淇鏍煎紡 (https://learn.microsoft.com/dotnet/fundamentals/code-analysis/style-rules/ide0055) [C:\UserWorx\VSWorx\ServoStudio\wpfui-servoStudio\samples\Wpf.Ui.servoStudio\servoStudio.csproj]
C:\UserWorx\VSWorx\ServoStudio\wpfui-servoStudio\samples\Wpf.Ui.servoStudio\ViewModels\FaultInfoViewModel.cs(416,85): warning IDE0055: 淇鏍煎紡 (https://learn.microsoft.com/dotnet/fundamentals/code-analysis/style-rules/ide0055) [C:\UserWorx\VSWorx\ServoStudio\wpfui-servoStudio\samples\Wpf.Ui.servoStudio\servoStudio.csproj]
C:\UserWorx\VSWorx\ServoStudio\wpfui-servoStudio\samples\Wpf.Ui.servoStudio\ViewModels\FaultInfoViewModel.cs(417,83): warning IDE0055: 淇鏍煎紡 (https://learn.microsoft.com/dotnet/fundamentals/code-analysis/style-rules/ide0055) [C:\UserWorx\VSWorx\ServoStudio\wpfui-servoStudio\samples\Wpf.Ui.servoStudio\servoStudio.csproj]
C:\UserWorx\VSWorx\ServoStudio\wpfui-servoStudio\samples\Wpf.Ui.servoStudio\ViewModels\FaultInfoViewModel.cs(418,108): warning IDE0055: 淇鏍煎紡 (https://learn.microsoft.com/dotnet/fundamentals/code-analysis/style-rules/ide0055) [C:\UserWorx\VSWorx\ServoStudio\wpfui-servoStudio\samples\Wpf.Ui.servoStudio\servoStudio.csproj]
C:\UserWorx\VSWorx\ServoStudio\wpfui-servoStudio\samples\Wpf.Ui.servoStudio\ViewModels\FaultInfoViewModel.cs(419,108): warning IDE0055: 淇鏍煎紡 (https://learn.microsoft.com/dotnet/fundamentals/code-analysis/style-rules/ide0055) [C:\UserWorx\VSWorx\ServoStudio\wpfui-servoStudio\samples\Wpf.Ui.servoStudio\servoStudio.csproj]
C:\UserWorx\VSWorx\ServoStudio\wpfui-servoStudio\samples\Wpf.Ui.servoStudio\ViewModels\FaultInfoViewModel.cs(420,108): warning IDE0055: 淇鏍煎紡 (https://learn.microsoft.com/dotnet/fundamentals/code-analysis/style-rules/ide0055) [C:\UserWorx\VSWorx\ServoStudio\wpfui-servoStudio\samples\Wpf.Ui.servoStudio\servoStudio.csproj]
C:\UserWorx\VSWorx\ServoStudio\wpfui-servoStudio\samples\Wpf.Ui.servoStudio\Helpers\EsiToSiiConverter.cs(561,9): warning IDE0011: 鍚?鈥渋f鈥?璇彞娣诲姞澶ф嫭鍙枫€?(https://learn.microsoft.com/dotnet/fundamentals/code-analysis/style-rules/ide0011) [C:\UserWorx\VSWorx\ServoStudio\wpfui-servoStudio\samples\Wpf.Ui.servoStudio\servoStudio.csproj]
C:\UserWorx\VSWorx\ServoStudio\wpfui-servoStudio\samples\Wpf.Ui.servoStudio\Views\Pages\FactoryPages\FrameFormatEditorPage.xaml.cs(227,9): warning IDE0011: 鍚?鈥渋f鈥?璇彞娣诲姞澶ф嫭鍙枫€?(https://learn.microsoft.com/dotnet/fundamentals/code-analysis/style-rules/ide0011) [C:\UserWorx\VSWorx\ServoStudio\wpfui-servoStudio\samples\Wpf.Ui.servoStudio\servoStudio.csproj]
C:\UserWorx\VSWorx\ServoStudio\wpfui-servoStudio\samples\Wpf.Ui.servoStudio\Views\Pages\FactoryPages\FrameFormatEditorPage.xaml.cs(230,9): warning IDE0011: 鍚?鈥渋f鈥?璇彞娣诲姞澶ф嫭鍙枫€?(https://learn.microsoft.com/dotnet/fundamentals/code-analysis/style-rules/ide0011) [C:\UserWorx\VSWorx\ServoStudio\wpfui-servoStudio\samples\Wpf.Ui.servoStudio\servoStudio.csproj]
C:\UserWorx\VSWorx\ServoStudio\wpfui-servoStudio\samples\Wpf.Ui.servoStudio\ViewModels\FaultInfoViewModel.cs(431,9): warning IDE2003: 鍧椾笌鍚庣画璇彞涔嬮棿闇€瑕佹湁绌虹櫧琛?(https://learn.microsoft.com/dotnet/fundamentals/code-analysis/style-rules/ide2003) [C:\UserWorx\VSWorx\ServoStudio\wpfui-servoStudio\samples\Wpf.Ui.servoStudio\servoStudio.csproj]
C:\UserWorx\VSWorx\ServoStudio\wpfui-servoStudio\samples\Wpf.Ui.servoStudio\Models\FrameFormat.cs(388,18): warning IDE0008: 鐢ㄦ樉寮忕被鍨嬩唬鏇?"var" (https://learn.microsoft.com/dotnet/fundamentals/code-analysis/style-rules/ide0008) [C:\UserWorx\VSWorx\ServoStudio\wpfui-servoStudio\samples\Wpf.Ui.servoStudio\servoStudio.csproj]
C:\UserWorx\VSWorx\ServoStudio\wpfui-servoStudio\samples\Wpf.Ui.servoStudio\Helpers\EsiToSiiConverter.cs(576,17): warning IDE0011: 鍚?鈥渋f鈥?璇彞娣诲姞澶ф嫭鍙枫€?(https://learn.microsoft.com/dotnet/fundamentals/code-analysis/style-rules/ide0011) [C:\UserWorx\VSWorx\ServoStudio\wpfui-servoStudio\samples\Wpf.Ui.servoStudio\servoStudio.csproj]
C:\UserWorx\VSWorx\ServoStudio\wpfui-servoStudio\samples\Wpf.Ui.servoStudio\Helpers\EsiToSiiConverter.cs(578,17): warning IDE0011: 鍚?鈥渆lse鈥?璇彞娣诲姞澶ф嫭鍙枫€?(https://learn.microsoft.com/dotnet/fundamentals/code-analysis/style-rules/ide0011) [C:\UserWorx\VSWorx\ServoStudio\wpfui-servoStudio\samples\Wpf.Ui.servoStudio\servoStudio.csproj]
C:\UserWorx\VSWorx\ServoStudio\wpfui-servoStudio\samples\Wpf.Ui.servoStudio\Services\UsbDeviceWatcher.cs(68,9): warning IDE0011: 鍚?鈥渋f鈥?璇彞娣诲姞澶ф嫭鍙枫€?(https://learn.microsoft.com/dotnet/fundamentals/code-analysis/style-rules/ide0011) [C:\UserWorx\VSWorx\ServoStudio\wpfui-servoStudio\samples\Wpf.Ui.servoStudio\servoStudio.csproj]
C:\UserWorx\VSWorx\ServoStudio\wpfui-servoStudio\samples\Wpf.Ui.servoStudio\Services\UsbDeviceWatcher.cs(73,9): warning IDE0011: 鍚?鈥渋f鈥?璇彞娣诲姞澶ф嫭鍙枫€?(https://learn.microsoft.com/dotnet/fundamentals/code-analysis/style-rules/ide0011) [C:\UserWorx\VSWorx\ServoStudio\wpfui-servoStudio\samples\Wpf.Ui.servoStudio\servoStudio.csproj]
C:\UserWorx\VSWorx\ServoStudio\wpfui-servoStudio\samples\Wpf.Ui.servoStudio\Services\UsbDeviceWatcher.cs(75,9): warning IDE0011: 鍚?鈥渋f鈥?璇彞娣诲姞澶ф嫭鍙枫€?(https://learn.microsoft.com/dotnet/fundamentals/code-analysis/style-rules/ide0011) [C:\UserWorx\VSWorx\ServoStudio\wpfui-servoStudio\samples\Wpf.Ui.servoStudio\servoStudio.csproj]
C:\UserWorx\VSWorx\ServoStudio\wpfui-servoStudio\samples\Wpf.Ui.servoStudio\Services\UsbDeviceWatcher.cs(77,9): warning IDE0011: 鍚?鈥渆lse鈥?璇彞娣诲姞澶ф嫭鍙枫€?(https://learn.microsoft.com/dotnet/fundamentals/code-analysis/style-rules/ide0011) [C:\UserWorx\VSWorx\ServoStudio\wpfui-servoStudio\samples\Wpf.Ui.servoStudio\servoStudio.csproj]
C:\UserWorx\VSWorx\ServoStudio\wpfui-servoStudio\samples\Wpf.Ui.servoStudio\Services\UsbDeviceWatcher.cs(72,9): warning IDE0008: 鐢ㄦ樉寮忕被鍨嬩唬鏇?"var" (https://learn.microsoft.com/dotnet/fundamentals/code-analysis/style-rules/ide0008) [C:\UserWorx\VSWorx\ServoStudio\wpfui-servoStudio\samples\Wpf.Ui.servoStudio\servoStudio.csproj]
C:\UserWorx\VSWorx\ServoStudio\wpfui-servoStudio\samples\Wpf.Ui.servoStudio\Helpers\EsiToSiiConverter.cs(588,9): warning IDE0011: 鍚?鈥渋f鈥?璇彞娣诲姞澶ф嫭鍙枫€?(https://learn.microsoft.com/dotnet/fundamentals/code-analysis/style-rules/ide0011) [C:\UserWorx\VSWorx\ServoStudio\wpfui-servoStudio\samples\Wpf.Ui.servoStudio\servoStudio.csproj]
C:\UserWorx\VSWorx\ServoStudio\wpfui-servoStudio\samples\Wpf.Ui.servoStudio\Helpers\EsiToSiiConverter.cs(592,9): warning IDE0011: 鍚?鈥渋f鈥?璇彞娣诲姞澶ф嫭鍙枫€?(https://learn.microsoft.com/dotnet/fundamentals/code-analysis/style-rules/ide0011) [C:\UserWorx\VSWorx\ServoStudio\wpfui-servoStudio\samples\Wpf.Ui.servoStudio\servoStudio.csproj]
C:\UserWorx\VSWorx\ServoStudio\wpfui-servoStudio\samples\Wpf.Ui.servoStudio\Helpers\EsiToSiiConverter.cs(596,9): warning IDE0011: 鍚?鈥渇or鈥?璇彞娣诲姞澶ф嫭鍙枫€?(https://learn.microsoft.com/dotnet/fundamentals/code-analysis/style-rules/ide0011) [C:\UserWorx\VSWorx\ServoStudio\wpfui-servoStudio\samples\Wpf.Ui.servoStudio\servoStudio.csproj]
C:\UserWorx\VSWorx\ServoStudio\wpfui-servoStudio\samples\Wpf.Ui.servoStudio\Models\FrameFormat.cs(406,9): warning IDE0011: 鍚?鈥渋f鈥?璇彞娣诲姞澶ф嫭鍙枫€?(https://learn.microsoft.com/dotnet/fundamentals/code-analysis/style-rules/ide0011) [C:\UserWorx\VSWorx\ServoStudio\wpfui-servoStudio\samples\Wpf.Ui.servoStudio\servoStudio.csproj]
C:\UserWorx\VSWorx\ServoStudio\wpfui-servoStudio\samples\Wpf.Ui.servoStudio\Models\FrameFormat.cs(414,9): warning IDE0011: 鍚?鈥渋f鈥?璇彞娣诲姞澶ф嫭鍙枫€?(https://learn.microsoft.com/dotnet/fundamentals/code-analysis/style-rules/ide0011) [C:\UserWorx\VSWorx\ServoStudio\wpfui-servoStudio\samples\Wpf.Ui.servoStudio\servoStudio.csproj]
C:\UserWorx\VSWorx\ServoStudio\wpfui-servoStudio\samples\Wpf.Ui.servoStudio\Services\UsbDeviceWatcher.cs(78,13): warning IDE0058: 姘歌繙涓嶄細浣跨敤琛ㄨ揪寮忓€?(https://learn.microsoft.com/dotnet/fundamentals/code-analysis/style-rules/ide0058) [C:\UserWorx\VSWorx\ServoStudio\wpfui-servoStudio\samples\Wpf.Ui.servoStudio\servoStudio.csproj]
C:\UserWorx\VSWorx\ServoStudio\wpfui-servoStudio\samples\Wpf.Ui.servoStudio\Helpers\EsiToSiiConverter.cs(604,9): warning IDE0011: 鍚?鈥渋f鈥?璇彞娣诲姞澶ф嫭鍙枫€?(https://learn.microsoft.com/dotnet/fundamentals/code-analysis/style-rules/ide0011) [C:\UserWorx\VSWorx\ServoStudio\wpfui-servoStudio\samples\Wpf.Ui.servoStudio\servoStudio.csproj]
C:\UserWorx\VSWorx\ServoStudio\wpfui-servoStudio\samples\Wpf.Ui.servoStudio\Views\Pages\FactoryPages\FrameFormatEditorPage.xaml.cs(281,9): warning IDE0011: 鍚?鈥渋f鈥?璇彞娣诲姞澶ф嫭鍙枫€?(https://learn.microsoft.com/dotnet/fundamentals/code-analysis/style-rules/ide0011) [C:\UserWorx\VSWorx\ServoStudio\wpfui-servoStudio\samples\Wpf.Ui.servoStudio\servoStudio.csproj]
C:\UserWorx\VSWorx\ServoStudio\wpfui-servoStudio\samples\Wpf.Ui.servoStudio\Helpers\EsiToSiiConverter.cs(606,9): warning IDE0011: 鍚?鈥渋f鈥?璇彞娣诲姞澶ф嫭鍙枫€?(https://learn.microsoft.com/dotnet/fundamentals/code-analysis/style-rules/ide0011) [C:\UserWorx\VSWorx\ServoStudio\wpfui-servoStudio\samples\Wpf.Ui.servoStudio\servoStudio.csproj]
C:\UserWorx\VSWorx\ServoStudio\wpfui-servoStudio\samples\Wpf.Ui.servoStudio\Helpers\EsiToSiiConverter.cs(608,9): warning IDE0011: 鍚?鈥渋f鈥?璇彞娣诲姞澶ф嫭鍙枫€?(https://learn.microsoft.com/dotnet/fundamentals/code-analysis/style-rules/ide0011) [C:\UserWorx\VSWorx\ServoStudio\wpfui-servoStudio\samples\Wpf.Ui.servoStudio\servoStudio.csproj]
C:\UserWorx\VSWorx\ServoStudio\wpfui-servoStudio\samples\Wpf.Ui.servoStudio\Services\UsbDeviceWatcher.cs(83,9): warning IDE0011: 鍚?鈥渋f鈥?璇彞娣诲姞澶ф嫭鍙枫€?(https://learn.microsoft.com/dotnet/fundamentals/code-analysis/style-rules/ide0011) [C:\UserWorx\VSWorx\ServoStudio\wpfui-servoStudio\samples\Wpf.Ui.servoStudio\servoStudio.csproj]
C:\UserWorx\VSWorx\ServoStudio\wpfui-servoStudio\samples\Wpf.Ui.servoStudio\Services\UsbDeviceWatcher.cs(130,9): warning IDE0011: 鍚?鈥渋f鈥?璇彞娣诲姞澶ф嫭鍙枫€?(https://learn.microsoft.com/dotnet/fundamentals/code-analysis/style-rules/ide0011) [C:\UserWorx\VSWorx\ServoStudio\wpfui-servoStudio\samples\Wpf.Ui.servoStudio\servoStudio.csproj]
C:\UserWorx\VSWorx\ServoStudio\wpfui-servoStudio\samples\Wpf.Ui.servoStudio\Views\Pages\FactoryPages\FrameFormatEditorPage.xaml.cs(292,9): warning IDE0011: 鍚?鈥渋f鈥?璇彞娣诲姞澶ф嫭鍙枫€?(https://learn.microsoft.com/dotnet/fundamentals/code-analysis/style-rules/ide0011) [C:\UserWorx\VSWorx\ServoStudio\wpfui-servoStudio\samples\Wpf.Ui.servoStudio\servoStudio.csproj]
C:\UserWorx\VSWorx\ServoStudio\wpfui-servoStudio\samples\Wpf.Ui.servoStudio\Models\FrameFormat.cs(207,13): warning IDE0011: 鍚?鈥渋f鈥?璇彞娣诲姞澶ф嫭鍙枫€?(https://learn.microsoft.com/dotnet/fundamentals/code-analysis/style-rules/ide0011) [C:\UserWorx\VSWorx\ServoStudio\wpfui-servoStudio\samples\Wpf.Ui.servoStudio\servoStudio.csproj]
C:\UserWorx\VSWorx\ServoStudio\wpfui-servoStudio\samples\Wpf.Ui.servoStudio\ViewModels\AppData\DataViewViewModel.cs(1446,15): warning IDE0008: 鐢ㄦ樉寮忕被鍨嬩唬鏇?"var" (https://learn.microsoft.com/dotnet/fundamentals/code-analysis/style-rules/ide0008) [C:\UserWorx\VSWorx\ServoStudio\wpfui-servoStudio\samples\Wpf.Ui.servoStudio\servoStudio.csproj]
C:\UserWorx\VSWorx\ServoStudio\wpfui-servoStudio\samples\Wpf.Ui.servoStudio\Helpers\EsiToSiiConverter.cs(624,9): warning IDE0011: 鍚?鈥渋f鈥?璇彞娣诲姞澶ф嫭鍙枫€?(https://learn.microsoft.com/dotnet/fundamentals/code-analysis/style-rules/ide0011) [C:\UserWorx\VSWorx\ServoStudio\wpfui-servoStudio\samples\Wpf.Ui.servoStudio\servoStudio.csproj]
C:\UserWorx\VSWorx\ServoStudio\wpfui-servoStudio\samples\Wpf.Ui.servoStudio\Models\FrameFormat.cs(210,13): warning IDE0058: 姘歌繙涓嶄細浣跨敤琛ㄨ揪寮忓€?(https://learn.microsoft.com/dotnet/fundamentals/code-analysis/style-rules/ide0058) [C:\UserWorx\VSWorx\ServoStudio\wpfui-servoStudio\samples\Wpf.Ui.servoStudio\servoStudio.csproj]
C:\UserWorx\VSWorx\ServoStudio\wpfui-servoStudio\samples\Wpf.Ui.servoStudio\Helpers\EsiToSiiConverter.cs(630,17): warning IDE0058: 姘歌繙涓嶄細浣跨敤琛ㄨ揪寮忓€?(https://learn.microsoft.com/dotnet/fundamentals/code-analysis/style-rules/ide0058) [C:\UserWorx\VSWorx\ServoStudio\wpfui-servoStudio\samples\Wpf.Ui.servoStudio\servoStudio.csproj]
C:\UserWorx\VSWorx\ServoStudio\wpfui-servoStudio\samples\Wpf.Ui.servoStudio\Helpers\EsiToSiiConverter.cs(635,17): warning IDE0058: 姘歌繙涓嶄細浣跨敤琛ㄨ揪寮忓€?(https://learn.microsoft.com/dotnet/fundamentals/code-analysis/style-rules/ide0058) [C:\UserWorx\VSWorx\ServoStudio\wpfui-servoStudio\samples\Wpf.Ui.servoStudio\servoStudio.csproj]
C:\UserWorx\VSWorx\ServoStudio\wpfui-servoStudio\samples\Wpf.Ui.servoStudio\Helpers\EsiToSiiConverter.cs(650,9): warning IDE0011: 鍚?鈥渋f鈥?璇彞娣诲姞澶ф嫭鍙枫€?(https://learn.microsoft.com/dotnet/fundamentals/code-analysis/style-rules/ide0011) [C:\UserWorx\VSWorx\ServoStudio\wpfui-servoStudio\samples\Wpf.Ui.servoStudio\servoStudio.csproj]
C:\UserWorx\VSWorx\ServoStudio\wpfui-servoStudio\samples\Wpf.Ui.servoStudio\Helpers\EsiToSiiConverter.cs(654,9): warning IDE0011: 鍚?鈥渋f鈥?璇彞娣诲姞澶ф嫭鍙枫€?(https://learn.microsoft.com/dotnet/fundamentals/code-analysis/style-rules/ide0011) [C:\UserWorx\VSWorx\ServoStudio\wpfui-servoStudio\samples\Wpf.Ui.servoStudio\servoStudio.csproj]
C:\UserWorx\VSWorx\ServoStudio\wpfui-servoStudio\samples\Wpf.Ui.servoStudio\Helpers\EsiToSiiConverter.cs(657,9): warning IDE0011: 鍚?鈥渋f鈥?璇彞娣诲姞澶ф嫭鍙枫€?(https://learn.microsoft.com/dotnet/fundamentals/code-analysis/style-rules/ide0011) [C:\UserWorx\VSWorx\ServoStudio\wpfui-servoStudio\samples\Wpf.Ui.servoStudio\servoStudio.csproj]
C:\UserWorx\VSWorx\ServoStudio\wpfui-servoStudio\samples\Wpf.Ui.servoStudio\Views\Pages\FactoryPages\FrameFormatEditorPage.xaml.cs(258,13): warning IDE0011: 鍚?鈥渋f鈥?璇彞娣诲姞澶ф嫭鍙枫€?(https://learn.microsoft.com/dotnet/fundamentals/code-analysis/style-rules/ide0011) [C:\UserWorx\VSWorx\ServoStudio\wpfui-servoStudio\samples\Wpf.Ui.servoStudio\servoStudio.csproj]
C:\UserWorx\VSWorx\ServoStudio\wpfui-servoStudio\samples\Wpf.Ui.servoStudio\Views\Pages\FactoryPages\FrameFormatEditorPage.xaml.cs(264,13): warning IDE0011: 鍚?鈥渋f鈥?璇彞娣诲姞澶ф嫭鍙枫€?(https://learn.microsoft.com/dotnet/fundamentals/code-analysis/style-rules/ide0011) [C:\UserWorx\VSWorx\ServoStudio\wpfui-servoStudio\samples\Wpf.Ui.servoStudio\servoStudio.csproj]
C:\UserWorx\VSWorx\ServoStudio\wpfui-servoStudio\samples\Wpf.Ui.servoStudio\Views\Pages\FactoryPages\FrameFormatEditorPage.xaml.cs(269,17): warning IDE0011: 鍚?鈥渋f鈥?璇彞娣诲姞澶ф嫭鍙枫€?(https://learn.microsoft.com/dotnet/fundamentals/code-analysis/style-rules/ide0011) [C:\UserWorx\VSWorx\ServoStudio\wpfui-servoStudio\samples\Wpf.Ui.servoStudio\servoStudio.csproj]
C:\UserWorx\VSWorx\ServoStudio\wpfui-servoStudio\samples\Wpf.Ui.servoStudio\Models\FrameFormat.cs(123,9): warning IDE0011: 鍚?鈥渋f鈥?璇彞娣诲姞澶ф嫭鍙枫€?(https://learn.microsoft.com/dotnet/fundamentals/code-analysis/style-rules/ide0011) [C:\UserWorx\VSWorx\ServoStudio\wpfui-servoStudio\samples\Wpf.Ui.servoStudio\servoStudio.csproj]
C:\UserWorx\VSWorx\ServoStudio\wpfui-servoStudio\samples\Wpf.Ui.servoStudio\Services\RegisterDisableService.cs(60,13): warning IDE0011: 鍚?鈥渋f鈥?璇彞娣诲姞澶ф嫭鍙枫€?(https://learn.microsoft.com/dotnet/fundamentals/code-analysis/style-rules/ide0011) [C:\UserWorx\VSWorx\ServoStudio\wpfui-servoStudio\samples\Wpf.Ui.servoStudio\servoStudio.csproj]
C:\UserWorx\VSWorx\ServoStudio\wpfui-servoStudio\samples\Wpf.Ui.servoStudio\Models\FaultCodeTable.cs(105,45): warning IDE0008: 鐢ㄦ樉寮忕被鍨嬩唬鏇?"var" (https://learn.microsoft.com/dotnet/fundamentals/code-analysis/style-rules/ide0008) [C:\UserWorx\VSWorx\ServoStudio\wpfui-servoStudio\samples\Wpf.Ui.servoStudio\servoStudio.csproj]
C:\UserWorx\VSWorx\ServoStudio\wpfui-servoStudio\samples\Wpf.Ui.servoStudio\Services\RegisterDisableService.cs(73,45): warning IDE0008: 鐢ㄦ樉寮忕被鍨嬩唬鏇?"var" (https://learn.microsoft.com/dotnet/fundamentals/code-analysis/style-rules/ide0008) [C:\UserWorx\VSWorx\ServoStudio\wpfui-servoStudio\samples\Wpf.Ui.servoStudio\servoStudio.csproj]
C:\UserWorx\VSWorx\ServoStudio\wpfui-servoStudio\samples\Wpf.Ui.servoStudio\Models\FrameFormat.cs(131,9): warning IDE0011: 鍚?鈥渋f鈥?璇彞娣诲姞澶ф嫭鍙枫€?(https://learn.microsoft.com/dotnet/fundamentals/code-analysis/style-rules/ide0011) [C:\UserWorx\VSWorx\ServoStudio\wpfui-servoStudio\samples\Wpf.Ui.servoStudio\servoStudio.csproj]
C:\UserWorx\VSWorx\ServoStudio\wpfui-servoStudio\samples\Wpf.Ui.servoStudio\Views\Pages\FactoryPages\FrameFormatEditorPage.xaml.cs(368,9): warning IDE0011: 鍚?鈥渋f鈥?璇彞娣诲姞澶ф嫭鍙枫€?(https://learn.microsoft.com/dotnet/fundamentals/code-analysis/style-rules/ide0011) [C:\UserWorx\VSWorx\ServoStudio\wpfui-servoStudio\samples\Wpf.Ui.servoStudio\servoStudio.csproj]
C:\UserWorx\VSWorx\ServoStudio\wpfui-servoStudio\samples\Wpf.Ui.servoStudio\Models\FrameFormat.cs(149,9): warning IDE0011: 鍚?鈥渋f鈥?璇彞娣诲姞澶ф嫭鍙枫€?(https://learn.microsoft.com/dotnet/fundamentals/code-analysis/style-rules/ide0011) [C:\UserWorx\VSWorx\ServoStudio\wpfui-servoStudio\samples\Wpf.Ui.servoStudio\servoStudio.csproj]
C:\UserWorx\VSWorx\ServoStudio\wpfui-servoStudio\samples\Wpf.Ui.servoStudio\Models\FrameFormat.cs(156,9): warning IDE0011: 鍚?鈥渋f鈥?璇彞娣诲姞澶ф嫭鍙枫€?(https://learn.microsoft.com/dotnet/fundamentals/code-analysis/style-rules/ide0011) [C:\UserWorx\VSWorx\ServoStudio\wpfui-servoStudio\samples\Wpf.Ui.servoStudio\servoStudio.csproj]
C:\UserWorx\VSWorx\ServoStudio\wpfui-servoStudio\samples\Wpf.Ui.servoStudio\Views\Pages\FactoryPages\FrameFormatEditorPage.xaml.cs(306,9): warning IDE0058: 姘歌繙涓嶄細浣跨敤琛ㄨ揪寮忓€?(https://learn.microsoft.com/dotnet/fundamentals/code-analysis/style-rules/ide0058) [C:\UserWorx\VSWorx\ServoStudio\wpfui-servoStudio\samples\Wpf.Ui.servoStudio\servoStudio.csproj]
C:\UserWorx\VSWorx\ServoStudio\wpfui-servoStudio\samples\Wpf.Ui.servoStudio\Views\Pages\FactoryPages\FrameFormatEditorPage.xaml.cs(314,9): warning IDE0058: 姘歌繙涓嶄細浣跨敤琛ㄨ揪寮忓€?(https://learn.microsoft.com/dotnet/fundamentals/code-analysis/style-rules/ide0058) [C:\UserWorx\VSWorx\ServoStudio\wpfui-servoStudio\samples\Wpf.Ui.servoStudio\servoStudio.csproj]
C:\UserWorx\VSWorx\ServoStudio\wpfui-servoStudio\samples\Wpf.Ui.servoStudio\Views\Pages\FactoryPages\FrameFormatEditorPage.xaml.cs(322,9): warning IDE0058: 姘歌繙涓嶄細浣跨敤琛ㄨ揪寮忓€?(https://learn.microsoft.com/dotnet/fundamentals/code-analysis/style-rules/ide0058) [C:\UserWorx\VSWorx\ServoStudio\wpfui-servoStudio\samples\Wpf.Ui.servoStudio\servoStudio.csproj]
C:\UserWorx\VSWorx\ServoStudio\wpfui-servoStudio\samples\Wpf.Ui.servoStudio\Views\Pages\FactoryPages\FrameFormatEditorPage.xaml.cs(376,9): warning IDE0011: 鍚?鈥渋f鈥?璇彞娣诲姞澶ф嫭鍙枫€?(https://learn.microsoft.com/dotnet/fundamentals/code-analysis/style-rules/ide0011) [C:\UserWorx\VSWorx\ServoStudio\wpfui-servoStudio\samples\Wpf.Ui.servoStudio\servoStudio.csproj]
C:\UserWorx\VSWorx\ServoStudio\wpfui-servoStudio\samples\Wpf.Ui.servoStudio\Views\Pages\FactoryPages\FrameFormatEditorPage.xaml.cs(377,9): warning IDE0011: 鍚?鈥渋f鈥?璇彞娣诲姞澶ф嫭鍙枫€?(https://learn.microsoft.com/dotnet/fundamentals/code-analysis/style-rules/ide0011) [C:\UserWorx\VSWorx\ServoStudio\wpfui-servoStudio\samples\Wpf.Ui.servoStudio\servoStudio.csproj]
C:\UserWorx\VSWorx\ServoStudio\wpfui-servoStudio\samples\Wpf.Ui.servoStudio\Views\Pages\FactoryPages\FrameFormatEditorPage.xaml.cs(380,9): warning IDE0011: 鍚?鈥渋f鈥?璇彞娣诲姞澶ф嫭鍙枫€?(https://learn.microsoft.com/dotnet/fundamentals/code-analysis/style-rules/ide0011) [C:\UserWorx\VSWorx\ServoStudio\wpfui-servoStudio\samples\Wpf.Ui.servoStudio\servoStudio.csproj]
C:\UserWorx\VSWorx\ServoStudio\wpfui-servoStudio\samples\Wpf.Ui.servoStudio\Views\Pages\FactoryPages\FrameFormatEditorPage.xaml.cs(377,31): warning IDE0008: 鐢ㄦ樉寮忕被鍨嬩唬鏇?"var" (https://learn.microsoft.com/dotnet/fundamentals/code-analysis/style-rules/ide0008) [C:\UserWorx\VSWorx\ServoStudio\wpfui-servoStudio\samples\Wpf.Ui.servoStudio\servoStudio.csproj]
C:\UserWorx\VSWorx\ServoStudio\wpfui-servoStudio\samples\Wpf.Ui.servoStudio\Models\FrameFormat.cs(354,18): warning IDE0008: 鐢ㄦ樉寮忕被鍨嬩唬鏇?"var" (https://learn.microsoft.com/dotnet/fundamentals/code-analysis/style-rules/ide0008) [C:\UserWorx\VSWorx\ServoStudio\wpfui-servoStudio\samples\Wpf.Ui.servoStudio\servoStudio.csproj]
C:\UserWorx\VSWorx\ServoStudio\wpfui-servoStudio\samples\Wpf.Ui.servoStudio\ViewModels\AppData\DataViewViewModel.cs(1684,13): warning IDE0008: 鐢ㄦ樉寮忕被鍨嬩唬鏇?"var" (https://learn.microsoft.com/dotnet/fundamentals/code-analysis/style-rules/ide0008) [C:\UserWorx\VSWorx\ServoStudio\wpfui-servoStudio\samples\Wpf.Ui.servoStudio\servoStudio.csproj]
C:\UserWorx\VSWorx\ServoStudio\wpfui-servoStudio\samples\Wpf.Ui.servoStudio\Views\Pages\FactoryPages\FrameFormatEditorPage.xaml.cs(397,13): warning IDE0011: 鍚?鈥渋f鈥?璇彞娣诲姞澶ф嫭鍙枫€?(https://learn.microsoft.com/dotnet/fundamentals/code-analysis/style-rules/ide0011) [C:\UserWorx\VSWorx\ServoStudio\wpfui-servoStudio\samples\Wpf.Ui.servoStudio\servoStudio.csproj]
C:\UserWorx\VSWorx\ServoStudio\wpfui-servoStudio\samples\Wpf.Ui.servoStudio\Views\Pages\FactoryPages\FrameFormatEditorPage.xaml.cs(401,13): warning IDE0011: 鍚?鈥渋f鈥?璇彞娣诲姞澶ф嫭鍙枫€?(https://learn.microsoft.com/dotnet/fundamentals/code-analysis/style-rules/ide0011) [C:\UserWorx\VSWorx\ServoStudio\wpfui-servoStudio\samples\Wpf.Ui.servoStudio\servoStudio.csproj]
C:\UserWorx\VSWorx\ServoStudio\wpfui-servoStudio\samples\Wpf.Ui.servoStudio\Views\Pages\FactoryPages\FrameFormatEditorPage.xaml.cs(415,13): warning IDE0011: 鍚?鈥渋f鈥?璇彞娣诲姞澶ф嫭鍙枫€?(https://learn.microsoft.com/dotnet/fundamentals/code-analysis/style-rules/ide0011) [C:\UserWorx\VSWorx\ServoStudio\wpfui-servoStudio\samples\Wpf.Ui.servoStudio\servoStudio.csproj]
C:\UserWorx\VSWorx\ServoStudio\wpfui-servoStudio\samples\Wpf.Ui.servoStudio\Views\Pages\FactoryPages\FrameFormatEditorPage.xaml.cs(413,18): warning IDE0008: 鐢ㄦ樉寮忕被鍨嬩唬鏇?"var" (https://learn.microsoft.com/dotnet/fundamentals/code-analysis/style-rules/ide0008) [C:\UserWorx\VSWorx\ServoStudio\wpfui-servoStudio\samples\Wpf.Ui.servoStudio\servoStudio.csproj]
C:\UserWorx\VSWorx\ServoStudio\wpfui-servoStudio\samples\Wpf.Ui.servoStudio\ViewModels\AppData\DataViewViewModel.cs(1750,9): warning IDE0008: 鐢ㄦ樉寮忕被鍨嬩唬鏇?"var" (https://learn.microsoft.com/dotnet/fundamentals/code-analysis/style-rules/ide0008) [C:\UserWorx\VSWorx\ServoStudio\wpfui-servoStudio\samples\Wpf.Ui.servoStudio\servoStudio.csproj]
C:\UserWorx\VSWorx\ServoStudio\wpfui-servoStudio\samples\Wpf.Ui.servoStudio\ViewModels\AppData\DataViewViewModel.cs(1782,9): warning IDE0008: 鐢ㄦ樉寮忕被鍨嬩唬鏇?"var" (https://learn.microsoft.com/dotnet/fundamentals/code-analysis/style-rules/ide0008) [C:\UserWorx\VSWorx\ServoStudio\wpfui-servoStudio\samples\Wpf.Ui.servoStudio\servoStudio.csproj]
C:\UserWorx\VSWorx\ServoStudio\wpfui-servoStudio\samples\Wpf.Ui.servoStudio\Models\FactoryParameters.cs(143,9): warning IDE0011: 鍚?鈥渋f鈥?璇彞娣诲姞澶ф嫭鍙枫€?(https://learn.microsoft.com/dotnet/fundamentals/code-analysis/style-rules/ide0011) [C:\UserWorx\VSWorx\ServoStudio\wpfui-servoStudio\samples\Wpf.Ui.servoStudio\servoStudio.csproj]
C:\UserWorx\VSWorx\ServoStudio\wpfui-servoStudio\samples\Wpf.Ui.servoStudio\ViewModels\AppData\DataViewViewModel.cs(1476,21): warning IDE0058: 姘歌繙涓嶄細浣跨敤琛ㄨ揪寮忓€?(https://learn.microsoft.com/dotnet/fundamentals/code-analysis/style-rules/ide0058) [C:\UserWorx\VSWorx\ServoStudio\wpfui-servoStudio\samples\Wpf.Ui.servoStudio\servoStudio.csproj]
C:\UserWorx\VSWorx\ServoStudio\wpfui-servoStudio\samples\Wpf.Ui.servoStudio\ViewModels\AppData\DataViewViewModel.cs(1499,21): warning IDE0058: 姘歌繙涓嶄細浣跨敤琛ㄨ揪寮忓€?(https://learn.microsoft.com/dotnet/fundamentals/code-analysis/style-rules/ide0058) [C:\UserWorx\VSWorx\ServoStudio\wpfui-servoStudio\samples\Wpf.Ui.servoStudio\servoStudio.csproj]
C:\UserWorx\VSWorx\ServoStudio\wpfui-servoStudio\samples\Wpf.Ui.servoStudio\Models\FrameFormat.cs(247,9): warning IDE0011: 鍚?鈥渋f鈥?璇彞娣诲姞澶ф嫭鍙枫€?(https://learn.microsoft.com/dotnet/fundamentals/code-analysis/style-rules/ide0011) [C:\UserWorx\VSWorx\ServoStudio\wpfui-servoStudio\samples\Wpf.Ui.servoStudio\servoStudio.csproj]
C:\UserWorx\VSWorx\ServoStudio\wpfui-servoStudio\samples\Wpf.Ui.servoStudio\Models\FrameFormat.cs(253,9): warning IDE0011: 鍚?鈥渋f鈥?璇彞娣诲姞澶ф嫭鍙枫€?(https://learn.microsoft.com/dotnet/fundamentals/code-analysis/style-rules/ide0011) [C:\UserWorx\VSWorx\ServoStudio\wpfui-servoStudio\samples\Wpf.Ui.servoStudio\servoStudio.csproj]
C:\UserWorx\VSWorx\ServoStudio\wpfui-servoStudio\samples\Wpf.Ui.servoStudio\Models\FrameFormat.cs(256,9): warning IDE0011: 鍚?鈥渋f鈥?璇彞娣诲姞澶ф嫭鍙枫€?(https://learn.microsoft.com/dotnet/fundamentals/code-analysis/style-rules/ide0011) [C:\UserWorx\VSWorx\ServoStudio\wpfui-servoStudio\samples\Wpf.Ui.servoStudio\servoStudio.csproj]
C:\UserWorx\VSWorx\ServoStudio\wpfui-servoStudio\samples\Wpf.Ui.servoStudio\Models\FrameFormat.cs(261,13): warning IDE0011: 鍚?鈥渋f鈥?璇彞娣诲姞澶ф嫭鍙枫€?(https://learn.microsoft.com/dotnet/fundamentals/code-analysis/style-rules/ide0011) [C:\UserWorx\VSWorx\ServoStudio\wpfui-servoStudio\samples\Wpf.Ui.servoStudio\servoStudio.csproj]
C:\UserWorx\VSWorx\ServoStudio\wpfui-servoStudio\samples\Wpf.Ui.servoStudio\Models\FrameFormat.cs(262,13): warning IDE0011: 鍚?鈥渋f鈥?璇彞娣诲姞澶ф嫭鍙枫€?(https://learn.microsoft.com/dotnet/fundamentals/code-analysis/style-rules/ide0011) [C:\UserWorx\VSWorx\ServoStudio\wpfui-servoStudio\samples\Wpf.Ui.servoStudio\servoStudio.csproj]
C:\UserWorx\VSWorx\ServoStudio\wpfui-servoStudio\samples\Wpf.Ui.servoStudio\Models\FrameFormat.cs(278,18): warning IDE0008: 鐢ㄦ樉寮忕被鍨嬩唬鏇?"var" (https://learn.microsoft.com/dotnet/fundamentals/code-analysis/style-rules/ide0008) [C:\UserWorx\VSWorx\ServoStudio\wpfui-servoStudio\samples\Wpf.Ui.servoStudio\servoStudio.csproj]
C:\UserWorx\VSWorx\ServoStudio\wpfui-servoStudio\samples\Wpf.Ui.servoStudio\ViewModels\AppData\DataViewViewModel.cs(1790,15): warning IDE0008: 鐢ㄦ樉寮忕被鍨嬩唬鏇?"var" (https://learn.microsoft.com/dotnet/fundamentals/code-analysis/style-rules/ide0008) [C:\UserWorx\VSWorx\ServoStudio\wpfui-servoStudio\samples\Wpf.Ui.servoStudio\servoStudio.csproj]
C:\UserWorx\VSWorx\ServoStudio\wpfui-servoStudio\samples\Wpf.Ui.servoStudio\ViewModels\AppData\DataViewViewModel.cs(1845,22): warning IDE0008: 鐢ㄦ樉寮忕被鍨嬩唬鏇?"var" (https://learn.microsoft.com/dotnet/fundamentals/code-analysis/style-rules/ide0008) [C:\UserWorx\VSWorx\ServoStudio\wpfui-servoStudio\samples\Wpf.Ui.servoStudio\servoStudio.csproj]
C:\UserWorx\VSWorx\ServoStudio\wpfui-servoStudio\samples\Wpf.Ui.servoStudio\ViewModels\AppData\DataViewViewModel.cs(1849,21): warning IDE0008: 鐢ㄦ樉寮忕被鍨嬩唬鏇?"var" (https://learn.microsoft.com/dotnet/fundamentals/code-analysis/style-rules/ide0008) [C:\UserWorx\VSWorx\ServoStudio\wpfui-servoStudio\samples\Wpf.Ui.servoStudio\servoStudio.csproj]
C:\UserWorx\VSWorx\ServoStudio\wpfui-servoStudio\samples\Wpf.Ui.servoStudio\ViewModels\AppData\DataViewViewModel.cs(1858,13): warning IDE0008: 鐢ㄦ樉寮忕被鍨嬩唬鏇?"var" (https://learn.microsoft.com/dotnet/fundamentals/code-analysis/style-rules/ide0008) [C:\UserWorx\VSWorx\ServoStudio\wpfui-servoStudio\samples\Wpf.Ui.servoStudio\servoStudio.csproj]
C:\UserWorx\VSWorx\ServoStudio\wpfui-servoStudio\samples\Wpf.Ui.servoStudio\ViewModels\AppData\DataViewViewModel.cs(1877,26): warning IDE0008: 鐢ㄦ樉寮忕被鍨嬩唬鏇?"var" (https://learn.microsoft.com/dotnet/fundamentals/code-analysis/style-rules/ide0008) [C:\UserWorx\VSWorx\ServoStudio\wpfui-servoStudio\samples\Wpf.Ui.servoStudio\servoStudio.csproj]
C:\UserWorx\VSWorx\ServoStudio\wpfui-servoStudio\samples\Wpf.Ui.servoStudio\ViewModels\AppData\DataViewViewModel.cs(1879,21): warning IDE0008: 鐢ㄦ樉寮忕被鍨嬩唬鏇?"var" (https://learn.microsoft.com/dotnet/fundamentals/code-analysis/style-rules/ide0008) [C:\UserWorx\VSWorx\ServoStudio\wpfui-servoStudio\samples\Wpf.Ui.servoStudio\servoStudio.csproj]
C:\UserWorx\VSWorx\ServoStudio\wpfui-servoStudio\samples\Wpf.Ui.servoStudio\ViewModels\AppData\DataViewViewModel.cs(1896,26): warning IDE0008: 鐢ㄦ樉寮忕被鍨嬩唬鏇?"var" (https://learn.microsoft.com/dotnet/fundamentals/code-analysis/style-rules/ide0008) [C:\UserWorx\VSWorx\ServoStudio\wpfui-servoStudio\samples\Wpf.Ui.servoStudio\servoStudio.csproj]
C:\UserWorx\VSWorx\ServoStudio\wpfui-servoStudio\samples\Wpf.Ui.servoStudio\Models\ControlModeParameters.cs(115,9): warning IDE0011: 鍚?鈥渋f鈥?璇彞娣诲姞澶ф嫭鍙枫€?(https://learn.microsoft.com/dotnet/fundamentals/code-analysis/style-rules/ide0011) [C:\UserWorx\VSWorx\ServoStudio\wpfui-servoStudio\samples\Wpf.Ui.servoStudio\servoStudio.csproj]
C:\UserWorx\VSWorx\ServoStudio\wpfui-servoStudio\samples\Wpf.Ui.servoStudio\ViewModels\AppData\DataViewViewModel.cs(1898,21): warning IDE0008: 鐢ㄦ樉寮忕被鍨嬩唬鏇?"var" (https://learn.microsoft.com/dotnet/fundamentals/code-analysis/style-rules/ide0008) [C:\UserWorx\VSWorx\ServoStudio\wpfui-servoStudio\samples\Wpf.Ui.servoStudio\servoStudio.csproj]
C:\UserWorx\VSWorx\ServoStudio\wpfui-servoStudio\samples\Wpf.Ui.servoStudio\Core\Usb\UsbMaster.cs(150,15): warning IDE0058: 姘歌繙涓嶄細浣跨敤琛ㄨ揪寮忓€?(https://learn.microsoft.com/dotnet/fundamentals/code-analysis/style-rules/ide0058) [C:\UserWorx\VSWorx\ServoStudio\wpfui-servoStudio\samples\Wpf.Ui.servoStudio\servoStudio.csproj]
C:\UserWorx\VSWorx\ServoStudio\wpfui-servoStudio\samples\Wpf.Ui.servoStudio\ViewModels\AppData\DataViewViewModel.cs(1930,18): warning IDE0008: 鐢ㄦ樉寮忕被鍨嬩唬鏇?"var" (https://learn.microsoft.com/dotnet/fundamentals/code-analysis/style-rules/ide0008) [C:\UserWorx\VSWorx\ServoStudio\wpfui-servoStudio\samples\Wpf.Ui.servoStudio\servoStudio.csproj]
C:\UserWorx\VSWorx\ServoStudio\wpfui-servoStudio\samples\Wpf.Ui.servoStudio\Core\Usb\UsbMaster.cs(202,9): warning IDE0008: 鐢ㄦ樉寮忕被鍨嬩唬鏇?"var" (https://learn.microsoft.com/dotnet/fundamentals/code-analysis/style-rules/ide0008) [C:\UserWorx\VSWorx\ServoStudio\wpfui-servoStudio\samples\Wpf.Ui.servoStudio\servoStudio.csproj]
C:\UserWorx\VSWorx\ServoStudio\wpfui-servoStudio\samples\Wpf.Ui.servoStudio\Core\Usb\MscUsbBus.cs(60,13): warning IDE0058: 姘歌繙涓嶄細浣跨敤琛ㄨ揪寮忓€?(https://learn.microsoft.com/dotnet/fundamentals/code-analysis/style-rules/ide0058) [C:\UserWorx\VSWorx\ServoStudio\wpfui-servoStudio\samples\Wpf.Ui.servoStudio\servoStudio.csproj]
C:\UserWorx\VSWorx\ServoStudio\wpfui-servoStudio\samples\Wpf.Ui.servoStudio\Core\Usb\MscUsbBus.cs(61,13): warning IDE0058: 姘歌繙涓嶄細浣跨敤琛ㄨ揪寮忓€?(https://learn.microsoft.com/dotnet/fundamentals/code-analysis/style-rules/ide0058) [C:\UserWorx\VSWorx\ServoStudio\wpfui-servoStudio\samples\Wpf.Ui.servoStudio\servoStudio.csproj]
C:\UserWorx\VSWorx\ServoStudio\wpfui-servoStudio\samples\Wpf.Ui.servoStudio\Core\Usb\UsbBulkBus.cs(102,19): warning IDE0058: 姘歌繙涓嶄細浣跨敤琛ㄨ揪寮忓€?(https://learn.microsoft.com/dotnet/fundamentals/code-analysis/style-rules/ide0058) [C:\UserWorx\VSWorx\ServoStudio\wpfui-servoStudio\samples\Wpf.Ui.servoStudio\servoStudio.csproj]
C:\UserWorx\VSWorx\ServoStudio\wpfui-servoStudio\samples\Wpf.Ui.servoStudio\Core\Usb\UsbMaster.cs(242,9): warning IDE0058: 姘歌繙涓嶄細浣跨敤琛ㄨ揪寮忓€?(https://learn.microsoft.com/dotnet/fundamentals/code-analysis/style-rules/ide0058) [C:\UserWorx\VSWorx\ServoStudio\wpfui-servoStudio\samples\Wpf.Ui.servoStudio\servoStudio.csproj]
C:\UserWorx\VSWorx\ServoStudio\wpfui-servoStudio\samples\Wpf.Ui.servoStudio\ViewModels\SettingsViewModel.cs(35,9): warning IDE0008: 鐢ㄦ樉寮忕被鍨嬩唬鏇?"var" (https://learn.microsoft.com/dotnet/fundamentals/code-analysis/style-rules/ide0008) [C:\UserWorx\VSWorx\ServoStudio\wpfui-servoStudio\samples\Wpf.Ui.servoStudio\servoStudio.csproj]
C:\UserWorx\VSWorx\ServoStudio\wpfui-servoStudio\samples\Wpf.Ui.servoStudio\ViewModels\Firmware\EcatEepromViewModel.cs(316,28): warning IDE0055: 淇鏍煎紡 (https://learn.microsoft.com/dotnet/fundamentals/code-analysis/style-rules/ide0055) [C:\UserWorx\VSWorx\ServoStudio\wpfui-servoStudio\samples\Wpf.Ui.servoStudio\servoStudio.csproj]
C:\UserWorx\VSWorx\ServoStudio\wpfui-servoStudio\samples\Wpf.Ui.servoStudio\ViewModels\Firmware\EcatEepromViewModel.cs(323,39): warning IDE0055: 淇鏍煎紡 (https://learn.microsoft.com/dotnet/fundamentals/code-analysis/style-rules/ide0055) [C:\UserWorx\VSWorx\ServoStudio\wpfui-servoStudio\samples\Wpf.Ui.servoStudio\servoStudio.csproj]
C:\UserWorx\VSWorx\ServoStudio\wpfui-servoStudio\samples\Wpf.Ui.servoStudio\ViewModels\Firmware\EcatEepromViewModel.cs(338,31): warning IDE0055: 淇鏍煎紡 (https://learn.microsoft.com/dotnet/fundamentals/code-analysis/style-rules/ide0055) [C:\UserWorx\VSWorx\ServoStudio\wpfui-servoStudio\samples\Wpf.Ui.servoStudio\servoStudio.csproj]
C:\UserWorx\VSWorx\ServoStudio\wpfui-servoStudio\samples\Wpf.Ui.servoStudio\ViewModels\AppData\DataViewViewModel.cs(2006,18): warning IDE0008: 鐢ㄦ樉寮忕被鍨嬩唬鏇?"var" (https://learn.microsoft.com/dotnet/fundamentals/code-analysis/style-rules/ide0008) [C:\UserWorx\VSWorx\ServoStudio\wpfui-servoStudio\samples\Wpf.Ui.servoStudio\servoStudio.csproj]
C:\UserWorx\VSWorx\ServoStudio\wpfui-servoStudio\samples\Wpf.Ui.servoStudio\Core\Usb\UsbBulkBus.cs(221,13): warning IDE0058: 姘歌繙涓嶄細浣跨敤琛ㄨ揪寮忓€?(https://learn.microsoft.com/dotnet/fundamentals/code-analysis/style-rules/ide0058) [C:\UserWorx\VSWorx\ServoStudio\wpfui-servoStudio\samples\Wpf.Ui.servoStudio\servoStudio.csproj]
C:\UserWorx\VSWorx\ServoStudio\wpfui-servoStudio\samples\Wpf.Ui.servoStudio\ViewModels\AppData\DataViewViewModel.cs(2033,22): warning IDE0008: 鐢ㄦ樉寮忕被鍨嬩唬鏇?"var" (https://learn.microsoft.com/dotnet/fundamentals/code-analysis/style-rules/ide0008) [C:\UserWorx\VSWorx\ServoStudio\wpfui-servoStudio\samples\Wpf.Ui.servoStudio\servoStudio.csproj]
C:\UserWorx\VSWorx\ServoStudio\wpfui-servoStudio\samples\Wpf.Ui.servoStudio\Core\Usb\MscUsbBus.cs(181,9): warning IDE0058: 姘歌繙涓嶄細浣跨敤琛ㄨ揪寮忓€?(https://learn.microsoft.com/dotnet/fundamentals/code-analysis/style-rules/ide0058) [C:\UserWorx\VSWorx\ServoStudio\wpfui-servoStudio\samples\Wpf.Ui.servoStudio\servoStudio.csproj]
C:\UserWorx\VSWorx\ServoStudio\wpfui-servoStudio\samples\Wpf.Ui.servoStudio\ViewModels\Motion\MultiStepProfileViewModel.cs(58,49): warning IDE0011: 鍚?鈥渋f鈥?璇彞娣诲姞澶ф嫭鍙枫€?(https://learn.microsoft.com/dotnet/fundamentals/code-analysis/style-rules/ide0011) [C:\UserWorx\VSWorx\ServoStudio\wpfui-servoStudio\samples\Wpf.Ui.servoStudio\servoStudio.csproj]
C:\UserWorx\VSWorx\ServoStudio\wpfui-servoStudio\samples\Wpf.Ui.servoStudio\ViewModels\Motion\MultiStepProfileViewModel.cs(59,48): warning IDE0011: 鍚?鈥渋f鈥?璇彞娣诲姞澶ф嫭鍙枫€?(https://learn.microsoft.com/dotnet/fundamentals/code-analysis/style-rules/ide0011) [C:\UserWorx\VSWorx\ServoStudio\wpfui-servoStudio\samples\Wpf.Ui.servoStudio\servoStudio.csproj]
C:\UserWorx\VSWorx\ServoStudio\wpfui-servoStudio\samples\Wpf.Ui.servoStudio\Core\Usb\UsbBulkBus.cs(293,13): warning IDE0058: 姘歌繙涓嶄細浣跨敤琛ㄨ揪寮忓€?(https://learn.microsoft.com/dotnet/fundamentals/code-analysis/style-rules/ide0058) [C:\UserWorx\VSWorx\ServoStudio\wpfui-servoStudio\samples\Wpf.Ui.servoStudio\servoStudio.csproj]
C:\UserWorx\VSWorx\ServoStudio\wpfui-servoStudio\samples\Wpf.Ui.servoStudio\Core\Usb\UsbBulkBus.cs(314,9): warning IDE0058: 姘歌繙涓嶄細浣跨敤琛ㄨ揪寮忓€?(https://learn.microsoft.com/dotnet/fundamentals/code-analysis/style-rules/ide0058) [C:\UserWorx\VSWorx\ServoStudio\wpfui-servoStudio\samples\Wpf.Ui.servoStudio\servoStudio.csproj]
C:\UserWorx\VSWorx\ServoStudio\wpfui-servoStudio\samples\Wpf.Ui.servoStudio\ViewModels\Hardware\StoConfigViewModel.cs(108,9): warning IDE0011: 鍚?鈥渋f鈥?璇彞娣诲姞澶ф嫭鍙枫€?(https://learn.microsoft.com/dotnet/fundamentals/code-analysis/style-rules/ide0011) [C:\UserWorx\VSWorx\ServoStudio\wpfui-servoStudio\samples\Wpf.Ui.servoStudio\servoStudio.csproj]
C:\UserWorx\VSWorx\ServoStudio\wpfui-servoStudio\samples\Wpf.Ui.servoStudio\ViewModels\Hardware\StoConfigViewModel.cs(109,9): warning IDE0011: 鍚?鈥渋f鈥?璇彞娣诲姞澶ф嫭鍙枫€?(https://learn.microsoft.com/dotnet/fundamentals/code-analysis/style-rules/ide0011) [C:\UserWorx\VSWorx\ServoStudio\wpfui-servoStudio\samples\Wpf.Ui.servoStudio\servoStudio.csproj]
C:\UserWorx\VSWorx\ServoStudio\wpfui-servoStudio\samples\Wpf.Ui.servoStudio\ViewModels\Hardware\StoConfigViewModel.cs(110,9): warning IDE0011: 鍚?鈥渋f鈥?璇彞娣诲姞澶ф嫭鍙枫€?(https://learn.microsoft.com/dotnet/fundamentals/code-analysis/style-rules/ide0011) [C:\UserWorx\VSWorx\ServoStudio\wpfui-servoStudio\samples\Wpf.Ui.servoStudio\servoStudio.csproj]
C:\UserWorx\VSWorx\ServoStudio\wpfui-servoStudio\samples\Wpf.Ui.servoStudio\ViewModels\Hardware\StoConfigViewModel.cs(111,9): warning IDE0011: 鍚?鈥渋f鈥?璇彞娣诲姞澶ф嫭鍙枫€?(https://learn.microsoft.com/dotnet/fundamentals/code-analysis/style-rules/ide0011) [C:\UserWorx\VSWorx\ServoStudio\wpfui-servoStudio\samples\Wpf.Ui.servoStudio\servoStudio.csproj]
C:\UserWorx\VSWorx\ServoStudio\wpfui-servoStudio\samples\Wpf.Ui.servoStudio\ViewModels\Hardware\StoConfigViewModel.cs(112,9): warning IDE0011: 鍚?鈥渋f鈥?璇彞娣诲姞澶ф嫭鍙枫€?(https://learn.microsoft.com/dotnet/fundamentals/code-analysis/style-rules/ide0011) [C:\UserWorx\VSWorx\ServoStudio\wpfui-servoStudio\samples\Wpf.Ui.servoStudio\servoStudio.csproj]
C:\UserWorx\VSWorx\ServoStudio\wpfui-servoStudio\samples\Wpf.Ui.servoStudio\ViewModels\Hardware\StoConfigViewModel.cs(113,9): warning IDE0011: 鍚?鈥渋f鈥?璇彞娣诲姞澶ф嫭鍙枫€?(https://learn.microsoft.com/dotnet/fundamentals/code-analysis/style-rules/ide0011) [C:\UserWorx\VSWorx\ServoStudio\wpfui-servoStudio\samples\Wpf.Ui.servoStudio\servoStudio.csproj]
C:\UserWorx\VSWorx\ServoStudio\wpfui-servoStudio\samples\Wpf.Ui.servoStudio\ViewModels\Hardware\StoConfigViewModel.cs(114,9): warning IDE0011: 鍚?鈥渋f鈥?璇彞娣诲姞澶ф嫭鍙枫€?(https://learn.microsoft.com/dotnet/fundamentals/code-analysis/style-rules/ide0011) [C:\UserWorx\VSWorx\ServoStudio\wpfui-servoStudio\samples\Wpf.Ui.servoStudio\servoStudio.csproj]
C:\UserWorx\VSWorx\ServoStudio\wpfui-servoStudio\samples\Wpf.Ui.servoStudio\ViewModels\Hardware\StoConfigViewModel.cs(117,9): warning IDE0011: 鍚?鈥渋f鈥?璇彞娣诲姞澶ф嫭鍙枫€?(https://learn.microsoft.com/dotnet/fundamentals/code-analysis/style-rules/ide0011) [C:\UserWorx\VSWorx\ServoStudio\wpfui-servoStudio\samples\Wpf.Ui.servoStudio\servoStudio.csproj]
C:\UserWorx\VSWorx\ServoStudio\wpfui-servoStudio\samples\Wpf.Ui.servoStudio\ViewModels\Hardware\StoConfigViewModel.cs(126,9): warning IDE0011: 鍚?鈥渋f鈥?璇彞娣诲姞澶ф嫭鍙枫€?(https://learn.microsoft.com/dotnet/fundamentals/code-analysis/style-rules/ide0011) [C:\UserWorx\VSWorx\ServoStudio\wpfui-servoStudio\samples\Wpf.Ui.servoStudio\servoStudio.csproj]
C:\UserWorx\VSWorx\ServoStudio\wpfui-servoStudio\samples\Wpf.Ui.servoStudio\ViewModels\Hardware\StoConfigViewModel.cs(127,9): warning IDE0011: 鍚?鈥渋f鈥?璇彞娣诲姞澶ф嫭鍙枫€?(https://learn.microsoft.com/dotnet/fundamentals/code-analysis/style-rules/ide0011) [C:\UserWorx\VSWorx\ServoStudio\wpfui-servoStudio\samples\Wpf.Ui.servoStudio\servoStudio.csproj]
C:\UserWorx\VSWorx\ServoStudio\wpfui-servoStudio\samples\Wpf.Ui.servoStudio\ViewModels\Hardware\StoConfigViewModel.cs(101,9): warning IDE0008: 鐢ㄦ樉寮忕被鍨嬩唬鏇?"var" (https://learn.microsoft.com/dotnet/fundamentals/code-analysis/style-rules/ide0008) [C:\UserWorx\VSWorx\ServoStudio\wpfui-servoStudio\samples\Wpf.Ui.servoStudio\servoStudio.csproj]
C:\UserWorx\VSWorx\ServoStudio\wpfui-servoStudio\samples\Wpf.Ui.servoStudio\ViewModels\Hardware\StoConfigViewModel.cs(102,9): warning IDE0008: 鐢ㄦ樉寮忕被鍨嬩唬鏇?"var" (https://learn.microsoft.com/dotnet/fundamentals/code-analysis/style-rules/ide0008) [C:\UserWorx\VSWorx\ServoStudio\wpfui-servoStudio\samples\Wpf.Ui.servoStudio\servoStudio.csproj]
C:\UserWorx\VSWorx\ServoStudio\wpfui-servoStudio\samples\Wpf.Ui.servoStudio\ViewModels\Motion\MultiStepProfileViewModel.cs(61,9): warning IDE0058: 姘歌繙涓嶄細浣跨敤琛ㄨ揪寮忓€?(https://learn.microsoft.com/dotnet/fundamentals/code-analysis/style-rules/ide0058) [C:\UserWorx\VSWorx\ServoStudio\wpfui-servoStudio\samples\Wpf.Ui.servoStudio\servoStudio.csproj]
C:\UserWorx\VSWorx\ServoStudio\wpfui-servoStudio\samples\Wpf.Ui.servoStudio\ViewModels\Motion\MultiStepProfileViewModel.cs(62,9): warning IDE0058: 姘歌繙涓嶄細浣跨敤琛ㄨ揪寮忓€?(https://learn.microsoft.com/dotnet/fundamentals/code-analysis/style-rules/ide0058) [C:\UserWorx\VSWorx\ServoStudio\wpfui-servoStudio\samples\Wpf.Ui.servoStudio\servoStudio.csproj]
C:\UserWorx\VSWorx\ServoStudio\wpfui-servoStudio\samples\Wpf.Ui.servoStudio\ViewModels\Motion\MultiStepProfileViewModel.cs(62,40): warning IDE0058: 姘歌繙涓嶄細浣跨敤琛ㄨ揪寮忓€?(https://learn.microsoft.com/dotnet/fundamentals/code-analysis/style-rules/ide0058) [C:\UserWorx\VSWorx\ServoStudio\wpfui-servoStudio\samples\Wpf.Ui.servoStudio\servoStudio.csproj]
C:\UserWorx\VSWorx\ServoStudio\wpfui-servoStudio\samples\Wpf.Ui.servoStudio\ViewModels\Motion\MultiStepProfileViewModel.cs(62,71): warning IDE0058: 姘歌繙涓嶄細浣跨敤琛ㄨ揪寮忓€?(https://learn.microsoft.com/dotnet/fundamentals/code-analysis/style-rules/ide0058) [C:\UserWorx\VSWorx\ServoStudio\wpfui-servoStudio\samples\Wpf.Ui.servoStudio\servoStudio.csproj]
C:\UserWorx\VSWorx\ServoStudio\wpfui-servoStudio\samples\Wpf.Ui.servoStudio\ViewModels\Motion\MultiStepProfileViewModel.cs(62,102): warning IDE0058: 姘歌繙涓嶄細浣跨敤琛ㄨ揪寮忓€?(https://learn.microsoft.com/dotnet/fundamentals/code-analysis/style-rules/ide0058) [C:\UserWorx\VSWorx\ServoStudio\wpfui-servoStudio\samples\Wpf.Ui.servoStudio\servoStudio.csproj]
C:\UserWorx\VSWorx\ServoStudio\wpfui-servoStudio\samples\Wpf.Ui.servoStudio\ViewModels\Motion\MultiStepProfileViewModel.cs(63,9): warning IDE0058: 姘歌繙涓嶄細浣跨敤琛ㄨ揪寮忓€?(https://learn.microsoft.com/dotnet/fundamentals/code-analysis/style-rules/ide0058) [C:\UserWorx\VSWorx\ServoStudio\wpfui-servoStudio\samples\Wpf.Ui.servoStudio\servoStudio.csproj]
C:\UserWorx\VSWorx\ServoStudio\wpfui-servoStudio\samples\Wpf.Ui.servoStudio\ViewModels\Motion\MultiStepProfileViewModel.cs(63,40): warning IDE0058: 姘歌繙涓嶄細浣跨敤琛ㄨ揪寮忓€?(https://learn.microsoft.com/dotnet/fundamentals/code-analysis/style-rules/ide0058) [C:\UserWorx\VSWorx\ServoStudio\wpfui-servoStudio\samples\Wpf.Ui.servoStudio\servoStudio.csproj]
C:\UserWorx\VSWorx\ServoStudio\wpfui-servoStudio\samples\Wpf.Ui.servoStudio\ViewModels\Motion\MultiStepProfileViewModel.cs(63,71): warning IDE0058: 姘歌繙涓嶄細浣跨敤琛ㄨ揪寮忓€?(https://learn.microsoft.com/dotnet/fundamentals/code-analysis/style-rules/ide0058) [C:\UserWorx\VSWorx\ServoStudio\wpfui-servoStudio\samples\Wpf.Ui.servoStudio\servoStudio.csproj]
C:\UserWorx\VSWorx\ServoStudio\wpfui-servoStudio\samples\Wpf.Ui.servoStudio\ViewModels\Motion\MultiStepProfileViewModel.cs(63,102): warning IDE0058: 姘歌繙涓嶄細浣跨敤琛ㄨ揪寮忓€?(https://learn.microsoft.com/dotnet/fundamentals/code-analysis/style-rules/ide0058) [C:\UserWorx\VSWorx\ServoStudio\wpfui-servoStudio\samples\Wpf.Ui.servoStudio\servoStudio.csproj]
C:\UserWorx\VSWorx\ServoStudio\wpfui-servoStudio\samples\Wpf.Ui.servoStudio\ViewModels\Motion\MultiStepProfileViewModel.cs(64,9): warning IDE0058: 姘歌繙涓嶄細浣跨敤琛ㄨ揪寮忓€?(https://learn.microsoft.com/dotnet/fundamentals/code-analysis/style-rules/ide0058) [C:\UserWorx\VSWorx\ServoStudio\wpfui-servoStudio\samples\Wpf.Ui.servoStudio\servoStudio.csproj]
C:\UserWorx\VSWorx\ServoStudio\wpfui-servoStudio\samples\Wpf.Ui.servoStudio\ViewModels\Motion\MultiStepProfileViewModel.cs(64,42): warning IDE0058: 姘歌繙涓嶄細浣跨敤琛ㄨ揪寮忓€?(https://learn.microsoft.com/dotnet/fundamentals/code-analysis/style-rules/ide0058) [C:\UserWorx\VSWorx\ServoStudio\wpfui-servoStudio\samples\Wpf.Ui.servoStudio\servoStudio.csproj]
C:\UserWorx\VSWorx\ServoStudio\wpfui-servoStudio\samples\Wpf.Ui.servoStudio\ViewModels\Motion\MultiStepProfileViewModel.cs(65,9): warning IDE0058: 姘歌繙涓嶄細浣跨敤琛ㄨ揪寮忓€?(https://learn.microsoft.com/dotnet/fundamentals/code-analysis/style-rules/ide0058) [C:\UserWorx\VSWorx\ServoStudio\wpfui-servoStudio\samples\Wpf.Ui.servoStudio\servoStudio.csproj]
C:\UserWorx\VSWorx\ServoStudio\wpfui-servoStudio\samples\Wpf.Ui.servoStudio\ViewModels\Motion\MultiStepProfileViewModel.cs(65,42): warning IDE0058: 姘歌繙涓嶄細浣跨敤琛ㄨ揪寮忓€?(https://learn.microsoft.com/dotnet/fundamentals/code-analysis/style-rules/ide0058) [C:\UserWorx\VSWorx\ServoStudio\wpfui-servoStudio\samples\Wpf.Ui.servoStudio\servoStudio.csproj]
C:\UserWorx\VSWorx\ServoStudio\wpfui-servoStudio\samples\Wpf.Ui.servoStudio\ViewModels\Motion\MultiStepProfileViewModel.cs(66,9): warning IDE0058: 姘歌繙涓嶄細浣跨敤琛ㄨ揪寮忓€?(https://learn.microsoft.com/dotnet/fundamentals/code-analysis/style-rules/ide0058) [C:\UserWorx\VSWorx\ServoStudio\wpfui-servoStudio\samples\Wpf.Ui.servoStudio\servoStudio.csproj]
C:\UserWorx\VSWorx\ServoStudio\wpfui-servoStudio\samples\Wpf.Ui.servoStudio\ViewModels\Motion\MultiStepProfileViewModel.cs(66,42): warning IDE0058: 姘歌繙涓嶄細浣跨敤琛ㄨ揪寮忓€?(https://learn.microsoft.com/dotnet/fundamentals/code-analysis/style-rules/ide0058) [C:\UserWorx\VSWorx\ServoStudio\wpfui-servoStudio\samples\Wpf.Ui.servoStudio\servoStudio.csproj]
C:\UserWorx\VSWorx\ServoStudio\wpfui-servoStudio\samples\Wpf.Ui.servoStudio\ViewModels\Motion\MultiStepProfileViewModel.cs(67,9): warning IDE0058: 姘歌繙涓嶄細浣跨敤琛ㄨ揪寮忓€?(https://learn.microsoft.com/dotnet/fundamentals/code-analysis/style-rules/ide0058) [C:\UserWorx\VSWorx\ServoStudio\wpfui-servoStudio\samples\Wpf.Ui.servoStudio\servoStudio.csproj]
C:\UserWorx\VSWorx\ServoStudio\wpfui-servoStudio\samples\Wpf.Ui.servoStudio\ViewModels\Motion\MultiStepProfileViewModel.cs(67,42): warning IDE0058: 姘歌繙涓嶄細浣跨敤琛ㄨ揪寮忓€?(https://learn.microsoft.com/dotnet/fundamentals/code-analysis/style-rules/ide0058) [C:\UserWorx\VSWorx\ServoStudio\wpfui-servoStudio\samples\Wpf.Ui.servoStudio\servoStudio.csproj]
C:\UserWorx\VSWorx\ServoStudio\wpfui-servoStudio\samples\Wpf.Ui.servoStudio\ViewModels\Motion\MultiStepProfileViewModel.cs(68,9): warning IDE0058: 姘歌繙涓嶄細浣跨敤琛ㄨ揪寮忓€?(https://learn.microsoft.com/dotnet/fundamentals/code-analysis/style-rules/ide0058) [C:\UserWorx\VSWorx\ServoStudio\wpfui-servoStudio\samples\Wpf.Ui.servoStudio\servoStudio.csproj]
C:\UserWorx\VSWorx\ServoStudio\wpfui-servoStudio\samples\Wpf.Ui.servoStudio\ViewModels\Motion\MultiStepProfileViewModel.cs(68,42): warning IDE0058: 姘歌繙涓嶄細浣跨敤琛ㄨ揪寮忓€?(https://learn.microsoft.com/dotnet/fundamentals/code-analysis/style-rules/ide0058) [C:\UserWorx\VSWorx\ServoStudio\wpfui-servoStudio\samples\Wpf.Ui.servoStudio\servoStudio.csproj]
C:\UserWorx\VSWorx\ServoStudio\wpfui-servoStudio\samples\Wpf.Ui.servoStudio\ViewModels\Motion\MultiStepProfileViewModel.cs(69,9): warning IDE0058: 姘歌繙涓嶄細浣跨敤琛ㄨ揪寮忓€?(https://learn.microsoft.com/dotnet/fundamentals/code-analysis/style-rules/ide0058) [C:\UserWorx\VSWorx\ServoStudio\wpfui-servoStudio\samples\Wpf.Ui.servoStudio\servoStudio.csproj]
C:\UserWorx\VSWorx\ServoStudio\wpfui-servoStudio\samples\Wpf.Ui.servoStudio\ViewModels\Motion\MultiStepProfileViewModel.cs(69,42): warning IDE0058: 姘歌繙涓嶄細浣跨敤琛ㄨ揪寮忓€?(https://learn.microsoft.com/dotnet/fundamentals/code-analysis/style-rules/ide0058) [C:\UserWorx\VSWorx\ServoStudio\wpfui-servoStudio\samples\Wpf.Ui.servoStudio\servoStudio.csproj]
C:\UserWorx\VSWorx\ServoStudio\wpfui-servoStudio\samples\Wpf.Ui.servoStudio\ViewModels\Motion\MultiStepProfileViewModel.cs(70,9): warning IDE0058: 姘歌繙涓嶄細浣跨敤琛ㄨ揪寮忓€?(https://learn.microsoft.com/dotnet/fundamentals/code-analysis/style-rules/ide0058) [C:\UserWorx\VSWorx\ServoStudio\wpfui-servoStudio\samples\Wpf.Ui.servoStudio\servoStudio.csproj]
C:\UserWorx\VSWorx\ServoStudio\wpfui-servoStudio\samples\Wpf.Ui.servoStudio\ViewModels\Motion\MultiStepProfileViewModel.cs(70,42): warning IDE0058: 姘歌繙涓嶄細浣跨敤琛ㄨ揪寮忓€?(https://learn.microsoft.com/dotnet/fundamentals/code-analysis/style-rules/ide0058) [C:\UserWorx\VSWorx\ServoStudio\wpfui-servoStudio\samples\Wpf.Ui.servoStudio\servoStudio.csproj]
C:\UserWorx\VSWorx\ServoStudio\wpfui-servoStudio\samples\Wpf.Ui.servoStudio\ViewModels\Motion\MultiStepProfileViewModel.cs(71,9): warning IDE0058: 姘歌繙涓嶄細浣跨敤琛ㄨ揪寮忓€?(https://learn.microsoft.com/dotnet/fundamentals/code-analysis/style-rules/ide0058) [C:\UserWorx\VSWorx\ServoStudio\wpfui-servoStudio\samples\Wpf.Ui.servoStudio\servoStudio.csproj]
C:\UserWorx\VSWorx\ServoStudio\wpfui-servoStudio\samples\Wpf.Ui.servoStudio\ViewModels\Motion\MultiStepProfileViewModel.cs(71,42): warning IDE0058: 姘歌繙涓嶄細浣跨敤琛ㄨ揪寮忓€?(https://learn.microsoft.com/dotnet/fundamentals/code-analysis/style-rules/ide0058) [C:\UserWorx\VSWorx\ServoStudio\wpfui-servoStudio\samples\Wpf.Ui.servoStudio\servoStudio.csproj]
C:\UserWorx\VSWorx\ServoStudio\wpfui-servoStudio\samples\Wpf.Ui.servoStudio\ViewModels\Hardware\StoConfigViewModel.cs(135,9): warning IDE0008: 鐢ㄦ樉寮忕被鍨嬩唬鏇?"var" (https://learn.microsoft.com/dotnet/fundamentals/code-analysis/style-rules/ide0008) [C:\UserWorx\VSWorx\ServoStudio\wpfui-servoStudio\samples\Wpf.Ui.servoStudio\servoStudio.csproj]
C:\UserWorx\VSWorx\ServoStudio\wpfui-servoStudio\samples\Wpf.Ui.servoStudio\ViewModels\Hardware\StoConfigViewModel.cs(136,9): warning IDE0008: 鐢ㄦ樉寮忕被鍨嬩唬鏇?"var" (https://learn.microsoft.com/dotnet/fundamentals/code-analysis/style-rules/ide0008) [C:\UserWorx\VSWorx\ServoStudio\wpfui-servoStudio\samples\Wpf.Ui.servoStudio\servoStudio.csproj]
C:\UserWorx\VSWorx\ServoStudio\wpfui-servoStudio\samples\Wpf.Ui.servoStudio\ViewModels\Factory\FrameFormatEditorViewModel.cs(102,9): warning IDE0011: 鍚?鈥渋f鈥?璇彞娣诲姞澶ф嫭鍙枫€?(https://learn.microsoft.com/dotnet/fundamentals/code-analysis/style-rules/ide0011) [C:\UserWorx\VSWorx\ServoStudio\wpfui-servoStudio\samples\Wpf.Ui.servoStudio\servoStudio.csproj]
C:\UserWorx\VSWorx\ServoStudio\wpfui-servoStudio\samples\Wpf.Ui.servoStudio\ViewModels\Factory\FrameFormatEditorViewModel.cs(113,9): warning IDE0011: 鍚?鈥渋f鈥?璇彞娣诲姞澶ф嫭鍙枫€?(https://learn.microsoft.com/dotnet/fundamentals/code-analysis/style-rules/ide0011) [C:\UserWorx\VSWorx\ServoStudio\wpfui-servoStudio\samples\Wpf.Ui.servoStudio\servoStudio.csproj]
C:\UserWorx\VSWorx\ServoStudio\wpfui-servoStudio\samples\Wpf.Ui.servoStudio\ViewModels\Factory\FrameFormatEditorViewModel.cs(128,9): warning IDE0011: 鍚?鈥渋f鈥?璇彞娣诲姞澶ф嫭鍙枫€?(https://learn.microsoft.com/dotnet/fundamentals/code-analysis/style-rules/ide0011) [C:\UserWorx\VSWorx\ServoStudio\wpfui-servoStudio\samples\Wpf.Ui.servoStudio\servoStudio.csproj]
C:\UserWorx\VSWorx\ServoStudio\wpfui-servoStudio\samples\Wpf.Ui.servoStudio\ViewModels\Factory\FrameFormatEditorViewModel.cs(129,9): warning IDE0011: 鍚?鈥渆lse鈥?璇彞娣诲姞澶ф嫭鍙枫€?(https://learn.microsoft.com/dotnet/fundamentals/code-analysis/style-rules/ide0011) [C:\UserWorx\VSWorx\ServoStudio\wpfui-servoStudio\samples\Wpf.Ui.servoStudio\servoStudio.csproj]
C:\UserWorx\VSWorx\ServoStudio\wpfui-servoStudio\samples\Wpf.Ui.servoStudio\ViewModels\Factory\FrameFormatEditorViewModel.cs(136,9): warning IDE0011: 鍚?鈥渋f鈥?璇彞娣诲姞澶ф嫭鍙枫€?(https://learn.microsoft.com/dotnet/fundamentals/code-analysis/style-rules/ide0011) [C:\UserWorx\VSWorx\ServoStudio\wpfui-servoStudio\samples\Wpf.Ui.servoStudio\servoStudio.csproj]
C:\UserWorx\VSWorx\ServoStudio\wpfui-servoStudio\samples\Wpf.Ui.servoStudio\ViewModels\Factory\FrameFormatEditorViewModel.cs(158,9): warning IDE0011: 鍚?鈥渋f鈥?璇彞娣诲姞澶ф嫭鍙枫€?(https://learn.microsoft.com/dotnet/fundamentals/code-analysis/style-rules/ide0011) [C:\UserWorx\VSWorx\ServoStudio\wpfui-servoStudio\samples\Wpf.Ui.servoStudio\servoStudio.csproj]
C:\UserWorx\VSWorx\ServoStudio\wpfui-servoStudio\samples\Wpf.Ui.servoStudio\ViewModels\Factory\FrameFormatEditorViewModel.cs(162,9): warning IDE0011: 鍚?鈥渋f鈥?璇彞娣诲姞澶ф嫭鍙枫€?(https://learn.microsoft.com/dotnet/fundamentals/code-analysis/style-rules/ide0011) [C:\UserWorx\VSWorx\ServoStudio\wpfui-servoStudio\samples\Wpf.Ui.servoStudio\servoStudio.csproj]
C:\UserWorx\VSWorx\ServoStudio\wpfui-servoStudio\samples\Wpf.Ui.servoStudio\Services\RegisterDisableService.cs(87,9): warning IDE0011: 鍚?鈥渋f鈥?璇彞娣诲姞澶ф嫭鍙枫€?(https://learn.microsoft.com/dotnet/fundamentals/code-analysis/style-rules/ide0011) [C:\UserWorx\VSWorx\ServoStudio\wpfui-servoStudio\samples\Wpf.Ui.servoStudio\servoStudio.csproj]
C:\UserWorx\VSWorx\ServoStudio\wpfui-servoStudio\samples\Wpf.Ui.servoStudio\Services\RegisterDisableService.cs(90,9): warning IDE0011: 鍚?鈥渋f鈥?璇彞娣诲姞澶ф嫭鍙枫€?(https://learn.microsoft.com/dotnet/fundamentals/code-analysis/style-rules/ide0011) [C:\UserWorx\VSWorx\ServoStudio\wpfui-servoStudio\samples\Wpf.Ui.servoStudio\servoStudio.csproj]
C:\UserWorx\VSWorx\ServoStudio\wpfui-servoStudio\samples\Wpf.Ui.servoStudio\Services\RegisterDisableService.cs(88,9): warning IDE0008: 鐢ㄦ樉寮忕被鍨嬩唬鏇?"var" (https://learn.microsoft.com/dotnet/fundamentals/code-analysis/style-rules/ide0008) [C:\UserWorx\VSWorx\ServoStudio\wpfui-servoStudio\samples\Wpf.Ui.servoStudio\servoStudio.csproj]
C:\UserWorx\VSWorx\ServoStudio\wpfui-servoStudio\samples\Wpf.Ui.servoStudio\Views\Pages\AppDataPages\PidAdjustPage.xaml.cs(57,9): warning IDE0008: 鐢ㄦ樉寮忕被鍨嬩唬鏇?"var" (https://learn.microsoft.com/dotnet/fundamentals/code-analysis/style-rules/ide0008) [C:\UserWorx\VSWorx\ServoStudio\wpfui-servoStudio\samples\Wpf.Ui.servoStudio\servoStudio.csproj]
C:\UserWorx\VSWorx\ServoStudio\wpfui-servoStudio\samples\Wpf.Ui.servoStudio\Views\Pages\AppDataPages\PidAdjustPage.xaml.cs(79,9): warning IDE0008: 鐢ㄦ樉寮忕被鍨嬩唬鏇?"var" (https://learn.microsoft.com/dotnet/fundamentals/code-analysis/style-rules/ide0008) [C:\UserWorx\VSWorx\ServoStudio\wpfui-servoStudio\samples\Wpf.Ui.servoStudio\servoStudio.csproj]
C:\UserWorx\VSWorx\ServoStudio\wpfui-servoStudio\samples\Wpf.Ui.servoStudio\Services\RegisterDisableService.cs(108,9): warning IDE0011: 鍚?鈥渋f鈥?璇彞娣诲姞澶ф嫭鍙枫€?(https://learn.microsoft.com/dotnet/fundamentals/code-analysis/style-rules/ide0011) [C:\UserWorx\VSWorx\ServoStudio\wpfui-servoStudio\samples\Wpf.Ui.servoStudio\servoStudio.csproj]
C:\UserWorx\VSWorx\ServoStudio\wpfui-servoStudio\samples\Wpf.Ui.servoStudio\Services\RegisterDisableService.cs(111,13): warning IDE0011: 鍚?鈥渋f鈥?璇彞娣诲姞澶ф嫭鍙枫€?(https://learn.microsoft.com/dotnet/fundamentals/code-analysis/style-rules/ide0011) [C:\UserWorx\VSWorx\ServoStudio\wpfui-servoStudio\samples\Wpf.Ui.servoStudio\servoStudio.csproj]
C:\UserWorx\VSWorx\ServoStudio\wpfui-servoStudio\samples\Wpf.Ui.servoStudio\Views\Pages\AppDataPages\PidAdjustPage.xaml.cs(67,9): warning IDE0058: 姘歌繙涓嶄細浣跨敤琛ㄨ揪寮忓€?(https://learn.microsoft.com/dotnet/fundamentals/code-analysis/style-rules/ide0058) [C:\UserWorx\VSWorx\ServoStudio\wpfui-servoStudio\samples\Wpf.Ui.servoStudio\servoStudio.csproj]
C:\UserWorx\VSWorx\ServoStudio\wpfui-servoStudio\samples\Wpf.Ui.servoStudio\Views\Pages\AppDataPages\PidAdjustPage.xaml.cs(106,9): warning IDE0011: 鍚?鈥渆lse鈥?璇彞娣诲姞澶ф嫭鍙枫€?(https://learn.microsoft.com/dotnet/fundamentals/code-analysis/style-rules/ide0011) [C:\UserWorx\VSWorx\ServoStudio\wpfui-servoStudio\samples\Wpf.Ui.servoStudio\servoStudio.csproj]
C:\UserWorx\VSWorx\ServoStudio\wpfui-servoStudio\samples\Wpf.Ui.servoStudio\Views\Pages\AppDataPages\PidAdjustPage.xaml.cs(103,9): warning IDE0008: 鐢ㄦ樉寮忕被鍨嬩唬鏇?"var" (https://learn.microsoft.com/dotnet/fundamentals/code-analysis/style-rules/ide0008) [C:\UserWorx\VSWorx\ServoStudio\wpfui-servoStudio\samples\Wpf.Ui.servoStudio\servoStudio.csproj]
C:\UserWorx\VSWorx\ServoStudio\wpfui-servoStudio\samples\Wpf.Ui.servoStudio\Views\Pages\AppDataPages\PidAdjustPage.xaml.cs(107,13): warning IDE0058: 姘歌繙涓嶄細浣跨敤琛ㄨ揪寮忓€?(https://learn.microsoft.com/dotnet/fundamentals/code-analysis/style-rules/ide0058) [C:\UserWorx\VSWorx\ServoStudio\wpfui-servoStudio\samples\Wpf.Ui.servoStudio\servoStudio.csproj]
C:\UserWorx\VSWorx\ServoStudio\wpfui-servoStudio\samples\Wpf.Ui.servoStudio\ViewModels\FaultInfoViewModel.cs(85,13): warning IDE0008: 鐢ㄦ樉寮忕被鍨嬩唬鏇?"var" (https://learn.microsoft.com/dotnet/fundamentals/code-analysis/style-rules/ide0008) [C:\UserWorx\VSWorx\ServoStudio\wpfui-servoStudio\samples\Wpf.Ui.servoStudio\servoStudio.csproj]
C:\UserWorx\VSWorx\ServoStudio\wpfui-servoStudio\samples\Wpf.Ui.servoStudio\ViewModels\MainWindowViewModel.cs(302,9): warning IDE0011: 鍚?鈥渋f鈥?璇彞娣诲姞澶ф嫭鍙枫€?(https://learn.microsoft.com/dotnet/fundamentals/code-analysis/style-rules/ide0011) [C:\UserWorx\VSWorx\ServoStudio\wpfui-servoStudio\samples\Wpf.Ui.servoStudio\servoStudio.csproj]
C:\UserWorx\VSWorx\ServoStudio\wpfui-servoStudio\samples\Wpf.Ui.servoStudio\Views\Pages\AppDataPages\PidAdjustPage.xaml.cs(120,13): warning IDE0011: 鍚?鈥渋f鈥?璇彞娣诲姞澶ф嫭鍙枫€?(https://learn.microsoft.com/dotnet/fundamentals/code-analysis/style-rules/ide0011) [C:\UserWorx\VSWorx\ServoStudio\wpfui-servoStudio\samples\Wpf.Ui.servoStudio\servoStudio.csproj]
C:\UserWorx\VSWorx\ServoStudio\wpfui-servoStudio\samples\Wpf.Ui.servoStudio\Views\Pages\AppDataPages\PidAdjustPage.xaml.cs(129,9): warning IDE0011: 鍚?鈥渋f鈥?璇彞娣诲姞澶ф嫭鍙枫€?(https://learn.microsoft.com/dotnet/fundamentals/code-analysis/style-rules/ide0011) [C:\UserWorx\VSWorx\ServoStudio\wpfui-servoStudio\samples\Wpf.Ui.servoStudio\servoStudio.csproj]
C:\UserWorx\VSWorx\ServoStudio\wpfui-servoStudio\samples\Wpf.Ui.servoStudio\Views\Pages\AppDataPages\PidAdjustPage.xaml.cs(118,18): warning IDE0008: 鐢ㄦ樉寮忕被鍨嬩唬鏇?"var" (https://learn.microsoft.com/dotnet/fundamentals/code-analysis/style-rules/ide0008) [C:\UserWorx\VSWorx\ServoStudio\wpfui-servoStudio\samples\Wpf.Ui.servoStudio\servoStudio.csproj]
C:\UserWorx\VSWorx\ServoStudio\wpfui-servoStudio\samples\Wpf.Ui.servoStudio\Views\Pages\AppDataPages\PidAdjustPage.xaml.cs(122,13): warning IDE0008: 鐢ㄦ樉寮忕被鍨嬩唬鏇?"var" (https://learn.microsoft.com/dotnet/fundamentals/code-analysis/style-rules/ide0008) [C:\UserWorx\VSWorx\ServoStudio\wpfui-servoStudio\samples\Wpf.Ui.servoStudio\servoStudio.csproj]
C:\UserWorx\VSWorx\ServoStudio\wpfui-servoStudio\samples\Wpf.Ui.servoStudio\ViewModels\Hardware\ControllerViewModel.cs(216,64): warning IDE0055: 淇鏍煎紡 (https://learn.microsoft.com/dotnet/fundamentals/code-analysis/style-rules/ide0055) [C:\UserWorx\VSWorx\ServoStudio\wpfui-servoStudio\samples\Wpf.Ui.servoStudio\servoStudio.csproj]
C:\UserWorx\VSWorx\ServoStudio\wpfui-servoStudio\samples\Wpf.Ui.servoStudio\ViewModels\Hardware\ControllerViewModel.cs(292,47): warning IDE0055: 淇鏍煎紡 (https://learn.microsoft.com/dotnet/fundamentals/code-analysis/style-rules/ide0055) [C:\UserWorx\VSWorx\ServoStudio\wpfui-servoStudio\samples\Wpf.Ui.servoStudio\servoStudio.csproj]
C:\UserWorx\VSWorx\ServoStudio\wpfui-servoStudio\samples\Wpf.Ui.servoStudio\ViewModels\Hardware\ControllerViewModel.cs(447,44): warning IDE0055: 淇鏍煎紡 (https://learn.microsoft.com/dotnet/fundamentals/code-analysis/style-rules/ide0055) [C:\UserWorx\VSWorx\ServoStudio\wpfui-servoStudio\samples\Wpf.Ui.servoStudio\servoStudio.csproj]
C:\UserWorx\VSWorx\ServoStudio\wpfui-servoStudio\samples\Wpf.Ui.servoStudio\ViewModels\Hardware\ControllerViewModel.cs(447,46): warning IDE0055: 淇鏍煎紡 (https://learn.microsoft.com/dotnet/fundamentals/code-analysis/style-rules/ide0055) [C:\UserWorx\VSWorx\ServoStudio\wpfui-servoStudio\samples\Wpf.Ui.servoStudio\servoStudio.csproj]
C:\UserWorx\VSWorx\ServoStudio\wpfui-servoStudio\samples\Wpf.Ui.servoStudio\ViewModels\Hardware\ControllerViewModel.cs(447,67): warning IDE0055: 淇鏍煎紡 (https://learn.microsoft.com/dotnet/fundamentals/code-analysis/style-rules/ide0055) [C:\UserWorx\VSWorx\ServoStudio\wpfui-servoStudio\samples\Wpf.Ui.servoStudio\servoStudio.csproj]
C:\UserWorx\VSWorx\ServoStudio\wpfui-servoStudio\samples\Wpf.Ui.servoStudio\ViewModels\Hardware\ControllerViewModel.cs(447,75): warning IDE0055: 淇鏍煎紡 (https://learn.microsoft.com/dotnet/fundamentals/code-analysis/style-rules/ide0055) [C:\UserWorx\VSWorx\ServoStudio\wpfui-servoStudio\samples\Wpf.Ui.servoStudio\servoStudio.csproj]
C:\UserWorx\VSWorx\ServoStudio\wpfui-servoStudio\samples\Wpf.Ui.servoStudio\ViewModels\Hardware\ControllerViewModel.cs(453,47): warning IDE0055: 淇鏍煎紡 (https://learn.microsoft.com/dotnet/fundamentals/code-analysis/style-rules/ide0055) [C:\UserWorx\VSWorx\ServoStudio\wpfui-servoStudio\samples\Wpf.Ui.servoStudio\servoStudio.csproj]
C:\UserWorx\VSWorx\ServoStudio\wpfui-servoStudio\samples\Wpf.Ui.servoStudio\ViewModels\Hardware\ControllerViewModel.cs(454,48): warning IDE0055: 淇鏍煎紡 (https://learn.microsoft.com/dotnet/fundamentals/code-analysis/style-rules/ide0055) [C:\UserWorx\VSWorx\ServoStudio\wpfui-servoStudio\samples\Wpf.Ui.servoStudio\servoStudio.csproj]
C:\UserWorx\VSWorx\ServoStudio\wpfui-servoStudio\samples\Wpf.Ui.servoStudio\ViewModels\Hardware\ControllerViewModel.cs(455,47): warning IDE0055: 淇鏍煎紡 (https://learn.microsoft.com/dotnet/fundamentals/code-analysis/style-rules/ide0055) [C:\UserWorx\VSWorx\ServoStudio\wpfui-servoStudio\samples\Wpf.Ui.servoStudio\servoStudio.csproj]
C:\UserWorx\VSWorx\ServoStudio\wpfui-servoStudio\samples\Wpf.Ui.servoStudio\ViewModels\Hardware\ControllerViewModel.cs(447,76): warning IDE2003: 鍧椾笌鍚庣画璇彞涔嬮棿闇€瑕佹湁绌虹櫧琛?(https://learn.microsoft.com/dotnet/fundamentals/code-analysis/style-rules/ide2003) [C:\UserWorx\VSWorx\ServoStudio\wpfui-servoStudio\samples\Wpf.Ui.servoStudio\servoStudio.csproj]
C:\UserWorx\VSWorx\ServoStudio\wpfui-servoStudio\samples\Wpf.Ui.servoStudio\Services\PageUsageTracker.cs(125,9): warning IDE0011: 鍚?鈥渋f鈥?璇彞娣诲姞澶ф嫭鍙枫€?(https://learn.microsoft.com/dotnet/fundamentals/code-analysis/style-rules/ide0011) [C:\UserWorx\VSWorx\ServoStudio\wpfui-servoStudio\samples\Wpf.Ui.servoStudio\servoStudio.csproj]
C:\UserWorx\VSWorx\ServoStudio\wpfui-servoStudio\samples\Wpf.Ui.servoStudio\Views\Pages\AppDataPages\PidAdjustPage.xaml.cs(149,9): warning IDE0011: 鍚?鈥渋f鈥?璇彞娣诲姞澶ф嫭鍙枫€?(https://learn.microsoft.com/dotnet/fundamentals/code-analysis/style-rules/ide0011) [C:\UserWorx\VSWorx\ServoStudio\wpfui-servoStudio\samples\Wpf.Ui.servoStudio\servoStudio.csproj]
C:\UserWorx\VSWorx\ServoStudio\wpfui-servoStudio\samples\Wpf.Ui.servoStudio\Views\Pages\AppDataPages\PidAdjustPage.xaml.cs(162,9): warning IDE0011: 鍚?鈥渋f鈥?璇彞娣诲姞澶ф嫭鍙枫€?(https://learn.microsoft.com/dotnet/fundamentals/code-analysis/style-rules/ide0011) [C:\UserWorx\VSWorx\ServoStudio\wpfui-servoStudio\samples\Wpf.Ui.servoStudio\servoStudio.csproj]
C:\UserWorx\VSWorx\ServoStudio\wpfui-servoStudio\samples\Wpf.Ui.servoStudio\Views\Pages\AppDataPages\PidAdjustPage.xaml.cs(163,9): warning IDE0011: 鍚?鈥渋f鈥?璇彞娣诲姞澶ф嫭鍙枫€?(https://learn.microsoft.com/dotnet/fundamentals/code-analysis/style-rules/ide0011) [C:\UserWorx\VSWorx\ServoStudio\wpfui-servoStudio\samples\Wpf.Ui.servoStudio\servoStudio.csproj]
C:\UserWorx\VSWorx\ServoStudio\wpfui-servoStudio\samples\Wpf.Ui.servoStudio\Views\Pages\AppDataPages\PidAdjustPage.xaml.cs(164,9): warning IDE0011: 鍚?鈥渋f鈥?璇彞娣诲姞澶ф嫭鍙枫€?(https://learn.microsoft.com/dotnet/fundamentals/code-analysis/style-rules/ide0011) [C:\UserWorx\VSWorx\ServoStudio\wpfui-servoStudio\samples\Wpf.Ui.servoStudio\servoStudio.csproj]
C:\UserWorx\VSWorx\ServoStudio\wpfui-servoStudio\samples\Wpf.Ui.servoStudio\Views\Pages\AppDataPages\PidAdjustPage.xaml.cs(165,9): warning IDE0011: 鍚?鈥渋f鈥?璇彞娣诲姞澶ф嫭鍙枫€?(https://learn.microsoft.com/dotnet/fundamentals/code-analysis/style-rules/ide0011) [C:\UserWorx\VSWorx\ServoStudio\wpfui-servoStudio\samples\Wpf.Ui.servoStudio\servoStudio.csproj]
C:\UserWorx\VSWorx\ServoStudio\wpfui-servoStudio\samples\Wpf.Ui.servoStudio\Views\Pages\AppDataPages\PidAdjustPage.xaml.cs(166,9): warning IDE0011: 鍚?鈥渋f鈥?璇彞娣诲姞澶ф嫭鍙枫€?(https://learn.microsoft.com/dotnet/fundamentals/code-analysis/style-rules/ide0011) [C:\UserWorx\VSWorx\ServoStudio\wpfui-servoStudio\samples\Wpf.Ui.servoStudio\servoStudio.csproj]
C:\UserWorx\VSWorx\ServoStudio\wpfui-servoStudio\samples\Wpf.Ui.servoStudio\Views\Pages\AppDataPages\PidAdjustPage.xaml.cs(167,9): warning IDE0011: 鍚?鈥渋f鈥?璇彞娣诲姞澶ф嫭鍙枫€?(https://learn.microsoft.com/dotnet/fundamentals/code-analysis/style-rules/ide0011) [C:\UserWorx\VSWorx\ServoStudio\wpfui-servoStudio\samples\Wpf.Ui.servoStudio\servoStudio.csproj]
C:\UserWorx\VSWorx\ServoStudio\wpfui-servoStudio\samples\Wpf.Ui.servoStudio\Views\Pages\AppDataPages\PidAdjustPage.xaml.cs(190,9): warning IDE0011: 鍚?鈥渋f鈥?璇彞娣诲姞澶ф嫭鍙枫€?(https://learn.microsoft.com/dotnet/fundamentals/code-analysis/style-rules/ide0011) [C:\UserWorx\VSWorx\ServoStudio\wpfui-servoStudio\samples\Wpf.Ui.servoStudio\servoStudio.csproj]
C:\UserWorx\VSWorx\ServoStudio\wpfui-servoStudio\samples\Wpf.Ui.servoStudio\Views\Pages\AppDataPages\PidAdjustPage.xaml.cs(211,13): warning IDE0008: 鐢ㄦ樉寮忕被鍨嬩唬鏇?"var" (https://learn.microsoft.com/dotnet/fundamentals/code-analysis/style-rules/ide0008) [C:\UserWorx\VSWorx\ServoStudio\wpfui-servoStudio\samples\Wpf.Ui.servoStudio\servoStudio.csproj]
C:\UserWorx\VSWorx\ServoStudio\wpfui-servoStudio\samples\Wpf.Ui.servoStudio\Views\Pages\AppDataPages\PidAdjustPage.xaml.cs(222,9): warning IDE0008: 鐢ㄦ樉寮忕被鍨嬩唬鏇?"var" (https://learn.microsoft.com/dotnet/fundamentals/code-analysis/style-rules/ide0008) [C:\UserWorx\VSWorx\ServoStudio\wpfui-servoStudio\samples\Wpf.Ui.servoStudio\servoStudio.csproj]
C:\UserWorx\VSWorx\ServoStudio\wpfui-servoStudio\samples\Wpf.Ui.servoStudio\ViewModels\AppData\PidAdjustViewModel.cs(205,9): warning IDE0058: 姘歌繙涓嶄細浣跨敤琛ㄨ揪寮忓€?(https://learn.microsoft.com/dotnet/fundamentals/code-analysis/style-rules/ide0058) [C:\UserWorx\VSWorx\ServoStudio\wpfui-servoStudio\samples\Wpf.Ui.servoStudio\servoStudio.csproj]
C:\UserWorx\VSWorx\ServoStudio\wpfui-servoStudio\samples\Wpf.Ui.servoStudio\ViewModels\DashboardViewModel.cs(63,9): warning IDE0011: 鍚?鈥渋f鈥?璇彞娣诲姞澶ф嫭鍙枫€?(https://learn.microsoft.com/dotnet/fundamentals/code-analysis/style-rules/ide0011) [C:\UserWorx\VSWorx\ServoStudio\wpfui-servoStudio\samples\Wpf.Ui.servoStudio\servoStudio.csproj]
C:\UserWorx\VSWorx\ServoStudio\wpfui-servoStudio\samples\Wpf.Ui.servoStudio\Views\Pages\AppDataPages\PidAdjustPage.xaml.cs(253,18): warning IDE0008: 鐢ㄦ樉寮忕被鍨嬩唬鏇?"var" (https://learn.microsoft.com/dotnet/fundamentals/code-analysis/style-rules/ide0008) [C:\UserWorx\VSWorx\ServoStudio\wpfui-servoStudio\samples\Wpf.Ui.servoStudio\servoStudio.csproj]
C:\UserWorx\VSWorx\ServoStudio\wpfui-servoStudio\samples\Wpf.Ui.servoStudio\ViewModels\FaultInfoViewModel.cs(184,17): warning IDE0011: 鍚?鈥渋f鈥?璇彞娣诲姞澶ф嫭鍙枫€?(https://learn.microsoft.com/dotnet/fundamentals/code-analysis/style-rules/ide0011) [C:\UserWorx\VSWorx\ServoStudio\wpfui-servoStudio\samples\Wpf.Ui.servoStudio\servoStudio.csproj]
C:\UserWorx\VSWorx\ServoStudio\wpfui-servoStudio\samples\Wpf.Ui.servoStudio\ViewModels\AppData\PidAdjustViewModel.cs(210,9): warning IDE0058: 姘歌繙涓嶄細浣跨敤琛ㄨ揪寮忓€?(https://learn.microsoft.com/dotnet/fundamentals/code-analysis/style-rules/ide0058) [C:\UserWorx\VSWorx\ServoStudio\wpfui-servoStudio\samples\Wpf.Ui.servoStudio\servoStudio.csproj]
C:\UserWorx\VSWorx\ServoStudio\wpfui-servoStudio\samples\Wpf.Ui.servoStudio\Views\Pages\AppDataPages\PidAdjustPage.xaml.cs(271,9): warning IDE0008: 鐢ㄦ樉寮忕被鍨嬩唬鏇?"var" (https://learn.microsoft.com/dotnet/fundamentals/code-analysis/style-rules/ide0008) [C:\UserWorx\VSWorx\ServoStudio\wpfui-servoStudio\samples\Wpf.Ui.servoStudio\servoStudio.csproj]
C:\UserWorx\VSWorx\ServoStudio\wpfui-servoStudio\samples\Wpf.Ui.servoStudio\ViewModels\DeviceSet\DeviceAddViewModel.cs(621,9): warning IDE0011: 鍚?鈥渋f鈥?璇彞娣诲姞澶ф嫭鍙枫€?(https://learn.microsoft.com/dotnet/fundamentals/code-analysis/style-rules/ide0011) [C:\UserWorx\VSWorx\ServoStudio\wpfui-servoStudio\samples\Wpf.Ui.servoStudio\servoStudio.csproj]
C:\UserWorx\VSWorx\ServoStudio\wpfui-servoStudio\samples\Wpf.Ui.servoStudio\ViewModels\Hardware\IOViewModel.cs(69,57): warning IDE0055: 淇鏍煎紡 (https://learn.microsoft.com/dotnet/fundamentals/code-analysis/style-rules/ide0055) [C:\UserWorx\VSWorx\ServoStudio\wpfui-servoStudio\samples\Wpf.Ui.servoStudio\servoStudio.csproj]
C:\UserWorx\VSWorx\ServoStudio\wpfui-servoStudio\samples\Wpf.Ui.servoStudio\ViewModels\Hardware\IOViewModel.cs(69,59): warning IDE0055: 淇鏍煎紡 (https://learn.microsoft.com/dotnet/fundamentals/code-analysis/style-rules/ide0055) [C:\UserWorx\VSWorx\ServoStudio\wpfui-servoStudio\samples\Wpf.Ui.servoStudio\servoStudio.csproj]
C:\UserWorx\VSWorx\ServoStudio\wpfui-servoStudio\samples\Wpf.Ui.servoStudio\ViewModels\Hardware\IOViewModel.cs(69,64): warning IDE0055: 淇鏍煎紡 (https://learn.microsoft.com/dotnet/fundamentals/code-analysis/style-rules/ide0055) [C:\UserWorx\VSWorx\ServoStudio\wpfui-servoStudio\samples\Wpf.Ui.servoStudio\servoStudio.csproj]
C:\UserWorx\VSWorx\ServoStudio\wpfui-servoStudio\samples\Wpf.Ui.servoStudio\ViewModels\DeviceSet\DeviceAddViewModel.cs(627,13): warning IDE0008: 鐢ㄦ樉寮忕被鍨嬩唬鏇?"var" (https://learn.microsoft.com/dotnet/fundamentals/code-analysis/style-rules/ide0008) [C:\UserWorx\VSWorx\ServoStudio\wpfui-servoStudio\samples\Wpf.Ui.servoStudio\servoStudio.csproj]
C:\UserWorx\VSWorx\ServoStudio\wpfui-servoStudio\samples\Wpf.Ui.servoStudio\ViewModels\Hardware\IOViewModel.cs(86,57): warning IDE0055: 淇鏍煎紡 (https://learn.microsoft.com/dotnet/fundamentals/code-analysis/style-rules/ide0055) [C:\UserWorx\VSWorx\ServoStudio\wpfui-servoStudio\samples\Wpf.Ui.servoStudio\servoStudio.csproj]
C:\UserWorx\VSWorx\ServoStudio\wpfui-servoStudio\samples\Wpf.Ui.servoStudio\ViewModels\Hardware\IOViewModel.cs(86,59): warning IDE0055: 淇鏍煎紡 (https://learn.microsoft.com/dotnet/fundamentals/code-analysis/style-rules/ide0055) [C:\UserWorx\VSWorx\ServoStudio\wpfui-servoStudio\samples\Wpf.Ui.servoStudio\servoStudio.csproj]
C:\UserWorx\VSWorx\ServoStudio\wpfui-servoStudio\samples\Wpf.Ui.servoStudio\ViewModels\Hardware\IOViewModel.cs(86,64): warning IDE0055: 淇鏍煎紡 (https://learn.microsoft.com/dotnet/fundamentals/code-analysis/style-rules/ide0055) [C:\UserWorx\VSWorx\ServoStudio\wpfui-servoStudio\samples\Wpf.Ui.servoStudio\servoStudio.csproj]
C:\UserWorx\VSWorx\ServoStudio\wpfui-servoStudio\samples\Wpf.Ui.servoStudio\ViewModels\Hardware\IOViewModel.cs(138,35): warning IDE0055: 淇鏍煎紡 (https://learn.microsoft.com/dotnet/fundamentals/code-analysis/style-rules/ide0055) [C:\UserWorx\VSWorx\ServoStudio\wpfui-servoStudio\samples\Wpf.Ui.servoStudio\servoStudio.csproj]
C:\UserWorx\VSWorx\ServoStudio\wpfui-servoStudio\samples\Wpf.Ui.servoStudio\ViewModels\Hardware\IOViewModel.cs(140,25): warning IDE0055: 淇鏍煎紡 (https://learn.microsoft.com/dotnet/fundamentals/code-analysis/style-rules/ide0055) [C:\UserWorx\VSWorx\ServoStudio\wpfui-servoStudio\samples\Wpf.Ui.servoStudio\servoStudio.csproj]
C:\UserWorx\VSWorx\ServoStudio\wpfui-servoStudio\samples\Wpf.Ui.servoStudio\ViewModels\Hardware\IOViewModel.cs(142,34): warning IDE0055: 淇鏍煎紡 (https://learn.microsoft.com/dotnet/fundamentals/code-analysis/style-rules/ide0055) [C:\UserWorx\VSWorx\ServoStudio\wpfui-servoStudio\samples\Wpf.Ui.servoStudio\servoStudio.csproj]
C:\UserWorx\VSWorx\ServoStudio\wpfui-servoStudio\samples\Wpf.Ui.servoStudio\ViewModels\Hardware\IOViewModel.cs(147,35): warning IDE0055: 淇鏍煎紡 (https://learn.microsoft.com/dotnet/fundamentals/code-analysis/style-rules/ide0055) [C:\UserWorx\VSWorx\ServoStudio\wpfui-servoStudio\samples\Wpf.Ui.servoStudio\servoStudio.csproj]
C:\UserWorx\VSWorx\ServoStudio\wpfui-servoStudio\samples\Wpf.Ui.servoStudio\ViewModels\Hardware\IOViewModel.cs(149,25): warning IDE0055: 淇鏍煎紡 (https://learn.microsoft.com/dotnet/fundamentals/code-analysis/style-rules/ide0055) [C:\UserWorx\VSWorx\ServoStudio\wpfui-servoStudio\samples\Wpf.Ui.servoStudio\servoStudio.csproj]
C:\UserWorx\VSWorx\ServoStudio\wpfui-servoStudio\samples\Wpf.Ui.servoStudio\ViewModels\Hardware\IOViewModel.cs(194,25): warning IDE0055: 淇鏍煎紡 (https://learn.microsoft.com/dotnet/fundamentals/code-analysis/style-rules/ide0055) [C:\UserWorx\VSWorx\ServoStudio\wpfui-servoStudio\samples\Wpf.Ui.servoStudio\servoStudio.csproj]
C:\UserWorx\VSWorx\ServoStudio\wpfui-servoStudio\samples\Wpf.Ui.servoStudio\ViewModels\Hardware\IOViewModel.cs(195,48): warning IDE0055: 淇鏍煎紡 (https://learn.microsoft.com/dotnet/fundamentals/code-analysis/style-rules/ide0055) [C:\UserWorx\VSWorx\ServoStudio\wpfui-servoStudio\samples\Wpf.Ui.servoStudio\servoStudio.csproj]
C:\UserWorx\VSWorx\ServoStudio\wpfui-servoStudio\samples\Wpf.Ui.servoStudio\ViewModels\Hardware\IOViewModel.cs(202,25): warning IDE0055: 淇鏍煎紡 (https://learn.microsoft.com/dotnet/fundamentals/code-analysis/style-rules/ide0055) [C:\UserWorx\VSWorx\ServoStudio\wpfui-servoStudio\samples\Wpf.Ui.servoStudio\servoStudio.csproj]
C:\UserWorx\VSWorx\ServoStudio\wpfui-servoStudio\samples\Wpf.Ui.servoStudio\ViewModels\Hardware\IOViewModel.cs(217,64): warning IDE0055: 淇鏍煎紡 (https://learn.microsoft.com/dotnet/fundamentals/code-analysis/style-rules/ide0055) [C:\UserWorx\VSWorx\ServoStudio\wpfui-servoStudio\samples\Wpf.Ui.servoStudio\servoStudio.csproj]
C:\UserWorx\VSWorx\ServoStudio\wpfui-servoStudio\samples\Wpf.Ui.servoStudio\ViewModels\Hardware\IOViewModel.cs(218,50): warning IDE0055: 淇鏍煎紡 (https://learn.microsoft.com/dotnet/fundamentals/code-analysis/style-rules/ide0055) [C:\UserWorx\VSWorx\ServoStudio\wpfui-servoStudio\samples\Wpf.Ui.servoStudio\servoStudio.csproj]
C:\UserWorx\VSWorx\ServoStudio\wpfui-servoStudio\samples\Wpf.Ui.servoStudio\ViewModels\Hardware\IOViewModel.cs(219,79): warning IDE0055: 淇鏍煎紡 (https://learn.microsoft.com/dotnet/fundamentals/code-analysis/style-rules/ide0055) [C:\UserWorx\VSWorx\ServoStudio\wpfui-servoStudio\samples\Wpf.Ui.servoStudio\servoStudio.csproj]
C:\UserWorx\VSWorx\ServoStudio\wpfui-servoStudio\samples\Wpf.Ui.servoStudio\ViewModels\Hardware\IOViewModel.cs(378,64): warning IDE0055: 淇鏍煎紡 (https://learn.microsoft.com/dotnet/fundamentals/code-analysis/style-rules/ide0055) [C:\UserWorx\VSWorx\ServoStudio\wpfui-servoStudio\samples\Wpf.Ui.servoStudio\servoStudio.csproj]
C:\UserWorx\VSWorx\ServoStudio\wpfui-servoStudio\samples\Wpf.Ui.servoStudio\ViewModels\Hardware\IOViewModel.cs(444,47): warning IDE0055: 淇鏍煎紡 (https://learn.microsoft.com/dotnet/fundamentals/code-analysis/style-rules/ide0055) [C:\UserWorx\VSWorx\ServoStudio\wpfui-servoStudio\samples\Wpf.Ui.servoStudio\servoStudio.csproj]
C:\UserWorx\VSWorx\ServoStudio\wpfui-servoStudio\samples\Wpf.Ui.servoStudio\Views\Pages\AppDataPages\PidAdjustPage.xaml.cs(299,9): warning IDE0011: 鍚?鈥渋f鈥?璇彞娣诲姞澶ф嫭鍙枫€?(https://learn.microsoft.com/dotnet/fundamentals/code-analysis/style-rules/ide0011) [C:\UserWorx\VSWorx\ServoStudio\wpfui-servoStudio\samples\Wpf.Ui.servoStudio\servoStudio.csproj]
C:\UserWorx\VSWorx\ServoStudio\wpfui-servoStudio\samples\Wpf.Ui.servoStudio\ViewModels\Hardware\IOViewModel.cs(542,13): warning IDE2003: 鍧椾笌鍚庣画璇彞涔嬮棿闇€瑕佹湁绌虹櫧琛?(https://learn.microsoft.com/dotnet/fundamentals/code-analysis/style-rules/ide2003) [C:\UserWorx\VSWorx\ServoStudio\wpfui-servoStudio\samples\Wpf.Ui.servoStudio\servoStudio.csproj]
C:\UserWorx\VSWorx\ServoStudio\wpfui-servoStudio\samples\Wpf.Ui.servoStudio\ViewModels\Factory\FrameFormatEditorViewModel.cs(196,18): warning IDE0008: 鐢ㄦ樉寮忕被鍨嬩唬鏇?"var" (https://learn.microsoft.com/dotnet/fundamentals/code-analysis/style-rules/ide0008) [C:\UserWorx\VSWorx\ServoStudio\wpfui-servoStudio\samples\Wpf.Ui.servoStudio\servoStudio.csproj]
C:\UserWorx\VSWorx\ServoStudio\wpfui-servoStudio\samples\Wpf.Ui.servoStudio\ViewModels\DeviceSet\DeviceAddViewModel.cs(650,9): warning IDE0011: 鍚?鈥渇oreach鈥?璇彞娣诲姞澶ф嫭鍙枫€?(https://learn.microsoft.com/dotnet/fundamentals/code-analysis/style-rules/ide0011) [C:\UserWorx\VSWorx\ServoStudio\wpfui-servoStudio\samples\Wpf.Ui.servoStudio\servoStudio.csproj]
C:\UserWorx\VSWorx\ServoStudio\wpfui-servoStudio\samples\Wpf.Ui.servoStudio\ViewModels\DeviceSet\DeviceAddViewModel.cs(655,9): warning IDE0011: 鍚?鈥渇oreach鈥?璇彞娣诲姞澶ф嫭鍙枫€?(https://learn.microsoft.com/dotnet/fundamentals/code-analysis/style-rules/ide0011) [C:\UserWorx\VSWorx\ServoStudio\wpfui-servoStudio\samples\Wpf.Ui.servoStudio\servoStudio.csproj]
C:\UserWorx\VSWorx\ServoStudio\wpfui-servoStudio\samples\Wpf.Ui.servoStudio\ViewModels\DeviceSet\DeviceAddViewModel.cs(713,9): warning IDE0011: 鍚?鈥渋f鈥?璇彞娣诲姞澶ф嫭鍙枫€?(https://learn.microsoft.com/dotnet/fundamentals/code-analysis/style-rules/ide0011) [C:\UserWorx\VSWorx\ServoStudio\wpfui-servoStudio\samples\Wpf.Ui.servoStudio\servoStudio.csproj]
C:\UserWorx\VSWorx\ServoStudio\wpfui-servoStudio\samples\Wpf.Ui.servoStudio\ViewModels\DeviceSet\DeviceAddViewModel.cs(645,9): warning IDE0008: 鐢ㄦ樉寮忕被鍨嬩唬鏇?"var" (https://learn.microsoft.com/dotnet/fundamentals/code-analysis/style-rules/ide0008) [C:\UserWorx\VSWorx\ServoStudio\wpfui-servoStudio\samples\Wpf.Ui.servoStudio\servoStudio.csproj]
C:\UserWorx\VSWorx\ServoStudio\wpfui-servoStudio\samples\Wpf.Ui.servoStudio\ViewModels\DeviceSet\DeviceAddViewModel.cs(688,17): warning IDE0008: 鐢ㄦ樉寮忕被鍨嬩唬鏇?"var" (https://learn.microsoft.com/dotnet/fundamentals/code-analysis/style-rules/ide0008) [C:\UserWorx\VSWorx\ServoStudio\wpfui-servoStudio\samples\Wpf.Ui.servoStudio\servoStudio.csproj]
C:\UserWorx\VSWorx\ServoStudio\wpfui-servoStudio\samples\Wpf.Ui.servoStudio\ViewModels\AppData\PidAdjustViewModel.cs(258,21): warning IDE0011: 鍚?鈥渋f鈥?璇彞娣诲姞澶ф嫭鍙枫€?(https://learn.microsoft.com/dotnet/fundamentals/code-analysis/style-rules/ide0011) [C:\UserWorx\VSWorx\ServoStudio\wpfui-servoStudio\samples\Wpf.Ui.servoStudio\servoStudio.csproj]
C:\UserWorx\VSWorx\ServoStudio\wpfui-servoStudio\samples\Wpf.Ui.servoStudio\Services\LiveDiag.cs(64,9): warning IDE0008: 鐢ㄦ樉寮忕被鍨嬩唬鏇?"var" (https://learn.microsoft.com/dotnet/fundamentals/code-analysis/style-rules/ide0008) [C:\UserWorx\VSWorx\ServoStudio\wpfui-servoStudio\samples\Wpf.Ui.servoStudio\servoStudio.csproj]
C:\UserWorx\VSWorx\ServoStudio\wpfui-servoStudio\samples\Wpf.Ui.servoStudio\ViewModels\DashboardViewModel.cs(132,9): warning IDE0011: 鍚?鈥渋f鈥?璇彞娣诲姞澶ф嫭鍙枫€?(https://learn.microsoft.com/dotnet/fundamentals/code-analysis/style-rules/ide0011) [C:\UserWorx\VSWorx\ServoStudio\wpfui-servoStudio\samples\Wpf.Ui.servoStudio\servoStudio.csproj]
C:\UserWorx\VSWorx\ServoStudio\wpfui-servoStudio\samples\Wpf.Ui.servoStudio\ViewModels\DashboardViewModel.cs(133,9): warning IDE0011: 鍚?鈥渋f鈥?璇彞娣诲姞澶ф嫭鍙枫€?(https://learn.microsoft.com/dotnet/fundamentals/code-analysis/style-rules/ide0011) [C:\UserWorx\VSWorx\ServoStudio\wpfui-servoStudio\samples\Wpf.Ui.servoStudio\servoStudio.csproj]
C:\UserWorx\VSWorx\ServoStudio\wpfui-servoStudio\samples\Wpf.Ui.servoStudio\ViewModels\DashboardViewModel.cs(134,9): warning IDE0011: 鍚?鈥渋f鈥?璇彞娣诲姞澶ф嫭鍙枫€?(https://learn.microsoft.com/dotnet/fundamentals/code-analysis/style-rules/ide0011) [C:\UserWorx\VSWorx\ServoStudio\wpfui-servoStudio\samples\Wpf.Ui.servoStudio\servoStudio.csproj]
C:\UserWorx\VSWorx\ServoStudio\wpfui-servoStudio\samples\Wpf.Ui.servoStudio\ViewModels\DashboardViewModel.cs(135,9): warning IDE0011: 鍚?鈥渋f鈥?璇彞娣诲姞澶ф嫭鍙枫€?(https://learn.microsoft.com/dotnet/fundamentals/code-analysis/style-rules/ide0011) [C:\UserWorx\VSWorx\ServoStudio\wpfui-servoStudio\samples\Wpf.Ui.servoStudio\servoStudio.csproj]
C:\UserWorx\VSWorx\ServoStudio\wpfui-servoStudio\samples\Wpf.Ui.servoStudio\ViewModels\DashboardViewModel.cs(136,9): warning IDE0011: 鍚?鈥渋f鈥?璇彞娣诲姞澶ф嫭鍙枫€?(https://learn.microsoft.com/dotnet/fundamentals/code-analysis/style-rules/ide0011) [C:\UserWorx\VSWorx\ServoStudio\wpfui-servoStudio\samples\Wpf.Ui.servoStudio\servoStudio.csproj]
C:\UserWorx\VSWorx\ServoStudio\wpfui-servoStudio\samples\Wpf.Ui.servoStudio\ViewModels\DashboardViewModel.cs(137,9): warning IDE0011: 鍚?鈥渋f鈥?璇彞娣诲姞澶ф嫭鍙枫€?(https://learn.microsoft.com/dotnet/fundamentals/code-analysis/style-rules/ide0011) [C:\UserWorx\VSWorx\ServoStudio\wpfui-servoStudio\samples\Wpf.Ui.servoStudio\servoStudio.csproj]
C:\UserWorx\VSWorx\ServoStudio\wpfui-servoStudio\samples\Wpf.Ui.servoStudio\ViewModels\DashboardViewModel.cs(138,9): warning IDE0011: 鍚?鈥渋f鈥?璇彞娣诲姞澶ф嫭鍙枫€?(https://learn.microsoft.com/dotnet/fundamentals/code-analysis/style-rules/ide0011) [C:\UserWorx\VSWorx\ServoStudio\wpfui-servoStudio\samples\Wpf.Ui.servoStudio\servoStudio.csproj]
C:\UserWorx\VSWorx\ServoStudio\wpfui-servoStudio\samples\Wpf.Ui.servoStudio\ViewModels\DashboardViewModel.cs(139,9): warning IDE0011: 鍚?鈥渋f鈥?璇彞娣诲姞澶ф嫭鍙枫€?(https://learn.microsoft.com/dotnet/fundamentals/code-analysis/style-rules/ide0011) [C:\UserWorx\VSWorx\ServoStudio\wpfui-servoStudio\samples\Wpf.Ui.servoStudio\servoStudio.csproj]
C:\UserWorx\VSWorx\ServoStudio\wpfui-servoStudio\samples\Wpf.Ui.servoStudio\ViewModels\DashboardViewModel.cs(140,9): warning IDE0011: 鍚?鈥渋f鈥?璇彞娣诲姞澶ф嫭鍙枫€?(https://learn.microsoft.com/dotnet/fundamentals/code-analysis/style-rules/ide0011) [C:\UserWorx\VSWorx\ServoStudio\wpfui-servoStudio\samples\Wpf.Ui.servoStudio\servoStudio.csproj]
C:\UserWorx\VSWorx\ServoStudio\wpfui-servoStudio\samples\Wpf.Ui.servoStudio\ViewModels\DashboardViewModel.cs(141,9): warning IDE0011: 鍚?鈥渋f鈥?璇彞娣诲姞澶ф嫭鍙枫€?(https://learn.microsoft.com/dotnet/fundamentals/code-analysis/style-rules/ide0011) [C:\UserWorx\VSWorx\ServoStudio\wpfui-servoStudio\samples\Wpf.Ui.servoStudio\servoStudio.csproj]
C:\UserWorx\VSWorx\ServoStudio\wpfui-servoStudio\samples\Wpf.Ui.servoStudio\ViewModels\DashboardViewModel.cs(142,9): warning IDE0011: 鍚?鈥渋f鈥?璇彞娣诲姞澶ф嫭鍙枫€?(https://learn.microsoft.com/dotnet/fundamentals/code-analysis/style-rules/ide0011) [C:\UserWorx\VSWorx\ServoStudio\wpfui-servoStudio\samples\Wpf.Ui.servoStudio\servoStudio.csproj]
C:\UserWorx\VSWorx\ServoStudio\wpfui-servoStudio\samples\Wpf.Ui.servoStudio\ViewModels\DashboardViewModel.cs(119,9): warning IDE0008: 鐢ㄦ樉寮忕被鍨嬩唬鏇?"var" (https://learn.microsoft.com/dotnet/fundamentals/code-analysis/style-rules/ide0008) [C:\UserWorx\VSWorx\ServoStudio\wpfui-servoStudio\samples\Wpf.Ui.servoStudio\servoStudio.csproj]
C:\UserWorx\VSWorx\ServoStudio\wpfui-servoStudio\samples\Wpf.Ui.servoStudio\ViewModels\DashboardViewModel.cs(120,9): warning IDE0008: 鐢ㄦ樉寮忕被鍨嬩唬鏇?"var" (https://learn.microsoft.com/dotnet/fundamentals/code-analysis/style-rules/ide0008) [C:\UserWorx\VSWorx\ServoStudio\wpfui-servoStudio\samples\Wpf.Ui.servoStudio\servoStudio.csproj]
C:\UserWorx\VSWorx\ServoStudio\wpfui-servoStudio\samples\Wpf.Ui.servoStudio\Services\LiveDiag.cs(76,9): warning IDE0008: 鐢ㄦ樉寮忕被鍨嬩唬鏇?"var" (https://learn.microsoft.com/dotnet/fundamentals/code-analysis/style-rules/ide0008) [C:\UserWorx\VSWorx\ServoStudio\wpfui-servoStudio\samples\Wpf.Ui.servoStudio\servoStudio.csproj]
C:\UserWorx\VSWorx\ServoStudio\wpfui-servoStudio\samples\Wpf.Ui.servoStudio\ViewModels\DeviceSet\DeviceAddViewModel.cs(730,9): warning IDE0011: 鍚?鈥渇or鈥?璇彞娣诲姞澶ф嫭鍙枫€?(https://learn.microsoft.com/dotnet/fundamentals/code-analysis/style-rules/ide0011) [C:\UserWorx\VSWorx\ServoStudio\wpfui-servoStudio\samples\Wpf.Ui.servoStudio\servoStudio.csproj]
C:\UserWorx\VSWorx\ServoStudio\wpfui-servoStudio\samples\Wpf.Ui.servoStudio\ViewModels\DeviceSet\DeviceAddViewModel.cs(732,9): warning IDE0011: 鍚?鈥渇or鈥?璇彞娣诲姞澶ф嫭鍙枫€?(https://learn.microsoft.com/dotnet/fundamentals/code-analysis/style-rules/ide0011) [C:\UserWorx\VSWorx\ServoStudio\wpfui-servoStudio\samples\Wpf.Ui.servoStudio\servoStudio.csproj]
C:\UserWorx\VSWorx\ServoStudio\wpfui-servoStudio\samples\Wpf.Ui.servoStudio\ViewModels\DeviceSet\DeviceAddViewModel.cs(735,9): warning IDE0011: 鍚?鈥渋f鈥?璇彞娣诲姞澶ф嫭鍙枫€?(https://learn.microsoft.com/dotnet/fundamentals/code-analysis/style-rules/ide0011) [C:\UserWorx\VSWorx\ServoStudio\wpfui-servoStudio\samples\Wpf.Ui.servoStudio\servoStudio.csproj]
C:\UserWorx\VSWorx\ServoStudio\wpfui-servoStudio\samples\Wpf.Ui.servoStudio\ViewModels\DeviceSet\DeviceAddViewModel.cs(736,9): warning IDE0011: 鍚?鈥渋f鈥?璇彞娣诲姞澶ф嫭鍙枫€?(https://learn.microsoft.com/dotnet/fundamentals/code-analysis/style-rules/ide0011) [C:\UserWorx\VSWorx\ServoStudio\wpfui-servoStudio\samples\Wpf.Ui.servoStudio\servoStudio.csproj]
C:\UserWorx\VSWorx\ServoStudio\wpfui-servoStudio\samples\Wpf.Ui.servoStudio\ViewModels\Hardware\MotorViewModel.cs(207,64): warning IDE0055: 淇鏍煎紡 (https://learn.microsoft.com/dotnet/fundamentals/code-analysis/style-rules/ide0055) [C:\UserWorx\VSWorx\ServoStudio\wpfui-servoStudio\samples\Wpf.Ui.servoStudio\servoStudio.csproj]
C:\UserWorx\VSWorx\ServoStudio\wpfui-servoStudio\samples\Wpf.Ui.servoStudio\ViewModels\Hardware\MotorViewModel.cs(273,47): warning IDE0055: 淇鏍煎紡 (https://learn.microsoft.com/dotnet/fundamentals/code-analysis/style-rules/ide0055) [C:\UserWorx\VSWorx\ServoStudio\wpfui-servoStudio\samples\Wpf.Ui.servoStudio\servoStudio.csproj]
C:\UserWorx\VSWorx\ServoStudio\wpfui-servoStudio\samples\Wpf.Ui.servoStudio\Views\Pages\AppDataPages\DataViewPage.xaml.cs(40,9): warning IDE0008: 鐢ㄦ樉寮忕被鍨嬩唬鏇?"var" (https://learn.microsoft.com/dotnet/fundamentals/code-analysis/style-rules/ide0008) [C:\UserWorx\VSWorx\ServoStudio\wpfui-servoStudio\samples\Wpf.Ui.servoStudio\servoStudio.csproj]
C:\UserWorx\VSWorx\ServoStudio\wpfui-servoStudio\samples\Wpf.Ui.servoStudio\Views\Pages\AppDataPages\DataViewPage.xaml.cs(50,9): warning IDE0058: 姘歌繙涓嶄細浣跨敤琛ㄨ揪寮忓€?(https://learn.microsoft.com/dotnet/fundamentals/code-analysis/style-rules/ide0058) [C:\UserWorx\VSWorx\ServoStudio\wpfui-servoStudio\samples\Wpf.Ui.servoStudio\servoStudio.csproj]
C:\UserWorx\VSWorx\ServoStudio\wpfui-servoStudio\samples\Wpf.Ui.servoStudio\ViewModels\Hardware\StoConfigViewModel.cs(103,44): warning IDE0055: 淇鏍煎紡 (https://learn.microsoft.com/dotnet/fundamentals/code-analysis/style-rules/ide0055) [C:\UserWorx\VSWorx\ServoStudio\wpfui-servoStudio\samples\Wpf.Ui.servoStudio\servoStudio.csproj]
C:\UserWorx\VSWorx\ServoStudio\wpfui-servoStudio\samples\Wpf.Ui.servoStudio\ViewModels\Hardware\StoConfigViewModel.cs(103,46): warning IDE0055: 淇鏍煎紡 (https://learn.microsoft.com/dotnet/fundamentals/code-analysis/style-rules/ide0055) [C:\UserWorx\VSWorx\ServoStudio\wpfui-servoStudio\samples\Wpf.Ui.servoStudio\servoStudio.csproj]
C:\UserWorx\VSWorx\ServoStudio\wpfui-servoStudio\samples\Wpf.Ui.servoStudio\ViewModels\Hardware\StoConfigViewModel.cs(103,68): warning IDE0055: 淇鏍煎紡 (https://learn.microsoft.com/dotnet/fundamentals/code-analysis/style-rules/ide0055) [C:\UserWorx\VSWorx\ServoStudio\wpfui-servoStudio\samples\Wpf.Ui.servoStudio\servoStudio.csproj]
C:\UserWorx\VSWorx\ServoStudio\wpfui-servoStudio\samples\Wpf.Ui.servoStudio\ViewModels\Hardware\StoConfigViewModel.cs(103,76): warning IDE0055: 淇鏍煎紡 (https://learn.microsoft.com/dotnet/fundamentals/code-analysis/style-rules/ide0055) [C:\UserWorx\VSWorx\ServoStudio\wpfui-servoStudio\samples\Wpf.Ui.servoStudio\servoStudio.csproj]
C:\UserWorx\VSWorx\ServoStudio\wpfui-servoStudio\samples\Wpf.Ui.servoStudio\ViewModels\Hardware\StoConfigViewModel.cs(108,84): warning IDE0055: 淇鏍煎紡 (https://learn.microsoft.com/dotnet/fundamentals/code-analysis/style-rules/ide0055) [C:\UserWorx\VSWorx\ServoStudio\wpfui-servoStudio\samples\Wpf.Ui.servoStudio\servoStudio.csproj]
C:\UserWorx\VSWorx\ServoStudio\wpfui-servoStudio\samples\Wpf.Ui.servoStudio\ViewModels\Hardware\StoConfigViewModel.cs(109,84): warning IDE0055: 淇鏍煎紡 (https://learn.microsoft.com/dotnet/fundamentals/code-analysis/style-rules/ide0055) [C:\UserWorx\VSWorx\ServoStudio\wpfui-servoStudio\samples\Wpf.Ui.servoStudio\servoStudio.csproj]
C:\UserWorx\VSWorx\ServoStudio\wpfui-servoStudio\samples\Wpf.Ui.servoStudio\ViewModels\Hardware\StoConfigViewModel.cs(110,80): warning IDE0055: 淇鏍煎紡 (https://learn.microsoft.com/dotnet/fundamentals/code-analysis/style-rules/ide0055) [C:\UserWorx\VSWorx\ServoStudio\wpfui-servoStudio\samples\Wpf.Ui.servoStudio\servoStudio.csproj]
C:\UserWorx\VSWorx\ServoStudio\wpfui-servoStudio\samples\Wpf.Ui.servoStudio\ViewModels\Hardware\StoConfigViewModel.cs(111,86): warning IDE0055: 淇鏍煎紡 (https://learn.microsoft.com/dotnet/fundamentals/code-analysis/style-rules/ide0055) [C:\UserWorx\VSWorx\ServoStudio\wpfui-servoStudio\samples\Wpf.Ui.servoStudio\servoStudio.csproj]
C:\UserWorx\VSWorx\ServoStudio\wpfui-servoStudio\samples\Wpf.Ui.servoStudio\ViewModels\Hardware\StoConfigViewModel.cs(112,82): warning IDE0055: 淇鏍煎紡 (https://learn.microsoft.com/dotnet/fundamentals/code-analysis/style-rules/ide0055) [C:\UserWorx\VSWorx\ServoStudio\wpfui-servoStudio\samples\Wpf.Ui.servoStudio\servoStudio.csproj]
C:\UserWorx\VSWorx\ServoStudio\wpfui-servoStudio\samples\Wpf.Ui.servoStudio\ViewModels\Hardware\StoConfigViewModel.cs(113,82): warning IDE0055: 淇鏍煎紡 (https://learn.microsoft.com/dotnet/fundamentals/code-analysis/style-rules/ide0055) [C:\UserWorx\VSWorx\ServoStudio\wpfui-servoStudio\samples\Wpf.Ui.servoStudio\servoStudio.csproj]
C:\UserWorx\VSWorx\ServoStudio\wpfui-servoStudio\samples\Wpf.Ui.servoStudio\ViewModels\Hardware\StoConfigViewModel.cs(114,82): warning IDE0055: 淇鏍煎紡 (https://learn.microsoft.com/dotnet/fundamentals/code-analysis/style-rules/ide0055) [C:\UserWorx\VSWorx\ServoStudio\wpfui-servoStudio\samples\Wpf.Ui.servoStudio\servoStudio.csproj]
C:\UserWorx\VSWorx\ServoStudio\wpfui-servoStudio\samples\Wpf.Ui.servoStudio\ViewModels\Hardware\StoConfigViewModel.cs(120,20): warning IDE0055: 淇鏍煎紡 (https://learn.microsoft.com/dotnet/fundamentals/code-analysis/style-rules/ide0055) [C:\UserWorx\VSWorx\ServoStudio\wpfui-servoStudio\samples\Wpf.Ui.servoStudio\servoStudio.csproj]
C:\UserWorx\VSWorx\ServoStudio\wpfui-servoStudio\samples\Wpf.Ui.servoStudio\ViewModels\Hardware\StoConfigViewModel.cs(121,20): warning IDE0055: 淇鏍煎紡 (https://learn.microsoft.com/dotnet/fundamentals/code-analysis/style-rules/ide0055) [C:\UserWorx\VSWorx\ServoStudio\wpfui-servoStudio\samples\Wpf.Ui.servoStudio\servoStudio.csproj]
C:\UserWorx\VSWorx\ServoStudio\wpfui-servoStudio\samples\Wpf.Ui.servoStudio\ViewModels\Hardware\StoConfigViewModel.cs(124,12): warning IDE0055: 淇鏍煎紡 (https://learn.microsoft.com/dotnet/fundamentals/code-analysis/style-rules/ide0055) [C:\UserWorx\VSWorx\ServoStudio\wpfui-servoStudio\samples\Wpf.Ui.servoStudio\servoStudio.csproj]
C:\UserWorx\VSWorx\ServoStudio\wpfui-servoStudio\samples\Wpf.Ui.servoStudio\ViewModels\Hardware\StoConfigViewModel.cs(126,116): warning IDE0055: 淇鏍煎紡 (https://learn.microsoft.com/dotnet/fundamentals/code-analysis/style-rules/ide0055) [C:\UserWorx\VSWorx\ServoStudio\wpfui-servoStudio\samples\Wpf.Ui.servoStudio\servoStudio.csproj]
C:\UserWorx\VSWorx\ServoStudio\wpfui-servoStudio\samples\Wpf.Ui.servoStudio\ViewModels\Hardware\StoConfigViewModel.cs(127,116): warning IDE0055: 淇鏍煎紡 (https://learn.microsoft.com/dotnet/fundamentals/code-analysis/style-rules/ide0055) [C:\UserWorx\VSWorx\ServoStudio\wpfui-servoStudio\samples\Wpf.Ui.servoStudio\servoStudio.csproj]
C:\UserWorx\VSWorx\ServoStudio\wpfui-servoStudio\samples\Wpf.Ui.servoStudio\ViewModels\Hardware\StoConfigViewModel.cs(137,44): warning IDE0055: 淇鏍煎紡 (https://learn.microsoft.com/dotnet/fundamentals/code-analysis/style-rules/ide0055) [C:\UserWorx\VSWorx\ServoStudio\wpfui-servoStudio\samples\Wpf.Ui.servoStudio\servoStudio.csproj]
C:\UserWorx\VSWorx\ServoStudio\wpfui-servoStudio\samples\Wpf.Ui.servoStudio\ViewModels\Hardware\StoConfigViewModel.cs(137,46): warning IDE0055: 淇鏍煎紡 (https://learn.microsoft.com/dotnet/fundamentals/code-analysis/style-rules/ide0055) [C:\UserWorx\VSWorx\ServoStudio\wpfui-servoStudio\samples\Wpf.Ui.servoStudio\servoStudio.csproj]
C:\UserWorx\VSWorx\ServoStudio\wpfui-servoStudio\samples\Wpf.Ui.servoStudio\ViewModels\Hardware\StoConfigViewModel.cs(137,68): warning IDE0055: 淇鏍煎紡 (https://learn.microsoft.com/dotnet/fundamentals/code-analysis/style-rules/ide0055) [C:\UserWorx\VSWorx\ServoStudio\wpfui-servoStudio\samples\Wpf.Ui.servoStudio\servoStudio.csproj]
C:\UserWorx\VSWorx\ServoStudio\wpfui-servoStudio\samples\Wpf.Ui.servoStudio\ViewModels\Hardware\StoConfigViewModel.cs(137,76): warning IDE0055: 淇鏍煎紡 (https://learn.microsoft.com/dotnet/fundamentals/code-analysis/style-rules/ide0055) [C:\UserWorx\VSWorx\ServoStudio\wpfui-servoStudio\samples\Wpf.Ui.servoStudio\servoStudio.csproj]
C:\UserWorx\VSWorx\ServoStudio\wpfui-servoStudio\samples\Wpf.Ui.servoStudio\ViewModels\Hardware\StoConfigViewModel.cs(141,83): warning IDE0055: 淇鏍煎紡 (https://learn.microsoft.com/dotnet/fundamentals/code-analysis/style-rules/ide0055) [C:\UserWorx\VSWorx\ServoStudio\wpfui-servoStudio\samples\Wpf.Ui.servoStudio\servoStudio.csproj]
C:\UserWorx\VSWorx\ServoStudio\wpfui-servoStudio\samples\Wpf.Ui.servoStudio\ViewModels\Hardware\StoConfigViewModel.cs(142,79): warning IDE0055: 淇鏍煎紡 (https://learn.microsoft.com/dotnet/fundamentals/code-analysis/style-rules/ide0055) [C:\UserWorx\VSWorx\ServoStudio\wpfui-servoStudio\samples\Wpf.Ui.servoStudio\servoStudio.csproj]
C:\UserWorx\VSWorx\ServoStudio\wpfui-servoStudio\samples\Wpf.Ui.servoStudio\ViewModels\Hardware\StoConfigViewModel.cs(144,85): warning IDE0055: 淇鏍煎紡 (https://learn.microsoft.com/dotnet/fundamentals/code-analysis/style-rules/ide0055) [C:\UserWorx\VSWorx\ServoStudio\wpfui-servoStudio\samples\Wpf.Ui.servoStudio\servoStudio.csproj]
C:\UserWorx\VSWorx\ServoStudio\wpfui-servoStudio\samples\Wpf.Ui.servoStudio\ViewModels\Hardware\StoConfigViewModel.cs(145,81): warning IDE0055: 淇鏍煎紡 (https://learn.microsoft.com/dotnet/fundamentals/code-analysis/style-rules/ide0055) [C:\UserWorx\VSWorx\ServoStudio\wpfui-servoStudio\samples\Wpf.Ui.servoStudio\servoStudio.csproj]
C:\UserWorx\VSWorx\ServoStudio\wpfui-servoStudio\samples\Wpf.Ui.servoStudio\ViewModels\Hardware\StoConfigViewModel.cs(146,81): warning IDE0055: 淇鏍煎紡 (https://learn.microsoft.com/dotnet/fundamentals/code-analysis/style-rules/ide0055) [C:\UserWorx\VSWorx\ServoStudio\wpfui-servoStudio\samples\Wpf.Ui.servoStudio\servoStudio.csproj]
C:\UserWorx\VSWorx\ServoStudio\wpfui-servoStudio\samples\Wpf.Ui.servoStudio\ViewModels\Hardware\StoConfigViewModel.cs(147,81): warning IDE0055: 淇鏍煎紡 (https://learn.microsoft.com/dotnet/fundamentals/code-analysis/style-rules/ide0055) [C:\UserWorx\VSWorx\ServoStudio\wpfui-servoStudio\samples\Wpf.Ui.servoStudio\servoStudio.csproj]
C:\UserWorx\VSWorx\ServoStudio\wpfui-servoStudio\samples\Wpf.Ui.servoStudio\ViewModels\Hardware\MotorViewModel.cs(207,9): warning IDE0011: 鍚?鈥渋f鈥?璇彞娣诲姞澶ф嫭鍙枫€?(https://learn.microsoft.com/dotnet/fundamentals/code-analysis/style-rules/ide0011) [C:\UserWorx\VSWorx\ServoStudio\wpfui-servoStudio\samples\Wpf.Ui.servoStudio\servoStudio.csproj]
C:\UserWorx\VSWorx\ServoStudio\wpfui-servoStudio\samples\Wpf.Ui.servoStudio\ViewModels\ControlViewModel.cs(161,13): warning IDE0011: 鍚?鈥渋f鈥?璇彞娣诲姞澶ф嫭鍙枫€?(https://learn.microsoft.com/dotnet/fundamentals/code-analysis/style-rules/ide0011) [C:\UserWorx\VSWorx\ServoStudio\wpfui-servoStudio\samples\Wpf.Ui.servoStudio\servoStudio.csproj]
C:\UserWorx\VSWorx\ServoStudio\wpfui-servoStudio\samples\Wpf.Ui.servoStudio\ViewModels\ControlViewModel.cs(167,9): warning IDE0011: 鍚?鈥渋f鈥?璇彞娣诲姞澶ф嫭鍙枫€?(https://learn.microsoft.com/dotnet/fundamentals/code-analysis/style-rules/ide0011) [C:\UserWorx\VSWorx\ServoStudio\wpfui-servoStudio\samples\Wpf.Ui.servoStudio\servoStudio.csproj]
C:\UserWorx\VSWorx\ServoStudio\wpfui-servoStudio\samples\Wpf.Ui.servoStudio\ViewModels\ControlViewModel.cs(172,9): warning IDE0011: 鍚?鈥渋f鈥?璇彞娣诲姞澶ф嫭鍙枫€?(https://learn.microsoft.com/dotnet/fundamentals/code-analysis/style-rules/ide0011) [C:\UserWorx\VSWorx\ServoStudio\wpfui-servoStudio\samples\Wpf.Ui.servoStudio\servoStudio.csproj]
C:\UserWorx\VSWorx\ServoStudio\wpfui-servoStudio\samples\Wpf.Ui.servoStudio\ViewModels\ControlViewModel.cs(177,9): warning IDE0011: 鍚?鈥渋f鈥?璇彞娣诲姞澶ф嫭鍙枫€?(https://learn.microsoft.com/dotnet/fundamentals/code-analysis/style-rules/ide0011) [C:\UserWorx\VSWorx\ServoStudio\wpfui-servoStudio\samples\Wpf.Ui.servoStudio\servoStudio.csproj]
C:\UserWorx\VSWorx\ServoStudio\wpfui-servoStudio\samples\Wpf.Ui.servoStudio\ViewModels\HomeViewModel.cs(17,40): warning IDE0055: 淇鏍煎紡 (https://learn.microsoft.com/dotnet/fundamentals/code-analysis/style-rules/ide0055) [C:\UserWorx\VSWorx\ServoStudio\wpfui-servoStudio\samples\Wpf.Ui.servoStudio\servoStudio.csproj]
C:\UserWorx\VSWorx\ServoStudio\wpfui-servoStudio\samples\Wpf.Ui.servoStudio\ViewModels\HomeViewModel.cs(17,42): warning IDE0055: 淇鏍煎紡 (https://learn.microsoft.com/dotnet/fundamentals/code-analysis/style-rules/ide0055) [C:\UserWorx\VSWorx\ServoStudio\wpfui-servoStudio\samples\Wpf.Ui.servoStudio\servoStudio.csproj]
C:\UserWorx\VSWorx\ServoStudio\wpfui-servoStudio\samples\Wpf.Ui.servoStudio\ViewModels\HomeViewModel.cs(17,47): warning IDE0055: 淇鏍煎紡 (https://learn.microsoft.com/dotnet/fundamentals/code-analysis/style-rules/ide0055) [C:\UserWorx\VSWorx\ServoStudio\wpfui-servoStudio\samples\Wpf.Ui.servoStudio\servoStudio.csproj]
C:\UserWorx\VSWorx\ServoStudio\wpfui-servoStudio\samples\Wpf.Ui.servoStudio\ViewModels\AppData\PidAdjustViewModel.cs(320,21): warning IDE0011: 鍚?鈥渋f鈥?璇彞娣诲姞澶ф嫭鍙枫€?(https://learn.microsoft.com/dotnet/fundamentals/code-analysis/style-rules/ide0011) [C:\UserWorx\VSWorx\ServoStudio\wpfui-servoStudio\samples\Wpf.Ui.servoStudio\servoStudio.csproj]
C:\UserWorx\VSWorx\ServoStudio\wpfui-servoStudio\samples\Wpf.Ui.servoStudio\ViewModels\AppData\PidAdjustViewModel.cs(323,21): warning IDE0011: 鍚?鈥渋f鈥?璇彞娣诲姞澶ф嫭鍙枫€?(https://learn.microsoft.com/dotnet/fundamentals/code-analysis/style-rules/ide0011) [C:\UserWorx\VSWorx\ServoStudio\wpfui-servoStudio\samples\Wpf.Ui.servoStudio\servoStudio.csproj]
C:\UserWorx\VSWorx\ServoStudio\wpfui-servoStudio\samples\Wpf.Ui.servoStudio\Services\LiveDiag.cs(112,18): warning IDE0008: 鐢ㄦ樉寮忕被鍨嬩唬鏇?"var" (https://learn.microsoft.com/dotnet/fundamentals/code-analysis/style-rules/ide0008) [C:\UserWorx\VSWorx\ServoStudio\wpfui-servoStudio\samples\Wpf.Ui.servoStudio\servoStudio.csproj]
C:\UserWorx\VSWorx\ServoStudio\wpfui-servoStudio\samples\Wpf.Ui.servoStudio\Services\LiveDiag.cs(114,13): warning IDE0008: 鐢ㄦ樉寮忕被鍨嬩唬鏇?"var" (https://learn.microsoft.com/dotnet/fundamentals/code-analysis/style-rules/ide0008) [C:\UserWorx\VSWorx\ServoStudio\wpfui-servoStudio\samples\Wpf.Ui.servoStudio\servoStudio.csproj]
C:\UserWorx\VSWorx\ServoStudio\wpfui-servoStudio\samples\Wpf.Ui.servoStudio\ViewModels\Factory\FrameFormatEditorViewModel.cs(274,13): warning IDE0011: 鍚?鈥渋f鈥?璇彞娣诲姞澶ф嫭鍙枫€?(https://learn.microsoft.com/dotnet/fundamentals/code-analysis/style-rules/ide0011) [C:\UserWorx\VSWorx\ServoStudio\wpfui-servoStudio\samples\Wpf.Ui.servoStudio\servoStudio.csproj]
C:\UserWorx\VSWorx\ServoStudio\wpfui-servoStudio\samples\Wpf.Ui.servoStudio\ViewModels\Factory\FrameFormatEditorViewModel.cs(278,13): warning IDE0011: 鍚?鈥渋f鈥?璇彞娣诲姞澶ф嫭鍙枫€?(https://learn.microsoft.com/dotnet/fundamentals/code-analysis/style-rules/ide0011) [C:\UserWorx\VSWorx\ServoStudio\wpfui-servoStudio\samples\Wpf.Ui.servoStudio\servoStudio.csproj]
C:\UserWorx\VSWorx\ServoStudio\wpfui-servoStudio\samples\Wpf.Ui.servoStudio\ViewModels\DeviceSet\DeviceAddViewModel.cs(810,13): warning IDE0008: 鐢ㄦ樉寮忕被鍨嬩唬鏇?"var" (https://learn.microsoft.com/dotnet/fundamentals/code-analysis/style-rules/ide0008) [C:\UserWorx\VSWorx\ServoStudio\wpfui-servoStudio\samples\Wpf.Ui.servoStudio\servoStudio.csproj]
C:\UserWorx\VSWorx\ServoStudio\wpfui-servoStudio\samples\Wpf.Ui.servoStudio\ViewModels\Factory\FrameFormatEditorViewModel.cs(272,13): warning IDE0008: 鐢ㄦ樉寮忕被鍨嬩唬鏇?"var" (https://learn.microsoft.com/dotnet/fundamentals/code-analysis/style-rules/ide0008) [C:\UserWorx\VSWorx\ServoStudio\wpfui-servoStudio\samples\Wpf.Ui.servoStudio\servoStudio.csproj]
C:\UserWorx\VSWorx\ServoStudio\wpfui-servoStudio\samples\Wpf.Ui.servoStudio\ViewModels\Factory\FrameFormatEditorViewModel.cs(276,13): warning IDE0008: 鐢ㄦ樉寮忕被鍨嬩唬鏇?"var" (https://learn.microsoft.com/dotnet/fundamentals/code-analysis/style-rules/ide0008) [C:\UserWorx\VSWorx\ServoStudio\wpfui-servoStudio\samples\Wpf.Ui.servoStudio\servoStudio.csproj]
C:\UserWorx\VSWorx\ServoStudio\wpfui-servoStudio\samples\Wpf.Ui.servoStudio\Services\LiveDiag.cs(110,9): warning IDE0058: 姘歌繙涓嶄細浣跨敤琛ㄨ揪寮忓€?(https://learn.microsoft.com/dotnet/fundamentals/code-analysis/style-rules/ide0058) [C:\UserWorx\VSWorx\ServoStudio\wpfui-servoStudio\samples\Wpf.Ui.servoStudio\servoStudio.csproj]
C:\UserWorx\VSWorx\ServoStudio\wpfui-servoStudio\samples\Wpf.Ui.servoStudio\Services\LiveDiag.cs(121,17): warning IDE0058: 姘歌繙涓嶄細浣跨敤琛ㄨ揪寮忓€?(https://learn.microsoft.com/dotnet/fundamentals/code-analysis/style-rules/ide0058) [C:\UserWorx\VSWorx\ServoStudio\wpfui-servoStudio\samples\Wpf.Ui.servoStudio\servoStudio.csproj]
C:\UserWorx\VSWorx\ServoStudio\wpfui-servoStudio\samples\Wpf.Ui.servoStudio\Services\LiveDiag.cs(124,13): warning IDE0058: 姘歌繙涓嶄細浣跨敤琛ㄨ揪寮忓€?(https://learn.microsoft.com/dotnet/fundamentals/code-analysis/style-rules/ide0058) [C:\UserWorx\VSWorx\ServoStudio\wpfui-servoStudio\samples\Wpf.Ui.servoStudio\servoStudio.csproj]
C:\UserWorx\VSWorx\ServoStudio\wpfui-servoStudio\samples\Wpf.Ui.servoStudio\Services\LiveDiag.cs(128,17): warning IDE0058: 姘歌繙涓嶄細浣跨敤琛ㄨ揪寮忓€?(https://learn.microsoft.com/dotnet/fundamentals/code-analysis/style-rules/ide0058) [C:\UserWorx\VSWorx\ServoStudio\wpfui-servoStudio\samples\Wpf.Ui.servoStudio\servoStudio.csproj]
C:\UserWorx\VSWorx\ServoStudio\wpfui-servoStudio\samples\Wpf.Ui.servoStudio\Services\LiveDiag.cs(133,13): warning IDE0058: 姘歌繙涓嶄細浣跨敤琛ㄨ揪寮忓€?(https://learn.microsoft.com/dotnet/fundamentals/code-analysis/style-rules/ide0058) [C:\UserWorx\VSWorx\ServoStudio\wpfui-servoStudio\samples\Wpf.Ui.servoStudio\servoStudio.csproj]
C:\UserWorx\VSWorx\ServoStudio\wpfui-servoStudio\samples\Wpf.Ui.servoStudio\Services\LiveDiag.cs(139,9): warning IDE0058: 姘歌繙涓嶄細浣跨敤琛ㄨ揪寮忓€?(https://learn.microsoft.com/dotnet/fundamentals/code-analysis/style-rules/ide0058) [C:\UserWorx\VSWorx\ServoStudio\wpfui-servoStudio\samples\Wpf.Ui.servoStudio\servoStudio.csproj]
C:\UserWorx\VSWorx\ServoStudio\wpfui-servoStudio\samples\Wpf.Ui.servoStudio\ViewModels\Factory\FrameFormatEditorViewModel.cs(289,13): warning IDE0011: 鍚?鈥渋f鈥?璇彞娣诲姞澶ф嫭鍙枫€?(https://learn.microsoft.com/dotnet/fundamentals/code-analysis/style-rules/ide0011) [C:\UserWorx\VSWorx\ServoStudio\wpfui-servoStudio\samples\Wpf.Ui.servoStudio\servoStudio.csproj]
C:\UserWorx\VSWorx\ServoStudio\wpfui-servoStudio\samples\Wpf.Ui.servoStudio\ViewModels\Factory\FrameFormatEditorViewModel.cs(290,13): warning IDE0011: 鍚?鈥渋f鈥?璇彞娣诲姞澶ф嫭鍙枫€?(https://learn.microsoft.com/dotnet/fundamentals/code-analysis/style-rules/ide0011) [C:\UserWorx\VSWorx\ServoStudio\wpfui-servoStudio\samples\Wpf.Ui.servoStudio\servoStudio.csproj]
C:\UserWorx\VSWorx\ServoStudio\wpfui-servoStudio\samples\Wpf.Ui.servoStudio\ViewModels\Factory\FrameFormatEditorViewModel.cs(290,33): warning IDE0058: 姘歌繙涓嶄細浣跨敤琛ㄨ揪寮忓€?(https://learn.microsoft.com/dotnet/fundamentals/code-analysis/style-rules/ide0058) [C:\UserWorx\VSWorx\ServoStudio\wpfui-servoStudio\samples\Wpf.Ui.servoStudio\servoStudio.csproj]
C:\UserWorx\VSWorx\ServoStudio\wpfui-servoStudio\samples\Wpf.Ui.servoStudio\Views\Pages\AppDataPages\DataViewPage.xaml.cs(205,9): warning IDE0008: 鐢ㄦ樉寮忕被鍨嬩唬鏇?"var" (https://learn.microsoft.com/dotnet/fundamentals/code-analysis/style-rules/ide0008) [C:\UserWorx\VSWorx\ServoStudio\wpfui-servoStudio\samples\Wpf.Ui.servoStudio\servoStudio.csproj]
C:\UserWorx\VSWorx\ServoStudio\wpfui-servoStudio\samples\Wpf.Ui.servoStudio\Views\Pages\AppDataPages\DataViewPage.xaml.cs(211,22): warning IDE0008: 鐢ㄦ樉寮忕被鍨嬩唬鏇?"var" (https://learn.microsoft.com/dotnet/fundamentals/code-analysis/style-rules/ide0008) [C:\UserWorx\VSWorx\ServoStudio\wpfui-servoStudio\samples\Wpf.Ui.servoStudio\servoStudio.csproj]
C:\UserWorx\VSWorx\ServoStudio\wpfui-servoStudio\samples\Wpf.Ui.servoStudio\Views\Pages\AppDataPages\DataViewPage.xaml.cs(242,18): warning IDE0008: 鐢ㄦ樉寮忕被鍨嬩唬鏇?"var" (https://learn.microsoft.com/dotnet/fundamentals/code-analysis/style-rules/ide0008) [C:\UserWorx\VSWorx\ServoStudio\wpfui-servoStudio\samples\Wpf.Ui.servoStudio\servoStudio.csproj]
C:\UserWorx\VSWorx\ServoStudio\wpfui-servoStudio\samples\Wpf.Ui.servoStudio\Views\Pages\AppDataPages\DataViewPage.xaml.cs(248,57): warning IDE0008: 鐢ㄦ樉寮忕被鍨嬩唬鏇?"var" (https://learn.microsoft.com/dotnet/fundamentals/code-analysis/style-rules/ide0008) [C:\UserWorx\VSWorx\ServoStudio\wpfui-servoStudio\samples\Wpf.Ui.servoStudio\servoStudio.csproj]
C:\UserWorx\VSWorx\ServoStudio\wpfui-servoStudio\samples\Wpf.Ui.servoStudio\ViewModels\AppData\PidAdjustViewModel.cs(373,9): warning IDE0011: 鍚?鈥渋f鈥?璇彞娣诲姞澶ф嫭鍙枫€?(https://learn.microsoft.com/dotnet/fundamentals/code-analysis/style-rules/ide0011) [C:\UserWorx\VSWorx\ServoStudio\wpfui-servoStudio\samples\Wpf.Ui.servoStudio\servoStudio.csproj]
C:\UserWorx\VSWorx\ServoStudio\wpfui-servoStudio\samples\Wpf.Ui.servoStudio\ViewModels\Hardware\MotorViewModel.cs(273,9): warning IDE0011: 鍚?鈥渋f鈥?璇彞娣诲姞澶ф嫭鍙枫€?(https://learn.microsoft.com/dotnet/fundamentals/code-analysis/style-rules/ide0011) [C:\UserWorx\VSWorx\ServoStudio\wpfui-servoStudio\samples\Wpf.Ui.servoStudio\servoStudio.csproj]
C:\UserWorx\VSWorx\ServoStudio\wpfui-servoStudio\samples\Wpf.Ui.servoStudio\Core\Sync\WinMmCyclicTimer.cs(76,13): warning IDE0058: 姘歌繙涓嶄細浣跨敤琛ㄨ揪寮忓€?(https://learn.microsoft.com/dotnet/fundamentals/code-analysis/style-rules/ide0058) [C:\UserWorx\VSWorx\ServoStudio\wpfui-servoStudio\samples\Wpf.Ui.servoStudio\servoStudio.csproj]
C:\UserWorx\VSWorx\ServoStudio\wpfui-servoStudio\samples\Wpf.Ui.servoStudio\Core\Sync\WinMmCyclicTimer.cs(77,13): warning IDE0058: 姘歌繙涓嶄細浣跨敤琛ㄨ揪寮忓€?(https://learn.microsoft.com/dotnet/fundamentals/code-analysis/style-rules/ide0058) [C:\UserWorx\VSWorx\ServoStudio\wpfui-servoStudio\samples\Wpf.Ui.servoStudio\servoStudio.csproj]
C:\UserWorx\VSWorx\ServoStudio\wpfui-servoStudio\samples\Wpf.Ui.servoStudio\Core\Sync\WinMmCyclicTimer.cs(78,13): warning IDE0058: 姘歌繙涓嶄細浣跨敤琛ㄨ揪寮忓€?(https://learn.microsoft.com/dotnet/fundamentals/code-analysis/style-rules/ide0058) [C:\UserWorx\VSWorx\ServoStudio\wpfui-servoStudio\samples\Wpf.Ui.servoStudio\servoStudio.csproj]
C:\UserWorx\VSWorx\ServoStudio\wpfui-servoStudio\samples\Wpf.Ui.servoStudio\Views\Pages\AppDataPages\DataViewPage.xaml.cs(284,18): warning IDE0008: 鐢ㄦ樉寮忕被鍨嬩唬鏇?"var" (https://learn.microsoft.com/dotnet/fundamentals/code-analysis/style-rules/ide0008) [C:\UserWorx\VSWorx\ServoStudio\wpfui-servoStudio\samples\Wpf.Ui.servoStudio\servoStudio.csproj]
C:\UserWorx\VSWorx\ServoStudio\wpfui-servoStudio\samples\Wpf.Ui.servoStudio\ViewModels\DeviceSet\DeviceAddViewModel.cs(983,9): warning IDE0011: 鍚?鈥渋f鈥?璇彞娣诲姞澶ф嫭鍙枫€?(https://learn.microsoft.com/dotnet/fundamentals/code-analysis/style-rules/ide0011) [C:\UserWorx\VSWorx\ServoStudio\wpfui-servoStudio\samples\Wpf.Ui.servoStudio\servoStudio.csproj]
C:\UserWorx\VSWorx\ServoStudio\wpfui-servoStudio\samples\Wpf.Ui.servoStudio\ViewModels\DeviceSet\DeviceAddViewModel.cs(988,13): warning IDE0011: 鍚?鈥渋f鈥?璇彞娣诲姞澶ф嫭鍙枫€?(https://learn.microsoft.com/dotnet/fundamentals/code-analysis/style-rules/ide0011) [C:\UserWorx\VSWorx\ServoStudio\wpfui-servoStudio\samples\Wpf.Ui.servoStudio\servoStudio.csproj]
C:\UserWorx\VSWorx\ServoStudio\wpfui-servoStudio\samples\Wpf.Ui.servoStudio\ViewModels\DeviceSet\DeviceAddViewModel.cs(991,13): warning IDE0011: 鍚?鈥渋f鈥?璇彞娣诲姞澶ф嫭鍙枫€?(https://learn.microsoft.com/dotnet/fundamentals/code-analysis/style-rules/ide0011) [C:\UserWorx\VSWorx\ServoStudio\wpfui-servoStudio\samples\Wpf.Ui.servoStudio\servoStudio.csproj]
C:\UserWorx\VSWorx\ServoStudio\wpfui-servoStudio\samples\Wpf.Ui.servoStudio\ViewModels\DeviceSet\DeviceAddViewModel.cs(994,13): warning IDE0011: 鍚?鈥渋f鈥?璇彞娣诲姞澶ф嫭鍙枫€?(https://learn.microsoft.com/dotnet/fundamentals/code-analysis/style-rules/ide0011) [C:\UserWorx\VSWorx\ServoStudio\wpfui-servoStudio\samples\Wpf.Ui.servoStudio\servoStudio.csproj]
C:\UserWorx\VSWorx\ServoStudio\wpfui-servoStudio\samples\Wpf.Ui.servoStudio\ViewModels\DeviceSet\DeviceAddViewModel.cs(999,9): warning IDE0011: 鍚?鈥渋f鈥?璇彞娣诲姞澶ф嫭鍙枫€?(https://learn.microsoft.com/dotnet/fundamentals/code-analysis/style-rules/ide0011) [C:\UserWorx\VSWorx\ServoStudio\wpfui-servoStudio\samples\Wpf.Ui.servoStudio\servoStudio.csproj]
C:\UserWorx\VSWorx\ServoStudio\wpfui-servoStudio\samples\Wpf.Ui.servoStudio\Views\Pages\AppDataPages\DataViewPage.xaml.cs(295,13): warning IDE0008: 鐢ㄦ樉寮忕被鍨嬩唬鏇?"var" (https://learn.microsoft.com/dotnet/fundamentals/code-analysis/style-rules/ide0008) [C:\UserWorx\VSWorx\ServoStudio\wpfui-servoStudio\samples\Wpf.Ui.servoStudio\servoStudio.csproj]
C:\UserWorx\VSWorx\ServoStudio\wpfui-servoStudio\samples\Wpf.Ui.servoStudio\Services\FrameLogBridge.cs(43,9): warning IDE0011: 鍚?鈥渋f鈥?璇彞娣诲姞澶ф嫭鍙枫€?(https://learn.microsoft.com/dotnet/fundamentals/code-analysis/style-rules/ide0011) [C:\UserWorx\VSWorx\ServoStudio\wpfui-servoStudio\samples\Wpf.Ui.servoStudio\servoStudio.csproj]
C:\UserWorx\VSWorx\ServoStudio\wpfui-servoStudio\samples\Wpf.Ui.servoStudio\Services\FrameLogBridge.cs(46,9): warning IDE0011: 鍚?鈥渋f鈥?璇彞娣诲姞澶ф嫭鍙枫€?(https://learn.microsoft.com/dotnet/fundamentals/code-analysis/style-rules/ide0011) [C:\UserWorx\VSWorx\ServoStudio\wpfui-servoStudio\samples\Wpf.Ui.servoStudio\servoStudio.csproj]
C:\UserWorx\VSWorx\ServoStudio\wpfui-servoStudio\samples\Wpf.Ui.servoStudio\ViewModels\Motion\MotionTypeViewModel.cs(165,21): warning IDE0011: 鍚?鈥渋f鈥?璇彞娣诲姞澶ф嫭鍙枫€?(https://learn.microsoft.com/dotnet/fundamentals/code-analysis/style-rules/ide0011) [C:\UserWorx\VSWorx\ServoStudio\wpfui-servoStudio\samples\Wpf.Ui.servoStudio\servoStudio.csproj]
C:\UserWorx\VSWorx\ServoStudio\wpfui-servoStudio\samples\Wpf.Ui.servoStudio\ViewModels\Motion\MotionTypeViewModel.cs(166,26): warning IDE0011: 鍚?鈥渋f鈥?璇彞娣诲姞澶ф嫭鍙枫€?(https://learn.microsoft.com/dotnet/fundamentals/code-analysis/style-rules/ide0011) [C:\UserWorx\VSWorx\ServoStudio\wpfui-servoStudio\samples\Wpf.Ui.servoStudio\servoStudio.csproj]
C:\UserWorx\VSWorx\ServoStudio\wpfui-servoStudio\samples\Wpf.Ui.servoStudio\ViewModels\Motion\MotionTypeViewModel.cs(192,9): warning IDE0011: 鍚?鈥渋f鈥?璇彞娣诲姞澶ф嫭鍙枫€?(https://learn.microsoft.com/dotnet/fundamentals/code-analysis/style-rules/ide0011) [C:\UserWorx\VSWorx\ServoStudio\wpfui-servoStudio\samples\Wpf.Ui.servoStudio\servoStudio.csproj]
C:\UserWorx\VSWorx\ServoStudio\wpfui-servoStudio\samples\Wpf.Ui.servoStudio\ViewModels\Motion\MotionTypeViewModel.cs(194,9): warning IDE0011: 鍚?鈥渋f鈥?璇彞娣诲姞澶ф嫭鍙枫€?(https://learn.microsoft.com/dotnet/fundamentals/code-analysis/style-rules/ide0011) [C:\UserWorx\VSWorx\ServoStudio\wpfui-servoStudio\samples\Wpf.Ui.servoStudio\servoStudio.csproj]
C:\UserWorx\VSWorx\ServoStudio\wpfui-servoStudio\samples\Wpf.Ui.servoStudio\Core\Sync\WinMmCyclicTimer.cs(107,9): warning IDE0058: 姘歌繙涓嶄細浣跨敤琛ㄨ揪寮忓€?(https://learn.microsoft.com/dotnet/fundamentals/code-analysis/style-rules/ide0058) [C:\UserWorx\VSWorx\ServoStudio\wpfui-servoStudio\samples\Wpf.Ui.servoStudio\servoStudio.csproj]
C:\UserWorx\VSWorx\ServoStudio\wpfui-servoStudio\samples\Wpf.Ui.servoStudio\Core\Sync\WinMmCyclicTimer.cs(113,21): warning IDE0058: 姘歌繙涓嶄細浣跨敤琛ㄨ揪寮忓€?(https://learn.microsoft.com/dotnet/fundamentals/code-analysis/style-rules/ide0058) [C:\UserWorx\VSWorx\ServoStudio\wpfui-servoStudio\samples\Wpf.Ui.servoStudio\servoStudio.csproj]
C:\UserWorx\VSWorx\ServoStudio\wpfui-servoStudio\samples\Wpf.Ui.servoStudio\Core\Sync\WinMmCyclicTimer.cs(115,9): warning IDE0058: 姘歌繙涓嶄細浣跨敤琛ㄨ揪寮忓€?(https://learn.microsoft.com/dotnet/fundamentals/code-analysis/style-rules/ide0058) [C:\UserWorx\VSWorx\ServoStudio\wpfui-servoStudio\samples\Wpf.Ui.servoStudio\servoStudio.csproj]
C:\UserWorx\VSWorx\ServoStudio\wpfui-servoStudio\samples\Wpf.Ui.servoStudio\ViewModels\Firmware\FirmwareProgramViewModel.cs(549,17): warning IDE0011: 鍚?鈥渋f鈥?璇彞娣诲姞澶ф嫭鍙枫€?(https://learn.microsoft.com/dotnet/fundamentals/code-analysis/style-rules/ide0011) [C:\UserWorx\VSWorx\ServoStudio\wpfui-servoStudio\samples\Wpf.Ui.servoStudio\servoStudio.csproj]
C:\UserWorx\VSWorx\ServoStudio\wpfui-servoStudio\samples\Wpf.Ui.servoStudio\Services\FrameLogBridge.cs(64,9): warning IDE0011: 鍚?鈥渋f鈥?璇彞娣诲姞澶ф嫭鍙枫€?(https://learn.microsoft.com/dotnet/fundamentals/code-analysis/style-rules/ide0011) [C:\UserWorx\VSWorx\ServoStudio\wpfui-servoStudio\samples\Wpf.Ui.servoStudio\servoStudio.csproj]
C:\UserWorx\VSWorx\ServoStudio\wpfui-servoStudio\samples\Wpf.Ui.servoStudio\Services\FrameLogBridge.cs(67,9): warning IDE0011: 鍚?鈥渋f鈥?璇彞娣诲姞澶ф嫭鍙枫€?(https://learn.microsoft.com/dotnet/fundamentals/code-analysis/style-rules/ide0011) [C:\UserWorx\VSWorx\ServoStudio\wpfui-servoStudio\samples\Wpf.Ui.servoStudio\servoStudio.csproj]
C:\UserWorx\VSWorx\ServoStudio\wpfui-servoStudio\samples\Wpf.Ui.servoStudio\ViewModels\Motion\MotionLimitViewModel.cs(194,43): warning IDE0055: 淇鏍煎紡 (https://learn.microsoft.com/dotnet/fundamentals/code-analysis/style-rules/ide0055) [C:\UserWorx\VSWorx\ServoStudio\wpfui-servoStudio\samples\Wpf.Ui.servoStudio\servoStudio.csproj]
C:\UserWorx\VSWorx\ServoStudio\wpfui-servoStudio\samples\Wpf.Ui.servoStudio\ViewModels\Motion\MotionLimitViewModel.cs(194,45): warning IDE0055: 淇鏍煎紡 (https://learn.microsoft.com/dotnet/fundamentals/code-analysis/style-rules/ide0055) [C:\UserWorx\VSWorx\ServoStudio\wpfui-servoStudio\samples\Wpf.Ui.servoStudio\servoStudio.csproj]
C:\UserWorx\VSWorx\ServoStudio\wpfui-servoStudio\samples\Wpf.Ui.servoStudio\ViewModels\Motion\MotionLimitViewModel.cs(216,31): warning IDE0055: 淇鏍煎紡 (https://learn.microsoft.com/dotnet/fundamentals/code-analysis/style-rules/ide0055) [C:\UserWorx\VSWorx\ServoStudio\wpfui-servoStudio\samples\Wpf.Ui.servoStudio\servoStudio.csproj]
C:\UserWorx\VSWorx\ServoStudio\wpfui-servoStudio\samples\Wpf.Ui.servoStudio\ViewModels\Motion\MotionLimitViewModel.cs(218,95): warning IDE0055: 淇鏍煎紡 (https://learn.microsoft.com/dotnet/fundamentals/code-analysis/style-rules/ide0055) [C:\UserWorx\VSWorx\ServoStudio\wpfui-servoStudio\samples\Wpf.Ui.servoStudio\servoStudio.csproj]
C:\UserWorx\VSWorx\ServoStudio\wpfui-servoStudio\samples\Wpf.Ui.servoStudio\ViewModels\Motion\MotionLimitViewModel.cs(617,27): warning IDE0055: 淇鏍煎紡 (https://learn.microsoft.com/dotnet/fundamentals/code-analysis/style-rules/ide0055) [C:\UserWorx\VSWorx\ServoStudio\wpfui-servoStudio\samples\Wpf.Ui.servoStudio\servoStudio.csproj]
C:\UserWorx\VSWorx\ServoStudio\wpfui-servoStudio\samples\Wpf.Ui.servoStudio\ViewModels\Motion\MotionLimitViewModel.cs(617,29): warning IDE0055: 淇鏍煎紡 (https://learn.microsoft.com/dotnet/fundamentals/code-analysis/style-rules/ide0055) [C:\UserWorx\VSWorx\ServoStudio\wpfui-servoStudio\samples\Wpf.Ui.servoStudio\servoStudio.csproj]
C:\UserWorx\VSWorx\ServoStudio\wpfui-servoStudio\samples\Wpf.Ui.servoStudio\ViewModels\Motion\MotionLimitViewModel.cs(617,39): warning IDE0055: 淇鏍煎紡 (https://learn.microsoft.com/dotnet/fundamentals/code-analysis/style-rules/ide0055) [C:\UserWorx\VSWorx\ServoStudio\wpfui-servoStudio\samples\Wpf.Ui.servoStudio\servoStudio.csproj]
C:\UserWorx\VSWorx\ServoStudio\wpfui-servoStudio\samples\Wpf.Ui.servoStudio\ViewModels\Motion\MotionLimitViewModel.cs(619,27): warning IDE0055: 淇鏍煎紡 (https://learn.microsoft.com/dotnet/fundamentals/code-analysis/style-rules/ide0055) [C:\UserWorx\VSWorx\ServoStudio\wpfui-servoStudio\samples\Wpf.Ui.servoStudio\servoStudio.csproj]
C:\UserWorx\VSWorx\ServoStudio\wpfui-servoStudio\samples\Wpf.Ui.servoStudio\ViewModels\Motion\MotionLimitViewModel.cs(619,29): warning IDE0055: 淇鏍煎紡 (https://learn.microsoft.com/dotnet/fundamentals/code-analysis/style-rules/ide0055) [C:\UserWorx\VSWorx\ServoStudio\wpfui-servoStudio\samples\Wpf.Ui.servoStudio\servoStudio.csproj]
C:\UserWorx\VSWorx\ServoStudio\wpfui-servoStudio\samples\Wpf.Ui.servoStudio\ViewModels\Motion\MotionLimitViewModel.cs(619,39): warning IDE0055: 淇鏍煎紡 (https://learn.microsoft.com/dotnet/fundamentals/code-analysis/style-rules/ide0055) [C:\UserWorx\VSWorx\ServoStudio\wpfui-servoStudio\samples\Wpf.Ui.servoStudio\servoStudio.csproj]
C:\UserWorx\VSWorx\ServoStudio\wpfui-servoStudio\samples\Wpf.Ui.servoStudio\ViewModels\Motion\MotionLimitViewModel.cs(620,28): warning IDE0055: 淇鏍煎紡 (https://learn.microsoft.com/dotnet/fundamentals/code-analysis/style-rules/ide0055) [C:\UserWorx\VSWorx\ServoStudio\wpfui-servoStudio\samples\Wpf.Ui.servoStudio\servoStudio.csproj]
C:\UserWorx\VSWorx\ServoStudio\wpfui-servoStudio\samples\Wpf.Ui.servoStudio\ViewModels\Motion\MotionLimitViewModel.cs(620,30): warning IDE0055: 淇鏍煎紡 (https://learn.microsoft.com/dotnet/fundamentals/code-analysis/style-rules/ide0055) [C:\UserWorx\VSWorx\ServoStudio\wpfui-servoStudio\samples\Wpf.Ui.servoStudio\servoStudio.csproj]
C:\UserWorx\VSWorx\ServoStudio\wpfui-servoStudio\samples\Wpf.Ui.servoStudio\ViewModels\Motion\MotionLimitViewModel.cs(620,40): warning IDE0055: 淇鏍煎紡 (https://learn.microsoft.com/dotnet/fundamentals/code-analysis/style-rules/ide0055) [C:\UserWorx\VSWorx\ServoStudio\wpfui-servoStudio\samples\Wpf.Ui.servoStudio\servoStudio.csproj]
C:\UserWorx\VSWorx\ServoStudio\wpfui-servoStudio\samples\Wpf.Ui.servoStudio\ViewModels\ControlViewModel.cs(270,9): warning IDE0011: 鍚?鈥渋f鈥?璇彞娣诲姞澶ф嫭鍙枫€?(https://learn.microsoft.com/dotnet/fundamentals/code-analysis/style-rules/ide0011) [C:\UserWorx\VSWorx\ServoStudio\wpfui-servoStudio\samples\Wpf.Ui.servoStudio\servoStudio.csproj]
C:\UserWorx\VSWorx\ServoStudio\wpfui-servoStudio\samples\Wpf.Ui.servoStudio\ViewModels\ControlViewModel.cs(271,9): warning IDE0011: 鍚?鈥渋f鈥?璇彞娣诲姞澶ф嫭鍙枫€?(https://learn.microsoft.com/dotnet/fundamentals/code-analysis/style-rules/ide0011) [C:\UserWorx\VSWorx\ServoStudio\wpfui-servoStudio\samples\Wpf.Ui.servoStudio\servoStudio.csproj]
C:\UserWorx\VSWorx\ServoStudio\wpfui-servoStudio\samples\Wpf.Ui.servoStudio\ViewModels\ControlViewModel.cs(272,9): warning IDE0011: 鍚?鈥渋f鈥?璇彞娣诲姞澶ф嫭鍙枫€?(https://learn.microsoft.com/dotnet/fundamentals/code-analysis/style-rules/ide0011) [C:\UserWorx\VSWorx\ServoStudio\wpfui-servoStudio\samples\Wpf.Ui.servoStudio\servoStudio.csproj]
C:\UserWorx\VSWorx\ServoStudio\wpfui-servoStudio\samples\Wpf.Ui.servoStudio\ViewModels\ControlViewModel.cs(273,9): warning IDE0011: 鍚?鈥渋f鈥?璇彞娣诲姞澶ф嫭鍙枫€?(https://learn.microsoft.com/dotnet/fundamentals/code-analysis/style-rules/ide0011) [C:\UserWorx\VSWorx\ServoStudio\wpfui-servoStudio\samples\Wpf.Ui.servoStudio\servoStudio.csproj]
C:\UserWorx\VSWorx\ServoStudio\wpfui-servoStudio\samples\Wpf.Ui.servoStudio\ViewModels\ControlViewModel.cs(274,9): warning IDE0011: 鍚?鈥渋f鈥?璇彞娣诲姞澶ф嫭鍙枫€?(https://learn.microsoft.com/dotnet/fundamentals/code-analysis/style-rules/ide0011) [C:\UserWorx\VSWorx\ServoStudio\wpfui-servoStudio\samples\Wpf.Ui.servoStudio\servoStudio.csproj]
C:\UserWorx\VSWorx\ServoStudio\wpfui-servoStudio\samples\Wpf.Ui.servoStudio\ViewModels\ControlViewModel.cs(275,9): warning IDE0011: 鍚?鈥渋f鈥?璇彞娣诲姞澶ф嫭鍙枫€?(https://learn.microsoft.com/dotnet/fundamentals/code-analysis/style-rules/ide0011) [C:\UserWorx\VSWorx\ServoStudio\wpfui-servoStudio\samples\Wpf.Ui.servoStudio\servoStudio.csproj]
C:\UserWorx\VSWorx\ServoStudio\wpfui-servoStudio\samples\Wpf.Ui.servoStudio\ViewModels\ControlViewModel.cs(276,9): warning IDE0011: 鍚?鈥渋f鈥?璇彞娣诲姞澶ф嫭鍙枫€?(https://learn.microsoft.com/dotnet/fundamentals/code-analysis/style-rules/ide0011) [C:\UserWorx\VSWorx\ServoStudio\wpfui-servoStudio\samples\Wpf.Ui.servoStudio\servoStudio.csproj]
C:\UserWorx\VSWorx\ServoStudio\wpfui-servoStudio\samples\Wpf.Ui.servoStudio\ViewModels\ControlViewModel.cs(277,9): warning IDE0011: 鍚?鈥渋f鈥?璇彞娣诲姞澶ф嫭鍙枫€?(https://learn.microsoft.com/dotnet/fundamentals/code-analysis/style-rules/ide0011) [C:\UserWorx\VSWorx\ServoStudio\wpfui-servoStudio\samples\Wpf.Ui.servoStudio\servoStudio.csproj]
C:\UserWorx\VSWorx\ServoStudio\wpfui-servoStudio\samples\Wpf.Ui.servoStudio\ViewModels\ControlViewModel.cs(278,9): warning IDE0011: 鍚?鈥渋f鈥?璇彞娣诲姞澶ф嫭鍙枫€?(https://learn.microsoft.com/dotnet/fundamentals/code-analysis/style-rules/ide0011) [C:\UserWorx\VSWorx\ServoStudio\wpfui-servoStudio\samples\Wpf.Ui.servoStudio\servoStudio.csproj]
C:\UserWorx\VSWorx\ServoStudio\wpfui-servoStudio\samples\Wpf.Ui.servoStudio\ViewModels\ControlViewModel.cs(279,9): warning IDE0011: 鍚?鈥渋f鈥?璇彞娣诲姞澶ф嫭鍙枫€?(https://learn.microsoft.com/dotnet/fundamentals/code-analysis/style-rules/ide0011) [C:\UserWorx\VSWorx\ServoStudio\wpfui-servoStudio\samples\Wpf.Ui.servoStudio\servoStudio.csproj]
C:\UserWorx\VSWorx\ServoStudio\wpfui-servoStudio\samples\Wpf.Ui.servoStudio\ViewModels\ControlViewModel.cs(280,9): warning IDE0011: 鍚?鈥渋f鈥?璇彞娣诲姞澶ф嫭鍙枫€?(https://learn.microsoft.com/dotnet/fundamentals/code-analysis/style-rules/ide0011) [C:\UserWorx\VSWorx\ServoStudio\wpfui-servoStudio\samples\Wpf.Ui.servoStudio\servoStudio.csproj]
C:\UserWorx\VSWorx\ServoStudio\wpfui-servoStudio\samples\Wpf.Ui.servoStudio\ViewModels\ControlViewModel.cs(281,9): warning IDE0011: 鍚?鈥渋f鈥?璇彞娣诲姞澶ф嫭鍙枫€?(https://learn.microsoft.com/dotnet/fundamentals/code-analysis/style-rules/ide0011) [C:\UserWorx\VSWorx\ServoStudio\wpfui-servoStudio\samples\Wpf.Ui.servoStudio\servoStudio.csproj]
C:\UserWorx\VSWorx\ServoStudio\wpfui-servoStudio\samples\Wpf.Ui.servoStudio\ViewModels\ControlViewModel.cs(282,9): warning IDE0011: 鍚?鈥渋f鈥?璇彞娣诲姞澶ф嫭鍙枫€?(https://learn.microsoft.com/dotnet/fundamentals/code-analysis/style-rules/ide0011) [C:\UserWorx\VSWorx\ServoStudio\wpfui-servoStudio\samples\Wpf.Ui.servoStudio\servoStudio.csproj]
C:\UserWorx\VSWorx\ServoStudio\wpfui-servoStudio\samples\Wpf.Ui.servoStudio\ViewModels\ControlViewModel.cs(283,9): warning IDE0011: 鍚?鈥渋f鈥?璇彞娣诲姞澶ф嫭鍙枫€?(https://learn.microsoft.com/dotnet/fundamentals/code-analysis/style-rules/ide0011) [C:\UserWorx\VSWorx\ServoStudio\wpfui-servoStudio\samples\Wpf.Ui.servoStudio\servoStudio.csproj]
C:\UserWorx\VSWorx\ServoStudio\wpfui-servoStudio\samples\Wpf.Ui.servoStudio\ViewModels\ControlViewModel.cs(284,9): warning IDE0011: 鍚?鈥渋f鈥?璇彞娣诲姞澶ф嫭鍙枫€?(https://learn.microsoft.com/dotnet/fundamentals/code-analysis/style-rules/ide0011) [C:\UserWorx\VSWorx\ServoStudio\wpfui-servoStudio\samples\Wpf.Ui.servoStudio\servoStudio.csproj]
C:\UserWorx\VSWorx\ServoStudio\wpfui-servoStudio\samples\Wpf.Ui.servoStudio\ViewModels\ControlViewModel.cs(285,9): warning IDE0011: 鍚?鈥渋f鈥?璇彞娣诲姞澶ф嫭鍙枫€?(https://learn.microsoft.com/dotnet/fundamentals/code-analysis/style-rules/ide0011) [C:\UserWorx\VSWorx\ServoStudio\wpfui-servoStudio\samples\Wpf.Ui.servoStudio\servoStudio.csproj]
C:\UserWorx\VSWorx\ServoStudio\wpfui-servoStudio\samples\Wpf.Ui.servoStudio\Services\FrameFormatRuntimeService.cs(26,13): warning IDE0011: 鍚?鈥渓ock鈥?璇彞娣诲姞澶ф嫭鍙枫€?(https://learn.microsoft.com/dotnet/fundamentals/code-analysis/style-rules/ide0011) [C:\UserWorx\VSWorx\ServoStudio\wpfui-servoStudio\samples\Wpf.Ui.servoStudio\servoStudio.csproj]
C:\UserWorx\VSWorx\ServoStudio\wpfui-servoStudio\samples\Wpf.Ui.servoStudio\Services\FrameFormatRuntimeService.cs(45,9): warning IDE0011: 鍚?鈥渓ock鈥?璇彞娣诲姞澶ф嫭鍙枫€?(https://learn.microsoft.com/dotnet/fundamentals/code-analysis/style-rules/ide0011) [C:\UserWorx\VSWorx\ServoStudio\wpfui-servoStudio\samples\Wpf.Ui.servoStudio\servoStudio.csproj]
C:\UserWorx\VSWorx\ServoStudio\wpfui-servoStudio\samples\Wpf.Ui.servoStudio\ViewModels\DeviceSet\DeviceAddViewModel.cs(1027,13): warning IDE0011: 鍚?鈥渇oreach鈥?璇彞娣诲姞澶ф嫭鍙枫€?(https://learn.microsoft.com/dotnet/fundamentals/code-analysis/style-rules/ide0011) [C:\UserWorx\VSWorx\ServoStudio\wpfui-servoStudio\samples\Wpf.Ui.servoStudio\servoStudio.csproj]
C:\UserWorx\VSWorx\ServoStudio\wpfui-servoStudio\samples\Wpf.Ui.servoStudio\ViewModels\DeviceSet\DeviceAddViewModel.cs(1036,9): warning IDE0011: 鍚?鈥渇oreach鈥?璇彞娣诲姞澶ф嫭鍙枫€?(https://learn.microsoft.com/dotnet/fundamentals/code-analysis/style-rules/ide0011) [C:\UserWorx\VSWorx\ServoStudio\wpfui-servoStudio\samples\Wpf.Ui.servoStudio\servoStudio.csproj]
C:\UserWorx\VSWorx\ServoStudio\wpfui-servoStudio\samples\Wpf.Ui.servoStudio\ViewModels\DeviceSet\DeviceAddViewModel.cs(1050,9): warning IDE0011: 鍚?鈥渋f鈥?璇彞娣诲姞澶ф嫭鍙枫€?(https://learn.microsoft.com/dotnet/fundamentals/code-analysis/style-rules/ide0011) [C:\UserWorx\VSWorx\ServoStudio\wpfui-servoStudio\samples\Wpf.Ui.servoStudio\servoStudio.csproj]
C:\UserWorx\VSWorx\ServoStudio\wpfui-servoStudio\samples\Wpf.Ui.servoStudio\Views\Pages\AppDataPages\DataViewPage.xaml.cs(352,9): warning IDE0008: 鐢ㄦ樉寮忕被鍨嬩唬鏇?"var" (https://learn.microsoft.com/dotnet/fundamentals/code-analysis/style-rules/ide0008) [C:\UserWorx\VSWorx\ServoStudio\wpfui-servoStudio\samples\Wpf.Ui.servoStudio\servoStudio.csproj]
C:\UserWorx\VSWorx\ServoStudio\wpfui-servoStudio\samples\Wpf.Ui.servoStudio\ViewModels\Motion\MotionProfileViewModel.cs(375,43): warning IDE0055: 淇鏍煎紡 (https://learn.microsoft.com/dotnet/fundamentals/code-analysis/style-rules/ide0055) [C:\UserWorx\VSWorx\ServoStudio\wpfui-servoStudio\samples\Wpf.Ui.servoStudio\servoStudio.csproj]
C:\UserWorx\VSWorx\ServoStudio\wpfui-servoStudio\samples\Wpf.Ui.servoStudio\ViewModels\Motion\MotionProfileViewModel.cs(375,45): warning IDE0055: 淇鏍煎紡 (https://learn.microsoft.com/dotnet/fundamentals/code-analysis/style-rules/ide0055) [C:\UserWorx\VSWorx\ServoStudio\wpfui-servoStudio\samples\Wpf.Ui.servoStudio\servoStudio.csproj]
C:\UserWorx\VSWorx\ServoStudio\wpfui-servoStudio\samples\Wpf.Ui.servoStudio\ViewModels\ControlViewModel.cs(332,9): warning IDE0011: 鍚?鈥渋f鈥?璇彞娣诲姞澶ф嫭鍙枫€?(https://learn.microsoft.com/dotnet/fundamentals/code-analysis/style-rules/ide0011) [C:\UserWorx\VSWorx\ServoStudio\wpfui-servoStudio\samples\Wpf.Ui.servoStudio\servoStudio.csproj]
C:\UserWorx\VSWorx\ServoStudio\wpfui-servoStudio\samples\Wpf.Ui.servoStudio\Views\Pages\AppDataPages\DataViewPage.xaml.cs(407,9): warning IDE0008: 鐢ㄦ樉寮忕被鍨嬩唬鏇?"var" (https://learn.microsoft.com/dotnet/fundamentals/code-analysis/style-rules/ide0008) [C:\UserWorx\VSWorx\ServoStudio\wpfui-servoStudio\samples\Wpf.Ui.servoStudio\servoStudio.csproj]
C:\UserWorx\VSWorx\ServoStudio\wpfui-servoStudio\samples\Wpf.Ui.servoStudio\ViewModels\Hardware\MotorViewModel.cs(361,9): warning IDE0058: 姘歌繙涓嶄細浣跨敤琛ㄨ揪寮忓€?(https://learn.microsoft.com/dotnet/fundamentals/code-analysis/style-rules/ide0058) [C:\UserWorx\VSWorx\ServoStudio\wpfui-servoStudio\samples\Wpf.Ui.servoStudio\servoStudio.csproj]
C:\UserWorx\VSWorx\ServoStudio\wpfui-servoStudio\samples\Wpf.Ui.servoStudio\Views\Pages\AppDataPages\DataViewPage.xaml.cs(455,9): warning IDE0008: 鐢ㄦ樉寮忕被鍨嬩唬鏇?"var" (https://learn.microsoft.com/dotnet/fundamentals/code-analysis/style-rules/ide0008) [C:\UserWorx\VSWorx\ServoStudio\wpfui-servoStudio\samples\Wpf.Ui.servoStudio\servoStudio.csproj]
C:\UserWorx\VSWorx\ServoStudio\wpfui-servoStudio\samples\Wpf.Ui.servoStudio\Views\Pages\AppDataPages\DataViewPage.xaml.cs(463,13): warning IDE0058: 姘歌繙涓嶄細浣跨敤琛ㄨ揪寮忓€?(https://learn.microsoft.com/dotnet/fundamentals/code-analysis/style-rules/ide0058) [C:\UserWorx\VSWorx\ServoStudio\wpfui-servoStudio\samples\Wpf.Ui.servoStudio\servoStudio.csproj]
C:\UserWorx\VSWorx\ServoStudio\wpfui-servoStudio\samples\Wpf.Ui.servoStudio\Core\Sync\SpinWaitCyclicTimer.cs(129,15): warning IDE0058: 姘歌繙涓嶄細浣跨敤琛ㄨ揪寮忓€?(https://learn.microsoft.com/dotnet/fundamentals/code-analysis/style-rules/ide0058) [C:\UserWorx\VSWorx\ServoStudio\wpfui-servoStudio\samples\Wpf.Ui.servoStudio\servoStudio.csproj]
C:\UserWorx\VSWorx\ServoStudio\wpfui-servoStudio\samples\Wpf.Ui.servoStudio\Views\Pages\AppDataPages\DataViewPage.xaml.cs(478,18): warning IDE0008: 鐢ㄦ樉寮忕被鍨嬩唬鏇?"var" (https://learn.microsoft.com/dotnet/fundamentals/code-analysis/style-rules/ide0008) [C:\UserWorx\VSWorx\ServoStudio\wpfui-servoStudio\samples\Wpf.Ui.servoStudio\servoStudio.csproj]
C:\UserWorx\VSWorx\ServoStudio\wpfui-servoStudio\samples\Wpf.Ui.servoStudio\Views\Pages\AppDataPages\DataViewPage.xaml.cs(489,18): warning IDE0008: 鐢ㄦ樉寮忕被鍨嬩唬鏇?"var" (https://learn.microsoft.com/dotnet/fundamentals/code-analysis/style-rules/ide0008) [C:\UserWorx\VSWorx\ServoStudio\wpfui-servoStudio\samples\Wpf.Ui.servoStudio\servoStudio.csproj]
C:\UserWorx\VSWorx\ServoStudio\wpfui-servoStudio\samples\Wpf.Ui.servoStudio\ViewModels\ControlViewModel.cs(389,13): warning IDE0008: 鐢ㄦ樉寮忕被鍨嬩唬鏇?"var" (https://learn.microsoft.com/dotnet/fundamentals/code-analysis/style-rules/ide0008) [C:\UserWorx\VSWorx\ServoStudio\wpfui-servoStudio\samples\Wpf.Ui.servoStudio\servoStudio.csproj]
C:\UserWorx\VSWorx\ServoStudio\wpfui-servoStudio\samples\Wpf.Ui.servoStudio\ViewModels\DeviceSet\DeviceAddViewModel.cs(1135,9): warning IDE0058: 姘歌繙涓嶄細浣跨敤琛ㄨ揪寮忓€?(https://learn.microsoft.com/dotnet/fundamentals/code-analysis/style-rules/ide0058) [C:\UserWorx\VSWorx\ServoStudio\wpfui-servoStudio\samples\Wpf.Ui.servoStudio\servoStudio.csproj]
C:\UserWorx\VSWorx\ServoStudio\wpfui-servoStudio\samples\Wpf.Ui.servoStudio\Views\Pages\AppDataPages\DataViewPage.xaml.cs(519,9): warning IDE0008: 鐢ㄦ樉寮忕被鍨嬩唬鏇?"var" (https://learn.microsoft.com/dotnet/fundamentals/code-analysis/style-rules/ide0008) [C:\UserWorx\VSWorx\ServoStudio\wpfui-servoStudio\samples\Wpf.Ui.servoStudio\servoStudio.csproj]
C:\UserWorx\VSWorx\ServoStudio\wpfui-servoStudio\samples\Wpf.Ui.servoStudio\Views\Pages\AppDataPages\DataViewPage.xaml.cs(521,18): warning IDE0008: 鐢ㄦ樉寮忕被鍨嬩唬鏇?"var" (https://learn.microsoft.com/dotnet/fundamentals/code-analysis/style-rules/ide0008) [C:\UserWorx\VSWorx\ServoStudio\wpfui-servoStudio\samples\Wpf.Ui.servoStudio\servoStudio.csproj]
C:\UserWorx\VSWorx\ServoStudio\wpfui-servoStudio\samples\Wpf.Ui.servoStudio\Views\Pages\AppDataPages\DataViewPage.xaml.cs(529,13): warning IDE0008: 鐢ㄦ樉寮忕被鍨嬩唬鏇?"var" (https://learn.microsoft.com/dotnet/fundamentals/code-analysis/style-rules/ide0008) [C:\UserWorx\VSWorx\ServoStudio\wpfui-servoStudio\samples\Wpf.Ui.servoStudio\servoStudio.csproj]
C:\UserWorx\VSWorx\ServoStudio\wpfui-servoStudio\samples\Wpf.Ui.servoStudio\ViewModels\AppData\PidAdjustViewModel.cs(448,17): warning IDE0011: 鍚?鈥渋f鈥?璇彞娣诲姞澶ф嫭鍙枫€?(https://learn.microsoft.com/dotnet/fundamentals/code-analysis/style-rules/ide0011) [C:\UserWorx\VSWorx\ServoStudio\wpfui-servoStudio\samples\Wpf.Ui.servoStudio\servoStudio.csproj]
C:\UserWorx\VSWorx\ServoStudio\wpfui-servoStudio\samples\Wpf.Ui.servoStudio\ViewModels\AppData\PidAdjustViewModel.cs(450,17): warning IDE0011: 鍚?鈥渋f鈥?璇彞娣诲姞澶ф嫭鍙枫€?(https://learn.microsoft.com/dotnet/fundamentals/code-analysis/style-rules/ide0011) [C:\UserWorx\VSWorx\ServoStudio\wpfui-servoStudio\samples\Wpf.Ui.servoStudio\servoStudio.csproj]
C:\UserWorx\VSWorx\ServoStudio\wpfui-servoStudio\samples\Wpf.Ui.servoStudio\ViewModels\AppData\PidAdjustViewModel.cs(452,17): warning IDE0011: 鍚?鈥渋f鈥?璇彞娣诲姞澶ф嫭鍙枫€?(https://learn.microsoft.com/dotnet/fundamentals/code-analysis/style-rules/ide0011) [C:\UserWorx\VSWorx\ServoStudio\wpfui-servoStudio\samples\Wpf.Ui.servoStudio\servoStudio.csproj]
C:\UserWorx\VSWorx\ServoStudio\wpfui-servoStudio\samples\Wpf.Ui.servoStudio\ViewModels\AppData\PidAdjustViewModel.cs(454,17): warning IDE0011: 鍚?鈥渋f鈥?璇彞娣诲姞澶ф嫭鍙枫€?(https://learn.microsoft.com/dotnet/fundamentals/code-analysis/style-rules/ide0011) [C:\UserWorx\VSWorx\ServoStudio\wpfui-servoStudio\samples\Wpf.Ui.servoStudio\servoStudio.csproj]
C:\UserWorx\VSWorx\ServoStudio\wpfui-servoStudio\samples\Wpf.Ui.servoStudio\ViewModels\AppData\PidAdjustViewModel.cs(456,17): warning IDE0011: 鍚?鈥渋f鈥?璇彞娣诲姞澶ф嫭鍙枫€?(https://learn.microsoft.com/dotnet/fundamentals/code-analysis/style-rules/ide0011) [C:\UserWorx\VSWorx\ServoStudio\wpfui-servoStudio\samples\Wpf.Ui.servoStudio\servoStudio.csproj]
C:\UserWorx\VSWorx\ServoStudio\wpfui-servoStudio\samples\Wpf.Ui.servoStudio\ViewModels\AppData\PidAdjustViewModel.cs(458,17): warning IDE0011: 鍚?鈥渋f鈥?璇彞娣诲姞澶ф嫭鍙枫€?(https://learn.microsoft.com/dotnet/fundamentals/code-analysis/style-rules/ide0011) [C:\UserWorx\VSWorx\ServoStudio\wpfui-servoStudio\samples\Wpf.Ui.servoStudio\servoStudio.csproj]
C:\UserWorx\VSWorx\ServoStudio\wpfui-servoStudio\samples\Wpf.Ui.servoStudio\ViewModels\AppData\PidAdjustViewModel.cs(464,21): warning IDE0011: 鍚?鈥渋f鈥?璇彞娣诲姞澶ф嫭鍙枫€?(https://learn.microsoft.com/dotnet/fundamentals/code-analysis/style-rules/ide0011) [C:\UserWorx\VSWorx\ServoStudio\wpfui-servoStudio\samples\Wpf.Ui.servoStudio\servoStudio.csproj]
C:\UserWorx\VSWorx\ServoStudio\wpfui-servoStudio\samples\Wpf.Ui.servoStudio\ViewModels\AppData\PidAdjustViewModel.cs(465,21): warning IDE0011: 鍚?鈥渋f鈥?璇彞娣诲姞澶ф嫭鍙枫€?(https://learn.microsoft.com/dotnet/fundamentals/code-analysis/style-rules/ide0011) [C:\UserWorx\VSWorx\ServoStudio\wpfui-servoStudio\samples\Wpf.Ui.servoStudio\servoStudio.csproj]
C:\UserWorx\VSWorx\ServoStudio\wpfui-servoStudio\samples\Wpf.Ui.servoStudio\ViewModels\AppData\PidAdjustViewModel.cs(466,21): warning IDE0011: 鍚?鈥渋f鈥?璇彞娣诲姞澶ф嫭鍙枫€?(https://learn.microsoft.com/dotnet/fundamentals/code-analysis/style-rules/ide0011) [C:\UserWorx\VSWorx\ServoStudio\wpfui-servoStudio\samples\Wpf.Ui.servoStudio\servoStudio.csproj]
C:\UserWorx\VSWorx\ServoStudio\wpfui-servoStudio\samples\Wpf.Ui.servoStudio\ViewModels\AppData\PidAdjustViewModel.cs(467,21): warning IDE0011: 鍚?鈥渋f鈥?璇彞娣诲姞澶ф嫭鍙枫€?(https://learn.microsoft.com/dotnet/fundamentals/code-analysis/style-rules/ide0011) [C:\UserWorx\VSWorx\ServoStudio\wpfui-servoStudio\samples\Wpf.Ui.servoStudio\servoStudio.csproj]
C:\UserWorx\VSWorx\ServoStudio\wpfui-servoStudio\samples\Wpf.Ui.servoStudio\ViewModels\AppData\PidAdjustViewModel.cs(468,21): warning IDE0011: 鍚?鈥渋f鈥?璇彞娣诲姞澶ф嫭鍙枫€?(https://learn.microsoft.com/dotnet/fundamentals/code-analysis/style-rules/ide0011) [C:\UserWorx\VSWorx\ServoStudio\wpfui-servoStudio\samples\Wpf.Ui.servoStudio\servoStudio.csproj]
C:\UserWorx\VSWorx\ServoStudio\wpfui-servoStudio\samples\Wpf.Ui.servoStudio\ViewModels\AppData\PidAdjustViewModel.cs(469,21): warning IDE0011: 鍚?鈥渋f鈥?璇彞娣诲姞澶ф嫭鍙枫€?(https://learn.microsoft.com/dotnet/fundamentals/code-analysis/style-rules/ide0011) [C:\UserWorx\VSWorx\ServoStudio\wpfui-servoStudio\samples\Wpf.Ui.servoStudio\servoStudio.csproj]
C:\UserWorx\VSWorx\ServoStudio\wpfui-servoStudio\samples\Wpf.Ui.servoStudio\ViewModels\AppData\PidAdjustViewModel.cs(449,21): warning IDE0058: 姘歌繙涓嶄細浣跨敤琛ㄨ揪寮忓€?(https://learn.microsoft.com/dotnet/fundamentals/code-analysis/style-rules/ide0058) [C:\UserWorx\VSWorx\ServoStudio\wpfui-servoStudio\samples\Wpf.Ui.servoStudio\servoStudio.csproj]
C:\UserWorx\VSWorx\ServoStudio\wpfui-servoStudio\samples\Wpf.Ui.servoStudio\ViewModels\AppData\PidAdjustViewModel.cs(451,21): warning IDE0058: 姘歌繙涓嶄細浣跨敤琛ㄨ揪寮忓€?(https://learn.microsoft.com/dotnet/fundamentals/code-analysis/style-rules/ide0058) [C:\UserWorx\VSWorx\ServoStudio\wpfui-servoStudio\samples\Wpf.Ui.servoStudio\servoStudio.csproj]
C:\UserWorx\VSWorx\ServoStudio\wpfui-servoStudio\samples\Wpf.Ui.servoStudio\ViewModels\AppData\PidAdjustViewModel.cs(453,21): warning IDE0058: 姘歌繙涓嶄細浣跨敤琛ㄨ揪寮忓€?(https://learn.microsoft.com/dotnet/fundamentals/code-analysis/style-rules/ide0058) [C:\UserWorx\VSWorx\ServoStudio\wpfui-servoStudio\samples\Wpf.Ui.servoStudio\servoStudio.csproj]
C:\UserWorx\VSWorx\ServoStudio\wpfui-servoStudio\samples\Wpf.Ui.servoStudio\ViewModels\AppData\PidAdjustViewModel.cs(455,21): warning IDE0058: 姘歌繙涓嶄細浣跨敤琛ㄨ揪寮忓€?(https://learn.microsoft.com/dotnet/fundamentals/code-analysis/style-rules/ide0058) [C:\UserWorx\VSWorx\ServoStudio\wpfui-servoStudio\samples\Wpf.Ui.servoStudio\servoStudio.csproj]
C:\UserWorx\VSWorx\ServoStudio\wpfui-servoStudio\samples\Wpf.Ui.servoStudio\ViewModels\AppData\PidAdjustViewModel.cs(457,21): warning IDE0058: 姘歌繙涓嶄細浣跨敤琛ㄨ揪寮忓€?(https://learn.microsoft.com/dotnet/fundamentals/code-analysis/style-rules/ide0058) [C:\UserWorx\VSWorx\ServoStudio\wpfui-servoStudio\samples\Wpf.Ui.servoStudio\servoStudio.csproj]
C:\UserWorx\VSWorx\ServoStudio\wpfui-servoStudio\samples\Wpf.Ui.servoStudio\ViewModels\AppData\PidAdjustViewModel.cs(459,21): warning IDE0058: 姘歌繙涓嶄細浣跨敤琛ㄨ揪寮忓€?(https://learn.microsoft.com/dotnet/fundamentals/code-analysis/style-rules/ide0058) [C:\UserWorx\VSWorx\ServoStudio\wpfui-servoStudio\samples\Wpf.Ui.servoStudio\servoStudio.csproj]
C:\UserWorx\VSWorx\ServoStudio\wpfui-servoStudio\samples\Wpf.Ui.servoStudio\ViewModels\Motion\MotionTypeViewModel.cs(265,13): warning IDE0058: 姘歌繙涓嶄細浣跨敤琛ㄨ揪寮忓€?(https://learn.microsoft.com/dotnet/fundamentals/code-analysis/style-rules/ide0058) [C:\UserWorx\VSWorx\ServoStudio\wpfui-servoStudio\samples\Wpf.Ui.servoStudio\servoStudio.csproj]
C:\UserWorx\VSWorx\ServoStudio\wpfui-servoStudio\samples\Wpf.Ui.servoStudio\ViewModels\Motion\MotionTypeViewModel.cs(296,13): warning IDE0058: 姘歌繙涓嶄細浣跨敤琛ㄨ揪寮忓€?(https://learn.microsoft.com/dotnet/fundamentals/code-analysis/style-rules/ide0058) [C:\UserWorx\VSWorx\ServoStudio\wpfui-servoStudio\samples\Wpf.Ui.servoStudio\servoStudio.csproj]
C:\UserWorx\VSWorx\ServoStudio\wpfui-servoStudio\samples\Wpf.Ui.servoStudio\Core\Sync\SpinWaitCyclicTimer.cs(51,9): warning IDE0058: 姘歌繙涓嶄細浣跨敤琛ㄨ揪寮忓€?(https://learn.microsoft.com/dotnet/fundamentals/code-analysis/style-rules/ide0058) [C:\UserWorx\VSWorx\ServoStudio\wpfui-servoStudio\samples\Wpf.Ui.servoStudio\servoStudio.csproj]
C:\UserWorx\VSWorx\ServoStudio\wpfui-servoStudio\samples\Wpf.Ui.servoStudio\Core\Sync\SpinWaitCyclicTimer.cs(52,9): warning IDE0058: 姘歌繙涓嶄細浣跨敤琛ㄨ揪寮忓€?(https://learn.microsoft.com/dotnet/fundamentals/code-analysis/style-rules/ide0058) [C:\UserWorx\VSWorx\ServoStudio\wpfui-servoStudio\samples\Wpf.Ui.servoStudio\servoStudio.csproj]
C:\UserWorx\VSWorx\ServoStudio\wpfui-servoStudio\samples\Wpf.Ui.servoStudio\Core\Sync\SpinWaitCyclicTimer.cs(53,9): warning IDE0058: 姘歌繙涓嶄細浣跨敤琛ㄨ揪寮忓€?(https://learn.microsoft.com/dotnet/fundamentals/code-analysis/style-rules/ide0058) [C:\UserWorx\VSWorx\ServoStudio\wpfui-servoStudio\samples\Wpf.Ui.servoStudio\servoStudio.csproj]
C:\UserWorx\VSWorx\ServoStudio\wpfui-servoStudio\samples\Wpf.Ui.servoStudio\Core\Sync\SpinWaitCyclicTimer.cs(103,17): warning IDE0058: 姘歌繙涓嶄細浣跨敤琛ㄨ揪寮忓€?(https://learn.microsoft.com/dotnet/fundamentals/code-analysis/style-rules/ide0058) [C:\UserWorx\VSWorx\ServoStudio\wpfui-servoStudio\samples\Wpf.Ui.servoStudio\servoStudio.csproj]
C:\UserWorx\VSWorx\ServoStudio\wpfui-servoStudio\samples\Wpf.Ui.servoStudio\Core\Sync\SpinWaitCyclicTimer.cs(106,25): warning IDE0058: 姘歌繙涓嶄細浣跨敤琛ㄨ揪寮忓€?(https://learn.microsoft.com/dotnet/fundamentals/code-analysis/style-rules/ide0058) [C:\UserWorx\VSWorx\ServoStudio\wpfui-servoStudio\samples\Wpf.Ui.servoStudio\servoStudio.csproj]
C:\UserWorx\VSWorx\ServoStudio\wpfui-servoStudio\samples\Wpf.Ui.servoStudio\Core\Sync\SpinWaitCyclicTimer.cs(108,17): warning IDE0058: 姘歌繙涓嶄細浣跨敤琛ㄨ揪寮忓€?(https://learn.microsoft.com/dotnet/fundamentals/code-analysis/style-rules/ide0058) [C:\UserWorx\VSWorx\ServoStudio\wpfui-servoStudio\samples\Wpf.Ui.servoStudio\servoStudio.csproj]
C:\UserWorx\VSWorx\ServoStudio\wpfui-servoStudio\samples\Wpf.Ui.servoStudio\Views\Pages\AppDataPages\DataViewPage.xaml.cs(562,9): warning IDE0008: 鐢ㄦ樉寮忕被鍨嬩唬鏇?"var" (https://learn.microsoft.com/dotnet/fundamentals/code-analysis/style-rules/ide0008) [C:\UserWorx\VSWorx\ServoStudio\wpfui-servoStudio\samples\Wpf.Ui.servoStudio\servoStudio.csproj]
C:\UserWorx\VSWorx\ServoStudio\wpfui-servoStudio\samples\Wpf.Ui.servoStudio\ViewModels\FaultInfoViewModel.cs(297,9): warning IDE0011: 鍚?鈥渇oreach鈥?璇彞娣诲姞澶ф嫭鍙枫€?(https://learn.microsoft.com/dotnet/fundamentals/code-analysis/style-rules/ide0011) [C:\UserWorx\VSWorx\ServoStudio\wpfui-servoStudio\samples\Wpf.Ui.servoStudio\servoStudio.csproj]
C:\UserWorx\VSWorx\ServoStudio\wpfui-servoStudio\samples\Wpf.Ui.servoStudio\ViewModels\Factory\FactoryViewModel.cs(66,9): warning IDE0058: 姘歌繙涓嶄細浣跨敤琛ㄨ揪寮忓€?(https://learn.microsoft.com/dotnet/fundamentals/code-analysis/style-rules/ide0058) [C:\UserWorx\VSWorx\ServoStudio\wpfui-servoStudio\samples\Wpf.Ui.servoStudio\servoStudio.csproj]
C:\UserWorx\VSWorx\ServoStudio\wpfui-servoStudio\samples\Wpf.Ui.servoStudio\Views\Pages\AppDataPages\DataViewPage.xaml.cs(594,18): warning IDE0008: 鐢ㄦ樉寮忕被鍨嬩唬鏇?"var" (https://learn.microsoft.com/dotnet/fundamentals/code-analysis/style-rules/ide0008) [C:\UserWorx\VSWorx\ServoStudio\wpfui-servoStudio\samples\Wpf.Ui.servoStudio\servoStudio.csproj]
C:\UserWorx\VSWorx\ServoStudio\wpfui-servoStudio\samples\Wpf.Ui.servoStudio\Core\EtherCAT\EtherCatCyclicSyncService.cs(70,9): warning IDE0058: 姘歌繙涓嶄細浣跨敤琛ㄨ揪寮忓€?(https://learn.microsoft.com/dotnet/fundamentals/code-analysis/style-rules/ide0058) [C:\UserWorx\VSWorx\ServoStudio\wpfui-servoStudio\samples\Wpf.Ui.servoStudio\servoStudio.csproj]
C:\UserWorx\VSWorx\ServoStudio\wpfui-servoStudio\samples\Wpf.Ui.servoStudio\Core\EtherCAT\EtherCatCyclicSyncService.cs(71,9): warning IDE0058: 姘歌繙涓嶄細浣跨敤琛ㄨ揪寮忓€?(https://learn.microsoft.com/dotnet/fundamentals/code-analysis/style-rules/ide0058) [C:\UserWorx\VSWorx\ServoStudio\wpfui-servoStudio\samples\Wpf.Ui.servoStudio\servoStudio.csproj]
C:\UserWorx\VSWorx\ServoStudio\wpfui-servoStudio\samples\Wpf.Ui.servoStudio\Core\EtherCAT\EtherCatCyclicSyncService.cs(81,21): warning IDE0058: 姘歌繙涓嶄細浣跨敤琛ㄨ揪寮忓€?(https://learn.microsoft.com/dotnet/fundamentals/code-analysis/style-rules/ide0058) [C:\UserWorx\VSWorx\ServoStudio\wpfui-servoStudio\samples\Wpf.Ui.servoStudio\servoStudio.csproj]
C:\UserWorx\VSWorx\ServoStudio\wpfui-servoStudio\samples\Wpf.Ui.servoStudio\Core\EtherCAT\EtherCatCyclicSyncService.cs(84,21): warning IDE0058: 姘歌繙涓嶄細浣跨敤琛ㄨ揪寮忓€?(https://learn.microsoft.com/dotnet/fundamentals/code-analysis/style-rules/ide0058) [C:\UserWorx\VSWorx\ServoStudio\wpfui-servoStudio\samples\Wpf.Ui.servoStudio\servoStudio.csproj]
C:\UserWorx\VSWorx\ServoStudio\wpfui-servoStudio\samples\Wpf.Ui.servoStudio\Core\EtherCAT\EtherCatCyclicSyncService.cs(86,13): warning IDE0058: 姘歌繙涓嶄細浣跨敤琛ㄨ揪寮忓€?(https://learn.microsoft.com/dotnet/fundamentals/code-analysis/style-rules/ide0058) [C:\UserWorx\VSWorx\ServoStudio\wpfui-servoStudio\samples\Wpf.Ui.servoStudio\servoStudio.csproj]
C:\UserWorx\VSWorx\ServoStudio\wpfui-servoStudio\samples\Wpf.Ui.servoStudio\ViewModels\ControlViewModel.cs(460,13): warning IDE0008: 鐢ㄦ樉寮忕被鍨嬩唬鏇?"var" (https://learn.microsoft.com/dotnet/fundamentals/code-analysis/style-rules/ide0008) [C:\UserWorx\VSWorx\ServoStudio\wpfui-servoStudio\samples\Wpf.Ui.servoStudio\servoStudio.csproj]
C:\UserWorx\VSWorx\ServoStudio\wpfui-servoStudio\samples\Wpf.Ui.servoStudio\ViewModels\ControlViewModel.cs(461,13): warning IDE0008: 鐢ㄦ樉寮忕被鍨嬩唬鏇?"var" (https://learn.microsoft.com/dotnet/fundamentals/code-analysis/style-rules/ide0008) [C:\UserWorx\VSWorx\ServoStudio\wpfui-servoStudio\samples\Wpf.Ui.servoStudio\servoStudio.csproj]
C:\UserWorx\VSWorx\ServoStudio\wpfui-servoStudio\samples\Wpf.Ui.servoStudio\ViewModels\FaultInfoViewModel.cs(324,9): warning IDE0011: 鍚?鈥渇oreach鈥?璇彞娣诲姞澶ф嫭鍙枫€?(https://learn.microsoft.com/dotnet/fundamentals/code-analysis/style-rules/ide0011) [C:\UserWorx\VSWorx\ServoStudio\wpfui-servoStudio\samples\Wpf.Ui.servoStudio\servoStudio.csproj]
C:\UserWorx\VSWorx\ServoStudio\wpfui-servoStudio\samples\Wpf.Ui.servoStudio\ViewModels\Firmware\FirmwareProgramViewModel.cs(679,9): warning IDE0011: 鍚?鈥渋f鈥?璇彞娣诲姞澶ф嫭鍙枫€?(https://learn.microsoft.com/dotnet/fundamentals/code-analysis/style-rules/ide0011) [C:\UserWorx\VSWorx\ServoStudio\wpfui-servoStudio\samples\Wpf.Ui.servoStudio\servoStudio.csproj]
C:\UserWorx\VSWorx\ServoStudio\wpfui-servoStudio\samples\Wpf.Ui.servoStudio\ViewModels\Firmware\FirmwareProgramViewModel.cs(717,17): warning IDE0011: 鍚?鈥渋f鈥?璇彞娣诲姞澶ф嫭鍙枫€?(https://learn.microsoft.com/dotnet/fundamentals/code-analysis/style-rules/ide0011) [C:\UserWorx\VSWorx\ServoStudio\wpfui-servoStudio\samples\Wpf.Ui.servoStudio\servoStudio.csproj]
C:\UserWorx\VSWorx\ServoStudio\wpfui-servoStudio\samples\Wpf.Ui.servoStudio\ViewModels\ControlViewModel.cs(475,17): warning IDE0058: 姘歌繙涓嶄細浣跨敤琛ㄨ揪寮忓€?(https://learn.microsoft.com/dotnet/fundamentals/code-analysis/style-rules/ide0058) [C:\UserWorx\VSWorx\ServoStudio\wpfui-servoStudio\samples\Wpf.Ui.servoStudio\servoStudio.csproj]
C:\UserWorx\VSWorx\ServoStudio\wpfui-servoStudio\samples\Wpf.Ui.servoStudio\ViewModels\Motion\MotionTypeViewModel.cs(76,38): warning IDE0055: 淇鏍煎紡 (https://learn.microsoft.com/dotnet/fundamentals/code-analysis/style-rules/ide0055) [C:\UserWorx\VSWorx\ServoStudio\wpfui-servoStudio\samples\Wpf.Ui.servoStudio\servoStudio.csproj]
C:\UserWorx\VSWorx\ServoStudio\wpfui-servoStudio\samples\Wpf.Ui.servoStudio\ViewModels\Motion\MotionTypeViewModel.cs(165,45): warning IDE0055: 淇鏍煎紡 (https://learn.microsoft.com/dotnet/fundamentals/code-analysis/style-rules/ide0055) [C:\UserWorx\VSWorx\ServoStudio\wpfui-servoStudio\samples\Wpf.Ui.servoStudio\servoStudio.csproj]
C:\UserWorx\VSWorx\ServoStudio\wpfui-servoStudio\samples\Wpf.Ui.servoStudio\ViewModels\Motion\MotionTypeViewModel.cs(166,50): warning IDE0055: 淇鏍煎紡 (https://learn.microsoft.com/dotnet/fundamentals/code-analysis/style-rules/ide0055) [C:\UserWorx\VSWorx\ServoStudio\wpfui-servoStudio\samples\Wpf.Ui.servoStudio\servoStudio.csproj]
C:\UserWorx\VSWorx\ServoStudio\wpfui-servoStudio\samples\Wpf.Ui.servoStudio\ViewModels\Motion\MotionTypeViewModel.cs(1592,20): warning IDE0055: 淇鏍煎紡 (https://learn.microsoft.com/dotnet/fundamentals/code-analysis/style-rules/ide0055) [C:\UserWorx\VSWorx\ServoStudio\wpfui-servoStudio\samples\Wpf.Ui.servoStudio\servoStudio.csproj]
C:\UserWorx\VSWorx\ServoStudio\wpfui-servoStudio\samples\Wpf.Ui.servoStudio\ViewModels\Motion\MotionTypeViewModel.cs(1592,22): warning IDE0055: 淇鏍煎紡 (https://learn.microsoft.com/dotnet/fundamentals/code-analysis/style-rules/ide0055) [C:\UserWorx\VSWorx\ServoStudio\wpfui-servoStudio\samples\Wpf.Ui.servoStudio\servoStudio.csproj]
C:\UserWorx\VSWorx\ServoStudio\wpfui-servoStudio\samples\Wpf.Ui.servoStudio\ViewModels\Motion\MotionTypeViewModel.cs(1592,60): warning IDE0055: 淇鏍煎紡 (https://learn.microsoft.com/dotnet/fundamentals/code-analysis/style-rules/ide0055) [C:\UserWorx\VSWorx\ServoStudio\wpfui-servoStudio\samples\Wpf.Ui.servoStudio\servoStudio.csproj]
C:\UserWorx\VSWorx\ServoStudio\wpfui-servoStudio\samples\Wpf.Ui.servoStudio\ViewModels\Motion\MotionTypeViewModel.cs(1705,42): warning IDE0055: 淇鏍煎紡 (https://learn.microsoft.com/dotnet/fundamentals/code-analysis/style-rules/ide0055) [C:\UserWorx\VSWorx\ServoStudio\wpfui-servoStudio\samples\Wpf.Ui.servoStudio\servoStudio.csproj]
C:\UserWorx\VSWorx\ServoStudio\wpfui-servoStudio\samples\Wpf.Ui.servoStudio\ViewModels\Motion\MotionTypeViewModel.cs(1705,44): warning IDE0055: 淇鏍煎紡 (https://learn.microsoft.com/dotnet/fundamentals/code-analysis/style-rules/ide0055) [C:\UserWorx\VSWorx\ServoStudio\wpfui-servoStudio\samples\Wpf.Ui.servoStudio\servoStudio.csproj]
C:\UserWorx\VSWorx\ServoStudio\wpfui-servoStudio\samples\Wpf.Ui.servoStudio\ViewModels\Motion\MotionTypeViewModel.cs(1705,65): warning IDE0055: 淇鏍煎紡 (https://learn.microsoft.com/dotnet/fundamentals/code-analysis/style-rules/ide0055) [C:\UserWorx\VSWorx\ServoStudio\wpfui-servoStudio\samples\Wpf.Ui.servoStudio\servoStudio.csproj]
C:\UserWorx\VSWorx\ServoStudio\wpfui-servoStudio\samples\Wpf.Ui.servoStudio\ViewModels\Motion\MotionTypeViewModel.cs(1705,73): warning IDE0055: 淇鏍煎紡 (https://learn.microsoft.com/dotnet/fundamentals/code-analysis/style-rules/ide0055) [C:\UserWorx\VSWorx\ServoStudio\wpfui-servoStudio\samples\Wpf.Ui.servoStudio\servoStudio.csproj]
C:\UserWorx\VSWorx\ServoStudio\wpfui-servoStudio\samples\Wpf.Ui.servoStudio\ViewModels\Motion\MotionTypeViewModel.cs(1707,78): warning IDE0055: 淇鏍煎紡 (https://learn.microsoft.com/dotnet/fundamentals/code-analysis/style-rules/ide0055) [C:\UserWorx\VSWorx\ServoStudio\wpfui-servoStudio\samples\Wpf.Ui.servoStudio\servoStudio.csproj]
C:\UserWorx\VSWorx\ServoStudio\wpfui-servoStudio\samples\Wpf.Ui.servoStudio\ViewModels\Motion\MotionTypeViewModel.cs(1708,91): warning IDE0055: 淇鏍煎紡 (https://learn.microsoft.com/dotnet/fundamentals/code-analysis/style-rules/ide0055) [C:\UserWorx\VSWorx\ServoStudio\wpfui-servoStudio\samples\Wpf.Ui.servoStudio\servoStudio.csproj]
C:\UserWorx\VSWorx\ServoStudio\wpfui-servoStudio\samples\Wpf.Ui.servoStudio\ViewModels\Motion\MotionTypeViewModel.cs(1709,81): warning IDE0055: 淇鏍煎紡 (https://learn.microsoft.com/dotnet/fundamentals/code-analysis/style-rules/ide0055) [C:\UserWorx\VSWorx\ServoStudio\wpfui-servoStudio\samples\Wpf.Ui.servoStudio\servoStudio.csproj]
C:\UserWorx\VSWorx\ServoStudio\wpfui-servoStudio\samples\Wpf.Ui.servoStudio\ViewModels\Motion\MotionTypeViewModel.cs(1710,83): warning IDE0055: 淇鏍煎紡 (https://learn.microsoft.com/dotnet/fundamentals/code-analysis/style-rules/ide0055) [C:\UserWorx\VSWorx\ServoStudio\wpfui-servoStudio\samples\Wpf.Ui.servoStudio\servoStudio.csproj]
C:\UserWorx\VSWorx\ServoStudio\wpfui-servoStudio\samples\Wpf.Ui.servoStudio\ViewModels\Motion\MotionTypeViewModel.cs(1711,83): warning IDE0055: 淇鏍煎紡 (https://learn.microsoft.com/dotnet/fundamentals/code-analysis/style-rules/ide0055) [C:\UserWorx\VSWorx\ServoStudio\wpfui-servoStudio\samples\Wpf.Ui.servoStudio\servoStudio.csproj]
C:\UserWorx\VSWorx\ServoStudio\wpfui-servoStudio\samples\Wpf.Ui.servoStudio\ViewModels\Motion\MotionTypeViewModel.cs(1712,83): warning IDE0055: 淇鏍煎紡 (https://learn.microsoft.com/dotnet/fundamentals/code-analysis/style-rules/ide0055) [C:\UserWorx\VSWorx\ServoStudio\wpfui-servoStudio\samples\Wpf.Ui.servoStudio\servoStudio.csproj]
C:\UserWorx\VSWorx\ServoStudio\wpfui-servoStudio\samples\Wpf.Ui.servoStudio\ViewModels\Motion\MotionTypeViewModel.cs(1719,42): warning IDE0055: 淇鏍煎紡 (https://learn.microsoft.com/dotnet/fundamentals/code-analysis/style-rules/ide0055) [C:\UserWorx\VSWorx\ServoStudio\wpfui-servoStudio\samples\Wpf.Ui.servoStudio\servoStudio.csproj]
C:\UserWorx\VSWorx\ServoStudio\wpfui-servoStudio\samples\Wpf.Ui.servoStudio\ViewModels\Motion\MotionTypeViewModel.cs(1719,44): warning IDE0055: 淇鏍煎紡 (https://learn.microsoft.com/dotnet/fundamentals/code-analysis/style-rules/ide0055) [C:\UserWorx\VSWorx\ServoStudio\wpfui-servoStudio\samples\Wpf.Ui.servoStudio\servoStudio.csproj]
C:\UserWorx\VSWorx\ServoStudio\wpfui-servoStudio\samples\Wpf.Ui.servoStudio\ViewModels\Motion\MotionTypeViewModel.cs(1719,65): warning IDE0055: 淇鏍煎紡 (https://learn.microsoft.com/dotnet/fundamentals/code-analysis/style-rules/ide0055) [C:\UserWorx\VSWorx\ServoStudio\wpfui-servoStudio\samples\Wpf.Ui.servoStudio\servoStudio.csproj]
C:\UserWorx\VSWorx\ServoStudio\wpfui-servoStudio\samples\Wpf.Ui.servoStudio\ViewModels\Motion\MotionTypeViewModel.cs(1719,73): warning IDE0055: 淇鏍煎紡 (https://learn.microsoft.com/dotnet/fundamentals/code-analysis/style-rules/ide0055) [C:\UserWorx\VSWorx\ServoStudio\wpfui-servoStudio\samples\Wpf.Ui.servoStudio\servoStudio.csproj]
C:\UserWorx\VSWorx\ServoStudio\wpfui-servoStudio\samples\Wpf.Ui.servoStudio\ViewModels\FaultInfoViewModel.cs(353,9): warning IDE0011: 鍚?鈥渋f鈥?璇彞娣诲姞澶ф嫭鍙枫€?(https://learn.microsoft.com/dotnet/fundamentals/code-analysis/style-rules/ide0011) [C:\UserWorx\VSWorx\ServoStudio\wpfui-servoStudio\samples\Wpf.Ui.servoStudio\servoStudio.csproj]
C:\UserWorx\VSWorx\ServoStudio\wpfui-servoStudio\samples\Wpf.Ui.servoStudio\ViewModels\Motion\MotionTypeViewModel.cs(236,13): warning IDE2003: 鍧椾笌鍚庣画璇彞涔嬮棿闇€瑕佹湁绌虹櫧琛?(https://learn.microsoft.com/dotnet/fundamentals/code-analysis/style-rules/ide2003) [C:\UserWorx\VSWorx\ServoStudio\wpfui-servoStudio\samples\Wpf.Ui.servoStudio\servoStudio.csproj]
C:\UserWorx\VSWorx\ServoStudio\wpfui-servoStudio\samples\Wpf.Ui.servoStudio\ViewModels\Motion\MotionTypeViewModel.cs(247,13): warning IDE2003: 鍧椾笌鍚庣画璇彞涔嬮棿闇€瑕佹湁绌虹櫧琛?(https://learn.microsoft.com/dotnet/fundamentals/code-analysis/style-rules/ide2003) [C:\UserWorx\VSWorx\ServoStudio\wpfui-servoStudio\samples\Wpf.Ui.servoStudio\servoStudio.csproj]
C:\UserWorx\VSWorx\ServoStudio\wpfui-servoStudio\samples\Wpf.Ui.servoStudio\ViewModels\Motion\MotionTypeViewModel.cs(280,13): warning IDE2003: 鍧椾笌鍚庣画璇彞涔嬮棿闇€瑕佹湁绌虹櫧琛?(https://learn.microsoft.com/dotnet/fundamentals/code-analysis/style-rules/ide2003) [C:\UserWorx\VSWorx\ServoStudio\wpfui-servoStudio\samples\Wpf.Ui.servoStudio\servoStudio.csproj]
C:\UserWorx\VSWorx\ServoStudio\wpfui-servoStudio\samples\Wpf.Ui.servoStudio\ViewModels\Motion\MotionTypeViewModel.cs(274,17): warning IDE2003: 鍧椾笌鍚庣画璇彞涔嬮棿闇€瑕佹湁绌虹櫧琛?(https://learn.microsoft.com/dotnet/fundamentals/code-analysis/style-rules/ide2003) [C:\UserWorx\VSWorx\ServoStudio\wpfui-servoStudio\samples\Wpf.Ui.servoStudio\servoStudio.csproj]
C:\UserWorx\VSWorx\ServoStudio\wpfui-servoStudio\samples\Wpf.Ui.servoStudio\ViewModels\Motion\MotionTypeViewModel.cs(287,17): warning IDE2003: 鍧椾笌鍚庣画璇彞涔嬮棿闇€瑕佹湁绌虹櫧琛?(https://learn.microsoft.com/dotnet/fundamentals/code-analysis/style-rules/ide2003) [C:\UserWorx\VSWorx\ServoStudio\wpfui-servoStudio\samples\Wpf.Ui.servoStudio\servoStudio.csproj]
C:\UserWorx\VSWorx\ServoStudio\wpfui-servoStudio\samples\Wpf.Ui.servoStudio\ViewModels\Motion\MotionTypeViewModel.cs(333,13): warning IDE2003: 鍧椾笌鍚庣画璇彞涔嬮棿闇€瑕佹湁绌虹櫧琛?(https://learn.microsoft.com/dotnet/fundamentals/code-analysis/style-rules/ide2003) [C:\UserWorx\VSWorx\ServoStudio\wpfui-servoStudio\samples\Wpf.Ui.servoStudio\servoStudio.csproj]
C:\UserWorx\VSWorx\ServoStudio\wpfui-servoStudio\samples\Wpf.Ui.servoStudio\ViewModels\Motion\MotionTypeViewModel.cs(363,13): warning IDE2003: 鍧椾笌鍚庣画璇彞涔嬮棿闇€瑕佹湁绌虹櫧琛?(https://learn.microsoft.com/dotnet/fundamentals/code-analysis/style-rules/ide2003) [C:\UserWorx\VSWorx\ServoStudio\wpfui-servoStudio\samples\Wpf.Ui.servoStudio\servoStudio.csproj]
C:\UserWorx\VSWorx\ServoStudio\wpfui-servoStudio\samples\Wpf.Ui.servoStudio\ViewModels\Motion\MotionTypeViewModel.cs(380,13): warning IDE2003: 鍧椾笌鍚庣画璇彞涔嬮棿闇€瑕佹湁绌虹櫧琛?(https://learn.microsoft.com/dotnet/fundamentals/code-analysis/style-rules/ide2003) [C:\UserWorx\VSWorx\ServoStudio\wpfui-servoStudio\samples\Wpf.Ui.servoStudio\servoStudio.csproj]
C:\UserWorx\VSWorx\ServoStudio\wpfui-servoStudio\samples\Wpf.Ui.servoStudio\ViewModels\Motion\MotionTypeViewModel.cs(401,13): warning IDE2003: 鍧椾笌鍚庣画璇彞涔嬮棿闇€瑕佹湁绌虹櫧琛?(https://learn.microsoft.com/dotnet/fundamentals/code-analysis/style-rules/ide2003) [C:\UserWorx\VSWorx\ServoStudio\wpfui-servoStudio\samples\Wpf.Ui.servoStudio\servoStudio.csproj]
C:\UserWorx\VSWorx\ServoStudio\wpfui-servoStudio\samples\Wpf.Ui.servoStudio\ViewModels\Motion\MotionTypeViewModel.cs(406,13): warning IDE2003: 鍧椾笌鍚庣画璇彞涔嬮棿闇€瑕佹湁绌虹櫧琛?(https://learn.microsoft.com/dotnet/fundamentals/code-analysis/style-rules/ide2003) [C:\UserWorx\VSWorx\ServoStudio\wpfui-servoStudio\samples\Wpf.Ui.servoStudio\servoStudio.csproj]
C:\UserWorx\VSWorx\ServoStudio\wpfui-servoStudio\samples\Wpf.Ui.servoStudio\ViewModels\Motion\MotionTypeViewModel.cs(537,9): warning IDE2003: 鍧椾笌鍚庣画璇彞涔嬮棿闇€瑕佹湁绌虹櫧琛?(https://learn.microsoft.com/dotnet/fundamentals/code-analysis/style-rules/ide2003) [C:\UserWorx\VSWorx\ServoStudio\wpfui-servoStudio\samples\Wpf.Ui.servoStudio\servoStudio.csproj]
C:\UserWorx\VSWorx\ServoStudio\wpfui-servoStudio\samples\Wpf.Ui.servoStudio\ViewModels\Motion\MotionTypeViewModel.cs(533,21): warning IDE2003: 鍧椾笌鍚庣画璇彞涔嬮棿闇€瑕佹湁绌虹櫧琛?(https://learn.microsoft.com/dotnet/fundamentals/code-analysis/style-rules/ide2003) [C:\UserWorx\VSWorx\ServoStudio\wpfui-servoStudio\samples\Wpf.Ui.servoStudio\servoStudio.csproj]
C:\UserWorx\VSWorx\ServoStudio\wpfui-servoStudio\samples\Wpf.Ui.servoStudio\ViewModels\Firmware\FirmwareProgramViewModel.cs(735,9): warning IDE0011: 鍚?鈥渋f鈥?璇彞娣诲姞澶ф嫭鍙枫€?(https://learn.microsoft.com/dotnet/fundamentals/code-analysis/style-rules/ide0011) [C:\UserWorx\VSWorx\ServoStudio\wpfui-servoStudio\samples\Wpf.Ui.servoStudio\servoStudio.csproj]
C:\UserWorx\VSWorx\ServoStudio\wpfui-servoStudio\samples\Wpf.Ui.servoStudio\Views\Pages\AppDataPages\DataViewPage.xaml.cs(640,13): warning IDE0008: 鐢ㄦ樉寮忕被鍨嬩唬鏇?"var" (https://learn.microsoft.com/dotnet/fundamentals/code-analysis/style-rules/ide0008) [C:\UserWorx\VSWorx\ServoStudio\wpfui-servoStudio\samples\Wpf.Ui.servoStudio\servoStudio.csproj]
C:\UserWorx\VSWorx\ServoStudio\wpfui-servoStudio\samples\Wpf.Ui.servoStudio\ViewModels\Firmware\FirmwareProgramViewModel.cs(743,13): warning IDE0011: 鍚?鈥渋f鈥?璇彞娣诲姞澶ф嫭鍙枫€?(https://learn.microsoft.com/dotnet/fundamentals/code-analysis/style-rules/ide0011) [C:\UserWorx\VSWorx\ServoStudio\wpfui-servoStudio\samples\Wpf.Ui.servoStudio\servoStudio.csproj]
C:\UserWorx\VSWorx\ServoStudio\wpfui-servoStudio\samples\Wpf.Ui.servoStudio\ViewModels\Firmware\FirmwareProgramViewModel.cs(747,9): warning IDE0011: 鍚?鈥渋f鈥?璇彞娣诲姞澶ф嫭鍙枫€?(https://learn.microsoft.com/dotnet/fundamentals/code-analysis/style-rules/ide0011) [C:\UserWorx\VSWorx\ServoStudio\wpfui-servoStudio\samples\Wpf.Ui.servoStudio\servoStudio.csproj]
C:\UserWorx\VSWorx\ServoStudio\wpfui-servoStudio\samples\Wpf.Ui.servoStudio\ViewModels\Motion\MotionTypeViewModel.cs(1705,74): warning IDE2003: 鍧椾笌鍚庣画璇彞涔嬮棿闇€瑕佹湁绌虹櫧琛?(https://learn.microsoft.com/dotnet/fundamentals/code-analysis/style-rules/ide2003) [C:\UserWorx\VSWorx\ServoStudio\wpfui-servoStudio\samples\Wpf.Ui.servoStudio\servoStudio.csproj]
C:\UserWorx\VSWorx\ServoStudio\wpfui-servoStudio\samples\Wpf.Ui.servoStudio\ViewModels\Motion\MotionTypeViewModel.cs(1719,74): warning IDE2003: 鍧椾笌鍚庣画璇彞涔嬮棿闇€瑕佹湁绌虹櫧琛?(https://learn.microsoft.com/dotnet/fundamentals/code-analysis/style-rules/ide2003) [C:\UserWorx\VSWorx\ServoStudio\wpfui-servoStudio\samples\Wpf.Ui.servoStudio\servoStudio.csproj]
C:\UserWorx\VSWorx\ServoStudio\wpfui-servoStudio\samples\Wpf.Ui.servoStudio\ViewModels\Motion\MotionTypeViewModel.cs(414,13): warning IDE0008: 鐢ㄦ樉寮忕被鍨嬩唬鏇?"var" (https://learn.microsoft.com/dotnet/fundamentals/code-analysis/style-rules/ide0008) [C:\UserWorx\VSWorx\ServoStudio\wpfui-servoStudio\samples\Wpf.Ui.servoStudio\servoStudio.csproj]
C:\UserWorx\VSWorx\ServoStudio\wpfui-servoStudio\samples\Wpf.Ui.servoStudio\ViewModels\Motion\MotionTypeViewModel.cs(407,13): warning IDE0058: 姘歌繙涓嶄細浣跨敤琛ㄨ揪寮忓€?(https://learn.microsoft.com/dotnet/fundamentals/code-analysis/style-rules/ide0058) [C:\UserWorx\VSWorx\ServoStudio\wpfui-servoStudio\samples\Wpf.Ui.servoStudio\servoStudio.csproj]
C:\UserWorx\VSWorx\ServoStudio\wpfui-servoStudio\samples\Wpf.Ui.servoStudio\ViewModels\Motion\MotionTypeViewModel.cs(417,17): warning IDE0058: 姘歌繙涓嶄細浣跨敤琛ㄨ揪寮忓€?(https://learn.microsoft.com/dotnet/fundamentals/code-analysis/style-rules/ide0058) [C:\UserWorx\VSWorx\ServoStudio\wpfui-servoStudio\samples\Wpf.Ui.servoStudio\servoStudio.csproj]
C:\UserWorx\VSWorx\ServoStudio\wpfui-servoStudio\samples\Wpf.Ui.servoStudio\Core\Sync\PeriodicTimerCyclicTimer.cs(54,9): warning IDE0058: 姘歌繙涓嶄細浣跨敤琛ㄨ揪寮忓€?(https://learn.microsoft.com/dotnet/fundamentals/code-analysis/style-rules/ide0058) [C:\UserWorx\VSWorx\ServoStudio\wpfui-servoStudio\samples\Wpf.Ui.servoStudio\servoStudio.csproj]
C:\UserWorx\VSWorx\ServoStudio\wpfui-servoStudio\samples\Wpf.Ui.servoStudio\Core\Sync\PeriodicTimerCyclicTimer.cs(55,9): warning IDE0058: 姘歌繙涓嶄細浣跨敤琛ㄨ揪寮忓€?(https://learn.microsoft.com/dotnet/fundamentals/code-analysis/style-rules/ide0058) [C:\UserWorx\VSWorx\ServoStudio\wpfui-servoStudio\samples\Wpf.Ui.servoStudio\servoStudio.csproj]
C:\UserWorx\VSWorx\ServoStudio\wpfui-servoStudio\samples\Wpf.Ui.servoStudio\Core\Sync\PeriodicTimerCyclicTimer.cs(56,9): warning IDE0058: 姘歌繙涓嶄細浣跨敤琛ㄨ揪寮忓€?(https://learn.microsoft.com/dotnet/fundamentals/code-analysis/style-rules/ide0058) [C:\UserWorx\VSWorx\ServoStudio\wpfui-servoStudio\samples\Wpf.Ui.servoStudio\servoStudio.csproj]
C:\UserWorx\VSWorx\ServoStudio\wpfui-servoStudio\samples\Wpf.Ui.servoStudio\Core\Sync\PeriodicTimerCyclicTimer.cs(81,21): warning IDE0058: 姘歌繙涓嶄細浣跨敤琛ㄨ揪寮忓€?(https://learn.microsoft.com/dotnet/fundamentals/code-analysis/style-rules/ide0058) [C:\UserWorx\VSWorx\ServoStudio\wpfui-servoStudio\samples\Wpf.Ui.servoStudio\servoStudio.csproj]
C:\UserWorx\VSWorx\ServoStudio\wpfui-servoStudio\samples\Wpf.Ui.servoStudio\Core\Sync\PeriodicTimerCyclicTimer.cs(84,29): warning IDE0058: 姘歌繙涓嶄細浣跨敤琛ㄨ揪寮忓€?(https://learn.microsoft.com/dotnet/fundamentals/code-analysis/style-rules/ide0058) [C:\UserWorx\VSWorx\ServoStudio\wpfui-servoStudio\samples\Wpf.Ui.servoStudio\servoStudio.csproj]
C:\UserWorx\VSWorx\ServoStudio\wpfui-servoStudio\samples\Wpf.Ui.servoStudio\Core\Sync\PeriodicTimerCyclicTimer.cs(86,21): warning IDE0058: 姘歌繙涓嶄細浣跨敤琛ㄨ揪寮忓€?(https://learn.microsoft.com/dotnet/fundamentals/code-analysis/style-rules/ide0058) [C:\UserWorx\VSWorx\ServoStudio\wpfui-servoStudio\samples\Wpf.Ui.servoStudio\servoStudio.csproj]
C:\UserWorx\VSWorx\ServoStudio\wpfui-servoStudio\samples\Wpf.Ui.servoStudio\ViewModels\Motion\MultiStepProfileViewModel.cs(56,44): warning IDE0055: 淇鏍煎紡 (https://learn.microsoft.com/dotnet/fundamentals/code-analysis/style-rules/ide0055) [C:\UserWorx\VSWorx\ServoStudio\wpfui-servoStudio\samples\Wpf.Ui.servoStudio\servoStudio.csproj]
C:\UserWorx\VSWorx\ServoStudio\wpfui-servoStudio\samples\Wpf.Ui.servoStudio\ViewModels\Motion\MultiStepProfileViewModel.cs(56,46): warning IDE0055: 淇鏍煎紡 (https://learn.microsoft.com/dotnet/fundamentals/code-analysis/style-rules/ide0055) [C:\UserWorx\VSWorx\ServoStudio\wpfui-servoStudio\samples\Wpf.Ui.servoStudio\servoStudio.csproj]
C:\UserWorx\VSWorx\ServoStudio\wpfui-servoStudio\samples\Wpf.Ui.servoStudio\ViewModels\Motion\MultiStepProfileViewModel.cs(56,68): warning IDE0055: 淇鏍煎紡 (https://learn.microsoft.com/dotnet/fundamentals/code-analysis/style-rules/ide0055) [C:\UserWorx\VSWorx\ServoStudio\wpfui-servoStudio\samples\Wpf.Ui.servoStudio\servoStudio.csproj]
C:\UserWorx\VSWorx\ServoStudio\wpfui-servoStudio\samples\Wpf.Ui.servoStudio\ViewModels\Motion\MultiStepProfileViewModel.cs(56,76): warning IDE0055: 淇鏍煎紡 (https://learn.microsoft.com/dotnet/fundamentals/code-analysis/style-rules/ide0055) [C:\UserWorx\VSWorx\ServoStudio\wpfui-servoStudio\samples\Wpf.Ui.servoStudio\servoStudio.csproj]
C:\UserWorx\VSWorx\ServoStudio\wpfui-servoStudio\samples\Wpf.Ui.servoStudio\ViewModels\Motion\MultiStepProfileViewModel.cs(58,46): warning IDE0055: 淇鏍煎紡 (https://learn.microsoft.com/dotnet/fundamentals/code-analysis/style-rules/ide0055) [C:\UserWorx\VSWorx\ServoStudio\wpfui-servoStudio\samples\Wpf.Ui.servoStudio\servoStudio.csproj]
C:\UserWorx\VSWorx\ServoStudio\wpfui-servoStudio\samples\Wpf.Ui.servoStudio\ViewModels\Motion\MultiStepProfileViewModel.cs(58,48): warning IDE0055: 淇鏍煎紡 (https://learn.microsoft.com/dotnet/fundamentals/code-analysis/style-rules/ide0055) [C:\UserWorx\VSWorx\ServoStudio\wpfui-servoStudio\samples\Wpf.Ui.servoStudio\servoStudio.csproj]
C:\UserWorx\VSWorx\ServoStudio\wpfui-servoStudio\samples\Wpf.Ui.servoStudio\ViewModels\Motion\MultiStepProfileViewModel.cs(58,96): warning IDE0055: 淇鏍煎紡 (https://learn.microsoft.com/dotnet/fundamentals/code-analysis/style-rules/ide0055) [C:\UserWorx\VSWorx\ServoStudio\wpfui-servoStudio\samples\Wpf.Ui.servoStudio\servoStudio.csproj]
C:\UserWorx\VSWorx\ServoStudio\wpfui-servoStudio\samples\Wpf.Ui.servoStudio\ViewModels\Motion\MultiStepProfileViewModel.cs(58,109): warning IDE0055: 淇鏍煎紡 (https://learn.microsoft.com/dotnet/fundamentals/code-analysis/style-rules/ide0055) [C:\UserWorx\VSWorx\ServoStudio\wpfui-servoStudio\samples\Wpf.Ui.servoStudio\servoStudio.csproj]
C:\UserWorx\VSWorx\ServoStudio\wpfui-servoStudio\samples\Wpf.Ui.servoStudio\ViewModels\Motion\MultiStepProfileViewModel.cs(58,122): warning IDE0055: 淇鏍煎紡 (https://learn.microsoft.com/dotnet/fundamentals/code-analysis/style-rules/ide0055) [C:\UserWorx\VSWorx\ServoStudio\wpfui-servoStudio\samples\Wpf.Ui.servoStudio\servoStudio.csproj]
C:\UserWorx\VSWorx\ServoStudio\wpfui-servoStudio\samples\Wpf.Ui.servoStudio\ViewModels\Motion\MultiStepProfileViewModel.cs(58,136): warning IDE0055: 淇鏍煎紡 (https://learn.microsoft.com/dotnet/fundamentals/code-analysis/style-rules/ide0055) [C:\UserWorx\VSWorx\ServoStudio\wpfui-servoStudio\samples\Wpf.Ui.servoStudio\servoStudio.csproj]
C:\UserWorx\VSWorx\ServoStudio\wpfui-servoStudio\samples\Wpf.Ui.servoStudio\ViewModels\Motion\MultiStepProfileViewModel.cs(59,45): warning IDE0055: 淇鏍煎紡 (https://learn.microsoft.com/dotnet/fundamentals/code-analysis/style-rules/ide0055) [C:\UserWorx\VSWorx\ServoStudio\wpfui-servoStudio\samples\Wpf.Ui.servoStudio\servoStudio.csproj]
C:\UserWorx\VSWorx\ServoStudio\wpfui-servoStudio\samples\Wpf.Ui.servoStudio\ViewModels\Motion\MultiStepProfileViewModel.cs(59,47): warning IDE0055: 淇鏍煎紡 (https://learn.microsoft.com/dotnet/fundamentals/code-analysis/style-rules/ide0055) [C:\UserWorx\VSWorx\ServoStudio\wpfui-servoStudio\samples\Wpf.Ui.servoStudio\servoStudio.csproj]
C:\UserWorx\VSWorx\ServoStudio\wpfui-servoStudio\samples\Wpf.Ui.servoStudio\ViewModels\Motion\MultiStepProfileViewModel.cs(59,101): warning IDE0055: 淇鏍煎紡 (https://learn.microsoft.com/dotnet/fundamentals/code-analysis/style-rules/ide0055) [C:\UserWorx\VSWorx\ServoStudio\wpfui-servoStudio\samples\Wpf.Ui.servoStudio\servoStudio.csproj]
C:\UserWorx\VSWorx\ServoStudio\wpfui-servoStudio\samples\Wpf.Ui.servoStudio\ViewModels\Motion\MultiStepProfileViewModel.cs(59,114): warning IDE0055: 淇鏍煎紡 (https://learn.microsoft.com/dotnet/fundamentals/code-analysis/style-rules/ide0055) [C:\UserWorx\VSWorx\ServoStudio\wpfui-servoStudio\samples\Wpf.Ui.servoStudio\servoStudio.csproj]
C:\UserWorx\VSWorx\ServoStudio\wpfui-servoStudio\samples\Wpf.Ui.servoStudio\ViewModels\Motion\MultiStepProfileViewModel.cs(59,127): warning IDE0055: 淇鏍煎紡 (https://learn.microsoft.com/dotnet/fundamentals/code-analysis/style-rules/ide0055) [C:\UserWorx\VSWorx\ServoStudio\wpfui-servoStudio\samples\Wpf.Ui.servoStudio\servoStudio.csproj]
C:\UserWorx\VSWorx\ServoStudio\wpfui-servoStudio\samples\Wpf.Ui.servoStudio\ViewModels\Motion\MultiStepProfileViewModel.cs(59,141): warning IDE0055: 淇鏍煎紡 (https://learn.microsoft.com/dotnet/fundamentals/code-analysis/style-rules/ide0055) [C:\UserWorx\VSWorx\ServoStudio\wpfui-servoStudio\samples\Wpf.Ui.servoStudio\servoStudio.csproj]
C:\UserWorx\VSWorx\ServoStudio\wpfui-servoStudio\samples\Wpf.Ui.servoStudio\ViewModels\Motion\MultiStepProfileViewModel.cs(62,39): warning IDE0055: 淇鏍煎紡 (https://learn.microsoft.com/dotnet/fundamentals/code-analysis/style-rules/ide0055) [C:\UserWorx\VSWorx\ServoStudio\wpfui-servoStudio\samples\Wpf.Ui.servoStudio\servoStudio.csproj]
C:\UserWorx\VSWorx\ServoStudio\wpfui-servoStudio\samples\Wpf.Ui.servoStudio\ViewModels\Motion\MultiStepProfileViewModel.cs(62,70): warning IDE0055: 淇鏍煎紡 (https://learn.microsoft.com/dotnet/fundamentals/code-analysis/style-rules/ide0055) [C:\UserWorx\VSWorx\ServoStudio\wpfui-servoStudio\samples\Wpf.Ui.servoStudio\servoStudio.csproj]
C:\UserWorx\VSWorx\ServoStudio\wpfui-servoStudio\samples\Wpf.Ui.servoStudio\ViewModels\Motion\MultiStepProfileViewModel.cs(62,101): warning IDE0055: 淇鏍煎紡 (https://learn.microsoft.com/dotnet/fundamentals/code-analysis/style-rules/ide0055) [C:\UserWorx\VSWorx\ServoStudio\wpfui-servoStudio\samples\Wpf.Ui.servoStudio\servoStudio.csproj]
C:\UserWorx\VSWorx\ServoStudio\wpfui-servoStudio\samples\Wpf.Ui.servoStudio\ViewModels\Motion\MultiStepProfileViewModel.cs(63,39): warning IDE0055: 淇鏍煎紡 (https://learn.microsoft.com/dotnet/fundamentals/code-analysis/style-rules/ide0055) [C:\UserWorx\VSWorx\ServoStudio\wpfui-servoStudio\samples\Wpf.Ui.servoStudio\servoStudio.csproj]
C:\UserWorx\VSWorx\ServoStudio\wpfui-servoStudio\samples\Wpf.Ui.servoStudio\ViewModels\Motion\MultiStepProfileViewModel.cs(63,70): warning IDE0055: 淇鏍煎紡 (https://learn.microsoft.com/dotnet/fundamentals/code-analysis/style-rules/ide0055) [C:\UserWorx\VSWorx\ServoStudio\wpfui-servoStudio\samples\Wpf.Ui.servoStudio\servoStudio.csproj]
C:\UserWorx\VSWorx\ServoStudio\wpfui-servoStudio\samples\Wpf.Ui.servoStudio\ViewModels\Motion\MultiStepProfileViewModel.cs(63,101): warning IDE0055: 淇鏍煎紡 (https://learn.microsoft.com/dotnet/fundamentals/code-analysis/style-rules/ide0055) [C:\UserWorx\VSWorx\ServoStudio\wpfui-servoStudio\samples\Wpf.Ui.servoStudio\servoStudio.csproj]
C:\UserWorx\VSWorx\ServoStudio\wpfui-servoStudio\samples\Wpf.Ui.servoStudio\ViewModels\Motion\MultiStepProfileViewModel.cs(64,41): warning IDE0055: 淇鏍煎紡 (https://learn.microsoft.com/dotnet/fundamentals/code-analysis/style-rules/ide0055) [C:\UserWorx\VSWorx\ServoStudio\wpfui-servoStudio\samples\Wpf.Ui.servoStudio\servoStudio.csproj]
C:\UserWorx\VSWorx\ServoStudio\wpfui-servoStudio\samples\Wpf.Ui.servoStudio\ViewModels\Motion\MultiStepProfileViewModel.cs(65,41): warning IDE0055: 淇鏍煎紡 (https://learn.microsoft.com/dotnet/fundamentals/code-analysis/style-rules/ide0055) [C:\UserWorx\VSWorx\ServoStudio\wpfui-servoStudio\samples\Wpf.Ui.servoStudio\servoStudio.csproj]
C:\UserWorx\VSWorx\ServoStudio\wpfui-servoStudio\samples\Wpf.Ui.servoStudio\ViewModels\Motion\MultiStepProfileViewModel.cs(66,41): warning IDE0055: 淇鏍煎紡 (https://learn.microsoft.com/dotnet/fundamentals/code-analysis/style-rules/ide0055) [C:\UserWorx\VSWorx\ServoStudio\wpfui-servoStudio\samples\Wpf.Ui.servoStudio\servoStudio.csproj]
C:\UserWorx\VSWorx\ServoStudio\wpfui-servoStudio\samples\Wpf.Ui.servoStudio\ViewModels\Motion\MultiStepProfileViewModel.cs(67,41): warning IDE0055: 淇鏍煎紡 (https://learn.microsoft.com/dotnet/fundamentals/code-analysis/style-rules/ide0055) [C:\UserWorx\VSWorx\ServoStudio\wpfui-servoStudio\samples\Wpf.Ui.servoStudio\servoStudio.csproj]
C:\UserWorx\VSWorx\ServoStudio\wpfui-servoStudio\samples\Wpf.Ui.servoStudio\ViewModels\Motion\MultiStepProfileViewModel.cs(68,41): warning IDE0055: 淇鏍煎紡 (https://learn.microsoft.com/dotnet/fundamentals/code-analysis/style-rules/ide0055) [C:\UserWorx\VSWorx\ServoStudio\wpfui-servoStudio\samples\Wpf.Ui.servoStudio\servoStudio.csproj]
C:\UserWorx\VSWorx\ServoStudio\wpfui-servoStudio\samples\Wpf.Ui.servoStudio\ViewModels\Motion\MultiStepProfileViewModel.cs(69,41): warning IDE0055: 淇鏍煎紡 (https://learn.microsoft.com/dotnet/fundamentals/code-analysis/style-rules/ide0055) [C:\UserWorx\VSWorx\ServoStudio\wpfui-servoStudio\samples\Wpf.Ui.servoStudio\servoStudio.csproj]
C:\UserWorx\VSWorx\ServoStudio\wpfui-servoStudio\samples\Wpf.Ui.servoStudio\ViewModels\Motion\MultiStepProfileViewModel.cs(70,41): warning IDE0055: 淇鏍煎紡 (https://learn.microsoft.com/dotnet/fundamentals/code-analysis/style-rules/ide0055) [C:\UserWorx\VSWorx\ServoStudio\wpfui-servoStudio\samples\Wpf.Ui.servoStudio\servoStudio.csproj]
C:\UserWorx\VSWorx\ServoStudio\wpfui-servoStudio\samples\Wpf.Ui.servoStudio\ViewModels\Motion\MultiStepProfileViewModel.cs(71,41): warning IDE0055: 淇鏍煎紡 (https://learn.microsoft.com/dotnet/fundamentals/code-analysis/style-rules/ide0055) [C:\UserWorx\VSWorx\ServoStudio\wpfui-servoStudio\samples\Wpf.Ui.servoStudio\servoStudio.csproj]
C:\UserWorx\VSWorx\ServoStudio\wpfui-servoStudio\samples\Wpf.Ui.servoStudio\ViewModels\Motion\MultiStepProfileViewModel.cs(79,44): warning IDE0055: 淇鏍煎紡 (https://learn.microsoft.com/dotnet/fundamentals/code-analysis/style-rules/ide0055) [C:\UserWorx\VSWorx\ServoStudio\wpfui-servoStudio\samples\Wpf.Ui.servoStudio\servoStudio.csproj]
C:\UserWorx\VSWorx\ServoStudio\wpfui-servoStudio\samples\Wpf.Ui.servoStudio\ViewModels\Motion\MultiStepProfileViewModel.cs(79,46): warning IDE0055: 淇鏍煎紡 (https://learn.microsoft.com/dotnet/fundamentals/code-analysis/style-rules/ide0055) [C:\UserWorx\VSWorx\ServoStudio\wpfui-servoStudio\samples\Wpf.Ui.servoStudio\servoStudio.csproj]
C:\UserWorx\VSWorx\ServoStudio\wpfui-servoStudio\samples\Wpf.Ui.servoStudio\ViewModels\Motion\MultiStepProfileViewModel.cs(79,68): warning IDE0055: 淇鏍煎紡 (https://learn.microsoft.com/dotnet/fundamentals/code-analysis/style-rules/ide0055) [C:\UserWorx\VSWorx\ServoStudio\wpfui-servoStudio\samples\Wpf.Ui.servoStudio\servoStudio.csproj]
C:\UserWorx\VSWorx\ServoStudio\wpfui-servoStudio\samples\Wpf.Ui.servoStudio\ViewModels\Motion\MultiStepProfileViewModel.cs(79,76): warning IDE0055: 淇鏍煎紡 (https://learn.microsoft.com/dotnet/fundamentals/code-analysis/style-rules/ide0055) [C:\UserWorx\VSWorx\ServoStudio\wpfui-servoStudio\samples\Wpf.Ui.servoStudio\servoStudio.csproj]
C:\UserWorx\VSWorx\ServoStudio\wpfui-servoStudio\samples\Wpf.Ui.servoStudio\ViewModels\Firmware\FirmwareProgramViewModel.cs(765,13): warning IDE0011: 鍚?鈥渋f鈥?璇彞娣诲姞澶ф嫭鍙枫€?(https://learn.microsoft.com/dotnet/fundamentals/code-analysis/style-rules/ide0011) [C:\UserWorx\VSWorx\ServoStudio\wpfui-servoStudio\samples\Wpf.Ui.servoStudio\servoStudio.csproj]
C:\UserWorx\VSWorx\ServoStudio\wpfui-servoStudio\samples\Wpf.Ui.servoStudio\ViewModels\Firmware\FirmwareProgramViewModel.cs(767,13): warning IDE0011: 鍚?鈥渋f鈥?璇彞娣诲姞澶ф嫭鍙枫€?(https://learn.microsoft.com/dotnet/fundamentals/code-analysis/style-rules/ide0011) [C:\UserWorx\VSWorx\ServoStudio\wpfui-servoStudio\samples\Wpf.Ui.servoStudio\servoStudio.csproj]
C:\UserWorx\VSWorx\ServoStudio\wpfui-servoStudio\samples\Wpf.Ui.servoStudio\ViewModels\Motion\MultiStepProfileViewModel.cs(56,77): warning IDE2003: 鍧椾笌鍚庣画璇彞涔嬮棿闇€瑕佹湁绌虹櫧琛?(https://learn.microsoft.com/dotnet/fundamentals/code-analysis/style-rules/ide2003) [C:\UserWorx\VSWorx\ServoStudio\wpfui-servoStudio\samples\Wpf.Ui.servoStudio\servoStudio.csproj]
C:\UserWorx\VSWorx\ServoStudio\wpfui-servoStudio\samples\Wpf.Ui.servoStudio\ViewModels\Motion\MultiStepProfileViewModel.cs(58,137): warning IDE2003: 鍧椾笌鍚庣画璇彞涔嬮棿闇€瑕佹湁绌虹櫧琛?(https://learn.microsoft.com/dotnet/fundamentals/code-analysis/style-rules/ide2003) [C:\UserWorx\VSWorx\ServoStudio\wpfui-servoStudio\samples\Wpf.Ui.servoStudio\servoStudio.csproj]
C:\UserWorx\VSWorx\ServoStudio\wpfui-servoStudio\samples\Wpf.Ui.servoStudio\ViewModels\Motion\MultiStepProfileViewModel.cs(79,77): warning IDE2003: 鍧椾笌鍚庣画璇彞涔嬮棿闇€瑕佹湁绌虹櫧琛?(https://learn.microsoft.com/dotnet/fundamentals/code-analysis/style-rules/ide2003) [C:\UserWorx\VSWorx\ServoStudio\wpfui-servoStudio\samples\Wpf.Ui.servoStudio\servoStudio.csproj]
C:\UserWorx\VSWorx\ServoStudio\wpfui-servoStudio\samples\Wpf.Ui.servoStudio\Core\Sync\PeriodicTimerCyclicTimer.cs(97,15): warning IDE0058: 姘歌繙涓嶄細浣跨敤琛ㄨ揪寮忓€?(https://learn.microsoft.com/dotnet/fundamentals/code-analysis/style-rules/ide0058) [C:\UserWorx\VSWorx\ServoStudio\wpfui-servoStudio\samples\Wpf.Ui.servoStudio\servoStudio.csproj]
C:\UserWorx\VSWorx\ServoStudio\wpfui-servoStudio\samples\Wpf.Ui.servoStudio\ViewModels\Motion\MotionTypeViewModel.cs(456,13): warning IDE0008: 鐢ㄦ樉寮忕被鍨嬩唬鏇?"var" (https://learn.microsoft.com/dotnet/fundamentals/code-analysis/style-rules/ide0008) [C:\UserWorx\VSWorx\ServoStudio\wpfui-servoStudio\samples\Wpf.Ui.servoStudio\servoStudio.csproj]
C:\UserWorx\VSWorx\ServoStudio\wpfui-servoStudio\samples\Wpf.Ui.servoStudio\Views\Pages\AppDataPages\DataViewPage.xaml.cs(729,13): warning IDE0008: 鐢ㄦ樉寮忕被鍨嬩唬鏇?"var" (https://learn.microsoft.com/dotnet/fundamentals/code-analysis/style-rules/ide0008) [C:\UserWorx\VSWorx\ServoStudio\wpfui-servoStudio\samples\Wpf.Ui.servoStudio\servoStudio.csproj]
C:\UserWorx\VSWorx\ServoStudio\wpfui-servoStudio\samples\Wpf.Ui.servoStudio\ViewModels\Motion\MotionTypeViewModel.cs(459,17): warning IDE0058: 姘歌繙涓嶄細浣跨敤琛ㄨ揪寮忓€?(https://learn.microsoft.com/dotnet/fundamentals/code-analysis/style-rules/ide0058) [C:\UserWorx\VSWorx\ServoStudio\wpfui-servoStudio\samples\Wpf.Ui.servoStudio\servoStudio.csproj]
C:\UserWorx\VSWorx\ServoStudio\wpfui-servoStudio\samples\Wpf.Ui.servoStudio\ViewModels\FaultInfoViewModel.cs(411,9): warning IDE0011: 鍚?鈥渋f鈥?璇彞娣诲姞澶ф嫭鍙枫€?(https://learn.microsoft.com/dotnet/fundamentals/code-analysis/style-rules/ide0011) [C:\UserWorx\VSWorx\ServoStudio\wpfui-servoStudio\samples\Wpf.Ui.servoStudio\servoStudio.csproj]
C:\UserWorx\VSWorx\ServoStudio\wpfui-servoStudio\samples\Wpf.Ui.servoStudio\ViewModels\FaultInfoViewModel.cs(412,9): warning IDE0011: 鍚?鈥渋f鈥?璇彞娣诲姞澶ф嫭鍙枫€?(https://learn.microsoft.com/dotnet/fundamentals/code-analysis/style-rules/ide0011) [C:\UserWorx\VSWorx\ServoStudio\wpfui-servoStudio\samples\Wpf.Ui.servoStudio\servoStudio.csproj]
C:\UserWorx\VSWorx\ServoStudio\wpfui-servoStudio\samples\Wpf.Ui.servoStudio\ViewModels\FaultInfoViewModel.cs(413,9): warning IDE0011: 鍚?鈥渋f鈥?璇彞娣诲姞澶ф嫭鍙枫€?(https://learn.microsoft.com/dotnet/fundamentals/code-analysis/style-rules/ide0011) [C:\UserWorx\VSWorx\ServoStudio\wpfui-servoStudio\samples\Wpf.Ui.servoStudio\servoStudio.csproj]
C:\UserWorx\VSWorx\ServoStudio\wpfui-servoStudio\samples\Wpf.Ui.servoStudio\ViewModels\FaultInfoViewModel.cs(414,9): warning IDE0011: 鍚?鈥渋f鈥?璇彞娣诲姞澶ф嫭鍙枫€?(https://learn.microsoft.com/dotnet/fundamentals/code-analysis/style-rules/ide0011) [C:\UserWorx\VSWorx\ServoStudio\wpfui-servoStudio\samples\Wpf.Ui.servoStudio\servoStudio.csproj]
C:\UserWorx\VSWorx\ServoStudio\wpfui-servoStudio\samples\Wpf.Ui.servoStudio\ViewModels\FaultInfoViewModel.cs(415,9): warning IDE0011: 鍚?鈥渋f鈥?璇彞娣诲姞澶ф嫭鍙枫€?(https://learn.microsoft.com/dotnet/fundamentals/code-analysis/style-rules/ide0011) [C:\UserWorx\VSWorx\ServoStudio\wpfui-servoStudio\samples\Wpf.Ui.servoStudio\servoStudio.csproj]
C:\UserWorx\VSWorx\ServoStudio\wpfui-servoStudio\samples\Wpf.Ui.servoStudio\ViewModels\FaultInfoViewModel.cs(416,9): warning IDE0011: 鍚?鈥渋f鈥?璇彞娣诲姞澶ф嫭鍙枫€?(https://learn.microsoft.com/dotnet/fundamentals/code-analysis/style-rules/ide0011) [C:\UserWorx\VSWorx\ServoStudio\wpfui-servoStudio\samples\Wpf.Ui.servoStudio\servoStudio.csproj]
C:\UserWorx\VSWorx\ServoStudio\wpfui-servoStudio\samples\Wpf.Ui.servoStudio\ViewModels\FaultInfoViewModel.cs(417,9): warning IDE0011: 鍚?鈥渋f鈥?璇彞娣诲姞澶ф嫭鍙枫€?(https://learn.microsoft.com/dotnet/fundamentals/code-analysis/style-rules/ide0011) [C:\UserWorx\VSWorx\ServoStudio\wpfui-servoStudio\samples\Wpf.Ui.servoStudio\servoStudio.csproj]
C:\UserWorx\VSWorx\ServoStudio\wpfui-servoStudio\samples\Wpf.Ui.servoStudio\ViewModels\FaultInfoViewModel.cs(418,9): warning IDE0011: 鍚?鈥渋f鈥?璇彞娣诲姞澶ф嫭鍙枫€?(https://learn.microsoft.com/dotnet/fundamentals/code-analysis/style-rules/ide0011) [C:\UserWorx\VSWorx\ServoStudio\wpfui-servoStudio\samples\Wpf.Ui.servoStudio\servoStudio.csproj]
C:\UserWorx\VSWorx\ServoStudio\wpfui-servoStudio\samples\Wpf.Ui.servoStudio\ViewModels\FaultInfoViewModel.cs(419,9): warning IDE0011: 鍚?鈥渋f鈥?璇彞娣诲姞澶ф嫭鍙枫€?(https://learn.microsoft.com/dotnet/fundamentals/code-analysis/style-rules/ide0011) [C:\UserWorx\VSWorx\ServoStudio\wpfui-servoStudio\samples\Wpf.Ui.servoStudio\servoStudio.csproj]
C:\UserWorx\VSWorx\ServoStudio\wpfui-servoStudio\samples\Wpf.Ui.servoStudio\ViewModels\FaultInfoViewModel.cs(420,9): warning IDE0011: 鍚?鈥渋f鈥?璇彞娣诲姞澶ф嫭鍙枫€?(https://learn.microsoft.com/dotnet/fundamentals/code-analysis/style-rules/ide0011) [C:\UserWorx\VSWorx\ServoStudio\wpfui-servoStudio\samples\Wpf.Ui.servoStudio\servoStudio.csproj]
C:\UserWorx\VSWorx\ServoStudio\wpfui-servoStudio\samples\Wpf.Ui.servoStudio\ViewModels\Factory\FactoryViewModel.cs(180,9): warning IDE0011: 鍚?鈥渋f鈥?璇彞娣诲姞澶ф嫭鍙枫€?(https://learn.microsoft.com/dotnet/fundamentals/code-analysis/style-rules/ide0011) [C:\UserWorx\VSWorx\ServoStudio\wpfui-servoStudio\samples\Wpf.Ui.servoStudio\servoStudio.csproj]
C:\UserWorx\VSWorx\ServoStudio\wpfui-servoStudio\samples\Wpf.Ui.servoStudio\ViewModels\Motion\MotionLimitViewModel.cs(72,13): warning IDE0011: 鍚?鈥渋f鈥?璇彞娣诲姞澶ф嫭鍙枫€?(https://learn.microsoft.com/dotnet/fundamentals/code-analysis/style-rules/ide0011) [C:\UserWorx\VSWorx\ServoStudio\wpfui-servoStudio\samples\Wpf.Ui.servoStudio\servoStudio.csproj]
C:\UserWorx\VSWorx\ServoStudio\wpfui-servoStudio\samples\Wpf.Ui.servoStudio\ViewModels\Tuning\AdvancedTuningViewModel.cs(51,48): warning IDE0011: 鍚?鈥渋f鈥?璇彞娣诲姞澶ф嫭鍙枫€?(https://learn.microsoft.com/dotnet/fundamentals/code-analysis/style-rules/ide0011) [C:\UserWorx\VSWorx\ServoStudio\wpfui-servoStudio\samples\Wpf.Ui.servoStudio\servoStudio.csproj]
C:\UserWorx\VSWorx\ServoStudio\wpfui-servoStudio\samples\Wpf.Ui.servoStudio\ViewModels\Motion\MotionLimitViewModel.cs(86,13): warning IDE0011: 鍚?鈥渋f鈥?璇彞娣诲姞澶ф嫭鍙枫€?(https://learn.microsoft.com/dotnet/fundamentals/code-analysis/style-rules/ide0011) [C:\UserWorx\VSWorx\ServoStudio\wpfui-servoStudio\samples\Wpf.Ui.servoStudio\servoStudio.csproj]
C:\UserWorx\VSWorx\ServoStudio\wpfui-servoStudio\samples\Wpf.Ui.servoStudio\ViewModels\Tuning\AdvancedTuningViewModel.cs(53,9): warning IDE0058: 姘歌繙涓嶄細浣跨敤琛ㄨ揪寮忓€?(https://learn.microsoft.com/dotnet/fundamentals/code-analysis/style-rules/ide0058) [C:\UserWorx\VSWorx\ServoStudio\wpfui-servoStudio\samples\Wpf.Ui.servoStudio\servoStudio.csproj]
C:\UserWorx\VSWorx\ServoStudio\wpfui-servoStudio\samples\Wpf.Ui.servoStudio\ViewModels\Tuning\AdvancedTuningViewModel.cs(54,9): warning IDE0058: 姘歌繙涓嶄細浣跨敤琛ㄨ揪寮忓€?(https://learn.microsoft.com/dotnet/fundamentals/code-analysis/style-rules/ide0058) [C:\UserWorx\VSWorx\ServoStudio\wpfui-servoStudio\samples\Wpf.Ui.servoStudio\servoStudio.csproj]
C:\UserWorx\VSWorx\ServoStudio\wpfui-servoStudio\samples\Wpf.Ui.servoStudio\ViewModels\Tuning\AdvancedTuningViewModel.cs(55,9): warning IDE0058: 姘歌繙涓嶄細浣跨敤琛ㄨ揪寮忓€?(https://learn.microsoft.com/dotnet/fundamentals/code-analysis/style-rules/ide0058) [C:\UserWorx\VSWorx\ServoStudio\wpfui-servoStudio\samples\Wpf.Ui.servoStudio\servoStudio.csproj]
C:\UserWorx\VSWorx\ServoStudio\wpfui-servoStudio\samples\Wpf.Ui.servoStudio\ViewModels\Tuning\AdvancedTuningViewModel.cs(56,9): warning IDE0058: 姘歌繙涓嶄細浣跨敤琛ㄨ揪寮忓€?(https://learn.microsoft.com/dotnet/fundamentals/code-analysis/style-rules/ide0058) [C:\UserWorx\VSWorx\ServoStudio\wpfui-servoStudio\samples\Wpf.Ui.servoStudio\servoStudio.csproj]
C:\UserWorx\VSWorx\ServoStudio\wpfui-servoStudio\samples\Wpf.Ui.servoStudio\ViewModels\Tuning\AdvancedTuningViewModel.cs(57,9): warning IDE0058: 姘歌繙涓嶄細浣跨敤琛ㄨ揪寮忓€?(https://learn.microsoft.com/dotnet/fundamentals/code-analysis/style-rules/ide0058) [C:\UserWorx\VSWorx\ServoStudio\wpfui-servoStudio\samples\Wpf.Ui.servoStudio\servoStudio.csproj]
C:\UserWorx\VSWorx\ServoStudio\wpfui-servoStudio\samples\Wpf.Ui.servoStudio\ViewModels\Tuning\AdvancedTuningViewModel.cs(58,9): warning IDE0058: 姘歌繙涓嶄細浣跨敤琛ㄨ揪寮忓€?(https://learn.microsoft.com/dotnet/fundamentals/code-analysis/style-rules/ide0058) [C:\UserWorx\VSWorx\ServoStudio\wpfui-servoStudio\samples\Wpf.Ui.servoStudio\servoStudio.csproj]
C:\UserWorx\VSWorx\ServoStudio\wpfui-servoStudio\samples\Wpf.Ui.servoStudio\ViewModels\Tuning\AdvancedTuningViewModel.cs(59,9): warning IDE0058: 姘歌繙涓嶄細浣跨敤琛ㄨ揪寮忓€?(https://learn.microsoft.com/dotnet/fundamentals/code-analysis/style-rules/ide0058) [C:\UserWorx\VSWorx\ServoStudio\wpfui-servoStudio\samples\Wpf.Ui.servoStudio\servoStudio.csproj]
C:\UserWorx\VSWorx\ServoStudio\wpfui-servoStudio\samples\Wpf.Ui.servoStudio\ViewModels\Tuning\AdvancedTuningViewModel.cs(60,9): warning IDE0058: 姘歌繙涓嶄細浣跨敤琛ㄨ揪寮忓€?(https://learn.microsoft.com/dotnet/fundamentals/code-analysis/style-rules/ide0058) [C:\UserWorx\VSWorx\ServoStudio\wpfui-servoStudio\samples\Wpf.Ui.servoStudio\servoStudio.csproj]
C:\UserWorx\VSWorx\ServoStudio\wpfui-servoStudio\samples\Wpf.Ui.servoStudio\ViewModels\Tuning\AdvancedTuningViewModel.cs(61,9): warning IDE0058: 姘歌繙涓嶄細浣跨敤琛ㄨ揪寮忓€?(https://learn.microsoft.com/dotnet/fundamentals/code-analysis/style-rules/ide0058) [C:\UserWorx\VSWorx\ServoStudio\wpfui-servoStudio\samples\Wpf.Ui.servoStudio\servoStudio.csproj]
C:\UserWorx\VSWorx\ServoStudio\wpfui-servoStudio\samples\Wpf.Ui.servoStudio\ViewModels\Tuning\AdvancedTuningViewModel.cs(62,9): warning IDE0058: 姘歌繙涓嶄細浣跨敤琛ㄨ揪寮忓€?(https://learn.microsoft.com/dotnet/fundamentals/code-analysis/style-rules/ide0058) [C:\UserWorx\VSWorx\ServoStudio\wpfui-servoStudio\samples\Wpf.Ui.servoStudio\servoStudio.csproj]
C:\UserWorx\VSWorx\ServoStudio\wpfui-servoStudio\samples\Wpf.Ui.servoStudio\ViewModels\Tuning\AdvancedTuningViewModel.cs(63,9): warning IDE0058: 姘歌繙涓嶄細浣跨敤琛ㄨ揪寮忓€?(https://learn.microsoft.com/dotnet/fundamentals/code-analysis/style-rules/ide0058) [C:\UserWorx\VSWorx\ServoStudio\wpfui-servoStudio\samples\Wpf.Ui.servoStudio\servoStudio.csproj]
C:\UserWorx\VSWorx\ServoStudio\wpfui-servoStudio\samples\Wpf.Ui.servoStudio\ViewModels\Tuning\AdvancedTuningViewModel.cs(64,9): warning IDE0058: 姘歌繙涓嶄細浣跨敤琛ㄨ揪寮忓€?(https://learn.microsoft.com/dotnet/fundamentals/code-analysis/style-rules/ide0058) [C:\UserWorx\VSWorx\ServoStudio\wpfui-servoStudio\samples\Wpf.Ui.servoStudio\servoStudio.csproj]
C:\UserWorx\VSWorx\ServoStudio\wpfui-servoStudio\samples\Wpf.Ui.servoStudio\ViewModels\Tuning\AdvancedTuningViewModel.cs(65,9): warning IDE0058: 姘歌繙涓嶄細浣跨敤琛ㄨ揪寮忓€?(https://learn.microsoft.com/dotnet/fundamentals/code-analysis/style-rules/ide0058) [C:\UserWorx\VSWorx\ServoStudio\wpfui-servoStudio\samples\Wpf.Ui.servoStudio\servoStudio.csproj]
C:\UserWorx\VSWorx\ServoStudio\wpfui-servoStudio\samples\Wpf.Ui.servoStudio\ViewModels\Tuning\AdvancedTuningViewModel.cs(66,9): warning IDE0058: 姘歌繙涓嶄細浣跨敤琛ㄨ揪寮忓€?(https://learn.microsoft.com/dotnet/fundamentals/code-analysis/style-rules/ide0058) [C:\UserWorx\VSWorx\ServoStudio\wpfui-servoStudio\samples\Wpf.Ui.servoStudio\servoStudio.csproj]
C:\UserWorx\VSWorx\ServoStudio\wpfui-servoStudio\samples\Wpf.Ui.servoStudio\ViewModels\Tuning\AdvancedTuningViewModel.cs(67,9): warning IDE0058: 姘歌繙涓嶄細浣跨敤琛ㄨ揪寮忓€?(https://learn.microsoft.com/dotnet/fundamentals/code-analysis/style-rules/ide0058) [C:\UserWorx\VSWorx\ServoStudio\wpfui-servoStudio\samples\Wpf.Ui.servoStudio\servoStudio.csproj]
C:\UserWorx\VSWorx\ServoStudio\wpfui-servoStudio\samples\Wpf.Ui.servoStudio\ViewModels\Tuning\AdvancedTuningViewModel.cs(68,9): warning IDE0058: 姘歌繙涓嶄細浣跨敤琛ㄨ揪寮忓€?(https://learn.microsoft.com/dotnet/fundamentals/code-analysis/style-rules/ide0058) [C:\UserWorx\VSWorx\ServoStudio\wpfui-servoStudio\samples\Wpf.Ui.servoStudio\servoStudio.csproj]
C:\UserWorx\VSWorx\ServoStudio\wpfui-servoStudio\samples\Wpf.Ui.servoStudio\ViewModels\Tuning\AdvancedTuningViewModel.cs(69,9): warning IDE0058: 姘歌繙涓嶄細浣跨敤琛ㄨ揪寮忓€?(https://learn.microsoft.com/dotnet/fundamentals/code-analysis/style-rules/ide0058) [C:\UserWorx\VSWorx\ServoStudio\wpfui-servoStudio\samples\Wpf.Ui.servoStudio\servoStudio.csproj]
C:\UserWorx\VSWorx\ServoStudio\wpfui-servoStudio\samples\Wpf.Ui.servoStudio\ViewModels\Motion\MotionLimitViewModel.cs(188,9): warning IDE0011: 鍚?鈥渋f鈥?璇彞娣诲姞澶ф嫭鍙枫€?(https://learn.microsoft.com/dotnet/fundamentals/code-analysis/style-rules/ide0011) [C:\UserWorx\VSWorx\ServoStudio\wpfui-servoStudio\samples\Wpf.Ui.servoStudio\servoStudio.csproj]
C:\UserWorx\VSWorx\ServoStudio\wpfui-servoStudio\samples\Wpf.Ui.servoStudio\ViewModels\Hardware\IOViewModel.cs(138,9): warning IDE0011: 鍚?鈥渋f鈥?璇彞娣诲姞澶ф嫭鍙枫€?(https://learn.microsoft.com/dotnet/fundamentals/code-analysis/style-rules/ide0011) [C:\UserWorx\VSWorx\ServoStudio\wpfui-servoStudio\samples\Wpf.Ui.servoStudio\servoStudio.csproj]
C:\UserWorx\VSWorx\ServoStudio\wpfui-servoStudio\samples\Wpf.Ui.servoStudio\ViewModels\Hardware\IOViewModel.cs(140,9): warning IDE0011: 鍚?鈥渋f鈥?璇彞娣诲姞澶ф嫭鍙枫€?(https://learn.microsoft.com/dotnet/fundamentals/code-analysis/style-rules/ide0011) [C:\UserWorx\VSWorx\ServoStudio\wpfui-servoStudio\samples\Wpf.Ui.servoStudio\servoStudio.csproj]
C:\UserWorx\VSWorx\ServoStudio\wpfui-servoStudio\samples\Wpf.Ui.servoStudio\ViewModels\Hardware\IOViewModel.cs(142,9): warning IDE0011: 鍚?鈥渋f鈥?璇彞娣诲姞澶ф嫭鍙枫€?(https://learn.microsoft.com/dotnet/fundamentals/code-analysis/style-rules/ide0011) [C:\UserWorx\VSWorx\ServoStudio\wpfui-servoStudio\samples\Wpf.Ui.servoStudio\servoStudio.csproj]
C:\UserWorx\VSWorx\ServoStudio\wpfui-servoStudio\samples\Wpf.Ui.servoStudio\ViewModels\Factory\FactoryViewModel.cs(202,9): warning IDE0011: 鍚?鈥渋f鈥?璇彞娣诲姞澶ф嫭鍙枫€?(https://learn.microsoft.com/dotnet/fundamentals/code-analysis/style-rules/ide0011) [C:\UserWorx\VSWorx\ServoStudio\wpfui-servoStudio\samples\Wpf.Ui.servoStudio\servoStudio.csproj]
C:\UserWorx\VSWorx\ServoStudio\wpfui-servoStudio\samples\Wpf.Ui.servoStudio\ViewModels\Motion\MotionLimitViewModel.cs(207,9): warning IDE0058: 姘歌繙涓嶄細浣跨敤琛ㄨ揪寮忓€?(https://learn.microsoft.com/dotnet/fundamentals/code-analysis/style-rules/ide0058) [C:\UserWorx\VSWorx\ServoStudio\wpfui-servoStudio\samples\Wpf.Ui.servoStudio\servoStudio.csproj]
C:\UserWorx\VSWorx\ServoStudio\wpfui-servoStudio\samples\Wpf.Ui.servoStudio\ViewModels\Hardware\IOViewModel.cs(147,9): warning IDE0011: 鍚?鈥渋f鈥?璇彞娣诲姞澶ф嫭鍙枫€?(https://learn.microsoft.com/dotnet/fundamentals/code-analysis/style-rules/ide0011) [C:\UserWorx\VSWorx\ServoStudio\wpfui-servoStudio\samples\Wpf.Ui.servoStudio\servoStudio.csproj]
C:\UserWorx\VSWorx\ServoStudio\wpfui-servoStudio\samples\Wpf.Ui.servoStudio\ViewModels\Hardware\IOViewModel.cs(149,9): warning IDE0011: 鍚?鈥渋f鈥?璇彞娣诲姞澶ф嫭鍙枫€?(https://learn.microsoft.com/dotnet/fundamentals/code-analysis/style-rules/ide0011) [C:\UserWorx\VSWorx\ServoStudio\wpfui-servoStudio\samples\Wpf.Ui.servoStudio\servoStudio.csproj]
C:\UserWorx\VSWorx\ServoStudio\wpfui-servoStudio\samples\Wpf.Ui.servoStudio\ViewModels\Hardware\IOViewModel.cs(157,9): warning IDE0011: 鍚?鈥渋f鈥?璇彞娣诲姞澶ф嫭鍙枫€?(https://learn.microsoft.com/dotnet/fundamentals/code-analysis/style-rules/ide0011) [C:\UserWorx\VSWorx\ServoStudio\wpfui-servoStudio\samples\Wpf.Ui.servoStudio\servoStudio.csproj]
C:\UserWorx\VSWorx\ServoStudio\wpfui-servoStudio\samples\Wpf.Ui.servoStudio\ViewModels\Motion\MotionLimitViewModel.cs(655,9): warning IDE0011: 鍚?鈥渋f鈥?璇彞娣诲姞澶ф嫭鍙枫€?(https://learn.microsoft.com/dotnet/fundamentals/code-analysis/style-rules/ide0011) [C:\UserWorx\VSWorx\ServoStudio\wpfui-servoStudio\samples\Wpf.Ui.servoStudio\servoStudio.csproj]
C:\UserWorx\VSWorx\ServoStudio\wpfui-servoStudio\samples\Wpf.Ui.servoStudio\ViewModels\Motion\MotionLimitViewModel.cs(216,13): warning IDE0011: 鍚?鈥渋f鈥?璇彞娣诲姞澶ф嫭鍙枫€?(https://learn.microsoft.com/dotnet/fundamentals/code-analysis/style-rules/ide0011) [C:\UserWorx\VSWorx\ServoStudio\wpfui-servoStudio\samples\Wpf.Ui.servoStudio\servoStudio.csproj]
C:\UserWorx\VSWorx\ServoStudio\wpfui-servoStudio\samples\Wpf.Ui.servoStudio\ViewModels\Motion\MotionLimitViewModel.cs(218,13): warning IDE0011: 鍚?鈥渋f鈥?璇彞娣诲姞澶ф嫭鍙枫€?(https://learn.microsoft.com/dotnet/fundamentals/code-analysis/style-rules/ide0011) [C:\UserWorx\VSWorx\ServoStudio\wpfui-servoStudio\samples\Wpf.Ui.servoStudio\servoStudio.csproj]
C:\UserWorx\VSWorx\ServoStudio\wpfui-servoStudio\samples\Wpf.Ui.servoStudio\ViewModels\Hardware\IOViewModel.cs(151,16): warning IDE0059: 涓嶉渶瑕佸 "current" 璧嬪€?(https://learn.microsoft.com/dotnet/fundamentals/code-analysis/style-rules/ide0059) [C:\UserWorx\VSWorx\ServoStudio\wpfui-servoStudio\samples\Wpf.Ui.servoStudio\servoStudio.csproj]
C:\UserWorx\VSWorx\ServoStudio\wpfui-servoStudio\samples\Wpf.Ui.servoStudio\ViewModels\Hardware\IOViewModel.cs(194,9): warning IDE0011: 鍚?鈥渋f鈥?璇彞娣诲姞澶ф嫭鍙枫€?(https://learn.microsoft.com/dotnet/fundamentals/code-analysis/style-rules/ide0011) [C:\UserWorx\VSWorx\ServoStudio\wpfui-servoStudio\samples\Wpf.Ui.servoStudio\servoStudio.csproj]
C:\UserWorx\VSWorx\ServoStudio\wpfui-servoStudio\samples\Wpf.Ui.servoStudio\ViewModels\Hardware\IOViewModel.cs(195,9): warning IDE0011: 鍚?鈥渋f鈥?璇彞娣诲姞澶ф嫭鍙枫€?(https://learn.microsoft.com/dotnet/fundamentals/code-analysis/style-rules/ide0011) [C:\UserWorx\VSWorx\ServoStudio\wpfui-servoStudio\samples\Wpf.Ui.servoStudio\servoStudio.csproj]
C:\UserWorx\VSWorx\ServoStudio\wpfui-servoStudio\samples\Wpf.Ui.servoStudio\ViewModels\Hardware\IOViewModel.cs(202,9): warning IDE0011: 鍚?鈥渋f鈥?璇彞娣诲姞澶ф嫭鍙枫€?(https://learn.microsoft.com/dotnet/fundamentals/code-analysis/style-rules/ide0011) [C:\UserWorx\VSWorx\ServoStudio\wpfui-servoStudio\samples\Wpf.Ui.servoStudio\servoStudio.csproj]
C:\UserWorx\VSWorx\ServoStudio\wpfui-servoStudio\samples\Wpf.Ui.servoStudio\Views\Pages\AppDataPages\AppLogPage.xaml.cs(54,9): warning IDE0011: 鍚?鈥渋f鈥?璇彞娣诲姞澶ф嫭鍙枫€?(https://learn.microsoft.com/dotnet/fundamentals/code-analysis/style-rules/ide0011) [C:\UserWorx\VSWorx\ServoStudio\wpfui-servoStudio\samples\Wpf.Ui.servoStudio\servoStudio.csproj]
C:\UserWorx\VSWorx\ServoStudio\wpfui-servoStudio\samples\Wpf.Ui.servoStudio\Views\Pages\AppDataPages\AppLogPage.xaml.cs(61,9): warning IDE0011: 鍚?鈥渋f鈥?璇彞娣诲姞澶ф嫭鍙枫€?(https://learn.microsoft.com/dotnet/fundamentals/code-analysis/style-rules/ide0011) [C:\UserWorx\VSWorx\ServoStudio\wpfui-servoStudio\samples\Wpf.Ui.servoStudio\servoStudio.csproj]
C:\UserWorx\VSWorx\ServoStudio\wpfui-servoStudio\samples\Wpf.Ui.servoStudio\Views\Pages\AppDataPages\AppLogPage.xaml.cs(65,9): warning IDE0011: 鍚?鈥渋f鈥?璇彞娣诲姞澶ф嫭鍙枫€?(https://learn.microsoft.com/dotnet/fundamentals/code-analysis/style-rules/ide0011) [C:\UserWorx\VSWorx\ServoStudio\wpfui-servoStudio\samples\Wpf.Ui.servoStudio\servoStudio.csproj]
C:\UserWorx\VSWorx\ServoStudio\wpfui-servoStudio\samples\Wpf.Ui.servoStudio\Views\Pages\AppDataPages\AppLogPage.xaml.cs(74,9): warning IDE0011: 鍚?鈥渋f鈥?璇彞娣诲姞澶ф嫭鍙枫€?(https://learn.microsoft.com/dotnet/fundamentals/code-analysis/style-rules/ide0011) [C:\UserWorx\VSWorx\ServoStudio\wpfui-servoStudio\samples\Wpf.Ui.servoStudio\servoStudio.csproj]
C:\UserWorx\VSWorx\ServoStudio\wpfui-servoStudio\samples\Wpf.Ui.servoStudio\ViewModels\AppData\PidAdjustViewModel.cs(40,9): warning IDE0011: 鍚?鈥渋f鈥?璇彞娣诲姞澶ф嫭鍙枫€?(https://learn.microsoft.com/dotnet/fundamentals/code-analysis/style-rules/ide0011) [C:\UserWorx\VSWorx\ServoStudio\wpfui-servoStudio\samples\Wpf.Ui.servoStudio\servoStudio.csproj]
C:\UserWorx\VSWorx\ServoStudio\wpfui-servoStudio\samples\Wpf.Ui.servoStudio\ViewModels\AppData\PidAdjustViewModel.cs(40,39): warning IDE0058: 姘歌繙涓嶄細浣跨敤琛ㄨ揪寮忓€?(https://learn.microsoft.com/dotnet/fundamentals/code-analysis/style-rules/ide0058) [C:\UserWorx\VSWorx\ServoStudio\wpfui-servoStudio\samples\Wpf.Ui.servoStudio\servoStudio.csproj]
C:\UserWorx\VSWorx\ServoStudio\wpfui-servoStudio\samples\Wpf.Ui.servoStudio\ViewModels\Hardware\IOViewModel.cs(217,9): warning IDE0011: 鍚?鈥渋f鈥?璇彞娣诲姞澶ф嫭鍙枫€?(https://learn.microsoft.com/dotnet/fundamentals/code-analysis/style-rules/ide0011) [C:\UserWorx\VSWorx\ServoStudio\wpfui-servoStudio\samples\Wpf.Ui.servoStudio\servoStudio.csproj]
C:\UserWorx\VSWorx\ServoStudio\wpfui-servoStudio\samples\Wpf.Ui.servoStudio\ViewModels\Hardware\IOViewModel.cs(218,9): warning IDE0011: 鍚?鈥渋f鈥?璇彞娣诲姞澶ф嫭鍙枫€?(https://learn.microsoft.com/dotnet/fundamentals/code-analysis/style-rules/ide0011) [C:\UserWorx\VSWorx\ServoStudio\wpfui-servoStudio\samples\Wpf.Ui.servoStudio\servoStudio.csproj]
C:\UserWorx\VSWorx\ServoStudio\wpfui-servoStudio\samples\Wpf.Ui.servoStudio\ViewModels\Hardware\IOViewModel.cs(219,9): warning IDE0011: 鍚?鈥渋f鈥?璇彞娣诲姞澶ф嫭鍙枫€?(https://learn.microsoft.com/dotnet/fundamentals/code-analysis/style-rules/ide0011) [C:\UserWorx\VSWorx\ServoStudio\wpfui-servoStudio\samples\Wpf.Ui.servoStudio\servoStudio.csproj]
C:\UserWorx\VSWorx\ServoStudio\wpfui-servoStudio\samples\Wpf.Ui.servoStudio\Views\Pages\AppDataPages\AppLogPage.xaml.cs(98,9): warning IDE0011: 鍚?鈥渋f鈥?璇彞娣诲姞澶ф嫭鍙枫€?(https://learn.microsoft.com/dotnet/fundamentals/code-analysis/style-rules/ide0011) [C:\UserWorx\VSWorx\ServoStudio\wpfui-servoStudio\samples\Wpf.Ui.servoStudio\servoStudio.csproj]
C:\UserWorx\VSWorx\ServoStudio\wpfui-servoStudio\samples\Wpf.Ui.servoStudio\ViewModels\Motion\MotionTypeViewModel.cs(821,9): warning IDE0011: 鍚?鈥渋f鈥?璇彞娣诲姞澶ф嫭鍙枫€?(https://learn.microsoft.com/dotnet/fundamentals/code-analysis/style-rules/ide0011) [C:\UserWorx\VSWorx\ServoStudio\wpfui-servoStudio\samples\Wpf.Ui.servoStudio\servoStudio.csproj]
C:\UserWorx\VSWorx\ServoStudio\wpfui-servoStudio\samples\Wpf.Ui.servoStudio\Views\Pages\AppDataPages\AppLogPage.xaml.cs(110,13): warning IDE0011: 鍚?鈥渋f鈥?璇彞娣诲姞澶ф嫭鍙枫€?(https://learn.microsoft.com/dotnet/fundamentals/code-analysis/style-rules/ide0011) [C:\UserWorx\VSWorx\ServoStudio\wpfui-servoStudio\samples\Wpf.Ui.servoStudio\servoStudio.csproj]
C:\UserWorx\VSWorx\ServoStudio\wpfui-servoStudio\samples\Wpf.Ui.servoStudio\Views\Pages\AppDataPages\AppLogPage.xaml.cs(114,13): warning IDE0011: 鍚?鈥渋f鈥?璇彞娣诲姞澶ф嫭鍙枫€?(https://learn.microsoft.com/dotnet/fundamentals/code-analysis/style-rules/ide0011) [C:\UserWorx\VSWorx\ServoStudio\wpfui-servoStudio\samples\Wpf.Ui.servoStudio\servoStudio.csproj]
C:\UserWorx\VSWorx\ServoStudio\wpfui-servoStudio\samples\Wpf.Ui.servoStudio\Views\Pages\AppDataPages\AppLogPage.xaml.cs(123,17): warning IDE0011: 鍚?鈥渋f鈥?璇彞娣诲姞澶ф嫭鍙枫€?(https://learn.microsoft.com/dotnet/fundamentals/code-analysis/style-rules/ide0011) [C:\UserWorx\VSWorx\ServoStudio\wpfui-servoStudio\samples\Wpf.Ui.servoStudio\servoStudio.csproj]
C:\UserWorx\VSWorx\ServoStudio\wpfui-servoStudio\samples\Wpf.Ui.servoStudio\ViewModels\Motion\MotionTypeViewModel.cs(833,9): warning IDE0011: 鍚?鈥渋f鈥?璇彞娣诲姞澶ф嫭鍙枫€?(https://learn.microsoft.com/dotnet/fundamentals/code-analysis/style-rules/ide0011) [C:\UserWorx\VSWorx\ServoStudio\wpfui-servoStudio\samples\Wpf.Ui.servoStudio\servoStudio.csproj]
C:\UserWorx\VSWorx\ServoStudio\wpfui-servoStudio\samples\Wpf.Ui.servoStudio\ViewModels\SettingsViewModel.cs(331,94): warning IDE0055: 淇鏍煎紡 (https://learn.microsoft.com/dotnet/fundamentals/code-analysis/style-rules/ide0055) [C:\UserWorx\VSWorx\ServoStudio\wpfui-servoStudio\samples\Wpf.Ui.servoStudio\servoStudio.csproj]
C:\UserWorx\VSWorx\ServoStudio\wpfui-servoStudio\samples\Wpf.Ui.servoStudio\ViewModels\SettingsViewModel.cs(331,96): warning IDE0055: 淇鏍煎紡 (https://learn.microsoft.com/dotnet/fundamentals/code-analysis/style-rules/ide0055) [C:\UserWorx\VSWorx\ServoStudio\wpfui-servoStudio\samples\Wpf.Ui.servoStudio\servoStudio.csproj]
C:\UserWorx\VSWorx\ServoStudio\wpfui-servoStudio\samples\Wpf.Ui.servoStudio\ViewModels\SettingsViewModel.cs(331,101): warning IDE0055: 淇鏍煎紡 (https://learn.microsoft.com/dotnet/fundamentals/code-analysis/style-rules/ide0055) [C:\UserWorx\VSWorx\ServoStudio\wpfui-servoStudio\samples\Wpf.Ui.servoStudio\servoStudio.csproj]
C:\UserWorx\VSWorx\ServoStudio\wpfui-servoStudio\samples\Wpf.Ui.servoStudio\ViewModels\SettingsViewModel.cs(347,37): warning IDE0055: 淇鏍煎紡 (https://learn.microsoft.com/dotnet/fundamentals/code-analysis/style-rules/ide0055) [C:\UserWorx\VSWorx\ServoStudio\wpfui-servoStudio\samples\Wpf.Ui.servoStudio\servoStudio.csproj]
C:\UserWorx\VSWorx\ServoStudio\wpfui-servoStudio\samples\Wpf.Ui.servoStudio\ViewModels\SettingsViewModel.cs(359,37): warning IDE0055: 淇鏍煎紡 (https://learn.microsoft.com/dotnet/fundamentals/code-analysis/style-rules/ide0055) [C:\UserWorx\VSWorx\ServoStudio\wpfui-servoStudio\samples\Wpf.Ui.servoStudio\servoStudio.csproj]
C:\UserWorx\VSWorx\ServoStudio\wpfui-servoStudio\samples\Wpf.Ui.servoStudio\Views\Pages\AppDataPages\AppLogPage.xaml.cs(135,9): warning IDE0011: 鍚?鈥渋f鈥?璇彞娣诲姞澶ф嫭鍙枫€?(https://learn.microsoft.com/dotnet/fundamentals/code-analysis/style-rules/ide0011) [C:\UserWorx\VSWorx\ServoStudio\wpfui-servoStudio\samples\Wpf.Ui.servoStudio\servoStudio.csproj]
C:\UserWorx\VSWorx\ServoStudio\wpfui-servoStudio\samples\Wpf.Ui.servoStudio\Views\Pages\AppDataPages\AppLogPage.xaml.cs(139,9): warning IDE0011: 鍚?鈥渋f鈥?璇彞娣诲姞澶ф嫭鍙枫€?(https://learn.microsoft.com/dotnet/fundamentals/code-analysis/style-rules/ide0011) [C:\UserWorx\VSWorx\ServoStudio\wpfui-servoStudio\samples\Wpf.Ui.servoStudio\servoStudio.csproj]
C:\UserWorx\VSWorx\ServoStudio\wpfui-servoStudio\samples\Wpf.Ui.servoStudio\ViewModels\SettingsViewModel.cs(171,13): warning IDE2003: 鍧椾笌鍚庣画璇彞涔嬮棿闇€瑕佹湁绌虹櫧琛?(https://learn.microsoft.com/dotnet/fundamentals/code-analysis/style-rules/ide2003) [C:\UserWorx\VSWorx\ServoStudio\wpfui-servoStudio\samples\Wpf.Ui.servoStudio\servoStudio.csproj]
C:\UserWorx\VSWorx\ServoStudio\wpfui-servoStudio\samples\Wpf.Ui.servoStudio\ViewModels\Motion\MotionLimitViewModel.cs(373,9): warning IDE0011: 鍚?鈥渋f鈥?璇彞娣诲姞澶ф嫭鍙枫€?(https://learn.microsoft.com/dotnet/fundamentals/code-analysis/style-rules/ide0011) [C:\UserWorx\VSWorx\ServoStudio\wpfui-servoStudio\samples\Wpf.Ui.servoStudio\servoStudio.csproj]
C:\UserWorx\VSWorx\ServoStudio\wpfui-servoStudio\samples\Wpf.Ui.servoStudio\Views\Dialogs\SheetPickerWindow.cs(51,9): warning IDE0058: 姘歌繙涓嶄細浣跨敤琛ㄨ揪寮忓€?(https://learn.microsoft.com/dotnet/fundamentals/code-analysis/style-rules/ide0058) [C:\UserWorx\VSWorx\ServoStudio\wpfui-servoStudio\samples\Wpf.Ui.servoStudio\servoStudio.csproj]
C:\UserWorx\VSWorx\ServoStudio\wpfui-servoStudio\samples\Wpf.Ui.servoStudio\Views\Dialogs\SheetPickerWindow.cs(59,13): warning IDE0058: 姘歌繙涓嶄細浣跨敤琛ㄨ揪寮忓€?(https://learn.microsoft.com/dotnet/fundamentals/code-analysis/style-rules/ide0058) [C:\UserWorx\VSWorx\ServoStudio\wpfui-servoStudio\samples\Wpf.Ui.servoStudio\servoStudio.csproj]
C:\UserWorx\VSWorx\ServoStudio\wpfui-servoStudio\samples\Wpf.Ui.servoStudio\Views\Dialogs\SheetPickerWindow.cs(80,9): warning IDE0058: 姘歌繙涓嶄細浣跨敤琛ㄨ揪寮忓€?(https://learn.microsoft.com/dotnet/fundamentals/code-analysis/style-rules/ide0058) [C:\UserWorx\VSWorx\ServoStudio\wpfui-servoStudio\samples\Wpf.Ui.servoStudio\servoStudio.csproj]
C:\UserWorx\VSWorx\ServoStudio\wpfui-servoStudio\samples\Wpf.Ui.servoStudio\Views\Dialogs\SheetPickerWindow.cs(109,9): warning IDE0058: 姘歌繙涓嶄細浣跨敤琛ㄨ揪寮忓€?(https://learn.microsoft.com/dotnet/fundamentals/code-analysis/style-rules/ide0058) [C:\UserWorx\VSWorx\ServoStudio\wpfui-servoStudio\samples\Wpf.Ui.servoStudio\servoStudio.csproj]
C:\UserWorx\VSWorx\ServoStudio\wpfui-servoStudio\samples\Wpf.Ui.servoStudio\Views\Dialogs\SheetPickerWindow.cs(110,9): warning IDE0058: 姘歌繙涓嶄細浣跨敤琛ㄨ揪寮忓€?(https://learn.microsoft.com/dotnet/fundamentals/code-analysis/style-rules/ide0058) [C:\UserWorx\VSWorx\ServoStudio\wpfui-servoStudio\samples\Wpf.Ui.servoStudio\servoStudio.csproj]
C:\UserWorx\VSWorx\ServoStudio\wpfui-servoStudio\samples\Wpf.Ui.servoStudio\Views\Dialogs\SheetPickerWindow.cs(112,9): warning IDE0058: 姘歌繙涓嶄細浣跨敤琛ㄨ揪寮忓€?(https://learn.microsoft.com/dotnet/fundamentals/code-analysis/style-rules/ide0058) [C:\UserWorx\VSWorx\ServoStudio\wpfui-servoStudio\samples\Wpf.Ui.servoStudio\servoStudio.csproj]
C:\UserWorx\VSWorx\ServoStudio\wpfui-servoStudio\samples\Wpf.Ui.servoStudio\ViewModels\Motion\MotionProfileViewModel.cs(31,13): warning IDE0011: 鍚?鈥渋f鈥?璇彞娣诲姞澶ф嫭鍙枫€?(https://learn.microsoft.com/dotnet/fundamentals/code-analysis/style-rules/ide0011) [C:\UserWorx\VSWorx\ServoStudio\wpfui-servoStudio\samples\Wpf.Ui.servoStudio\servoStudio.csproj]
C:\UserWorx\VSWorx\ServoStudio\wpfui-servoStudio\samples\Wpf.Ui.servoStudio\ViewModels\Motion\MotionProfileViewModel.cs(33,18): warning IDE0011: 鍚?鈥渋f鈥?璇彞娣诲姞澶ф嫭鍙枫€?(https://learn.microsoft.com/dotnet/fundamentals/code-analysis/style-rules/ide0011) [C:\UserWorx\VSWorx\ServoStudio\wpfui-servoStudio\samples\Wpf.Ui.servoStudio\servoStudio.csproj]
C:\UserWorx\VSWorx\ServoStudio\wpfui-servoStudio\samples\Wpf.Ui.servoStudio\ViewModels\Tuning\AdvancedTuningViewModel.cs(49,44): warning IDE0055: 淇鏍煎紡 (https://learn.microsoft.com/dotnet/fundamentals/code-analysis/style-rules/ide0055) [C:\UserWorx\VSWorx\ServoStudio\wpfui-servoStudio\samples\Wpf.Ui.servoStudio\servoStudio.csproj]
C:\UserWorx\VSWorx\ServoStudio\wpfui-servoStudio\samples\Wpf.Ui.servoStudio\ViewModels\Tuning\AdvancedTuningViewModel.cs(49,46): warning IDE0055: 淇鏍煎紡 (https://learn.microsoft.com/dotnet/fundamentals/code-analysis/style-rules/ide0055) [C:\UserWorx\VSWorx\ServoStudio\wpfui-servoStudio\samples\Wpf.Ui.servoStudio\servoStudio.csproj]
C:\UserWorx\VSWorx\ServoStudio\wpfui-servoStudio\samples\Wpf.Ui.servoStudio\ViewModels\Tuning\AdvancedTuningViewModel.cs(49,68): warning IDE0055: 淇鏍煎紡 (https://learn.microsoft.com/dotnet/fundamentals/code-analysis/style-rules/ide0055) [C:\UserWorx\VSWorx\ServoStudio\wpfui-servoStudio\samples\Wpf.Ui.servoStudio\servoStudio.csproj]
C:\UserWorx\VSWorx\ServoStudio\wpfui-servoStudio\samples\Wpf.Ui.servoStudio\ViewModels\Tuning\AdvancedTuningViewModel.cs(49,76): warning IDE0055: 淇鏍煎紡 (https://learn.microsoft.com/dotnet/fundamentals/code-analysis/style-rules/ide0055) [C:\UserWorx\VSWorx\ServoStudio\wpfui-servoStudio\samples\Wpf.Ui.servoStudio\servoStudio.csproj]
C:\UserWorx\VSWorx\ServoStudio\wpfui-servoStudio\samples\Wpf.Ui.servoStudio\ViewModels\Tuning\AdvancedTuningViewModel.cs(51,45): warning IDE0055: 淇鏍煎紡 (https://learn.microsoft.com/dotnet/fundamentals/code-analysis/style-rules/ide0055) [C:\UserWorx\VSWorx\ServoStudio\wpfui-servoStudio\samples\Wpf.Ui.servoStudio\servoStudio.csproj]
C:\UserWorx\VSWorx\ServoStudio\wpfui-servoStudio\samples\Wpf.Ui.servoStudio\ViewModels\Tuning\AdvancedTuningViewModel.cs(51,47): warning IDE0055: 淇鏍煎紡 (https://learn.microsoft.com/dotnet/fundamentals/code-analysis/style-rules/ide0055) [C:\UserWorx\VSWorx\ServoStudio\wpfui-servoStudio\samples\Wpf.Ui.servoStudio\servoStudio.csproj]
C:\UserWorx\VSWorx\ServoStudio\wpfui-servoStudio\samples\Wpf.Ui.servoStudio\ViewModels\Tuning\AdvancedTuningViewModel.cs(51,95): warning IDE0055: 淇鏍煎紡 (https://learn.microsoft.com/dotnet/fundamentals/code-analysis/style-rules/ide0055) [C:\UserWorx\VSWorx\ServoStudio\wpfui-servoStudio\samples\Wpf.Ui.servoStudio\servoStudio.csproj]
C:\UserWorx\VSWorx\ServoStudio\wpfui-servoStudio\samples\Wpf.Ui.servoStudio\ViewModels\Tuning\AdvancedTuningViewModel.cs(51,108): warning IDE0055: 淇鏍煎紡 (https://learn.microsoft.com/dotnet/fundamentals/code-analysis/style-rules/ide0055) [C:\UserWorx\VSWorx\ServoStudio\wpfui-servoStudio\samples\Wpf.Ui.servoStudio\servoStudio.csproj]
C:\UserWorx\VSWorx\ServoStudio\wpfui-servoStudio\samples\Wpf.Ui.servoStudio\ViewModels\Tuning\AdvancedTuningViewModel.cs(51,121): warning IDE0055: 淇鏍煎紡 (https://learn.microsoft.com/dotnet/fundamentals/code-analysis/style-rules/ide0055) [C:\UserWorx\VSWorx\ServoStudio\wpfui-servoStudio\samples\Wpf.Ui.servoStudio\servoStudio.csproj]
C:\UserWorx\VSWorx\ServoStudio\wpfui-servoStudio\samples\Wpf.Ui.servoStudio\ViewModels\Tuning\AdvancedTuningViewModel.cs(51,135): warning IDE0055: 淇鏍煎紡 (https://learn.microsoft.com/dotnet/fundamentals/code-analysis/style-rules/ide0055) [C:\UserWorx\VSWorx\ServoStudio\wpfui-servoStudio\samples\Wpf.Ui.servoStudio\servoStudio.csproj]
C:\UserWorx\VSWorx\ServoStudio\wpfui-servoStudio\samples\Wpf.Ui.servoStudio\ViewModels\Tuning\AdvancedTuningViewModel.cs(77,44): warning IDE0055: 淇鏍煎紡 (https://learn.microsoft.com/dotnet/fundamentals/code-analysis/style-rules/ide0055) [C:\UserWorx\VSWorx\ServoStudio\wpfui-servoStudio\samples\Wpf.Ui.servoStudio\servoStudio.csproj]
C:\UserWorx\VSWorx\ServoStudio\wpfui-servoStudio\samples\Wpf.Ui.servoStudio\ViewModels\Tuning\AdvancedTuningViewModel.cs(77,46): warning IDE0055: 淇鏍煎紡 (https://learn.microsoft.com/dotnet/fundamentals/code-analysis/style-rules/ide0055) [C:\UserWorx\VSWorx\ServoStudio\wpfui-servoStudio\samples\Wpf.Ui.servoStudio\servoStudio.csproj]
C:\UserWorx\VSWorx\ServoStudio\wpfui-servoStudio\samples\Wpf.Ui.servoStudio\ViewModels\Tuning\AdvancedTuningViewModel.cs(77,68): warning IDE0055: 淇鏍煎紡 (https://learn.microsoft.com/dotnet/fundamentals/code-analysis/style-rules/ide0055) [C:\UserWorx\VSWorx\ServoStudio\wpfui-servoStudio\samples\Wpf.Ui.servoStudio\servoStudio.csproj]
C:\UserWorx\VSWorx\ServoStudio\wpfui-servoStudio\samples\Wpf.Ui.servoStudio\ViewModels\Tuning\AdvancedTuningViewModel.cs(77,76): warning IDE0055: 淇鏍煎紡 (https://learn.microsoft.com/dotnet/fundamentals/code-analysis/style-rules/ide0055) [C:\UserWorx\VSWorx\ServoStudio\wpfui-servoStudio\samples\Wpf.Ui.servoStudio\servoStudio.csproj]
C:\UserWorx\VSWorx\ServoStudio\wpfui-servoStudio\samples\Wpf.Ui.servoStudio\ViewModels\Motion\MotionProfileViewModel.cs(126,9): warning IDE0011: 鍚?鈥渋f鈥?璇彞娣诲姞澶ф嫭鍙枫€?(https://learn.microsoft.com/dotnet/fundamentals/code-analysis/style-rules/ide0011) [C:\UserWorx\VSWorx\ServoStudio\wpfui-servoStudio\samples\Wpf.Ui.servoStudio\servoStudio.csproj]
C:\UserWorx\VSWorx\ServoStudio\wpfui-servoStudio\samples\Wpf.Ui.servoStudio\ViewModels\Motion\MotionProfileViewModel.cs(128,9): warning IDE0011: 鍚?鈥渆lse鈥?璇彞娣诲姞澶ф嫭鍙枫€?(https://learn.microsoft.com/dotnet/fundamentals/code-analysis/style-rules/ide0011) [C:\UserWorx\VSWorx\ServoStudio\wpfui-servoStudio\samples\Wpf.Ui.servoStudio\servoStudio.csproj]
C:\UserWorx\VSWorx\ServoStudio\wpfui-servoStudio\samples\Wpf.Ui.servoStudio\ViewModels\Tuning\AdvancedTuningViewModel.cs(49,77): warning IDE2003: 鍧椾笌鍚庣画璇彞涔嬮棿闇€瑕佹湁绌虹櫧琛?(https://learn.microsoft.com/dotnet/fundamentals/code-analysis/style-rules/ide2003) [C:\UserWorx\VSWorx\ServoStudio\wpfui-servoStudio\samples\Wpf.Ui.servoStudio\servoStudio.csproj]
C:\UserWorx\VSWorx\ServoStudio\wpfui-servoStudio\samples\Wpf.Ui.servoStudio\ViewModels\Tuning\AdvancedTuningViewModel.cs(77,77): warning IDE2003: 鍧椾笌鍚庣画璇彞涔嬮棿闇€瑕佹湁绌虹櫧琛?(https://learn.microsoft.com/dotnet/fundamentals/code-analysis/style-rules/ide2003) [C:\UserWorx\VSWorx\ServoStudio\wpfui-servoStudio\samples\Wpf.Ui.servoStudio\servoStudio.csproj]
C:\UserWorx\VSWorx\ServoStudio\wpfui-servoStudio\samples\Wpf.Ui.servoStudio\ViewModels\Motion\MotionLimitViewModel.cs(409,9): warning IDE0011: 鍚?鈥渋f鈥?璇彞娣诲姞澶ф嫭鍙枫€?(https://learn.microsoft.com/dotnet/fundamentals/code-analysis/style-rules/ide0011) [C:\UserWorx\VSWorx\ServoStudio\wpfui-servoStudio\samples\Wpf.Ui.servoStudio\servoStudio.csproj]
C:\UserWorx\VSWorx\ServoStudio\wpfui-servoStudio\samples\Wpf.Ui.servoStudio\ViewModels\DeviceSet\DeviceAddViewModel.cs(1539,9): warning IDE0011: 鍚?鈥渋f鈥?璇彞娣诲姞澶ф嫭鍙枫€?(https://learn.microsoft.com/dotnet/fundamentals/code-analysis/style-rules/ide0011) [C:\UserWorx\VSWorx\ServoStudio\wpfui-servoStudio\samples\Wpf.Ui.servoStudio\servoStudio.csproj]
C:\UserWorx\VSWorx\ServoStudio\wpfui-servoStudio\samples\Wpf.Ui.servoStudio\ViewModels\DeviceSet\DeviceAddViewModel.cs(1553,9): warning IDE0008: 鐢ㄦ樉寮忕被鍨嬩唬鏇?"var" (https://learn.microsoft.com/dotnet/fundamentals/code-analysis/style-rules/ide0008) [C:\UserWorx\VSWorx\ServoStudio\wpfui-servoStudio\samples\Wpf.Ui.servoStudio\servoStudio.csproj]
C:\UserWorx\VSWorx\ServoStudio\wpfui-servoStudio\samples\Wpf.Ui.servoStudio\ViewModels\DeviceSet\DeviceAddViewModel.cs(1566,17): warning IDE0011: 鍚?鈥渋f鈥?璇彞娣诲姞澶ф嫭鍙枫€?(https://learn.microsoft.com/dotnet/fundamentals/code-analysis/style-rules/ide0011) [C:\UserWorx\VSWorx\ServoStudio\wpfui-servoStudio\samples\Wpf.Ui.servoStudio\servoStudio.csproj]
C:\UserWorx\VSWorx\ServoStudio\wpfui-servoStudio\samples\Wpf.Ui.servoStudio\ViewModels\DeviceSet\DeviceAddViewModel.cs(1567,17): warning IDE0058: 姘歌繙涓嶄細浣跨敤琛ㄨ揪寮忓€?(https://learn.microsoft.com/dotnet/fundamentals/code-analysis/style-rules/ide0058) [C:\UserWorx\VSWorx\ServoStudio\wpfui-servoStudio\samples\Wpf.Ui.servoStudio\servoStudio.csproj]
C:\UserWorx\VSWorx\ServoStudio\wpfui-servoStudio\samples\Wpf.Ui.servoStudio\ViewModels\DeviceSet\DeviceAddViewModel.cs(1579,9): warning IDE0011: 鍚?鈥渋f鈥?璇彞娣诲姞澶ф嫭鍙枫€?(https://learn.microsoft.com/dotnet/fundamentals/code-analysis/style-rules/ide0011) [C:\UserWorx\VSWorx\ServoStudio\wpfui-servoStudio\samples\Wpf.Ui.servoStudio\servoStudio.csproj]
C:\UserWorx\VSWorx\ServoStudio\wpfui-servoStudio\samples\Wpf.Ui.servoStudio\ViewModels\Motion\MotionLimitViewModel.cs(440,9): warning IDE0011: 鍚?鈥渋f鈥?璇彞娣诲姞澶ф嫭鍙枫€?(https://learn.microsoft.com/dotnet/fundamentals/code-analysis/style-rules/ide0011) [C:\UserWorx\VSWorx\ServoStudio\wpfui-servoStudio\samples\Wpf.Ui.servoStudio\servoStudio.csproj]
C:\UserWorx\VSWorx\ServoStudio\wpfui-servoStudio\samples\Wpf.Ui.servoStudio\ViewModels\Motion\MotionLimitViewModel.cs(443,9): warning IDE0011: 鍚?鈥渋f鈥?璇彞娣诲姞澶ф嫭鍙枫€?(https://learn.microsoft.com/dotnet/fundamentals/code-analysis/style-rules/ide0011) [C:\UserWorx\VSWorx\ServoStudio\wpfui-servoStudio\samples\Wpf.Ui.servoStudio\servoStudio.csproj]
C:\UserWorx\VSWorx\ServoStudio\wpfui-servoStudio\samples\Wpf.Ui.servoStudio\ViewModels\Motion\MotionLimitViewModel.cs(445,9): warning IDE0011: 鍚?鈥渋f鈥?璇彞娣诲姞澶ф嫭鍙枫€?(https://learn.microsoft.com/dotnet/fundamentals/code-analysis/style-rules/ide0011) [C:\UserWorx\VSWorx\ServoStudio\wpfui-servoStudio\samples\Wpf.Ui.servoStudio\servoStudio.csproj]
C:\UserWorx\VSWorx\ServoStudio\wpfui-servoStudio\samples\Wpf.Ui.servoStudio\ViewModels\Motion\MotionLimitViewModel.cs(447,9): warning IDE0011: 鍚?鈥渋f鈥?璇彞娣诲姞澶ф嫭鍙枫€?(https://learn.microsoft.com/dotnet/fundamentals/code-analysis/style-rules/ide0011) [C:\UserWorx\VSWorx\ServoStudio\wpfui-servoStudio\samples\Wpf.Ui.servoStudio\servoStudio.csproj]
C:\UserWorx\VSWorx\ServoStudio\wpfui-servoStudio\samples\Wpf.Ui.servoStudio\ViewModels\Motion\MotionLimitViewModel.cs(449,9): warning IDE0011: 鍚?鈥渋f鈥?璇彞娣诲姞澶ф嫭鍙枫€?(https://learn.microsoft.com/dotnet/fundamentals/code-analysis/style-rules/ide0011) [C:\UserWorx\VSWorx\ServoStudio\wpfui-servoStudio\samples\Wpf.Ui.servoStudio\servoStudio.csproj]
C:\UserWorx\VSWorx\ServoStudio\wpfui-servoStudio\samples\Wpf.Ui.servoStudio\ViewModels\Motion\MotionLimitViewModel.cs(452,9): warning IDE0011: 鍚?鈥渋f鈥?璇彞娣诲姞澶ф嫭鍙枫€?(https://learn.microsoft.com/dotnet/fundamentals/code-analysis/style-rules/ide0011) [C:\UserWorx\VSWorx\ServoStudio\wpfui-servoStudio\samples\Wpf.Ui.servoStudio\servoStudio.csproj]
C:\UserWorx\VSWorx\ServoStudio\wpfui-servoStudio\samples\Wpf.Ui.servoStudio\ViewModels\Motion\MotionLimitViewModel.cs(454,9): warning IDE0011: 鍚?鈥渋f鈥?璇彞娣诲姞澶ф嫭鍙枫€?(https://learn.microsoft.com/dotnet/fundamentals/code-analysis/style-rules/ide0011) [C:\UserWorx\VSWorx\ServoStudio\wpfui-servoStudio\samples\Wpf.Ui.servoStudio\servoStudio.csproj]
C:\UserWorx\VSWorx\ServoStudio\wpfui-servoStudio\samples\Wpf.Ui.servoStudio\ViewModels\Motion\MotionLimitViewModel.cs(456,9): warning IDE0011: 鍚?鈥渋f鈥?璇彞娣诲姞澶ф嫭鍙枫€?(https://learn.microsoft.com/dotnet/fundamentals/code-analysis/style-rules/ide0011) [C:\UserWorx\VSWorx\ServoStudio\wpfui-servoStudio\samples\Wpf.Ui.servoStudio\servoStudio.csproj]
C:\UserWorx\VSWorx\ServoStudio\wpfui-servoStudio\samples\Wpf.Ui.servoStudio\ViewModels\Motion\MotionLimitViewModel.cs(458,9): warning IDE0011: 鍚?鈥渋f鈥?璇彞娣诲姞澶ф嫭鍙枫€?(https://learn.microsoft.com/dotnet/fundamentals/code-analysis/style-rules/ide0011) [C:\UserWorx\VSWorx\ServoStudio\wpfui-servoStudio\samples\Wpf.Ui.servoStudio\servoStudio.csproj]
C:\UserWorx\VSWorx\ServoStudio\wpfui-servoStudio\samples\Wpf.Ui.servoStudio\ViewModels\Motion\MotionLimitViewModel.cs(460,9): warning IDE0011: 鍚?鈥渋f鈥?璇彞娣诲姞澶ф嫭鍙枫€?(https://learn.microsoft.com/dotnet/fundamentals/code-analysis/style-rules/ide0011) [C:\UserWorx\VSWorx\ServoStudio\wpfui-servoStudio\samples\Wpf.Ui.servoStudio\servoStudio.csproj]
C:\UserWorx\VSWorx\ServoStudio\wpfui-servoStudio\samples\Wpf.Ui.servoStudio\ViewModels\DeviceSet\DeviceAddViewModel.cs(1581,9): warning IDE0058: 姘歌繙涓嶄細浣跨敤琛ㄨ揪寮忓€?(https://learn.microsoft.com/dotnet/fundamentals/code-analysis/style-rules/ide0058) [C:\UserWorx\VSWorx\ServoStudio\wpfui-servoStudio\samples\Wpf.Ui.servoStudio\servoStudio.csproj]
C:\UserWorx\VSWorx\ServoStudio\wpfui-servoStudio\samples\Wpf.Ui.servoStudio\ViewModels\Motion\MotionLimitViewModel.cs(463,9): warning IDE0011: 鍚?鈥渋f鈥?璇彞娣诲姞澶ф嫭鍙枫€?(https://learn.microsoft.com/dotnet/fundamentals/code-analysis/style-rules/ide0011) [C:\UserWorx\VSWorx\ServoStudio\wpfui-servoStudio\samples\Wpf.Ui.servoStudio\servoStudio.csproj]
C:\UserWorx\VSWorx\ServoStudio\wpfui-servoStudio\samples\Wpf.Ui.servoStudio\ViewModels\Motion\MotionLimitViewModel.cs(465,9): warning IDE0011: 鍚?鈥渋f鈥?璇彞娣诲姞澶ф嫭鍙枫€?(https://learn.microsoft.com/dotnet/fundamentals/code-analysis/style-rules/ide0011) [C:\UserWorx\VSWorx\ServoStudio\wpfui-servoStudio\samples\Wpf.Ui.servoStudio\servoStudio.csproj]
C:\UserWorx\VSWorx\ServoStudio\wpfui-servoStudio\samples\Wpf.Ui.servoStudio\ViewModels\Motion\MotionLimitViewModel.cs(467,9): warning IDE0011: 鍚?鈥渋f鈥?璇彞娣诲姞澶ф嫭鍙枫€?(https://learn.microsoft.com/dotnet/fundamentals/code-analysis/style-rules/ide0011) [C:\UserWorx\VSWorx\ServoStudio\wpfui-servoStudio\samples\Wpf.Ui.servoStudio\servoStudio.csproj]
C:\UserWorx\VSWorx\ServoStudio\wpfui-servoStudio\samples\Wpf.Ui.servoStudio\ViewModels\Motion\MotionLimitViewModel.cs(469,9): warning IDE0011: 鍚?鈥渋f鈥?璇彞娣诲姞澶ф嫭鍙枫€?(https://learn.microsoft.com/dotnet/fundamentals/code-analysis/style-rules/ide0011) [C:\UserWorx\VSWorx\ServoStudio\wpfui-servoStudio\samples\Wpf.Ui.servoStudio\servoStudio.csproj]
C:\UserWorx\VSWorx\ServoStudio\wpfui-servoStudio\samples\Wpf.Ui.servoStudio\ViewModels\Motion\MotionLimitViewModel.cs(472,9): warning IDE0011: 鍚?鈥渋f鈥?璇彞娣诲姞澶ф嫭鍙枫€?(https://learn.microsoft.com/dotnet/fundamentals/code-analysis/style-rules/ide0011) [C:\UserWorx\VSWorx\ServoStudio\wpfui-servoStudio\samples\Wpf.Ui.servoStudio\servoStudio.csproj]
C:\UserWorx\VSWorx\ServoStudio\wpfui-servoStudio\samples\Wpf.Ui.servoStudio\ViewModels\Motion\MotionLimitViewModel.cs(474,9): warning IDE0011: 鍚?鈥渋f鈥?璇彞娣诲姞澶ф嫭鍙枫€?(https://learn.microsoft.com/dotnet/fundamentals/code-analysis/style-rules/ide0011) [C:\UserWorx\VSWorx\ServoStudio\wpfui-servoStudio\samples\Wpf.Ui.servoStudio\servoStudio.csproj]
C:\UserWorx\VSWorx\ServoStudio\wpfui-servoStudio\samples\Wpf.Ui.servoStudio\ViewModels\Motion\MotionLimitViewModel.cs(476,9): warning IDE0011: 鍚?鈥渋f鈥?璇彞娣诲姞澶ф嫭鍙枫€?(https://learn.microsoft.com/dotnet/fundamentals/code-analysis/style-rules/ide0011) [C:\UserWorx\VSWorx\ServoStudio\wpfui-servoStudio\samples\Wpf.Ui.servoStudio\servoStudio.csproj]
C:\UserWorx\VSWorx\ServoStudio\wpfui-servoStudio\samples\Wpf.Ui.servoStudio\ViewModels\Motion\MotionLimitViewModel.cs(478,9): warning IDE0011: 鍚?鈥渋f鈥?璇彞娣诲姞澶ф嫭鍙枫€?(https://learn.microsoft.com/dotnet/fundamentals/code-analysis/style-rules/ide0011) [C:\UserWorx\VSWorx\ServoStudio\wpfui-servoStudio\samples\Wpf.Ui.servoStudio\servoStudio.csproj]
C:\UserWorx\VSWorx\ServoStudio\wpfui-servoStudio\samples\Wpf.Ui.servoStudio\Services\FrameFormatRuntimeService.cs(59,9): warning IDE0011: 鍚?鈥渓ock鈥?璇彞娣诲姞澶ф嫭鍙枫€?(https://learn.microsoft.com/dotnet/fundamentals/code-analysis/style-rules/ide0011) [C:\UserWorx\VSWorx\ServoStudio\wpfui-servoStudio\samples\Wpf.Ui.servoStudio\servoStudio.csproj]
C:\UserWorx\VSWorx\ServoStudio\wpfui-servoStudio\samples\Wpf.Ui.servoStudio\ViewModels\Motion\MotionProfileViewModel.cs(244,9): warning IDE0011: 鍚?鈥渋f鈥?璇彞娣诲姞澶ф嫭鍙枫€?(https://learn.microsoft.com/dotnet/fundamentals/code-analysis/style-rules/ide0011) [C:\UserWorx\VSWorx\ServoStudio\wpfui-servoStudio\samples\Wpf.Ui.servoStudio\servoStudio.csproj]
C:\UserWorx\VSWorx\ServoStudio\wpfui-servoStudio\samples\Wpf.Ui.servoStudio\ViewModels\Motion\MotionProfileViewModel.cs(253,9): warning IDE0011: 鍚?鈥渋f鈥?璇彞娣诲姞澶ф嫭鍙枫€?(https://learn.microsoft.com/dotnet/fundamentals/code-analysis/style-rules/ide0011) [C:\UserWorx\VSWorx\ServoStudio\wpfui-servoStudio\samples\Wpf.Ui.servoStudio\servoStudio.csproj]
C:\UserWorx\VSWorx\ServoStudio\wpfui-servoStudio\samples\Wpf.Ui.servoStudio\ViewModels\Motion\MotionLimitViewModel.cs(537,13): warning IDE0011: 鍚?鈥渋f鈥?璇彞娣诲姞澶ф嫭鍙枫€?(https://learn.microsoft.com/dotnet/fundamentals/code-analysis/style-rules/ide0011) [C:\UserWorx\VSWorx\ServoStudio\wpfui-servoStudio\samples\Wpf.Ui.servoStudio\servoStudio.csproj]
C:\UserWorx\VSWorx\ServoStudio\wpfui-servoStudio\samples\Wpf.Ui.servoStudio\ViewModels\Tuning\MotorIdentificationViewModel.cs(75,45): warning IDE0055: 淇鏍煎紡 (https://learn.microsoft.com/dotnet/fundamentals/code-analysis/style-rules/ide0055) [C:\UserWorx\VSWorx\ServoStudio\wpfui-servoStudio\samples\Wpf.Ui.servoStudio\servoStudio.csproj]
C:\UserWorx\VSWorx\ServoStudio\wpfui-servoStudio\samples\Wpf.Ui.servoStudio\ViewModels\Tuning\MotorIdentificationViewModel.cs(75,47): warning IDE0055: 淇鏍煎紡 (https://learn.microsoft.com/dotnet/fundamentals/code-analysis/style-rules/ide0055) [C:\UserWorx\VSWorx\ServoStudio\wpfui-servoStudio\samples\Wpf.Ui.servoStudio\servoStudio.csproj]
C:\UserWorx\VSWorx\ServoStudio\wpfui-servoStudio\samples\Wpf.Ui.servoStudio\ViewModels\Tuning\MotorIdentificationViewModel.cs(75,52): warning IDE0055: 淇鏍煎紡 (https://learn.microsoft.com/dotnet/fundamentals/code-analysis/style-rules/ide0055) [C:\UserWorx\VSWorx\ServoStudio\wpfui-servoStudio\samples\Wpf.Ui.servoStudio\servoStudio.csproj]
C:\UserWorx\VSWorx\ServoStudio\wpfui-servoStudio\samples\Wpf.Ui.servoStudio\ViewModels\Motion\MotionLimitViewModel.cs(570,13): warning IDE0011: 鍚?鈥渋f鈥?璇彞娣诲姞澶ф嫭鍙枫€?(https://learn.microsoft.com/dotnet/fundamentals/code-analysis/style-rules/ide0011) [C:\UserWorx\VSWorx\ServoStudio\wpfui-servoStudio\samples\Wpf.Ui.servoStudio\servoStudio.csproj]
C:\UserWorx\VSWorx\ServoStudio\wpfui-servoStudio\samples\Wpf.Ui.servoStudio\ViewModels\Hardware\IOViewModel.cs(378,9): warning IDE0011: 鍚?鈥渋f鈥?璇彞娣诲姞澶ф嫭鍙枫€?(https://learn.microsoft.com/dotnet/fundamentals/code-analysis/style-rules/ide0011) [C:\UserWorx\VSWorx\ServoStudio\wpfui-servoStudio\samples\Wpf.Ui.servoStudio\servoStudio.csproj]
C:\UserWorx\VSWorx\ServoStudio\wpfui-servoStudio\samples\Wpf.Ui.servoStudio\ViewModels\Motion\MotionLimitViewModel.cs(589,13): warning IDE0011: 鍚?鈥渋f鈥?璇彞娣诲姞澶ф嫭鍙枫€?(https://learn.microsoft.com/dotnet/fundamentals/code-analysis/style-rules/ide0011) [C:\UserWorx\VSWorx\ServoStudio\wpfui-servoStudio\samples\Wpf.Ui.servoStudio\servoStudio.csproj]
C:\UserWorx\VSWorx\ServoStudio\wpfui-servoStudio\samples\Wpf.Ui.servoStudio\ViewModels\Motion\MotionTypeViewModel.cs(1105,9): warning IDE0011: 鍚?鈥渋f鈥?璇彞娣诲姞澶ф嫭鍙枫€?(https://learn.microsoft.com/dotnet/fundamentals/code-analysis/style-rules/ide0011) [C:\UserWorx\VSWorx\ServoStudio\wpfui-servoStudio\samples\Wpf.Ui.servoStudio\servoStudio.csproj]
C:\UserWorx\VSWorx\ServoStudio\wpfui-servoStudio\samples\Wpf.Ui.servoStudio\ViewModels\Motion\MotionTypeViewModel.cs(1107,9): warning IDE0011: 鍚?鈥渋f鈥?璇彞娣诲姞澶ф嫭鍙枫€?(https://learn.microsoft.com/dotnet/fundamentals/code-analysis/style-rules/ide0011) [C:\UserWorx\VSWorx\ServoStudio\wpfui-servoStudio\samples\Wpf.Ui.servoStudio\servoStudio.csproj]
C:\UserWorx\VSWorx\ServoStudio\wpfui-servoStudio\samples\Wpf.Ui.servoStudio\ViewModels\Motion\MotionTypeViewModel.cs(1109,9): warning IDE0011: 鍚?鈥渋f鈥?璇彞娣诲姞澶ф嫭鍙枫€?(https://learn.microsoft.com/dotnet/fundamentals/code-analysis/style-rules/ide0011) [C:\UserWorx\VSWorx\ServoStudio\wpfui-servoStudio\samples\Wpf.Ui.servoStudio\servoStudio.csproj]
C:\UserWorx\VSWorx\ServoStudio\wpfui-servoStudio\samples\Wpf.Ui.servoStudio\ViewModels\Motion\MotionTypeViewModel.cs(1111,9): warning IDE0011: 鍚?鈥渋f鈥?璇彞娣诲姞澶ф嫭鍙枫€?(https://learn.microsoft.com/dotnet/fundamentals/code-analysis/style-rules/ide0011) [C:\UserWorx\VSWorx\ServoStudio\wpfui-servoStudio\samples\Wpf.Ui.servoStudio\servoStudio.csproj]
C:\UserWorx\VSWorx\ServoStudio\wpfui-servoStudio\samples\Wpf.Ui.servoStudio\ViewModels\Motion\MotionTypeViewModel.cs(1113,9): warning IDE0011: 鍚?鈥渋f鈥?璇彞娣诲姞澶ф嫭鍙枫€?(https://learn.microsoft.com/dotnet/fundamentals/code-analysis/style-rules/ide0011) [C:\UserWorx\VSWorx\ServoStudio\wpfui-servoStudio\samples\Wpf.Ui.servoStudio\servoStudio.csproj]
C:\UserWorx\VSWorx\ServoStudio\wpfui-servoStudio\samples\Wpf.Ui.servoStudio\ViewModels\ViewModel.cs(144,30): warning IDE0055: 淇鏍煎紡 (https://learn.microsoft.com/dotnet/fundamentals/code-analysis/style-rules/ide0055) [C:\UserWorx\VSWorx\ServoStudio\wpfui-servoStudio\samples\Wpf.Ui.servoStudio\servoStudio.csproj]
C:\UserWorx\VSWorx\ServoStudio\wpfui-servoStudio\samples\Wpf.Ui.servoStudio\ViewModels\ViewModel.cs(145,55): warning IDE0055: 淇鏍煎紡 (https://learn.microsoft.com/dotnet/fundamentals/code-analysis/style-rules/ide0055) [C:\UserWorx\VSWorx\ServoStudio\wpfui-servoStudio\samples\Wpf.Ui.servoStudio\servoStudio.csproj]
C:\UserWorx\VSWorx\ServoStudio\wpfui-servoStudio\samples\Wpf.Ui.servoStudio\ViewModels\ViewModel.cs(241,40): warning IDE0055: 淇鏍煎紡 (https://learn.microsoft.com/dotnet/fundamentals/code-analysis/style-rules/ide0055) [C:\UserWorx\VSWorx\ServoStudio\wpfui-servoStudio\samples\Wpf.Ui.servoStudio\servoStudio.csproj]
C:\UserWorx\VSWorx\ServoStudio\wpfui-servoStudio\samples\Wpf.Ui.servoStudio\ViewModels\ViewModel.cs(241,42): warning IDE0055: 淇鏍煎紡 (https://learn.microsoft.com/dotnet/fundamentals/code-analysis/style-rules/ide0055) [C:\UserWorx\VSWorx\ServoStudio\wpfui-servoStudio\samples\Wpf.Ui.servoStudio\servoStudio.csproj]
C:\UserWorx\VSWorx\ServoStudio\wpfui-servoStudio\samples\Wpf.Ui.servoStudio\ViewModels\ViewModel.cs(255,42): warning IDE0055: 淇鏍煎紡 (https://learn.microsoft.com/dotnet/fundamentals/code-analysis/style-rules/ide0055) [C:\UserWorx\VSWorx\ServoStudio\wpfui-servoStudio\samples\Wpf.Ui.servoStudio\servoStudio.csproj]
C:\UserWorx\VSWorx\ServoStudio\wpfui-servoStudio\samples\Wpf.Ui.servoStudio\ViewModels\ViewModel.cs(255,44): warning IDE0055: 淇鏍煎紡 (https://learn.microsoft.com/dotnet/fundamentals/code-analysis/style-rules/ide0055) [C:\UserWorx\VSWorx\ServoStudio\wpfui-servoStudio\samples\Wpf.Ui.servoStudio\servoStudio.csproj]
C:\UserWorx\VSWorx\ServoStudio\wpfui-servoStudio\samples\Wpf.Ui.servoStudio\ViewModels\Motion\MotionTypeViewModel.cs(1121,9): warning IDE0011: 鍚?鈥渋f鈥?璇彞娣诲姞澶ф嫭鍙枫€?(https://learn.microsoft.com/dotnet/fundamentals/code-analysis/style-rules/ide0011) [C:\UserWorx\VSWorx\ServoStudio\wpfui-servoStudio\samples\Wpf.Ui.servoStudio\servoStudio.csproj]
C:\UserWorx\VSWorx\ServoStudio\wpfui-servoStudio\samples\Wpf.Ui.servoStudio\Services\FrameFormatRuntimeService.cs(81,9): warning IDE0011: 鍚?鈥渓ock鈥?璇彞娣诲姞澶ф嫭鍙枫€?(https://learn.microsoft.com/dotnet/fundamentals/code-analysis/style-rules/ide0011) [C:\UserWorx\VSWorx\ServoStudio\wpfui-servoStudio\samples\Wpf.Ui.servoStudio\servoStudio.csproj]
C:\UserWorx\VSWorx\ServoStudio\wpfui-servoStudio\samples\Wpf.Ui.servoStudio\Services\FrameFormatRuntimeService.cs(85,9): warning IDE0011: 鍚?鈥渓ock鈥?璇彞娣诲姞澶ф嫭鍙枫€?(https://learn.microsoft.com/dotnet/fundamentals/code-analysis/style-rules/ide0011) [C:\UserWorx\VSWorx\ServoStudio\wpfui-servoStudio\samples\Wpf.Ui.servoStudio\servoStudio.csproj]
C:\UserWorx\VSWorx\ServoStudio\wpfui-servoStudio\samples\Wpf.Ui.servoStudio\ViewModels\Motion\MotionTypeViewModel.cs(1129,9): warning IDE0011: 鍚?鈥渋f鈥?璇彞娣诲姞澶ф嫭鍙枫€?(https://learn.microsoft.com/dotnet/fundamentals/code-analysis/style-rules/ide0011) [C:\UserWorx\VSWorx\ServoStudio\wpfui-servoStudio\samples\Wpf.Ui.servoStudio\servoStudio.csproj]
C:\UserWorx\VSWorx\ServoStudio\wpfui-servoStudio\samples\Wpf.Ui.servoStudio\ViewModels\Motion\MotionTypeViewModel.cs(1131,9): warning IDE0011: 鍚?鈥渋f鈥?璇彞娣诲姞澶ф嫭鍙枫€?(https://learn.microsoft.com/dotnet/fundamentals/code-analysis/style-rules/ide0011) [C:\UserWorx\VSWorx\ServoStudio\wpfui-servoStudio\samples\Wpf.Ui.servoStudio\servoStudio.csproj]
C:\UserWorx\VSWorx\ServoStudio\wpfui-servoStudio\samples\Wpf.Ui.servoStudio\ViewModels\Motion\MotionTypeViewModel.cs(1133,9): warning IDE0011: 鍚?鈥渋f鈥?璇彞娣诲姞澶ф嫭鍙枫€?(https://learn.microsoft.com/dotnet/fundamentals/code-analysis/style-rules/ide0011) [C:\UserWorx\VSWorx\ServoStudio\wpfui-servoStudio\samples\Wpf.Ui.servoStudio\servoStudio.csproj]
C:\UserWorx\VSWorx\ServoStudio\wpfui-servoStudio\samples\Wpf.Ui.servoStudio\ViewModels\Motion\MotionTypeViewModel.cs(1135,9): warning IDE0011: 鍚?鈥渋f鈥?璇彞娣诲姞澶ф嫭鍙枫€?(https://learn.microsoft.com/dotnet/fundamentals/code-analysis/style-rules/ide0011) [C:\UserWorx\VSWorx\ServoStudio\wpfui-servoStudio\samples\Wpf.Ui.servoStudio\servoStudio.csproj]
C:\UserWorx\VSWorx\ServoStudio\wpfui-servoStudio\samples\Wpf.Ui.servoStudio\ViewModels\DeviceSet\DeviceAddViewModel.cs(1586,9): warning IDE0011: 鍚?鈥渋f鈥?璇彞娣诲姞澶ф嫭鍙枫€?(https://learn.microsoft.com/dotnet/fundamentals/code-analysis/style-rules/ide0011) [C:\UserWorx\VSWorx\ServoStudio\wpfui-servoStudio\samples\Wpf.Ui.servoStudio\servoStudio.csproj]
C:\UserWorx\VSWorx\ServoStudio\wpfui-servoStudio\samples\Wpf.Ui.servoStudio\ViewModels\DeviceSet\DeviceAddViewModel.cs(1588,9): warning IDE0011: 鍚?鈥渋f鈥?璇彞娣诲姞澶ф嫭鍙枫€?(https://learn.microsoft.com/dotnet/fundamentals/code-analysis/style-rules/ide0011) [C:\UserWorx\VSWorx\ServoStudio\wpfui-servoStudio\samples\Wpf.Ui.servoStudio\servoStudio.csproj]
C:\UserWorx\VSWorx\ServoStudio\wpfui-servoStudio\samples\Wpf.Ui.servoStudio\ViewModels\DeviceSet\DeviceAddViewModel.cs(1610,17): warning IDE0011: 鍚?鈥渋f鈥?璇彞娣诲姞澶ф嫭鍙枫€?(https://learn.microsoft.com/dotnet/fundamentals/code-analysis/style-rules/ide0011) [C:\UserWorx\VSWorx\ServoStudio\wpfui-servoStudio\samples\Wpf.Ui.servoStudio\servoStudio.csproj]
C:\UserWorx\VSWorx\ServoStudio\wpfui-servoStudio\samples\Wpf.Ui.servoStudio\ViewModels\DeviceSet\DeviceAddViewModel.cs(1621,13): warning IDE0011: 鍚?鈥渋f鈥?璇彞娣诲姞澶ф嫭鍙枫€?(https://learn.microsoft.com/dotnet/fundamentals/code-analysis/style-rules/ide0011) [C:\UserWorx\VSWorx\ServoStudio\wpfui-servoStudio\samples\Wpf.Ui.servoStudio\servoStudio.csproj]
C:\UserWorx\VSWorx\ServoStudio\wpfui-servoStudio\samples\Wpf.Ui.servoStudio\ViewModels\DeviceSet\DeviceAddViewModel.cs(1641,13): warning IDE0011: 鍚?鈥渋f鈥?璇彞娣诲姞澶ф嫭鍙枫€?(https://learn.microsoft.com/dotnet/fundamentals/code-analysis/style-rules/ide0011) [C:\UserWorx\VSWorx\ServoStudio\wpfui-servoStudio\samples\Wpf.Ui.servoStudio\servoStudio.csproj]
C:\UserWorx\VSWorx\ServoStudio\wpfui-servoStudio\samples\Wpf.Ui.servoStudio\ViewModels\DeviceSet\DeviceAddViewModel.cs(1595,13): warning IDE0008: 鐢ㄦ樉寮忕被鍨嬩唬鏇?"var" (https://learn.microsoft.com/dotnet/fundamentals/code-analysis/style-rules/ide0008) [C:\UserWorx\VSWorx\ServoStudio\wpfui-servoStudio\samples\Wpf.Ui.servoStudio\servoStudio.csproj]
C:\UserWorx\VSWorx\ServoStudio\wpfui-servoStudio\samples\Wpf.Ui.servoStudio\Views\Dialogs\SheetPickerWindow.cs(120,9): warning IDE2003: 鍧椾笌鍚庣画璇彞涔嬮棿闇€瑕佹湁绌虹櫧琛?(https://learn.microsoft.com/dotnet/fundamentals/code-analysis/style-rules/ide2003) [C:\UserWorx\VSWorx\ServoStudio\wpfui-servoStudio\samples\Wpf.Ui.servoStudio\servoStudio.csproj]
C:\UserWorx\VSWorx\ServoStudio\wpfui-servoStudio\samples\Wpf.Ui.servoStudio\ViewModels\Motion\MotionTypeViewModel.cs(1143,9): warning IDE0011: 鍚?鈥渋f鈥?璇彞娣诲姞澶ф嫭鍙枫€?(https://learn.microsoft.com/dotnet/fundamentals/code-analysis/style-rules/ide0011) [C:\UserWorx\VSWorx\ServoStudio\wpfui-servoStudio\samples\Wpf.Ui.servoStudio\servoStudio.csproj]
C:\UserWorx\VSWorx\ServoStudio\wpfui-servoStudio\samples\Wpf.Ui.servoStudio\ViewModels\Motion\MotionTypeViewModel.cs(1145,9): warning IDE0011: 鍚?鈥渋f鈥?璇彞娣诲姞澶ф嫭鍙枫€?(https://learn.microsoft.com/dotnet/fundamentals/code-analysis/style-rules/ide0011) [C:\UserWorx\VSWorx\ServoStudio\wpfui-servoStudio\samples\Wpf.Ui.servoStudio\servoStudio.csproj]
C:\UserWorx\VSWorx\ServoStudio\wpfui-servoStudio\samples\Wpf.Ui.servoStudio\ViewModels\Motion\MotionTypeViewModel.cs(1147,9): warning IDE0011: 鍚?鈥渋f鈥?璇彞娣诲姞澶ф嫭鍙枫€?(https://learn.microsoft.com/dotnet/fundamentals/code-analysis/style-rules/ide0011) [C:\UserWorx\VSWorx\ServoStudio\wpfui-servoStudio\samples\Wpf.Ui.servoStudio\servoStudio.csproj]
C:\UserWorx\VSWorx\ServoStudio\wpfui-servoStudio\samples\Wpf.Ui.servoStudio\ViewModels\Hardware\ControllerViewModel.cs(216,9): warning IDE0011: 鍚?鈥渋f鈥?璇彞娣诲姞澶ф嫭鍙枫€?(https://learn.microsoft.com/dotnet/fundamentals/code-analysis/style-rules/ide0011) [C:\UserWorx\VSWorx\ServoStudio\wpfui-servoStudio\samples\Wpf.Ui.servoStudio\servoStudio.csproj]
C:\UserWorx\VSWorx\ServoStudio\wpfui-servoStudio\samples\Wpf.Ui.servoStudio\ViewModels\DeviceSet\DeviceAddViewModel.cs(1648,13): warning IDE0058: 姘歌繙涓嶄細浣跨敤琛ㄨ揪寮忓€?(https://learn.microsoft.com/dotnet/fundamentals/code-analysis/style-rules/ide0058) [C:\UserWorx\VSWorx\ServoStudio\wpfui-servoStudio\samples\Wpf.Ui.servoStudio\servoStudio.csproj]
C:\UserWorx\VSWorx\ServoStudio\wpfui-servoStudio\samples\Wpf.Ui.servoStudio\ViewModels\Motion\MotionTypeViewModel.cs(1160,9): warning IDE0011: 鍚?鈥渋f鈥?璇彞娣诲姞澶ф嫭鍙枫€?(https://learn.microsoft.com/dotnet/fundamentals/code-analysis/style-rules/ide0011) [C:\UserWorx\VSWorx\ServoStudio\wpfui-servoStudio\samples\Wpf.Ui.servoStudio\servoStudio.csproj]
C:\UserWorx\VSWorx\ServoStudio\wpfui-servoStudio\samples\Wpf.Ui.servoStudio\ViewModels\Motion\MotionTypeViewModel.cs(1162,9): warning IDE0011: 鍚?鈥渋f鈥?璇彞娣诲姞澶ф嫭鍙枫€?(https://learn.microsoft.com/dotnet/fundamentals/code-analysis/style-rules/ide0011) [C:\UserWorx\VSWorx\ServoStudio\wpfui-servoStudio\samples\Wpf.Ui.servoStudio\servoStudio.csproj]
C:\UserWorx\VSWorx\ServoStudio\wpfui-servoStudio\samples\Wpf.Ui.servoStudio\ViewModels\Motion\MotionTypeViewModel.cs(1164,9): warning IDE0011: 鍚?鈥渋f鈥?璇彞娣诲姞澶ф嫭鍙枫€?(https://learn.microsoft.com/dotnet/fundamentals/code-analysis/style-rules/ide0011) [C:\UserWorx\VSWorx\ServoStudio\wpfui-servoStudio\samples\Wpf.Ui.servoStudio\servoStudio.csproj]
C:\UserWorx\VSWorx\ServoStudio\wpfui-servoStudio\samples\Wpf.Ui.servoStudio\ViewModels\Motion\MotionTypeViewModel.cs(1166,9): warning IDE0011: 鍚?鈥渋f鈥?璇彞娣诲姞澶ф嫭鍙枫€?(https://learn.microsoft.com/dotnet/fundamentals/code-analysis/style-rules/ide0011) [C:\UserWorx\VSWorx\ServoStudio\wpfui-servoStudio\samples\Wpf.Ui.servoStudio\servoStudio.csproj]
C:\UserWorx\VSWorx\ServoStudio\wpfui-servoStudio\samples\Wpf.Ui.servoStudio\Views\MainWindow.xaml.cs(24,52): warning IDE0055: 淇鏍煎紡 (https://learn.microsoft.com/dotnet/fundamentals/code-analysis/style-rules/ide0055) [C:\UserWorx\VSWorx\ServoStudio\wpfui-servoStudio\samples\Wpf.Ui.servoStudio\servoStudio.csproj]
C:\UserWorx\VSWorx\ServoStudio\wpfui-servoStudio\samples\Wpf.Ui.servoStudio\Views\MainWindow.xaml.cs(24,54): warning IDE0055: 淇鏍煎紡 (https://learn.microsoft.com/dotnet/fundamentals/code-analysis/style-rules/ide0055) [C:\UserWorx\VSWorx\ServoStudio\wpfui-servoStudio\samples\Wpf.Ui.servoStudio\servoStudio.csproj]
C:\UserWorx\VSWorx\ServoStudio\wpfui-servoStudio\samples\Wpf.Ui.servoStudio\Views\MainWindow.xaml.cs(24,59): warning IDE0055: 淇鏍煎紡 (https://learn.microsoft.com/dotnet/fundamentals/code-analysis/style-rules/ide0055) [C:\UserWorx\VSWorx\ServoStudio\wpfui-servoStudio\samples\Wpf.Ui.servoStudio\servoStudio.csproj]
C:\UserWorx\VSWorx\ServoStudio\wpfui-servoStudio\samples\Wpf.Ui.servoStudio\ViewModels\DeviceSet\DeviceAddViewModel.cs(1662,9): warning IDE0008: 鐢ㄦ樉寮忕被鍨嬩唬鏇?"var" (https://learn.microsoft.com/dotnet/fundamentals/code-analysis/style-rules/ide0008) [C:\UserWorx\VSWorx\ServoStudio\wpfui-servoStudio\samples\Wpf.Ui.servoStudio\servoStudio.csproj]
C:\UserWorx\VSWorx\ServoStudio\wpfui-servoStudio\samples\Wpf.Ui.servoStudio\ViewModels\Motion\MotionTypeViewModel.cs(1174,9): warning IDE0011: 鍚?鈥渋f鈥?璇彞娣诲姞澶ф嫭鍙枫€?(https://learn.microsoft.com/dotnet/fundamentals/code-analysis/style-rules/ide0011) [C:\UserWorx\VSWorx\ServoStudio\wpfui-servoStudio\samples\Wpf.Ui.servoStudio\servoStudio.csproj]
C:\UserWorx\VSWorx\ServoStudio\wpfui-servoStudio\samples\Wpf.Ui.servoStudio\Views\Pages\AppDataPages\AppLogPage.xaml.cs(28,37): warning IDE0055: 淇鏍煎紡 (https://learn.microsoft.com/dotnet/fundamentals/code-analysis/style-rules/ide0055) [C:\UserWorx\VSWorx\ServoStudio\wpfui-servoStudio\samples\Wpf.Ui.servoStudio\servoStudio.csproj]
C:\UserWorx\VSWorx\ServoStudio\wpfui-servoStudio\samples\Wpf.Ui.servoStudio\Views\Pages\AppDataPages\AppLogPage.xaml.cs(28,39): warning IDE0055: 淇鏍煎紡 (https://learn.microsoft.com/dotnet/fundamentals/code-analysis/style-rules/ide0055) [C:\UserWorx\VSWorx\ServoStudio\wpfui-servoStudio\samples\Wpf.Ui.servoStudio\servoStudio.csproj]
C:\UserWorx\VSWorx\ServoStudio\wpfui-servoStudio\samples\Wpf.Ui.servoStudio\Views\Pages\AppDataPages\AppLogPage.xaml.cs(28,44): warning IDE0055: 淇鏍煎紡 (https://learn.microsoft.com/dotnet/fundamentals/code-analysis/style-rules/ide0055) [C:\UserWorx\VSWorx\ServoStudio\wpfui-servoStudio\samples\Wpf.Ui.servoStudio\servoStudio.csproj]
C:\UserWorx\VSWorx\ServoStudio\wpfui-servoStudio\samples\Wpf.Ui.servoStudio\ViewModels\Hardware\IOViewModel.cs(444,9): warning IDE0011: 鍚?鈥渋f鈥?璇彞娣诲姞澶ф嫭鍙枫€?(https://learn.microsoft.com/dotnet/fundamentals/code-analysis/style-rules/ide0011) [C:\UserWorx\VSWorx\ServoStudio\wpfui-servoStudio\samples\Wpf.Ui.servoStudio\servoStudio.csproj]
C:\UserWorx\VSWorx\ServoStudio\wpfui-servoStudio\samples\Wpf.Ui.servoStudio\ViewModels\DeviceSet\DeviceAddViewModel.cs(1675,17): warning IDE0011: 鍚?鈥渋f鈥?璇彞娣诲姞澶ф嫭鍙枫€?(https://learn.microsoft.com/dotnet/fundamentals/code-analysis/style-rules/ide0011) [C:\UserWorx\VSWorx\ServoStudio\wpfui-servoStudio\samples\Wpf.Ui.servoStudio\servoStudio.csproj]
C:\UserWorx\VSWorx\ServoStudio\wpfui-servoStudio\samples\Wpf.Ui.servoStudio\Views\Pages\AppDataPages\DataSavePage.xaml.cs(14,39): warning IDE0055: 淇鏍煎紡 (https://learn.microsoft.com/dotnet/fundamentals/code-analysis/style-rules/ide0055) [C:\UserWorx\VSWorx\ServoStudio\wpfui-servoStudio\samples\Wpf.Ui.servoStudio\servoStudio.csproj]
C:\UserWorx\VSWorx\ServoStudio\wpfui-servoStudio\samples\Wpf.Ui.servoStudio\Views\Pages\AppDataPages\DataSavePage.xaml.cs(14,41): warning IDE0055: 淇鏍煎紡 (https://learn.microsoft.com/dotnet/fundamentals/code-analysis/style-rules/ide0055) [C:\UserWorx\VSWorx\ServoStudio\wpfui-servoStudio\samples\Wpf.Ui.servoStudio\servoStudio.csproj]
C:\UserWorx\VSWorx\ServoStudio\wpfui-servoStudio\samples\Wpf.Ui.servoStudio\Views\Pages\AppDataPages\DataSavePage.xaml.cs(14,46): warning IDE0055: 淇鏍煎紡 (https://learn.microsoft.com/dotnet/fundamentals/code-analysis/style-rules/ide0055) [C:\UserWorx\VSWorx\ServoStudio\wpfui-servoStudio\samples\Wpf.Ui.servoStudio\servoStudio.csproj]
C:\UserWorx\VSWorx\ServoStudio\wpfui-servoStudio\samples\Wpf.Ui.servoStudio\ViewModels\DeviceSet\DeviceAddViewModel.cs(1676,17): warning IDE0058: 姘歌繙涓嶄細浣跨敤琛ㄨ揪寮忓€?(https://learn.microsoft.com/dotnet/fundamentals/code-analysis/style-rules/ide0058) [C:\UserWorx\VSWorx\ServoStudio\wpfui-servoStudio\samples\Wpf.Ui.servoStudio\servoStudio.csproj]
C:\UserWorx\VSWorx\ServoStudio\wpfui-servoStudio\samples\Wpf.Ui.servoStudio\ViewModels\DeviceSet\DeviceAddViewModel.cs(1688,9): warning IDE0011: 鍚?鈥渋f鈥?璇彞娣诲姞澶ф嫭鍙枫€?(https://learn.microsoft.com/dotnet/fundamentals/code-analysis/style-rules/ide0011) [C:\UserWorx\VSWorx\ServoStudio\wpfui-servoStudio\samples\Wpf.Ui.servoStudio\servoStudio.csproj]
C:\UserWorx\VSWorx\ServoStudio\wpfui-servoStudio\samples\Wpf.Ui.servoStudio\ViewModels\DeviceSet\DeviceAddViewModel.cs(1690,9): warning IDE0058: 姘歌繙涓嶄細浣跨敤琛ㄨ揪寮忓€?(https://learn.microsoft.com/dotnet/fundamentals/code-analysis/style-rules/ide0058) [C:\UserWorx\VSWorx\ServoStudio\wpfui-servoStudio\samples\Wpf.Ui.servoStudio\servoStudio.csproj]
C:\UserWorx\VSWorx\ServoStudio\wpfui-servoStudio\samples\Wpf.Ui.servoStudio\ViewModels\Motion\MotionProfileViewModel.cs(180,13): warning IDE0059: 涓嶉渶瑕佸 "dConst" 璧嬪€?(https://learn.microsoft.com/dotnet/fundamentals/code-analysis/style-rules/ide0059) [C:\UserWorx\VSWorx\ServoStudio\wpfui-servoStudio\samples\Wpf.Ui.servoStudio\servoStudio.csproj]
C:\UserWorx\VSWorx\ServoStudio\wpfui-servoStudio\samples\Wpf.Ui.servoStudio\Views\Pages\AppDataPages\DataViewPage.xaml.cs(23,39): warning IDE0055: 淇鏍煎紡 (https://learn.microsoft.com/dotnet/fundamentals/code-analysis/style-rules/ide0055) [C:\UserWorx\VSWorx\ServoStudio\wpfui-servoStudio\samples\Wpf.Ui.servoStudio\servoStudio.csproj]
C:\UserWorx\VSWorx\ServoStudio\wpfui-servoStudio\samples\Wpf.Ui.servoStudio\Views\Pages\AppDataPages\DataViewPage.xaml.cs(23,41): warning IDE0055: 淇鏍煎紡 (https://learn.microsoft.com/dotnet/fundamentals/code-analysis/style-rules/ide0055) [C:\UserWorx\VSWorx\ServoStudio\wpfui-servoStudio\samples\Wpf.Ui.servoStudio\servoStudio.csproj]
C:\UserWorx\VSWorx\ServoStudio\wpfui-servoStudio\samples\Wpf.Ui.servoStudio\Views\Pages\AppDataPages\DataViewPage.xaml.cs(23,46): warning IDE0055: 淇鏍煎紡 (https://learn.microsoft.com/dotnet/fundamentals/code-analysis/style-rules/ide0055) [C:\UserWorx\VSWorx\ServoStudio\wpfui-servoStudio\samples\Wpf.Ui.servoStudio\servoStudio.csproj]
C:\UserWorx\VSWorx\ServoStudio\wpfui-servoStudio\samples\Wpf.Ui.servoStudio\Views\Pages\AppDataPages\DataViewPage.xaml.cs(312,5): warning IDE0055: 淇鏍煎紡 (https://learn.microsoft.com/dotnet/fundamentals/code-analysis/style-rules/ide0055) [C:\UserWorx\VSWorx\ServoStudio\wpfui-servoStudio\samples\Wpf.Ui.servoStudio\servoStudio.csproj]
C:\UserWorx\VSWorx\ServoStudio\wpfui-servoStudio\samples\Wpf.Ui.servoStudio\Views\Pages\AppDataPages\DataViewPage.xaml.cs(136,9): warning IDE2003: 鍧椾笌鍚庣画璇彞涔嬮棿闇€瑕佹湁绌虹櫧琛?(https://learn.microsoft.com/dotnet/fundamentals/code-analysis/style-rules/ide2003) [C:\UserWorx\VSWorx\ServoStudio\wpfui-servoStudio\samples\Wpf.Ui.servoStudio\servoStudio.csproj]
C:\UserWorx\VSWorx\ServoStudio\wpfui-servoStudio\samples\Wpf.Ui.servoStudio\Views\Pages\AppDataPages\DataViewPage.xaml.cs(146,9): warning IDE2003: 鍧椾笌鍚庣画璇彞涔嬮棿闇€瑕佹湁绌虹櫧琛?(https://learn.microsoft.com/dotnet/fundamentals/code-analysis/style-rules/ide2003) [C:\UserWorx\VSWorx\ServoStudio\wpfui-servoStudio\samples\Wpf.Ui.servoStudio\servoStudio.csproj]
C:\UserWorx\VSWorx\ServoStudio\wpfui-servoStudio\samples\Wpf.Ui.servoStudio\Views\Pages\AppDataPages\DataViewPage.xaml.cs(176,9): warning IDE2003: 鍧椾笌鍚庣画璇彞涔嬮棿闇€瑕佹湁绌虹櫧琛?(https://learn.microsoft.com/dotnet/fundamentals/code-analysis/style-rules/ide2003) [C:\UserWorx\VSWorx\ServoStudio\wpfui-servoStudio\samples\Wpf.Ui.servoStudio\servoStudio.csproj]
C:\UserWorx\VSWorx\ServoStudio\wpfui-servoStudio\samples\Wpf.Ui.servoStudio\Views\Pages\AppDataPages\DataViewPage.xaml.cs(181,9): warning IDE2003: 鍧椾笌鍚庣画璇彞涔嬮棿闇€瑕佹湁绌虹櫧琛?(https://learn.microsoft.com/dotnet/fundamentals/code-analysis/style-rules/ide2003) [C:\UserWorx\VSWorx\ServoStudio\wpfui-servoStudio\samples\Wpf.Ui.servoStudio\servoStudio.csproj]
C:\UserWorx\VSWorx\ServoStudio\wpfui-servoStudio\samples\Wpf.Ui.servoStudio\Views\Pages\AppDataPages\DataViewPage.xaml.cs(187,9): warning IDE2003: 鍧椾笌鍚庣画璇彞涔嬮棿闇€瑕佹湁绌虹櫧琛?(https://learn.microsoft.com/dotnet/fundamentals/code-analysis/style-rules/ide2003) [C:\UserWorx\VSWorx\ServoStudio\wpfui-servoStudio\samples\Wpf.Ui.servoStudio\servoStudio.csproj]
C:\UserWorx\VSWorx\ServoStudio\wpfui-servoStudio\samples\Wpf.Ui.servoStudio\Views\Pages\AppDataPages\DataViewPage.xaml.cs(216,17): warning IDE2003: 鍧椾笌鍚庣画璇彞涔嬮棿闇€瑕佹湁绌虹櫧琛?(https://learn.microsoft.com/dotnet/fundamentals/code-analysis/style-rules/ide2003) [C:\UserWorx\VSWorx\ServoStudio\wpfui-servoStudio\samples\Wpf.Ui.servoStudio\servoStudio.csproj]
C:\UserWorx\VSWorx\ServoStudio\wpfui-servoStudio\samples\Wpf.Ui.servoStudio\Views\Pages\AppDataPages\DataViewPage.xaml.cs(237,13): warning IDE2003: 鍧椾笌鍚庣画璇彞涔嬮棿闇€瑕佹湁绌虹櫧琛?(https://learn.microsoft.com/dotnet/fundamentals/code-analysis/style-rules/ide2003) [C:\UserWorx\VSWorx\ServoStudio\wpfui-servoStudio\samples\Wpf.Ui.servoStudio\servoStudio.csproj]
C:\UserWorx\VSWorx\ServoStudio\wpfui-servoStudio\samples\Wpf.Ui.servoStudio\Views\Pages\AppDataPages\DataViewPage.xaml.cs(247,13): warning IDE2003: 鍧椾笌鍚庣画璇彞涔嬮棿闇€瑕佹湁绌虹櫧琛?(https://learn.microsoft.com/dotnet/fundamentals/code-analysis/style-rules/ide2003) [C:\UserWorx\VSWorx\ServoStudio\wpfui-servoStudio\samples\Wpf.Ui.servoStudio\servoStudio.csproj]
C:\UserWorx\VSWorx\ServoStudio\wpfui-servoStudio\samples\Wpf.Ui.servoStudio\Views\Pages\AppDataPages\DataViewPage.xaml.cs(251,13): warning IDE2003: 鍧椾笌鍚庣画璇彞涔嬮棿闇€瑕佹湁绌虹櫧琛?(https://learn.microsoft.com/dotnet/fundamentals/code-analysis/style-rules/ide2003) [C:\UserWorx\VSWorx\ServoStudio\wpfui-servoStudio\samples\Wpf.Ui.servoStudio\servoStudio.csproj]
C:\UserWorx\VSWorx\ServoStudio\wpfui-servoStudio\samples\Wpf.Ui.servoStudio\Views\Pages\AppDataPages\DataViewPage.xaml.cs(267,9): warning IDE2003: 鍧椾笌鍚庣画璇彞涔嬮棿闇€瑕佹湁绌虹櫧琛?(https://learn.microsoft.com/dotnet/fundamentals/code-analysis/style-rules/ide2003) [C:\UserWorx\VSWorx\ServoStudio\wpfui-servoStudio\samples\Wpf.Ui.servoStudio\servoStudio.csproj]
C:\UserWorx\VSWorx\ServoStudio\wpfui-servoStudio\samples\Wpf.Ui.servoStudio\Views\Pages\AppDataPages\DataViewPage.xaml.cs(302,9): warning IDE2003: 鍧椾笌鍚庣画璇彞涔嬮棿闇€瑕佹湁绌虹櫧琛?(https://learn.microsoft.com/dotnet/fundamentals/code-analysis/style-rules/ide2003) [C:\UserWorx\VSWorx\ServoStudio\wpfui-servoStudio\samples\Wpf.Ui.servoStudio\servoStudio.csproj]
C:\UserWorx\VSWorx\ServoStudio\wpfui-servoStudio\samples\Wpf.Ui.servoStudio\Views\Pages\AppDataPages\DataViewPage.xaml.cs(306,9): warning IDE2003: 鍧椾笌鍚庣画璇彞涔嬮棿闇€瑕佹湁绌虹櫧琛?(https://learn.microsoft.com/dotnet/fundamentals/code-analysis/style-rules/ide2003) [C:\UserWorx\VSWorx\ServoStudio\wpfui-servoStudio\samples\Wpf.Ui.servoStudio\servoStudio.csproj]
C:\UserWorx\VSWorx\ServoStudio\wpfui-servoStudio\samples\Wpf.Ui.servoStudio\Views\Pages\AppDataPages\DataViewPage.xaml.cs(601,9): warning IDE2003: 鍧椾笌鍚庣画璇彞涔嬮棿闇€瑕佹湁绌虹櫧琛?(https://learn.microsoft.com/dotnet/fundamentals/code-analysis/style-rules/ide2003) [C:\UserWorx\VSWorx\ServoStudio\wpfui-servoStudio\samples\Wpf.Ui.servoStudio\servoStudio.csproj]
C:\UserWorx\VSWorx\ServoStudio\wpfui-servoStudio\samples\Wpf.Ui.servoStudio\ViewModels\DeviceSet\DeviceAddViewModel.cs(1696,9): warning IDE0011: 鍚?鈥渋f鈥?璇彞娣诲姞澶ф嫭鍙枫€?(https://learn.microsoft.com/dotnet/fundamentals/code-analysis/style-rules/ide0011) [C:\UserWorx\VSWorx\ServoStudio\wpfui-servoStudio\samples\Wpf.Ui.servoStudio\servoStudio.csproj]
C:\UserWorx\VSWorx\ServoStudio\wpfui-servoStudio\samples\Wpf.Ui.servoStudio\ViewModels\DeviceSet\DeviceAddViewModel.cs(1698,9): warning IDE0011: 鍚?鈥渋f鈥?璇彞娣诲姞澶ф嫭鍙枫€?(https://learn.microsoft.com/dotnet/fundamentals/code-analysis/style-rules/ide0011) [C:\UserWorx\VSWorx\ServoStudio\wpfui-servoStudio\samples\Wpf.Ui.servoStudio\servoStudio.csproj]
C:\UserWorx\VSWorx\ServoStudio\wpfui-servoStudio\samples\Wpf.Ui.servoStudio\ViewModels\DeviceSet\DeviceAddViewModel.cs(1707,17): warning IDE0011: 鍚?鈥渋f鈥?璇彞娣诲姞澶ф嫭鍙枫€?(https://learn.microsoft.com/dotnet/fundamentals/code-analysis/style-rules/ide0011) [C:\UserWorx\VSWorx\ServoStudio\wpfui-servoStudio\samples\Wpf.Ui.servoStudio\servoStudio.csproj]
C:\UserWorx\VSWorx\ServoStudio\wpfui-servoStudio\samples\Wpf.Ui.servoStudio\ViewModels\DeviceSet\DeviceAddViewModel.cs(1712,17): warning IDE0011: 鍚?鈥渋f鈥?璇彞娣诲姞澶ф嫭鍙枫€?(https://learn.microsoft.com/dotnet/fundamentals/code-analysis/style-rules/ide0011) [C:\UserWorx\VSWorx\ServoStudio\wpfui-servoStudio\samples\Wpf.Ui.servoStudio\servoStudio.csproj]
C:\UserWorx\VSWorx\ServoStudio\wpfui-servoStudio\samples\Wpf.Ui.servoStudio\ViewModels\DeviceSet\DeviceAddViewModel.cs(1725,17): warning IDE0011: 鍚?鈥渋f鈥?璇彞娣诲姞澶ф嫭鍙枫€?(https://learn.microsoft.com/dotnet/fundamentals/code-analysis/style-rules/ide0011) [C:\UserWorx\VSWorx\ServoStudio\wpfui-servoStudio\samples\Wpf.Ui.servoStudio\servoStudio.csproj]
C:\UserWorx\VSWorx\ServoStudio\wpfui-servoStudio\samples\Wpf.Ui.servoStudio\ViewModels\DeviceSet\DeviceAddViewModel.cs(1737,13): warning IDE0011: 鍚?鈥渋f鈥?璇彞娣诲姞澶ф嫭鍙枫€?(https://learn.microsoft.com/dotnet/fundamentals/code-analysis/style-rules/ide0011) [C:\UserWorx\VSWorx\ServoStudio\wpfui-servoStudio\samples\Wpf.Ui.servoStudio\servoStudio.csproj]
C:\UserWorx\VSWorx\ServoStudio\wpfui-servoStudio\samples\Wpf.Ui.servoStudio\ViewModels\DeviceSet\DeviceAddViewModel.cs(1759,13): warning IDE0011: 鍚?鈥渋f鈥?璇彞娣诲姞澶ф嫭鍙枫€?(https://learn.microsoft.com/dotnet/fundamentals/code-analysis/style-rules/ide0011) [C:\UserWorx\VSWorx\ServoStudio\wpfui-servoStudio\samples\Wpf.Ui.servoStudio\servoStudio.csproj]
C:\UserWorx\VSWorx\ServoStudio\wpfui-servoStudio\samples\Wpf.Ui.servoStudio\ViewModels\DeviceSet\DeviceAddViewModel.cs(1695,9): warning IDE0008: 鐢ㄦ樉寮忕被鍨嬩唬鏇?"var" (https://learn.microsoft.com/dotnet/fundamentals/code-analysis/style-rules/ide0008) [C:\UserWorx\VSWorx\ServoStudio\wpfui-servoStudio\samples\Wpf.Ui.servoStudio\servoStudio.csproj]
C:\UserWorx\VSWorx\ServoStudio\wpfui-servoStudio\samples\Wpf.Ui.servoStudio\ViewModels\DeviceSet\DeviceAddViewModel.cs(1705,13): warning IDE0008: 鐢ㄦ樉寮忕被鍨嬩唬鏇?"var" (https://learn.microsoft.com/dotnet/fundamentals/code-analysis/style-rules/ide0008) [C:\UserWorx\VSWorx\ServoStudio\wpfui-servoStudio\samples\Wpf.Ui.servoStudio\servoStudio.csproj]
C:\UserWorx\VSWorx\ServoStudio\wpfui-servoStudio\samples\Wpf.Ui.servoStudio\Views\Pages\AppDataPages\PidAdjustPage.xaml.cs(47,40): warning IDE0055: 淇鏍煎紡 (https://learn.microsoft.com/dotnet/fundamentals/code-analysis/style-rules/ide0055) [C:\UserWorx\VSWorx\ServoStudio\wpfui-servoStudio\samples\Wpf.Ui.servoStudio\servoStudio.csproj]
C:\UserWorx\VSWorx\ServoStudio\wpfui-servoStudio\samples\Wpf.Ui.servoStudio\Views\Pages\AppDataPages\PidAdjustPage.xaml.cs(47,42): warning IDE0055: 淇鏍煎紡 (https://learn.microsoft.com/dotnet/fundamentals/code-analysis/style-rules/ide0055) [C:\UserWorx\VSWorx\ServoStudio\wpfui-servoStudio\samples\Wpf.Ui.servoStudio\servoStudio.csproj]
C:\UserWorx\VSWorx\ServoStudio\wpfui-servoStudio\samples\Wpf.Ui.servoStudio\Views\Pages\AppDataPages\PidAdjustPage.xaml.cs(47,47): warning IDE0055: 淇鏍煎紡 (https://learn.microsoft.com/dotnet/fundamentals/code-analysis/style-rules/ide0055) [C:\UserWorx\VSWorx\ServoStudio\wpfui-servoStudio\samples\Wpf.Ui.servoStudio\servoStudio.csproj]
C:\UserWorx\VSWorx\ServoStudio\wpfui-servoStudio\samples\Wpf.Ui.servoStudio\Views\Pages\AppDataPages\PidAdjustPage.xaml.cs(105,10): warning IDE0055: 淇鏍煎紡 (https://learn.microsoft.com/dotnet/fundamentals/code-analysis/style-rules/ide0055) [C:\UserWorx\VSWorx\ServoStudio\wpfui-servoStudio\samples\Wpf.Ui.servoStudio\servoStudio.csproj]
C:\UserWorx\VSWorx\ServoStudio\wpfui-servoStudio\samples\Wpf.Ui.servoStudio\Views\Pages\AppDataPages\PidAdjustPage.xaml.cs(105,28): warning IDE0055: 淇鏍煎紡 (https://learn.microsoft.com/dotnet/fundamentals/code-analysis/style-rules/ide0055) [C:\UserWorx\VSWorx\ServoStudio\wpfui-servoStudio\samples\Wpf.Ui.servoStudio\servoStudio.csproj]
C:\UserWorx\VSWorx\ServoStudio\wpfui-servoStudio\samples\Wpf.Ui.servoStudio\Views\Pages\AppDataPages\PidAdjustPage.xaml.cs(105,48): warning IDE0055: 淇鏍煎紡 (https://learn.microsoft.com/dotnet/fundamentals/code-analysis/style-rules/ide0055) [C:\UserWorx\VSWorx\ServoStudio\wpfui-servoStudio\samples\Wpf.Ui.servoStudio\servoStudio.csproj]
C:\UserWorx\VSWorx\ServoStudio\wpfui-servoStudio\samples\Wpf.Ui.servoStudio\Views\Pages\AppDataPages\PidAdjustPage.xaml.cs(120,48): warning IDE0055: 淇鏍煎紡 (https://learn.microsoft.com/dotnet/fundamentals/code-analysis/style-rules/ide0055) [C:\UserWorx\VSWorx\ServoStudio\wpfui-servoStudio\samples\Wpf.Ui.servoStudio\servoStudio.csproj]
C:\UserWorx\VSWorx\ServoStudio\wpfui-servoStudio\samples\Wpf.Ui.servoStudio\Views\Pages\AppDataPages\PidAdjustPage.xaml.cs(129,17): warning IDE0055: 淇鏍煎紡 (https://learn.microsoft.com/dotnet/fundamentals/code-analysis/style-rules/ide0055) [C:\UserWorx\VSWorx\ServoStudio\wpfui-servoStudio\samples\Wpf.Ui.servoStudio\servoStudio.csproj]
C:\UserWorx\VSWorx\ServoStudio\wpfui-servoStudio\samples\Wpf.Ui.servoStudio\Views\Pages\AppDataPages\PidAdjustPage.xaml.cs(162,46): warning IDE0055: 淇鏍煎紡 (https://learn.microsoft.com/dotnet/fundamentals/code-analysis/style-rules/ide0055) [C:\UserWorx\VSWorx\ServoStudio\wpfui-servoStudio\samples\Wpf.Ui.servoStudio\servoStudio.csproj]
C:\UserWorx\VSWorx\ServoStudio\wpfui-servoStudio\samples\Wpf.Ui.servoStudio\Views\Pages\AppDataPages\PidAdjustPage.xaml.cs(163,46): warning IDE0055: 淇鏍煎紡 (https://learn.microsoft.com/dotnet/fundamentals/code-analysis/style-rules/ide0055) [C:\UserWorx\VSWorx\ServoStudio\wpfui-servoStudio\samples\Wpf.Ui.servoStudio\servoStudio.csproj]
C:\UserWorx\VSWorx\ServoStudio\wpfui-servoStudio\samples\Wpf.Ui.servoStudio\Views\Pages\AppDataPages\PidAdjustPage.xaml.cs(164,46): warning IDE0055: 淇鏍煎紡 (https://learn.microsoft.com/dotnet/fundamentals/code-analysis/style-rules/ide0055) [C:\UserWorx\VSWorx\ServoStudio\wpfui-servoStudio\samples\Wpf.Ui.servoStudio\servoStudio.csproj]
C:\UserWorx\VSWorx\ServoStudio\wpfui-servoStudio\samples\Wpf.Ui.servoStudio\Views\Pages\AppDataPages\PidAdjustPage.xaml.cs(165,46): warning IDE0055: 淇鏍煎紡 (https://learn.microsoft.com/dotnet/fundamentals/code-analysis/style-rules/ide0055) [C:\UserWorx\VSWorx\ServoStudio\wpfui-servoStudio\samples\Wpf.Ui.servoStudio\servoStudio.csproj]
C:\UserWorx\VSWorx\ServoStudio\wpfui-servoStudio\samples\Wpf.Ui.servoStudio\Views\Pages\AppDataPages\PidAdjustPage.xaml.cs(166,46): warning IDE0055: 淇鏍煎紡 (https://learn.microsoft.com/dotnet/fundamentals/code-analysis/style-rules/ide0055) [C:\UserWorx\VSWorx\ServoStudio\wpfui-servoStudio\samples\Wpf.Ui.servoStudio\servoStudio.csproj]
C:\UserWorx\VSWorx\ServoStudio\wpfui-servoStudio\samples\Wpf.Ui.servoStudio\Views\Pages\AppDataPages\PidAdjustPage.xaml.cs(167,46): warning IDE0055: 淇鏍煎紡 (https://learn.microsoft.com/dotnet/fundamentals/code-analysis/style-rules/ide0055) [C:\UserWorx\VSWorx\ServoStudio\wpfui-servoStudio\samples\Wpf.Ui.servoStudio\servoStudio.csproj]
C:\UserWorx\VSWorx\ServoStudio\wpfui-servoStudio\samples\Wpf.Ui.servoStudio\Views\Pages\AppDataPages\PidAdjustPage.xaml.cs(190,54): warning IDE0055: 淇鏍煎紡 (https://learn.microsoft.com/dotnet/fundamentals/code-analysis/style-rules/ide0055) [C:\UserWorx\VSWorx\ServoStudio\wpfui-servoStudio\samples\Wpf.Ui.servoStudio\servoStudio.csproj]
C:\UserWorx\VSWorx\ServoStudio\wpfui-servoStudio\samples\Wpf.Ui.servoStudio\Views\Pages\AppDataPages\PidAdjustPage.xaml.cs(299,39): warning IDE0055: 淇鏍煎紡 (https://learn.microsoft.com/dotnet/fundamentals/code-analysis/style-rules/ide0055) [C:\UserWorx\VSWorx\ServoStudio\wpfui-servoStudio\samples\Wpf.Ui.servoStudio\servoStudio.csproj]
C:\UserWorx\VSWorx\ServoStudio\wpfui-servoStudio\samples\Wpf.Ui.servoStudio\Views\Pages\AppDataPages\PidAdjustPage.xaml.cs(36,17): warning IDE2003: 鍧椾笌鍚庣画璇彞涔嬮棿闇€瑕佹湁绌虹櫧琛?(https://learn.microsoft.com/dotnet/fundamentals/code-analysis/style-rules/ide2003) [C:\UserWorx\VSWorx\ServoStudio\wpfui-servoStudio\samples\Wpf.Ui.servoStudio\servoStudio.csproj]
C:\UserWorx\VSWorx\ServoStudio\wpfui-servoStudio\samples\Wpf.Ui.servoStudio\Views\Pages\AppDataPages\PidAdjustPage.xaml.cs(260,9): warning IDE2003: 鍧椾笌鍚庣画璇彞涔嬮棿闇€瑕佹湁绌虹櫧琛?(https://learn.microsoft.com/dotnet/fundamentals/code-analysis/style-rules/ide2003) [C:\UserWorx\VSWorx\ServoStudio\wpfui-servoStudio\samples\Wpf.Ui.servoStudio\servoStudio.csproj]
C:\UserWorx\VSWorx\ServoStudio\wpfui-servoStudio\samples\Wpf.Ui.servoStudio\Views\Pages\AppDataPages\PidAdjustPage.xaml.cs(311,17): warning IDE2003: 鍧椾笌鍚庣画璇彞涔嬮棿闇€瑕佹湁绌虹櫧琛?(https://learn.microsoft.com/dotnet/fundamentals/code-analysis/style-rules/ide2003) [C:\UserWorx\VSWorx\ServoStudio\wpfui-servoStudio\samples\Wpf.Ui.servoStudio\servoStudio.csproj]
C:\UserWorx\VSWorx\ServoStudio\wpfui-servoStudio\samples\Wpf.Ui.servoStudio\Views\Pages\AppDataPages\UserConfigPage.xaml.cs(15,60): warning IDE0055: 淇鏍煎紡 (https://learn.microsoft.com/dotnet/fundamentals/code-analysis/style-rules/ide0055) [C:\UserWorx\VSWorx\ServoStudio\wpfui-servoStudio\samples\Wpf.Ui.servoStudio\servoStudio.csproj]
C:\UserWorx\VSWorx\ServoStudio\wpfui-servoStudio\samples\Wpf.Ui.servoStudio\Views\Pages\AppDataPages\UserConfigPage.xaml.cs(15,62): warning IDE0055: 淇鏍煎紡 (https://learn.microsoft.com/dotnet/fundamentals/code-analysis/style-rules/ide0055) [C:\UserWorx\VSWorx\ServoStudio\wpfui-servoStudio\samples\Wpf.Ui.servoStudio\servoStudio.csproj]
C:\UserWorx\VSWorx\ServoStudio\wpfui-servoStudio\samples\Wpf.Ui.servoStudio\Views\Pages\AppDataPages\UserConfigPage.xaml.cs(15,67): warning IDE0055: 淇鏍煎紡 (https://learn.microsoft.com/dotnet/fundamentals/code-analysis/style-rules/ide0055) [C:\UserWorx\VSWorx\ServoStudio\wpfui-servoStudio\samples\Wpf.Ui.servoStudio\servoStudio.csproj]
C:\UserWorx\VSWorx\ServoStudio\wpfui-servoStudio\samples\Wpf.Ui.servoStudio\ViewModels\Hardware\ControllerViewModel.cs(292,9): warning IDE0011: 鍚?鈥渋f鈥?璇彞娣诲姞澶ф嫭鍙枫€?(https://learn.microsoft.com/dotnet/fundamentals/code-analysis/style-rules/ide0011) [C:\UserWorx\VSWorx\ServoStudio\wpfui-servoStudio\samples\Wpf.Ui.servoStudio\servoStudio.csproj]
C:\UserWorx\VSWorx\ServoStudio\wpfui-servoStudio\samples\Wpf.Ui.servoStudio\ViewModels\DeviceSet\DeviceAddViewModel.cs(1767,13): warning IDE0058: 姘歌繙涓嶄細浣跨敤琛ㄨ揪寮忓€?(https://learn.microsoft.com/dotnet/fundamentals/code-analysis/style-rules/ide0058) [C:\UserWorx\VSWorx\ServoStudio\wpfui-servoStudio\samples\Wpf.Ui.servoStudio\servoStudio.csproj]
C:\UserWorx\VSWorx\ServoStudio\wpfui-servoStudio\samples\Wpf.Ui.servoStudio\Views\Pages\ControlPage.xaml.cs(15,49): warning IDE0055: 淇鏍煎紡 (https://learn.microsoft.com/dotnet/fundamentals/code-analysis/style-rules/ide0055) [C:\UserWorx\VSWorx\ServoStudio\wpfui-servoStudio\samples\Wpf.Ui.servoStudio\servoStudio.csproj]
C:\UserWorx\VSWorx\ServoStudio\wpfui-servoStudio\samples\Wpf.Ui.servoStudio\Views\Pages\ControlPage.xaml.cs(15,51): warning IDE0055: 淇鏍煎紡 (https://learn.microsoft.com/dotnet/fundamentals/code-analysis/style-rules/ide0055) [C:\UserWorx\VSWorx\ServoStudio\wpfui-servoStudio\samples\Wpf.Ui.servoStudio\servoStudio.csproj]
C:\UserWorx\VSWorx\ServoStudio\wpfui-servoStudio\samples\Wpf.Ui.servoStudio\Views\Pages\ControlPage.xaml.cs(15,56): warning IDE0055: 淇鏍煎紡 (https://learn.microsoft.com/dotnet/fundamentals/code-analysis/style-rules/ide0055) [C:\UserWorx\VSWorx\ServoStudio\wpfui-servoStudio\samples\Wpf.Ui.servoStudio\servoStudio.csproj]
C:\UserWorx\VSWorx\ServoStudio\wpfui-servoStudio\samples\Wpf.Ui.servoStudio\ViewModels\Hardware\IOViewModel.cs(534,9): warning IDE0058: 姘歌繙涓嶄細浣跨敤琛ㄨ揪寮忓€?(https://learn.microsoft.com/dotnet/fundamentals/code-analysis/style-rules/ide0058) [C:\UserWorx\VSWorx\ServoStudio\wpfui-servoStudio\samples\Wpf.Ui.servoStudio\servoStudio.csproj]
C:\UserWorx\VSWorx\ServoStudio\wpfui-servoStudio\samples\Wpf.Ui.servoStudio\Views\Pages\DashboardPage.xaml.cs(15,51): warning IDE0055: 淇鏍煎紡 (https://learn.microsoft.com/dotnet/fundamentals/code-analysis/style-rules/ide0055) [C:\UserWorx\VSWorx\ServoStudio\wpfui-servoStudio\samples\Wpf.Ui.servoStudio\servoStudio.csproj]
C:\UserWorx\VSWorx\ServoStudio\wpfui-servoStudio\samples\Wpf.Ui.servoStudio\Views\Pages\DashboardPage.xaml.cs(15,53): warning IDE0055: 淇鏍煎紡 (https://learn.microsoft.com/dotnet/fundamentals/code-analysis/style-rules/ide0055) [C:\UserWorx\VSWorx\ServoStudio\wpfui-servoStudio\samples\Wpf.Ui.servoStudio\servoStudio.csproj]
C:\UserWorx\VSWorx\ServoStudio\wpfui-servoStudio\samples\Wpf.Ui.servoStudio\Views\Pages\DashboardPage.xaml.cs(15,58): warning IDE0055: 淇鏍煎紡 (https://learn.microsoft.com/dotnet/fundamentals/code-analysis/style-rules/ide0055) [C:\UserWorx\VSWorx\ServoStudio\wpfui-servoStudio\samples\Wpf.Ui.servoStudio\servoStudio.csproj]
C:\UserWorx\VSWorx\ServoStudio\wpfui-servoStudio\samples\Wpf.Ui.servoStudio\Views\Pages\DataPage.xaml.cs(15,46): warning IDE0055: 淇鏍煎紡 (https://learn.microsoft.com/dotnet/fundamentals/code-analysis/style-rules/ide0055) [C:\UserWorx\VSWorx\ServoStudio\wpfui-servoStudio\samples\Wpf.Ui.servoStudio\servoStudio.csproj]
C:\UserWorx\VSWorx\ServoStudio\wpfui-servoStudio\samples\Wpf.Ui.servoStudio\Views\Pages\DataPage.xaml.cs(15,48): warning IDE0055: 淇鏍煎紡 (https://learn.microsoft.com/dotnet/fundamentals/code-analysis/style-rules/ide0055) [C:\UserWorx\VSWorx\ServoStudio\wpfui-servoStudio\samples\Wpf.Ui.servoStudio\servoStudio.csproj]
C:\UserWorx\VSWorx\ServoStudio\wpfui-servoStudio\samples\Wpf.Ui.servoStudio\Views\Pages\DataPage.xaml.cs(15,53): warning IDE0055: 淇鏍煎紡 (https://learn.microsoft.com/dotnet/fundamentals/code-analysis/style-rules/ide0055) [C:\UserWorx\VSWorx\ServoStudio\wpfui-servoStudio\samples\Wpf.Ui.servoStudio\servoStudio.csproj]
C:\UserWorx\VSWorx\ServoStudio\wpfui-servoStudio\samples\Wpf.Ui.servoStudio\Views\Pages\DeviceSetPages\BusDiagnosticsPage.xaml.cs(16,45): warning IDE0055: 淇鏍煎紡 (https://learn.microsoft.com/dotnet/fundamentals/code-analysis/style-rules/ide0055) [C:\UserWorx\VSWorx\ServoStudio\wpfui-servoStudio\samples\Wpf.Ui.servoStudio\servoStudio.csproj]
C:\UserWorx\VSWorx\ServoStudio\wpfui-servoStudio\samples\Wpf.Ui.servoStudio\Views\Pages\DeviceSetPages\BusDiagnosticsPage.xaml.cs(16,47): warning IDE0055: 淇鏍煎紡 (https://learn.microsoft.com/dotnet/fundamentals/code-analysis/style-rules/ide0055) [C:\UserWorx\VSWorx\ServoStudio\wpfui-servoStudio\samples\Wpf.Ui.servoStudio\servoStudio.csproj]
C:\UserWorx\VSWorx\ServoStudio\wpfui-servoStudio\samples\Wpf.Ui.servoStudio\Views\Pages\DeviceSetPages\BusDiagnosticsPage.xaml.cs(16,52): warning IDE0055: 淇鏍煎紡 (https://learn.microsoft.com/dotnet/fundamentals/code-analysis/style-rules/ide0055) [C:\UserWorx\VSWorx\ServoStudio\wpfui-servoStudio\samples\Wpf.Ui.servoStudio\servoStudio.csproj]
C:\UserWorx\VSWorx\ServoStudio\wpfui-servoStudio\samples\Wpf.Ui.servoStudio\Views\Pages\DeviceSetPages\ListPage.xaml.cs(16,35): warning IDE0055: 淇鏍煎紡 (https://learn.microsoft.com/dotnet/fundamentals/code-analysis/style-rules/ide0055) [C:\UserWorx\VSWorx\ServoStudio\wpfui-servoStudio\samples\Wpf.Ui.servoStudio\servoStudio.csproj]
C:\UserWorx\VSWorx\ServoStudio\wpfui-servoStudio\samples\Wpf.Ui.servoStudio\Views\Pages\DeviceSetPages\ListPage.xaml.cs(16,37): warning IDE0055: 淇鏍煎紡 (https://learn.microsoft.com/dotnet/fundamentals/code-analysis/style-rules/ide0055) [C:\UserWorx\VSWorx\ServoStudio\wpfui-servoStudio\samples\Wpf.Ui.servoStudio\servoStudio.csproj]
C:\UserWorx\VSWorx\ServoStudio\wpfui-servoStudio\samples\Wpf.Ui.servoStudio\Views\Pages\DeviceSetPages\ListPage.xaml.cs(16,42): warning IDE0055: 淇鏍煎紡 (https://learn.microsoft.com/dotnet/fundamentals/code-analysis/style-rules/ide0055) [C:\UserWorx\VSWorx\ServoStudio\wpfui-servoStudio\samples\Wpf.Ui.servoStudio\servoStudio.csproj]
C:\UserWorx\VSWorx\ServoStudio\wpfui-servoStudio\samples\Wpf.Ui.servoStudio\Views\Pages\DeviceSetPages\StartPage.xaml.cs(18,36): warning IDE0055: 淇鏍煎紡 (https://learn.microsoft.com/dotnet/fundamentals/code-analysis/style-rules/ide0055) [C:\UserWorx\VSWorx\ServoStudio\wpfui-servoStudio\samples\Wpf.Ui.servoStudio\servoStudio.csproj]
C:\UserWorx\VSWorx\ServoStudio\wpfui-servoStudio\samples\Wpf.Ui.servoStudio\Views\Pages\DeviceSetPages\StartPage.xaml.cs(18,38): warning IDE0055: 淇鏍煎紡 (https://learn.microsoft.com/dotnet/fundamentals/code-analysis/style-rules/ide0055) [C:\UserWorx\VSWorx\ServoStudio\wpfui-servoStudio\samples\Wpf.Ui.servoStudio\servoStudio.csproj]
C:\UserWorx\VSWorx\ServoStudio\wpfui-servoStudio\samples\Wpf.Ui.servoStudio\Views\Pages\DeviceSetPages\StartPage.xaml.cs(18,43): warning IDE0055: 淇鏍煎紡 (https://learn.microsoft.com/dotnet/fundamentals/code-analysis/style-rules/ide0055) [C:\UserWorx\VSWorx\ServoStudio\wpfui-servoStudio\samples\Wpf.Ui.servoStudio\servoStudio.csproj]
C:\UserWorx\VSWorx\ServoStudio\wpfui-servoStudio\samples\Wpf.Ui.servoStudio\Core\CANopen\Adapters\CanAdapterFactory.cs(169,21): warning IDE0058: 姘歌繙涓嶄細浣跨敤琛ㄨ揪寮忓€?(https://learn.microsoft.com/dotnet/fundamentals/code-analysis/style-rules/ide0058) [C:\UserWorx\VSWorx\ServoStudio\wpfui-servoStudio\samples\Wpf.Ui.servoStudio\servoStudio.csproj]
C:\UserWorx\VSWorx\ServoStudio\wpfui-servoStudio\samples\Wpf.Ui.servoStudio\Views\Pages\FactoryPages\FactoryFirmwarePage.xaml.cs(14,46): warning IDE0055: 淇鏍煎紡 (https://learn.microsoft.com/dotnet/fundamentals/code-analysis/style-rules/ide0055) [C:\UserWorx\VSWorx\ServoStudio\wpfui-servoStudio\samples\Wpf.Ui.servoStudio\servoStudio.csproj]
C:\UserWorx\VSWorx\ServoStudio\wpfui-servoStudio\samples\Wpf.Ui.servoStudio\Views\Pages\FactoryPages\FactoryFirmwarePage.xaml.cs(14,48): warning IDE0055: 淇鏍煎紡 (https://learn.microsoft.com/dotnet/fundamentals/code-analysis/style-rules/ide0055) [C:\UserWorx\VSWorx\ServoStudio\wpfui-servoStudio\samples\Wpf.Ui.servoStudio\servoStudio.csproj]
C:\UserWorx\VSWorx\ServoStudio\wpfui-servoStudio\samples\Wpf.Ui.servoStudio\Views\Pages\FactoryPages\FactoryFirmwarePage.xaml.cs(14,53): warning IDE0055: 淇鏍煎紡 (https://learn.microsoft.com/dotnet/fundamentals/code-analysis/style-rules/ide0055) [C:\UserWorx\VSWorx\ServoStudio\wpfui-servoStudio\samples\Wpf.Ui.servoStudio\servoStudio.csproj]
C:\UserWorx\VSWorx\ServoStudio\wpfui-servoStudio\samples\Wpf.Ui.servoStudio\Core\CANopen\Adapters\CanAdapterFactory.cs(347,25): warning IDE0058: 姘歌繙涓嶄細浣跨敤琛ㄨ揪寮忓€?(https://learn.microsoft.com/dotnet/fundamentals/code-analysis/style-rules/ide0058) [C:\UserWorx\VSWorx\ServoStudio\wpfui-servoStudio\samples\Wpf.Ui.servoStudio\servoStudio.csproj]
C:\UserWorx\VSWorx\ServoStudio\wpfui-servoStudio\samples\Wpf.Ui.servoStudio\Views\Pages\FactoryPages\FactoryPage.xaml.cs(13,38): warning IDE0055: 淇鏍煎紡 (https://learn.microsoft.com/dotnet/fundamentals/code-analysis/style-rules/ide0055) [C:\UserWorx\VSWorx\ServoStudio\wpfui-servoStudio\samples\Wpf.Ui.servoStudio\servoStudio.csproj]
C:\UserWorx\VSWorx\ServoStudio\wpfui-servoStudio\samples\Wpf.Ui.servoStudio\Views\Pages\FactoryPages\FactoryPage.xaml.cs(13,40): warning IDE0055: 淇鏍煎紡 (https://learn.microsoft.com/dotnet/fundamentals/code-analysis/style-rules/ide0055) [C:\UserWorx\VSWorx\ServoStudio\wpfui-servoStudio\samples\Wpf.Ui.servoStudio\servoStudio.csproj]
C:\UserWorx\VSWorx\ServoStudio\wpfui-servoStudio\samples\Wpf.Ui.servoStudio\Views\Pages\FactoryPages\FactoryPage.xaml.cs(13,45): warning IDE0055: 淇鏍煎紡 (https://learn.microsoft.com/dotnet/fundamentals/code-analysis/style-rules/ide0055) [C:\UserWorx\VSWorx\ServoStudio\wpfui-servoStudio\samples\Wpf.Ui.servoStudio\servoStudio.csproj]
C:\UserWorx\VSWorx\ServoStudio\wpfui-servoStudio\samples\Wpf.Ui.servoStudio\ViewModels\Motion\MotionTypeViewModel.cs(1308,9): warning IDE0011: 鍚?鈥渋f鈥?璇彞娣诲姞澶ф嫭鍙枫€?(https://learn.microsoft.com/dotnet/fundamentals/code-analysis/style-rules/ide0011) [C:\UserWorx\VSWorx\ServoStudio\wpfui-servoStudio\samples\Wpf.Ui.servoStudio\servoStudio.csproj]
C:\UserWorx\VSWorx\ServoStudio\wpfui-servoStudio\samples\Wpf.Ui.servoStudio\ViewModels\Firmware\EcatEepromViewModel.cs(316,13): warning IDE0011: 鍚?鈥渋f鈥?璇彞娣诲姞澶ф嫭鍙枫€?(https://learn.microsoft.com/dotnet/fundamentals/code-analysis/style-rules/ide0011) [C:\UserWorx\VSWorx\ServoStudio\wpfui-servoStudio\samples\Wpf.Ui.servoStudio\servoStudio.csproj]
C:\UserWorx\VSWorx\ServoStudio\wpfui-servoStudio\samples\Wpf.Ui.servoStudio\ViewModels\Firmware\EcatEepromViewModel.cs(323,21): warning IDE0011: 鍚?鈥渋f鈥?璇彞娣诲姞澶ф嫭鍙枫€?(https://learn.microsoft.com/dotnet/fundamentals/code-analysis/style-rules/ide0011) [C:\UserWorx\VSWorx\ServoStudio\wpfui-servoStudio\samples\Wpf.Ui.servoStudio\servoStudio.csproj]
C:\UserWorx\VSWorx\ServoStudio\wpfui-servoStudio\samples\Wpf.Ui.servoStudio\Services\CanNativeResolver.cs(26,9): warning IDE0011: 鍚?鈥渋f鈥?璇彞娣诲姞澶ф嫭鍙枫€?(https://learn.microsoft.com/dotnet/fundamentals/code-analysis/style-rules/ide0011) [C:\UserWorx\VSWorx\ServoStudio\wpfui-servoStudio\samples\Wpf.Ui.servoStudio\servoStudio.csproj]
C:\UserWorx\VSWorx\ServoStudio\wpfui-servoStudio\samples\Wpf.Ui.servoStudio\ViewModels\Hardware\ControllerViewModel.cs(379,9): warning IDE0058: 姘歌繙涓嶄細浣跨敤琛ㄨ揪寮忓€?(https://learn.microsoft.com/dotnet/fundamentals/code-analysis/style-rules/ide0058) [C:\UserWorx\VSWorx\ServoStudio\wpfui-servoStudio\samples\Wpf.Ui.servoStudio\servoStudio.csproj]
C:\UserWorx\VSWorx\ServoStudio\wpfui-servoStudio\samples\Wpf.Ui.servoStudio\ViewModels\Firmware\EcatEepromViewModel.cs(338,13): warning IDE0011: 鍚?鈥渋f鈥?璇彞娣诲姞澶ф嫭鍙枫€?(https://learn.microsoft.com/dotnet/fundamentals/code-analysis/style-rules/ide0011) [C:\UserWorx\VSWorx\ServoStudio\wpfui-servoStudio\samples\Wpf.Ui.servoStudio\servoStudio.csproj]
C:\UserWorx\VSWorx\ServoStudio\wpfui-servoStudio\samples\Wpf.Ui.servoStudio\Views\Pages\FactoryPages\FrameFormatEditorPage.xaml.cs(54,48): warning IDE0055: 淇鏍煎紡 (https://learn.microsoft.com/dotnet/fundamentals/code-analysis/style-rules/ide0055) [C:\UserWorx\VSWorx\ServoStudio\wpfui-servoStudio\samples\Wpf.Ui.servoStudio\servoStudio.csproj]
C:\UserWorx\VSWorx\ServoStudio\wpfui-servoStudio\samples\Wpf.Ui.servoStudio\Views\Pages\FactoryPages\FrameFormatEditorPage.xaml.cs(54,50): warning IDE0055: 淇鏍煎紡 (https://learn.microsoft.com/dotnet/fundamentals/code-analysis/style-rules/ide0055) [C:\UserWorx\VSWorx\ServoStudio\wpfui-servoStudio\samples\Wpf.Ui.servoStudio\servoStudio.csproj]
C:\UserWorx\VSWorx\ServoStudio\wpfui-servoStudio\samples\Wpf.Ui.servoStudio\Views\Pages\FactoryPages\FrameFormatEditorPage.xaml.cs(54,55): warning IDE0055: 淇鏍煎紡 (https://learn.microsoft.com/dotnet/fundamentals/code-analysis/style-rules/ide0055) [C:\UserWorx\VSWorx\ServoStudio\wpfui-servoStudio\samples\Wpf.Ui.servoStudio\servoStudio.csproj]
C:\UserWorx\VSWorx\ServoStudio\wpfui-servoStudio\samples\Wpf.Ui.servoStudio\Views\Pages\FactoryPages\FrameFormatEditorPage.xaml.cs(79,89): warning IDE0055: 淇鏍煎紡 (https://learn.microsoft.com/dotnet/fundamentals/code-analysis/style-rules/ide0055) [C:\UserWorx\VSWorx\ServoStudio\wpfui-servoStudio\samples\Wpf.Ui.servoStudio\servoStudio.csproj]
C:\UserWorx\VSWorx\ServoStudio\wpfui-servoStudio\samples\Wpf.Ui.servoStudio\Views\Pages\FactoryPages\FrameFormatEditorPage.xaml.cs(81,28): warning IDE0055: 淇鏍煎紡 (https://learn.microsoft.com/dotnet/fundamentals/code-analysis/style-rules/ide0055) [C:\UserWorx\VSWorx\ServoStudio\wpfui-servoStudio\samples\Wpf.Ui.servoStudio\servoStudio.csproj]
C:\UserWorx\VSWorx\ServoStudio\wpfui-servoStudio\samples\Wpf.Ui.servoStudio\Views\Pages\FactoryPages\FrameFormatEditorPage.xaml.cs(88,89): warning IDE0055: 淇鏍煎紡 (https://learn.microsoft.com/dotnet/fundamentals/code-analysis/style-rules/ide0055) [C:\UserWorx\VSWorx\ServoStudio\wpfui-servoStudio\samples\Wpf.Ui.servoStudio\servoStudio.csproj]
C:\UserWorx\VSWorx\ServoStudio\wpfui-servoStudio\samples\Wpf.Ui.servoStudio\Views\Pages\FactoryPages\FrameFormatEditorPage.xaml.cs(90,28): warning IDE0055: 淇鏍煎紡 (https://learn.microsoft.com/dotnet/fundamentals/code-analysis/style-rules/ide0055) [C:\UserWorx\VSWorx\ServoStudio\wpfui-servoStudio\samples\Wpf.Ui.servoStudio\servoStudio.csproj]
C:\UserWorx\VSWorx\ServoStudio\wpfui-servoStudio\samples\Wpf.Ui.servoStudio\Views\Pages\FactoryPages\FrameFormatEditorPage.xaml.cs(96,72): warning IDE0055: 淇鏍煎紡 (https://learn.microsoft.com/dotnet/fundamentals/code-analysis/style-rules/ide0055) [C:\UserWorx\VSWorx\ServoStudio\wpfui-servoStudio\samples\Wpf.Ui.servoStudio\servoStudio.csproj]
C:\UserWorx\VSWorx\ServoStudio\wpfui-servoStudio\samples\Wpf.Ui.servoStudio\Views\Pages\FactoryPages\FrameFormatEditorPage.xaml.cs(99,63): warning IDE0055: 淇鏍煎紡 (https://learn.microsoft.com/dotnet/fundamentals/code-analysis/style-rules/ide0055) [C:\UserWorx\VSWorx\ServoStudio\wpfui-servoStudio\samples\Wpf.Ui.servoStudio\servoStudio.csproj]
C:\UserWorx\VSWorx\ServoStudio\wpfui-servoStudio\samples\Wpf.Ui.servoStudio\Views\Pages\FactoryPages\FrameFormatEditorPage.xaml.cs(117,80): warning IDE0055: 淇鏍煎紡 (https://learn.microsoft.com/dotnet/fundamentals/code-analysis/style-rules/ide0055) [C:\UserWorx\VSWorx\ServoStudio\wpfui-servoStudio\samples\Wpf.Ui.servoStudio\servoStudio.csproj]
C:\UserWorx\VSWorx\ServoStudio\wpfui-servoStudio\samples\Wpf.Ui.servoStudio\Views\Pages\FactoryPages\FrameFormatEditorPage.xaml.cs(118,41): warning IDE0055: 淇鏍煎紡 (https://learn.microsoft.com/dotnet/fundamentals/code-analysis/style-rules/ide0055) [C:\UserWorx\VSWorx\ServoStudio\wpfui-servoStudio\samples\Wpf.Ui.servoStudio\servoStudio.csproj]
C:\UserWorx\VSWorx\ServoStudio\wpfui-servoStudio\samples\Wpf.Ui.servoStudio\Views\Pages\FactoryPages\FrameFormatEditorPage.xaml.cs(131,52): warning IDE0055: 淇鏍煎紡 (https://learn.microsoft.com/dotnet/fundamentals/code-analysis/style-rules/ide0055) [C:\UserWorx\VSWorx\ServoStudio\wpfui-servoStudio\samples\Wpf.Ui.servoStudio\servoStudio.csproj]
C:\UserWorx\VSWorx\ServoStudio\wpfui-servoStudio\samples\Wpf.Ui.servoStudio\Views\Pages\FactoryPages\FrameFormatEditorPage.xaml.cs(281,62): warning IDE0055: 淇鏍煎紡 (https://learn.microsoft.com/dotnet/fundamentals/code-analysis/style-rules/ide0055) [C:\UserWorx\VSWorx\ServoStudio\wpfui-servoStudio\samples\Wpf.Ui.servoStudio\servoStudio.csproj]
C:\UserWorx\VSWorx\ServoStudio\wpfui-servoStudio\samples\Wpf.Ui.servoStudio\Views\Pages\FactoryPages\FrameFormatEditorPage.xaml.cs(292,40): warning IDE0055: 淇鏍煎紡 (https://learn.microsoft.com/dotnet/fundamentals/code-analysis/style-rules/ide0055) [C:\UserWorx\VSWorx\ServoStudio\wpfui-servoStudio\samples\Wpf.Ui.servoStudio\servoStudio.csproj]
C:\UserWorx\VSWorx\ServoStudio\wpfui-servoStudio\samples\Wpf.Ui.servoStudio\Views\Pages\FactoryPages\FrameFormatEditorPage.xaml.cs(368,39): warning IDE0055: 淇鏍煎紡 (https://learn.microsoft.com/dotnet/fundamentals/code-analysis/style-rules/ide0055) [C:\UserWorx\VSWorx\ServoStudio\wpfui-servoStudio\samples\Wpf.Ui.servoStudio\servoStudio.csproj]
C:\UserWorx\VSWorx\ServoStudio\wpfui-servoStudio\samples\Wpf.Ui.servoStudio\Views\Pages\FactoryPages\FrameFormatEditorPage.xaml.cs(376,55): warning IDE0055: 淇鏍煎紡 (https://learn.microsoft.com/dotnet/fundamentals/code-analysis/style-rules/ide0055) [C:\UserWorx\VSWorx\ServoStudio\wpfui-servoStudio\samples\Wpf.Ui.servoStudio\servoStudio.csproj]
C:\UserWorx\VSWorx\ServoStudio\wpfui-servoStudio\samples\Wpf.Ui.servoStudio\Views\Pages\FactoryPages\FrameFormatEditorPage.xaml.cs(377,48): warning IDE0055: 淇鏍煎紡 (https://learn.microsoft.com/dotnet/fundamentals/code-analysis/style-rules/ide0055) [C:\UserWorx\VSWorx\ServoStudio\wpfui-servoStudio\samples\Wpf.Ui.servoStudio\servoStudio.csproj]
C:\UserWorx\VSWorx\ServoStudio\wpfui-servoStudio\samples\Wpf.Ui.servoStudio\Views\Pages\FactoryPages\FrameFormatEditorPage.xaml.cs(415,44): warning IDE0055: 淇鏍煎紡 (https://learn.microsoft.com/dotnet/fundamentals/code-analysis/style-rules/ide0055) [C:\UserWorx\VSWorx\ServoStudio\wpfui-servoStudio\samples\Wpf.Ui.servoStudio\servoStudio.csproj]
C:\UserWorx\VSWorx\ServoStudio\wpfui-servoStudio\samples\Wpf.Ui.servoStudio\ViewModels\Hardware\ControllerViewModel.cs(398,9): warning IDE0011: 鍚?鈥渋f鈥?璇彞娣诲姞澶ф嫭鍙枫€?(https://learn.microsoft.com/dotnet/fundamentals/code-analysis/style-rules/ide0011) [C:\UserWorx\VSWorx\ServoStudio\wpfui-servoStudio\samples\Wpf.Ui.servoStudio\servoStudio.csproj]
C:\UserWorx\VSWorx\ServoStudio\wpfui-servoStudio\samples\Wpf.Ui.servoStudio\ViewModels\Hardware\ControllerViewModel.cs(400,9): warning IDE0011: 鍚?鈥渋f鈥?璇彞娣诲姞澶ф嫭鍙枫€?(https://learn.microsoft.com/dotnet/fundamentals/code-analysis/style-rules/ide0011) [C:\UserWorx\VSWorx\ServoStudio\wpfui-servoStudio\samples\Wpf.Ui.servoStudio\servoStudio.csproj]
C:\UserWorx\VSWorx\ServoStudio\wpfui-servoStudio\samples\Wpf.Ui.servoStudio\ViewModels\Firmware\EcatEepromViewModel.cs(370,13): warning IDE0011: 鍚?鈥渋f鈥?璇彞娣诲姞澶ф嫭鍙枫€?(https://learn.microsoft.com/dotnet/fundamentals/code-analysis/style-rules/ide0011) [C:\UserWorx\VSWorx\ServoStudio\wpfui-servoStudio\samples\Wpf.Ui.servoStudio\servoStudio.csproj]
C:\UserWorx\VSWorx\ServoStudio\wpfui-servoStudio\samples\Wpf.Ui.servoStudio\Views\Pages\FactoryPages\FrameFormatEditorPage.xaml.cs(416,9): warning IDE2003: 鍧椾笌鍚庣画璇彞涔嬮棿闇€瑕佹湁绌虹櫧琛?(https://learn.microsoft.com/dotnet/fundamentals/code-analysis/style-rules/ide2003) [C:\UserWorx\VSWorx\ServoStudio\wpfui-servoStudio\samples\Wpf.Ui.servoStudio\servoStudio.csproj]
C:\UserWorx\VSWorx\ServoStudio\wpfui-servoStudio\samples\Wpf.Ui.servoStudio\Services\CanNativeResolver.cs(44,9): warning IDE0011: 鍚?鈥渋f鈥?璇彞娣诲姞澶ф嫭鍙枫€?(https://learn.microsoft.com/dotnet/fundamentals/code-analysis/style-rules/ide0011) [C:\UserWorx\VSWorx\ServoStudio\wpfui-servoStudio\samples\Wpf.Ui.servoStudio\servoStudio.csproj]
C:\UserWorx\VSWorx\ServoStudio\wpfui-servoStudio\samples\Wpf.Ui.servoStudio\Services\CanNativeResolver.cs(75,21): warning IDE0011: 鍚?鈥渋f鈥?璇彞娣诲姞澶ф嫭鍙枫€?(https://learn.microsoft.com/dotnet/fundamentals/code-analysis/style-rules/ide0011) [C:\UserWorx\VSWorx\ServoStudio\wpfui-servoStudio\samples\Wpf.Ui.servoStudio\servoStudio.csproj]
C:\UserWorx\VSWorx\ServoStudio\wpfui-servoStudio\samples\Wpf.Ui.servoStudio\Services\CanNativeResolver.cs(80,13): warning IDE0011: 鍚?鈥渋f鈥?璇彞娣诲姞澶ф嫭鍙枫€?(https://learn.microsoft.com/dotnet/fundamentals/code-analysis/style-rules/ide0011) [C:\UserWorx\VSWorx\ServoStudio\wpfui-servoStudio\samples\Wpf.Ui.servoStudio\servoStudio.csproj]
C:\UserWorx\VSWorx\ServoStudio\wpfui-servoStudio\samples\Wpf.Ui.servoStudio\Views\Pages\FaultInfoPage.xaml.cs(15,51): warning IDE0055: 淇鏍煎紡 (https://learn.microsoft.com/dotnet/fundamentals/code-analysis/style-rules/ide0055) [C:\UserWorx\VSWorx\ServoStudio\wpfui-servoStudio\samples\Wpf.Ui.servoStudio\servoStudio.csproj]
C:\UserWorx\VSWorx\ServoStudio\wpfui-servoStudio\samples\Wpf.Ui.servoStudio\Views\Pages\FaultInfoPage.xaml.cs(15,53): warning IDE0055: 淇鏍煎紡 (https://learn.microsoft.com/dotnet/fundamentals/code-analysis/style-rules/ide0055) [C:\UserWorx\VSWorx\ServoStudio\wpfui-servoStudio\samples\Wpf.Ui.servoStudio\servoStudio.csproj]
C:\UserWorx\VSWorx\ServoStudio\wpfui-servoStudio\samples\Wpf.Ui.servoStudio\Views\Pages\FaultInfoPage.xaml.cs(15,58): warning IDE0055: 淇鏍煎紡 (https://learn.microsoft.com/dotnet/fundamentals/code-analysis/style-rules/ide0055) [C:\UserWorx\VSWorx\ServoStudio\wpfui-servoStudio\samples\Wpf.Ui.servoStudio\servoStudio.csproj]
C:\UserWorx\VSWorx\ServoStudio\wpfui-servoStudio\samples\Wpf.Ui.servoStudio\Views\Pages\FirmwarePages\FirmwarePage.xaml.cs(16,41): warning IDE0055: 淇鏍煎紡 (https://learn.microsoft.com/dotnet/fundamentals/code-analysis/style-rules/ide0055) [C:\UserWorx\VSWorx\ServoStudio\wpfui-servoStudio\samples\Wpf.Ui.servoStudio\servoStudio.csproj]
C:\UserWorx\VSWorx\ServoStudio\wpfui-servoStudio\samples\Wpf.Ui.servoStudio\Views\Pages\FirmwarePages\FirmwarePage.xaml.cs(16,43): warning IDE0055: 淇鏍煎紡 (https://learn.microsoft.com/dotnet/fundamentals/code-analysis/style-rules/ide0055) [C:\UserWorx\VSWorx\ServoStudio\wpfui-servoStudio\samples\Wpf.Ui.servoStudio\servoStudio.csproj]
C:\UserWorx\VSWorx\ServoStudio\wpfui-servoStudio\samples\Wpf.Ui.servoStudio\Views\Pages\FirmwarePages\FirmwarePage.xaml.cs(16,48): warning IDE0055: 淇鏍煎紡 (https://learn.microsoft.com/dotnet/fundamentals/code-analysis/style-rules/ide0055) [C:\UserWorx\VSWorx\ServoStudio\wpfui-servoStudio\samples\Wpf.Ui.servoStudio\servoStudio.csproj]
C:\UserWorx\VSWorx\ServoStudio\wpfui-servoStudio\samples\Wpf.Ui.servoStudio\Views\Pages\FirmwarePages\FirmwareProgramPage.xaml.cs(16,46): warning IDE0055: 淇鏍煎紡 (https://learn.microsoft.com/dotnet/fundamentals/code-analysis/style-rules/ide0055) [C:\UserWorx\VSWorx\ServoStudio\wpfui-servoStudio\samples\Wpf.Ui.servoStudio\servoStudio.csproj]
C:\UserWorx\VSWorx\ServoStudio\wpfui-servoStudio\samples\Wpf.Ui.servoStudio\Views\Pages\FirmwarePages\FirmwareProgramPage.xaml.cs(16,48): warning IDE0055: 淇鏍煎紡 (https://learn.microsoft.com/dotnet/fundamentals/code-analysis/style-rules/ide0055) [C:\UserWorx\VSWorx\ServoStudio\wpfui-servoStudio\samples\Wpf.Ui.servoStudio\servoStudio.csproj]
C:\UserWorx\VSWorx\ServoStudio\wpfui-servoStudio\samples\Wpf.Ui.servoStudio\Views\Pages\FirmwarePages\FirmwareProgramPage.xaml.cs(16,53): warning IDE0055: 淇鏍煎紡 (https://learn.microsoft.com/dotnet/fundamentals/code-analysis/style-rules/ide0055) [C:\UserWorx\VSWorx\ServoStudio\wpfui-servoStudio\samples\Wpf.Ui.servoStudio\servoStudio.csproj]
C:\UserWorx\VSWorx\ServoStudio\wpfui-servoStudio\samples\Wpf.Ui.servoStudio\Views\MainWindow.xaml.cs(73,13): warning IDE0011: 鍚?鈥渋f鈥?璇彞娣诲姞澶ф嫭鍙枫€?(https://learn.microsoft.com/dotnet/fundamentals/code-analysis/style-rules/ide0011) [C:\UserWorx\VSWorx\ServoStudio\wpfui-servoStudio\samples\Wpf.Ui.servoStudio\servoStudio.csproj]
C:\UserWorx\VSWorx\ServoStudio\wpfui-servoStudio\samples\Wpf.Ui.servoStudio\Views\Pages\FSMPage.xaml.cs(15,45): warning IDE0055: 淇鏍煎紡 (https://learn.microsoft.com/dotnet/fundamentals/code-analysis/style-rules/ide0055) [C:\UserWorx\VSWorx\ServoStudio\wpfui-servoStudio\samples\Wpf.Ui.servoStudio\servoStudio.csproj]
C:\UserWorx\VSWorx\ServoStudio\wpfui-servoStudio\samples\Wpf.Ui.servoStudio\Views\Pages\FSMPage.xaml.cs(15,47): warning IDE0055: 淇鏍煎紡 (https://learn.microsoft.com/dotnet/fundamentals/code-analysis/style-rules/ide0055) [C:\UserWorx\VSWorx\ServoStudio\wpfui-servoStudio\samples\Wpf.Ui.servoStudio\servoStudio.csproj]
C:\UserWorx\VSWorx\ServoStudio\wpfui-servoStudio\samples\Wpf.Ui.servoStudio\Views\Pages\FSMPage.xaml.cs(15,52): warning IDE0055: 淇鏍煎紡 (https://learn.microsoft.com/dotnet/fundamentals/code-analysis/style-rules/ide0055) [C:\UserWorx\VSWorx\ServoStudio\wpfui-servoStudio\samples\Wpf.Ui.servoStudio\servoStudio.csproj]
C:\UserWorx\VSWorx\ServoStudio\wpfui-servoStudio\samples\Wpf.Ui.servoStudio\Views\Pages\HardwarePage.xaml.cs(15,50): warning IDE0055: 淇鏍煎紡 (https://learn.microsoft.com/dotnet/fundamentals/code-analysis/style-rules/ide0055) [C:\UserWorx\VSWorx\ServoStudio\wpfui-servoStudio\samples\Wpf.Ui.servoStudio\servoStudio.csproj]
C:\UserWorx\VSWorx\ServoStudio\wpfui-servoStudio\samples\Wpf.Ui.servoStudio\Views\Pages\HardwarePage.xaml.cs(15,52): warning IDE0055: 淇鏍煎紡 (https://learn.microsoft.com/dotnet/fundamentals/code-analysis/style-rules/ide0055) [C:\UserWorx\VSWorx\ServoStudio\wpfui-servoStudio\samples\Wpf.Ui.servoStudio\servoStudio.csproj]
C:\UserWorx\VSWorx\ServoStudio\wpfui-servoStudio\samples\Wpf.Ui.servoStudio\Views\Pages\HardwarePage.xaml.cs(15,57): warning IDE0055: 淇鏍煎紡 (https://learn.microsoft.com/dotnet/fundamentals/code-analysis/style-rules/ide0055) [C:\UserWorx\VSWorx\ServoStudio\wpfui-servoStudio\samples\Wpf.Ui.servoStudio\servoStudio.csproj]
C:\UserWorx\VSWorx\ServoStudio\wpfui-servoStudio\samples\Wpf.Ui.servoStudio\Views\Pages\HardwarePages\ControllerPage.xaml.cs(18,41): warning IDE0055: 淇鏍煎紡 (https://learn.microsoft.com/dotnet/fundamentals/code-analysis/style-rules/ide0055) [C:\UserWorx\VSWorx\ServoStudio\wpfui-servoStudio\samples\Wpf.Ui.servoStudio\servoStudio.csproj]
C:\UserWorx\VSWorx\ServoStudio\wpfui-servoStudio\samples\Wpf.Ui.servoStudio\Views\Pages\HardwarePages\ControllerPage.xaml.cs(18,43): warning IDE0055: 淇鏍煎紡 (https://learn.microsoft.com/dotnet/fundamentals/code-analysis/style-rules/ide0055) [C:\UserWorx\VSWorx\ServoStudio\wpfui-servoStudio\samples\Wpf.Ui.servoStudio\servoStudio.csproj]
C:\UserWorx\VSWorx\ServoStudio\wpfui-servoStudio\samples\Wpf.Ui.servoStudio\Views\Pages\HardwarePages\ControllerPage.xaml.cs(18,48): warning IDE0055: 淇鏍煎紡 (https://learn.microsoft.com/dotnet/fundamentals/code-analysis/style-rules/ide0055) [C:\UserWorx\VSWorx\ServoStudio\wpfui-servoStudio\samples\Wpf.Ui.servoStudio\servoStudio.csproj]
C:\UserWorx\VSWorx\ServoStudio\wpfui-servoStudio\samples\Wpf.Ui.servoStudio\ViewModels\DeviceSet\BusDiagnosticsViewModel.cs(65,9): warning IDE0011: 鍚?鈥渋f鈥?璇彞娣诲姞澶ф嫭鍙枫€?(https://learn.microsoft.com/dotnet/fundamentals/code-analysis/style-rules/ide0011) [C:\UserWorx\VSWorx\ServoStudio\wpfui-servoStudio\samples\Wpf.Ui.servoStudio\servoStudio.csproj]
C:\UserWorx\VSWorx\ServoStudio\wpfui-servoStudio\samples\Wpf.Ui.servoStudio\Views\Pages\HardwarePages\IOPage.xaml.cs(16,33): warning IDE0055: 淇鏍煎紡 (https://learn.microsoft.com/dotnet/fundamentals/code-analysis/style-rules/ide0055) [C:\UserWorx\VSWorx\ServoStudio\wpfui-servoStudio\samples\Wpf.Ui.servoStudio\servoStudio.csproj]
C:\UserWorx\VSWorx\ServoStudio\wpfui-servoStudio\samples\Wpf.Ui.servoStudio\Views\Pages\HardwarePages\IOPage.xaml.cs(16,35): warning IDE0055: 淇鏍煎紡 (https://learn.microsoft.com/dotnet/fundamentals/code-analysis/style-rules/ide0055) [C:\UserWorx\VSWorx\ServoStudio\wpfui-servoStudio\samples\Wpf.Ui.servoStudio\servoStudio.csproj]
C:\UserWorx\VSWorx\ServoStudio\wpfui-servoStudio\samples\Wpf.Ui.servoStudio\Views\Pages\HardwarePages\IOPage.xaml.cs(16,40): warning IDE0055: 淇鏍煎紡 (https://learn.microsoft.com/dotnet/fundamentals/code-analysis/style-rules/ide0055) [C:\UserWorx\VSWorx\ServoStudio\wpfui-servoStudio\samples\Wpf.Ui.servoStudio\servoStudio.csproj]
C:\UserWorx\VSWorx\ServoStudio\wpfui-servoStudio\samples\Wpf.Ui.servoStudio\Views\Pages\HardwarePages\MotorPage.xaml.cs(16,36): warning IDE0055: 淇鏍煎紡 (https://learn.microsoft.com/dotnet/fundamentals/code-analysis/style-rules/ide0055) [C:\UserWorx\VSWorx\ServoStudio\wpfui-servoStudio\samples\Wpf.Ui.servoStudio\servoStudio.csproj]
C:\UserWorx\VSWorx\ServoStudio\wpfui-servoStudio\samples\Wpf.Ui.servoStudio\Views\Pages\HardwarePages\MotorPage.xaml.cs(16,38): warning IDE0055: 淇鏍煎紡 (https://learn.microsoft.com/dotnet/fundamentals/code-analysis/style-rules/ide0055) [C:\UserWorx\VSWorx\ServoStudio\wpfui-servoStudio\samples\Wpf.Ui.servoStudio\servoStudio.csproj]
C:\UserWorx\VSWorx\ServoStudio\wpfui-servoStudio\samples\Wpf.Ui.servoStudio\Views\Pages\HardwarePages\MotorPage.xaml.cs(16,43): warning IDE0055: 淇鏍煎紡 (https://learn.microsoft.com/dotnet/fundamentals/code-analysis/style-rules/ide0055) [C:\UserWorx\VSWorx\ServoStudio\wpfui-servoStudio\samples\Wpf.Ui.servoStudio\servoStudio.csproj]
C:\UserWorx\VSWorx\ServoStudio\wpfui-servoStudio\samples\Wpf.Ui.servoStudio\Views\Pages\HardwarePages\StoConfigPage.xaml.cs(13,40): warning IDE0055: 淇鏍煎紡 (https://learn.microsoft.com/dotnet/fundamentals/code-analysis/style-rules/ide0055) [C:\UserWorx\VSWorx\ServoStudio\wpfui-servoStudio\samples\Wpf.Ui.servoStudio\servoStudio.csproj]
C:\UserWorx\VSWorx\ServoStudio\wpfui-servoStudio\samples\Wpf.Ui.servoStudio\Views\Pages\HardwarePages\StoConfigPage.xaml.cs(13,42): warning IDE0055: 淇鏍煎紡 (https://learn.microsoft.com/dotnet/fundamentals/code-analysis/style-rules/ide0055) [C:\UserWorx\VSWorx\ServoStudio\wpfui-servoStudio\samples\Wpf.Ui.servoStudio\servoStudio.csproj]
C:\UserWorx\VSWorx\ServoStudio\wpfui-servoStudio\samples\Wpf.Ui.servoStudio\Views\Pages\HardwarePages\StoConfigPage.xaml.cs(13,47): warning IDE0055: 淇鏍煎紡 (https://learn.microsoft.com/dotnet/fundamentals/code-analysis/style-rules/ide0055) [C:\UserWorx\VSWorx\ServoStudio\wpfui-servoStudio\samples\Wpf.Ui.servoStudio\servoStudio.csproj]
C:\UserWorx\VSWorx\ServoStudio\wpfui-servoStudio\samples\Wpf.Ui.servoStudio\Views\MainWindow.xaml.cs(114,9): warning IDE0011: 鍚?鈥渋f鈥?璇彞娣诲姞澶ф嫭鍙枫€?(https://learn.microsoft.com/dotnet/fundamentals/code-analysis/style-rules/ide0011) [C:\UserWorx\VSWorx\ServoStudio\wpfui-servoStudio\samples\Wpf.Ui.servoStudio\servoStudio.csproj]
C:\UserWorx\VSWorx\ServoStudio\wpfui-servoStudio\samples\Wpf.Ui.servoStudio\Views\MainWindow.xaml.cs(121,13): warning IDE0011: 鍚?鈥渇oreach鈥?璇彞娣诲姞澶ф嫭鍙枫€?(https://learn.microsoft.com/dotnet/fundamentals/code-analysis/style-rules/ide0011) [C:\UserWorx\VSWorx\ServoStudio\wpfui-servoStudio\samples\Wpf.Ui.servoStudio\servoStudio.csproj]
C:\UserWorx\VSWorx\ServoStudio\wpfui-servoStudio\samples\Wpf.Ui.servoStudio\Views\MainWindow.xaml.cs(121,22): warning IDE0008: 鐢ㄦ樉寮忕被鍨嬩唬鏇?"var" (https://learn.microsoft.com/dotnet/fundamentals/code-analysis/style-rules/ide0008) [C:\UserWorx\VSWorx\ServoStudio\wpfui-servoStudio\samples\Wpf.Ui.servoStudio\servoStudio.csproj]
C:\UserWorx\VSWorx\ServoStudio\wpfui-servoStudio\samples\Wpf.Ui.servoStudio\Views\Pages\HomePage.xaml.cs(18,46): warning IDE0055: 淇鏍煎紡 (https://learn.microsoft.com/dotnet/fundamentals/code-analysis/style-rules/ide0055) [C:\UserWorx\VSWorx\ServoStudio\wpfui-servoStudio\samples\Wpf.Ui.servoStudio\servoStudio.csproj]
C:\UserWorx\VSWorx\ServoStudio\wpfui-servoStudio\samples\Wpf.Ui.servoStudio\Views\Pages\HomePage.xaml.cs(18,48): warning IDE0055: 淇鏍煎紡 (https://learn.microsoft.com/dotnet/fundamentals/code-analysis/style-rules/ide0055) [C:\UserWorx\VSWorx\ServoStudio\wpfui-servoStudio\samples\Wpf.Ui.servoStudio\servoStudio.csproj]
C:\UserWorx\VSWorx\ServoStudio\wpfui-servoStudio\samples\Wpf.Ui.servoStudio\Views\Pages\HomePage.xaml.cs(18,53): warning IDE0055: 淇鏍煎紡 (https://learn.microsoft.com/dotnet/fundamentals/code-analysis/style-rules/ide0055) [C:\UserWorx\VSWorx\ServoStudio\wpfui-servoStudio\samples\Wpf.Ui.servoStudio\servoStudio.csproj]
C:\UserWorx\VSWorx\ServoStudio\wpfui-servoStudio\samples\Wpf.Ui.servoStudio\Views\Pages\HomePage.xaml.cs(103,57): warning IDE0055: 淇鏍煎紡 (https://learn.microsoft.com/dotnet/fundamentals/code-analysis/style-rules/ide0055) [C:\UserWorx\VSWorx\ServoStudio\wpfui-servoStudio\samples\Wpf.Ui.servoStudio\servoStudio.csproj]
C:\UserWorx\VSWorx\ServoStudio\wpfui-servoStudio\samples\Wpf.Ui.servoStudio\Views\Pages\HomePage.xaml.cs(111,57): warning IDE0055: 淇鏍煎紡 (https://learn.microsoft.com/dotnet/fundamentals/code-analysis/style-rules/ide0055) [C:\UserWorx\VSWorx\ServoStudio\wpfui-servoStudio\samples\Wpf.Ui.servoStudio\servoStudio.csproj]
C:\UserWorx\VSWorx\ServoStudio\wpfui-servoStudio\samples\Wpf.Ui.servoStudio\Views\Pages\HomePage.xaml.cs(119,57): warning IDE0055: 淇鏍煎紡 (https://learn.microsoft.com/dotnet/fundamentals/code-analysis/style-rules/ide0055) [C:\UserWorx\VSWorx\ServoStudio\wpfui-servoStudio\samples\Wpf.Ui.servoStudio\servoStudio.csproj]
C:\UserWorx\VSWorx\ServoStudio\wpfui-servoStudio\samples\Wpf.Ui.servoStudio\Views\Pages\HomePage.xaml.cs(144,30): warning IDE0055: 淇鏍煎紡 (https://learn.microsoft.com/dotnet/fundamentals/code-analysis/style-rules/ide0055) [C:\UserWorx\VSWorx\ServoStudio\wpfui-servoStudio\samples\Wpf.Ui.servoStudio\servoStudio.csproj]
C:\UserWorx\VSWorx\ServoStudio\wpfui-servoStudio\samples\Wpf.Ui.servoStudio\Views\Pages\MotionPages\MotionLimitPage.xaml.cs(16,42): warning IDE0055: 淇鏍煎紡 (https://learn.microsoft.com/dotnet/fundamentals/code-analysis/style-rules/ide0055) [C:\UserWorx\VSWorx\ServoStudio\wpfui-servoStudio\samples\Wpf.Ui.servoStudio\servoStudio.csproj]
C:\UserWorx\VSWorx\ServoStudio\wpfui-servoStudio\samples\Wpf.Ui.servoStudio\Views\Pages\MotionPages\MotionLimitPage.xaml.cs(16,44): warning IDE0055: 淇鏍煎紡 (https://learn.microsoft.com/dotnet/fundamentals/code-analysis/style-rules/ide0055) [C:\UserWorx\VSWorx\ServoStudio\wpfui-servoStudio\samples\Wpf.Ui.servoStudio\servoStudio.csproj]
C:\UserWorx\VSWorx\ServoStudio\wpfui-servoStudio\samples\Wpf.Ui.servoStudio\Views\Pages\MotionPages\MotionLimitPage.xaml.cs(16,49): warning IDE0055: 淇鏍煎紡 (https://learn.microsoft.com/dotnet/fundamentals/code-analysis/style-rules/ide0055) [C:\UserWorx\VSWorx\ServoStudio\wpfui-servoStudio\samples\Wpf.Ui.servoStudio\servoStudio.csproj]
C:\UserWorx\VSWorx\ServoStudio\wpfui-servoStudio\samples\Wpf.Ui.servoStudio\ViewModels\Motion\MotionTypeViewModel.cs(1348,9): warning IDE0011: 鍚?鈥渋f鈥?璇彞娣诲姞澶ф嫭鍙枫€?(https://learn.microsoft.com/dotnet/fundamentals/code-analysis/style-rules/ide0011) [C:\UserWorx\VSWorx\ServoStudio\wpfui-servoStudio\samples\Wpf.Ui.servoStudio\servoStudio.csproj]
C:\UserWorx\VSWorx\ServoStudio\wpfui-servoStudio\samples\Wpf.Ui.servoStudio\ViewModels\Motion\MotionTypeViewModel.cs(1350,9): warning IDE0011: 鍚?鈥渋f鈥?璇彞娣诲姞澶ф嫭鍙枫€?(https://learn.microsoft.com/dotnet/fundamentals/code-analysis/style-rules/ide0011) [C:\UserWorx\VSWorx\ServoStudio\wpfui-servoStudio\samples\Wpf.Ui.servoStudio\servoStudio.csproj]
C:\UserWorx\VSWorx\ServoStudio\wpfui-servoStudio\samples\Wpf.Ui.servoStudio\ViewModels\Motion\MotionTypeViewModel.cs(1352,9): warning IDE0011: 鍚?鈥渋f鈥?璇彞娣诲姞澶ф嫭鍙枫€?(https://learn.microsoft.com/dotnet/fundamentals/code-analysis/style-rules/ide0011) [C:\UserWorx\VSWorx\ServoStudio\wpfui-servoStudio\samples\Wpf.Ui.servoStudio\servoStudio.csproj]
C:\UserWorx\VSWorx\ServoStudio\wpfui-servoStudio\samples\Wpf.Ui.servoStudio\ViewModels\Motion\MotionTypeViewModel.cs(1354,9): warning IDE0011: 鍚?鈥渋f鈥?璇彞娣诲姞澶ф嫭鍙枫€?(https://learn.microsoft.com/dotnet/fundamentals/code-analysis/style-rules/ide0011) [C:\UserWorx\VSWorx\ServoStudio\wpfui-servoStudio\samples\Wpf.Ui.servoStudio\servoStudio.csproj]
C:\UserWorx\VSWorx\ServoStudio\wpfui-servoStudio\samples\Wpf.Ui.servoStudio\ViewModels\Motion\MotionTypeViewModel.cs(1356,9): warning IDE0011: 鍚?鈥渋f鈥?璇彞娣诲姞澶ф嫭鍙枫€?(https://learn.microsoft.com/dotnet/fundamentals/code-analysis/style-rules/ide0011) [C:\UserWorx\VSWorx\ServoStudio\wpfui-servoStudio\samples\Wpf.Ui.servoStudio\servoStudio.csproj]
C:\UserWorx\VSWorx\ServoStudio\wpfui-servoStudio\samples\Wpf.Ui.servoStudio\ViewModels\DeviceSet\DeviceAddViewModel.cs(1878,17): warning IDE0011: 鍚?鈥渋f鈥?璇彞娣诲姞澶ф嫭鍙枫€?(https://learn.microsoft.com/dotnet/fundamentals/code-analysis/style-rules/ide0011) [C:\UserWorx\VSWorx\ServoStudio\wpfui-servoStudio\samples\Wpf.Ui.servoStudio\servoStudio.csproj]
C:\UserWorx\VSWorx\ServoStudio\wpfui-servoStudio\samples\Wpf.Ui.servoStudio\ViewModels\DeviceSet\DeviceAddViewModel.cs(1885,17): warning IDE0011: 鍚?鈥渋f鈥?璇彞娣诲姞澶ф嫭鍙枫€?(https://learn.microsoft.com/dotnet/fundamentals/code-analysis/style-rules/ide0011) [C:\UserWorx\VSWorx\ServoStudio\wpfui-servoStudio\samples\Wpf.Ui.servoStudio\servoStudio.csproj]
C:\UserWorx\VSWorx\ServoStudio\wpfui-servoStudio\samples\Wpf.Ui.servoStudio\ViewModels\Motion\MotionTypeViewModel.cs(1364,9): warning IDE0011: 鍚?鈥渋f鈥?璇彞娣诲姞澶ф嫭鍙枫€?(https://learn.microsoft.com/dotnet/fundamentals/code-analysis/style-rules/ide0011) [C:\UserWorx\VSWorx\ServoStudio\wpfui-servoStudio\samples\Wpf.Ui.servoStudio\servoStudio.csproj]
C:\UserWorx\VSWorx\ServoStudio\wpfui-servoStudio\samples\Wpf.Ui.servoStudio\Services\FactoryAccessService.cs(149,13): warning IDE0011: 鍚?鈥渋f鈥?璇彞娣诲姞澶ф嫭鍙枫€?(https://learn.microsoft.com/dotnet/fundamentals/code-analysis/style-rules/ide0011) [C:\UserWorx\VSWorx\ServoStudio\wpfui-servoStudio\samples\Wpf.Ui.servoStudio\servoStudio.csproj]
C:\UserWorx\VSWorx\ServoStudio\wpfui-servoStudio\samples\Wpf.Ui.servoStudio\Services\FactoryAccessService.cs(153,17): warning IDE0011: 鍚?鈥渋f鈥?璇彞娣诲姞澶ф嫭鍙枫€?(https://learn.microsoft.com/dotnet/fundamentals/code-analysis/style-rules/ide0011) [C:\UserWorx\VSWorx\ServoStudio\wpfui-servoStudio\samples\Wpf.Ui.servoStudio\servoStudio.csproj]
C:\UserWorx\VSWorx\ServoStudio\wpfui-servoStudio\samples\Wpf.Ui.servoStudio\Services\FactoryAccessService.cs(158,9): warning IDE0011: 鍚?鈥渋f鈥?璇彞娣诲姞澶ф嫭鍙枫€?(https://learn.microsoft.com/dotnet/fundamentals/code-analysis/style-rules/ide0011) [C:\UserWorx\VSWorx\ServoStudio\wpfui-servoStudio\samples\Wpf.Ui.servoStudio\servoStudio.csproj]
C:\UserWorx\VSWorx\ServoStudio\wpfui-servoStudio\samples\Wpf.Ui.servoStudio\Services\FactoryAccessService.cs(185,17): warning IDE0011: 鍚?鈥渋f鈥?璇彞娣诲姞澶ф嫭鍙枫€?(https://learn.microsoft.com/dotnet/fundamentals/code-analysis/style-rules/ide0011) [C:\UserWorx\VSWorx\ServoStudio\wpfui-servoStudio\samples\Wpf.Ui.servoStudio\servoStudio.csproj]
C:\UserWorx\VSWorx\ServoStudio\wpfui-servoStudio\samples\Wpf.Ui.servoStudio\Services\FactoryAccessService.cs(188,17): warning IDE0011: 鍚?鈥渋f鈥?璇彞娣诲姞澶ф嫭鍙枫€?(https://learn.microsoft.com/dotnet/fundamentals/code-analysis/style-rules/ide0011) [C:\UserWorx\VSWorx\ServoStudio\wpfui-servoStudio\samples\Wpf.Ui.servoStudio\servoStudio.csproj]
C:\UserWorx\VSWorx\ServoStudio\wpfui-servoStudio\samples\Wpf.Ui.servoStudio\Services\FactoryAccessService.cs(147,18): warning IDE0008: 鐢ㄦ樉寮忕被鍨嬩唬鏇?"var" (https://learn.microsoft.com/dotnet/fundamentals/code-analysis/style-rules/ide0008) [C:\UserWorx\VSWorx\ServoStudio\wpfui-servoStudio\samples\Wpf.Ui.servoStudio\servoStudio.csproj]
C:\UserWorx\VSWorx\ServoStudio\wpfui-servoStudio\samples\Wpf.Ui.servoStudio\Services\FactoryAccessService.cs(151,22): warning IDE0008: 鐢ㄦ樉寮忕被鍨嬩唬鏇?"var" (https://learn.microsoft.com/dotnet/fundamentals/code-analysis/style-rules/ide0008) [C:\UserWorx\VSWorx\ServoStudio\wpfui-servoStudio\samples\Wpf.Ui.servoStudio\servoStudio.csproj]
C:\UserWorx\VSWorx\ServoStudio\wpfui-servoStudio\samples\Wpf.Ui.servoStudio\ViewModels\Factory\FactoryFirmwareViewModel.cs(203,9): warning IDE0008: 鐢ㄦ樉寮忕被鍨嬩唬鏇?"var" (https://learn.microsoft.com/dotnet/fundamentals/code-analysis/style-rules/ide0008) [C:\UserWorx\VSWorx\ServoStudio\wpfui-servoStudio\samples\Wpf.Ui.servoStudio\servoStudio.csproj]
C:\UserWorx\VSWorx\ServoStudio\wpfui-servoStudio\samples\Wpf.Ui.servoStudio\Services\FactoryAccessService.cs(187,17): warning IDE0008: 鐢ㄦ樉寮忕被鍨嬩唬鏇?"var" (https://learn.microsoft.com/dotnet/fundamentals/code-analysis/style-rules/ide0008) [C:\UserWorx\VSWorx\ServoStudio\wpfui-servoStudio\samples\Wpf.Ui.servoStudio\servoStudio.csproj]
C:\UserWorx\VSWorx\ServoStudio\wpfui-servoStudio\samples\Wpf.Ui.servoStudio\ViewModels\Hardware\ControllerViewModel.cs(445,9): warning IDE0008: 鐢ㄦ樉寮忕被鍨嬩唬鏇?"var" (https://learn.microsoft.com/dotnet/fundamentals/code-analysis/style-rules/ide0008) [C:\UserWorx\VSWorx\ServoStudio\wpfui-servoStudio\samples\Wpf.Ui.servoStudio\servoStudio.csproj]
C:\UserWorx\VSWorx\ServoStudio\wpfui-servoStudio\samples\Wpf.Ui.servoStudio\ViewModels\Hardware\ControllerViewModel.cs(446,9): warning IDE0008: 鐢ㄦ樉寮忕被鍨嬩唬鏇?"var" (https://learn.microsoft.com/dotnet/fundamentals/code-analysis/style-rules/ide0008) [C:\UserWorx\VSWorx\ServoStudio\wpfui-servoStudio\samples\Wpf.Ui.servoStudio\servoStudio.csproj]
C:\UserWorx\VSWorx\ServoStudio\wpfui-servoStudio\samples\Wpf.Ui.servoStudio\ViewModels\Motion\MotionTypeViewModel.cs(1372,9): warning IDE0011: 鍚?鈥渋f鈥?璇彞娣诲姞澶ф嫭鍙枫€?(https://learn.microsoft.com/dotnet/fundamentals/code-analysis/style-rules/ide0011) [C:\UserWorx\VSWorx\ServoStudio\wpfui-servoStudio\samples\Wpf.Ui.servoStudio\servoStudio.csproj]
C:\UserWorx\VSWorx\ServoStudio\wpfui-servoStudio\samples\Wpf.Ui.servoStudio\ViewModels\Motion\MotionTypeViewModel.cs(1374,9): warning IDE0011: 鍚?鈥渋f鈥?璇彞娣诲姞澶ф嫭鍙枫€?(https://learn.microsoft.com/dotnet/fundamentals/code-analysis/style-rules/ide0011) [C:\UserWorx\VSWorx\ServoStudio\wpfui-servoStudio\samples\Wpf.Ui.servoStudio\servoStudio.csproj]
C:\UserWorx\VSWorx\ServoStudio\wpfui-servoStudio\samples\Wpf.Ui.servoStudio\ViewModels\Motion\MotionTypeViewModel.cs(1376,9): warning IDE0011: 鍚?鈥渋f鈥?璇彞娣诲姞澶ф嫭鍙枫€?(https://learn.microsoft.com/dotnet/fundamentals/code-analysis/style-rules/ide0011) [C:\UserWorx\VSWorx\ServoStudio\wpfui-servoStudio\samples\Wpf.Ui.servoStudio\servoStudio.csproj]
C:\UserWorx\VSWorx\ServoStudio\wpfui-servoStudio\samples\Wpf.Ui.servoStudio\ViewModels\Motion\MotionTypeViewModel.cs(1378,9): warning IDE0011: 鍚?鈥渋f鈥?璇彞娣诲姞澶ф嫭鍙枫€?(https://learn.microsoft.com/dotnet/fundamentals/code-analysis/style-rules/ide0011) [C:\UserWorx\VSWorx\ServoStudio\wpfui-servoStudio\samples\Wpf.Ui.servoStudio\servoStudio.csproj]
C:\UserWorx\VSWorx\ServoStudio\wpfui-servoStudio\samples\Wpf.Ui.servoStudio\Services\FactoryAccessService.cs(207,9): warning IDE0011: 鍚?鈥渋f鈥?璇彞娣诲姞澶ф嫭鍙枫€?(https://learn.microsoft.com/dotnet/fundamentals/code-analysis/style-rules/ide0011) [C:\UserWorx\VSWorx\ServoStudio\wpfui-servoStudio\samples\Wpf.Ui.servoStudio\servoStudio.csproj]
C:\UserWorx\VSWorx\ServoStudio\wpfui-servoStudio\samples\Wpf.Ui.servoStudio\Services\FactoryAccessService.cs(154,21): warning IDE0058: 姘歌繙涓嶄細浣跨敤琛ㄨ揪寮忓€?(https://learn.microsoft.com/dotnet/fundamentals/code-analysis/style-rules/ide0058) [C:\UserWorx\VSWorx\ServoStudio\wpfui-servoStudio\samples\Wpf.Ui.servoStudio\servoStudio.csproj]
C:\UserWorx\VSWorx\ServoStudio\wpfui-servoStudio\samples\Wpf.Ui.servoStudio\Services\FactoryAccessService.cs(171,9): warning IDE0058: 姘歌繙涓嶄細浣跨敤琛ㄨ揪寮忓€?(https://learn.microsoft.com/dotnet/fundamentals/code-analysis/style-rules/ide0058) [C:\UserWorx\VSWorx\ServoStudio\wpfui-servoStudio\samples\Wpf.Ui.servoStudio\servoStudio.csproj]
C:\UserWorx\VSWorx\ServoStudio\wpfui-servoStudio\samples\Wpf.Ui.servoStudio\Views\Pages\MotionPages\MotionProfilePage.xaml.cs(25,44): warning IDE0055: 淇鏍煎紡 (https://learn.microsoft.com/dotnet/fundamentals/code-analysis/style-rules/ide0055) [C:\UserWorx\VSWorx\ServoStudio\wpfui-servoStudio\samples\Wpf.Ui.servoStudio\servoStudio.csproj]
C:\UserWorx\VSWorx\ServoStudio\wpfui-servoStudio\samples\Wpf.Ui.servoStudio\Views\Pages\MotionPages\MotionProfilePage.xaml.cs(25,46): warning IDE0055: 淇鏍煎紡 (https://learn.microsoft.com/dotnet/fundamentals/code-analysis/style-rules/ide0055) [C:\UserWorx\VSWorx\ServoStudio\wpfui-servoStudio\samples\Wpf.Ui.servoStudio\servoStudio.csproj]
C:\UserWorx\VSWorx\ServoStudio\wpfui-servoStudio\samples\Wpf.Ui.servoStudio\Views\Pages\MotionPages\MotionProfilePage.xaml.cs(25,51): warning IDE0055: 淇鏍煎紡 (https://learn.microsoft.com/dotnet/fundamentals/code-analysis/style-rules/ide0055) [C:\UserWorx\VSWorx\ServoStudio\wpfui-servoStudio\samples\Wpf.Ui.servoStudio\servoStudio.csproj]
C:\UserWorx\VSWorx\ServoStudio\wpfui-servoStudio\samples\Wpf.Ui.servoStudio\Views\Pages\MotionPages\MotionProfilePage.xaml.cs(55,39): warning IDE0055: 淇鏍煎紡 (https://learn.microsoft.com/dotnet/fundamentals/code-analysis/style-rules/ide0055) [C:\UserWorx\VSWorx\ServoStudio\wpfui-servoStudio\samples\Wpf.Ui.servoStudio\servoStudio.csproj]
C:\UserWorx\VSWorx\ServoStudio\wpfui-servoStudio\samples\Wpf.Ui.servoStudio\Views\Pages\MotionPages\MotionProfilePage.xaml.cs(58,40): warning IDE0055: 淇鏍煎紡 (https://learn.microsoft.com/dotnet/fundamentals/code-analysis/style-rules/ide0055) [C:\UserWorx\VSWorx\ServoStudio\wpfui-servoStudio\samples\Wpf.Ui.servoStudio\servoStudio.csproj]
C:\UserWorx\VSWorx\ServoStudio\wpfui-servoStudio\samples\Wpf.Ui.servoStudio\Views\Pages\MotionPages\MotionProfilePage.xaml.cs(74,12): warning IDE0055: 淇鏍煎紡 (https://learn.microsoft.com/dotnet/fundamentals/code-analysis/style-rules/ide0055) [C:\UserWorx\VSWorx\ServoStudio\wpfui-servoStudio\samples\Wpf.Ui.servoStudio\servoStudio.csproj]
C:\UserWorx\VSWorx\ServoStudio\wpfui-servoStudio\samples\Wpf.Ui.servoStudio\Views\Pages\MotionPages\MotionProfilePage.xaml.cs(74,14): warning IDE0055: 淇鏍煎紡 (https://learn.microsoft.com/dotnet/fundamentals/code-analysis/style-rules/ide0055) [C:\UserWorx\VSWorx\ServoStudio\wpfui-servoStudio\samples\Wpf.Ui.servoStudio\servoStudio.csproj]
C:\UserWorx\VSWorx\ServoStudio\wpfui-servoStudio\samples\Wpf.Ui.servoStudio\Views\Pages\MotionPages\MotionProfilePage.xaml.cs(74,83): warning IDE0055: 淇鏍煎紡 (https://learn.microsoft.com/dotnet/fundamentals/code-analysis/style-rules/ide0055) [C:\UserWorx\VSWorx\ServoStudio\wpfui-servoStudio\samples\Wpf.Ui.servoStudio\servoStudio.csproj]
C:\UserWorx\VSWorx\ServoStudio\wpfui-servoStudio\samples\Wpf.Ui.servoStudio\Views\Pages\MotionPages\MotionProfilePage.xaml.cs(77,40): warning IDE0055: 淇鏍煎紡 (https://learn.microsoft.com/dotnet/fundamentals/code-analysis/style-rules/ide0055) [C:\UserWorx\VSWorx\ServoStudio\wpfui-servoStudio\samples\Wpf.Ui.servoStudio\servoStudio.csproj]
C:\UserWorx\VSWorx\ServoStudio\wpfui-servoStudio\samples\Wpf.Ui.servoStudio\Views\Pages\MotionPages\MotionProfilePage.xaml.cs(78,29): warning IDE0055: 淇鏍煎紡 (https://learn.microsoft.com/dotnet/fundamentals/code-analysis/style-rules/ide0055) [C:\UserWorx\VSWorx\ServoStudio\wpfui-servoStudio\samples\Wpf.Ui.servoStudio\servoStudio.csproj]
C:\UserWorx\VSWorx\ServoStudio\wpfui-servoStudio\samples\Wpf.Ui.servoStudio\Views\Pages\MotionPages\MotionProfilePage.xaml.cs(141,31): warning IDE0055: 淇鏍煎紡 (https://learn.microsoft.com/dotnet/fundamentals/code-analysis/style-rules/ide0055) [C:\UserWorx\VSWorx\ServoStudio\wpfui-servoStudio\samples\Wpf.Ui.servoStudio\servoStudio.csproj]
C:\UserWorx\VSWorx\ServoStudio\wpfui-servoStudio\samples\Wpf.Ui.servoStudio\Views\Pages\MotionPages\MotionProfilePage.xaml.cs(175,38): warning IDE0055: 淇鏍煎紡 (https://learn.microsoft.com/dotnet/fundamentals/code-analysis/style-rules/ide0055) [C:\UserWorx\VSWorx\ServoStudio\wpfui-servoStudio\samples\Wpf.Ui.servoStudio\servoStudio.csproj]
C:\UserWorx\VSWorx\ServoStudio\wpfui-servoStudio\samples\Wpf.Ui.servoStudio\Views\Pages\MotionPages\MotionProfilePage.xaml.cs(176,39): warning IDE0055: 淇鏍煎紡 (https://learn.microsoft.com/dotnet/fundamentals/code-analysis/style-rules/ide0055) [C:\UserWorx\VSWorx\ServoStudio\wpfui-servoStudio\samples\Wpf.Ui.servoStudio\servoStudio.csproj]
C:\UserWorx\VSWorx\ServoStudio\wpfui-servoStudio\samples\Wpf.Ui.servoStudio\Views\Pages\MotionPages\MotionProfilePage.xaml.cs(177,37): warning IDE0055: 淇鏍煎紡 (https://learn.microsoft.com/dotnet/fundamentals/code-analysis/style-rules/ide0055) [C:\UserWorx\VSWorx\ServoStudio\wpfui-servoStudio\samples\Wpf.Ui.servoStudio\servoStudio.csproj]
C:\UserWorx\VSWorx\ServoStudio\wpfui-servoStudio\samples\Wpf.Ui.servoStudio\Views\Pages\MotionPages\MotionProfilePage.xaml.cs(180,47): warning IDE0055: 淇鏍煎紡 (https://learn.microsoft.com/dotnet/fundamentals/code-analysis/style-rules/ide0055) [C:\UserWorx\VSWorx\ServoStudio\wpfui-servoStudio\samples\Wpf.Ui.servoStudio\servoStudio.csproj]
C:\UserWorx\VSWorx\ServoStudio\wpfui-servoStudio\samples\Wpf.Ui.servoStudio\Views\Pages\MotionPages\MotionProfilePage.xaml.cs(181,48): warning IDE0055: 淇鏍煎紡 (https://learn.microsoft.com/dotnet/fundamentals/code-analysis/style-rules/ide0055) [C:\UserWorx\VSWorx\ServoStudio\wpfui-servoStudio\samples\Wpf.Ui.servoStudio\servoStudio.csproj]
C:\UserWorx\VSWorx\ServoStudio\wpfui-servoStudio\samples\Wpf.Ui.servoStudio\Views\Pages\MotionPages\MotionProfilePage.xaml.cs(182,46): warning IDE0055: 淇鏍煎紡 (https://learn.microsoft.com/dotnet/fundamentals/code-analysis/style-rules/ide0055) [C:\UserWorx\VSWorx\ServoStudio\wpfui-servoStudio\samples\Wpf.Ui.servoStudio\servoStudio.csproj]
C:\UserWorx\VSWorx\ServoStudio\wpfui-servoStudio\samples\Wpf.Ui.servoStudio\Views\Pages\MotionPages\MotionProfilePage.xaml.cs(195,47): warning IDE0055: 淇鏍煎紡 (https://learn.microsoft.com/dotnet/fundamentals/code-analysis/style-rules/ide0055) [C:\UserWorx\VSWorx\ServoStudio\wpfui-servoStudio\samples\Wpf.Ui.servoStudio\servoStudio.csproj]
C:\UserWorx\VSWorx\ServoStudio\wpfui-servoStudio\samples\Wpf.Ui.servoStudio\Views\Pages\MotionPages\MotionProfilePage.xaml.cs(196,48): warning IDE0055: 淇鏍煎紡 (https://learn.microsoft.com/dotnet/fundamentals/code-analysis/style-rules/ide0055) [C:\UserWorx\VSWorx\ServoStudio\wpfui-servoStudio\samples\Wpf.Ui.servoStudio\servoStudio.csproj]
C:\UserWorx\VSWorx\ServoStudio\wpfui-servoStudio\samples\Wpf.Ui.servoStudio\Views\Pages\MotionPages\MotionProfilePage.xaml.cs(197,46): warning IDE0055: 淇鏍煎紡 (https://learn.microsoft.com/dotnet/fundamentals/code-analysis/style-rules/ide0055) [C:\UserWorx\VSWorx\ServoStudio\wpfui-servoStudio\samples\Wpf.Ui.servoStudio\servoStudio.csproj]
C:\UserWorx\VSWorx\ServoStudio\wpfui-servoStudio\samples\Wpf.Ui.servoStudio\Views\Pages\MotionPages\MotionProfilePage.xaml.cs(219,38): warning IDE0055: 淇鏍煎紡 (https://learn.microsoft.com/dotnet/fundamentals/code-analysis/style-rules/ide0055) [C:\UserWorx\VSWorx\ServoStudio\wpfui-servoStudio\samples\Wpf.Ui.servoStudio\servoStudio.csproj]
C:\UserWorx\VSWorx\ServoStudio\wpfui-servoStudio\samples\Wpf.Ui.servoStudio\Views\Pages\MotionPages\MotionProfilePage.xaml.cs(221,21): warning IDE0055: 淇鏍煎紡 (https://learn.microsoft.com/dotnet/fundamentals/code-analysis/style-rules/ide0055) [C:\UserWorx\VSWorx\ServoStudio\wpfui-servoStudio\samples\Wpf.Ui.servoStudio\servoStudio.csproj]
C:\UserWorx\VSWorx\ServoStudio\wpfui-servoStudio\samples\Wpf.Ui.servoStudio\Views\Pages\MotionPages\MotionProfilePage.xaml.cs(227,38): warning IDE0055: 淇鏍煎紡 (https://learn.microsoft.com/dotnet/fundamentals/code-analysis/style-rules/ide0055) [C:\UserWorx\VSWorx\ServoStudio\wpfui-servoStudio\samples\Wpf.Ui.servoStudio\servoStudio.csproj]
C:\UserWorx\VSWorx\ServoStudio\wpfui-servoStudio\samples\Wpf.Ui.servoStudio\Views\Pages\MotionPages\MotionProfilePage.xaml.cs(229,21): warning IDE0055: 淇鏍煎紡 (https://learn.microsoft.com/dotnet/fundamentals/code-analysis/style-rules/ide0055) [C:\UserWorx\VSWorx\ServoStudio\wpfui-servoStudio\samples\Wpf.Ui.servoStudio\servoStudio.csproj]
C:\UserWorx\VSWorx\ServoStudio\wpfui-servoStudio\samples\Wpf.Ui.servoStudio\Views\Pages\MotionPages\MotionProfilePage.xaml.cs(238,34): warning IDE0055: 淇鏍煎紡 (https://learn.microsoft.com/dotnet/fundamentals/code-analysis/style-rules/ide0055) [C:\UserWorx\VSWorx\ServoStudio\wpfui-servoStudio\samples\Wpf.Ui.servoStudio\servoStudio.csproj]
C:\UserWorx\VSWorx\ServoStudio\wpfui-servoStudio\samples\Wpf.Ui.servoStudio\Views\Pages\MotionPages\MotionProfilePage.xaml.cs(240,39): warning IDE0055: 淇鏍煎紡 (https://learn.microsoft.com/dotnet/fundamentals/code-analysis/style-rules/ide0055) [C:\UserWorx\VSWorx\ServoStudio\wpfui-servoStudio\samples\Wpf.Ui.servoStudio\servoStudio.csproj]
C:\UserWorx\VSWorx\ServoStudio\wpfui-servoStudio\samples\Wpf.Ui.servoStudio\Views\Pages\MotionPages\MotionProfilePage.xaml.cs(241,39): warning IDE0055: 淇鏍煎紡 (https://learn.microsoft.com/dotnet/fundamentals/code-analysis/style-rules/ide0055) [C:\UserWorx\VSWorx\ServoStudio\wpfui-servoStudio\samples\Wpf.Ui.servoStudio\servoStudio.csproj]
C:\UserWorx\VSWorx\ServoStudio\wpfui-servoStudio\samples\Wpf.Ui.servoStudio\Views\Pages\MotionPages\MotionProfilePage.xaml.cs(242,39): warning IDE0055: 淇鏍煎紡 (https://learn.microsoft.com/dotnet/fundamentals/code-analysis/style-rules/ide0055) [C:\UserWorx\VSWorx\ServoStudio\wpfui-servoStudio\samples\Wpf.Ui.servoStudio\servoStudio.csproj]
C:\UserWorx\VSWorx\ServoStudio\wpfui-servoStudio\samples\Wpf.Ui.servoStudio\Views\Pages\MotionPages\MotionProfilePage.xaml.cs(255,43): warning IDE0055: 淇鏍煎紡 (https://learn.microsoft.com/dotnet/fundamentals/code-analysis/style-rules/ide0055) [C:\UserWorx\VSWorx\ServoStudio\wpfui-servoStudio\samples\Wpf.Ui.servoStudio\servoStudio.csproj]
C:\UserWorx\VSWorx\ServoStudio\wpfui-servoStudio\samples\Wpf.Ui.servoStudio\Views\Pages\MotionPages\MotionProfilePage.xaml.cs(258,22): warning IDE0055: 淇鏍煎紡 (https://learn.microsoft.com/dotnet/fundamentals/code-analysis/style-rules/ide0055) [C:\UserWorx\VSWorx\ServoStudio\wpfui-servoStudio\samples\Wpf.Ui.servoStudio\servoStudio.csproj]
C:\UserWorx\VSWorx\ServoStudio\wpfui-servoStudio\samples\Wpf.Ui.servoStudio\Views\Pages\MotionPages\MotionProfilePage.xaml.cs(259,22): warning IDE0055: 淇鏍煎紡 (https://learn.microsoft.com/dotnet/fundamentals/code-analysis/style-rules/ide0055) [C:\UserWorx\VSWorx\ServoStudio\wpfui-servoStudio\samples\Wpf.Ui.servoStudio\servoStudio.csproj]
C:\UserWorx\VSWorx\ServoStudio\wpfui-servoStudio\samples\Wpf.Ui.servoStudio\Views\Pages\MotionPages\MotionProfilePage.xaml.cs(262,35): warning IDE0055: 淇鏍煎紡 (https://learn.microsoft.com/dotnet/fundamentals/code-analysis/style-rules/ide0055) [C:\UserWorx\VSWorx\ServoStudio\wpfui-servoStudio\samples\Wpf.Ui.servoStudio\servoStudio.csproj]
C:\UserWorx\VSWorx\ServoStudio\wpfui-servoStudio\samples\Wpf.Ui.servoStudio\Views\Pages\MotionPages\MotionProfilePage.xaml.cs(262,52): warning IDE0055: 淇鏍煎紡 (https://learn.microsoft.com/dotnet/fundamentals/code-analysis/style-rules/ide0055) [C:\UserWorx\VSWorx\ServoStudio\wpfui-servoStudio\samples\Wpf.Ui.servoStudio\servoStudio.csproj]
C:\UserWorx\VSWorx\ServoStudio\wpfui-servoStudio\samples\Wpf.Ui.servoStudio\Views\Pages\MotionPages\MotionProfilePage.xaml.cs(286,19): warning IDE0055: 淇鏍煎紡 (https://learn.microsoft.com/dotnet/fundamentals/code-analysis/style-rules/ide0055) [C:\UserWorx\VSWorx\ServoStudio\wpfui-servoStudio\samples\Wpf.Ui.servoStudio\servoStudio.csproj]
C:\UserWorx\VSWorx\ServoStudio\wpfui-servoStudio\samples\Wpf.Ui.servoStudio\Views\Pages\MotionPages\MotionProfilePage.xaml.cs(290,21): warning IDE0055: 淇鏍煎紡 (https://learn.microsoft.com/dotnet/fundamentals/code-analysis/style-rules/ide0055) [C:\UserWorx\VSWorx\ServoStudio\wpfui-servoStudio\samples\Wpf.Ui.servoStudio\servoStudio.csproj]
C:\UserWorx\VSWorx\ServoStudio\wpfui-servoStudio\samples\Wpf.Ui.servoStudio\Views\Pages\MotionPages\MotionProfilePage.xaml.cs(291,25): warning IDE0055: 淇鏍煎紡 (https://learn.microsoft.com/dotnet/fundamentals/code-analysis/style-rules/ide0055) [C:\UserWorx\VSWorx\ServoStudio\wpfui-servoStudio\samples\Wpf.Ui.servoStudio\servoStudio.csproj]
C:\UserWorx\VSWorx\ServoStudio\wpfui-servoStudio\samples\Wpf.Ui.servoStudio\Services\FactoryAccessService.cs(219,9): warning IDE0011: 鍚?鈥渋f鈥?璇彞娣诲姞澶ф嫭鍙枫€?(https://learn.microsoft.com/dotnet/fundamentals/code-analysis/style-rules/ide0011) [C:\UserWorx\VSWorx\ServoStudio\wpfui-servoStudio\samples\Wpf.Ui.servoStudio\servoStudio.csproj]
C:\UserWorx\VSWorx\ServoStudio\wpfui-servoStudio\samples\Wpf.Ui.servoStudio\Views\Pages\MotionPages\MotionProfilePage.xaml.cs(47,31): warning IDE2003: 鍧椾笌鍚庣画璇彞涔嬮棿闇€瑕佹湁绌虹櫧琛?(https://learn.microsoft.com/dotnet/fundamentals/code-analysis/style-rules/ide2003) [C:\UserWorx\VSWorx\ServoStudio\wpfui-servoStudio\samples\Wpf.Ui.servoStudio\servoStudio.csproj]
C:\UserWorx\VSWorx\ServoStudio\wpfui-servoStudio\samples\Wpf.Ui.servoStudio\Views\Pages\MotionPages\MotionProfilePage.xaml.cs(106,9): warning IDE2003: 鍧椾笌鍚庣画璇彞涔嬮棿闇€瑕佹湁绌虹櫧琛?(https://learn.microsoft.com/dotnet/fundamentals/code-analysis/style-rules/ide2003) [C:\UserWorx\VSWorx\ServoStudio\wpfui-servoStudio\samples\Wpf.Ui.servoStudio\servoStudio.csproj]
C:\UserWorx\VSWorx\ServoStudio\wpfui-servoStudio\samples\Wpf.Ui.servoStudio\Views\Pages\MotionPages\MotionProfilePage.xaml.cs(243,9): warning IDE2003: 鍧椾笌鍚庣画璇彞涔嬮棿闇€瑕佹湁绌虹櫧琛?(https://learn.microsoft.com/dotnet/fundamentals/code-analysis/style-rules/ide2003) [C:\UserWorx\VSWorx\ServoStudio\wpfui-servoStudio\samples\Wpf.Ui.servoStudio\servoStudio.csproj]
C:\UserWorx\VSWorx\ServoStudio\wpfui-servoStudio\samples\Wpf.Ui.servoStudio\Views\Pages\MotionPages\MotionProfilePage.xaml.cs(278,13): warning IDE2003: 鍧椾笌鍚庣画璇彞涔嬮棿闇€瑕佹湁绌虹櫧琛?(https://learn.microsoft.com/dotnet/fundamentals/code-analysis/style-rules/ide2003) [C:\UserWorx\VSWorx\ServoStudio\wpfui-servoStudio\samples\Wpf.Ui.servoStudio\servoStudio.csproj]
C:\UserWorx\VSWorx\ServoStudio\wpfui-servoStudio\samples\Wpf.Ui.servoStudio\ViewModels\Motion\MotionTypeViewModel.cs(1386,9): warning IDE0011: 鍚?鈥渋f鈥?璇彞娣诲姞澶ф嫭鍙枫€?(https://learn.microsoft.com/dotnet/fundamentals/code-analysis/style-rules/ide0011) [C:\UserWorx\VSWorx\ServoStudio\wpfui-servoStudio\samples\Wpf.Ui.servoStudio\servoStudio.csproj]
C:\UserWorx\VSWorx\ServoStudio\wpfui-servoStudio\samples\Wpf.Ui.servoStudio\ViewModels\Motion\MotionTypeViewModel.cs(1388,9): warning IDE0011: 鍚?鈥渋f鈥?璇彞娣诲姞澶ф嫭鍙枫€?(https://learn.microsoft.com/dotnet/fundamentals/code-analysis/style-rules/ide0011) [C:\UserWorx\VSWorx\ServoStudio\wpfui-servoStudio\samples\Wpf.Ui.servoStudio\servoStudio.csproj]
C:\UserWorx\VSWorx\ServoStudio\wpfui-servoStudio\samples\Wpf.Ui.servoStudio\ViewModels\Motion\MotionTypeViewModel.cs(1390,9): warning IDE0011: 鍚?鈥渋f鈥?璇彞娣诲姞澶ф嫭鍙枫€?(https://learn.microsoft.com/dotnet/fundamentals/code-analysis/style-rules/ide0011) [C:\UserWorx\VSWorx\ServoStudio\wpfui-servoStudio\samples\Wpf.Ui.servoStudio\servoStudio.csproj]
C:\UserWorx\VSWorx\ServoStudio\wpfui-servoStudio\samples\Wpf.Ui.servoStudio\Views\Pages\MotionPages\MotionTypePage.xaml.cs(16,41): warning IDE0055: 淇鏍煎紡 (https://learn.microsoft.com/dotnet/fundamentals/code-analysis/style-rules/ide0055) [C:\UserWorx\VSWorx\ServoStudio\wpfui-servoStudio\samples\Wpf.Ui.servoStudio\servoStudio.csproj]
C:\UserWorx\VSWorx\ServoStudio\wpfui-servoStudio\samples\Wpf.Ui.servoStudio\Views\Pages\MotionPages\MotionTypePage.xaml.cs(16,43): warning IDE0055: 淇鏍煎紡 (https://learn.microsoft.com/dotnet/fundamentals/code-analysis/style-rules/ide0055) [C:\UserWorx\VSWorx\ServoStudio\wpfui-servoStudio\samples\Wpf.Ui.servoStudio\servoStudio.csproj]
C:\UserWorx\VSWorx\ServoStudio\wpfui-servoStudio\samples\Wpf.Ui.servoStudio\Views\Pages\MotionPages\MotionTypePage.xaml.cs(16,48): warning IDE0055: 淇鏍煎紡 (https://learn.microsoft.com/dotnet/fundamentals/code-analysis/style-rules/ide0055) [C:\UserWorx\VSWorx\ServoStudio\wpfui-servoStudio\samples\Wpf.Ui.servoStudio\servoStudio.csproj]
C:\UserWorx\VSWorx\ServoStudio\wpfui-servoStudio\samples\Wpf.Ui.servoStudio\Views\Pages\MotionPages\MultiStepProfilePage.xaml.cs(13,47): warning IDE0055: 淇鏍煎紡 (https://learn.microsoft.com/dotnet/fundamentals/code-analysis/style-rules/ide0055) [C:\UserWorx\VSWorx\ServoStudio\wpfui-servoStudio\samples\Wpf.Ui.servoStudio\servoStudio.csproj]
C:\UserWorx\VSWorx\ServoStudio\wpfui-servoStudio\samples\Wpf.Ui.servoStudio\Views\Pages\MotionPages\MultiStepProfilePage.xaml.cs(13,49): warning IDE0055: 淇鏍煎紡 (https://learn.microsoft.com/dotnet/fundamentals/code-analysis/style-rules/ide0055) [C:\UserWorx\VSWorx\ServoStudio\wpfui-servoStudio\samples\Wpf.Ui.servoStudio\servoStudio.csproj]
C:\UserWorx\VSWorx\ServoStudio\wpfui-servoStudio\samples\Wpf.Ui.servoStudio\Views\Pages\MotionPages\MultiStepProfilePage.xaml.cs(13,54): warning IDE0055: 淇鏍煎紡 (https://learn.microsoft.com/dotnet/fundamentals/code-analysis/style-rules/ide0055) [C:\UserWorx\VSWorx\ServoStudio\wpfui-servoStudio\samples\Wpf.Ui.servoStudio\servoStudio.csproj]
C:\UserWorx\VSWorx\ServoStudio\wpfui-servoStudio\samples\Wpf.Ui.servoStudio\Services\DataFrameLogger.cs(104,9): warning IDE0011: 鍚?鈥渋f鈥?璇彞娣诲姞澶ф嫭鍙枫€?(https://learn.microsoft.com/dotnet/fundamentals/code-analysis/style-rules/ide0011) [C:\UserWorx\VSWorx\ServoStudio\wpfui-servoStudio\samples\Wpf.Ui.servoStudio\servoStudio.csproj]
C:\UserWorx\VSWorx\ServoStudio\wpfui-servoStudio\samples\Wpf.Ui.servoStudio\Services\DataFrameLogger.cs(128,9): warning IDE0011: 鍚?鈥渋f鈥?璇彞娣诲姞澶ф嫭鍙枫€?(https://learn.microsoft.com/dotnet/fundamentals/code-analysis/style-rules/ide0011) [C:\UserWorx\VSWorx\ServoStudio\wpfui-servoStudio\samples\Wpf.Ui.servoStudio\servoStudio.csproj]
C:\UserWorx\VSWorx\ServoStudio\wpfui-servoStudio\samples\Wpf.Ui.servoStudio\ViewModels\Motion\MotionTypeViewModel.cs(1402,13): warning IDE0011: 鍚?鈥渋f鈥?璇彞娣诲姞澶ф嫭鍙枫€?(https://learn.microsoft.com/dotnet/fundamentals/code-analysis/style-rules/ide0011) [C:\UserWorx\VSWorx\ServoStudio\wpfui-servoStudio\samples\Wpf.Ui.servoStudio\servoStudio.csproj]
C:\UserWorx\VSWorx\ServoStudio\wpfui-servoStudio\samples\Wpf.Ui.servoStudio\ViewModels\Motion\MotionTypeViewModel.cs(1406,9): warning IDE0011: 鍚?鈥渋f鈥?璇彞娣诲姞澶ф嫭鍙枫€?(https://learn.microsoft.com/dotnet/fundamentals/code-analysis/style-rules/ide0011) [C:\UserWorx\VSWorx\ServoStudio\wpfui-servoStudio\samples\Wpf.Ui.servoStudio\servoStudio.csproj]
C:\UserWorx\VSWorx\ServoStudio\wpfui-servoStudio\samples\Wpf.Ui.servoStudio\ViewModels\Motion\MotionTypeViewModel.cs(1408,9): warning IDE0011: 鍚?鈥渋f鈥?璇彞娣诲姞澶ф嫭鍙枫€?(https://learn.microsoft.com/dotnet/fundamentals/code-analysis/style-rules/ide0011) [C:\UserWorx\VSWorx\ServoStudio\wpfui-servoStudio\samples\Wpf.Ui.servoStudio\servoStudio.csproj]
C:\UserWorx\VSWorx\ServoStudio\wpfui-servoStudio\samples\Wpf.Ui.servoStudio\ViewModels\Motion\MotionTypeViewModel.cs(1410,9): warning IDE0011: 鍚?鈥渋f鈥?璇彞娣诲姞澶ф嫭鍙枫€?(https://learn.microsoft.com/dotnet/fundamentals/code-analysis/style-rules/ide0011) [C:\UserWorx\VSWorx\ServoStudio\wpfui-servoStudio\samples\Wpf.Ui.servoStudio\servoStudio.csproj]
C:\UserWorx\VSWorx\ServoStudio\wpfui-servoStudio\samples\Wpf.Ui.servoStudio\ViewModels\Motion\MotionTypeViewModel.cs(1423,9): warning IDE0011: 鍚?鈥渋f鈥?璇彞娣诲姞澶ф嫭鍙枫€?(https://learn.microsoft.com/dotnet/fundamentals/code-analysis/style-rules/ide0011) [C:\UserWorx\VSWorx\ServoStudio\wpfui-servoStudio\samples\Wpf.Ui.servoStudio\servoStudio.csproj]
C:\UserWorx\VSWorx\ServoStudio\wpfui-servoStudio\samples\Wpf.Ui.servoStudio\ViewModels\DeviceSet\BusDiagnosticsViewModel.cs(392,9): warning IDE0011: 鍚?鈥渋f鈥?璇彞娣诲姞澶ф嫭鍙枫€?(https://learn.microsoft.com/dotnet/fundamentals/code-analysis/style-rules/ide0011) [C:\UserWorx\VSWorx\ServoStudio\wpfui-servoStudio\samples\Wpf.Ui.servoStudio\servoStudio.csproj]
C:\UserWorx\VSWorx\ServoStudio\wpfui-servoStudio\samples\Wpf.Ui.servoStudio\ViewModels\Motion\MotionTypeViewModel.cs(1431,9): warning IDE0011: 鍚?鈥渋f鈥?璇彞娣诲姞澶ф嫭鍙枫€?(https://learn.microsoft.com/dotnet/fundamentals/code-analysis/style-rules/ide0011) [C:\UserWorx\VSWorx\ServoStudio\wpfui-servoStudio\samples\Wpf.Ui.servoStudio\servoStudio.csproj]
C:\UserWorx\VSWorx\ServoStudio\wpfui-servoStudio\samples\Wpf.Ui.servoStudio\ViewModels\Motion\MotionTypeViewModel.cs(1433,9): warning IDE0011: 鍚?鈥渋f鈥?璇彞娣诲姞澶ф嫭鍙枫€?(https://learn.microsoft.com/dotnet/fundamentals/code-analysis/style-rules/ide0011) [C:\UserWorx\VSWorx\ServoStudio\wpfui-servoStudio\samples\Wpf.Ui.servoStudio\servoStudio.csproj]
C:\UserWorx\VSWorx\ServoStudio\wpfui-servoStudio\samples\Wpf.Ui.servoStudio\ViewModels\Motion\MotionTypeViewModel.cs(1435,9): warning IDE0011: 鍚?鈥渋f鈥?璇彞娣诲姞澶ф嫭鍙枫€?(https://learn.microsoft.com/dotnet/fundamentals/code-analysis/style-rules/ide0011) [C:\UserWorx\VSWorx\ServoStudio\wpfui-servoStudio\samples\Wpf.Ui.servoStudio\servoStudio.csproj]
C:\UserWorx\VSWorx\ServoStudio\wpfui-servoStudio\samples\Wpf.Ui.servoStudio\ViewModels\Motion\MotionTypeViewModel.cs(1437,9): warning IDE0011: 鍚?鈥渋f鈥?璇彞娣诲姞澶ф嫭鍙枫€?(https://learn.microsoft.com/dotnet/fundamentals/code-analysis/style-rules/ide0011) [C:\UserWorx\VSWorx\ServoStudio\wpfui-servoStudio\samples\Wpf.Ui.servoStudio\servoStudio.csproj]
C:\UserWorx\VSWorx\ServoStudio\wpfui-servoStudio\samples\Wpf.Ui.servoStudio\ViewModels\Motion\MotionTypeViewModel.cs(1439,9): warning IDE0011: 鍚?鈥渋f鈥?璇彞娣诲姞澶ф嫭鍙枫€?(https://learn.microsoft.com/dotnet/fundamentals/code-analysis/style-rules/ide0011) [C:\UserWorx\VSWorx\ServoStudio\wpfui-servoStudio\samples\Wpf.Ui.servoStudio\servoStudio.csproj]
C:\UserWorx\VSWorx\ServoStudio\wpfui-servoStudio\samples\Wpf.Ui.servoStudio\ViewModels\Motion\MotionTypeViewModel.cs(1441,9): warning IDE0011: 鍚?鈥渋f鈥?璇彞娣诲姞澶ф嫭鍙枫€?(https://learn.microsoft.com/dotnet/fundamentals/code-analysis/style-rules/ide0011) [C:\UserWorx\VSWorx\ServoStudio\wpfui-servoStudio\samples\Wpf.Ui.servoStudio\servoStudio.csproj]
C:\UserWorx\VSWorx\ServoStudio\wpfui-servoStudio\samples\Wpf.Ui.servoStudio\Services\DataFrameLogger.cs(162,21): warning IDE0011: 鍚?鈥渋f鈥?璇彞娣诲姞澶ф嫭鍙枫€?(https://learn.microsoft.com/dotnet/fundamentals/code-analysis/style-rules/ide0011) [C:\UserWorx\VSWorx\ServoStudio\wpfui-servoStudio\samples\Wpf.Ui.servoStudio\servoStudio.csproj]
C:\UserWorx\VSWorx\ServoStudio\wpfui-servoStudio\samples\Wpf.Ui.servoStudio\Services\DataFrameLogger.cs(174,21): warning IDE0011: 鍚?鈥渋f鈥?璇彞娣诲姞澶ф嫭鍙枫€?(https://learn.microsoft.com/dotnet/fundamentals/code-analysis/style-rules/ide0011) [C:\UserWorx\VSWorx\ServoStudio\wpfui-servoStudio\samples\Wpf.Ui.servoStudio\servoStudio.csproj]
C:\UserWorx\VSWorx\ServoStudio\wpfui-servoStudio\samples\Wpf.Ui.servoStudio\Services\DataFrameLogger.cs(198,21): warning IDE0011: 鍚?鈥渋f鈥?璇彞娣诲姞澶ф嫭鍙枫€?(https://learn.microsoft.com/dotnet/fundamentals/code-analysis/style-rules/ide0011) [C:\UserWorx\VSWorx\ServoStudio\wpfui-servoStudio\samples\Wpf.Ui.servoStudio\servoStudio.csproj]
C:\UserWorx\VSWorx\ServoStudio\wpfui-servoStudio\samples\Wpf.Ui.servoStudio\ViewModels\Motion\MotionTypeViewModel.cs(1449,9): warning IDE0011: 鍚?鈥渋f鈥?璇彞娣诲姞澶ф嫭鍙枫€?(https://learn.microsoft.com/dotnet/fundamentals/code-analysis/style-rules/ide0011) [C:\UserWorx\VSWorx\ServoStudio\wpfui-servoStudio\samples\Wpf.Ui.servoStudio\servoStudio.csproj]
C:\UserWorx\VSWorx\ServoStudio\wpfui-servoStudio\samples\Wpf.Ui.servoStudio\ViewModels\Motion\MotionTypeViewModel.cs(1451,9): warning IDE0011: 鍚?鈥渋f鈥?璇彞娣诲姞澶ф嫭鍙枫€?(https://learn.microsoft.com/dotnet/fundamentals/code-analysis/style-rules/ide0011) [C:\UserWorx\VSWorx\ServoStudio\wpfui-servoStudio\samples\Wpf.Ui.servoStudio\servoStudio.csproj]
C:\UserWorx\VSWorx\ServoStudio\wpfui-servoStudio\samples\Wpf.Ui.servoStudio\ViewModels\Motion\MotionTypeViewModel.cs(1453,9): warning IDE0011: 鍚?鈥渋f鈥?璇彞娣诲姞澶ф嫭鍙枫€?(https://learn.microsoft.com/dotnet/fundamentals/code-analysis/style-rules/ide0011) [C:\UserWorx\VSWorx\ServoStudio\wpfui-servoStudio\samples\Wpf.Ui.servoStudio\servoStudio.csproj]
C:\UserWorx\VSWorx\ServoStudio\wpfui-servoStudio\samples\Wpf.Ui.servoStudio\ViewModels\Motion\MotionTypeViewModel.cs(1455,9): warning IDE0011: 鍚?鈥渋f鈥?璇彞娣诲姞澶ф嫭鍙枫€?(https://learn.microsoft.com/dotnet/fundamentals/code-analysis/style-rules/ide0011) [C:\UserWorx\VSWorx\ServoStudio\wpfui-servoStudio\samples\Wpf.Ui.servoStudio\servoStudio.csproj]
C:\UserWorx\VSWorx\ServoStudio\wpfui-servoStudio\samples\Wpf.Ui.servoStudio\ViewModels\Motion\MotionTypeViewModel.cs(1463,9): warning IDE0011: 鍚?鈥渋f鈥?璇彞娣诲姞澶ф嫭鍙枫€?(https://learn.microsoft.com/dotnet/fundamentals/code-analysis/style-rules/ide0011) [C:\UserWorx\VSWorx\ServoStudio\wpfui-servoStudio\samples\Wpf.Ui.servoStudio\servoStudio.csproj]
C:\UserWorx\VSWorx\ServoStudio\wpfui-servoStudio\samples\Wpf.Ui.servoStudio\ViewModels\Motion\MotionTypeViewModel.cs(1465,9): warning IDE0011: 鍚?鈥渋f鈥?璇彞娣诲姞澶ф嫭鍙枫€?(https://learn.microsoft.com/dotnet/fundamentals/code-analysis/style-rules/ide0011) [C:\UserWorx\VSWorx\ServoStudio\wpfui-servoStudio\samples\Wpf.Ui.servoStudio\servoStudio.csproj]
C:\UserWorx\VSWorx\ServoStudio\wpfui-servoStudio\samples\Wpf.Ui.servoStudio\ViewModels\Motion\MotionTypeViewModel.cs(1467,9): warning IDE0011: 鍚?鈥渋f鈥?璇彞娣诲姞澶ф嫭鍙枫€?(https://learn.microsoft.com/dotnet/fundamentals/code-analysis/style-rules/ide0011) [C:\UserWorx\VSWorx\ServoStudio\wpfui-servoStudio\samples\Wpf.Ui.servoStudio\servoStudio.csproj]
C:\UserWorx\VSWorx\ServoStudio\wpfui-servoStudio\samples\Wpf.Ui.servoStudio\Views\Pages\SettingsPage.xaml.cs(15,50): warning IDE0055: 淇鏍煎紡 (https://learn.microsoft.com/dotnet/fundamentals/code-analysis/style-rules/ide0055) [C:\UserWorx\VSWorx\ServoStudio\wpfui-servoStudio\samples\Wpf.Ui.servoStudio\servoStudio.csproj]
C:\UserWorx\VSWorx\ServoStudio\wpfui-servoStudio\samples\Wpf.Ui.servoStudio\Views\Pages\SettingsPage.xaml.cs(15,52): warning IDE0055: 淇鏍煎紡 (https://learn.microsoft.com/dotnet/fundamentals/code-analysis/style-rules/ide0055) [C:\UserWorx\VSWorx\ServoStudio\wpfui-servoStudio\samples\Wpf.Ui.servoStudio\servoStudio.csproj]
C:\UserWorx\VSWorx\ServoStudio\wpfui-servoStudio\samples\Wpf.Ui.servoStudio\Views\Pages\SettingsPage.xaml.cs(15,57): warning IDE0055: 淇鏍煎紡 (https://learn.microsoft.com/dotnet/fundamentals/code-analysis/style-rules/ide0055) [C:\UserWorx\VSWorx\ServoStudio\wpfui-servoStudio\samples\Wpf.Ui.servoStudio\servoStudio.csproj]
C:\UserWorx\VSWorx\ServoStudio\wpfui-servoStudio\samples\Wpf.Ui.servoStudio\Views\Pages\TuningPages\AdvancedTuningPage.xaml.cs(13,45): warning IDE0055: 淇鏍煎紡 (https://learn.microsoft.com/dotnet/fundamentals/code-analysis/style-rules/ide0055) [C:\UserWorx\VSWorx\ServoStudio\wpfui-servoStudio\samples\Wpf.Ui.servoStudio\servoStudio.csproj]
C:\UserWorx\VSWorx\ServoStudio\wpfui-servoStudio\samples\Wpf.Ui.servoStudio\Views\Pages\TuningPages\AdvancedTuningPage.xaml.cs(13,47): warning IDE0055: 淇鏍煎紡 (https://learn.microsoft.com/dotnet/fundamentals/code-analysis/style-rules/ide0055) [C:\UserWorx\VSWorx\ServoStudio\wpfui-servoStudio\samples\Wpf.Ui.servoStudio\servoStudio.csproj]
C:\UserWorx\VSWorx\ServoStudio\wpfui-servoStudio\samples\Wpf.Ui.servoStudio\Views\Pages\TuningPages\AdvancedTuningPage.xaml.cs(13,52): warning IDE0055: 淇鏍煎紡 (https://learn.microsoft.com/dotnet/fundamentals/code-analysis/style-rules/ide0055) [C:\UserWorx\VSWorx\ServoStudio\wpfui-servoStudio\samples\Wpf.Ui.servoStudio\servoStudio.csproj]
C:\UserWorx\VSWorx\ServoStudio\wpfui-servoStudio\samples\Wpf.Ui.servoStudio\Views\Pages\TuningPages\MotorIdentificationPage.xaml.cs(13,50): warning IDE0055: 淇鏍煎紡 (https://learn.microsoft.com/dotnet/fundamentals/code-analysis/style-rules/ide0055) [C:\UserWorx\VSWorx\ServoStudio\wpfui-servoStudio\samples\Wpf.Ui.servoStudio\servoStudio.csproj]
C:\UserWorx\VSWorx\ServoStudio\wpfui-servoStudio\samples\Wpf.Ui.servoStudio\Views\Pages\TuningPages\MotorIdentificationPage.xaml.cs(13,52): warning IDE0055: 淇鏍煎紡 (https://learn.microsoft.com/dotnet/fundamentals/code-analysis/style-rules/ide0055) [C:\UserWorx\VSWorx\ServoStudio\wpfui-servoStudio\samples\Wpf.Ui.servoStudio\servoStudio.csproj]
C:\UserWorx\VSWorx\ServoStudio\wpfui-servoStudio\samples\Wpf.Ui.servoStudio\Views\Pages\TuningPages\MotorIdentificationPage.xaml.cs(13,57): warning IDE0055: 淇鏍煎紡 (https://learn.microsoft.com/dotnet/fundamentals/code-analysis/style-rules/ide0055) [C:\UserWorx\VSWorx\ServoStudio\wpfui-servoStudio\samples\Wpf.Ui.servoStudio\servoStudio.csproj]
C:\UserWorx\VSWorx\ServoStudio\wpfui-servoStudio\samples\Wpf.Ui.servoStudio\Services\DataFrameLogger.cs(256,9): warning IDE0011: 鍚?鈥渋f鈥?璇彞娣诲姞澶ф嫭鍙枫€?(https://learn.microsoft.com/dotnet/fundamentals/code-analysis/style-rules/ide0011) [C:\UserWorx\VSWorx\ServoStudio\wpfui-servoStudio\samples\Wpf.Ui.servoStudio\servoStudio.csproj]
C:\UserWorx\VSWorx\ServoStudio\wpfui-servoStudio\samples\Wpf.Ui.servoStudio\Services\DataFrameLogger.cs(278,9): warning IDE0011: 鍚?鈥渋f鈥?璇彞娣诲姞澶ф嫭鍙枫€?(https://learn.microsoft.com/dotnet/fundamentals/code-analysis/style-rules/ide0011) [C:\UserWorx\VSWorx\ServoStudio\wpfui-servoStudio\samples\Wpf.Ui.servoStudio\servoStudio.csproj]
C:\UserWorx\VSWorx\ServoStudio\wpfui-servoStudio\samples\Wpf.Ui.servoStudio\Services\FrameFormatRuntimeService.cs(97,9): warning IDE0011: 鍚?鈥渓ock鈥?璇彞娣诲姞澶ф嫭鍙枫€?(https://learn.microsoft.com/dotnet/fundamentals/code-analysis/style-rules/ide0011) [C:\UserWorx\VSWorx\ServoStudio\wpfui-servoStudio\samples\Wpf.Ui.servoStudio\servoStudio.csproj]
C:\UserWorx\VSWorx\ServoStudio\wpfui-servoStudio\samples\Wpf.Ui.servoStudio\Services\FrameFormatRuntimeService.cs(109,9): warning IDE0011: 鍚?鈥渋f鈥?璇彞娣诲姞澶ф嫭鍙枫€?(https://learn.microsoft.com/dotnet/fundamentals/code-analysis/style-rules/ide0011) [C:\UserWorx\VSWorx\ServoStudio\wpfui-servoStudio\samples\Wpf.Ui.servoStudio\servoStudio.csproj]
C:\UserWorx\VSWorx\ServoStudio\wpfui-servoStudio\samples\Wpf.Ui.servoStudio\ViewModels\DeviceSet\DeviceAddViewModel.cs(1995,13): warning IDE0011: 鍚?鈥渋f鈥?璇彞娣诲姞澶ф嫭鍙枫€?(https://learn.microsoft.com/dotnet/fundamentals/code-analysis/style-rules/ide0011) [C:\UserWorx\VSWorx\ServoStudio\wpfui-servoStudio\samples\Wpf.Ui.servoStudio\servoStudio.csproj]
C:\UserWorx\VSWorx\ServoStudio\wpfui-servoStudio\samples\Wpf.Ui.servoStudio\Services\FrameFormatRuntimeService.cs(131,13): warning IDE0011: 鍚?鈥渋f鈥?璇彞娣诲姞澶ф嫭鍙枫€?(https://learn.microsoft.com/dotnet/fundamentals/code-analysis/style-rules/ide0011) [C:\UserWorx\VSWorx\ServoStudio\wpfui-servoStudio\samples\Wpf.Ui.servoStudio\servoStudio.csproj]
C:\UserWorx\VSWorx\ServoStudio\wpfui-servoStudio\samples\Wpf.Ui.servoStudio\Services\FrameFormatRuntimeService.cs(139,13): warning IDE0011: 鍚?鈥渋f鈥?璇彞娣诲姞澶ф嫭鍙枫€?(https://learn.microsoft.com/dotnet/fundamentals/code-analysis/style-rules/ide0011) [C:\UserWorx\VSWorx\ServoStudio\wpfui-servoStudio\samples\Wpf.Ui.servoStudio\servoStudio.csproj]
C:\UserWorx\VSWorx\ServoStudio\wpfui-servoStudio\samples\Wpf.Ui.servoStudio\ViewModels\DeviceSet\DeviceAddViewModel.cs(2039,9): warning IDE0011: 鍚?鈥渋f鈥?璇彞娣诲姞澶ф嫭鍙枫€?(https://learn.microsoft.com/dotnet/fundamentals/code-analysis/style-rules/ide0011) [C:\UserWorx\VSWorx\ServoStudio\wpfui-servoStudio\samples\Wpf.Ui.servoStudio\servoStudio.csproj]
C:\UserWorx\VSWorx\ServoStudio\wpfui-servoStudio\samples\Wpf.Ui.servoStudio\Services\DataFrameLogger.cs(358,9): warning IDE0011: 鍚?鈥渋f鈥?璇彞娣诲姞澶ф嫭鍙枫€?(https://learn.microsoft.com/dotnet/fundamentals/code-analysis/style-rules/ide0011) [C:\UserWorx\VSWorx\ServoStudio\wpfui-servoStudio\samples\Wpf.Ui.servoStudio\servoStudio.csproj]
C:\UserWorx\VSWorx\ServoStudio\wpfui-servoStudio\samples\Wpf.Ui.servoStudio\ViewModels\DeviceSet\DeviceAddViewModel.cs(2065,9): warning IDE0011: 鍚?鈥渋f鈥?璇彞娣诲姞澶ф嫭鍙枫€?(https://learn.microsoft.com/dotnet/fundamentals/code-analysis/style-rules/ide0011) [C:\UserWorx\VSWorx\ServoStudio\wpfui-servoStudio\samples\Wpf.Ui.servoStudio\servoStudio.csproj]
C:\UserWorx\VSWorx\ServoStudio\wpfui-servoStudio\samples\Wpf.Ui.servoStudio\ViewModels\DeviceSet\DeviceAddViewModel.cs(2066,9): warning IDE0011: 鍚?鈥渋f鈥?璇彞娣诲姞澶ф嫭鍙枫€?(https://learn.microsoft.com/dotnet/fundamentals/code-analysis/style-rules/ide0011) [C:\UserWorx\VSWorx\ServoStudio\wpfui-servoStudio\samples\Wpf.Ui.servoStudio\servoStudio.csproj]
C:\UserWorx\VSWorx\ServoStudio\wpfui-servoStudio\samples\Wpf.Ui.servoStudio\ViewModels\DeviceSet\DeviceAddViewModel.cs(2080,17): warning IDE0011: 鍚?鈥渋f鈥?璇彞娣诲姞澶ф嫭鍙枫€?(https://learn.microsoft.com/dotnet/fundamentals/code-analysis/style-rules/ide0011) [C:\UserWorx\VSWorx\ServoStudio\wpfui-servoStudio\samples\Wpf.Ui.servoStudio\servoStudio.csproj]
C:\UserWorx\VSWorx\ServoStudio\wpfui-servoStudio\samples\Wpf.Ui.servoStudio\ViewModels\DeviceSet\DeviceAddViewModel.cs(2176,13): warning IDE0011: 鍚?鈥渋f鈥?璇彞娣诲姞澶ф嫭鍙枫€?(https://learn.microsoft.com/dotnet/fundamentals/code-analysis/style-rules/ide0011) [C:\UserWorx\VSWorx\ServoStudio\wpfui-servoStudio\samples\Wpf.Ui.servoStudio\servoStudio.csproj]
C:\UserWorx\VSWorx\ServoStudio\wpfui-servoStudio\samples\Wpf.Ui.servoStudio\Services\DataFrameLogger.cs(313,9): warning IDE0011: 鍚?鈥渋f鈥?璇彞娣诲姞澶ф嫭鍙枫€?(https://learn.microsoft.com/dotnet/fundamentals/code-analysis/style-rules/ide0011) [C:\UserWorx\VSWorx\ServoStudio\wpfui-servoStudio\samples\Wpf.Ui.servoStudio\servoStudio.csproj]
C:\UserWorx\VSWorx\ServoStudio\wpfui-servoStudio\samples\Wpf.Ui.servoStudio\Services\DataFrameLogger.cs(367,9): warning IDE0011: 鍚?鈥渋f鈥?璇彞娣诲姞澶ф嫭鍙枫€?(https://learn.microsoft.com/dotnet/fundamentals/code-analysis/style-rules/ide0011) [C:\UserWorx\VSWorx\ServoStudio\wpfui-servoStudio\samples\Wpf.Ui.servoStudio\servoStudio.csproj]
C:\UserWorx\VSWorx\ServoStudio\wpfui-servoStudio\samples\Wpf.Ui.servoStudio\Services\DataFrameLogger.cs(369,9): warning IDE0011: 鍚?鈥渋f鈥?璇彞娣诲姞澶ф嫭鍙枫€?(https://learn.microsoft.com/dotnet/fundamentals/code-analysis/style-rules/ide0011) [C:\UserWorx\VSWorx\ServoStudio\wpfui-servoStudio\samples\Wpf.Ui.servoStudio\servoStudio.csproj]
C:\UserWorx\VSWorx\ServoStudio\wpfui-servoStudio\samples\Wpf.Ui.servoStudio\Services\DataFrameLogger.cs(395,9): warning IDE0011: 鍚?鈥渋f鈥?璇彞娣诲姞澶ф嫭鍙枫€?(https://learn.microsoft.com/dotnet/fundamentals/code-analysis/style-rules/ide0011) [C:\UserWorx\VSWorx\ServoStudio\wpfui-servoStudio\samples\Wpf.Ui.servoStudio\servoStudio.csproj]
C:\UserWorx\VSWorx\ServoStudio\wpfui-servoStudio\samples\Wpf.Ui.servoStudio\ViewModels\DeviceSet\BusDiagnosticsViewModel.cs(573,9): warning IDE0011: 鍚?鈥渋f鈥?璇彞娣诲姞澶ф嫭鍙枫€?(https://learn.microsoft.com/dotnet/fundamentals/code-analysis/style-rules/ide0011) [C:\UserWorx\VSWorx\ServoStudio\wpfui-servoStudio\samples\Wpf.Ui.servoStudio\servoStudio.csproj]
C:\UserWorx\VSWorx\ServoStudio\wpfui-servoStudio\samples\Wpf.Ui.servoStudio\ViewModels\DeviceSet\BusDiagnosticsViewModel.cs(577,9): warning IDE0011: 鍚?鈥渋f鈥?璇彞娣诲姞澶ф嫭鍙枫€?(https://learn.microsoft.com/dotnet/fundamentals/code-analysis/style-rules/ide0011) [C:\UserWorx\VSWorx\ServoStudio\wpfui-servoStudio\samples\Wpf.Ui.servoStudio\servoStudio.csproj]
C:\UserWorx\VSWorx\ServoStudio\wpfui-servoStudio\samples\Wpf.Ui.servoStudio\ViewModels\DeviceSet\DeviceAddViewModel.cs(2257,17): warning IDE0011: 鍚?鈥渋f鈥?璇彞娣诲姞澶ф嫭鍙枫€?(https://learn.microsoft.com/dotnet/fundamentals/code-analysis/style-rules/ide0011) [C:\UserWorx\VSWorx\ServoStudio\wpfui-servoStudio\samples\Wpf.Ui.servoStudio\servoStudio.csproj]
C:\UserWorx\VSWorx\ServoStudio\wpfui-servoStudio\samples\Wpf.Ui.servoStudio\ViewModels\DeviceSet\DeviceAddViewModel.cs(2261,13): warning IDE0011: 鍚?鈥渋f鈥?璇彞娣诲姞澶ф嫭鍙枫€?(https://learn.microsoft.com/dotnet/fundamentals/code-analysis/style-rules/ide0011) [C:\UserWorx\VSWorx\ServoStudio\wpfui-servoStudio\samples\Wpf.Ui.servoStudio\servoStudio.csproj]
C:\UserWorx\VSWorx\ServoStudio\wpfui-servoStudio\samples\Wpf.Ui.servoStudio\ViewModels\DeviceSet\DeviceAddViewModel.cs(2263,13): warning IDE0011: 鍚?鈥渋f鈥?璇彞娣诲姞澶ф嫭鍙枫€?(https://learn.microsoft.com/dotnet/fundamentals/code-analysis/style-rules/ide0011) [C:\UserWorx\VSWorx\ServoStudio\wpfui-servoStudio\samples\Wpf.Ui.servoStudio\servoStudio.csproj]
C:\UserWorx\VSWorx\ServoStudio\wpfui-servoStudio\samples\Wpf.Ui.servoStudio\ViewModels\DeviceSet\DeviceAddViewModel.cs(2265,13): warning IDE0011: 鍚?鈥渋f鈥?璇彞娣诲姞澶ф嫭鍙枫€?(https://learn.microsoft.com/dotnet/fundamentals/code-analysis/style-rules/ide0011) [C:\UserWorx\VSWorx\ServoStudio\wpfui-servoStudio\samples\Wpf.Ui.servoStudio\servoStudio.csproj]
C:\UserWorx\VSWorx\ServoStudio\wpfui-servoStudio\samples\Wpf.Ui.servoStudio\ViewModels\DeviceSet\DeviceAddViewModel.cs(2267,13): warning IDE0011: 鍚?鈥渋f鈥?璇彞娣诲姞澶ф嫭鍙枫€?(https://learn.microsoft.com/dotnet/fundamentals/code-analysis/style-rules/ide0011) [C:\UserWorx\VSWorx\ServoStudio\wpfui-servoStudio\samples\Wpf.Ui.servoStudio\servoStudio.csproj]
C:\UserWorx\VSWorx\ServoStudio\wpfui-servoStudio\samples\Wpf.Ui.servoStudio\ViewModels\DeviceSet\DeviceAddViewModel.cs(2270,13): warning IDE0011: 鍚?鈥渋f鈥?璇彞娣诲姞澶ф嫭鍙枫€?(https://learn.microsoft.com/dotnet/fundamentals/code-analysis/style-rules/ide0011) [C:\UserWorx\VSWorx\ServoStudio\wpfui-servoStudio\samples\Wpf.Ui.servoStudio\servoStudio.csproj]
C:\UserWorx\VSWorx\ServoStudio\wpfui-servoStudio\samples\Wpf.Ui.servoStudio\ViewModels\DeviceSet\DeviceAddViewModel.cs(2274,13): warning IDE0011: 鍚?鈥渋f鈥?璇彞娣诲姞澶ф嫭鍙枫€?(https://learn.microsoft.com/dotnet/fundamentals/code-analysis/style-rules/ide0011) [C:\UserWorx\VSWorx\ServoStudio\wpfui-servoStudio\samples\Wpf.Ui.servoStudio\servoStudio.csproj]
C:\UserWorx\VSWorx\ServoStudio\wpfui-servoStudio\samples\Wpf.Ui.servoStudio\ViewModels\DeviceSet\DeviceAddViewModel.cs(2276,13): warning IDE0011: 鍚?鈥渋f鈥?璇彞娣诲姞澶ф嫭鍙枫€?(https://learn.microsoft.com/dotnet/fundamentals/code-analysis/style-rules/ide0011) [C:\UserWorx\VSWorx\ServoStudio\wpfui-servoStudio\samples\Wpf.Ui.servoStudio\servoStudio.csproj]
C:\UserWorx\VSWorx\ServoStudio\wpfui-servoStudio\samples\Wpf.Ui.servoStudio\ViewModels\DeviceSet\DeviceAddViewModel.cs(2278,13): warning IDE0011: 鍚?鈥渋f鈥?璇彞娣诲姞澶ф嫭鍙枫€?(https://learn.microsoft.com/dotnet/fundamentals/code-analysis/style-rules/ide0011) [C:\UserWorx\VSWorx\ServoStudio\wpfui-servoStudio\samples\Wpf.Ui.servoStudio\servoStudio.csproj]
C:\UserWorx\VSWorx\ServoStudio\wpfui-servoStudio\samples\Wpf.Ui.servoStudio\ViewModels\DeviceSet\DeviceAddViewModel.cs(2282,13): warning IDE0011: 鍚?鈥渋f鈥?璇彞娣诲姞澶ф嫭鍙枫€?(https://learn.microsoft.com/dotnet/fundamentals/code-analysis/style-rules/ide0011) [C:\UserWorx\VSWorx\ServoStudio\wpfui-servoStudio\samples\Wpf.Ui.servoStudio\servoStudio.csproj]
C:\UserWorx\VSWorx\ServoStudio\wpfui-servoStudio\samples\Wpf.Ui.servoStudio\ViewModels\DeviceSet\DeviceAddViewModel.cs(2301,13): warning IDE0011: 鍚?鈥渋f鈥?璇彞娣诲姞澶ф嫭鍙枫€?(https://learn.microsoft.com/dotnet/fundamentals/code-analysis/style-rules/ide0011) [C:\UserWorx\VSWorx\ServoStudio\wpfui-servoStudio\samples\Wpf.Ui.servoStudio\servoStudio.csproj]
C:\UserWorx\VSWorx\ServoStudio\wpfui-servoStudio\samples\Wpf.Ui.servoStudio\ViewModels\DeviceSet\DeviceAddViewModel.cs(2303,13): warning IDE0011: 鍚?鈥渋f鈥?璇彞娣诲姞澶ф嫭鍙枫€?(https://learn.microsoft.com/dotnet/fundamentals/code-analysis/style-rules/ide0011) [C:\UserWorx\VSWorx\ServoStudio\wpfui-servoStudio\samples\Wpf.Ui.servoStudio\servoStudio.csproj]
C:\UserWorx\VSWorx\ServoStudio\wpfui-servoStudio\samples\Wpf.Ui.servoStudio\Services\DataFrameLogger.cs(415,25): warning IDE0011: 鍚?鈥渋f鈥?璇彞娣诲姞澶ф嫭鍙枫€?(https://learn.microsoft.com/dotnet/fundamentals/code-analysis/style-rules/ide0011) [C:\UserWorx\VSWorx\ServoStudio\wpfui-servoStudio\samples\Wpf.Ui.servoStudio\servoStudio.csproj]
C:\UserWorx\VSWorx\ServoStudio\wpfui-servoStudio\samples\Wpf.Ui.servoStudio\Services\DataFrameLogger.cs(416,25): warning IDE0011: 鍚?鈥渆lse鈥?璇彞娣诲姞澶ф嫭鍙枫€?(https://learn.microsoft.com/dotnet/fundamentals/code-analysis/style-rules/ide0011) [C:\UserWorx\VSWorx\ServoStudio\wpfui-servoStudio\samples\Wpf.Ui.servoStudio\servoStudio.csproj]
C:\UserWorx\VSWorx\ServoStudio\wpfui-servoStudio\samples\Wpf.Ui.servoStudio\ViewModels\Factory\FactoryFirmwareViewModel.cs(603,9): warning IDE0058: 姘歌繙涓嶄細浣跨敤琛ㄨ揪寮忓€?(https://learn.microsoft.com/dotnet/fundamentals/code-analysis/style-rules/ide0058) [C:\UserWorx\VSWorx\ServoStudio\wpfui-servoStudio\samples\Wpf.Ui.servoStudio\servoStudio.csproj]
C:\UserWorx\VSWorx\ServoStudio\wpfui-servoStudio\samples\Wpf.Ui.servoStudio\ViewModels\Factory\FactoryFirmwareViewModel.cs(604,9): warning IDE0058: 姘歌繙涓嶄細浣跨敤琛ㄨ揪寮忓€?(https://learn.microsoft.com/dotnet/fundamentals/code-analysis/style-rules/ide0058) [C:\UserWorx\VSWorx\ServoStudio\wpfui-servoStudio\samples\Wpf.Ui.servoStudio\servoStudio.csproj]
C:\UserWorx\VSWorx\ServoStudio\wpfui-servoStudio\samples\Wpf.Ui.servoStudio\ViewModels\DeviceSet\BusDiagnosticsViewModel.cs(613,9): warning IDE0008: 鐢ㄦ樉寮忕被鍨嬩唬鏇?"var" (https://learn.microsoft.com/dotnet/fundamentals/code-analysis/style-rules/ide0008) [C:\UserWorx\VSWorx\ServoStudio\wpfui-servoStudio\samples\Wpf.Ui.servoStudio\servoStudio.csproj]
C:\UserWorx\VSWorx\ServoStudio\wpfui-servoStudio\samples\Wpf.Ui.servoStudio\Services\FirmwareRepositoryService.cs(773,19): warning IDE0008: 鐢ㄦ樉寮忕被鍨嬩唬鏇?"var" (https://learn.microsoft.com/dotnet/fundamentals/code-analysis/style-rules/ide0008) [C:\UserWorx\VSWorx\ServoStudio\wpfui-servoStudio\samples\Wpf.Ui.servoStudio\servoStudio.csproj]
C:\UserWorx\VSWorx\ServoStudio\wpfui-servoStudio\samples\Wpf.Ui.servoStudio\ViewModels\DeviceSet\BusDiagnosticsViewModel.cs(630,9): warning IDE0011: 鍚?鈥渋f鈥?璇彞娣诲姞澶ф嫭鍙枫€?(https://learn.microsoft.com/dotnet/fundamentals/code-analysis/style-rules/ide0011) [C:\UserWorx\VSWorx\ServoStudio\wpfui-servoStudio\samples\Wpf.Ui.servoStudio\servoStudio.csproj]
C:\UserWorx\VSWorx\ServoStudio\wpfui-servoStudio\samples\Wpf.Ui.servoStudio\ViewModels\DeviceSet\BusDiagnosticsViewModel.cs(645,9): warning IDE0011: 鍚?鈥渋f鈥?璇彞娣诲姞澶ф嫭鍙枫€?(https://learn.microsoft.com/dotnet/fundamentals/code-analysis/style-rules/ide0011) [C:\UserWorx\VSWorx\ServoStudio\wpfui-servoStudio\samples\Wpf.Ui.servoStudio\servoStudio.csproj]
C:\UserWorx\VSWorx\ServoStudio\wpfui-servoStudio\samples\Wpf.Ui.servoStudio\ViewModels\DeviceSet\BusDiagnosticsViewModel.cs(647,9): warning IDE0011: 鍚?鈥渋f鈥?璇彞娣诲姞澶ф嫭鍙枫€?(https://learn.microsoft.com/dotnet/fundamentals/code-analysis/style-rules/ide0011) [C:\UserWorx\VSWorx\ServoStudio\wpfui-servoStudio\samples\Wpf.Ui.servoStudio\servoStudio.csproj]
C:\UserWorx\VSWorx\ServoStudio\wpfui-servoStudio\samples\Wpf.Ui.servoStudio\Services\DataFrameLogger.cs(41,27): warning CA2213: 鈥淒ataFrameLogger鈥濆寘鍚?IDisposable 绫诲瀷鈥淪treamWriter?鈥濈殑瀛楁鈥淿writer鈥濓紝浣嗕粠鏈繘琛岄噴鏀俱€傝鏇存敼鈥淒ataFrameLogger鈥濅笂鐨?Dispose 鏂规硶浠ュ姝ゅ瓧娈佃皟鐢?Close 鎴?Dispose銆?(https://learn.microsoft.com/dotnet/fundamentals/code-analysis/quality-rules/ca2213) [C:\UserWorx\VSWorx\ServoStudio\wpfui-servoStudio\samples\Wpf.Ui.servoStudio\servoStudio.csproj]
C:\UserWorx\VSWorx\ServoStudio\wpfui-servoStudio\samples\Wpf.Ui.servoStudio\ViewModels\DeviceSet\BusDiagnosticsViewModel.cs(660,9): warning IDE0011: 鍚?鈥渋f鈥?璇彞娣诲姞澶ф嫭鍙枫€?(https://learn.microsoft.com/dotnet/fundamentals/code-analysis/style-rules/ide0011) [C:\UserWorx\VSWorx\ServoStudio\wpfui-servoStudio\samples\Wpf.Ui.servoStudio\servoStudio.csproj]
C:\UserWorx\VSWorx\ServoStudio\wpfui-servoStudio\samples\Wpf.Ui.servoStudio\ViewModels\DeviceSet\BusDiagnosticsViewModel.cs(664,13): warning IDE0011: 鍚?鈥渋f鈥?璇彞娣诲姞澶ф嫭鍙枫€?(https://learn.microsoft.com/dotnet/fundamentals/code-analysis/style-rules/ide0011) [C:\UserWorx\VSWorx\ServoStudio\wpfui-servoStudio\samples\Wpf.Ui.servoStudio\servoStudio.csproj]
C:\UserWorx\VSWorx\ServoStudio\wpfui-servoStudio\samples\Wpf.Ui.servoStudio\ViewModels\DeviceSet\BusDiagnosticsViewModel.cs(665,13): warning IDE0011: 鍚?鈥渋f鈥?璇彞娣诲姞澶ф嫭鍙枫€?(https://learn.microsoft.com/dotnet/fundamentals/code-analysis/style-rules/ide0011) [C:\UserWorx\VSWorx\ServoStudio\wpfui-servoStudio\samples\Wpf.Ui.servoStudio\servoStudio.csproj]
C:\UserWorx\VSWorx\ServoStudio\wpfui-servoStudio\samples\Wpf.Ui.servoStudio\ViewModels\Motion\MotionTypeViewModel.cs(1707,9): warning IDE0011: 鍚?鈥渋f鈥?璇彞娣诲姞澶ф嫭鍙枫€?(https://learn.microsoft.com/dotnet/fundamentals/code-analysis/style-rules/ide0011) [C:\UserWorx\VSWorx\ServoStudio\wpfui-servoStudio\samples\Wpf.Ui.servoStudio\servoStudio.csproj]
C:\UserWorx\VSWorx\ServoStudio\wpfui-servoStudio\samples\Wpf.Ui.servoStudio\ViewModels\Motion\MotionTypeViewModel.cs(1708,9): warning IDE0011: 鍚?鈥渋f鈥?璇彞娣诲姞澶ф嫭鍙枫€?(https://learn.microsoft.com/dotnet/fundamentals/code-analysis/style-rules/ide0011) [C:\UserWorx\VSWorx\ServoStudio\wpfui-servoStudio\samples\Wpf.Ui.servoStudio\servoStudio.csproj]
C:\UserWorx\VSWorx\ServoStudio\wpfui-servoStudio\samples\Wpf.Ui.servoStudio\ViewModels\Motion\MotionTypeViewModel.cs(1709,9): warning IDE0011: 鍚?鈥渋f鈥?璇彞娣诲姞澶ф嫭鍙枫€?(https://learn.microsoft.com/dotnet/fundamentals/code-analysis/style-rules/ide0011) [C:\UserWorx\VSWorx\ServoStudio\wpfui-servoStudio\samples\Wpf.Ui.servoStudio\servoStudio.csproj]
C:\UserWorx\VSWorx\ServoStudio\wpfui-servoStudio\samples\Wpf.Ui.servoStudio\ViewModels\Motion\MotionTypeViewModel.cs(1710,9): warning IDE0011: 鍚?鈥渋f鈥?璇彞娣诲姞澶ф嫭鍙枫€?(https://learn.microsoft.com/dotnet/fundamentals/code-analysis/style-rules/ide0011) [C:\UserWorx\VSWorx\ServoStudio\wpfui-servoStudio\samples\Wpf.Ui.servoStudio\servoStudio.csproj]
C:\UserWorx\VSWorx\ServoStudio\wpfui-servoStudio\samples\Wpf.Ui.servoStudio\ViewModels\Motion\MotionTypeViewModel.cs(1711,9): warning IDE0011: 鍚?鈥渋f鈥?璇彞娣诲姞澶ф嫭鍙枫€?(https://learn.microsoft.com/dotnet/fundamentals/code-analysis/style-rules/ide0011) [C:\UserWorx\VSWorx\ServoStudio\wpfui-servoStudio\samples\Wpf.Ui.servoStudio\servoStudio.csproj]
C:\UserWorx\VSWorx\ServoStudio\wpfui-servoStudio\samples\Wpf.Ui.servoStudio\ViewModels\Motion\MotionTypeViewModel.cs(1712,9): warning IDE0011: 鍚?鈥渋f鈥?璇彞娣诲姞澶ф嫭鍙枫€?(https://learn.microsoft.com/dotnet/fundamentals/code-analysis/style-rules/ide0011) [C:\UserWorx\VSWorx\ServoStudio\wpfui-servoStudio\samples\Wpf.Ui.servoStudio\servoStudio.csproj]
C:\UserWorx\VSWorx\ServoStudio\wpfui-servoStudio\samples\Wpf.Ui.servoStudio\ViewModels\DeviceSet\BusDiagnosticsViewModel.cs(664,24): warning IDE0058: 姘歌繙涓嶄細浣跨敤琛ㄨ揪寮忓€?(https://learn.microsoft.com/dotnet/fundamentals/code-analysis/style-rules/ide0058) [C:\UserWorx\VSWorx\ServoStudio\wpfui-servoStudio\samples\Wpf.Ui.servoStudio\servoStudio.csproj]
C:\UserWorx\VSWorx\ServoStudio\wpfui-servoStudio\samples\Wpf.Ui.servoStudio\ViewModels\DeviceSet\BusDiagnosticsViewModel.cs(666,17): warning IDE0058: 姘歌繙涓嶄細浣跨敤琛ㄨ揪寮忓€?(https://learn.microsoft.com/dotnet/fundamentals/code-analysis/style-rules/ide0058) [C:\UserWorx\VSWorx\ServoStudio\wpfui-servoStudio\samples\Wpf.Ui.servoStudio\servoStudio.csproj]
C:\UserWorx\VSWorx\ServoStudio\wpfui-servoStudio\samples\Wpf.Ui.servoStudio\ViewModels\DeviceSet\BusDiagnosticsViewModel.cs(673,9): warning IDE0008: 鐢ㄦ樉寮忕被鍨嬩唬鏇?"var" (https://learn.microsoft.com/dotnet/fundamentals/code-analysis/style-rules/ide0008) [C:\UserWorx\VSWorx\ServoStudio\wpfui-servoStudio\samples\Wpf.Ui.servoStudio\servoStudio.csproj]
C:\UserWorx\VSWorx\ServoStudio\wpfui-servoStudio\samples\Wpf.Ui.servoStudio\ViewModels\DeviceSet\BusDiagnosticsViewModel.cs(674,9): warning IDE0008: 鐢ㄦ樉寮忕被鍨嬩唬鏇?"var" (https://learn.microsoft.com/dotnet/fundamentals/code-analysis/style-rules/ide0008) [C:\UserWorx\VSWorx\ServoStudio\wpfui-servoStudio\samples\Wpf.Ui.servoStudio\servoStudio.csproj]
C:\UserWorx\VSWorx\ServoStudio\wpfui-servoStudio\samples\Wpf.Ui.servoStudio\ViewModels\DeviceSet\BusDiagnosticsViewModel.cs(683,13): warning IDE0008: 鐢ㄦ樉寮忕被鍨嬩唬鏇?"var" (https://learn.microsoft.com/dotnet/fundamentals/code-analysis/style-rules/ide0008) [C:\UserWorx\VSWorx\ServoStudio\wpfui-servoStudio\samples\Wpf.Ui.servoStudio\servoStudio.csproj]
C:\UserWorx\VSWorx\ServoStudio\wpfui-servoStudio\samples\Wpf.Ui.servoStudio\ViewModels\DeviceSet\DeviceAddViewModel.cs(2319,9): warning IDE0011: 鍚?鈥渋f鈥?璇彞娣诲姞澶ф嫭鍙枫€?(https://learn.microsoft.com/dotnet/fundamentals/code-analysis/style-rules/ide0011) [C:\UserWorx\VSWorx\ServoStudio\wpfui-servoStudio\samples\Wpf.Ui.servoStudio\servoStudio.csproj]
C:\UserWorx\VSWorx\ServoStudio\wpfui-servoStudio\samples\Wpf.Ui.servoStudio\ViewModels\DeviceSet\DeviceAddViewModel.cs(2354,13): warning IDE0011: 鍚?鈥渋f鈥?璇彞娣诲姞澶ф嫭鍙枫€?(https://learn.microsoft.com/dotnet/fundamentals/code-analysis/style-rules/ide0011) [C:\UserWorx\VSWorx\ServoStudio\wpfui-servoStudio\samples\Wpf.Ui.servoStudio\servoStudio.csproj]
C:\UserWorx\VSWorx\ServoStudio\wpfui-servoStudio\samples\Wpf.Ui.servoStudio\ViewModels\DeviceSet\BusDiagnosticsViewModel.cs(739,9): warning IDE0011: 鍚?鈥渋f鈥?璇彞娣诲姞澶ф嫭鍙枫€?(https://learn.microsoft.com/dotnet/fundamentals/code-analysis/style-rules/ide0011) [C:\UserWorx\VSWorx\ServoStudio\wpfui-servoStudio\samples\Wpf.Ui.servoStudio\servoStudio.csproj]
C:\UserWorx\VSWorx\ServoStudio\wpfui-servoStudio\samples\Wpf.Ui.servoStudio\ViewModels\DeviceSet\BusDiagnosticsViewModel.cs(741,9): warning IDE0011: 鍚?鈥渋f鈥?璇彞娣诲姞澶ф嫭鍙枫€?(https://learn.microsoft.com/dotnet/fundamentals/code-analysis/style-rules/ide0011) [C:\UserWorx\VSWorx\ServoStudio\wpfui-servoStudio\samples\Wpf.Ui.servoStudio\servoStudio.csproj]
C:\UserWorx\VSWorx\ServoStudio\wpfui-servoStudio\samples\Wpf.Ui.servoStudio\ViewModels\DeviceSet\BusDiagnosticsViewModel.cs(746,9): warning IDE0011: 鍚?鈥渋f鈥?璇彞娣诲姞澶ф嫭鍙枫€?(https://learn.microsoft.com/dotnet/fundamentals/code-analysis/style-rules/ide0011) [C:\UserWorx\VSWorx\ServoStudio\wpfui-servoStudio\samples\Wpf.Ui.servoStudio\servoStudio.csproj]
C:\UserWorx\VSWorx\ServoStudio\wpfui-servoStudio\samples\Wpf.Ui.servoStudio\ViewModels\DeviceSet\BusDiagnosticsViewModel.cs(749,9): warning IDE0011: 鍚?鈥渋f鈥?璇彞娣诲姞澶ф嫭鍙枫€?(https://learn.microsoft.com/dotnet/fundamentals/code-analysis/style-rules/ide0011) [C:\UserWorx\VSWorx\ServoStudio\wpfui-servoStudio\samples\Wpf.Ui.servoStudio\servoStudio.csproj]
C:\UserWorx\VSWorx\ServoStudio\wpfui-servoStudio\samples\Wpf.Ui.servoStudio\ViewModels\DeviceSet\BusDiagnosticsViewModel.cs(762,9): warning IDE0011: 鍚?鈥渋f鈥?璇彞娣诲姞澶ф嫭鍙枫€?(https://learn.microsoft.com/dotnet/fundamentals/code-analysis/style-rules/ide0011) [C:\UserWorx\VSWorx\ServoStudio\wpfui-servoStudio\samples\Wpf.Ui.servoStudio\servoStudio.csproj]
C:\UserWorx\VSWorx\ServoStudio\wpfui-servoStudio\samples\Wpf.Ui.servoStudio\ViewModels\DeviceSet\BusDiagnosticsViewModel.cs(768,9): warning IDE0011: 鍚?鈥渋f鈥?璇彞娣诲姞澶ф嫭鍙枫€?(https://learn.microsoft.com/dotnet/fundamentals/code-analysis/style-rules/ide0011) [C:\UserWorx\VSWorx\ServoStudio\wpfui-servoStudio\samples\Wpf.Ui.servoStudio\servoStudio.csproj]
C:\UserWorx\VSWorx\ServoStudio\wpfui-servoStudio\samples\Wpf.Ui.servoStudio\ViewModels\DeviceSet\BusDiagnosticsViewModel.cs(736,9): warning IDE0008: 鐢ㄦ樉寮忕被鍨嬩唬鏇?"var" (https://learn.microsoft.com/dotnet/fundamentals/code-analysis/style-rules/ide0008) [C:\UserWorx\VSWorx\ServoStudio\wpfui-servoStudio\samples\Wpf.Ui.servoStudio\servoStudio.csproj]
C:\UserWorx\VSWorx\ServoStudio\wpfui-servoStudio\samples\Wpf.Ui.servoStudio\ViewModels\DeviceSet\BusDiagnosticsViewModel.cs(737,9): warning IDE0008: 鐢ㄦ樉寮忕被鍨嬩唬鏇?"var" (https://learn.microsoft.com/dotnet/fundamentals/code-analysis/style-rules/ide0008) [C:\UserWorx\VSWorx\ServoStudio\wpfui-servoStudio\samples\Wpf.Ui.servoStudio\servoStudio.csproj]
C:\UserWorx\VSWorx\ServoStudio\wpfui-servoStudio\samples\Wpf.Ui.servoStudio\ViewModels\DeviceSet\BusDiagnosticsViewModel.cs(745,9): warning IDE0008: 鐢ㄦ樉寮忕被鍨嬩唬鏇?"var" (https://learn.microsoft.com/dotnet/fundamentals/code-analysis/style-rules/ide0008) [C:\UserWorx\VSWorx\ServoStudio\wpfui-servoStudio\samples\Wpf.Ui.servoStudio\servoStudio.csproj]
C:\UserWorx\VSWorx\ServoStudio\wpfui-servoStudio\samples\Wpf.Ui.servoStudio\ViewModels\DeviceSet\DeviceAddViewModel.cs(2444,21): warning CA1063: 淇敼鈥淒eviceAddViewModel.Dispose鈥濓紝浣垮叾璋冪敤 Dispose(true)锛屽啀瀵瑰綋鍓嶅璞″疄渚嬭皟鐢?GC.SuppressFinalize (Visual Basic 涓殑鈥滄椤光€濇垨鈥滄垜鈥?锛岀劧鍚庤繑鍥?(https://learn.microsoft.com/dotnet/fundamentals/code-analysis/quality-rules/ca1063) [C:\UserWorx\VSWorx\ServoStudio\wpfui-servoStudio\samples\Wpf.Ui.servoStudio\servoStudio.csproj]
C:\UserWorx\VSWorx\ServoStudio\wpfui-servoStudio\samples\Wpf.Ui.servoStudio\ViewModels\DeviceSet\BusDiagnosticsViewModel.cs(831,9): warning IDE0011: 鍚?鈥渋f鈥?璇彞娣诲姞澶ф嫭鍙枫€?(https://learn.microsoft.com/dotnet/fundamentals/code-analysis/style-rules/ide0011) [C:\UserWorx\VSWorx\ServoStudio\wpfui-servoStudio\samples\Wpf.Ui.servoStudio\servoStudio.csproj]
C:\UserWorx\VSWorx\ServoStudio\wpfui-servoStudio\samples\Wpf.Ui.servoStudio\ViewModels\DeviceSet\BusDiagnosticsViewModel.cs(836,9): warning IDE0011: 鍚?鈥渋f鈥?璇彞娣诲姞澶ф嫭鍙枫€?(https://learn.microsoft.com/dotnet/fundamentals/code-analysis/style-rules/ide0011) [C:\UserWorx\VSWorx\ServoStudio\wpfui-servoStudio\samples\Wpf.Ui.servoStudio\servoStudio.csproj]
C:\UserWorx\VSWorx\ServoStudio\wpfui-servoStudio\samples\Wpf.Ui.servoStudio\ViewModels\DeviceSet\BusDiagnosticsViewModel.cs(838,9): warning IDE0011: 鍚?鈥渋f鈥?璇彞娣诲姞澶ф嫭鍙枫€?(https://learn.microsoft.com/dotnet/fundamentals/code-analysis/style-rules/ide0011) [C:\UserWorx\VSWorx\ServoStudio\wpfui-servoStudio\samples\Wpf.Ui.servoStudio\servoStudio.csproj]
C:\UserWorx\VSWorx\ServoStudio\wpfui-servoStudio\samples\Wpf.Ui.servoStudio\ViewModels\DeviceSet\BusDiagnosticsViewModel.cs(839,9): warning IDE0011: 鍚?鈥渋f鈥?璇彞娣诲姞澶ф嫭鍙枫€?(https://learn.microsoft.com/dotnet/fundamentals/code-analysis/style-rules/ide0011) [C:\UserWorx\VSWorx\ServoStudio\wpfui-servoStudio\samples\Wpf.Ui.servoStudio\servoStudio.csproj]
C:\UserWorx\VSWorx\ServoStudio\wpfui-servoStudio\samples\Wpf.Ui.servoStudio\ViewModels\DeviceSet\BusDiagnosticsViewModel.cs(861,21): warning IDE0011: 鍚?鈥渋f鈥?璇彞娣诲姞澶ф嫭鍙枫€?(https://learn.microsoft.com/dotnet/fundamentals/code-analysis/style-rules/ide0011) [C:\UserWorx\VSWorx\ServoStudio\wpfui-servoStudio\samples\Wpf.Ui.servoStudio\servoStudio.csproj]
C:\UserWorx\VSWorx\ServoStudio\wpfui-servoStudio\samples\Wpf.Ui.servoStudio\ViewModels\DeviceSet\BusDiagnosticsViewModel.cs(862,21): warning IDE0011: 鍚?鈥渋f鈥?璇彞娣诲姞澶ф嫭鍙枫€?(https://learn.microsoft.com/dotnet/fundamentals/code-analysis/style-rules/ide0011) [C:\UserWorx\VSWorx\ServoStudio\wpfui-servoStudio\samples\Wpf.Ui.servoStudio\servoStudio.csproj]
C:\UserWorx\VSWorx\ServoStudio\wpfui-servoStudio\samples\Wpf.Ui.servoStudio\ViewModels\DeviceSet\BusDiagnosticsViewModel.cs(897,13): warning IDE0011: 鍚?鈥渋f鈥?璇彞娣诲姞澶ф嫭鍙枫€?(https://learn.microsoft.com/dotnet/fundamentals/code-analysis/style-rules/ide0011) [C:\UserWorx\VSWorx\ServoStudio\wpfui-servoStudio\samples\Wpf.Ui.servoStudio\servoStudio.csproj]
C:\UserWorx\VSWorx\ServoStudio\wpfui-servoStudio\samples\Wpf.Ui.servoStudio\ViewModels\DeviceSet\BusDiagnosticsViewModel.cs(898,13): warning IDE0011: 鍚?鈥渋f鈥?璇彞娣诲姞澶ф嫭鍙枫€?(https://learn.microsoft.com/dotnet/fundamentals/code-analysis/style-rules/ide0011) [C:\UserWorx\VSWorx\ServoStudio\wpfui-servoStudio\samples\Wpf.Ui.servoStudio\servoStudio.csproj]
C:\UserWorx\VSWorx\ServoStudio\wpfui-servoStudio\samples\Wpf.Ui.servoStudio\ViewModels\DeviceSet\BusDiagnosticsViewModel.cs(956,9): warning IDE0011: 鍚?鈥渋f鈥?璇彞娣诲姞澶ф嫭鍙枫€?(https://learn.microsoft.com/dotnet/fundamentals/code-analysis/style-rules/ide0011) [C:\UserWorx\VSWorx\ServoStudio\wpfui-servoStudio\samples\Wpf.Ui.servoStudio\servoStudio.csproj]
C:\UserWorx\VSWorx\ServoStudio\wpfui-servoStudio\samples\Wpf.Ui.servoStudio\ViewModels\DeviceSet\BusDiagnosticsViewModel.cs(584,9): warning IDE0058: 姘歌繙涓嶄細浣跨敤琛ㄨ揪寮忓€?(https://learn.microsoft.com/dotnet/fundamentals/code-analysis/style-rules/ide0058) [C:\UserWorx\VSWorx\ServoStudio\wpfui-servoStudio\samples\Wpf.Ui.servoStudio\servoStudio.csproj]
C:\UserWorx\VSWorx\ServoStudio\wpfui-servoStudio\samples\Wpf.Ui.servoStudio\ViewModels\DeviceSet\BusDiagnosticsViewModel.cs(696,21): warning IDE0058: 姘歌繙涓嶄細浣跨敤琛ㄨ揪寮忓€?(https://learn.microsoft.com/dotnet/fundamentals/code-analysis/style-rules/ide0058) [C:\UserWorx\VSWorx\ServoStudio\wpfui-servoStudio\samples\Wpf.Ui.servoStudio\servoStudio.csproj]
C:\UserWorx\VSWorx\ServoStudio\wpfui-servoStudio\samples\Wpf.Ui.servoStudio\ViewModels\DeviceSet\BusDiagnosticsViewModel.cs(707,17): warning IDE0058: 姘歌繙涓嶄細浣跨敤琛ㄨ揪寮忓€?(https://learn.microsoft.com/dotnet/fundamentals/code-analysis/style-rules/ide0058) [C:\UserWorx\VSWorx\ServoStudio\wpfui-servoStudio\samples\Wpf.Ui.servoStudio\servoStudio.csproj]
C:\UserWorx\VSWorx\ServoStudio\wpfui-servoStudio\samples\Wpf.Ui.servoStudio\ViewModels\DeviceSet\BusDiagnosticsViewModel.cs(708,17): warning IDE0058: 姘歌繙涓嶄細浣跨敤琛ㄨ揪寮忓€?(https://learn.microsoft.com/dotnet/fundamentals/code-analysis/style-rules/ide0058) [C:\UserWorx\VSWorx\ServoStudio\wpfui-servoStudio\samples\Wpf.Ui.servoStudio\servoStudio.csproj]
C:\UserWorx\VSWorx\ServoStudio\wpfui-servoStudio\samples\Wpf.Ui.servoStudio\ViewModels\DeviceSet\BusDiagnosticsViewModel.cs(709,17): warning IDE0058: 姘歌繙涓嶄細浣跨敤琛ㄨ揪寮忓€?(https://learn.microsoft.com/dotnet/fundamentals/code-analysis/style-rules/ide0058) [C:\UserWorx\VSWorx\ServoStudio\wpfui-servoStudio\samples\Wpf.Ui.servoStudio\servoStudio.csproj]
C:\UserWorx\VSWorx\ServoStudio\wpfui-servoStudio\samples\Wpf.Ui.servoStudio\ViewModels\DeviceSet\BusDiagnosticsViewModel.cs(710,17): warning IDE0058: 姘歌繙涓嶄細浣跨敤琛ㄨ揪寮忓€?(https://learn.microsoft.com/dotnet/fundamentals/code-analysis/style-rules/ide0058) [C:\UserWorx\VSWorx\ServoStudio\wpfui-servoStudio\samples\Wpf.Ui.servoStudio\servoStudio.csproj]
C:\UserWorx\VSWorx\ServoStudio\wpfui-servoStudio\samples\Wpf.Ui.servoStudio\ViewModels\DeviceSet\BusDiagnosticsViewModel.cs(711,17): warning IDE0058: 姘歌繙涓嶄細浣跨敤琛ㄨ揪寮忓€?(https://learn.microsoft.com/dotnet/fundamentals/code-analysis/style-rules/ide0058) [C:\UserWorx\VSWorx\ServoStudio\wpfui-servoStudio\samples\Wpf.Ui.servoStudio\servoStudio.csproj]
C:\UserWorx\VSWorx\ServoStudio\wpfui-servoStudio\samples\Wpf.Ui.servoStudio\ViewModels\DeviceSet\BusDiagnosticsViewModel.cs(712,17): warning IDE0058: 姘歌繙涓嶄細浣跨敤琛ㄨ揪寮忓€?(https://learn.microsoft.com/dotnet/fundamentals/code-analysis/style-rules/ide0058) [C:\UserWorx\VSWorx\ServoStudio\wpfui-servoStudio\samples\Wpf.Ui.servoStudio\servoStudio.csproj]
C:\UserWorx\VSWorx\ServoStudio\wpfui-servoStudio\samples\Wpf.Ui.servoStudio\ViewModels\DeviceSet\BusDiagnosticsViewModel.cs(713,17): warning IDE0058: 姘歌繙涓嶄細浣跨敤琛ㄨ揪寮忓€?(https://learn.microsoft.com/dotnet/fundamentals/code-analysis/style-rules/ide0058) [C:\UserWorx\VSWorx\ServoStudio\wpfui-servoStudio\samples\Wpf.Ui.servoStudio\servoStudio.csproj]
C:\UserWorx\VSWorx\ServoStudio\wpfui-servoStudio\samples\Wpf.Ui.servoStudio\ViewModels\DeviceSet\BusDiagnosticsViewModel.cs(714,17): warning IDE0058: 姘歌繙涓嶄細浣跨敤琛ㄨ揪寮忓€?(https://learn.microsoft.com/dotnet/fundamentals/code-analysis/style-rules/ide0058) [C:\UserWorx\VSWorx\ServoStudio\wpfui-servoStudio\samples\Wpf.Ui.servoStudio\servoStudio.csproj]
C:\UserWorx\VSWorx\ServoStudio\wpfui-servoStudio\samples\Wpf.Ui.servoStudio\ViewModels\DeviceSet\BusDiagnosticsViewModel.cs(720,13): warning IDE0058: 姘歌繙涓嶄細浣跨敤琛ㄨ揪寮忓€?(https://learn.microsoft.com/dotnet/fundamentals/code-analysis/style-rules/ide0058) [C:\UserWorx\VSWorx\ServoStudio\wpfui-servoStudio\samples\Wpf.Ui.servoStudio\servoStudio.csproj]
C:\UserWorx\VSWorx\ServoStudio\wpfui-servoStudio\samples\Wpf.Ui.servoStudio\ViewModels\DeviceSet\DeviceAddViewModel.cs(947,33): warning IDE0058: 姘歌繙涓嶄細浣跨敤琛ㄨ揪寮忓€?(https://learn.microsoft.com/dotnet/fundamentals/code-analysis/style-rules/ide0058) [C:\UserWorx\VSWorx\ServoStudio\wpfui-servoStudio\samples\Wpf.Ui.servoStudio\servoStudio.csproj]
C:\UserWorx\VSWorx\ServoStudio\wpfui-servoStudio\samples\Wpf.Ui.servoStudio\ViewModels\DeviceSet\DeviceAddViewModel.cs(46,43): warning IDE0044: 灏嗗瓧娈佃缃负鍙 (https://learn.microsoft.com/dotnet/fundamentals/code-analysis/style-rules/ide0044) [C:\UserWorx\VSWorx\ServoStudio\wpfui-servoStudio\samples\Wpf.Ui.servoStudio\servoStudio.csproj]
  servoStudio -> C:\UserWorx\VSWorx\ServoStudio\wpfui-servoStudio\samples\Wpf.Ui.servoStudio\bin\Debug\net9.0-windows10.0.26100.0\servoStudio.dll
  

宸叉垚鍔熺敓鎴愩€?

C:\UserWorx\VSWorx\ServoStudio\wpfui-servoStudio\samples\Wpf.Ui.servoStudio\Models\ControlModeParameters.cs(106,47): warning CS0108: 鈥淐ontrolModeParameters.PropertyChanged鈥濋殣钘忕户鎵跨殑鎴愬憳鈥淥bservableObject.PropertyChanged鈥濄€傚鏋滄槸鏈夋剰闅愯棌锛岃浣跨敤鍏抽敭瀛?new銆?[C:\UserWorx\VSWorx\ServoStudio\wpfui-servoStudio\samples\Wpf.Ui.servoStudio\servoStudio_wjhet5xd_wpftmp.csproj]
C:\UserWorx\VSWorx\ServoStudio\wpfui-servoStudio\samples\Wpf.Ui.servoStudio\Models\FactoryParameters.cs(134,47): warning CS0108: 鈥淔actoryParameters.PropertyChanged鈥濋殣钘忕户鎵跨殑鎴愬憳鈥淥bservableObject.PropertyChanged鈥濄€傚鏋滄槸鏈夋剰闅愯棌锛岃浣跨敤鍏抽敭瀛?new銆?[C:\UserWorx\VSWorx\ServoStudio\wpfui-servoStudio\samples\Wpf.Ui.servoStudio\servoStudio_wjhet5xd_wpftmp.csproj]
C:\UserWorx\VSWorx\ServoStudio\wpfui-servoStudio\samples\Wpf.Ui.servoStudio\Models\Utils.cs(18,30): warning CS8622: 鈥渧oid TrulyObservableCollection<T>.TrulyObservableCollection_CollectionChanged(object sender, NotifyCollectionChangedEventArgs e)鈥濈殑鍙傛暟鈥渟ender鈥濈被鍨嬩腑寮曠敤绫诲瀷鐨勪负 Null 鎬т笌鐩爣濮旀墭鈥淣otifyCollectionChangedEventHandler鈥濅笉鍖归厤(鍙兘鏄敱浜庝负 Null 鎬х壒鎬?銆?[C:\UserWorx\VSWorx\ServoStudio\wpfui-servoStudio\samples\Wpf.Ui.servoStudio\servoStudio_wjhet5xd_wpftmp.csproj]
C:\UserWorx\VSWorx\ServoStudio\wpfui-servoStudio\samples\Wpf.Ui.servoStudio\Models\Utils.cs(27,18): warning CS8602: 瑙ｅ紩鐢ㄥ彲鑳藉嚭鐜扮┖寮曠敤銆?[C:\UserWorx\VSWorx\ServoStudio\wpfui-servoStudio\samples\Wpf.Ui.servoStudio\servoStudio_wjhet5xd_wpftmp.csproj]
C:\UserWorx\VSWorx\ServoStudio\wpfui-servoStudio\samples\Wpf.Ui.servoStudio\Models\Utils.cs(27,69): warning CS8622: 鈥渧oid TrulyObservableCollection<T>.item_PropertyChanged(object sender, PropertyChangedEventArgs e)鈥濈殑鍙傛暟鈥渟ender鈥濈被鍨嬩腑寮曠敤绫诲瀷鐨勪负 Null 鎬т笌鐩爣濮旀墭鈥淧ropertyChangedEventHandler鈥濅笉鍖归厤(鍙兘鏄敱浜庝负 Null 鎬х壒鎬?銆?[C:\UserWorx\VSWorx\ServoStudio\wpfui-servoStudio\samples\Wpf.Ui.servoStudio\servoStudio_wjhet5xd_wpftmp.csproj]
C:\UserWorx\VSWorx\ServoStudio\wpfui-servoStudio\samples\Wpf.Ui.servoStudio\Models\Utils.cs(35,18): warning CS8602: 瑙ｅ紩鐢ㄥ彲鑳藉嚭鐜扮┖寮曠敤銆?[C:\UserWorx\VSWorx\ServoStudio\wpfui-servoStudio\samples\Wpf.Ui.servoStudio\servoStudio_wjhet5xd_wpftmp.csproj]
C:\UserWorx\VSWorx\ServoStudio\wpfui-servoStudio\samples\Wpf.Ui.servoStudio\Models\Utils.cs(35,69): warning CS8622: 鈥渧oid TrulyObservableCollection<T>.item_PropertyChanged(object sender, PropertyChangedEventArgs e)鈥濈殑鍙傛暟鈥渟ender鈥濈被鍨嬩腑寮曠敤绫诲瀷鐨勪负 Null 鎬т笌鐩爣濮旀墭鈥淧ropertyChangedEventHandler鈥濅笉鍖归厤(鍙兘鏄敱浜庝负 Null 鎬х壒鎬?銆?[C:\UserWorx\VSWorx\ServoStudio\wpfui-servoStudio\samples\Wpf.Ui.servoStudio\servoStudio_wjhet5xd_wpftmp.csproj]
C:\UserWorx\VSWorx\ServoStudio\wpfui-servoStudio\samples\Wpf.Ui.servoStudio\Models\SerialPorts.cs(76,19): warning CS8618: 鍦ㄩ€€鍑烘瀯閫犲嚱鏁版椂锛屼笉鍙负 null 鐨?瀛楁 "headReceiveData" 蹇呴』鍖呭惈闈?null 鍊笺€傝鑰冭檻娣诲姞 "required" 淇グ绗︽垨灏嗚 瀛楁 澹版槑涓哄彲涓?null銆?[C:\UserWorx\VSWorx\ServoStudio\wpfui-servoStudio\samples\Wpf.Ui.servoStudio\servoStudio_wjhet5xd_wpftmp.csproj]
C:\UserWorx\VSWorx\ServoStudio\wpfui-servoStudio\samples\Wpf.Ui.servoStudio\Models\SerialPorts.cs(77,19): warning CS8618: 鍦ㄩ€€鍑烘瀯閫犲嚱鏁版椂锛屼笉鍙负 null 鐨?瀛楁 "bufferReceiveData" 蹇呴』鍖呭惈闈?null 鍊笺€傝鑰冭檻娣诲姞 "required" 淇グ绗︽垨灏嗚 瀛楁 澹版槑涓哄彲涓?null銆?[C:\UserWorx\VSWorx\ServoStudio\wpfui-servoStudio\samples\Wpf.Ui.servoStudio\servoStudio_wjhet5xd_wpftmp.csproj]
C:\UserWorx\VSWorx\ServoStudio\wpfui-servoStudio\samples\Wpf.Ui.servoStudio\Models\SerialPorts.cs(70,20): warning CS8618: 鍦ㄩ€€鍑烘瀯閫犲嚱鏁版椂锛屼笉鍙负 null 鐨?瀛楁 "bufferTransmitData" 蹇呴』鍖呭惈闈?null 鍊笺€傝鑰冭檻娣诲姞 "required" 淇グ绗︽垨灏嗚 瀛楁 澹版槑涓哄彲涓?null銆?[C:\UserWorx\VSWorx\ServoStudio\wpfui-servoStudio\samples\Wpf.Ui.servoStudio\servoStudio_wjhet5xd_wpftmp.csproj]
C:\UserWorx\VSWorx\ServoStudio\wpfui-servoStudio\samples\Wpf.Ui.servoStudio\ViewModels\SerialPort\ComParameter.cs(21,47): warning CS8618: 鍦ㄩ€€鍑烘瀯閫犲嚱鏁版椂锛屼笉鍙负 null 鐨?瀛楁 "_portsCollection" 蹇呴』鍖呭惈闈?null 鍊笺€傝鑰冭檻娣诲姞 "required" 淇グ绗︽垨灏嗚 瀛楁 澹版槑涓哄彲涓?null銆?[C:\UserWorx\VSWorx\ServoStudio\wpfui-servoStudio\samples\Wpf.Ui.servoStudio\servoStudio_wjhet5xd_wpftmp.csproj]
C:\UserWorx\VSWorx\ServoStudio\wpfui-servoStudio\samples\Wpf.Ui.servoStudio\ViewModels\DeviceSet\StartViewModel.cs(26,34): warning CS8618: 鍦ㄩ€€鍑烘瀯閫犲嚱鏁版椂锛屼笉鍙负 null 鐨?瀛楁 "DialogResult" 蹇呴』鍖呭惈闈?null 鍊笺€傝鑰冭檻娣诲姞 "required" 淇グ绗︽垨灏嗚 瀛楁 澹版槑涓哄彲涓?null銆?[C:\UserWorx\VSWorx\ServoStudio\wpfui-servoStudio\samples\Wpf.Ui.servoStudio\servoStudio_wjhet5xd_wpftmp.csproj]
C:\UserWorx\VSWorx\ServoStudio\wpfui-servoStudio\samples\Wpf.Ui.servoStudio\ViewModels\DeviceSet\StartViewModel.cs(17,27): warning CS9113: 鍙傛暟鈥渃ontentDialogService鈥濇湭璇汇€?[C:\UserWorx\VSWorx\ServoStudio\wpfui-servoStudio\samples\Wpf.Ui.servoStudio\servoStudio_wjhet5xd_wpftmp.csproj]
C:\UserWorx\VSWorx\ServoStudio\wpfui-servoStudio\samples\Wpf.Ui.servoStudio\ViewModels\DeviceSet\DeviceAddViewModel.cs(47,20): warning CS8618: 鍦ㄩ€€鍑烘瀯閫犲嚱鏁版椂锛屼笉鍙负 null 鐨?瀛楁 "slaveState" 蹇呴』鍖呭惈闈?null 鍊笺€傝鑰冭檻娣诲姞 "required" 淇グ绗︽垨灏嗚 瀛楁 澹版槑涓哄彲涓?null銆?[C:\UserWorx\VSWorx\ServoStudio\wpfui-servoStudio\samples\Wpf.Ui.servoStudio\servoStudio_wjhet5xd_wpftmp.csproj]
C:\UserWorx\VSWorx\ServoStudio\wpfui-servoStudio\samples\Wpf.Ui.servoStudio\ViewModels\DeviceSet\DeviceAddViewModel.cs(48,22): warning CS8618: 鍦ㄩ€€鍑烘瀯閫犲嚱鏁版椂锛屼笉鍙负 null 鐨?瀛楁 "_portNamesOld" 蹇呴』鍖呭惈闈?null 鍊笺€傝鑰冭檻娣诲姞 "required" 淇グ绗︽垨灏嗚 瀛楁 澹版槑涓哄彲涓?null銆?[C:\UserWorx\VSWorx\ServoStudio\wpfui-servoStudio\samples\Wpf.Ui.servoStudio\servoStudio_wjhet5xd_wpftmp.csproj]
C:\UserWorx\VSWorx\ServoStudio\wpfui-servoStudio\samples\Wpf.Ui.servoStudio\ViewModels\DeviceSet\DeviceAddViewModel.cs(43,63): warning CS9113: 鍙傛暟鈥渃ontentDialogService鈥濇湭璇汇€?[C:\UserWorx\VSWorx\ServoStudio\wpfui-servoStudio\samples\Wpf.Ui.servoStudio\servoStudio_wjhet5xd_wpftmp.csproj]
C:\UserWorx\VSWorx\ServoStudio\wpfui-servoStudio\samples\Wpf.Ui.servoStudio\ViewModels\DeviceSet\DeviceAddViewModel.cs(43,104): warning CS9113: 鍙傛暟鈥渘avigationService鈥濇湭璇汇€?[C:\UserWorx\VSWorx\ServoStudio\wpfui-servoStudio\samples\Wpf.Ui.servoStudio\servoStudio_wjhet5xd_wpftmp.csproj]
C:\UserWorx\VSWorx\ServoStudio\wpfui-servoStudio\samples\Wpf.Ui.servoStudio\Models\ModbusRegister.cs(10,22): warning CS8618: 鍦ㄩ€€鍑烘瀯閫犲嚱鏁版椂锛屼笉鍙负 null 鐨?灞炴€?"H00" 蹇呴』鍖呭惈闈?null 鍊笺€傝鑰冭檻娣诲姞 "required" 淇グ绗︽垨灏嗚 灞炴€?澹版槑涓哄彲涓?null銆?[C:\UserWorx\VSWorx\ServoStudio\wpfui-servoStudio\samples\Wpf.Ui.servoStudio\servoStudio_wjhet5xd_wpftmp.csproj]
C:\UserWorx\VSWorx\ServoStudio\wpfui-servoStudio\samples\Wpf.Ui.servoStudio\Models\ModbusRegister.cs(11,22): warning CS8618: 鍦ㄩ€€鍑烘瀯閫犲嚱鏁版椂锛屼笉鍙负 null 鐨?灞炴€?"H01" 蹇呴』鍖呭惈闈?null 鍊笺€傝鑰冭檻娣诲姞 "required" 淇グ绗︽垨灏嗚 灞炴€?澹版槑涓哄彲涓?null銆?[C:\UserWorx\VSWorx\ServoStudio\wpfui-servoStudio\samples\Wpf.Ui.servoStudio\servoStudio_wjhet5xd_wpftmp.csproj]
C:\UserWorx\VSWorx\ServoStudio\wpfui-servoStudio\samples\Wpf.Ui.servoStudio\Models\ModbusRegister.cs(12,22): warning CS8618: 鍦ㄩ€€鍑烘瀯閫犲嚱鏁版椂锛屼笉鍙负 null 鐨?灞炴€?"H02" 蹇呴』鍖呭惈闈?null 鍊笺€傝鑰冭檻娣诲姞 "required" 淇グ绗︽垨灏嗚 灞炴€?澹版槑涓哄彲涓?null銆?[C:\UserWorx\VSWorx\ServoStudio\wpfui-servoStudio\samples\Wpf.Ui.servoStudio\servoStudio_wjhet5xd_wpftmp.csproj]
C:\UserWorx\VSWorx\ServoStudio\wpfui-servoStudio\samples\Wpf.Ui.servoStudio\Models\ModbusRegister.cs(13,22): warning CS8618: 鍦ㄩ€€鍑烘瀯閫犲嚱鏁版椂锛屼笉鍙负 null 鐨?灞炴€?"H03" 蹇呴』鍖呭惈闈?null 鍊笺€傝鑰冭檻娣诲姞 "required" 淇グ绗︽垨灏嗚 灞炴€?澹版槑涓哄彲涓?null銆?[C:\UserWorx\VSWorx\ServoStudio\wpfui-servoStudio\samples\Wpf.Ui.servoStudio\servoStudio_wjhet5xd_wpftmp.csproj]
C:\UserWorx\VSWorx\ServoStudio\wpfui-servoStudio\samples\Wpf.Ui.servoStudio\Models\ModbusRegister.cs(14,22): warning CS8618: 鍦ㄩ€€鍑烘瀯閫犲嚱鏁版椂锛屼笉鍙负 null 鐨?灞炴€?"H04" 蹇呴』鍖呭惈闈?null 鍊笺€傝鑰冭檻娣诲姞 "required" 淇グ绗︽垨灏嗚 灞炴€?澹版槑涓哄彲涓?null銆?[C:\UserWorx\VSWorx\ServoStudio\wpfui-servoStudio\samples\Wpf.Ui.servoStudio\servoStudio_wjhet5xd_wpftmp.csproj]
C:\UserWorx\VSWorx\ServoStudio\wpfui-servoStudio\samples\Wpf.Ui.servoStudio\Models\ModbusRegister.cs(15,22): warning CS8618: 鍦ㄩ€€鍑烘瀯閫犲嚱鏁版椂锛屼笉鍙负 null 鐨?灞炴€?"H05" 蹇呴』鍖呭惈闈?null 鍊笺€傝鑰冭檻娣诲姞 "required" 淇グ绗︽垨灏嗚 灞炴€?澹版槑涓哄彲涓?null銆?[C:\UserWorx\VSWorx\ServoStudio\wpfui-servoStudio\samples\Wpf.Ui.servoStudio\servoStudio_wjhet5xd_wpftmp.csproj]
C:\UserWorx\VSWorx\ServoStudio\wpfui-servoStudio\samples\Wpf.Ui.servoStudio\Models\ModbusRegister.cs(16,22): warning CS8618: 鍦ㄩ€€鍑烘瀯閫犲嚱鏁版椂锛屼笉鍙负 null 鐨?灞炴€?"H06" 蹇呴』鍖呭惈闈?null 鍊笺€傝鑰冭檻娣诲姞 "required" 淇グ绗︽垨灏嗚 灞炴€?澹版槑涓哄彲涓?null銆?[C:\UserWorx\VSWorx\ServoStudio\wpfui-servoStudio\samples\Wpf.Ui.servoStudio\servoStudio_wjhet5xd_wpftmp.csproj]
C:\UserWorx\VSWorx\ServoStudio\wpfui-servoStudio\samples\Wpf.Ui.servoStudio\Models\ModbusRegister.cs(17,22): warning CS8618: 鍦ㄩ€€鍑烘瀯閫犲嚱鏁版椂锛屼笉鍙负 null 鐨?灞炴€?"H07" 蹇呴』鍖呭惈闈?null 鍊笺€傝鑰冭檻娣诲姞 "required" 淇グ绗︽垨灏嗚 灞炴€?澹版槑涓哄彲涓?null銆?[C:\UserWorx\VSWorx\ServoStudio\wpfui-servoStudio\samples\Wpf.Ui.servoStudio\servoStudio_wjhet5xd_wpftmp.csproj]
C:\UserWorx\VSWorx\ServoStudio\wpfui-servoStudio\samples\Wpf.Ui.servoStudio\Models\ModbusRegister.cs(18,22): warning CS8618: 鍦ㄩ€€鍑烘瀯閫犲嚱鏁版椂锛屼笉鍙负 null 鐨?灞炴€?"H08" 蹇呴』鍖呭惈闈?null 鍊笺€傝鑰冭檻娣诲姞 "required" 淇グ绗︽垨灏嗚 灞炴€?澹版槑涓哄彲涓?null銆?[C:\UserWorx\VSWorx\ServoStudio\wpfui-servoStudio\samples\Wpf.Ui.servoStudio\servoStudio_wjhet5xd_wpftmp.csproj]
C:\UserWorx\VSWorx\ServoStudio\wpfui-servoStudio\samples\Wpf.Ui.servoStudio\Models\ModbusRegister.cs(19,22): warning CS8618: 鍦ㄩ€€鍑烘瀯閫犲嚱鏁版椂锛屼笉鍙负 null 鐨?灞炴€?"H09" 蹇呴』鍖呭惈闈?null 鍊笺€傝鑰冭檻娣诲姞 "required" 淇グ绗︽垨灏嗚 灞炴€?澹版槑涓哄彲涓?null銆?[C:\UserWorx\VSWorx\ServoStudio\wpfui-servoStudio\samples\Wpf.Ui.servoStudio\servoStudio_wjhet5xd_wpftmp.csproj]
C:\UserWorx\VSWorx\ServoStudio\wpfui-servoStudio\samples\Wpf.Ui.servoStudio\Models\ModbusRegister.cs(20,22): warning CS8618: 鍦ㄩ€€鍑烘瀯閫犲嚱鏁版椂锛屼笉鍙负 null 鐨?灞炴€?"H0A" 蹇呴』鍖呭惈闈?null 鍊笺€傝鑰冭檻娣诲姞 "required" 淇グ绗︽垨灏嗚 灞炴€?澹版槑涓哄彲涓?null銆?[C:\UserWorx\VSWorx\ServoStudio\wpfui-servoStudio\samples\Wpf.Ui.servoStudio\servoStudio_wjhet5xd_wpftmp.csproj]
C:\UserWorx\VSWorx\ServoStudio\wpfui-servoStudio\samples\Wpf.Ui.servoStudio\Models\ModbusRegister.cs(21,22): warning CS8618: 鍦ㄩ€€鍑烘瀯閫犲嚱鏁版椂锛屼笉鍙负 null 鐨?灞炴€?"H0B" 蹇呴』鍖呭惈闈?null 鍊笺€傝鑰冭檻娣诲姞 "required" 淇グ绗︽垨灏嗚 灞炴€?澹版槑涓哄彲涓?null銆?[C:\UserWorx\VSWorx\ServoStudio\wpfui-servoStudio\samples\Wpf.Ui.servoStudio\servoStudio_wjhet5xd_wpftmp.csproj]
C:\UserWorx\VSWorx\ServoStudio\wpfui-servoStudio\samples\Wpf.Ui.servoStudio\Models\ModbusRegister.cs(22,22): warning CS8618: 鍦ㄩ€€鍑烘瀯閫犲嚱鏁版椂锛屼笉鍙负 null 鐨?灞炴€?"H0C" 蹇呴』鍖呭惈闈?null 鍊笺€傝鑰冭檻娣诲姞 "required" 淇グ绗︽垨灏嗚 灞炴€?澹版槑涓哄彲涓?null銆?[C:\UserWorx\VSWorx\ServoStudio\wpfui-servoStudio\samples\Wpf.Ui.servoStudio\servoStudio_wjhet5xd_wpftmp.csproj]
C:\UserWorx\VSWorx\ServoStudio\wpfui-servoStudio\samples\Wpf.Ui.servoStudio\Models\ModbusRegister.cs(23,22): warning CS8618: 鍦ㄩ€€鍑烘瀯閫犲嚱鏁版椂锛屼笉鍙负 null 鐨?灞炴€?"H0D" 蹇呴』鍖呭惈闈?null 鍊笺€傝鑰冭檻娣诲姞 "required" 淇グ绗︽垨灏嗚 灞炴€?澹版槑涓哄彲涓?null銆?[C:\UserWorx\VSWorx\ServoStudio\wpfui-servoStudio\samples\Wpf.Ui.servoStudio\servoStudio_wjhet5xd_wpftmp.csproj]
C:\UserWorx\VSWorx\ServoStudio\wpfui-servoStudio\samples\Wpf.Ui.servoStudio\Models\FactoryParameters.cs(78,39): warning CS8604: 鈥渋nt int.Parse(string s)鈥濅腑鐨勫舰鍙傗€渟鈥濆彲鑳戒紶鍏?null 寮曠敤瀹炲弬銆?[C:\UserWorx\VSWorx\ServoStudio\wpfui-servoStudio\samples\Wpf.Ui.servoStudio\servoStudio_wjhet5xd_wpftmp.csproj]
C:\UserWorx\VSWorx\ServoStudio\wpfui-servoStudio\samples\Wpf.Ui.servoStudio\Models\FactoryParameters.cs(78,71): warning CS8604: 鈥渋nt int.Parse(string s)鈥濅腑鐨勫舰鍙傗€渟鈥濆彲鑳戒紶鍏?null 寮曠敤瀹炲弬銆?[C:\UserWorx\VSWorx\ServoStudio\wpfui-servoStudio\samples\Wpf.Ui.servoStudio\servoStudio_wjhet5xd_wpftmp.csproj]
C:\UserWorx\VSWorx\ServoStudio\wpfui-servoStudio\samples\Wpf.Ui.servoStudio\Models\ControlModeParameters.cs(63,39): warning CS8604: 鈥渋nt int.Parse(string s)鈥濅腑鐨勫舰鍙傗€渟鈥濆彲鑳戒紶鍏?null 寮曠敤瀹炲弬銆?[C:\UserWorx\VSWorx\ServoStudio\wpfui-servoStudio\samples\Wpf.Ui.servoStudio\servoStudio_wjhet5xd_wpftmp.csproj]
C:\UserWorx\VSWorx\ServoStudio\wpfui-servoStudio\samples\Wpf.Ui.servoStudio\Models\ControlModeParameters.cs(63,71): warning CS8604: 鈥渋nt int.Parse(string s)鈥濅腑鐨勫舰鍙傗€渟鈥濆彲鑳戒紶鍏?null 寮曠敤瀹炲弬銆?[C:\UserWorx\VSWorx\ServoStudio\wpfui-servoStudio\samples\Wpf.Ui.servoStudio\servoStudio_wjhet5xd_wpftmp.csproj]
C:\UserWorx\VSWorx\ServoStudio\wpfui-servoStudio\samples\Wpf.Ui.servoStudio\ViewModels\DeviceSet\DeviceAddViewModel.cs(2225,69): warning CS8622: 鈥渧oid DeviceAddViewModel.timerAutoSearch_Tick(object state)鈥濈殑鍙傛暟鈥渟tate鈥濈被鍨嬩腑寮曠敤绫诲瀷鐨勪负 Null 鎬т笌鐩爣濮旀墭鈥淭imerCallback鈥濅笉鍖归厤(鍙兘鏄敱浜庝负 Null 鎬х壒鎬?銆?[C:\UserWorx\VSWorx\ServoStudio\wpfui-servoStudio\samples\Wpf.Ui.servoStudio\servoStudio_wjhet5xd_wpftmp.csproj]
C:\UserWorx\VSWorx\ServoStudio\wpfui-servoStudio\samples\Wpf.Ui.servoStudio\ViewModels\DeviceSet\DeviceAddViewModel.cs(45,43): warning CS8618: 鍦ㄩ€€鍑烘瀯閫犲嚱鏁版椂锛屼笉鍙负 null 鐨?瀛楁 "portSearcher" 蹇呴』鍖呭惈闈?null 鍊笺€傝鑰冭檻娣诲姞 "required" 淇グ绗︽垨灏嗚 瀛楁 澹版槑涓哄彲涓?null銆?[C:\UserWorx\VSWorx\ServoStudio\wpfui-servoStudio\samples\Wpf.Ui.servoStudio\servoStudio_wjhet5xd_wpftmp.csproj]
C:\UserWorx\VSWorx\ServoStudio\wpfui-servoStudio\samples\Wpf.Ui.servoStudio\ViewModels\DeviceSet\DeviceAddViewModel.cs(46,43): warning CS8618: 鍦ㄩ€€鍑烘瀯閫犲嚱鏁版椂锛屼笉鍙负 null 鐨?瀛楁 "timer10ms" 蹇呴』鍖呭惈闈?null 鍊笺€傝鑰冭檻娣诲姞 "required" 淇グ绗︽垨灏嗚 瀛楁 澹版槑涓哄彲涓?null銆?[C:\UserWorx\VSWorx\ServoStudio\wpfui-servoStudio\samples\Wpf.Ui.servoStudio\servoStudio_wjhet5xd_wpftmp.csproj]
C:\UserWorx\VSWorx\ServoStudio\wpfui-servoStudio\samples\Wpf.Ui.servoStudio\ViewModels\DeviceSet\DeviceAddViewModel.cs(46,43): warning CS0649: 浠庢湭瀵瑰瓧娈碘€淒eviceAddViewModel.timer10ms鈥濊祴鍊硷紝瀛楁灏嗕竴鐩翠繚鎸佸叾榛樿鍊?null [C:\UserWorx\VSWorx\ServoStudio\wpfui-servoStudio\samples\Wpf.Ui.servoStudio\servoStudio_wjhet5xd_wpftmp.csproj]
C:\UserWorx\VSWorx\ServoStudio\wpfui-servoStudio\samples\Wpf.Ui.servoStudio\ViewModels\DeviceSet\StartViewModel.cs(26,34): warning CS0169: 浠庝笉浣跨敤瀛楁鈥淪tartViewModel.DialogResult鈥?[C:\UserWorx\VSWorx\ServoStudio\wpfui-servoStudio\samples\Wpf.Ui.servoStudio\servoStudio_wjhet5xd_wpftmp.csproj]
C:\UserWorx\VSWorx\ServoStudio\wpfui-servoStudio\samples\Wpf.Ui.servoStudio\ViewModels\MainWindowViewModel.cs(46,26): warning CS0414: 瀛楁鈥淢ainWindowViewModel.errorConst鈥濆凡琚祴鍊硷紝浣嗕粠鏈娇鐢ㄨ繃瀹冪殑鍊?[C:\UserWorx\VSWorx\ServoStudio\wpfui-servoStudio\samples\Wpf.Ui.servoStudio\servoStudio_wjhet5xd_wpftmp.csproj]
C:\UserWorx\VSWorx\ServoStudio\wpfui-servoStudio\samples\Wpf.Ui.servoStudio\ViewModels\SerialPort\ComParameter.cs(18,27): warning CS0414: 瀛楁鈥淐omParameter._isInitialized鈥濆凡琚祴鍊硷紝浣嗕粠鏈娇鐢ㄨ繃瀹冪殑鍊?[C:\UserWorx\VSWorx\ServoStudio\wpfui-servoStudio\samples\Wpf.Ui.servoStudio\servoStudio_wjhet5xd_wpftmp.csproj]
C:\UserWorx\VSWorx\ServoStudio\wpfui-servoStudio\samples\Wpf.Ui.servoStudio\Core\Sync\CyclicTimerFactory.cs(12,22): warning CS1574: XML 娉ㄩ噴涓湁鏈兘瑙ｆ瀽鐨?cref 鐗规€р€淒ispose鈥?[C:\UserWorx\VSWorx\ServoStudio\wpfui-servoStudio\samples\Wpf.Ui.servoStudio\servoStudio_wjhet5xd_wpftmp.csproj]
C:\UserWorx\VSWorx\ServoStudio\wpfui-servoStudio\samples\Wpf.Ui.servoStudio\Helpers\SoemFoEInterop.cs(221,22): warning CS1572: XML 娉ㄩ噴涓湁鈥渙nProgress鈥濈殑 param 鏍囪锛屼絾鏄病鏈夎鍚嶇О鐨勫弬鏁?[C:\UserWorx\VSWorx\ServoStudio\wpfui-servoStudio\samples\Wpf.Ui.servoStudio\servoStudio_wjhet5xd_wpftmp.csproj]
C:\UserWorx\VSWorx\ServoStudio\wpfui-servoStudio\samples\Wpf.Ui.servoStudio\Helpers\SoemFoEInterop.cs(230,25): warning CS1573: 鍙傛暟鈥渙nLog鈥濆湪鈥淪oemFoEInterop.ExecuteFoEWrite(string, int, string, byte[], uint, int, Action<string>?)鈥濈殑 XML 娉ㄩ噴涓病鏈夊尮閰嶇殑 param 鏍囪(浣嗗叾浠栧弬鏁版湁) [C:\UserWorx\VSWorx\ServoStudio\wpfui-servoStudio\samples\Wpf.Ui.servoStudio\servoStudio_wjhet5xd_wpftmp.csproj]
C:\UserWorx\VSWorx\ServoStudio\wpfui-servoStudio\samples\Wpf.Ui.servoStudio\Services\CanNativeResolver.cs(17,16): warning CS1574: XML 娉ㄩ噴涓湁鏈兘瑙ｆ瀽鐨?cref 鐗规€р€淐ontrolCanBus鈥?[C:\UserWorx\VSWorx\ServoStudio\wpfui-servoStudio\samples\Wpf.Ui.servoStudio\servoStudio_wjhet5xd_wpftmp.csproj]
C:\UserWorx\VSWorx\ServoStudio\wpfui-servoStudio\samples\Wpf.Ui.servoStudio\Services\FirmwareRepositoryService.cs(339,16): warning CS1573: 鍙傛暟鈥渟ourceFilePath鈥濆湪鈥淔irmwareRepositoryService.UploadAsync(string, string, string, string, string, string, string, bool, bool)鈥濈殑 XML 娉ㄩ噴涓病鏈夊尮閰嶇殑 param 鏍囪(浣嗗叾浠栧弬鏁版湁) [C:\UserWorx\VSWorx\ServoStudio\wpfui-servoStudio\samples\Wpf.Ui.servoStudio\servoStudio_wjhet5xd_wpftmp.csproj]
C:\UserWorx\VSWorx\ServoStudio\wpfui-servoStudio\samples\Wpf.Ui.servoStudio\Services\FirmwareRepositoryService.cs(340,16): warning CS1573: 鍙傛暟鈥渧ersion鈥濆湪鈥淔irmwareRepositoryService.UploadAsync(string, string, string, string, string, string, string, bool, bool)鈥濈殑 XML 娉ㄩ噴涓病鏈夊尮閰嶇殑 param 鏍囪(浣嗗叾浠栧弬鏁版湁) [C:\UserWorx\VSWorx\ServoStudio\wpfui-servoStudio\samples\Wpf.Ui.servoStudio\servoStudio_wjhet5xd_wpftmp.csproj]
C:\UserWorx\VSWorx\ServoStudio\wpfui-servoStudio\samples\Wpf.Ui.servoStudio\Services\FirmwareRepositoryService.cs(341,16): warning CS1573: 鍙傛暟鈥渘ame鈥濆湪鈥淔irmwareRepositoryService.UploadAsync(string, string, string, string, string, string, string, bool, bool)鈥濈殑 XML 娉ㄩ噴涓病鏈夊尮閰嶇殑 param 鏍囪(浣嗗叾浠栧弬鏁版湁) [C:\UserWorx\VSWorx\ServoStudio\wpfui-servoStudio\samples\Wpf.Ui.servoStudio\servoStudio_wjhet5xd_wpftmp.csproj]
C:\UserWorx\VSWorx\ServoStudio\wpfui-servoStudio\samples\Wpf.Ui.servoStudio\Services\FirmwareRepositoryService.cs(342,16): warning CS1573: 鍙傛暟鈥渁pplicableHardwareVersion鈥濆湪鈥淔irmwareRepositoryService.UploadAsync(string, string, string, string, string, string, string, bool, bool)鈥濈殑 XML 娉ㄩ噴涓病鏈夊尮閰嶇殑 param 鏍囪(浣嗗叾浠栧弬鏁版湁) [C:\UserWorx\VSWorx\ServoStudio\wpfui-servoStudio\samples\Wpf.Ui.servoStudio\servoStudio_wjhet5xd_wpftmp.csproj]
C:\UserWorx\VSWorx\ServoStudio\wpfui-servoStudio\samples\Wpf.Ui.servoStudio\Services\FirmwareRepositoryService.cs(343,16): warning CS1573: 鍙傛暟鈥渄escription鈥濆湪鈥淔irmwareRepositoryService.UploadAsync(string, string, string, string, string, string, string, bool, bool)鈥濈殑 XML 娉ㄩ噴涓病鏈夊尮閰嶇殑 param 鏍囪(浣嗗叾浠栧弬鏁版湁) [C:\UserWorx\VSWorx\ServoStudio\wpfui-servoStudio\samples\Wpf.Ui.servoStudio\servoStudio_wjhet5xd_wpftmp.csproj]
C:\UserWorx\VSWorx\ServoStudio\wpfui-servoStudio\samples\Wpf.Ui.servoStudio\Services\FirmwareRepositoryService.cs(344,16): warning CS1573: 鍙傛暟鈥渟tatus鈥濆湪鈥淔irmwareRepositoryService.UploadAsync(string, string, string, string, string, string, string, bool, bool)鈥濈殑 XML 娉ㄩ噴涓病鏈夊尮閰嶇殑 param 鏍囪(浣嗗叾浠栧弬鏁版湁) [C:\UserWorx\VSWorx\ServoStudio\wpfui-servoStudio\samples\Wpf.Ui.servoStudio\servoStudio_wjhet5xd_wpftmp.csproj]
C:\UserWorx\VSWorx\ServoStudio\wpfui-servoStudio\samples\Wpf.Ui.servoStudio\Services\FirmwareRepositoryService.cs(345,16): warning CS1573: 鍙傛暟鈥減roductType鈥濆湪鈥淔irmwareRepositoryService.UploadAsync(string, string, string, string, string, string, string, bool, bool)鈥濈殑 XML 娉ㄩ噴涓病鏈夊尮閰嶇殑 param 鏍囪(浣嗗叾浠栧弬鏁版湁) [C:\UserWorx\VSWorx\ServoStudio\wpfui-servoStudio\samples\Wpf.Ui.servoStudio\servoStudio_wjhet5xd_wpftmp.csproj]
C:\UserWorx\VSWorx\ServoStudio\wpfui-servoStudio\samples\Wpf.Ui.servoStudio\ViewModels\DeviceSet\BusDiagnosticsViewModel.cs(825,26): warning CS1574: XML 娉ㄩ噴涓湁鏈兘瑙ｆ瀽鐨?cref 鐗规€р€淢apToModbusAddress鈥?[C:\UserWorx\VSWorx\ServoStudio\wpfui-servoStudio\samples\Wpf.Ui.servoStudio\servoStudio_wjhet5xd_wpftmp.csproj]
C:\UserWorx\VSWorx\ServoStudio\wpfui-servoStudio\samples\Wpf.Ui.servoStudio\Views\Pages\AppDataPages\DataViewPage.xaml.cs(152,23): warning CS1574: XML 娉ㄩ噴涓湁鏈兘瑙ｆ瀽鐨?cref 鐗规€р€淒ispatcherTimer鈥?[C:\UserWorx\VSWorx\ServoStudio\wpfui-servoStudio\samples\Wpf.Ui.servoStudio\servoStudio_wjhet5xd_wpftmp.csproj]
C:\UserWorx\VSWorx\ServoStudio\wpfui-servoStudio\samples\Wpf.Ui.servoStudio\Core\CANopen\Adapters\CanAdapterFactory.cs(756,24): warning CS0419: cref 鐗规€т腑鏈変笉鏄庣‘鐨勫紩鐢?鈥淣ativeLibrary.TryLoad鈥濄€傚亣瀹氫负鈥淪ystem.Runtime.InteropServices.NativeLibrary.TryLoad(string, out nint)鈥濓紝浣嗗彲鑳借繕涓庡叾浠栭噸杞藉尮閰嶏紝鍖呮嫭鈥淪ystem.Runtime.InteropServices.NativeLibrary.TryLoad(string, System.Reflection.Assembly, System.Runtime.InteropServices.DllImportSearchPath?, out nint)鈥濄€?[C:\UserWorx\VSWorx\ServoStudio\wpfui-servoStudio\samples\Wpf.Ui.servoStudio\servoStudio_wjhet5xd_wpftmp.csproj]
C:\UserWorx\VSWorx\ServoStudio\wpfui-servoStudio\samples\Wpf.Ui.servoStudio\Core\CANopen\CanOpenMaster.cs(66,78): warning CS1734: 鈥淐anOpenMaster.PdoReceived鈥濅笂鐨?XML 娉ㄩ噴涓湁鈥渢pdoIndex鈥濈殑 paramref 鏍囪锛屼絾鏄病鏈夎鍚嶇О鐨勫弬鏁?[C:\UserWorx\VSWorx\ServoStudio\wpfui-servoStudio\samples\Wpf.Ui.servoStudio\servoStudio_wjhet5xd_wpftmp.csproj]
C:\UserWorx\VSWorx\ServoStudio\wpfui-servoStudio\samples\Wpf.Ui.servoStudio\Core\CANopen\CanOpenSlave_CiA402.cs(16,44): warning CS1574: XML 娉ㄩ噴涓湁鏈兘瑙ｆ瀽鐨?cref 鐗规€р€淐ontrolword鈥?[C:\UserWorx\VSWorx\ServoStudio\wpfui-servoStudio\samples\Wpf.Ui.servoStudio\servoStudio_wjhet5xd_wpftmp.csproj]
C:\UserWorx\VSWorx\ServoStudio\wpfui-servoStudio\samples\Wpf.Ui.servoStudio\Core\CANopen\CanOpenSlave_CiA402.cs(16,86): warning CS1574: XML 娉ㄩ噴涓湁鏈兘瑙ｆ瀽鐨?cref 鐗规€р€淪tatusword鈥?[C:\UserWorx\VSWorx\ServoStudio\wpfui-servoStudio\samples\Wpf.Ui.servoStudio\servoStudio_wjhet5xd_wpftmp.csproj]
C:\UserWorx\VSWorx\ServoStudio\wpfui-servoStudio\samples\Wpf.Ui.servoStudio\Core\Usb\UsbBulkBus.cs(20,46): warning CS1574: XML 娉ㄩ噴涓湁鏈兘瑙ｆ瀽鐨?cref 鐗规€р€淐reateFile鈥?[C:\UserWorx\VSWorx\ServoStudio\wpfui-servoStudio\samples\Wpf.Ui.servoStudio\servoStudio_wjhet5xd_wpftmp.csproj]
C:\UserWorx\VSWorx\ServoStudio\wpfui-servoStudio\samples\Wpf.Ui.servoStudio\Core\Usb\UsbDeviceEnumerator.cs(93,19): warning CS1574: XML 娉ㄩ噴涓湁鏈兘瑙ｆ瀽鐨?cref 鐗规€р€淥nlyPresent鈥?[C:\UserWorx\VSWorx\ServoStudio\wpfui-servoStudio\samples\Wpf.Ui.servoStudio\servoStudio_wjhet5xd_wpftmp.csproj]
C:\UserWorx\VSWorx\ServoStudio\wpfui-servoStudio\samples\Wpf.Ui.servoStudio\App.xaml.cs(20,22): warning CA1060: 灏?pinvoke 绉诲埌鏈満鏂规硶绫?(https://learn.microsoft.com/dotnet/fundamentals/code-analysis/quality-rules/ca1060) [C:\UserWorx\VSWorx\ServoStudio\wpfui-servoStudio\samples\Wpf.Ui.servoStudio\servoStudio_wjhet5xd_wpftmp.csproj]
C:\UserWorx\VSWorx\ServoStudio\wpfui-servoStudio\samples\Wpf.Ui.servoStudio\App.xaml.cs(141,12): warning IDE0055: 淇鏍煎紡 (https://learn.microsoft.com/dotnet/fundamentals/code-analysis/style-rules/ide0055) [C:\UserWorx\VSWorx\ServoStudio\wpfui-servoStudio\samples\Wpf.Ui.servoStudio\servoStudio_wjhet5xd_wpftmp.csproj]
C:\UserWorx\VSWorx\ServoStudio\wpfui-servoStudio\samples\Wpf.Ui.servoStudio\App.xaml.cs(141,14): warning IDE0055: 淇鏍煎紡 (https://learn.microsoft.com/dotnet/fundamentals/code-analysis/style-rules/ide0055) [C:\UserWorx\VSWorx\ServoStudio\wpfui-servoStudio\samples\Wpf.Ui.servoStudio\servoStudio_wjhet5xd_wpftmp.csproj]
C:\UserWorx\VSWorx\ServoStudio\wpfui-servoStudio\samples\Wpf.Ui.servoStudio\App.xaml.cs(141,37): warning IDE0055: 淇鏍煎紡 (https://learn.microsoft.com/dotnet/fundamentals/code-analysis/style-rules/ide0055) [C:\UserWorx\VSWorx\ServoStudio\wpfui-servoStudio\samples\Wpf.Ui.servoStudio\servoStudio_wjhet5xd_wpftmp.csproj]
C:\UserWorx\VSWorx\ServoStudio\wpfui-servoStudio\samples\Wpf.Ui.servoStudio\App.xaml.cs(222,44): warning IDE0055: 淇鏍煎紡 (https://learn.microsoft.com/dotnet/fundamentals/code-analysis/style-rules/ide0055) [C:\UserWorx\VSWorx\ServoStudio\wpfui-servoStudio\samples\Wpf.Ui.servoStudio\servoStudio_wjhet5xd_wpftmp.csproj]
C:\UserWorx\VSWorx\ServoStudio\wpfui-servoStudio\samples\Wpf.Ui.servoStudio\App.xaml.cs(230,45): warning IDE0055: 淇鏍煎紡 (https://learn.microsoft.com/dotnet/fundamentals/code-analysis/style-rules/ide0055) [C:\UserWorx\VSWorx\ServoStudio\wpfui-servoStudio\samples\Wpf.Ui.servoStudio\servoStudio_wjhet5xd_wpftmp.csproj]
C:\UserWorx\VSWorx\ServoStudio\wpfui-servoStudio\samples\Wpf.Ui.servoStudio\App.xaml.cs(231,80): warning IDE0055: 淇鏍煎紡 (https://learn.microsoft.com/dotnet/fundamentals/code-analysis/style-rules/ide0055) [C:\UserWorx\VSWorx\ServoStudio\wpfui-servoStudio\samples\Wpf.Ui.servoStudio\servoStudio_wjhet5xd_wpftmp.csproj]
C:\UserWorx\VSWorx\ServoStudio\wpfui-servoStudio\samples\Wpf.Ui.servoStudio\App.xaml.cs(234,20): warning IDE0055: 淇鏍煎紡 (https://learn.microsoft.com/dotnet/fundamentals/code-analysis/style-rules/ide0055) [C:\UserWorx\VSWorx\ServoStudio\wpfui-servoStudio\samples\Wpf.Ui.servoStudio\servoStudio_wjhet5xd_wpftmp.csproj]
C:\UserWorx\VSWorx\ServoStudio\wpfui-servoStudio\samples\Wpf.Ui.servoStudio\App.xaml.cs(234,22): warning IDE0055: 淇鏍煎紡 (https://learn.microsoft.com/dotnet/fundamentals/code-analysis/style-rules/ide0055) [C:\UserWorx\VSWorx\ServoStudio\wpfui-servoStudio\samples\Wpf.Ui.servoStudio\servoStudio_wjhet5xd_wpftmp.csproj]
C:\UserWorx\VSWorx\ServoStudio\wpfui-servoStudio\samples\Wpf.Ui.servoStudio\App.xaml.cs(234,49): warning IDE0055: 淇鏍煎紡 (https://learn.microsoft.com/dotnet/fundamentals/code-analysis/style-rules/ide0055) [C:\UserWorx\VSWorx\ServoStudio\wpfui-servoStudio\samples\Wpf.Ui.servoStudio\servoStudio_wjhet5xd_wpftmp.csproj]
C:\UserWorx\VSWorx\ServoStudio\wpfui-servoStudio\samples\Wpf.Ui.servoStudio\App.xaml.cs(234,51): warning IDE0055: 淇鏍煎紡 (https://learn.microsoft.com/dotnet/fundamentals/code-analysis/style-rules/ide0055) [C:\UserWorx\VSWorx\ServoStudio\wpfui-servoStudio\samples\Wpf.Ui.servoStudio\servoStudio_wjhet5xd_wpftmp.csproj]
C:\UserWorx\VSWorx\ServoStudio\wpfui-servoStudio\samples\Wpf.Ui.servoStudio\App.xaml.cs(241,16): warning IDE0055: 淇鏍煎紡 (https://learn.microsoft.com/dotnet/fundamentals/code-analysis/style-rules/ide0055) [C:\UserWorx\VSWorx\ServoStudio\wpfui-servoStudio\samples\Wpf.Ui.servoStudio\servoStudio_wjhet5xd_wpftmp.csproj]
C:\UserWorx\VSWorx\ServoStudio\wpfui-servoStudio\samples\Wpf.Ui.servoStudio\App.xaml.cs(241,18): warning IDE0055: 淇鏍煎紡 (https://learn.microsoft.com/dotnet/fundamentals/code-analysis/style-rules/ide0055) [C:\UserWorx\VSWorx\ServoStudio\wpfui-servoStudio\samples\Wpf.Ui.servoStudio\servoStudio_wjhet5xd_wpftmp.csproj]
C:\UserWorx\VSWorx\ServoStudio\wpfui-servoStudio\samples\Wpf.Ui.servoStudio\App.xaml.cs(241,87): warning IDE0055: 淇鏍煎紡 (https://learn.microsoft.com/dotnet/fundamentals/code-analysis/style-rules/ide0055) [C:\UserWorx\VSWorx\ServoStudio\wpfui-servoStudio\samples\Wpf.Ui.servoStudio\servoStudio_wjhet5xd_wpftmp.csproj]
C:\UserWorx\VSWorx\ServoStudio\wpfui-servoStudio\samples\Wpf.Ui.servoStudio\App.xaml.cs(241,89): warning IDE0055: 淇鏍煎紡 (https://learn.microsoft.com/dotnet/fundamentals/code-analysis/style-rules/ide0055) [C:\UserWorx\VSWorx\ServoStudio\wpfui-servoStudio\samples\Wpf.Ui.servoStudio\servoStudio_wjhet5xd_wpftmp.csproj]
C:\UserWorx\VSWorx\ServoStudio\wpfui-servoStudio\samples\Wpf.Ui.servoStudio\App.xaml.cs(246,16): warning IDE0055: 淇鏍煎紡 (https://learn.microsoft.com/dotnet/fundamentals/code-analysis/style-rules/ide0055) [C:\UserWorx\VSWorx\ServoStudio\wpfui-servoStudio\samples\Wpf.Ui.servoStudio\servoStudio_wjhet5xd_wpftmp.csproj]
C:\UserWorx\VSWorx\ServoStudio\wpfui-servoStudio\samples\Wpf.Ui.servoStudio\App.xaml.cs(246,18): warning IDE0055: 淇鏍煎紡 (https://learn.microsoft.com/dotnet/fundamentals/code-analysis/style-rules/ide0055) [C:\UserWorx\VSWorx\ServoStudio\wpfui-servoStudio\samples\Wpf.Ui.servoStudio\servoStudio_wjhet5xd_wpftmp.csproj]
C:\UserWorx\VSWorx\ServoStudio\wpfui-servoStudio\samples\Wpf.Ui.servoStudio\App.xaml.cs(246,76): warning IDE0055: 淇鏍煎紡 (https://learn.microsoft.com/dotnet/fundamentals/code-analysis/style-rules/ide0055) [C:\UserWorx\VSWorx\ServoStudio\wpfui-servoStudio\samples\Wpf.Ui.servoStudio\servoStudio_wjhet5xd_wpftmp.csproj]
C:\UserWorx\VSWorx\ServoStudio\wpfui-servoStudio\samples\Wpf.Ui.servoStudio\App.xaml.cs(246,78): warning IDE0055: 淇鏍煎紡 (https://learn.microsoft.com/dotnet/fundamentals/code-analysis/style-rules/ide0055) [C:\UserWorx\VSWorx\ServoStudio\wpfui-servoStudio\samples\Wpf.Ui.servoStudio\servoStudio_wjhet5xd_wpftmp.csproj]
C:\UserWorx\VSWorx\ServoStudio\wpfui-servoStudio\samples\Wpf.Ui.servoStudio\Core\CANopen\Adapters\CanAdapterFactory.cs(24,21): warning CA1060: 灏?pinvoke 绉诲埌鏈満鏂规硶绫?(https://learn.microsoft.com/dotnet/fundamentals/code-analysis/quality-rules/ca1060) [C:\UserWorx\VSWorx\ServoStudio\wpfui-servoStudio\samples\Wpf.Ui.servoStudio\servoStudio_wjhet5xd_wpftmp.csproj]
C:\UserWorx\VSWorx\ServoStudio\wpfui-servoStudio\samples\Wpf.Ui.servoStudio\App.xaml.cs(235,13): warning IDE2003: 鍧椾笌鍚庣画璇彞涔嬮棿闇€瑕佹湁绌虹櫧琛?(https://learn.microsoft.com/dotnet/fundamentals/code-analysis/style-rules/ide2003) [C:\UserWorx\VSWorx\ServoStudio\wpfui-servoStudio\samples\Wpf.Ui.servoStudio\servoStudio_wjhet5xd_wpftmp.csproj]
C:\UserWorx\VSWorx\ServoStudio\wpfui-servoStudio\samples\Wpf.Ui.servoStudio\Core\CANopen\Adapters\ControlCanBus.cs(263,23): warning CA1060: 灏?pinvoke 绉诲埌鏈満鏂规硶绫?(https://learn.microsoft.com/dotnet/fundamentals/code-analysis/quality-rules/ca1060) [C:\UserWorx\VSWorx\ServoStudio\wpfui-servoStudio\samples\Wpf.Ui.servoStudio\servoStudio_wjhet5xd_wpftmp.csproj]
C:\UserWorx\VSWorx\ServoStudio\wpfui-servoStudio\samples\Wpf.Ui.servoStudio\Core\CANopen\Adapters\PcanBasicCanBus.cs(197,23): warning CA1060: 灏?pinvoke 绉诲埌鏈満鏂规硶绫?(https://learn.microsoft.com/dotnet/fundamentals/code-analysis/quality-rules/ca1060) [C:\UserWorx\VSWorx\ServoStudio\wpfui-servoStudio\samples\Wpf.Ui.servoStudio\servoStudio_wjhet5xd_wpftmp.csproj]
C:\UserWorx\VSWorx\ServoStudio\wpfui-servoStudio\samples\Wpf.Ui.servoStudio\Core\CANopen\Adapters\ToomossCanBus.cs(238,23): warning CA1060: 灏?pinvoke 绉诲埌鏈満鏂规硶绫?(https://learn.microsoft.com/dotnet/fundamentals/code-analysis/quality-rules/ca1060) [C:\UserWorx\VSWorx\ServoStudio\wpfui-servoStudio\samples\Wpf.Ui.servoStudio\servoStudio_wjhet5xd_wpftmp.csproj]
C:\UserWorx\VSWorx\ServoStudio\wpfui-servoStudio\samples\Wpf.Ui.servoStudio\Core\Sync\WinMmCyclicTimer.cs(17,21): warning CA1060: 灏?pinvoke 绉诲埌鏈満鏂规硶绫?(https://learn.microsoft.com/dotnet/fundamentals/code-analysis/quality-rules/ca1060) [C:\UserWorx\VSWorx\ServoStudio\wpfui-servoStudio\samples\Wpf.Ui.servoStudio\servoStudio_wjhet5xd_wpftmp.csproj]
C:\UserWorx\VSWorx\ServoStudio\wpfui-servoStudio\samples\Wpf.Ui.servoStudio\Helpers\SoemFoEInterop.cs(27,21): warning CA1060: 灏?pinvoke 绉诲埌鏈満鏂规硶绫?(https://learn.microsoft.com/dotnet/fundamentals/code-analysis/quality-rules/ca1060) [C:\UserWorx\VSWorx\ServoStudio\wpfui-servoStudio\samples\Wpf.Ui.servoStudio\servoStudio_wjhet5xd_wpftmp.csproj]
C:\UserWorx\VSWorx\ServoStudio\wpfui-servoStudio\samples\Wpf.Ui.servoStudio\Core\CANopen\CanOpenMaster.cs(31,14): warning CA1063: 瀵?CanOpenMaster 鎻愪緵 Dispose(bool) 鐨勫彲閲嶅啓瀹炵幇鎴栧皢璇ョ被鍨嬫爣璁颁负鈥滃凡瀵嗗皝鈥濄€傚 Dispose(false) 鐨勮皟鐢ㄥ簲浠呮竻鐞嗘湰鏈鸿祫婧愩€傚 Dispose(true) 鐨勮皟鐢ㄥ簲鍚屾椂娓呯悊鎵樼璧勬簮鍜屾湰鏈鸿祫婧愩€?(https://learn.microsoft.com/dotnet/fundamentals/code-analysis/quality-rules/ca1063) [C:\UserWorx\VSWorx\ServoStudio\wpfui-servoStudio\samples\Wpf.Ui.servoStudio\servoStudio_wjhet5xd_wpftmp.csproj]
C:\UserWorx\VSWorx\ServoStudio\wpfui-servoStudio\samples\Wpf.Ui.servoStudio\Core\CANopen\Adapters\CanAdapterFactory.cs(305,24): warning IDE0055: 淇鏍煎紡 (https://learn.microsoft.com/dotnet/fundamentals/code-analysis/style-rules/ide0055) [C:\UserWorx\VSWorx\ServoStudio\wpfui-servoStudio\samples\Wpf.Ui.servoStudio\servoStudio_wjhet5xd_wpftmp.csproj]
C:\UserWorx\VSWorx\ServoStudio\wpfui-servoStudio\samples\Wpf.Ui.servoStudio\Core\CANopen\Adapters\CanAdapterFactory.cs(305,26): warning IDE0055: 淇鏍煎紡 (https://learn.microsoft.com/dotnet/fundamentals/code-analysis/style-rules/ide0055) [C:\UserWorx\VSWorx\ServoStudio\wpfui-servoStudio\samples\Wpf.Ui.servoStudio\servoStudio_wjhet5xd_wpftmp.csproj]
C:\UserWorx\VSWorx\ServoStudio\wpfui-servoStudio\samples\Wpf.Ui.servoStudio\Core\CANopen\Adapters\CanAdapterFactory.cs(305,65): warning IDE0055: 淇鏍煎紡 (https://learn.microsoft.com/dotnet/fundamentals/code-analysis/style-rules/ide0055) [C:\UserWorx\VSWorx\ServoStudio\wpfui-servoStudio\samples\Wpf.Ui.servoStudio\servoStudio_wjhet5xd_wpftmp.csproj]
C:\UserWorx\VSWorx\ServoStudio\wpfui-servoStudio\samples\Wpf.Ui.servoStudio\Core\CANopen\Adapters\CanAdapterFactory.cs(305,67): warning IDE0055: 淇鏍煎紡 (https://learn.microsoft.com/dotnet/fundamentals/code-analysis/style-rules/ide0055) [C:\UserWorx\VSWorx\ServoStudio\wpfui-servoStudio\samples\Wpf.Ui.servoStudio\servoStudio_wjhet5xd_wpftmp.csproj]
C:\UserWorx\VSWorx\ServoStudio\wpfui-servoStudio\samples\Wpf.Ui.servoStudio\Core\CANopen\Adapters\CanAdapterFactory.cs(407,24): warning IDE0055: 淇鏍煎紡 (https://learn.microsoft.com/dotnet/fundamentals/code-analysis/style-rules/ide0055) [C:\UserWorx\VSWorx\ServoStudio\wpfui-servoStudio\samples\Wpf.Ui.servoStudio\servoStudio_wjhet5xd_wpftmp.csproj]
C:\UserWorx\VSWorx\ServoStudio\wpfui-servoStudio\samples\Wpf.Ui.servoStudio\Core\CANopen\Adapters\CanAdapterFactory.cs(407,26): warning IDE0055: 淇鏍煎紡 (https://learn.microsoft.com/dotnet/fundamentals/code-analysis/style-rules/ide0055) [C:\UserWorx\VSWorx\ServoStudio\wpfui-servoStudio\samples\Wpf.Ui.servoStudio\servoStudio_wjhet5xd_wpftmp.csproj]
C:\UserWorx\VSWorx\ServoStudio\wpfui-servoStudio\samples\Wpf.Ui.servoStudio\Core\CANopen\Adapters\CanAdapterFactory.cs(407,70): warning IDE0055: 淇鏍煎紡 (https://learn.microsoft.com/dotnet/fundamentals/code-analysis/style-rules/ide0055) [C:\UserWorx\VSWorx\ServoStudio\wpfui-servoStudio\samples\Wpf.Ui.servoStudio\servoStudio_wjhet5xd_wpftmp.csproj]
C:\UserWorx\VSWorx\ServoStudio\wpfui-servoStudio\samples\Wpf.Ui.servoStudio\Core\CANopen\Adapters\CanAdapterFactory.cs(407,72): warning IDE0055: 淇鏍煎紡 (https://learn.microsoft.com/dotnet/fundamentals/code-analysis/style-rules/ide0055) [C:\UserWorx\VSWorx\ServoStudio\wpfui-servoStudio\samples\Wpf.Ui.servoStudio\servoStudio_wjhet5xd_wpftmp.csproj]
C:\UserWorx\VSWorx\ServoStudio\wpfui-servoStudio\samples\Wpf.Ui.servoStudio\Core\CANopen\Adapters\CanAdapterFactory.cs(703,38): warning IDE0055: 淇鏍煎紡 (https://learn.microsoft.com/dotnet/fundamentals/code-analysis/style-rules/ide0055) [C:\UserWorx\VSWorx\ServoStudio\wpfui-servoStudio\samples\Wpf.Ui.servoStudio\servoStudio_wjhet5xd_wpftmp.csproj]
C:\UserWorx\VSWorx\ServoStudio\wpfui-servoStudio\samples\Wpf.Ui.servoStudio\Core\CANopen\Adapters\CanAdapterFactory.cs(704,40): warning IDE0055: 淇鏍煎紡 (https://learn.microsoft.com/dotnet/fundamentals/code-analysis/style-rules/ide0055) [C:\UserWorx\VSWorx\ServoStudio\wpfui-servoStudio\samples\Wpf.Ui.servoStudio\servoStudio_wjhet5xd_wpftmp.csproj]
C:\UserWorx\VSWorx\ServoStudio\wpfui-servoStudio\samples\Wpf.Ui.servoStudio\Core\CANopen\Adapters\CanAdapterFactory.cs(705,42): warning IDE0055: 淇鏍煎紡 (https://learn.microsoft.com/dotnet/fundamentals/code-analysis/style-rules/ide0055) [C:\UserWorx\VSWorx\ServoStudio\wpfui-servoStudio\samples\Wpf.Ui.servoStudio\servoStudio_wjhet5xd_wpftmp.csproj]
C:\UserWorx\VSWorx\ServoStudio\wpfui-servoStudio\samples\Wpf.Ui.servoStudio\Core\CANopen\Adapters\CanAdapterFactory.cs(707,39): warning IDE0055: 淇鏍煎紡 (https://learn.microsoft.com/dotnet/fundamentals/code-analysis/style-rules/ide0055) [C:\UserWorx\VSWorx\ServoStudio\wpfui-servoStudio\samples\Wpf.Ui.servoStudio\servoStudio_wjhet5xd_wpftmp.csproj]
C:\UserWorx\VSWorx\ServoStudio\wpfui-servoStudio\samples\Wpf.Ui.servoStudio\Core\CANopen\Adapters\CanAdapterFactory.cs(708,40): warning IDE0055: 淇鏍煎紡 (https://learn.microsoft.com/dotnet/fundamentals/code-analysis/style-rules/ide0055) [C:\UserWorx\VSWorx\ServoStudio\wpfui-servoStudio\samples\Wpf.Ui.servoStudio\servoStudio_wjhet5xd_wpftmp.csproj]
C:\UserWorx\VSWorx\ServoStudio\wpfui-servoStudio\samples\Wpf.Ui.servoStudio\Core\CANopen\Adapters\CanAdapterFactory.cs(871,22): warning IDE0055: 淇鏍煎紡 (https://learn.microsoft.com/dotnet/fundamentals/code-analysis/style-rules/ide0055) [C:\UserWorx\VSWorx\ServoStudio\wpfui-servoStudio\samples\Wpf.Ui.servoStudio\servoStudio_wjhet5xd_wpftmp.csproj]
C:\UserWorx\VSWorx\ServoStudio\wpfui-servoStudio\samples\Wpf.Ui.servoStudio\Core\CANopen\Adapters\CanAdapterFactory.cs(872,23): warning IDE0055: 淇鏍煎紡 (https://learn.microsoft.com/dotnet/fundamentals/code-analysis/style-rules/ide0055) [C:\UserWorx\VSWorx\ServoStudio\wpfui-servoStudio\samples\Wpf.Ui.servoStudio\servoStudio_wjhet5xd_wpftmp.csproj]
C:\UserWorx\VSWorx\ServoStudio\wpfui-servoStudio\samples\Wpf.Ui.servoStudio\Core\CANopen\Adapters\CanAdapterFactory.cs(1004,57): warning IDE0055: 淇鏍煎紡 (https://learn.microsoft.com/dotnet/fundamentals/code-analysis/style-rules/ide0055) [C:\UserWorx\VSWorx\ServoStudio\wpfui-servoStudio\samples\Wpf.Ui.servoStudio\servoStudio_wjhet5xd_wpftmp.csproj]
C:\UserWorx\VSWorx\ServoStudio\wpfui-servoStudio\samples\Wpf.Ui.servoStudio\Core\CANopen\Adapters\CanAdapterFactory.cs(1004,59): warning IDE0055: 淇鏍煎紡 (https://learn.microsoft.com/dotnet/fundamentals/code-analysis/style-rules/ide0055) [C:\UserWorx\VSWorx\ServoStudio\wpfui-servoStudio\samples\Wpf.Ui.servoStudio\servoStudio_wjhet5xd_wpftmp.csproj]
C:\UserWorx\VSWorx\ServoStudio\wpfui-servoStudio\samples\Wpf.Ui.servoStudio\Core\CANopen\Adapters\CanAdapterFactory.cs(1004,74): warning IDE0055: 淇鏍煎紡 (https://learn.microsoft.com/dotnet/fundamentals/code-analysis/style-rules/ide0055) [C:\UserWorx\VSWorx\ServoStudio\wpfui-servoStudio\samples\Wpf.Ui.servoStudio\servoStudio_wjhet5xd_wpftmp.csproj]
C:\UserWorx\VSWorx\ServoStudio\wpfui-servoStudio\samples\Wpf.Ui.servoStudio\Core\CANopen\Adapters\CanAdapterFactory.cs(1004,81): warning IDE0055: 淇鏍煎紡 (https://learn.microsoft.com/dotnet/fundamentals/code-analysis/style-rules/ide0055) [C:\UserWorx\VSWorx\ServoStudio\wpfui-servoStudio\samples\Wpf.Ui.servoStudio\servoStudio_wjhet5xd_wpftmp.csproj]
C:\UserWorx\VSWorx\ServoStudio\wpfui-servoStudio\samples\Wpf.Ui.servoStudio\Core\CANopen\Adapters\CanAdapterFactory.cs(1012,12): warning IDE0055: 淇鏍煎紡 (https://learn.microsoft.com/dotnet/fundamentals/code-analysis/style-rules/ide0055) [C:\UserWorx\VSWorx\ServoStudio\wpfui-servoStudio\samples\Wpf.Ui.servoStudio\servoStudio_wjhet5xd_wpftmp.csproj]
C:\UserWorx\VSWorx\ServoStudio\wpfui-servoStudio\samples\Wpf.Ui.servoStudio\Core\CANopen\Adapters\CanAdapterFactory.cs(1012,14): warning IDE0055: 淇鏍煎紡 (https://learn.microsoft.com/dotnet/fundamentals/code-analysis/style-rules/ide0055) [C:\UserWorx\VSWorx\ServoStudio\wpfui-servoStudio\samples\Wpf.Ui.servoStudio\servoStudio_wjhet5xd_wpftmp.csproj]
C:\UserWorx\VSWorx\ServoStudio\wpfui-servoStudio\samples\Wpf.Ui.servoStudio\Core\CANopen\Adapters\CanAdapterFactory.cs(1012,40): warning IDE0055: 淇鏍煎紡 (https://learn.microsoft.com/dotnet/fundamentals/code-analysis/style-rules/ide0055) [C:\UserWorx\VSWorx\ServoStudio\wpfui-servoStudio\samples\Wpf.Ui.servoStudio\servoStudio_wjhet5xd_wpftmp.csproj]
C:\UserWorx\VSWorx\ServoStudio\wpfui-servoStudio\samples\Wpf.Ui.servoStudio\Core\CANopen\Adapters\CanAdapterFactory.cs(1012,42): warning IDE0055: 淇鏍煎紡 (https://learn.microsoft.com/dotnet/fundamentals/code-analysis/style-rules/ide0055) [C:\UserWorx\VSWorx\ServoStudio\wpfui-servoStudio\samples\Wpf.Ui.servoStudio\servoStudio_wjhet5xd_wpftmp.csproj]
C:\UserWorx\VSWorx\ServoStudio\wpfui-servoStudio\samples\Wpf.Ui.servoStudio\Core\CANopen\Adapters\CanAdapterFactory.cs(1020,12): warning IDE0055: 淇鏍煎紡 (https://learn.microsoft.com/dotnet/fundamentals/code-analysis/style-rules/ide0055) [C:\UserWorx\VSWorx\ServoStudio\wpfui-servoStudio\samples\Wpf.Ui.servoStudio\servoStudio_wjhet5xd_wpftmp.csproj]
C:\UserWorx\VSWorx\ServoStudio\wpfui-servoStudio\samples\Wpf.Ui.servoStudio\Core\CANopen\Adapters\CanAdapterFactory.cs(1020,14): warning IDE0055: 淇鏍煎紡 (https://learn.microsoft.com/dotnet/fundamentals/code-analysis/style-rules/ide0055) [C:\UserWorx\VSWorx\ServoStudio\wpfui-servoStudio\samples\Wpf.Ui.servoStudio\servoStudio_wjhet5xd_wpftmp.csproj]
C:\UserWorx\VSWorx\ServoStudio\wpfui-servoStudio\samples\Wpf.Ui.servoStudio\Core\CANopen\Adapters\CanAdapterFactory.cs(1020,48): warning IDE0055: 淇鏍煎紡 (https://learn.microsoft.com/dotnet/fundamentals/code-analysis/style-rules/ide0055) [C:\UserWorx\VSWorx\ServoStudio\wpfui-servoStudio\samples\Wpf.Ui.servoStudio\servoStudio_wjhet5xd_wpftmp.csproj]
C:\UserWorx\VSWorx\ServoStudio\wpfui-servoStudio\samples\Wpf.Ui.servoStudio\Core\CANopen\Adapters\CanAdapterFactory.cs(73,9): warning IDE2003: 鍧椾笌鍚庣画璇彞涔嬮棿闇€瑕佹湁绌虹櫧琛?(https://learn.microsoft.com/dotnet/fundamentals/code-analysis/style-rules/ide2003) [C:\UserWorx\VSWorx\ServoStudio\wpfui-servoStudio\samples\Wpf.Ui.servoStudio\servoStudio_wjhet5xd_wpftmp.csproj]
C:\UserWorx\VSWorx\ServoStudio\wpfui-servoStudio\samples\Wpf.Ui.servoStudio\Core\CANopen\Adapters\CanAdapterFactory.cs(105,9): warning IDE2003: 鍧椾笌鍚庣画璇彞涔嬮棿闇€瑕佹湁绌虹櫧琛?(https://learn.microsoft.com/dotnet/fundamentals/code-analysis/style-rules/ide2003) [C:\UserWorx\VSWorx\ServoStudio\wpfui-servoStudio\samples\Wpf.Ui.servoStudio\servoStudio_wjhet5xd_wpftmp.csproj]
C:\UserWorx\VSWorx\ServoStudio\wpfui-servoStudio\samples\Wpf.Ui.servoStudio\Core\CANopen\Adapters\CanAdapterFactory.cs(218,9): warning IDE2003: 鍧椾笌鍚庣画璇彞涔嬮棿闇€瑕佹湁绌虹櫧琛?(https://learn.microsoft.com/dotnet/fundamentals/code-analysis/style-rules/ide2003) [C:\UserWorx\VSWorx\ServoStudio\wpfui-servoStudio\samples\Wpf.Ui.servoStudio\servoStudio_wjhet5xd_wpftmp.csproj]
C:\UserWorx\VSWorx\ServoStudio\wpfui-servoStudio\samples\Wpf.Ui.servoStudio\Core\CANopen\Adapters\CanAdapterFactory.cs(166,17): warning IDE2003: 鍧椾笌鍚庣画璇彞涔嬮棿闇€瑕佹湁绌虹櫧琛?(https://learn.microsoft.com/dotnet/fundamentals/code-analysis/style-rules/ide2003) [C:\UserWorx\VSWorx\ServoStudio\wpfui-servoStudio\samples\Wpf.Ui.servoStudio\servoStudio_wjhet5xd_wpftmp.csproj]
C:\UserWorx\VSWorx\ServoStudio\wpfui-servoStudio\samples\Wpf.Ui.servoStudio\Core\CANopen\Adapters\CanAdapterFactory.cs(268,17): warning IDE2003: 鍧椾笌鍚庣画璇彞涔嬮棿闇€瑕佹湁绌虹櫧琛?(https://learn.microsoft.com/dotnet/fundamentals/code-analysis/style-rules/ide2003) [C:\UserWorx\VSWorx\ServoStudio\wpfui-servoStudio\samples\Wpf.Ui.servoStudio\servoStudio_wjhet5xd_wpftmp.csproj]
C:\UserWorx\VSWorx\ServoStudio\wpfui-servoStudio\samples\Wpf.Ui.servoStudio\Core\CANopen\Adapters\CanAdapterFactory.cs(266,21): warning IDE2003: 鍧椾笌鍚庣画璇彞涔嬮棿闇€瑕佹湁绌虹櫧琛?(https://learn.microsoft.com/dotnet/fundamentals/code-analysis/style-rules/ide2003) [C:\UserWorx\VSWorx\ServoStudio\wpfui-servoStudio\samples\Wpf.Ui.servoStudio\servoStudio_wjhet5xd_wpftmp.csproj]
C:\UserWorx\VSWorx\ServoStudio\wpfui-servoStudio\samples\Wpf.Ui.servoStudio\Core\CANopen\Adapters\CanAdapterFactory.cs(430,9): warning IDE2003: 鍧椾笌鍚庣画璇彞涔嬮棿闇€瑕佹湁绌虹櫧琛?(https://learn.microsoft.com/dotnet/fundamentals/code-analysis/style-rules/ide2003) [C:\UserWorx\VSWorx\ServoStudio\wpfui-servoStudio\samples\Wpf.Ui.servoStudio\servoStudio_wjhet5xd_wpftmp.csproj]
C:\UserWorx\VSWorx\ServoStudio\wpfui-servoStudio\samples\Wpf.Ui.servoStudio\Core\CANopen\Adapters\CanAdapterFactory.cs(306,17): warning IDE2003: 鍧椾笌鍚庣画璇彞涔嬮棿闇€瑕佹湁绌虹櫧琛?(https://learn.microsoft.com/dotnet/fundamentals/code-analysis/style-rules/ide2003) [C:\UserWorx\VSWorx\ServoStudio\wpfui-servoStudio\samples\Wpf.Ui.servoStudio\servoStudio_wjhet5xd_wpftmp.csproj]
C:\UserWorx\VSWorx\ServoStudio\wpfui-servoStudio\samples\Wpf.Ui.servoStudio\Core\CANopen\Adapters\CanAdapterFactory.cs(364,29): warning IDE2003: 鍧椾笌鍚庣画璇彞涔嬮棿闇€瑕佹湁绌虹櫧琛?(https://learn.microsoft.com/dotnet/fundamentals/code-analysis/style-rules/ide2003) [C:\UserWorx\VSWorx\ServoStudio\wpfui-servoStudio\samples\Wpf.Ui.servoStudio\servoStudio_wjhet5xd_wpftmp.csproj]
C:\UserWorx\VSWorx\ServoStudio\wpfui-servoStudio\samples\Wpf.Ui.servoStudio\Core\CANopen\Adapters\CanAdapterFactory.cs(477,9): warning IDE2003: 鍧椾笌鍚庣画璇彞涔嬮棿闇€瑕佹湁绌虹櫧琛?(https://learn.microsoft.com/dotnet/fundamentals/code-analysis/style-rules/ide2003) [C:\UserWorx\VSWorx\ServoStudio\wpfui-servoStudio\samples\Wpf.Ui.servoStudio\servoStudio_wjhet5xd_wpftmp.csproj]
C:\UserWorx\VSWorx\ServoStudio\wpfui-servoStudio\samples\Wpf.Ui.servoStudio\Core\CANopen\Adapters\CanAdapterFactory.cs(522,36): warning IDE2003: 鍧椾笌鍚庣画璇彞涔嬮棿闇€瑕佹湁绌虹櫧琛?(https://learn.microsoft.com/dotnet/fundamentals/code-analysis/style-rules/ide2003) [C:\UserWorx\VSWorx\ServoStudio\wpfui-servoStudio\samples\Wpf.Ui.servoStudio\servoStudio_wjhet5xd_wpftmp.csproj]
C:\UserWorx\VSWorx\ServoStudio\wpfui-servoStudio\samples\Wpf.Ui.servoStudio\Core\CANopen\Adapters\CanAdapterFactory.cs(556,36): warning IDE2003: 鍧椾笌鍚庣画璇彞涔嬮棿闇€瑕佹湁绌虹櫧琛?(https://learn.microsoft.com/dotnet/fundamentals/code-analysis/style-rules/ide2003) [C:\UserWorx\VSWorx\ServoStudio\wpfui-servoStudio\samples\Wpf.Ui.servoStudio\servoStudio_wjhet5xd_wpftmp.csproj]
C:\UserWorx\VSWorx\ServoStudio\wpfui-servoStudio\samples\Wpf.Ui.servoStudio\Core\CANopen\Adapters\CanAdapterFactory.cs(785,21): warning IDE2003: 鍧椾笌鍚庣画璇彞涔嬮棿闇€瑕佹湁绌虹櫧琛?(https://learn.microsoft.com/dotnet/fundamentals/code-analysis/style-rules/ide2003) [C:\UserWorx\VSWorx\ServoStudio\wpfui-servoStudio\samples\Wpf.Ui.servoStudio\servoStudio_wjhet5xd_wpftmp.csproj]
C:\UserWorx\VSWorx\ServoStudio\wpfui-servoStudio\samples\Wpf.Ui.servoStudio\Core\CANopen\Adapters\CanAdapterFactory.cs(782,25): warning IDE2003: 鍧椾笌鍚庣画璇彞涔嬮棿闇€瑕佹湁绌虹櫧琛?(https://learn.microsoft.com/dotnet/fundamentals/code-analysis/style-rules/ide2003) [C:\UserWorx\VSWorx\ServoStudio\wpfui-servoStudio\samples\Wpf.Ui.servoStudio\servoStudio_wjhet5xd_wpftmp.csproj]
C:\UserWorx\VSWorx\ServoStudio\wpfui-servoStudio\samples\Wpf.Ui.servoStudio\Core\CANopen\Adapters\CanAdapterFactory.cs(831,21): warning IDE2003: 鍧椾笌鍚庣画璇彞涔嬮棿闇€瑕佹湁绌虹櫧琛?(https://learn.microsoft.com/dotnet/fundamentals/code-analysis/style-rules/ide2003) [C:\UserWorx\VSWorx\ServoStudio\wpfui-servoStudio\samples\Wpf.Ui.servoStudio\servoStudio_wjhet5xd_wpftmp.csproj]
C:\UserWorx\VSWorx\ServoStudio\wpfui-servoStudio\samples\Wpf.Ui.servoStudio\Core\CANopen\Adapters\CanAdapterFactory.cs(985,9): warning IDE2003: 鍧椾笌鍚庣画璇彞涔嬮棿闇€瑕佹湁绌虹櫧琛?(https://learn.microsoft.com/dotnet/fundamentals/code-analysis/style-rules/ide2003) [C:\UserWorx\VSWorx\ServoStudio\wpfui-servoStudio\samples\Wpf.Ui.servoStudio\servoStudio_wjhet5xd_wpftmp.csproj]
C:\UserWorx\VSWorx\ServoStudio\wpfui-servoStudio\samples\Wpf.Ui.servoStudio\Core\Modbus\ModbusRtuMaster.cs(62,14): warning CA1063: 瀵?ModbusRtuMaster 鎻愪緵 Dispose(bool) 鐨勫彲閲嶅啓瀹炵幇鎴栧皢璇ョ被鍨嬫爣璁颁负鈥滃凡瀵嗗皝鈥濄€傚 Dispose(false) 鐨勮皟鐢ㄥ簲浠呮竻鐞嗘湰鏈鸿祫婧愩€傚 Dispose(true) 鐨勮皟鐢ㄥ簲鍚屾椂娓呯悊鎵樼璧勬簮鍜屾湰鏈鸿祫婧愩€?(https://learn.microsoft.com/dotnet/fundamentals/code-analysis/quality-rules/ca1063) [C:\UserWorx\VSWorx\ServoStudio\wpfui-servoStudio\samples\Wpf.Ui.servoStudio\servoStudio_wjhet5xd_wpftmp.csproj]
C:\UserWorx\VSWorx\ServoStudio\wpfui-servoStudio\samples\Wpf.Ui.servoStudio\Core\CANopen\Adapters\ControlCanBus.cs(31,28): warning IDE0055: 淇鏍煎紡 (https://learn.microsoft.com/dotnet/fundamentals/code-analysis/style-rules/ide0055) [C:\UserWorx\VSWorx\ServoStudio\wpfui-servoStudio\samples\Wpf.Ui.servoStudio\servoStudio_wjhet5xd_wpftmp.csproj]
C:\UserWorx\VSWorx\ServoStudio\wpfui-servoStudio\samples\Wpf.Ui.servoStudio\Core\CANopen\Adapters\ControlCanBus.cs(31,30): warning IDE0055: 淇鏍煎紡 (https://learn.microsoft.com/dotnet/fundamentals/code-analysis/style-rules/ide0055) [C:\UserWorx\VSWorx\ServoStudio\wpfui-servoStudio\samples\Wpf.Ui.servoStudio\servoStudio_wjhet5xd_wpftmp.csproj]
C:\UserWorx\VSWorx\ServoStudio\wpfui-servoStudio\samples\Wpf.Ui.servoStudio\Core\CANopen\Adapters\ControlCanBus.cs(31,40): warning IDE0055: 淇鏍煎紡 (https://learn.microsoft.com/dotnet/fundamentals/code-analysis/style-rules/ide0055) [C:\UserWorx\VSWorx\ServoStudio\wpfui-servoStudio\samples\Wpf.Ui.servoStudio\servoStudio_wjhet5xd_wpftmp.csproj]
C:\UserWorx\VSWorx\ServoStudio\wpfui-servoStudio\samples\Wpf.Ui.servoStudio\Core\CANopen\Adapters\ControlCanBus.cs(34,25): warning IDE0055: 淇鏍煎紡 (https://learn.microsoft.com/dotnet/fundamentals/code-analysis/style-rules/ide0055) [C:\UserWorx\VSWorx\ServoStudio\wpfui-servoStudio\samples\Wpf.Ui.servoStudio\servoStudio_wjhet5xd_wpftmp.csproj]
C:\UserWorx\VSWorx\ServoStudio\wpfui-servoStudio\samples\Wpf.Ui.servoStudio\Core\CANopen\Adapters\ControlCanBus.cs(34,27): warning IDE0055: 淇鏍煎紡 (https://learn.microsoft.com/dotnet/fundamentals/code-analysis/style-rules/ide0055) [C:\UserWorx\VSWorx\ServoStudio\wpfui-servoStudio\samples\Wpf.Ui.servoStudio\servoStudio_wjhet5xd_wpftmp.csproj]
C:\UserWorx\VSWorx\ServoStudio\wpfui-servoStudio\samples\Wpf.Ui.servoStudio\Core\CANopen\Adapters\ControlCanBus.cs(34,37): warning IDE0055: 淇鏍煎紡 (https://learn.microsoft.com/dotnet/fundamentals/code-analysis/style-rules/ide0055) [C:\UserWorx\VSWorx\ServoStudio\wpfui-servoStudio\samples\Wpf.Ui.servoStudio\servoStudio_wjhet5xd_wpftmp.csproj]
C:\UserWorx\VSWorx\ServoStudio\wpfui-servoStudio\samples\Wpf.Ui.servoStudio\Core\CANopen\Adapters\ControlCanBus.cs(36,23): warning IDE0055: 淇鏍煎紡 (https://learn.microsoft.com/dotnet/fundamentals/code-analysis/style-rules/ide0055) [C:\UserWorx\VSWorx\ServoStudio\wpfui-servoStudio\samples\Wpf.Ui.servoStudio\servoStudio_wjhet5xd_wpftmp.csproj]
C:\UserWorx\VSWorx\ServoStudio\wpfui-servoStudio\samples\Wpf.Ui.servoStudio\Core\CANopen\Adapters\ControlCanBus.cs(36,25): warning IDE0055: 淇鏍煎紡 (https://learn.microsoft.com/dotnet/fundamentals/code-analysis/style-rules/ide0055) [C:\UserWorx\VSWorx\ServoStudio\wpfui-servoStudio\samples\Wpf.Ui.servoStudio\servoStudio_wjhet5xd_wpftmp.csproj]
C:\UserWorx\VSWorx\ServoStudio\wpfui-servoStudio\samples\Wpf.Ui.servoStudio\Core\CANopen\Adapters\ControlCanBus.cs(36,43): warning IDE0055: 淇鏍煎紡 (https://learn.microsoft.com/dotnet/fundamentals/code-analysis/style-rules/ide0055) [C:\UserWorx\VSWorx\ServoStudio\wpfui-servoStudio\samples\Wpf.Ui.servoStudio\servoStudio_wjhet5xd_wpftmp.csproj]
C:\UserWorx\VSWorx\ServoStudio\wpfui-servoStudio\samples\Wpf.Ui.servoStudio\Core\CANopen\Adapters\ControlCanBus.cs(41,27): warning IDE0055: 淇鏍煎紡 (https://learn.microsoft.com/dotnet/fundamentals/code-analysis/style-rules/ide0055) [C:\UserWorx\VSWorx\ServoStudio\wpfui-servoStudio\samples\Wpf.Ui.servoStudio\servoStudio_wjhet5xd_wpftmp.csproj]
C:\UserWorx\VSWorx\ServoStudio\wpfui-servoStudio\samples\Wpf.Ui.servoStudio\Core\CANopen\Adapters\ControlCanBus.cs(41,29): warning IDE0055: 淇鏍煎紡 (https://learn.microsoft.com/dotnet/fundamentals/code-analysis/style-rules/ide0055) [C:\UserWorx\VSWorx\ServoStudio\wpfui-servoStudio\samples\Wpf.Ui.servoStudio\servoStudio_wjhet5xd_wpftmp.csproj]
C:\UserWorx\VSWorx\ServoStudio\wpfui-servoStudio\samples\Wpf.Ui.servoStudio\Core\CANopen\Adapters\ControlCanBus.cs(229,30): warning IDE0055: 淇鏍煎紡 (https://learn.microsoft.com/dotnet/fundamentals/code-analysis/style-rules/ide0055) [C:\UserWorx\VSWorx\ServoStudio\wpfui-servoStudio\samples\Wpf.Ui.servoStudio\servoStudio_wjhet5xd_wpftmp.csproj]
C:\UserWorx\VSWorx\ServoStudio\wpfui-servoStudio\samples\Wpf.Ui.servoStudio\Core\CANopen\Adapters\ControlCanBus.cs(230,30): warning IDE0055: 淇鏍煎紡 (https://learn.microsoft.com/dotnet/fundamentals/code-analysis/style-rules/ide0055) [C:\UserWorx\VSWorx\ServoStudio\wpfui-servoStudio\samples\Wpf.Ui.servoStudio\servoStudio_wjhet5xd_wpftmp.csproj]
C:\UserWorx\VSWorx\ServoStudio\wpfui-servoStudio\samples\Wpf.Ui.servoStudio\Core\CANopen\Adapters\ControlCanBus.cs(231,30): warning IDE0055: 淇鏍煎紡 (https://learn.microsoft.com/dotnet/fundamentals/code-analysis/style-rules/ide0055) [C:\UserWorx\VSWorx\ServoStudio\wpfui-servoStudio\samples\Wpf.Ui.servoStudio\servoStudio_wjhet5xd_wpftmp.csproj]
C:\UserWorx\VSWorx\ServoStudio\wpfui-servoStudio\samples\Wpf.Ui.servoStudio\Core\CANopen\Adapters\ControlCanBus.cs(232,31): warning IDE0055: 淇鏍煎紡 (https://learn.microsoft.com/dotnet/fundamentals/code-analysis/style-rules/ide0055) [C:\UserWorx\VSWorx\ServoStudio\wpfui-servoStudio\samples\Wpf.Ui.servoStudio\servoStudio_wjhet5xd_wpftmp.csproj]
C:\UserWorx\VSWorx\ServoStudio\wpfui-servoStudio\samples\Wpf.Ui.servoStudio\Core\CANopen\Adapters\ControlCanBus.cs(233,31): warning IDE0055: 淇鏍煎紡 (https://learn.microsoft.com/dotnet/fundamentals/code-analysis/style-rules/ide0055) [C:\UserWorx\VSWorx\ServoStudio\wpfui-servoStudio\samples\Wpf.Ui.servoStudio\servoStudio_wjhet5xd_wpftmp.csproj]
C:\UserWorx\VSWorx\ServoStudio\wpfui-servoStudio\samples\Wpf.Ui.servoStudio\Core\CANopen\Adapters\ControlCanBus.cs(234,31): warning IDE0055: 淇鏍煎紡 (https://learn.microsoft.com/dotnet/fundamentals/code-analysis/style-rules/ide0055) [C:\UserWorx\VSWorx\ServoStudio\wpfui-servoStudio\samples\Wpf.Ui.servoStudio\servoStudio_wjhet5xd_wpftmp.csproj]
C:\UserWorx\VSWorx\ServoStudio\wpfui-servoStudio\samples\Wpf.Ui.servoStudio\Core\CANopen\Adapters\ControlCanBus.cs(235,31): warning IDE0055: 淇鏍煎紡 (https://learn.microsoft.com/dotnet/fundamentals/code-analysis/style-rules/ide0055) [C:\UserWorx\VSWorx\ServoStudio\wpfui-servoStudio\samples\Wpf.Ui.servoStudio\servoStudio_wjhet5xd_wpftmp.csproj]
C:\UserWorx\VSWorx\ServoStudio\wpfui-servoStudio\samples\Wpf.Ui.servoStudio\Core\CANopen\Adapters\ControlCanBus.cs(236,31): warning IDE0055: 淇鏍煎紡 (https://learn.microsoft.com/dotnet/fundamentals/code-analysis/style-rules/ide0055) [C:\UserWorx\VSWorx\ServoStudio\wpfui-servoStudio\samples\Wpf.Ui.servoStudio\servoStudio_wjhet5xd_wpftmp.csproj]
C:\UserWorx\VSWorx\ServoStudio\wpfui-servoStudio\samples\Wpf.Ui.servoStudio\Core\CANopen\Adapters\ControlCanBus.cs(270,35): warning IDE0055: 淇鏍煎紡 (https://learn.microsoft.com/dotnet/fundamentals/code-analysis/style-rules/ide0055) [C:\UserWorx\VSWorx\ServoStudio\wpfui-servoStudio\samples\Wpf.Ui.servoStudio\servoStudio_wjhet5xd_wpftmp.csproj]
C:\UserWorx\VSWorx\ServoStudio\wpfui-servoStudio\samples\Wpf.Ui.servoStudio\Core\CANopen\Adapters\ControlCanBus.cs(271,35): warning IDE0055: 淇鏍煎紡 (https://learn.microsoft.com/dotnet/fundamentals/code-analysis/style-rules/ide0055) [C:\UserWorx\VSWorx\ServoStudio\wpfui-servoStudio\samples\Wpf.Ui.servoStudio\servoStudio_wjhet5xd_wpftmp.csproj]
C:\UserWorx\VSWorx\ServoStudio\wpfui-servoStudio\samples\Wpf.Ui.servoStudio\Core\CANopen\Adapters\ControlCanBus.cs(272,35): warning IDE0055: 淇鏍煎紡 (https://learn.microsoft.com/dotnet/fundamentals/code-analysis/style-rules/ide0055) [C:\UserWorx\VSWorx\ServoStudio\wpfui-servoStudio\samples\Wpf.Ui.servoStudio\servoStudio_wjhet5xd_wpftmp.csproj]
C:\UserWorx\VSWorx\ServoStudio\wpfui-servoStudio\samples\Wpf.Ui.servoStudio\Core\CANopen\Adapters\ControlCanBus.cs(273,35): warning IDE0055: 淇鏍煎紡 (https://learn.microsoft.com/dotnet/fundamentals/code-analysis/style-rules/ide0055) [C:\UserWorx\VSWorx\ServoStudio\wpfui-servoStudio\samples\Wpf.Ui.servoStudio\servoStudio_wjhet5xd_wpftmp.csproj]
C:\UserWorx\VSWorx\ServoStudio\wpfui-servoStudio\samples\Wpf.Ui.servoStudio\Core\CANopen\Adapters\ControlCanBus.cs(274,38): warning IDE0055: 淇鏍煎紡 (https://learn.microsoft.com/dotnet/fundamentals/code-analysis/style-rules/ide0055) [C:\UserWorx\VSWorx\ServoStudio\wpfui-servoStudio\samples\Wpf.Ui.servoStudio\servoStudio_wjhet5xd_wpftmp.csproj]
C:\UserWorx\VSWorx\ServoStudio\wpfui-servoStudio\samples\Wpf.Ui.servoStudio\Core\CANopen\Adapters\ControlCanBus.cs(70,13): warning IDE2003: 鍧椾笌鍚庣画璇彞涔嬮棿闇€瑕佹湁绌虹櫧琛?(https://learn.microsoft.com/dotnet/fundamentals/code-analysis/style-rules/ide2003) [C:\UserWorx\VSWorx\ServoStudio\wpfui-servoStudio\samples\Wpf.Ui.servoStudio\servoStudio_wjhet5xd_wpftmp.csproj]
C:\UserWorx\VSWorx\ServoStudio\wpfui-servoStudio\samples\Wpf.Ui.servoStudio\Core\CANopen\Adapters\ControlCanBus.cs(195,17): warning IDE2003: 鍧椾笌鍚庣画璇彞涔嬮棿闇€瑕佹湁绌虹櫧琛?(https://learn.microsoft.com/dotnet/fundamentals/code-analysis/style-rules/ide2003) [C:\UserWorx\VSWorx\ServoStudio\wpfui-servoStudio\samples\Wpf.Ui.servoStudio\servoStudio_wjhet5xd_wpftmp.csproj]
C:\UserWorx\VSWorx\ServoStudio\wpfui-servoStudio\samples\Wpf.Ui.servoStudio\Core\CANopen\Adapters\ZlgKernelDllScanner.cs(27,21): warning CA1060: 灏?pinvoke 绉诲埌鏈満鏂规硶绫?(https://learn.microsoft.com/dotnet/fundamentals/code-analysis/quality-rules/ca1060) [C:\UserWorx\VSWorx\ServoStudio\wpfui-servoStudio\samples\Wpf.Ui.servoStudio\servoStudio_wjhet5xd_wpftmp.csproj]
C:\UserWorx\VSWorx\ServoStudio\wpfui-servoStudio\samples\Wpf.Ui.servoStudio\Core\CANopen\Adapters\PcanBasicCanBus.cs(27,23): warning IDE0055: 淇鏍煎紡 (https://learn.microsoft.com/dotnet/fundamentals/code-analysis/style-rules/ide0055) [C:\UserWorx\VSWorx\ServoStudio\wpfui-servoStudio\samples\Wpf.Ui.servoStudio\servoStudio_wjhet5xd_wpftmp.csproj]
C:\UserWorx\VSWorx\ServoStudio\wpfui-servoStudio\samples\Wpf.Ui.servoStudio\Core\CANopen\Adapters\PcanBasicCanBus.cs(27,25): warning IDE0055: 淇鏍煎紡 (https://learn.microsoft.com/dotnet/fundamentals/code-analysis/style-rules/ide0055) [C:\UserWorx\VSWorx\ServoStudio\wpfui-servoStudio\samples\Wpf.Ui.servoStudio\servoStudio_wjhet5xd_wpftmp.csproj]
C:\UserWorx\VSWorx\ServoStudio\wpfui-servoStudio\samples\Wpf.Ui.servoStudio\Core\CANopen\Adapters\PcanBasicCanBus.cs(27,43): warning IDE0055: 淇鏍煎紡 (https://learn.microsoft.com/dotnet/fundamentals/code-analysis/style-rules/ide0055) [C:\UserWorx\VSWorx\ServoStudio\wpfui-servoStudio\samples\Wpf.Ui.servoStudio\servoStudio_wjhet5xd_wpftmp.csproj]
C:\UserWorx\VSWorx\ServoStudio\wpfui-servoStudio\samples\Wpf.Ui.servoStudio\Core\CANopen\Adapters\PcanBasicCanBus.cs(31,29): warning IDE0055: 淇鏍煎紡 (https://learn.microsoft.com/dotnet/fundamentals/code-analysis/style-rules/ide0055) [C:\UserWorx\VSWorx\ServoStudio\wpfui-servoStudio\samples\Wpf.Ui.servoStudio\servoStudio_wjhet5xd_wpftmp.csproj]
C:\UserWorx\VSWorx\ServoStudio\wpfui-servoStudio\samples\Wpf.Ui.servoStudio\Core\CANopen\Adapters\PcanBasicCanBus.cs(31,31): warning IDE0055: 淇鏍煎紡 (https://learn.microsoft.com/dotnet/fundamentals/code-analysis/style-rules/ide0055) [C:\UserWorx\VSWorx\ServoStudio\wpfui-servoStudio\samples\Wpf.Ui.servoStudio\servoStudio_wjhet5xd_wpftmp.csproj]
C:\UserWorx\VSWorx\ServoStudio\wpfui-servoStudio\samples\Wpf.Ui.servoStudio\Core\CANopen\Adapters\PcanBasicCanBus.cs(33,43): warning IDE0055: 淇鏍煎紡 (https://learn.microsoft.com/dotnet/fundamentals/code-analysis/style-rules/ide0055) [C:\UserWorx\VSWorx\ServoStudio\wpfui-servoStudio\samples\Wpf.Ui.servoStudio\servoStudio_wjhet5xd_wpftmp.csproj]
C:\UserWorx\VSWorx\ServoStudio\wpfui-servoStudio\samples\Wpf.Ui.servoStudio\Core\CANopen\Adapters\PcanBasicCanBus.cs(33,45): warning IDE0055: 淇鏍煎紡 (https://learn.microsoft.com/dotnet/fundamentals/code-analysis/style-rules/ide0055) [C:\UserWorx\VSWorx\ServoStudio\wpfui-servoStudio\samples\Wpf.Ui.servoStudio\servoStudio_wjhet5xd_wpftmp.csproj]
C:\UserWorx\VSWorx\ServoStudio\wpfui-servoStudio\samples\Wpf.Ui.servoStudio\Core\CANopen\Adapters\PcanBasicCanBus.cs(33,64): warning IDE0055: 淇鏍煎紡 (https://learn.microsoft.com/dotnet/fundamentals/code-analysis/style-rules/ide0055) [C:\UserWorx\VSWorx\ServoStudio\wpfui-servoStudio\samples\Wpf.Ui.servoStudio\servoStudio_wjhet5xd_wpftmp.csproj]
C:\UserWorx\VSWorx\ServoStudio\wpfui-servoStudio\samples\Wpf.Ui.servoStudio\Core\CANopen\Adapters\PcanBasicCanBus.cs(45,30): warning IDE0055: 淇鏍煎紡 (https://learn.microsoft.com/dotnet/fundamentals/code-analysis/style-rules/ide0055) [C:\UserWorx\VSWorx\ServoStudio\wpfui-servoStudio\samples\Wpf.Ui.servoStudio\servoStudio_wjhet5xd_wpftmp.csproj]
C:\UserWorx\VSWorx\ServoStudio\wpfui-servoStudio\samples\Wpf.Ui.servoStudio\Core\CANopen\Adapters\PcanBasicCanBus.cs(46,30): warning IDE0055: 淇鏍煎紡 (https://learn.microsoft.com/dotnet/fundamentals/code-analysis/style-rules/ide0055) [C:\UserWorx\VSWorx\ServoStudio\wpfui-servoStudio\samples\Wpf.Ui.servoStudio\servoStudio_wjhet5xd_wpftmp.csproj]
C:\UserWorx\VSWorx\ServoStudio\wpfui-servoStudio\samples\Wpf.Ui.servoStudio\Core\CANopen\Adapters\PcanBasicCanBus.cs(47,30): warning IDE0055: 淇鏍煎紡 (https://learn.microsoft.com/dotnet/fundamentals/code-analysis/style-rules/ide0055) [C:\UserWorx\VSWorx\ServoStudio\wpfui-servoStudio\samples\Wpf.Ui.servoStudio\servoStudio_wjhet5xd_wpftmp.csproj]
C:\UserWorx\VSWorx\ServoStudio\wpfui-servoStudio\samples\Wpf.Ui.servoStudio\Core\CANopen\Adapters\PcanBasicCanBus.cs(48,31): warning IDE0055: 淇鏍煎紡 (https://learn.microsoft.com/dotnet/fundamentals/code-analysis/style-rules/ide0055) [C:\UserWorx\VSWorx\ServoStudio\wpfui-servoStudio\samples\Wpf.Ui.servoStudio\servoStudio_wjhet5xd_wpftmp.csproj]
C:\UserWorx\VSWorx\ServoStudio\wpfui-servoStudio\samples\Wpf.Ui.servoStudio\Core\CANopen\Adapters\PcanBasicCanBus.cs(49,31): warning IDE0055: 淇鏍煎紡 (https://learn.microsoft.com/dotnet/fundamentals/code-analysis/style-rules/ide0055) [C:\UserWorx\VSWorx\ServoStudio\wpfui-servoStudio\samples\Wpf.Ui.servoStudio\servoStudio_wjhet5xd_wpftmp.csproj]
C:\UserWorx\VSWorx\ServoStudio\wpfui-servoStudio\samples\Wpf.Ui.servoStudio\Core\CANopen\Adapters\PcanBasicCanBus.cs(50,31): warning IDE0055: 淇鏍煎紡 (https://learn.microsoft.com/dotnet/fundamentals/code-analysis/style-rules/ide0055) [C:\UserWorx\VSWorx\ServoStudio\wpfui-servoStudio\samples\Wpf.Ui.servoStudio\servoStudio_wjhet5xd_wpftmp.csproj]
C:\UserWorx\VSWorx\ServoStudio\wpfui-servoStudio\samples\Wpf.Ui.servoStudio\Core\CANopen\Adapters\PcanBasicCanBus.cs(51,31): warning IDE0055: 淇鏍煎紡 (https://learn.microsoft.com/dotnet/fundamentals/code-analysis/style-rules/ide0055) [C:\UserWorx\VSWorx\ServoStudio\wpfui-servoStudio\samples\Wpf.Ui.servoStudio\servoStudio_wjhet5xd_wpftmp.csproj]
C:\UserWorx\VSWorx\ServoStudio\wpfui-servoStudio\samples\Wpf.Ui.servoStudio\Core\CANopen\Adapters\PcanBasicCanBus.cs(52,31): warning IDE0055: 淇鏍煎紡 (https://learn.microsoft.com/dotnet/fundamentals/code-analysis/style-rules/ide0055) [C:\UserWorx\VSWorx\ServoStudio\wpfui-servoStudio\samples\Wpf.Ui.servoStudio\servoStudio_wjhet5xd_wpftmp.csproj]
C:\UserWorx\VSWorx\ServoStudio\wpfui-servoStudio\samples\Wpf.Ui.servoStudio\Core\CANopen\Adapters\PcanBasicCanBus.cs(82,12): warning IDE0055: 淇鏍煎紡 (https://learn.microsoft.com/dotnet/fundamentals/code-analysis/style-rules/ide0055) [C:\UserWorx\VSWorx\ServoStudio\wpfui-servoStudio\samples\Wpf.Ui.servoStudio\servoStudio_wjhet5xd_wpftmp.csproj]
C:\UserWorx\VSWorx\ServoStudio\wpfui-servoStudio\samples\Wpf.Ui.servoStudio\Core\CANopen\Adapters\PcanBasicCanBus.cs(82,14): warning IDE0055: 淇鏍煎紡 (https://learn.microsoft.com/dotnet/fundamentals/code-analysis/style-rules/ide0055) [C:\UserWorx\VSWorx\ServoStudio\wpfui-servoStudio\samples\Wpf.Ui.servoStudio\servoStudio_wjhet5xd_wpftmp.csproj]
C:\UserWorx\VSWorx\ServoStudio\wpfui-servoStudio\samples\Wpf.Ui.servoStudio\Core\CANopen\Adapters\PcanBasicCanBus.cs(82,56): warning IDE0055: 淇鏍煎紡 (https://learn.microsoft.com/dotnet/fundamentals/code-analysis/style-rules/ide0055) [C:\UserWorx\VSWorx\ServoStudio\wpfui-servoStudio\samples\Wpf.Ui.servoStudio\servoStudio_wjhet5xd_wpftmp.csproj]
C:\UserWorx\VSWorx\ServoStudio\wpfui-servoStudio\samples\Wpf.Ui.servoStudio\Core\CANopen\Adapters\PcanBasicCanBus.cs(82,58): warning IDE0055: 淇鏍煎紡 (https://learn.microsoft.com/dotnet/fundamentals/code-analysis/style-rules/ide0055) [C:\UserWorx\VSWorx\ServoStudio\wpfui-servoStudio\samples\Wpf.Ui.servoStudio\servoStudio_wjhet5xd_wpftmp.csproj]
C:\UserWorx\VSWorx\ServoStudio\wpfui-servoStudio\samples\Wpf.Ui.servoStudio\Core\CANopen\Adapters\PcanBasicCanBus.cs(202,38): warning IDE0055: 淇鏍煎紡 (https://learn.microsoft.com/dotnet/fundamentals/code-analysis/style-rules/ide0055) [C:\UserWorx\VSWorx\ServoStudio\wpfui-servoStudio\samples\Wpf.Ui.servoStudio\servoStudio_wjhet5xd_wpftmp.csproj]
C:\UserWorx\VSWorx\ServoStudio\wpfui-servoStudio\samples\Wpf.Ui.servoStudio\Core\CANopen\Adapters\PcanBasicCanBus.cs(203,38): warning IDE0055: 淇鏍煎紡 (https://learn.microsoft.com/dotnet/fundamentals/code-analysis/style-rules/ide0055) [C:\UserWorx\VSWorx\ServoStudio\wpfui-servoStudio\samples\Wpf.Ui.servoStudio\servoStudio_wjhet5xd_wpftmp.csproj]
C:\UserWorx\VSWorx\ServoStudio\wpfui-servoStudio\samples\Wpf.Ui.servoStudio\Core\CANopen\Adapters\PcanBasicCanBus.cs(204,38): warning IDE0055: 淇鏍煎紡 (https://learn.microsoft.com/dotnet/fundamentals/code-analysis/style-rules/ide0055) [C:\UserWorx\VSWorx\ServoStudio\wpfui-servoStudio\samples\Wpf.Ui.servoStudio\servoStudio_wjhet5xd_wpftmp.csproj]
C:\UserWorx\VSWorx\ServoStudio\wpfui-servoStudio\samples\Wpf.Ui.servoStudio\Core\CANopen\Adapters\PcanBasicCanBus.cs(205,38): warning IDE0055: 淇鏍煎紡 (https://learn.microsoft.com/dotnet/fundamentals/code-analysis/style-rules/ide0055) [C:\UserWorx\VSWorx\ServoStudio\wpfui-servoStudio\samples\Wpf.Ui.servoStudio\servoStudio_wjhet5xd_wpftmp.csproj]
C:\UserWorx\VSWorx\ServoStudio\wpfui-servoStudio\samples\Wpf.Ui.servoStudio\Core\CANopen\Adapters\PcanBasicCanBus.cs(206,38): warning IDE0055: 淇鏍煎紡 (https://learn.microsoft.com/dotnet/fundamentals/code-analysis/style-rules/ide0055) [C:\UserWorx\VSWorx\ServoStudio\wpfui-servoStudio\samples\Wpf.Ui.servoStudio\servoStudio_wjhet5xd_wpftmp.csproj]
C:\UserWorx\VSWorx\ServoStudio\wpfui-servoStudio\samples\Wpf.Ui.servoStudio\Core\CANopen\Adapters\PcanBasicCanBus.cs(207,38): warning IDE0055: 淇鏍煎紡 (https://learn.microsoft.com/dotnet/fundamentals/code-analysis/style-rules/ide0055) [C:\UserWorx\VSWorx\ServoStudio\wpfui-servoStudio\samples\Wpf.Ui.servoStudio\servoStudio_wjhet5xd_wpftmp.csproj]
C:\UserWorx\VSWorx\ServoStudio\wpfui-servoStudio\samples\Wpf.Ui.servoStudio\Core\CANopen\Adapters\PcanBasicCanBus.cs(208,38): warning IDE0055: 淇鏍煎紡 (https://learn.microsoft.com/dotnet/fundamentals/code-analysis/style-rules/ide0055) [C:\UserWorx\VSWorx\ServoStudio\wpfui-servoStudio\samples\Wpf.Ui.servoStudio\servoStudio_wjhet5xd_wpftmp.csproj]
C:\UserWorx\VSWorx\ServoStudio\wpfui-servoStudio\samples\Wpf.Ui.servoStudio\Core\CANopen\Adapters\PcanBasicCanBus.cs(209,38): warning IDE0055: 淇鏍煎紡 (https://learn.microsoft.com/dotnet/fundamentals/code-analysis/style-rules/ide0055) [C:\UserWorx\VSWorx\ServoStudio\wpfui-servoStudio\samples\Wpf.Ui.servoStudio\servoStudio_wjhet5xd_wpftmp.csproj]
C:\UserWorx\VSWorx\ServoStudio\wpfui-servoStudio\samples\Wpf.Ui.servoStudio\Core\CANopen\Adapters\PcanBasicCanBus.cs(210,38): warning IDE0055: 淇鏍煎紡 (https://learn.microsoft.com/dotnet/fundamentals/code-analysis/style-rules/ide0055) [C:\UserWorx\VSWorx\ServoStudio\wpfui-servoStudio\samples\Wpf.Ui.servoStudio\servoStudio_wjhet5xd_wpftmp.csproj]
C:\UserWorx\VSWorx\ServoStudio\wpfui-servoStudio\samples\Wpf.Ui.servoStudio\Core\CANopen\Adapters\PcanBasicCanBus.cs(220,38): warning IDE0055: 淇鏍煎紡 (https://learn.microsoft.com/dotnet/fundamentals/code-analysis/style-rules/ide0055) [C:\UserWorx\VSWorx\ServoStudio\wpfui-servoStudio\samples\Wpf.Ui.servoStudio\servoStudio_wjhet5xd_wpftmp.csproj]
C:\UserWorx\VSWorx\ServoStudio\wpfui-servoStudio\samples\Wpf.Ui.servoStudio\Core\CANopen\Adapters\PcanBasicCanBus.cs(226,39): warning IDE0055: 淇鏍煎紡 (https://learn.microsoft.com/dotnet/fundamentals/code-analysis/style-rules/ide0055) [C:\UserWorx\VSWorx\ServoStudio\wpfui-servoStudio\samples\Wpf.Ui.servoStudio\servoStudio_wjhet5xd_wpftmp.csproj]
C:\UserWorx\VSWorx\ServoStudio\wpfui-servoStudio\samples\Wpf.Ui.servoStudio\Core\CANopen\Adapters\PcanBasicCanBus.cs(227,39): warning IDE0055: 淇鏍煎紡 (https://learn.microsoft.com/dotnet/fundamentals/code-analysis/style-rules/ide0055) [C:\UserWorx\VSWorx\ServoStudio\wpfui-servoStudio\samples\Wpf.Ui.servoStudio\servoStudio_wjhet5xd_wpftmp.csproj]
C:\UserWorx\VSWorx\ServoStudio\wpfui-servoStudio\samples\Wpf.Ui.servoStudio\Core\CANopen\Adapters\PcanBasicCanBus.cs(228,39): warning IDE0055: 淇鏍煎紡 (https://learn.microsoft.com/dotnet/fundamentals/code-analysis/style-rules/ide0055) [C:\UserWorx\VSWorx\ServoStudio\wpfui-servoStudio\samples\Wpf.Ui.servoStudio\servoStudio_wjhet5xd_wpftmp.csproj]
C:\UserWorx\VSWorx\ServoStudio\wpfui-servoStudio\samples\Wpf.Ui.servoStudio\Core\CANopen\Adapters\PcanBasicCanBus.cs(232,40): warning IDE0055: 淇鏍煎紡 (https://learn.microsoft.com/dotnet/fundamentals/code-analysis/style-rules/ide0055) [C:\UserWorx\VSWorx\ServoStudio\wpfui-servoStudio\samples\Wpf.Ui.servoStudio\servoStudio_wjhet5xd_wpftmp.csproj]
C:\UserWorx\VSWorx\ServoStudio\wpfui-servoStudio\samples\Wpf.Ui.servoStudio\Core\CANopen\Adapters\PcanBasicCanBus.cs(236,37): warning IDE0055: 淇鏍煎紡 (https://learn.microsoft.com/dotnet/fundamentals/code-analysis/style-rules/ide0055) [C:\UserWorx\VSWorx\ServoStudio\wpfui-servoStudio\samples\Wpf.Ui.servoStudio\servoStudio_wjhet5xd_wpftmp.csproj]
C:\UserWorx\VSWorx\ServoStudio\wpfui-servoStudio\samples\Wpf.Ui.servoStudio\Core\CANopen\Adapters\PcanBasicCanBus.cs(237,44): warning IDE0055: 淇鏍煎紡 (https://learn.microsoft.com/dotnet/fundamentals/code-analysis/style-rules/ide0055) [C:\UserWorx\VSWorx\ServoStudio\wpfui-servoStudio\samples\Wpf.Ui.servoStudio\servoStudio_wjhet5xd_wpftmp.csproj]
C:\UserWorx\VSWorx\ServoStudio\wpfui-servoStudio\samples\Wpf.Ui.servoStudio\Core\CANopen\Adapters\PcanBasicCanBus.cs(64,13): warning IDE2003: 鍧椾笌鍚庣画璇彞涔嬮棿闇€瑕佹湁绌虹櫧琛?(https://learn.microsoft.com/dotnet/fundamentals/code-analysis/style-rules/ide2003) [C:\UserWorx\VSWorx\ServoStudio\wpfui-servoStudio\samples\Wpf.Ui.servoStudio\servoStudio_wjhet5xd_wpftmp.csproj]
C:\UserWorx\VSWorx\ServoStudio\wpfui-servoStudio\samples\Wpf.Ui.servoStudio\Core\CANopen\Adapters\PcanBasicCanBus.cs(82,80): warning IDE2003: 鍧椾笌鍚庣画璇彞涔嬮棿闇€瑕佹湁绌虹櫧琛?(https://learn.microsoft.com/dotnet/fundamentals/code-analysis/style-rules/ide2003) [C:\UserWorx\VSWorx\ServoStudio\wpfui-servoStudio\samples\Wpf.Ui.servoStudio\servoStudio_wjhet5xd_wpftmp.csproj]
C:\UserWorx\VSWorx\ServoStudio\wpfui-servoStudio\samples\Wpf.Ui.servoStudio\Core\CANopen\Adapters\PcanBasicCanBus.cs(140,17): warning IDE2003: 鍧椾笌鍚庣画璇彞涔嬮棿闇€瑕佹湁绌虹櫧琛?(https://learn.microsoft.com/dotnet/fundamentals/code-analysis/style-rules/ide2003) [C:\UserWorx\VSWorx\ServoStudio\wpfui-servoStudio\samples\Wpf.Ui.servoStudio\servoStudio_wjhet5xd_wpftmp.csproj]
C:\UserWorx\VSWorx\ServoStudio\wpfui-servoStudio\samples\Wpf.Ui.servoStudio\Services\UsbDeviceWatcher.cs(28,21): warning CA1060: 灏?pinvoke 绉诲埌鏈満鏂规硶绫?(https://learn.microsoft.com/dotnet/fundamentals/code-analysis/quality-rules/ca1060) [C:\UserWorx\VSWorx\ServoStudio\wpfui-servoStudio\samples\Wpf.Ui.servoStudio\servoStudio_wjhet5xd_wpftmp.csproj]
C:\UserWorx\VSWorx\ServoStudio\wpfui-servoStudio\samples\Wpf.Ui.servoStudio\Core\CANopen\Adapters\ToomossCanBus.cs(27,30): warning IDE0055: 淇鏍煎紡 (https://learn.microsoft.com/dotnet/fundamentals/code-analysis/style-rules/ide0055) [C:\UserWorx\VSWorx\ServoStudio\wpfui-servoStudio\samples\Wpf.Ui.servoStudio\servoStudio_wjhet5xd_wpftmp.csproj]
C:\UserWorx\VSWorx\ServoStudio\wpfui-servoStudio\samples\Wpf.Ui.servoStudio\Core\CANopen\Adapters\ToomossCanBus.cs(27,32): warning IDE0055: 淇鏍煎紡 (https://learn.microsoft.com/dotnet/fundamentals/code-analysis/style-rules/ide0055) [C:\UserWorx\VSWorx\ServoStudio\wpfui-servoStudio\samples\Wpf.Ui.servoStudio\servoStudio_wjhet5xd_wpftmp.csproj]
C:\UserWorx\VSWorx\ServoStudio\wpfui-servoStudio\samples\Wpf.Ui.servoStudio\Core\CANopen\Adapters\ToomossCanBus.cs(27,42): warning IDE0055: 淇鏍煎紡 (https://learn.microsoft.com/dotnet/fundamentals/code-analysis/style-rules/ide0055) [C:\UserWorx\VSWorx\ServoStudio\wpfui-servoStudio\samples\Wpf.Ui.servoStudio\servoStudio_wjhet5xd_wpftmp.csproj]
C:\UserWorx\VSWorx\ServoStudio\wpfui-servoStudio\samples\Wpf.Ui.servoStudio\Core\CANopen\Adapters\ToomossCanBus.cs(30,25): warning IDE0055: 淇鏍煎紡 (https://learn.microsoft.com/dotnet/fundamentals/code-analysis/style-rules/ide0055) [C:\UserWorx\VSWorx\ServoStudio\wpfui-servoStudio\samples\Wpf.Ui.servoStudio\servoStudio_wjhet5xd_wpftmp.csproj]
C:\UserWorx\VSWorx\ServoStudio\wpfui-servoStudio\samples\Wpf.Ui.servoStudio\Core\CANopen\Adapters\ToomossCanBus.cs(30,27): warning IDE0055: 淇鏍煎紡 (https://learn.microsoft.com/dotnet/fundamentals/code-analysis/style-rules/ide0055) [C:\UserWorx\VSWorx\ServoStudio\wpfui-servoStudio\samples\Wpf.Ui.servoStudio\servoStudio_wjhet5xd_wpftmp.csproj]
C:\UserWorx\VSWorx\ServoStudio\wpfui-servoStudio\samples\Wpf.Ui.servoStudio\Core\CANopen\Adapters\ToomossCanBus.cs(30,37): warning IDE0055: 淇鏍煎紡 (https://learn.microsoft.com/dotnet/fundamentals/code-analysis/style-rules/ide0055) [C:\UserWorx\VSWorx\ServoStudio\wpfui-servoStudio\samples\Wpf.Ui.servoStudio\servoStudio_wjhet5xd_wpftmp.csproj]
C:\UserWorx\VSWorx\ServoStudio\wpfui-servoStudio\samples\Wpf.Ui.servoStudio\Core\CANopen\Adapters\ToomossCanBus.cs(32,23): warning IDE0055: 淇鏍煎紡 (https://learn.microsoft.com/dotnet/fundamentals/code-analysis/style-rules/ide0055) [C:\UserWorx\VSWorx\ServoStudio\wpfui-servoStudio\samples\Wpf.Ui.servoStudio\servoStudio_wjhet5xd_wpftmp.csproj]
C:\UserWorx\VSWorx\ServoStudio\wpfui-servoStudio\samples\Wpf.Ui.servoStudio\Core\CANopen\Adapters\ToomossCanBus.cs(32,25): warning IDE0055: 淇鏍煎紡 (https://learn.microsoft.com/dotnet/fundamentals/code-analysis/style-rules/ide0055) [C:\UserWorx\VSWorx\ServoStudio\wpfui-servoStudio\samples\Wpf.Ui.servoStudio\servoStudio_wjhet5xd_wpftmp.csproj]
C:\UserWorx\VSWorx\ServoStudio\wpfui-servoStudio\samples\Wpf.Ui.servoStudio\Core\CANopen\Adapters\ToomossCanBus.cs(32,43): warning IDE0055: 淇鏍煎紡 (https://learn.microsoft.com/dotnet/fundamentals/code-analysis/style-rules/ide0055) [C:\UserWorx\VSWorx\ServoStudio\wpfui-servoStudio\samples\Wpf.Ui.servoStudio\servoStudio_wjhet5xd_wpftmp.csproj]
C:\UserWorx\VSWorx\ServoStudio\wpfui-servoStudio\samples\Wpf.Ui.servoStudio\Core\CANopen\Adapters\ToomossCanBus.cs(37,27): warning IDE0055: 淇鏍煎紡 (https://learn.microsoft.com/dotnet/fundamentals/code-analysis/style-rules/ide0055) [C:\UserWorx\VSWorx\ServoStudio\wpfui-servoStudio\samples\Wpf.Ui.servoStudio\servoStudio_wjhet5xd_wpftmp.csproj]
C:\UserWorx\VSWorx\ServoStudio\wpfui-servoStudio\samples\Wpf.Ui.servoStudio\Core\CANopen\Adapters\ToomossCanBus.cs(37,29): warning IDE0055: 淇鏍煎紡 (https://learn.microsoft.com/dotnet/fundamentals/code-analysis/style-rules/ide0055) [C:\UserWorx\VSWorx\ServoStudio\wpfui-servoStudio\samples\Wpf.Ui.servoStudio\servoStudio_wjhet5xd_wpftmp.csproj]
C:\UserWorx\VSWorx\ServoStudio\wpfui-servoStudio\samples\Wpf.Ui.servoStudio\Core\CANopen\Adapters\ToomossCanBus.cs(57,28): warning IDE0055: 淇鏍煎紡 (https://learn.microsoft.com/dotnet/fundamentals/code-analysis/style-rules/ide0055) [C:\UserWorx\VSWorx\ServoStudio\wpfui-servoStudio\samples\Wpf.Ui.servoStudio\servoStudio_wjhet5xd_wpftmp.csproj]
C:\UserWorx\VSWorx\ServoStudio\wpfui-servoStudio\samples\Wpf.Ui.servoStudio\Core\CANopen\Adapters\ToomossCanBus.cs(57,30): warning IDE0055: 淇鏍煎紡 (https://learn.microsoft.com/dotnet/fundamentals/code-analysis/style-rules/ide0055) [C:\UserWorx\VSWorx\ServoStudio\wpfui-servoStudio\samples\Wpf.Ui.servoStudio\servoStudio_wjhet5xd_wpftmp.csproj]
C:\UserWorx\VSWorx\ServoStudio\wpfui-servoStudio\samples\Wpf.Ui.servoStudio\Core\CANopen\Adapters\ToomossCanBus.cs(57,66): warning IDE0055: 淇鏍煎紡 (https://learn.microsoft.com/dotnet/fundamentals/code-analysis/style-rules/ide0055) [C:\UserWorx\VSWorx\ServoStudio\wpfui-servoStudio\samples\Wpf.Ui.servoStudio\servoStudio_wjhet5xd_wpftmp.csproj]
C:\UserWorx\VSWorx\ServoStudio\wpfui-servoStudio\samples\Wpf.Ui.servoStudio\Core\CANopen\Adapters\ToomossCanBus.cs(57,80): warning IDE0055: 淇鏍煎紡 (https://learn.microsoft.com/dotnet/fundamentals/code-analysis/style-rules/ide0055) [C:\UserWorx\VSWorx\ServoStudio\wpfui-servoStudio\samples\Wpf.Ui.servoStudio\servoStudio_wjhet5xd_wpftmp.csproj]
C:\UserWorx\VSWorx\ServoStudio\wpfui-servoStudio\samples\Wpf.Ui.servoStudio\Core\CANopen\Adapters\ToomossCanBus.cs(91,75): warning IDE0055: 淇鏍煎紡 (https://learn.microsoft.com/dotnet/fundamentals/code-analysis/style-rules/ide0055) [C:\UserWorx\VSWorx\ServoStudio\wpfui-servoStudio\samples\Wpf.Ui.servoStudio\servoStudio_wjhet5xd_wpftmp.csproj]
C:\UserWorx\VSWorx\ServoStudio\wpfui-servoStudio\samples\Wpf.Ui.servoStudio\Core\CANopen\Adapters\ToomossCanBus.cs(91,91): warning IDE0055: 淇鏍煎紡 (https://learn.microsoft.com/dotnet/fundamentals/code-analysis/style-rules/ide0055) [C:\UserWorx\VSWorx\ServoStudio\wpfui-servoStudio\samples\Wpf.Ui.servoStudio\servoStudio_wjhet5xd_wpftmp.csproj]
C:\UserWorx\VSWorx\ServoStudio\wpfui-servoStudio\samples\Wpf.Ui.servoStudio\Core\CANopen\Adapters\ToomossCanBus.cs(213,30): warning IDE0055: 淇鏍煎紡 (https://learn.microsoft.com/dotnet/fundamentals/code-analysis/style-rules/ide0055) [C:\UserWorx\VSWorx\ServoStudio\wpfui-servoStudio\samples\Wpf.Ui.servoStudio\servoStudio_wjhet5xd_wpftmp.csproj]
C:\UserWorx\VSWorx\ServoStudio\wpfui-servoStudio\samples\Wpf.Ui.servoStudio\Core\CANopen\Adapters\ToomossCanBus.cs(214,30): warning IDE0055: 淇鏍煎紡 (https://learn.microsoft.com/dotnet/fundamentals/code-analysis/style-rules/ide0055) [C:\UserWorx\VSWorx\ServoStudio\wpfui-servoStudio\samples\Wpf.Ui.servoStudio\servoStudio_wjhet5xd_wpftmp.csproj]
C:\UserWorx\VSWorx\ServoStudio\wpfui-servoStudio\samples\Wpf.Ui.servoStudio\Core\CANopen\Adapters\ToomossCanBus.cs(215,30): warning IDE0055: 淇鏍煎紡 (https://learn.microsoft.com/dotnet/fundamentals/code-analysis/style-rules/ide0055) [C:\UserWorx\VSWorx\ServoStudio\wpfui-servoStudio\samples\Wpf.Ui.servoStudio\servoStudio_wjhet5xd_wpftmp.csproj]
C:\UserWorx\VSWorx\ServoStudio\wpfui-servoStudio\samples\Wpf.Ui.servoStudio\Core\CANopen\Adapters\ToomossCanBus.cs(215,48): warning IDE0055: 淇鏍煎紡 (https://learn.microsoft.com/dotnet/fundamentals/code-analysis/style-rules/ide0055) [C:\UserWorx\VSWorx\ServoStudio\wpfui-servoStudio\samples\Wpf.Ui.servoStudio\servoStudio_wjhet5xd_wpftmp.csproj]
C:\UserWorx\VSWorx\ServoStudio\wpfui-servoStudio\samples\Wpf.Ui.servoStudio\Core\CANopen\Adapters\ToomossCanBus.cs(216,31): warning IDE0055: 淇鏍煎紡 (https://learn.microsoft.com/dotnet/fundamentals/code-analysis/style-rules/ide0055) [C:\UserWorx\VSWorx\ServoStudio\wpfui-servoStudio\samples\Wpf.Ui.servoStudio\servoStudio_wjhet5xd_wpftmp.csproj]
C:\UserWorx\VSWorx\ServoStudio\wpfui-servoStudio\samples\Wpf.Ui.servoStudio\Core\CANopen\Adapters\ToomossCanBus.cs(216,48): warning IDE0055: 淇鏍煎紡 (https://learn.microsoft.com/dotnet/fundamentals/code-analysis/style-rules/ide0055) [C:\UserWorx\VSWorx\ServoStudio\wpfui-servoStudio\samples\Wpf.Ui.servoStudio\servoStudio_wjhet5xd_wpftmp.csproj]
C:\UserWorx\VSWorx\ServoStudio\wpfui-servoStudio\samples\Wpf.Ui.servoStudio\Core\CANopen\Adapters\ToomossCanBus.cs(217,31): warning IDE0055: 淇鏍煎紡 (https://learn.microsoft.com/dotnet/fundamentals/code-analysis/style-rules/ide0055) [C:\UserWorx\VSWorx\ServoStudio\wpfui-servoStudio\samples\Wpf.Ui.servoStudio\servoStudio_wjhet5xd_wpftmp.csproj]
C:\UserWorx\VSWorx\ServoStudio\wpfui-servoStudio\samples\Wpf.Ui.servoStudio\Core\CANopen\Adapters\ToomossCanBus.cs(217,48): warning IDE0055: 淇鏍煎紡 (https://learn.microsoft.com/dotnet/fundamentals/code-analysis/style-rules/ide0055) [C:\UserWorx\VSWorx\ServoStudio\wpfui-servoStudio\samples\Wpf.Ui.servoStudio\servoStudio_wjhet5xd_wpftmp.csproj]
C:\UserWorx\VSWorx\ServoStudio\wpfui-servoStudio\samples\Wpf.Ui.servoStudio\Core\CANopen\Adapters\ToomossCanBus.cs(218,31): warning IDE0055: 淇鏍煎紡 (https://learn.microsoft.com/dotnet/fundamentals/code-analysis/style-rules/ide0055) [C:\UserWorx\VSWorx\ServoStudio\wpfui-servoStudio\samples\Wpf.Ui.servoStudio\servoStudio_wjhet5xd_wpftmp.csproj]
C:\UserWorx\VSWorx\ServoStudio\wpfui-servoStudio\samples\Wpf.Ui.servoStudio\Core\CANopen\Adapters\ToomossCanBus.cs(218,48): warning IDE0055: 淇鏍煎紡 (https://learn.microsoft.com/dotnet/fundamentals/code-analysis/style-rules/ide0055) [C:\UserWorx\VSWorx\ServoStudio\wpfui-servoStudio\samples\Wpf.Ui.servoStudio\servoStudio_wjhet5xd_wpftmp.csproj]
C:\UserWorx\VSWorx\ServoStudio\wpfui-servoStudio\samples\Wpf.Ui.servoStudio\Core\CANopen\Adapters\ToomossCanBus.cs(219,31): warning IDE0055: 淇鏍煎紡 (https://learn.microsoft.com/dotnet/fundamentals/code-analysis/style-rules/ide0055) [C:\UserWorx\VSWorx\ServoStudio\wpfui-servoStudio\samples\Wpf.Ui.servoStudio\servoStudio_wjhet5xd_wpftmp.csproj]
C:\UserWorx\VSWorx\ServoStudio\wpfui-servoStudio\samples\Wpf.Ui.servoStudio\Core\CANopen\Adapters\ToomossCanBus.cs(219,47): warning IDE0055: 淇鏍煎紡 (https://learn.microsoft.com/dotnet/fundamentals/code-analysis/style-rules/ide0055) [C:\UserWorx\VSWorx\ServoStudio\wpfui-servoStudio\samples\Wpf.Ui.servoStudio\servoStudio_wjhet5xd_wpftmp.csproj]
C:\UserWorx\VSWorx\ServoStudio\wpfui-servoStudio\samples\Wpf.Ui.servoStudio\Core\CANopen\Adapters\ToomossCanBus.cs(220,31): warning IDE0055: 淇鏍煎紡 (https://learn.microsoft.com/dotnet/fundamentals/code-analysis/style-rules/ide0055) [C:\UserWorx\VSWorx\ServoStudio\wpfui-servoStudio\samples\Wpf.Ui.servoStudio\servoStudio_wjhet5xd_wpftmp.csproj]
C:\UserWorx\VSWorx\ServoStudio\wpfui-servoStudio\samples\Wpf.Ui.servoStudio\Core\CANopen\Adapters\ToomossCanBus.cs(220,47): warning IDE0055: 淇鏍煎紡 (https://learn.microsoft.com/dotnet/fundamentals/code-analysis/style-rules/ide0055) [C:\UserWorx\VSWorx\ServoStudio\wpfui-servoStudio\samples\Wpf.Ui.servoStudio\servoStudio_wjhet5xd_wpftmp.csproj]
C:\UserWorx\VSWorx\ServoStudio\wpfui-servoStudio\samples\Wpf.Ui.servoStudio\Core\CANopen\Adapters\ToomossCanBus.cs(221,47): warning IDE0055: 淇鏍煎紡 (https://learn.microsoft.com/dotnet/fundamentals/code-analysis/style-rules/ide0055) [C:\UserWorx\VSWorx\ServoStudio\wpfui-servoStudio\samples\Wpf.Ui.servoStudio\servoStudio_wjhet5xd_wpftmp.csproj]
C:\UserWorx\VSWorx\ServoStudio\wpfui-servoStudio\samples\Wpf.Ui.servoStudio\Core\CANopen\Adapters\ToomossCanBus.cs(232,12): warning IDE0055: 淇鏍煎紡 (https://learn.microsoft.com/dotnet/fundamentals/code-analysis/style-rules/ide0055) [C:\UserWorx\VSWorx\ServoStudio\wpfui-servoStudio\samples\Wpf.Ui.servoStudio\servoStudio_wjhet5xd_wpftmp.csproj]
C:\UserWorx\VSWorx\ServoStudio\wpfui-servoStudio\samples\Wpf.Ui.servoStudio\Core\CANopen\Adapters\ToomossCanBus.cs(232,14): warning IDE0055: 淇鏍煎紡 (https://learn.microsoft.com/dotnet/fundamentals/code-analysis/style-rules/ide0055) [C:\UserWorx\VSWorx\ServoStudio\wpfui-servoStudio\samples\Wpf.Ui.servoStudio\servoStudio_wjhet5xd_wpftmp.csproj]
C:\UserWorx\VSWorx\ServoStudio\wpfui-servoStudio\samples\Wpf.Ui.servoStudio\Core\CANopen\Adapters\ToomossCanBus.cs(232,77): warning IDE0055: 淇鏍煎紡 (https://learn.microsoft.com/dotnet/fundamentals/code-analysis/style-rules/ide0055) [C:\UserWorx\VSWorx\ServoStudio\wpfui-servoStudio\samples\Wpf.Ui.servoStudio\servoStudio_wjhet5xd_wpftmp.csproj]
C:\UserWorx\VSWorx\ServoStudio\wpfui-servoStudio\samples\Wpf.Ui.servoStudio\Core\CANopen\Adapters\ToomossCanBus.cs(57,81): warning IDE2003: 鍧椾笌鍚庣画璇彞涔嬮棿闇€瑕佹湁绌虹櫧琛?(https://learn.microsoft.com/dotnet/fundamentals/code-analysis/style-rules/ide2003) [C:\UserWorx\VSWorx\ServoStudio\wpfui-servoStudio\samples\Wpf.Ui.servoStudio\servoStudio_wjhet5xd_wpftmp.csproj]
C:\UserWorx\VSWorx\ServoStudio\wpfui-servoStudio\samples\Wpf.Ui.servoStudio\Core\CANopen\Adapters\ToomossCanBus.cs(185,58): warning IDE2003: 鍧椾笌鍚庣画璇彞涔嬮棿闇€瑕佹湁绌虹櫧琛?(https://learn.microsoft.com/dotnet/fundamentals/code-analysis/style-rules/ide2003) [C:\UserWorx\VSWorx\ServoStudio\wpfui-servoStudio\samples\Wpf.Ui.servoStudio\servoStudio_wjhet5xd_wpftmp.csproj]
C:\UserWorx\VSWorx\ServoStudio\wpfui-servoStudio\samples\Wpf.Ui.servoStudio\Core\CANopen\Adapters\ZlgCanBus.cs(449,23): warning CA1060: 灏?pinvoke 绉诲埌鏈満鏂规硶绫?(https://learn.microsoft.com/dotnet/fundamentals/code-analysis/quality-rules/ca1060) [C:\UserWorx\VSWorx\ServoStudio\wpfui-servoStudio\samples\Wpf.Ui.servoStudio\servoStudio_wjhet5xd_wpftmp.csproj]
C:\UserWorx\VSWorx\ServoStudio\wpfui-servoStudio\samples\Wpf.Ui.servoStudio\Core\CANopen\Adapters\ZlgCanBus.cs(26,28): warning IDE0055: 淇鏍煎紡 (https://learn.microsoft.com/dotnet/fundamentals/code-analysis/style-rules/ide0055) [C:\UserWorx\VSWorx\ServoStudio\wpfui-servoStudio\samples\Wpf.Ui.servoStudio\servoStudio_wjhet5xd_wpftmp.csproj]
C:\UserWorx\VSWorx\ServoStudio\wpfui-servoStudio\samples\Wpf.Ui.servoStudio\Core\CANopen\Adapters\ZlgCanBus.cs(26,30): warning IDE0055: 淇鏍煎紡 (https://learn.microsoft.com/dotnet/fundamentals/code-analysis/style-rules/ide0055) [C:\UserWorx\VSWorx\ServoStudio\wpfui-servoStudio\samples\Wpf.Ui.servoStudio\servoStudio_wjhet5xd_wpftmp.csproj]
C:\UserWorx\VSWorx\ServoStudio\wpfui-servoStudio\samples\Wpf.Ui.servoStudio\Core\CANopen\Adapters\ZlgCanBus.cs(26,40): warning IDE0055: 淇鏍煎紡 (https://learn.microsoft.com/dotnet/fundamentals/code-analysis/style-rules/ide0055) [C:\UserWorx\VSWorx\ServoStudio\wpfui-servoStudio\samples\Wpf.Ui.servoStudio\servoStudio_wjhet5xd_wpftmp.csproj]
C:\UserWorx\VSWorx\ServoStudio\wpfui-servoStudio\samples\Wpf.Ui.servoStudio\Core\CANopen\Adapters\ZlgCanBus.cs(29,24): warning IDE0055: 淇鏍煎紡 (https://learn.microsoft.com/dotnet/fundamentals/code-analysis/style-rules/ide0055) [C:\UserWorx\VSWorx\ServoStudio\wpfui-servoStudio\samples\Wpf.Ui.servoStudio\servoStudio_wjhet5xd_wpftmp.csproj]
C:\UserWorx\VSWorx\ServoStudio\wpfui-servoStudio\samples\Wpf.Ui.servoStudio\Core\CANopen\Adapters\ZlgCanBus.cs(29,26): warning IDE0055: 淇鏍煎紡 (https://learn.microsoft.com/dotnet/fundamentals/code-analysis/style-rules/ide0055) [C:\UserWorx\VSWorx\ServoStudio\wpfui-servoStudio\samples\Wpf.Ui.servoStudio\servoStudio_wjhet5xd_wpftmp.csproj]
C:\UserWorx\VSWorx\ServoStudio\wpfui-servoStudio\samples\Wpf.Ui.servoStudio\Core\CANopen\Adapters\ZlgCanBus.cs(29,36): warning IDE0055: 淇鏍煎紡 (https://learn.microsoft.com/dotnet/fundamentals/code-analysis/style-rules/ide0055) [C:\UserWorx\VSWorx\ServoStudio\wpfui-servoStudio\samples\Wpf.Ui.servoStudio\servoStudio_wjhet5xd_wpftmp.csproj]
C:\UserWorx\VSWorx\ServoStudio\wpfui-servoStudio\samples\Wpf.Ui.servoStudio\Core\CANopen\Adapters\ZlgCanBus.cs(31,23): warning IDE0055: 淇鏍煎紡 (https://learn.microsoft.com/dotnet/fundamentals/code-analysis/style-rules/ide0055) [C:\UserWorx\VSWorx\ServoStudio\wpfui-servoStudio\samples\Wpf.Ui.servoStudio\servoStudio_wjhet5xd_wpftmp.csproj]
C:\UserWorx\VSWorx\ServoStudio\wpfui-servoStudio\samples\Wpf.Ui.servoStudio\Core\CANopen\Adapters\ZlgCanBus.cs(31,25): warning IDE0055: 淇鏍煎紡 (https://learn.microsoft.com/dotnet/fundamentals/code-analysis/style-rules/ide0055) [C:\UserWorx\VSWorx\ServoStudio\wpfui-servoStudio\samples\Wpf.Ui.servoStudio\servoStudio_wjhet5xd_wpftmp.csproj]
C:\UserWorx\VSWorx\ServoStudio\wpfui-servoStudio\samples\Wpf.Ui.servoStudio\Core\CANopen\Adapters\ZlgCanBus.cs(31,43): warning IDE0055: 淇鏍煎紡 (https://learn.microsoft.com/dotnet/fundamentals/code-analysis/style-rules/ide0055) [C:\UserWorx\VSWorx\ServoStudio\wpfui-servoStudio\samples\Wpf.Ui.servoStudio\servoStudio_wjhet5xd_wpftmp.csproj]
C:\UserWorx\VSWorx\ServoStudio\wpfui-servoStudio\samples\Wpf.Ui.servoStudio\Core\CANopen\Adapters\ZlgCanBus.cs(37,23): warning IDE0055: 淇鏍煎紡 (https://learn.microsoft.com/dotnet/fundamentals/code-analysis/style-rules/ide0055) [C:\UserWorx\VSWorx\ServoStudio\wpfui-servoStudio\samples\Wpf.Ui.servoStudio\servoStudio_wjhet5xd_wpftmp.csproj]
C:\UserWorx\VSWorx\ServoStudio\wpfui-servoStudio\samples\Wpf.Ui.servoStudio\Core\CANopen\Adapters\ZlgCanBus.cs(37,25): warning IDE0055: 淇鏍煎紡 (https://learn.microsoft.com/dotnet/fundamentals/code-analysis/style-rules/ide0055) [C:\UserWorx\VSWorx\ServoStudio\wpfui-servoStudio\samples\Wpf.Ui.servoStudio\servoStudio_wjhet5xd_wpftmp.csproj]
C:\UserWorx\VSWorx\ServoStudio\wpfui-servoStudio\samples\Wpf.Ui.servoStudio\Core\CANopen\Adapters\ZlgCanBus.cs(59,16): warning IDE0055: 淇鏍煎紡 (https://learn.microsoft.com/dotnet/fundamentals/code-analysis/style-rules/ide0055) [C:\UserWorx\VSWorx\ServoStudio\wpfui-servoStudio\samples\Wpf.Ui.servoStudio\servoStudio_wjhet5xd_wpftmp.csproj]
C:\UserWorx\VSWorx\ServoStudio\wpfui-servoStudio\samples\Wpf.Ui.servoStudio\Core\CANopen\Adapters\ZlgCanBus.cs(59,18): warning IDE0055: 淇鏍煎紡 (https://learn.microsoft.com/dotnet/fundamentals/code-analysis/style-rules/ide0055) [C:\UserWorx\VSWorx\ServoStudio\wpfui-servoStudio\samples\Wpf.Ui.servoStudio\servoStudio_wjhet5xd_wpftmp.csproj]
C:\UserWorx\VSWorx\ServoStudio\wpfui-servoStudio\samples\Wpf.Ui.servoStudio\Core\CANopen\Adapters\ZlgCanBus.cs(59,65): warning IDE0055: 淇鏍煎紡 (https://learn.microsoft.com/dotnet/fundamentals/code-analysis/style-rules/ide0055) [C:\UserWorx\VSWorx\ServoStudio\wpfui-servoStudio\samples\Wpf.Ui.servoStudio\servoStudio_wjhet5xd_wpftmp.csproj]
C:\UserWorx\VSWorx\ServoStudio\wpfui-servoStudio\samples\Wpf.Ui.servoStudio\Core\CANopen\Adapters\ZlgCanBus.cs(59,104): warning IDE0055: 淇鏍煎紡 (https://learn.microsoft.com/dotnet/fundamentals/code-analysis/style-rules/ide0055) [C:\UserWorx\VSWorx\ServoStudio\wpfui-servoStudio\samples\Wpf.Ui.servoStudio\servoStudio_wjhet5xd_wpftmp.csproj]
C:\UserWorx\VSWorx\ServoStudio\wpfui-servoStudio\samples\Wpf.Ui.servoStudio\Core\CANopen\Adapters\ZlgCanBus.cs(114,41): warning IDE0055: 淇鏍煎紡 (https://learn.microsoft.com/dotnet/fundamentals/code-analysis/style-rules/ide0055) [C:\UserWorx\VSWorx\ServoStudio\wpfui-servoStudio\samples\Wpf.Ui.servoStudio\servoStudio_wjhet5xd_wpftmp.csproj]
C:\UserWorx\VSWorx\ServoStudio\wpfui-servoStudio\samples\Wpf.Ui.servoStudio\Core\CANopen\Adapters\ZlgCanBus.cs(114,43): warning IDE0055: 淇鏍煎紡 (https://learn.microsoft.com/dotnet/fundamentals/code-analysis/style-rules/ide0055) [C:\UserWorx\VSWorx\ServoStudio\wpfui-servoStudio\samples\Wpf.Ui.servoStudio\servoStudio_wjhet5xd_wpftmp.csproj]
C:\UserWorx\VSWorx\ServoStudio\wpfui-servoStudio\samples\Wpf.Ui.servoStudio\Core\CANopen\Adapters\ZlgCanBus.cs(114,52): warning IDE0055: 淇鏍煎紡 (https://learn.microsoft.com/dotnet/fundamentals/code-analysis/style-rules/ide0055) [C:\UserWorx\VSWorx\ServoStudio\wpfui-servoStudio\samples\Wpf.Ui.servoStudio\servoStudio_wjhet5xd_wpftmp.csproj]
C:\UserWorx\VSWorx\ServoStudio\wpfui-servoStudio\samples\Wpf.Ui.servoStudio\Core\CANopen\Adapters\ZlgCanBus.cs(114,66): warning IDE0055: 淇鏍煎紡 (https://learn.microsoft.com/dotnet/fundamentals/code-analysis/style-rules/ide0055) [C:\UserWorx\VSWorx\ServoStudio\wpfui-servoStudio\samples\Wpf.Ui.servoStudio\servoStudio_wjhet5xd_wpftmp.csproj]
C:\UserWorx\VSWorx\ServoStudio\wpfui-servoStudio\samples\Wpf.Ui.servoStudio\Core\CANopen\Adapters\ZlgCanBus.cs(116,59): warning IDE0055: 淇鏍煎紡 (https://learn.microsoft.com/dotnet/fundamentals/code-analysis/style-rules/ide0055) [C:\UserWorx\VSWorx\ServoStudio\wpfui-servoStudio\samples\Wpf.Ui.servoStudio\servoStudio_wjhet5xd_wpftmp.csproj]
C:\UserWorx\VSWorx\ServoStudio\wpfui-servoStudio\samples\Wpf.Ui.servoStudio\Core\CANopen\Adapters\ZlgCanBus.cs(116,61): warning IDE0055: 淇鏍煎紡 (https://learn.microsoft.com/dotnet/fundamentals/code-analysis/style-rules/ide0055) [C:\UserWorx\VSWorx\ServoStudio\wpfui-servoStudio\samples\Wpf.Ui.servoStudio\servoStudio_wjhet5xd_wpftmp.csproj]
C:\UserWorx\VSWorx\ServoStudio\wpfui-servoStudio\samples\Wpf.Ui.servoStudio\Core\CANopen\Adapters\ZlgCanBus.cs(116,70): warning IDE0055: 淇鏍煎紡 (https://learn.microsoft.com/dotnet/fundamentals/code-analysis/style-rules/ide0055) [C:\UserWorx\VSWorx\ServoStudio\wpfui-servoStudio\samples\Wpf.Ui.servoStudio\servoStudio_wjhet5xd_wpftmp.csproj]
C:\UserWorx\VSWorx\ServoStudio\wpfui-servoStudio\samples\Wpf.Ui.servoStudio\Core\CANopen\Adapters\ZlgCanBus.cs(116,84): warning IDE0055: 淇鏍煎紡 (https://learn.microsoft.com/dotnet/fundamentals/code-analysis/style-rules/ide0055) [C:\UserWorx\VSWorx\ServoStudio\wpfui-servoStudio\samples\Wpf.Ui.servoStudio\servoStudio_wjhet5xd_wpftmp.csproj]
C:\UserWorx\VSWorx\ServoStudio\wpfui-servoStudio\samples\Wpf.Ui.servoStudio\Core\CANopen\Adapters\ZlgCanBus.cs(131,20): warning IDE0055: 淇鏍煎紡 (https://learn.microsoft.com/dotnet/fundamentals/code-analysis/style-rules/ide0055) [C:\UserWorx\VSWorx\ServoStudio\wpfui-servoStudio\samples\Wpf.Ui.servoStudio\servoStudio_wjhet5xd_wpftmp.csproj]
C:\UserWorx\VSWorx\ServoStudio\wpfui-servoStudio\samples\Wpf.Ui.servoStudio\Core\CANopen\Adapters\ZlgCanBus.cs(131,22): warning IDE0055: 淇鏍煎紡 (https://learn.microsoft.com/dotnet/fundamentals/code-analysis/style-rules/ide0055) [C:\UserWorx\VSWorx\ServoStudio\wpfui-servoStudio\samples\Wpf.Ui.servoStudio\servoStudio_wjhet5xd_wpftmp.csproj]
C:\UserWorx\VSWorx\ServoStudio\wpfui-servoStudio\samples\Wpf.Ui.servoStudio\Core\CANopen\Adapters\ZlgCanBus.cs(131,66): warning IDE0055: 淇鏍煎紡 (https://learn.microsoft.com/dotnet/fundamentals/code-analysis/style-rules/ide0055) [C:\UserWorx\VSWorx\ServoStudio\wpfui-servoStudio\samples\Wpf.Ui.servoStudio\servoStudio_wjhet5xd_wpftmp.csproj]
C:\UserWorx\VSWorx\ServoStudio\wpfui-servoStudio\samples\Wpf.Ui.servoStudio\Core\CANopen\Adapters\ZlgCanBus.cs(131,68): warning IDE0055: 淇鏍煎紡 (https://learn.microsoft.com/dotnet/fundamentals/code-analysis/style-rules/ide0055) [C:\UserWorx\VSWorx\ServoStudio\wpfui-servoStudio\samples\Wpf.Ui.servoStudio\servoStudio_wjhet5xd_wpftmp.csproj]
C:\UserWorx\VSWorx\ServoStudio\wpfui-servoStudio\samples\Wpf.Ui.servoStudio\Core\CANopen\Adapters\ZlgCanBus.cs(172,27): warning IDE0055: 淇鏍煎紡 (https://learn.microsoft.com/dotnet/fundamentals/code-analysis/style-rules/ide0055) [C:\UserWorx\VSWorx\ServoStudio\wpfui-servoStudio\samples\Wpf.Ui.servoStudio\servoStudio_wjhet5xd_wpftmp.csproj]
C:\UserWorx\VSWorx\ServoStudio\wpfui-servoStudio\samples\Wpf.Ui.servoStudio\Core\CANopen\Adapters\ZlgCanBus.cs(172,39): warning IDE0055: 淇鏍煎紡 (https://learn.microsoft.com/dotnet/fundamentals/code-analysis/style-rules/ide0055) [C:\UserWorx\VSWorx\ServoStudio\wpfui-servoStudio\samples\Wpf.Ui.servoStudio\servoStudio_wjhet5xd_wpftmp.csproj]
C:\UserWorx\VSWorx\ServoStudio\wpfui-servoStudio\samples\Wpf.Ui.servoStudio\Core\CANopen\Adapters\ZlgCanBus.cs(249,30): warning IDE0055: 淇鏍煎紡 (https://learn.microsoft.com/dotnet/fundamentals/code-analysis/style-rules/ide0055) [C:\UserWorx\VSWorx\ServoStudio\wpfui-servoStudio\samples\Wpf.Ui.servoStudio\servoStudio_wjhet5xd_wpftmp.csproj]
C:\UserWorx\VSWorx\ServoStudio\wpfui-servoStudio\samples\Wpf.Ui.servoStudio\Core\CANopen\Adapters\ZlgCanBus.cs(250,30): warning IDE0055: 淇鏍煎紡 (https://learn.microsoft.com/dotnet/fundamentals/code-analysis/style-rules/ide0055) [C:\UserWorx\VSWorx\ServoStudio\wpfui-servoStudio\samples\Wpf.Ui.servoStudio\servoStudio_wjhet5xd_wpftmp.csproj]
C:\UserWorx\VSWorx\ServoStudio\wpfui-servoStudio\samples\Wpf.Ui.servoStudio\Core\CANopen\Adapters\ZlgCanBus.cs(251,30): warning IDE0055: 淇鏍煎紡 (https://learn.microsoft.com/dotnet/fundamentals/code-analysis/style-rules/ide0055) [C:\UserWorx\VSWorx\ServoStudio\wpfui-servoStudio\samples\Wpf.Ui.servoStudio\servoStudio_wjhet5xd_wpftmp.csproj]
C:\UserWorx\VSWorx\ServoStudio\wpfui-servoStudio\samples\Wpf.Ui.servoStudio\Core\CANopen\Adapters\ZlgCanBus.cs(252,31): warning IDE0055: 淇鏍煎紡 (https://learn.microsoft.com/dotnet/fundamentals/code-analysis/style-rules/ide0055) [C:\UserWorx\VSWorx\ServoStudio\wpfui-servoStudio\samples\Wpf.Ui.servoStudio\servoStudio_wjhet5xd_wpftmp.csproj]
C:\UserWorx\VSWorx\ServoStudio\wpfui-servoStudio\samples\Wpf.Ui.servoStudio\Core\CANopen\Adapters\ZlgCanBus.cs(253,31): warning IDE0055: 淇鏍煎紡 (https://learn.microsoft.com/dotnet/fundamentals/code-analysis/style-rules/ide0055) [C:\UserWorx\VSWorx\ServoStudio\wpfui-servoStudio\samples\Wpf.Ui.servoStudio\servoStudio_wjhet5xd_wpftmp.csproj]
C:\UserWorx\VSWorx\ServoStudio\wpfui-servoStudio\samples\Wpf.Ui.servoStudio\Core\CANopen\Adapters\ZlgCanBus.cs(254,31): warning IDE0055: 淇鏍煎紡 (https://learn.microsoft.com/dotnet/fundamentals/code-analysis/style-rules/ide0055) [C:\UserWorx\VSWorx\ServoStudio\wpfui-servoStudio\samples\Wpf.Ui.servoStudio\servoStudio_wjhet5xd_wpftmp.csproj]
C:\UserWorx\VSWorx\ServoStudio\wpfui-servoStudio\samples\Wpf.Ui.servoStudio\Core\CANopen\Adapters\ZlgCanBus.cs(255,31): warning IDE0055: 淇鏍煎紡 (https://learn.microsoft.com/dotnet/fundamentals/code-analysis/style-rules/ide0055) [C:\UserWorx\VSWorx\ServoStudio\wpfui-servoStudio\samples\Wpf.Ui.servoStudio\servoStudio_wjhet5xd_wpftmp.csproj]
C:\UserWorx\VSWorx\ServoStudio\wpfui-servoStudio\samples\Wpf.Ui.servoStudio\Core\CANopen\Adapters\ZlgCanBus.cs(256,31): warning IDE0055: 淇鏍煎紡 (https://learn.microsoft.com/dotnet/fundamentals/code-analysis/style-rules/ide0055) [C:\UserWorx\VSWorx\ServoStudio\wpfui-servoStudio\samples\Wpf.Ui.servoStudio\servoStudio_wjhet5xd_wpftmp.csproj]
C:\UserWorx\VSWorx\ServoStudio\wpfui-servoStudio\samples\Wpf.Ui.servoStudio\Core\CANopen\Adapters\ZlgCanBus.cs(283,20): warning IDE0055: 淇鏍煎紡 (https://learn.microsoft.com/dotnet/fundamentals/code-analysis/style-rules/ide0055) [C:\UserWorx\VSWorx\ServoStudio\wpfui-servoStudio\samples\Wpf.Ui.servoStudio\servoStudio_wjhet5xd_wpftmp.csproj]
C:\UserWorx\VSWorx\ServoStudio\wpfui-servoStudio\samples\Wpf.Ui.servoStudio\Core\CANopen\Adapters\ZlgCanBus.cs(283,22): warning IDE0055: 淇鏍煎紡 (https://learn.microsoft.com/dotnet/fundamentals/code-analysis/style-rules/ide0055) [C:\UserWorx\VSWorx\ServoStudio\wpfui-servoStudio\samples\Wpf.Ui.servoStudio\servoStudio_wjhet5xd_wpftmp.csproj]
C:\UserWorx\VSWorx\ServoStudio\wpfui-servoStudio\samples\Wpf.Ui.servoStudio\Core\CANopen\Adapters\ZlgCanBus.cs(283,61): warning IDE0055: 淇鏍煎紡 (https://learn.microsoft.com/dotnet/fundamentals/code-analysis/style-rules/ide0055) [C:\UserWorx\VSWorx\ServoStudio\wpfui-servoStudio\samples\Wpf.Ui.servoStudio\servoStudio_wjhet5xd_wpftmp.csproj]
C:\UserWorx\VSWorx\ServoStudio\wpfui-servoStudio\samples\Wpf.Ui.servoStudio\Core\CANopen\Adapters\ZlgCanBus.cs(283,63): warning IDE0055: 淇鏍煎紡 (https://learn.microsoft.com/dotnet/fundamentals/code-analysis/style-rules/ide0055) [C:\UserWorx\VSWorx\ServoStudio\wpfui-servoStudio\samples\Wpf.Ui.servoStudio\servoStudio_wjhet5xd_wpftmp.csproj]
C:\UserWorx\VSWorx\ServoStudio\wpfui-servoStudio\samples\Wpf.Ui.servoStudio\Core\CANopen\Adapters\ZlgCanBus.cs(311,13): warning IDE0055: 淇鏍煎紡 (https://learn.microsoft.com/dotnet/fundamentals/code-analysis/style-rules/ide0055) [C:\UserWorx\VSWorx\ServoStudio\wpfui-servoStudio\samples\Wpf.Ui.servoStudio\servoStudio_wjhet5xd_wpftmp.csproj]
C:\UserWorx\VSWorx\ServoStudio\wpfui-servoStudio\samples\Wpf.Ui.servoStudio\Core\CANopen\Adapters\ZlgCanBus.cs(312,13): warning IDE0055: 淇鏍煎紡 (https://learn.microsoft.com/dotnet/fundamentals/code-analysis/style-rules/ide0055) [C:\UserWorx\VSWorx\ServoStudio\wpfui-servoStudio\samples\Wpf.Ui.servoStudio\servoStudio_wjhet5xd_wpftmp.csproj]
C:\UserWorx\VSWorx\ServoStudio\wpfui-servoStudio\samples\Wpf.Ui.servoStudio\Core\CANopen\Adapters\ZlgCanBus.cs(313,17): warning IDE0055: 淇鏍煎紡 (https://learn.microsoft.com/dotnet/fundamentals/code-analysis/style-rules/ide0055) [C:\UserWorx\VSWorx\ServoStudio\wpfui-servoStudio\samples\Wpf.Ui.servoStudio\servoStudio_wjhet5xd_wpftmp.csproj]
C:\UserWorx\VSWorx\ServoStudio\wpfui-servoStudio\samples\Wpf.Ui.servoStudio\Core\CANopen\Adapters\ZlgCanBus.cs(314,13): warning IDE0055: 淇鏍煎紡 (https://learn.microsoft.com/dotnet/fundamentals/code-analysis/style-rules/ide0055) [C:\UserWorx\VSWorx\ServoStudio\wpfui-servoStudio\samples\Wpf.Ui.servoStudio\servoStudio_wjhet5xd_wpftmp.csproj]
C:\UserWorx\VSWorx\ServoStudio\wpfui-servoStudio\samples\Wpf.Ui.servoStudio\Core\CANopen\Adapters\ZlgCanBus.cs(315,13): warning IDE0055: 淇鏍煎紡 (https://learn.microsoft.com/dotnet/fundamentals/code-analysis/style-rules/ide0055) [C:\UserWorx\VSWorx\ServoStudio\wpfui-servoStudio\samples\Wpf.Ui.servoStudio\servoStudio_wjhet5xd_wpftmp.csproj]
C:\UserWorx\VSWorx\ServoStudio\wpfui-servoStudio\samples\Wpf.Ui.servoStudio\Core\CANopen\Adapters\ZlgCanBus.cs(316,13): warning IDE0055: 淇鏍煎紡 (https://learn.microsoft.com/dotnet/fundamentals/code-analysis/style-rules/ide0055) [C:\UserWorx\VSWorx\ServoStudio\wpfui-servoStudio\samples\Wpf.Ui.servoStudio\servoStudio_wjhet5xd_wpftmp.csproj]
C:\UserWorx\VSWorx\ServoStudio\wpfui-servoStudio\samples\Wpf.Ui.servoStudio\Core\CANopen\Adapters\ZlgCanBus.cs(364,20): warning IDE0055: 淇鏍煎紡 (https://learn.microsoft.com/dotnet/fundamentals/code-analysis/style-rules/ide0055) [C:\UserWorx\VSWorx\ServoStudio\wpfui-servoStudio\samples\Wpf.Ui.servoStudio\servoStudio_wjhet5xd_wpftmp.csproj]
C:\UserWorx\VSWorx\ServoStudio\wpfui-servoStudio\samples\Wpf.Ui.servoStudio\Core\CANopen\Adapters\ZlgCanBus.cs(364,22): warning IDE0055: 淇鏍煎紡 (https://learn.microsoft.com/dotnet/fundamentals/code-analysis/style-rules/ide0055) [C:\UserWorx\VSWorx\ServoStudio\wpfui-servoStudio\samples\Wpf.Ui.servoStudio\servoStudio_wjhet5xd_wpftmp.csproj]
C:\UserWorx\VSWorx\ServoStudio\wpfui-servoStudio\samples\Wpf.Ui.servoStudio\Core\CANopen\Adapters\ZlgCanBus.cs(364,66): warning IDE0055: 淇鏍煎紡 (https://learn.microsoft.com/dotnet/fundamentals/code-analysis/style-rules/ide0055) [C:\UserWorx\VSWorx\ServoStudio\wpfui-servoStudio\samples\Wpf.Ui.servoStudio\servoStudio_wjhet5xd_wpftmp.csproj]
C:\UserWorx\VSWorx\ServoStudio\wpfui-servoStudio\samples\Wpf.Ui.servoStudio\Core\CANopen\Adapters\ZlgCanBus.cs(364,68): warning IDE0055: 淇鏍煎紡 (https://learn.microsoft.com/dotnet/fundamentals/code-analysis/style-rules/ide0055) [C:\UserWorx\VSWorx\ServoStudio\wpfui-servoStudio\samples\Wpf.Ui.servoStudio\servoStudio_wjhet5xd_wpftmp.csproj]
C:\UserWorx\VSWorx\ServoStudio\wpfui-servoStudio\samples\Wpf.Ui.servoStudio\Core\CANopen\Adapters\ZlgCanBus.cs(461,39): warning IDE0055: 淇鏍煎紡 (https://learn.microsoft.com/dotnet/fundamentals/code-analysis/style-rules/ide0055) [C:\UserWorx\VSWorx\ServoStudio\wpfui-servoStudio\samples\Wpf.Ui.servoStudio\servoStudio_wjhet5xd_wpftmp.csproj]
C:\UserWorx\VSWorx\ServoStudio\wpfui-servoStudio\samples\Wpf.Ui.servoStudio\Core\CANopen\Adapters\ZlgCanBus.cs(462,40): warning IDE0055: 淇鏍煎紡 (https://learn.microsoft.com/dotnet/fundamentals/code-analysis/style-rules/ide0055) [C:\UserWorx\VSWorx\ServoStudio\wpfui-servoStudio\samples\Wpf.Ui.servoStudio\servoStudio_wjhet5xd_wpftmp.csproj]
C:\UserWorx\VSWorx\ServoStudio\wpfui-servoStudio\samples\Wpf.Ui.servoStudio\Core\CANopen\Adapters\ZlgCanBus.cs(463,40): warning IDE0055: 淇鏍煎紡 (https://learn.microsoft.com/dotnet/fundamentals/code-analysis/style-rules/ide0055) [C:\UserWorx\VSWorx\ServoStudio\wpfui-servoStudio\samples\Wpf.Ui.servoStudio\servoStudio_wjhet5xd_wpftmp.csproj]
C:\UserWorx\VSWorx\ServoStudio\wpfui-servoStudio\samples\Wpf.Ui.servoStudio\Core\CANopen\Adapters\ZlgCanBus.cs(464,40): warning IDE0055: 淇鏍煎紡 (https://learn.microsoft.com/dotnet/fundamentals/code-analysis/style-rules/ide0055) [C:\UserWorx\VSWorx\ServoStudio\wpfui-servoStudio\samples\Wpf.Ui.servoStudio\servoStudio_wjhet5xd_wpftmp.csproj]
C:\UserWorx\VSWorx\ServoStudio\wpfui-servoStudio\samples\Wpf.Ui.servoStudio\Core\CANopen\Adapters\ZlgCanBus.cs(465,42): warning IDE0055: 淇鏍煎紡 (https://learn.microsoft.com/dotnet/fundamentals/code-analysis/style-rules/ide0055) [C:\UserWorx\VSWorx\ServoStudio\wpfui-servoStudio\samples\Wpf.Ui.servoStudio\servoStudio_wjhet5xd_wpftmp.csproj]
C:\UserWorx\VSWorx\ServoStudio\wpfui-servoStudio\samples\Wpf.Ui.servoStudio\Core\CANopen\Adapters\ZlgCanBus.cs(466,42): warning IDE0055: 淇鏍煎紡 (https://learn.microsoft.com/dotnet/fundamentals/code-analysis/style-rules/ide0055) [C:\UserWorx\VSWorx\ServoStudio\wpfui-servoStudio\samples\Wpf.Ui.servoStudio\servoStudio_wjhet5xd_wpftmp.csproj]
C:\UserWorx\VSWorx\ServoStudio\wpfui-servoStudio\samples\Wpf.Ui.servoStudio\Core\CANopen\Adapters\ZlgCanBus.cs(467,42): warning IDE0055: 淇鏍煎紡 (https://learn.microsoft.com/dotnet/fundamentals/code-analysis/style-rules/ide0055) [C:\UserWorx\VSWorx\ServoStudio\wpfui-servoStudio\samples\Wpf.Ui.servoStudio\servoStudio_wjhet5xd_wpftmp.csproj]
C:\UserWorx\VSWorx\ServoStudio\wpfui-servoStudio\samples\Wpf.Ui.servoStudio\Core\CANopen\Adapters\ZlgCanBus.cs(468,42): warning IDE0055: 淇鏍煎紡 (https://learn.microsoft.com/dotnet/fundamentals/code-analysis/style-rules/ide0055) [C:\UserWorx\VSWorx\ServoStudio\wpfui-servoStudio\samples\Wpf.Ui.servoStudio\servoStudio_wjhet5xd_wpftmp.csproj]
C:\UserWorx\VSWorx\ServoStudio\wpfui-servoStudio\samples\Wpf.Ui.servoStudio\Core\CANopen\Adapters\ZlgCanBus.cs(284,13): warning IDE2003: 鍧椾笌鍚庣画璇彞涔嬮棿闇€瑕佹湁绌虹櫧琛?(https://learn.microsoft.com/dotnet/fundamentals/code-analysis/style-rules/ide2003) [C:\UserWorx\VSWorx\ServoStudio\wpfui-servoStudio\samples\Wpf.Ui.servoStudio\servoStudio_wjhet5xd_wpftmp.csproj]
C:\UserWorx\VSWorx\ServoStudio\wpfui-servoStudio\samples\Wpf.Ui.servoStudio\Core\CANopen\Adapters\ZlgCanBus.cs(384,17): warning IDE2003: 鍧椾笌鍚庣画璇彞涔嬮棿闇€瑕佹湁绌虹櫧琛?(https://learn.microsoft.com/dotnet/fundamentals/code-analysis/style-rules/ide2003) [C:\UserWorx\VSWorx\ServoStudio\wpfui-servoStudio\samples\Wpf.Ui.servoStudio\servoStudio_wjhet5xd_wpftmp.csproj]
C:\UserWorx\VSWorx\ServoStudio\wpfui-servoStudio\samples\Wpf.Ui.servoStudio\ViewModels\AppData\AppLogViewModel.cs(15,22): warning CA1063: 浠庘€淎ppLogViewModel鈥濆疄鐜扮殑鎺ュ彛鍒楄〃涓垹闄?IDisposable锛屽洜涓哄畠宸茬敱鍩虹被鍨嬧€淰iewModel鈥濆疄鐜?(https://learn.microsoft.com/dotnet/fundamentals/code-analysis/quality-rules/ca1063) [C:\UserWorx\VSWorx\ServoStudio\wpfui-servoStudio\samples\Wpf.Ui.servoStudio\servoStudio_wjhet5xd_wpftmp.csproj]
C:\UserWorx\VSWorx\ServoStudio\wpfui-servoStudio\samples\Wpf.Ui.servoStudio\ViewModels\AppData\AppLogViewModel.cs(15,22): warning CA1063: 瀵?AppLogViewModel 鎻愪緵 Dispose(bool) 鐨勫彲閲嶅啓瀹炵幇鎴栧皢璇ョ被鍨嬫爣璁颁负鈥滃凡瀵嗗皝鈥濄€傚 Dispose(false) 鐨勮皟鐢ㄥ簲浠呮竻鐞嗘湰鏈鸿祫婧愩€傚 Dispose(true) 鐨勮皟鐢ㄥ簲鍚屾椂娓呯悊鎵樼璧勬簮鍜屾湰鏈鸿祫婧愩€?(https://learn.microsoft.com/dotnet/fundamentals/code-analysis/quality-rules/ca1063) [C:\UserWorx\VSWorx\ServoStudio\wpfui-servoStudio\samples\Wpf.Ui.servoStudio\servoStudio_wjhet5xd_wpftmp.csproj]
C:\UserWorx\VSWorx\ServoStudio\wpfui-servoStudio\samples\Wpf.Ui.servoStudio\ViewModels\AppData\DataSaveViewModel.cs(21,29): warning CA1063: 浠庘€淒ataSaveViewModel鈥濆疄鐜扮殑鎺ュ彛鍒楄〃涓垹闄?IDisposable锛屽洜涓哄畠宸茬敱鍩虹被鍨嬧€淰iewModel鈥濆疄鐜?(https://learn.microsoft.com/dotnet/fundamentals/code-analysis/quality-rules/ca1063) [C:\UserWorx\VSWorx\ServoStudio\wpfui-servoStudio\samples\Wpf.Ui.servoStudio\servoStudio_wjhet5xd_wpftmp.csproj]
C:\UserWorx\VSWorx\ServoStudio\wpfui-servoStudio\samples\Wpf.Ui.servoStudio\Core\CANopen\Adapters\ZlgKernelDllScanner.cs(73,12): warning IDE0055: 淇鏍煎紡 (https://learn.microsoft.com/dotnet/fundamentals/code-analysis/style-rules/ide0055) [C:\UserWorx\VSWorx\ServoStudio\wpfui-servoStudio\samples\Wpf.Ui.servoStudio\servoStudio_wjhet5xd_wpftmp.csproj]
C:\UserWorx\VSWorx\ServoStudio\wpfui-servoStudio\samples\Wpf.Ui.servoStudio\Core\CANopen\Adapters\ZlgKernelDllScanner.cs(73,14): warning IDE0055: 淇鏍煎紡 (https://learn.microsoft.com/dotnet/fundamentals/code-analysis/style-rules/ide0055) [C:\UserWorx\VSWorx\ServoStudio\wpfui-servoStudio\samples\Wpf.Ui.servoStudio\servoStudio_wjhet5xd_wpftmp.csproj]
C:\UserWorx\VSWorx\ServoStudio\wpfui-servoStudio\samples\Wpf.Ui.servoStudio\Core\CANopen\Adapters\ZlgKernelDllScanner.cs(73,50): warning IDE0055: 淇鏍煎紡 (https://learn.microsoft.com/dotnet/fundamentals/code-analysis/style-rules/ide0055) [C:\UserWorx\VSWorx\ServoStudio\wpfui-servoStudio\samples\Wpf.Ui.servoStudio\servoStudio_wjhet5xd_wpftmp.csproj]
C:\UserWorx\VSWorx\ServoStudio\wpfui-servoStudio\samples\Wpf.Ui.servoStudio\Core\CANopen\Adapters\ZlgKernelDllScanner.cs(73,52): warning IDE0055: 淇鏍煎紡 (https://learn.microsoft.com/dotnet/fundamentals/code-analysis/style-rules/ide0055) [C:\UserWorx\VSWorx\ServoStudio\wpfui-servoStudio\samples\Wpf.Ui.servoStudio\servoStudio_wjhet5xd_wpftmp.csproj]
C:\UserWorx\VSWorx\ServoStudio\wpfui-servoStudio\samples\Wpf.Ui.servoStudio\Core\CANopen\Adapters\ZlgKernelDllScanner.cs(86,16): warning IDE0055: 淇鏍煎紡 (https://learn.microsoft.com/dotnet/fundamentals/code-analysis/style-rules/ide0055) [C:\UserWorx\VSWorx\ServoStudio\wpfui-servoStudio\samples\Wpf.Ui.servoStudio\servoStudio_wjhet5xd_wpftmp.csproj]
C:\UserWorx\VSWorx\ServoStudio\wpfui-servoStudio\samples\Wpf.Ui.servoStudio\Core\CANopen\Adapters\ZlgKernelDllScanner.cs(86,18): warning IDE0055: 淇鏍煎紡 (https://learn.microsoft.com/dotnet/fundamentals/code-analysis/style-rules/ide0055) [C:\UserWorx\VSWorx\ServoStudio\wpfui-servoStudio\samples\Wpf.Ui.servoStudio\servoStudio_wjhet5xd_wpftmp.csproj]
C:\UserWorx\VSWorx\ServoStudio\wpfui-servoStudio\samples\Wpf.Ui.servoStudio\Core\CANopen\Adapters\ZlgKernelDllScanner.cs(86,53): warning IDE0055: 淇鏍煎紡 (https://learn.microsoft.com/dotnet/fundamentals/code-analysis/style-rules/ide0055) [C:\UserWorx\VSWorx\ServoStudio\wpfui-servoStudio\samples\Wpf.Ui.servoStudio\servoStudio_wjhet5xd_wpftmp.csproj]
C:\UserWorx\VSWorx\ServoStudio\wpfui-servoStudio\samples\Wpf.Ui.servoStudio\Core\CANopen\Adapters\ZlgKernelDllScanner.cs(86,55): warning IDE0055: 淇鏍煎紡 (https://learn.microsoft.com/dotnet/fundamentals/code-analysis/style-rules/ide0055) [C:\UserWorx\VSWorx\ServoStudio\wpfui-servoStudio\samples\Wpf.Ui.servoStudio\servoStudio_wjhet5xd_wpftmp.csproj]
C:\UserWorx\VSWorx\ServoStudio\wpfui-servoStudio\samples\Wpf.Ui.servoStudio\Core\CANopen\Adapters\ZlgKernelDllScanner.cs(123,20): warning IDE0055: 淇鏍煎紡 (https://learn.microsoft.com/dotnet/fundamentals/code-analysis/style-rules/ide0055) [C:\UserWorx\VSWorx\ServoStudio\wpfui-servoStudio\samples\Wpf.Ui.servoStudio\servoStudio_wjhet5xd_wpftmp.csproj]
C:\UserWorx\VSWorx\ServoStudio\wpfui-servoStudio\samples\Wpf.Ui.servoStudio\Core\CANopen\Adapters\ZlgKernelDllScanner.cs(123,22): warning IDE0055: 淇鏍煎紡 (https://learn.microsoft.com/dotnet/fundamentals/code-analysis/style-rules/ide0055) [C:\UserWorx\VSWorx\ServoStudio\wpfui-servoStudio\samples\Wpf.Ui.servoStudio\servoStudio_wjhet5xd_wpftmp.csproj]
C:\UserWorx\VSWorx\ServoStudio\wpfui-servoStudio\samples\Wpf.Ui.servoStudio\Core\CANopen\Adapters\ZlgKernelDllScanner.cs(123,67): warning IDE0055: 淇鏍煎紡 (https://learn.microsoft.com/dotnet/fundamentals/code-analysis/style-rules/ide0055) [C:\UserWorx\VSWorx\ServoStudio\wpfui-servoStudio\samples\Wpf.Ui.servoStudio\servoStudio_wjhet5xd_wpftmp.csproj]
C:\UserWorx\VSWorx\ServoStudio\wpfui-servoStudio\samples\Wpf.Ui.servoStudio\Core\CANopen\Adapters\ZlgKernelDllScanner.cs(123,74): warning IDE0055: 淇鏍煎紡 (https://learn.microsoft.com/dotnet/fundamentals/code-analysis/style-rules/ide0055) [C:\UserWorx\VSWorx\ServoStudio\wpfui-servoStudio\samples\Wpf.Ui.servoStudio\servoStudio_wjhet5xd_wpftmp.csproj]
C:\UserWorx\VSWorx\ServoStudio\wpfui-servoStudio\samples\Wpf.Ui.servoStudio\Core\CANopen\Adapters\ZlgKernelDllScanner.cs(132,12): warning IDE0055: 淇鏍煎紡 (https://learn.microsoft.com/dotnet/fundamentals/code-analysis/style-rules/ide0055) [C:\UserWorx\VSWorx\ServoStudio\wpfui-servoStudio\samples\Wpf.Ui.servoStudio\servoStudio_wjhet5xd_wpftmp.csproj]
C:\UserWorx\VSWorx\ServoStudio\wpfui-servoStudio\samples\Wpf.Ui.servoStudio\Core\CANopen\Adapters\ZlgKernelDllScanner.cs(132,14): warning IDE0055: 淇鏍煎紡 (https://learn.microsoft.com/dotnet/fundamentals/code-analysis/style-rules/ide0055) [C:\UserWorx\VSWorx\ServoStudio\wpfui-servoStudio\samples\Wpf.Ui.servoStudio\servoStudio_wjhet5xd_wpftmp.csproj]
C:\UserWorx\VSWorx\ServoStudio\wpfui-servoStudio\samples\Wpf.Ui.servoStudio\Core\CANopen\Adapters\ZlgKernelDllScanner.cs(212,16): warning IDE0055: 淇鏍煎紡 (https://learn.microsoft.com/dotnet/fundamentals/code-analysis/style-rules/ide0055) [C:\UserWorx\VSWorx\ServoStudio\wpfui-servoStudio\samples\Wpf.Ui.servoStudio\servoStudio_wjhet5xd_wpftmp.csproj]
C:\UserWorx\VSWorx\ServoStudio\wpfui-servoStudio\samples\Wpf.Ui.servoStudio\Core\CANopen\Adapters\ZlgKernelDllScanner.cs(212,18): warning IDE0055: 淇鏍煎紡 (https://learn.microsoft.com/dotnet/fundamentals/code-analysis/style-rules/ide0055) [C:\UserWorx\VSWorx\ServoStudio\wpfui-servoStudio\samples\Wpf.Ui.servoStudio\servoStudio_wjhet5xd_wpftmp.csproj]
C:\UserWorx\VSWorx\ServoStudio\wpfui-servoStudio\samples\Wpf.Ui.servoStudio\Core\CANopen\Adapters\ZlgKernelDllScanner.cs(212,54): warning IDE0055: 淇鏍煎紡 (https://learn.microsoft.com/dotnet/fundamentals/code-analysis/style-rules/ide0055) [C:\UserWorx\VSWorx\ServoStudio\wpfui-servoStudio\samples\Wpf.Ui.servoStudio\servoStudio_wjhet5xd_wpftmp.csproj]
C:\UserWorx\VSWorx\ServoStudio\wpfui-servoStudio\samples\Wpf.Ui.servoStudio\Core\CANopen\Adapters\ZlgKernelDllScanner.cs(212,56): warning IDE0055: 淇鏍煎紡 (https://learn.microsoft.com/dotnet/fundamentals/code-analysis/style-rules/ide0055) [C:\UserWorx\VSWorx\ServoStudio\wpfui-servoStudio\samples\Wpf.Ui.servoStudio\servoStudio_wjhet5xd_wpftmp.csproj]
C:\UserWorx\VSWorx\ServoStudio\wpfui-servoStudio\samples\Wpf.Ui.servoStudio\Core\CANopen\Adapters\ZlgKernelDllScanner.cs(240,12): warning IDE0055: 淇鏍煎紡 (https://learn.microsoft.com/dotnet/fundamentals/code-analysis/style-rules/ide0055) [C:\UserWorx\VSWorx\ServoStudio\wpfui-servoStudio\samples\Wpf.Ui.servoStudio\servoStudio_wjhet5xd_wpftmp.csproj]
C:\UserWorx\VSWorx\ServoStudio\wpfui-servoStudio\samples\Wpf.Ui.servoStudio\Core\CANopen\Adapters\ZlgKernelDllScanner.cs(240,14): warning IDE0055: 淇鏍煎紡 (https://learn.microsoft.com/dotnet/fundamentals/code-analysis/style-rules/ide0055) [C:\UserWorx\VSWorx\ServoStudio\wpfui-servoStudio\samples\Wpf.Ui.servoStudio\servoStudio_wjhet5xd_wpftmp.csproj]
C:\UserWorx\VSWorx\ServoStudio\wpfui-servoStudio\samples\Wpf.Ui.servoStudio\Core\CANopen\Adapters\ZlgKernelDllScanner.cs(240,50): warning IDE0055: 淇鏍煎紡 (https://learn.microsoft.com/dotnet/fundamentals/code-analysis/style-rules/ide0055) [C:\UserWorx\VSWorx\ServoStudio\wpfui-servoStudio\samples\Wpf.Ui.servoStudio\servoStudio_wjhet5xd_wpftmp.csproj]
C:\UserWorx\VSWorx\ServoStudio\wpfui-servoStudio\samples\Wpf.Ui.servoStudio\Core\CANopen\Adapters\ZlgKernelDllScanner.cs(240,52): warning IDE0055: 淇鏍煎紡 (https://learn.microsoft.com/dotnet/fundamentals/code-analysis/style-rules/ide0055) [C:\UserWorx\VSWorx\ServoStudio\wpfui-servoStudio\samples\Wpf.Ui.servoStudio\servoStudio_wjhet5xd_wpftmp.csproj]
C:\UserWorx\VSWorx\ServoStudio\wpfui-servoStudio\samples\Wpf.Ui.servoStudio\Core\CANopen\Adapters\ZlgKernelDllScanner.cs(443,57): warning IDE0055: 淇鏍煎紡 (https://learn.microsoft.com/dotnet/fundamentals/code-analysis/style-rules/ide0055) [C:\UserWorx\VSWorx\ServoStudio\wpfui-servoStudio\samples\Wpf.Ui.servoStudio\servoStudio_wjhet5xd_wpftmp.csproj]
C:\UserWorx\VSWorx\ServoStudio\wpfui-servoStudio\samples\Wpf.Ui.servoStudio\Core\CANopen\Adapters\ZlgKernelDllScanner.cs(443,59): warning IDE0055: 淇鏍煎紡 (https://learn.microsoft.com/dotnet/fundamentals/code-analysis/style-rules/ide0055) [C:\UserWorx\VSWorx\ServoStudio\wpfui-servoStudio\samples\Wpf.Ui.servoStudio\servoStudio_wjhet5xd_wpftmp.csproj]
C:\UserWorx\VSWorx\ServoStudio\wpfui-servoStudio\samples\Wpf.Ui.servoStudio\Core\CANopen\Adapters\ZlgKernelDllScanner.cs(443,74): warning IDE0055: 淇鏍煎紡 (https://learn.microsoft.com/dotnet/fundamentals/code-analysis/style-rules/ide0055) [C:\UserWorx\VSWorx\ServoStudio\wpfui-servoStudio\samples\Wpf.Ui.servoStudio\servoStudio_wjhet5xd_wpftmp.csproj]
C:\UserWorx\VSWorx\ServoStudio\wpfui-servoStudio\samples\Wpf.Ui.servoStudio\Core\CANopen\Adapters\ZlgKernelDllScanner.cs(443,81): warning IDE0055: 淇鏍煎紡 (https://learn.microsoft.com/dotnet/fundamentals/code-analysis/style-rules/ide0055) [C:\UserWorx\VSWorx\ServoStudio\wpfui-servoStudio\samples\Wpf.Ui.servoStudio\servoStudio_wjhet5xd_wpftmp.csproj]
C:\UserWorx\VSWorx\ServoStudio\wpfui-servoStudio\samples\Wpf.Ui.servoStudio\Core\CANopen\Adapters\ZlgKernelDllScanner.cs(454,12): warning IDE0055: 淇鏍煎紡 (https://learn.microsoft.com/dotnet/fundamentals/code-analysis/style-rules/ide0055) [C:\UserWorx\VSWorx\ServoStudio\wpfui-servoStudio\samples\Wpf.Ui.servoStudio\servoStudio_wjhet5xd_wpftmp.csproj]
C:\UserWorx\VSWorx\ServoStudio\wpfui-servoStudio\samples\Wpf.Ui.servoStudio\Core\CANopen\Adapters\ZlgKernelDllScanner.cs(454,14): warning IDE0055: 淇鏍煎紡 (https://learn.microsoft.com/dotnet/fundamentals/code-analysis/style-rules/ide0055) [C:\UserWorx\VSWorx\ServoStudio\wpfui-servoStudio\samples\Wpf.Ui.servoStudio\servoStudio_wjhet5xd_wpftmp.csproj]
C:\UserWorx\VSWorx\ServoStudio\wpfui-servoStudio\samples\Wpf.Ui.servoStudio\Core\CANopen\Adapters\ZlgKernelDllScanner.cs(454,40): warning IDE0055: 淇鏍煎紡 (https://learn.microsoft.com/dotnet/fundamentals/code-analysis/style-rules/ide0055) [C:\UserWorx\VSWorx\ServoStudio\wpfui-servoStudio\samples\Wpf.Ui.servoStudio\servoStudio_wjhet5xd_wpftmp.csproj]
C:\UserWorx\VSWorx\ServoStudio\wpfui-servoStudio\samples\Wpf.Ui.servoStudio\Core\CANopen\Adapters\ZlgKernelDllScanner.cs(454,42): warning IDE0055: 淇鏍煎紡 (https://learn.microsoft.com/dotnet/fundamentals/code-analysis/style-rules/ide0055) [C:\UserWorx\VSWorx\ServoStudio\wpfui-servoStudio\samples\Wpf.Ui.servoStudio\servoStudio_wjhet5xd_wpftmp.csproj]
C:\UserWorx\VSWorx\ServoStudio\wpfui-servoStudio\samples\Wpf.Ui.servoStudio\Core\CANopen\Adapters\ZlgKernelDllScanner.cs(473,12): warning IDE0055: 淇鏍煎紡 (https://learn.microsoft.com/dotnet/fundamentals/code-analysis/style-rules/ide0055) [C:\UserWorx\VSWorx\ServoStudio\wpfui-servoStudio\samples\Wpf.Ui.servoStudio\servoStudio_wjhet5xd_wpftmp.csproj]
C:\UserWorx\VSWorx\ServoStudio\wpfui-servoStudio\samples\Wpf.Ui.servoStudio\Core\CANopen\Adapters\ZlgKernelDllScanner.cs(473,14): warning IDE0055: 淇鏍煎紡 (https://learn.microsoft.com/dotnet/fundamentals/code-analysis/style-rules/ide0055) [C:\UserWorx\VSWorx\ServoStudio\wpfui-servoStudio\samples\Wpf.Ui.servoStudio\servoStudio_wjhet5xd_wpftmp.csproj]
C:\UserWorx\VSWorx\ServoStudio\wpfui-servoStudio\samples\Wpf.Ui.servoStudio\Core\CANopen\Adapters\ZlgKernelDllScanner.cs(473,53): warning IDE0055: 淇鏍煎紡 (https://learn.microsoft.com/dotnet/fundamentals/code-analysis/style-rules/ide0055) [C:\UserWorx\VSWorx\ServoStudio\wpfui-servoStudio\samples\Wpf.Ui.servoStudio\servoStudio_wjhet5xd_wpftmp.csproj]
C:\UserWorx\VSWorx\ServoStudio\wpfui-servoStudio\samples\Wpf.Ui.servoStudio\Core\CANopen\Adapters\ZlgKernelDllScanner.cs(212,65): warning IDE2003: 鍧椾笌鍚庣画璇彞涔嬮棿闇€瑕佹湁绌虹櫧琛?(https://learn.microsoft.com/dotnet/fundamentals/code-analysis/style-rules/ide2003) [C:\UserWorx\VSWorx\ServoStudio\wpfui-servoStudio\samples\Wpf.Ui.servoStudio\servoStudio_wjhet5xd_wpftmp.csproj]
C:\UserWorx\VSWorx\ServoStudio\wpfui-servoStudio\samples\Wpf.Ui.servoStudio\Core\CANopen\Adapters\ZlgKernelDllScanner.cs(240,61): warning IDE2003: 鍧椾笌鍚庣画璇彞涔嬮棿闇€瑕佹湁绌虹櫧琛?(https://learn.microsoft.com/dotnet/fundamentals/code-analysis/style-rules/ide2003) [C:\UserWorx\VSWorx\ServoStudio\wpfui-servoStudio\samples\Wpf.Ui.servoStudio\servoStudio_wjhet5xd_wpftmp.csproj]
C:\UserWorx\VSWorx\ServoStudio\wpfui-servoStudio\samples\Wpf.Ui.servoStudio\Core\CANopen\Adapters\ZlgKernelDllScanner.cs(282,9): warning IDE2003: 鍧椾笌鍚庣画璇彞涔嬮棿闇€瑕佹湁绌虹櫧琛?(https://learn.microsoft.com/dotnet/fundamentals/code-analysis/style-rules/ide2003) [C:\UserWorx\VSWorx\ServoStudio\wpfui-servoStudio\samples\Wpf.Ui.servoStudio\servoStudio_wjhet5xd_wpftmp.csproj]
C:\UserWorx\VSWorx\ServoStudio\wpfui-servoStudio\samples\Wpf.Ui.servoStudio\Core\CANopen\Adapters\ZlgKernelDllScanner.cs(386,17): warning IDE2003: 鍧椾笌鍚庣画璇彞涔嬮棿闇€瑕佹湁绌虹櫧琛?(https://learn.microsoft.com/dotnet/fundamentals/code-analysis/style-rules/ide2003) [C:\UserWorx\VSWorx\ServoStudio\wpfui-servoStudio\samples\Wpf.Ui.servoStudio\servoStudio_wjhet5xd_wpftmp.csproj]
C:\UserWorx\VSWorx\ServoStudio\wpfui-servoStudio\samples\Wpf.Ui.servoStudio\Core\CANopen\Adapters\ZlgKernelDllScanner.cs(425,13): warning IDE2003: 鍧椾笌鍚庣画璇彞涔嬮棿闇€瑕佹湁绌虹櫧琛?(https://learn.microsoft.com/dotnet/fundamentals/code-analysis/style-rules/ide2003) [C:\UserWorx\VSWorx\ServoStudio\wpfui-servoStudio\samples\Wpf.Ui.servoStudio\servoStudio_wjhet5xd_wpftmp.csproj]
C:\UserWorx\VSWorx\ServoStudio\wpfui-servoStudio\samples\Wpf.Ui.servoStudio\Core\CANopen\CanFrame.cs(17,21): warning IDE0055: 淇鏍煎紡 (https://learn.microsoft.com/dotnet/fundamentals/code-analysis/style-rules/ide0055) [C:\UserWorx\VSWorx\ServoStudio\wpfui-servoStudio\samples\Wpf.Ui.servoStudio\servoStudio_wjhet5xd_wpftmp.csproj]
C:\UserWorx\VSWorx\ServoStudio\wpfui-servoStudio\samples\Wpf.Ui.servoStudio\Core\CANopen\CanFrame.cs(17,23): warning IDE0055: 淇鏍煎紡 (https://learn.microsoft.com/dotnet/fundamentals/code-analysis/style-rules/ide0055) [C:\UserWorx\VSWorx\ServoStudio\wpfui-servoStudio\samples\Wpf.Ui.servoStudio\servoStudio_wjhet5xd_wpftmp.csproj]
C:\UserWorx\VSWorx\ServoStudio\wpfui-servoStudio\samples\Wpf.Ui.servoStudio\Core\CANopen\CanFrame.cs(17,28): warning IDE0055: 淇鏍煎紡 (https://learn.microsoft.com/dotnet/fundamentals/code-analysis/style-rules/ide0055) [C:\UserWorx\VSWorx\ServoStudio\wpfui-servoStudio\samples\Wpf.Ui.servoStudio\servoStudio_wjhet5xd_wpftmp.csproj]
C:\UserWorx\VSWorx\ServoStudio\wpfui-servoStudio\samples\Wpf.Ui.servoStudio\Core\CANopen\CanFrame.cs(20,20): warning IDE0055: 淇鏍煎紡 (https://learn.microsoft.com/dotnet/fundamentals/code-analysis/style-rules/ide0055) [C:\UserWorx\VSWorx\ServoStudio\wpfui-servoStudio\samples\Wpf.Ui.servoStudio\servoStudio_wjhet5xd_wpftmp.csproj]
C:\UserWorx\VSWorx\ServoStudio\wpfui-servoStudio\samples\Wpf.Ui.servoStudio\Core\CANopen\CanFrame.cs(20,22): warning IDE0055: 淇鏍煎紡 (https://learn.microsoft.com/dotnet/fundamentals/code-analysis/style-rules/ide0055) [C:\UserWorx\VSWorx\ServoStudio\wpfui-servoStudio\samples\Wpf.Ui.servoStudio\servoStudio_wjhet5xd_wpftmp.csproj]
C:\UserWorx\VSWorx\ServoStudio\wpfui-servoStudio\samples\Wpf.Ui.servoStudio\Core\CANopen\CanFrame.cs(20,27): warning IDE0055: 淇鏍煎紡 (https://learn.microsoft.com/dotnet/fundamentals/code-analysis/style-rules/ide0055) [C:\UserWorx\VSWorx\ServoStudio\wpfui-servoStudio\samples\Wpf.Ui.servoStudio\servoStudio_wjhet5xd_wpftmp.csproj]
C:\UserWorx\VSWorx\ServoStudio\wpfui-servoStudio\samples\Wpf.Ui.servoStudio\Core\CANopen\CanFrame.cs(23,23): warning IDE0055: 淇鏍煎紡 (https://learn.microsoft.com/dotnet/fundamentals/code-analysis/style-rules/ide0055) [C:\UserWorx\VSWorx\ServoStudio\wpfui-servoStudio\samples\Wpf.Ui.servoStudio\servoStudio_wjhet5xd_wpftmp.csproj]
C:\UserWorx\VSWorx\ServoStudio\wpfui-servoStudio\samples\Wpf.Ui.servoStudio\Core\CANopen\CanFrame.cs(23,25): warning IDE0055: 淇鏍煎紡 (https://learn.microsoft.com/dotnet/fundamentals/code-analysis/style-rules/ide0055) [C:\UserWorx\VSWorx\ServoStudio\wpfui-servoStudio\samples\Wpf.Ui.servoStudio\servoStudio_wjhet5xd_wpftmp.csproj]
C:\UserWorx\VSWorx\ServoStudio\wpfui-servoStudio\samples\Wpf.Ui.servoStudio\Core\CANopen\CanFrame.cs(23,30): warning IDE0055: 淇鏍煎紡 (https://learn.microsoft.com/dotnet/fundamentals/code-analysis/style-rules/ide0055) [C:\UserWorx\VSWorx\ServoStudio\wpfui-servoStudio\samples\Wpf.Ui.servoStudio\servoStudio_wjhet5xd_wpftmp.csproj]
C:\UserWorx\VSWorx\ServoStudio\wpfui-servoStudio\samples\Wpf.Ui.servoStudio\Core\CANopen\CanOpenFrameCodec.cs(40,9): warning IDE2003: 鍧椾笌鍚庣画璇彞涔嬮棿闇€瑕佹湁绌虹櫧琛?(https://learn.microsoft.com/dotnet/fundamentals/code-analysis/style-rules/ide2003) [C:\UserWorx\VSWorx\ServoStudio\wpfui-servoStudio\samples\Wpf.Ui.servoStudio\servoStudio_wjhet5xd_wpftmp.csproj]
C:\UserWorx\VSWorx\ServoStudio\wpfui-servoStudio\samples\Wpf.Ui.servoStudio\Core\CANopen\CanOpenMaster.cs(100,12): warning IDE0055: 淇鏍煎紡 (https://learn.microsoft.com/dotnet/fundamentals/code-analysis/style-rules/ide0055) [C:\UserWorx\VSWorx\ServoStudio\wpfui-servoStudio\samples\Wpf.Ui.servoStudio\servoStudio_wjhet5xd_wpftmp.csproj]
C:\UserWorx\VSWorx\ServoStudio\wpfui-servoStudio\samples\Wpf.Ui.servoStudio\Core\CANopen\CanOpenMaster.cs(100,14): warning IDE0055: 淇鏍煎紡 (https://learn.microsoft.com/dotnet/fundamentals/code-analysis/style-rules/ide0055) [C:\UserWorx\VSWorx\ServoStudio\wpfui-servoStudio\samples\Wpf.Ui.servoStudio\servoStudio_wjhet5xd_wpftmp.csproj]
C:\UserWorx\VSWorx\ServoStudio\wpfui-servoStudio\samples\Wpf.Ui.servoStudio\Core\CANopen\CanOpenMaster.cs(100,38): warning IDE0055: 淇鏍煎紡 (https://learn.microsoft.com/dotnet/fundamentals/code-analysis/style-rules/ide0055) [C:\UserWorx\VSWorx\ServoStudio\wpfui-servoStudio\samples\Wpf.Ui.servoStudio\servoStudio_wjhet5xd_wpftmp.csproj]
C:\UserWorx\VSWorx\ServoStudio\wpfui-servoStudio\samples\Wpf.Ui.servoStudio\Core\CANopen\CanOpenMaster.cs(100,40): warning IDE0055: 淇鏍煎紡 (https://learn.microsoft.com/dotnet/fundamentals/code-analysis/style-rules/ide0055) [C:\UserWorx\VSWorx\ServoStudio\wpfui-servoStudio\samples\Wpf.Ui.servoStudio\servoStudio_wjhet5xd_wpftmp.csproj]
C:\UserWorx\VSWorx\ServoStudio\wpfui-servoStudio\samples\Wpf.Ui.servoStudio\Core\CANopen\CanOpenMaster.cs(101,12): warning IDE0055: 淇鏍煎紡 (https://learn.microsoft.com/dotnet/fundamentals/code-analysis/style-rules/ide0055) [C:\UserWorx\VSWorx\ServoStudio\wpfui-servoStudio\samples\Wpf.Ui.servoStudio\servoStudio_wjhet5xd_wpftmp.csproj]
C:\UserWorx\VSWorx\ServoStudio\wpfui-servoStudio\samples\Wpf.Ui.servoStudio\Core\CANopen\CanOpenMaster.cs(101,14): warning IDE0055: 淇鏍煎紡 (https://learn.microsoft.com/dotnet/fundamentals/code-analysis/style-rules/ide0055) [C:\UserWorx\VSWorx\ServoStudio\wpfui-servoStudio\samples\Wpf.Ui.servoStudio\servoStudio_wjhet5xd_wpftmp.csproj]
C:\UserWorx\VSWorx\ServoStudio\wpfui-servoStudio\samples\Wpf.Ui.servoStudio\Core\CANopen\CanOpenMaster.cs(101,42): warning IDE0055: 淇鏍煎紡 (https://learn.microsoft.com/dotnet/fundamentals/code-analysis/style-rules/ide0055) [C:\UserWorx\VSWorx\ServoStudio\wpfui-servoStudio\samples\Wpf.Ui.servoStudio\servoStudio_wjhet5xd_wpftmp.csproj]
C:\UserWorx\VSWorx\ServoStudio\wpfui-servoStudio\samples\Wpf.Ui.servoStudio\Core\CANopen\CanOpenMaster.cs(101,44): warning IDE0055: 淇鏍煎紡 (https://learn.microsoft.com/dotnet/fundamentals/code-analysis/style-rules/ide0055) [C:\UserWorx\VSWorx\ServoStudio\wpfui-servoStudio\samples\Wpf.Ui.servoStudio\servoStudio_wjhet5xd_wpftmp.csproj]
C:\UserWorx\VSWorx\ServoStudio\wpfui-servoStudio\samples\Wpf.Ui.servoStudio\Core\CANopen\CanOpenMaster.cs(116,12): warning IDE0055: 淇鏍煎紡 (https://learn.microsoft.com/dotnet/fundamentals/code-analysis/style-rules/ide0055) [C:\UserWorx\VSWorx\ServoStudio\wpfui-servoStudio\samples\Wpf.Ui.servoStudio\servoStudio_wjhet5xd_wpftmp.csproj]
C:\UserWorx\VSWorx\ServoStudio\wpfui-servoStudio\samples\Wpf.Ui.servoStudio\Core\CANopen\CanOpenMaster.cs(116,14): warning IDE0055: 淇鏍煎紡 (https://learn.microsoft.com/dotnet/fundamentals/code-analysis/style-rules/ide0055) [C:\UserWorx\VSWorx\ServoStudio\wpfui-servoStudio\samples\Wpf.Ui.servoStudio\servoStudio_wjhet5xd_wpftmp.csproj]
C:\UserWorx\VSWorx\ServoStudio\wpfui-servoStudio\samples\Wpf.Ui.servoStudio\Core\CANopen\CanOpenMaster.cs(116,30): warning IDE0055: 淇鏍煎紡 (https://learn.microsoft.com/dotnet/fundamentals/code-analysis/style-rules/ide0055) [C:\UserWorx\VSWorx\ServoStudio\wpfui-servoStudio\samples\Wpf.Ui.servoStudio\servoStudio_wjhet5xd_wpftmp.csproj]
C:\UserWorx\VSWorx\ServoStudio\wpfui-servoStudio\samples\Wpf.Ui.servoStudio\Core\CANopen\CanOpenMaster.cs(116,32): warning IDE0055: 淇鏍煎紡 (https://learn.microsoft.com/dotnet/fundamentals/code-analysis/style-rules/ide0055) [C:\UserWorx\VSWorx\ServoStudio\wpfui-servoStudio\samples\Wpf.Ui.servoStudio\servoStudio_wjhet5xd_wpftmp.csproj]
C:\UserWorx\VSWorx\ServoStudio\wpfui-servoStudio\samples\Wpf.Ui.servoStudio\Core\CANopen\CanOpenMaster.cs(168,24): warning IDE0055: 淇鏍煎紡 (https://learn.microsoft.com/dotnet/fundamentals/code-analysis/style-rules/ide0055) [C:\UserWorx\VSWorx\ServoStudio\wpfui-servoStudio\samples\Wpf.Ui.servoStudio\servoStudio_wjhet5xd_wpftmp.csproj]
C:\UserWorx\VSWorx\ServoStudio\wpfui-servoStudio\samples\Wpf.Ui.servoStudio\Core\CANopen\CanOpenMaster.cs(168,26): warning IDE0055: 淇鏍煎紡 (https://learn.microsoft.com/dotnet/fundamentals/code-analysis/style-rules/ide0055) [C:\UserWorx\VSWorx\ServoStudio\wpfui-servoStudio\samples\Wpf.Ui.servoStudio\servoStudio_wjhet5xd_wpftmp.csproj]
C:\UserWorx\VSWorx\ServoStudio\wpfui-servoStudio\samples\Wpf.Ui.servoStudio\Core\CANopen\CanOpenMaster.cs(168,67): warning IDE0055: 淇鏍煎紡 (https://learn.microsoft.com/dotnet/fundamentals/code-analysis/style-rules/ide0055) [C:\UserWorx\VSWorx\ServoStudio\wpfui-servoStudio\samples\Wpf.Ui.servoStudio\servoStudio_wjhet5xd_wpftmp.csproj]
C:\UserWorx\VSWorx\ServoStudio\wpfui-servoStudio\samples\Wpf.Ui.servoStudio\Core\CANopen\CanOpenMaster.cs(168,81): warning IDE0055: 淇鏍煎紡 (https://learn.microsoft.com/dotnet/fundamentals/code-analysis/style-rules/ide0055) [C:\UserWorx\VSWorx\ServoStudio\wpfui-servoStudio\samples\Wpf.Ui.servoStudio\servoStudio_wjhet5xd_wpftmp.csproj]
C:\UserWorx\VSWorx\ServoStudio\wpfui-servoStudio\samples\Wpf.Ui.servoStudio\Core\CANopen\CanOpenMaster.cs(170,35): warning IDE0055: 淇鏍煎紡 (https://learn.microsoft.com/dotnet/fundamentals/code-analysis/style-rules/ide0055) [C:\UserWorx\VSWorx\ServoStudio\wpfui-servoStudio\samples\Wpf.Ui.servoStudio\servoStudio_wjhet5xd_wpftmp.csproj]
C:\UserWorx\VSWorx\ServoStudio\wpfui-servoStudio\samples\Wpf.Ui.servoStudio\Core\CANopen\CanOpenMaster.cs(170,37): warning IDE0055: 淇鏍煎紡 (https://learn.microsoft.com/dotnet/fundamentals/code-analysis/style-rules/ide0055) [C:\UserWorx\VSWorx\ServoStudio\wpfui-servoStudio\samples\Wpf.Ui.servoStudio\servoStudio_wjhet5xd_wpftmp.csproj]
C:\UserWorx\VSWorx\ServoStudio\wpfui-servoStudio\samples\Wpf.Ui.servoStudio\Core\CANopen\CanOpenMaster.cs(170,76): warning IDE0055: 淇鏍煎紡 (https://learn.microsoft.com/dotnet/fundamentals/code-analysis/style-rules/ide0055) [C:\UserWorx\VSWorx\ServoStudio\wpfui-servoStudio\samples\Wpf.Ui.servoStudio\servoStudio_wjhet5xd_wpftmp.csproj]
C:\UserWorx\VSWorx\ServoStudio\wpfui-servoStudio\samples\Wpf.Ui.servoStudio\Core\CANopen\CanOpenMaster.cs(170,90): warning IDE0055: 淇鏍煎紡 (https://learn.microsoft.com/dotnet/fundamentals/code-analysis/style-rules/ide0055) [C:\UserWorx\VSWorx\ServoStudio\wpfui-servoStudio\samples\Wpf.Ui.servoStudio\servoStudio_wjhet5xd_wpftmp.csproj]
C:\UserWorx\VSWorx\ServoStudio\wpfui-servoStudio\samples\Wpf.Ui.servoStudio\Core\CANopen\CanOpenMaster.cs(751,31): warning IDE0055: 淇鏍煎紡 (https://learn.microsoft.com/dotnet/fundamentals/code-analysis/style-rules/ide0055) [C:\UserWorx\VSWorx\ServoStudio\wpfui-servoStudio\samples\Wpf.Ui.servoStudio\servoStudio_wjhet5xd_wpftmp.csproj]
C:\UserWorx\VSWorx\ServoStudio\wpfui-servoStudio\samples\Wpf.Ui.servoStudio\Core\CANopen\CanOpenMaster.cs(751,33): warning IDE0055: 淇鏍煎紡 (https://learn.microsoft.com/dotnet/fundamentals/code-analysis/style-rules/ide0055) [C:\UserWorx\VSWorx\ServoStudio\wpfui-servoStudio\samples\Wpf.Ui.servoStudio\servoStudio_wjhet5xd_wpftmp.csproj]
C:\UserWorx\VSWorx\ServoStudio\wpfui-servoStudio\samples\Wpf.Ui.servoStudio\Core\CANopen\CanOpenMaster.cs(751,43): warning IDE0055: 淇鏍煎紡 (https://learn.microsoft.com/dotnet/fundamentals/code-analysis/style-rules/ide0055) [C:\UserWorx\VSWorx\ServoStudio\wpfui-servoStudio\samples\Wpf.Ui.servoStudio\servoStudio_wjhet5xd_wpftmp.csproj]
C:\UserWorx\VSWorx\ServoStudio\wpfui-servoStudio\samples\Wpf.Ui.servoStudio\Core\CANopen\CanOpenMaster.cs(100,62): warning IDE2003: 鍧椾笌鍚庣画璇彞涔嬮棿闇€瑕佹湁绌虹櫧琛?(https://learn.microsoft.com/dotnet/fundamentals/code-analysis/style-rules/ide2003) [C:\UserWorx\VSWorx\ServoStudio\wpfui-servoStudio\samples\Wpf.Ui.servoStudio\servoStudio_wjhet5xd_wpftmp.csproj]
C:\UserWorx\VSWorx\ServoStudio\wpfui-servoStudio\samples\Wpf.Ui.servoStudio\Core\CANopen\CanOpenMaster.cs(101,66): warning IDE2003: 鍧椾笌鍚庣画璇彞涔嬮棿闇€瑕佹湁绌虹櫧琛?(https://learn.microsoft.com/dotnet/fundamentals/code-analysis/style-rules/ide2003) [C:\UserWorx\VSWorx\ServoStudio\wpfui-servoStudio\samples\Wpf.Ui.servoStudio\servoStudio_wjhet5xd_wpftmp.csproj]
C:\UserWorx\VSWorx\ServoStudio\wpfui-servoStudio\samples\Wpf.Ui.servoStudio\Core\CANopen\CanOpenMaster.cs(116,54): warning IDE2003: 鍧椾笌鍚庣画璇彞涔嬮棿闇€瑕佹湁绌虹櫧琛?(https://learn.microsoft.com/dotnet/fundamentals/code-analysis/style-rules/ide2003) [C:\UserWorx\VSWorx\ServoStudio\wpfui-servoStudio\samples\Wpf.Ui.servoStudio\servoStudio_wjhet5xd_wpftmp.csproj]
C:\UserWorx\VSWorx\ServoStudio\wpfui-servoStudio\samples\Wpf.Ui.servoStudio\Core\CANopen\CanOpenMaster.cs(167,9): warning IDE2003: 鍧椾笌鍚庣画璇彞涔嬮棿闇€瑕佹湁绌虹櫧琛?(https://learn.microsoft.com/dotnet/fundamentals/code-analysis/style-rules/ide2003) [C:\UserWorx\VSWorx\ServoStudio\wpfui-servoStudio\samples\Wpf.Ui.servoStudio\servoStudio_wjhet5xd_wpftmp.csproj]
C:\UserWorx\VSWorx\ServoStudio\wpfui-servoStudio\samples\Wpf.Ui.servoStudio\Core\CANopen\CanOpenMaster.cs(168,82): warning IDE2003: 鍧椾笌鍚庣画璇彞涔嬮棿闇€瑕佹湁绌虹櫧琛?(https://learn.microsoft.com/dotnet/fundamentals/code-analysis/style-rules/ide2003) [C:\UserWorx\VSWorx\ServoStudio\wpfui-servoStudio\samples\Wpf.Ui.servoStudio\servoStudio_wjhet5xd_wpftmp.csproj]
C:\UserWorx\VSWorx\ServoStudio\wpfui-servoStudio\samples\Wpf.Ui.servoStudio\Core\CANopen\CanOpenSlave_CiA402.cs(40,25): warning IDE0055: 淇鏍煎紡 (https://learn.microsoft.com/dotnet/fundamentals/code-analysis/style-rules/ide0055) [C:\UserWorx\VSWorx\ServoStudio\wpfui-servoStudio\samples\Wpf.Ui.servoStudio\servoStudio_wjhet5xd_wpftmp.csproj]
C:\UserWorx\VSWorx\ServoStudio\wpfui-servoStudio\samples\Wpf.Ui.servoStudio\Core\CANopen\CanOpenSlave_CiA402.cs(40,27): warning IDE0055: 淇鏍煎紡 (https://learn.microsoft.com/dotnet/fundamentals/code-analysis/style-rules/ide0055) [C:\UserWorx\VSWorx\ServoStudio\wpfui-servoStudio\samples\Wpf.Ui.servoStudio\servoStudio_wjhet5xd_wpftmp.csproj]
C:\UserWorx\VSWorx\ServoStudio\wpfui-servoStudio\samples\Wpf.Ui.servoStudio\Core\CANopen\CanOpenSlave_CiA402.cs(40,32): warning IDE0055: 淇鏍煎紡 (https://learn.microsoft.com/dotnet/fundamentals/code-analysis/style-rules/ide0055) [C:\UserWorx\VSWorx\ServoStudio\wpfui-servoStudio\samples\Wpf.Ui.servoStudio\servoStudio_wjhet5xd_wpftmp.csproj]
C:\UserWorx\VSWorx\ServoStudio\wpfui-servoStudio\samples\Wpf.Ui.servoStudio\Core\CANopen\CanOpenSlave_CiA402.cs(43,29): warning IDE0055: 淇鏍煎紡 (https://learn.microsoft.com/dotnet/fundamentals/code-analysis/style-rules/ide0055) [C:\UserWorx\VSWorx\ServoStudio\wpfui-servoStudio\samples\Wpf.Ui.servoStudio\servoStudio_wjhet5xd_wpftmp.csproj]
C:\UserWorx\VSWorx\ServoStudio\wpfui-servoStudio\samples\Wpf.Ui.servoStudio\Core\CANopen\CanOpenSlave_CiA402.cs(43,31): warning IDE0055: 淇鏍煎紡 (https://learn.microsoft.com/dotnet/fundamentals/code-analysis/style-rules/ide0055) [C:\UserWorx\VSWorx\ServoStudio\wpfui-servoStudio\samples\Wpf.Ui.servoStudio\servoStudio_wjhet5xd_wpftmp.csproj]
C:\UserWorx\VSWorx\ServoStudio\wpfui-servoStudio\samples\Wpf.Ui.servoStudio\Core\CANopen\CanOpenSlave_CiA402.cs(43,49): warning IDE0055: 淇鏍煎紡 (https://learn.microsoft.com/dotnet/fundamentals/code-analysis/style-rules/ide0055) [C:\UserWorx\VSWorx\ServoStudio\wpfui-servoStudio\samples\Wpf.Ui.servoStudio\servoStudio_wjhet5xd_wpftmp.csproj]
C:\UserWorx\VSWorx\ServoStudio\wpfui-servoStudio\samples\Wpf.Ui.servoStudio\Core\CANopen\CanOpenSlave_CiA402.cs(46,35): warning IDE0055: 淇鏍煎紡 (https://learn.microsoft.com/dotnet/fundamentals/code-analysis/style-rules/ide0055) [C:\UserWorx\VSWorx\ServoStudio\wpfui-servoStudio\samples\Wpf.Ui.servoStudio\servoStudio_wjhet5xd_wpftmp.csproj]
C:\UserWorx\VSWorx\ServoStudio\wpfui-servoStudio\samples\Wpf.Ui.servoStudio\Core\CANopen\CanOpenSlave_CiA402.cs(46,37): warning IDE0055: 淇鏍煎紡 (https://learn.microsoft.com/dotnet/fundamentals/code-analysis/style-rules/ide0055) [C:\UserWorx\VSWorx\ServoStudio\wpfui-servoStudio\samples\Wpf.Ui.servoStudio\servoStudio_wjhet5xd_wpftmp.csproj]
C:\UserWorx\VSWorx\ServoStudio\wpfui-servoStudio\samples\Wpf.Ui.servoStudio\Core\CANopen\CanOpenSlave_CiA402.cs(46,55): warning IDE0055: 淇鏍煎紡 (https://learn.microsoft.com/dotnet/fundamentals/code-analysis/style-rules/ide0055) [C:\UserWorx\VSWorx\ServoStudio\wpfui-servoStudio\samples\Wpf.Ui.servoStudio\servoStudio_wjhet5xd_wpftmp.csproj]
C:\UserWorx\VSWorx\ServoStudio\wpfui-servoStudio\samples\Wpf.Ui.servoStudio\Core\CANopen\CanOpenSlave_CiA402.cs(49,25): warning IDE0055: 淇鏍煎紡 (https://learn.microsoft.com/dotnet/fundamentals/code-analysis/style-rules/ide0055) [C:\UserWorx\VSWorx\ServoStudio\wpfui-servoStudio\samples\Wpf.Ui.servoStudio\servoStudio_wjhet5xd_wpftmp.csproj]
C:\UserWorx\VSWorx\ServoStudio\wpfui-servoStudio\samples\Wpf.Ui.servoStudio\Core\CANopen\CanOpenSlave_CiA402.cs(49,27): warning IDE0055: 淇鏍煎紡 (https://learn.microsoft.com/dotnet/fundamentals/code-analysis/style-rules/ide0055) [C:\UserWorx\VSWorx\ServoStudio\wpfui-servoStudio\samples\Wpf.Ui.servoStudio\servoStudio_wjhet5xd_wpftmp.csproj]
C:\UserWorx\VSWorx\ServoStudio\wpfui-servoStudio\samples\Wpf.Ui.servoStudio\Core\CANopen\CanOpenSlave_CiA402.cs(49,45): warning IDE0055: 淇鏍煎紡 (https://learn.microsoft.com/dotnet/fundamentals/code-analysis/style-rules/ide0055) [C:\UserWorx\VSWorx\ServoStudio\wpfui-servoStudio\samples\Wpf.Ui.servoStudio\servoStudio_wjhet5xd_wpftmp.csproj]
C:\UserWorx\VSWorx\ServoStudio\wpfui-servoStudio\samples\Wpf.Ui.servoStudio\Core\CANopen\CanOpenSlave_CiA402.cs(52,28): warning IDE0055: 淇鏍煎紡 (https://learn.microsoft.com/dotnet/fundamentals/code-analysis/style-rules/ide0055) [C:\UserWorx\VSWorx\ServoStudio\wpfui-servoStudio\samples\Wpf.Ui.servoStudio\servoStudio_wjhet5xd_wpftmp.csproj]
C:\UserWorx\VSWorx\ServoStudio\wpfui-servoStudio\samples\Wpf.Ui.servoStudio\Core\CANopen\CanOpenSlave_CiA402.cs(52,30): warning IDE0055: 淇鏍煎紡 (https://learn.microsoft.com/dotnet/fundamentals/code-analysis/style-rules/ide0055) [C:\UserWorx\VSWorx\ServoStudio\wpfui-servoStudio\samples\Wpf.Ui.servoStudio\servoStudio_wjhet5xd_wpftmp.csproj]
C:\UserWorx\VSWorx\ServoStudio\wpfui-servoStudio\samples\Wpf.Ui.servoStudio\Core\CANopen\CanOpenSlave_CiA402.cs(52,48): warning IDE0055: 淇鏍煎紡 (https://learn.microsoft.com/dotnet/fundamentals/code-analysis/style-rules/ide0055) [C:\UserWorx\VSWorx\ServoStudio\wpfui-servoStudio\samples\Wpf.Ui.servoStudio\servoStudio_wjhet5xd_wpftmp.csproj]
C:\UserWorx\VSWorx\ServoStudio\wpfui-servoStudio\samples\Wpf.Ui.servoStudio\Core\CANopen\CanOpenSlave_CiA402.cs(58,58): warning IDE0055: 淇鏍煎紡 (https://learn.microsoft.com/dotnet/fundamentals/code-analysis/style-rules/ide0055) [C:\UserWorx\VSWorx\ServoStudio\wpfui-servoStudio\samples\Wpf.Ui.servoStudio\servoStudio_wjhet5xd_wpftmp.csproj]
C:\UserWorx\VSWorx\ServoStudio\wpfui-servoStudio\samples\Wpf.Ui.servoStudio\Core\CANopen\CanOpenSlave_CiA402.cs(58,60): warning IDE0055: 淇鏍煎紡 (https://learn.microsoft.com/dotnet/fundamentals/code-analysis/style-rules/ide0055) [C:\UserWorx\VSWorx\ServoStudio\wpfui-servoStudio\samples\Wpf.Ui.servoStudio\servoStudio_wjhet5xd_wpftmp.csproj]
C:\UserWorx\VSWorx\ServoStudio\wpfui-servoStudio\samples\Wpf.Ui.servoStudio\Core\CANopen\CanOpenSlave_CiA402.cs(58,70): warning IDE0055: 淇鏍煎紡 (https://learn.microsoft.com/dotnet/fundamentals/code-analysis/style-rules/ide0055) [C:\UserWorx\VSWorx\ServoStudio\wpfui-servoStudio\samples\Wpf.Ui.servoStudio\servoStudio_wjhet5xd_wpftmp.csproj]
C:\UserWorx\VSWorx\ServoStudio\wpfui-servoStudio\samples\Wpf.Ui.servoStudio\Core\CANopen\CanOpenSlave_CiA402.cs(61,57): warning IDE0055: 淇鏍煎紡 (https://learn.microsoft.com/dotnet/fundamentals/code-analysis/style-rules/ide0055) [C:\UserWorx\VSWorx\ServoStudio\wpfui-servoStudio\samples\Wpf.Ui.servoStudio\servoStudio_wjhet5xd_wpftmp.csproj]
C:\UserWorx\VSWorx\ServoStudio\wpfui-servoStudio\samples\Wpf.Ui.servoStudio\Core\CANopen\CanOpenSlave_CiA402.cs(61,59): warning IDE0055: 淇鏍煎紡 (https://learn.microsoft.com/dotnet/fundamentals/code-analysis/style-rules/ide0055) [C:\UserWorx\VSWorx\ServoStudio\wpfui-servoStudio\samples\Wpf.Ui.servoStudio\servoStudio_wjhet5xd_wpftmp.csproj]
C:\UserWorx\VSWorx\ServoStudio\wpfui-servoStudio\samples\Wpf.Ui.servoStudio\Core\CANopen\CanOpenSlave_CiA402.cs(61,69): warning IDE0055: 淇鏍煎紡 (https://learn.microsoft.com/dotnet/fundamentals/code-analysis/style-rules/ide0055) [C:\UserWorx\VSWorx\ServoStudio\wpfui-servoStudio\samples\Wpf.Ui.servoStudio\servoStudio_wjhet5xd_wpftmp.csproj]
C:\UserWorx\VSWorx\ServoStudio\wpfui-servoStudio\samples\Wpf.Ui.servoStudio\Core\CANopen\CanOpenSlave_CiA402.cs(64,60): warning IDE0055: 淇鏍煎紡 (https://learn.microsoft.com/dotnet/fundamentals/code-analysis/style-rules/ide0055) [C:\UserWorx\VSWorx\ServoStudio\wpfui-servoStudio\samples\Wpf.Ui.servoStudio\servoStudio_wjhet5xd_wpftmp.csproj]
C:\UserWorx\VSWorx\ServoStudio\wpfui-servoStudio\samples\Wpf.Ui.servoStudio\Core\CANopen\CanOpenSlave_CiA402.cs(64,62): warning IDE0055: 淇鏍煎紡 (https://learn.microsoft.com/dotnet/fundamentals/code-analysis/style-rules/ide0055) [C:\UserWorx\VSWorx\ServoStudio\wpfui-servoStudio\samples\Wpf.Ui.servoStudio\servoStudio_wjhet5xd_wpftmp.csproj]
C:\UserWorx\VSWorx\ServoStudio\wpfui-servoStudio\samples\Wpf.Ui.servoStudio\Core\CANopen\CanOpenSlave_CiA402.cs(64,72): warning IDE0055: 淇鏍煎紡 (https://learn.microsoft.com/dotnet/fundamentals/code-analysis/style-rules/ide0055) [C:\UserWorx\VSWorx\ServoStudio\wpfui-servoStudio\samples\Wpf.Ui.servoStudio\servoStudio_wjhet5xd_wpftmp.csproj]
C:\UserWorx\VSWorx\ServoStudio\wpfui-servoStudio\samples\Wpf.Ui.servoStudio\Core\CANopen\CanOpenSlave_CiA402.cs(77,28): warning IDE0055: 淇鏍煎紡 (https://learn.microsoft.com/dotnet/fundamentals/code-analysis/style-rules/ide0055) [C:\UserWorx\VSWorx\ServoStudio\wpfui-servoStudio\samples\Wpf.Ui.servoStudio\servoStudio_wjhet5xd_wpftmp.csproj]
C:\UserWorx\VSWorx\ServoStudio\wpfui-servoStudio\samples\Wpf.Ui.servoStudio\Core\CANopen\CanOpenSlave_CiA402.cs(81,30): warning IDE0055: 淇鏍煎紡 (https://learn.microsoft.com/dotnet/fundamentals/code-analysis/style-rules/ide0055) [C:\UserWorx\VSWorx\ServoStudio\wpfui-servoStudio\samples\Wpf.Ui.servoStudio\servoStudio_wjhet5xd_wpftmp.csproj]
C:\UserWorx\VSWorx\ServoStudio\wpfui-servoStudio\samples\Wpf.Ui.servoStudio\Core\CANopen\CanOpenSlave_CiA402.cs(78,9): warning IDE2003: 鍧椾笌鍚庣画璇彞涔嬮棿闇€瑕佹湁绌虹櫧琛?(https://learn.microsoft.com/dotnet/fundamentals/code-analysis/style-rules/ide2003) [C:\UserWorx\VSWorx\ServoStudio\wpfui-servoStudio\samples\Wpf.Ui.servoStudio\servoStudio_wjhet5xd_wpftmp.csproj]
C:\UserWorx\VSWorx\ServoStudio\wpfui-servoStudio\samples\Wpf.Ui.servoStudio\Core\CANopen\ICanBus.cs(38,16): warning IDE0055: 淇鏍煎紡 (https://learn.microsoft.com/dotnet/fundamentals/code-analysis/style-rules/ide0055) [C:\UserWorx\VSWorx\ServoStudio\wpfui-servoStudio\samples\Wpf.Ui.servoStudio\servoStudio_wjhet5xd_wpftmp.csproj]
C:\UserWorx\VSWorx\ServoStudio\wpfui-servoStudio\samples\Wpf.Ui.servoStudio\Core\CANopen\ICanBus.cs(38,18): warning IDE0055: 淇鏍煎紡 (https://learn.microsoft.com/dotnet/fundamentals/code-analysis/style-rules/ide0055) [C:\UserWorx\VSWorx\ServoStudio\wpfui-servoStudio\samples\Wpf.Ui.servoStudio\servoStudio_wjhet5xd_wpftmp.csproj]
C:\UserWorx\VSWorx\ServoStudio\wpfui-servoStudio\samples\Wpf.Ui.servoStudio\Core\CANopen\ICanBus.cs(38,23): warning IDE0055: 淇鏍煎紡 (https://learn.microsoft.com/dotnet/fundamentals/code-analysis/style-rules/ide0055) [C:\UserWorx\VSWorx\ServoStudio\wpfui-servoStudio\samples\Wpf.Ui.servoStudio\servoStudio_wjhet5xd_wpftmp.csproj]
C:\UserWorx\VSWorx\ServoStudio\wpfui-servoStudio\samples\Wpf.Ui.servoStudio\Core\CANopen\SerialCanBus.cs(42,23): warning IDE0055: 淇鏍煎紡 (https://learn.microsoft.com/dotnet/fundamentals/code-analysis/style-rules/ide0055) [C:\UserWorx\VSWorx\ServoStudio\wpfui-servoStudio\samples\Wpf.Ui.servoStudio\servoStudio_wjhet5xd_wpftmp.csproj]
C:\UserWorx\VSWorx\ServoStudio\wpfui-servoStudio\samples\Wpf.Ui.servoStudio\Core\CANopen\SerialCanBus.cs(42,25): warning IDE0055: 淇鏍煎紡 (https://learn.microsoft.com/dotnet/fundamentals/code-analysis/style-rules/ide0055) [C:\UserWorx\VSWorx\ServoStudio\wpfui-servoStudio\samples\Wpf.Ui.servoStudio\servoStudio_wjhet5xd_wpftmp.csproj]
C:\UserWorx\VSWorx\ServoStudio\wpfui-servoStudio\samples\Wpf.Ui.servoStudio\Core\CANopen\SerialCanBus.cs(42,43): warning IDE0055: 淇鏍煎紡 (https://learn.microsoft.com/dotnet/fundamentals/code-analysis/style-rules/ide0055) [C:\UserWorx\VSWorx\ServoStudio\wpfui-servoStudio\samples\Wpf.Ui.servoStudio\servoStudio_wjhet5xd_wpftmp.csproj]
C:\UserWorx\VSWorx\ServoStudio\wpfui-servoStudio\samples\Wpf.Ui.servoStudio\Core\CANopen\SerialCanBus.cs(45,26): warning IDE0055: 淇鏍煎紡 (https://learn.microsoft.com/dotnet/fundamentals/code-analysis/style-rules/ide0055) [C:\UserWorx\VSWorx\ServoStudio\wpfui-servoStudio\samples\Wpf.Ui.servoStudio\servoStudio_wjhet5xd_wpftmp.csproj]
C:\UserWorx\VSWorx\ServoStudio\wpfui-servoStudio\samples\Wpf.Ui.servoStudio\Core\CANopen\SerialCanBus.cs(45,28): warning IDE0055: 淇鏍煎紡 (https://learn.microsoft.com/dotnet/fundamentals/code-analysis/style-rules/ide0055) [C:\UserWorx\VSWorx\ServoStudio\wpfui-servoStudio\samples\Wpf.Ui.servoStudio\servoStudio_wjhet5xd_wpftmp.csproj]
C:\UserWorx\VSWorx\ServoStudio\wpfui-servoStudio\samples\Wpf.Ui.servoStudio\Core\CANopen\SerialCanBus.cs(88,34): warning IDE0055: 淇鏍煎紡 (https://learn.microsoft.com/dotnet/fundamentals/code-analysis/style-rules/ide0055) [C:\UserWorx\VSWorx\ServoStudio\wpfui-servoStudio\samples\Wpf.Ui.servoStudio\servoStudio_wjhet5xd_wpftmp.csproj]
C:\UserWorx\VSWorx\ServoStudio\wpfui-servoStudio\samples\Wpf.Ui.servoStudio\Core\CANopen\SerialCanBus.cs(89,34): warning IDE0055: 淇鏍煎紡 (https://learn.microsoft.com/dotnet/fundamentals/code-analysis/style-rules/ide0055) [C:\UserWorx\VSWorx\ServoStudio\wpfui-servoStudio\samples\Wpf.Ui.servoStudio\servoStudio_wjhet5xd_wpftmp.csproj]
C:\UserWorx\VSWorx\ServoStudio\wpfui-servoStudio\samples\Wpf.Ui.servoStudio\Core\CANopen\SerialCanBus.cs(90,34): warning IDE0055: 淇鏍煎紡 (https://learn.microsoft.com/dotnet/fundamentals/code-analysis/style-rules/ide0055) [C:\UserWorx\VSWorx\ServoStudio\wpfui-servoStudio\samples\Wpf.Ui.servoStudio\servoStudio_wjhet5xd_wpftmp.csproj]
C:\UserWorx\VSWorx\ServoStudio\wpfui-servoStudio\samples\Wpf.Ui.servoStudio\Core\CANopen\SerialCanBus.cs(91,35): warning IDE0055: 淇鏍煎紡 (https://learn.microsoft.com/dotnet/fundamentals/code-analysis/style-rules/ide0055) [C:\UserWorx\VSWorx\ServoStudio\wpfui-servoStudio\samples\Wpf.Ui.servoStudio\servoStudio_wjhet5xd_wpftmp.csproj]
C:\UserWorx\VSWorx\ServoStudio\wpfui-servoStudio\samples\Wpf.Ui.servoStudio\Core\CANopen\SerialCanBus.cs(92,35): warning IDE0055: 淇鏍煎紡 (https://learn.microsoft.com/dotnet/fundamentals/code-analysis/style-rules/ide0055) [C:\UserWorx\VSWorx\ServoStudio\wpfui-servoStudio\samples\Wpf.Ui.servoStudio\servoStudio_wjhet5xd_wpftmp.csproj]
C:\UserWorx\VSWorx\ServoStudio\wpfui-servoStudio\samples\Wpf.Ui.servoStudio\Core\CANopen\SerialCanBus.cs(93,35): warning IDE0055: 淇鏍煎紡 (https://learn.microsoft.com/dotnet/fundamentals/code-analysis/style-rules/ide0055) [C:\UserWorx\VSWorx\ServoStudio\wpfui-servoStudio\samples\Wpf.Ui.servoStudio\servoStudio_wjhet5xd_wpftmp.csproj]
C:\UserWorx\VSWorx\ServoStudio\wpfui-servoStudio\samples\Wpf.Ui.servoStudio\Core\CANopen\SerialCanBus.cs(94,35): warning IDE0055: 淇鏍煎紡 (https://learn.microsoft.com/dotnet/fundamentals/code-analysis/style-rules/ide0055) [C:\UserWorx\VSWorx\ServoStudio\wpfui-servoStudio\samples\Wpf.Ui.servoStudio\servoStudio_wjhet5xd_wpftmp.csproj]
C:\UserWorx\VSWorx\ServoStudio\wpfui-servoStudio\samples\Wpf.Ui.servoStudio\Core\CANopen\SerialCanBus.cs(95,35): warning IDE0055: 淇鏍煎紡 (https://learn.microsoft.com/dotnet/fundamentals/code-analysis/style-rules/ide0055) [C:\UserWorx\VSWorx\ServoStudio\wpfui-servoStudio\samples\Wpf.Ui.servoStudio\servoStudio_wjhet5xd_wpftmp.csproj]
C:\UserWorx\VSWorx\ServoStudio\wpfui-servoStudio\samples\Wpf.Ui.servoStudio\Core\CANopen\SerialCanBus.cs(120,16): warning IDE0055: 淇鏍煎紡 (https://learn.microsoft.com/dotnet/fundamentals/code-analysis/style-rules/ide0055) [C:\UserWorx\VSWorx\ServoStudio\wpfui-servoStudio\samples\Wpf.Ui.servoStudio\servoStudio_wjhet5xd_wpftmp.csproj]
C:\UserWorx\VSWorx\ServoStudio\wpfui-servoStudio\samples\Wpf.Ui.servoStudio\Core\CANopen\SerialCanBus.cs(120,18): warning IDE0055: 淇鏍煎紡 (https://learn.microsoft.com/dotnet/fundamentals/code-analysis/style-rules/ide0055) [C:\UserWorx\VSWorx\ServoStudio\wpfui-servoStudio\samples\Wpf.Ui.servoStudio\servoStudio_wjhet5xd_wpftmp.csproj]
C:\UserWorx\VSWorx\ServoStudio\wpfui-servoStudio\samples\Wpf.Ui.servoStudio\Core\CANopen\SerialCanBus.cs(120,33): warning IDE0055: 淇鏍煎紡 (https://learn.microsoft.com/dotnet/fundamentals/code-analysis/style-rules/ide0055) [C:\UserWorx\VSWorx\ServoStudio\wpfui-servoStudio\samples\Wpf.Ui.servoStudio\servoStudio_wjhet5xd_wpftmp.csproj]
C:\UserWorx\VSWorx\ServoStudio\wpfui-servoStudio\samples\Wpf.Ui.servoStudio\Core\CANopen\SerialCanBus.cs(120,35): warning IDE0055: 淇鏍煎紡 (https://learn.microsoft.com/dotnet/fundamentals/code-analysis/style-rules/ide0055) [C:\UserWorx\VSWorx\ServoStudio\wpfui-servoStudio\samples\Wpf.Ui.servoStudio\servoStudio_wjhet5xd_wpftmp.csproj]
C:\UserWorx\VSWorx\ServoStudio\wpfui-servoStudio\samples\Wpf.Ui.servoStudio\Core\CANopen\SerialCanBus.cs(133,12): warning IDE0055: 淇鏍煎紡 (https://learn.microsoft.com/dotnet/fundamentals/code-analysis/style-rules/ide0055) [C:\UserWorx\VSWorx\ServoStudio\wpfui-servoStudio\samples\Wpf.Ui.servoStudio\servoStudio_wjhet5xd_wpftmp.csproj]
C:\UserWorx\VSWorx\ServoStudio\wpfui-servoStudio\samples\Wpf.Ui.servoStudio\Core\CANopen\SerialCanBus.cs(133,14): warning IDE0055: 淇鏍煎紡 (https://learn.microsoft.com/dotnet/fundamentals/code-analysis/style-rules/ide0055) [C:\UserWorx\VSWorx\ServoStudio\wpfui-servoStudio\samples\Wpf.Ui.servoStudio\servoStudio_wjhet5xd_wpftmp.csproj]
C:\UserWorx\VSWorx\ServoStudio\wpfui-servoStudio\samples\Wpf.Ui.servoStudio\Core\CANopen\SerialCanBus.cs(133,32): warning IDE0055: 淇鏍煎紡 (https://learn.microsoft.com/dotnet/fundamentals/code-analysis/style-rules/ide0055) [C:\UserWorx\VSWorx\ServoStudio\wpfui-servoStudio\samples\Wpf.Ui.servoStudio\servoStudio_wjhet5xd_wpftmp.csproj]
C:\UserWorx\VSWorx\ServoStudio\wpfui-servoStudio\samples\Wpf.Ui.servoStudio\Core\CANopen\SerialCanBus.cs(133,34): warning IDE0055: 淇鏍煎紡 (https://learn.microsoft.com/dotnet/fundamentals/code-analysis/style-rules/ide0055) [C:\UserWorx\VSWorx\ServoStudio\wpfui-servoStudio\samples\Wpf.Ui.servoStudio\servoStudio_wjhet5xd_wpftmp.csproj]
C:\UserWorx\VSWorx\ServoStudio\wpfui-servoStudio\samples\Wpf.Ui.servoStudio\Core\CANopen\SerialCanBus.cs(134,12): warning IDE0055: 淇鏍煎紡 (https://learn.microsoft.com/dotnet/fundamentals/code-analysis/style-rules/ide0055) [C:\UserWorx\VSWorx\ServoStudio\wpfui-servoStudio\samples\Wpf.Ui.servoStudio\servoStudio_wjhet5xd_wpftmp.csproj]
C:\UserWorx\VSWorx\ServoStudio\wpfui-servoStudio\samples\Wpf.Ui.servoStudio\Core\CANopen\SerialCanBus.cs(134,14): warning IDE0055: 淇鏍煎紡 (https://learn.microsoft.com/dotnet/fundamentals/code-analysis/style-rules/ide0055) [C:\UserWorx\VSWorx\ServoStudio\wpfui-servoStudio\samples\Wpf.Ui.servoStudio\servoStudio_wjhet5xd_wpftmp.csproj]
C:\UserWorx\VSWorx\ServoStudio\wpfui-servoStudio\samples\Wpf.Ui.servoStudio\Core\CANopen\SerialCanBus.cs(134,36): warning IDE0055: 淇鏍煎紡 (https://learn.microsoft.com/dotnet/fundamentals/code-analysis/style-rules/ide0055) [C:\UserWorx\VSWorx\ServoStudio\wpfui-servoStudio\samples\Wpf.Ui.servoStudio\servoStudio_wjhet5xd_wpftmp.csproj]
C:\UserWorx\VSWorx\ServoStudio\wpfui-servoStudio\samples\Wpf.Ui.servoStudio\Core\CANopen\SerialCanBus.cs(134,38): warning IDE0055: 淇鏍煎紡 (https://learn.microsoft.com/dotnet/fundamentals/code-analysis/style-rules/ide0055) [C:\UserWorx\VSWorx\ServoStudio\wpfui-servoStudio\samples\Wpf.Ui.servoStudio\servoStudio_wjhet5xd_wpftmp.csproj]
C:\UserWorx\VSWorx\ServoStudio\wpfui-servoStudio\samples\Wpf.Ui.servoStudio\Core\CANopen\SerialCanBus.cs(137,12): warning IDE0055: 淇鏍煎紡 (https://learn.microsoft.com/dotnet/fundamentals/code-analysis/style-rules/ide0055) [C:\UserWorx\VSWorx\ServoStudio\wpfui-servoStudio\samples\Wpf.Ui.servoStudio\servoStudio_wjhet5xd_wpftmp.csproj]
C:\UserWorx\VSWorx\ServoStudio\wpfui-servoStudio\samples\Wpf.Ui.servoStudio\Core\CANopen\SerialCanBus.cs(137,14): warning IDE0055: 淇鏍煎紡 (https://learn.microsoft.com/dotnet/fundamentals/code-analysis/style-rules/ide0055) [C:\UserWorx\VSWorx\ServoStudio\wpfui-servoStudio\samples\Wpf.Ui.servoStudio\servoStudio_wjhet5xd_wpftmp.csproj]
C:\UserWorx\VSWorx\ServoStudio\wpfui-servoStudio\samples\Wpf.Ui.servoStudio\Core\CANopen\SerialCanBus.cs(137,32): warning IDE0055: 淇鏍煎紡 (https://learn.microsoft.com/dotnet/fundamentals/code-analysis/style-rules/ide0055) [C:\UserWorx\VSWorx\ServoStudio\wpfui-servoStudio\samples\Wpf.Ui.servoStudio\servoStudio_wjhet5xd_wpftmp.csproj]
C:\UserWorx\VSWorx\ServoStudio\wpfui-servoStudio\samples\Wpf.Ui.servoStudio\Core\CANopen\SerialCanBus.cs(137,34): warning IDE0055: 淇鏍煎紡 (https://learn.microsoft.com/dotnet/fundamentals/code-analysis/style-rules/ide0055) [C:\UserWorx\VSWorx\ServoStudio\wpfui-servoStudio\samples\Wpf.Ui.servoStudio\servoStudio_wjhet5xd_wpftmp.csproj]
C:\UserWorx\VSWorx\ServoStudio\wpfui-servoStudio\samples\Wpf.Ui.servoStudio\Core\CANopen\SerialCanBus.cs(137,56): warning IDE0055: 淇鏍煎紡 (https://learn.microsoft.com/dotnet/fundamentals/code-analysis/style-rules/ide0055) [C:\UserWorx\VSWorx\ServoStudio\wpfui-servoStudio\samples\Wpf.Ui.servoStudio\servoStudio_wjhet5xd_wpftmp.csproj]
C:\UserWorx\VSWorx\ServoStudio\wpfui-servoStudio\samples\Wpf.Ui.servoStudio\Core\CANopen\SerialCanBus.cs(137,71): warning IDE0055: 淇鏍煎紡 (https://learn.microsoft.com/dotnet/fundamentals/code-analysis/style-rules/ide0055) [C:\UserWorx\VSWorx\ServoStudio\wpfui-servoStudio\samples\Wpf.Ui.servoStudio\servoStudio_wjhet5xd_wpftmp.csproj]
C:\UserWorx\VSWorx\ServoStudio\wpfui-servoStudio\samples\Wpf.Ui.servoStudio\Core\CANopen\SerialCanBus.cs(137,73): warning IDE0055: 淇鏍煎紡 (https://learn.microsoft.com/dotnet/fundamentals/code-analysis/style-rules/ide0055) [C:\UserWorx\VSWorx\ServoStudio\wpfui-servoStudio\samples\Wpf.Ui.servoStudio\servoStudio_wjhet5xd_wpftmp.csproj]
C:\UserWorx\VSWorx\ServoStudio\wpfui-servoStudio\samples\Wpf.Ui.servoStudio\Core\CANopen\SerialCanBus.cs(137,75): warning IDE0055: 淇鏍煎紡 (https://learn.microsoft.com/dotnet/fundamentals/code-analysis/style-rules/ide0055) [C:\UserWorx\VSWorx\ServoStudio\wpfui-servoStudio\samples\Wpf.Ui.servoStudio\servoStudio_wjhet5xd_wpftmp.csproj]
C:\UserWorx\VSWorx\ServoStudio\wpfui-servoStudio\samples\Wpf.Ui.servoStudio\Core\CANopen\SerialCanBus.cs(139,40): warning IDE0055: 淇鏍煎紡 (https://learn.microsoft.com/dotnet/fundamentals/code-analysis/style-rules/ide0055) [C:\UserWorx\VSWorx\ServoStudio\wpfui-servoStudio\samples\Wpf.Ui.servoStudio\servoStudio_wjhet5xd_wpftmp.csproj]
C:\UserWorx\VSWorx\ServoStudio\wpfui-servoStudio\samples\Wpf.Ui.servoStudio\Core\CANopen\SerialCanBus.cs(139,42): warning IDE0055: 淇鏍煎紡 (https://learn.microsoft.com/dotnet/fundamentals/code-analysis/style-rules/ide0055) [C:\UserWorx\VSWorx\ServoStudio\wpfui-servoStudio\samples\Wpf.Ui.servoStudio\servoStudio_wjhet5xd_wpftmp.csproj]
C:\UserWorx\VSWorx\ServoStudio\wpfui-servoStudio\samples\Wpf.Ui.servoStudio\Core\CANopen\SerialCanBus.cs(169,12): warning IDE0055: 淇鏍煎紡 (https://learn.microsoft.com/dotnet/fundamentals/code-analysis/style-rules/ide0055) [C:\UserWorx\VSWorx\ServoStudio\wpfui-servoStudio\samples\Wpf.Ui.servoStudio\servoStudio_wjhet5xd_wpftmp.csproj]
C:\UserWorx\VSWorx\ServoStudio\wpfui-servoStudio\samples\Wpf.Ui.servoStudio\Core\CANopen\SerialCanBus.cs(169,14): warning IDE0055: 淇鏍煎紡 (https://learn.microsoft.com/dotnet/fundamentals/code-analysis/style-rules/ide0055) [C:\UserWorx\VSWorx\ServoStudio\wpfui-servoStudio\samples\Wpf.Ui.servoStudio\servoStudio_wjhet5xd_wpftmp.csproj]
C:\UserWorx\VSWorx\ServoStudio\wpfui-servoStudio\samples\Wpf.Ui.servoStudio\Core\CANopen\SerialCanBus.cs(169,61): warning IDE0055: 淇鏍煎紡 (https://learn.microsoft.com/dotnet/fundamentals/code-analysis/style-rules/ide0055) [C:\UserWorx\VSWorx\ServoStudio\wpfui-servoStudio\samples\Wpf.Ui.servoStudio\servoStudio_wjhet5xd_wpftmp.csproj]
C:\UserWorx\VSWorx\ServoStudio\wpfui-servoStudio\samples\Wpf.Ui.servoStudio\Core\CANopen\SerialCanBus.cs(181,12): warning IDE0055: 淇鏍煎紡 (https://learn.microsoft.com/dotnet/fundamentals/code-analysis/style-rules/ide0055) [C:\UserWorx\VSWorx\ServoStudio\wpfui-servoStudio\samples\Wpf.Ui.servoStudio\servoStudio_wjhet5xd_wpftmp.csproj]
C:\UserWorx\VSWorx\ServoStudio\wpfui-servoStudio\samples\Wpf.Ui.servoStudio\Core\CANopen\SerialCanBus.cs(181,14): warning IDE0055: 淇鏍煎紡 (https://learn.microsoft.com/dotnet/fundamentals/code-analysis/style-rules/ide0055) [C:\UserWorx\VSWorx\ServoStudio\wpfui-servoStudio\samples\Wpf.Ui.servoStudio\servoStudio_wjhet5xd_wpftmp.csproj]
C:\UserWorx\VSWorx\ServoStudio\wpfui-servoStudio\samples\Wpf.Ui.servoStudio\Core\CANopen\SerialCanBus.cs(181,23): warning IDE0055: 淇鏍煎紡 (https://learn.microsoft.com/dotnet/fundamentals/code-analysis/style-rules/ide0055) [C:\UserWorx\VSWorx\ServoStudio\wpfui-servoStudio\samples\Wpf.Ui.servoStudio\servoStudio_wjhet5xd_wpftmp.csproj]
C:\UserWorx\VSWorx\ServoStudio\wpfui-servoStudio\samples\Wpf.Ui.servoStudio\Core\CANopen\SerialCanBus.cs(181,25): warning IDE0055: 淇鏍煎紡 (https://learn.microsoft.com/dotnet/fundamentals/code-analysis/style-rules/ide0055) [C:\UserWorx\VSWorx\ServoStudio\wpfui-servoStudio\samples\Wpf.Ui.servoStudio\servoStudio_wjhet5xd_wpftmp.csproj]
C:\UserWorx\VSWorx\ServoStudio\wpfui-servoStudio\samples\Wpf.Ui.servoStudio\Core\CANopen\SerialCanBus.cs(216,16): warning IDE0055: 淇鏍煎紡 (https://learn.microsoft.com/dotnet/fundamentals/code-analysis/style-rules/ide0055) [C:\UserWorx\VSWorx\ServoStudio\wpfui-servoStudio\samples\Wpf.Ui.servoStudio\servoStudio_wjhet5xd_wpftmp.csproj]
C:\UserWorx\VSWorx\ServoStudio\wpfui-servoStudio\samples\Wpf.Ui.servoStudio\Core\CANopen\SerialCanBus.cs(216,18): warning IDE0055: 淇鏍煎紡 (https://learn.microsoft.com/dotnet/fundamentals/code-analysis/style-rules/ide0055) [C:\UserWorx\VSWorx\ServoStudio\wpfui-servoStudio\samples\Wpf.Ui.servoStudio\servoStudio_wjhet5xd_wpftmp.csproj]
C:\UserWorx\VSWorx\ServoStudio\wpfui-servoStudio\samples\Wpf.Ui.servoStudio\Core\CANopen\SerialCanBus.cs(216,60): warning IDE0055: 淇鏍煎紡 (https://learn.microsoft.com/dotnet/fundamentals/code-analysis/style-rules/ide0055) [C:\UserWorx\VSWorx\ServoStudio\wpfui-servoStudio\samples\Wpf.Ui.servoStudio\servoStudio_wjhet5xd_wpftmp.csproj]
C:\UserWorx\VSWorx\ServoStudio\wpfui-servoStudio\samples\Wpf.Ui.servoStudio\Core\CANopen\SerialCanBus.cs(120,57): warning IDE2003: 鍧椾笌鍚庣画璇彞涔嬮棿闇€瑕佹湁绌虹櫧琛?(https://learn.microsoft.com/dotnet/fundamentals/code-analysis/style-rules/ide2003) [C:\UserWorx\VSWorx\ServoStudio\wpfui-servoStudio\samples\Wpf.Ui.servoStudio\servoStudio_wjhet5xd_wpftmp.csproj]
C:\UserWorx\VSWorx\ServoStudio\wpfui-servoStudio\samples\Wpf.Ui.servoStudio\Core\CANopen\SerialCanBus.cs(133,56): warning IDE2003: 鍧椾笌鍚庣画璇彞涔嬮棿闇€瑕佹湁绌虹櫧琛?(https://learn.microsoft.com/dotnet/fundamentals/code-analysis/style-rules/ide2003) [C:\UserWorx\VSWorx\ServoStudio\wpfui-servoStudio\samples\Wpf.Ui.servoStudio\servoStudio_wjhet5xd_wpftmp.csproj]
C:\UserWorx\VSWorx\ServoStudio\wpfui-servoStudio\samples\Wpf.Ui.servoStudio\Core\CANopen\SerialCanBus.cs(134,60): warning IDE2003: 鍧椾笌鍚庣画璇彞涔嬮棿闇€瑕佹湁绌虹櫧琛?(https://learn.microsoft.com/dotnet/fundamentals/code-analysis/style-rules/ide2003) [C:\UserWorx\VSWorx\ServoStudio\wpfui-servoStudio\samples\Wpf.Ui.servoStudio\servoStudio_wjhet5xd_wpftmp.csproj]
C:\UserWorx\VSWorx\ServoStudio\wpfui-servoStudio\samples\Wpf.Ui.servoStudio\Core\CANopen\SerialCanBus.cs(181,47): warning IDE2003: 鍧椾笌鍚庣画璇彞涔嬮棿闇€瑕佹湁绌虹櫧琛?(https://learn.microsoft.com/dotnet/fundamentals/code-analysis/style-rules/ide2003) [C:\UserWorx\VSWorx\ServoStudio\wpfui-servoStudio\samples\Wpf.Ui.servoStudio\servoStudio_wjhet5xd_wpftmp.csproj]
C:\UserWorx\VSWorx\ServoStudio\wpfui-servoStudio\samples\Wpf.Ui.servoStudio\Core\CANopen\VirtualCanBus.cs(26,56): warning IDE0055: 淇鏍煎紡 (https://learn.microsoft.com/dotnet/fundamentals/code-analysis/style-rules/ide0055) [C:\UserWorx\VSWorx\ServoStudio\wpfui-servoStudio\samples\Wpf.Ui.servoStudio\servoStudio_wjhet5xd_wpftmp.csproj]
C:\UserWorx\VSWorx\ServoStudio\wpfui-servoStudio\samples\Wpf.Ui.servoStudio\Core\CANopen\VirtualCanBus.cs(26,58): warning IDE0055: 淇鏍煎紡 (https://learn.microsoft.com/dotnet/fundamentals/code-analysis/style-rules/ide0055) [C:\UserWorx\VSWorx\ServoStudio\wpfui-servoStudio\samples\Wpf.Ui.servoStudio\servoStudio_wjhet5xd_wpftmp.csproj]
C:\UserWorx\VSWorx\ServoStudio\wpfui-servoStudio\samples\Wpf.Ui.servoStudio\Core\CANopen\VirtualCanBus.cs(26,68): warning IDE0055: 淇鏍煎紡 (https://learn.microsoft.com/dotnet/fundamentals/code-analysis/style-rules/ide0055) [C:\UserWorx\VSWorx\ServoStudio\wpfui-servoStudio\samples\Wpf.Ui.servoStudio\servoStudio_wjhet5xd_wpftmp.csproj]
C:\UserWorx\VSWorx\ServoStudio\wpfui-servoStudio\samples\Wpf.Ui.servoStudio\Core\CANopen\VirtualCanBus.cs(28,23): warning IDE0055: 淇鏍煎紡 (https://learn.microsoft.com/dotnet/fundamentals/code-analysis/style-rules/ide0055) [C:\UserWorx\VSWorx\ServoStudio\wpfui-servoStudio\samples\Wpf.Ui.servoStudio\servoStudio_wjhet5xd_wpftmp.csproj]
C:\UserWorx\VSWorx\ServoStudio\wpfui-servoStudio\samples\Wpf.Ui.servoStudio\Core\CANopen\VirtualCanBus.cs(28,25): warning IDE0055: 淇鏍煎紡 (https://learn.microsoft.com/dotnet/fundamentals/code-analysis/style-rules/ide0055) [C:\UserWorx\VSWorx\ServoStudio\wpfui-servoStudio\samples\Wpf.Ui.servoStudio\servoStudio_wjhet5xd_wpftmp.csproj]
C:\UserWorx\VSWorx\ServoStudio\wpfui-servoStudio\samples\Wpf.Ui.servoStudio\Core\CANopen\VirtualCanBus.cs(28,43): warning IDE0055: 淇鏍煎紡 (https://learn.microsoft.com/dotnet/fundamentals/code-analysis/style-rules/ide0055) [C:\UserWorx\VSWorx\ServoStudio\wpfui-servoStudio\samples\Wpf.Ui.servoStudio\servoStudio_wjhet5xd_wpftmp.csproj]
C:\UserWorx\VSWorx\ServoStudio\wpfui-servoStudio\samples\Wpf.Ui.servoStudio\Core\CANopen\VirtualCanBus.cs(41,40): warning IDE0055: 淇鏍煎紡 (https://learn.microsoft.com/dotnet/fundamentals/code-analysis/style-rules/ide0055) [C:\UserWorx\VSWorx\ServoStudio\wpfui-servoStudio\samples\Wpf.Ui.servoStudio\servoStudio_wjhet5xd_wpftmp.csproj]
C:\UserWorx\VSWorx\ServoStudio\wpfui-servoStudio\samples\Wpf.Ui.servoStudio\Core\CANopen\VirtualCanBus.cs(41,42): warning IDE0055: 淇鏍煎紡 (https://learn.microsoft.com/dotnet/fundamentals/code-analysis/style-rules/ide0055) [C:\UserWorx\VSWorx\ServoStudio\wpfui-servoStudio\samples\Wpf.Ui.servoStudio\servoStudio_wjhet5xd_wpftmp.csproj]
C:\UserWorx\VSWorx\ServoStudio\wpfui-servoStudio\samples\Wpf.Ui.servoStudio\Core\CANopen\VirtualCanBus.cs(91,12): warning IDE0055: 淇鏍煎紡 (https://learn.microsoft.com/dotnet/fundamentals/code-analysis/style-rules/ide0055) [C:\UserWorx\VSWorx\ServoStudio\wpfui-servoStudio\samples\Wpf.Ui.servoStudio\servoStudio_wjhet5xd_wpftmp.csproj]
C:\UserWorx\VSWorx\ServoStudio\wpfui-servoStudio\samples\Wpf.Ui.servoStudio\Core\CANopen\VirtualCanBus.cs(91,14): warning IDE0055: 淇鏍煎紡 (https://learn.microsoft.com/dotnet/fundamentals/code-analysis/style-rules/ide0055) [C:\UserWorx\VSWorx\ServoStudio\wpfui-servoStudio\samples\Wpf.Ui.servoStudio\servoStudio_wjhet5xd_wpftmp.csproj]
C:\UserWorx\VSWorx\ServoStudio\wpfui-servoStudio\samples\Wpf.Ui.servoStudio\Core\CANopen\VirtualCanBus.cs(91,23): warning IDE0055: 淇鏍煎紡 (https://learn.microsoft.com/dotnet/fundamentals/code-analysis/style-rules/ide0055) [C:\UserWorx\VSWorx\ServoStudio\wpfui-servoStudio\samples\Wpf.Ui.servoStudio\servoStudio_wjhet5xd_wpftmp.csproj]
C:\UserWorx\VSWorx\ServoStudio\wpfui-servoStudio\samples\Wpf.Ui.servoStudio\Core\CANopen\VirtualCanBus.cs(91,25): warning IDE0055: 淇鏍煎紡 (https://learn.microsoft.com/dotnet/fundamentals/code-analysis/style-rules/ide0055) [C:\UserWorx\VSWorx\ServoStudio\wpfui-servoStudio\samples\Wpf.Ui.servoStudio\servoStudio_wjhet5xd_wpftmp.csproj]
C:\UserWorx\VSWorx\ServoStudio\wpfui-servoStudio\samples\Wpf.Ui.servoStudio\Core\CANopen\VirtualCanBus.cs(70,72): warning IDE2003: 鍧椾笌鍚庣画璇彞涔嬮棿闇€瑕佹湁绌虹櫧琛?(https://learn.microsoft.com/dotnet/fundamentals/code-analysis/style-rules/ide2003) [C:\UserWorx\VSWorx\ServoStudio\wpfui-servoStudio\samples\Wpf.Ui.servoStudio\servoStudio_wjhet5xd_wpftmp.csproj]
C:\UserWorx\VSWorx\ServoStudio\wpfui-servoStudio\samples\Wpf.Ui.servoStudio\Core\CANopen\VirtualCanBus.cs(91,47): warning IDE2003: 鍧椾笌鍚庣画璇彞涔嬮棿闇€瑕佹湁绌虹櫧琛?(https://learn.microsoft.com/dotnet/fundamentals/code-analysis/style-rules/ide2003) [C:\UserWorx\VSWorx\ServoStudio\wpfui-servoStudio\samples\Wpf.Ui.servoStudio\servoStudio_wjhet5xd_wpftmp.csproj]
C:\UserWorx\VSWorx\ServoStudio\wpfui-servoStudio\samples\Wpf.Ui.servoStudio\Core\EtherCAT\EtherCatCyclicSyncService.cs(76,16): warning IDE0055: 淇鏍煎紡 (https://learn.microsoft.com/dotnet/fundamentals/code-analysis/style-rules/ide0055) [C:\UserWorx\VSWorx\ServoStudio\wpfui-servoStudio\samples\Wpf.Ui.servoStudio\servoStudio_wjhet5xd_wpftmp.csproj]
C:\UserWorx\VSWorx\ServoStudio\wpfui-servoStudio\samples\Wpf.Ui.servoStudio\Core\EtherCAT\EtherCatCyclicSyncService.cs(76,18): warning IDE0055: 淇鏍煎紡 (https://learn.microsoft.com/dotnet/fundamentals/code-analysis/style-rules/ide0055) [C:\UserWorx\VSWorx\ServoStudio\wpfui-servoStudio\samples\Wpf.Ui.servoStudio\servoStudio_wjhet5xd_wpftmp.csproj]
C:\UserWorx\VSWorx\ServoStudio\wpfui-servoStudio\samples\Wpf.Ui.servoStudio\Core\EtherCAT\EtherCatCyclicSyncService.cs(76,40): warning IDE0055: 淇鏍煎紡 (https://learn.microsoft.com/dotnet/fundamentals/code-analysis/style-rules/ide0055) [C:\UserWorx\VSWorx\ServoStudio\wpfui-servoStudio\samples\Wpf.Ui.servoStudio\servoStudio_wjhet5xd_wpftmp.csproj]
C:\UserWorx\VSWorx\ServoStudio\wpfui-servoStudio\samples\Wpf.Ui.servoStudio\Core\EtherCAT\EtherCatCyclicSyncService.cs(76,42): warning IDE0055: 淇鏍煎紡 (https://learn.microsoft.com/dotnet/fundamentals/code-analysis/style-rules/ide0055) [C:\UserWorx\VSWorx\ServoStudio\wpfui-servoStudio\samples\Wpf.Ui.servoStudio\servoStudio_wjhet5xd_wpftmp.csproj]
C:\UserWorx\VSWorx\ServoStudio\wpfui-servoStudio\samples\Wpf.Ui.servoStudio\Core\EtherCAT\EtherCatCyclicSyncService.cs(85,16): warning IDE0055: 淇鏍煎紡 (https://learn.microsoft.com/dotnet/fundamentals/code-analysis/style-rules/ide0055) [C:\UserWorx\VSWorx\ServoStudio\wpfui-servoStudio\samples\Wpf.Ui.servoStudio\servoStudio_wjhet5xd_wpftmp.csproj]
C:\UserWorx\VSWorx\ServoStudio\wpfui-servoStudio\samples\Wpf.Ui.servoStudio\Core\EtherCAT\EtherCatCyclicSyncService.cs(85,18): warning IDE0055: 淇鏍煎紡 (https://learn.microsoft.com/dotnet/fundamentals/code-analysis/style-rules/ide0055) [C:\UserWorx\VSWorx\ServoStudio\wpfui-servoStudio\samples\Wpf.Ui.servoStudio\servoStudio_wjhet5xd_wpftmp.csproj]
C:\UserWorx\VSWorx\ServoStudio\wpfui-servoStudio\samples\Wpf.Ui.servoStudio\Core\EtherCAT\EtherCatCyclicSyncService.cs(85,39): warning IDE0055: 淇鏍煎紡 (https://learn.microsoft.com/dotnet/fundamentals/code-analysis/style-rules/ide0055) [C:\UserWorx\VSWorx\ServoStudio\wpfui-servoStudio\samples\Wpf.Ui.servoStudio\servoStudio_wjhet5xd_wpftmp.csproj]
C:\UserWorx\VSWorx\ServoStudio\wpfui-servoStudio\samples\Wpf.Ui.servoStudio\Core\EtherCAT\EtherCatCyclicSyncService.cs(85,41): warning IDE0055: 淇鏍煎紡 (https://learn.microsoft.com/dotnet/fundamentals/code-analysis/style-rules/ide0055) [C:\UserWorx\VSWorx\ServoStudio\wpfui-servoStudio\samples\Wpf.Ui.servoStudio\servoStudio_wjhet5xd_wpftmp.csproj]
C:\UserWorx\VSWorx\ServoStudio\wpfui-servoStudio\samples\Wpf.Ui.servoStudio\Core\EtherCAT\EtherCatCyclicSyncService.cs(93,12): warning IDE0055: 淇鏍煎紡 (https://learn.microsoft.com/dotnet/fundamentals/code-analysis/style-rules/ide0055) [C:\UserWorx\VSWorx\ServoStudio\wpfui-servoStudio\samples\Wpf.Ui.servoStudio\servoStudio_wjhet5xd_wpftmp.csproj]
C:\UserWorx\VSWorx\ServoStudio\wpfui-servoStudio\samples\Wpf.Ui.servoStudio\Core\EtherCAT\EtherCatCyclicSyncService.cs(93,14): warning IDE0055: 淇鏍煎紡 (https://learn.microsoft.com/dotnet/fundamentals/code-analysis/style-rules/ide0055) [C:\UserWorx\VSWorx\ServoStudio\wpfui-servoStudio\samples\Wpf.Ui.servoStudio\servoStudio_wjhet5xd_wpftmp.csproj]
C:\UserWorx\VSWorx\ServoStudio\wpfui-servoStudio\samples\Wpf.Ui.servoStudio\Core\EtherCAT\EtherCatCyclicSyncService.cs(93,30): warning IDE0055: 淇鏍煎紡 (https://learn.microsoft.com/dotnet/fundamentals/code-analysis/style-rules/ide0055) [C:\UserWorx\VSWorx\ServoStudio\wpfui-servoStudio\samples\Wpf.Ui.servoStudio\servoStudio_wjhet5xd_wpftmp.csproj]
C:\UserWorx\VSWorx\ServoStudio\wpfui-servoStudio\samples\Wpf.Ui.servoStudio\Core\EtherCAT\EtherCatCyclicSyncService.cs(93,32): warning IDE0055: 淇鏍煎紡 (https://learn.microsoft.com/dotnet/fundamentals/code-analysis/style-rules/ide0055) [C:\UserWorx\VSWorx\ServoStudio\wpfui-servoStudio\samples\Wpf.Ui.servoStudio\servoStudio_wjhet5xd_wpftmp.csproj]
C:\UserWorx\VSWorx\ServoStudio\wpfui-servoStudio\samples\Wpf.Ui.servoStudio\Core\EtherCAT\EtherCatCyclicSyncService.cs(94,12): warning IDE0055: 淇鏍煎紡 (https://learn.microsoft.com/dotnet/fundamentals/code-analysis/style-rules/ide0055) [C:\UserWorx\VSWorx\ServoStudio\wpfui-servoStudio\samples\Wpf.Ui.servoStudio\servoStudio_wjhet5xd_wpftmp.csproj]
C:\UserWorx\VSWorx\ServoStudio\wpfui-servoStudio\samples\Wpf.Ui.servoStudio\Core\EtherCAT\EtherCatCyclicSyncService.cs(94,14): warning IDE0055: 淇鏍煎紡 (https://learn.microsoft.com/dotnet/fundamentals/code-analysis/style-rules/ide0055) [C:\UserWorx\VSWorx\ServoStudio\wpfui-servoStudio\samples\Wpf.Ui.servoStudio\servoStudio_wjhet5xd_wpftmp.csproj]
C:\UserWorx\VSWorx\ServoStudio\wpfui-servoStudio\samples\Wpf.Ui.servoStudio\Core\EtherCAT\EtherCatCyclicSyncService.cs(94,33): warning IDE0055: 淇鏍煎紡 (https://learn.microsoft.com/dotnet/fundamentals/code-analysis/style-rules/ide0055) [C:\UserWorx\VSWorx\ServoStudio\wpfui-servoStudio\samples\Wpf.Ui.servoStudio\servoStudio_wjhet5xd_wpftmp.csproj]
C:\UserWorx\VSWorx\ServoStudio\wpfui-servoStudio\samples\Wpf.Ui.servoStudio\Core\EtherCAT\EtherCatCyclicSyncService.cs(94,35): warning IDE0055: 淇鏍煎紡 (https://learn.microsoft.com/dotnet/fundamentals/code-analysis/style-rules/ide0055) [C:\UserWorx\VSWorx\ServoStudio\wpfui-servoStudio\samples\Wpf.Ui.servoStudio\servoStudio_wjhet5xd_wpftmp.csproj]
C:\UserWorx\VSWorx\ServoStudio\wpfui-servoStudio\samples\Wpf.Ui.servoStudio\Core\EtherCAT\EtherCatCyclicSyncService.cs(183,12): warning IDE0055: 淇鏍煎紡 (https://learn.microsoft.com/dotnet/fundamentals/code-analysis/style-rules/ide0055) [C:\UserWorx\VSWorx\ServoStudio\wpfui-servoStudio\samples\Wpf.Ui.servoStudio\servoStudio_wjhet5xd_wpftmp.csproj]
C:\UserWorx\VSWorx\ServoStudio\wpfui-servoStudio\samples\Wpf.Ui.servoStudio\Core\EtherCAT\EtherCatCyclicSyncService.cs(183,14): warning IDE0055: 淇鏍煎紡 (https://learn.microsoft.com/dotnet/fundamentals/code-analysis/style-rules/ide0055) [C:\UserWorx\VSWorx\ServoStudio\wpfui-servoStudio\samples\Wpf.Ui.servoStudio\servoStudio_wjhet5xd_wpftmp.csproj]
C:\UserWorx\VSWorx\ServoStudio\wpfui-servoStudio\samples\Wpf.Ui.servoStudio\Core\EtherCAT\EtherCatCyclicSyncService.cs(183,79): warning IDE0055: 淇鏍煎紡 (https://learn.microsoft.com/dotnet/fundamentals/code-analysis/style-rules/ide0055) [C:\UserWorx\VSWorx\ServoStudio\wpfui-servoStudio\samples\Wpf.Ui.servoStudio\servoStudio_wjhet5xd_wpftmp.csproj]
C:\UserWorx\VSWorx\ServoStudio\wpfui-servoStudio\samples\Wpf.Ui.servoStudio\Core\EtherCAT\EtherCatCyclicSyncService.cs(183,81): warning IDE0055: 淇鏍煎紡 (https://learn.microsoft.com/dotnet/fundamentals/code-analysis/style-rules/ide0055) [C:\UserWorx\VSWorx\ServoStudio\wpfui-servoStudio\samples\Wpf.Ui.servoStudio\servoStudio_wjhet5xd_wpftmp.csproj]
C:\UserWorx\VSWorx\ServoStudio\wpfui-servoStudio\samples\Wpf.Ui.servoStudio\Core\EtherCAT\EtherCatCyclicSyncService.cs(184,12): warning IDE0055: 淇鏍煎紡 (https://learn.microsoft.com/dotnet/fundamentals/code-analysis/style-rules/ide0055) [C:\UserWorx\VSWorx\ServoStudio\wpfui-servoStudio\samples\Wpf.Ui.servoStudio\servoStudio_wjhet5xd_wpftmp.csproj]
C:\UserWorx\VSWorx\ServoStudio\wpfui-servoStudio\samples\Wpf.Ui.servoStudio\Core\EtherCAT\EtherCatCyclicSyncService.cs(184,14): warning IDE0055: 淇鏍煎紡 (https://learn.microsoft.com/dotnet/fundamentals/code-analysis/style-rules/ide0055) [C:\UserWorx\VSWorx\ServoStudio\wpfui-servoStudio\samples\Wpf.Ui.servoStudio\servoStudio_wjhet5xd_wpftmp.csproj]
C:\UserWorx\VSWorx\ServoStudio\wpfui-servoStudio\samples\Wpf.Ui.servoStudio\Core\EtherCAT\EtherCatCyclicSyncService.cs(184,79): warning IDE0055: 淇鏍煎紡 (https://learn.microsoft.com/dotnet/fundamentals/code-analysis/style-rules/ide0055) [C:\UserWorx\VSWorx\ServoStudio\wpfui-servoStudio\samples\Wpf.Ui.servoStudio\servoStudio_wjhet5xd_wpftmp.csproj]
C:\UserWorx\VSWorx\ServoStudio\wpfui-servoStudio\samples\Wpf.Ui.servoStudio\Core\EtherCAT\EtherCatCyclicSyncService.cs(184,81): warning IDE0055: 淇鏍煎紡 (https://learn.microsoft.com/dotnet/fundamentals/code-analysis/style-rules/ide0055) [C:\UserWorx\VSWorx\ServoStudio\wpfui-servoStudio\samples\Wpf.Ui.servoStudio\servoStudio_wjhet5xd_wpftmp.csproj]
C:\UserWorx\VSWorx\ServoStudio\wpfui-servoStudio\samples\Wpf.Ui.servoStudio\Core\EtherCAT\EtherCatCyclicSyncService.cs(76,64): warning IDE2003: 鍧椾笌鍚庣画璇彞涔嬮棿闇€瑕佹湁绌虹櫧琛?(https://learn.microsoft.com/dotnet/fundamentals/code-analysis/style-rules/ide2003) [C:\UserWorx\VSWorx\ServoStudio\wpfui-servoStudio\samples\Wpf.Ui.servoStudio\servoStudio_wjhet5xd_wpftmp.csproj]
C:\UserWorx\VSWorx\ServoStudio\wpfui-servoStudio\samples\Wpf.Ui.servoStudio\Core\EtherCAT\EtherCatCyclicSyncService.cs(84,61): warning IDE2003: 鍧椾笌鍚庣画璇彞涔嬮棿闇€瑕佹湁绌虹櫧琛?(https://learn.microsoft.com/dotnet/fundamentals/code-analysis/style-rules/ide2003) [C:\UserWorx\VSWorx\ServoStudio\wpfui-servoStudio\samples\Wpf.Ui.servoStudio\servoStudio_wjhet5xd_wpftmp.csproj]
C:\UserWorx\VSWorx\ServoStudio\wpfui-servoStudio\samples\Wpf.Ui.servoStudio\Core\EtherCAT\EtherCatCyclicSyncService.cs(85,63): warning IDE2003: 鍧椾笌鍚庣画璇彞涔嬮棿闇€瑕佹湁绌虹櫧琛?(https://learn.microsoft.com/dotnet/fundamentals/code-analysis/style-rules/ide2003) [C:\UserWorx\VSWorx\ServoStudio\wpfui-servoStudio\samples\Wpf.Ui.servoStudio\servoStudio_wjhet5xd_wpftmp.csproj]
C:\UserWorx\VSWorx\ServoStudio\wpfui-servoStudio\samples\Wpf.Ui.servoStudio\Core\EtherCAT\EtherCatCyclicSyncService.cs(93,54): warning IDE2003: 鍧椾笌鍚庣画璇彞涔嬮棿闇€瑕佹湁绌虹櫧琛?(https://learn.microsoft.com/dotnet/fundamentals/code-analysis/style-rules/ide2003) [C:\UserWorx\VSWorx\ServoStudio\wpfui-servoStudio\samples\Wpf.Ui.servoStudio\servoStudio_wjhet5xd_wpftmp.csproj]
C:\UserWorx\VSWorx\ServoStudio\wpfui-servoStudio\samples\Wpf.Ui.servoStudio\Core\EtherCAT\EtherCatCyclicSyncService.cs(94,57): warning IDE2003: 鍧椾笌鍚庣画璇彞涔嬮棿闇€瑕佹湁绌虹櫧琛?(https://learn.microsoft.com/dotnet/fundamentals/code-analysis/style-rules/ide2003) [C:\UserWorx\VSWorx\ServoStudio\wpfui-servoStudio\samples\Wpf.Ui.servoStudio\servoStudio_wjhet5xd_wpftmp.csproj]
C:\UserWorx\VSWorx\ServoStudio\wpfui-servoStudio\samples\Wpf.Ui.servoStudio\Core\EtherCAT\EtherCatCyclicSyncService.cs(183,103): warning IDE2003: 鍧椾笌鍚庣画璇彞涔嬮棿闇€瑕佹湁绌虹櫧琛?(https://learn.microsoft.com/dotnet/fundamentals/code-analysis/style-rules/ide2003) [C:\UserWorx\VSWorx\ServoStudio\wpfui-servoStudio\samples\Wpf.Ui.servoStudio\servoStudio_wjhet5xd_wpftmp.csproj]
C:\UserWorx\VSWorx\ServoStudio\wpfui-servoStudio\samples\Wpf.Ui.servoStudio\Core\IServoMaster.cs(33,18): warning IDE0055: 淇鏍煎紡 (https://learn.microsoft.com/dotnet/fundamentals/code-analysis/style-rules/ide0055) [C:\UserWorx\VSWorx\ServoStudio\wpfui-servoStudio\samples\Wpf.Ui.servoStudio\servoStudio_wjhet5xd_wpftmp.csproj]
C:\UserWorx\VSWorx\ServoStudio\wpfui-servoStudio\samples\Wpf.Ui.servoStudio\Core\IServoMaster.cs(33,20): warning IDE0055: 淇鏍煎紡 (https://learn.microsoft.com/dotnet/fundamentals/code-analysis/style-rules/ide0055) [C:\UserWorx\VSWorx\ServoStudio\wpfui-servoStudio\samples\Wpf.Ui.servoStudio\servoStudio_wjhet5xd_wpftmp.csproj]
C:\UserWorx\VSWorx\ServoStudio\wpfui-servoStudio\samples\Wpf.Ui.servoStudio\Core\IServoMaster.cs(33,25): warning IDE0055: 淇鏍煎紡 (https://learn.microsoft.com/dotnet/fundamentals/code-analysis/style-rules/ide0055) [C:\UserWorx\VSWorx\ServoStudio\wpfui-servoStudio\samples\Wpf.Ui.servoStudio\servoStudio_wjhet5xd_wpftmp.csproj]
C:\UserWorx\VSWorx\ServoStudio\wpfui-servoStudio\samples\Wpf.Ui.servoStudio\Core\IServoMaster.cs(36,22): warning IDE0055: 淇鏍煎紡 (https://learn.microsoft.com/dotnet/fundamentals/code-analysis/style-rules/ide0055) [C:\UserWorx\VSWorx\ServoStudio\wpfui-servoStudio\samples\Wpf.Ui.servoStudio\servoStudio_wjhet5xd_wpftmp.csproj]
C:\UserWorx\VSWorx\ServoStudio\wpfui-servoStudio\samples\Wpf.Ui.servoStudio\Core\IServoMaster.cs(36,24): warning IDE0055: 淇鏍煎紡 (https://learn.microsoft.com/dotnet/fundamentals/code-analysis/style-rules/ide0055) [C:\UserWorx\VSWorx\ServoStudio\wpfui-servoStudio\samples\Wpf.Ui.servoStudio\servoStudio_wjhet5xd_wpftmp.csproj]
C:\UserWorx\VSWorx\ServoStudio\wpfui-servoStudio\samples\Wpf.Ui.servoStudio\Core\IServoMaster.cs(36,29): warning IDE0055: 淇鏍煎紡 (https://learn.microsoft.com/dotnet/fundamentals/code-analysis/style-rules/ide0055) [C:\UserWorx\VSWorx\ServoStudio\wpfui-servoStudio\samples\Wpf.Ui.servoStudio\servoStudio_wjhet5xd_wpftmp.csproj]
C:\UserWorx\VSWorx\ServoStudio\wpfui-servoStudio\samples\Wpf.Ui.servoStudio\Core\IServoMaster.cs(39,28): warning IDE0055: 淇鏍煎紡 (https://learn.microsoft.com/dotnet/fundamentals/code-analysis/style-rules/ide0055) [C:\UserWorx\VSWorx\ServoStudio\wpfui-servoStudio\samples\Wpf.Ui.servoStudio\servoStudio_wjhet5xd_wpftmp.csproj]
C:\UserWorx\VSWorx\ServoStudio\wpfui-servoStudio\samples\Wpf.Ui.servoStudio\Core\IServoMaster.cs(39,30): warning IDE0055: 淇鏍煎紡 (https://learn.microsoft.com/dotnet/fundamentals/code-analysis/style-rules/ide0055) [C:\UserWorx\VSWorx\ServoStudio\wpfui-servoStudio\samples\Wpf.Ui.servoStudio\servoStudio_wjhet5xd_wpftmp.csproj]
C:\UserWorx\VSWorx\ServoStudio\wpfui-servoStudio\samples\Wpf.Ui.servoStudio\Core\IServoMaster.cs(39,35): warning IDE0055: 淇鏍煎紡 (https://learn.microsoft.com/dotnet/fundamentals/code-analysis/style-rules/ide0055) [C:\UserWorx\VSWorx\ServoStudio\wpfui-servoStudio\samples\Wpf.Ui.servoStudio\servoStudio_wjhet5xd_wpftmp.csproj]
C:\UserWorx\VSWorx\ServoStudio\wpfui-servoStudio\samples\Wpf.Ui.servoStudio\Core\Modbus\ModbusRtuMaster.cs(77,33): warning IDE0055: 淇鏍煎紡 (https://learn.microsoft.com/dotnet/fundamentals/code-analysis/style-rules/ide0055) [C:\UserWorx\VSWorx\ServoStudio\wpfui-servoStudio\samples\Wpf.Ui.servoStudio\servoStudio_wjhet5xd_wpftmp.csproj]
C:\UserWorx\VSWorx\ServoStudio\wpfui-servoStudio\samples\Wpf.Ui.servoStudio\Core\Modbus\ModbusRtuMaster.cs(77,35): warning IDE0055: 淇鏍煎紡 (https://learn.microsoft.com/dotnet/fundamentals/code-analysis/style-rules/ide0055) [C:\UserWorx\VSWorx\ServoStudio\wpfui-servoStudio\samples\Wpf.Ui.servoStudio\servoStudio_wjhet5xd_wpftmp.csproj]
C:\UserWorx\VSWorx\ServoStudio\wpfui-servoStudio\samples\Wpf.Ui.servoStudio\Core\Modbus\ModbusRtuMaster.cs(77,45): warning IDE0055: 淇鏍煎紡 (https://learn.microsoft.com/dotnet/fundamentals/code-analysis/style-rules/ide0055) [C:\UserWorx\VSWorx\ServoStudio\wpfui-servoStudio\samples\Wpf.Ui.servoStudio\servoStudio_wjhet5xd_wpftmp.csproj]
C:\UserWorx\VSWorx\ServoStudio\wpfui-servoStudio\samples\Wpf.Ui.servoStudio\Core\Modbus\ModbusRtuMaster.cs(80,26): warning IDE0055: 淇鏍煎紡 (https://learn.microsoft.com/dotnet/fundamentals/code-analysis/style-rules/ide0055) [C:\UserWorx\VSWorx\ServoStudio\wpfui-servoStudio\samples\Wpf.Ui.servoStudio\servoStudio_wjhet5xd_wpftmp.csproj]
C:\UserWorx\VSWorx\ServoStudio\wpfui-servoStudio\samples\Wpf.Ui.servoStudio\Core\Modbus\ModbusRtuMaster.cs(80,28): warning IDE0055: 淇鏍煎紡 (https://learn.microsoft.com/dotnet/fundamentals/code-analysis/style-rules/ide0055) [C:\UserWorx\VSWorx\ServoStudio\wpfui-servoStudio\samples\Wpf.Ui.servoStudio\servoStudio_wjhet5xd_wpftmp.csproj]
C:\UserWorx\VSWorx\ServoStudio\wpfui-servoStudio\samples\Wpf.Ui.servoStudio\Core\Modbus\ModbusRtuMaster.cs(80,38): warning IDE0055: 淇鏍煎紡 (https://learn.microsoft.com/dotnet/fundamentals/code-analysis/style-rules/ide0055) [C:\UserWorx\VSWorx\ServoStudio\wpfui-servoStudio\samples\Wpf.Ui.servoStudio\servoStudio_wjhet5xd_wpftmp.csproj]
C:\UserWorx\VSWorx\ServoStudio\wpfui-servoStudio\samples\Wpf.Ui.servoStudio\Core\Modbus\ModbusRtuMaster.cs(95,40): warning IDE0055: 淇鏍煎紡 (https://learn.microsoft.com/dotnet/fundamentals/code-analysis/style-rules/ide0055) [C:\UserWorx\VSWorx\ServoStudio\wpfui-servoStudio\samples\Wpf.Ui.servoStudio\servoStudio_wjhet5xd_wpftmp.csproj]
C:\UserWorx\VSWorx\ServoStudio\wpfui-servoStudio\samples\Wpf.Ui.servoStudio\Core\Modbus\ModbusRtuMaster.cs(95,42): warning IDE0055: 淇鏍煎紡 (https://learn.microsoft.com/dotnet/fundamentals/code-analysis/style-rules/ide0055) [C:\UserWorx\VSWorx\ServoStudio\wpfui-servoStudio\samples\Wpf.Ui.servoStudio\servoStudio_wjhet5xd_wpftmp.csproj]
C:\UserWorx\VSWorx\ServoStudio\wpfui-servoStudio\samples\Wpf.Ui.servoStudio\Core\Modbus\ModbusRtuMaster.cs(95,60): warning IDE0055: 淇鏍煎紡 (https://learn.microsoft.com/dotnet/fundamentals/code-analysis/style-rules/ide0055) [C:\UserWorx\VSWorx\ServoStudio\wpfui-servoStudio\samples\Wpf.Ui.servoStudio\servoStudio_wjhet5xd_wpftmp.csproj]
C:\UserWorx\VSWorx\ServoStudio\wpfui-servoStudio\samples\Wpf.Ui.servoStudio\Core\Modbus\ModbusRtuMaster.cs(110,33): warning IDE0055: 淇鏍煎紡 (https://learn.microsoft.com/dotnet/fundamentals/code-analysis/style-rules/ide0055) [C:\UserWorx\VSWorx\ServoStudio\wpfui-servoStudio\samples\Wpf.Ui.servoStudio\servoStudio_wjhet5xd_wpftmp.csproj]
C:\UserWorx\VSWorx\ServoStudio\wpfui-servoStudio\samples\Wpf.Ui.servoStudio\Core\Modbus\ModbusRtuMaster.cs(110,35): warning IDE0055: 淇鏍煎紡 (https://learn.microsoft.com/dotnet/fundamentals/code-analysis/style-rules/ide0055) [C:\UserWorx\VSWorx\ServoStudio\wpfui-servoStudio\samples\Wpf.Ui.servoStudio\servoStudio_wjhet5xd_wpftmp.csproj]
C:\UserWorx\VSWorx\ServoStudio\wpfui-servoStudio\samples\Wpf.Ui.servoStudio\Core\Modbus\ModbusRtuMaster.cs(110,53): warning IDE0055: 淇鏍煎紡 (https://learn.microsoft.com/dotnet/fundamentals/code-analysis/style-rules/ide0055) [C:\UserWorx\VSWorx\ServoStudio\wpfui-servoStudio\samples\Wpf.Ui.servoStudio\servoStudio_wjhet5xd_wpftmp.csproj]
C:\UserWorx\VSWorx\ServoStudio\wpfui-servoStudio\samples\Wpf.Ui.servoStudio\Core\Modbus\ModbusRtuMaster.cs(126,16): warning IDE0055: 淇鏍煎紡 (https://learn.microsoft.com/dotnet/fundamentals/code-analysis/style-rules/ide0055) [C:\UserWorx\VSWorx\ServoStudio\wpfui-servoStudio\samples\Wpf.Ui.servoStudio\servoStudio_wjhet5xd_wpftmp.csproj]
C:\UserWorx\VSWorx\ServoStudio\wpfui-servoStudio\samples\Wpf.Ui.servoStudio\Core\Modbus\ModbusRtuMaster.cs(126,18): warning IDE0055: 淇鏍煎紡 (https://learn.microsoft.com/dotnet/fundamentals/code-analysis/style-rules/ide0055) [C:\UserWorx\VSWorx\ServoStudio\wpfui-servoStudio\samples\Wpf.Ui.servoStudio\servoStudio_wjhet5xd_wpftmp.csproj]
C:\UserWorx\VSWorx\ServoStudio\wpfui-servoStudio\samples\Wpf.Ui.servoStudio\Core\Modbus\ModbusRtuMaster.cs(126,33): warning IDE0055: 淇鏍煎紡 (https://learn.microsoft.com/dotnet/fundamentals/code-analysis/style-rules/ide0055) [C:\UserWorx\VSWorx\ServoStudio\wpfui-servoStudio\samples\Wpf.Ui.servoStudio\servoStudio_wjhet5xd_wpftmp.csproj]
C:\UserWorx\VSWorx\ServoStudio\wpfui-servoStudio\samples\Wpf.Ui.servoStudio\Core\Modbus\ModbusRtuMaster.cs(126,35): warning IDE0055: 淇鏍煎紡 (https://learn.microsoft.com/dotnet/fundamentals/code-analysis/style-rules/ide0055) [C:\UserWorx\VSWorx\ServoStudio\wpfui-servoStudio\samples\Wpf.Ui.servoStudio\servoStudio_wjhet5xd_wpftmp.csproj]
C:\UserWorx\VSWorx\ServoStudio\wpfui-servoStudio\samples\Wpf.Ui.servoStudio\Core\Modbus\ModbusRtuMaster.cs(196,16): warning IDE0055: 淇鏍煎紡 (https://learn.microsoft.com/dotnet/fundamentals/code-analysis/style-rules/ide0055) [C:\UserWorx\VSWorx\ServoStudio\wpfui-servoStudio\samples\Wpf.Ui.servoStudio\servoStudio_wjhet5xd_wpftmp.csproj]
C:\UserWorx\VSWorx\ServoStudio\wpfui-servoStudio\samples\Wpf.Ui.servoStudio\Core\Modbus\ModbusRtuMaster.cs(196,18): warning IDE0055: 淇鏍煎紡 (https://learn.microsoft.com/dotnet/fundamentals/code-analysis/style-rules/ide0055) [C:\UserWorx\VSWorx\ServoStudio\wpfui-servoStudio\samples\Wpf.Ui.servoStudio\servoStudio_wjhet5xd_wpftmp.csproj]
C:\UserWorx\VSWorx\ServoStudio\wpfui-servoStudio\samples\Wpf.Ui.servoStudio\Core\Modbus\ModbusRtuMaster.cs(196,33): warning IDE0055: 淇鏍煎紡 (https://learn.microsoft.com/dotnet/fundamentals/code-analysis/style-rules/ide0055) [C:\UserWorx\VSWorx\ServoStudio\wpfui-servoStudio\samples\Wpf.Ui.servoStudio\servoStudio_wjhet5xd_wpftmp.csproj]
C:\UserWorx\VSWorx\ServoStudio\wpfui-servoStudio\samples\Wpf.Ui.servoStudio\Core\Modbus\ModbusRtuMaster.cs(196,35): warning IDE0055: 淇鏍煎紡 (https://learn.microsoft.com/dotnet/fundamentals/code-analysis/style-rules/ide0055) [C:\UserWorx\VSWorx\ServoStudio\wpfui-servoStudio\samples\Wpf.Ui.servoStudio\servoStudio_wjhet5xd_wpftmp.csproj]
C:\UserWorx\VSWorx\ServoStudio\wpfui-servoStudio\samples\Wpf.Ui.servoStudio\Core\Modbus\ModbusRtuMaster.cs(224,12): warning IDE0055: 淇鏍煎紡 (https://learn.microsoft.com/dotnet/fundamentals/code-analysis/style-rules/ide0055) [C:\UserWorx\VSWorx\ServoStudio\wpfui-servoStudio\samples\Wpf.Ui.servoStudio\servoStudio_wjhet5xd_wpftmp.csproj]
C:\UserWorx\VSWorx\ServoStudio\wpfui-servoStudio\samples\Wpf.Ui.servoStudio\Core\Modbus\ModbusRtuMaster.cs(224,14): warning IDE0055: 淇鏍煎紡 (https://learn.microsoft.com/dotnet/fundamentals/code-analysis/style-rules/ide0055) [C:\UserWorx\VSWorx\ServoStudio\wpfui-servoStudio\samples\Wpf.Ui.servoStudio\servoStudio_wjhet5xd_wpftmp.csproj]
C:\UserWorx\VSWorx\ServoStudio\wpfui-servoStudio\samples\Wpf.Ui.servoStudio\Core\Modbus\ModbusRtuMaster.cs(224,23): warning IDE0055: 淇鏍煎紡 (https://learn.microsoft.com/dotnet/fundamentals/code-analysis/style-rules/ide0055) [C:\UserWorx\VSWorx\ServoStudio\wpfui-servoStudio\samples\Wpf.Ui.servoStudio\servoStudio_wjhet5xd_wpftmp.csproj]
C:\UserWorx\VSWorx\ServoStudio\wpfui-servoStudio\samples\Wpf.Ui.servoStudio\Core\Modbus\ModbusRtuMaster.cs(224,25): warning IDE0055: 淇鏍煎紡 (https://learn.microsoft.com/dotnet/fundamentals/code-analysis/style-rules/ide0055) [C:\UserWorx\VSWorx\ServoStudio\wpfui-servoStudio\samples\Wpf.Ui.servoStudio\servoStudio_wjhet5xd_wpftmp.csproj]
C:\UserWorx\VSWorx\ServoStudio\wpfui-servoStudio\samples\Wpf.Ui.servoStudio\Core\Modbus\ModbusRtuMaster.cs(281,12): warning IDE0055: 淇鏍煎紡 (https://learn.microsoft.com/dotnet/fundamentals/code-analysis/style-rules/ide0055) [C:\UserWorx\VSWorx\ServoStudio\wpfui-servoStudio\samples\Wpf.Ui.servoStudio\servoStudio_wjhet5xd_wpftmp.csproj]
C:\UserWorx\VSWorx\ServoStudio\wpfui-servoStudio\samples\Wpf.Ui.servoStudio\Core\Modbus\ModbusRtuMaster.cs(281,14): warning IDE0055: 淇鏍煎紡 (https://learn.microsoft.com/dotnet/fundamentals/code-analysis/style-rules/ide0055) [C:\UserWorx\VSWorx\ServoStudio\wpfui-servoStudio\samples\Wpf.Ui.servoStudio\servoStudio_wjhet5xd_wpftmp.csproj]
C:\UserWorx\VSWorx\ServoStudio\wpfui-servoStudio\samples\Wpf.Ui.servoStudio\Core\Modbus\ModbusRtuMaster.cs(281,36): warning IDE0055: 淇鏍煎紡 (https://learn.microsoft.com/dotnet/fundamentals/code-analysis/style-rules/ide0055) [C:\UserWorx\VSWorx\ServoStudio\wpfui-servoStudio\samples\Wpf.Ui.servoStudio\servoStudio_wjhet5xd_wpftmp.csproj]
C:\UserWorx\VSWorx\ServoStudio\wpfui-servoStudio\samples\Wpf.Ui.servoStudio\Core\Modbus\ModbusRtuMaster.cs(281,38): warning IDE0055: 淇鏍煎紡 (https://learn.microsoft.com/dotnet/fundamentals/code-analysis/style-rules/ide0055) [C:\UserWorx\VSWorx\ServoStudio\wpfui-servoStudio\samples\Wpf.Ui.servoStudio\servoStudio_wjhet5xd_wpftmp.csproj]
C:\UserWorx\VSWorx\ServoStudio\wpfui-servoStudio\samples\Wpf.Ui.servoStudio\Core\Modbus\ModbusRtuMaster.cs(282,12): warning IDE0055: 淇鏍煎紡 (https://learn.microsoft.com/dotnet/fundamentals/code-analysis/style-rules/ide0055) [C:\UserWorx\VSWorx\ServoStudio\wpfui-servoStudio\samples\Wpf.Ui.servoStudio\servoStudio_wjhet5xd_wpftmp.csproj]
C:\UserWorx\VSWorx\ServoStudio\wpfui-servoStudio\samples\Wpf.Ui.servoStudio\Core\Modbus\ModbusRtuMaster.cs(282,14): warning IDE0055: 淇鏍煎紡 (https://learn.microsoft.com/dotnet/fundamentals/code-analysis/style-rules/ide0055) [C:\UserWorx\VSWorx\ServoStudio\wpfui-servoStudio\samples\Wpf.Ui.servoStudio\servoStudio_wjhet5xd_wpftmp.csproj]
C:\UserWorx\VSWorx\ServoStudio\wpfui-servoStudio\samples\Wpf.Ui.servoStudio\Core\Modbus\ModbusRtuMaster.cs(282,40): warning IDE0055: 淇鏍煎紡 (https://learn.microsoft.com/dotnet/fundamentals/code-analysis/style-rules/ide0055) [C:\UserWorx\VSWorx\ServoStudio\wpfui-servoStudio\samples\Wpf.Ui.servoStudio\servoStudio_wjhet5xd_wpftmp.csproj]
C:\UserWorx\VSWorx\ServoStudio\wpfui-servoStudio\samples\Wpf.Ui.servoStudio\Core\Modbus\ModbusRtuMaster.cs(282,42): warning IDE0055: 淇鏍煎紡 (https://learn.microsoft.com/dotnet/fundamentals/code-analysis/style-rules/ide0055) [C:\UserWorx\VSWorx\ServoStudio\wpfui-servoStudio\samples\Wpf.Ui.servoStudio\servoStudio_wjhet5xd_wpftmp.csproj]
C:\UserWorx\VSWorx\ServoStudio\wpfui-servoStudio\samples\Wpf.Ui.servoStudio\Core\Modbus\ModbusRtuMaster.cs(284,12): warning IDE0055: 淇鏍煎紡 (https://learn.microsoft.com/dotnet/fundamentals/code-analysis/style-rules/ide0055) [C:\UserWorx\VSWorx\ServoStudio\wpfui-servoStudio\samples\Wpf.Ui.servoStudio\servoStudio_wjhet5xd_wpftmp.csproj]
C:\UserWorx\VSWorx\ServoStudio\wpfui-servoStudio\samples\Wpf.Ui.servoStudio\Core\Modbus\ModbusRtuMaster.cs(284,14): warning IDE0055: 淇鏍煎紡 (https://learn.microsoft.com/dotnet/fundamentals/code-analysis/style-rules/ide0055) [C:\UserWorx\VSWorx\ServoStudio\wpfui-servoStudio\samples\Wpf.Ui.servoStudio\servoStudio_wjhet5xd_wpftmp.csproj]
C:\UserWorx\VSWorx\ServoStudio\wpfui-servoStudio\samples\Wpf.Ui.servoStudio\Core\Modbus\ModbusRtuMaster.cs(284,37): warning IDE0055: 淇鏍煎紡 (https://learn.microsoft.com/dotnet/fundamentals/code-analysis/style-rules/ide0055) [C:\UserWorx\VSWorx\ServoStudio\wpfui-servoStudio\samples\Wpf.Ui.servoStudio\servoStudio_wjhet5xd_wpftmp.csproj]
C:\UserWorx\VSWorx\ServoStudio\wpfui-servoStudio\samples\Wpf.Ui.servoStudio\Core\Modbus\ModbusRtuMaster.cs(284,39): warning IDE0055: 淇鏍煎紡 (https://learn.microsoft.com/dotnet/fundamentals/code-analysis/style-rules/ide0055) [C:\UserWorx\VSWorx\ServoStudio\wpfui-servoStudio\samples\Wpf.Ui.servoStudio\servoStudio_wjhet5xd_wpftmp.csproj]
C:\UserWorx\VSWorx\ServoStudio\wpfui-servoStudio\samples\Wpf.Ui.servoStudio\Core\Modbus\ModbusRtuMaster.cs(296,16): warning IDE0055: 淇鏍煎紡 (https://learn.microsoft.com/dotnet/fundamentals/code-analysis/style-rules/ide0055) [C:\UserWorx\VSWorx\ServoStudio\wpfui-servoStudio\samples\Wpf.Ui.servoStudio\servoStudio_wjhet5xd_wpftmp.csproj]
C:\UserWorx\VSWorx\ServoStudio\wpfui-servoStudio\samples\Wpf.Ui.servoStudio\Core\Modbus\ModbusRtuMaster.cs(296,18): warning IDE0055: 淇鏍煎紡 (https://learn.microsoft.com/dotnet/fundamentals/code-analysis/style-rules/ide0055) [C:\UserWorx\VSWorx\ServoStudio\wpfui-servoStudio\samples\Wpf.Ui.servoStudio\servoStudio_wjhet5xd_wpftmp.csproj]
C:\UserWorx\VSWorx\ServoStudio\wpfui-servoStudio\samples\Wpf.Ui.servoStudio\Core\Modbus\ModbusRtuMaster.cs(296,55): warning IDE0055: 淇鏍煎紡 (https://learn.microsoft.com/dotnet/fundamentals/code-analysis/style-rules/ide0055) [C:\UserWorx\VSWorx\ServoStudio\wpfui-servoStudio\samples\Wpf.Ui.servoStudio\servoStudio_wjhet5xd_wpftmp.csproj]
C:\UserWorx\VSWorx\ServoStudio\wpfui-servoStudio\samples\Wpf.Ui.servoStudio\Core\Modbus\ModbusRtuMaster.cs(296,57): warning IDE0055: 淇鏍煎紡 (https://learn.microsoft.com/dotnet/fundamentals/code-analysis/style-rules/ide0055) [C:\UserWorx\VSWorx\ServoStudio\wpfui-servoStudio\samples\Wpf.Ui.servoStudio\servoStudio_wjhet5xd_wpftmp.csproj]
C:\UserWorx\VSWorx\ServoStudio\wpfui-servoStudio\samples\Wpf.Ui.servoStudio\Core\Modbus\ModbusRtuMaster.cs(297,16): warning IDE0055: 淇鏍煎紡 (https://learn.microsoft.com/dotnet/fundamentals/code-analysis/style-rules/ide0055) [C:\UserWorx\VSWorx\ServoStudio\wpfui-servoStudio\samples\Wpf.Ui.servoStudio\servoStudio_wjhet5xd_wpftmp.csproj]
C:\UserWorx\VSWorx\ServoStudio\wpfui-servoStudio\samples\Wpf.Ui.servoStudio\Core\Modbus\ModbusRtuMaster.cs(297,18): warning IDE0055: 淇鏍煎紡 (https://learn.microsoft.com/dotnet/fundamentals/code-analysis/style-rules/ide0055) [C:\UserWorx\VSWorx\ServoStudio\wpfui-servoStudio\samples\Wpf.Ui.servoStudio\servoStudio_wjhet5xd_wpftmp.csproj]
C:\UserWorx\VSWorx\ServoStudio\wpfui-servoStudio\samples\Wpf.Ui.servoStudio\Core\Modbus\ModbusRtuMaster.cs(297,43): warning IDE0055: 淇鏍煎紡 (https://learn.microsoft.com/dotnet/fundamentals/code-analysis/style-rules/ide0055) [C:\UserWorx\VSWorx\ServoStudio\wpfui-servoStudio\samples\Wpf.Ui.servoStudio\servoStudio_wjhet5xd_wpftmp.csproj]
C:\UserWorx\VSWorx\ServoStudio\wpfui-servoStudio\samples\Wpf.Ui.servoStudio\Core\Modbus\ModbusRtuMaster.cs(297,45): warning IDE0055: 淇鏍煎紡 (https://learn.microsoft.com/dotnet/fundamentals/code-analysis/style-rules/ide0055) [C:\UserWorx\VSWorx\ServoStudio\wpfui-servoStudio\samples\Wpf.Ui.servoStudio\servoStudio_wjhet5xd_wpftmp.csproj]
C:\UserWorx\VSWorx\ServoStudio\wpfui-servoStudio\samples\Wpf.Ui.servoStudio\Core\Modbus\ModbusRtuMaster.cs(328,32): warning IDE0055: 淇鏍煎紡 (https://learn.microsoft.com/dotnet/fundamentals/code-analysis/style-rules/ide0055) [C:\UserWorx\VSWorx\ServoStudio\wpfui-servoStudio\samples\Wpf.Ui.servoStudio\servoStudio_wjhet5xd_wpftmp.csproj]
C:\UserWorx\VSWorx\ServoStudio\wpfui-servoStudio\samples\Wpf.Ui.servoStudio\Core\Modbus\ModbusRtuMaster.cs(328,34): warning IDE0055: 淇鏍煎紡 (https://learn.microsoft.com/dotnet/fundamentals/code-analysis/style-rules/ide0055) [C:\UserWorx\VSWorx\ServoStudio\wpfui-servoStudio\samples\Wpf.Ui.servoStudio\servoStudio_wjhet5xd_wpftmp.csproj]
C:\UserWorx\VSWorx\ServoStudio\wpfui-servoStudio\samples\Wpf.Ui.servoStudio\Core\Modbus\ModbusRtuMaster.cs(328,69): warning IDE0055: 淇鏍煎紡 (https://learn.microsoft.com/dotnet/fundamentals/code-analysis/style-rules/ide0055) [C:\UserWorx\VSWorx\ServoStudio\wpfui-servoStudio\samples\Wpf.Ui.servoStudio\servoStudio_wjhet5xd_wpftmp.csproj]
C:\UserWorx\VSWorx\ServoStudio\wpfui-servoStudio\samples\Wpf.Ui.servoStudio\Core\Modbus\ModbusRtuMaster.cs(351,20): warning IDE0055: 淇鏍煎紡 (https://learn.microsoft.com/dotnet/fundamentals/code-analysis/style-rules/ide0055) [C:\UserWorx\VSWorx\ServoStudio\wpfui-servoStudio\samples\Wpf.Ui.servoStudio\servoStudio_wjhet5xd_wpftmp.csproj]
C:\UserWorx\VSWorx\ServoStudio\wpfui-servoStudio\samples\Wpf.Ui.servoStudio\Core\Modbus\ModbusRtuMaster.cs(351,22): warning IDE0055: 淇鏍煎紡 (https://learn.microsoft.com/dotnet/fundamentals/code-analysis/style-rules/ide0055) [C:\UserWorx\VSWorx\ServoStudio\wpfui-servoStudio\samples\Wpf.Ui.servoStudio\servoStudio_wjhet5xd_wpftmp.csproj]
C:\UserWorx\VSWorx\ServoStudio\wpfui-servoStudio\samples\Wpf.Ui.servoStudio\Core\Modbus\ModbusRtuMaster.cs(351,59): warning IDE0055: 淇鏍煎紡 (https://learn.microsoft.com/dotnet/fundamentals/code-analysis/style-rules/ide0055) [C:\UserWorx\VSWorx\ServoStudio\wpfui-servoStudio\samples\Wpf.Ui.servoStudio\servoStudio_wjhet5xd_wpftmp.csproj]
C:\UserWorx\VSWorx\ServoStudio\wpfui-servoStudio\samples\Wpf.Ui.servoStudio\Core\Modbus\ModbusRtuMaster.cs(351,61): warning IDE0055: 淇鏍煎紡 (https://learn.microsoft.com/dotnet/fundamentals/code-analysis/style-rules/ide0055) [C:\UserWorx\VSWorx\ServoStudio\wpfui-servoStudio\samples\Wpf.Ui.servoStudio\servoStudio_wjhet5xd_wpftmp.csproj]
C:\UserWorx\VSWorx\ServoStudio\wpfui-servoStudio\samples\Wpf.Ui.servoStudio\Core\Modbus\ModbusRtuMaster.cs(1035,25): warning IDE0055: 淇鏍煎紡 (https://learn.microsoft.com/dotnet/fundamentals/code-analysis/style-rules/ide0055) [C:\UserWorx\VSWorx\ServoStudio\wpfui-servoStudio\samples\Wpf.Ui.servoStudio\servoStudio_wjhet5xd_wpftmp.csproj]
C:\UserWorx\VSWorx\ServoStudio\wpfui-servoStudio\samples\Wpf.Ui.servoStudio\Core\Modbus\ModbusRtuMaster.cs(1036,27): warning IDE0055: 淇鏍煎紡 (https://learn.microsoft.com/dotnet/fundamentals/code-analysis/style-rules/ide0055) [C:\UserWorx\VSWorx\ServoStudio\wpfui-servoStudio\samples\Wpf.Ui.servoStudio\servoStudio_wjhet5xd_wpftmp.csproj]
C:\UserWorx\VSWorx\ServoStudio\wpfui-servoStudio\samples\Wpf.Ui.servoStudio\Core\Modbus\ModbusRtuMaster.cs(1037,28): warning IDE0055: 淇鏍煎紡 (https://learn.microsoft.com/dotnet/fundamentals/code-analysis/style-rules/ide0055) [C:\UserWorx\VSWorx\ServoStudio\wpfui-servoStudio\samples\Wpf.Ui.servoStudio\servoStudio_wjhet5xd_wpftmp.csproj]
C:\UserWorx\VSWorx\ServoStudio\wpfui-servoStudio\samples\Wpf.Ui.servoStudio\Core\Modbus\ModbusRtuMaster.cs(196,57): warning IDE2003: 鍧椾笌鍚庣画璇彞涔嬮棿闇€瑕佹湁绌虹櫧琛?(https://learn.microsoft.com/dotnet/fundamentals/code-analysis/style-rules/ide2003) [C:\UserWorx\VSWorx\ServoStudio\wpfui-servoStudio\samples\Wpf.Ui.servoStudio\servoStudio_wjhet5xd_wpftmp.csproj]
C:\UserWorx\VSWorx\ServoStudio\wpfui-servoStudio\samples\Wpf.Ui.servoStudio\Core\Modbus\ModbusRtuMaster.cs(224,47): warning IDE2003: 鍧椾笌鍚庣画璇彞涔嬮棿闇€瑕佹湁绌虹櫧琛?(https://learn.microsoft.com/dotnet/fundamentals/code-analysis/style-rules/ide2003) [C:\UserWorx\VSWorx\ServoStudio\wpfui-servoStudio\samples\Wpf.Ui.servoStudio\servoStudio_wjhet5xd_wpftmp.csproj]
C:\UserWorx\VSWorx\ServoStudio\wpfui-servoStudio\samples\Wpf.Ui.servoStudio\Core\Modbus\ModbusRtuMaster.cs(256,9): warning IDE2003: 鍧椾笌鍚庣画璇彞涔嬮棿闇€瑕佹湁绌虹櫧琛?(https://learn.microsoft.com/dotnet/fundamentals/code-analysis/style-rules/ide2003) [C:\UserWorx\VSWorx\ServoStudio\wpfui-servoStudio\samples\Wpf.Ui.servoStudio\servoStudio_wjhet5xd_wpftmp.csproj]
C:\UserWorx\VSWorx\ServoStudio\wpfui-servoStudio\samples\Wpf.Ui.servoStudio\Core\Modbus\ModbusRtuMaster.cs(260,9): warning IDE2003: 鍧椾笌鍚庣画璇彞涔嬮棿闇€瑕佹湁绌虹櫧琛?(https://learn.microsoft.com/dotnet/fundamentals/code-analysis/style-rules/ide2003) [C:\UserWorx\VSWorx\ServoStudio\wpfui-servoStudio\samples\Wpf.Ui.servoStudio\servoStudio_wjhet5xd_wpftmp.csproj]
C:\UserWorx\VSWorx\ServoStudio\wpfui-servoStudio\samples\Wpf.Ui.servoStudio\Core\Modbus\ModbusRtuMaster.cs(279,9): warning IDE2003: 鍧椾笌鍚庣画璇彞涔嬮棿闇€瑕佹湁绌虹櫧琛?(https://learn.microsoft.com/dotnet/fundamentals/code-analysis/style-rules/ide2003) [C:\UserWorx\VSWorx\ServoStudio\wpfui-servoStudio\samples\Wpf.Ui.servoStudio\servoStudio_wjhet5xd_wpftmp.csproj]
C:\UserWorx\VSWorx\ServoStudio\wpfui-servoStudio\samples\Wpf.Ui.servoStudio\Core\Modbus\ModbusRtuMaster.cs(281,60): warning IDE2003: 鍧椾笌鍚庣画璇彞涔嬮棿闇€瑕佹湁绌虹櫧琛?(https://learn.microsoft.com/dotnet/fundamentals/code-analysis/style-rules/ide2003) [C:\UserWorx\VSWorx\ServoStudio\wpfui-servoStudio\samples\Wpf.Ui.servoStudio\servoStudio_wjhet5xd_wpftmp.csproj]
C:\UserWorx\VSWorx\ServoStudio\wpfui-servoStudio\samples\Wpf.Ui.servoStudio\Core\Modbus\ModbusRtuMaster.cs(282,64): warning IDE2003: 鍧椾笌鍚庣画璇彞涔嬮棿闇€瑕佹湁绌虹櫧琛?(https://learn.microsoft.com/dotnet/fundamentals/code-analysis/style-rules/ide2003) [C:\UserWorx\VSWorx\ServoStudio\wpfui-servoStudio\samples\Wpf.Ui.servoStudio\servoStudio_wjhet5xd_wpftmp.csproj]
C:\UserWorx\VSWorx\ServoStudio\wpfui-servoStudio\samples\Wpf.Ui.servoStudio\Core\Modbus\ModbusRtuMaster.cs(284,61): warning IDE2003: 鍧椾笌鍚庣画璇彞涔嬮棿闇€瑕佹湁绌虹櫧琛?(https://learn.microsoft.com/dotnet/fundamentals/code-analysis/style-rules/ide2003) [C:\UserWorx\VSWorx\ServoStudio\wpfui-servoStudio\samples\Wpf.Ui.servoStudio\servoStudio_wjhet5xd_wpftmp.csproj]
C:\UserWorx\VSWorx\ServoStudio\wpfui-servoStudio\samples\Wpf.Ui.servoStudio\Core\Modbus\ModbusRtuMaster.cs(296,79): warning IDE2003: 鍧椾笌鍚庣画璇彞涔嬮棿闇€瑕佹湁绌虹櫧琛?(https://learn.microsoft.com/dotnet/fundamentals/code-analysis/style-rules/ide2003) [C:\UserWorx\VSWorx\ServoStudio\wpfui-servoStudio\samples\Wpf.Ui.servoStudio\servoStudio_wjhet5xd_wpftmp.csproj]
C:\UserWorx\VSWorx\ServoStudio\wpfui-servoStudio\samples\Wpf.Ui.servoStudio\Core\Modbus\ModbusRtuMaster.cs(297,67): warning IDE2003: 鍧椾笌鍚庣画璇彞涔嬮棿闇€瑕佹湁绌虹櫧琛?(https://learn.microsoft.com/dotnet/fundamentals/code-analysis/style-rules/ide2003) [C:\UserWorx\VSWorx\ServoStudio\wpfui-servoStudio\samples\Wpf.Ui.servoStudio\servoStudio_wjhet5xd_wpftmp.csproj]
C:\UserWorx\VSWorx\ServoStudio\wpfui-servoStudio\samples\Wpf.Ui.servoStudio\Core\Modbus\ModbusRtuMaster.cs(324,25): warning IDE2003: 鍧椾笌鍚庣画璇彞涔嬮棿闇€瑕佹湁绌虹櫧琛?(https://learn.microsoft.com/dotnet/fundamentals/code-analysis/style-rules/ide2003) [C:\UserWorx\VSWorx\ServoStudio\wpfui-servoStudio\samples\Wpf.Ui.servoStudio\servoStudio_wjhet5xd_wpftmp.csproj]
C:\UserWorx\VSWorx\ServoStudio\wpfui-servoStudio\samples\Wpf.Ui.servoStudio\Core\Modbus\ModbusRtuMaster.cs(395,9): warning IDE2003: 鍧椾笌鍚庣画璇彞涔嬮棿闇€瑕佹湁绌虹櫧琛?(https://learn.microsoft.com/dotnet/fundamentals/code-analysis/style-rules/ide2003) [C:\UserWorx\VSWorx\ServoStudio\wpfui-servoStudio\samples\Wpf.Ui.servoStudio\servoStudio_wjhet5xd_wpftmp.csproj]
C:\UserWorx\VSWorx\ServoStudio\wpfui-servoStudio\samples\Wpf.Ui.servoStudio\Core\Modbus\ModbusRtuMaster.cs(522,9): warning IDE2003: 鍧椾笌鍚庣画璇彞涔嬮棿闇€瑕佹湁绌虹櫧琛?(https://learn.microsoft.com/dotnet/fundamentals/code-analysis/style-rules/ide2003) [C:\UserWorx\VSWorx\ServoStudio\wpfui-servoStudio\samples\Wpf.Ui.servoStudio\servoStudio_wjhet5xd_wpftmp.csproj]
C:\UserWorx\VSWorx\ServoStudio\wpfui-servoStudio\samples\Wpf.Ui.servoStudio\Core\Modbus\ModbusSlave_CiA402.cs(48,25): warning IDE0055: 淇鏍煎紡 (https://learn.microsoft.com/dotnet/fundamentals/code-analysis/style-rules/ide0055) [C:\UserWorx\VSWorx\ServoStudio\wpfui-servoStudio\samples\Wpf.Ui.servoStudio\servoStudio_wjhet5xd_wpftmp.csproj]
C:\UserWorx\VSWorx\ServoStudio\wpfui-servoStudio\samples\Wpf.Ui.servoStudio\Core\Modbus\ModbusSlave_CiA402.cs(48,27): warning IDE0055: 淇鏍煎紡 (https://learn.microsoft.com/dotnet/fundamentals/code-analysis/style-rules/ide0055) [C:\UserWorx\VSWorx\ServoStudio\wpfui-servoStudio\samples\Wpf.Ui.servoStudio\servoStudio_wjhet5xd_wpftmp.csproj]
C:\UserWorx\VSWorx\ServoStudio\wpfui-servoStudio\samples\Wpf.Ui.servoStudio\Core\Modbus\ModbusSlave_CiA402.cs(48,32): warning IDE0055: 淇鏍煎紡 (https://learn.microsoft.com/dotnet/fundamentals/code-analysis/style-rules/ide0055) [C:\UserWorx\VSWorx\ServoStudio\wpfui-servoStudio\samples\Wpf.Ui.servoStudio\servoStudio_wjhet5xd_wpftmp.csproj]
C:\UserWorx\VSWorx\ServoStudio\wpfui-servoStudio\samples\Wpf.Ui.servoStudio\Core\Modbus\ModbusSlave_CiA402.cs(51,29): warning IDE0055: 淇鏍煎紡 (https://learn.microsoft.com/dotnet/fundamentals/code-analysis/style-rules/ide0055) [C:\UserWorx\VSWorx\ServoStudio\wpfui-servoStudio\samples\Wpf.Ui.servoStudio\servoStudio_wjhet5xd_wpftmp.csproj]
C:\UserWorx\VSWorx\ServoStudio\wpfui-servoStudio\samples\Wpf.Ui.servoStudio\Core\Modbus\ModbusSlave_CiA402.cs(51,31): warning IDE0055: 淇鏍煎紡 (https://learn.microsoft.com/dotnet/fundamentals/code-analysis/style-rules/ide0055) [C:\UserWorx\VSWorx\ServoStudio\wpfui-servoStudio\samples\Wpf.Ui.servoStudio\servoStudio_wjhet5xd_wpftmp.csproj]
C:\UserWorx\VSWorx\ServoStudio\wpfui-servoStudio\samples\Wpf.Ui.servoStudio\Core\Modbus\ModbusSlave_CiA402.cs(51,49): warning IDE0055: 淇鏍煎紡 (https://learn.microsoft.com/dotnet/fundamentals/code-analysis/style-rules/ide0055) [C:\UserWorx\VSWorx\ServoStudio\wpfui-servoStudio\samples\Wpf.Ui.servoStudio\servoStudio_wjhet5xd_wpftmp.csproj]
C:\UserWorx\VSWorx\ServoStudio\wpfui-servoStudio\samples\Wpf.Ui.servoStudio\Core\Modbus\ModbusSlave_CiA402.cs(54,35): warning IDE0055: 淇鏍煎紡 (https://learn.microsoft.com/dotnet/fundamentals/code-analysis/style-rules/ide0055) [C:\UserWorx\VSWorx\ServoStudio\wpfui-servoStudio\samples\Wpf.Ui.servoStudio\servoStudio_wjhet5xd_wpftmp.csproj]
C:\UserWorx\VSWorx\ServoStudio\wpfui-servoStudio\samples\Wpf.Ui.servoStudio\Core\Modbus\ModbusSlave_CiA402.cs(54,37): warning IDE0055: 淇鏍煎紡 (https://learn.microsoft.com/dotnet/fundamentals/code-analysis/style-rules/ide0055) [C:\UserWorx\VSWorx\ServoStudio\wpfui-servoStudio\samples\Wpf.Ui.servoStudio\servoStudio_wjhet5xd_wpftmp.csproj]
C:\UserWorx\VSWorx\ServoStudio\wpfui-servoStudio\samples\Wpf.Ui.servoStudio\Core\Modbus\ModbusSlave_CiA402.cs(54,55): warning IDE0055: 淇鏍煎紡 (https://learn.microsoft.com/dotnet/fundamentals/code-analysis/style-rules/ide0055) [C:\UserWorx\VSWorx\ServoStudio\wpfui-servoStudio\samples\Wpf.Ui.servoStudio\servoStudio_wjhet5xd_wpftmp.csproj]
C:\UserWorx\VSWorx\ServoStudio\wpfui-servoStudio\samples\Wpf.Ui.servoStudio\Core\Modbus\ModbusSlave_CiA402.cs(60,30): warning IDE0055: 淇鏍煎紡 (https://learn.microsoft.com/dotnet/fundamentals/code-analysis/style-rules/ide0055) [C:\UserWorx\VSWorx\ServoStudio\wpfui-servoStudio\samples\Wpf.Ui.servoStudio\servoStudio_wjhet5xd_wpftmp.csproj]
C:\UserWorx\VSWorx\ServoStudio\wpfui-servoStudio\samples\Wpf.Ui.servoStudio\Core\Modbus\ModbusSlave_CiA402.cs(60,32): warning IDE0055: 淇鏍煎紡 (https://learn.microsoft.com/dotnet/fundamentals/code-analysis/style-rules/ide0055) [C:\UserWorx\VSWorx\ServoStudio\wpfui-servoStudio\samples\Wpf.Ui.servoStudio\servoStudio_wjhet5xd_wpftmp.csproj]
C:\UserWorx\VSWorx\ServoStudio\wpfui-servoStudio\samples\Wpf.Ui.servoStudio\Core\Modbus\ModbusSlave_CiA402.cs(60,50): warning IDE0055: 淇鏍煎紡 (https://learn.microsoft.com/dotnet/fundamentals/code-analysis/style-rules/ide0055) [C:\UserWorx\VSWorx\ServoStudio\wpfui-servoStudio\samples\Wpf.Ui.servoStudio\servoStudio_wjhet5xd_wpftmp.csproj]
C:\UserWorx\VSWorx\ServoStudio\wpfui-servoStudio\samples\Wpf.Ui.servoStudio\Core\Modbus\ModbusSlave_CiA402.cs(63,30): warning IDE0055: 淇鏍煎紡 (https://learn.microsoft.com/dotnet/fundamentals/code-analysis/style-rules/ide0055) [C:\UserWorx\VSWorx\ServoStudio\wpfui-servoStudio\samples\Wpf.Ui.servoStudio\servoStudio_wjhet5xd_wpftmp.csproj]
C:\UserWorx\VSWorx\ServoStudio\wpfui-servoStudio\samples\Wpf.Ui.servoStudio\Core\Modbus\ModbusSlave_CiA402.cs(63,32): warning IDE0055: 淇鏍煎紡 (https://learn.microsoft.com/dotnet/fundamentals/code-analysis/style-rules/ide0055) [C:\UserWorx\VSWorx\ServoStudio\wpfui-servoStudio\samples\Wpf.Ui.servoStudio\servoStudio_wjhet5xd_wpftmp.csproj]
C:\UserWorx\VSWorx\ServoStudio\wpfui-servoStudio\samples\Wpf.Ui.servoStudio\Core\Modbus\ModbusSlave_CiA402.cs(63,50): warning IDE0055: 淇鏍煎紡 (https://learn.microsoft.com/dotnet/fundamentals/code-analysis/style-rules/ide0055) [C:\UserWorx\VSWorx\ServoStudio\wpfui-servoStudio\samples\Wpf.Ui.servoStudio\servoStudio_wjhet5xd_wpftmp.csproj]
C:\UserWorx\VSWorx\ServoStudio\wpfui-servoStudio\samples\Wpf.Ui.servoStudio\Core\Modbus\ModbusSlave_CiA402.cs(66,60): warning IDE0055: 淇鏍煎紡 (https://learn.microsoft.com/dotnet/fundamentals/code-analysis/style-rules/ide0055) [C:\UserWorx\VSWorx\ServoStudio\wpfui-servoStudio\samples\Wpf.Ui.servoStudio\servoStudio_wjhet5xd_wpftmp.csproj]
C:\UserWorx\VSWorx\ServoStudio\wpfui-servoStudio\samples\Wpf.Ui.servoStudio\Core\Modbus\ModbusSlave_CiA402.cs(66,62): warning IDE0055: 淇鏍煎紡 (https://learn.microsoft.com/dotnet/fundamentals/code-analysis/style-rules/ide0055) [C:\UserWorx\VSWorx\ServoStudio\wpfui-servoStudio\samples\Wpf.Ui.servoStudio\servoStudio_wjhet5xd_wpftmp.csproj]
C:\UserWorx\VSWorx\ServoStudio\wpfui-servoStudio\samples\Wpf.Ui.servoStudio\Core\Modbus\ModbusSlave_CiA402.cs(66,72): warning IDE0055: 淇鏍煎紡 (https://learn.microsoft.com/dotnet/fundamentals/code-analysis/style-rules/ide0055) [C:\UserWorx\VSWorx\ServoStudio\wpfui-servoStudio\samples\Wpf.Ui.servoStudio\servoStudio_wjhet5xd_wpftmp.csproj]
C:\UserWorx\VSWorx\ServoStudio\wpfui-servoStudio\samples\Wpf.Ui.servoStudio\Core\Modbus\ModbusSlave_CiA402.cs(69,59): warning IDE0055: 淇鏍煎紡 (https://learn.microsoft.com/dotnet/fundamentals/code-analysis/style-rules/ide0055) [C:\UserWorx\VSWorx\ServoStudio\wpfui-servoStudio\samples\Wpf.Ui.servoStudio\servoStudio_wjhet5xd_wpftmp.csproj]
C:\UserWorx\VSWorx\ServoStudio\wpfui-servoStudio\samples\Wpf.Ui.servoStudio\Core\Modbus\ModbusSlave_CiA402.cs(69,61): warning IDE0055: 淇鏍煎紡 (https://learn.microsoft.com/dotnet/fundamentals/code-analysis/style-rules/ide0055) [C:\UserWorx\VSWorx\ServoStudio\wpfui-servoStudio\samples\Wpf.Ui.servoStudio\servoStudio_wjhet5xd_wpftmp.csproj]
C:\UserWorx\VSWorx\ServoStudio\wpfui-servoStudio\samples\Wpf.Ui.servoStudio\Core\Modbus\ModbusSlave_CiA402.cs(69,71): warning IDE0055: 淇鏍煎紡 (https://learn.microsoft.com/dotnet/fundamentals/code-analysis/style-rules/ide0055) [C:\UserWorx\VSWorx\ServoStudio\wpfui-servoStudio\samples\Wpf.Ui.servoStudio\servoStudio_wjhet5xd_wpftmp.csproj]
C:\UserWorx\VSWorx\ServoStudio\wpfui-servoStudio\samples\Wpf.Ui.servoStudio\Core\Modbus\ModbusSlave_CiA402.cs(72,62): warning IDE0055: 淇鏍煎紡 (https://learn.microsoft.com/dotnet/fundamentals/code-analysis/style-rules/ide0055) [C:\UserWorx\VSWorx\ServoStudio\wpfui-servoStudio\samples\Wpf.Ui.servoStudio\servoStudio_wjhet5xd_wpftmp.csproj]
C:\UserWorx\VSWorx\ServoStudio\wpfui-servoStudio\samples\Wpf.Ui.servoStudio\Core\Modbus\ModbusSlave_CiA402.cs(72,64): warning IDE0055: 淇鏍煎紡 (https://learn.microsoft.com/dotnet/fundamentals/code-analysis/style-rules/ide0055) [C:\UserWorx\VSWorx\ServoStudio\wpfui-servoStudio\samples\Wpf.Ui.servoStudio\servoStudio_wjhet5xd_wpftmp.csproj]
C:\UserWorx\VSWorx\ServoStudio\wpfui-servoStudio\samples\Wpf.Ui.servoStudio\Core\Modbus\ModbusSlave_CiA402.cs(72,74): warning IDE0055: 淇鏍煎紡 (https://learn.microsoft.com/dotnet/fundamentals/code-analysis/style-rules/ide0055) [C:\UserWorx\VSWorx\ServoStudio\wpfui-servoStudio\samples\Wpf.Ui.servoStudio\servoStudio_wjhet5xd_wpftmp.csproj]
C:\UserWorx\VSWorx\ServoStudio\wpfui-servoStudio\samples\Wpf.Ui.servoStudio\Core\Modbus\ModbusSlave_CiA402.cs(75,59): warning IDE0055: 淇鏍煎紡 (https://learn.microsoft.com/dotnet/fundamentals/code-analysis/style-rules/ide0055) [C:\UserWorx\VSWorx\ServoStudio\wpfui-servoStudio\samples\Wpf.Ui.servoStudio\servoStudio_wjhet5xd_wpftmp.csproj]
C:\UserWorx\VSWorx\ServoStudio\wpfui-servoStudio\samples\Wpf.Ui.servoStudio\Core\Modbus\ModbusSlave_CiA402.cs(75,61): warning IDE0055: 淇鏍煎紡 (https://learn.microsoft.com/dotnet/fundamentals/code-analysis/style-rules/ide0055) [C:\UserWorx\VSWorx\ServoStudio\wpfui-servoStudio\samples\Wpf.Ui.servoStudio\servoStudio_wjhet5xd_wpftmp.csproj]
C:\UserWorx\VSWorx\ServoStudio\wpfui-servoStudio\samples\Wpf.Ui.servoStudio\Core\Modbus\ModbusSlave_CiA402.cs(75,71): warning IDE0055: 淇鏍煎紡 (https://learn.microsoft.com/dotnet/fundamentals/code-analysis/style-rules/ide0055) [C:\UserWorx\VSWorx\ServoStudio\wpfui-servoStudio\samples\Wpf.Ui.servoStudio\servoStudio_wjhet5xd_wpftmp.csproj]
C:\UserWorx\VSWorx\ServoStudio\wpfui-servoStudio\samples\Wpf.Ui.servoStudio\Core\Sync\ICyclicTimer.cs(27,19): warning IDE0055: 淇鏍煎紡 (https://learn.microsoft.com/dotnet/fundamentals/code-analysis/style-rules/ide0055) [C:\UserWorx\VSWorx\ServoStudio\wpfui-servoStudio\samples\Wpf.Ui.servoStudio\servoStudio_wjhet5xd_wpftmp.csproj]
C:\UserWorx\VSWorx\ServoStudio\wpfui-servoStudio\samples\Wpf.Ui.servoStudio\Core\Sync\ICyclicTimer.cs(27,21): warning IDE0055: 淇鏍煎紡 (https://learn.microsoft.com/dotnet/fundamentals/code-analysis/style-rules/ide0055) [C:\UserWorx\VSWorx\ServoStudio\wpfui-servoStudio\samples\Wpf.Ui.servoStudio\servoStudio_wjhet5xd_wpftmp.csproj]
C:\UserWorx\VSWorx\ServoStudio\wpfui-servoStudio\samples\Wpf.Ui.servoStudio\Core\Sync\ICyclicTimer.cs(27,26): warning IDE0055: 淇鏍煎紡 (https://learn.microsoft.com/dotnet/fundamentals/code-analysis/style-rules/ide0055) [C:\UserWorx\VSWorx\ServoStudio\wpfui-servoStudio\samples\Wpf.Ui.servoStudio\servoStudio_wjhet5xd_wpftmp.csproj]
C:\UserWorx\VSWorx\ServoStudio\wpfui-servoStudio\samples\Wpf.Ui.servoStudio\Core\Sync\ICyclicTimer.cs(30,19): warning IDE0055: 淇鏍煎紡 (https://learn.microsoft.com/dotnet/fundamentals/code-analysis/style-rules/ide0055) [C:\UserWorx\VSWorx\ServoStudio\wpfui-servoStudio\samples\Wpf.Ui.servoStudio\servoStudio_wjhet5xd_wpftmp.csproj]
C:\UserWorx\VSWorx\ServoStudio\wpfui-servoStudio\samples\Wpf.Ui.servoStudio\Core\Sync\ICyclicTimer.cs(30,21): warning IDE0055: 淇鏍煎紡 (https://learn.microsoft.com/dotnet/fundamentals/code-analysis/style-rules/ide0055) [C:\UserWorx\VSWorx\ServoStudio\wpfui-servoStudio\samples\Wpf.Ui.servoStudio\servoStudio_wjhet5xd_wpftmp.csproj]
C:\UserWorx\VSWorx\ServoStudio\wpfui-servoStudio\samples\Wpf.Ui.servoStudio\Core\Sync\ICyclicTimer.cs(30,26): warning IDE0055: 淇鏍煎紡 (https://learn.microsoft.com/dotnet/fundamentals/code-analysis/style-rules/ide0055) [C:\UserWorx\VSWorx\ServoStudio\wpfui-servoStudio\samples\Wpf.Ui.servoStudio\servoStudio_wjhet5xd_wpftmp.csproj]
C:\UserWorx\VSWorx\ServoStudio\wpfui-servoStudio\samples\Wpf.Ui.servoStudio\Core\Sync\ICyclicTimer.cs(33,20): warning IDE0055: 淇鏍煎紡 (https://learn.microsoft.com/dotnet/fundamentals/code-analysis/style-rules/ide0055) [C:\UserWorx\VSWorx\ServoStudio\wpfui-servoStudio\samples\Wpf.Ui.servoStudio\servoStudio_wjhet5xd_wpftmp.csproj]
C:\UserWorx\VSWorx\ServoStudio\wpfui-servoStudio\samples\Wpf.Ui.servoStudio\Core\Sync\ICyclicTimer.cs(33,22): warning IDE0055: 淇鏍煎紡 (https://learn.microsoft.com/dotnet/fundamentals/code-analysis/style-rules/ide0055) [C:\UserWorx\VSWorx\ServoStudio\wpfui-servoStudio\samples\Wpf.Ui.servoStudio\servoStudio_wjhet5xd_wpftmp.csproj]
C:\UserWorx\VSWorx\ServoStudio\wpfui-servoStudio\samples\Wpf.Ui.servoStudio\Core\Sync\ICyclicTimer.cs(33,27): warning IDE0055: 淇鏍煎紡 (https://learn.microsoft.com/dotnet/fundamentals/code-analysis/style-rules/ide0055) [C:\UserWorx\VSWorx\ServoStudio\wpfui-servoStudio\samples\Wpf.Ui.servoStudio\servoStudio_wjhet5xd_wpftmp.csproj]
C:\UserWorx\VSWorx\ServoStudio\wpfui-servoStudio\samples\Wpf.Ui.servoStudio\Core\Sync\ICyclicTimer.cs(36,26): warning IDE0055: 淇鏍煎紡 (https://learn.microsoft.com/dotnet/fundamentals/code-analysis/style-rules/ide0055) [C:\UserWorx\VSWorx\ServoStudio\wpfui-servoStudio\samples\Wpf.Ui.servoStudio\servoStudio_wjhet5xd_wpftmp.csproj]
C:\UserWorx\VSWorx\ServoStudio\wpfui-servoStudio\samples\Wpf.Ui.servoStudio\Core\Sync\ICyclicTimer.cs(36,28): warning IDE0055: 淇鏍煎紡 (https://learn.microsoft.com/dotnet/fundamentals/code-analysis/style-rules/ide0055) [C:\UserWorx\VSWorx\ServoStudio\wpfui-servoStudio\samples\Wpf.Ui.servoStudio\servoStudio_wjhet5xd_wpftmp.csproj]
C:\UserWorx\VSWorx\ServoStudio\wpfui-servoStudio\samples\Wpf.Ui.servoStudio\Core\Sync\ICyclicTimer.cs(36,33): warning IDE0055: 淇鏍煎紡 (https://learn.microsoft.com/dotnet/fundamentals/code-analysis/style-rules/ide0055) [C:\UserWorx\VSWorx\ServoStudio\wpfui-servoStudio\samples\Wpf.Ui.servoStudio\servoStudio_wjhet5xd_wpftmp.csproj]
C:\UserWorx\VSWorx\ServoStudio\wpfui-servoStudio\samples\Wpf.Ui.servoStudio\Core\Sync\ICyclicTimer.cs(39,25): warning IDE0055: 淇鏍煎紡 (https://learn.microsoft.com/dotnet/fundamentals/code-analysis/style-rules/ide0055) [C:\UserWorx\VSWorx\ServoStudio\wpfui-servoStudio\samples\Wpf.Ui.servoStudio\servoStudio_wjhet5xd_wpftmp.csproj]
C:\UserWorx\VSWorx\ServoStudio\wpfui-servoStudio\samples\Wpf.Ui.servoStudio\Core\Sync\ICyclicTimer.cs(39,27): warning IDE0055: 淇鏍煎紡 (https://learn.microsoft.com/dotnet/fundamentals/code-analysis/style-rules/ide0055) [C:\UserWorx\VSWorx\ServoStudio\wpfui-servoStudio\samples\Wpf.Ui.servoStudio\servoStudio_wjhet5xd_wpftmp.csproj]
C:\UserWorx\VSWorx\ServoStudio\wpfui-servoStudio\samples\Wpf.Ui.servoStudio\Core\Sync\ICyclicTimer.cs(39,32): warning IDE0055: 淇鏍煎紡 (https://learn.microsoft.com/dotnet/fundamentals/code-analysis/style-rules/ide0055) [C:\UserWorx\VSWorx\ServoStudio\wpfui-servoStudio\samples\Wpf.Ui.servoStudio\servoStudio_wjhet5xd_wpftmp.csproj]
C:\UserWorx\VSWorx\ServoStudio\wpfui-servoStudio\samples\Wpf.Ui.servoStudio\Core\Sync\PeriodicTimerCyclicTimer.cs(65,16): warning IDE0055: 淇鏍煎紡 (https://learn.microsoft.com/dotnet/fundamentals/code-analysis/style-rules/ide0055) [C:\UserWorx\VSWorx\ServoStudio\wpfui-servoStudio\samples\Wpf.Ui.servoStudio\servoStudio_wjhet5xd_wpftmp.csproj]
C:\UserWorx\VSWorx\ServoStudio\wpfui-servoStudio\samples\Wpf.Ui.servoStudio\Core\Sync\PeriodicTimerCyclicTimer.cs(65,18): warning IDE0055: 淇鏍煎紡 (https://learn.microsoft.com/dotnet/fundamentals/code-analysis/style-rules/ide0055) [C:\UserWorx\VSWorx\ServoStudio\wpfui-servoStudio\samples\Wpf.Ui.servoStudio\servoStudio_wjhet5xd_wpftmp.csproj]
C:\UserWorx\VSWorx\ServoStudio\wpfui-servoStudio\samples\Wpf.Ui.servoStudio\Core\Sync\PeriodicTimerCyclicTimer.cs(65,74): warning IDE0055: 淇鏍煎紡 (https://learn.microsoft.com/dotnet/fundamentals/code-analysis/style-rules/ide0055) [C:\UserWorx\VSWorx\ServoStudio\wpfui-servoStudio\samples\Wpf.Ui.servoStudio\servoStudio_wjhet5xd_wpftmp.csproj]
C:\UserWorx\VSWorx\ServoStudio\wpfui-servoStudio\samples\Wpf.Ui.servoStudio\Core\Sync\PeriodicTimerCyclicTimer.cs(65,76): warning IDE0055: 淇鏍煎紡 (https://learn.microsoft.com/dotnet/fundamentals/code-analysis/style-rules/ide0055) [C:\UserWorx\VSWorx\ServoStudio\wpfui-servoStudio\samples\Wpf.Ui.servoStudio\servoStudio_wjhet5xd_wpftmp.csproj]
C:\UserWorx\VSWorx\ServoStudio\wpfui-servoStudio\samples\Wpf.Ui.servoStudio\Core\Sync\PeriodicTimerCyclicTimer.cs(83,24): warning IDE0055: 淇鏍煎紡 (https://learn.microsoft.com/dotnet/fundamentals/code-analysis/style-rules/ide0055) [C:\UserWorx\VSWorx\ServoStudio\wpfui-servoStudio\samples\Wpf.Ui.servoStudio\servoStudio_wjhet5xd_wpftmp.csproj]
C:\UserWorx\VSWorx\ServoStudio\wpfui-servoStudio\samples\Wpf.Ui.servoStudio\Core\Sync\PeriodicTimerCyclicTimer.cs(83,26): warning IDE0055: 淇鏍煎紡 (https://learn.microsoft.com/dotnet/fundamentals/code-analysis/style-rules/ide0055) [C:\UserWorx\VSWorx\ServoStudio\wpfui-servoStudio\samples\Wpf.Ui.servoStudio\servoStudio_wjhet5xd_wpftmp.csproj]
C:\UserWorx\VSWorx\ServoStudio\wpfui-servoStudio\samples\Wpf.Ui.servoStudio\Core\Sync\PeriodicTimerCyclicTimer.cs(83,34): warning IDE0055: 淇鏍煎紡 (https://learn.microsoft.com/dotnet/fundamentals/code-analysis/style-rules/ide0055) [C:\UserWorx\VSWorx\ServoStudio\wpfui-servoStudio\samples\Wpf.Ui.servoStudio\servoStudio_wjhet5xd_wpftmp.csproj]
C:\UserWorx\VSWorx\ServoStudio\wpfui-servoStudio\samples\Wpf.Ui.servoStudio\Core\Sync\PeriodicTimerCyclicTimer.cs(95,12): warning IDE0055: 淇鏍煎紡 (https://learn.microsoft.com/dotnet/fundamentals/code-analysis/style-rules/ide0055) [C:\UserWorx\VSWorx\ServoStudio\wpfui-servoStudio\samples\Wpf.Ui.servoStudio\servoStudio_wjhet5xd_wpftmp.csproj]
C:\UserWorx\VSWorx\ServoStudio\wpfui-servoStudio\samples\Wpf.Ui.servoStudio\Core\Sync\PeriodicTimerCyclicTimer.cs(95,14): warning IDE0055: 淇鏍煎紡 (https://learn.microsoft.com/dotnet/fundamentals/code-analysis/style-rules/ide0055) [C:\UserWorx\VSWorx\ServoStudio\wpfui-servoStudio\samples\Wpf.Ui.servoStudio\servoStudio_wjhet5xd_wpftmp.csproj]
C:\UserWorx\VSWorx\ServoStudio\wpfui-servoStudio\samples\Wpf.Ui.servoStudio\Core\Sync\PeriodicTimerCyclicTimer.cs(95,30): warning IDE0055: 淇鏍煎紡 (https://learn.microsoft.com/dotnet/fundamentals/code-analysis/style-rules/ide0055) [C:\UserWorx\VSWorx\ServoStudio\wpfui-servoStudio\samples\Wpf.Ui.servoStudio\servoStudio_wjhet5xd_wpftmp.csproj]
C:\UserWorx\VSWorx\ServoStudio\wpfui-servoStudio\samples\Wpf.Ui.servoStudio\Core\Sync\PeriodicTimerCyclicTimer.cs(95,32): warning IDE0055: 淇鏍煎紡 (https://learn.microsoft.com/dotnet/fundamentals/code-analysis/style-rules/ide0055) [C:\UserWorx\VSWorx\ServoStudio\wpfui-servoStudio\samples\Wpf.Ui.servoStudio\servoStudio_wjhet5xd_wpftmp.csproj]
C:\UserWorx\VSWorx\ServoStudio\wpfui-servoStudio\samples\Wpf.Ui.servoStudio\Core\Sync\PeriodicTimerCyclicTimer.cs(96,12): warning IDE0055: 淇鏍煎紡 (https://learn.microsoft.com/dotnet/fundamentals/code-analysis/style-rules/ide0055) [C:\UserWorx\VSWorx\ServoStudio\wpfui-servoStudio\samples\Wpf.Ui.servoStudio\servoStudio_wjhet5xd_wpftmp.csproj]
C:\UserWorx\VSWorx\ServoStudio\wpfui-servoStudio\samples\Wpf.Ui.servoStudio\Core\Sync\PeriodicTimerCyclicTimer.cs(96,14): warning IDE0055: 淇鏍煎紡 (https://learn.microsoft.com/dotnet/fundamentals/code-analysis/style-rules/ide0055) [C:\UserWorx\VSWorx\ServoStudio\wpfui-servoStudio\samples\Wpf.Ui.servoStudio\servoStudio_wjhet5xd_wpftmp.csproj]
C:\UserWorx\VSWorx\ServoStudio\wpfui-servoStudio\samples\Wpf.Ui.servoStudio\Core\Sync\PeriodicTimerCyclicTimer.cs(96,33): warning IDE0055: 淇鏍煎紡 (https://learn.microsoft.com/dotnet/fundamentals/code-analysis/style-rules/ide0055) [C:\UserWorx\VSWorx\ServoStudio\wpfui-servoStudio\samples\Wpf.Ui.servoStudio\servoStudio_wjhet5xd_wpftmp.csproj]
C:\UserWorx\VSWorx\ServoStudio\wpfui-servoStudio\samples\Wpf.Ui.servoStudio\Core\Sync\PeriodicTimerCyclicTimer.cs(96,35): warning IDE0055: 淇鏍煎紡 (https://learn.microsoft.com/dotnet/fundamentals/code-analysis/style-rules/ide0055) [C:\UserWorx\VSWorx\ServoStudio\wpfui-servoStudio\samples\Wpf.Ui.servoStudio\servoStudio_wjhet5xd_wpftmp.csproj]
C:\UserWorx\VSWorx\ServoStudio\wpfui-servoStudio\samples\Wpf.Ui.servoStudio\Core\Sync\PeriodicTimerCyclicTimer.cs(97,12): warning IDE0055: 淇鏍煎紡 (https://learn.microsoft.com/dotnet/fundamentals/code-analysis/style-rules/ide0055) [C:\UserWorx\VSWorx\ServoStudio\wpfui-servoStudio\samples\Wpf.Ui.servoStudio\servoStudio_wjhet5xd_wpftmp.csproj]
C:\UserWorx\VSWorx\ServoStudio\wpfui-servoStudio\samples\Wpf.Ui.servoStudio\Core\Sync\PeriodicTimerCyclicTimer.cs(97,14): warning IDE0055: 淇鏍煎紡 (https://learn.microsoft.com/dotnet/fundamentals/code-analysis/style-rules/ide0055) [C:\UserWorx\VSWorx\ServoStudio\wpfui-servoStudio\samples\Wpf.Ui.servoStudio\servoStudio_wjhet5xd_wpftmp.csproj]
C:\UserWorx\VSWorx\ServoStudio\wpfui-servoStudio\samples\Wpf.Ui.servoStudio\Core\Sync\PeriodicTimerCyclicTimer.cs(97,32): warning IDE0055: 淇鏍煎紡 (https://learn.microsoft.com/dotnet/fundamentals/code-analysis/style-rules/ide0055) [C:\UserWorx\VSWorx\ServoStudio\wpfui-servoStudio\samples\Wpf.Ui.servoStudio\servoStudio_wjhet5xd_wpftmp.csproj]
C:\UserWorx\VSWorx\ServoStudio\wpfui-servoStudio\samples\Wpf.Ui.servoStudio\Core\Sync\PeriodicTimerCyclicTimer.cs(97,34): warning IDE0055: 淇鏍煎紡 (https://learn.microsoft.com/dotnet/fundamentals/code-analysis/style-rules/ide0055) [C:\UserWorx\VSWorx\ServoStudio\wpfui-servoStudio\samples\Wpf.Ui.servoStudio\servoStudio_wjhet5xd_wpftmp.csproj]
C:\UserWorx\VSWorx\ServoStudio\wpfui-servoStudio\samples\Wpf.Ui.servoStudio\Core\Sync\PeriodicTimerCyclicTimer.cs(65,98): warning IDE2003: 鍧椾笌鍚庣画璇彞涔嬮棿闇€瑕佹湁绌虹櫧琛?(https://learn.microsoft.com/dotnet/fundamentals/code-analysis/style-rules/ide2003) [C:\UserWorx\VSWorx\ServoStudio\wpfui-servoStudio\samples\Wpf.Ui.servoStudio\servoStudio_wjhet5xd_wpftmp.csproj]
C:\UserWorx\VSWorx\ServoStudio\wpfui-servoStudio\samples\Wpf.Ui.servoStudio\Core\Sync\PeriodicTimerCyclicTimer.cs(95,54): warning IDE2003: 鍧椾笌鍚庣画璇彞涔嬮棿闇€瑕佹湁绌虹櫧琛?(https://learn.microsoft.com/dotnet/fundamentals/code-analysis/style-rules/ide2003) [C:\UserWorx\VSWorx\ServoStudio\wpfui-servoStudio\samples\Wpf.Ui.servoStudio\servoStudio_wjhet5xd_wpftmp.csproj]
C:\UserWorx\VSWorx\ServoStudio\wpfui-servoStudio\samples\Wpf.Ui.servoStudio\Core\Sync\PeriodicTimerCyclicTimer.cs(96,57): warning IDE2003: 鍧椾笌鍚庣画璇彞涔嬮棿闇€瑕佹湁绌虹櫧琛?(https://learn.microsoft.com/dotnet/fundamentals/code-analysis/style-rules/ide2003) [C:\UserWorx\VSWorx\ServoStudio\wpfui-servoStudio\samples\Wpf.Ui.servoStudio\servoStudio_wjhet5xd_wpftmp.csproj]
C:\UserWorx\VSWorx\ServoStudio\wpfui-servoStudio\samples\Wpf.Ui.servoStudio\Core\Sync\PeriodicTimerCyclicTimer.cs(97,56): warning IDE2003: 鍧椾笌鍚庣画璇彞涔嬮棿闇€瑕佹湁绌虹櫧琛?(https://learn.microsoft.com/dotnet/fundamentals/code-analysis/style-rules/ide2003) [C:\UserWorx\VSWorx\ServoStudio\wpfui-servoStudio\samples\Wpf.Ui.servoStudio\servoStudio_wjhet5xd_wpftmp.csproj]
C:\UserWorx\VSWorx\ServoStudio\wpfui-servoStudio\samples\Wpf.Ui.servoStudio\Core\Sync\SpinWaitCyclicTimer.cs(61,16): warning IDE0055: 淇鏍煎紡 (https://learn.microsoft.com/dotnet/fundamentals/code-analysis/style-rules/ide0055) [C:\UserWorx\VSWorx\ServoStudio\wpfui-servoStudio\samples\Wpf.Ui.servoStudio\servoStudio_wjhet5xd_wpftmp.csproj]
C:\UserWorx\VSWorx\ServoStudio\wpfui-servoStudio\samples\Wpf.Ui.servoStudio\Core\Sync\SpinWaitCyclicTimer.cs(61,18): warning IDE0055: 淇鏍煎紡 (https://learn.microsoft.com/dotnet/fundamentals/code-analysis/style-rules/ide0055) [C:\UserWorx\VSWorx\ServoStudio\wpfui-servoStudio\samples\Wpf.Ui.servoStudio\servoStudio_wjhet5xd_wpftmp.csproj]
C:\UserWorx\VSWorx\ServoStudio\wpfui-servoStudio\samples\Wpf.Ui.servoStudio\Core\Sync\SpinWaitCyclicTimer.cs(61,74): warning IDE0055: 淇鏍煎紡 (https://learn.microsoft.com/dotnet/fundamentals/code-analysis/style-rules/ide0055) [C:\UserWorx\VSWorx\ServoStudio\wpfui-servoStudio\samples\Wpf.Ui.servoStudio\servoStudio_wjhet5xd_wpftmp.csproj]
C:\UserWorx\VSWorx\ServoStudio\wpfui-servoStudio\samples\Wpf.Ui.servoStudio\Core\Sync\SpinWaitCyclicTimer.cs(61,76): warning IDE0055: 淇鏍煎紡 (https://learn.microsoft.com/dotnet/fundamentals/code-analysis/style-rules/ide0055) [C:\UserWorx\VSWorx\ServoStudio\wpfui-servoStudio\samples\Wpf.Ui.servoStudio\servoStudio_wjhet5xd_wpftmp.csproj]
C:\UserWorx\VSWorx\ServoStudio\wpfui-servoStudio\samples\Wpf.Ui.servoStudio\Core\Sync\SpinWaitCyclicTimer.cs(105,20): warning IDE0055: 淇鏍煎紡 (https://learn.microsoft.com/dotnet/fundamentals/code-analysis/style-rules/ide0055) [C:\UserWorx\VSWorx\ServoStudio\wpfui-servoStudio\samples\Wpf.Ui.servoStudio\servoStudio_wjhet5xd_wpftmp.csproj]
C:\UserWorx\VSWorx\ServoStudio\wpfui-servoStudio\samples\Wpf.Ui.servoStudio\Core\Sync\SpinWaitCyclicTimer.cs(105,22): warning IDE0055: 淇鏍煎紡 (https://learn.microsoft.com/dotnet/fundamentals/code-analysis/style-rules/ide0055) [C:\UserWorx\VSWorx\ServoStudio\wpfui-servoStudio\samples\Wpf.Ui.servoStudio\servoStudio_wjhet5xd_wpftmp.csproj]
C:\UserWorx\VSWorx\ServoStudio\wpfui-servoStudio\samples\Wpf.Ui.servoStudio\Core\Sync\SpinWaitCyclicTimer.cs(105,30): warning IDE0055: 淇鏍煎紡 (https://learn.microsoft.com/dotnet/fundamentals/code-analysis/style-rules/ide0055) [C:\UserWorx\VSWorx\ServoStudio\wpfui-servoStudio\samples\Wpf.Ui.servoStudio\servoStudio_wjhet5xd_wpftmp.csproj]
C:\UserWorx\VSWorx\ServoStudio\wpfui-servoStudio\samples\Wpf.Ui.servoStudio\Core\Sync\SpinWaitCyclicTimer.cs(128,12): warning IDE0055: 淇鏍煎紡 (https://learn.microsoft.com/dotnet/fundamentals/code-analysis/style-rules/ide0055) [C:\UserWorx\VSWorx\ServoStudio\wpfui-servoStudio\samples\Wpf.Ui.servoStudio\servoStudio_wjhet5xd_wpftmp.csproj]
C:\UserWorx\VSWorx\ServoStudio\wpfui-servoStudio\samples\Wpf.Ui.servoStudio\Core\Sync\SpinWaitCyclicTimer.cs(128,14): warning IDE0055: 淇鏍煎紡 (https://learn.microsoft.com/dotnet/fundamentals/code-analysis/style-rules/ide0055) [C:\UserWorx\VSWorx\ServoStudio\wpfui-servoStudio\samples\Wpf.Ui.servoStudio\servoStudio_wjhet5xd_wpftmp.csproj]
C:\UserWorx\VSWorx\ServoStudio\wpfui-servoStudio\samples\Wpf.Ui.servoStudio\Core\Sync\SpinWaitCyclicTimer.cs(128,30): warning IDE0055: 淇鏍煎紡 (https://learn.microsoft.com/dotnet/fundamentals/code-analysis/style-rules/ide0055) [C:\UserWorx\VSWorx\ServoStudio\wpfui-servoStudio\samples\Wpf.Ui.servoStudio\servoStudio_wjhet5xd_wpftmp.csproj]
C:\UserWorx\VSWorx\ServoStudio\wpfui-servoStudio\samples\Wpf.Ui.servoStudio\Core\Sync\SpinWaitCyclicTimer.cs(128,32): warning IDE0055: 淇鏍煎紡 (https://learn.microsoft.com/dotnet/fundamentals/code-analysis/style-rules/ide0055) [C:\UserWorx\VSWorx\ServoStudio\wpfui-servoStudio\samples\Wpf.Ui.servoStudio\servoStudio_wjhet5xd_wpftmp.csproj]
C:\UserWorx\VSWorx\ServoStudio\wpfui-servoStudio\samples\Wpf.Ui.servoStudio\Core\Sync\SpinWaitCyclicTimer.cs(129,12): warning IDE0055: 淇鏍煎紡 (https://learn.microsoft.com/dotnet/fundamentals/code-analysis/style-rules/ide0055) [C:\UserWorx\VSWorx\ServoStudio\wpfui-servoStudio\samples\Wpf.Ui.servoStudio\servoStudio_wjhet5xd_wpftmp.csproj]
C:\UserWorx\VSWorx\ServoStudio\wpfui-servoStudio\samples\Wpf.Ui.servoStudio\Core\Sync\SpinWaitCyclicTimer.cs(129,14): warning IDE0055: 淇鏍煎紡 (https://learn.microsoft.com/dotnet/fundamentals/code-analysis/style-rules/ide0055) [C:\UserWorx\VSWorx\ServoStudio\wpfui-servoStudio\samples\Wpf.Ui.servoStudio\servoStudio_wjhet5xd_wpftmp.csproj]
C:\UserWorx\VSWorx\ServoStudio\wpfui-servoStudio\samples\Wpf.Ui.servoStudio\Core\Sync\SpinWaitCyclicTimer.cs(129,34): warning IDE0055: 淇鏍煎紡 (https://learn.microsoft.com/dotnet/fundamentals/code-analysis/style-rules/ide0055) [C:\UserWorx\VSWorx\ServoStudio\wpfui-servoStudio\samples\Wpf.Ui.servoStudio\servoStudio_wjhet5xd_wpftmp.csproj]
C:\UserWorx\VSWorx\ServoStudio\wpfui-servoStudio\samples\Wpf.Ui.servoStudio\Core\Sync\SpinWaitCyclicTimer.cs(129,36): warning IDE0055: 淇鏍煎紡 (https://learn.microsoft.com/dotnet/fundamentals/code-analysis/style-rules/ide0055) [C:\UserWorx\VSWorx\ServoStudio\wpfui-servoStudio\samples\Wpf.Ui.servoStudio\servoStudio_wjhet5xd_wpftmp.csproj]
C:\UserWorx\VSWorx\ServoStudio\wpfui-servoStudio\samples\Wpf.Ui.servoStudio\Core\Sync\SpinWaitCyclicTimer.cs(61,98): warning IDE2003: 鍧椾笌鍚庣画璇彞涔嬮棿闇€瑕佹湁绌虹櫧琛?(https://learn.microsoft.com/dotnet/fundamentals/code-analysis/style-rules/ide2003) [C:\UserWorx\VSWorx\ServoStudio\wpfui-servoStudio\samples\Wpf.Ui.servoStudio\servoStudio_wjhet5xd_wpftmp.csproj]
C:\UserWorx\VSWorx\ServoStudio\wpfui-servoStudio\samples\Wpf.Ui.servoStudio\Core\Sync\SpinWaitCyclicTimer.cs(88,17): warning IDE2003: 鍧椾笌鍚庣画璇彞涔嬮棿闇€瑕佹湁绌虹櫧琛?(https://learn.microsoft.com/dotnet/fundamentals/code-analysis/style-rules/ide2003) [C:\UserWorx\VSWorx\ServoStudio\wpfui-servoStudio\samples\Wpf.Ui.servoStudio\servoStudio_wjhet5xd_wpftmp.csproj]
C:\UserWorx\VSWorx\ServoStudio\wpfui-servoStudio\samples\Wpf.Ui.servoStudio\Core\Sync\SpinWaitCyclicTimer.cs(128,54): warning IDE2003: 鍧椾笌鍚庣画璇彞涔嬮棿闇€瑕佹湁绌虹櫧琛?(https://learn.microsoft.com/dotnet/fundamentals/code-analysis/style-rules/ide2003) [C:\UserWorx\VSWorx\ServoStudio\wpfui-servoStudio\samples\Wpf.Ui.servoStudio\servoStudio_wjhet5xd_wpftmp.csproj]
C:\UserWorx\VSWorx\ServoStudio\wpfui-servoStudio\samples\Wpf.Ui.servoStudio\Core\Sync\SpinWaitCyclicTimer.cs(129,58): warning IDE2003: 鍧椾笌鍚庣画璇彞涔嬮棿闇€瑕佹湁绌虹櫧琛?(https://learn.microsoft.com/dotnet/fundamentals/code-analysis/style-rules/ide2003) [C:\UserWorx\VSWorx\ServoStudio\wpfui-servoStudio\samples\Wpf.Ui.servoStudio\servoStudio_wjhet5xd_wpftmp.csproj]
C:\UserWorx\VSWorx\ServoStudio\wpfui-servoStudio\samples\Wpf.Ui.servoStudio\Core\Sync\WinMmCyclicTimer.cs(112,16): warning IDE0055: 淇鏍煎紡 (https://learn.microsoft.com/dotnet/fundamentals/code-analysis/style-rules/ide0055) [C:\UserWorx\VSWorx\ServoStudio\wpfui-servoStudio\samples\Wpf.Ui.servoStudio\servoStudio_wjhet5xd_wpftmp.csproj]
C:\UserWorx\VSWorx\ServoStudio\wpfui-servoStudio\samples\Wpf.Ui.servoStudio\Core\Sync\WinMmCyclicTimer.cs(112,18): warning IDE0055: 淇鏍煎紡 (https://learn.microsoft.com/dotnet/fundamentals/code-analysis/style-rules/ide0055) [C:\UserWorx\VSWorx\ServoStudio\wpfui-servoStudio\samples\Wpf.Ui.servoStudio\servoStudio_wjhet5xd_wpftmp.csproj]
C:\UserWorx\VSWorx\ServoStudio\wpfui-servoStudio\samples\Wpf.Ui.servoStudio\Core\Sync\WinMmCyclicTimer.cs(112,24): warning IDE0055: 淇鏍煎紡 (https://learn.microsoft.com/dotnet/fundamentals/code-analysis/style-rules/ide0055) [C:\UserWorx\VSWorx\ServoStudio\wpfui-servoStudio\samples\Wpf.Ui.servoStudio\servoStudio_wjhet5xd_wpftmp.csproj]
C:\UserWorx\VSWorx\ServoStudio\wpfui-servoStudio\samples\Wpf.Ui.servoStudio\Core\Sync\WinMmCyclicTimer.cs(120,21): warning IDE0055: 淇鏍煎紡 (https://learn.microsoft.com/dotnet/fundamentals/code-analysis/style-rules/ide0055) [C:\UserWorx\VSWorx\ServoStudio\wpfui-servoStudio\samples\Wpf.Ui.servoStudio\servoStudio_wjhet5xd_wpftmp.csproj]
C:\UserWorx\VSWorx\ServoStudio\wpfui-servoStudio\samples\Wpf.Ui.servoStudio\Core\Sync\WinMmCyclicTimer.cs(120,23): warning IDE0055: 淇鏍煎紡 (https://learn.microsoft.com/dotnet/fundamentals/code-analysis/style-rules/ide0055) [C:\UserWorx\VSWorx\ServoStudio\wpfui-servoStudio\samples\Wpf.Ui.servoStudio\servoStudio_wjhet5xd_wpftmp.csproj]
C:\UserWorx\VSWorx\ServoStudio\wpfui-servoStudio\samples\Wpf.Ui.servoStudio\Core\Sync\WinMmCyclicTimer.cs(120,39): warning IDE0055: 淇鏍煎紡 (https://learn.microsoft.com/dotnet/fundamentals/code-analysis/style-rules/ide0055) [C:\UserWorx\VSWorx\ServoStudio\wpfui-servoStudio\samples\Wpf.Ui.servoStudio\servoStudio_wjhet5xd_wpftmp.csproj]
C:\UserWorx\VSWorx\ServoStudio\wpfui-servoStudio\samples\Wpf.Ui.servoStudio\Core\Sync\WinMmCyclicTimer.cs(127,16): warning IDE0055: 淇鏍煎紡 (https://learn.microsoft.com/dotnet/fundamentals/code-analysis/style-rules/ide0055) [C:\UserWorx\VSWorx\ServoStudio\wpfui-servoStudio\samples\Wpf.Ui.servoStudio\servoStudio_wjhet5xd_wpftmp.csproj]
C:\UserWorx\VSWorx\ServoStudio\wpfui-servoStudio\samples\Wpf.Ui.servoStudio\Core\Sync\WinMmCyclicTimer.cs(127,18): warning IDE0055: 淇鏍煎紡 (https://learn.microsoft.com/dotnet/fundamentals/code-analysis/style-rules/ide0055) [C:\UserWorx\VSWorx\ServoStudio\wpfui-servoStudio\samples\Wpf.Ui.servoStudio\servoStudio_wjhet5xd_wpftmp.csproj]
C:\UserWorx\VSWorx\ServoStudio\wpfui-servoStudio\samples\Wpf.Ui.servoStudio\Core\Sync\WinMmCyclicTimer.cs(127,47): warning IDE0055: 淇鏍煎紡 (https://learn.microsoft.com/dotnet/fundamentals/code-analysis/style-rules/ide0055) [C:\UserWorx\VSWorx\ServoStudio\wpfui-servoStudio\samples\Wpf.Ui.servoStudio\servoStudio_wjhet5xd_wpftmp.csproj]
C:\UserWorx\VSWorx\ServoStudio\wpfui-servoStudio\samples\Wpf.Ui.servoStudio\Core\Sync\WinMmCyclicTimer.cs(127,49): warning IDE0055: 淇鏍煎紡 (https://learn.microsoft.com/dotnet/fundamentals/code-analysis/style-rules/ide0055) [C:\UserWorx\VSWorx\ServoStudio\wpfui-servoStudio\samples\Wpf.Ui.servoStudio\servoStudio_wjhet5xd_wpftmp.csproj]
C:\UserWorx\VSWorx\ServoStudio\wpfui-servoStudio\samples\Wpf.Ui.servoStudio\Core\Sync\WinMmCyclicTimer.cs(129,16): warning IDE0055: 淇鏍煎紡 (https://learn.microsoft.com/dotnet/fundamentals/code-analysis/style-rules/ide0055) [C:\UserWorx\VSWorx\ServoStudio\wpfui-servoStudio\samples\Wpf.Ui.servoStudio\servoStudio_wjhet5xd_wpftmp.csproj]
C:\UserWorx\VSWorx\ServoStudio\wpfui-servoStudio\samples\Wpf.Ui.servoStudio\Core\Sync\WinMmCyclicTimer.cs(129,18): warning IDE0055: 淇鏍煎紡 (https://learn.microsoft.com/dotnet/fundamentals/code-analysis/style-rules/ide0055) [C:\UserWorx\VSWorx\ServoStudio\wpfui-servoStudio\samples\Wpf.Ui.servoStudio\servoStudio_wjhet5xd_wpftmp.csproj]
C:\UserWorx\VSWorx\ServoStudio\wpfui-servoStudio\samples\Wpf.Ui.servoStudio\Core\Sync\WinMmCyclicTimer.cs(129,40): warning IDE0055: 淇鏍煎紡 (https://learn.microsoft.com/dotnet/fundamentals/code-analysis/style-rules/ide0055) [C:\UserWorx\VSWorx\ServoStudio\wpfui-servoStudio\samples\Wpf.Ui.servoStudio\servoStudio_wjhet5xd_wpftmp.csproj]
C:\UserWorx\VSWorx\ServoStudio\wpfui-servoStudio\samples\Wpf.Ui.servoStudio\Core\Sync\WinMmCyclicTimer.cs(129,42): warning IDE0055: 淇鏍煎紡 (https://learn.microsoft.com/dotnet/fundamentals/code-analysis/style-rules/ide0055) [C:\UserWorx\VSWorx\ServoStudio\wpfui-servoStudio\samples\Wpf.Ui.servoStudio\servoStudio_wjhet5xd_wpftmp.csproj]
C:\UserWorx\VSWorx\ServoStudio\wpfui-servoStudio\samples\Wpf.Ui.servoStudio\Core\Sync\WinMmCyclicTimer.cs(91,13): warning IDE2003: 鍧椾笌鍚庣画璇彞涔嬮棿闇€瑕佹湁绌虹櫧琛?(https://learn.microsoft.com/dotnet/fundamentals/code-analysis/style-rules/ide2003) [C:\UserWorx\VSWorx\ServoStudio\wpfui-servoStudio\samples\Wpf.Ui.servoStudio\servoStudio_wjhet5xd_wpftmp.csproj]
C:\UserWorx\VSWorx\ServoStudio\wpfui-servoStudio\samples\Wpf.Ui.servoStudio\Core\Sync\WinMmCyclicTimer.cs(114,9): warning IDE2003: 鍧椾笌鍚庣画璇彞涔嬮棿闇€瑕佹湁绌虹櫧琛?(https://learn.microsoft.com/dotnet/fundamentals/code-analysis/style-rules/ide2003) [C:\UserWorx\VSWorx\ServoStudio\wpfui-servoStudio\samples\Wpf.Ui.servoStudio\servoStudio_wjhet5xd_wpftmp.csproj]
C:\UserWorx\VSWorx\ServoStudio\wpfui-servoStudio\samples\Wpf.Ui.servoStudio\Core\Sync\WinMmCyclicTimer.cs(130,9): warning IDE2003: 鍧椾笌鍚庣画璇彞涔嬮棿闇€瑕佹湁绌虹櫧琛?(https://learn.microsoft.com/dotnet/fundamentals/code-analysis/style-rules/ide2003) [C:\UserWorx\VSWorx\ServoStudio\wpfui-servoStudio\samples\Wpf.Ui.servoStudio\servoStudio_wjhet5xd_wpftmp.csproj]
C:\UserWorx\VSWorx\ServoStudio\wpfui-servoStudio\samples\Wpf.Ui.servoStudio\Core\Sync\WinMmCyclicTimer.cs(127,71): warning IDE2003: 鍧椾笌鍚庣画璇彞涔嬮棿闇€瑕佹湁绌虹櫧琛?(https://learn.microsoft.com/dotnet/fundamentals/code-analysis/style-rules/ide2003) [C:\UserWorx\VSWorx\ServoStudio\wpfui-servoStudio\samples\Wpf.Ui.servoStudio\servoStudio_wjhet5xd_wpftmp.csproj]
C:\UserWorx\VSWorx\ServoStudio\wpfui-servoStudio\samples\Wpf.Ui.servoStudio\Core\Usb\CdcAcmUsbBus.cs(62,16): warning IDE0055: 淇鏍煎紡 (https://learn.microsoft.com/dotnet/fundamentals/code-analysis/style-rules/ide0055) [C:\UserWorx\VSWorx\ServoStudio\wpfui-servoStudio\samples\Wpf.Ui.servoStudio\servoStudio_wjhet5xd_wpftmp.csproj]
C:\UserWorx\VSWorx\ServoStudio\wpfui-servoStudio\samples\Wpf.Ui.servoStudio\Core\Usb\CdcAcmUsbBus.cs(62,18): warning IDE0055: 淇鏍煎紡 (https://learn.microsoft.com/dotnet/fundamentals/code-analysis/style-rules/ide0055) [C:\UserWorx\VSWorx\ServoStudio\wpfui-servoStudio\samples\Wpf.Ui.servoStudio\servoStudio_wjhet5xd_wpftmp.csproj]
C:\UserWorx\VSWorx\ServoStudio\wpfui-servoStudio\samples\Wpf.Ui.servoStudio\Core\Usb\CdcAcmUsbBus.cs(62,36): warning IDE0055: 淇鏍煎紡 (https://learn.microsoft.com/dotnet/fundamentals/code-analysis/style-rules/ide0055) [C:\UserWorx\VSWorx\ServoStudio\wpfui-servoStudio\samples\Wpf.Ui.servoStudio\servoStudio_wjhet5xd_wpftmp.csproj]
C:\UserWorx\VSWorx\ServoStudio\wpfui-servoStudio\samples\Wpf.Ui.servoStudio\Core\Usb\CdcAcmUsbBus.cs(62,38): warning IDE0055: 淇鏍煎紡 (https://learn.microsoft.com/dotnet/fundamentals/code-analysis/style-rules/ide0055) [C:\UserWorx\VSWorx\ServoStudio\wpfui-servoStudio\samples\Wpf.Ui.servoStudio\servoStudio_wjhet5xd_wpftmp.csproj]
C:\UserWorx\VSWorx\ServoStudio\wpfui-servoStudio\samples\Wpf.Ui.servoStudio\Core\Usb\CdcAcmUsbBus.cs(70,12): warning IDE0055: 淇鏍煎紡 (https://learn.microsoft.com/dotnet/fundamentals/code-analysis/style-rules/ide0055) [C:\UserWorx\VSWorx\ServoStudio\wpfui-servoStudio\samples\Wpf.Ui.servoStudio\servoStudio_wjhet5xd_wpftmp.csproj]
C:\UserWorx\VSWorx\ServoStudio\wpfui-servoStudio\samples\Wpf.Ui.servoStudio\Core\Usb\CdcAcmUsbBus.cs(70,14): warning IDE0055: 淇鏍煎紡 (https://learn.microsoft.com/dotnet/fundamentals/code-analysis/style-rules/ide0055) [C:\UserWorx\VSWorx\ServoStudio\wpfui-servoStudio\samples\Wpf.Ui.servoStudio\servoStudio_wjhet5xd_wpftmp.csproj]
C:\UserWorx\VSWorx\ServoStudio\wpfui-servoStudio\samples\Wpf.Ui.servoStudio\Core\Usb\CdcAcmUsbBus.cs(70,30): warning IDE0055: 淇鏍煎紡 (https://learn.microsoft.com/dotnet/fundamentals/code-analysis/style-rules/ide0055) [C:\UserWorx\VSWorx\ServoStudio\wpfui-servoStudio\samples\Wpf.Ui.servoStudio\servoStudio_wjhet5xd_wpftmp.csproj]
C:\UserWorx\VSWorx\ServoStudio\wpfui-servoStudio\samples\Wpf.Ui.servoStudio\Core\Usb\CdcAcmUsbBus.cs(70,32): warning IDE0055: 淇鏍煎紡 (https://learn.microsoft.com/dotnet/fundamentals/code-analysis/style-rules/ide0055) [C:\UserWorx\VSWorx\ServoStudio\wpfui-servoStudio\samples\Wpf.Ui.servoStudio\servoStudio_wjhet5xd_wpftmp.csproj]
C:\UserWorx\VSWorx\ServoStudio\wpfui-servoStudio\samples\Wpf.Ui.servoStudio\Core\Usb\CdcAcmUsbBus.cs(71,12): warning IDE0055: 淇鏍煎紡 (https://learn.microsoft.com/dotnet/fundamentals/code-analysis/style-rules/ide0055) [C:\UserWorx\VSWorx\ServoStudio\wpfui-servoStudio\samples\Wpf.Ui.servoStudio\servoStudio_wjhet5xd_wpftmp.csproj]
C:\UserWorx\VSWorx\ServoStudio\wpfui-servoStudio\samples\Wpf.Ui.servoStudio\Core\Usb\CdcAcmUsbBus.cs(71,14): warning IDE0055: 淇鏍煎紡 (https://learn.microsoft.com/dotnet/fundamentals/code-analysis/style-rules/ide0055) [C:\UserWorx\VSWorx\ServoStudio\wpfui-servoStudio\samples\Wpf.Ui.servoStudio\servoStudio_wjhet5xd_wpftmp.csproj]
C:\UserWorx\VSWorx\ServoStudio\wpfui-servoStudio\samples\Wpf.Ui.servoStudio\Core\Usb\CdcAcmUsbBus.cs(71,32): warning IDE0055: 淇鏍煎紡 (https://learn.microsoft.com/dotnet/fundamentals/code-analysis/style-rules/ide0055) [C:\UserWorx\VSWorx\ServoStudio\wpfui-servoStudio\samples\Wpf.Ui.servoStudio\servoStudio_wjhet5xd_wpftmp.csproj]
C:\UserWorx\VSWorx\ServoStudio\wpfui-servoStudio\samples\Wpf.Ui.servoStudio\Core\Usb\CdcAcmUsbBus.cs(71,34): warning IDE0055: 淇鏍煎紡 (https://learn.microsoft.com/dotnet/fundamentals/code-analysis/style-rules/ide0055) [C:\UserWorx\VSWorx\ServoStudio\wpfui-servoStudio\samples\Wpf.Ui.servoStudio\servoStudio_wjhet5xd_wpftmp.csproj]
C:\UserWorx\VSWorx\ServoStudio\wpfui-servoStudio\samples\Wpf.Ui.servoStudio\Core\Usb\CdcAcmUsbBus.cs(73,38): warning IDE0055: 淇鏍煎紡 (https://learn.microsoft.com/dotnet/fundamentals/code-analysis/style-rules/ide0055) [C:\UserWorx\VSWorx\ServoStudio\wpfui-servoStudio\samples\Wpf.Ui.servoStudio\servoStudio_wjhet5xd_wpftmp.csproj]
C:\UserWorx\VSWorx\ServoStudio\wpfui-servoStudio\samples\Wpf.Ui.servoStudio\Core\Usb\CdcAcmUsbBus.cs(73,40): warning IDE0055: 淇鏍煎紡 (https://learn.microsoft.com/dotnet/fundamentals/code-analysis/style-rules/ide0055) [C:\UserWorx\VSWorx\ServoStudio\wpfui-servoStudio\samples\Wpf.Ui.servoStudio\servoStudio_wjhet5xd_wpftmp.csproj]
C:\UserWorx\VSWorx\ServoStudio\wpfui-servoStudio\samples\Wpf.Ui.servoStudio\Core\Usb\CdcAcmUsbBus.cs(62,60): warning IDE2003: 鍧椾笌鍚庣画璇彞涔嬮棿闇€瑕佹湁绌虹櫧琛?(https://learn.microsoft.com/dotnet/fundamentals/code-analysis/style-rules/ide2003) [C:\UserWorx\VSWorx\ServoStudio\wpfui-servoStudio\samples\Wpf.Ui.servoStudio\servoStudio_wjhet5xd_wpftmp.csproj]
C:\UserWorx\VSWorx\ServoStudio\wpfui-servoStudio\samples\Wpf.Ui.servoStudio\Core\Usb\CdcAcmUsbBus.cs(70,54): warning IDE2003: 鍧椾笌鍚庣画璇彞涔嬮棿闇€瑕佹湁绌虹櫧琛?(https://learn.microsoft.com/dotnet/fundamentals/code-analysis/style-rules/ide2003) [C:\UserWorx\VSWorx\ServoStudio\wpfui-servoStudio\samples\Wpf.Ui.servoStudio\servoStudio_wjhet5xd_wpftmp.csproj]
C:\UserWorx\VSWorx\ServoStudio\wpfui-servoStudio\samples\Wpf.Ui.servoStudio\Core\Usb\CdcAcmUsbBus.cs(71,56): warning IDE2003: 鍧椾笌鍚庣画璇彞涔嬮棿闇€瑕佹湁绌虹櫧琛?(https://learn.microsoft.com/dotnet/fundamentals/code-analysis/style-rules/ide2003) [C:\UserWorx\VSWorx\ServoStudio\wpfui-servoStudio\samples\Wpf.Ui.servoStudio\servoStudio_wjhet5xd_wpftmp.csproj]
C:\UserWorx\VSWorx\ServoStudio\wpfui-servoStudio\samples\Wpf.Ui.servoStudio\Core\Usb\CdcAcmUsbBus.cs(90,13): warning IDE2003: 鍧椾笌鍚庣画璇彞涔嬮棿闇€瑕佹湁绌虹櫧琛?(https://learn.microsoft.com/dotnet/fundamentals/code-analysis/style-rules/ide2003) [C:\UserWorx\VSWorx\ServoStudio\wpfui-servoStudio\samples\Wpf.Ui.servoStudio\servoStudio_wjhet5xd_wpftmp.csproj]
C:\UserWorx\VSWorx\ServoStudio\wpfui-servoStudio\samples\Wpf.Ui.servoStudio\Core\Usb\IUsbBus.cs(23,16): warning IDE0055: 淇鏍煎紡 (https://learn.microsoft.com/dotnet/fundamentals/code-analysis/style-rules/ide0055) [C:\UserWorx\VSWorx\ServoStudio\wpfui-servoStudio\samples\Wpf.Ui.servoStudio\servoStudio_wjhet5xd_wpftmp.csproj]
C:\UserWorx\VSWorx\ServoStudio\wpfui-servoStudio\samples\Wpf.Ui.servoStudio\Core\Usb\IUsbBus.cs(23,18): warning IDE0055: 淇鏍煎紡 (https://learn.microsoft.com/dotnet/fundamentals/code-analysis/style-rules/ide0055) [C:\UserWorx\VSWorx\ServoStudio\wpfui-servoStudio\samples\Wpf.Ui.servoStudio\servoStudio_wjhet5xd_wpftmp.csproj]
C:\UserWorx\VSWorx\ServoStudio\wpfui-servoStudio\samples\Wpf.Ui.servoStudio\Core\Usb\IUsbBus.cs(23,23): warning IDE0055: 淇鏍煎紡 (https://learn.microsoft.com/dotnet/fundamentals/code-analysis/style-rules/ide0055) [C:\UserWorx\VSWorx\ServoStudio\wpfui-servoStudio\samples\Wpf.Ui.servoStudio\servoStudio_wjhet5xd_wpftmp.csproj]
C:\UserWorx\VSWorx\ServoStudio\wpfui-servoStudio\samples\Wpf.Ui.servoStudio\Core\Usb\MscUsbBus.cs(46,23): warning IDE0055: 淇鏍煎紡 (https://learn.microsoft.com/dotnet/fundamentals/code-analysis/style-rules/ide0055) [C:\UserWorx\VSWorx\ServoStudio\wpfui-servoStudio\samples\Wpf.Ui.servoStudio\servoStudio_wjhet5xd_wpftmp.csproj]
C:\UserWorx\VSWorx\ServoStudio\wpfui-servoStudio\samples\Wpf.Ui.servoStudio\Core\Usb\MscUsbBus.cs(46,25): warning IDE0055: 淇鏍煎紡 (https://learn.microsoft.com/dotnet/fundamentals/code-analysis/style-rules/ide0055) [C:\UserWorx\VSWorx\ServoStudio\wpfui-servoStudio\samples\Wpf.Ui.servoStudio\servoStudio_wjhet5xd_wpftmp.csproj]
C:\UserWorx\VSWorx\ServoStudio\wpfui-servoStudio\samples\Wpf.Ui.servoStudio\Core\Usb\MscUsbBus.cs(46,43): warning IDE0055: 淇鏍煎紡 (https://learn.microsoft.com/dotnet/fundamentals/code-analysis/style-rules/ide0055) [C:\UserWorx\VSWorx\ServoStudio\wpfui-servoStudio\samples\Wpf.Ui.servoStudio\servoStudio_wjhet5xd_wpftmp.csproj]
C:\UserWorx\VSWorx\ServoStudio\wpfui-servoStudio\samples\Wpf.Ui.servoStudio\Core\Usb\MscUsbBus.cs(92,16): warning IDE0055: 淇鏍煎紡 (https://learn.microsoft.com/dotnet/fundamentals/code-analysis/style-rules/ide0055) [C:\UserWorx\VSWorx\ServoStudio\wpfui-servoStudio\samples\Wpf.Ui.servoStudio\servoStudio_wjhet5xd_wpftmp.csproj]
C:\UserWorx\VSWorx\ServoStudio\wpfui-servoStudio\samples\Wpf.Ui.servoStudio\Core\Usb\MscUsbBus.cs(92,18): warning IDE0055: 淇鏍煎紡 (https://learn.microsoft.com/dotnet/fundamentals/code-analysis/style-rules/ide0055) [C:\UserWorx\VSWorx\ServoStudio\wpfui-servoStudio\samples\Wpf.Ui.servoStudio\servoStudio_wjhet5xd_wpftmp.csproj]
C:\UserWorx\VSWorx\ServoStudio\wpfui-servoStudio\samples\Wpf.Ui.servoStudio\Core\Usb\MscUsbBus.cs(92,56): warning IDE0055: 淇鏍煎紡 (https://learn.microsoft.com/dotnet/fundamentals/code-analysis/style-rules/ide0055) [C:\UserWorx\VSWorx\ServoStudio\wpfui-servoStudio\samples\Wpf.Ui.servoStudio\servoStudio_wjhet5xd_wpftmp.csproj]
C:\UserWorx\VSWorx\ServoStudio\wpfui-servoStudio\samples\Wpf.Ui.servoStudio\Core\Usb\MscUsbBus.cs(92,58): warning IDE0055: 淇鏍煎紡 (https://learn.microsoft.com/dotnet/fundamentals/code-analysis/style-rules/ide0055) [C:\UserWorx\VSWorx\ServoStudio\wpfui-servoStudio\samples\Wpf.Ui.servoStudio\servoStudio_wjhet5xd_wpftmp.csproj]
C:\UserWorx\VSWorx\ServoStudio\wpfui-servoStudio\samples\Wpf.Ui.servoStudio\Core\Usb\MscUsbBus.cs(93,16): warning IDE0055: 淇鏍煎紡 (https://learn.microsoft.com/dotnet/fundamentals/code-analysis/style-rules/ide0055) [C:\UserWorx\VSWorx\ServoStudio\wpfui-servoStudio\samples\Wpf.Ui.servoStudio\servoStudio_wjhet5xd_wpftmp.csproj]
C:\UserWorx\VSWorx\ServoStudio\wpfui-servoStudio\samples\Wpf.Ui.servoStudio\Core\Usb\MscUsbBus.cs(93,18): warning IDE0055: 淇鏍煎紡 (https://learn.microsoft.com/dotnet/fundamentals/code-analysis/style-rules/ide0055) [C:\UserWorx\VSWorx\ServoStudio\wpfui-servoStudio\samples\Wpf.Ui.servoStudio\servoStudio_wjhet5xd_wpftmp.csproj]
C:\UserWorx\VSWorx\ServoStudio\wpfui-servoStudio\samples\Wpf.Ui.servoStudio\Core\Usb\MscUsbBus.cs(93,54): warning IDE0055: 淇鏍煎紡 (https://learn.microsoft.com/dotnet/fundamentals/code-analysis/style-rules/ide0055) [C:\UserWorx\VSWorx\ServoStudio\wpfui-servoStudio\samples\Wpf.Ui.servoStudio\servoStudio_wjhet5xd_wpftmp.csproj]
C:\UserWorx\VSWorx\ServoStudio\wpfui-servoStudio\samples\Wpf.Ui.servoStudio\Core\Usb\MscUsbBus.cs(93,56): warning IDE0055: 淇鏍煎紡 (https://learn.microsoft.com/dotnet/fundamentals/code-analysis/style-rules/ide0055) [C:\UserWorx\VSWorx\ServoStudio\wpfui-servoStudio\samples\Wpf.Ui.servoStudio\servoStudio_wjhet5xd_wpftmp.csproj]
C:\UserWorx\VSWorx\ServoStudio\wpfui-servoStudio\samples\Wpf.Ui.servoStudio\Core\Usb\MscUsbBus.cs(94,16): warning IDE0055: 淇鏍煎紡 (https://learn.microsoft.com/dotnet/fundamentals/code-analysis/style-rules/ide0055) [C:\UserWorx\VSWorx\ServoStudio\wpfui-servoStudio\samples\Wpf.Ui.servoStudio\servoStudio_wjhet5xd_wpftmp.csproj]
C:\UserWorx\VSWorx\ServoStudio\wpfui-servoStudio\samples\Wpf.Ui.servoStudio\Core\Usb\MscUsbBus.cs(94,18): warning IDE0055: 淇鏍煎紡 (https://learn.microsoft.com/dotnet/fundamentals/code-analysis/style-rules/ide0055) [C:\UserWorx\VSWorx\ServoStudio\wpfui-servoStudio\samples\Wpf.Ui.servoStudio\servoStudio_wjhet5xd_wpftmp.csproj]
C:\UserWorx\VSWorx\ServoStudio\wpfui-servoStudio\samples\Wpf.Ui.servoStudio\Core\Usb\MscUsbBus.cs(94,38): warning IDE0055: 淇鏍煎紡 (https://learn.microsoft.com/dotnet/fundamentals/code-analysis/style-rules/ide0055) [C:\UserWorx\VSWorx\ServoStudio\wpfui-servoStudio\samples\Wpf.Ui.servoStudio\servoStudio_wjhet5xd_wpftmp.csproj]
C:\UserWorx\VSWorx\ServoStudio\wpfui-servoStudio\samples\Wpf.Ui.servoStudio\Core\Usb\MscUsbBus.cs(94,40): warning IDE0055: 淇鏍煎紡 (https://learn.microsoft.com/dotnet/fundamentals/code-analysis/style-rules/ide0055) [C:\UserWorx\VSWorx\ServoStudio\wpfui-servoStudio\samples\Wpf.Ui.servoStudio\servoStudio_wjhet5xd_wpftmp.csproj]
C:\UserWorx\VSWorx\ServoStudio\wpfui-servoStudio\samples\Wpf.Ui.servoStudio\Core\Usb\MscUsbBus.cs(205,20): warning IDE0055: 淇鏍煎紡 (https://learn.microsoft.com/dotnet/fundamentals/code-analysis/style-rules/ide0055) [C:\UserWorx\VSWorx\ServoStudio\wpfui-servoStudio\samples\Wpf.Ui.servoStudio\servoStudio_wjhet5xd_wpftmp.csproj]
C:\UserWorx\VSWorx\ServoStudio\wpfui-servoStudio\samples\Wpf.Ui.servoStudio\Core\Usb\MscUsbBus.cs(205,22): warning IDE0055: 淇鏍煎紡 (https://learn.microsoft.com/dotnet/fundamentals/code-analysis/style-rules/ide0055) [C:\UserWorx\VSWorx\ServoStudio\wpfui-servoStudio\samples\Wpf.Ui.servoStudio\servoStudio_wjhet5xd_wpftmp.csproj]
C:\UserWorx\VSWorx\ServoStudio\wpfui-servoStudio\samples\Wpf.Ui.servoStudio\Core\Usb\MscUsbBus.cs(205,41): warning IDE0055: 淇鏍煎紡 (https://learn.microsoft.com/dotnet/fundamentals/code-analysis/style-rules/ide0055) [C:\UserWorx\VSWorx\ServoStudio\wpfui-servoStudio\samples\Wpf.Ui.servoStudio\servoStudio_wjhet5xd_wpftmp.csproj]
C:\UserWorx\VSWorx\ServoStudio\wpfui-servoStudio\samples\Wpf.Ui.servoStudio\Core\Usb\MscUsbBus.cs(205,43): warning IDE0055: 淇鏍煎紡 (https://learn.microsoft.com/dotnet/fundamentals/code-analysis/style-rules/ide0055) [C:\UserWorx\VSWorx\ServoStudio\wpfui-servoStudio\samples\Wpf.Ui.servoStudio\servoStudio_wjhet5xd_wpftmp.csproj]
C:\UserWorx\VSWorx\ServoStudio\wpfui-servoStudio\samples\Wpf.Ui.servoStudio\Core\Usb\MscUsbBus.cs(92,80): warning IDE2003: 鍧椾笌鍚庣画璇彞涔嬮棿闇€瑕佹湁绌虹櫧琛?(https://learn.microsoft.com/dotnet/fundamentals/code-analysis/style-rules/ide2003) [C:\UserWorx\VSWorx\ServoStudio\wpfui-servoStudio\samples\Wpf.Ui.servoStudio\servoStudio_wjhet5xd_wpftmp.csproj]
C:\UserWorx\VSWorx\ServoStudio\wpfui-servoStudio\samples\Wpf.Ui.servoStudio\Core\Usb\MscUsbBus.cs(93,78): warning IDE2003: 鍧椾笌鍚庣画璇彞涔嬮棿闇€瑕佹湁绌虹櫧琛?(https://learn.microsoft.com/dotnet/fundamentals/code-analysis/style-rules/ide2003) [C:\UserWorx\VSWorx\ServoStudio\wpfui-servoStudio\samples\Wpf.Ui.servoStudio\servoStudio_wjhet5xd_wpftmp.csproj]
C:\UserWorx\VSWorx\ServoStudio\wpfui-servoStudio\samples\Wpf.Ui.servoStudio\Core\Usb\MscUsbBus.cs(94,62): warning IDE2003: 鍧椾笌鍚庣画璇彞涔嬮棿闇€瑕佹湁绌虹櫧琛?(https://learn.microsoft.com/dotnet/fundamentals/code-analysis/style-rules/ide2003) [C:\UserWorx\VSWorx\ServoStudio\wpfui-servoStudio\samples\Wpf.Ui.servoStudio\servoStudio_wjhet5xd_wpftmp.csproj]
C:\UserWorx\VSWorx\ServoStudio\wpfui-servoStudio\samples\Wpf.Ui.servoStudio\Core\Usb\MscUsbBus.cs(205,65): warning IDE2003: 鍧椾笌鍚庣画璇彞涔嬮棿闇€瑕佹湁绌虹櫧琛?(https://learn.microsoft.com/dotnet/fundamentals/code-analysis/style-rules/ide2003) [C:\UserWorx\VSWorx\ServoStudio\wpfui-servoStudio\samples\Wpf.Ui.servoStudio\servoStudio_wjhet5xd_wpftmp.csproj]
C:\UserWorx\VSWorx\ServoStudio\wpfui-servoStudio\samples\Wpf.Ui.servoStudio\Views\Pages\FactoryPages\FrameFormatEditorPage.xaml.cs(45,22): warning CA1060: 灏?pinvoke 绉诲埌鏈満鏂规硶绫?(https://learn.microsoft.com/dotnet/fundamentals/code-analysis/quality-rules/ca1060) [C:\UserWorx\VSWorx\ServoStudio\wpfui-servoStudio\samples\Wpf.Ui.servoStudio\servoStudio_wjhet5xd_wpftmp.csproj]
C:\UserWorx\VSWorx\ServoStudio\wpfui-servoStudio\samples\Wpf.Ui.servoStudio\Core\Usb\UsbBulkBus.cs(102,16): warning IDE0055: 淇鏍煎紡 (https://learn.microsoft.com/dotnet/fundamentals/code-analysis/style-rules/ide0055) [C:\UserWorx\VSWorx\ServoStudio\wpfui-servoStudio\samples\Wpf.Ui.servoStudio\servoStudio_wjhet5xd_wpftmp.csproj]
C:\UserWorx\VSWorx\ServoStudio\wpfui-servoStudio\samples\Wpf.Ui.servoStudio\Core\Usb\UsbBulkBus.cs(102,18): warning IDE0055: 淇鏍煎紡 (https://learn.microsoft.com/dotnet/fundamentals/code-analysis/style-rules/ide0055) [C:\UserWorx\VSWorx\ServoStudio\wpfui-servoStudio\samples\Wpf.Ui.servoStudio\servoStudio_wjhet5xd_wpftmp.csproj]
C:\UserWorx\VSWorx\ServoStudio\wpfui-servoStudio\samples\Wpf.Ui.servoStudio\Core\Usb\UsbBulkBus.cs(102,60): warning IDE0055: 淇鏍煎紡 (https://learn.microsoft.com/dotnet/fundamentals/code-analysis/style-rules/ide0055) [C:\UserWorx\VSWorx\ServoStudio\wpfui-servoStudio\samples\Wpf.Ui.servoStudio\servoStudio_wjhet5xd_wpftmp.csproj]
C:\UserWorx\VSWorx\ServoStudio\wpfui-servoStudio\samples\Wpf.Ui.servoStudio\Core\Usb\UsbBulkBus.cs(102,62): warning IDE0055: 淇鏍煎紡 (https://learn.microsoft.com/dotnet/fundamentals/code-analysis/style-rules/ide0055) [C:\UserWorx\VSWorx\ServoStudio\wpfui-servoStudio\samples\Wpf.Ui.servoStudio\servoStudio_wjhet5xd_wpftmp.csproj]
C:\UserWorx\VSWorx\ServoStudio\wpfui-servoStudio\samples\Wpf.Ui.servoStudio\Core\Usb\UsbBulkBus.cs(108,16): warning IDE0055: 淇鏍煎紡 (https://learn.microsoft.com/dotnet/fundamentals/code-analysis/style-rules/ide0055) [C:\UserWorx\VSWorx\ServoStudio\wpfui-servoStudio\samples\Wpf.Ui.servoStudio\servoStudio_wjhet5xd_wpftmp.csproj]
C:\UserWorx\VSWorx\ServoStudio\wpfui-servoStudio\samples\Wpf.Ui.servoStudio\Core\Usb\UsbBulkBus.cs(108,18): warning IDE0055: 淇鏍煎紡 (https://learn.microsoft.com/dotnet/fundamentals/code-analysis/style-rules/ide0055) [C:\UserWorx\VSWorx\ServoStudio\wpfui-servoStudio\samples\Wpf.Ui.servoStudio\servoStudio_wjhet5xd_wpftmp.csproj]
C:\UserWorx\VSWorx\ServoStudio\wpfui-servoStudio\samples\Wpf.Ui.servoStudio\Core\Usb\UsbBulkBus.cs(108,43): warning IDE0055: 淇鏍煎紡 (https://learn.microsoft.com/dotnet/fundamentals/code-analysis/style-rules/ide0055) [C:\UserWorx\VSWorx\ServoStudio\wpfui-servoStudio\samples\Wpf.Ui.servoStudio\servoStudio_wjhet5xd_wpftmp.csproj]
C:\UserWorx\VSWorx\ServoStudio\wpfui-servoStudio\samples\Wpf.Ui.servoStudio\Core\Usb\UsbBulkBus.cs(108,45): warning IDE0055: 淇鏍煎紡 (https://learn.microsoft.com/dotnet/fundamentals/code-analysis/style-rules/ide0055) [C:\UserWorx\VSWorx\ServoStudio\wpfui-servoStudio\samples\Wpf.Ui.servoStudio\servoStudio_wjhet5xd_wpftmp.csproj]
C:\UserWorx\VSWorx\ServoStudio\wpfui-servoStudio\samples\Wpf.Ui.servoStudio\Core\Usb\UsbBulkBus.cs(102,84): warning IDE2003: 鍧椾笌鍚庣画璇彞涔嬮棿闇€瑕佹湁绌虹櫧琛?(https://learn.microsoft.com/dotnet/fundamentals/code-analysis/style-rules/ide2003) [C:\UserWorx\VSWorx\ServoStudio\wpfui-servoStudio\samples\Wpf.Ui.servoStudio\servoStudio_wjhet5xd_wpftmp.csproj]
C:\UserWorx\VSWorx\ServoStudio\wpfui-servoStudio\samples\Wpf.Ui.servoStudio\Core\Usb\UsbBulkBus.cs(108,67): warning IDE2003: 鍧椾笌鍚庣画璇彞涔嬮棿闇€瑕佹湁绌虹櫧琛?(https://learn.microsoft.com/dotnet/fundamentals/code-analysis/style-rules/ide2003) [C:\UserWorx\VSWorx\ServoStudio\wpfui-servoStudio\samples\Wpf.Ui.servoStudio\servoStudio_wjhet5xd_wpftmp.csproj]
C:\UserWorx\VSWorx\ServoStudio\wpfui-servoStudio\samples\Wpf.Ui.servoStudio\Core\Usb\UsbDeviceDescriptor.cs(17,27): warning IDE0055: 淇鏍煎紡 (https://learn.microsoft.com/dotnet/fundamentals/code-analysis/style-rules/ide0055) [C:\UserWorx\VSWorx\ServoStudio\wpfui-servoStudio\samples\Wpf.Ui.servoStudio\servoStudio_wjhet5xd_wpftmp.csproj]
C:\UserWorx\VSWorx\ServoStudio\wpfui-servoStudio\samples\Wpf.Ui.servoStudio\Core\Usb\UsbDeviceDescriptor.cs(17,29): warning IDE0055: 淇鏍煎紡 (https://learn.microsoft.com/dotnet/fundamentals/code-analysis/style-rules/ide0055) [C:\UserWorx\VSWorx\ServoStudio\wpfui-servoStudio\samples\Wpf.Ui.servoStudio\servoStudio_wjhet5xd_wpftmp.csproj]
C:\UserWorx\VSWorx\ServoStudio\wpfui-servoStudio\samples\Wpf.Ui.servoStudio\Core\Usb\UsbDeviceDescriptor.cs(17,40): warning IDE0055: 淇鏍煎紡 (https://learn.microsoft.com/dotnet/fundamentals/code-analysis/style-rules/ide0055) [C:\UserWorx\VSWorx\ServoStudio\wpfui-servoStudio\samples\Wpf.Ui.servoStudio\servoStudio_wjhet5xd_wpftmp.csproj]
C:\UserWorx\VSWorx\ServoStudio\wpfui-servoStudio\samples\Wpf.Ui.servoStudio\Core\Usb\UsbDeviceDescriptor.cs(19,28): warning IDE0055: 淇鏍煎紡 (https://learn.microsoft.com/dotnet/fundamentals/code-analysis/style-rules/ide0055) [C:\UserWorx\VSWorx\ServoStudio\wpfui-servoStudio\samples\Wpf.Ui.servoStudio\servoStudio_wjhet5xd_wpftmp.csproj]
C:\UserWorx\VSWorx\ServoStudio\wpfui-servoStudio\samples\Wpf.Ui.servoStudio\Core\Usb\UsbDeviceDescriptor.cs(19,30): warning IDE0055: 淇鏍煎紡 (https://learn.microsoft.com/dotnet/fundamentals/code-analysis/style-rules/ide0055) [C:\UserWorx\VSWorx\ServoStudio\wpfui-servoStudio\samples\Wpf.Ui.servoStudio\servoStudio_wjhet5xd_wpftmp.csproj]
C:\UserWorx\VSWorx\ServoStudio\wpfui-servoStudio\samples\Wpf.Ui.servoStudio\Core\Usb\UsbDeviceDescriptor.cs(19,41): warning IDE0055: 淇鏍煎紡 (https://learn.microsoft.com/dotnet/fundamentals/code-analysis/style-rules/ide0055) [C:\UserWorx\VSWorx\ServoStudio\wpfui-servoStudio\samples\Wpf.Ui.servoStudio\servoStudio_wjhet5xd_wpftmp.csproj]
C:\UserWorx\VSWorx\ServoStudio\wpfui-servoStudio\samples\Wpf.Ui.servoStudio\Core\Usb\UsbDeviceEnumerator.cs(34,67): warning IDE0055: 淇鏍煎紡 (https://learn.microsoft.com/dotnet/fundamentals/code-analysis/style-rules/ide0055) [C:\UserWorx\VSWorx\ServoStudio\wpfui-servoStudio\samples\Wpf.Ui.servoStudio\servoStudio_wjhet5xd_wpftmp.csproj]
C:\UserWorx\VSWorx\ServoStudio\wpfui-servoStudio\samples\Wpf.Ui.servoStudio\Core\Usb\UsbDeviceEnumerator.cs(34,69): warning IDE0055: 淇鏍煎紡 (https://learn.microsoft.com/dotnet/fundamentals/code-analysis/style-rules/ide0055) [C:\UserWorx\VSWorx\ServoStudio\wpfui-servoStudio\samples\Wpf.Ui.servoStudio\servoStudio_wjhet5xd_wpftmp.csproj]
C:\UserWorx\VSWorx\ServoStudio\wpfui-servoStudio\samples\Wpf.Ui.servoStudio\Core\Usb\UsbDeviceEnumerator.cs(34,79): warning IDE0055: 淇鏍煎紡 (https://learn.microsoft.com/dotnet/fundamentals/code-analysis/style-rules/ide0055) [C:\UserWorx\VSWorx\ServoStudio\wpfui-servoStudio\samples\Wpf.Ui.servoStudio\servoStudio_wjhet5xd_wpftmp.csproj]
C:\UserWorx\VSWorx\ServoStudio\wpfui-servoStudio\samples\Wpf.Ui.servoStudio\Core\Usb\UsbDeviceEnumerator.cs(166,13): warning IDE2003: 鍧椾笌鍚庣画璇彞涔嬮棿闇€瑕佹湁绌虹櫧琛?(https://learn.microsoft.com/dotnet/fundamentals/code-analysis/style-rules/ide2003) [C:\UserWorx\VSWorx\ServoStudio\wpfui-servoStudio\samples\Wpf.Ui.servoStudio\servoStudio_wjhet5xd_wpftmp.csproj]
C:\UserWorx\VSWorx\ServoStudio\wpfui-servoStudio\samples\Wpf.Ui.servoStudio\Core\Usb\UsbMaster.cs(49,32): warning IDE0055: 淇鏍煎紡 (https://learn.microsoft.com/dotnet/fundamentals/code-analysis/style-rules/ide0055) [C:\UserWorx\VSWorx\ServoStudio\wpfui-servoStudio\samples\Wpf.Ui.servoStudio\servoStudio_wjhet5xd_wpftmp.csproj]
C:\UserWorx\VSWorx\ServoStudio\wpfui-servoStudio\samples\Wpf.Ui.servoStudio\Core\Usb\UsbMaster.cs(49,34): warning IDE0055: 淇鏍煎紡 (https://learn.microsoft.com/dotnet/fundamentals/code-analysis/style-rules/ide0055) [C:\UserWorx\VSWorx\ServoStudio\wpfui-servoStudio\samples\Wpf.Ui.servoStudio\servoStudio_wjhet5xd_wpftmp.csproj]
C:\UserWorx\VSWorx\ServoStudio\wpfui-servoStudio\samples\Wpf.Ui.servoStudio\Core\Usb\UsbMaster.cs(49,52): warning IDE0055: 淇鏍煎紡 (https://learn.microsoft.com/dotnet/fundamentals/code-analysis/style-rules/ide0055) [C:\UserWorx\VSWorx\ServoStudio\wpfui-servoStudio\samples\Wpf.Ui.servoStudio\servoStudio_wjhet5xd_wpftmp.csproj]
C:\UserWorx\VSWorx\ServoStudio\wpfui-servoStudio\samples\Wpf.Ui.servoStudio\Core\Usb\UsbMaster.cs(52,44): warning IDE0055: 淇鏍煎紡 (https://learn.microsoft.com/dotnet/fundamentals/code-analysis/style-rules/ide0055) [C:\UserWorx\VSWorx\ServoStudio\wpfui-servoStudio\samples\Wpf.Ui.servoStudio\servoStudio_wjhet5xd_wpftmp.csproj]
C:\UserWorx\VSWorx\ServoStudio\wpfui-servoStudio\samples\Wpf.Ui.servoStudio\Core\Usb\UsbMaster.cs(52,46): warning IDE0055: 淇鏍煎紡 (https://learn.microsoft.com/dotnet/fundamentals/code-analysis/style-rules/ide0055) [C:\UserWorx\VSWorx\ServoStudio\wpfui-servoStudio\samples\Wpf.Ui.servoStudio\servoStudio_wjhet5xd_wpftmp.csproj]
C:\UserWorx\VSWorx\ServoStudio\wpfui-servoStudio\samples\Wpf.Ui.servoStudio\Core\Usb\UsbMaster.cs(52,64): warning IDE0055: 淇鏍煎紡 (https://learn.microsoft.com/dotnet/fundamentals/code-analysis/style-rules/ide0055) [C:\UserWorx\VSWorx\ServoStudio\wpfui-servoStudio\samples\Wpf.Ui.servoStudio\servoStudio_wjhet5xd_wpftmp.csproj]
C:\UserWorx\VSWorx\ServoStudio\wpfui-servoStudio\samples\Wpf.Ui.servoStudio\Core\Usb\UsbMaster.cs(106,12): warning IDE0055: 淇鏍煎紡 (https://learn.microsoft.com/dotnet/fundamentals/code-analysis/style-rules/ide0055) [C:\UserWorx\VSWorx\ServoStudio\wpfui-servoStudio\samples\Wpf.Ui.servoStudio\servoStudio_wjhet5xd_wpftmp.csproj]
C:\UserWorx\VSWorx\ServoStudio\wpfui-servoStudio\samples\Wpf.Ui.servoStudio\Core\Usb\UsbMaster.cs(106,14): warning IDE0055: 淇鏍煎紡 (https://learn.microsoft.com/dotnet/fundamentals/code-analysis/style-rules/ide0055) [C:\UserWorx\VSWorx\ServoStudio\wpfui-servoStudio\samples\Wpf.Ui.servoStudio\servoStudio_wjhet5xd_wpftmp.csproj]
C:\UserWorx\VSWorx\ServoStudio\wpfui-servoStudio\samples\Wpf.Ui.servoStudio\Core\Usb\UsbMaster.cs(106,30): warning IDE0055: 淇鏍煎紡 (https://learn.microsoft.com/dotnet/fundamentals/code-analysis/style-rules/ide0055) [C:\UserWorx\VSWorx\ServoStudio\wpfui-servoStudio\samples\Wpf.Ui.servoStudio\servoStudio_wjhet5xd_wpftmp.csproj]
C:\UserWorx\VSWorx\ServoStudio\wpfui-servoStudio\samples\Wpf.Ui.servoStudio\Core\Usb\UsbMaster.cs(106,32): warning IDE0055: 淇鏍煎紡 (https://learn.microsoft.com/dotnet/fundamentals/code-analysis/style-rules/ide0055) [C:\UserWorx\VSWorx\ServoStudio\wpfui-servoStudio\samples\Wpf.Ui.servoStudio\servoStudio_wjhet5xd_wpftmp.csproj]
C:\UserWorx\VSWorx\ServoStudio\wpfui-servoStudio\samples\Wpf.Ui.servoStudio\Core\Usb\UsbMaster.cs(149,12): warning IDE0055: 淇鏍煎紡 (https://learn.microsoft.com/dotnet/fundamentals/code-analysis/style-rules/ide0055) [C:\UserWorx\VSWorx\ServoStudio\wpfui-servoStudio\samples\Wpf.Ui.servoStudio\servoStudio_wjhet5xd_wpftmp.csproj]
C:\UserWorx\VSWorx\ServoStudio\wpfui-servoStudio\samples\Wpf.Ui.servoStudio\Core\Usb\UsbMaster.cs(149,14): warning IDE0055: 淇鏍煎紡 (https://learn.microsoft.com/dotnet/fundamentals/code-analysis/style-rules/ide0055) [C:\UserWorx\VSWorx\ServoStudio\wpfui-servoStudio\samples\Wpf.Ui.servoStudio\servoStudio_wjhet5xd_wpftmp.csproj]
C:\UserWorx\VSWorx\ServoStudio\wpfui-servoStudio\samples\Wpf.Ui.servoStudio\Core\Usb\UsbMaster.cs(149,32): warning IDE0055: 淇鏍煎紡 (https://learn.microsoft.com/dotnet/fundamentals/code-analysis/style-rules/ide0055) [C:\UserWorx\VSWorx\ServoStudio\wpfui-servoStudio\samples\Wpf.Ui.servoStudio\servoStudio_wjhet5xd_wpftmp.csproj]
C:\UserWorx\VSWorx\ServoStudio\wpfui-servoStudio\samples\Wpf.Ui.servoStudio\Core\Usb\UsbMaster.cs(149,34): warning IDE0055: 淇鏍煎紡 (https://learn.microsoft.com/dotnet/fundamentals/code-analysis/style-rules/ide0055) [C:\UserWorx\VSWorx\ServoStudio\wpfui-servoStudio\samples\Wpf.Ui.servoStudio\servoStudio_wjhet5xd_wpftmp.csproj]
C:\UserWorx\VSWorx\ServoStudio\wpfui-servoStudio\samples\Wpf.Ui.servoStudio\Core\Usb\UsbMaster.cs(150,12): warning IDE0055: 淇鏍煎紡 (https://learn.microsoft.com/dotnet/fundamentals/code-analysis/style-rules/ide0055) [C:\UserWorx\VSWorx\ServoStudio\wpfui-servoStudio\samples\Wpf.Ui.servoStudio\servoStudio_wjhet5xd_wpftmp.csproj]
C:\UserWorx\VSWorx\ServoStudio\wpfui-servoStudio\samples\Wpf.Ui.servoStudio\Core\Usb\UsbMaster.cs(150,14): warning IDE0055: 淇鏍煎紡 (https://learn.microsoft.com/dotnet/fundamentals/code-analysis/style-rules/ide0055) [C:\UserWorx\VSWorx\ServoStudio\wpfui-servoStudio\samples\Wpf.Ui.servoStudio\servoStudio_wjhet5xd_wpftmp.csproj]
C:\UserWorx\VSWorx\ServoStudio\wpfui-servoStudio\samples\Wpf.Ui.servoStudio\Core\Usb\UsbMaster.cs(150,36): warning IDE0055: 淇鏍煎紡 (https://learn.microsoft.com/dotnet/fundamentals/code-analysis/style-rules/ide0055) [C:\UserWorx\VSWorx\ServoStudio\wpfui-servoStudio\samples\Wpf.Ui.servoStudio\servoStudio_wjhet5xd_wpftmp.csproj]
C:\UserWorx\VSWorx\ServoStudio\wpfui-servoStudio\samples\Wpf.Ui.servoStudio\Core\Usb\UsbMaster.cs(150,38): warning IDE0055: 淇鏍煎紡 (https://learn.microsoft.com/dotnet/fundamentals/code-analysis/style-rules/ide0055) [C:\UserWorx\VSWorx\ServoStudio\wpfui-servoStudio\samples\Wpf.Ui.servoStudio\servoStudio_wjhet5xd_wpftmp.csproj]
C:\UserWorx\VSWorx\ServoStudio\wpfui-servoStudio\samples\Wpf.Ui.servoStudio\Core\Usb\UsbMaster.cs(154,12): warning IDE0055: 淇鏍煎紡 (https://learn.microsoft.com/dotnet/fundamentals/code-analysis/style-rules/ide0055) [C:\UserWorx\VSWorx\ServoStudio\wpfui-servoStudio\samples\Wpf.Ui.servoStudio\servoStudio_wjhet5xd_wpftmp.csproj]
C:\UserWorx\VSWorx\ServoStudio\wpfui-servoStudio\samples\Wpf.Ui.servoStudio\Core\Usb\UsbMaster.cs(154,14): warning IDE0055: 淇鏍煎紡 (https://learn.microsoft.com/dotnet/fundamentals/code-analysis/style-rules/ide0055) [C:\UserWorx\VSWorx\ServoStudio\wpfui-servoStudio\samples\Wpf.Ui.servoStudio\servoStudio_wjhet5xd_wpftmp.csproj]
C:\UserWorx\VSWorx\ServoStudio\wpfui-servoStudio\samples\Wpf.Ui.servoStudio\Core\Usb\UsbMaster.cs(154,28): warning IDE0055: 淇鏍煎紡 (https://learn.microsoft.com/dotnet/fundamentals/code-analysis/style-rules/ide0055) [C:\UserWorx\VSWorx\ServoStudio\wpfui-servoStudio\samples\Wpf.Ui.servoStudio\servoStudio_wjhet5xd_wpftmp.csproj]
C:\UserWorx\VSWorx\ServoStudio\wpfui-servoStudio\samples\Wpf.Ui.servoStudio\Core\Usb\UsbMaster.cs(154,30): warning IDE0055: 淇鏍煎紡 (https://learn.microsoft.com/dotnet/fundamentals/code-analysis/style-rules/ide0055) [C:\UserWorx\VSWorx\ServoStudio\wpfui-servoStudio\samples\Wpf.Ui.servoStudio\servoStudio_wjhet5xd_wpftmp.csproj]
C:\UserWorx\VSWorx\ServoStudio\wpfui-servoStudio\samples\Wpf.Ui.servoStudio\Core\Usb\UsbMaster.cs(178,20): warning IDE0055: 淇鏍煎紡 (https://learn.microsoft.com/dotnet/fundamentals/code-analysis/style-rules/ide0055) [C:\UserWorx\VSWorx\ServoStudio\wpfui-servoStudio\samples\Wpf.Ui.servoStudio\servoStudio_wjhet5xd_wpftmp.csproj]
C:\UserWorx\VSWorx\ServoStudio\wpfui-servoStudio\samples\Wpf.Ui.servoStudio\Core\Usb\UsbMaster.cs(178,22): warning IDE0055: 淇鏍煎紡 (https://learn.microsoft.com/dotnet/fundamentals/code-analysis/style-rules/ide0055) [C:\UserWorx\VSWorx\ServoStudio\wpfui-servoStudio\samples\Wpf.Ui.servoStudio\servoStudio_wjhet5xd_wpftmp.csproj]
C:\UserWorx\VSWorx\ServoStudio\wpfui-servoStudio\samples\Wpf.Ui.servoStudio\Core\Usb\UsbMaster.cs(178,47): warning IDE0055: 淇鏍煎紡 (https://learn.microsoft.com/dotnet/fundamentals/code-analysis/style-rules/ide0055) [C:\UserWorx\VSWorx\ServoStudio\wpfui-servoStudio\samples\Wpf.Ui.servoStudio\servoStudio_wjhet5xd_wpftmp.csproj]
C:\UserWorx\VSWorx\ServoStudio\wpfui-servoStudio\samples\Wpf.Ui.servoStudio\Core\Usb\UsbMaster.cs(178,49): warning IDE0055: 淇鏍煎紡 (https://learn.microsoft.com/dotnet/fundamentals/code-analysis/style-rules/ide0055) [C:\UserWorx\VSWorx\ServoStudio\wpfui-servoStudio\samples\Wpf.Ui.servoStudio\servoStudio_wjhet5xd_wpftmp.csproj]
C:\UserWorx\VSWorx\ServoStudio\wpfui-servoStudio\samples\Wpf.Ui.servoStudio\Core\Usb\UsbMaster.cs(219,20): warning IDE0055: 淇鏍煎紡 (https://learn.microsoft.com/dotnet/fundamentals/code-analysis/style-rules/ide0055) [C:\UserWorx\VSWorx\ServoStudio\wpfui-servoStudio\samples\Wpf.Ui.servoStudio\servoStudio_wjhet5xd_wpftmp.csproj]
C:\UserWorx\VSWorx\ServoStudio\wpfui-servoStudio\samples\Wpf.Ui.servoStudio\Core\Usb\UsbMaster.cs(219,22): warning IDE0055: 淇鏍煎紡 (https://learn.microsoft.com/dotnet/fundamentals/code-analysis/style-rules/ide0055) [C:\UserWorx\VSWorx\ServoStudio\wpfui-servoStudio\samples\Wpf.Ui.servoStudio\servoStudio_wjhet5xd_wpftmp.csproj]
C:\UserWorx\VSWorx\ServoStudio\wpfui-servoStudio\samples\Wpf.Ui.servoStudio\Core\Usb\UsbMaster.cs(219,48): warning IDE0055: 淇鏍煎紡 (https://learn.microsoft.com/dotnet/fundamentals/code-analysis/style-rules/ide0055) [C:\UserWorx\VSWorx\ServoStudio\wpfui-servoStudio\samples\Wpf.Ui.servoStudio\servoStudio_wjhet5xd_wpftmp.csproj]
C:\UserWorx\VSWorx\ServoStudio\wpfui-servoStudio\samples\Wpf.Ui.servoStudio\Core\Usb\UsbMaster.cs(219,50): warning IDE0055: 淇鏍煎紡 (https://learn.microsoft.com/dotnet/fundamentals/code-analysis/style-rules/ide0055) [C:\UserWorx\VSWorx\ServoStudio\wpfui-servoStudio\samples\Wpf.Ui.servoStudio\servoStudio_wjhet5xd_wpftmp.csproj]
C:\UserWorx\VSWorx\ServoStudio\wpfui-servoStudio\samples\Wpf.Ui.servoStudio\Core\Usb\UsbMaster.cs(232,12): warning IDE0055: 淇鏍煎紡 (https://learn.microsoft.com/dotnet/fundamentals/code-analysis/style-rules/ide0055) [C:\UserWorx\VSWorx\ServoStudio\wpfui-servoStudio\samples\Wpf.Ui.servoStudio\servoStudio_wjhet5xd_wpftmp.csproj]
C:\UserWorx\VSWorx\ServoStudio\wpfui-servoStudio\samples\Wpf.Ui.servoStudio\Core\Usb\UsbMaster.cs(232,14): warning IDE0055: 淇鏍煎紡 (https://learn.microsoft.com/dotnet/fundamentals/code-analysis/style-rules/ide0055) [C:\UserWorx\VSWorx\ServoStudio\wpfui-servoStudio\samples\Wpf.Ui.servoStudio\servoStudio_wjhet5xd_wpftmp.csproj]
C:\UserWorx\VSWorx\ServoStudio\wpfui-servoStudio\samples\Wpf.Ui.servoStudio\Core\Usb\UsbMaster.cs(232,46): warning IDE0055: 淇鏍煎紡 (https://learn.microsoft.com/dotnet/fundamentals/code-analysis/style-rules/ide0055) [C:\UserWorx\VSWorx\ServoStudio\wpfui-servoStudio\samples\Wpf.Ui.servoStudio\servoStudio_wjhet5xd_wpftmp.csproj]
C:\UserWorx\VSWorx\ServoStudio\wpfui-servoStudio\samples\Wpf.Ui.servoStudio\Core\Usb\UsbMaster.cs(232,48): warning IDE0055: 淇鏍煎紡 (https://learn.microsoft.com/dotnet/fundamentals/code-analysis/style-rules/ide0055) [C:\UserWorx\VSWorx\ServoStudio\wpfui-servoStudio\samples\Wpf.Ui.servoStudio\servoStudio_wjhet5xd_wpftmp.csproj]
C:\UserWorx\VSWorx\ServoStudio\wpfui-servoStudio\samples\Wpf.Ui.servoStudio\Core\Usb\UsbMaster.cs(254,12): warning IDE0055: 淇鏍煎紡 (https://learn.microsoft.com/dotnet/fundamentals/code-analysis/style-rules/ide0055) [C:\UserWorx\VSWorx\ServoStudio\wpfui-servoStudio\samples\Wpf.Ui.servoStudio\servoStudio_wjhet5xd_wpftmp.csproj]
C:\UserWorx\VSWorx\ServoStudio\wpfui-servoStudio\samples\Wpf.Ui.servoStudio\Core\Usb\UsbMaster.cs(254,14): warning IDE0055: 淇鏍煎紡 (https://learn.microsoft.com/dotnet/fundamentals/code-analysis/style-rules/ide0055) [C:\UserWorx\VSWorx\ServoStudio\wpfui-servoStudio\samples\Wpf.Ui.servoStudio\servoStudio_wjhet5xd_wpftmp.csproj]
C:\UserWorx\VSWorx\ServoStudio\wpfui-servoStudio\samples\Wpf.Ui.servoStudio\Core\Usb\UsbMaster.cs(254,30): warning IDE0055: 淇鏍煎紡 (https://learn.microsoft.com/dotnet/fundamentals/code-analysis/style-rules/ide0055) [C:\UserWorx\VSWorx\ServoStudio\wpfui-servoStudio\samples\Wpf.Ui.servoStudio\servoStudio_wjhet5xd_wpftmp.csproj]
C:\UserWorx\VSWorx\ServoStudio\wpfui-servoStudio\samples\Wpf.Ui.servoStudio\Core\Usb\UsbMaster.cs(254,32): warning IDE0055: 淇鏍煎紡 (https://learn.microsoft.com/dotnet/fundamentals/code-analysis/style-rules/ide0055) [C:\UserWorx\VSWorx\ServoStudio\wpfui-servoStudio\samples\Wpf.Ui.servoStudio\servoStudio_wjhet5xd_wpftmp.csproj]
C:\UserWorx\VSWorx\ServoStudio\wpfui-servoStudio\samples\Wpf.Ui.servoStudio\Core\Usb\UsbMaster.cs(106,54): warning IDE2003: 鍧椾笌鍚庣画璇彞涔嬮棿闇€瑕佹湁绌虹櫧琛?(https://learn.microsoft.com/dotnet/fundamentals/code-analysis/style-rules/ide2003) [C:\UserWorx\VSWorx\ServoStudio\wpfui-servoStudio\samples\Wpf.Ui.servoStudio\servoStudio_wjhet5xd_wpftmp.csproj]
C:\UserWorx\VSWorx\ServoStudio\wpfui-servoStudio\samples\Wpf.Ui.servoStudio\Core\Usb\UsbMaster.cs(149,56): warning IDE2003: 鍧椾笌鍚庣画璇彞涔嬮棿闇€瑕佹湁绌虹櫧琛?(https://learn.microsoft.com/dotnet/fundamentals/code-analysis/style-rules/ide2003) [C:\UserWorx\VSWorx\ServoStudio\wpfui-servoStudio\samples\Wpf.Ui.servoStudio\servoStudio_wjhet5xd_wpftmp.csproj]
C:\UserWorx\VSWorx\ServoStudio\wpfui-servoStudio\samples\Wpf.Ui.servoStudio\Core\Usb\UsbMaster.cs(150,60): warning IDE2003: 鍧椾笌鍚庣画璇彞涔嬮棿闇€瑕佹湁绌虹櫧琛?(https://learn.microsoft.com/dotnet/fundamentals/code-analysis/style-rules/ide2003) [C:\UserWorx\VSWorx\ServoStudio\wpfui-servoStudio\samples\Wpf.Ui.servoStudio\servoStudio_wjhet5xd_wpftmp.csproj]
C:\UserWorx\VSWorx\ServoStudio\wpfui-servoStudio\samples\Wpf.Ui.servoStudio\Core\Usb\UsbMaster.cs(254,54): warning IDE2003: 鍧椾笌鍚庣画璇彞涔嬮棿闇€瑕佹湁绌虹櫧琛?(https://learn.microsoft.com/dotnet/fundamentals/code-analysis/style-rules/ide2003) [C:\UserWorx\VSWorx\ServoStudio\wpfui-servoStudio\samples\Wpf.Ui.servoStudio\servoStudio_wjhet5xd_wpftmp.csproj]
C:\UserWorx\VSWorx\ServoStudio\wpfui-servoStudio\samples\Wpf.Ui.servoStudio\Core\Usb\UsbPacket.cs(23,30): warning IDE0055: 淇鏍煎紡 (https://learn.microsoft.com/dotnet/fundamentals/code-analysis/style-rules/ide0055) [C:\UserWorx\VSWorx\ServoStudio\wpfui-servoStudio\samples\Wpf.Ui.servoStudio\servoStudio_wjhet5xd_wpftmp.csproj]
C:\UserWorx\VSWorx\ServoStudio\wpfui-servoStudio\samples\Wpf.Ui.servoStudio\Core\Usb\UsbPacket.cs(23,32): warning IDE0055: 淇鏍煎紡 (https://learn.microsoft.com/dotnet/fundamentals/code-analysis/style-rules/ide0055) [C:\UserWorx\VSWorx\ServoStudio\wpfui-servoStudio\samples\Wpf.Ui.servoStudio\servoStudio_wjhet5xd_wpftmp.csproj]
C:\UserWorx\VSWorx\ServoStudio\wpfui-servoStudio\samples\Wpf.Ui.servoStudio\Core\Usb\UsbPacket.cs(23,37): warning IDE0055: 淇鏍煎紡 (https://learn.microsoft.com/dotnet/fundamentals/code-analysis/style-rules/ide0055) [C:\UserWorx\VSWorx\ServoStudio\wpfui-servoStudio\samples\Wpf.Ui.servoStudio\servoStudio_wjhet5xd_wpftmp.csproj]
C:\UserWorx\VSWorx\ServoStudio\wpfui-servoStudio\samples\Wpf.Ui.servoStudio\Core\Usb\UsbPacket.cs(26,27): warning IDE0055: 淇鏍煎紡 (https://learn.microsoft.com/dotnet/fundamentals/code-analysis/style-rules/ide0055) [C:\UserWorx\VSWorx\ServoStudio\wpfui-servoStudio\samples\Wpf.Ui.servoStudio\servoStudio_wjhet5xd_wpftmp.csproj]
C:\UserWorx\VSWorx\ServoStudio\wpfui-servoStudio\samples\Wpf.Ui.servoStudio\Core\Usb\UsbPacket.cs(26,29): warning IDE0055: 淇鏍煎紡 (https://learn.microsoft.com/dotnet/fundamentals/code-analysis/style-rules/ide0055) [C:\UserWorx\VSWorx\ServoStudio\wpfui-servoStudio\samples\Wpf.Ui.servoStudio\servoStudio_wjhet5xd_wpftmp.csproj]
C:\UserWorx\VSWorx\ServoStudio\wpfui-servoStudio\samples\Wpf.Ui.servoStudio\Core\Usb\UsbPacket.cs(26,34): warning IDE0055: 淇鏍煎紡 (https://learn.microsoft.com/dotnet/fundamentals/code-analysis/style-rules/ide0055) [C:\UserWorx\VSWorx\ServoStudio\wpfui-servoStudio\samples\Wpf.Ui.servoStudio\servoStudio_wjhet5xd_wpftmp.csproj]
C:\UserWorx\VSWorx\ServoStudio\wpfui-servoStudio\samples\Wpf.Ui.servoStudio\Core\Usb\UsbPacket.cs(29,34): warning IDE0055: 淇鏍煎紡 (https://learn.microsoft.com/dotnet/fundamentals/code-analysis/style-rules/ide0055) [C:\UserWorx\VSWorx\ServoStudio\wpfui-servoStudio\samples\Wpf.Ui.servoStudio\servoStudio_wjhet5xd_wpftmp.csproj]
C:\UserWorx\VSWorx\ServoStudio\wpfui-servoStudio\samples\Wpf.Ui.servoStudio\Core\Usb\UsbPacket.cs(29,36): warning IDE0055: 淇鏍煎紡 (https://learn.microsoft.com/dotnet/fundamentals/code-analysis/style-rules/ide0055) [C:\UserWorx\VSWorx\ServoStudio\wpfui-servoStudio\samples\Wpf.Ui.servoStudio\servoStudio_wjhet5xd_wpftmp.csproj]
C:\UserWorx\VSWorx\ServoStudio\wpfui-servoStudio\samples\Wpf.Ui.servoStudio\Core\Usb\UsbPacket.cs(29,41): warning IDE0055: 淇鏍煎紡 (https://learn.microsoft.com/dotnet/fundamentals/code-analysis/style-rules/ide0055) [C:\UserWorx\VSWorx\ServoStudio\wpfui-servoStudio\samples\Wpf.Ui.servoStudio\servoStudio_wjhet5xd_wpftmp.csproj]
C:\UserWorx\VSWorx\ServoStudio\wpfui-servoStudio\samples\Wpf.Ui.servoStudio\Core\Usb\UsbPacket.cs(32,26): warning IDE0055: 淇鏍煎紡 (https://learn.microsoft.com/dotnet/fundamentals/code-analysis/style-rules/ide0055) [C:\UserWorx\VSWorx\ServoStudio\wpfui-servoStudio\samples\Wpf.Ui.servoStudio\servoStudio_wjhet5xd_wpftmp.csproj]
C:\UserWorx\VSWorx\ServoStudio\wpfui-servoStudio\samples\Wpf.Ui.servoStudio\Core\Usb\UsbPacket.cs(32,28): warning IDE0055: 淇鏍煎紡 (https://learn.microsoft.com/dotnet/fundamentals/code-analysis/style-rules/ide0055) [C:\UserWorx\VSWorx\ServoStudio\wpfui-servoStudio\samples\Wpf.Ui.servoStudio\servoStudio_wjhet5xd_wpftmp.csproj]
C:\UserWorx\VSWorx\ServoStudio\wpfui-servoStudio\samples\Wpf.Ui.servoStudio\Core\Usb\UsbPacket.cs(32,33): warning IDE0055: 淇鏍煎紡 (https://learn.microsoft.com/dotnet/fundamentals/code-analysis/style-rules/ide0055) [C:\UserWorx\VSWorx\ServoStudio\wpfui-servoStudio\samples\Wpf.Ui.servoStudio\servoStudio_wjhet5xd_wpftmp.csproj]
C:\UserWorx\VSWorx\ServoStudio\wpfui-servoStudio\samples\Wpf.Ui.servoStudio\Core\Usb\VirtualUsbBus.cs(25,23): warning IDE0055: 淇鏍煎紡 (https://learn.microsoft.com/dotnet/fundamentals/code-analysis/style-rules/ide0055) [C:\UserWorx\VSWorx\ServoStudio\wpfui-servoStudio\samples\Wpf.Ui.servoStudio\servoStudio_wjhet5xd_wpftmp.csproj]
C:\UserWorx\VSWorx\ServoStudio\wpfui-servoStudio\samples\Wpf.Ui.servoStudio\Core\Usb\VirtualUsbBus.cs(25,25): warning IDE0055: 淇鏍煎紡 (https://learn.microsoft.com/dotnet/fundamentals/code-analysis/style-rules/ide0055) [C:\UserWorx\VSWorx\ServoStudio\wpfui-servoStudio\samples\Wpf.Ui.servoStudio\servoStudio_wjhet5xd_wpftmp.csproj]
C:\UserWorx\VSWorx\ServoStudio\wpfui-servoStudio\samples\Wpf.Ui.servoStudio\Core\Usb\VirtualUsbBus.cs(25,43): warning IDE0055: 淇鏍煎紡 (https://learn.microsoft.com/dotnet/fundamentals/code-analysis/style-rules/ide0055) [C:\UserWorx\VSWorx\ServoStudio\wpfui-servoStudio\samples\Wpf.Ui.servoStudio\servoStudio_wjhet5xd_wpftmp.csproj]
C:\UserWorx\VSWorx\ServoStudio\wpfui-servoStudio\samples\Wpf.Ui.servoStudio\Core\Usb\VirtualUsbBus.cs(93,12): warning IDE0055: 淇鏍煎紡 (https://learn.microsoft.com/dotnet/fundamentals/code-analysis/style-rules/ide0055) [C:\UserWorx\VSWorx\ServoStudio\wpfui-servoStudio\samples\Wpf.Ui.servoStudio\servoStudio_wjhet5xd_wpftmp.csproj]
C:\UserWorx\VSWorx\ServoStudio\wpfui-servoStudio\samples\Wpf.Ui.servoStudio\Core\Usb\VirtualUsbBus.cs(93,14): warning IDE0055: 淇鏍煎紡 (https://learn.microsoft.com/dotnet/fundamentals/code-analysis/style-rules/ide0055) [C:\UserWorx\VSWorx\ServoStudio\wpfui-servoStudio\samples\Wpf.Ui.servoStudio\servoStudio_wjhet5xd_wpftmp.csproj]
C:\UserWorx\VSWorx\ServoStudio\wpfui-servoStudio\samples\Wpf.Ui.servoStudio\Core\Usb\VirtualUsbBus.cs(93,36): warning IDE0055: 淇鏍煎紡 (https://learn.microsoft.com/dotnet/fundamentals/code-analysis/style-rules/ide0055) [C:\UserWorx\VSWorx\ServoStudio\wpfui-servoStudio\samples\Wpf.Ui.servoStudio\servoStudio_wjhet5xd_wpftmp.csproj]
C:\UserWorx\VSWorx\ServoStudio\wpfui-servoStudio\samples\Wpf.Ui.servoStudio\Core\Usb\VirtualUsbBus.cs(93,38): warning IDE0055: 淇鏍煎紡 (https://learn.microsoft.com/dotnet/fundamentals/code-analysis/style-rules/ide0055) [C:\UserWorx\VSWorx\ServoStudio\wpfui-servoStudio\samples\Wpf.Ui.servoStudio\servoStudio_wjhet5xd_wpftmp.csproj]
C:\UserWorx\VSWorx\ServoStudio\wpfui-servoStudio\samples\Wpf.Ui.servoStudio\Core\Usb\VirtualUsbBus.cs(94,12): warning IDE0055: 淇鏍煎紡 (https://learn.microsoft.com/dotnet/fundamentals/code-analysis/style-rules/ide0055) [C:\UserWorx\VSWorx\ServoStudio\wpfui-servoStudio\samples\Wpf.Ui.servoStudio\servoStudio_wjhet5xd_wpftmp.csproj]
C:\UserWorx\VSWorx\ServoStudio\wpfui-servoStudio\samples\Wpf.Ui.servoStudio\Core\Usb\VirtualUsbBus.cs(94,14): warning IDE0055: 淇鏍煎紡 (https://learn.microsoft.com/dotnet/fundamentals/code-analysis/style-rules/ide0055) [C:\UserWorx\VSWorx\ServoStudio\wpfui-servoStudio\samples\Wpf.Ui.servoStudio\servoStudio_wjhet5xd_wpftmp.csproj]
C:\UserWorx\VSWorx\ServoStudio\wpfui-servoStudio\samples\Wpf.Ui.servoStudio\Core\Usb\VirtualUsbBus.cs(94,29): warning IDE0055: 淇鏍煎紡 (https://learn.microsoft.com/dotnet/fundamentals/code-analysis/style-rules/ide0055) [C:\UserWorx\VSWorx\ServoStudio\wpfui-servoStudio\samples\Wpf.Ui.servoStudio\servoStudio_wjhet5xd_wpftmp.csproj]
C:\UserWorx\VSWorx\ServoStudio\wpfui-servoStudio\samples\Wpf.Ui.servoStudio\Core\Usb\VirtualUsbBus.cs(94,31): warning IDE0055: 淇鏍煎紡 (https://learn.microsoft.com/dotnet/fundamentals/code-analysis/style-rules/ide0055) [C:\UserWorx\VSWorx\ServoStudio\wpfui-servoStudio\samples\Wpf.Ui.servoStudio\servoStudio_wjhet5xd_wpftmp.csproj]
C:\UserWorx\VSWorx\ServoStudio\wpfui-servoStudio\samples\Wpf.Ui.servoStudio\Core\Usb\VirtualUsbBus.cs(49,9): warning IDE2003: 鍧椾笌鍚庣画璇彞涔嬮棿闇€瑕佹湁绌虹櫧琛?(https://learn.microsoft.com/dotnet/fundamentals/code-analysis/style-rules/ide2003) [C:\UserWorx\VSWorx\ServoStudio\wpfui-servoStudio\samples\Wpf.Ui.servoStudio\servoStudio_wjhet5xd_wpftmp.csproj]
C:\UserWorx\VSWorx\ServoStudio\wpfui-servoStudio\samples\Wpf.Ui.servoStudio\Core\Usb\VirtualUsbBus.cs(93,60): warning IDE2003: 鍧椾笌鍚庣画璇彞涔嬮棿闇€瑕佹湁绌虹櫧琛?(https://learn.microsoft.com/dotnet/fundamentals/code-analysis/style-rules/ide2003) [C:\UserWorx\VSWorx\ServoStudio\wpfui-servoStudio\samples\Wpf.Ui.servoStudio\servoStudio_wjhet5xd_wpftmp.csproj]
C:\UserWorx\VSWorx\ServoStudio\wpfui-servoStudio\samples\Wpf.Ui.servoStudio\Core\Usb\VirtualUsbBus.cs(94,53): warning IDE2003: 鍧椾笌鍚庣画璇彞涔嬮棿闇€瑕佹湁绌虹櫧琛?(https://learn.microsoft.com/dotnet/fundamentals/code-analysis/style-rules/ide2003) [C:\UserWorx\VSWorx\ServoStudio\wpfui-servoStudio\samples\Wpf.Ui.servoStudio\servoStudio_wjhet5xd_wpftmp.csproj]
C:\UserWorx\VSWorx\ServoStudio\wpfui-servoStudio\samples\Wpf.Ui.servoStudio\Helpers\EsiToSiiConverter.cs(114,55): warning IDE0055: 淇鏍煎紡 (https://learn.microsoft.com/dotnet/fundamentals/code-analysis/style-rules/ide0055) [C:\UserWorx\VSWorx\ServoStudio\wpfui-servoStudio\samples\Wpf.Ui.servoStudio\servoStudio_wjhet5xd_wpftmp.csproj]
C:\UserWorx\VSWorx\ServoStudio\wpfui-servoStudio\samples\Wpf.Ui.servoStudio\Helpers\EsiToSiiConverter.cs(115,55): warning IDE0055: 淇鏍煎紡 (https://learn.microsoft.com/dotnet/fundamentals/code-analysis/style-rules/ide0055) [C:\UserWorx\VSWorx\ServoStudio\wpfui-servoStudio\samples\Wpf.Ui.servoStudio\servoStudio_wjhet5xd_wpftmp.csproj]
C:\UserWorx\VSWorx\ServoStudio\wpfui-servoStudio\samples\Wpf.Ui.servoStudio\Helpers\EsiToSiiConverter.cs(115,57): warning IDE0055: 淇鏍煎紡 (https://learn.microsoft.com/dotnet/fundamentals/code-analysis/style-rules/ide0055) [C:\UserWorx\VSWorx\ServoStudio\wpfui-servoStudio\samples\Wpf.Ui.servoStudio\servoStudio_wjhet5xd_wpftmp.csproj]
C:\UserWorx\VSWorx\ServoStudio\wpfui-servoStudio\samples\Wpf.Ui.servoStudio\Helpers\EsiToSiiConverter.cs(115,80): warning IDE0055: 淇鏍煎紡 (https://learn.microsoft.com/dotnet/fundamentals/code-analysis/style-rules/ide0055) [C:\UserWorx\VSWorx\ServoStudio\wpfui-servoStudio\samples\Wpf.Ui.servoStudio\servoStudio_wjhet5xd_wpftmp.csproj]
C:\UserWorx\VSWorx\ServoStudio\wpfui-servoStudio\samples\Wpf.Ui.servoStudio\Helpers\EsiToSiiConverter.cs(115,99): warning IDE0055: 淇鏍煎紡 (https://learn.microsoft.com/dotnet/fundamentals/code-analysis/style-rules/ide0055) [C:\UserWorx\VSWorx\ServoStudio\wpfui-servoStudio\samples\Wpf.Ui.servoStudio\servoStudio_wjhet5xd_wpftmp.csproj]
C:\UserWorx\VSWorx\ServoStudio\wpfui-servoStudio\samples\Wpf.Ui.servoStudio\Helpers\EsiToSiiConverter.cs(121,60): warning IDE0055: 淇鏍煎紡 (https://learn.microsoft.com/dotnet/fundamentals/code-analysis/style-rules/ide0055) [C:\UserWorx\VSWorx\ServoStudio\wpfui-servoStudio\samples\Wpf.Ui.servoStudio\servoStudio_wjhet5xd_wpftmp.csproj]
C:\UserWorx\VSWorx\ServoStudio\wpfui-servoStudio\samples\Wpf.Ui.servoStudio\Helpers\EsiToSiiConverter.cs(122,62): warning IDE0055: 淇鏍煎紡 (https://learn.microsoft.com/dotnet/fundamentals/code-analysis/style-rules/ide0055) [C:\UserWorx\VSWorx\ServoStudio\wpfui-servoStudio\samples\Wpf.Ui.servoStudio\servoStudio_wjhet5xd_wpftmp.csproj]
C:\UserWorx\VSWorx\ServoStudio\wpfui-servoStudio\samples\Wpf.Ui.servoStudio\Helpers\EsiToSiiConverter.cs(123,62): warning IDE0055: 淇鏍煎紡 (https://learn.microsoft.com/dotnet/fundamentals/code-analysis/style-rules/ide0055) [C:\UserWorx\VSWorx\ServoStudio\wpfui-servoStudio\samples\Wpf.Ui.servoStudio\servoStudio_wjhet5xd_wpftmp.csproj]
C:\UserWorx\VSWorx\ServoStudio\wpfui-servoStudio\samples\Wpf.Ui.servoStudio\Helpers\EsiToSiiConverter.cs(124,62): warning IDE0055: 淇鏍煎紡 (https://learn.microsoft.com/dotnet/fundamentals/code-analysis/style-rules/ide0055) [C:\UserWorx\VSWorx\ServoStudio\wpfui-servoStudio\samples\Wpf.Ui.servoStudio\servoStudio_wjhet5xd_wpftmp.csproj]
C:\UserWorx\VSWorx\ServoStudio\wpfui-servoStudio\samples\Wpf.Ui.servoStudio\Helpers\EsiToSiiConverter.cs(125,67): warning IDE0055: 淇鏍煎紡 (https://learn.microsoft.com/dotnet/fundamentals/code-analysis/style-rules/ide0055) [C:\UserWorx\VSWorx\ServoStudio\wpfui-servoStudio\samples\Wpf.Ui.servoStudio\servoStudio_wjhet5xd_wpftmp.csproj]
C:\UserWorx\VSWorx\ServoStudio\wpfui-servoStudio\samples\Wpf.Ui.servoStudio\Helpers\EsiToSiiConverter.cs(128,55): warning IDE0055: 淇鏍煎紡 (https://learn.microsoft.com/dotnet/fundamentals/code-analysis/style-rules/ide0055) [C:\UserWorx\VSWorx\ServoStudio\wpfui-servoStudio\samples\Wpf.Ui.servoStudio\servoStudio_wjhet5xd_wpftmp.csproj]
C:\UserWorx\VSWorx\ServoStudio\wpfui-servoStudio\samples\Wpf.Ui.servoStudio\Helpers\EsiToSiiConverter.cs(128,57): warning IDE0055: 淇鏍煎紡 (https://learn.microsoft.com/dotnet/fundamentals/code-analysis/style-rules/ide0055) [C:\UserWorx\VSWorx\ServoStudio\wpfui-servoStudio\samples\Wpf.Ui.servoStudio\servoStudio_wjhet5xd_wpftmp.csproj]
C:\UserWorx\VSWorx\ServoStudio\wpfui-servoStudio\samples\Wpf.Ui.servoStudio\Helpers\EsiToSiiConverter.cs(128,80): warning IDE0055: 淇鏍煎紡 (https://learn.microsoft.com/dotnet/fundamentals/code-analysis/style-rules/ide0055) [C:\UserWorx\VSWorx\ServoStudio\wpfui-servoStudio\samples\Wpf.Ui.servoStudio\servoStudio_wjhet5xd_wpftmp.csproj]
C:\UserWorx\VSWorx\ServoStudio\wpfui-servoStudio\samples\Wpf.Ui.servoStudio\Helpers\EsiToSiiConverter.cs(128,99): warning IDE0055: 淇鏍煎紡 (https://learn.microsoft.com/dotnet/fundamentals/code-analysis/style-rules/ide0055) [C:\UserWorx\VSWorx\ServoStudio\wpfui-servoStudio\samples\Wpf.Ui.servoStudio\servoStudio_wjhet5xd_wpftmp.csproj]
C:\UserWorx\VSWorx\ServoStudio\wpfui-servoStudio\samples\Wpf.Ui.servoStudio\Helpers\EsiToSiiConverter.cs(130,55): warning IDE0055: 淇鏍煎紡 (https://learn.microsoft.com/dotnet/fundamentals/code-analysis/style-rules/ide0055) [C:\UserWorx\VSWorx\ServoStudio\wpfui-servoStudio\samples\Wpf.Ui.servoStudio\servoStudio_wjhet5xd_wpftmp.csproj]
C:\UserWorx\VSWorx\ServoStudio\wpfui-servoStudio\samples\Wpf.Ui.servoStudio\Helpers\EsiToSiiConverter.cs(131,55): warning IDE0055: 淇鏍煎紡 (https://learn.microsoft.com/dotnet/fundamentals/code-analysis/style-rules/ide0055) [C:\UserWorx\VSWorx\ServoStudio\wpfui-servoStudio\samples\Wpf.Ui.servoStudio\servoStudio_wjhet5xd_wpftmp.csproj]
C:\UserWorx\VSWorx\ServoStudio\wpfui-servoStudio\samples\Wpf.Ui.servoStudio\Helpers\EsiToSiiConverter.cs(317,35): warning IDE0055: 淇鏍煎紡 (https://learn.microsoft.com/dotnet/fundamentals/code-analysis/style-rules/ide0055) [C:\UserWorx\VSWorx\ServoStudio\wpfui-servoStudio\samples\Wpf.Ui.servoStudio\servoStudio_wjhet5xd_wpftmp.csproj]
C:\UserWorx\VSWorx\ServoStudio\wpfui-servoStudio\samples\Wpf.Ui.servoStudio\Helpers\EsiToSiiConverter.cs(351,29): warning IDE0055: 淇鏍煎紡 (https://learn.microsoft.com/dotnet/fundamentals/code-analysis/style-rules/ide0055) [C:\UserWorx\VSWorx\ServoStudio\wpfui-servoStudio\samples\Wpf.Ui.servoStudio\servoStudio_wjhet5xd_wpftmp.csproj]
C:\UserWorx\VSWorx\ServoStudio\wpfui-servoStudio\samples\Wpf.Ui.servoStudio\Helpers\EsiToSiiConverter.cs(351,31): warning IDE0055: 淇鏍煎紡 (https://learn.microsoft.com/dotnet/fundamentals/code-analysis/style-rules/ide0055) [C:\UserWorx\VSWorx\ServoStudio\wpfui-servoStudio\samples\Wpf.Ui.servoStudio\servoStudio_wjhet5xd_wpftmp.csproj]
C:\UserWorx\VSWorx\ServoStudio\wpfui-servoStudio\samples\Wpf.Ui.servoStudio\Helpers\EsiToSiiConverter.cs(351,48): warning IDE0055: 淇鏍煎紡 (https://learn.microsoft.com/dotnet/fundamentals/code-analysis/style-rules/ide0055) [C:\UserWorx\VSWorx\ServoStudio\wpfui-servoStudio\samples\Wpf.Ui.servoStudio\servoStudio_wjhet5xd_wpftmp.csproj]
C:\UserWorx\VSWorx\ServoStudio\wpfui-servoStudio\samples\Wpf.Ui.servoStudio\Helpers\EsiToSiiConverter.cs(351,55): warning IDE0055: 淇鏍煎紡 (https://learn.microsoft.com/dotnet/fundamentals/code-analysis/style-rules/ide0055) [C:\UserWorx\VSWorx\ServoStudio\wpfui-servoStudio\samples\Wpf.Ui.servoStudio\servoStudio_wjhet5xd_wpftmp.csproj]
C:\UserWorx\VSWorx\ServoStudio\wpfui-servoStudio\samples\Wpf.Ui.servoStudio\Helpers\EsiToSiiConverter.cs(431,26): warning IDE0055: 淇鏍煎紡 (https://learn.microsoft.com/dotnet/fundamentals/code-analysis/style-rules/ide0055) [C:\UserWorx\VSWorx\ServoStudio\wpfui-servoStudio\samples\Wpf.Ui.servoStudio\servoStudio_wjhet5xd_wpftmp.csproj]
C:\UserWorx\VSWorx\ServoStudio\wpfui-servoStudio\samples\Wpf.Ui.servoStudio\Helpers\EsiToSiiConverter.cs(604,46): warning IDE0055: 淇鏍煎紡 (https://learn.microsoft.com/dotnet/fundamentals/code-analysis/style-rules/ide0055) [C:\UserWorx\VSWorx\ServoStudio\wpfui-servoStudio\samples\Wpf.Ui.servoStudio\servoStudio_wjhet5xd_wpftmp.csproj]
C:\UserWorx\VSWorx\ServoStudio\wpfui-servoStudio\samples\Wpf.Ui.servoStudio\Helpers\EsiToSiiConverter.cs(624,37): warning IDE0055: 淇鏍煎紡 (https://learn.microsoft.com/dotnet/fundamentals/code-analysis/style-rules/ide0055) [C:\UserWorx\VSWorx\ServoStudio\wpfui-servoStudio\samples\Wpf.Ui.servoStudio\servoStudio_wjhet5xd_wpftmp.csproj]
C:\UserWorx\VSWorx\ServoStudio\wpfui-servoStudio\samples\Wpf.Ui.servoStudio\Helpers\EsiToSiiConverter.cs(644,9): warning IDE2003: 鍧椾笌鍚庣画璇彞涔嬮棿闇€瑕佹湁绌虹櫧琛?(https://learn.microsoft.com/dotnet/fundamentals/code-analysis/style-rules/ide2003) [C:\UserWorx\VSWorx\ServoStudio\wpfui-servoStudio\samples\Wpf.Ui.servoStudio\servoStudio_wjhet5xd_wpftmp.csproj]
C:\UserWorx\VSWorx\ServoStudio\wpfui-servoStudio\samples\Wpf.Ui.servoStudio\Helpers\SoemFoEInterop.cs(429,28): warning IDE0055: 淇鏍煎紡 (https://learn.microsoft.com/dotnet/fundamentals/code-analysis/style-rules/ide0055) [C:\UserWorx\VSWorx\ServoStudio\wpfui-servoStudio\samples\Wpf.Ui.servoStudio\servoStudio_wjhet5xd_wpftmp.csproj]
C:\UserWorx\VSWorx\ServoStudio\wpfui-servoStudio\samples\Wpf.Ui.servoStudio\Helpers\SoemFoEInterop.cs(429,30): warning IDE0055: 淇鏍煎紡 (https://learn.microsoft.com/dotnet/fundamentals/code-analysis/style-rules/ide0055) [C:\UserWorx\VSWorx\ServoStudio\wpfui-servoStudio\samples\Wpf.Ui.servoStudio\servoStudio_wjhet5xd_wpftmp.csproj]
C:\UserWorx\VSWorx\ServoStudio\wpfui-servoStudio\samples\Wpf.Ui.servoStudio\Helpers\SoemFoEInterop.cs(429,72): warning IDE0055: 淇鏍煎紡 (https://learn.microsoft.com/dotnet/fundamentals/code-analysis/style-rules/ide0055) [C:\UserWorx\VSWorx\ServoStudio\wpfui-servoStudio\samples\Wpf.Ui.servoStudio\servoStudio_wjhet5xd_wpftmp.csproj]
C:\UserWorx\VSWorx\ServoStudio\wpfui-servoStudio\samples\Wpf.Ui.servoStudio\Helpers\SoemFoEInterop.cs(429,74): warning IDE0055: 淇鏍煎紡 (https://learn.microsoft.com/dotnet/fundamentals/code-analysis/style-rules/ide0055) [C:\UserWorx\VSWorx\ServoStudio\wpfui-servoStudio\samples\Wpf.Ui.servoStudio\servoStudio_wjhet5xd_wpftmp.csproj]
C:\UserWorx\VSWorx\ServoStudio\wpfui-servoStudio\samples\Wpf.Ui.servoStudio\Helpers\SoemFoEInterop.cs(529,32): warning IDE0055: 淇鏍煎紡 (https://learn.microsoft.com/dotnet/fundamentals/code-analysis/style-rules/ide0055) [C:\UserWorx\VSWorx\ServoStudio\wpfui-servoStudio\samples\Wpf.Ui.servoStudio\servoStudio_wjhet5xd_wpftmp.csproj]
C:\UserWorx\VSWorx\ServoStudio\wpfui-servoStudio\samples\Wpf.Ui.servoStudio\Helpers\SoemFoEInterop.cs(529,34): warning IDE0055: 淇鏍煎紡 (https://learn.microsoft.com/dotnet/fundamentals/code-analysis/style-rules/ide0055) [C:\UserWorx\VSWorx\ServoStudio\wpfui-servoStudio\samples\Wpf.Ui.servoStudio\servoStudio_wjhet5xd_wpftmp.csproj]
C:\UserWorx\VSWorx\ServoStudio\wpfui-servoStudio\samples\Wpf.Ui.servoStudio\Helpers\SoemFoEInterop.cs(529,76): warning IDE0055: 淇鏍煎紡 (https://learn.microsoft.com/dotnet/fundamentals/code-analysis/style-rules/ide0055) [C:\UserWorx\VSWorx\ServoStudio\wpfui-servoStudio\samples\Wpf.Ui.servoStudio\servoStudio_wjhet5xd_wpftmp.csproj]
C:\UserWorx\VSWorx\ServoStudio\wpfui-servoStudio\samples\Wpf.Ui.servoStudio\Helpers\SoemFoEInterop.cs(529,78): warning IDE0055: 淇鏍煎紡 (https://learn.microsoft.com/dotnet/fundamentals/code-analysis/style-rules/ide0055) [C:\UserWorx\VSWorx\ServoStudio\wpfui-servoStudio\samples\Wpf.Ui.servoStudio\servoStudio_wjhet5xd_wpftmp.csproj]
C:\UserWorx\VSWorx\ServoStudio\wpfui-servoStudio\samples\Wpf.Ui.servoStudio\Helpers\SoemFoEInterop.cs(607,20): warning IDE0055: 淇鏍煎紡 (https://learn.microsoft.com/dotnet/fundamentals/code-analysis/style-rules/ide0055) [C:\UserWorx\VSWorx\ServoStudio\wpfui-servoStudio\samples\Wpf.Ui.servoStudio\servoStudio_wjhet5xd_wpftmp.csproj]
C:\UserWorx\VSWorx\ServoStudio\wpfui-servoStudio\samples\Wpf.Ui.servoStudio\Helpers\SoemFoEInterop.cs(607,22): warning IDE0055: 淇鏍煎紡 (https://learn.microsoft.com/dotnet/fundamentals/code-analysis/style-rules/ide0055) [C:\UserWorx\VSWorx\ServoStudio\wpfui-servoStudio\samples\Wpf.Ui.servoStudio\servoStudio_wjhet5xd_wpftmp.csproj]
C:\UserWorx\VSWorx\ServoStudio\wpfui-servoStudio\samples\Wpf.Ui.servoStudio\Helpers\SoemFoEInterop.cs(607,38): warning IDE0055: 淇鏍煎紡 (https://learn.microsoft.com/dotnet/fundamentals/code-analysis/style-rules/ide0055) [C:\UserWorx\VSWorx\ServoStudio\wpfui-servoStudio\samples\Wpf.Ui.servoStudio\servoStudio_wjhet5xd_wpftmp.csproj]
C:\UserWorx\VSWorx\ServoStudio\wpfui-servoStudio\samples\Wpf.Ui.servoStudio\Helpers\SoemFoEInterop.cs(607,40): warning IDE0055: 淇鏍煎紡 (https://learn.microsoft.com/dotnet/fundamentals/code-analysis/style-rules/ide0055) [C:\UserWorx\VSWorx\ServoStudio\wpfui-servoStudio\samples\Wpf.Ui.servoStudio\servoStudio_wjhet5xd_wpftmp.csproj]
C:\UserWorx\VSWorx\ServoStudio\wpfui-servoStudio\samples\Wpf.Ui.servoStudio\Helpers\SoemFoEInterop.cs(609,20): warning IDE0055: 淇鏍煎紡 (https://learn.microsoft.com/dotnet/fundamentals/code-analysis/style-rules/ide0055) [C:\UserWorx\VSWorx\ServoStudio\wpfui-servoStudio\samples\Wpf.Ui.servoStudio\servoStudio_wjhet5xd_wpftmp.csproj]
C:\UserWorx\VSWorx\ServoStudio\wpfui-servoStudio\samples\Wpf.Ui.servoStudio\Helpers\SoemFoEInterop.cs(609,22): warning IDE0055: 淇鏍煎紡 (https://learn.microsoft.com/dotnet/fundamentals/code-analysis/style-rules/ide0055) [C:\UserWorx\VSWorx\ServoStudio\wpfui-servoStudio\samples\Wpf.Ui.servoStudio\servoStudio_wjhet5xd_wpftmp.csproj]
C:\UserWorx\VSWorx\ServoStudio\wpfui-servoStudio\samples\Wpf.Ui.servoStudio\Helpers\SoemFoEInterop.cs(609,49): warning IDE0055: 淇鏍煎紡 (https://learn.microsoft.com/dotnet/fundamentals/code-analysis/style-rules/ide0055) [C:\UserWorx\VSWorx\ServoStudio\wpfui-servoStudio\samples\Wpf.Ui.servoStudio\servoStudio_wjhet5xd_wpftmp.csproj]
C:\UserWorx\VSWorx\ServoStudio\wpfui-servoStudio\samples\Wpf.Ui.servoStudio\Helpers\SoemFoEInterop.cs(609,51): warning IDE0055: 淇鏍煎紡 (https://learn.microsoft.com/dotnet/fundamentals/code-analysis/style-rules/ide0055) [C:\UserWorx\VSWorx\ServoStudio\wpfui-servoStudio\samples\Wpf.Ui.servoStudio\servoStudio_wjhet5xd_wpftmp.csproj]
C:\UserWorx\VSWorx\ServoStudio\wpfui-servoStudio\samples\Wpf.Ui.servoStudio\Models\AppConfig.cs(10,40): warning IDE0055: 淇鏍煎紡 (https://learn.microsoft.com/dotnet/fundamentals/code-analysis/style-rules/ide0055) [C:\UserWorx\VSWorx\ServoStudio\wpfui-servoStudio\samples\Wpf.Ui.servoStudio\servoStudio_wjhet5xd_wpftmp.csproj]
C:\UserWorx\VSWorx\ServoStudio\wpfui-servoStudio\samples\Wpf.Ui.servoStudio\Models\AppConfig.cs(10,42): warning IDE0055: 淇鏍煎紡 (https://learn.microsoft.com/dotnet/fundamentals/code-analysis/style-rules/ide0055) [C:\UserWorx\VSWorx\ServoStudio\wpfui-servoStudio\samples\Wpf.Ui.servoStudio\servoStudio_wjhet5xd_wpftmp.csproj]
C:\UserWorx\VSWorx\ServoStudio\wpfui-servoStudio\samples\Wpf.Ui.servoStudio\Models\AppConfig.cs(10,52): warning IDE0055: 淇鏍煎紡 (https://learn.microsoft.com/dotnet/fundamentals/code-analysis/style-rules/ide0055) [C:\UserWorx\VSWorx\ServoStudio\wpfui-servoStudio\samples\Wpf.Ui.servoStudio\servoStudio_wjhet5xd_wpftmp.csproj]
C:\UserWorx\VSWorx\ServoStudio\wpfui-servoStudio\samples\Wpf.Ui.servoStudio\Models\AppConfig.cs(12,41): warning IDE0055: 淇鏍煎紡 (https://learn.microsoft.com/dotnet/fundamentals/code-analysis/style-rules/ide0055) [C:\UserWorx\VSWorx\ServoStudio\wpfui-servoStudio\samples\Wpf.Ui.servoStudio\servoStudio_wjhet5xd_wpftmp.csproj]
C:\UserWorx\VSWorx\ServoStudio\wpfui-servoStudio\samples\Wpf.Ui.servoStudio\Models\AppConfig.cs(12,43): warning IDE0055: 淇鏍煎紡 (https://learn.microsoft.com/dotnet/fundamentals/code-analysis/style-rules/ide0055) [C:\UserWorx\VSWorx\ServoStudio\wpfui-servoStudio\samples\Wpf.Ui.servoStudio\servoStudio_wjhet5xd_wpftmp.csproj]
C:\UserWorx\VSWorx\ServoStudio\wpfui-servoStudio\samples\Wpf.Ui.servoStudio\Models\AppConfig.cs(12,53): warning IDE0055: 淇鏍煎紡 (https://learn.microsoft.com/dotnet/fundamentals/code-analysis/style-rules/ide0055) [C:\UserWorx\VSWorx\ServoStudio\wpfui-servoStudio\samples\Wpf.Ui.servoStudio\servoStudio_wjhet5xd_wpftmp.csproj]
C:\UserWorx\VSWorx\ServoStudio\wpfui-servoStudio\samples\Wpf.Ui.servoStudio\Models\Cia402PdoTemplates.cs(20,31): warning IDE0055: 淇鏍煎紡 (https://learn.microsoft.com/dotnet/fundamentals/code-analysis/style-rules/ide0055) [C:\UserWorx\VSWorx\ServoStudio\wpfui-servoStudio\samples\Wpf.Ui.servoStudio\servoStudio_wjhet5xd_wpftmp.csproj]
C:\UserWorx\VSWorx\ServoStudio\wpfui-servoStudio\samples\Wpf.Ui.servoStudio\Models\Cia402PdoTemplates.cs(20,33): warning IDE0055: 淇鏍煎紡 (https://learn.microsoft.com/dotnet/fundamentals/code-analysis/style-rules/ide0055) [C:\UserWorx\VSWorx\ServoStudio\wpfui-servoStudio\samples\Wpf.Ui.servoStudio\servoStudio_wjhet5xd_wpftmp.csproj]
C:\UserWorx\VSWorx\ServoStudio\wpfui-servoStudio\samples\Wpf.Ui.servoStudio\Models\Cia402PdoTemplates.cs(20,44): warning IDE0055: 淇鏍煎紡 (https://learn.microsoft.com/dotnet/fundamentals/code-analysis/style-rules/ide0055) [C:\UserWorx\VSWorx\ServoStudio\wpfui-servoStudio\samples\Wpf.Ui.servoStudio\servoStudio_wjhet5xd_wpftmp.csproj]
C:\UserWorx\VSWorx\ServoStudio\wpfui-servoStudio\samples\Wpf.Ui.servoStudio\Models\Cia402PdoTemplates.cs(31,31): warning IDE0055: 淇鏍煎紡 (https://learn.microsoft.com/dotnet/fundamentals/code-analysis/style-rules/ide0055) [C:\UserWorx\VSWorx\ServoStudio\wpfui-servoStudio\samples\Wpf.Ui.servoStudio\servoStudio_wjhet5xd_wpftmp.csproj]
C:\UserWorx\VSWorx\ServoStudio\wpfui-servoStudio\samples\Wpf.Ui.servoStudio\Models\Cia402PdoTemplates.cs(31,33): warning IDE0055: 淇鏍煎紡 (https://learn.microsoft.com/dotnet/fundamentals/code-analysis/style-rules/ide0055) [C:\UserWorx\VSWorx\ServoStudio\wpfui-servoStudio\samples\Wpf.Ui.servoStudio\servoStudio_wjhet5xd_wpftmp.csproj]
C:\UserWorx\VSWorx\ServoStudio\wpfui-servoStudio\samples\Wpf.Ui.servoStudio\Models\Cia402PdoTemplates.cs(31,44): warning IDE0055: 淇鏍煎紡 (https://learn.microsoft.com/dotnet/fundamentals/code-analysis/style-rules/ide0055) [C:\UserWorx\VSWorx\ServoStudio\wpfui-servoStudio\samples\Wpf.Ui.servoStudio\servoStudio_wjhet5xd_wpftmp.csproj]
C:\UserWorx\VSWorx\ServoStudio\wpfui-servoStudio\samples\Wpf.Ui.servoStudio\Models\Cia402PdoTemplates.cs(34,35): warning IDE0055: 淇鏍煎紡 (https://learn.microsoft.com/dotnet/fundamentals/code-analysis/style-rules/ide0055) [C:\UserWorx\VSWorx\ServoStudio\wpfui-servoStudio\samples\Wpf.Ui.servoStudio\servoStudio_wjhet5xd_wpftmp.csproj]
C:\UserWorx\VSWorx\ServoStudio\wpfui-servoStudio\samples\Wpf.Ui.servoStudio\Models\Cia402PdoTemplates.cs(34,37): warning IDE0055: 淇鏍煎紡 (https://learn.microsoft.com/dotnet/fundamentals/code-analysis/style-rules/ide0055) [C:\UserWorx\VSWorx\ServoStudio\wpfui-servoStudio\samples\Wpf.Ui.servoStudio\servoStudio_wjhet5xd_wpftmp.csproj]
C:\UserWorx\VSWorx\ServoStudio\wpfui-servoStudio\samples\Wpf.Ui.servoStudio\Models\Cia402PdoTemplates.cs(34,48): warning IDE0055: 淇鏍煎紡 (https://learn.microsoft.com/dotnet/fundamentals/code-analysis/style-rules/ide0055) [C:\UserWorx\VSWorx\ServoStudio\wpfui-servoStudio\samples\Wpf.Ui.servoStudio\servoStudio_wjhet5xd_wpftmp.csproj]
C:\UserWorx\VSWorx\ServoStudio\wpfui-servoStudio\samples\Wpf.Ui.servoStudio\Models\Cia402PdoTemplates.cs(68,40): warning IDE0055: 淇鏍煎紡 (https://learn.microsoft.com/dotnet/fundamentals/code-analysis/style-rules/ide0055) [C:\UserWorx\VSWorx\ServoStudio\wpfui-servoStudio\samples\Wpf.Ui.servoStudio\servoStudio_wjhet5xd_wpftmp.csproj]
C:\UserWorx\VSWorx\ServoStudio\wpfui-servoStudio\samples\Wpf.Ui.servoStudio\Models\Cia402PdoTemplates.cs(68,42): warning IDE0055: 淇鏍煎紡 (https://learn.microsoft.com/dotnet/fundamentals/code-analysis/style-rules/ide0055) [C:\UserWorx\VSWorx\ServoStudio\wpfui-servoStudio\samples\Wpf.Ui.servoStudio\servoStudio_wjhet5xd_wpftmp.csproj]
C:\UserWorx\VSWorx\ServoStudio\wpfui-servoStudio\samples\Wpf.Ui.servoStudio\Models\Cia402PdoTemplates.cs(68,47): warning IDE0055: 淇鏍煎紡 (https://learn.microsoft.com/dotnet/fundamentals/code-analysis/style-rules/ide0055) [C:\UserWorx\VSWorx\ServoStudio\wpfui-servoStudio\samples\Wpf.Ui.servoStudio\servoStudio_wjhet5xd_wpftmp.csproj]
C:\UserWorx\VSWorx\ServoStudio\wpfui-servoStudio\samples\Wpf.Ui.servoStudio\Models\Cia402PdoTemplates.cs(116,40): warning IDE0055: 淇鏍煎紡 (https://learn.microsoft.com/dotnet/fundamentals/code-analysis/style-rules/ide0055) [C:\UserWorx\VSWorx\ServoStudio\wpfui-servoStudio\samples\Wpf.Ui.servoStudio\servoStudio_wjhet5xd_wpftmp.csproj]
C:\UserWorx\VSWorx\ServoStudio\wpfui-servoStudio\samples\Wpf.Ui.servoStudio\Models\Cia402PdoTemplates.cs(116,42): warning IDE0055: 淇鏍煎紡 (https://learn.microsoft.com/dotnet/fundamentals/code-analysis/style-rules/ide0055) [C:\UserWorx\VSWorx\ServoStudio\wpfui-servoStudio\samples\Wpf.Ui.servoStudio\servoStudio_wjhet5xd_wpftmp.csproj]
C:\UserWorx\VSWorx\ServoStudio\wpfui-servoStudio\samples\Wpf.Ui.servoStudio\Models\Cia402PdoTemplates.cs(116,47): warning IDE0055: 淇鏍煎紡 (https://learn.microsoft.com/dotnet/fundamentals/code-analysis/style-rules/ide0055) [C:\UserWorx\VSWorx\ServoStudio\wpfui-servoStudio\samples\Wpf.Ui.servoStudio\servoStudio_wjhet5xd_wpftmp.csproj]
C:\UserWorx\VSWorx\ServoStudio\wpfui-servoStudio\samples\Wpf.Ui.servoStudio\Models\Cia402PdoTemplates.cs(158,40): warning IDE0055: 淇鏍煎紡 (https://learn.microsoft.com/dotnet/fundamentals/code-analysis/style-rules/ide0055) [C:\UserWorx\VSWorx\ServoStudio\wpfui-servoStudio\samples\Wpf.Ui.servoStudio\servoStudio_wjhet5xd_wpftmp.csproj]
C:\UserWorx\VSWorx\ServoStudio\wpfui-servoStudio\samples\Wpf.Ui.servoStudio\Models\Cia402PdoTemplates.cs(158,42): warning IDE0055: 淇鏍煎紡 (https://learn.microsoft.com/dotnet/fundamentals/code-analysis/style-rules/ide0055) [C:\UserWorx\VSWorx\ServoStudio\wpfui-servoStudio\samples\Wpf.Ui.servoStudio\servoStudio_wjhet5xd_wpftmp.csproj]
C:\UserWorx\VSWorx\ServoStudio\wpfui-servoStudio\samples\Wpf.Ui.servoStudio\Models\Cia402PdoTemplates.cs(158,47): warning IDE0055: 淇鏍煎紡 (https://learn.microsoft.com/dotnet/fundamentals/code-analysis/style-rules/ide0055) [C:\UserWorx\VSWorx\ServoStudio\wpfui-servoStudio\samples\Wpf.Ui.servoStudio\servoStudio_wjhet5xd_wpftmp.csproj]
C:\UserWorx\VSWorx\ServoStudio\wpfui-servoStudio\samples\Wpf.Ui.servoStudio\Models\Cia402Varibles.cs(136,80): warning IDE0055: 淇鏍煎紡 (https://learn.microsoft.com/dotnet/fundamentals/code-analysis/style-rules/ide0055) [C:\UserWorx\VSWorx\ServoStudio\wpfui-servoStudio\samples\Wpf.Ui.servoStudio\servoStudio_wjhet5xd_wpftmp.csproj]
C:\UserWorx\VSWorx\ServoStudio\wpfui-servoStudio\samples\Wpf.Ui.servoStudio\Models\Cia402Varibles.cs(137,54): warning IDE0055: 淇鏍煎紡 (https://learn.microsoft.com/dotnet/fundamentals/code-analysis/style-rules/ide0055) [C:\UserWorx\VSWorx\ServoStudio\wpfui-servoStudio\samples\Wpf.Ui.servoStudio\servoStudio_wjhet5xd_wpftmp.csproj]
C:\UserWorx\VSWorx\ServoStudio\wpfui-servoStudio\samples\Wpf.Ui.servoStudio\Models\Cia402Varibles.cs(138,82): warning IDE0055: 淇鏍煎紡 (https://learn.microsoft.com/dotnet/fundamentals/code-analysis/style-rules/ide0055) [C:\UserWorx\VSWorx\ServoStudio\wpfui-servoStudio\samples\Wpf.Ui.servoStudio\servoStudio_wjhet5xd_wpftmp.csproj]
C:\UserWorx\VSWorx\ServoStudio\wpfui-servoStudio\samples\Wpf.Ui.servoStudio\Models\Cia402Varibles.cs(139,76): warning IDE0055: 淇鏍煎紡 (https://learn.microsoft.com/dotnet/fundamentals/code-analysis/style-rules/ide0055) [C:\UserWorx\VSWorx\ServoStudio\wpfui-servoStudio\samples\Wpf.Ui.servoStudio\servoStudio_wjhet5xd_wpftmp.csproj]
C:\UserWorx\VSWorx\ServoStudio\wpfui-servoStudio\samples\Wpf.Ui.servoStudio\Models\Cia402Varibles.cs(140,74): warning IDE0055: 淇鏍煎紡 (https://learn.microsoft.com/dotnet/fundamentals/code-analysis/style-rules/ide0055) [C:\UserWorx\VSWorx\ServoStudio\wpfui-servoStudio\samples\Wpf.Ui.servoStudio\servoStudio_wjhet5xd_wpftmp.csproj]
C:\UserWorx\VSWorx\ServoStudio\wpfui-servoStudio\samples\Wpf.Ui.servoStudio\Models\Cia402Varibles.cs(141,64): warning IDE0055: 淇鏍煎紡 (https://learn.microsoft.com/dotnet/fundamentals/code-analysis/style-rules/ide0055) [C:\UserWorx\VSWorx\ServoStudio\wpfui-servoStudio\samples\Wpf.Ui.servoStudio\servoStudio_wjhet5xd_wpftmp.csproj]
C:\UserWorx\VSWorx\ServoStudio\wpfui-servoStudio\samples\Wpf.Ui.servoStudio\Models\Cia402Varibles.cs(142,76): warning IDE0055: 淇鏍煎紡 (https://learn.microsoft.com/dotnet/fundamentals/code-analysis/style-rules/ide0055) [C:\UserWorx\VSWorx\ServoStudio\wpfui-servoStudio\samples\Wpf.Ui.servoStudio\servoStudio_wjhet5xd_wpftmp.csproj]
C:\UserWorx\VSWorx\ServoStudio\wpfui-servoStudio\samples\Wpf.Ui.servoStudio\Models\Cia402Varibles.cs(143,74): warning IDE0055: 淇鏍煎紡 (https://learn.microsoft.com/dotnet/fundamentals/code-analysis/style-rules/ide0055) [C:\UserWorx\VSWorx\ServoStudio\wpfui-servoStudio\samples\Wpf.Ui.servoStudio\servoStudio_wjhet5xd_wpftmp.csproj]
C:\UserWorx\VSWorx\ServoStudio\wpfui-servoStudio\samples\Wpf.Ui.servoStudio\Models\Cia402Varibles.cs(318,30): warning IDE0055: 淇鏍煎紡 (https://learn.microsoft.com/dotnet/fundamentals/code-analysis/style-rules/ide0055) [C:\UserWorx\VSWorx\ServoStudio\wpfui-servoStudio\samples\Wpf.Ui.servoStudio\servoStudio_wjhet5xd_wpftmp.csproj]
C:\UserWorx\VSWorx\ServoStudio\wpfui-servoStudio\samples\Wpf.Ui.servoStudio\Models\Cia402Varibles.cs(318,32): warning IDE0055: 淇鏍煎紡 (https://learn.microsoft.com/dotnet/fundamentals/code-analysis/style-rules/ide0055) [C:\UserWorx\VSWorx\ServoStudio\wpfui-servoStudio\samples\Wpf.Ui.servoStudio\servoStudio_wjhet5xd_wpftmp.csproj]
C:\UserWorx\VSWorx\ServoStudio\wpfui-servoStudio\samples\Wpf.Ui.servoStudio\Models\Cia402Varibles.cs(318,42): warning IDE0055: 淇鏍煎紡 (https://learn.microsoft.com/dotnet/fundamentals/code-analysis/style-rules/ide0055) [C:\UserWorx\VSWorx\ServoStudio\wpfui-servoStudio\samples\Wpf.Ui.servoStudio\servoStudio_wjhet5xd_wpftmp.csproj]
C:\UserWorx\VSWorx\ServoStudio\wpfui-servoStudio\samples\Wpf.Ui.servoStudio\Models\Cia402Varibles.cs(319,32): warning IDE0055: 淇鏍煎紡 (https://learn.microsoft.com/dotnet/fundamentals/code-analysis/style-rules/ide0055) [C:\UserWorx\VSWorx\ServoStudio\wpfui-servoStudio\samples\Wpf.Ui.servoStudio\servoStudio_wjhet5xd_wpftmp.csproj]
C:\UserWorx\VSWorx\ServoStudio\wpfui-servoStudio\samples\Wpf.Ui.servoStudio\Models\Cia402Varibles.cs(319,34): warning IDE0055: 淇鏍煎紡 (https://learn.microsoft.com/dotnet/fundamentals/code-analysis/style-rules/ide0055) [C:\UserWorx\VSWorx\ServoStudio\wpfui-servoStudio\samples\Wpf.Ui.servoStudio\servoStudio_wjhet5xd_wpftmp.csproj]
C:\UserWorx\VSWorx\ServoStudio\wpfui-servoStudio\samples\Wpf.Ui.servoStudio\Models\Cia402Varibles.cs(319,44): warning IDE0055: 淇鏍煎紡 (https://learn.microsoft.com/dotnet/fundamentals/code-analysis/style-rules/ide0055) [C:\UserWorx\VSWorx\ServoStudio\wpfui-servoStudio\samples\Wpf.Ui.servoStudio\servoStudio_wjhet5xd_wpftmp.csproj]
C:\UserWorx\VSWorx\ServoStudio\wpfui-servoStudio\samples\Wpf.Ui.servoStudio\Models\Cia402Varibles.cs(320,36): warning IDE0055: 淇鏍煎紡 (https://learn.microsoft.com/dotnet/fundamentals/code-analysis/style-rules/ide0055) [C:\UserWorx\VSWorx\ServoStudio\wpfui-servoStudio\samples\Wpf.Ui.servoStudio\servoStudio_wjhet5xd_wpftmp.csproj]
C:\UserWorx\VSWorx\ServoStudio\wpfui-servoStudio\samples\Wpf.Ui.servoStudio\Models\Cia402Varibles.cs(320,38): warning IDE0055: 淇鏍煎紡 (https://learn.microsoft.com/dotnet/fundamentals/code-analysis/style-rules/ide0055) [C:\UserWorx\VSWorx\ServoStudio\wpfui-servoStudio\samples\Wpf.Ui.servoStudio\servoStudio_wjhet5xd_wpftmp.csproj]
C:\UserWorx\VSWorx\ServoStudio\wpfui-servoStudio\samples\Wpf.Ui.servoStudio\Models\Cia402Varibles.cs(320,48): warning IDE0055: 淇鏍煎紡 (https://learn.microsoft.com/dotnet/fundamentals/code-analysis/style-rules/ide0055) [C:\UserWorx\VSWorx\ServoStudio\wpfui-servoStudio\samples\Wpf.Ui.servoStudio\servoStudio_wjhet5xd_wpftmp.csproj]
C:\UserWorx\VSWorx\ServoStudio\wpfui-servoStudio\samples\Wpf.Ui.servoStudio\Models\Cia402Varibles.cs(321,36): warning IDE0055: 淇鏍煎紡 (https://learn.microsoft.com/dotnet/fundamentals/code-analysis/style-rules/ide0055) [C:\UserWorx\VSWorx\ServoStudio\wpfui-servoStudio\samples\Wpf.Ui.servoStudio\servoStudio_wjhet5xd_wpftmp.csproj]
C:\UserWorx\VSWorx\ServoStudio\wpfui-servoStudio\samples\Wpf.Ui.servoStudio\Models\Cia402Varibles.cs(321,38): warning IDE0055: 淇鏍煎紡 (https://learn.microsoft.com/dotnet/fundamentals/code-analysis/style-rules/ide0055) [C:\UserWorx\VSWorx\ServoStudio\wpfui-servoStudio\samples\Wpf.Ui.servoStudio\servoStudio_wjhet5xd_wpftmp.csproj]
C:\UserWorx\VSWorx\ServoStudio\wpfui-servoStudio\samples\Wpf.Ui.servoStudio\Models\Cia402Varibles.cs(321,48): warning IDE0055: 淇鏍煎紡 (https://learn.microsoft.com/dotnet/fundamentals/code-analysis/style-rules/ide0055) [C:\UserWorx\VSWorx\ServoStudio\wpfui-servoStudio\samples\Wpf.Ui.servoStudio\servoStudio_wjhet5xd_wpftmp.csproj]
C:\UserWorx\VSWorx\ServoStudio\wpfui-servoStudio\samples\Wpf.Ui.servoStudio\Models\Cia402Varibles.cs(322,27): warning IDE0055: 淇鏍煎紡 (https://learn.microsoft.com/dotnet/fundamentals/code-analysis/style-rules/ide0055) [C:\UserWorx\VSWorx\ServoStudio\wpfui-servoStudio\samples\Wpf.Ui.servoStudio\servoStudio_wjhet5xd_wpftmp.csproj]
C:\UserWorx\VSWorx\ServoStudio\wpfui-servoStudio\samples\Wpf.Ui.servoStudio\Models\Cia402Varibles.cs(322,29): warning IDE0055: 淇鏍煎紡 (https://learn.microsoft.com/dotnet/fundamentals/code-analysis/style-rules/ide0055) [C:\UserWorx\VSWorx\ServoStudio\wpfui-servoStudio\samples\Wpf.Ui.servoStudio\servoStudio_wjhet5xd_wpftmp.csproj]
C:\UserWorx\VSWorx\ServoStudio\wpfui-servoStudio\samples\Wpf.Ui.servoStudio\Models\Cia402Varibles.cs(322,39): warning IDE0055: 淇鏍煎紡 (https://learn.microsoft.com/dotnet/fundamentals/code-analysis/style-rules/ide0055) [C:\UserWorx\VSWorx\ServoStudio\wpfui-servoStudio\samples\Wpf.Ui.servoStudio\servoStudio_wjhet5xd_wpftmp.csproj]
C:\UserWorx\VSWorx\ServoStudio\wpfui-servoStudio\samples\Wpf.Ui.servoStudio\Models\Cia402Varibles.cs(323,34): warning IDE0055: 淇鏍煎紡 (https://learn.microsoft.com/dotnet/fundamentals/code-analysis/style-rules/ide0055) [C:\UserWorx\VSWorx\ServoStudio\wpfui-servoStudio\samples\Wpf.Ui.servoStudio\servoStudio_wjhet5xd_wpftmp.csproj]
C:\UserWorx\VSWorx\ServoStudio\wpfui-servoStudio\samples\Wpf.Ui.servoStudio\Models\Cia402Varibles.cs(323,36): warning IDE0055: 淇鏍煎紡 (https://learn.microsoft.com/dotnet/fundamentals/code-analysis/style-rules/ide0055) [C:\UserWorx\VSWorx\ServoStudio\wpfui-servoStudio\samples\Wpf.Ui.servoStudio\servoStudio_wjhet5xd_wpftmp.csproj]
C:\UserWorx\VSWorx\ServoStudio\wpfui-servoStudio\samples\Wpf.Ui.servoStudio\Models\Cia402Varibles.cs(323,46): warning IDE0055: 淇鏍煎紡 (https://learn.microsoft.com/dotnet/fundamentals/code-analysis/style-rules/ide0055) [C:\UserWorx\VSWorx\ServoStudio\wpfui-servoStudio\samples\Wpf.Ui.servoStudio\servoStudio_wjhet5xd_wpftmp.csproj]
C:\UserWorx\VSWorx\ServoStudio\wpfui-servoStudio\samples\Wpf.Ui.servoStudio\Models\Cia402Varibles.cs(331,30): warning IDE0055: 淇鏍煎紡 (https://learn.microsoft.com/dotnet/fundamentals/code-analysis/style-rules/ide0055) [C:\UserWorx\VSWorx\ServoStudio\wpfui-servoStudio\samples\Wpf.Ui.servoStudio\servoStudio_wjhet5xd_wpftmp.csproj]
C:\UserWorx\VSWorx\ServoStudio\wpfui-servoStudio\samples\Wpf.Ui.servoStudio\Models\Cia402Varibles.cs(331,32): warning IDE0055: 淇鏍煎紡 (https://learn.microsoft.com/dotnet/fundamentals/code-analysis/style-rules/ide0055) [C:\UserWorx\VSWorx\ServoStudio\wpfui-servoStudio\samples\Wpf.Ui.servoStudio\servoStudio_wjhet5xd_wpftmp.csproj]
C:\UserWorx\VSWorx\ServoStudio\wpfui-servoStudio\samples\Wpf.Ui.servoStudio\Models\Cia402Varibles.cs(331,42): warning IDE0055: 淇鏍煎紡 (https://learn.microsoft.com/dotnet/fundamentals/code-analysis/style-rules/ide0055) [C:\UserWorx\VSWorx\ServoStudio\wpfui-servoStudio\samples\Wpf.Ui.servoStudio\servoStudio_wjhet5xd_wpftmp.csproj]
C:\UserWorx\VSWorx\ServoStudio\wpfui-servoStudio\samples\Wpf.Ui.servoStudio\Models\Cia402Varibles.cs(332,36): warning IDE0055: 淇鏍煎紡 (https://learn.microsoft.com/dotnet/fundamentals/code-analysis/style-rules/ide0055) [C:\UserWorx\VSWorx\ServoStudio\wpfui-servoStudio\samples\Wpf.Ui.servoStudio\servoStudio_wjhet5xd_wpftmp.csproj]
C:\UserWorx\VSWorx\ServoStudio\wpfui-servoStudio\samples\Wpf.Ui.servoStudio\Models\Cia402Varibles.cs(332,38): warning IDE0055: 淇鏍煎紡 (https://learn.microsoft.com/dotnet/fundamentals/code-analysis/style-rules/ide0055) [C:\UserWorx\VSWorx\ServoStudio\wpfui-servoStudio\samples\Wpf.Ui.servoStudio\servoStudio_wjhet5xd_wpftmp.csproj]
C:\UserWorx\VSWorx\ServoStudio\wpfui-servoStudio\samples\Wpf.Ui.servoStudio\Models\Cia402Varibles.cs(332,48): warning IDE0055: 淇鏍煎紡 (https://learn.microsoft.com/dotnet/fundamentals/code-analysis/style-rules/ide0055) [C:\UserWorx\VSWorx\ServoStudio\wpfui-servoStudio\samples\Wpf.Ui.servoStudio\servoStudio_wjhet5xd_wpftmp.csproj]
C:\UserWorx\VSWorx\ServoStudio\wpfui-servoStudio\samples\Wpf.Ui.servoStudio\Models\Cia402Varibles.cs(333,36): warning IDE0055: 淇鏍煎紡 (https://learn.microsoft.com/dotnet/fundamentals/code-analysis/style-rules/ide0055) [C:\UserWorx\VSWorx\ServoStudio\wpfui-servoStudio\samples\Wpf.Ui.servoStudio\servoStudio_wjhet5xd_wpftmp.csproj]
C:\UserWorx\VSWorx\ServoStudio\wpfui-servoStudio\samples\Wpf.Ui.servoStudio\Models\Cia402Varibles.cs(333,38): warning IDE0055: 淇鏍煎紡 (https://learn.microsoft.com/dotnet/fundamentals/code-analysis/style-rules/ide0055) [C:\UserWorx\VSWorx\ServoStudio\wpfui-servoStudio\samples\Wpf.Ui.servoStudio\servoStudio_wjhet5xd_wpftmp.csproj]
C:\UserWorx\VSWorx\ServoStudio\wpfui-servoStudio\samples\Wpf.Ui.servoStudio\Models\Cia402Varibles.cs(333,48): warning IDE0055: 淇鏍煎紡 (https://learn.microsoft.com/dotnet/fundamentals/code-analysis/style-rules/ide0055) [C:\UserWorx\VSWorx\ServoStudio\wpfui-servoStudio\samples\Wpf.Ui.servoStudio\servoStudio_wjhet5xd_wpftmp.csproj]
C:\UserWorx\VSWorx\ServoStudio\wpfui-servoStudio\samples\Wpf.Ui.servoStudio\Models\Cia402Varibles.cs(334,38): warning IDE0055: 淇鏍煎紡 (https://learn.microsoft.com/dotnet/fundamentals/code-analysis/style-rules/ide0055) [C:\UserWorx\VSWorx\ServoStudio\wpfui-servoStudio\samples\Wpf.Ui.servoStudio\servoStudio_wjhet5xd_wpftmp.csproj]
C:\UserWorx\VSWorx\ServoStudio\wpfui-servoStudio\samples\Wpf.Ui.servoStudio\Models\Cia402Varibles.cs(334,40): warning IDE0055: 淇鏍煎紡 (https://learn.microsoft.com/dotnet/fundamentals/code-analysis/style-rules/ide0055) [C:\UserWorx\VSWorx\ServoStudio\wpfui-servoStudio\samples\Wpf.Ui.servoStudio\servoStudio_wjhet5xd_wpftmp.csproj]
C:\UserWorx\VSWorx\ServoStudio\wpfui-servoStudio\samples\Wpf.Ui.servoStudio\Models\Cia402Varibles.cs(334,50): warning IDE0055: 淇鏍煎紡 (https://learn.microsoft.com/dotnet/fundamentals/code-analysis/style-rules/ide0055) [C:\UserWorx\VSWorx\ServoStudio\wpfui-servoStudio\samples\Wpf.Ui.servoStudio\servoStudio_wjhet5xd_wpftmp.csproj]
C:\UserWorx\VSWorx\ServoStudio\wpfui-servoStudio\samples\Wpf.Ui.servoStudio\Models\Cia402Varibles.cs(342,30): warning IDE0055: 淇鏍煎紡 (https://learn.microsoft.com/dotnet/fundamentals/code-analysis/style-rules/ide0055) [C:\UserWorx\VSWorx\ServoStudio\wpfui-servoStudio\samples\Wpf.Ui.servoStudio\servoStudio_wjhet5xd_wpftmp.csproj]
C:\UserWorx\VSWorx\ServoStudio\wpfui-servoStudio\samples\Wpf.Ui.servoStudio\Models\Cia402Varibles.cs(342,32): warning IDE0055: 淇鏍煎紡 (https://learn.microsoft.com/dotnet/fundamentals/code-analysis/style-rules/ide0055) [C:\UserWorx\VSWorx\ServoStudio\wpfui-servoStudio\samples\Wpf.Ui.servoStudio\servoStudio_wjhet5xd_wpftmp.csproj]
C:\UserWorx\VSWorx\ServoStudio\wpfui-servoStudio\samples\Wpf.Ui.servoStudio\Models\Cia402Varibles.cs(342,42): warning IDE0055: 淇鏍煎紡 (https://learn.microsoft.com/dotnet/fundamentals/code-analysis/style-rules/ide0055) [C:\UserWorx\VSWorx\ServoStudio\wpfui-servoStudio\samples\Wpf.Ui.servoStudio\servoStudio_wjhet5xd_wpftmp.csproj]
C:\UserWorx\VSWorx\ServoStudio\wpfui-servoStudio\samples\Wpf.Ui.servoStudio\Models\Cia402Varibles.cs(343,28): warning IDE0055: 淇鏍煎紡 (https://learn.microsoft.com/dotnet/fundamentals/code-analysis/style-rules/ide0055) [C:\UserWorx\VSWorx\ServoStudio\wpfui-servoStudio\samples\Wpf.Ui.servoStudio\servoStudio_wjhet5xd_wpftmp.csproj]
C:\UserWorx\VSWorx\ServoStudio\wpfui-servoStudio\samples\Wpf.Ui.servoStudio\Models\Cia402Varibles.cs(343,30): warning IDE0055: 淇鏍煎紡 (https://learn.microsoft.com/dotnet/fundamentals/code-analysis/style-rules/ide0055) [C:\UserWorx\VSWorx\ServoStudio\wpfui-servoStudio\samples\Wpf.Ui.servoStudio\servoStudio_wjhet5xd_wpftmp.csproj]
C:\UserWorx\VSWorx\ServoStudio\wpfui-servoStudio\samples\Wpf.Ui.servoStudio\Models\Cia402Varibles.cs(343,40): warning IDE0055: 淇鏍煎紡 (https://learn.microsoft.com/dotnet/fundamentals/code-analysis/style-rules/ide0055) [C:\UserWorx\VSWorx\ServoStudio\wpfui-servoStudio\samples\Wpf.Ui.servoStudio\servoStudio_wjhet5xd_wpftmp.csproj]
C:\UserWorx\VSWorx\ServoStudio\wpfui-servoStudio\samples\Wpf.Ui.servoStudio\Models\Cia402Varibles.cs(344,28): warning IDE0055: 淇鏍煎紡 (https://learn.microsoft.com/dotnet/fundamentals/code-analysis/style-rules/ide0055) [C:\UserWorx\VSWorx\ServoStudio\wpfui-servoStudio\samples\Wpf.Ui.servoStudio\servoStudio_wjhet5xd_wpftmp.csproj]
C:\UserWorx\VSWorx\ServoStudio\wpfui-servoStudio\samples\Wpf.Ui.servoStudio\Models\Cia402Varibles.cs(344,30): warning IDE0055: 淇鏍煎紡 (https://learn.microsoft.com/dotnet/fundamentals/code-analysis/style-rules/ide0055) [C:\UserWorx\VSWorx\ServoStudio\wpfui-servoStudio\samples\Wpf.Ui.servoStudio\servoStudio_wjhet5xd_wpftmp.csproj]
C:\UserWorx\VSWorx\ServoStudio\wpfui-servoStudio\samples\Wpf.Ui.servoStudio\Models\Cia402Varibles.cs(344,40): warning IDE0055: 淇鏍煎紡 (https://learn.microsoft.com/dotnet/fundamentals/code-analysis/style-rules/ide0055) [C:\UserWorx\VSWorx\ServoStudio\wpfui-servoStudio\samples\Wpf.Ui.servoStudio\servoStudio_wjhet5xd_wpftmp.csproj]
C:\UserWorx\VSWorx\ServoStudio\wpfui-servoStudio\samples\Wpf.Ui.servoStudio\Models\Cia402Varibles.cs(352,37): warning IDE0055: 淇鏍煎紡 (https://learn.microsoft.com/dotnet/fundamentals/code-analysis/style-rules/ide0055) [C:\UserWorx\VSWorx\ServoStudio\wpfui-servoStudio\samples\Wpf.Ui.servoStudio\servoStudio_wjhet5xd_wpftmp.csproj]
C:\UserWorx\VSWorx\ServoStudio\wpfui-servoStudio\samples\Wpf.Ui.servoStudio\Models\Cia402Varibles.cs(352,39): warning IDE0055: 淇鏍煎紡 (https://learn.microsoft.com/dotnet/fundamentals/code-analysis/style-rules/ide0055) [C:\UserWorx\VSWorx\ServoStudio\wpfui-servoStudio\samples\Wpf.Ui.servoStudio\servoStudio_wjhet5xd_wpftmp.csproj]
C:\UserWorx\VSWorx\ServoStudio\wpfui-servoStudio\samples\Wpf.Ui.servoStudio\Models\Cia402Varibles.cs(352,49): warning IDE0055: 淇鏍煎紡 (https://learn.microsoft.com/dotnet/fundamentals/code-analysis/style-rules/ide0055) [C:\UserWorx\VSWorx\ServoStudio\wpfui-servoStudio\samples\Wpf.Ui.servoStudio\servoStudio_wjhet5xd_wpftmp.csproj]
C:\UserWorx\VSWorx\ServoStudio\wpfui-servoStudio\samples\Wpf.Ui.servoStudio\Models\Cia402Varibles.cs(353,34): warning IDE0055: 淇鏍煎紡 (https://learn.microsoft.com/dotnet/fundamentals/code-analysis/style-rules/ide0055) [C:\UserWorx\VSWorx\ServoStudio\wpfui-servoStudio\samples\Wpf.Ui.servoStudio\servoStudio_wjhet5xd_wpftmp.csproj]
C:\UserWorx\VSWorx\ServoStudio\wpfui-servoStudio\samples\Wpf.Ui.servoStudio\Models\Cia402Varibles.cs(353,36): warning IDE0055: 淇鏍煎紡 (https://learn.microsoft.com/dotnet/fundamentals/code-analysis/style-rules/ide0055) [C:\UserWorx\VSWorx\ServoStudio\wpfui-servoStudio\samples\Wpf.Ui.servoStudio\servoStudio_wjhet5xd_wpftmp.csproj]
C:\UserWorx\VSWorx\ServoStudio\wpfui-servoStudio\samples\Wpf.Ui.servoStudio\Models\Cia402Varibles.cs(353,46): warning IDE0055: 淇鏍煎紡 (https://learn.microsoft.com/dotnet/fundamentals/code-analysis/style-rules/ide0055) [C:\UserWorx\VSWorx\ServoStudio\wpfui-servoStudio\samples\Wpf.Ui.servoStudio\servoStudio_wjhet5xd_wpftmp.csproj]
C:\UserWorx\VSWorx\ServoStudio\wpfui-servoStudio\samples\Wpf.Ui.servoStudio\Models\Cia402Varibles.cs(354,32): warning IDE0055: 淇鏍煎紡 (https://learn.microsoft.com/dotnet/fundamentals/code-analysis/style-rules/ide0055) [C:\UserWorx\VSWorx\ServoStudio\wpfui-servoStudio\samples\Wpf.Ui.servoStudio\servoStudio_wjhet5xd_wpftmp.csproj]
C:\UserWorx\VSWorx\ServoStudio\wpfui-servoStudio\samples\Wpf.Ui.servoStudio\Models\Cia402Varibles.cs(354,34): warning IDE0055: 淇鏍煎紡 (https://learn.microsoft.com/dotnet/fundamentals/code-analysis/style-rules/ide0055) [C:\UserWorx\VSWorx\ServoStudio\wpfui-servoStudio\samples\Wpf.Ui.servoStudio\servoStudio_wjhet5xd_wpftmp.csproj]
C:\UserWorx\VSWorx\ServoStudio\wpfui-servoStudio\samples\Wpf.Ui.servoStudio\Models\Cia402Varibles.cs(354,44): warning IDE0055: 淇鏍煎紡 (https://learn.microsoft.com/dotnet/fundamentals/code-analysis/style-rules/ide0055) [C:\UserWorx\VSWorx\ServoStudio\wpfui-servoStudio\samples\Wpf.Ui.servoStudio\servoStudio_wjhet5xd_wpftmp.csproj]
C:\UserWorx\VSWorx\ServoStudio\wpfui-servoStudio\samples\Wpf.Ui.servoStudio\Models\Cia402Varibles.cs(355,35): warning IDE0055: 淇鏍煎紡 (https://learn.microsoft.com/dotnet/fundamentals/code-analysis/style-rules/ide0055) [C:\UserWorx\VSWorx\ServoStudio\wpfui-servoStudio\samples\Wpf.Ui.servoStudio\servoStudio_wjhet5xd_wpftmp.csproj]
C:\UserWorx\VSWorx\ServoStudio\wpfui-servoStudio\samples\Wpf.Ui.servoStudio\Models\Cia402Varibles.cs(355,37): warning IDE0055: 淇鏍煎紡 (https://learn.microsoft.com/dotnet/fundamentals/code-analysis/style-rules/ide0055) [C:\UserWorx\VSWorx\ServoStudio\wpfui-servoStudio\samples\Wpf.Ui.servoStudio\servoStudio_wjhet5xd_wpftmp.csproj]
C:\UserWorx\VSWorx\ServoStudio\wpfui-servoStudio\samples\Wpf.Ui.servoStudio\Models\Cia402Varibles.cs(355,47): warning IDE0055: 淇鏍煎紡 (https://learn.microsoft.com/dotnet/fundamentals/code-analysis/style-rules/ide0055) [C:\UserWorx\VSWorx\ServoStudio\wpfui-servoStudio\samples\Wpf.Ui.servoStudio\servoStudio_wjhet5xd_wpftmp.csproj]
C:\UserWorx\VSWorx\ServoStudio\wpfui-servoStudio\samples\Wpf.Ui.servoStudio\Models\Cia402Varibles.cs(363,30): warning IDE0055: 淇鏍煎紡 (https://learn.microsoft.com/dotnet/fundamentals/code-analysis/style-rules/ide0055) [C:\UserWorx\VSWorx\ServoStudio\wpfui-servoStudio\samples\Wpf.Ui.servoStudio\servoStudio_wjhet5xd_wpftmp.csproj]
C:\UserWorx\VSWorx\ServoStudio\wpfui-servoStudio\samples\Wpf.Ui.servoStudio\Models\Cia402Varibles.cs(363,32): warning IDE0055: 淇鏍煎紡 (https://learn.microsoft.com/dotnet/fundamentals/code-analysis/style-rules/ide0055) [C:\UserWorx\VSWorx\ServoStudio\wpfui-servoStudio\samples\Wpf.Ui.servoStudio\servoStudio_wjhet5xd_wpftmp.csproj]
C:\UserWorx\VSWorx\ServoStudio\wpfui-servoStudio\samples\Wpf.Ui.servoStudio\Models\Cia402Varibles.cs(363,42): warning IDE0055: 淇鏍煎紡 (https://learn.microsoft.com/dotnet/fundamentals/code-analysis/style-rules/ide0055) [C:\UserWorx\VSWorx\ServoStudio\wpfui-servoStudio\samples\Wpf.Ui.servoStudio\servoStudio_wjhet5xd_wpftmp.csproj]
C:\UserWorx\VSWorx\ServoStudio\wpfui-servoStudio\samples\Wpf.Ui.servoStudio\Models\Cia402Varibles.cs(364,30): warning IDE0055: 淇鏍煎紡 (https://learn.microsoft.com/dotnet/fundamentals/code-analysis/style-rules/ide0055) [C:\UserWorx\VSWorx\ServoStudio\wpfui-servoStudio\samples\Wpf.Ui.servoStudio\servoStudio_wjhet5xd_wpftmp.csproj]
C:\UserWorx\VSWorx\ServoStudio\wpfui-servoStudio\samples\Wpf.Ui.servoStudio\Models\Cia402Varibles.cs(364,32): warning IDE0055: 淇鏍煎紡 (https://learn.microsoft.com/dotnet/fundamentals/code-analysis/style-rules/ide0055) [C:\UserWorx\VSWorx\ServoStudio\wpfui-servoStudio\samples\Wpf.Ui.servoStudio\servoStudio_wjhet5xd_wpftmp.csproj]
C:\UserWorx\VSWorx\ServoStudio\wpfui-servoStudio\samples\Wpf.Ui.servoStudio\Models\Cia402Varibles.cs(364,42): warning IDE0055: 淇鏍煎紡 (https://learn.microsoft.com/dotnet/fundamentals/code-analysis/style-rules/ide0055) [C:\UserWorx\VSWorx\ServoStudio\wpfui-servoStudio\samples\Wpf.Ui.servoStudio\servoStudio_wjhet5xd_wpftmp.csproj]
C:\UserWorx\VSWorx\ServoStudio\wpfui-servoStudio\samples\Wpf.Ui.servoStudio\Models\Cia402Varibles.cs(365,30): warning IDE0055: 淇鏍煎紡 (https://learn.microsoft.com/dotnet/fundamentals/code-analysis/style-rules/ide0055) [C:\UserWorx\VSWorx\ServoStudio\wpfui-servoStudio\samples\Wpf.Ui.servoStudio\servoStudio_wjhet5xd_wpftmp.csproj]
C:\UserWorx\VSWorx\ServoStudio\wpfui-servoStudio\samples\Wpf.Ui.servoStudio\Models\Cia402Varibles.cs(365,32): warning IDE0055: 淇鏍煎紡 (https://learn.microsoft.com/dotnet/fundamentals/code-analysis/style-rules/ide0055) [C:\UserWorx\VSWorx\ServoStudio\wpfui-servoStudio\samples\Wpf.Ui.servoStudio\servoStudio_wjhet5xd_wpftmp.csproj]
C:\UserWorx\VSWorx\ServoStudio\wpfui-servoStudio\samples\Wpf.Ui.servoStudio\Models\Cia402Varibles.cs(365,42): warning IDE0055: 淇鏍煎紡 (https://learn.microsoft.com/dotnet/fundamentals/code-analysis/style-rules/ide0055) [C:\UserWorx\VSWorx\ServoStudio\wpfui-servoStudio\samples\Wpf.Ui.servoStudio\servoStudio_wjhet5xd_wpftmp.csproj]
C:\UserWorx\VSWorx\ServoStudio\wpfui-servoStudio\samples\Wpf.Ui.servoStudio\Models\Cia402Varibles.cs(366,30): warning IDE0055: 淇鏍煎紡 (https://learn.microsoft.com/dotnet/fundamentals/code-analysis/style-rules/ide0055) [C:\UserWorx\VSWorx\ServoStudio\wpfui-servoStudio\samples\Wpf.Ui.servoStudio\servoStudio_wjhet5xd_wpftmp.csproj]
C:\UserWorx\VSWorx\ServoStudio\wpfui-servoStudio\samples\Wpf.Ui.servoStudio\Models\Cia402Varibles.cs(366,32): warning IDE0055: 淇鏍煎紡 (https://learn.microsoft.com/dotnet/fundamentals/code-analysis/style-rules/ide0055) [C:\UserWorx\VSWorx\ServoStudio\wpfui-servoStudio\samples\Wpf.Ui.servoStudio\servoStudio_wjhet5xd_wpftmp.csproj]
C:\UserWorx\VSWorx\ServoStudio\wpfui-servoStudio\samples\Wpf.Ui.servoStudio\Models\Cia402Varibles.cs(366,42): warning IDE0055: 淇鏍煎紡 (https://learn.microsoft.com/dotnet/fundamentals/code-analysis/style-rules/ide0055) [C:\UserWorx\VSWorx\ServoStudio\wpfui-servoStudio\samples\Wpf.Ui.servoStudio\servoStudio_wjhet5xd_wpftmp.csproj]
C:\UserWorx\VSWorx\ServoStudio\wpfui-servoStudio\samples\Wpf.Ui.servoStudio\Models\Cia402Varibles.cs(367,42): warning IDE0055: 淇鏍煎紡 (https://learn.microsoft.com/dotnet/fundamentals/code-analysis/style-rules/ide0055) [C:\UserWorx\VSWorx\ServoStudio\wpfui-servoStudio\samples\Wpf.Ui.servoStudio\servoStudio_wjhet5xd_wpftmp.csproj]
C:\UserWorx\VSWorx\ServoStudio\wpfui-servoStudio\samples\Wpf.Ui.servoStudio\Models\Cia402Varibles.cs(367,44): warning IDE0055: 淇鏍煎紡 (https://learn.microsoft.com/dotnet/fundamentals/code-analysis/style-rules/ide0055) [C:\UserWorx\VSWorx\ServoStudio\wpfui-servoStudio\samples\Wpf.Ui.servoStudio\servoStudio_wjhet5xd_wpftmp.csproj]
C:\UserWorx\VSWorx\ServoStudio\wpfui-servoStudio\samples\Wpf.Ui.servoStudio\Models\Cia402Varibles.cs(367,54): warning IDE0055: 淇鏍煎紡 (https://learn.microsoft.com/dotnet/fundamentals/code-analysis/style-rules/ide0055) [C:\UserWorx\VSWorx\ServoStudio\wpfui-servoStudio\samples\Wpf.Ui.servoStudio\servoStudio_wjhet5xd_wpftmp.csproj]
C:\UserWorx\VSWorx\ServoStudio\wpfui-servoStudio\samples\Wpf.Ui.servoStudio\Models\Cia402Varibles.cs(375,30): warning IDE0055: 淇鏍煎紡 (https://learn.microsoft.com/dotnet/fundamentals/code-analysis/style-rules/ide0055) [C:\UserWorx\VSWorx\ServoStudio\wpfui-servoStudio\samples\Wpf.Ui.servoStudio\servoStudio_wjhet5xd_wpftmp.csproj]
C:\UserWorx\VSWorx\ServoStudio\wpfui-servoStudio\samples\Wpf.Ui.servoStudio\Models\Cia402Varibles.cs(375,32): warning IDE0055: 淇鏍煎紡 (https://learn.microsoft.com/dotnet/fundamentals/code-analysis/style-rules/ide0055) [C:\UserWorx\VSWorx\ServoStudio\wpfui-servoStudio\samples\Wpf.Ui.servoStudio\servoStudio_wjhet5xd_wpftmp.csproj]
C:\UserWorx\VSWorx\ServoStudio\wpfui-servoStudio\samples\Wpf.Ui.servoStudio\Models\Cia402Varibles.cs(375,42): warning IDE0055: 淇鏍煎紡 (https://learn.microsoft.com/dotnet/fundamentals/code-analysis/style-rules/ide0055) [C:\UserWorx\VSWorx\ServoStudio\wpfui-servoStudio\samples\Wpf.Ui.servoStudio\servoStudio_wjhet5xd_wpftmp.csproj]
C:\UserWorx\VSWorx\ServoStudio\wpfui-servoStudio\samples\Wpf.Ui.servoStudio\Models\Cia402Varibles.cs(376,30): warning IDE0055: 淇鏍煎紡 (https://learn.microsoft.com/dotnet/fundamentals/code-analysis/style-rules/ide0055) [C:\UserWorx\VSWorx\ServoStudio\wpfui-servoStudio\samples\Wpf.Ui.servoStudio\servoStudio_wjhet5xd_wpftmp.csproj]
C:\UserWorx\VSWorx\ServoStudio\wpfui-servoStudio\samples\Wpf.Ui.servoStudio\Models\Cia402Varibles.cs(376,32): warning IDE0055: 淇鏍煎紡 (https://learn.microsoft.com/dotnet/fundamentals/code-analysis/style-rules/ide0055) [C:\UserWorx\VSWorx\ServoStudio\wpfui-servoStudio\samples\Wpf.Ui.servoStudio\servoStudio_wjhet5xd_wpftmp.csproj]
C:\UserWorx\VSWorx\ServoStudio\wpfui-servoStudio\samples\Wpf.Ui.servoStudio\Models\Cia402Varibles.cs(376,42): warning IDE0055: 淇鏍煎紡 (https://learn.microsoft.com/dotnet/fundamentals/code-analysis/style-rules/ide0055) [C:\UserWorx\VSWorx\ServoStudio\wpfui-servoStudio\samples\Wpf.Ui.servoStudio\servoStudio_wjhet5xd_wpftmp.csproj]
C:\UserWorx\VSWorx\ServoStudio\wpfui-servoStudio\samples\Wpf.Ui.servoStudio\Models\Cia402Varibles.cs(377,30): warning IDE0055: 淇鏍煎紡 (https://learn.microsoft.com/dotnet/fundamentals/code-analysis/style-rules/ide0055) [C:\UserWorx\VSWorx\ServoStudio\wpfui-servoStudio\samples\Wpf.Ui.servoStudio\servoStudio_wjhet5xd_wpftmp.csproj]
C:\UserWorx\VSWorx\ServoStudio\wpfui-servoStudio\samples\Wpf.Ui.servoStudio\Models\Cia402Varibles.cs(377,32): warning IDE0055: 淇鏍煎紡 (https://learn.microsoft.com/dotnet/fundamentals/code-analysis/style-rules/ide0055) [C:\UserWorx\VSWorx\ServoStudio\wpfui-servoStudio\samples\Wpf.Ui.servoStudio\servoStudio_wjhet5xd_wpftmp.csproj]
C:\UserWorx\VSWorx\ServoStudio\wpfui-servoStudio\samples\Wpf.Ui.servoStudio\Models\Cia402Varibles.cs(377,42): warning IDE0055: 淇鏍煎紡 (https://learn.microsoft.com/dotnet/fundamentals/code-analysis/style-rules/ide0055) [C:\UserWorx\VSWorx\ServoStudio\wpfui-servoStudio\samples\Wpf.Ui.servoStudio\servoStudio_wjhet5xd_wpftmp.csproj]
C:\UserWorx\VSWorx\ServoStudio\wpfui-servoStudio\samples\Wpf.Ui.servoStudio\Models\Cia402Varibles.cs(378,42): warning IDE0055: 淇鏍煎紡 (https://learn.microsoft.com/dotnet/fundamentals/code-analysis/style-rules/ide0055) [C:\UserWorx\VSWorx\ServoStudio\wpfui-servoStudio\samples\Wpf.Ui.servoStudio\servoStudio_wjhet5xd_wpftmp.csproj]
C:\UserWorx\VSWorx\ServoStudio\wpfui-servoStudio\samples\Wpf.Ui.servoStudio\Models\Cia402Varibles.cs(378,44): warning IDE0055: 淇鏍煎紡 (https://learn.microsoft.com/dotnet/fundamentals/code-analysis/style-rules/ide0055) [C:\UserWorx\VSWorx\ServoStudio\wpfui-servoStudio\samples\Wpf.Ui.servoStudio\servoStudio_wjhet5xd_wpftmp.csproj]
C:\UserWorx\VSWorx\ServoStudio\wpfui-servoStudio\samples\Wpf.Ui.servoStudio\Models\Cia402Varibles.cs(378,54): warning IDE0055: 淇鏍煎紡 (https://learn.microsoft.com/dotnet/fundamentals/code-analysis/style-rules/ide0055) [C:\UserWorx\VSWorx\ServoStudio\wpfui-servoStudio\samples\Wpf.Ui.servoStudio\servoStudio_wjhet5xd_wpftmp.csproj]
C:\UserWorx\VSWorx\ServoStudio\wpfui-servoStudio\samples\Wpf.Ui.servoStudio\Models\Cia402Varibles.cs(386,30): warning IDE0055: 淇鏍煎紡 (https://learn.microsoft.com/dotnet/fundamentals/code-analysis/style-rules/ide0055) [C:\UserWorx\VSWorx\ServoStudio\wpfui-servoStudio\samples\Wpf.Ui.servoStudio\servoStudio_wjhet5xd_wpftmp.csproj]
C:\UserWorx\VSWorx\ServoStudio\wpfui-servoStudio\samples\Wpf.Ui.servoStudio\Models\Cia402Varibles.cs(386,32): warning IDE0055: 淇鏍煎紡 (https://learn.microsoft.com/dotnet/fundamentals/code-analysis/style-rules/ide0055) [C:\UserWorx\VSWorx\ServoStudio\wpfui-servoStudio\samples\Wpf.Ui.servoStudio\servoStudio_wjhet5xd_wpftmp.csproj]
C:\UserWorx\VSWorx\ServoStudio\wpfui-servoStudio\samples\Wpf.Ui.servoStudio\Models\Cia402Varibles.cs(386,42): warning IDE0055: 淇鏍煎紡 (https://learn.microsoft.com/dotnet/fundamentals/code-analysis/style-rules/ide0055) [C:\UserWorx\VSWorx\ServoStudio\wpfui-servoStudio\samples\Wpf.Ui.servoStudio\servoStudio_wjhet5xd_wpftmp.csproj]
C:\UserWorx\VSWorx\ServoStudio\wpfui-servoStudio\samples\Wpf.Ui.servoStudio\Models\Cia402Varibles.cs(387,30): warning IDE0055: 淇鏍煎紡 (https://learn.microsoft.com/dotnet/fundamentals/code-analysis/style-rules/ide0055) [C:\UserWorx\VSWorx\ServoStudio\wpfui-servoStudio\samples\Wpf.Ui.servoStudio\servoStudio_wjhet5xd_wpftmp.csproj]
C:\UserWorx\VSWorx\ServoStudio\wpfui-servoStudio\samples\Wpf.Ui.servoStudio\Models\Cia402Varibles.cs(387,32): warning IDE0055: 淇鏍煎紡 (https://learn.microsoft.com/dotnet/fundamentals/code-analysis/style-rules/ide0055) [C:\UserWorx\VSWorx\ServoStudio\wpfui-servoStudio\samples\Wpf.Ui.servoStudio\servoStudio_wjhet5xd_wpftmp.csproj]
C:\UserWorx\VSWorx\ServoStudio\wpfui-servoStudio\samples\Wpf.Ui.servoStudio\Models\Cia402Varibles.cs(387,42): warning IDE0055: 淇鏍煎紡 (https://learn.microsoft.com/dotnet/fundamentals/code-analysis/style-rules/ide0055) [C:\UserWorx\VSWorx\ServoStudio\wpfui-servoStudio\samples\Wpf.Ui.servoStudio\servoStudio_wjhet5xd_wpftmp.csproj]
C:\UserWorx\VSWorx\ServoStudio\wpfui-servoStudio\samples\Wpf.Ui.servoStudio\Models\Cia402Varibles.cs(388,42): warning IDE0055: 淇鏍煎紡 (https://learn.microsoft.com/dotnet/fundamentals/code-analysis/style-rules/ide0055) [C:\UserWorx\VSWorx\ServoStudio\wpfui-servoStudio\samples\Wpf.Ui.servoStudio\servoStudio_wjhet5xd_wpftmp.csproj]
C:\UserWorx\VSWorx\ServoStudio\wpfui-servoStudio\samples\Wpf.Ui.servoStudio\Models\Cia402Varibles.cs(388,44): warning IDE0055: 淇鏍煎紡 (https://learn.microsoft.com/dotnet/fundamentals/code-analysis/style-rules/ide0055) [C:\UserWorx\VSWorx\ServoStudio\wpfui-servoStudio\samples\Wpf.Ui.servoStudio\servoStudio_wjhet5xd_wpftmp.csproj]
C:\UserWorx\VSWorx\ServoStudio\wpfui-servoStudio\samples\Wpf.Ui.servoStudio\Models\Cia402Varibles.cs(388,54): warning IDE0055: 淇鏍煎紡 (https://learn.microsoft.com/dotnet/fundamentals/code-analysis/style-rules/ide0055) [C:\UserWorx\VSWorx\ServoStudio\wpfui-servoStudio\samples\Wpf.Ui.servoStudio\servoStudio_wjhet5xd_wpftmp.csproj]
C:\UserWorx\VSWorx\ServoStudio\wpfui-servoStudio\samples\Wpf.Ui.servoStudio\Models\DataColor.cs(12,23): warning IDE0055: 淇鏍煎紡 (https://learn.microsoft.com/dotnet/fundamentals/code-analysis/style-rules/ide0055) [C:\UserWorx\VSWorx\ServoStudio\wpfui-servoStudio\samples\Wpf.Ui.servoStudio\servoStudio_wjhet5xd_wpftmp.csproj]
C:\UserWorx\VSWorx\ServoStudio\wpfui-servoStudio\samples\Wpf.Ui.servoStudio\Models\DataColor.cs(12,25): warning IDE0055: 淇鏍煎紡 (https://learn.microsoft.com/dotnet/fundamentals/code-analysis/style-rules/ide0055) [C:\UserWorx\VSWorx\ServoStudio\wpfui-servoStudio\samples\Wpf.Ui.servoStudio\servoStudio_wjhet5xd_wpftmp.csproj]
C:\UserWorx\VSWorx\ServoStudio\wpfui-servoStudio\samples\Wpf.Ui.servoStudio\Models\DataColor.cs(12,35): warning IDE0055: 淇鏍煎紡 (https://learn.microsoft.com/dotnet/fundamentals/code-analysis/style-rules/ide0055) [C:\UserWorx\VSWorx\ServoStudio\wpfui-servoStudio\samples\Wpf.Ui.servoStudio\servoStudio_wjhet5xd_wpftmp.csproj]
C:\UserWorx\VSWorx\ServoStudio\wpfui-servoStudio\samples\Wpf.Ui.servoStudio\Models\DataSaveModels.cs(51,37): warning IDE0055: 淇鏍煎紡 (https://learn.microsoft.com/dotnet/fundamentals/code-analysis/style-rules/ide0055) [C:\UserWorx\VSWorx\ServoStudio\wpfui-servoStudio\samples\Wpf.Ui.servoStudio\servoStudio_wjhet5xd_wpftmp.csproj]
C:\UserWorx\VSWorx\ServoStudio\wpfui-servoStudio\samples\Wpf.Ui.servoStudio\Models\DataSaveModels.cs(51,39): warning IDE0055: 淇鏍煎紡 (https://learn.microsoft.com/dotnet/fundamentals/code-analysis/style-rules/ide0055) [C:\UserWorx\VSWorx\ServoStudio\wpfui-servoStudio\samples\Wpf.Ui.servoStudio\servoStudio_wjhet5xd_wpftmp.csproj]
C:\UserWorx\VSWorx\ServoStudio\wpfui-servoStudio\samples\Wpf.Ui.servoStudio\Models\DataSaveModels.cs(51,50): warning IDE0055: 淇鏍煎紡 (https://learn.microsoft.com/dotnet/fundamentals/code-analysis/style-rules/ide0055) [C:\UserWorx\VSWorx\ServoStudio\wpfui-servoStudio\samples\Wpf.Ui.servoStudio\servoStudio_wjhet5xd_wpftmp.csproj]
C:\UserWorx\VSWorx\ServoStudio\wpfui-servoStudio\samples\Wpf.Ui.servoStudio\Models\DataSaveModels.cs(54,27): warning IDE0055: 淇鏍煎紡 (https://learn.microsoft.com/dotnet/fundamentals/code-analysis/style-rules/ide0055) [C:\UserWorx\VSWorx\ServoStudio\wpfui-servoStudio\samples\Wpf.Ui.servoStudio\servoStudio_wjhet5xd_wpftmp.csproj]
C:\UserWorx\VSWorx\ServoStudio\wpfui-servoStudio\samples\Wpf.Ui.servoStudio\Models\DataSaveModels.cs(54,29): warning IDE0055: 淇鏍煎紡 (https://learn.microsoft.com/dotnet/fundamentals/code-analysis/style-rules/ide0055) [C:\UserWorx\VSWorx\ServoStudio\wpfui-servoStudio\samples\Wpf.Ui.servoStudio\servoStudio_wjhet5xd_wpftmp.csproj]
C:\UserWorx\VSWorx\ServoStudio\wpfui-servoStudio\samples\Wpf.Ui.servoStudio\Models\DataSaveModels.cs(54,40): warning IDE0055: 淇鏍煎紡 (https://learn.microsoft.com/dotnet/fundamentals/code-analysis/style-rules/ide0055) [C:\UserWorx\VSWorx\ServoStudio\wpfui-servoStudio\samples\Wpf.Ui.servoStudio\servoStudio_wjhet5xd_wpftmp.csproj]
C:\UserWorx\VSWorx\ServoStudio\wpfui-servoStudio\samples\Wpf.Ui.servoStudio\Models\DataSaveModels.cs(57,28): warning IDE0055: 淇鏍煎紡 (https://learn.microsoft.com/dotnet/fundamentals/code-analysis/style-rules/ide0055) [C:\UserWorx\VSWorx\ServoStudio\wpfui-servoStudio\samples\Wpf.Ui.servoStudio\servoStudio_wjhet5xd_wpftmp.csproj]
C:\UserWorx\VSWorx\ServoStudio\wpfui-servoStudio\samples\Wpf.Ui.servoStudio\Models\DataSaveModels.cs(57,30): warning IDE0055: 淇鏍煎紡 (https://learn.microsoft.com/dotnet/fundamentals/code-analysis/style-rules/ide0055) [C:\UserWorx\VSWorx\ServoStudio\wpfui-servoStudio\samples\Wpf.Ui.servoStudio\servoStudio_wjhet5xd_wpftmp.csproj]
C:\UserWorx\VSWorx\ServoStudio\wpfui-servoStudio\samples\Wpf.Ui.servoStudio\Models\DataSaveModels.cs(57,41): warning IDE0055: 淇鏍煎紡 (https://learn.microsoft.com/dotnet/fundamentals/code-analysis/style-rules/ide0055) [C:\UserWorx\VSWorx\ServoStudio\wpfui-servoStudio\samples\Wpf.Ui.servoStudio\servoStudio_wjhet5xd_wpftmp.csproj]
C:\UserWorx\VSWorx\ServoStudio\wpfui-servoStudio\samples\Wpf.Ui.servoStudio\Models\DataSaveModels.cs(65,40): warning IDE0055: 淇鏍煎紡 (https://learn.microsoft.com/dotnet/fundamentals/code-analysis/style-rules/ide0055) [C:\UserWorx\VSWorx\ServoStudio\wpfui-servoStudio\samples\Wpf.Ui.servoStudio\servoStudio_wjhet5xd_wpftmp.csproj]
C:\UserWorx\VSWorx\ServoStudio\wpfui-servoStudio\samples\Wpf.Ui.servoStudio\Models\DataSaveModels.cs(65,42): warning IDE0055: 淇鏍煎紡 (https://learn.microsoft.com/dotnet/fundamentals/code-analysis/style-rules/ide0055) [C:\UserWorx\VSWorx\ServoStudio\wpfui-servoStudio\samples\Wpf.Ui.servoStudio\servoStudio_wjhet5xd_wpftmp.csproj]
C:\UserWorx\VSWorx\ServoStudio\wpfui-servoStudio\samples\Wpf.Ui.servoStudio\Models\DataSaveModels.cs(65,53): warning IDE0055: 淇鏍煎紡 (https://learn.microsoft.com/dotnet/fundamentals/code-analysis/style-rules/ide0055) [C:\UserWorx\VSWorx\ServoStudio\wpfui-servoStudio\samples\Wpf.Ui.servoStudio\servoStudio_wjhet5xd_wpftmp.csproj]
C:\UserWorx\VSWorx\ServoStudio\wpfui-servoStudio\samples\Wpf.Ui.servoStudio\Models\Device.cs(10,21): warning IDE0055: 淇鏍煎紡 (https://learn.microsoft.com/dotnet/fundamentals/code-analysis/style-rules/ide0055) [C:\UserWorx\VSWorx\ServoStudio\wpfui-servoStudio\samples\Wpf.Ui.servoStudio\servoStudio_wjhet5xd_wpftmp.csproj]
C:\UserWorx\VSWorx\ServoStudio\wpfui-servoStudio\samples\Wpf.Ui.servoStudio\Models\Device.cs(10,23): warning IDE0055: 淇鏍煎紡 (https://learn.microsoft.com/dotnet/fundamentals/code-analysis/style-rules/ide0055) [C:\UserWorx\VSWorx\ServoStudio\wpfui-servoStudio\samples\Wpf.Ui.servoStudio\servoStudio_wjhet5xd_wpftmp.csproj]
C:\UserWorx\VSWorx\ServoStudio\wpfui-servoStudio\samples\Wpf.Ui.servoStudio\Models\Device.cs(10,33): warning IDE0055: 淇鏍煎紡 (https://learn.microsoft.com/dotnet/fundamentals/code-analysis/style-rules/ide0055) [C:\UserWorx\VSWorx\ServoStudio\wpfui-servoStudio\samples\Wpf.Ui.servoStudio\servoStudio_wjhet5xd_wpftmp.csproj]
C:\UserWorx\VSWorx\ServoStudio\wpfui-servoStudio\samples\Wpf.Ui.servoStudio\Models\Device.cs(12,30): warning IDE0055: 淇鏍煎紡 (https://learn.microsoft.com/dotnet/fundamentals/code-analysis/style-rules/ide0055) [C:\UserWorx\VSWorx\ServoStudio\wpfui-servoStudio\samples\Wpf.Ui.servoStudio\servoStudio_wjhet5xd_wpftmp.csproj]
C:\UserWorx\VSWorx\ServoStudio\wpfui-servoStudio\samples\Wpf.Ui.servoStudio\Models\Device.cs(12,32): warning IDE0055: 淇鏍煎紡 (https://learn.microsoft.com/dotnet/fundamentals/code-analysis/style-rules/ide0055) [C:\UserWorx\VSWorx\ServoStudio\wpfui-servoStudio\samples\Wpf.Ui.servoStudio\servoStudio_wjhet5xd_wpftmp.csproj]
C:\UserWorx\VSWorx\ServoStudio\wpfui-servoStudio\samples\Wpf.Ui.servoStudio\Models\Device.cs(12,42): warning IDE0055: 淇鏍煎紡 (https://learn.microsoft.com/dotnet/fundamentals/code-analysis/style-rules/ide0055) [C:\UserWorx\VSWorx\ServoStudio\wpfui-servoStudio\samples\Wpf.Ui.servoStudio\servoStudio_wjhet5xd_wpftmp.csproj]
C:\UserWorx\VSWorx\ServoStudio\wpfui-servoStudio\samples\Wpf.Ui.servoStudio\Models\Device.cs(14,28): warning IDE0055: 淇鏍煎紡 (https://learn.microsoft.com/dotnet/fundamentals/code-analysis/style-rules/ide0055) [C:\UserWorx\VSWorx\ServoStudio\wpfui-servoStudio\samples\Wpf.Ui.servoStudio\servoStudio_wjhet5xd_wpftmp.csproj]
C:\UserWorx\VSWorx\ServoStudio\wpfui-servoStudio\samples\Wpf.Ui.servoStudio\Models\Device.cs(14,30): warning IDE0055: 淇鏍煎紡 (https://learn.microsoft.com/dotnet/fundamentals/code-analysis/style-rules/ide0055) [C:\UserWorx\VSWorx\ServoStudio\wpfui-servoStudio\samples\Wpf.Ui.servoStudio\servoStudio_wjhet5xd_wpftmp.csproj]
C:\UserWorx\VSWorx\ServoStudio\wpfui-servoStudio\samples\Wpf.Ui.servoStudio\Models\Device.cs(14,40): warning IDE0055: 淇鏍煎紡 (https://learn.microsoft.com/dotnet/fundamentals/code-analysis/style-rules/ide0055) [C:\UserWorx\VSWorx\ServoStudio\wpfui-servoStudio\samples\Wpf.Ui.servoStudio\servoStudio_wjhet5xd_wpftmp.csproj]
C:\UserWorx\VSWorx\ServoStudio\wpfui-servoStudio\samples\Wpf.Ui.servoStudio\Models\Device.cs(16,27): warning IDE0055: 淇鏍煎紡 (https://learn.microsoft.com/dotnet/fundamentals/code-analysis/style-rules/ide0055) [C:\UserWorx\VSWorx\ServoStudio\wpfui-servoStudio\samples\Wpf.Ui.servoStudio\servoStudio_wjhet5xd_wpftmp.csproj]
C:\UserWorx\VSWorx\ServoStudio\wpfui-servoStudio\samples\Wpf.Ui.servoStudio\Models\Device.cs(16,29): warning IDE0055: 淇鏍煎紡 (https://learn.microsoft.com/dotnet/fundamentals/code-analysis/style-rules/ide0055) [C:\UserWorx\VSWorx\ServoStudio\wpfui-servoStudio\samples\Wpf.Ui.servoStudio\servoStudio_wjhet5xd_wpftmp.csproj]
C:\UserWorx\VSWorx\ServoStudio\wpfui-servoStudio\samples\Wpf.Ui.servoStudio\Models\Device.cs(16,39): warning IDE0055: 淇鏍煎紡 (https://learn.microsoft.com/dotnet/fundamentals/code-analysis/style-rules/ide0055) [C:\UserWorx\VSWorx\ServoStudio\wpfui-servoStudio\samples\Wpf.Ui.servoStudio\servoStudio_wjhet5xd_wpftmp.csproj]
C:\UserWorx\VSWorx\ServoStudio\wpfui-servoStudio\samples\Wpf.Ui.servoStudio\Models\FactoryParameters.cs(68,29): warning IDE0055: 淇鏍煎紡 (https://learn.microsoft.com/dotnet/fundamentals/code-analysis/style-rules/ide0055) [C:\UserWorx\VSWorx\ServoStudio\wpfui-servoStudio\samples\Wpf.Ui.servoStudio\servoStudio_wjhet5xd_wpftmp.csproj]
C:\UserWorx\VSWorx\ServoStudio\wpfui-servoStudio\samples\Wpf.Ui.servoStudio\Models\FactoryParameters.cs(68,31): warning IDE0055: 淇鏍煎紡 (https://learn.microsoft.com/dotnet/fundamentals/code-analysis/style-rules/ide0055) [C:\UserWorx\VSWorx\ServoStudio\wpfui-servoStudio\samples\Wpf.Ui.servoStudio\servoStudio_wjhet5xd_wpftmp.csproj]
C:\UserWorx\VSWorx\ServoStudio\wpfui-servoStudio\samples\Wpf.Ui.servoStudio\Models\FactoryParameters.cs(68,41): warning IDE0055: 淇鏍煎紡 (https://learn.microsoft.com/dotnet/fundamentals/code-analysis/style-rules/ide0055) [C:\UserWorx\VSWorx\ServoStudio\wpfui-servoStudio\samples\Wpf.Ui.servoStudio\servoStudio_wjhet5xd_wpftmp.csproj]
C:\UserWorx\VSWorx\ServoStudio\wpfui-servoStudio\samples\Wpf.Ui.servoStudio\Models\FactoryParameters.cs(160,27): warning IDE0055: 淇鏍煎紡 (https://learn.microsoft.com/dotnet/fundamentals/code-analysis/style-rules/ide0055) [C:\UserWorx\VSWorx\ServoStudio\wpfui-servoStudio\samples\Wpf.Ui.servoStudio\servoStudio_wjhet5xd_wpftmp.csproj]
C:\UserWorx\VSWorx\ServoStudio\wpfui-servoStudio\samples\Wpf.Ui.servoStudio\Models\FactoryParameters.cs(160,29): warning IDE0055: 淇鏍煎紡 (https://learn.microsoft.com/dotnet/fundamentals/code-analysis/style-rules/ide0055) [C:\UserWorx\VSWorx\ServoStudio\wpfui-servoStudio\samples\Wpf.Ui.servoStudio\servoStudio_wjhet5xd_wpftmp.csproj]
C:\UserWorx\VSWorx\ServoStudio\wpfui-servoStudio\samples\Wpf.Ui.servoStudio\Models\FactoryParameters.cs(160,34): warning IDE0055: 淇鏍煎紡 (https://learn.microsoft.com/dotnet/fundamentals/code-analysis/style-rules/ide0055) [C:\UserWorx\VSWorx\ServoStudio\wpfui-servoStudio\samples\Wpf.Ui.servoStudio\servoStudio_wjhet5xd_wpftmp.csproj]
C:\UserWorx\VSWorx\ServoStudio\wpfui-servoStudio\samples\Wpf.Ui.servoStudio\Models\FactoryParameters.cs(166,29): warning IDE0055: 淇鏍煎紡 (https://learn.microsoft.com/dotnet/fundamentals/code-analysis/style-rules/ide0055) [C:\UserWorx\VSWorx\ServoStudio\wpfui-servoStudio\samples\Wpf.Ui.servoStudio\servoStudio_wjhet5xd_wpftmp.csproj]
C:\UserWorx\VSWorx\ServoStudio\wpfui-servoStudio\samples\Wpf.Ui.servoStudio\Models\FactoryParameters.cs(166,31): warning IDE0055: 淇鏍煎紡 (https://learn.microsoft.com/dotnet/fundamentals/code-analysis/style-rules/ide0055) [C:\UserWorx\VSWorx\ServoStudio\wpfui-servoStudio\samples\Wpf.Ui.servoStudio\servoStudio_wjhet5xd_wpftmp.csproj]
C:\UserWorx\VSWorx\ServoStudio\wpfui-servoStudio\samples\Wpf.Ui.servoStudio\Models\FactoryParameters.cs(166,41): warning IDE0055: 淇鏍煎紡 (https://learn.microsoft.com/dotnet/fundamentals/code-analysis/style-rules/ide0055) [C:\UserWorx\VSWorx\ServoStudio\wpfui-servoStudio\samples\Wpf.Ui.servoStudio\servoStudio_wjhet5xd_wpftmp.csproj]
C:\UserWorx\VSWorx\ServoStudio\wpfui-servoStudio\samples\Wpf.Ui.servoStudio\Models\FactoryParameters.cs(168,29): warning IDE0055: 淇鏍煎紡 (https://learn.microsoft.com/dotnet/fundamentals/code-analysis/style-rules/ide0055) [C:\UserWorx\VSWorx\ServoStudio\wpfui-servoStudio\samples\Wpf.Ui.servoStudio\servoStudio_wjhet5xd_wpftmp.csproj]
C:\UserWorx\VSWorx\ServoStudio\wpfui-servoStudio\samples\Wpf.Ui.servoStudio\Models\FactoryParameters.cs(168,31): warning IDE0055: 淇鏍煎紡 (https://learn.microsoft.com/dotnet/fundamentals/code-analysis/style-rules/ide0055) [C:\UserWorx\VSWorx\ServoStudio\wpfui-servoStudio\samples\Wpf.Ui.servoStudio\servoStudio_wjhet5xd_wpftmp.csproj]
C:\UserWorx\VSWorx\ServoStudio\wpfui-servoStudio\samples\Wpf.Ui.servoStudio\Models\FactoryParameters.cs(168,41): warning IDE0055: 淇鏍煎紡 (https://learn.microsoft.com/dotnet/fundamentals/code-analysis/style-rules/ide0055) [C:\UserWorx\VSWorx\ServoStudio\wpfui-servoStudio\samples\Wpf.Ui.servoStudio\servoStudio_wjhet5xd_wpftmp.csproj]
C:\UserWorx\VSWorx\ServoStudio\wpfui-servoStudio\samples\Wpf.Ui.servoStudio\Models\FrameFormat.cs(103,29): warning IDE0055: 淇鏍煎紡 (https://learn.microsoft.com/dotnet/fundamentals/code-analysis/style-rules/ide0055) [C:\UserWorx\VSWorx\ServoStudio\wpfui-servoStudio\samples\Wpf.Ui.servoStudio\servoStudio_wjhet5xd_wpftmp.csproj]
C:\UserWorx\VSWorx\ServoStudio\wpfui-servoStudio\samples\Wpf.Ui.servoStudio\Models\FrameFormat.cs(103,31): warning IDE0055: 淇鏍煎紡 (https://learn.microsoft.com/dotnet/fundamentals/code-analysis/style-rules/ide0055) [C:\UserWorx\VSWorx\ServoStudio\wpfui-servoStudio\samples\Wpf.Ui.servoStudio\servoStudio_wjhet5xd_wpftmp.csproj]
C:\UserWorx\VSWorx\ServoStudio\wpfui-servoStudio\samples\Wpf.Ui.servoStudio\Models\FrameFormat.cs(131,41): warning IDE0055: 淇鏍煎紡 (https://learn.microsoft.com/dotnet/fundamentals/code-analysis/style-rules/ide0055) [C:\UserWorx\VSWorx\ServoStudio\wpfui-servoStudio\samples\Wpf.Ui.servoStudio\servoStudio_wjhet5xd_wpftmp.csproj]
C:\UserWorx\VSWorx\ServoStudio\wpfui-servoStudio\samples\Wpf.Ui.servoStudio\Models\FrameFormat.cs(149,25): warning IDE0055: 淇鏍煎紡 (https://learn.microsoft.com/dotnet/fundamentals/code-analysis/style-rules/ide0055) [C:\UserWorx\VSWorx\ServoStudio\wpfui-servoStudio\samples\Wpf.Ui.servoStudio\servoStudio_wjhet5xd_wpftmp.csproj]
C:\UserWorx\VSWorx\ServoStudio\wpfui-servoStudio\samples\Wpf.Ui.servoStudio\Models\FrameFormat.cs(156,27): warning IDE0055: 淇鏍煎紡 (https://learn.microsoft.com/dotnet/fundamentals/code-analysis/style-rules/ide0055) [C:\UserWorx\VSWorx\ServoStudio\wpfui-servoStudio\samples\Wpf.Ui.servoStudio\servoStudio_wjhet5xd_wpftmp.csproj]
C:\UserWorx\VSWorx\ServoStudio\wpfui-servoStudio\samples\Wpf.Ui.servoStudio\Models\FrameFormat.cs(207,49): warning IDE0055: 淇鏍煎紡 (https://learn.microsoft.com/dotnet/fundamentals/code-analysis/style-rules/ide0055) [C:\UserWorx\VSWorx\ServoStudio\wpfui-servoStudio\samples\Wpf.Ui.servoStudio\servoStudio_wjhet5xd_wpftmp.csproj]
C:\UserWorx\VSWorx\ServoStudio\wpfui-servoStudio\samples\Wpf.Ui.servoStudio\Models\FrameFormat.cs(253,51): warning IDE0055: 淇鏍煎紡 (https://learn.microsoft.com/dotnet/fundamentals/code-analysis/style-rules/ide0055) [C:\UserWorx\VSWorx\ServoStudio\wpfui-servoStudio\samples\Wpf.Ui.servoStudio\servoStudio_wjhet5xd_wpftmp.csproj]
C:\UserWorx\VSWorx\ServoStudio\wpfui-servoStudio\samples\Wpf.Ui.servoStudio\Models\FrameFormat.cs(256,29): warning IDE0055: 淇鏍煎紡 (https://learn.microsoft.com/dotnet/fundamentals/code-analysis/style-rules/ide0055) [C:\UserWorx\VSWorx\ServoStudio\wpfui-servoStudio\samples\Wpf.Ui.servoStudio\servoStudio_wjhet5xd_wpftmp.csproj]
C:\UserWorx\VSWorx\ServoStudio\wpfui-servoStudio\samples\Wpf.Ui.servoStudio\Models\FrameFormat.cs(261,50): warning IDE0055: 淇鏍煎紡 (https://learn.microsoft.com/dotnet/fundamentals/code-analysis/style-rules/ide0055) [C:\UserWorx\VSWorx\ServoStudio\wpfui-servoStudio\samples\Wpf.Ui.servoStudio\servoStudio_wjhet5xd_wpftmp.csproj]
C:\UserWorx\VSWorx\ServoStudio\wpfui-servoStudio\samples\Wpf.Ui.servoStudio\Models\FrameFormat.cs(262,51): warning IDE0055: 淇鏍煎紡 (https://learn.microsoft.com/dotnet/fundamentals/code-analysis/style-rules/ide0055) [C:\UserWorx\VSWorx\ServoStudio\wpfui-servoStudio\samples\Wpf.Ui.servoStudio\servoStudio_wjhet5xd_wpftmp.csproj]
C:\UserWorx\VSWorx\ServoStudio\wpfui-servoStudio\samples\Wpf.Ui.servoStudio\Models\FrameFormat.cs(445,43): warning IDE0055: 淇鏍煎紡 (https://learn.microsoft.com/dotnet/fundamentals/code-analysis/style-rules/ide0055) [C:\UserWorx\VSWorx\ServoStudio\wpfui-servoStudio\samples\Wpf.Ui.servoStudio\servoStudio_wjhet5xd_wpftmp.csproj]
C:\UserWorx\VSWorx\ServoStudio\wpfui-servoStudio\samples\Wpf.Ui.servoStudio\Models\FrameFormat.cs(445,45): warning IDE0055: 淇鏍煎紡 (https://learn.microsoft.com/dotnet/fundamentals/code-analysis/style-rules/ide0055) [C:\UserWorx\VSWorx\ServoStudio\wpfui-servoStudio\samples\Wpf.Ui.servoStudio\servoStudio_wjhet5xd_wpftmp.csproj]
C:\UserWorx\VSWorx\ServoStudio\wpfui-servoStudio\samples\Wpf.Ui.servoStudio\Models\FrameFormat.cs(445,50): warning IDE0055: 淇鏍煎紡 (https://learn.microsoft.com/dotnet/fundamentals/code-analysis/style-rules/ide0055) [C:\UserWorx\VSWorx\ServoStudio\wpfui-servoStudio\samples\Wpf.Ui.servoStudio\servoStudio_wjhet5xd_wpftmp.csproj]
C:\UserWorx\VSWorx\ServoStudio\wpfui-servoStudio\samples\Wpf.Ui.servoStudio\Models\FrameFormat.cs(447,30): warning IDE0055: 淇鏍煎紡 (https://learn.microsoft.com/dotnet/fundamentals/code-analysis/style-rules/ide0055) [C:\UserWorx\VSWorx\ServoStudio\wpfui-servoStudio\samples\Wpf.Ui.servoStudio\servoStudio_wjhet5xd_wpftmp.csproj]
C:\UserWorx\VSWorx\ServoStudio\wpfui-servoStudio\samples\Wpf.Ui.servoStudio\Models\FrameFormat.cs(447,32): warning IDE0055: 淇鏍煎紡 (https://learn.microsoft.com/dotnet/fundamentals/code-analysis/style-rules/ide0055) [C:\UserWorx\VSWorx\ServoStudio\wpfui-servoStudio\samples\Wpf.Ui.servoStudio\servoStudio_wjhet5xd_wpftmp.csproj]
C:\UserWorx\VSWorx\ServoStudio\wpfui-servoStudio\samples\Wpf.Ui.servoStudio\Models\FrameFormat.cs(447,37): warning IDE0055: 淇鏍煎紡 (https://learn.microsoft.com/dotnet/fundamentals/code-analysis/style-rules/ide0055) [C:\UserWorx\VSWorx\ServoStudio\wpfui-servoStudio\samples\Wpf.Ui.servoStudio\servoStudio_wjhet5xd_wpftmp.csproj]
C:\UserWorx\VSWorx\ServoStudio\wpfui-servoStudio\samples\Wpf.Ui.servoStudio\Models\FrameFormat.cs(463,43): warning IDE0055: 淇鏍煎紡 (https://learn.microsoft.com/dotnet/fundamentals/code-analysis/style-rules/ide0055) [C:\UserWorx\VSWorx\ServoStudio\wpfui-servoStudio\samples\Wpf.Ui.servoStudio\servoStudio_wjhet5xd_wpftmp.csproj]
C:\UserWorx\VSWorx\ServoStudio\wpfui-servoStudio\samples\Wpf.Ui.servoStudio\Models\FrameFormat.cs(463,45): warning IDE0055: 淇鏍煎紡 (https://learn.microsoft.com/dotnet/fundamentals/code-analysis/style-rules/ide0055) [C:\UserWorx\VSWorx\ServoStudio\wpfui-servoStudio\samples\Wpf.Ui.servoStudio\servoStudio_wjhet5xd_wpftmp.csproj]
C:\UserWorx\VSWorx\ServoStudio\wpfui-servoStudio\samples\Wpf.Ui.servoStudio\Models\FrameFormat.cs(463,50): warning IDE0055: 淇鏍煎紡 (https://learn.microsoft.com/dotnet/fundamentals/code-analysis/style-rules/ide0055) [C:\UserWorx\VSWorx\ServoStudio\wpfui-servoStudio\samples\Wpf.Ui.servoStudio\servoStudio_wjhet5xd_wpftmp.csproj]
C:\UserWorx\VSWorx\ServoStudio\wpfui-servoStudio\samples\Wpf.Ui.servoStudio\Models\FrameFormat.cs(143,9): warning IDE2003: 鍧椾笌鍚庣画璇彞涔嬮棿闇€瑕佹湁绌虹櫧琛?(https://learn.microsoft.com/dotnet/fundamentals/code-analysis/style-rules/ide2003) [C:\UserWorx\VSWorx\ServoStudio\wpfui-servoStudio\samples\Wpf.Ui.servoStudio\servoStudio_wjhet5xd_wpftmp.csproj]
C:\UserWorx\VSWorx\ServoStudio\wpfui-servoStudio\samples\Wpf.Ui.servoStudio\Models\HardwareController.cs(41,27): warning IDE0055: 淇鏍煎紡 (https://learn.microsoft.com/dotnet/fundamentals/code-analysis/style-rules/ide0055) [C:\UserWorx\VSWorx\ServoStudio\wpfui-servoStudio\samples\Wpf.Ui.servoStudio\servoStudio_wjhet5xd_wpftmp.csproj]
C:\UserWorx\VSWorx\ServoStudio\wpfui-servoStudio\samples\Wpf.Ui.servoStudio\Models\HardwareController.cs(41,29): warning IDE0055: 淇鏍煎紡 (https://learn.microsoft.com/dotnet/fundamentals/code-analysis/style-rules/ide0055) [C:\UserWorx\VSWorx\ServoStudio\wpfui-servoStudio\samples\Wpf.Ui.servoStudio\servoStudio_wjhet5xd_wpftmp.csproj]
C:\UserWorx\VSWorx\ServoStudio\wpfui-servoStudio\samples\Wpf.Ui.servoStudio\Models\HardwareController.cs(41,39): warning IDE0055: 淇鏍煎紡 (https://learn.microsoft.com/dotnet/fundamentals/code-analysis/style-rules/ide0055) [C:\UserWorx\VSWorx\ServoStudio\wpfui-servoStudio\samples\Wpf.Ui.servoStudio\servoStudio_wjhet5xd_wpftmp.csproj]
C:\UserWorx\VSWorx\ServoStudio\wpfui-servoStudio\samples\Wpf.Ui.servoStudio\Models\HardwareController.cs(44,27): warning IDE0055: 淇鏍煎紡 (https://learn.microsoft.com/dotnet/fundamentals/code-analysis/style-rules/ide0055) [C:\UserWorx\VSWorx\ServoStudio\wpfui-servoStudio\samples\Wpf.Ui.servoStudio\servoStudio_wjhet5xd_wpftmp.csproj]
C:\UserWorx\VSWorx\ServoStudio\wpfui-servoStudio\samples\Wpf.Ui.servoStudio\Models\HardwareController.cs(44,29): warning IDE0055: 淇鏍煎紡 (https://learn.microsoft.com/dotnet/fundamentals/code-analysis/style-rules/ide0055) [C:\UserWorx\VSWorx\ServoStudio\wpfui-servoStudio\samples\Wpf.Ui.servoStudio\servoStudio_wjhet5xd_wpftmp.csproj]
C:\UserWorx\VSWorx\ServoStudio\wpfui-servoStudio\samples\Wpf.Ui.servoStudio\Models\HardwareController.cs(44,39): warning IDE0055: 淇鏍煎紡 (https://learn.microsoft.com/dotnet/fundamentals/code-analysis/style-rules/ide0055) [C:\UserWorx\VSWorx\ServoStudio\wpfui-servoStudio\samples\Wpf.Ui.servoStudio\servoStudio_wjhet5xd_wpftmp.csproj]
C:\UserWorx\VSWorx\ServoStudio\wpfui-servoStudio\samples\Wpf.Ui.servoStudio\Models\HardwareController.cs(47,28): warning IDE0055: 淇鏍煎紡 (https://learn.microsoft.com/dotnet/fundamentals/code-analysis/style-rules/ide0055) [C:\UserWorx\VSWorx\ServoStudio\wpfui-servoStudio\samples\Wpf.Ui.servoStudio\servoStudio_wjhet5xd_wpftmp.csproj]
C:\UserWorx\VSWorx\ServoStudio\wpfui-servoStudio\samples\Wpf.Ui.servoStudio\Models\HardwareController.cs(47,30): warning IDE0055: 淇鏍煎紡 (https://learn.microsoft.com/dotnet/fundamentals/code-analysis/style-rules/ide0055) [C:\UserWorx\VSWorx\ServoStudio\wpfui-servoStudio\samples\Wpf.Ui.servoStudio\servoStudio_wjhet5xd_wpftmp.csproj]
C:\UserWorx\VSWorx\ServoStudio\wpfui-servoStudio\samples\Wpf.Ui.servoStudio\Models\HardwareController.cs(47,40): warning IDE0055: 淇鏍煎紡 (https://learn.microsoft.com/dotnet/fundamentals/code-analysis/style-rules/ide0055) [C:\UserWorx\VSWorx\ServoStudio\wpfui-servoStudio\samples\Wpf.Ui.servoStudio\servoStudio_wjhet5xd_wpftmp.csproj]
C:\UserWorx\VSWorx\ServoStudio\wpfui-servoStudio\samples\Wpf.Ui.servoStudio\Models\HardwareController.cs(89,12): warning IDE0055: 淇鏍煎紡 (https://learn.microsoft.com/dotnet/fundamentals/code-analysis/style-rules/ide0055) [C:\UserWorx\VSWorx\ServoStudio\wpfui-servoStudio\samples\Wpf.Ui.servoStudio\servoStudio_wjhet5xd_wpftmp.csproj]
C:\UserWorx\VSWorx\ServoStudio\wpfui-servoStudio\samples\Wpf.Ui.servoStudio\Models\HardwareController.cs(89,14): warning IDE0055: 淇鏍煎紡 (https://learn.microsoft.com/dotnet/fundamentals/code-analysis/style-rules/ide0055) [C:\UserWorx\VSWorx\ServoStudio\wpfui-servoStudio\samples\Wpf.Ui.servoStudio\servoStudio_wjhet5xd_wpftmp.csproj]
C:\UserWorx\VSWorx\ServoStudio\wpfui-servoStudio\samples\Wpf.Ui.servoStudio\Models\HardwareController.cs(89,38): warning IDE0055: 淇鏍煎紡 (https://learn.microsoft.com/dotnet/fundamentals/code-analysis/style-rules/ide0055) [C:\UserWorx\VSWorx\ServoStudio\wpfui-servoStudio\samples\Wpf.Ui.servoStudio\servoStudio_wjhet5xd_wpftmp.csproj]
C:\UserWorx\VSWorx\ServoStudio\wpfui-servoStudio\samples\Wpf.Ui.servoStudio\Models\HardwareController.cs(89,59): warning IDE0055: 淇鏍煎紡 (https://learn.microsoft.com/dotnet/fundamentals/code-analysis/style-rules/ide0055) [C:\UserWorx\VSWorx\ServoStudio\wpfui-servoStudio\samples\Wpf.Ui.servoStudio\servoStudio_wjhet5xd_wpftmp.csproj]
C:\UserWorx\VSWorx\ServoStudio\wpfui-servoStudio\samples\Wpf.Ui.servoStudio\Models\HardwareController.cs(97,12): warning IDE0055: 淇鏍煎紡 (https://learn.microsoft.com/dotnet/fundamentals/code-analysis/style-rules/ide0055) [C:\UserWorx\VSWorx\ServoStudio\wpfui-servoStudio\samples\Wpf.Ui.servoStudio\servoStudio_wjhet5xd_wpftmp.csproj]
C:\UserWorx\VSWorx\ServoStudio\wpfui-servoStudio\samples\Wpf.Ui.servoStudio\Models\HardwareController.cs(97,14): warning IDE0055: 淇鏍煎紡 (https://learn.microsoft.com/dotnet/fundamentals/code-analysis/style-rules/ide0055) [C:\UserWorx\VSWorx\ServoStudio\wpfui-servoStudio\samples\Wpf.Ui.servoStudio\servoStudio_wjhet5xd_wpftmp.csproj]
C:\UserWorx\VSWorx\ServoStudio\wpfui-servoStudio\samples\Wpf.Ui.servoStudio\Models\HardwareController.cs(97,35): warning IDE0055: 淇鏍煎紡 (https://learn.microsoft.com/dotnet/fundamentals/code-analysis/style-rules/ide0055) [C:\UserWorx\VSWorx\ServoStudio\wpfui-servoStudio\samples\Wpf.Ui.servoStudio\servoStudio_wjhet5xd_wpftmp.csproj]
C:\UserWorx\VSWorx\ServoStudio\wpfui-servoStudio\samples\Wpf.Ui.servoStudio\Models\HardwareController.cs(97,56): warning IDE0055: 淇鏍煎紡 (https://learn.microsoft.com/dotnet/fundamentals/code-analysis/style-rules/ide0055) [C:\UserWorx\VSWorx\ServoStudio\wpfui-servoStudio\samples\Wpf.Ui.servoStudio\servoStudio_wjhet5xd_wpftmp.csproj]
C:\UserWorx\VSWorx\ServoStudio\wpfui-servoStudio\samples\Wpf.Ui.servoStudio\Models\HexConvert.cs(18,26): warning IDE0055: 淇鏍煎紡 (https://learn.microsoft.com/dotnet/fundamentals/code-analysis/style-rules/ide0055) [C:\UserWorx\VSWorx\ServoStudio\wpfui-servoStudio\samples\Wpf.Ui.servoStudio\servoStudio_wjhet5xd_wpftmp.csproj]
C:\UserWorx\VSWorx\ServoStudio\wpfui-servoStudio\samples\Wpf.Ui.servoStudio\Models\HexConvert.cs(19,26): warning IDE0055: 淇鏍煎紡 (https://learn.microsoft.com/dotnet/fundamentals/code-analysis/style-rules/ide0055) [C:\UserWorx\VSWorx\ServoStudio\wpfui-servoStudio\samples\Wpf.Ui.servoStudio\servoStudio_wjhet5xd_wpftmp.csproj]
C:\UserWorx\VSWorx\ServoStudio\wpfui-servoStudio\samples\Wpf.Ui.servoStudio\Models\HexConvert.cs(19,46): warning IDE0055: 淇鏍煎紡 (https://learn.microsoft.com/dotnet/fundamentals/code-analysis/style-rules/ide0055) [C:\UserWorx\VSWorx\ServoStudio\wpfui-servoStudio\samples\Wpf.Ui.servoStudio\servoStudio_wjhet5xd_wpftmp.csproj]
C:\UserWorx\VSWorx\ServoStudio\wpfui-servoStudio\samples\Wpf.Ui.servoStudio\Models\HexConvert.cs(20,26): warning IDE0055: 淇鏍煎紡 (https://learn.microsoft.com/dotnet/fundamentals/code-analysis/style-rules/ide0055) [C:\UserWorx\VSWorx\ServoStudio\wpfui-servoStudio\samples\Wpf.Ui.servoStudio\servoStudio_wjhet5xd_wpftmp.csproj]
C:\UserWorx\VSWorx\ServoStudio\wpfui-servoStudio\samples\Wpf.Ui.servoStudio\Models\HexConvert.cs(20,46): warning IDE0055: 淇鏍煎紡 (https://learn.microsoft.com/dotnet/fundamentals/code-analysis/style-rules/ide0055) [C:\UserWorx\VSWorx\ServoStudio\wpfui-servoStudio\samples\Wpf.Ui.servoStudio\servoStudio_wjhet5xd_wpftmp.csproj]
C:\UserWorx\VSWorx\ServoStudio\wpfui-servoStudio\samples\Wpf.Ui.servoStudio\Models\HexConvert.cs(21,26): warning IDE0055: 淇鏍煎紡 (https://learn.microsoft.com/dotnet/fundamentals/code-analysis/style-rules/ide0055) [C:\UserWorx\VSWorx\ServoStudio\wpfui-servoStudio\samples\Wpf.Ui.servoStudio\servoStudio_wjhet5xd_wpftmp.csproj]
C:\UserWorx\VSWorx\ServoStudio\wpfui-servoStudio\samples\Wpf.Ui.servoStudio\Models\HexConvert.cs(21,46): warning IDE0055: 淇鏍煎紡 (https://learn.microsoft.com/dotnet/fundamentals/code-analysis/style-rules/ide0055) [C:\UserWorx\VSWorx\ServoStudio\wpfui-servoStudio\samples\Wpf.Ui.servoStudio\servoStudio_wjhet5xd_wpftmp.csproj]
C:\UserWorx\VSWorx\ServoStudio\wpfui-servoStudio\samples\Wpf.Ui.servoStudio\Models\HexConvert.cs(22,26): warning IDE0055: 淇鏍煎紡 (https://learn.microsoft.com/dotnet/fundamentals/code-analysis/style-rules/ide0055) [C:\UserWorx\VSWorx\ServoStudio\wpfui-servoStudio\samples\Wpf.Ui.servoStudio\servoStudio_wjhet5xd_wpftmp.csproj]
C:\UserWorx\VSWorx\ServoStudio\wpfui-servoStudio\samples\Wpf.Ui.servoStudio\Models\HexConvert.cs(22,46): warning IDE0055: 淇鏍煎紡 (https://learn.microsoft.com/dotnet/fundamentals/code-analysis/style-rules/ide0055) [C:\UserWorx\VSWorx\ServoStudio\wpfui-servoStudio\samples\Wpf.Ui.servoStudio\servoStudio_wjhet5xd_wpftmp.csproj]
C:\UserWorx\VSWorx\ServoStudio\wpfui-servoStudio\samples\Wpf.Ui.servoStudio\Models\HexConvert.cs(23,26): warning IDE0055: 淇鏍煎紡 (https://learn.microsoft.com/dotnet/fundamentals/code-analysis/style-rules/ide0055) [C:\UserWorx\VSWorx\ServoStudio\wpfui-servoStudio\samples\Wpf.Ui.servoStudio\servoStudio_wjhet5xd_wpftmp.csproj]
C:\UserWorx\VSWorx\ServoStudio\wpfui-servoStudio\samples\Wpf.Ui.servoStudio\Models\HexConvert.cs(23,46): warning IDE0055: 淇鏍煎紡 (https://learn.microsoft.com/dotnet/fundamentals/code-analysis/style-rules/ide0055) [C:\UserWorx\VSWorx\ServoStudio\wpfui-servoStudio\samples\Wpf.Ui.servoStudio\servoStudio_wjhet5xd_wpftmp.csproj]
C:\UserWorx\VSWorx\ServoStudio\wpfui-servoStudio\samples\Wpf.Ui.servoStudio\Models\HexConvert.cs(24,26): warning IDE0055: 淇鏍煎紡 (https://learn.microsoft.com/dotnet/fundamentals/code-analysis/style-rules/ide0055) [C:\UserWorx\VSWorx\ServoStudio\wpfui-servoStudio\samples\Wpf.Ui.servoStudio\servoStudio_wjhet5xd_wpftmp.csproj]
C:\UserWorx\VSWorx\ServoStudio\wpfui-servoStudio\samples\Wpf.Ui.servoStudio\Models\HexConvert.cs(24,46): warning IDE0055: 淇鏍煎紡 (https://learn.microsoft.com/dotnet/fundamentals/code-analysis/style-rules/ide0055) [C:\UserWorx\VSWorx\ServoStudio\wpfui-servoStudio\samples\Wpf.Ui.servoStudio\servoStudio_wjhet5xd_wpftmp.csproj]
C:\UserWorx\VSWorx\ServoStudio\wpfui-servoStudio\samples\Wpf.Ui.servoStudio\Models\HexConvert.cs(25,26): warning IDE0055: 淇鏍煎紡 (https://learn.microsoft.com/dotnet/fundamentals/code-analysis/style-rules/ide0055) [C:\UserWorx\VSWorx\ServoStudio\wpfui-servoStudio\samples\Wpf.Ui.servoStudio\servoStudio_wjhet5xd_wpftmp.csproj]
C:\UserWorx\VSWorx\ServoStudio\wpfui-servoStudio\samples\Wpf.Ui.servoStudio\Models\HexConvert.cs(25,46): warning IDE0055: 淇鏍煎紡 (https://learn.microsoft.com/dotnet/fundamentals/code-analysis/style-rules/ide0055) [C:\UserWorx\VSWorx\ServoStudio\wpfui-servoStudio\samples\Wpf.Ui.servoStudio\servoStudio_wjhet5xd_wpftmp.csproj]
C:\UserWorx\VSWorx\ServoStudio\wpfui-servoStudio\samples\Wpf.Ui.servoStudio\Models\HexConvert.cs(26,26): warning IDE0055: 淇鏍煎紡 (https://learn.microsoft.com/dotnet/fundamentals/code-analysis/style-rules/ide0055) [C:\UserWorx\VSWorx\ServoStudio\wpfui-servoStudio\samples\Wpf.Ui.servoStudio\servoStudio_wjhet5xd_wpftmp.csproj]
C:\UserWorx\VSWorx\ServoStudio\wpfui-servoStudio\samples\Wpf.Ui.servoStudio\Models\HexConvert.cs(26,46): warning IDE0055: 淇鏍煎紡 (https://learn.microsoft.com/dotnet/fundamentals/code-analysis/style-rules/ide0055) [C:\UserWorx\VSWorx\ServoStudio\wpfui-servoStudio\samples\Wpf.Ui.servoStudio\servoStudio_wjhet5xd_wpftmp.csproj]
C:\UserWorx\VSWorx\ServoStudio\wpfui-servoStudio\samples\Wpf.Ui.servoStudio\Models\HexConvert.cs(27,26): warning IDE0055: 淇鏍煎紡 (https://learn.microsoft.com/dotnet/fundamentals/code-analysis/style-rules/ide0055) [C:\UserWorx\VSWorx\ServoStudio\wpfui-servoStudio\samples\Wpf.Ui.servoStudio\servoStudio_wjhet5xd_wpftmp.csproj]
C:\UserWorx\VSWorx\ServoStudio\wpfui-servoStudio\samples\Wpf.Ui.servoStudio\Models\HexConvert.cs(27,46): warning IDE0055: 淇鏍煎紡 (https://learn.microsoft.com/dotnet/fundamentals/code-analysis/style-rules/ide0055) [C:\UserWorx\VSWorx\ServoStudio\wpfui-servoStudio\samples\Wpf.Ui.servoStudio\servoStudio_wjhet5xd_wpftmp.csproj]
C:\UserWorx\VSWorx\ServoStudio\wpfui-servoStudio\samples\Wpf.Ui.servoStudio\Models\HexConvert.cs(28,26): warning IDE0055: 淇鏍煎紡 (https://learn.microsoft.com/dotnet/fundamentals/code-analysis/style-rules/ide0055) [C:\UserWorx\VSWorx\ServoStudio\wpfui-servoStudio\samples\Wpf.Ui.servoStudio\servoStudio_wjhet5xd_wpftmp.csproj]
C:\UserWorx\VSWorx\ServoStudio\wpfui-servoStudio\samples\Wpf.Ui.servoStudio\Models\HexConvert.cs(28,47): warning IDE0055: 淇鏍煎紡 (https://learn.microsoft.com/dotnet/fundamentals/code-analysis/style-rules/ide0055) [C:\UserWorx\VSWorx\ServoStudio\wpfui-servoStudio\samples\Wpf.Ui.servoStudio\servoStudio_wjhet5xd_wpftmp.csproj]
C:\UserWorx\VSWorx\ServoStudio\wpfui-servoStudio\samples\Wpf.Ui.servoStudio\Models\HexConvert.cs(29,26): warning IDE0055: 淇鏍煎紡 (https://learn.microsoft.com/dotnet/fundamentals/code-analysis/style-rules/ide0055) [C:\UserWorx\VSWorx\ServoStudio\wpfui-servoStudio\samples\Wpf.Ui.servoStudio\servoStudio_wjhet5xd_wpftmp.csproj]
C:\UserWorx\VSWorx\ServoStudio\wpfui-servoStudio\samples\Wpf.Ui.servoStudio\Models\HexConvert.cs(29,47): warning IDE0055: 淇鏍煎紡 (https://learn.microsoft.com/dotnet/fundamentals/code-analysis/style-rules/ide0055) [C:\UserWorx\VSWorx\ServoStudio\wpfui-servoStudio\samples\Wpf.Ui.servoStudio\servoStudio_wjhet5xd_wpftmp.csproj]
C:\UserWorx\VSWorx\ServoStudio\wpfui-servoStudio\samples\Wpf.Ui.servoStudio\Models\HexConvert.cs(30,26): warning IDE0055: 淇鏍煎紡 (https://learn.microsoft.com/dotnet/fundamentals/code-analysis/style-rules/ide0055) [C:\UserWorx\VSWorx\ServoStudio\wpfui-servoStudio\samples\Wpf.Ui.servoStudio\servoStudio_wjhet5xd_wpftmp.csproj]
C:\UserWorx\VSWorx\ServoStudio\wpfui-servoStudio\samples\Wpf.Ui.servoStudio\Models\HexConvert.cs(30,47): warning IDE0055: 淇鏍煎紡 (https://learn.microsoft.com/dotnet/fundamentals/code-analysis/style-rules/ide0055) [C:\UserWorx\VSWorx\ServoStudio\wpfui-servoStudio\samples\Wpf.Ui.servoStudio\servoStudio_wjhet5xd_wpftmp.csproj]
C:\UserWorx\VSWorx\ServoStudio\wpfui-servoStudio\samples\Wpf.Ui.servoStudio\Models\HexConvert.cs(31,26): warning IDE0055: 淇鏍煎紡 (https://learn.microsoft.com/dotnet/fundamentals/code-analysis/style-rules/ide0055) [C:\UserWorx\VSWorx\ServoStudio\wpfui-servoStudio\samples\Wpf.Ui.servoStudio\servoStudio_wjhet5xd_wpftmp.csproj]
C:\UserWorx\VSWorx\ServoStudio\wpfui-servoStudio\samples\Wpf.Ui.servoStudio\Models\HexConvert.cs(31,47): warning IDE0055: 淇鏍煎紡 (https://learn.microsoft.com/dotnet/fundamentals/code-analysis/style-rules/ide0055) [C:\UserWorx\VSWorx\ServoStudio\wpfui-servoStudio\samples\Wpf.Ui.servoStudio\servoStudio_wjhet5xd_wpftmp.csproj]
C:\UserWorx\VSWorx\ServoStudio\wpfui-servoStudio\samples\Wpf.Ui.servoStudio\Models\HexConvert.cs(32,26): warning IDE0055: 淇鏍煎紡 (https://learn.microsoft.com/dotnet/fundamentals/code-analysis/style-rules/ide0055) [C:\UserWorx\VSWorx\ServoStudio\wpfui-servoStudio\samples\Wpf.Ui.servoStudio\servoStudio_wjhet5xd_wpftmp.csproj]
C:\UserWorx\VSWorx\ServoStudio\wpfui-servoStudio\samples\Wpf.Ui.servoStudio\Models\HexConvert.cs(32,47): warning IDE0055: 淇鏍煎紡 (https://learn.microsoft.com/dotnet/fundamentals/code-analysis/style-rules/ide0055) [C:\UserWorx\VSWorx\ServoStudio\wpfui-servoStudio\samples\Wpf.Ui.servoStudio\servoStudio_wjhet5xd_wpftmp.csproj]
C:\UserWorx\VSWorx\ServoStudio\wpfui-servoStudio\samples\Wpf.Ui.servoStudio\Models\HexConvert.cs(33,26): warning IDE0055: 淇鏍煎紡 (https://learn.microsoft.com/dotnet/fundamentals/code-analysis/style-rules/ide0055) [C:\UserWorx\VSWorx\ServoStudio\wpfui-servoStudio\samples\Wpf.Ui.servoStudio\servoStudio_wjhet5xd_wpftmp.csproj]
C:\UserWorx\VSWorx\ServoStudio\wpfui-servoStudio\samples\Wpf.Ui.servoStudio\Models\HexConvert.cs(33,47): warning IDE0055: 淇鏍煎紡 (https://learn.microsoft.com/dotnet/fundamentals/code-analysis/style-rules/ide0055) [C:\UserWorx\VSWorx\ServoStudio\wpfui-servoStudio\samples\Wpf.Ui.servoStudio\servoStudio_wjhet5xd_wpftmp.csproj]
C:\UserWorx\VSWorx\ServoStudio\wpfui-servoStudio\samples\Wpf.Ui.servoStudio\Models\HexConvert.cs(49,26): warning IDE0055: 淇鏍煎紡 (https://learn.microsoft.com/dotnet/fundamentals/code-analysis/style-rules/ide0055) [C:\UserWorx\VSWorx\ServoStudio\wpfui-servoStudio\samples\Wpf.Ui.servoStudio\servoStudio_wjhet5xd_wpftmp.csproj]
C:\UserWorx\VSWorx\ServoStudio\wpfui-servoStudio\samples\Wpf.Ui.servoStudio\Models\HexConvert.cs(50,26): warning IDE0055: 淇鏍煎紡 (https://learn.microsoft.com/dotnet/fundamentals/code-analysis/style-rules/ide0055) [C:\UserWorx\VSWorx\ServoStudio\wpfui-servoStudio\samples\Wpf.Ui.servoStudio\servoStudio_wjhet5xd_wpftmp.csproj]
C:\UserWorx\VSWorx\ServoStudio\wpfui-servoStudio\samples\Wpf.Ui.servoStudio\Models\HexConvert.cs(50,46): warning IDE0055: 淇鏍煎紡 (https://learn.microsoft.com/dotnet/fundamentals/code-analysis/style-rules/ide0055) [C:\UserWorx\VSWorx\ServoStudio\wpfui-servoStudio\samples\Wpf.Ui.servoStudio\servoStudio_wjhet5xd_wpftmp.csproj]
C:\UserWorx\VSWorx\ServoStudio\wpfui-servoStudio\samples\Wpf.Ui.servoStudio\Models\HexConvert.cs(51,26): warning IDE0055: 淇鏍煎紡 (https://learn.microsoft.com/dotnet/fundamentals/code-analysis/style-rules/ide0055) [C:\UserWorx\VSWorx\ServoStudio\wpfui-servoStudio\samples\Wpf.Ui.servoStudio\servoStudio_wjhet5xd_wpftmp.csproj]
C:\UserWorx\VSWorx\ServoStudio\wpfui-servoStudio\samples\Wpf.Ui.servoStudio\Models\HexConvert.cs(51,46): warning IDE0055: 淇鏍煎紡 (https://learn.microsoft.com/dotnet/fundamentals/code-analysis/style-rules/ide0055) [C:\UserWorx\VSWorx\ServoStudio\wpfui-servoStudio\samples\Wpf.Ui.servoStudio\servoStudio_wjhet5xd_wpftmp.csproj]
C:\UserWorx\VSWorx\ServoStudio\wpfui-servoStudio\samples\Wpf.Ui.servoStudio\Models\HexConvert.cs(52,26): warning IDE0055: 淇鏍煎紡 (https://learn.microsoft.com/dotnet/fundamentals/code-analysis/style-rules/ide0055) [C:\UserWorx\VSWorx\ServoStudio\wpfui-servoStudio\samples\Wpf.Ui.servoStudio\servoStudio_wjhet5xd_wpftmp.csproj]
C:\UserWorx\VSWorx\ServoStudio\wpfui-servoStudio\samples\Wpf.Ui.servoStudio\Models\HexConvert.cs(52,46): warning IDE0055: 淇鏍煎紡 (https://learn.microsoft.com/dotnet/fundamentals/code-analysis/style-rules/ide0055) [C:\UserWorx\VSWorx\ServoStudio\wpfui-servoStudio\samples\Wpf.Ui.servoStudio\servoStudio_wjhet5xd_wpftmp.csproj]
C:\UserWorx\VSWorx\ServoStudio\wpfui-servoStudio\samples\Wpf.Ui.servoStudio\Models\HexConvert.cs(53,26): warning IDE0055: 淇鏍煎紡 (https://learn.microsoft.com/dotnet/fundamentals/code-analysis/style-rules/ide0055) [C:\UserWorx\VSWorx\ServoStudio\wpfui-servoStudio\samples\Wpf.Ui.servoStudio\servoStudio_wjhet5xd_wpftmp.csproj]
C:\UserWorx\VSWorx\ServoStudio\wpfui-servoStudio\samples\Wpf.Ui.servoStudio\Models\HexConvert.cs(53,46): warning IDE0055: 淇鏍煎紡 (https://learn.microsoft.com/dotnet/fundamentals/code-analysis/style-rules/ide0055) [C:\UserWorx\VSWorx\ServoStudio\wpfui-servoStudio\samples\Wpf.Ui.servoStudio\servoStudio_wjhet5xd_wpftmp.csproj]
C:\UserWorx\VSWorx\ServoStudio\wpfui-servoStudio\samples\Wpf.Ui.servoStudio\Models\HexConvert.cs(54,26): warning IDE0055: 淇鏍煎紡 (https://learn.microsoft.com/dotnet/fundamentals/code-analysis/style-rules/ide0055) [C:\UserWorx\VSWorx\ServoStudio\wpfui-servoStudio\samples\Wpf.Ui.servoStudio\servoStudio_wjhet5xd_wpftmp.csproj]
C:\UserWorx\VSWorx\ServoStudio\wpfui-servoStudio\samples\Wpf.Ui.servoStudio\Models\HexConvert.cs(54,46): warning IDE0055: 淇鏍煎紡 (https://learn.microsoft.com/dotnet/fundamentals/code-analysis/style-rules/ide0055) [C:\UserWorx\VSWorx\ServoStudio\wpfui-servoStudio\samples\Wpf.Ui.servoStudio\servoStudio_wjhet5xd_wpftmp.csproj]
C:\UserWorx\VSWorx\ServoStudio\wpfui-servoStudio\samples\Wpf.Ui.servoStudio\Models\HexConvert.cs(55,26): warning IDE0055: 淇鏍煎紡 (https://learn.microsoft.com/dotnet/fundamentals/code-analysis/style-rules/ide0055) [C:\UserWorx\VSWorx\ServoStudio\wpfui-servoStudio\samples\Wpf.Ui.servoStudio\servoStudio_wjhet5xd_wpftmp.csproj]
C:\UserWorx\VSWorx\ServoStudio\wpfui-servoStudio\samples\Wpf.Ui.servoStudio\Models\HexConvert.cs(55,46): warning IDE0055: 淇鏍煎紡 (https://learn.microsoft.com/dotnet/fundamentals/code-analysis/style-rules/ide0055) [C:\UserWorx\VSWorx\ServoStudio\wpfui-servoStudio\samples\Wpf.Ui.servoStudio\servoStudio_wjhet5xd_wpftmp.csproj]
C:\UserWorx\VSWorx\ServoStudio\wpfui-servoStudio\samples\Wpf.Ui.servoStudio\Models\HexConvert.cs(56,26): warning IDE0055: 淇鏍煎紡 (https://learn.microsoft.com/dotnet/fundamentals/code-analysis/style-rules/ide0055) [C:\UserWorx\VSWorx\ServoStudio\wpfui-servoStudio\samples\Wpf.Ui.servoStudio\servoStudio_wjhet5xd_wpftmp.csproj]
C:\UserWorx\VSWorx\ServoStudio\wpfui-servoStudio\samples\Wpf.Ui.servoStudio\Models\HexConvert.cs(56,46): warning IDE0055: 淇鏍煎紡 (https://learn.microsoft.com/dotnet/fundamentals/code-analysis/style-rules/ide0055) [C:\UserWorx\VSWorx\ServoStudio\wpfui-servoStudio\samples\Wpf.Ui.servoStudio\servoStudio_wjhet5xd_wpftmp.csproj]
C:\UserWorx\VSWorx\ServoStudio\wpfui-servoStudio\samples\Wpf.Ui.servoStudio\Models\HexConvert.cs(57,26): warning IDE0055: 淇鏍煎紡 (https://learn.microsoft.com/dotnet/fundamentals/code-analysis/style-rules/ide0055) [C:\UserWorx\VSWorx\ServoStudio\wpfui-servoStudio\samples\Wpf.Ui.servoStudio\servoStudio_wjhet5xd_wpftmp.csproj]
C:\UserWorx\VSWorx\ServoStudio\wpfui-servoStudio\samples\Wpf.Ui.servoStudio\Models\HexConvert.cs(57,46): warning IDE0055: 淇鏍煎紡 (https://learn.microsoft.com/dotnet/fundamentals/code-analysis/style-rules/ide0055) [C:\UserWorx\VSWorx\ServoStudio\wpfui-servoStudio\samples\Wpf.Ui.servoStudio\servoStudio_wjhet5xd_wpftmp.csproj]
C:\UserWorx\VSWorx\ServoStudio\wpfui-servoStudio\samples\Wpf.Ui.servoStudio\Models\HexConvert.cs(58,26): warning IDE0055: 淇鏍煎紡 (https://learn.microsoft.com/dotnet/fundamentals/code-analysis/style-rules/ide0055) [C:\UserWorx\VSWorx\ServoStudio\wpfui-servoStudio\samples\Wpf.Ui.servoStudio\servoStudio_wjhet5xd_wpftmp.csproj]
C:\UserWorx\VSWorx\ServoStudio\wpfui-servoStudio\samples\Wpf.Ui.servoStudio\Models\HexConvert.cs(58,46): warning IDE0055: 淇鏍煎紡 (https://learn.microsoft.com/dotnet/fundamentals/code-analysis/style-rules/ide0055) [C:\UserWorx\VSWorx\ServoStudio\wpfui-servoStudio\samples\Wpf.Ui.servoStudio\servoStudio_wjhet5xd_wpftmp.csproj]
C:\UserWorx\VSWorx\ServoStudio\wpfui-servoStudio\samples\Wpf.Ui.servoStudio\Models\HexConvert.cs(59,26): warning IDE0055: 淇鏍煎紡 (https://learn.microsoft.com/dotnet/fundamentals/code-analysis/style-rules/ide0055) [C:\UserWorx\VSWorx\ServoStudio\wpfui-servoStudio\samples\Wpf.Ui.servoStudio\servoStudio_wjhet5xd_wpftmp.csproj]
C:\UserWorx\VSWorx\ServoStudio\wpfui-servoStudio\samples\Wpf.Ui.servoStudio\Models\HexConvert.cs(59,47): warning IDE0055: 淇鏍煎紡 (https://learn.microsoft.com/dotnet/fundamentals/code-analysis/style-rules/ide0055) [C:\UserWorx\VSWorx\ServoStudio\wpfui-servoStudio\samples\Wpf.Ui.servoStudio\servoStudio_wjhet5xd_wpftmp.csproj]
C:\UserWorx\VSWorx\ServoStudio\wpfui-servoStudio\samples\Wpf.Ui.servoStudio\Models\HexConvert.cs(60,26): warning IDE0055: 淇鏍煎紡 (https://learn.microsoft.com/dotnet/fundamentals/code-analysis/style-rules/ide0055) [C:\UserWorx\VSWorx\ServoStudio\wpfui-servoStudio\samples\Wpf.Ui.servoStudio\servoStudio_wjhet5xd_wpftmp.csproj]
C:\UserWorx\VSWorx\ServoStudio\wpfui-servoStudio\samples\Wpf.Ui.servoStudio\Models\HexConvert.cs(60,47): warning IDE0055: 淇鏍煎紡 (https://learn.microsoft.com/dotnet/fundamentals/code-analysis/style-rules/ide0055) [C:\UserWorx\VSWorx\ServoStudio\wpfui-servoStudio\samples\Wpf.Ui.servoStudio\servoStudio_wjhet5xd_wpftmp.csproj]
C:\UserWorx\VSWorx\ServoStudio\wpfui-servoStudio\samples\Wpf.Ui.servoStudio\Models\HexConvert.cs(61,26): warning IDE0055: 淇鏍煎紡 (https://learn.microsoft.com/dotnet/fundamentals/code-analysis/style-rules/ide0055) [C:\UserWorx\VSWorx\ServoStudio\wpfui-servoStudio\samples\Wpf.Ui.servoStudio\servoStudio_wjhet5xd_wpftmp.csproj]
C:\UserWorx\VSWorx\ServoStudio\wpfui-servoStudio\samples\Wpf.Ui.servoStudio\Models\HexConvert.cs(61,47): warning IDE0055: 淇鏍煎紡 (https://learn.microsoft.com/dotnet/fundamentals/code-analysis/style-rules/ide0055) [C:\UserWorx\VSWorx\ServoStudio\wpfui-servoStudio\samples\Wpf.Ui.servoStudio\servoStudio_wjhet5xd_wpftmp.csproj]
C:\UserWorx\VSWorx\ServoStudio\wpfui-servoStudio\samples\Wpf.Ui.servoStudio\Models\HexConvert.cs(62,26): warning IDE0055: 淇鏍煎紡 (https://learn.microsoft.com/dotnet/fundamentals/code-analysis/style-rules/ide0055) [C:\UserWorx\VSWorx\ServoStudio\wpfui-servoStudio\samples\Wpf.Ui.servoStudio\servoStudio_wjhet5xd_wpftmp.csproj]
C:\UserWorx\VSWorx\ServoStudio\wpfui-servoStudio\samples\Wpf.Ui.servoStudio\Models\HexConvert.cs(62,47): warning IDE0055: 淇鏍煎紡 (https://learn.microsoft.com/dotnet/fundamentals/code-analysis/style-rules/ide0055) [C:\UserWorx\VSWorx\ServoStudio\wpfui-servoStudio\samples\Wpf.Ui.servoStudio\servoStudio_wjhet5xd_wpftmp.csproj]
C:\UserWorx\VSWorx\ServoStudio\wpfui-servoStudio\samples\Wpf.Ui.servoStudio\Models\HexConvert.cs(63,26): warning IDE0055: 淇鏍煎紡 (https://learn.microsoft.com/dotnet/fundamentals/code-analysis/style-rules/ide0055) [C:\UserWorx\VSWorx\ServoStudio\wpfui-servoStudio\samples\Wpf.Ui.servoStudio\servoStudio_wjhet5xd_wpftmp.csproj]
C:\UserWorx\VSWorx\ServoStudio\wpfui-servoStudio\samples\Wpf.Ui.servoStudio\Models\HexConvert.cs(63,47): warning IDE0055: 淇鏍煎紡 (https://learn.microsoft.com/dotnet/fundamentals/code-analysis/style-rules/ide0055) [C:\UserWorx\VSWorx\ServoStudio\wpfui-servoStudio\samples\Wpf.Ui.servoStudio\servoStudio_wjhet5xd_wpftmp.csproj]
C:\UserWorx\VSWorx\ServoStudio\wpfui-servoStudio\samples\Wpf.Ui.servoStudio\Models\HexConvert.cs(64,26): warning IDE0055: 淇鏍煎紡 (https://learn.microsoft.com/dotnet/fundamentals/code-analysis/style-rules/ide0055) [C:\UserWorx\VSWorx\ServoStudio\wpfui-servoStudio\samples\Wpf.Ui.servoStudio\servoStudio_wjhet5xd_wpftmp.csproj]
C:\UserWorx\VSWorx\ServoStudio\wpfui-servoStudio\samples\Wpf.Ui.servoStudio\Models\HexConvert.cs(64,47): warning IDE0055: 淇鏍煎紡 (https://learn.microsoft.com/dotnet/fundamentals/code-analysis/style-rules/ide0055) [C:\UserWorx\VSWorx\ServoStudio\wpfui-servoStudio\samples\Wpf.Ui.servoStudio\servoStudio_wjhet5xd_wpftmp.csproj]
C:\UserWorx\VSWorx\ServoStudio\wpfui-servoStudio\samples\Wpf.Ui.servoStudio\Models\HexConvert.cs(82,26): warning IDE0055: 淇鏍煎紡 (https://learn.microsoft.com/dotnet/fundamentals/code-analysis/style-rules/ide0055) [C:\UserWorx\VSWorx\ServoStudio\wpfui-servoStudio\samples\Wpf.Ui.servoStudio\servoStudio_wjhet5xd_wpftmp.csproj]
C:\UserWorx\VSWorx\ServoStudio\wpfui-servoStudio\samples\Wpf.Ui.servoStudio\Models\HexConvert.cs(83,26): warning IDE0055: 淇鏍煎紡 (https://learn.microsoft.com/dotnet/fundamentals/code-analysis/style-rules/ide0055) [C:\UserWorx\VSWorx\ServoStudio\wpfui-servoStudio\samples\Wpf.Ui.servoStudio\servoStudio_wjhet5xd_wpftmp.csproj]
C:\UserWorx\VSWorx\ServoStudio\wpfui-servoStudio\samples\Wpf.Ui.servoStudio\Models\HexConvert.cs(83,46): warning IDE0055: 淇鏍煎紡 (https://learn.microsoft.com/dotnet/fundamentals/code-analysis/style-rules/ide0055) [C:\UserWorx\VSWorx\ServoStudio\wpfui-servoStudio\samples\Wpf.Ui.servoStudio\servoStudio_wjhet5xd_wpftmp.csproj]
C:\UserWorx\VSWorx\ServoStudio\wpfui-servoStudio\samples\Wpf.Ui.servoStudio\Models\HexConvert.cs(84,26): warning IDE0055: 淇鏍煎紡 (https://learn.microsoft.com/dotnet/fundamentals/code-analysis/style-rules/ide0055) [C:\UserWorx\VSWorx\ServoStudio\wpfui-servoStudio\samples\Wpf.Ui.servoStudio\servoStudio_wjhet5xd_wpftmp.csproj]
C:\UserWorx\VSWorx\ServoStudio\wpfui-servoStudio\samples\Wpf.Ui.servoStudio\Models\HexConvert.cs(84,46): warning IDE0055: 淇鏍煎紡 (https://learn.microsoft.com/dotnet/fundamentals/code-analysis/style-rules/ide0055) [C:\UserWorx\VSWorx\ServoStudio\wpfui-servoStudio\samples\Wpf.Ui.servoStudio\servoStudio_wjhet5xd_wpftmp.csproj]
C:\UserWorx\VSWorx\ServoStudio\wpfui-servoStudio\samples\Wpf.Ui.servoStudio\Models\HexConvert.cs(85,26): warning IDE0055: 淇鏍煎紡 (https://learn.microsoft.com/dotnet/fundamentals/code-analysis/style-rules/ide0055) [C:\UserWorx\VSWorx\ServoStudio\wpfui-servoStudio\samples\Wpf.Ui.servoStudio\servoStudio_wjhet5xd_wpftmp.csproj]
C:\UserWorx\VSWorx\ServoStudio\wpfui-servoStudio\samples\Wpf.Ui.servoStudio\Models\HexConvert.cs(85,46): warning IDE0055: 淇鏍煎紡 (https://learn.microsoft.com/dotnet/fundamentals/code-analysis/style-rules/ide0055) [C:\UserWorx\VSWorx\ServoStudio\wpfui-servoStudio\samples\Wpf.Ui.servoStudio\servoStudio_wjhet5xd_wpftmp.csproj]
C:\UserWorx\VSWorx\ServoStudio\wpfui-servoStudio\samples\Wpf.Ui.servoStudio\Models\HexConvert.cs(86,26): warning IDE0055: 淇鏍煎紡 (https://learn.microsoft.com/dotnet/fundamentals/code-analysis/style-rules/ide0055) [C:\UserWorx\VSWorx\ServoStudio\wpfui-servoStudio\samples\Wpf.Ui.servoStudio\servoStudio_wjhet5xd_wpftmp.csproj]
C:\UserWorx\VSWorx\ServoStudio\wpfui-servoStudio\samples\Wpf.Ui.servoStudio\Models\HexConvert.cs(86,46): warning IDE0055: 淇鏍煎紡 (https://learn.microsoft.com/dotnet/fundamentals/code-analysis/style-rules/ide0055) [C:\UserWorx\VSWorx\ServoStudio\wpfui-servoStudio\samples\Wpf.Ui.servoStudio\servoStudio_wjhet5xd_wpftmp.csproj]
C:\UserWorx\VSWorx\ServoStudio\wpfui-servoStudio\samples\Wpf.Ui.servoStudio\Models\HexConvert.cs(87,26): warning IDE0055: 淇鏍煎紡 (https://learn.microsoft.com/dotnet/fundamentals/code-analysis/style-rules/ide0055) [C:\UserWorx\VSWorx\ServoStudio\wpfui-servoStudio\samples\Wpf.Ui.servoStudio\servoStudio_wjhet5xd_wpftmp.csproj]
C:\UserWorx\VSWorx\ServoStudio\wpfui-servoStudio\samples\Wpf.Ui.servoStudio\Models\HexConvert.cs(87,46): warning IDE0055: 淇鏍煎紡 (https://learn.microsoft.com/dotnet/fundamentals/code-analysis/style-rules/ide0055) [C:\UserWorx\VSWorx\ServoStudio\wpfui-servoStudio\samples\Wpf.Ui.servoStudio\servoStudio_wjhet5xd_wpftmp.csproj]
C:\UserWorx\VSWorx\ServoStudio\wpfui-servoStudio\samples\Wpf.Ui.servoStudio\Models\HexConvert.cs(88,26): warning IDE0055: 淇鏍煎紡 (https://learn.microsoft.com/dotnet/fundamentals/code-analysis/style-rules/ide0055) [C:\UserWorx\VSWorx\ServoStudio\wpfui-servoStudio\samples\Wpf.Ui.servoStudio\servoStudio_wjhet5xd_wpftmp.csproj]
C:\UserWorx\VSWorx\ServoStudio\wpfui-servoStudio\samples\Wpf.Ui.servoStudio\Models\HexConvert.cs(88,46): warning IDE0055: 淇鏍煎紡 (https://learn.microsoft.com/dotnet/fundamentals/code-analysis/style-rules/ide0055) [C:\UserWorx\VSWorx\ServoStudio\wpfui-servoStudio\samples\Wpf.Ui.servoStudio\servoStudio_wjhet5xd_wpftmp.csproj]
C:\UserWorx\VSWorx\ServoStudio\wpfui-servoStudio\samples\Wpf.Ui.servoStudio\Models\HexConvert.cs(89,26): warning IDE0055: 淇鏍煎紡 (https://learn.microsoft.com/dotnet/fundamentals/code-analysis/style-rules/ide0055) [C:\UserWorx\VSWorx\ServoStudio\wpfui-servoStudio\samples\Wpf.Ui.servoStudio\servoStudio_wjhet5xd_wpftmp.csproj]
C:\UserWorx\VSWorx\ServoStudio\wpfui-servoStudio\samples\Wpf.Ui.servoStudio\Models\HexConvert.cs(89,46): warning IDE0055: 淇鏍煎紡 (https://learn.microsoft.com/dotnet/fundamentals/code-analysis/style-rules/ide0055) [C:\UserWorx\VSWorx\ServoStudio\wpfui-servoStudio\samples\Wpf.Ui.servoStudio\servoStudio_wjhet5xd_wpftmp.csproj]
C:\UserWorx\VSWorx\ServoStudio\wpfui-servoStudio\samples\Wpf.Ui.servoStudio\Models\HexConvert.cs(90,38): warning IDE0055: 淇鏍煎紡 (https://learn.microsoft.com/dotnet/fundamentals/code-analysis/style-rules/ide0055) [C:\UserWorx\VSWorx\ServoStudio\wpfui-servoStudio\samples\Wpf.Ui.servoStudio\servoStudio_wjhet5xd_wpftmp.csproj]
C:\UserWorx\VSWorx\ServoStudio\wpfui-servoStudio\samples\Wpf.Ui.servoStudio\Models\HexConvert.cs(90,58): warning IDE0055: 淇鏍煎紡 (https://learn.microsoft.com/dotnet/fundamentals/code-analysis/style-rules/ide0055) [C:\UserWorx\VSWorx\ServoStudio\wpfui-servoStudio\samples\Wpf.Ui.servoStudio\servoStudio_wjhet5xd_wpftmp.csproj]
C:\UserWorx\VSWorx\ServoStudio\wpfui-servoStudio\samples\Wpf.Ui.servoStudio\Models\HexConvert.cs(91,38): warning IDE0055: 淇鏍煎紡 (https://learn.microsoft.com/dotnet/fundamentals/code-analysis/style-rules/ide0055) [C:\UserWorx\VSWorx\ServoStudio\wpfui-servoStudio\samples\Wpf.Ui.servoStudio\servoStudio_wjhet5xd_wpftmp.csproj]
C:\UserWorx\VSWorx\ServoStudio\wpfui-servoStudio\samples\Wpf.Ui.servoStudio\Models\HexConvert.cs(91,58): warning IDE0055: 淇鏍煎紡 (https://learn.microsoft.com/dotnet/fundamentals/code-analysis/style-rules/ide0055) [C:\UserWorx\VSWorx\ServoStudio\wpfui-servoStudio\samples\Wpf.Ui.servoStudio\servoStudio_wjhet5xd_wpftmp.csproj]
C:\UserWorx\VSWorx\ServoStudio\wpfui-servoStudio\samples\Wpf.Ui.servoStudio\Models\HexConvert.cs(92,38): warning IDE0055: 淇鏍煎紡 (https://learn.microsoft.com/dotnet/fundamentals/code-analysis/style-rules/ide0055) [C:\UserWorx\VSWorx\ServoStudio\wpfui-servoStudio\samples\Wpf.Ui.servoStudio\servoStudio_wjhet5xd_wpftmp.csproj]
C:\UserWorx\VSWorx\ServoStudio\wpfui-servoStudio\samples\Wpf.Ui.servoStudio\Models\HexConvert.cs(92,59): warning IDE0055: 淇鏍煎紡 (https://learn.microsoft.com/dotnet/fundamentals/code-analysis/style-rules/ide0055) [C:\UserWorx\VSWorx\ServoStudio\wpfui-servoStudio\samples\Wpf.Ui.servoStudio\servoStudio_wjhet5xd_wpftmp.csproj]
C:\UserWorx\VSWorx\ServoStudio\wpfui-servoStudio\samples\Wpf.Ui.servoStudio\Models\HexConvert.cs(93,38): warning IDE0055: 淇鏍煎紡 (https://learn.microsoft.com/dotnet/fundamentals/code-analysis/style-rules/ide0055) [C:\UserWorx\VSWorx\ServoStudio\wpfui-servoStudio\samples\Wpf.Ui.servoStudio\servoStudio_wjhet5xd_wpftmp.csproj]
C:\UserWorx\VSWorx\ServoStudio\wpfui-servoStudio\samples\Wpf.Ui.servoStudio\Models\HexConvert.cs(93,59): warning IDE0055: 淇鏍煎紡 (https://learn.microsoft.com/dotnet/fundamentals/code-analysis/style-rules/ide0055) [C:\UserWorx\VSWorx\ServoStudio\wpfui-servoStudio\samples\Wpf.Ui.servoStudio\servoStudio_wjhet5xd_wpftmp.csproj]
C:\UserWorx\VSWorx\ServoStudio\wpfui-servoStudio\samples\Wpf.Ui.servoStudio\Models\HexConvert.cs(94,38): warning IDE0055: 淇鏍煎紡 (https://learn.microsoft.com/dotnet/fundamentals/code-analysis/style-rules/ide0055) [C:\UserWorx\VSWorx\ServoStudio\wpfui-servoStudio\samples\Wpf.Ui.servoStudio\servoStudio_wjhet5xd_wpftmp.csproj]
C:\UserWorx\VSWorx\ServoStudio\wpfui-servoStudio\samples\Wpf.Ui.servoStudio\Models\HexConvert.cs(94,59): warning IDE0055: 淇鏍煎紡 (https://learn.microsoft.com/dotnet/fundamentals/code-analysis/style-rules/ide0055) [C:\UserWorx\VSWorx\ServoStudio\wpfui-servoStudio\samples\Wpf.Ui.servoStudio\servoStudio_wjhet5xd_wpftmp.csproj]
C:\UserWorx\VSWorx\ServoStudio\wpfui-servoStudio\samples\Wpf.Ui.servoStudio\Models\HexConvert.cs(95,38): warning IDE0055: 淇鏍煎紡 (https://learn.microsoft.com/dotnet/fundamentals/code-analysis/style-rules/ide0055) [C:\UserWorx\VSWorx\ServoStudio\wpfui-servoStudio\samples\Wpf.Ui.servoStudio\servoStudio_wjhet5xd_wpftmp.csproj]
C:\UserWorx\VSWorx\ServoStudio\wpfui-servoStudio\samples\Wpf.Ui.servoStudio\Models\HexConvert.cs(95,59): warning IDE0055: 淇鏍煎紡 (https://learn.microsoft.com/dotnet/fundamentals/code-analysis/style-rules/ide0055) [C:\UserWorx\VSWorx\ServoStudio\wpfui-servoStudio\samples\Wpf.Ui.servoStudio\servoStudio_wjhet5xd_wpftmp.csproj]
C:\UserWorx\VSWorx\ServoStudio\wpfui-servoStudio\samples\Wpf.Ui.servoStudio\Models\HexConvert.cs(96,38): warning IDE0055: 淇鏍煎紡 (https://learn.microsoft.com/dotnet/fundamentals/code-analysis/style-rules/ide0055) [C:\UserWorx\VSWorx\ServoStudio\wpfui-servoStudio\samples\Wpf.Ui.servoStudio\servoStudio_wjhet5xd_wpftmp.csproj]
C:\UserWorx\VSWorx\ServoStudio\wpfui-servoStudio\samples\Wpf.Ui.servoStudio\Models\HexConvert.cs(96,59): warning IDE0055: 淇鏍煎紡 (https://learn.microsoft.com/dotnet/fundamentals/code-analysis/style-rules/ide0055) [C:\UserWorx\VSWorx\ServoStudio\wpfui-servoStudio\samples\Wpf.Ui.servoStudio\servoStudio_wjhet5xd_wpftmp.csproj]
C:\UserWorx\VSWorx\ServoStudio\wpfui-servoStudio\samples\Wpf.Ui.servoStudio\Models\HexConvert.cs(97,38): warning IDE0055: 淇鏍煎紡 (https://learn.microsoft.com/dotnet/fundamentals/code-analysis/style-rules/ide0055) [C:\UserWorx\VSWorx\ServoStudio\wpfui-servoStudio\samples\Wpf.Ui.servoStudio\servoStudio_wjhet5xd_wpftmp.csproj]
C:\UserWorx\VSWorx\ServoStudio\wpfui-servoStudio\samples\Wpf.Ui.servoStudio\Models\HexConvert.cs(97,59): warning IDE0055: 淇鏍煎紡 (https://learn.microsoft.com/dotnet/fundamentals/code-analysis/style-rules/ide0055) [C:\UserWorx\VSWorx\ServoStudio\wpfui-servoStudio\samples\Wpf.Ui.servoStudio\servoStudio_wjhet5xd_wpftmp.csproj]
C:\UserWorx\VSWorx\ServoStudio\wpfui-servoStudio\samples\Wpf.Ui.servoStudio\Models\HexConvert.cs(98,38): warning IDE0055: 淇鏍煎紡 (https://learn.microsoft.com/dotnet/fundamentals/code-analysis/style-rules/ide0055) [C:\UserWorx\VSWorx\ServoStudio\wpfui-servoStudio\samples\Wpf.Ui.servoStudio\servoStudio_wjhet5xd_wpftmp.csproj]
C:\UserWorx\VSWorx\ServoStudio\wpfui-servoStudio\samples\Wpf.Ui.servoStudio\Models\HexConvert.cs(98,59): warning IDE0055: 淇鏍煎紡 (https://learn.microsoft.com/dotnet/fundamentals/code-analysis/style-rules/ide0055) [C:\UserWorx\VSWorx\ServoStudio\wpfui-servoStudio\samples\Wpf.Ui.servoStudio\servoStudio_wjhet5xd_wpftmp.csproj]
C:\UserWorx\VSWorx\ServoStudio\wpfui-servoStudio\samples\Wpf.Ui.servoStudio\Models\HexConvert.cs(99,38): warning IDE0055: 淇鏍煎紡 (https://learn.microsoft.com/dotnet/fundamentals/code-analysis/style-rules/ide0055) [C:\UserWorx\VSWorx\ServoStudio\wpfui-servoStudio\samples\Wpf.Ui.servoStudio\servoStudio_wjhet5xd_wpftmp.csproj]
C:\UserWorx\VSWorx\ServoStudio\wpfui-servoStudio\samples\Wpf.Ui.servoStudio\Models\HexConvert.cs(99,59): warning IDE0055: 淇鏍煎紡 (https://learn.microsoft.com/dotnet/fundamentals/code-analysis/style-rules/ide0055) [C:\UserWorx\VSWorx\ServoStudio\wpfui-servoStudio\samples\Wpf.Ui.servoStudio\servoStudio_wjhet5xd_wpftmp.csproj]
C:\UserWorx\VSWorx\ServoStudio\wpfui-servoStudio\samples\Wpf.Ui.servoStudio\Models\HexConvert.cs(99,79): warning IDE0055: 淇鏍煎紡 (https://learn.microsoft.com/dotnet/fundamentals/code-analysis/style-rules/ide0055) [C:\UserWorx\VSWorx\ServoStudio\wpfui-servoStudio\samples\Wpf.Ui.servoStudio\servoStudio_wjhet5xd_wpftmp.csproj]
C:\UserWorx\VSWorx\ServoStudio\wpfui-servoStudio\samples\Wpf.Ui.servoStudio\Models\HexConvert.cs(100,38): warning IDE0055: 淇鏍煎紡 (https://learn.microsoft.com/dotnet/fundamentals/code-analysis/style-rules/ide0055) [C:\UserWorx\VSWorx\ServoStudio\wpfui-servoStudio\samples\Wpf.Ui.servoStudio\servoStudio_wjhet5xd_wpftmp.csproj]
C:\UserWorx\VSWorx\ServoStudio\wpfui-servoStudio\samples\Wpf.Ui.servoStudio\Models\HexConvert.cs(100,59): warning IDE0055: 淇鏍煎紡 (https://learn.microsoft.com/dotnet/fundamentals/code-analysis/style-rules/ide0055) [C:\UserWorx\VSWorx\ServoStudio\wpfui-servoStudio\samples\Wpf.Ui.servoStudio\servoStudio_wjhet5xd_wpftmp.csproj]
C:\UserWorx\VSWorx\ServoStudio\wpfui-servoStudio\samples\Wpf.Ui.servoStudio\Models\HexConvert.cs(100,79): warning IDE0055: 淇鏍煎紡 (https://learn.microsoft.com/dotnet/fundamentals/code-analysis/style-rules/ide0055) [C:\UserWorx\VSWorx\ServoStudio\wpfui-servoStudio\samples\Wpf.Ui.servoStudio\servoStudio_wjhet5xd_wpftmp.csproj]
C:\UserWorx\VSWorx\ServoStudio\wpfui-servoStudio\samples\Wpf.Ui.servoStudio\Models\HexConvert.cs(101,38): warning IDE0055: 淇鏍煎紡 (https://learn.microsoft.com/dotnet/fundamentals/code-analysis/style-rules/ide0055) [C:\UserWorx\VSWorx\ServoStudio\wpfui-servoStudio\samples\Wpf.Ui.servoStudio\servoStudio_wjhet5xd_wpftmp.csproj]
C:\UserWorx\VSWorx\ServoStudio\wpfui-servoStudio\samples\Wpf.Ui.servoStudio\Models\HexConvert.cs(101,59): warning IDE0055: 淇鏍煎紡 (https://learn.microsoft.com/dotnet/fundamentals/code-analysis/style-rules/ide0055) [C:\UserWorx\VSWorx\ServoStudio\wpfui-servoStudio\samples\Wpf.Ui.servoStudio\servoStudio_wjhet5xd_wpftmp.csproj]
C:\UserWorx\VSWorx\ServoStudio\wpfui-servoStudio\samples\Wpf.Ui.servoStudio\Models\HexConvert.cs(101,79): warning IDE0055: 淇鏍煎紡 (https://learn.microsoft.com/dotnet/fundamentals/code-analysis/style-rules/ide0055) [C:\UserWorx\VSWorx\ServoStudio\wpfui-servoStudio\samples\Wpf.Ui.servoStudio\servoStudio_wjhet5xd_wpftmp.csproj]
C:\UserWorx\VSWorx\ServoStudio\wpfui-servoStudio\samples\Wpf.Ui.servoStudio\Models\HexConvert.cs(102,38): warning IDE0055: 淇鏍煎紡 (https://learn.microsoft.com/dotnet/fundamentals/code-analysis/style-rules/ide0055) [C:\UserWorx\VSWorx\ServoStudio\wpfui-servoStudio\samples\Wpf.Ui.servoStudio\servoStudio_wjhet5xd_wpftmp.csproj]
C:\UserWorx\VSWorx\ServoStudio\wpfui-servoStudio\samples\Wpf.Ui.servoStudio\Models\HexConvert.cs(102,59): warning IDE0055: 淇鏍煎紡 (https://learn.microsoft.com/dotnet/fundamentals/code-analysis/style-rules/ide0055) [C:\UserWorx\VSWorx\ServoStudio\wpfui-servoStudio\samples\Wpf.Ui.servoStudio\servoStudio_wjhet5xd_wpftmp.csproj]
C:\UserWorx\VSWorx\ServoStudio\wpfui-servoStudio\samples\Wpf.Ui.servoStudio\Models\HexConvert.cs(102,79): warning IDE0055: 淇鏍煎紡 (https://learn.microsoft.com/dotnet/fundamentals/code-analysis/style-rules/ide0055) [C:\UserWorx\VSWorx\ServoStudio\wpfui-servoStudio\samples\Wpf.Ui.servoStudio\servoStudio_wjhet5xd_wpftmp.csproj]
C:\UserWorx\VSWorx\ServoStudio\wpfui-servoStudio\samples\Wpf.Ui.servoStudio\Models\HexConvert.cs(103,38): warning IDE0055: 淇鏍煎紡 (https://learn.microsoft.com/dotnet/fundamentals/code-analysis/style-rules/ide0055) [C:\UserWorx\VSWorx\ServoStudio\wpfui-servoStudio\samples\Wpf.Ui.servoStudio\servoStudio_wjhet5xd_wpftmp.csproj]
C:\UserWorx\VSWorx\ServoStudio\wpfui-servoStudio\samples\Wpf.Ui.servoStudio\Models\HexConvert.cs(103,59): warning IDE0055: 淇鏍煎紡 (https://learn.microsoft.com/dotnet/fundamentals/code-analysis/style-rules/ide0055) [C:\UserWorx\VSWorx\ServoStudio\wpfui-servoStudio\samples\Wpf.Ui.servoStudio\servoStudio_wjhet5xd_wpftmp.csproj]
C:\UserWorx\VSWorx\ServoStudio\wpfui-servoStudio\samples\Wpf.Ui.servoStudio\Models\HexConvert.cs(103,79): warning IDE0055: 淇鏍煎紡 (https://learn.microsoft.com/dotnet/fundamentals/code-analysis/style-rules/ide0055) [C:\UserWorx\VSWorx\ServoStudio\wpfui-servoStudio\samples\Wpf.Ui.servoStudio\servoStudio_wjhet5xd_wpftmp.csproj]
C:\UserWorx\VSWorx\ServoStudio\wpfui-servoStudio\samples\Wpf.Ui.servoStudio\Models\HexConvert.cs(104,38): warning IDE0055: 淇鏍煎紡 (https://learn.microsoft.com/dotnet/fundamentals/code-analysis/style-rules/ide0055) [C:\UserWorx\VSWorx\ServoStudio\wpfui-servoStudio\samples\Wpf.Ui.servoStudio\servoStudio_wjhet5xd_wpftmp.csproj]
C:\UserWorx\VSWorx\ServoStudio\wpfui-servoStudio\samples\Wpf.Ui.servoStudio\Models\HexConvert.cs(104,59): warning IDE0055: 淇鏍煎紡 (https://learn.microsoft.com/dotnet/fundamentals/code-analysis/style-rules/ide0055) [C:\UserWorx\VSWorx\ServoStudio\wpfui-servoStudio\samples\Wpf.Ui.servoStudio\servoStudio_wjhet5xd_wpftmp.csproj]
C:\UserWorx\VSWorx\ServoStudio\wpfui-servoStudio\samples\Wpf.Ui.servoStudio\Models\HexConvert.cs(104,79): warning IDE0055: 淇鏍煎紡 (https://learn.microsoft.com/dotnet/fundamentals/code-analysis/style-rules/ide0055) [C:\UserWorx\VSWorx\ServoStudio\wpfui-servoStudio\samples\Wpf.Ui.servoStudio\servoStudio_wjhet5xd_wpftmp.csproj]
C:\UserWorx\VSWorx\ServoStudio\wpfui-servoStudio\samples\Wpf.Ui.servoStudio\Models\HexConvert.cs(105,38): warning IDE0055: 淇鏍煎紡 (https://learn.microsoft.com/dotnet/fundamentals/code-analysis/style-rules/ide0055) [C:\UserWorx\VSWorx\ServoStudio\wpfui-servoStudio\samples\Wpf.Ui.servoStudio\servoStudio_wjhet5xd_wpftmp.csproj]
C:\UserWorx\VSWorx\ServoStudio\wpfui-servoStudio\samples\Wpf.Ui.servoStudio\Models\HexConvert.cs(105,59): warning IDE0055: 淇鏍煎紡 (https://learn.microsoft.com/dotnet/fundamentals/code-analysis/style-rules/ide0055) [C:\UserWorx\VSWorx\ServoStudio\wpfui-servoStudio\samples\Wpf.Ui.servoStudio\servoStudio_wjhet5xd_wpftmp.csproj]
C:\UserWorx\VSWorx\ServoStudio\wpfui-servoStudio\samples\Wpf.Ui.servoStudio\Models\HexConvert.cs(105,79): warning IDE0055: 淇鏍煎紡 (https://learn.microsoft.com/dotnet/fundamentals/code-analysis/style-rules/ide0055) [C:\UserWorx\VSWorx\ServoStudio\wpfui-servoStudio\samples\Wpf.Ui.servoStudio\servoStudio_wjhet5xd_wpftmp.csproj]
C:\UserWorx\VSWorx\ServoStudio\wpfui-servoStudio\samples\Wpf.Ui.servoStudio\ViewModels\ViewModel.cs(17,23): warning CA1063: 瀵?ViewModel 鎻愪緵 Dispose(bool) 鐨勫彲閲嶅啓瀹炵幇鎴栧皢璇ョ被鍨嬫爣璁颁负鈥滃凡瀵嗗皝鈥濄€傚 Dispose(false) 鐨勮皟鐢ㄥ簲浠呮竻鐞嗘湰鏈鸿祫婧愩€傚 Dispose(true) 鐨勮皟鐢ㄥ簲鍚屾椂娓呯悊鎵樼璧勬簮鍜屾湰鏈鸿祫婧愩€?(https://learn.microsoft.com/dotnet/fundamentals/code-analysis/quality-rules/ca1063) [C:\UserWorx\VSWorx\ServoStudio\wpfui-servoStudio\samples\Wpf.Ui.servoStudio\servoStudio_wjhet5xd_wpftmp.csproj]
C:\UserWorx\VSWorx\ServoStudio\wpfui-servoStudio\samples\Wpf.Ui.servoStudio\Models\HVariables.cs(77,51): warning IDE0055: 淇鏍煎紡 (https://learn.microsoft.com/dotnet/fundamentals/code-analysis/style-rules/ide0055) [C:\UserWorx\VSWorx\ServoStudio\wpfui-servoStudio\samples\Wpf.Ui.servoStudio\servoStudio_wjhet5xd_wpftmp.csproj]
C:\UserWorx\VSWorx\ServoStudio\wpfui-servoStudio\samples\Wpf.Ui.servoStudio\Models\HVariables.cs(93,51): warning IDE0055: 淇鏍煎紡 (https://learn.microsoft.com/dotnet/fundamentals/code-analysis/style-rules/ide0055) [C:\UserWorx\VSWorx\ServoStudio\wpfui-servoStudio\samples\Wpf.Ui.servoStudio\servoStudio_wjhet5xd_wpftmp.csproj]
C:\UserWorx\VSWorx\ServoStudio\wpfui-servoStudio\samples\Wpf.Ui.servoStudio\Models\LogEntry.cs(51,21): warning IDE0055: 淇鏍煎紡 (https://learn.microsoft.com/dotnet/fundamentals/code-analysis/style-rules/ide0055) [C:\UserWorx\VSWorx\ServoStudio\wpfui-servoStudio\samples\Wpf.Ui.servoStudio\servoStudio_wjhet5xd_wpftmp.csproj]
C:\UserWorx\VSWorx\ServoStudio\wpfui-servoStudio\samples\Wpf.Ui.servoStudio\Models\LogEntry.cs(51,23): warning IDE0055: 淇鏍煎紡 (https://learn.microsoft.com/dotnet/fundamentals/code-analysis/style-rules/ide0055) [C:\UserWorx\VSWorx\ServoStudio\wpfui-servoStudio\samples\Wpf.Ui.servoStudio\servoStudio_wjhet5xd_wpftmp.csproj]
C:\UserWorx\VSWorx\ServoStudio\wpfui-servoStudio\samples\Wpf.Ui.servoStudio\Models\LogEntry.cs(51,34): warning IDE0055: 淇鏍煎紡 (https://learn.microsoft.com/dotnet/fundamentals/code-analysis/style-rules/ide0055) [C:\UserWorx\VSWorx\ServoStudio\wpfui-servoStudio\samples\Wpf.Ui.servoStudio\servoStudio_wjhet5xd_wpftmp.csproj]
C:\UserWorx\VSWorx\ServoStudio\wpfui-servoStudio\samples\Wpf.Ui.servoStudio\Models\LogEntry.cs(52,30): warning IDE0055: 淇鏍煎紡 (https://learn.microsoft.com/dotnet/fundamentals/code-analysis/style-rules/ide0055) [C:\UserWorx\VSWorx\ServoStudio\wpfui-servoStudio\samples\Wpf.Ui.servoStudio\servoStudio_wjhet5xd_wpftmp.csproj]
C:\UserWorx\VSWorx\ServoStudio\wpfui-servoStudio\samples\Wpf.Ui.servoStudio\Models\LogEntry.cs(52,32): warning IDE0055: 淇鏍煎紡 (https://learn.microsoft.com/dotnet/fundamentals/code-analysis/style-rules/ide0055) [C:\UserWorx\VSWorx\ServoStudio\wpfui-servoStudio\samples\Wpf.Ui.servoStudio\servoStudio_wjhet5xd_wpftmp.csproj]
C:\UserWorx\VSWorx\ServoStudio\wpfui-servoStudio\samples\Wpf.Ui.servoStudio\Models\LogEntry.cs(52,43): warning IDE0055: 淇鏍煎紡 (https://learn.microsoft.com/dotnet/fundamentals/code-analysis/style-rules/ide0055) [C:\UserWorx\VSWorx\ServoStudio\wpfui-servoStudio\samples\Wpf.Ui.servoStudio\servoStudio_wjhet5xd_wpftmp.csproj]
C:\UserWorx\VSWorx\ServoStudio\wpfui-servoStudio\samples\Wpf.Ui.servoStudio\Models\LogEntry.cs(53,29): warning IDE0055: 淇鏍煎紡 (https://learn.microsoft.com/dotnet/fundamentals/code-analysis/style-rules/ide0055) [C:\UserWorx\VSWorx\ServoStudio\wpfui-servoStudio\samples\Wpf.Ui.servoStudio\servoStudio_wjhet5xd_wpftmp.csproj]
C:\UserWorx\VSWorx\ServoStudio\wpfui-servoStudio\samples\Wpf.Ui.servoStudio\Models\LogEntry.cs(53,31): warning IDE0055: 淇鏍煎紡 (https://learn.microsoft.com/dotnet/fundamentals/code-analysis/style-rules/ide0055) [C:\UserWorx\VSWorx\ServoStudio\wpfui-servoStudio\samples\Wpf.Ui.servoStudio\servoStudio_wjhet5xd_wpftmp.csproj]
C:\UserWorx\VSWorx\ServoStudio\wpfui-servoStudio\samples\Wpf.Ui.servoStudio\Models\LogEntry.cs(53,42): warning IDE0055: 淇鏍煎紡 (https://learn.microsoft.com/dotnet/fundamentals/code-analysis/style-rules/ide0055) [C:\UserWorx\VSWorx\ServoStudio\wpfui-servoStudio\samples\Wpf.Ui.servoStudio\servoStudio_wjhet5xd_wpftmp.csproj]
C:\UserWorx\VSWorx\ServoStudio\wpfui-servoStudio\samples\Wpf.Ui.servoStudio\Models\LogEntry.cs(54,35): warning IDE0055: 淇鏍煎紡 (https://learn.microsoft.com/dotnet/fundamentals/code-analysis/style-rules/ide0055) [C:\UserWorx\VSWorx\ServoStudio\wpfui-servoStudio\samples\Wpf.Ui.servoStudio\servoStudio_wjhet5xd_wpftmp.csproj]
C:\UserWorx\VSWorx\ServoStudio\wpfui-servoStudio\samples\Wpf.Ui.servoStudio\Models\LogEntry.cs(54,37): warning IDE0055: 淇鏍煎紡 (https://learn.microsoft.com/dotnet/fundamentals/code-analysis/style-rules/ide0055) [C:\UserWorx\VSWorx\ServoStudio\wpfui-servoStudio\samples\Wpf.Ui.servoStudio\servoStudio_wjhet5xd_wpftmp.csproj]
C:\UserWorx\VSWorx\ServoStudio\wpfui-servoStudio\samples\Wpf.Ui.servoStudio\Models\LogEntry.cs(54,48): warning IDE0055: 淇鏍煎紡 (https://learn.microsoft.com/dotnet/fundamentals/code-analysis/style-rules/ide0055) [C:\UserWorx\VSWorx\ServoStudio\wpfui-servoStudio\samples\Wpf.Ui.servoStudio\servoStudio_wjhet5xd_wpftmp.csproj]
C:\UserWorx\VSWorx\ServoStudio\wpfui-servoStudio\samples\Wpf.Ui.servoStudio\Models\LogEntry.cs(121,25): warning IDE0055: 淇鏍煎紡 (https://learn.microsoft.com/dotnet/fundamentals/code-analysis/style-rules/ide0055) [C:\UserWorx\VSWorx\ServoStudio\wpfui-servoStudio\samples\Wpf.Ui.servoStudio\servoStudio_wjhet5xd_wpftmp.csproj]
C:\UserWorx\VSWorx\ServoStudio\wpfui-servoStudio\samples\Wpf.Ui.servoStudio\Models\LogEntry.cs(121,27): warning IDE0055: 淇鏍煎紡 (https://learn.microsoft.com/dotnet/fundamentals/code-analysis/style-rules/ide0055) [C:\UserWorx\VSWorx\ServoStudio\wpfui-servoStudio\samples\Wpf.Ui.servoStudio\servoStudio_wjhet5xd_wpftmp.csproj]
C:\UserWorx\VSWorx\ServoStudio\wpfui-servoStudio\samples\Wpf.Ui.servoStudio\Models\LogEntry.cs(121,38): warning IDE0055: 淇鏍煎紡 (https://learn.microsoft.com/dotnet/fundamentals/code-analysis/style-rules/ide0055) [C:\UserWorx\VSWorx\ServoStudio\wpfui-servoStudio\samples\Wpf.Ui.servoStudio\servoStudio_wjhet5xd_wpftmp.csproj]
C:\UserWorx\VSWorx\ServoStudio\wpfui-servoStudio\samples\Wpf.Ui.servoStudio\Models\LogEntry.cs(122,33): warning IDE0055: 淇鏍煎紡 (https://learn.microsoft.com/dotnet/fundamentals/code-analysis/style-rules/ide0055) [C:\UserWorx\VSWorx\ServoStudio\wpfui-servoStudio\samples\Wpf.Ui.servoStudio\servoStudio_wjhet5xd_wpftmp.csproj]
C:\UserWorx\VSWorx\ServoStudio\wpfui-servoStudio\samples\Wpf.Ui.servoStudio\Models\LogEntry.cs(122,35): warning IDE0055: 淇鏍煎紡 (https://learn.microsoft.com/dotnet/fundamentals/code-analysis/style-rules/ide0055) [C:\UserWorx\VSWorx\ServoStudio\wpfui-servoStudio\samples\Wpf.Ui.servoStudio\servoStudio_wjhet5xd_wpftmp.csproj]
C:\UserWorx\VSWorx\ServoStudio\wpfui-servoStudio\samples\Wpf.Ui.servoStudio\Models\LogEntry.cs(122,46): warning IDE0055: 淇鏍煎紡 (https://learn.microsoft.com/dotnet/fundamentals/code-analysis/style-rules/ide0055) [C:\UserWorx\VSWorx\ServoStudio\wpfui-servoStudio\samples\Wpf.Ui.servoStudio\servoStudio_wjhet5xd_wpftmp.csproj]
C:\UserWorx\VSWorx\ServoStudio\wpfui-servoStudio\samples\Wpf.Ui.servoStudio\Models\LogEntry.cs(123,26): warning IDE0055: 淇鏍煎紡 (https://learn.microsoft.com/dotnet/fundamentals/code-analysis/style-rules/ide0055) [C:\UserWorx\VSWorx\ServoStudio\wpfui-servoStudio\samples\Wpf.Ui.servoStudio\servoStudio_wjhet5xd_wpftmp.csproj]
C:\UserWorx\VSWorx\ServoStudio\wpfui-servoStudio\samples\Wpf.Ui.servoStudio\Models\LogEntry.cs(123,28): warning IDE0055: 淇鏍煎紡 (https://learn.microsoft.com/dotnet/fundamentals/code-analysis/style-rules/ide0055) [C:\UserWorx\VSWorx\ServoStudio\wpfui-servoStudio\samples\Wpf.Ui.servoStudio\servoStudio_wjhet5xd_wpftmp.csproj]
C:\UserWorx\VSWorx\ServoStudio\wpfui-servoStudio\samples\Wpf.Ui.servoStudio\Models\LogEntry.cs(123,38): warning IDE0055: 淇鏍煎紡 (https://learn.microsoft.com/dotnet/fundamentals/code-analysis/style-rules/ide0055) [C:\UserWorx\VSWorx\ServoStudio\wpfui-servoStudio\samples\Wpf.Ui.servoStudio\servoStudio_wjhet5xd_wpftmp.csproj]
C:\UserWorx\VSWorx\ServoStudio\wpfui-servoStudio\samples\Wpf.Ui.servoStudio\Models\ModbusRegister.cs(10,25): warning IDE0055: 淇鏍煎紡 (https://learn.microsoft.com/dotnet/fundamentals/code-analysis/style-rules/ide0055) [C:\UserWorx\VSWorx\ServoStudio\wpfui-servoStudio\samples\Wpf.Ui.servoStudio\servoStudio_wjhet5xd_wpftmp.csproj]
C:\UserWorx\VSWorx\ServoStudio\wpfui-servoStudio\samples\Wpf.Ui.servoStudio\Models\ModbusRegister.cs(10,27): warning IDE0055: 淇鏍煎紡 (https://learn.microsoft.com/dotnet/fundamentals/code-analysis/style-rules/ide0055) [C:\UserWorx\VSWorx\ServoStudio\wpfui-servoStudio\samples\Wpf.Ui.servoStudio\servoStudio_wjhet5xd_wpftmp.csproj]
C:\UserWorx\VSWorx\ServoStudio\wpfui-servoStudio\samples\Wpf.Ui.servoStudio\Models\ModbusRegister.cs(10,37): warning IDE0055: 淇鏍煎紡 (https://learn.microsoft.com/dotnet/fundamentals/code-analysis/style-rules/ide0055) [C:\UserWorx\VSWorx\ServoStudio\wpfui-servoStudio\samples\Wpf.Ui.servoStudio\servoStudio_wjhet5xd_wpftmp.csproj]
C:\UserWorx\VSWorx\ServoStudio\wpfui-servoStudio\samples\Wpf.Ui.servoStudio\Models\ModbusRegister.cs(11,25): warning IDE0055: 淇鏍煎紡 (https://learn.microsoft.com/dotnet/fundamentals/code-analysis/style-rules/ide0055) [C:\UserWorx\VSWorx\ServoStudio\wpfui-servoStudio\samples\Wpf.Ui.servoStudio\servoStudio_wjhet5xd_wpftmp.csproj]
C:\UserWorx\VSWorx\ServoStudio\wpfui-servoStudio\samples\Wpf.Ui.servoStudio\Models\ModbusRegister.cs(11,27): warning IDE0055: 淇鏍煎紡 (https://learn.microsoft.com/dotnet/fundamentals/code-analysis/style-rules/ide0055) [C:\UserWorx\VSWorx\ServoStudio\wpfui-servoStudio\samples\Wpf.Ui.servoStudio\servoStudio_wjhet5xd_wpftmp.csproj]
C:\UserWorx\VSWorx\ServoStudio\wpfui-servoStudio\samples\Wpf.Ui.servoStudio\Models\ModbusRegister.cs(11,37): warning IDE0055: 淇鏍煎紡 (https://learn.microsoft.com/dotnet/fundamentals/code-analysis/style-rules/ide0055) [C:\UserWorx\VSWorx\ServoStudio\wpfui-servoStudio\samples\Wpf.Ui.servoStudio\servoStudio_wjhet5xd_wpftmp.csproj]
C:\UserWorx\VSWorx\ServoStudio\wpfui-servoStudio\samples\Wpf.Ui.servoStudio\Models\ModbusRegister.cs(12,25): warning IDE0055: 淇鏍煎紡 (https://learn.microsoft.com/dotnet/fundamentals/code-analysis/style-rules/ide0055) [C:\UserWorx\VSWorx\ServoStudio\wpfui-servoStudio\samples\Wpf.Ui.servoStudio\servoStudio_wjhet5xd_wpftmp.csproj]
C:\UserWorx\VSWorx\ServoStudio\wpfui-servoStudio\samples\Wpf.Ui.servoStudio\Models\ModbusRegister.cs(12,27): warning IDE0055: 淇鏍煎紡 (https://learn.microsoft.com/dotnet/fundamentals/code-analysis/style-rules/ide0055) [C:\UserWorx\VSWorx\ServoStudio\wpfui-servoStudio\samples\Wpf.Ui.servoStudio\servoStudio_wjhet5xd_wpftmp.csproj]
C:\UserWorx\VSWorx\ServoStudio\wpfui-servoStudio\samples\Wpf.Ui.servoStudio\Models\ModbusRegister.cs(12,37): warning IDE0055: 淇鏍煎紡 (https://learn.microsoft.com/dotnet/fundamentals/code-analysis/style-rules/ide0055) [C:\UserWorx\VSWorx\ServoStudio\wpfui-servoStudio\samples\Wpf.Ui.servoStudio\servoStudio_wjhet5xd_wpftmp.csproj]
C:\UserWorx\VSWorx\ServoStudio\wpfui-servoStudio\samples\Wpf.Ui.servoStudio\Models\ModbusRegister.cs(13,25): warning IDE0055: 淇鏍煎紡 (https://learn.microsoft.com/dotnet/fundamentals/code-analysis/style-rules/ide0055) [C:\UserWorx\VSWorx\ServoStudio\wpfui-servoStudio\samples\Wpf.Ui.servoStudio\servoStudio_wjhet5xd_wpftmp.csproj]
C:\UserWorx\VSWorx\ServoStudio\wpfui-servoStudio\samples\Wpf.Ui.servoStudio\Models\ModbusRegister.cs(13,27): warning IDE0055: 淇鏍煎紡 (https://learn.microsoft.com/dotnet/fundamentals/code-analysis/style-rules/ide0055) [C:\UserWorx\VSWorx\ServoStudio\wpfui-servoStudio\samples\Wpf.Ui.servoStudio\servoStudio_wjhet5xd_wpftmp.csproj]
C:\UserWorx\VSWorx\ServoStudio\wpfui-servoStudio\samples\Wpf.Ui.servoStudio\Models\ModbusRegister.cs(13,37): warning IDE0055: 淇鏍煎紡 (https://learn.microsoft.com/dotnet/fundamentals/code-analysis/style-rules/ide0055) [C:\UserWorx\VSWorx\ServoStudio\wpfui-servoStudio\samples\Wpf.Ui.servoStudio\servoStudio_wjhet5xd_wpftmp.csproj]
C:\UserWorx\VSWorx\ServoStudio\wpfui-servoStudio\samples\Wpf.Ui.servoStudio\Models\ModbusRegister.cs(14,25): warning IDE0055: 淇鏍煎紡 (https://learn.microsoft.com/dotnet/fundamentals/code-analysis/style-rules/ide0055) [C:\UserWorx\VSWorx\ServoStudio\wpfui-servoStudio\samples\Wpf.Ui.servoStudio\servoStudio_wjhet5xd_wpftmp.csproj]
C:\UserWorx\VSWorx\ServoStudio\wpfui-servoStudio\samples\Wpf.Ui.servoStudio\Models\ModbusRegister.cs(14,27): warning IDE0055: 淇鏍煎紡 (https://learn.microsoft.com/dotnet/fundamentals/code-analysis/style-rules/ide0055) [C:\UserWorx\VSWorx\ServoStudio\wpfui-servoStudio\samples\Wpf.Ui.servoStudio\servoStudio_wjhet5xd_wpftmp.csproj]
C:\UserWorx\VSWorx\ServoStudio\wpfui-servoStudio\samples\Wpf.Ui.servoStudio\Models\ModbusRegister.cs(14,37): warning IDE0055: 淇鏍煎紡 (https://learn.microsoft.com/dotnet/fundamentals/code-analysis/style-rules/ide0055) [C:\UserWorx\VSWorx\ServoStudio\wpfui-servoStudio\samples\Wpf.Ui.servoStudio\servoStudio_wjhet5xd_wpftmp.csproj]
C:\UserWorx\VSWorx\ServoStudio\wpfui-servoStudio\samples\Wpf.Ui.servoStudio\Models\ModbusRegister.cs(15,25): warning IDE0055: 淇鏍煎紡 (https://learn.microsoft.com/dotnet/fundamentals/code-analysis/style-rules/ide0055) [C:\UserWorx\VSWorx\ServoStudio\wpfui-servoStudio\samples\Wpf.Ui.servoStudio\servoStudio_wjhet5xd_wpftmp.csproj]
C:\UserWorx\VSWorx\ServoStudio\wpfui-servoStudio\samples\Wpf.Ui.servoStudio\Models\ModbusRegister.cs(15,27): warning IDE0055: 淇鏍煎紡 (https://learn.microsoft.com/dotnet/fundamentals/code-analysis/style-rules/ide0055) [C:\UserWorx\VSWorx\ServoStudio\wpfui-servoStudio\samples\Wpf.Ui.servoStudio\servoStudio_wjhet5xd_wpftmp.csproj]
C:\UserWorx\VSWorx\ServoStudio\wpfui-servoStudio\samples\Wpf.Ui.servoStudio\Models\ModbusRegister.cs(15,37): warning IDE0055: 淇鏍煎紡 (https://learn.microsoft.com/dotnet/fundamentals/code-analysis/style-rules/ide0055) [C:\UserWorx\VSWorx\ServoStudio\wpfui-servoStudio\samples\Wpf.Ui.servoStudio\servoStudio_wjhet5xd_wpftmp.csproj]
C:\UserWorx\VSWorx\ServoStudio\wpfui-servoStudio\samples\Wpf.Ui.servoStudio\Models\ModbusRegister.cs(16,25): warning IDE0055: 淇鏍煎紡 (https://learn.microsoft.com/dotnet/fundamentals/code-analysis/style-rules/ide0055) [C:\UserWorx\VSWorx\ServoStudio\wpfui-servoStudio\samples\Wpf.Ui.servoStudio\servoStudio_wjhet5xd_wpftmp.csproj]
C:\UserWorx\VSWorx\ServoStudio\wpfui-servoStudio\samples\Wpf.Ui.servoStudio\Models\ModbusRegister.cs(16,27): warning IDE0055: 淇鏍煎紡 (https://learn.microsoft.com/dotnet/fundamentals/code-analysis/style-rules/ide0055) [C:\UserWorx\VSWorx\ServoStudio\wpfui-servoStudio\samples\Wpf.Ui.servoStudio\servoStudio_wjhet5xd_wpftmp.csproj]
C:\UserWorx\VSWorx\ServoStudio\wpfui-servoStudio\samples\Wpf.Ui.servoStudio\Models\ModbusRegister.cs(16,37): warning IDE0055: 淇鏍煎紡 (https://learn.microsoft.com/dotnet/fundamentals/code-analysis/style-rules/ide0055) [C:\UserWorx\VSWorx\ServoStudio\wpfui-servoStudio\samples\Wpf.Ui.servoStudio\servoStudio_wjhet5xd_wpftmp.csproj]
C:\UserWorx\VSWorx\ServoStudio\wpfui-servoStudio\samples\Wpf.Ui.servoStudio\Models\ModbusRegister.cs(17,25): warning IDE0055: 淇鏍煎紡 (https://learn.microsoft.com/dotnet/fundamentals/code-analysis/style-rules/ide0055) [C:\UserWorx\VSWorx\ServoStudio\wpfui-servoStudio\samples\Wpf.Ui.servoStudio\servoStudio_wjhet5xd_wpftmp.csproj]
C:\UserWorx\VSWorx\ServoStudio\wpfui-servoStudio\samples\Wpf.Ui.servoStudio\Models\ModbusRegister.cs(17,27): warning IDE0055: 淇鏍煎紡 (https://learn.microsoft.com/dotnet/fundamentals/code-analysis/style-rules/ide0055) [C:\UserWorx\VSWorx\ServoStudio\wpfui-servoStudio\samples\Wpf.Ui.servoStudio\servoStudio_wjhet5xd_wpftmp.csproj]
C:\UserWorx\VSWorx\ServoStudio\wpfui-servoStudio\samples\Wpf.Ui.servoStudio\Models\ModbusRegister.cs(17,37): warning IDE0055: 淇鏍煎紡 (https://learn.microsoft.com/dotnet/fundamentals/code-analysis/style-rules/ide0055) [C:\UserWorx\VSWorx\ServoStudio\wpfui-servoStudio\samples\Wpf.Ui.servoStudio\servoStudio_wjhet5xd_wpftmp.csproj]
C:\UserWorx\VSWorx\ServoStudio\wpfui-servoStudio\samples\Wpf.Ui.servoStudio\Models\ModbusRegister.cs(18,25): warning IDE0055: 淇鏍煎紡 (https://learn.microsoft.com/dotnet/fundamentals/code-analysis/style-rules/ide0055) [C:\UserWorx\VSWorx\ServoStudio\wpfui-servoStudio\samples\Wpf.Ui.servoStudio\servoStudio_wjhet5xd_wpftmp.csproj]
C:\UserWorx\VSWorx\ServoStudio\wpfui-servoStudio\samples\Wpf.Ui.servoStudio\Models\ModbusRegister.cs(18,27): warning IDE0055: 淇鏍煎紡 (https://learn.microsoft.com/dotnet/fundamentals/code-analysis/style-rules/ide0055) [C:\UserWorx\VSWorx\ServoStudio\wpfui-servoStudio\samples\Wpf.Ui.servoStudio\servoStudio_wjhet5xd_wpftmp.csproj]
C:\UserWorx\VSWorx\ServoStudio\wpfui-servoStudio\samples\Wpf.Ui.servoStudio\Models\ModbusRegister.cs(18,37): warning IDE0055: 淇鏍煎紡 (https://learn.microsoft.com/dotnet/fundamentals/code-analysis/style-rules/ide0055) [C:\UserWorx\VSWorx\ServoStudio\wpfui-servoStudio\samples\Wpf.Ui.servoStudio\servoStudio_wjhet5xd_wpftmp.csproj]
C:\UserWorx\VSWorx\ServoStudio\wpfui-servoStudio\samples\Wpf.Ui.servoStudio\Models\ModbusRegister.cs(19,25): warning IDE0055: 淇鏍煎紡 (https://learn.microsoft.com/dotnet/fundamentals/code-analysis/style-rules/ide0055) [C:\UserWorx\VSWorx\ServoStudio\wpfui-servoStudio\samples\Wpf.Ui.servoStudio\servoStudio_wjhet5xd_wpftmp.csproj]
C:\UserWorx\VSWorx\ServoStudio\wpfui-servoStudio\samples\Wpf.Ui.servoStudio\Models\ModbusRegister.cs(19,27): warning IDE0055: 淇鏍煎紡 (https://learn.microsoft.com/dotnet/fundamentals/code-analysis/style-rules/ide0055) [C:\UserWorx\VSWorx\ServoStudio\wpfui-servoStudio\samples\Wpf.Ui.servoStudio\servoStudio_wjhet5xd_wpftmp.csproj]
C:\UserWorx\VSWorx\ServoStudio\wpfui-servoStudio\samples\Wpf.Ui.servoStudio\Models\ModbusRegister.cs(19,37): warning IDE0055: 淇鏍煎紡 (https://learn.microsoft.com/dotnet/fundamentals/code-analysis/style-rules/ide0055) [C:\UserWorx\VSWorx\ServoStudio\wpfui-servoStudio\samples\Wpf.Ui.servoStudio\servoStudio_wjhet5xd_wpftmp.csproj]
C:\UserWorx\VSWorx\ServoStudio\wpfui-servoStudio\samples\Wpf.Ui.servoStudio\Models\ModbusRegister.cs(20,25): warning IDE0055: 淇鏍煎紡 (https://learn.microsoft.com/dotnet/fundamentals/code-analysis/style-rules/ide0055) [C:\UserWorx\VSWorx\ServoStudio\wpfui-servoStudio\samples\Wpf.Ui.servoStudio\servoStudio_wjhet5xd_wpftmp.csproj]
C:\UserWorx\VSWorx\ServoStudio\wpfui-servoStudio\samples\Wpf.Ui.servoStudio\Models\ModbusRegister.cs(20,27): warning IDE0055: 淇鏍煎紡 (https://learn.microsoft.com/dotnet/fundamentals/code-analysis/style-rules/ide0055) [C:\UserWorx\VSWorx\ServoStudio\wpfui-servoStudio\samples\Wpf.Ui.servoStudio\servoStudio_wjhet5xd_wpftmp.csproj]
C:\UserWorx\VSWorx\ServoStudio\wpfui-servoStudio\samples\Wpf.Ui.servoStudio\Models\ModbusRegister.cs(20,37): warning IDE0055: 淇鏍煎紡 (https://learn.microsoft.com/dotnet/fundamentals/code-analysis/style-rules/ide0055) [C:\UserWorx\VSWorx\ServoStudio\wpfui-servoStudio\samples\Wpf.Ui.servoStudio\servoStudio_wjhet5xd_wpftmp.csproj]
C:\UserWorx\VSWorx\ServoStudio\wpfui-servoStudio\samples\Wpf.Ui.servoStudio\Models\ModbusRegister.cs(21,25): warning IDE0055: 淇鏍煎紡 (https://learn.microsoft.com/dotnet/fundamentals/code-analysis/style-rules/ide0055) [C:\UserWorx\VSWorx\ServoStudio\wpfui-servoStudio\samples\Wpf.Ui.servoStudio\servoStudio_wjhet5xd_wpftmp.csproj]
C:\UserWorx\VSWorx\ServoStudio\wpfui-servoStudio\samples\Wpf.Ui.servoStudio\Models\ModbusRegister.cs(21,27): warning IDE0055: 淇鏍煎紡 (https://learn.microsoft.com/dotnet/fundamentals/code-analysis/style-rules/ide0055) [C:\UserWorx\VSWorx\ServoStudio\wpfui-servoStudio\samples\Wpf.Ui.servoStudio\servoStudio_wjhet5xd_wpftmp.csproj]
C:\UserWorx\VSWorx\ServoStudio\wpfui-servoStudio\samples\Wpf.Ui.servoStudio\Models\ModbusRegister.cs(21,37): warning IDE0055: 淇鏍煎紡 (https://learn.microsoft.com/dotnet/fundamentals/code-analysis/style-rules/ide0055) [C:\UserWorx\VSWorx\ServoStudio\wpfui-servoStudio\samples\Wpf.Ui.servoStudio\servoStudio_wjhet5xd_wpftmp.csproj]
C:\UserWorx\VSWorx\ServoStudio\wpfui-servoStudio\samples\Wpf.Ui.servoStudio\Models\ModbusRegister.cs(22,25): warning IDE0055: 淇鏍煎紡 (https://learn.microsoft.com/dotnet/fundamentals/code-analysis/style-rules/ide0055) [C:\UserWorx\VSWorx\ServoStudio\wpfui-servoStudio\samples\Wpf.Ui.servoStudio\servoStudio_wjhet5xd_wpftmp.csproj]
C:\UserWorx\VSWorx\ServoStudio\wpfui-servoStudio\samples\Wpf.Ui.servoStudio\Models\ModbusRegister.cs(22,27): warning IDE0055: 淇鏍煎紡 (https://learn.microsoft.com/dotnet/fundamentals/code-analysis/style-rules/ide0055) [C:\UserWorx\VSWorx\ServoStudio\wpfui-servoStudio\samples\Wpf.Ui.servoStudio\servoStudio_wjhet5xd_wpftmp.csproj]
C:\UserWorx\VSWorx\ServoStudio\wpfui-servoStudio\samples\Wpf.Ui.servoStudio\Models\ModbusRegister.cs(22,37): warning IDE0055: 淇鏍煎紡 (https://learn.microsoft.com/dotnet/fundamentals/code-analysis/style-rules/ide0055) [C:\UserWorx\VSWorx\ServoStudio\wpfui-servoStudio\samples\Wpf.Ui.servoStudio\servoStudio_wjhet5xd_wpftmp.csproj]
C:\UserWorx\VSWorx\ServoStudio\wpfui-servoStudio\samples\Wpf.Ui.servoStudio\Models\ModbusRegister.cs(23,25): warning IDE0055: 淇鏍煎紡 (https://learn.microsoft.com/dotnet/fundamentals/code-analysis/style-rules/ide0055) [C:\UserWorx\VSWorx\ServoStudio\wpfui-servoStudio\samples\Wpf.Ui.servoStudio\servoStudio_wjhet5xd_wpftmp.csproj]
C:\UserWorx\VSWorx\ServoStudio\wpfui-servoStudio\samples\Wpf.Ui.servoStudio\Models\ModbusRegister.cs(23,27): warning IDE0055: 淇鏍煎紡 (https://learn.microsoft.com/dotnet/fundamentals/code-analysis/style-rules/ide0055) [C:\UserWorx\VSWorx\ServoStudio\wpfui-servoStudio\samples\Wpf.Ui.servoStudio\servoStudio_wjhet5xd_wpftmp.csproj]
C:\UserWorx\VSWorx\ServoStudio\wpfui-servoStudio\samples\Wpf.Ui.servoStudio\Models\ModbusRegister.cs(23,37): warning IDE0055: 淇鏍煎紡 (https://learn.microsoft.com/dotnet/fundamentals/code-analysis/style-rules/ide0055) [C:\UserWorx\VSWorx\ServoStudio\wpfui-servoStudio\samples\Wpf.Ui.servoStudio\servoStudio_wjhet5xd_wpftmp.csproj]
C:\UserWorx\VSWorx\ServoStudio\wpfui-servoStudio\samples\Wpf.Ui.servoStudio\Models\MotorIdentificationModel.cs(52,40): warning IDE0055: 淇鏍煎紡 (https://learn.microsoft.com/dotnet/fundamentals/code-analysis/style-rules/ide0055) [C:\UserWorx\VSWorx\ServoStudio\wpfui-servoStudio\samples\Wpf.Ui.servoStudio\servoStudio_wjhet5xd_wpftmp.csproj]
C:\UserWorx\VSWorx\ServoStudio\wpfui-servoStudio\samples\Wpf.Ui.servoStudio\Models\MotorIdentificationModel.cs(52,42): warning IDE0055: 淇鏍煎紡 (https://learn.microsoft.com/dotnet/fundamentals/code-analysis/style-rules/ide0055) [C:\UserWorx\VSWorx\ServoStudio\wpfui-servoStudio\samples\Wpf.Ui.servoStudio\servoStudio_wjhet5xd_wpftmp.csproj]
C:\UserWorx\VSWorx\ServoStudio\wpfui-servoStudio\samples\Wpf.Ui.servoStudio\Models\MotorIdentificationModel.cs(52,52): warning IDE0055: 淇鏍煎紡 (https://learn.microsoft.com/dotnet/fundamentals/code-analysis/style-rules/ide0055) [C:\UserWorx\VSWorx\ServoStudio\wpfui-servoStudio\samples\Wpf.Ui.servoStudio\servoStudio_wjhet5xd_wpftmp.csproj]
C:\UserWorx\VSWorx\ServoStudio\wpfui-servoStudio\samples\Wpf.Ui.servoStudio\Models\MotorIdentificationModel.cs(55,35): warning IDE0055: 淇鏍煎紡 (https://learn.microsoft.com/dotnet/fundamentals/code-analysis/style-rules/ide0055) [C:\UserWorx\VSWorx\ServoStudio\wpfui-servoStudio\samples\Wpf.Ui.servoStudio\servoStudio_wjhet5xd_wpftmp.csproj]
C:\UserWorx\VSWorx\ServoStudio\wpfui-servoStudio\samples\Wpf.Ui.servoStudio\Models\MotorIdentificationModel.cs(55,37): warning IDE0055: 淇鏍煎紡 (https://learn.microsoft.com/dotnet/fundamentals/code-analysis/style-rules/ide0055) [C:\UserWorx\VSWorx\ServoStudio\wpfui-servoStudio\samples\Wpf.Ui.servoStudio\servoStudio_wjhet5xd_wpftmp.csproj]
C:\UserWorx\VSWorx\ServoStudio\wpfui-servoStudio\samples\Wpf.Ui.servoStudio\Models\MotorIdentificationModel.cs(55,47): warning IDE0055: 淇鏍煎紡 (https://learn.microsoft.com/dotnet/fundamentals/code-analysis/style-rules/ide0055) [C:\UserWorx\VSWorx\ServoStudio\wpfui-servoStudio\samples\Wpf.Ui.servoStudio\servoStudio_wjhet5xd_wpftmp.csproj]
C:\UserWorx\VSWorx\ServoStudio\wpfui-servoStudio\samples\Wpf.Ui.servoStudio\Models\MotorIdentificationModel.cs(58,34): warning IDE0055: 淇鏍煎紡 (https://learn.microsoft.com/dotnet/fundamentals/code-analysis/style-rules/ide0055) [C:\UserWorx\VSWorx\ServoStudio\wpfui-servoStudio\samples\Wpf.Ui.servoStudio\servoStudio_wjhet5xd_wpftmp.csproj]
C:\UserWorx\VSWorx\ServoStudio\wpfui-servoStudio\samples\Wpf.Ui.servoStudio\Models\MotorIdentificationModel.cs(58,36): warning IDE0055: 淇鏍煎紡 (https://learn.microsoft.com/dotnet/fundamentals/code-analysis/style-rules/ide0055) [C:\UserWorx\VSWorx\ServoStudio\wpfui-servoStudio\samples\Wpf.Ui.servoStudio\servoStudio_wjhet5xd_wpftmp.csproj]
C:\UserWorx\VSWorx\ServoStudio\wpfui-servoStudio\samples\Wpf.Ui.servoStudio\Models\MotorIdentificationModel.cs(58,46): warning IDE0055: 淇鏍煎紡 (https://learn.microsoft.com/dotnet/fundamentals/code-analysis/style-rules/ide0055) [C:\UserWorx\VSWorx\ServoStudio\wpfui-servoStudio\samples\Wpf.Ui.servoStudio\servoStudio_wjhet5xd_wpftmp.csproj]
C:\UserWorx\VSWorx\ServoStudio\wpfui-servoStudio\samples\Wpf.Ui.servoStudio\Models\MotorIdentificationModel.cs(61,34): warning IDE0055: 淇鏍煎紡 (https://learn.microsoft.com/dotnet/fundamentals/code-analysis/style-rules/ide0055) [C:\UserWorx\VSWorx\ServoStudio\wpfui-servoStudio\samples\Wpf.Ui.servoStudio\servoStudio_wjhet5xd_wpftmp.csproj]
C:\UserWorx\VSWorx\ServoStudio\wpfui-servoStudio\samples\Wpf.Ui.servoStudio\Models\MotorIdentificationModel.cs(61,36): warning IDE0055: 淇鏍煎紡 (https://learn.microsoft.com/dotnet/fundamentals/code-analysis/style-rules/ide0055) [C:\UserWorx\VSWorx\ServoStudio\wpfui-servoStudio\samples\Wpf.Ui.servoStudio\servoStudio_wjhet5xd_wpftmp.csproj]
C:\UserWorx\VSWorx\ServoStudio\wpfui-servoStudio\samples\Wpf.Ui.servoStudio\Models\MotorIdentificationModel.cs(61,46): warning IDE0055: 淇鏍煎紡 (https://learn.microsoft.com/dotnet/fundamentals/code-analysis/style-rules/ide0055) [C:\UserWorx\VSWorx\ServoStudio\wpfui-servoStudio\samples\Wpf.Ui.servoStudio\servoStudio_wjhet5xd_wpftmp.csproj]
C:\UserWorx\VSWorx\ServoStudio\wpfui-servoStudio\samples\Wpf.Ui.servoStudio\Models\MotorIdentificationModel.cs(64,34): warning IDE0055: 淇鏍煎紡 (https://learn.microsoft.com/dotnet/fundamentals/code-analysis/style-rules/ide0055) [C:\UserWorx\VSWorx\ServoStudio\wpfui-servoStudio\samples\Wpf.Ui.servoStudio\servoStudio_wjhet5xd_wpftmp.csproj]
C:\UserWorx\VSWorx\ServoStudio\wpfui-servoStudio\samples\Wpf.Ui.servoStudio\Models\MotorIdentificationModel.cs(64,36): warning IDE0055: 淇鏍煎紡 (https://learn.microsoft.com/dotnet/fundamentals/code-analysis/style-rules/ide0055) [C:\UserWorx\VSWorx\ServoStudio\wpfui-servoStudio\samples\Wpf.Ui.servoStudio\servoStudio_wjhet5xd_wpftmp.csproj]
C:\UserWorx\VSWorx\ServoStudio\wpfui-servoStudio\samples\Wpf.Ui.servoStudio\Models\MotorIdentificationModel.cs(64,46): warning IDE0055: 淇鏍煎紡 (https://learn.microsoft.com/dotnet/fundamentals/code-analysis/style-rules/ide0055) [C:\UserWorx\VSWorx\ServoStudio\wpfui-servoStudio\samples\Wpf.Ui.servoStudio\servoStudio_wjhet5xd_wpftmp.csproj]
C:\UserWorx\VSWorx\ServoStudio\wpfui-servoStudio\samples\Wpf.Ui.servoStudio\Models\MotorIdentificationModel.cs(67,30): warning IDE0055: 淇鏍煎紡 (https://learn.microsoft.com/dotnet/fundamentals/code-analysis/style-rules/ide0055) [C:\UserWorx\VSWorx\ServoStudio\wpfui-servoStudio\samples\Wpf.Ui.servoStudio\servoStudio_wjhet5xd_wpftmp.csproj]
C:\UserWorx\VSWorx\ServoStudio\wpfui-servoStudio\samples\Wpf.Ui.servoStudio\Models\MotorIdentificationModel.cs(67,32): warning IDE0055: 淇鏍煎紡 (https://learn.microsoft.com/dotnet/fundamentals/code-analysis/style-rules/ide0055) [C:\UserWorx\VSWorx\ServoStudio\wpfui-servoStudio\samples\Wpf.Ui.servoStudio\servoStudio_wjhet5xd_wpftmp.csproj]
C:\UserWorx\VSWorx\ServoStudio\wpfui-servoStudio\samples\Wpf.Ui.servoStudio\Models\MotorIdentificationModel.cs(67,42): warning IDE0055: 淇鏍煎紡 (https://learn.microsoft.com/dotnet/fundamentals/code-analysis/style-rules/ide0055) [C:\UserWorx\VSWorx\ServoStudio\wpfui-servoStudio\samples\Wpf.Ui.servoStudio\servoStudio_wjhet5xd_wpftmp.csproj]
C:\UserWorx\VSWorx\ServoStudio\wpfui-servoStudio\samples\Wpf.Ui.servoStudio\Models\MotorIdentificationModel.cs(70,26): warning IDE0055: 淇鏍煎紡 (https://learn.microsoft.com/dotnet/fundamentals/code-analysis/style-rules/ide0055) [C:\UserWorx\VSWorx\ServoStudio\wpfui-servoStudio\samples\Wpf.Ui.servoStudio\servoStudio_wjhet5xd_wpftmp.csproj]
C:\UserWorx\VSWorx\ServoStudio\wpfui-servoStudio\samples\Wpf.Ui.servoStudio\Models\MotorIdentificationModel.cs(70,28): warning IDE0055: 淇鏍煎紡 (https://learn.microsoft.com/dotnet/fundamentals/code-analysis/style-rules/ide0055) [C:\UserWorx\VSWorx\ServoStudio\wpfui-servoStudio\samples\Wpf.Ui.servoStudio\servoStudio_wjhet5xd_wpftmp.csproj]
C:\UserWorx\VSWorx\ServoStudio\wpfui-servoStudio\samples\Wpf.Ui.servoStudio\Models\MotorIdentificationModel.cs(70,38): warning IDE0055: 淇鏍煎紡 (https://learn.microsoft.com/dotnet/fundamentals/code-analysis/style-rules/ide0055) [C:\UserWorx\VSWorx\ServoStudio\wpfui-servoStudio\samples\Wpf.Ui.servoStudio\servoStudio_wjhet5xd_wpftmp.csproj]
C:\UserWorx\VSWorx\ServoStudio\wpfui-servoStudio\samples\Wpf.Ui.servoStudio\Models\MotorIdentificationModel.cs(73,34): warning IDE0055: 淇鏍煎紡 (https://learn.microsoft.com/dotnet/fundamentals/code-analysis/style-rules/ide0055) [C:\UserWorx\VSWorx\ServoStudio\wpfui-servoStudio\samples\Wpf.Ui.servoStudio\servoStudio_wjhet5xd_wpftmp.csproj]
C:\UserWorx\VSWorx\ServoStudio\wpfui-servoStudio\samples\Wpf.Ui.servoStudio\Models\MotorIdentificationModel.cs(73,36): warning IDE0055: 淇鏍煎紡 (https://learn.microsoft.com/dotnet/fundamentals/code-analysis/style-rules/ide0055) [C:\UserWorx\VSWorx\ServoStudio\wpfui-servoStudio\samples\Wpf.Ui.servoStudio\servoStudio_wjhet5xd_wpftmp.csproj]
C:\UserWorx\VSWorx\ServoStudio\wpfui-servoStudio\samples\Wpf.Ui.servoStudio\Models\MotorIdentificationModel.cs(73,46): warning IDE0055: 淇鏍煎紡 (https://learn.microsoft.com/dotnet/fundamentals/code-analysis/style-rules/ide0055) [C:\UserWorx\VSWorx\ServoStudio\wpfui-servoStudio\samples\Wpf.Ui.servoStudio\servoStudio_wjhet5xd_wpftmp.csproj]
C:\UserWorx\VSWorx\ServoStudio\wpfui-servoStudio\samples\Wpf.Ui.servoStudio\Models\MotorIdentificationModel.cs(76,34): warning IDE0055: 淇鏍煎紡 (https://learn.microsoft.com/dotnet/fundamentals/code-analysis/style-rules/ide0055) [C:\UserWorx\VSWorx\ServoStudio\wpfui-servoStudio\samples\Wpf.Ui.servoStudio\servoStudio_wjhet5xd_wpftmp.csproj]
C:\UserWorx\VSWorx\ServoStudio\wpfui-servoStudio\samples\Wpf.Ui.servoStudio\Models\MotorIdentificationModel.cs(76,36): warning IDE0055: 淇鏍煎紡 (https://learn.microsoft.com/dotnet/fundamentals/code-analysis/style-rules/ide0055) [C:\UserWorx\VSWorx\ServoStudio\wpfui-servoStudio\samples\Wpf.Ui.servoStudio\servoStudio_wjhet5xd_wpftmp.csproj]
C:\UserWorx\VSWorx\ServoStudio\wpfui-servoStudio\samples\Wpf.Ui.servoStudio\Models\MotorIdentificationModel.cs(76,46): warning IDE0055: 淇鏍煎紡 (https://learn.microsoft.com/dotnet/fundamentals/code-analysis/style-rules/ide0055) [C:\UserWorx\VSWorx\ServoStudio\wpfui-servoStudio\samples\Wpf.Ui.servoStudio\servoStudio_wjhet5xd_wpftmp.csproj]
C:\UserWorx\VSWorx\ServoStudio\wpfui-servoStudio\samples\Wpf.Ui.servoStudio\Models\MotorIdentificationModel.cs(79,25): warning IDE0055: 淇鏍煎紡 (https://learn.microsoft.com/dotnet/fundamentals/code-analysis/style-rules/ide0055) [C:\UserWorx\VSWorx\ServoStudio\wpfui-servoStudio\samples\Wpf.Ui.servoStudio\servoStudio_wjhet5xd_wpftmp.csproj]
C:\UserWorx\VSWorx\ServoStudio\wpfui-servoStudio\samples\Wpf.Ui.servoStudio\Models\MotorIdentificationModel.cs(79,27): warning IDE0055: 淇鏍煎紡 (https://learn.microsoft.com/dotnet/fundamentals/code-analysis/style-rules/ide0055) [C:\UserWorx\VSWorx\ServoStudio\wpfui-servoStudio\samples\Wpf.Ui.servoStudio\servoStudio_wjhet5xd_wpftmp.csproj]
C:\UserWorx\VSWorx\ServoStudio\wpfui-servoStudio\samples\Wpf.Ui.servoStudio\Models\MotorIdentificationModel.cs(79,37): warning IDE0055: 淇鏍煎紡 (https://learn.microsoft.com/dotnet/fundamentals/code-analysis/style-rules/ide0055) [C:\UserWorx\VSWorx\ServoStudio\wpfui-servoStudio\samples\Wpf.Ui.servoStudio\servoStudio_wjhet5xd_wpftmp.csproj]
C:\UserWorx\VSWorx\ServoStudio\wpfui-servoStudio\samples\Wpf.Ui.servoStudio\Models\MotorIdentificationModel.cs(82,33): warning IDE0055: 淇鏍煎紡 (https://learn.microsoft.com/dotnet/fundamentals/code-analysis/style-rules/ide0055) [C:\UserWorx\VSWorx\ServoStudio\wpfui-servoStudio\samples\Wpf.Ui.servoStudio\servoStudio_wjhet5xd_wpftmp.csproj]
C:\UserWorx\VSWorx\ServoStudio\wpfui-servoStudio\samples\Wpf.Ui.servoStudio\Models\MotorIdentificationModel.cs(82,35): warning IDE0055: 淇鏍煎紡 (https://learn.microsoft.com/dotnet/fundamentals/code-analysis/style-rules/ide0055) [C:\UserWorx\VSWorx\ServoStudio\wpfui-servoStudio\samples\Wpf.Ui.servoStudio\servoStudio_wjhet5xd_wpftmp.csproj]
C:\UserWorx\VSWorx\ServoStudio\wpfui-servoStudio\samples\Wpf.Ui.servoStudio\Models\MotorIdentificationModel.cs(82,45): warning IDE0055: 淇鏍煎紡 (https://learn.microsoft.com/dotnet/fundamentals/code-analysis/style-rules/ide0055) [C:\UserWorx\VSWorx\ServoStudio\wpfui-servoStudio\samples\Wpf.Ui.servoStudio\servoStudio_wjhet5xd_wpftmp.csproj]
C:\UserWorx\VSWorx\ServoStudio\wpfui-servoStudio\samples\Wpf.Ui.servoStudio\Models\MotorIdentificationModel.cs(85,24): warning IDE0055: 淇鏍煎紡 (https://learn.microsoft.com/dotnet/fundamentals/code-analysis/style-rules/ide0055) [C:\UserWorx\VSWorx\ServoStudio\wpfui-servoStudio\samples\Wpf.Ui.servoStudio\servoStudio_wjhet5xd_wpftmp.csproj]
C:\UserWorx\VSWorx\ServoStudio\wpfui-servoStudio\samples\Wpf.Ui.servoStudio\Models\MotorIdentificationModel.cs(85,26): warning IDE0055: 淇鏍煎紡 (https://learn.microsoft.com/dotnet/fundamentals/code-analysis/style-rules/ide0055) [C:\UserWorx\VSWorx\ServoStudio\wpfui-servoStudio\samples\Wpf.Ui.servoStudio\servoStudio_wjhet5xd_wpftmp.csproj]
C:\UserWorx\VSWorx\ServoStudio\wpfui-servoStudio\samples\Wpf.Ui.servoStudio\Models\MotorIdentificationModel.cs(85,36): warning IDE0055: 淇鏍煎紡 (https://learn.microsoft.com/dotnet/fundamentals/code-analysis/style-rules/ide0055) [C:\UserWorx\VSWorx\ServoStudio\wpfui-servoStudio\samples\Wpf.Ui.servoStudio\servoStudio_wjhet5xd_wpftmp.csproj]
C:\UserWorx\VSWorx\ServoStudio\wpfui-servoStudio\samples\Wpf.Ui.servoStudio\Models\MotorIdentificationModel.cs(97,42): warning IDE0055: 淇鏍煎紡 (https://learn.microsoft.com/dotnet/fundamentals/code-analysis/style-rules/ide0055) [C:\UserWorx\VSWorx\ServoStudio\wpfui-servoStudio\samples\Wpf.Ui.servoStudio\servoStudio_wjhet5xd_wpftmp.csproj]
C:\UserWorx\VSWorx\ServoStudio\wpfui-servoStudio\samples\Wpf.Ui.servoStudio\Models\MotorIdentificationModel.cs(97,44): warning IDE0055: 淇鏍煎紡 (https://learn.microsoft.com/dotnet/fundamentals/code-analysis/style-rules/ide0055) [C:\UserWorx\VSWorx\ServoStudio\wpfui-servoStudio\samples\Wpf.Ui.servoStudio\servoStudio_wjhet5xd_wpftmp.csproj]
C:\UserWorx\VSWorx\ServoStudio\wpfui-servoStudio\samples\Wpf.Ui.servoStudio\Models\MotorIdentificationModel.cs(97,54): warning IDE0055: 淇鏍煎紡 (https://learn.microsoft.com/dotnet/fundamentals/code-analysis/style-rules/ide0055) [C:\UserWorx\VSWorx\ServoStudio\wpfui-servoStudio\samples\Wpf.Ui.servoStudio\servoStudio_wjhet5xd_wpftmp.csproj]
C:\UserWorx\VSWorx\ServoStudio\wpfui-servoStudio\samples\Wpf.Ui.servoStudio\Models\Product.cs(10,20): warning IDE0055: 淇鏍煎紡 (https://learn.microsoft.com/dotnet/fundamentals/code-analysis/style-rules/ide0055) [C:\UserWorx\VSWorx\ServoStudio\wpfui-servoStudio\samples\Wpf.Ui.servoStudio\servoStudio_wjhet5xd_wpftmp.csproj]
C:\UserWorx\VSWorx\ServoStudio\wpfui-servoStudio\samples\Wpf.Ui.servoStudio\Models\Product.cs(10,22): warning IDE0055: 淇鏍煎紡 (https://learn.microsoft.com/dotnet/fundamentals/code-analysis/style-rules/ide0055) [C:\UserWorx\VSWorx\ServoStudio\wpfui-servoStudio\samples\Wpf.Ui.servoStudio\servoStudio_wjhet5xd_wpftmp.csproj]
C:\UserWorx\VSWorx\ServoStudio\wpfui-servoStudio\samples\Wpf.Ui.servoStudio\Models\Product.cs(10,32): warning IDE0055: 淇鏍煎紡 (https://learn.microsoft.com/dotnet/fundamentals/code-analysis/style-rules/ide0055) [C:\UserWorx\VSWorx\ServoStudio\wpfui-servoStudio\samples\Wpf.Ui.servoStudio\servoStudio_wjhet5xd_wpftmp.csproj]
C:\UserWorx\VSWorx\ServoStudio\wpfui-servoStudio\samples\Wpf.Ui.servoStudio\Models\Product.cs(12,25): warning IDE0055: 淇鏍煎紡 (https://learn.microsoft.com/dotnet/fundamentals/code-analysis/style-rules/ide0055) [C:\UserWorx\VSWorx\ServoStudio\wpfui-servoStudio\samples\Wpf.Ui.servoStudio\servoStudio_wjhet5xd_wpftmp.csproj]
C:\UserWorx\VSWorx\ServoStudio\wpfui-servoStudio\samples\Wpf.Ui.servoStudio\Models\Product.cs(12,27): warning IDE0055: 淇鏍煎紡 (https://learn.microsoft.com/dotnet/fundamentals/code-analysis/style-rules/ide0055) [C:\UserWorx\VSWorx\ServoStudio\wpfui-servoStudio\samples\Wpf.Ui.servoStudio\servoStudio_wjhet5xd_wpftmp.csproj]
C:\UserWorx\VSWorx\ServoStudio\wpfui-servoStudio\samples\Wpf.Ui.servoStudio\Models\Product.cs(12,37): warning IDE0055: 淇鏍煎紡 (https://learn.microsoft.com/dotnet/fundamentals/code-analysis/style-rules/ide0055) [C:\UserWorx\VSWorx\ServoStudio\wpfui-servoStudio\samples\Wpf.Ui.servoStudio\servoStudio_wjhet5xd_wpftmp.csproj]
C:\UserWorx\VSWorx\ServoStudio\wpfui-servoStudio\samples\Wpf.Ui.servoStudio\Models\Product.cs(14,29): warning IDE0055: 淇鏍煎紡 (https://learn.microsoft.com/dotnet/fundamentals/code-analysis/style-rules/ide0055) [C:\UserWorx\VSWorx\ServoStudio\wpfui-servoStudio\samples\Wpf.Ui.servoStudio\servoStudio_wjhet5xd_wpftmp.csproj]
C:\UserWorx\VSWorx\ServoStudio\wpfui-servoStudio\samples\Wpf.Ui.servoStudio\Models\Product.cs(14,31): warning IDE0055: 淇鏍煎紡 (https://learn.microsoft.com/dotnet/fundamentals/code-analysis/style-rules/ide0055) [C:\UserWorx\VSWorx\ServoStudio\wpfui-servoStudio\samples\Wpf.Ui.servoStudio\servoStudio_wjhet5xd_wpftmp.csproj]
C:\UserWorx\VSWorx\ServoStudio\wpfui-servoStudio\samples\Wpf.Ui.servoStudio\Models\Product.cs(14,41): warning IDE0055: 淇鏍煎紡 (https://learn.microsoft.com/dotnet/fundamentals/code-analysis/style-rules/ide0055) [C:\UserWorx\VSWorx\ServoStudio\wpfui-servoStudio\samples\Wpf.Ui.servoStudio\servoStudio_wjhet5xd_wpftmp.csproj]
C:\UserWorx\VSWorx\ServoStudio\wpfui-servoStudio\samples\Wpf.Ui.servoStudio\Models\Product.cs(16,25): warning IDE0055: 淇鏍煎紡 (https://learn.microsoft.com/dotnet/fundamentals/code-analysis/style-rules/ide0055) [C:\UserWorx\VSWorx\ServoStudio\wpfui-servoStudio\samples\Wpf.Ui.servoStudio\servoStudio_wjhet5xd_wpftmp.csproj]
C:\UserWorx\VSWorx\ServoStudio\wpfui-servoStudio\samples\Wpf.Ui.servoStudio\Models\Product.cs(16,27): warning IDE0055: 淇鏍煎紡 (https://learn.microsoft.com/dotnet/fundamentals/code-analysis/style-rules/ide0055) [C:\UserWorx\VSWorx\ServoStudio\wpfui-servoStudio\samples\Wpf.Ui.servoStudio\servoStudio_wjhet5xd_wpftmp.csproj]
C:\UserWorx\VSWorx\ServoStudio\wpfui-servoStudio\samples\Wpf.Ui.servoStudio\Models\Product.cs(16,37): warning IDE0055: 淇鏍煎紡 (https://learn.microsoft.com/dotnet/fundamentals/code-analysis/style-rules/ide0055) [C:\UserWorx\VSWorx\ServoStudio\wpfui-servoStudio\samples\Wpf.Ui.servoStudio\servoStudio_wjhet5xd_wpftmp.csproj]
C:\UserWorx\VSWorx\ServoStudio\wpfui-servoStudio\samples\Wpf.Ui.servoStudio\Models\Product.cs(18,26): warning IDE0055: 淇鏍煎紡 (https://learn.microsoft.com/dotnet/fundamentals/code-analysis/style-rules/ide0055) [C:\UserWorx\VSWorx\ServoStudio\wpfui-servoStudio\samples\Wpf.Ui.servoStudio\servoStudio_wjhet5xd_wpftmp.csproj]
C:\UserWorx\VSWorx\ServoStudio\wpfui-servoStudio\samples\Wpf.Ui.servoStudio\Models\Product.cs(18,28): warning IDE0055: 淇鏍煎紡 (https://learn.microsoft.com/dotnet/fundamentals/code-analysis/style-rules/ide0055) [C:\UserWorx\VSWorx\ServoStudio\wpfui-servoStudio\samples\Wpf.Ui.servoStudio\servoStudio_wjhet5xd_wpftmp.csproj]
C:\UserWorx\VSWorx\ServoStudio\wpfui-servoStudio\samples\Wpf.Ui.servoStudio\Models\Product.cs(18,38): warning IDE0055: 淇鏍煎紡 (https://learn.microsoft.com/dotnet/fundamentals/code-analysis/style-rules/ide0055) [C:\UserWorx\VSWorx\ServoStudio\wpfui-servoStudio\samples\Wpf.Ui.servoStudio\servoStudio_wjhet5xd_wpftmp.csproj]
C:\UserWorx\VSWorx\ServoStudio\wpfui-servoStudio\samples\Wpf.Ui.servoStudio\Models\Product.cs(29,21): warning IDE0055: 淇鏍煎紡 (https://learn.microsoft.com/dotnet/fundamentals/code-analysis/style-rules/ide0055) [C:\UserWorx\VSWorx\ServoStudio\wpfui-servoStudio\samples\Wpf.Ui.servoStudio\servoStudio_wjhet5xd_wpftmp.csproj]
C:\UserWorx\VSWorx\ServoStudio\wpfui-servoStudio\samples\Wpf.Ui.servoStudio\Models\Product.cs(29,23): warning IDE0055: 淇鏍煎紡 (https://learn.microsoft.com/dotnet/fundamentals/code-analysis/style-rules/ide0055) [C:\UserWorx\VSWorx\ServoStudio\wpfui-servoStudio\samples\Wpf.Ui.servoStudio\servoStudio_wjhet5xd_wpftmp.csproj]
C:\UserWorx\VSWorx\ServoStudio\wpfui-servoStudio\samples\Wpf.Ui.servoStudio\Models\Product.cs(29,33): warning IDE0055: 淇鏍煎紡 (https://learn.microsoft.com/dotnet/fundamentals/code-analysis/style-rules/ide0055) [C:\UserWorx\VSWorx\ServoStudio\wpfui-servoStudio\samples\Wpf.Ui.servoStudio\servoStudio_wjhet5xd_wpftmp.csproj]
C:\UserWorx\VSWorx\ServoStudio\wpfui-servoStudio\samples\Wpf.Ui.servoStudio\Models\Product.cs(32,30): warning IDE0055: 淇鏍煎紡 (https://learn.microsoft.com/dotnet/fundamentals/code-analysis/style-rules/ide0055) [C:\UserWorx\VSWorx\ServoStudio\wpfui-servoStudio\samples\Wpf.Ui.servoStudio\servoStudio_wjhet5xd_wpftmp.csproj]
C:\UserWorx\VSWorx\ServoStudio\wpfui-servoStudio\samples\Wpf.Ui.servoStudio\Models\Product.cs(32,32): warning IDE0055: 淇鏍煎紡 (https://learn.microsoft.com/dotnet/fundamentals/code-analysis/style-rules/ide0055) [C:\UserWorx\VSWorx\ServoStudio\wpfui-servoStudio\samples\Wpf.Ui.servoStudio\servoStudio_wjhet5xd_wpftmp.csproj]
C:\UserWorx\VSWorx\ServoStudio\wpfui-servoStudio\samples\Wpf.Ui.servoStudio\Models\Product.cs(32,42): warning IDE0055: 淇鏍煎紡 (https://learn.microsoft.com/dotnet/fundamentals/code-analysis/style-rules/ide0055) [C:\UserWorx\VSWorx\ServoStudio\wpfui-servoStudio\samples\Wpf.Ui.servoStudio\servoStudio_wjhet5xd_wpftmp.csproj]
C:\UserWorx\VSWorx\ServoStudio\wpfui-servoStudio\samples\Wpf.Ui.servoStudio\Models\Product.cs(35,34): warning IDE0055: 淇鏍煎紡 (https://learn.microsoft.com/dotnet/fundamentals/code-analysis/style-rules/ide0055) [C:\UserWorx\VSWorx\ServoStudio\wpfui-servoStudio\samples\Wpf.Ui.servoStudio\servoStudio_wjhet5xd_wpftmp.csproj]
C:\UserWorx\VSWorx\ServoStudio\wpfui-servoStudio\samples\Wpf.Ui.servoStudio\Models\Product.cs(35,36): warning IDE0055: 淇鏍煎紡 (https://learn.microsoft.com/dotnet/fundamentals/code-analysis/style-rules/ide0055) [C:\UserWorx\VSWorx\ServoStudio\wpfui-servoStudio\samples\Wpf.Ui.servoStudio\servoStudio_wjhet5xd_wpftmp.csproj]
C:\UserWorx\VSWorx\ServoStudio\wpfui-servoStudio\samples\Wpf.Ui.servoStudio\Models\Product.cs(35,46): warning IDE0055: 淇鏍煎紡 (https://learn.microsoft.com/dotnet/fundamentals/code-analysis/style-rules/ide0055) [C:\UserWorx\VSWorx\ServoStudio\wpfui-servoStudio\samples\Wpf.Ui.servoStudio\servoStudio_wjhet5xd_wpftmp.csproj]
C:\UserWorx\VSWorx\ServoStudio\wpfui-servoStudio\samples\Wpf.Ui.servoStudio\Models\Product.cs(41,26): warning IDE0055: 淇鏍煎紡 (https://learn.microsoft.com/dotnet/fundamentals/code-analysis/style-rules/ide0055) [C:\UserWorx\VSWorx\ServoStudio\wpfui-servoStudio\samples\Wpf.Ui.servoStudio\servoStudio_wjhet5xd_wpftmp.csproj]
C:\UserWorx\VSWorx\ServoStudio\wpfui-servoStudio\samples\Wpf.Ui.servoStudio\Models\Product.cs(41,28): warning IDE0055: 淇鏍煎紡 (https://learn.microsoft.com/dotnet/fundamentals/code-analysis/style-rules/ide0055) [C:\UserWorx\VSWorx\ServoStudio\wpfui-servoStudio\samples\Wpf.Ui.servoStudio\servoStudio_wjhet5xd_wpftmp.csproj]
C:\UserWorx\VSWorx\ServoStudio\wpfui-servoStudio\samples\Wpf.Ui.servoStudio\Models\Product.cs(41,38): warning IDE0055: 淇鏍煎紡 (https://learn.microsoft.com/dotnet/fundamentals/code-analysis/style-rules/ide0055) [C:\UserWorx\VSWorx\ServoStudio\wpfui-servoStudio\samples\Wpf.Ui.servoStudio\servoStudio_wjhet5xd_wpftmp.csproj]
C:\UserWorx\VSWorx\ServoStudio\wpfui-servoStudio\samples\Wpf.Ui.servoStudio\Models\Product.cs(86,34): warning IDE0055: 淇鏍煎紡 (https://learn.microsoft.com/dotnet/fundamentals/code-analysis/style-rules/ide0055) [C:\UserWorx\VSWorx\ServoStudio\wpfui-servoStudio\samples\Wpf.Ui.servoStudio\servoStudio_wjhet5xd_wpftmp.csproj]
C:\UserWorx\VSWorx\ServoStudio\wpfui-servoStudio\samples\Wpf.Ui.servoStudio\Models\Product.cs(87,34): warning IDE0055: 淇鏍煎紡 (https://learn.microsoft.com/dotnet/fundamentals/code-analysis/style-rules/ide0055) [C:\UserWorx\VSWorx\ServoStudio\wpfui-servoStudio\samples\Wpf.Ui.servoStudio\servoStudio_wjhet5xd_wpftmp.csproj]
C:\UserWorx\VSWorx\ServoStudio\wpfui-servoStudio\samples\Wpf.Ui.servoStudio\Models\Product.cs(88,34): warning IDE0055: 淇鏍煎紡 (https://learn.microsoft.com/dotnet/fundamentals/code-analysis/style-rules/ide0055) [C:\UserWorx\VSWorx\ServoStudio\wpfui-servoStudio\samples\Wpf.Ui.servoStudio\servoStudio_wjhet5xd_wpftmp.csproj]
C:\UserWorx\VSWorx\ServoStudio\wpfui-servoStudio\samples\Wpf.Ui.servoStudio\Models\Product.cs(89,38): warning IDE0055: 淇鏍煎紡 (https://learn.microsoft.com/dotnet/fundamentals/code-analysis/style-rules/ide0055) [C:\UserWorx\VSWorx\ServoStudio\wpfui-servoStudio\samples\Wpf.Ui.servoStudio\servoStudio_wjhet5xd_wpftmp.csproj]
C:\UserWorx\VSWorx\ServoStudio\wpfui-servoStudio\samples\Wpf.Ui.servoStudio\Models\Product.cs(90,40): warning IDE0055: 淇鏍煎紡 (https://learn.microsoft.com/dotnet/fundamentals/code-analysis/style-rules/ide0055) [C:\UserWorx\VSWorx\ServoStudio\wpfui-servoStudio\samples\Wpf.Ui.servoStudio\servoStudio_wjhet5xd_wpftmp.csproj]
C:\UserWorx\VSWorx\ServoStudio\wpfui-servoStudio\samples\Wpf.Ui.servoStudio\Models\Product.cs(91,40): warning IDE0055: 淇鏍煎紡 (https://learn.microsoft.com/dotnet/fundamentals/code-analysis/style-rules/ide0055) [C:\UserWorx\VSWorx\ServoStudio\wpfui-servoStudio\samples\Wpf.Ui.servoStudio\servoStudio_wjhet5xd_wpftmp.csproj]
C:\UserWorx\VSWorx\ServoStudio\wpfui-servoStudio\samples\Wpf.Ui.servoStudio\Models\Product.cs(92,47): warning IDE0055: 淇鏍煎紡 (https://learn.microsoft.com/dotnet/fundamentals/code-analysis/style-rules/ide0055) [C:\UserWorx\VSWorx\ServoStudio\wpfui-servoStudio\samples\Wpf.Ui.servoStudio\servoStudio_wjhet5xd_wpftmp.csproj]
C:\UserWorx\VSWorx\ServoStudio\wpfui-servoStudio\samples\Wpf.Ui.servoStudio\Models\RegisterRow.cs(18,31): warning IDE0055: 淇鏍煎紡 (https://learn.microsoft.com/dotnet/fundamentals/code-analysis/style-rules/ide0055) [C:\UserWorx\VSWorx\ServoStudio\wpfui-servoStudio\samples\Wpf.Ui.servoStudio\servoStudio_wjhet5xd_wpftmp.csproj]
C:\UserWorx\VSWorx\ServoStudio\wpfui-servoStudio\samples\Wpf.Ui.servoStudio\Models\RegisterRow.cs(18,33): warning IDE0055: 淇鏍煎紡 (https://learn.microsoft.com/dotnet/fundamentals/code-analysis/style-rules/ide0055) [C:\UserWorx\VSWorx\ServoStudio\wpfui-servoStudio\samples\Wpf.Ui.servoStudio\servoStudio_wjhet5xd_wpftmp.csproj]
C:\UserWorx\VSWorx\ServoStudio\wpfui-servoStudio\samples\Wpf.Ui.servoStudio\Models\RegisterRow.cs(18,44): warning IDE0055: 淇鏍煎紡 (https://learn.microsoft.com/dotnet/fundamentals/code-analysis/style-rules/ide0055) [C:\UserWorx\VSWorx\ServoStudio\wpfui-servoStudio\samples\Wpf.Ui.servoStudio\servoStudio_wjhet5xd_wpftmp.csproj]
C:\UserWorx\VSWorx\ServoStudio\wpfui-servoStudio\samples\Wpf.Ui.servoStudio\Models\RegisterRow.cs(24,24): warning IDE0055: 淇鏍煎紡 (https://learn.microsoft.com/dotnet/fundamentals/code-analysis/style-rules/ide0055) [C:\UserWorx\VSWorx\ServoStudio\wpfui-servoStudio\samples\Wpf.Ui.servoStudio\servoStudio_wjhet5xd_wpftmp.csproj]
C:\UserWorx\VSWorx\ServoStudio\wpfui-servoStudio\samples\Wpf.Ui.servoStudio\Models\RegisterRow.cs(24,26): warning IDE0055: 淇鏍煎紡 (https://learn.microsoft.com/dotnet/fundamentals/code-analysis/style-rules/ide0055) [C:\UserWorx\VSWorx\ServoStudio\wpfui-servoStudio\samples\Wpf.Ui.servoStudio\servoStudio_wjhet5xd_wpftmp.csproj]
C:\UserWorx\VSWorx\ServoStudio\wpfui-servoStudio\samples\Wpf.Ui.servoStudio\Models\RegisterRow.cs(24,37): warning IDE0055: 淇鏍煎紡 (https://learn.microsoft.com/dotnet/fundamentals/code-analysis/style-rules/ide0055) [C:\UserWorx\VSWorx\ServoStudio\wpfui-servoStudio\samples\Wpf.Ui.servoStudio\servoStudio_wjhet5xd_wpftmp.csproj]
C:\UserWorx\VSWorx\ServoStudio\wpfui-servoStudio\samples\Wpf.Ui.servoStudio\Models\RegisterRow.cs(27,25): warning IDE0055: 淇鏍煎紡 (https://learn.microsoft.com/dotnet/fundamentals/code-analysis/style-rules/ide0055) [C:\UserWorx\VSWorx\ServoStudio\wpfui-servoStudio\samples\Wpf.Ui.servoStudio\servoStudio_wjhet5xd_wpftmp.csproj]
C:\UserWorx\VSWorx\ServoStudio\wpfui-servoStudio\samples\Wpf.Ui.servoStudio\Models\RegisterRow.cs(27,27): warning IDE0055: 淇鏍煎紡 (https://learn.microsoft.com/dotnet/fundamentals/code-analysis/style-rules/ide0055) [C:\UserWorx\VSWorx\ServoStudio\wpfui-servoStudio\samples\Wpf.Ui.servoStudio\servoStudio_wjhet5xd_wpftmp.csproj]
C:\UserWorx\VSWorx\ServoStudio\wpfui-servoStudio\samples\Wpf.Ui.servoStudio\Models\RegisterRow.cs(27,38): warning IDE0055: 淇鏍煎紡 (https://learn.microsoft.com/dotnet/fundamentals/code-analysis/style-rules/ide0055) [C:\UserWorx\VSWorx\ServoStudio\wpfui-servoStudio\samples\Wpf.Ui.servoStudio\servoStudio_wjhet5xd_wpftmp.csproj]
C:\UserWorx\VSWorx\ServoStudio\wpfui-servoStudio\samples\Wpf.Ui.servoStudio\Models\RegisterRow.cs(71,34): warning IDE0055: 淇鏍煎紡 (https://learn.microsoft.com/dotnet/fundamentals/code-analysis/style-rules/ide0055) [C:\UserWorx\VSWorx\ServoStudio\wpfui-servoStudio\samples\Wpf.Ui.servoStudio\servoStudio_wjhet5xd_wpftmp.csproj]
C:\UserWorx\VSWorx\ServoStudio\wpfui-servoStudio\samples\Wpf.Ui.servoStudio\Models\SerialPorts.cs(14,28): warning IDE0055: 淇鏍煎紡 (https://learn.microsoft.com/dotnet/fundamentals/code-analysis/style-rules/ide0055) [C:\UserWorx\VSWorx\ServoStudio\wpfui-servoStudio\samples\Wpf.Ui.servoStudio\servoStudio_wjhet5xd_wpftmp.csproj]
C:\UserWorx\VSWorx\ServoStudio\wpfui-servoStudio\samples\Wpf.Ui.servoStudio\Models\SerialPorts.cs(14,30): warning IDE0055: 淇鏍煎紡 (https://learn.microsoft.com/dotnet/fundamentals/code-analysis/style-rules/ide0055) [C:\UserWorx\VSWorx\ServoStudio\wpfui-servoStudio\samples\Wpf.Ui.servoStudio\servoStudio_wjhet5xd_wpftmp.csproj]
C:\UserWorx\VSWorx\ServoStudio\wpfui-servoStudio\samples\Wpf.Ui.servoStudio\Models\SerialPorts.cs(14,40): warning IDE0055: 淇鏍煎紡 (https://learn.microsoft.com/dotnet/fundamentals/code-analysis/style-rules/ide0055) [C:\UserWorx\VSWorx\ServoStudio\wpfui-servoStudio\samples\Wpf.Ui.servoStudio\servoStudio_wjhet5xd_wpftmp.csproj]
C:\UserWorx\VSWorx\ServoStudio\wpfui-servoStudio\samples\Wpf.Ui.servoStudio\Models\SerialPorts.cs(16,21): warning IDE0055: 淇鏍煎紡 (https://learn.microsoft.com/dotnet/fundamentals/code-analysis/style-rules/ide0055) [C:\UserWorx\VSWorx\ServoStudio\wpfui-servoStudio\samples\Wpf.Ui.servoStudio\servoStudio_wjhet5xd_wpftmp.csproj]
C:\UserWorx\VSWorx\ServoStudio\wpfui-servoStudio\samples\Wpf.Ui.servoStudio\Models\SerialPorts.cs(16,23): warning IDE0055: 淇鏍煎紡 (https://learn.microsoft.com/dotnet/fundamentals/code-analysis/style-rules/ide0055) [C:\UserWorx\VSWorx\ServoStudio\wpfui-servoStudio\samples\Wpf.Ui.servoStudio\servoStudio_wjhet5xd_wpftmp.csproj]
C:\UserWorx\VSWorx\ServoStudio\wpfui-servoStudio\samples\Wpf.Ui.servoStudio\Models\SerialPorts.cs(16,33): warning IDE0055: 淇鏍煎紡 (https://learn.microsoft.com/dotnet/fundamentals/code-analysis/style-rules/ide0055) [C:\UserWorx\VSWorx\ServoStudio\wpfui-servoStudio\samples\Wpf.Ui.servoStudio\servoStudio_wjhet5xd_wpftmp.csproj]
C:\UserWorx\VSWorx\ServoStudio\wpfui-servoStudio\samples\Wpf.Ui.servoStudio\Models\SerialPorts.cs(18,27): warning IDE0055: 淇鏍煎紡 (https://learn.microsoft.com/dotnet/fundamentals/code-analysis/style-rules/ide0055) [C:\UserWorx\VSWorx\ServoStudio\wpfui-servoStudio\samples\Wpf.Ui.servoStudio\servoStudio_wjhet5xd_wpftmp.csproj]
C:\UserWorx\VSWorx\ServoStudio\wpfui-servoStudio\samples\Wpf.Ui.servoStudio\Models\SerialPorts.cs(18,29): warning IDE0055: 淇鏍煎紡 (https://learn.microsoft.com/dotnet/fundamentals/code-analysis/style-rules/ide0055) [C:\UserWorx\VSWorx\ServoStudio\wpfui-servoStudio\samples\Wpf.Ui.servoStudio\servoStudio_wjhet5xd_wpftmp.csproj]
C:\UserWorx\VSWorx\ServoStudio\wpfui-servoStudio\samples\Wpf.Ui.servoStudio\Models\SerialPorts.cs(18,39): warning IDE0055: 淇鏍煎紡 (https://learn.microsoft.com/dotnet/fundamentals/code-analysis/style-rules/ide0055) [C:\UserWorx\VSWorx\ServoStudio\wpfui-servoStudio\samples\Wpf.Ui.servoStudio\servoStudio_wjhet5xd_wpftmp.csproj]
C:\UserWorx\VSWorx\ServoStudio\wpfui-servoStudio\samples\Wpf.Ui.servoStudio\Models\SerialPorts.cs(20,29): warning IDE0055: 淇鏍煎紡 (https://learn.microsoft.com/dotnet/fundamentals/code-analysis/style-rules/ide0055) [C:\UserWorx\VSWorx\ServoStudio\wpfui-servoStudio\samples\Wpf.Ui.servoStudio\servoStudio_wjhet5xd_wpftmp.csproj]
C:\UserWorx\VSWorx\ServoStudio\wpfui-servoStudio\samples\Wpf.Ui.servoStudio\Models\SerialPorts.cs(20,31): warning IDE0055: 淇鏍煎紡 (https://learn.microsoft.com/dotnet/fundamentals/code-analysis/style-rules/ide0055) [C:\UserWorx\VSWorx\ServoStudio\wpfui-servoStudio\samples\Wpf.Ui.servoStudio\servoStudio_wjhet5xd_wpftmp.csproj]
C:\UserWorx\VSWorx\ServoStudio\wpfui-servoStudio\samples\Wpf.Ui.servoStudio\Models\SerialPorts.cs(20,41): warning IDE0055: 淇鏍煎紡 (https://learn.microsoft.com/dotnet/fundamentals/code-analysis/style-rules/ide0055) [C:\UserWorx\VSWorx\ServoStudio\wpfui-servoStudio\samples\Wpf.Ui.servoStudio\servoStudio_wjhet5xd_wpftmp.csproj]
C:\UserWorx\VSWorx\ServoStudio\wpfui-servoStudio\samples\Wpf.Ui.servoStudio\Models\SerialPorts.cs(22,27): warning IDE0055: 淇鏍煎紡 (https://learn.microsoft.com/dotnet/fundamentals/code-analysis/style-rules/ide0055) [C:\UserWorx\VSWorx\ServoStudio\wpfui-servoStudio\samples\Wpf.Ui.servoStudio\servoStudio_wjhet5xd_wpftmp.csproj]
C:\UserWorx\VSWorx\ServoStudio\wpfui-servoStudio\samples\Wpf.Ui.servoStudio\Models\SerialPorts.cs(22,29): warning IDE0055: 淇鏍煎紡 (https://learn.microsoft.com/dotnet/fundamentals/code-analysis/style-rules/ide0055) [C:\UserWorx\VSWorx\ServoStudio\wpfui-servoStudio\samples\Wpf.Ui.servoStudio\servoStudio_wjhet5xd_wpftmp.csproj]
C:\UserWorx\VSWorx\ServoStudio\wpfui-servoStudio\samples\Wpf.Ui.servoStudio\Models\SerialPorts.cs(22,39): warning IDE0055: 淇鏍煎紡 (https://learn.microsoft.com/dotnet/fundamentals/code-analysis/style-rules/ide0055) [C:\UserWorx\VSWorx\ServoStudio\wpfui-servoStudio\samples\Wpf.Ui.servoStudio\servoStudio_wjhet5xd_wpftmp.csproj]
C:\UserWorx\VSWorx\ServoStudio\wpfui-servoStudio\samples\Wpf.Ui.servoStudio\Models\SerialPorts.cs(27,35): warning IDE0055: 淇鏍煎紡 (https://learn.microsoft.com/dotnet/fundamentals/code-analysis/style-rules/ide0055) [C:\UserWorx\VSWorx\ServoStudio\wpfui-servoStudio\samples\Wpf.Ui.servoStudio\servoStudio_wjhet5xd_wpftmp.csproj]
C:\UserWorx\VSWorx\ServoStudio\wpfui-servoStudio\samples\Wpf.Ui.servoStudio\Models\SerialPorts.cs(27,37): warning IDE0055: 淇鏍煎紡 (https://learn.microsoft.com/dotnet/fundamentals/code-analysis/style-rules/ide0055) [C:\UserWorx\VSWorx\ServoStudio\wpfui-servoStudio\samples\Wpf.Ui.servoStudio\servoStudio_wjhet5xd_wpftmp.csproj]
C:\UserWorx\VSWorx\ServoStudio\wpfui-servoStudio\samples\Wpf.Ui.servoStudio\Models\SerialPorts.cs(27,47): warning IDE0055: 淇鏍煎紡 (https://learn.microsoft.com/dotnet/fundamentals/code-analysis/style-rules/ide0055) [C:\UserWorx\VSWorx\ServoStudio\wpfui-servoStudio\samples\Wpf.Ui.servoStudio\servoStudio_wjhet5xd_wpftmp.csproj]
C:\UserWorx\VSWorx\ServoStudio\wpfui-servoStudio\samples\Wpf.Ui.servoStudio\Models\SerialPorts.cs(28,31): warning IDE0055: 淇鏍煎紡 (https://learn.microsoft.com/dotnet/fundamentals/code-analysis/style-rules/ide0055) [C:\UserWorx\VSWorx\ServoStudio\wpfui-servoStudio\samples\Wpf.Ui.servoStudio\servoStudio_wjhet5xd_wpftmp.csproj]
C:\UserWorx\VSWorx\ServoStudio\wpfui-servoStudio\samples\Wpf.Ui.servoStudio\Models\SerialPorts.cs(28,33): warning IDE0055: 淇鏍煎紡 (https://learn.microsoft.com/dotnet/fundamentals/code-analysis/style-rules/ide0055) [C:\UserWorx\VSWorx\ServoStudio\wpfui-servoStudio\samples\Wpf.Ui.servoStudio\servoStudio_wjhet5xd_wpftmp.csproj]
C:\UserWorx\VSWorx\ServoStudio\wpfui-servoStudio\samples\Wpf.Ui.servoStudio\Models\SerialPorts.cs(28,43): warning IDE0055: 淇鏍煎紡 (https://learn.microsoft.com/dotnet/fundamentals/code-analysis/style-rules/ide0055) [C:\UserWorx\VSWorx\ServoStudio\wpfui-servoStudio\samples\Wpf.Ui.servoStudio\servoStudio_wjhet5xd_wpftmp.csproj]
C:\UserWorx\VSWorx\ServoStudio\wpfui-servoStudio\samples\Wpf.Ui.servoStudio\Services\CanNativeResolver.cs(26,25): warning IDE0055: 淇鏍煎紡 (https://learn.microsoft.com/dotnet/fundamentals/code-analysis/style-rules/ide0055) [C:\UserWorx\VSWorx\ServoStudio\wpfui-servoStudio\samples\Wpf.Ui.servoStudio\servoStudio_wjhet5xd_wpftmp.csproj]
C:\UserWorx\VSWorx\ServoStudio\wpfui-servoStudio\samples\Wpf.Ui.servoStudio\Services\CanNativeResolver.cs(44,44): warning IDE0055: 淇鏍煎紡 (https://learn.microsoft.com/dotnet/fundamentals/code-analysis/style-rules/ide0055) [C:\UserWorx\VSWorx\ServoStudio\wpfui-servoStudio\samples\Wpf.Ui.servoStudio\servoStudio_wjhet5xd_wpftmp.csproj]
C:\UserWorx\VSWorx\ServoStudio\wpfui-servoStudio\samples\Wpf.Ui.servoStudio\Services\CanNativeResolver.cs(75,88): warning IDE0055: 淇鏍煎紡 (https://learn.microsoft.com/dotnet/fundamentals/code-analysis/style-rules/ide0055) [C:\UserWorx\VSWorx\ServoStudio\wpfui-servoStudio\samples\Wpf.Ui.servoStudio\servoStudio_wjhet5xd_wpftmp.csproj]
C:\UserWorx\VSWorx\ServoStudio\wpfui-servoStudio\samples\Wpf.Ui.servoStudio\Services\CanNativeResolver.cs(80,82): warning IDE0055: 淇鏍煎紡 (https://learn.microsoft.com/dotnet/fundamentals/code-analysis/style-rules/ide0055) [C:\UserWorx\VSWorx\ServoStudio\wpfui-servoStudio\samples\Wpf.Ui.servoStudio\servoStudio_wjhet5xd_wpftmp.csproj]
C:\UserWorx\VSWorx\ServoStudio\wpfui-servoStudio\samples\Wpf.Ui.servoStudio\Services\CanNativeResolver.cs(81,9): warning IDE2003: 鍧椾笌鍚庣画璇彞涔嬮棿闇€瑕佹湁绌虹櫧琛?(https://learn.microsoft.com/dotnet/fundamentals/code-analysis/style-rules/ide2003) [C:\UserWorx\VSWorx\ServoStudio\wpfui-servoStudio\samples\Wpf.Ui.servoStudio\servoStudio_wjhet5xd_wpftmp.csproj]
C:\UserWorx\VSWorx\ServoStudio\wpfui-servoStudio\samples\Wpf.Ui.servoStudio\Services\DataFrameLogger.cs(139,12): warning IDE0055: 淇鏍煎紡 (https://learn.microsoft.com/dotnet/fundamentals/code-analysis/style-rules/ide0055) [C:\UserWorx\VSWorx\ServoStudio\wpfui-servoStudio\samples\Wpf.Ui.servoStudio\servoStudio_wjhet5xd_wpftmp.csproj]
C:\UserWorx\VSWorx\ServoStudio\wpfui-servoStudio\samples\Wpf.Ui.servoStudio\Services\DataFrameLogger.cs(139,14): warning IDE0055: 淇鏍煎紡 (https://learn.microsoft.com/dotnet/fundamentals/code-analysis/style-rules/ide0055) [C:\UserWorx\VSWorx\ServoStudio\wpfui-servoStudio\samples\Wpf.Ui.servoStudio\servoStudio_wjhet5xd_wpftmp.csproj]
C:\UserWorx\VSWorx\ServoStudio\wpfui-servoStudio\samples\Wpf.Ui.servoStudio\Services\DataFrameLogger.cs(139,37): warning IDE0055: 淇鏍煎紡 (https://learn.microsoft.com/dotnet/fundamentals/code-analysis/style-rules/ide0055) [C:\UserWorx\VSWorx\ServoStudio\wpfui-servoStudio\samples\Wpf.Ui.servoStudio\servoStudio_wjhet5xd_wpftmp.csproj]
C:\UserWorx\VSWorx\ServoStudio\wpfui-servoStudio\samples\Wpf.Ui.servoStudio\Services\DataFrameLogger.cs(139,39): warning IDE0055: 淇鏍煎紡 (https://learn.microsoft.com/dotnet/fundamentals/code-analysis/style-rules/ide0055) [C:\UserWorx\VSWorx\ServoStudio\wpfui-servoStudio\samples\Wpf.Ui.servoStudio\servoStudio_wjhet5xd_wpftmp.csproj]
C:\UserWorx\VSWorx\ServoStudio\wpfui-servoStudio\samples\Wpf.Ui.servoStudio\Services\DataFrameLogger.cs(145,12): warning IDE0055: 淇鏍煎紡 (https://learn.microsoft.com/dotnet/fundamentals/code-analysis/style-rules/ide0055) [C:\UserWorx\VSWorx\ServoStudio\wpfui-servoStudio\samples\Wpf.Ui.servoStudio\servoStudio_wjhet5xd_wpftmp.csproj]
C:\UserWorx\VSWorx\ServoStudio\wpfui-servoStudio\samples\Wpf.Ui.servoStudio\Services\DataFrameLogger.cs(145,14): warning IDE0055: 淇鏍煎紡 (https://learn.microsoft.com/dotnet/fundamentals/code-analysis/style-rules/ide0055) [C:\UserWorx\VSWorx\ServoStudio\wpfui-servoStudio\samples\Wpf.Ui.servoStudio\servoStudio_wjhet5xd_wpftmp.csproj]
C:\UserWorx\VSWorx\ServoStudio\wpfui-servoStudio\samples\Wpf.Ui.servoStudio\Services\DataFrameLogger.cs(145,37): warning IDE0055: 淇鏍煎紡 (https://learn.microsoft.com/dotnet/fundamentals/code-analysis/style-rules/ide0055) [C:\UserWorx\VSWorx\ServoStudio\wpfui-servoStudio\samples\Wpf.Ui.servoStudio\servoStudio_wjhet5xd_wpftmp.csproj]
C:\UserWorx\VSWorx\ServoStudio\wpfui-servoStudio\samples\Wpf.Ui.servoStudio\Services\DataFrameLogger.cs(145,39): warning IDE0055: 淇鏍煎紡 (https://learn.microsoft.com/dotnet/fundamentals/code-analysis/style-rules/ide0055) [C:\UserWorx\VSWorx\ServoStudio\wpfui-servoStudio\samples\Wpf.Ui.servoStudio\servoStudio_wjhet5xd_wpftmp.csproj]
C:\UserWorx\VSWorx\ServoStudio\wpfui-servoStudio\samples\Wpf.Ui.servoStudio\Services\DataFrameLogger.cs(180,24): warning IDE0055: 淇鏍煎紡 (https://learn.microsoft.com/dotnet/fundamentals/code-analysis/style-rules/ide0055) [C:\UserWorx\VSWorx\ServoStudio\wpfui-servoStudio\samples\Wpf.Ui.servoStudio\servoStudio_wjhet5xd_wpftmp.csproj]
C:\UserWorx\VSWorx\ServoStudio\wpfui-servoStudio\samples\Wpf.Ui.servoStudio\Services\DataFrameLogger.cs(180,26): warning IDE0055: 淇鏍煎紡 (https://learn.microsoft.com/dotnet/fundamentals/code-analysis/style-rules/ide0055) [C:\UserWorx\VSWorx\ServoStudio\wpfui-servoStudio\samples\Wpf.Ui.servoStudio\servoStudio_wjhet5xd_wpftmp.csproj]
C:\UserWorx\VSWorx\ServoStudio\wpfui-servoStudio\samples\Wpf.Ui.servoStudio\Services\DataFrameLogger.cs(180,44): warning IDE0055: 淇鏍煎紡 (https://learn.microsoft.com/dotnet/fundamentals/code-analysis/style-rules/ide0055) [C:\UserWorx\VSWorx\ServoStudio\wpfui-servoStudio\samples\Wpf.Ui.servoStudio\servoStudio_wjhet5xd_wpftmp.csproj]
C:\UserWorx\VSWorx\ServoStudio\wpfui-servoStudio\samples\Wpf.Ui.servoStudio\Services\DataFrameLogger.cs(180,46): warning IDE0055: 淇鏍煎紡 (https://learn.microsoft.com/dotnet/fundamentals/code-analysis/style-rules/ide0055) [C:\UserWorx\VSWorx\ServoStudio\wpfui-servoStudio\samples\Wpf.Ui.servoStudio\servoStudio_wjhet5xd_wpftmp.csproj]
C:\UserWorx\VSWorx\ServoStudio\wpfui-servoStudio\samples\Wpf.Ui.servoStudio\Services\DataFrameLogger.cs(198,59): warning IDE0055: 淇鏍煎紡 (https://learn.microsoft.com/dotnet/fundamentals/code-analysis/style-rules/ide0055) [C:\UserWorx\VSWorx\ServoStudio\wpfui-servoStudio\samples\Wpf.Ui.servoStudio\servoStudio_wjhet5xd_wpftmp.csproj]
C:\UserWorx\VSWorx\ServoStudio\wpfui-servoStudio\samples\Wpf.Ui.servoStudio\Services\DataFrameLogger.cs(220,16): warning IDE0055: 淇鏍煎紡 (https://learn.microsoft.com/dotnet/fundamentals/code-analysis/style-rules/ide0055) [C:\UserWorx\VSWorx\ServoStudio\wpfui-servoStudio\samples\Wpf.Ui.servoStudio\servoStudio_wjhet5xd_wpftmp.csproj]
C:\UserWorx\VSWorx\ServoStudio\wpfui-servoStudio\samples\Wpf.Ui.servoStudio\Services\DataFrameLogger.cs(220,18): warning IDE0055: 淇鏍煎紡 (https://learn.microsoft.com/dotnet/fundamentals/code-analysis/style-rules/ide0055) [C:\UserWorx\VSWorx\ServoStudio\wpfui-servoStudio\samples\Wpf.Ui.servoStudio\servoStudio_wjhet5xd_wpftmp.csproj]
C:\UserWorx\VSWorx\ServoStudio\wpfui-servoStudio\samples\Wpf.Ui.servoStudio\Services\DataFrameLogger.cs(220,61): warning IDE0055: 淇鏍煎紡 (https://learn.microsoft.com/dotnet/fundamentals/code-analysis/style-rules/ide0055) [C:\UserWorx\VSWorx\ServoStudio\wpfui-servoStudio\samples\Wpf.Ui.servoStudio\servoStudio_wjhet5xd_wpftmp.csproj]
C:\UserWorx\VSWorx\ServoStudio\wpfui-servoStudio\samples\Wpf.Ui.servoStudio\Services\DataFrameLogger.cs(220,63): warning IDE0055: 淇鏍煎紡 (https://learn.microsoft.com/dotnet/fundamentals/code-analysis/style-rules/ide0055) [C:\UserWorx\VSWorx\ServoStudio\wpfui-servoStudio\samples\Wpf.Ui.servoStudio\servoStudio_wjhet5xd_wpftmp.csproj]
C:\UserWorx\VSWorx\ServoStudio\wpfui-servoStudio\samples\Wpf.Ui.servoStudio\Services\DataFrameLogger.cs(256,29): warning IDE0055: 淇鏍煎紡 (https://learn.microsoft.com/dotnet/fundamentals/code-analysis/style-rules/ide0055) [C:\UserWorx\VSWorx\ServoStudio\wpfui-servoStudio\samples\Wpf.Ui.servoStudio\servoStudio_wjhet5xd_wpftmp.csproj]
C:\UserWorx\VSWorx\ServoStudio\wpfui-servoStudio\samples\Wpf.Ui.servoStudio\Services\DataFrameLogger.cs(278,47): warning IDE0055: 淇鏍煎紡 (https://learn.microsoft.com/dotnet/fundamentals/code-analysis/style-rules/ide0055) [C:\UserWorx\VSWorx\ServoStudio\wpfui-servoStudio\samples\Wpf.Ui.servoStudio\servoStudio_wjhet5xd_wpftmp.csproj]
C:\UserWorx\VSWorx\ServoStudio\wpfui-servoStudio\samples\Wpf.Ui.servoStudio\Services\DataFrameLogger.cs(313,29): warning IDE0055: 淇鏍煎紡 (https://learn.microsoft.com/dotnet/fundamentals/code-analysis/style-rules/ide0055) [C:\UserWorx\VSWorx\ServoStudio\wpfui-servoStudio\samples\Wpf.Ui.servoStudio\servoStudio_wjhet5xd_wpftmp.csproj]
C:\UserWorx\VSWorx\ServoStudio\wpfui-servoStudio\samples\Wpf.Ui.servoStudio\Services\DataFrameLogger.cs(358,29): warning IDE0055: 淇鏍煎紡 (https://learn.microsoft.com/dotnet/fundamentals/code-analysis/style-rules/ide0055) [C:\UserWorx\VSWorx\ServoStudio\wpfui-servoStudio\samples\Wpf.Ui.servoStudio\servoStudio_wjhet5xd_wpftmp.csproj]
C:\UserWorx\VSWorx\ServoStudio\wpfui-servoStudio\samples\Wpf.Ui.servoStudio\Services\DataFrameLogger.cs(367,27): warning IDE0055: 淇鏍煎紡 (https://learn.microsoft.com/dotnet/fundamentals/code-analysis/style-rules/ide0055) [C:\UserWorx\VSWorx\ServoStudio\wpfui-servoStudio\samples\Wpf.Ui.servoStudio\servoStudio_wjhet5xd_wpftmp.csproj]
C:\UserWorx\VSWorx\ServoStudio\wpfui-servoStudio\samples\Wpf.Ui.servoStudio\Services\DataFrameLogger.cs(369,24): warning IDE0055: 淇鏍煎紡 (https://learn.microsoft.com/dotnet/fundamentals/code-analysis/style-rules/ide0055) [C:\UserWorx\VSWorx\ServoStudio\wpfui-servoStudio\samples\Wpf.Ui.servoStudio\servoStudio_wjhet5xd_wpftmp.csproj]
C:\UserWorx\VSWorx\ServoStudio\wpfui-servoStudio\samples\Wpf.Ui.servoStudio\Services\DataFrameLogger.cs(395,43): warning IDE0055: 淇鏍煎紡 (https://learn.microsoft.com/dotnet/fundamentals/code-analysis/style-rules/ide0055) [C:\UserWorx\VSWorx\ServoStudio\wpfui-servoStudio\samples\Wpf.Ui.servoStudio\servoStudio_wjhet5xd_wpftmp.csproj]
C:\UserWorx\VSWorx\ServoStudio\wpfui-servoStudio\samples\Wpf.Ui.servoStudio\Services\DataFrameLogger.cs(409,31): warning IDE0055: 淇鏍煎紡 (https://learn.microsoft.com/dotnet/fundamentals/code-analysis/style-rules/ide0055) [C:\UserWorx\VSWorx\ServoStudio\wpfui-servoStudio\samples\Wpf.Ui.servoStudio\servoStudio_wjhet5xd_wpftmp.csproj]
C:\UserWorx\VSWorx\ServoStudio\wpfui-servoStudio\samples\Wpf.Ui.servoStudio\Services\DataFrameLogger.cs(409,54): warning IDE0055: 淇鏍煎紡 (https://learn.microsoft.com/dotnet/fundamentals/code-analysis/style-rules/ide0055) [C:\UserWorx\VSWorx\ServoStudio\wpfui-servoStudio\samples\Wpf.Ui.servoStudio\servoStudio_wjhet5xd_wpftmp.csproj]
C:\UserWorx\VSWorx\ServoStudio\wpfui-servoStudio\samples\Wpf.Ui.servoStudio\Services\DataFrameLogger.cs(410,30): warning IDE0055: 淇鏍煎紡 (https://learn.microsoft.com/dotnet/fundamentals/code-analysis/style-rules/ide0055) [C:\UserWorx\VSWorx\ServoStudio\wpfui-servoStudio\samples\Wpf.Ui.servoStudio\servoStudio_wjhet5xd_wpftmp.csproj]
C:\UserWorx\VSWorx\ServoStudio\wpfui-servoStudio\samples\Wpf.Ui.servoStudio\Services\DataFrameLogger.cs(410,53): warning IDE0055: 淇鏍煎紡 (https://learn.microsoft.com/dotnet/fundamentals/code-analysis/style-rules/ide0055) [C:\UserWorx\VSWorx\ServoStudio\wpfui-servoStudio\samples\Wpf.Ui.servoStudio\servoStudio_wjhet5xd_wpftmp.csproj]
C:\UserWorx\VSWorx\ServoStudio\wpfui-servoStudio\samples\Wpf.Ui.servoStudio\Services\DataFrameLogger.cs(411,31): warning IDE0055: 淇鏍煎紡 (https://learn.microsoft.com/dotnet/fundamentals/code-analysis/style-rules/ide0055) [C:\UserWorx\VSWorx\ServoStudio\wpfui-servoStudio\samples\Wpf.Ui.servoStudio\servoStudio_wjhet5xd_wpftmp.csproj]
C:\UserWorx\VSWorx\ServoStudio\wpfui-servoStudio\samples\Wpf.Ui.servoStudio\Services\DataFrameLogger.cs(411,53): warning IDE0055: 淇鏍煎紡 (https://learn.microsoft.com/dotnet/fundamentals/code-analysis/style-rules/ide0055) [C:\UserWorx\VSWorx\ServoStudio\wpfui-servoStudio\samples\Wpf.Ui.servoStudio\servoStudio_wjhet5xd_wpftmp.csproj]
C:\UserWorx\VSWorx\ServoStudio\wpfui-servoStudio\samples\Wpf.Ui.servoStudio\Services\DataFrameLogger.cs(412,31): warning IDE0055: 淇鏍煎紡 (https://learn.microsoft.com/dotnet/fundamentals/code-analysis/style-rules/ide0055) [C:\UserWorx\VSWorx\ServoStudio\wpfui-servoStudio\samples\Wpf.Ui.servoStudio\servoStudio_wjhet5xd_wpftmp.csproj]
C:\UserWorx\VSWorx\ServoStudio\wpfui-servoStudio\samples\Wpf.Ui.servoStudio\Services\DataFrameLogger.cs(412,53): warning IDE0055: 淇鏍煎紡 (https://learn.microsoft.com/dotnet/fundamentals/code-analysis/style-rules/ide0055) [C:\UserWorx\VSWorx\ServoStudio\wpfui-servoStudio\samples\Wpf.Ui.servoStudio\servoStudio_wjhet5xd_wpftmp.csproj]
C:\UserWorx\VSWorx\ServoStudio\wpfui-servoStudio\samples\Wpf.Ui.servoStudio\Services\DataFrameLogger.cs(413,31): warning IDE0055: 淇鏍煎紡 (https://learn.microsoft.com/dotnet/fundamentals/code-analysis/style-rules/ide0055) [C:\UserWorx\VSWorx\ServoStudio\wpfui-servoStudio\samples\Wpf.Ui.servoStudio\servoStudio_wjhet5xd_wpftmp.csproj]
C:\UserWorx\VSWorx\ServoStudio\wpfui-servoStudio\samples\Wpf.Ui.servoStudio\Services\DataFrameLogger.cs(413,53): warning IDE0055: 淇鏍煎紡 (https://learn.microsoft.com/dotnet/fundamentals/code-analysis/style-rules/ide0055) [C:\UserWorx\VSWorx\ServoStudio\wpfui-servoStudio\samples\Wpf.Ui.servoStudio\servoStudio_wjhet5xd_wpftmp.csproj]
C:\UserWorx\VSWorx\ServoStudio\wpfui-servoStudio\samples\Wpf.Ui.servoStudio\Services\DataFrameLogger.cs(415,38): warning IDE0055: 淇鏍煎紡 (https://learn.microsoft.com/dotnet/fundamentals/code-analysis/style-rules/ide0055) [C:\UserWorx\VSWorx\ServoStudio\wpfui-servoStudio\samples\Wpf.Ui.servoStudio\servoStudio_wjhet5xd_wpftmp.csproj]
C:\UserWorx\VSWorx\ServoStudio\wpfui-servoStudio\samples\Wpf.Ui.servoStudio\Services\DataFrameLogger.cs(416,29): warning IDE0055: 淇鏍煎紡 (https://learn.microsoft.com/dotnet/fundamentals/code-analysis/style-rules/ide0055) [C:\UserWorx\VSWorx\ServoStudio\wpfui-servoStudio\samples\Wpf.Ui.servoStudio\servoStudio_wjhet5xd_wpftmp.csproj]
C:\UserWorx\VSWorx\ServoStudio\wpfui-servoStudio\samples\Wpf.Ui.servoStudio\Services\DataFrameLogger.cs(433,30): warning IDE0055: 淇鏍煎紡 (https://learn.microsoft.com/dotnet/fundamentals/code-analysis/style-rules/ide0055) [C:\UserWorx\VSWorx\ServoStudio\wpfui-servoStudio\samples\Wpf.Ui.servoStudio\servoStudio_wjhet5xd_wpftmp.csproj]
C:\UserWorx\VSWorx\ServoStudio\wpfui-servoStudio\samples\Wpf.Ui.servoStudio\Services\DataFrameLogger.cs(433,32): warning IDE0055: 淇鏍煎紡 (https://learn.microsoft.com/dotnet/fundamentals/code-analysis/style-rules/ide0055) [C:\UserWorx\VSWorx\ServoStudio\wpfui-servoStudio\samples\Wpf.Ui.servoStudio\servoStudio_wjhet5xd_wpftmp.csproj]
C:\UserWorx\VSWorx\ServoStudio\wpfui-servoStudio\samples\Wpf.Ui.servoStudio\Services\DataFrameLogger.cs(433,45): warning IDE0055: 淇鏍煎紡 (https://learn.microsoft.com/dotnet/fundamentals/code-analysis/style-rules/ide0055) [C:\UserWorx\VSWorx\ServoStudio\wpfui-servoStudio\samples\Wpf.Ui.servoStudio\servoStudio_wjhet5xd_wpftmp.csproj]
C:\UserWorx\VSWorx\ServoStudio\wpfui-servoStudio\samples\Wpf.Ui.servoStudio\Services\FactoryAccessService.cs(33,34): warning IDE0055: 淇鏍煎紡 (https://learn.microsoft.com/dotnet/fundamentals/code-analysis/style-rules/ide0055) [C:\UserWorx\VSWorx\ServoStudio\wpfui-servoStudio\samples\Wpf.Ui.servoStudio\servoStudio_wjhet5xd_wpftmp.csproj]
C:\UserWorx\VSWorx\ServoStudio\wpfui-servoStudio\samples\Wpf.Ui.servoStudio\Services\FactoryAccessService.cs(33,36): warning IDE0055: 淇鏍煎紡 (https://learn.microsoft.com/dotnet/fundamentals/code-analysis/style-rules/ide0055) [C:\UserWorx\VSWorx\ServoStudio\wpfui-servoStudio\samples\Wpf.Ui.servoStudio\servoStudio_wjhet5xd_wpftmp.csproj]
C:\UserWorx\VSWorx\ServoStudio\wpfui-servoStudio\samples\Wpf.Ui.servoStudio\Services\FactoryAccessService.cs(33,54): warning IDE0055: 淇鏍煎紡 (https://learn.microsoft.com/dotnet/fundamentals/code-analysis/style-rules/ide0055) [C:\UserWorx\VSWorx\ServoStudio\wpfui-servoStudio\samples\Wpf.Ui.servoStudio\servoStudio_wjhet5xd_wpftmp.csproj]
C:\UserWorx\VSWorx\ServoStudio\wpfui-servoStudio\samples\Wpf.Ui.servoStudio\Services\FactoryAccessService.cs(50,35): warning IDE0055: 淇鏍煎紡 (https://learn.microsoft.com/dotnet/fundamentals/code-analysis/style-rules/ide0055) [C:\UserWorx\VSWorx\ServoStudio\wpfui-servoStudio\samples\Wpf.Ui.servoStudio\servoStudio_wjhet5xd_wpftmp.csproj]
C:\UserWorx\VSWorx\ServoStudio\wpfui-servoStudio\samples\Wpf.Ui.servoStudio\Services\FactoryAccessService.cs(50,37): warning IDE0055: 淇鏍煎紡 (https://learn.microsoft.com/dotnet/fundamentals/code-analysis/style-rules/ide0055) [C:\UserWorx\VSWorx\ServoStudio\wpfui-servoStudio\samples\Wpf.Ui.servoStudio\servoStudio_wjhet5xd_wpftmp.csproj]
C:\UserWorx\VSWorx\ServoStudio\wpfui-servoStudio\samples\Wpf.Ui.servoStudio\Services\FactoryAccessService.cs(50,55): warning IDE0055: 淇鏍煎紡 (https://learn.microsoft.com/dotnet/fundamentals/code-analysis/style-rules/ide0055) [C:\UserWorx\VSWorx\ServoStudio\wpfui-servoStudio\samples\Wpf.Ui.servoStudio\servoStudio_wjhet5xd_wpftmp.csproj]
C:\UserWorx\VSWorx\ServoStudio\wpfui-servoStudio\samples\Wpf.Ui.servoStudio\Services\FactoryAccessService.cs(129,17): warning IDE2003: 鍧椾笌鍚庣画璇彞涔嬮棿闇€瑕佹湁绌虹櫧琛?(https://learn.microsoft.com/dotnet/fundamentals/code-analysis/style-rules/ide2003) [C:\UserWorx\VSWorx\ServoStudio\wpfui-servoStudio\samples\Wpf.Ui.servoStudio\servoStudio_wjhet5xd_wpftmp.csproj]
C:\UserWorx\VSWorx\ServoStudio\wpfui-servoStudio\samples\Wpf.Ui.servoStudio\Services\FactoryAccessService.cs(136,9): warning IDE2003: 鍧椾笌鍚庣画璇彞涔嬮棿闇€瑕佹湁绌虹櫧琛?(https://learn.microsoft.com/dotnet/fundamentals/code-analysis/style-rules/ide2003) [C:\UserWorx\VSWorx\ServoStudio\wpfui-servoStudio\samples\Wpf.Ui.servoStudio\servoStudio_wjhet5xd_wpftmp.csproj]
C:\UserWorx\VSWorx\ServoStudio\wpfui-servoStudio\samples\Wpf.Ui.servoStudio\Services\FirmwareRepositoryService.cs(295,24): warning IDE0055: 淇鏍煎紡 (https://learn.microsoft.com/dotnet/fundamentals/code-analysis/style-rules/ide0055) [C:\UserWorx\VSWorx\ServoStudio\wpfui-servoStudio\samples\Wpf.Ui.servoStudio\servoStudio_wjhet5xd_wpftmp.csproj]
C:\UserWorx\VSWorx\ServoStudio\wpfui-servoStudio\samples\Wpf.Ui.servoStudio\Services\FirmwareRepositoryService.cs(295,26): warning IDE0055: 淇鏍煎紡 (https://learn.microsoft.com/dotnet/fundamentals/code-analysis/style-rules/ide0055) [C:\UserWorx\VSWorx\ServoStudio\wpfui-servoStudio\samples\Wpf.Ui.servoStudio\servoStudio_wjhet5xd_wpftmp.csproj]
C:\UserWorx\VSWorx\ServoStudio\wpfui-servoStudio\samples\Wpf.Ui.servoStudio\Services\FirmwareRepositoryService.cs(295,55): warning IDE0055: 淇鏍煎紡 (https://learn.microsoft.com/dotnet/fundamentals/code-analysis/style-rules/ide0055) [C:\UserWorx\VSWorx\ServoStudio\wpfui-servoStudio\samples\Wpf.Ui.servoStudio\servoStudio_wjhet5xd_wpftmp.csproj]
C:\UserWorx\VSWorx\ServoStudio\wpfui-servoStudio\samples\Wpf.Ui.servoStudio\Services\FirmwareRepositoryService.cs(295,57): warning IDE0055: 淇鏍煎紡 (https://learn.microsoft.com/dotnet/fundamentals/code-analysis/style-rules/ide0055) [C:\UserWorx\VSWorx\ServoStudio\wpfui-servoStudio\samples\Wpf.Ui.servoStudio\servoStudio_wjhet5xd_wpftmp.csproj]
C:\UserWorx\VSWorx\ServoStudio\wpfui-servoStudio\samples\Wpf.Ui.servoStudio\Services\FirmwareRepositoryService.cs(415,20): warning IDE0055: 淇鏍煎紡 (https://learn.microsoft.com/dotnet/fundamentals/code-analysis/style-rules/ide0055) [C:\UserWorx\VSWorx\ServoStudio\wpfui-servoStudio\samples\Wpf.Ui.servoStudio\servoStudio_wjhet5xd_wpftmp.csproj]
C:\UserWorx\VSWorx\ServoStudio\wpfui-servoStudio\samples\Wpf.Ui.servoStudio\Services\FirmwareRepositoryService.cs(415,22): warning IDE0055: 淇鏍煎紡 (https://learn.microsoft.com/dotnet/fundamentals/code-analysis/style-rules/ide0055) [C:\UserWorx\VSWorx\ServoStudio\wpfui-servoStudio\samples\Wpf.Ui.servoStudio\servoStudio_wjhet5xd_wpftmp.csproj]
C:\UserWorx\VSWorx\ServoStudio\wpfui-servoStudio\samples\Wpf.Ui.servoStudio\Services\FirmwareRepositoryService.cs(415,49): warning IDE0055: 淇鏍煎紡 (https://learn.microsoft.com/dotnet/fundamentals/code-analysis/style-rules/ide0055) [C:\UserWorx\VSWorx\ServoStudio\wpfui-servoStudio\samples\Wpf.Ui.servoStudio\servoStudio_wjhet5xd_wpftmp.csproj]
C:\UserWorx\VSWorx\ServoStudio\wpfui-servoStudio\samples\Wpf.Ui.servoStudio\Services\FirmwareRepositoryService.cs(415,51): warning IDE0055: 淇鏍煎紡 (https://learn.microsoft.com/dotnet/fundamentals/code-analysis/style-rules/ide0055) [C:\UserWorx\VSWorx\ServoStudio\wpfui-servoStudio\samples\Wpf.Ui.servoStudio\servoStudio_wjhet5xd_wpftmp.csproj]
C:\UserWorx\VSWorx\ServoStudio\wpfui-servoStudio\samples\Wpf.Ui.servoStudio\Services\FirmwareRepositoryService.cs(415,74): warning IDE0055: 淇鏍煎紡 (https://learn.microsoft.com/dotnet/fundamentals/code-analysis/style-rules/ide0055) [C:\UserWorx\VSWorx\ServoStudio\wpfui-servoStudio\samples\Wpf.Ui.servoStudio\servoStudio_wjhet5xd_wpftmp.csproj]
C:\UserWorx\VSWorx\ServoStudio\wpfui-servoStudio\samples\Wpf.Ui.servoStudio\Services\FirmwareRepositoryService.cs(415,76): warning IDE0055: 淇鏍煎紡 (https://learn.microsoft.com/dotnet/fundamentals/code-analysis/style-rules/ide0055) [C:\UserWorx\VSWorx\ServoStudio\wpfui-servoStudio\samples\Wpf.Ui.servoStudio\servoStudio_wjhet5xd_wpftmp.csproj]
C:\UserWorx\VSWorx\ServoStudio\wpfui-servoStudio\samples\Wpf.Ui.servoStudio\Services\FirmwareRepositoryService.cs(415,78): warning IDE0055: 淇鏍煎紡 (https://learn.microsoft.com/dotnet/fundamentals/code-analysis/style-rules/ide0055) [C:\UserWorx\VSWorx\ServoStudio\wpfui-servoStudio\samples\Wpf.Ui.servoStudio\servoStudio_wjhet5xd_wpftmp.csproj]
C:\UserWorx\VSWorx\ServoStudio\wpfui-servoStudio\samples\Wpf.Ui.servoStudio\Services\FirmwareRepositoryService.cs(416,20): warning IDE0055: 淇鏍煎紡 (https://learn.microsoft.com/dotnet/fundamentals/code-analysis/style-rules/ide0055) [C:\UserWorx\VSWorx\ServoStudio\wpfui-servoStudio\samples\Wpf.Ui.servoStudio\servoStudio_wjhet5xd_wpftmp.csproj]
C:\UserWorx\VSWorx\ServoStudio\wpfui-servoStudio\samples\Wpf.Ui.servoStudio\Services\FirmwareRepositoryService.cs(416,22): warning IDE0055: 淇鏍煎紡 (https://learn.microsoft.com/dotnet/fundamentals/code-analysis/style-rules/ide0055) [C:\UserWorx\VSWorx\ServoStudio\wpfui-servoStudio\samples\Wpf.Ui.servoStudio\servoStudio_wjhet5xd_wpftmp.csproj]
C:\UserWorx\VSWorx\ServoStudio\wpfui-servoStudio\samples\Wpf.Ui.servoStudio\Services\FirmwareRepositoryService.cs(416,51): warning IDE0055: 淇鏍煎紡 (https://learn.microsoft.com/dotnet/fundamentals/code-analysis/style-rules/ide0055) [C:\UserWorx\VSWorx\ServoStudio\wpfui-servoStudio\samples\Wpf.Ui.servoStudio\servoStudio_wjhet5xd_wpftmp.csproj]
C:\UserWorx\VSWorx\ServoStudio\wpfui-servoStudio\samples\Wpf.Ui.servoStudio\Services\FirmwareRepositoryService.cs(416,53): warning IDE0055: 淇鏍煎紡 (https://learn.microsoft.com/dotnet/fundamentals/code-analysis/style-rules/ide0055) [C:\UserWorx\VSWorx\ServoStudio\wpfui-servoStudio\samples\Wpf.Ui.servoStudio\servoStudio_wjhet5xd_wpftmp.csproj]
C:\UserWorx\VSWorx\ServoStudio\wpfui-servoStudio\samples\Wpf.Ui.servoStudio\Services\FirmwareRepositoryService.cs(416,78): warning IDE0055: 淇鏍煎紡 (https://learn.microsoft.com/dotnet/fundamentals/code-analysis/style-rules/ide0055) [C:\UserWorx\VSWorx\ServoStudio\wpfui-servoStudio\samples\Wpf.Ui.servoStudio\servoStudio_wjhet5xd_wpftmp.csproj]
C:\UserWorx\VSWorx\ServoStudio\wpfui-servoStudio\samples\Wpf.Ui.servoStudio\Services\FirmwareRepositoryService.cs(416,80): warning IDE0055: 淇鏍煎紡 (https://learn.microsoft.com/dotnet/fundamentals/code-analysis/style-rules/ide0055) [C:\UserWorx\VSWorx\ServoStudio\wpfui-servoStudio\samples\Wpf.Ui.servoStudio\servoStudio_wjhet5xd_wpftmp.csproj]
C:\UserWorx\VSWorx\ServoStudio\wpfui-servoStudio\samples\Wpf.Ui.servoStudio\Services\FirmwareRepositoryService.cs(416,82): warning IDE0055: 淇鏍煎紡 (https://learn.microsoft.com/dotnet/fundamentals/code-analysis/style-rules/ide0055) [C:\UserWorx\VSWorx\ServoStudio\wpfui-servoStudio\samples\Wpf.Ui.servoStudio\servoStudio_wjhet5xd_wpftmp.csproj]
C:\UserWorx\VSWorx\ServoStudio\wpfui-servoStudio\samples\Wpf.Ui.servoStudio\Services\FirmwareRepositoryService.cs(804,16): warning IDE0055: 淇鏍煎紡 (https://learn.microsoft.com/dotnet/fundamentals/code-analysis/style-rules/ide0055) [C:\UserWorx\VSWorx\ServoStudio\wpfui-servoStudio\samples\Wpf.Ui.servoStudio\servoStudio_wjhet5xd_wpftmp.csproj]
C:\UserWorx\VSWorx\ServoStudio\wpfui-servoStudio\samples\Wpf.Ui.servoStudio\Services\FirmwareRepositoryService.cs(804,18): warning IDE0055: 淇鏍煎紡 (https://learn.microsoft.com/dotnet/fundamentals/code-analysis/style-rules/ide0055) [C:\UserWorx\VSWorx\ServoStudio\wpfui-servoStudio\samples\Wpf.Ui.servoStudio\servoStudio_wjhet5xd_wpftmp.csproj]
C:\UserWorx\VSWorx\ServoStudio\wpfui-servoStudio\samples\Wpf.Ui.servoStudio\Services\FirmwareRepositoryService.cs(804,62): warning IDE0055: 淇鏍煎紡 (https://learn.microsoft.com/dotnet/fundamentals/code-analysis/style-rules/ide0055) [C:\UserWorx\VSWorx\ServoStudio\wpfui-servoStudio\samples\Wpf.Ui.servoStudio\servoStudio_wjhet5xd_wpftmp.csproj]
C:\UserWorx\VSWorx\ServoStudio\wpfui-servoStudio\samples\Wpf.Ui.servoStudio\Services\FirmwareRepositoryService.cs(804,64): warning IDE0055: 淇鏍煎紡 (https://learn.microsoft.com/dotnet/fundamentals/code-analysis/style-rules/ide0055) [C:\UserWorx\VSWorx\ServoStudio\wpfui-servoStudio\samples\Wpf.Ui.servoStudio\servoStudio_wjhet5xd_wpftmp.csproj]
C:\UserWorx\VSWorx\ServoStudio\wpfui-servoStudio\samples\Wpf.Ui.servoStudio\Services\FirmwareRepositoryService.cs(815,31): warning IDE0055: 淇鏍煎紡 (https://learn.microsoft.com/dotnet/fundamentals/code-analysis/style-rules/ide0055) [C:\UserWorx\VSWorx\ServoStudio\wpfui-servoStudio\samples\Wpf.Ui.servoStudio\servoStudio_wjhet5xd_wpftmp.csproj]
C:\UserWorx\VSWorx\ServoStudio\wpfui-servoStudio\samples\Wpf.Ui.servoStudio\Services\FirmwareRepositoryService.cs(815,33): warning IDE0055: 淇鏍煎紡 (https://learn.microsoft.com/dotnet/fundamentals/code-analysis/style-rules/ide0055) [C:\UserWorx\VSWorx\ServoStudio\wpfui-servoStudio\samples\Wpf.Ui.servoStudio\servoStudio_wjhet5xd_wpftmp.csproj]
C:\UserWorx\VSWorx\ServoStudio\wpfui-servoStudio\samples\Wpf.Ui.servoStudio\Services\FirmwareRepositoryService.cs(815,43): warning IDE0055: 淇鏍煎紡 (https://learn.microsoft.com/dotnet/fundamentals/code-analysis/style-rules/ide0055) [C:\UserWorx\VSWorx\ServoStudio\wpfui-servoStudio\samples\Wpf.Ui.servoStudio\servoStudio_wjhet5xd_wpftmp.csproj]
C:\UserWorx\VSWorx\ServoStudio\wpfui-servoStudio\samples\Wpf.Ui.servoStudio\Services\FirmwareRepositoryService.cs(820,30): warning IDE0055: 淇鏍煎紡 (https://learn.microsoft.com/dotnet/fundamentals/code-analysis/style-rules/ide0055) [C:\UserWorx\VSWorx\ServoStudio\wpfui-servoStudio\samples\Wpf.Ui.servoStudio\servoStudio_wjhet5xd_wpftmp.csproj]
C:\UserWorx\VSWorx\ServoStudio\wpfui-servoStudio\samples\Wpf.Ui.servoStudio\Services\FirmwareRepositoryService.cs(820,32): warning IDE0055: 淇鏍煎紡 (https://learn.microsoft.com/dotnet/fundamentals/code-analysis/style-rules/ide0055) [C:\UserWorx\VSWorx\ServoStudio\wpfui-servoStudio\samples\Wpf.Ui.servoStudio\servoStudio_wjhet5xd_wpftmp.csproj]
C:\UserWorx\VSWorx\ServoStudio\wpfui-servoStudio\samples\Wpf.Ui.servoStudio\Services\FirmwareRepositoryService.cs(820,42): warning IDE0055: 淇鏍煎紡 (https://learn.microsoft.com/dotnet/fundamentals/code-analysis/style-rules/ide0055) [C:\UserWorx\VSWorx\ServoStudio\wpfui-servoStudio\samples\Wpf.Ui.servoStudio\servoStudio_wjhet5xd_wpftmp.csproj]
C:\UserWorx\VSWorx\ServoStudio\wpfui-servoStudio\samples\Wpf.Ui.servoStudio\Services\FirmwareRepositoryService.cs(849,29): warning IDE0055: 淇鏍煎紡 (https://learn.microsoft.com/dotnet/fundamentals/code-analysis/style-rules/ide0055) [C:\UserWorx\VSWorx\ServoStudio\wpfui-servoStudio\samples\Wpf.Ui.servoStudio\servoStudio_wjhet5xd_wpftmp.csproj]
C:\UserWorx\VSWorx\ServoStudio\wpfui-servoStudio\samples\Wpf.Ui.servoStudio\Services\FirmwareRepositoryService.cs(849,31): warning IDE0055: 淇鏍煎紡 (https://learn.microsoft.com/dotnet/fundamentals/code-analysis/style-rules/ide0055) [C:\UserWorx\VSWorx\ServoStudio\wpfui-servoStudio\samples\Wpf.Ui.servoStudio\servoStudio_wjhet5xd_wpftmp.csproj]
C:\UserWorx\VSWorx\ServoStudio\wpfui-servoStudio\samples\Wpf.Ui.servoStudio\Services\FirmwareRepositoryService.cs(849,41): warning IDE0055: 淇鏍煎紡 (https://learn.microsoft.com/dotnet/fundamentals/code-analysis/style-rules/ide0055) [C:\UserWorx\VSWorx\ServoStudio\wpfui-servoStudio\samples\Wpf.Ui.servoStudio\servoStudio_wjhet5xd_wpftmp.csproj]
C:\UserWorx\VSWorx\ServoStudio\wpfui-servoStudio\samples\Wpf.Ui.servoStudio\Services\FirmwareRepositoryService.cs(854,25): warning IDE0055: 淇鏍煎紡 (https://learn.microsoft.com/dotnet/fundamentals/code-analysis/style-rules/ide0055) [C:\UserWorx\VSWorx\ServoStudio\wpfui-servoStudio\samples\Wpf.Ui.servoStudio\servoStudio_wjhet5xd_wpftmp.csproj]
C:\UserWorx\VSWorx\ServoStudio\wpfui-servoStudio\samples\Wpf.Ui.servoStudio\Services\FirmwareRepositoryService.cs(854,27): warning IDE0055: 淇鏍煎紡 (https://learn.microsoft.com/dotnet/fundamentals/code-analysis/style-rules/ide0055) [C:\UserWorx\VSWorx\ServoStudio\wpfui-servoStudio\samples\Wpf.Ui.servoStudio\servoStudio_wjhet5xd_wpftmp.csproj]
C:\UserWorx\VSWorx\ServoStudio\wpfui-servoStudio\samples\Wpf.Ui.servoStudio\Services\FirmwareRepositoryService.cs(854,37): warning IDE0055: 淇鏍煎紡 (https://learn.microsoft.com/dotnet/fundamentals/code-analysis/style-rules/ide0055) [C:\UserWorx\VSWorx\ServoStudio\wpfui-servoStudio\samples\Wpf.Ui.servoStudio\servoStudio_wjhet5xd_wpftmp.csproj]
C:\UserWorx\VSWorx\ServoStudio\wpfui-servoStudio\samples\Wpf.Ui.servoStudio\Services\FirmwareRepositoryService.cs(859,35): warning IDE0055: 淇鏍煎紡 (https://learn.microsoft.com/dotnet/fundamentals/code-analysis/style-rules/ide0055) [C:\UserWorx\VSWorx\ServoStudio\wpfui-servoStudio\samples\Wpf.Ui.servoStudio\servoStudio_wjhet5xd_wpftmp.csproj]
C:\UserWorx\VSWorx\ServoStudio\wpfui-servoStudio\samples\Wpf.Ui.servoStudio\Services\FirmwareRepositoryService.cs(859,37): warning IDE0055: 淇鏍煎紡 (https://learn.microsoft.com/dotnet/fundamentals/code-analysis/style-rules/ide0055) [C:\UserWorx\VSWorx\ServoStudio\wpfui-servoStudio\samples\Wpf.Ui.servoStudio\servoStudio_wjhet5xd_wpftmp.csproj]
C:\UserWorx\VSWorx\ServoStudio\wpfui-servoStudio\samples\Wpf.Ui.servoStudio\Services\FirmwareRepositoryService.cs(859,47): warning IDE0055: 淇鏍煎紡 (https://learn.microsoft.com/dotnet/fundamentals/code-analysis/style-rules/ide0055) [C:\UserWorx\VSWorx\ServoStudio\wpfui-servoStudio\samples\Wpf.Ui.servoStudio\servoStudio_wjhet5xd_wpftmp.csproj]
C:\UserWorx\VSWorx\ServoStudio\wpfui-servoStudio\samples\Wpf.Ui.servoStudio\Services\FirmwareRepositoryService.cs(869,36): warning IDE0055: 淇鏍煎紡 (https://learn.microsoft.com/dotnet/fundamentals/code-analysis/style-rules/ide0055) [C:\UserWorx\VSWorx\ServoStudio\wpfui-servoStudio\samples\Wpf.Ui.servoStudio\servoStudio_wjhet5xd_wpftmp.csproj]
C:\UserWorx\VSWorx\ServoStudio\wpfui-servoStudio\samples\Wpf.Ui.servoStudio\Services\FirmwareRepositoryService.cs(869,38): warning IDE0055: 淇鏍煎紡 (https://learn.microsoft.com/dotnet/fundamentals/code-analysis/style-rules/ide0055) [C:\UserWorx\VSWorx\ServoStudio\wpfui-servoStudio\samples\Wpf.Ui.servoStudio\servoStudio_wjhet5xd_wpftmp.csproj]
C:\UserWorx\VSWorx\ServoStudio\wpfui-servoStudio\samples\Wpf.Ui.servoStudio\Services\FirmwareRepositoryService.cs(869,48): warning IDE0055: 淇鏍煎紡 (https://learn.microsoft.com/dotnet/fundamentals/code-analysis/style-rules/ide0055) [C:\UserWorx\VSWorx\ServoStudio\wpfui-servoStudio\samples\Wpf.Ui.servoStudio\servoStudio_wjhet5xd_wpftmp.csproj]
C:\UserWorx\VSWorx\ServoStudio\wpfui-servoStudio\samples\Wpf.Ui.servoStudio\Services\FirmwareRepositoryService.cs(879,30): warning IDE0055: 淇鏍煎紡 (https://learn.microsoft.com/dotnet/fundamentals/code-analysis/style-rules/ide0055) [C:\UserWorx\VSWorx\ServoStudio\wpfui-servoStudio\samples\Wpf.Ui.servoStudio\servoStudio_wjhet5xd_wpftmp.csproj]
C:\UserWorx\VSWorx\ServoStudio\wpfui-servoStudio\samples\Wpf.Ui.servoStudio\Services\FirmwareRepositoryService.cs(879,32): warning IDE0055: 淇鏍煎紡 (https://learn.microsoft.com/dotnet/fundamentals/code-analysis/style-rules/ide0055) [C:\UserWorx\VSWorx\ServoStudio\wpfui-servoStudio\samples\Wpf.Ui.servoStudio\servoStudio_wjhet5xd_wpftmp.csproj]
C:\UserWorx\VSWorx\ServoStudio\wpfui-servoStudio\samples\Wpf.Ui.servoStudio\Services\FirmwareRepositoryService.cs(879,42): warning IDE0055: 淇鏍煎紡 (https://learn.microsoft.com/dotnet/fundamentals/code-analysis/style-rules/ide0055) [C:\UserWorx\VSWorx\ServoStudio\wpfui-servoStudio\samples\Wpf.Ui.servoStudio\servoStudio_wjhet5xd_wpftmp.csproj]
C:\UserWorx\VSWorx\ServoStudio\wpfui-servoStudio\samples\Wpf.Ui.servoStudio\Services\FirmwareRepositoryService.cs(279,21): warning IDE2003: 鍧椾笌鍚庣画璇彞涔嬮棿闇€瑕佹湁绌虹櫧琛?(https://learn.microsoft.com/dotnet/fundamentals/code-analysis/style-rules/ide2003) [C:\UserWorx\VSWorx\ServoStudio\wpfui-servoStudio\samples\Wpf.Ui.servoStudio\servoStudio_wjhet5xd_wpftmp.csproj]
C:\UserWorx\VSWorx\ServoStudio\wpfui-servoStudio\samples\Wpf.Ui.servoStudio\Services\FirmwareRepositoryService.cs(415,87): warning IDE2003: 鍧椾笌鍚庣画璇彞涔嬮棿闇€瑕佹湁绌虹櫧琛?(https://learn.microsoft.com/dotnet/fundamentals/code-analysis/style-rules/ide2003) [C:\UserWorx\VSWorx\ServoStudio\wpfui-servoStudio\samples\Wpf.Ui.servoStudio\servoStudio_wjhet5xd_wpftmp.csproj]
C:\UserWorx\VSWorx\ServoStudio\wpfui-servoStudio\samples\Wpf.Ui.servoStudio\Services\FirmwareRepositoryService.cs(416,91): warning IDE2003: 鍧椾笌鍚庣画璇彞涔嬮棿闇€瑕佹湁绌虹櫧琛?(https://learn.microsoft.com/dotnet/fundamentals/code-analysis/style-rules/ide2003) [C:\UserWorx\VSWorx\ServoStudio\wpfui-servoStudio\samples\Wpf.Ui.servoStudio\servoStudio_wjhet5xd_wpftmp.csproj]
C:\UserWorx\VSWorx\ServoStudio\wpfui-servoStudio\samples\Wpf.Ui.servoStudio\ViewModels\DeviceSet\DeviceAddViewModel.cs(43,22): warning CA1063: 浠庘€淒eviceAddViewModel鈥濆疄鐜扮殑鎺ュ彛鍒楄〃涓垹闄?IDisposable锛屽洜涓哄畠宸茬敱鍩虹被鍨嬧€淰iewModel鈥濆疄鐜?(https://learn.microsoft.com/dotnet/fundamentals/code-analysis/quality-rules/ca1063) [C:\UserWorx\VSWorx\ServoStudio\wpfui-servoStudio\samples\Wpf.Ui.servoStudio\servoStudio_wjhet5xd_wpftmp.csproj]
C:\UserWorx\VSWorx\ServoStudio\wpfui-servoStudio\samples\Wpf.Ui.servoStudio\ViewModels\DeviceSet\DeviceAddViewModel.cs(43,22): warning CA1063: 瀵?DeviceAddViewModel 鎻愪緵 Dispose(bool) 鐨勫彲閲嶅啓瀹炵幇鎴栧皢璇ョ被鍨嬫爣璁颁负鈥滃凡瀵嗗皝鈥濄€傚 Dispose(false) 鐨勮皟鐢ㄥ簲浠呮竻鐞嗘湰鏈鸿祫婧愩€傚 Dispose(true) 鐨勮皟鐢ㄥ簲鍚屾椂娓呯悊鎵樼璧勬簮鍜屾湰鏈鸿祫婧愩€?(https://learn.microsoft.com/dotnet/fundamentals/code-analysis/quality-rules/ca1063) [C:\UserWorx\VSWorx\ServoStudio\wpfui-servoStudio\samples\Wpf.Ui.servoStudio\servoStudio_wjhet5xd_wpftmp.csproj]
C:\UserWorx\VSWorx\ServoStudio\wpfui-servoStudio\samples\Wpf.Ui.servoStudio\Services\FrameLogBridge.cs(35,27): warning IDE0055: 淇鏍煎紡 (https://learn.microsoft.com/dotnet/fundamentals/code-analysis/style-rules/ide0055) [C:\UserWorx\VSWorx\ServoStudio\wpfui-servoStudio\samples\Wpf.Ui.servoStudio\servoStudio_wjhet5xd_wpftmp.csproj]
C:\UserWorx\VSWorx\ServoStudio\wpfui-servoStudio\samples\Wpf.Ui.servoStudio\Services\FrameLogBridge.cs(35,29): warning IDE0055: 淇鏍煎紡 (https://learn.microsoft.com/dotnet/fundamentals/code-analysis/style-rules/ide0055) [C:\UserWorx\VSWorx\ServoStudio\wpfui-servoStudio\samples\Wpf.Ui.servoStudio\servoStudio_wjhet5xd_wpftmp.csproj]
C:\UserWorx\VSWorx\ServoStudio\wpfui-servoStudio\samples\Wpf.Ui.servoStudio\Services\FrameLogBridge.cs(35,45): warning IDE0055: 淇鏍煎紡 (https://learn.microsoft.com/dotnet/fundamentals/code-analysis/style-rules/ide0055) [C:\UserWorx\VSWorx\ServoStudio\wpfui-servoStudio\samples\Wpf.Ui.servoStudio\servoStudio_wjhet5xd_wpftmp.csproj]
C:\UserWorx\VSWorx\ServoStudio\wpfui-servoStudio\samples\Wpf.Ui.servoStudio\Services\FrameLogBridge.cs(35,53): warning IDE0055: 淇鏍煎紡 (https://learn.microsoft.com/dotnet/fundamentals/code-analysis/style-rules/ide0055) [C:\UserWorx\VSWorx\ServoStudio\wpfui-servoStudio\samples\Wpf.Ui.servoStudio\servoStudio_wjhet5xd_wpftmp.csproj]
C:\UserWorx\VSWorx\ServoStudio\wpfui-servoStudio\samples\Wpf.Ui.servoStudio\Services\FrameLogBridge.cs(43,24): warning IDE0055: 淇鏍煎紡 (https://learn.microsoft.com/dotnet/fundamentals/code-analysis/style-rules/ide0055) [C:\UserWorx\VSWorx\ServoStudio\wpfui-servoStudio\samples\Wpf.Ui.servoStudio\servoStudio_wjhet5xd_wpftmp.csproj]
C:\UserWorx\VSWorx\ServoStudio\wpfui-servoStudio\samples\Wpf.Ui.servoStudio\Services\FrameLogBridge.cs(46,54): warning IDE0055: 淇鏍煎紡 (https://learn.microsoft.com/dotnet/fundamentals/code-analysis/style-rules/ide0055) [C:\UserWorx\VSWorx\ServoStudio\wpfui-servoStudio\samples\Wpf.Ui.servoStudio\servoStudio_wjhet5xd_wpftmp.csproj]
C:\UserWorx\VSWorx\ServoStudio\wpfui-servoStudio\samples\Wpf.Ui.servoStudio\Services\FrameLogBridge.cs(64,24): warning IDE0055: 淇鏍煎紡 (https://learn.microsoft.com/dotnet/fundamentals/code-analysis/style-rules/ide0055) [C:\UserWorx\VSWorx\ServoStudio\wpfui-servoStudio\samples\Wpf.Ui.servoStudio\servoStudio_wjhet5xd_wpftmp.csproj]
C:\UserWorx\VSWorx\ServoStudio\wpfui-servoStudio\samples\Wpf.Ui.servoStudio\Services\FrameLogBridge.cs(67,54): warning IDE0055: 淇鏍煎紡 (https://learn.microsoft.com/dotnet/fundamentals/code-analysis/style-rules/ide0055) [C:\UserWorx\VSWorx\ServoStudio\wpfui-servoStudio\samples\Wpf.Ui.servoStudio\servoStudio_wjhet5xd_wpftmp.csproj]
C:\UserWorx\VSWorx\ServoStudio\wpfui-servoStudio\samples\Wpf.Ui.servoStudio\Services\LiveDiag.cs(35,9): warning IDE2003: 鍧椾笌鍚庣画璇彞涔嬮棿闇€瑕佹湁绌虹櫧琛?(https://learn.microsoft.com/dotnet/fundamentals/code-analysis/style-rules/ide2003) [C:\UserWorx\VSWorx\ServoStudio\wpfui-servoStudio\samples\Wpf.Ui.servoStudio\servoStudio_wjhet5xd_wpftmp.csproj]
C:\UserWorx\VSWorx\ServoStudio\wpfui-servoStudio\samples\Wpf.Ui.servoStudio\Services\LiveDiag.cs(46,9): warning IDE2003: 鍧椾笌鍚庣画璇彞涔嬮棿闇€瑕佹湁绌虹櫧琛?(https://learn.microsoft.com/dotnet/fundamentals/code-analysis/style-rules/ide2003) [C:\UserWorx\VSWorx\ServoStudio\wpfui-servoStudio\samples\Wpf.Ui.servoStudio\servoStudio_wjhet5xd_wpftmp.csproj]
C:\UserWorx\VSWorx\ServoStudio\wpfui-servoStudio\samples\Wpf.Ui.servoStudio\Services\LiveDiag.cs(63,9): warning IDE2003: 鍧椾笌鍚庣画璇彞涔嬮棿闇€瑕佹湁绌虹櫧琛?(https://learn.microsoft.com/dotnet/fundamentals/code-analysis/style-rules/ide2003) [C:\UserWorx\VSWorx\ServoStudio\wpfui-servoStudio\samples\Wpf.Ui.servoStudio\servoStudio_wjhet5xd_wpftmp.csproj]
C:\UserWorx\VSWorx\ServoStudio\wpfui-servoStudio\samples\Wpf.Ui.servoStudio\Services\LiveDiag.cs(75,9): warning IDE2003: 鍧椾笌鍚庣画璇彞涔嬮棿闇€瑕佹湁绌虹櫧琛?(https://learn.microsoft.com/dotnet/fundamentals/code-analysis/style-rules/ide2003) [C:\UserWorx\VSWorx\ServoStudio\wpfui-servoStudio\samples\Wpf.Ui.servoStudio\servoStudio_wjhet5xd_wpftmp.csproj]
C:\UserWorx\VSWorx\ServoStudio\wpfui-servoStudio\samples\Wpf.Ui.servoStudio\Services\LiveDiag.cs(96,9): warning IDE2003: 鍧椾笌鍚庣画璇彞涔嬮棿闇€瑕佹湁绌虹櫧琛?(https://learn.microsoft.com/dotnet/fundamentals/code-analysis/style-rules/ide2003) [C:\UserWorx\VSWorx\ServoStudio\wpfui-servoStudio\samples\Wpf.Ui.servoStudio\servoStudio_wjhet5xd_wpftmp.csproj]
C:\UserWorx\VSWorx\ServoStudio\wpfui-servoStudio\samples\Wpf.Ui.servoStudio\Services\LiveDiag.cs(108,9): warning IDE2003: 鍧椾笌鍚庣画璇彞涔嬮棿闇€瑕佹湁绌虹櫧琛?(https://learn.microsoft.com/dotnet/fundamentals/code-analysis/style-rules/ide2003) [C:\UserWorx\VSWorx\ServoStudio\wpfui-servoStudio\samples\Wpf.Ui.servoStudio\servoStudio_wjhet5xd_wpftmp.csproj]
C:\UserWorx\VSWorx\ServoStudio\wpfui-servoStudio\samples\Wpf.Ui.servoStudio\Services\LiveDiag.cs(134,9): warning IDE2003: 鍧椾笌鍚庣画璇彞涔嬮棿闇€瑕佹湁绌虹櫧琛?(https://learn.microsoft.com/dotnet/fundamentals/code-analysis/style-rules/ide2003) [C:\UserWorx\VSWorx\ServoStudio\wpfui-servoStudio\samples\Wpf.Ui.servoStudio\servoStudio_wjhet5xd_wpftmp.csproj]
C:\UserWorx\VSWorx\ServoStudio\wpfui-servoStudio\samples\Wpf.Ui.servoStudio\Services\LiveDiag.cs(118,13): warning IDE2003: 鍧椾笌鍚庣画璇彞涔嬮棿闇€瑕佹湁绌虹櫧琛?(https://learn.microsoft.com/dotnet/fundamentals/code-analysis/style-rules/ide2003) [C:\UserWorx\VSWorx\ServoStudio\wpfui-servoStudio\samples\Wpf.Ui.servoStudio\servoStudio_wjhet5xd_wpftmp.csproj]
C:\UserWorx\VSWorx\ServoStudio\wpfui-servoStudio\samples\Wpf.Ui.servoStudio\Services\LiveDiag.cs(122,13): warning IDE2003: 鍧椾笌鍚庣画璇彞涔嬮棿闇€瑕佹湁绌虹櫧琛?(https://learn.microsoft.com/dotnet/fundamentals/code-analysis/style-rules/ide2003) [C:\UserWorx\VSWorx\ServoStudio\wpfui-servoStudio\samples\Wpf.Ui.servoStudio\servoStudio_wjhet5xd_wpftmp.csproj]
C:\UserWorx\VSWorx\ServoStudio\wpfui-servoStudio\samples\Wpf.Ui.servoStudio\Services\LiveDiag.cs(132,13): warning IDE2003: 鍧椾笌鍚庣画璇彞涔嬮棿闇€瑕佹湁绌虹櫧琛?(https://learn.microsoft.com/dotnet/fundamentals/code-analysis/style-rules/ide2003) [C:\UserWorx\VSWorx\ServoStudio\wpfui-servoStudio\samples\Wpf.Ui.servoStudio\servoStudio_wjhet5xd_wpftmp.csproj]
C:\UserWorx\VSWorx\ServoStudio\wpfui-servoStudio\samples\Wpf.Ui.servoStudio\Services\LiveDiag.cs(138,9): warning IDE2003: 鍧椾笌鍚庣画璇彞涔嬮棿闇€瑕佹湁绌虹櫧琛?(https://learn.microsoft.com/dotnet/fundamentals/code-analysis/style-rules/ide2003) [C:\UserWorx\VSWorx\ServoStudio\wpfui-servoStudio\samples\Wpf.Ui.servoStudio\servoStudio_wjhet5xd_wpftmp.csproj]
C:\UserWorx\VSWorx\ServoStudio\wpfui-servoStudio\samples\Wpf.Ui.servoStudio\Services\LiveDiag.cs(164,13): warning IDE2003: 鍧椾笌鍚庣画璇彞涔嬮棿闇€瑕佹湁绌虹櫧琛?(https://learn.microsoft.com/dotnet/fundamentals/code-analysis/style-rules/ide2003) [C:\UserWorx\VSWorx\ServoStudio\wpfui-servoStudio\samples\Wpf.Ui.servoStudio\servoStudio_wjhet5xd_wpftmp.csproj]
C:\UserWorx\VSWorx\ServoStudio\wpfui-servoStudio\samples\Wpf.Ui.servoStudio\Services\PageUsageTracker.cs(15,26): warning IDE0055: 淇鏍煎紡 (https://learn.microsoft.com/dotnet/fundamentals/code-analysis/style-rules/ide0055) [C:\UserWorx\VSWorx\ServoStudio\wpfui-servoStudio\samples\Wpf.Ui.servoStudio\servoStudio_wjhet5xd_wpftmp.csproj]
C:\UserWorx\VSWorx\ServoStudio\wpfui-servoStudio\samples\Wpf.Ui.servoStudio\Services\PageUsageTracker.cs(15,28): warning IDE0055: 淇鏍煎紡 (https://learn.microsoft.com/dotnet/fundamentals/code-analysis/style-rules/ide0055) [C:\UserWorx\VSWorx\ServoStudio\wpfui-servoStudio\samples\Wpf.Ui.servoStudio\servoStudio_wjhet5xd_wpftmp.csproj]
C:\UserWorx\VSWorx\ServoStudio\wpfui-servoStudio\samples\Wpf.Ui.servoStudio\Services\PageUsageTracker.cs(15,38): warning IDE0055: 淇鏍煎紡 (https://learn.microsoft.com/dotnet/fundamentals/code-analysis/style-rules/ide0055) [C:\UserWorx\VSWorx\ServoStudio\wpfui-servoStudio\samples\Wpf.Ui.servoStudio\servoStudio_wjhet5xd_wpftmp.csproj]
C:\UserWorx\VSWorx\ServoStudio\wpfui-servoStudio\samples\Wpf.Ui.servoStudio\Services\PageUsageTracker.cs(18,30): warning IDE0055: 淇鏍煎紡 (https://learn.microsoft.com/dotnet/fundamentals/code-analysis/style-rules/ide0055) [C:\UserWorx\VSWorx\ServoStudio\wpfui-servoStudio\samples\Wpf.Ui.servoStudio\servoStudio_wjhet5xd_wpftmp.csproj]
C:\UserWorx\VSWorx\ServoStudio\wpfui-servoStudio\samples\Wpf.Ui.servoStudio\Services\PageUsageTracker.cs(18,32): warning IDE0055: 淇鏍煎紡 (https://learn.microsoft.com/dotnet/fundamentals/code-analysis/style-rules/ide0055) [C:\UserWorx\VSWorx\ServoStudio\wpfui-servoStudio\samples\Wpf.Ui.servoStudio\servoStudio_wjhet5xd_wpftmp.csproj]
C:\UserWorx\VSWorx\ServoStudio\wpfui-servoStudio\samples\Wpf.Ui.servoStudio\Services\PageUsageTracker.cs(18,42): warning IDE0055: 淇鏍煎紡 (https://learn.microsoft.com/dotnet/fundamentals/code-analysis/style-rules/ide0055) [C:\UserWorx\VSWorx\ServoStudio\wpfui-servoStudio\samples\Wpf.Ui.servoStudio\servoStudio_wjhet5xd_wpftmp.csproj]
C:\UserWorx\VSWorx\ServoStudio\wpfui-servoStudio\samples\Wpf.Ui.servoStudio\Services\PageUsageTracker.cs(19,26): warning IDE0055: 淇鏍煎紡 (https://learn.microsoft.com/dotnet/fundamentals/code-analysis/style-rules/ide0055) [C:\UserWorx\VSWorx\ServoStudio\wpfui-servoStudio\samples\Wpf.Ui.servoStudio\servoStudio_wjhet5xd_wpftmp.csproj]
C:\UserWorx\VSWorx\ServoStudio\wpfui-servoStudio\samples\Wpf.Ui.servoStudio\Services\PageUsageTracker.cs(19,28): warning IDE0055: 淇鏍煎紡 (https://learn.microsoft.com/dotnet/fundamentals/code-analysis/style-rules/ide0055) [C:\UserWorx\VSWorx\ServoStudio\wpfui-servoStudio\samples\Wpf.Ui.servoStudio\servoStudio_wjhet5xd_wpftmp.csproj]
C:\UserWorx\VSWorx\ServoStudio\wpfui-servoStudio\samples\Wpf.Ui.servoStudio\Services\PageUsageTracker.cs(19,38): warning IDE0055: 淇鏍煎紡 (https://learn.microsoft.com/dotnet/fundamentals/code-analysis/style-rules/ide0055) [C:\UserWorx\VSWorx\ServoStudio\wpfui-servoStudio\samples\Wpf.Ui.servoStudio\servoStudio_wjhet5xd_wpftmp.csproj]
C:\UserWorx\VSWorx\ServoStudio\wpfui-servoStudio\samples\Wpf.Ui.servoStudio\Services\RegisterDisableService.cs(60,39): warning IDE0055: 淇鏍煎紡 (https://learn.microsoft.com/dotnet/fundamentals/code-analysis/style-rules/ide0055) [C:\UserWorx\VSWorx\ServoStudio\wpfui-servoStudio\samples\Wpf.Ui.servoStudio\servoStudio_wjhet5xd_wpftmp.csproj]
C:\UserWorx\VSWorx\ServoStudio\wpfui-servoStudio\samples\Wpf.Ui.servoStudio\Services\RegisterDisableService.cs(87,39): warning IDE0055: 淇鏍煎紡 (https://learn.microsoft.com/dotnet/fundamentals/code-analysis/style-rules/ide0055) [C:\UserWorx\VSWorx\ServoStudio\wpfui-servoStudio\samples\Wpf.Ui.servoStudio\servoStudio_wjhet5xd_wpftmp.csproj]
C:\UserWorx\VSWorx\ServoStudio\wpfui-servoStudio\samples\Wpf.Ui.servoStudio\Services\RegisterDisableService.cs(90,22): warning IDE0055: 淇鏍煎紡 (https://learn.microsoft.com/dotnet/fundamentals/code-analysis/style-rules/ide0055) [C:\UserWorx\VSWorx\ServoStudio\wpfui-servoStudio\samples\Wpf.Ui.servoStudio\servoStudio_wjhet5xd_wpftmp.csproj]
C:\UserWorx\VSWorx\ServoStudio\wpfui-servoStudio\samples\Wpf.Ui.servoStudio\Services\RegisterDisableService.cs(108,25): warning IDE0055: 淇鏍煎紡 (https://learn.microsoft.com/dotnet/fundamentals/code-analysis/style-rules/ide0055) [C:\UserWorx\VSWorx\ServoStudio\wpfui-servoStudio\samples\Wpf.Ui.servoStudio\servoStudio_wjhet5xd_wpftmp.csproj]
C:\UserWorx\VSWorx\ServoStudio\wpfui-servoStudio\samples\Wpf.Ui.servoStudio\Core\CANopen\Adapters\ZlgKernelDllScanner.cs(54,13): warning IDE0008: 鐢ㄦ樉寮忕被鍨嬩唬鏇?"var" (https://learn.microsoft.com/dotnet/fundamentals/code-analysis/style-rules/ide0008) [C:\UserWorx\VSWorx\ServoStudio\wpfui-servoStudio\samples\Wpf.Ui.servoStudio\servoStudio_wjhet5xd_wpftmp.csproj]
C:\UserWorx\VSWorx\ServoStudio\wpfui-servoStudio\samples\Wpf.Ui.servoStudio\Core\CANopen\Adapters\ZlgKernelDllScanner.cs(57,17): warning IDE0058: 姘歌繙涓嶄細浣跨敤琛ㄨ揪寮忓€?(https://learn.microsoft.com/dotnet/fundamentals/code-analysis/style-rules/ide0058) [C:\UserWorx\VSWorx\ServoStudio\wpfui-servoStudio\samples\Wpf.Ui.servoStudio\servoStudio_wjhet5xd_wpftmp.csproj]
C:\UserWorx\VSWorx\ServoStudio\wpfui-servoStudio\samples\Wpf.Ui.servoStudio\Core\CANopen\Adapters\ZlgKernelDllScanner.cs(86,19): warning IDE0058: 姘歌繙涓嶄細浣跨敤琛ㄨ揪寮忓€?(https://learn.microsoft.com/dotnet/fundamentals/code-analysis/style-rules/ide0058) [C:\UserWorx\VSWorx\ServoStudio\wpfui-servoStudio\samples\Wpf.Ui.servoStudio\servoStudio_wjhet5xd_wpftmp.csproj]
C:\UserWorx\VSWorx\ServoStudio\wpfui-servoStudio\samples\Wpf.Ui.servoStudio\Services\UsbDeviceWatcher.cs(68,22): warning IDE0055: 淇鏍煎紡 (https://learn.microsoft.com/dotnet/fundamentals/code-analysis/style-rules/ide0055) [C:\UserWorx\VSWorx\ServoStudio\wpfui-servoStudio\samples\Wpf.Ui.servoStudio\servoStudio_wjhet5xd_wpftmp.csproj]
C:\UserWorx\VSWorx\ServoStudio\wpfui-servoStudio\samples\Wpf.Ui.servoStudio\Services\UsbDeviceWatcher.cs(73,37): warning IDE0055: 淇鏍煎紡 (https://learn.microsoft.com/dotnet/fundamentals/code-analysis/style-rules/ide0055) [C:\UserWorx\VSWorx\ServoStudio\wpfui-servoStudio\samples\Wpf.Ui.servoStudio\servoStudio_wjhet5xd_wpftmp.csproj]
C:\UserWorx\VSWorx\ServoStudio\wpfui-servoStudio\samples\Wpf.Ui.servoStudio\Services\UsbDeviceWatcher.cs(83,33): warning IDE0055: 淇鏍煎紡 (https://learn.microsoft.com/dotnet/fundamentals/code-analysis/style-rules/ide0055) [C:\UserWorx\VSWorx\ServoStudio\wpfui-servoStudio\samples\Wpf.Ui.servoStudio\servoStudio_wjhet5xd_wpftmp.csproj]
C:\UserWorx\VSWorx\ServoStudio\wpfui-servoStudio\samples\Wpf.Ui.servoStudio\Services\UsbDeviceWatcher.cs(123,16): warning IDE0055: 淇鏍煎紡 (https://learn.microsoft.com/dotnet/fundamentals/code-analysis/style-rules/ide0055) [C:\UserWorx\VSWorx\ServoStudio\wpfui-servoStudio\samples\Wpf.Ui.servoStudio\servoStudio_wjhet5xd_wpftmp.csproj]
C:\UserWorx\VSWorx\ServoStudio\wpfui-servoStudio\samples\Wpf.Ui.servoStudio\Services\UsbDeviceWatcher.cs(123,18): warning IDE0055: 淇鏍煎紡 (https://learn.microsoft.com/dotnet/fundamentals/code-analysis/style-rules/ide0055) [C:\UserWorx\VSWorx\ServoStudio\wpfui-servoStudio\samples\Wpf.Ui.servoStudio\servoStudio_wjhet5xd_wpftmp.csproj]
C:\UserWorx\VSWorx\ServoStudio\wpfui-servoStudio\samples\Wpf.Ui.servoStudio\Services\UsbDeviceWatcher.cs(123,65): warning IDE0055: 淇鏍煎紡 (https://learn.microsoft.com/dotnet/fundamentals/code-analysis/style-rules/ide0055) [C:\UserWorx\VSWorx\ServoStudio\wpfui-servoStudio\samples\Wpf.Ui.servoStudio\servoStudio_wjhet5xd_wpftmp.csproj]
C:\UserWorx\VSWorx\ServoStudio\wpfui-servoStudio\samples\Wpf.Ui.servoStudio\Services\UsbDeviceWatcher.cs(130,36): warning IDE0055: 淇鏍煎紡 (https://learn.microsoft.com/dotnet/fundamentals/code-analysis/style-rules/ide0055) [C:\UserWorx\VSWorx\ServoStudio\wpfui-servoStudio\samples\Wpf.Ui.servoStudio\servoStudio_wjhet5xd_wpftmp.csproj]
C:\UserWorx\VSWorx\ServoStudio\wpfui-servoStudio\samples\Wpf.Ui.servoStudio\Services\UsbDeviceWatcher.cs(140,9): warning IDE2003: 鍧椾笌鍚庣画璇彞涔嬮棿闇€瑕佹湁绌虹櫧琛?(https://learn.microsoft.com/dotnet/fundamentals/code-analysis/style-rules/ide2003) [C:\UserWorx\VSWorx\ServoStudio\wpfui-servoStudio\samples\Wpf.Ui.servoStudio\servoStudio_wjhet5xd_wpftmp.csproj]
C:\UserWorx\VSWorx\ServoStudio\wpfui-servoStudio\samples\Wpf.Ui.servoStudio\Core\CANopen\CanOpenMaster.cs(101,15): warning IDE0058: 姘歌繙涓嶄細浣跨敤琛ㄨ揪寮忓€?(https://learn.microsoft.com/dotnet/fundamentals/code-analysis/style-rules/ide0058) [C:\UserWorx\VSWorx\ServoStudio\wpfui-servoStudio\samples\Wpf.Ui.servoStudio\servoStudio_wjhet5xd_wpftmp.csproj]
C:\UserWorx\VSWorx\ServoStudio\wpfui-servoStudio\samples\Wpf.Ui.servoStudio\Core\CANopen\CanOpenMaster.cs(107,17): warning CA1063: 淇敼鈥淐anOpenMaster.Dispose鈥濓紝浣垮叾璋冪敤 Dispose(true)锛屽啀瀵瑰綋鍓嶅璞″疄渚嬭皟鐢?GC.SuppressFinalize (Visual Basic 涓殑鈥滄椤光€濇垨鈥滄垜鈥?锛岀劧鍚庤繑鍥?(https://learn.microsoft.com/dotnet/fundamentals/code-analysis/quality-rules/ca1063) [C:\UserWorx\VSWorx\ServoStudio\wpfui-servoStudio\samples\Wpf.Ui.servoStudio\servoStudio_wjhet5xd_wpftmp.csproj]
C:\UserWorx\VSWorx\ServoStudio\wpfui-servoStudio\samples\Wpf.Ui.servoStudio\App.xaml.cs(222,13): warning IDE0011: 鍚?鈥渋f鈥?璇彞娣诲姞澶ф嫭鍙枫€?(https://learn.microsoft.com/dotnet/fundamentals/code-analysis/style-rules/ide0011) [C:\UserWorx\VSWorx\ServoStudio\wpfui-servoStudio\samples\Wpf.Ui.servoStudio\servoStudio_wjhet5xd_wpftmp.csproj]
C:\UserWorx\VSWorx\ServoStudio\wpfui-servoStudio\samples\Wpf.Ui.servoStudio\App.xaml.cs(230,17): warning IDE0011: 鍚?鈥渋f鈥?璇彞娣诲姞澶ф嫭鍙枫€?(https://learn.microsoft.com/dotnet/fundamentals/code-analysis/style-rules/ide0011) [C:\UserWorx\VSWorx\ServoStudio\wpfui-servoStudio\samples\Wpf.Ui.servoStudio\servoStudio_wjhet5xd_wpftmp.csproj]
C:\UserWorx\VSWorx\ServoStudio\wpfui-servoStudio\samples\Wpf.Ui.servoStudio\App.xaml.cs(231,17): warning IDE0011: 鍚?鈥渋f鈥?璇彞娣诲姞澶ф嫭鍙枫€?(https://learn.microsoft.com/dotnet/fundamentals/code-analysis/style-rules/ide0011) [C:\UserWorx\VSWorx\ServoStudio\wpfui-servoStudio\samples\Wpf.Ui.servoStudio\servoStudio_wjhet5xd_wpftmp.csproj]
C:\UserWorx\VSWorx\ServoStudio\wpfui-servoStudio\samples\Wpf.Ui.servoStudio\App.xaml.cs(232,17): warning IDE0058: 姘歌繙涓嶄細浣跨敤琛ㄨ揪寮忓€?(https://learn.microsoft.com/dotnet/fundamentals/code-analysis/style-rules/ide0058) [C:\UserWorx\VSWorx\ServoStudio\wpfui-servoStudio\samples\Wpf.Ui.servoStudio\servoStudio_wjhet5xd_wpftmp.csproj]
C:\UserWorx\VSWorx\ServoStudio\wpfui-servoStudio\samples\Wpf.Ui.servoStudio\Views\Pages\QuickControlPage.xaml.cs(66,9): warning IDE0058: 姘歌繙涓嶄細浣跨敤琛ㄨ揪寮忓€?(https://learn.microsoft.com/dotnet/fundamentals/code-analysis/style-rules/ide0058) [C:\UserWorx\VSWorx\ServoStudio\wpfui-servoStudio\samples\Wpf.Ui.servoStudio\servoStudio_wjhet5xd_wpftmp.csproj]
C:\UserWorx\VSWorx\ServoStudio\wpfui-servoStudio\samples\Wpf.Ui.servoStudio\App.xaml.cs(309,17): warning IDE0058: 姘歌繙涓嶄細浣跨敤琛ㄨ揪寮忓€?(https://learn.microsoft.com/dotnet/fundamentals/code-analysis/style-rules/ide0058) [C:\UserWorx\VSWorx\ServoStudio\wpfui-servoStudio\samples\Wpf.Ui.servoStudio\servoStudio_wjhet5xd_wpftmp.csproj]
C:\UserWorx\VSWorx\ServoStudio\wpfui-servoStudio\samples\Wpf.Ui.servoStudio\App.xaml.cs(321,13): warning IDE0058: 姘歌繙涓嶄細浣跨敤琛ㄨ揪寮忓€?(https://learn.microsoft.com/dotnet/fundamentals/code-analysis/style-rules/ide0058) [C:\UserWorx\VSWorx\ServoStudio\wpfui-servoStudio\samples\Wpf.Ui.servoStudio\servoStudio_wjhet5xd_wpftmp.csproj]
C:\UserWorx\VSWorx\ServoStudio\wpfui-servoStudio\samples\Wpf.Ui.servoStudio\Views\Pages\QuickControlPage.xaml.cs(111,13): warning IDE0058: 姘歌繙涓嶄細浣跨敤琛ㄨ揪寮忓€?(https://learn.microsoft.com/dotnet/fundamentals/code-analysis/style-rules/ide0058) [C:\UserWorx\VSWorx\ServoStudio\wpfui-servoStudio\samples\Wpf.Ui.servoStudio\servoStudio_wjhet5xd_wpftmp.csproj]
C:\UserWorx\VSWorx\ServoStudio\wpfui-servoStudio\samples\Wpf.Ui.servoStudio\Helpers\SoemFoEInterop.cs(40,57): warning CA2101: 鎸囧畾瀵?P/Invoke 瀛楃涓插弬鏁拌繘琛屽皝閫佸鐞?(https://learn.microsoft.com/dotnet/fundamentals/code-analysis/quality-rules/ca2101) [C:\UserWorx\VSWorx\ServoStudio\wpfui-servoStudio\samples\Wpf.Ui.servoStudio\servoStudio_wjhet5xd_wpftmp.csproj]
C:\UserWorx\VSWorx\ServoStudio\wpfui-servoStudio\samples\Wpf.Ui.servoStudio\Helpers\SoemFoEInterop.cs(55,75): warning CA2101: 鎸囧畾瀵?P/Invoke 瀛楃涓插弬鏁拌繘琛屽皝閫佸鐞?(https://learn.microsoft.com/dotnet/fundamentals/code-analysis/quality-rules/ca2101) [C:\UserWorx\VSWorx\ServoStudio\wpfui-servoStudio\samples\Wpf.Ui.servoStudio\servoStudio_wjhet5xd_wpftmp.csproj]
C:\UserWorx\VSWorx\ServoStudio\wpfui-servoStudio\samples\Wpf.Ui.servoStudio\Helpers\SoemFoEInterop.cs(58,74): warning CA2101: 鎸囧畾瀵?P/Invoke 瀛楃涓插弬鏁拌繘琛屽皝閫佸鐞?(https://learn.microsoft.com/dotnet/fundamentals/code-analysis/quality-rules/ca2101) [C:\UserWorx\VSWorx\ServoStudio\wpfui-servoStudio\samples\Wpf.Ui.servoStudio\servoStudio_wjhet5xd_wpftmp.csproj]
C:\UserWorx\VSWorx\ServoStudio\wpfui-servoStudio\samples\Wpf.Ui.servoStudio\Core\Sync\WinMmCyclicTimer.cs(76,13): warning IDE0058: 姘歌繙涓嶄細浣跨敤琛ㄨ揪寮忓€?(https://learn.microsoft.com/dotnet/fundamentals/code-analysis/style-rules/ide0058) [C:\UserWorx\VSWorx\ServoStudio\wpfui-servoStudio\samples\Wpf.Ui.servoStudio\servoStudio_wjhet5xd_wpftmp.csproj]
C:\UserWorx\VSWorx\ServoStudio\wpfui-servoStudio\samples\Wpf.Ui.servoStudio\Core\Sync\WinMmCyclicTimer.cs(77,13): warning IDE0058: 姘歌繙涓嶄細浣跨敤琛ㄨ揪寮忓€?(https://learn.microsoft.com/dotnet/fundamentals/code-analysis/style-rules/ide0058) [C:\UserWorx\VSWorx\ServoStudio\wpfui-servoStudio\samples\Wpf.Ui.servoStudio\servoStudio_wjhet5xd_wpftmp.csproj]
C:\UserWorx\VSWorx\ServoStudio\wpfui-servoStudio\samples\Wpf.Ui.servoStudio\Core\Sync\WinMmCyclicTimer.cs(78,13): warning IDE0058: 姘歌繙涓嶄細浣跨敤琛ㄨ揪寮忓€?(https://learn.microsoft.com/dotnet/fundamentals/code-analysis/style-rules/ide0058) [C:\UserWorx\VSWorx\ServoStudio\wpfui-servoStudio\samples\Wpf.Ui.servoStudio\servoStudio_wjhet5xd_wpftmp.csproj]
C:\UserWorx\VSWorx\ServoStudio\wpfui-servoStudio\samples\Wpf.Ui.servoStudio\Helpers\SoemFoEInterop.cs(120,10): warning CA2101: 鎸囧畾瀵?P/Invoke 瀛楃涓插弬鏁拌繘琛屽皝閫佸鐞?(https://learn.microsoft.com/dotnet/fundamentals/code-analysis/quality-rules/ca2101) [C:\UserWorx\VSWorx\ServoStudio\wpfui-servoStudio\samples\Wpf.Ui.servoStudio\servoStudio_wjhet5xd_wpftmp.csproj]
C:\UserWorx\VSWorx\ServoStudio\wpfui-servoStudio\samples\Wpf.Ui.servoStudio\Helpers\SoemFoEInterop.cs(122,10): warning CA2101: 鎸囧畾瀵?P/Invoke 瀛楃涓插弬鏁拌繘琛屽皝閫佸鐞?(https://learn.microsoft.com/dotnet/fundamentals/code-analysis/quality-rules/ca2101) [C:\UserWorx\VSWorx\ServoStudio\wpfui-servoStudio\samples\Wpf.Ui.servoStudio\servoStudio_wjhet5xd_wpftmp.csproj]
C:\UserWorx\VSWorx\ServoStudio\wpfui-servoStudio\samples\Wpf.Ui.servoStudio\Helpers\SoemFoEInterop.cs(161,13): warning IDE0011: 鍚?鈥渋f鈥?璇彞娣诲姞澶ф嫭鍙枫€?(https://learn.microsoft.com/dotnet/fundamentals/code-analysis/style-rules/ide0011) [C:\UserWorx\VSWorx\ServoStudio\wpfui-servoStudio\samples\Wpf.Ui.servoStudio\servoStudio_wjhet5xd_wpftmp.csproj]
C:\UserWorx\VSWorx\ServoStudio\wpfui-servoStudio\samples\Wpf.Ui.servoStudio\App.xaml.cs(155,17): warning IDE0058: 姘歌繙涓嶄細浣跨敤琛ㄨ揪寮忓€?(https://learn.microsoft.com/dotnet/fundamentals/code-analysis/style-rules/ide0058) [C:\UserWorx\VSWorx\ServoStudio\wpfui-servoStudio\samples\Wpf.Ui.servoStudio\servoStudio_wjhet5xd_wpftmp.csproj]
C:\UserWorx\VSWorx\ServoStudio\wpfui-servoStudio\samples\Wpf.Ui.servoStudio\Core\CANopen\Adapters\ZlgKernelDllScanner.cs(420,13): warning IDE0008: 鐢ㄦ樉寮忕被鍨嬩唬鏇?"var" (https://learn.microsoft.com/dotnet/fundamentals/code-analysis/style-rules/ide0008) [C:\UserWorx\VSWorx\ServoStudio\wpfui-servoStudio\samples\Wpf.Ui.servoStudio\servoStudio_wjhet5xd_wpftmp.csproj]
C:\UserWorx\VSWorx\ServoStudio\wpfui-servoStudio\samples\Wpf.Ui.servoStudio\Services\UserSettingsService.cs(167,55): warning IDE0055: 淇鏍煎紡 (https://learn.microsoft.com/dotnet/fundamentals/code-analysis/style-rules/ide0055) [C:\UserWorx\VSWorx\ServoStudio\wpfui-servoStudio\samples\Wpf.Ui.servoStudio\servoStudio_wjhet5xd_wpftmp.csproj]
C:\UserWorx\VSWorx\ServoStudio\wpfui-servoStudio\samples\Wpf.Ui.servoStudio\Services\UserSettingsService.cs(168,71): warning IDE0055: 淇鏍煎紡 (https://learn.microsoft.com/dotnet/fundamentals/code-analysis/style-rules/ide0055) [C:\UserWorx\VSWorx\ServoStudio\wpfui-servoStudio\samples\Wpf.Ui.servoStudio\servoStudio_wjhet5xd_wpftmp.csproj]
C:\UserWorx\VSWorx\ServoStudio\wpfui-servoStudio\samples\Wpf.Ui.servoStudio\Services\UserSettingsService.cs(286,39): warning IDE0055: 淇鏍煎紡 (https://learn.microsoft.com/dotnet/fundamentals/code-analysis/style-rules/ide0055) [C:\UserWorx\VSWorx\ServoStudio\wpfui-servoStudio\samples\Wpf.Ui.servoStudio\servoStudio_wjhet5xd_wpftmp.csproj]
C:\UserWorx\VSWorx\ServoStudio\wpfui-servoStudio\samples\Wpf.Ui.servoStudio\Services\UserSettingsService.cs(286,41): warning IDE0055: 淇鏍煎紡 (https://learn.microsoft.com/dotnet/fundamentals/code-analysis/style-rules/ide0055) [C:\UserWorx\VSWorx\ServoStudio\wpfui-servoStudio\samples\Wpf.Ui.servoStudio\servoStudio_wjhet5xd_wpftmp.csproj]
C:\UserWorx\VSWorx\ServoStudio\wpfui-servoStudio\samples\Wpf.Ui.servoStudio\Services\UserSettingsService.cs(286,51): warning IDE0055: 淇鏍煎紡 (https://learn.microsoft.com/dotnet/fundamentals/code-analysis/style-rules/ide0055) [C:\UserWorx\VSWorx\ServoStudio\wpfui-servoStudio\samples\Wpf.Ui.servoStudio\servoStudio_wjhet5xd_wpftmp.csproj]
C:\UserWorx\VSWorx\ServoStudio\wpfui-servoStudio\samples\Wpf.Ui.servoStudio\Services\UserSettingsService.cs(291,35): warning IDE0055: 淇鏍煎紡 (https://learn.microsoft.com/dotnet/fundamentals/code-analysis/style-rules/ide0055) [C:\UserWorx\VSWorx\ServoStudio\wpfui-servoStudio\samples\Wpf.Ui.servoStudio\servoStudio_wjhet5xd_wpftmp.csproj]
C:\UserWorx\VSWorx\ServoStudio\wpfui-servoStudio\samples\Wpf.Ui.servoStudio\Services\UserSettingsService.cs(291,37): warning IDE0055: 淇鏍煎紡 (https://learn.microsoft.com/dotnet/fundamentals/code-analysis/style-rules/ide0055) [C:\UserWorx\VSWorx\ServoStudio\wpfui-servoStudio\samples\Wpf.Ui.servoStudio\servoStudio_wjhet5xd_wpftmp.csproj]
C:\UserWorx\VSWorx\ServoStudio\wpfui-servoStudio\samples\Wpf.Ui.servoStudio\Services\UserSettingsService.cs(291,47): warning IDE0055: 淇鏍煎紡 (https://learn.microsoft.com/dotnet/fundamentals/code-analysis/style-rules/ide0055) [C:\UserWorx\VSWorx\ServoStudio\wpfui-servoStudio\samples\Wpf.Ui.servoStudio\servoStudio_wjhet5xd_wpftmp.csproj]
C:\UserWorx\VSWorx\ServoStudio\wpfui-servoStudio\samples\Wpf.Ui.servoStudio\Services\UserSettingsService.cs(309,46): warning IDE0055: 淇鏍煎紡 (https://learn.microsoft.com/dotnet/fundamentals/code-analysis/style-rules/ide0055) [C:\UserWorx\VSWorx\ServoStudio\wpfui-servoStudio\samples\Wpf.Ui.servoStudio\servoStudio_wjhet5xd_wpftmp.csproj]
C:\UserWorx\VSWorx\ServoStudio\wpfui-servoStudio\samples\Wpf.Ui.servoStudio\Services\UserSettingsService.cs(309,48): warning IDE0055: 淇鏍煎紡 (https://learn.microsoft.com/dotnet/fundamentals/code-analysis/style-rules/ide0055) [C:\UserWorx\VSWorx\ServoStudio\wpfui-servoStudio\samples\Wpf.Ui.servoStudio\servoStudio_wjhet5xd_wpftmp.csproj]
C:\UserWorx\VSWorx\ServoStudio\wpfui-servoStudio\samples\Wpf.Ui.servoStudio\Services\UserSettingsService.cs(309,58): warning IDE0055: 淇鏍煎紡 (https://learn.microsoft.com/dotnet/fundamentals/code-analysis/style-rules/ide0055) [C:\UserWorx\VSWorx\ServoStudio\wpfui-servoStudio\samples\Wpf.Ui.servoStudio\servoStudio_wjhet5xd_wpftmp.csproj]
C:\UserWorx\VSWorx\ServoStudio\wpfui-servoStudio\samples\Wpf.Ui.servoStudio\Services\UserSettingsService.cs(463,37): warning IDE0055: 淇鏍煎紡 (https://learn.microsoft.com/dotnet/fundamentals/code-analysis/style-rules/ide0055) [C:\UserWorx\VSWorx\ServoStudio\wpfui-servoStudio\samples\Wpf.Ui.servoStudio\servoStudio_wjhet5xd_wpftmp.csproj]
C:\UserWorx\VSWorx\ServoStudio\wpfui-servoStudio\samples\Wpf.Ui.servoStudio\Services\UserSettingsService.cs(463,39): warning IDE0055: 淇鏍煎紡 (https://learn.microsoft.com/dotnet/fundamentals/code-analysis/style-rules/ide0055) [C:\UserWorx\VSWorx\ServoStudio\wpfui-servoStudio\samples\Wpf.Ui.servoStudio\servoStudio_wjhet5xd_wpftmp.csproj]
C:\UserWorx\VSWorx\ServoStudio\wpfui-servoStudio\samples\Wpf.Ui.servoStudio\Services\UserSettingsService.cs(463,49): warning IDE0055: 淇鏍煎紡 (https://learn.microsoft.com/dotnet/fundamentals/code-analysis/style-rules/ide0055) [C:\UserWorx\VSWorx\ServoStudio\wpfui-servoStudio\samples\Wpf.Ui.servoStudio\servoStudio_wjhet5xd_wpftmp.csproj]
C:\UserWorx\VSWorx\ServoStudio\wpfui-servoStudio\samples\Wpf.Ui.servoStudio\Services\UserSettingsService.cs(471,38): warning IDE0055: 淇鏍煎紡 (https://learn.microsoft.com/dotnet/fundamentals/code-analysis/style-rules/ide0055) [C:\UserWorx\VSWorx\ServoStudio\wpfui-servoStudio\samples\Wpf.Ui.servoStudio\servoStudio_wjhet5xd_wpftmp.csproj]
C:\UserWorx\VSWorx\ServoStudio\wpfui-servoStudio\samples\Wpf.Ui.servoStudio\Services\UserSettingsService.cs(471,40): warning IDE0055: 淇鏍煎紡 (https://learn.microsoft.com/dotnet/fundamentals/code-analysis/style-rules/ide0055) [C:\UserWorx\VSWorx\ServoStudio\wpfui-servoStudio\samples\Wpf.Ui.servoStudio\servoStudio_wjhet5xd_wpftmp.csproj]
C:\UserWorx\VSWorx\ServoStudio\wpfui-servoStudio\samples\Wpf.Ui.servoStudio\Services\UserSettingsService.cs(471,50): warning IDE0055: 淇鏍煎紡 (https://learn.microsoft.com/dotnet/fundamentals/code-analysis/style-rules/ide0055) [C:\UserWorx\VSWorx\ServoStudio\wpfui-servoStudio\samples\Wpf.Ui.servoStudio\servoStudio_wjhet5xd_wpftmp.csproj]
C:\UserWorx\VSWorx\ServoStudio\wpfui-servoStudio\samples\Wpf.Ui.servoStudio\Services\UserSettingsService.cs(479,42): warning IDE0055: 淇鏍煎紡 (https://learn.microsoft.com/dotnet/fundamentals/code-analysis/style-rules/ide0055) [C:\UserWorx\VSWorx\ServoStudio\wpfui-servoStudio\samples\Wpf.Ui.servoStudio\servoStudio_wjhet5xd_wpftmp.csproj]
C:\UserWorx\VSWorx\ServoStudio\wpfui-servoStudio\samples\Wpf.Ui.servoStudio\Services\UserSettingsService.cs(479,44): warning IDE0055: 淇鏍煎紡 (https://learn.microsoft.com/dotnet/fundamentals/code-analysis/style-rules/ide0055) [C:\UserWorx\VSWorx\ServoStudio\wpfui-servoStudio\samples\Wpf.Ui.servoStudio\servoStudio_wjhet5xd_wpftmp.csproj]
C:\UserWorx\VSWorx\ServoStudio\wpfui-servoStudio\samples\Wpf.Ui.servoStudio\Services\UserSettingsService.cs(479,54): warning IDE0055: 淇鏍煎紡 (https://learn.microsoft.com/dotnet/fundamentals/code-analysis/style-rules/ide0055) [C:\UserWorx\VSWorx\ServoStudio\wpfui-servoStudio\samples\Wpf.Ui.servoStudio\servoStudio_wjhet5xd_wpftmp.csproj]
C:\UserWorx\VSWorx\ServoStudio\wpfui-servoStudio\samples\Wpf.Ui.servoStudio\Services\UserSettingsService.cs(490,28): warning IDE0055: 淇鏍煎紡 (https://learn.microsoft.com/dotnet/fundamentals/code-analysis/style-rules/ide0055) [C:\UserWorx\VSWorx\ServoStudio\wpfui-servoStudio\samples\Wpf.Ui.servoStudio\servoStudio_wjhet5xd_wpftmp.csproj]
C:\UserWorx\VSWorx\ServoStudio\wpfui-servoStudio\samples\Wpf.Ui.servoStudio\Services\UserSettingsService.cs(490,30): warning IDE0055: 淇鏍煎紡 (https://learn.microsoft.com/dotnet/fundamentals/code-analysis/style-rules/ide0055) [C:\UserWorx\VSWorx\ServoStudio\wpfui-servoStudio\samples\Wpf.Ui.servoStudio\servoStudio_wjhet5xd_wpftmp.csproj]
C:\UserWorx\VSWorx\ServoStudio\wpfui-servoStudio\samples\Wpf.Ui.servoStudio\Services\UserSettingsService.cs(490,40): warning IDE0055: 淇鏍煎紡 (https://learn.microsoft.com/dotnet/fundamentals/code-analysis/style-rules/ide0055) [C:\UserWorx\VSWorx\ServoStudio\wpfui-servoStudio\samples\Wpf.Ui.servoStudio\servoStudio_wjhet5xd_wpftmp.csproj]
C:\UserWorx\VSWorx\ServoStudio\wpfui-servoStudio\samples\Wpf.Ui.servoStudio\Services\UserSettingsService.cs(506,37): warning IDE0055: 淇鏍煎紡 (https://learn.microsoft.com/dotnet/fundamentals/code-analysis/style-rules/ide0055) [C:\UserWorx\VSWorx\ServoStudio\wpfui-servoStudio\samples\Wpf.Ui.servoStudio\servoStudio_wjhet5xd_wpftmp.csproj]
C:\UserWorx\VSWorx\ServoStudio\wpfui-servoStudio\samples\Wpf.Ui.servoStudio\Services\UserSettingsService.cs(506,39): warning IDE0055: 淇鏍煎紡 (https://learn.microsoft.com/dotnet/fundamentals/code-analysis/style-rules/ide0055) [C:\UserWorx\VSWorx\ServoStudio\wpfui-servoStudio\samples\Wpf.Ui.servoStudio\servoStudio_wjhet5xd_wpftmp.csproj]
C:\UserWorx\VSWorx\ServoStudio\wpfui-servoStudio\samples\Wpf.Ui.servoStudio\Services\UserSettingsService.cs(506,49): warning IDE0055: 淇鏍煎紡 (https://learn.microsoft.com/dotnet/fundamentals/code-analysis/style-rules/ide0055) [C:\UserWorx\VSWorx\ServoStudio\wpfui-servoStudio\samples\Wpf.Ui.servoStudio\servoStudio_wjhet5xd_wpftmp.csproj]
C:\UserWorx\VSWorx\ServoStudio\wpfui-servoStudio\samples\Wpf.Ui.servoStudio\Services\UserSettingsService.cs(521,43): warning IDE0055: 淇鏍煎紡 (https://learn.microsoft.com/dotnet/fundamentals/code-analysis/style-rules/ide0055) [C:\UserWorx\VSWorx\ServoStudio\wpfui-servoStudio\samples\Wpf.Ui.servoStudio\servoStudio_wjhet5xd_wpftmp.csproj]
C:\UserWorx\VSWorx\ServoStudio\wpfui-servoStudio\samples\Wpf.Ui.servoStudio\Services\UserSettingsService.cs(521,45): warning IDE0055: 淇鏍煎紡 (https://learn.microsoft.com/dotnet/fundamentals/code-analysis/style-rules/ide0055) [C:\UserWorx\VSWorx\ServoStudio\wpfui-servoStudio\samples\Wpf.Ui.servoStudio\servoStudio_wjhet5xd_wpftmp.csproj]
C:\UserWorx\VSWorx\ServoStudio\wpfui-servoStudio\samples\Wpf.Ui.servoStudio\Services\UserSettingsService.cs(521,55): warning IDE0055: 淇鏍煎紡 (https://learn.microsoft.com/dotnet/fundamentals/code-analysis/style-rules/ide0055) [C:\UserWorx\VSWorx\ServoStudio\wpfui-servoStudio\samples\Wpf.Ui.servoStudio\servoStudio_wjhet5xd_wpftmp.csproj]
C:\UserWorx\VSWorx\ServoStudio\wpfui-servoStudio\samples\Wpf.Ui.servoStudio\Core\CANopen\Adapters\ZlgKernelDllScanner.cs(172,13): warning IDE0008: 鐢ㄦ樉寮忕被鍨嬩唬鏇?"var" (https://learn.microsoft.com/dotnet/fundamentals/code-analysis/style-rules/ide0008) [C:\UserWorx\VSWorx\ServoStudio\wpfui-servoStudio\samples\Wpf.Ui.servoStudio\servoStudio_wjhet5xd_wpftmp.csproj]
C:\UserWorx\VSWorx\ServoStudio\wpfui-servoStudio\samples\Wpf.Ui.servoStudio\Views\Pages\QuickControlPage.xaml.cs(165,13): warning IDE0008: 鐢ㄦ樉寮忕被鍨嬩唬鏇?"var" (https://learn.microsoft.com/dotnet/fundamentals/code-analysis/style-rules/ide0008) [C:\UserWorx\VSWorx\ServoStudio\wpfui-servoStudio\samples\Wpf.Ui.servoStudio\servoStudio_wjhet5xd_wpftmp.csproj]
C:\UserWorx\VSWorx\ServoStudio\wpfui-servoStudio\samples\Wpf.Ui.servoStudio\Core\CANopen\Adapters\ZlgKernelDllScanner.cs(218,9): warning IDE0008: 鐢ㄦ樉寮忕被鍨嬩唬鏇?"var" (https://learn.microsoft.com/dotnet/fundamentals/code-analysis/style-rules/ide0008) [C:\UserWorx\VSWorx\ServoStudio\wpfui-servoStudio\samples\Wpf.Ui.servoStudio\servoStudio_wjhet5xd_wpftmp.csproj]
C:\UserWorx\VSWorx\ServoStudio\wpfui-servoStudio\samples\Wpf.Ui.servoStudio\Core\Usb\UsbMaster.cs(150,15): warning IDE0058: 姘歌繙涓嶄細浣跨敤琛ㄨ揪寮忓€?(https://learn.microsoft.com/dotnet/fundamentals/code-analysis/style-rules/ide0058) [C:\UserWorx\VSWorx\ServoStudio\wpfui-servoStudio\samples\Wpf.Ui.servoStudio\servoStudio_wjhet5xd_wpftmp.csproj]
C:\UserWorx\VSWorx\ServoStudio\wpfui-servoStudio\samples\Wpf.Ui.servoStudio\Helpers\SoemFoEInterop.cs(232,9): warning IDE0011: 鍚?鈥渋f鈥?璇彞娣诲姞澶ф嫭鍙枫€?(https://learn.microsoft.com/dotnet/fundamentals/code-analysis/style-rules/ide0011) [C:\UserWorx\VSWorx\ServoStudio\wpfui-servoStudio\samples\Wpf.Ui.servoStudio\servoStudio_wjhet5xd_wpftmp.csproj]
C:\UserWorx\VSWorx\ServoStudio\wpfui-servoStudio\samples\Wpf.Ui.servoStudio\Helpers\SoemFoEInterop.cs(261,17): warning IDE0011: 鍚?鈥渇oreach鈥?璇彞娣诲姞澶ф嫭鍙枫€?(https://learn.microsoft.com/dotnet/fundamentals/code-analysis/style-rules/ide0011) [C:\UserWorx\VSWorx\ServoStudio\wpfui-servoStudio\samples\Wpf.Ui.servoStudio\servoStudio_wjhet5xd_wpftmp.csproj]
C:\UserWorx\VSWorx\ServoStudio\wpfui-servoStudio\samples\Wpf.Ui.servoStudio\Helpers\SoemFoEInterop.cs(274,17): warning IDE0011: 鍚?鈥渋f鈥?璇彞娣诲姞澶ф嫭鍙枫€?(https://learn.microsoft.com/dotnet/fundamentals/code-analysis/style-rules/ide0011) [C:\UserWorx\VSWorx\ServoStudio\wpfui-servoStudio\samples\Wpf.Ui.servoStudio\servoStudio_wjhet5xd_wpftmp.csproj]
C:\UserWorx\VSWorx\ServoStudio\wpfui-servoStudio\samples\Wpf.Ui.servoStudio\Core\Sync\WinMmCyclicTimer.cs(107,9): warning IDE0058: 姘歌繙涓嶄細浣跨敤琛ㄨ揪寮忓€?(https://learn.microsoft.com/dotnet/fundamentals/code-analysis/style-rules/ide0058) [C:\UserWorx\VSWorx\ServoStudio\wpfui-servoStudio\samples\Wpf.Ui.servoStudio\servoStudio_wjhet5xd_wpftmp.csproj]
C:\UserWorx\VSWorx\ServoStudio\wpfui-servoStudio\samples\Wpf.Ui.servoStudio\Core\Sync\WinMmCyclicTimer.cs(113,21): warning IDE0058: 姘歌繙涓嶄細浣跨敤琛ㄨ揪寮忓€?(https://learn.microsoft.com/dotnet/fundamentals/code-analysis/style-rules/ide0058) [C:\UserWorx\VSWorx\ServoStudio\wpfui-servoStudio\samples\Wpf.Ui.servoStudio\servoStudio_wjhet5xd_wpftmp.csproj]
C:\UserWorx\VSWorx\ServoStudio\wpfui-servoStudio\samples\Wpf.Ui.servoStudio\Core\Sync\WinMmCyclicTimer.cs(115,9): warning IDE0058: 姘歌繙涓嶄細浣跨敤琛ㄨ揪寮忓€?(https://learn.microsoft.com/dotnet/fundamentals/code-analysis/style-rules/ide0058) [C:\UserWorx\VSWorx\ServoStudio\wpfui-servoStudio\samples\Wpf.Ui.servoStudio\servoStudio_wjhet5xd_wpftmp.csproj]
C:\UserWorx\VSWorx\ServoStudio\wpfui-servoStudio\samples\Wpf.Ui.servoStudio\Views\Pages\QuickControlPage.xaml.cs(177,9): warning IDE0058: 姘歌繙涓嶄細浣跨敤琛ㄨ揪寮忓€?(https://learn.microsoft.com/dotnet/fundamentals/code-analysis/style-rules/ide0058) [C:\UserWorx\VSWorx\ServoStudio\wpfui-servoStudio\samples\Wpf.Ui.servoStudio\servoStudio_wjhet5xd_wpftmp.csproj]
C:\UserWorx\VSWorx\ServoStudio\wpfui-servoStudio\samples\Wpf.Ui.servoStudio\Core\CANopen\CanOpenMaster.cs(223,9): warning IDE0058: 姘歌繙涓嶄細浣跨敤琛ㄨ揪寮忓€?(https://learn.microsoft.com/dotnet/fundamentals/code-analysis/style-rules/ide0058) [C:\UserWorx\VSWorx\ServoStudio\wpfui-servoStudio\samples\Wpf.Ui.servoStudio\servoStudio_wjhet5xd_wpftmp.csproj]
C:\UserWorx\VSWorx\ServoStudio\wpfui-servoStudio\samples\Wpf.Ui.servoStudio\Core\CANopen\Adapters\ZlgCanBus.cs(571,10): warning CA2101: 鎸囧畾瀵?P/Invoke 瀛楃涓插弬鏁拌繘琛屽皝閫佸鐞?(https://learn.microsoft.com/dotnet/fundamentals/code-analysis/quality-rules/ca2101) [C:\UserWorx\VSWorx\ServoStudio\wpfui-servoStudio\samples\Wpf.Ui.servoStudio\servoStudio_wjhet5xd_wpftmp.csproj]
C:\UserWorx\VSWorx\ServoStudio\wpfui-servoStudio\samples\Wpf.Ui.servoStudio\Core\CANopen\Adapters\ZlgCanBus.cs(572,10): warning CA2101: 鎸囧畾瀵?P/Invoke 瀛楃涓插弬鏁拌繘琛屽皝閫佸鐞?(https://learn.microsoft.com/dotnet/fundamentals/code-analysis/quality-rules/ca2101) [C:\UserWorx\VSWorx\ServoStudio\wpfui-servoStudio\samples\Wpf.Ui.servoStudio\servoStudio_wjhet5xd_wpftmp.csproj]
C:\UserWorx\VSWorx\ServoStudio\wpfui-servoStudio\samples\Wpf.Ui.servoStudio\Core\Usb\UsbMaster.cs(202,9): warning IDE0008: 鐢ㄦ樉寮忕被鍨嬩唬鏇?"var" (https://learn.microsoft.com/dotnet/fundamentals/code-analysis/style-rules/ide0008) [C:\UserWorx\VSWorx\ServoStudio\wpfui-servoStudio\samples\Wpf.Ui.servoStudio\servoStudio_wjhet5xd_wpftmp.csproj]
C:\UserWorx\VSWorx\ServoStudio\wpfui-servoStudio\samples\Wpf.Ui.servoStudio\Core\Sync\SpinWaitCyclicTimer.cs(129,15): warning IDE0058: 姘歌繙涓嶄細浣跨敤琛ㄨ揪寮忓€?(https://learn.microsoft.com/dotnet/fundamentals/code-analysis/style-rules/ide0058) [C:\UserWorx\VSWorx\ServoStudio\wpfui-servoStudio\samples\Wpf.Ui.servoStudio\servoStudio_wjhet5xd_wpftmp.csproj]
C:\UserWorx\VSWorx\ServoStudio\wpfui-servoStudio\samples\Wpf.Ui.servoStudio\Core\Usb\UsbMaster.cs(242,9): warning IDE0058: 姘歌繙涓嶄細浣跨敤琛ㄨ揪寮忓€?(https://learn.microsoft.com/dotnet/fundamentals/code-analysis/style-rules/ide0058) [C:\UserWorx\VSWorx\ServoStudio\wpfui-servoStudio\samples\Wpf.Ui.servoStudio\servoStudio_wjhet5xd_wpftmp.csproj]
C:\UserWorx\VSWorx\ServoStudio\wpfui-servoStudio\samples\Wpf.Ui.servoStudio\Core\CANopen\CanOpenMaster.cs(249,17): warning IDE0058: 姘歌繙涓嶄細浣跨敤琛ㄨ揪寮忓€?(https://learn.microsoft.com/dotnet/fundamentals/code-analysis/style-rules/ide0058) [C:\UserWorx\VSWorx\ServoStudio\wpfui-servoStudio\samples\Wpf.Ui.servoStudio\servoStudio_wjhet5xd_wpftmp.csproj]
C:\UserWorx\VSWorx\ServoStudio\wpfui-servoStudio\samples\Wpf.Ui.servoStudio\Core\CANopen\CanOpenMaster.cs(274,13): warning IDE0058: 姘歌繙涓嶄細浣跨敤琛ㄨ揪寮忓€?(https://learn.microsoft.com/dotnet/fundamentals/code-analysis/style-rules/ide0058) [C:\UserWorx\VSWorx\ServoStudio\wpfui-servoStudio\samples\Wpf.Ui.servoStudio\servoStudio_wjhet5xd_wpftmp.csproj]
C:\UserWorx\VSWorx\ServoStudio\wpfui-servoStudio\samples\Wpf.Ui.servoStudio\Views\Pages\QuickControlPage.xaml.cs(268,9): warning IDE0008: 鐢ㄦ樉寮忕被鍨嬩唬鏇?"var" (https://learn.microsoft.com/dotnet/fundamentals/code-analysis/style-rules/ide0008) [C:\UserWorx\VSWorx\ServoStudio\wpfui-servoStudio\samples\Wpf.Ui.servoStudio\servoStudio_wjhet5xd_wpftmp.csproj]
C:\UserWorx\VSWorx\ServoStudio\wpfui-servoStudio\samples\Wpf.Ui.servoStudio\Core\CANopen\CanOpenMaster.cs(399,25): warning IDE0008: 鐢ㄦ樉寮忕被鍨嬩唬鏇?"var" (https://learn.microsoft.com/dotnet/fundamentals/code-analysis/style-rules/ide0008) [C:\UserWorx\VSWorx\ServoStudio\wpfui-servoStudio\samples\Wpf.Ui.servoStudio\servoStudio_wjhet5xd_wpftmp.csproj]
C:\UserWorx\VSWorx\ServoStudio\wpfui-servoStudio\samples\Wpf.Ui.servoStudio\Core\CANopen\CanOpenMaster.cs(304,17): warning IDE0058: 姘歌繙涓嶄細浣跨敤琛ㄨ揪寮忓€?(https://learn.microsoft.com/dotnet/fundamentals/code-analysis/style-rules/ide0058) [C:\UserWorx\VSWorx\ServoStudio\wpfui-servoStudio\samples\Wpf.Ui.servoStudio\servoStudio_wjhet5xd_wpftmp.csproj]
C:\UserWorx\VSWorx\ServoStudio\wpfui-servoStudio\samples\Wpf.Ui.servoStudio\Core\CANopen\CanOpenMaster.cs(328,13): warning IDE0058: 姘歌繙涓嶄細浣跨敤琛ㄨ揪寮忓€?(https://learn.microsoft.com/dotnet/fundamentals/code-analysis/style-rules/ide0058) [C:\UserWorx\VSWorx\ServoStudio\wpfui-servoStudio\samples\Wpf.Ui.servoStudio\servoStudio_wjhet5xd_wpftmp.csproj]
C:\UserWorx\VSWorx\ServoStudio\wpfui-servoStudio\samples\Wpf.Ui.servoStudio\Helpers\SoemFoEInterop.cs(181,13): warning IDE0011: 鍚?鈥渋f鈥?璇彞娣诲姞澶ф嫭鍙枫€?(https://learn.microsoft.com/dotnet/fundamentals/code-analysis/style-rules/ide0011) [C:\UserWorx\VSWorx\ServoStudio\wpfui-servoStudio\samples\Wpf.Ui.servoStudio\servoStudio_wjhet5xd_wpftmp.csproj]
C:\UserWorx\VSWorx\ServoStudio\wpfui-servoStudio\samples\Wpf.Ui.servoStudio\Helpers\SoemFoEInterop.cs(184,13): warning IDE0011: 鍚?鈥渋f鈥?璇彞娣诲姞澶ф嫭鍙枫€?(https://learn.microsoft.com/dotnet/fundamentals/code-analysis/style-rules/ide0011) [C:\UserWorx\VSWorx\ServoStudio\wpfui-servoStudio\samples\Wpf.Ui.servoStudio\servoStudio_wjhet5xd_wpftmp.csproj]
C:\UserWorx\VSWorx\ServoStudio\wpfui-servoStudio\samples\Wpf.Ui.servoStudio\Views\Pages\QuickControlPage.xaml.cs(324,9): warning IDE0008: 鐢ㄦ樉寮忕被鍨嬩唬鏇?"var" (https://learn.microsoft.com/dotnet/fundamentals/code-analysis/style-rules/ide0008) [C:\UserWorx\VSWorx\ServoStudio\wpfui-servoStudio\samples\Wpf.Ui.servoStudio\servoStudio_wjhet5xd_wpftmp.csproj]
C:\UserWorx\VSWorx\ServoStudio\wpfui-servoStudio\samples\Wpf.Ui.servoStudio\Core\CANopen\CanOpenMaster.cs(530,9): warning IDE0058: 姘歌繙涓嶄細浣跨敤琛ㄨ揪寮忓€?(https://learn.microsoft.com/dotnet/fundamentals/code-analysis/style-rules/ide0058) [C:\UserWorx\VSWorx\ServoStudio\wpfui-servoStudio\samples\Wpf.Ui.servoStudio\servoStudio_wjhet5xd_wpftmp.csproj]
C:\UserWorx\VSWorx\ServoStudio\wpfui-servoStudio\samples\Wpf.Ui.servoStudio\Core\CANopen\CanOpenMaster.cs(546,9): warning IDE0058: 姘歌繙涓嶄細浣跨敤琛ㄨ揪寮忓€?(https://learn.microsoft.com/dotnet/fundamentals/code-analysis/style-rules/ide0058) [C:\UserWorx\VSWorx\ServoStudio\wpfui-servoStudio\samples\Wpf.Ui.servoStudio\servoStudio_wjhet5xd_wpftmp.csproj]
C:\UserWorx\VSWorx\ServoStudio\wpfui-servoStudio\samples\Wpf.Ui.servoStudio\Core\CANopen\Adapters\ZlgCanBus.cs(20,21): warning CA2216: 鍙噴鏀剧被鍨嬪簲澹版槑缁堢粨鍣?(https://learn.microsoft.com/dotnet/fundamentals/code-analysis/quality-rules/ca2216) [C:\UserWorx\VSWorx\ServoStudio\wpfui-servoStudio\samples\Wpf.Ui.servoStudio\servoStudio_wjhet5xd_wpftmp.csproj]
C:\UserWorx\VSWorx\ServoStudio\wpfui-servoStudio\samples\Wpf.Ui.servoStudio\Views\Pages\QuickControlPage.xaml.cs(355,18): warning IDE0008: 鐢ㄦ樉寮忕被鍨嬩唬鏇?"var" (https://learn.microsoft.com/dotnet/fundamentals/code-analysis/style-rules/ide0008) [C:\UserWorx\VSWorx\ServoStudio\wpfui-servoStudio\samples\Wpf.Ui.servoStudio\servoStudio_wjhet5xd_wpftmp.csproj]
C:\UserWorx\VSWorx\ServoStudio\wpfui-servoStudio\samples\Wpf.Ui.servoStudio\Helpers\SoemFoEInterop.cs(323,9): warning IDE0011: 鍚?鈥渋f鈥?璇彞娣诲姞澶ф嫭鍙枫€?(https://learn.microsoft.com/dotnet/fundamentals/code-analysis/style-rules/ide0011) [C:\UserWorx\VSWorx\ServoStudio\wpfui-servoStudio\samples\Wpf.Ui.servoStudio\servoStudio_wjhet5xd_wpftmp.csproj]
C:\UserWorx\VSWorx\ServoStudio\wpfui-servoStudio\samples\Wpf.Ui.servoStudio\Helpers\SoemFoEInterop.cs(326,9): warning IDE0011: 鍚?鈥渋f鈥?璇彞娣诲姞澶ф嫭鍙枫€?(https://learn.microsoft.com/dotnet/fundamentals/code-analysis/style-rules/ide0011) [C:\UserWorx\VSWorx\ServoStudio\wpfui-servoStudio\samples\Wpf.Ui.servoStudio\servoStudio_wjhet5xd_wpftmp.csproj]
C:\UserWorx\VSWorx\ServoStudio\wpfui-servoStudio\samples\Wpf.Ui.servoStudio\Helpers\SoemFoEInterop.cs(334,13): warning IDE0011: 鍚?鈥渋f鈥?璇彞娣诲姞澶ф嫭鍙枫€?(https://learn.microsoft.com/dotnet/fundamentals/code-analysis/style-rules/ide0011) [C:\UserWorx\VSWorx\ServoStudio\wpfui-servoStudio\samples\Wpf.Ui.servoStudio\servoStudio_wjhet5xd_wpftmp.csproj]
C:\UserWorx\VSWorx\ServoStudio\wpfui-servoStudio\samples\Wpf.Ui.servoStudio\Helpers\SoemFoEInterop.cs(341,13): warning IDE0011: 鍚?鈥渋f鈥?璇彞娣诲姞澶ф嫭鍙枫€?(https://learn.microsoft.com/dotnet/fundamentals/code-analysis/style-rules/ide0011) [C:\UserWorx\VSWorx\ServoStudio\wpfui-servoStudio\samples\Wpf.Ui.servoStudio\servoStudio_wjhet5xd_wpftmp.csproj]
C:\UserWorx\VSWorx\ServoStudio\wpfui-servoStudio\samples\Wpf.Ui.servoStudio\Helpers\SoemFoEInterop.cs(346,13): warning IDE0011: 鍚?鈥渋f鈥?璇彞娣诲姞澶ф嫭鍙枫€?(https://learn.microsoft.com/dotnet/fundamentals/code-analysis/style-rules/ide0011) [C:\UserWorx\VSWorx\ServoStudio\wpfui-servoStudio\samples\Wpf.Ui.servoStudio\servoStudio_wjhet5xd_wpftmp.csproj]
C:\UserWorx\VSWorx\ServoStudio\wpfui-servoStudio\samples\Wpf.Ui.servoStudio\Helpers\SoemFoEInterop.cs(352,13): warning IDE0011: 鍚?鈥渋f鈥?璇彞娣诲姞澶ф嫭鍙枫€?(https://learn.microsoft.com/dotnet/fundamentals/code-analysis/style-rules/ide0011) [C:\UserWorx\VSWorx\ServoStudio\wpfui-servoStudio\samples\Wpf.Ui.servoStudio\servoStudio_wjhet5xd_wpftmp.csproj]
C:\UserWorx\VSWorx\ServoStudio\wpfui-servoStudio\samples\Wpf.Ui.servoStudio\Helpers\SoemFoEInterop.cs(360,13): warning IDE0011: 鍚?鈥渋f鈥?璇彞娣诲姞澶ф嫭鍙枫€?(https://learn.microsoft.com/dotnet/fundamentals/code-analysis/style-rules/ide0011) [C:\UserWorx\VSWorx\ServoStudio\wpfui-servoStudio\samples\Wpf.Ui.servoStudio\servoStudio_wjhet5xd_wpftmp.csproj]
C:\UserWorx\VSWorx\ServoStudio\wpfui-servoStudio\samples\Wpf.Ui.servoStudio\Helpers\SoemFoEInterop.cs(408,21): warning IDE0011: 鍚?鈥渋f鈥?璇彞娣诲姞澶ф嫭鍙枫€?(https://learn.microsoft.com/dotnet/fundamentals/code-analysis/style-rules/ide0011) [C:\UserWorx\VSWorx\ServoStudio\wpfui-servoStudio\samples\Wpf.Ui.servoStudio\servoStudio_wjhet5xd_wpftmp.csproj]
C:\UserWorx\VSWorx\ServoStudio\wpfui-servoStudio\samples\Wpf.Ui.servoStudio\Helpers\SoemFoEInterop.cs(471,21): warning IDE0011: 鍚?鈥渋f鈥?璇彞娣诲姞澶ф嫭鍙枫€?(https://learn.microsoft.com/dotnet/fundamentals/code-analysis/style-rules/ide0011) [C:\UserWorx\VSWorx\ServoStudio\wpfui-servoStudio\samples\Wpf.Ui.servoStudio\servoStudio_wjhet5xd_wpftmp.csproj]
C:\UserWorx\VSWorx\ServoStudio\wpfui-servoStudio\samples\Wpf.Ui.servoStudio\Helpers\SoemFoEInterop.cs(483,25): warning IDE0011: 鍚?鈥渇oreach鈥?璇彞娣诲姞澶ф嫭鍙枫€?(https://learn.microsoft.com/dotnet/fundamentals/code-analysis/style-rules/ide0011) [C:\UserWorx\VSWorx\ServoStudio\wpfui-servoStudio\samples\Wpf.Ui.servoStudio\servoStudio_wjhet5xd_wpftmp.csproj]
C:\UserWorx\VSWorx\ServoStudio\wpfui-servoStudio\samples\Wpf.Ui.servoStudio\Helpers\SoemFoEInterop.cs(540,17): warning IDE0011: 鍚?鈥渋f鈥?璇彞娣诲姞澶ф嫭鍙枫€?(https://learn.microsoft.com/dotnet/fundamentals/code-analysis/style-rules/ide0011) [C:\UserWorx\VSWorx\ServoStudio\wpfui-servoStudio\samples\Wpf.Ui.servoStudio\servoStudio_wjhet5xd_wpftmp.csproj]
C:\UserWorx\VSWorx\ServoStudio\wpfui-servoStudio\samples\Wpf.Ui.servoStudio\Helpers\SoemFoEInterop.cs(542,17): warning IDE0011: 鍚?鈥渆lse鈥?璇彞娣诲姞澶ф嫭鍙枫€?(https://learn.microsoft.com/dotnet/fundamentals/code-analysis/style-rules/ide0011) [C:\UserWorx\VSWorx\ServoStudio\wpfui-servoStudio\samples\Wpf.Ui.servoStudio\servoStudio_wjhet5xd_wpftmp.csproj]
C:\UserWorx\VSWorx\ServoStudio\wpfui-servoStudio\samples\Wpf.Ui.servoStudio\Helpers\SoemFoEInterop.cs(570,17): warning IDE0011: 鍚?鈥渋f鈥?璇彞娣诲姞澶ф嫭鍙枫€?(https://learn.microsoft.com/dotnet/fundamentals/code-analysis/style-rules/ide0011) [C:\UserWorx\VSWorx\ServoStudio\wpfui-servoStudio\samples\Wpf.Ui.servoStudio\servoStudio_wjhet5xd_wpftmp.csproj]
C:\UserWorx\VSWorx\ServoStudio\wpfui-servoStudio\samples\Wpf.Ui.servoStudio\Helpers\SoemFoEInterop.cs(572,17): warning IDE0011: 鍚?鈥渆lse鈥?璇彞娣诲姞澶ф嫭鍙枫€?(https://learn.microsoft.com/dotnet/fundamentals/code-analysis/style-rules/ide0011) [C:\UserWorx\VSWorx\ServoStudio\wpfui-servoStudio\samples\Wpf.Ui.servoStudio\servoStudio_wjhet5xd_wpftmp.csproj]
C:\UserWorx\VSWorx\ServoStudio\wpfui-servoStudio\samples\Wpf.Ui.servoStudio\Helpers\SoemFoEInterop.cs(587,21): warning IDE0011: 鍚?鈥渋f鈥?璇彞娣诲姞澶ф嫭鍙枫€?(https://learn.microsoft.com/dotnet/fundamentals/code-analysis/style-rules/ide0011) [C:\UserWorx\VSWorx\ServoStudio\wpfui-servoStudio\samples\Wpf.Ui.servoStudio\servoStudio_wjhet5xd_wpftmp.csproj]
C:\UserWorx\VSWorx\ServoStudio\wpfui-servoStudio\samples\Wpf.Ui.servoStudio\Helpers\SoemFoEInterop.cs(589,21): warning IDE0011: 鍚?鈥渆lse鈥?璇彞娣诲姞澶ф嫭鍙枫€?(https://learn.microsoft.com/dotnet/fundamentals/code-analysis/style-rules/ide0011) [C:\UserWorx\VSWorx\ServoStudio\wpfui-servoStudio\samples\Wpf.Ui.servoStudio\servoStudio_wjhet5xd_wpftmp.csproj]
C:\UserWorx\VSWorx\ServoStudio\wpfui-servoStudio\samples\Wpf.Ui.servoStudio\Core\CANopen\CanOpenMaster.cs(581,13): warning IDE0058: 姘歌繙涓嶄細浣跨敤琛ㄨ揪寮忓€?(https://learn.microsoft.com/dotnet/fundamentals/code-analysis/style-rules/ide0058) [C:\UserWorx\VSWorx\ServoStudio\wpfui-servoStudio\samples\Wpf.Ui.servoStudio\servoStudio_wjhet5xd_wpftmp.csproj]
C:\UserWorx\VSWorx\ServoStudio\wpfui-servoStudio\samples\Wpf.Ui.servoStudio\Core\Sync\SpinWaitCyclicTimer.cs(51,9): warning IDE0058: 姘歌繙涓嶄細浣跨敤琛ㄨ揪寮忓€?(https://learn.microsoft.com/dotnet/fundamentals/code-analysis/style-rules/ide0058) [C:\UserWorx\VSWorx\ServoStudio\wpfui-servoStudio\samples\Wpf.Ui.servoStudio\servoStudio_wjhet5xd_wpftmp.csproj]
C:\UserWorx\VSWorx\ServoStudio\wpfui-servoStudio\samples\Wpf.Ui.servoStudio\Core\Sync\SpinWaitCyclicTimer.cs(52,9): warning IDE0058: 姘歌繙涓嶄細浣跨敤琛ㄨ揪寮忓€?(https://learn.microsoft.com/dotnet/fundamentals/code-analysis/style-rules/ide0058) [C:\UserWorx\VSWorx\ServoStudio\wpfui-servoStudio\samples\Wpf.Ui.servoStudio\servoStudio_wjhet5xd_wpftmp.csproj]
C:\UserWorx\VSWorx\ServoStudio\wpfui-servoStudio\samples\Wpf.Ui.servoStudio\Core\Sync\SpinWaitCyclicTimer.cs(53,9): warning IDE0058: 姘歌繙涓嶄細浣跨敤琛ㄨ揪寮忓€?(https://learn.microsoft.com/dotnet/fundamentals/code-analysis/style-rules/ide0058) [C:\UserWorx\VSWorx\ServoStudio\wpfui-servoStudio\samples\Wpf.Ui.servoStudio\servoStudio_wjhet5xd_wpftmp.csproj]
C:\UserWorx\VSWorx\ServoStudio\wpfui-servoStudio\samples\Wpf.Ui.servoStudio\Core\Sync\SpinWaitCyclicTimer.cs(103,17): warning IDE0058: 姘歌繙涓嶄細浣跨敤琛ㄨ揪寮忓€?(https://learn.microsoft.com/dotnet/fundamentals/code-analysis/style-rules/ide0058) [C:\UserWorx\VSWorx\ServoStudio\wpfui-servoStudio\samples\Wpf.Ui.servoStudio\servoStudio_wjhet5xd_wpftmp.csproj]
C:\UserWorx\VSWorx\ServoStudio\wpfui-servoStudio\samples\Wpf.Ui.servoStudio\Core\Sync\SpinWaitCyclicTimer.cs(106,25): warning IDE0058: 姘歌繙涓嶄細浣跨敤琛ㄨ揪寮忓€?(https://learn.microsoft.com/dotnet/fundamentals/code-analysis/style-rules/ide0058) [C:\UserWorx\VSWorx\ServoStudio\wpfui-servoStudio\samples\Wpf.Ui.servoStudio\servoStudio_wjhet5xd_wpftmp.csproj]
C:\UserWorx\VSWorx\ServoStudio\wpfui-servoStudio\samples\Wpf.Ui.servoStudio\Core\Sync\SpinWaitCyclicTimer.cs(108,17): warning IDE0058: 姘歌繙涓嶄細浣跨敤琛ㄨ揪寮忓€?(https://learn.microsoft.com/dotnet/fundamentals/code-analysis/style-rules/ide0058) [C:\UserWorx\VSWorx\ServoStudio\wpfui-servoStudio\samples\Wpf.Ui.servoStudio\servoStudio_wjhet5xd_wpftmp.csproj]
C:\UserWorx\VSWorx\ServoStudio\wpfui-servoStudio\samples\Wpf.Ui.servoStudio\Views\Pages\QuickControlPage.xaml.cs(489,13): warning IDE0008: 鐢ㄦ樉寮忕被鍨嬩唬鏇?"var" (https://learn.microsoft.com/dotnet/fundamentals/code-analysis/style-rules/ide0008) [C:\UserWorx\VSWorx\ServoStudio\wpfui-servoStudio\samples\Wpf.Ui.servoStudio\servoStudio_wjhet5xd_wpftmp.csproj]
C:\UserWorx\VSWorx\ServoStudio\wpfui-servoStudio\samples\Wpf.Ui.servoStudio\ViewModels\AppData\AppLogViewModel.cs(20,43): warning IDE0055: 淇鏍煎紡 (https://learn.microsoft.com/dotnet/fundamentals/code-analysis/style-rules/ide0055) [C:\UserWorx\VSWorx\ServoStudio\wpfui-servoStudio\samples\Wpf.Ui.servoStudio\servoStudio_wjhet5xd_wpftmp.csproj]
C:\UserWorx\VSWorx\ServoStudio\wpfui-servoStudio\samples\Wpf.Ui.servoStudio\ViewModels\AppData\AppLogViewModel.cs(20,45): warning IDE0055: 淇鏍煎紡 (https://learn.microsoft.com/dotnet/fundamentals/code-analysis/style-rules/ide0055) [C:\UserWorx\VSWorx\ServoStudio\wpfui-servoStudio\samples\Wpf.Ui.servoStudio\servoStudio_wjhet5xd_wpftmp.csproj]
C:\UserWorx\VSWorx\ServoStudio\wpfui-servoStudio\samples\Wpf.Ui.servoStudio\ViewModels\AppData\AppLogViewModel.cs(20,63): warning IDE0055: 淇鏍煎紡 (https://learn.microsoft.com/dotnet/fundamentals/code-analysis/style-rules/ide0055) [C:\UserWorx\VSWorx\ServoStudio\wpfui-servoStudio\samples\Wpf.Ui.servoStudio\servoStudio_wjhet5xd_wpftmp.csproj]
C:\UserWorx\VSWorx\ServoStudio\wpfui-servoStudio\samples\Wpf.Ui.servoStudio\ViewModels\AppData\AppLogViewModel.cs(701,40): warning IDE0055: 淇鏍煎紡 (https://learn.microsoft.com/dotnet/fundamentals/code-analysis/style-rules/ide0055) [C:\UserWorx\VSWorx\ServoStudio\wpfui-servoStudio\samples\Wpf.Ui.servoStudio\servoStudio_wjhet5xd_wpftmp.csproj]
C:\UserWorx\VSWorx\ServoStudio\wpfui-servoStudio\samples\Wpf.Ui.servoStudio\ViewModels\AppData\AppLogViewModel.cs(701,54): warning IDE0055: 淇鏍煎紡 (https://learn.microsoft.com/dotnet/fundamentals/code-analysis/style-rules/ide0055) [C:\UserWorx\VSWorx\ServoStudio\wpfui-servoStudio\samples\Wpf.Ui.servoStudio\servoStudio_wjhet5xd_wpftmp.csproj]
C:\UserWorx\VSWorx\ServoStudio\wpfui-servoStudio\samples\Wpf.Ui.servoStudio\ViewModels\AppData\AppLogViewModel.cs(702,39): warning IDE0055: 淇鏍煎紡 (https://learn.microsoft.com/dotnet/fundamentals/code-analysis/style-rules/ide0055) [C:\UserWorx\VSWorx\ServoStudio\wpfui-servoStudio\samples\Wpf.Ui.servoStudio\servoStudio_wjhet5xd_wpftmp.csproj]
C:\UserWorx\VSWorx\ServoStudio\wpfui-servoStudio\samples\Wpf.Ui.servoStudio\ViewModels\AppData\AppLogViewModel.cs(702,52): warning IDE0055: 淇鏍煎紡 (https://learn.microsoft.com/dotnet/fundamentals/code-analysis/style-rules/ide0055) [C:\UserWorx\VSWorx\ServoStudio\wpfui-servoStudio\samples\Wpf.Ui.servoStudio\servoStudio_wjhet5xd_wpftmp.csproj]
C:\UserWorx\VSWorx\ServoStudio\wpfui-servoStudio\samples\Wpf.Ui.servoStudio\ViewModels\AppData\AppLogViewModel.cs(703,42): warning IDE0055: 淇鏍煎紡 (https://learn.microsoft.com/dotnet/fundamentals/code-analysis/style-rules/ide0055) [C:\UserWorx\VSWorx\ServoStudio\wpfui-servoStudio\samples\Wpf.Ui.servoStudio\servoStudio_wjhet5xd_wpftmp.csproj]
C:\UserWorx\VSWorx\ServoStudio\wpfui-servoStudio\samples\Wpf.Ui.servoStudio\ViewModels\AppData\AppLogViewModel.cs(703,58): warning IDE0055: 淇鏍煎紡 (https://learn.microsoft.com/dotnet/fundamentals/code-analysis/style-rules/ide0055) [C:\UserWorx\VSWorx\ServoStudio\wpfui-servoStudio\samples\Wpf.Ui.servoStudio\servoStudio_wjhet5xd_wpftmp.csproj]
C:\UserWorx\VSWorx\ServoStudio\wpfui-servoStudio\samples\Wpf.Ui.servoStudio\ViewModels\AppData\AppLogViewModel.cs(704,40): warning IDE0055: 淇鏍煎紡 (https://learn.microsoft.com/dotnet/fundamentals/code-analysis/style-rules/ide0055) [C:\UserWorx\VSWorx\ServoStudio\wpfui-servoStudio\samples\Wpf.Ui.servoStudio\servoStudio_wjhet5xd_wpftmp.csproj]
C:\UserWorx\VSWorx\ServoStudio\wpfui-servoStudio\samples\Wpf.Ui.servoStudio\ViewModels\AppData\AppLogViewModel.cs(704,54): warning IDE0055: 淇鏍煎紡 (https://learn.microsoft.com/dotnet/fundamentals/code-analysis/style-rules/ide0055) [C:\UserWorx\VSWorx\ServoStudio\wpfui-servoStudio\samples\Wpf.Ui.servoStudio\servoStudio_wjhet5xd_wpftmp.csproj]
C:\UserWorx\VSWorx\ServoStudio\wpfui-servoStudio\samples\Wpf.Ui.servoStudio\ViewModels\AppData\AppLogViewModel.cs(705,43): warning IDE0055: 淇鏍煎紡 (https://learn.microsoft.com/dotnet/fundamentals/code-analysis/style-rules/ide0055) [C:\UserWorx\VSWorx\ServoStudio\wpfui-servoStudio\samples\Wpf.Ui.servoStudio\servoStudio_wjhet5xd_wpftmp.csproj]
C:\UserWorx\VSWorx\ServoStudio\wpfui-servoStudio\samples\Wpf.Ui.servoStudio\ViewModels\AppData\AppLogViewModel.cs(705,60): warning IDE0055: 淇鏍煎紡 (https://learn.microsoft.com/dotnet/fundamentals/code-analysis/style-rules/ide0055) [C:\UserWorx\VSWorx\ServoStudio\wpfui-servoStudio\samples\Wpf.Ui.servoStudio\servoStudio_wjhet5xd_wpftmp.csproj]
C:\UserWorx\VSWorx\ServoStudio\wpfui-servoStudio\samples\Wpf.Ui.servoStudio\ViewModels\AppData\AppLogViewModel.cs(717,40): warning IDE0055: 淇鏍煎紡 (https://learn.microsoft.com/dotnet/fundamentals/code-analysis/style-rules/ide0055) [C:\UserWorx\VSWorx\ServoStudio\wpfui-servoStudio\samples\Wpf.Ui.servoStudio\servoStudio_wjhet5xd_wpftmp.csproj]
C:\UserWorx\VSWorx\ServoStudio\wpfui-servoStudio\samples\Wpf.Ui.servoStudio\ViewModels\AppData\AppLogViewModel.cs(717,45): warning IDE0055: 淇鏍煎紡 (https://learn.microsoft.com/dotnet/fundamentals/code-analysis/style-rules/ide0055) [C:\UserWorx\VSWorx\ServoStudio\wpfui-servoStudio\samples\Wpf.Ui.servoStudio\servoStudio_wjhet5xd_wpftmp.csproj]
C:\UserWorx\VSWorx\ServoStudio\wpfui-servoStudio\samples\Wpf.Ui.servoStudio\ViewModels\AppData\AppLogViewModel.cs(718,39): warning IDE0055: 淇鏍煎紡 (https://learn.microsoft.com/dotnet/fundamentals/code-analysis/style-rules/ide0055) [C:\UserWorx\VSWorx\ServoStudio\wpfui-servoStudio\samples\Wpf.Ui.servoStudio\servoStudio_wjhet5xd_wpftmp.csproj]
C:\UserWorx\VSWorx\ServoStudio\wpfui-servoStudio\samples\Wpf.Ui.servoStudio\ViewModels\AppData\AppLogViewModel.cs(718,44): warning IDE0055: 淇鏍煎紡 (https://learn.microsoft.com/dotnet/fundamentals/code-analysis/style-rules/ide0055) [C:\UserWorx\VSWorx\ServoStudio\wpfui-servoStudio\samples\Wpf.Ui.servoStudio\servoStudio_wjhet5xd_wpftmp.csproj]
C:\UserWorx\VSWorx\ServoStudio\wpfui-servoStudio\samples\Wpf.Ui.servoStudio\ViewModels\AppData\AppLogViewModel.cs(719,42): warning IDE0055: 淇鏍煎紡 (https://learn.microsoft.com/dotnet/fundamentals/code-analysis/style-rules/ide0055) [C:\UserWorx\VSWorx\ServoStudio\wpfui-servoStudio\samples\Wpf.Ui.servoStudio\servoStudio_wjhet5xd_wpftmp.csproj]
C:\UserWorx\VSWorx\ServoStudio\wpfui-servoStudio\samples\Wpf.Ui.servoStudio\ViewModels\AppData\AppLogViewModel.cs(719,47): warning IDE0055: 淇鏍煎紡 (https://learn.microsoft.com/dotnet/fundamentals/code-analysis/style-rules/ide0055) [C:\UserWorx\VSWorx\ServoStudio\wpfui-servoStudio\samples\Wpf.Ui.servoStudio\servoStudio_wjhet5xd_wpftmp.csproj]
C:\UserWorx\VSWorx\ServoStudio\wpfui-servoStudio\samples\Wpf.Ui.servoStudio\ViewModels\AppData\AppLogViewModel.cs(720,40): warning IDE0055: 淇鏍煎紡 (https://learn.microsoft.com/dotnet/fundamentals/code-analysis/style-rules/ide0055) [C:\UserWorx\VSWorx\ServoStudio\wpfui-servoStudio\samples\Wpf.Ui.servoStudio\servoStudio_wjhet5xd_wpftmp.csproj]
C:\UserWorx\VSWorx\ServoStudio\wpfui-servoStudio\samples\Wpf.Ui.servoStudio\ViewModels\AppData\AppLogViewModel.cs(720,45): warning IDE0055: 淇鏍煎紡 (https://learn.microsoft.com/dotnet/fundamentals/code-analysis/style-rules/ide0055) [C:\UserWorx\VSWorx\ServoStudio\wpfui-servoStudio\samples\Wpf.Ui.servoStudio\servoStudio_wjhet5xd_wpftmp.csproj]
C:\UserWorx\VSWorx\ServoStudio\wpfui-servoStudio\samples\Wpf.Ui.servoStudio\ViewModels\AppData\AppLogViewModel.cs(721,43): warning IDE0055: 淇鏍煎紡 (https://learn.microsoft.com/dotnet/fundamentals/code-analysis/style-rules/ide0055) [C:\UserWorx\VSWorx\ServoStudio\wpfui-servoStudio\samples\Wpf.Ui.servoStudio\servoStudio_wjhet5xd_wpftmp.csproj]
C:\UserWorx\VSWorx\ServoStudio\wpfui-servoStudio\samples\Wpf.Ui.servoStudio\ViewModels\AppData\AppLogViewModel.cs(721,48): warning IDE0055: 淇鏍煎紡 (https://learn.microsoft.com/dotnet/fundamentals/code-analysis/style-rules/ide0055) [C:\UserWorx\VSWorx\ServoStudio\wpfui-servoStudio\samples\Wpf.Ui.servoStudio\servoStudio_wjhet5xd_wpftmp.csproj]
C:\UserWorx\VSWorx\ServoStudio\wpfui-servoStudio\samples\Wpf.Ui.servoStudio\Core\Sync\PeriodicTimerCyclicTimer.cs(97,15): warning IDE0058: 姘歌繙涓嶄細浣跨敤琛ㄨ揪寮忓€?(https://learn.microsoft.com/dotnet/fundamentals/code-analysis/style-rules/ide0058) [C:\UserWorx\VSWorx\ServoStudio\wpfui-servoStudio\samples\Wpf.Ui.servoStudio\servoStudio_wjhet5xd_wpftmp.csproj]
C:\UserWorx\VSWorx\ServoStudio\wpfui-servoStudio\samples\Wpf.Ui.servoStudio\Core\CANopen\CanOpenMaster.cs(745,26): warning CA1001: 绫诲瀷鈥淪doPending鈥濆叿鏈夊彲閲婃斁鐨勫瓧娈碘€淿evt鈥濓紝浣嗚绫诲瀷鏄笉鍙噴鏀剧殑 (https://learn.microsoft.com/dotnet/fundamentals/code-analysis/quality-rules/ca1001) [C:\UserWorx\VSWorx\ServoStudio\wpfui-servoStudio\samples\Wpf.Ui.servoStudio\servoStudio_wjhet5xd_wpftmp.csproj]
C:\UserWorx\VSWorx\ServoStudio\wpfui-servoStudio\samples\Wpf.Ui.servoStudio\Helpers\SoemFoEInterop.cs(635,13): warning IDE0011: 鍚?鈥渋f鈥?璇彞娣诲姞澶ф嫭鍙枫€?(https://learn.microsoft.com/dotnet/fundamentals/code-analysis/style-rules/ide0011) [C:\UserWorx\VSWorx\ServoStudio\wpfui-servoStudio\samples\Wpf.Ui.servoStudio\servoStudio_wjhet5xd_wpftmp.csproj]
C:\UserWorx\VSWorx\ServoStudio\wpfui-servoStudio\samples\Wpf.Ui.servoStudio\Helpers\EsiToSiiConverter.cs(65,9): warning IDE0011: 鍚?鈥渋f鈥?璇彞娣诲姞澶ф嫭鍙枫€?(https://learn.microsoft.com/dotnet/fundamentals/code-analysis/style-rules/ide0011) [C:\UserWorx\VSWorx\ServoStudio\wpfui-servoStudio\samples\Wpf.Ui.servoStudio\servoStudio_wjhet5xd_wpftmp.csproj]
C:\UserWorx\VSWorx\ServoStudio\wpfui-servoStudio\samples\Wpf.Ui.servoStudio\Helpers\EsiToSiiConverter.cs(67,9): warning IDE0011: 鍚?鈥渋f鈥?璇彞娣诲姞澶ф嫭鍙枫€?(https://learn.microsoft.com/dotnet/fundamentals/code-analysis/style-rules/ide0011) [C:\UserWorx\VSWorx\ServoStudio\wpfui-servoStudio\samples\Wpf.Ui.servoStudio\servoStudio_wjhet5xd_wpftmp.csproj]
C:\UserWorx\VSWorx\ServoStudio\wpfui-servoStudio\samples\Wpf.Ui.servoStudio\Helpers\EsiToSiiConverter.cs(114,13): warning IDE0011: 鍚?鈥渋f鈥?璇彞娣诲姞澶ф嫭鍙枫€?(https://learn.microsoft.com/dotnet/fundamentals/code-analysis/style-rules/ide0011) [C:\UserWorx\VSWorx\ServoStudio\wpfui-servoStudio\samples\Wpf.Ui.servoStudio\servoStudio_wjhet5xd_wpftmp.csproj]
C:\UserWorx\VSWorx\ServoStudio\wpfui-servoStudio\samples\Wpf.Ui.servoStudio\Helpers\EsiToSiiConverter.cs(121,17): warning IDE0011: 鍚?鈥渋f鈥?璇彞娣诲姞澶ф嫭鍙枫€?(https://learn.microsoft.com/dotnet/fundamentals/code-analysis/style-rules/ide0011) [C:\UserWorx\VSWorx\ServoStudio\wpfui-servoStudio\samples\Wpf.Ui.servoStudio\servoStudio_wjhet5xd_wpftmp.csproj]
C:\UserWorx\VSWorx\ServoStudio\wpfui-servoStudio\samples\Wpf.Ui.servoStudio\Helpers\EsiToSiiConverter.cs(122,17): warning IDE0011: 鍚?鈥渋f鈥?璇彞娣诲姞澶ф嫭鍙枫€?(https://learn.microsoft.com/dotnet/fundamentals/code-analysis/style-rules/ide0011) [C:\UserWorx\VSWorx\ServoStudio\wpfui-servoStudio\samples\Wpf.Ui.servoStudio\servoStudio_wjhet5xd_wpftmp.csproj]
C:\UserWorx\VSWorx\ServoStudio\wpfui-servoStudio\samples\Wpf.Ui.servoStudio\Helpers\EsiToSiiConverter.cs(123,17): warning IDE0011: 鍚?鈥渋f鈥?璇彞娣诲姞澶ф嫭鍙枫€?(https://learn.microsoft.com/dotnet/fundamentals/code-analysis/style-rules/ide0011) [C:\UserWorx\VSWorx\ServoStudio\wpfui-servoStudio\samples\Wpf.Ui.servoStudio\servoStudio_wjhet5xd_wpftmp.csproj]
C:\UserWorx\VSWorx\ServoStudio\wpfui-servoStudio\samples\Wpf.Ui.servoStudio\Helpers\EsiToSiiConverter.cs(124,17): warning IDE0011: 鍚?鈥渋f鈥?璇彞娣诲姞澶ф嫭鍙枫€?(https://learn.microsoft.com/dotnet/fundamentals/code-analysis/style-rules/ide0011) [C:\UserWorx\VSWorx\ServoStudio\wpfui-servoStudio\samples\Wpf.Ui.servoStudio\servoStudio_wjhet5xd_wpftmp.csproj]
C:\UserWorx\VSWorx\ServoStudio\wpfui-servoStudio\samples\Wpf.Ui.servoStudio\Helpers\EsiToSiiConverter.cs(125,17): warning IDE0011: 鍚?鈥渋f鈥?璇彞娣诲姞澶ф嫭鍙枫€?(https://learn.microsoft.com/dotnet/fundamentals/code-analysis/style-rules/ide0011) [C:\UserWorx\VSWorx\ServoStudio\wpfui-servoStudio\samples\Wpf.Ui.servoStudio\servoStudio_wjhet5xd_wpftmp.csproj]
C:\UserWorx\VSWorx\ServoStudio\wpfui-servoStudio\samples\Wpf.Ui.servoStudio\Helpers\EsiToSiiConverter.cs(130,13): warning IDE0011: 鍚?鈥渋f鈥?璇彞娣诲姞澶ф嫭鍙枫€?(https://learn.microsoft.com/dotnet/fundamentals/code-analysis/style-rules/ide0011) [C:\UserWorx\VSWorx\ServoStudio\wpfui-servoStudio\samples\Wpf.Ui.servoStudio\servoStudio_wjhet5xd_wpftmp.csproj]
C:\UserWorx\VSWorx\ServoStudio\wpfui-servoStudio\samples\Wpf.Ui.servoStudio\Helpers\EsiToSiiConverter.cs(131,13): warning IDE0011: 鍚?鈥渋f鈥?璇彞娣诲姞澶ф嫭鍙枫€?(https://learn.microsoft.com/dotnet/fundamentals/code-analysis/style-rules/ide0011) [C:\UserWorx\VSWorx\ServoStudio\wpfui-servoStudio\samples\Wpf.Ui.servoStudio\servoStudio_wjhet5xd_wpftmp.csproj]
C:\UserWorx\VSWorx\ServoStudio\wpfui-servoStudio\samples\Wpf.Ui.servoStudio\Helpers\EsiToSiiConverter.cs(282,9): warning IDE0011: 鍚?鈥渋f鈥?璇彞娣诲姞澶ф嫭鍙枫€?(https://learn.microsoft.com/dotnet/fundamentals/code-analysis/style-rules/ide0011) [C:\UserWorx\VSWorx\ServoStudio\wpfui-servoStudio\samples\Wpf.Ui.servoStudio\servoStudio_wjhet5xd_wpftmp.csproj]
C:\UserWorx\VSWorx\ServoStudio\wpfui-servoStudio\samples\Wpf.Ui.servoStudio\Helpers\EsiToSiiConverter.cs(287,9): warning IDE0011: 鍚?鈥渋f鈥?璇彞娣诲姞澶ф嫭鍙枫€?(https://learn.microsoft.com/dotnet/fundamentals/code-analysis/style-rules/ide0011) [C:\UserWorx\VSWorx\ServoStudio\wpfui-servoStudio\samples\Wpf.Ui.servoStudio\servoStudio_wjhet5xd_wpftmp.csproj]
C:\UserWorx\VSWorx\ServoStudio\wpfui-servoStudio\samples\Wpf.Ui.servoStudio\Helpers\EsiToSiiConverter.cs(317,9): warning IDE0011: 鍚?鈥渋f鈥?璇彞娣诲姞澶ф嫭鍙枫€?(https://learn.microsoft.com/dotnet/fundamentals/code-analysis/style-rules/ide0011) [C:\UserWorx\VSWorx\ServoStudio\wpfui-servoStudio\samples\Wpf.Ui.servoStudio\servoStudio_wjhet5xd_wpftmp.csproj]
C:\UserWorx\VSWorx\ServoStudio\wpfui-servoStudio\samples\Wpf.Ui.servoStudio\Helpers\EsiToSiiConverter.cs(319,9): warning IDE0011: 鍚?鈥渋f鈥?璇彞娣诲姞澶ф嫭鍙枫€?(https://learn.microsoft.com/dotnet/fundamentals/code-analysis/style-rules/ide0011) [C:\UserWorx\VSWorx\ServoStudio\wpfui-servoStudio\samples\Wpf.Ui.servoStudio\servoStudio_wjhet5xd_wpftmp.csproj]
C:\UserWorx\VSWorx\ServoStudio\wpfui-servoStudio\samples\Wpf.Ui.servoStudio\Helpers\SoemFoEInterop.cs(656,17): warning IDE0011: 鍚?鈥渋f鈥?璇彞娣诲姞澶ф嫭鍙枫€?(https://learn.microsoft.com/dotnet/fundamentals/code-analysis/style-rules/ide0011) [C:\UserWorx\VSWorx\ServoStudio\wpfui-servoStudio\samples\Wpf.Ui.servoStudio\servoStudio_wjhet5xd_wpftmp.csproj]
C:\UserWorx\VSWorx\ServoStudio\wpfui-servoStudio\samples\Wpf.Ui.servoStudio\Views\Pages\MotionPages\MotionProfilePage.xaml.cs(82,13): warning IDE0011: 鍚?鈥渋f鈥?璇彞娣诲姞澶ф嫭鍙枫€?(https://learn.microsoft.com/dotnet/fundamentals/code-analysis/style-rules/ide0011) [C:\UserWorx\VSWorx\ServoStudio\wpfui-servoStudio\samples\Wpf.Ui.servoStudio\servoStudio_wjhet5xd_wpftmp.csproj]
C:\UserWorx\VSWorx\ServoStudio\wpfui-servoStudio\samples\Wpf.Ui.servoStudio\Core\Sync\PeriodicTimerCyclicTimer.cs(54,9): warning IDE0058: 姘歌繙涓嶄細浣跨敤琛ㄨ揪寮忓€?(https://learn.microsoft.com/dotnet/fundamentals/code-analysis/style-rules/ide0058) [C:\UserWorx\VSWorx\ServoStudio\wpfui-servoStudio\samples\Wpf.Ui.servoStudio\servoStudio_wjhet5xd_wpftmp.csproj]
C:\UserWorx\VSWorx\ServoStudio\wpfui-servoStudio\samples\Wpf.Ui.servoStudio\Core\Sync\PeriodicTimerCyclicTimer.cs(55,9): warning IDE0058: 姘歌繙涓嶄細浣跨敤琛ㄨ揪寮忓€?(https://learn.microsoft.com/dotnet/fundamentals/code-analysis/style-rules/ide0058) [C:\UserWorx\VSWorx\ServoStudio\wpfui-servoStudio\samples\Wpf.Ui.servoStudio\servoStudio_wjhet5xd_wpftmp.csproj]
C:\UserWorx\VSWorx\ServoStudio\wpfui-servoStudio\samples\Wpf.Ui.servoStudio\Core\Sync\PeriodicTimerCyclicTimer.cs(56,9): warning IDE0058: 姘歌繙涓嶄細浣跨敤琛ㄨ揪寮忓€?(https://learn.microsoft.com/dotnet/fundamentals/code-analysis/style-rules/ide0058) [C:\UserWorx\VSWorx\ServoStudio\wpfui-servoStudio\samples\Wpf.Ui.servoStudio\servoStudio_wjhet5xd_wpftmp.csproj]
C:\UserWorx\VSWorx\ServoStudio\wpfui-servoStudio\samples\Wpf.Ui.servoStudio\Core\Sync\PeriodicTimerCyclicTimer.cs(81,21): warning IDE0058: 姘歌繙涓嶄細浣跨敤琛ㄨ揪寮忓€?(https://learn.microsoft.com/dotnet/fundamentals/code-analysis/style-rules/ide0058) [C:\UserWorx\VSWorx\ServoStudio\wpfui-servoStudio\samples\Wpf.Ui.servoStudio\servoStudio_wjhet5xd_wpftmp.csproj]
C:\UserWorx\VSWorx\ServoStudio\wpfui-servoStudio\samples\Wpf.Ui.servoStudio\Core\Sync\PeriodicTimerCyclicTimer.cs(84,29): warning IDE0058: 姘歌繙涓嶄細浣跨敤琛ㄨ揪寮忓€?(https://learn.microsoft.com/dotnet/fundamentals/code-analysis/style-rules/ide0058) [C:\UserWorx\VSWorx\ServoStudio\wpfui-servoStudio\samples\Wpf.Ui.servoStudio\servoStudio_wjhet5xd_wpftmp.csproj]
C:\UserWorx\VSWorx\ServoStudio\wpfui-servoStudio\samples\Wpf.Ui.servoStudio\Core\Sync\PeriodicTimerCyclicTimer.cs(86,21): warning IDE0058: 姘歌繙涓嶄細浣跨敤琛ㄨ揪寮忓€?(https://learn.microsoft.com/dotnet/fundamentals/code-analysis/style-rules/ide0058) [C:\UserWorx\VSWorx\ServoStudio\wpfui-servoStudio\samples\Wpf.Ui.servoStudio\servoStudio_wjhet5xd_wpftmp.csproj]
C:\UserWorx\VSWorx\ServoStudio\wpfui-servoStudio\samples\Wpf.Ui.servoStudio\Views\Pages\MotionPages\MotionProfilePage.xaml.cs(96,9): warning IDE0008: 鐢ㄦ樉寮忕被鍨嬩唬鏇?"var" (https://learn.microsoft.com/dotnet/fundamentals/code-analysis/style-rules/ide0008) [C:\UserWorx\VSWorx\ServoStudio\wpfui-servoStudio\samples\Wpf.Ui.servoStudio\servoStudio_wjhet5xd_wpftmp.csproj]
C:\UserWorx\VSWorx\ServoStudio\wpfui-servoStudio\samples\Wpf.Ui.servoStudio\Views\Pages\MotionPages\MotionProfilePage.xaml.cs(119,9): warning IDE0008: 鐢ㄦ樉寮忕被鍨嬩唬鏇?"var" (https://learn.microsoft.com/dotnet/fundamentals/code-analysis/style-rules/ide0008) [C:\UserWorx\VSWorx\ServoStudio\wpfui-servoStudio\samples\Wpf.Ui.servoStudio\servoStudio_wjhet5xd_wpftmp.csproj]
C:\UserWorx\VSWorx\ServoStudio\wpfui-servoStudio\samples\Wpf.Ui.servoStudio\Views\Pages\MotionPages\MotionProfilePage.xaml.cs(126,13): warning IDE0058: 姘歌繙涓嶄細浣跨敤琛ㄨ揪寮忓€?(https://learn.microsoft.com/dotnet/fundamentals/code-analysis/style-rules/ide0058) [C:\UserWorx\VSWorx\ServoStudio\wpfui-servoStudio\samples\Wpf.Ui.servoStudio\servoStudio_wjhet5xd_wpftmp.csproj]
C:\UserWorx\VSWorx\ServoStudio\wpfui-servoStudio\samples\Wpf.Ui.servoStudio\Views\Pages\MotionPages\MotionProfilePage.xaml.cs(150,13): warning IDE0008: 鐢ㄦ樉寮忕被鍨嬩唬鏇?"var" (https://learn.microsoft.com/dotnet/fundamentals/code-analysis/style-rules/ide0008) [C:\UserWorx\VSWorx\ServoStudio\wpfui-servoStudio\samples\Wpf.Ui.servoStudio\servoStudio_wjhet5xd_wpftmp.csproj]
C:\UserWorx\VSWorx\ServoStudio\wpfui-servoStudio\samples\Wpf.Ui.servoStudio\Core\CANopen\Adapters\CanAdapterFactory.cs(136,21): warning IDE0008: 鐢ㄦ樉寮忕被鍨嬩唬鏇?"var" (https://learn.microsoft.com/dotnet/fundamentals/code-analysis/style-rules/ide0008) [C:\UserWorx\VSWorx\ServoStudio\wpfui-servoStudio\samples\Wpf.Ui.servoStudio\servoStudio_wjhet5xd_wpftmp.csproj]
C:\UserWorx\VSWorx\ServoStudio\wpfui-servoStudio\samples\Wpf.Ui.servoStudio\Helpers\EsiToSiiConverter.cs(339,9): warning IDE0011: 鍚?鈥渋f鈥?璇彞娣诲姞澶ф嫭鍙枫€?(https://learn.microsoft.com/dotnet/fundamentals/code-analysis/style-rules/ide0011) [C:\UserWorx\VSWorx\ServoStudio\wpfui-servoStudio\samples\Wpf.Ui.servoStudio\servoStudio_wjhet5xd_wpftmp.csproj]
C:\UserWorx\VSWorx\ServoStudio\wpfui-servoStudio\samples\Wpf.Ui.servoStudio\Helpers\EsiToSiiConverter.cs(343,9): warning IDE0011: 鍚?鈥渋f鈥?璇彞娣诲姞澶ф嫭鍙枫€?(https://learn.microsoft.com/dotnet/fundamentals/code-analysis/style-rules/ide0011) [C:\UserWorx\VSWorx\ServoStudio\wpfui-servoStudio\samples\Wpf.Ui.servoStudio\servoStudio_wjhet5xd_wpftmp.csproj]
C:\UserWorx\VSWorx\ServoStudio\wpfui-servoStudio\samples\Wpf.Ui.servoStudio\Helpers\EsiToSiiConverter.cs(345,9): warning IDE0011: 鍚?鈥渋f鈥?璇彞娣诲姞澶ф嫭鍙枫€?(https://learn.microsoft.com/dotnet/fundamentals/code-analysis/style-rules/ide0011) [C:\UserWorx\VSWorx\ServoStudio\wpfui-servoStudio\samples\Wpf.Ui.servoStudio\servoStudio_wjhet5xd_wpftmp.csproj]
C:\UserWorx\VSWorx\ServoStudio\wpfui-servoStudio\samples\Wpf.Ui.servoStudio\Helpers\EsiToSiiConverter.cs(350,9): warning IDE0011: 鍚?鈥渇or鈥?璇彞娣诲姞澶ф嫭鍙枫€?(https://learn.microsoft.com/dotnet/fundamentals/code-analysis/style-rules/ide0011) [C:\UserWorx\VSWorx\ServoStudio\wpfui-servoStudio\samples\Wpf.Ui.servoStudio\servoStudio_wjhet5xd_wpftmp.csproj]
C:\UserWorx\VSWorx\ServoStudio\wpfui-servoStudio\samples\Wpf.Ui.servoStudio\Helpers\EsiToSiiConverter.cs(353,9): warning IDE0011: 鍚?鈥渋f鈥?璇彞娣诲姞澶ф嫭鍙枫€?(https://learn.microsoft.com/dotnet/fundamentals/code-analysis/style-rules/ide0011) [C:\UserWorx\VSWorx\ServoStudio\wpfui-servoStudio\samples\Wpf.Ui.servoStudio\servoStudio_wjhet5xd_wpftmp.csproj]
C:\UserWorx\VSWorx\ServoStudio\wpfui-servoStudio\samples\Wpf.Ui.servoStudio\Core\CANopen\Adapters\CanAdapterFactory.cs(147,62): warning IDE0008: 鐢ㄦ樉寮忕被鍨嬩唬鏇?"var" (https://learn.microsoft.com/dotnet/fundamentals/code-analysis/style-rules/ide0008) [C:\UserWorx\VSWorx\ServoStudio\wpfui-servoStudio\samples\Wpf.Ui.servoStudio\servoStudio_wjhet5xd_wpftmp.csproj]
C:\UserWorx\VSWorx\ServoStudio\wpfui-servoStudio\samples\Wpf.Ui.servoStudio\Helpers\EsiToSiiConverter.cs(359,9): warning IDE0011: 鍚?鈥渋f鈥?璇彞娣诲姞澶ф嫭鍙枫€?(https://learn.microsoft.com/dotnet/fundamentals/code-analysis/style-rules/ide0011) [C:\UserWorx\VSWorx\ServoStudio\wpfui-servoStudio\samples\Wpf.Ui.servoStudio\servoStudio_wjhet5xd_wpftmp.csproj]
C:\UserWorx\VSWorx\ServoStudio\wpfui-servoStudio\samples\Wpf.Ui.servoStudio\Helpers\EsiToSiiConverter.cs(368,13): warning IDE0011: 鍚?鈥渋f鈥?璇彞娣诲姞澶ф嫭鍙枫€?(https://learn.microsoft.com/dotnet/fundamentals/code-analysis/style-rules/ide0011) [C:\UserWorx\VSWorx\ServoStudio\wpfui-servoStudio\samples\Wpf.Ui.servoStudio\servoStudio_wjhet5xd_wpftmp.csproj]
C:\UserWorx\VSWorx\ServoStudio\wpfui-servoStudio\samples\Wpf.Ui.servoStudio\Core\CANopen\Adapters\CanAdapterFactory.cs(167,26): warning IDE0008: 鐢ㄦ樉寮忕被鍨嬩唬鏇?"var" (https://learn.microsoft.com/dotnet/fundamentals/code-analysis/style-rules/ide0008) [C:\UserWorx\VSWorx\ServoStudio\wpfui-servoStudio\samples\Wpf.Ui.servoStudio\servoStudio_wjhet5xd_wpftmp.csproj]
C:\UserWorx\VSWorx\ServoStudio\wpfui-servoStudio\samples\Wpf.Ui.servoStudio\Core\CANopen\Adapters\CanAdapterFactory.cs(175,30): warning IDE0008: 鐢ㄦ樉寮忕被鍨嬩唬鏇?"var" (https://learn.microsoft.com/dotnet/fundamentals/code-analysis/style-rules/ide0008) [C:\UserWorx\VSWorx\ServoStudio\wpfui-servoStudio\samples\Wpf.Ui.servoStudio\servoStudio_wjhet5xd_wpftmp.csproj]
C:\UserWorx\VSWorx\ServoStudio\wpfui-servoStudio\samples\Wpf.Ui.servoStudio\Views\Pages\MotionPages\MotionProfilePage.xaml.cs(160,9): warning IDE0008: 鐢ㄦ樉寮忕被鍨嬩唬鏇?"var" (https://learn.microsoft.com/dotnet/fundamentals/code-analysis/style-rules/ide0008) [C:\UserWorx\VSWorx\ServoStudio\wpfui-servoStudio\samples\Wpf.Ui.servoStudio\servoStudio_wjhet5xd_wpftmp.csproj]
C:\UserWorx\VSWorx\ServoStudio\wpfui-servoStudio\samples\Wpf.Ui.servoStudio\Core\CANopen\Adapters\CanAdapterFactory.cs(182,65): warning IDE0008: 鐢ㄦ樉寮忕被鍨嬩唬鏇?"var" (https://learn.microsoft.com/dotnet/fundamentals/code-analysis/style-rules/ide0008) [C:\UserWorx\VSWorx\ServoStudio\wpfui-servoStudio\samples\Wpf.Ui.servoStudio\servoStudio_wjhet5xd_wpftmp.csproj]
C:\UserWorx\VSWorx\ServoStudio\wpfui-servoStudio\samples\Wpf.Ui.servoStudio\Core\CANopen\Adapters\CanAdapterFactory.cs(205,22): warning IDE0008: 鐢ㄦ樉寮忕被鍨嬩唬鏇?"var" (https://learn.microsoft.com/dotnet/fundamentals/code-analysis/style-rules/ide0008) [C:\UserWorx\VSWorx\ServoStudio\wpfui-servoStudio\samples\Wpf.Ui.servoStudio\servoStudio_wjhet5xd_wpftmp.csproj]
C:\UserWorx\VSWorx\ServoStudio\wpfui-servoStudio\samples\Wpf.Ui.servoStudio\Core\CANopen\Adapters\CanAdapterFactory.cs(323,25): warning IDE0008: 鐢ㄦ樉寮忕被鍨嬩唬鏇?"var" (https://learn.microsoft.com/dotnet/fundamentals/code-analysis/style-rules/ide0008) [C:\UserWorx\VSWorx\ServoStudio\wpfui-servoStudio\samples\Wpf.Ui.servoStudio\servoStudio_wjhet5xd_wpftmp.csproj]
C:\UserWorx\VSWorx\ServoStudio\wpfui-servoStudio\samples\Wpf.Ui.servoStudio\Core\CANopen\Adapters\CanAdapterFactory.cs(345,30): warning IDE0008: 鐢ㄦ樉寮忕被鍨嬩唬鏇?"var" (https://learn.microsoft.com/dotnet/fundamentals/code-analysis/style-rules/ide0008) [C:\UserWorx\VSWorx\ServoStudio\wpfui-servoStudio\samples\Wpf.Ui.servoStudio\servoStudio_wjhet5xd_wpftmp.csproj]
C:\UserWorx\VSWorx\ServoStudio\wpfui-servoStudio\samples\Wpf.Ui.servoStudio\Core\CANopen\Adapters\CanAdapterFactory.cs(353,34): warning IDE0008: 鐢ㄦ樉寮忕被鍨嬩唬鏇?"var" (https://learn.microsoft.com/dotnet/fundamentals/code-analysis/style-rules/ide0008) [C:\UserWorx\VSWorx\ServoStudio\wpfui-servoStudio\samples\Wpf.Ui.servoStudio\servoStudio_wjhet5xd_wpftmp.csproj]
C:\UserWorx\VSWorx\ServoStudio\wpfui-servoStudio\samples\Wpf.Ui.servoStudio\Core\CANopen\Adapters\CanAdapterFactory.cs(384,21): warning IDE0008: 鐢ㄦ樉寮忕被鍨嬩唬鏇?"var" (https://learn.microsoft.com/dotnet/fundamentals/code-analysis/style-rules/ide0008) [C:\UserWorx\VSWorx\ServoStudio\wpfui-servoStudio\samples\Wpf.Ui.servoStudio\servoStudio_wjhet5xd_wpftmp.csproj]
C:\UserWorx\VSWorx\ServoStudio\wpfui-servoStudio\samples\Wpf.Ui.servoStudio\Core\CANopen\Adapters\CanAdapterFactory.cs(389,21): warning IDE0008: 鐢ㄦ樉寮忕被鍨嬩唬鏇?"var" (https://learn.microsoft.com/dotnet/fundamentals/code-analysis/style-rules/ide0008) [C:\UserWorx\VSWorx\ServoStudio\wpfui-servoStudio\samples\Wpf.Ui.servoStudio\servoStudio_wjhet5xd_wpftmp.csproj]
C:\UserWorx\VSWorx\ServoStudio\wpfui-servoStudio\samples\Wpf.Ui.servoStudio\Core\CANopen\Adapters\CanAdapterFactory.cs(390,57): warning IDE0008: 鐢ㄦ樉寮忕被鍨嬩唬鏇?"var" (https://learn.microsoft.com/dotnet/fundamentals/code-analysis/style-rules/ide0008) [C:\UserWorx\VSWorx\ServoStudio\wpfui-servoStudio\samples\Wpf.Ui.servoStudio\servoStudio_wjhet5xd_wpftmp.csproj]
C:\UserWorx\VSWorx\ServoStudio\wpfui-servoStudio\samples\Wpf.Ui.servoStudio\Core\CANopen\Adapters\CanAdapterFactory.cs(417,22): warning IDE0008: 鐢ㄦ樉寮忕被鍨嬩唬鏇?"var" (https://learn.microsoft.com/dotnet/fundamentals/code-analysis/style-rules/ide0008) [C:\UserWorx\VSWorx\ServoStudio\wpfui-servoStudio\samples\Wpf.Ui.servoStudio\servoStudio_wjhet5xd_wpftmp.csproj]
C:\UserWorx\VSWorx\ServoStudio\wpfui-servoStudio\samples\Wpf.Ui.servoStudio\Core\EtherCAT\EtherCatCyclicSyncService.cs(70,9): warning IDE0058: 姘歌繙涓嶄細浣跨敤琛ㄨ揪寮忓€?(https://learn.microsoft.com/dotnet/fundamentals/code-analysis/style-rules/ide0058) [C:\UserWorx\VSWorx\ServoStudio\wpfui-servoStudio\samples\Wpf.Ui.servoStudio\servoStudio_wjhet5xd_wpftmp.csproj]
C:\UserWorx\VSWorx\ServoStudio\wpfui-servoStudio\samples\Wpf.Ui.servoStudio\Core\EtherCAT\EtherCatCyclicSyncService.cs(71,9): warning IDE0058: 姘歌繙涓嶄細浣跨敤琛ㄨ揪寮忓€?(https://learn.microsoft.com/dotnet/fundamentals/code-analysis/style-rules/ide0058) [C:\UserWorx\VSWorx\ServoStudio\wpfui-servoStudio\samples\Wpf.Ui.servoStudio\servoStudio_wjhet5xd_wpftmp.csproj]
C:\UserWorx\VSWorx\ServoStudio\wpfui-servoStudio\samples\Wpf.Ui.servoStudio\Core\EtherCAT\EtherCatCyclicSyncService.cs(81,21): warning IDE0058: 姘歌繙涓嶄細浣跨敤琛ㄨ揪寮忓€?(https://learn.microsoft.com/dotnet/fundamentals/code-analysis/style-rules/ide0058) [C:\UserWorx\VSWorx\ServoStudio\wpfui-servoStudio\samples\Wpf.Ui.servoStudio\servoStudio_wjhet5xd_wpftmp.csproj]
C:\UserWorx\VSWorx\ServoStudio\wpfui-servoStudio\samples\Wpf.Ui.servoStudio\Core\EtherCAT\EtherCatCyclicSyncService.cs(84,21): warning IDE0058: 姘歌繙涓嶄細浣跨敤琛ㄨ揪寮忓€?(https://learn.microsoft.com/dotnet/fundamentals/code-analysis/style-rules/ide0058) [C:\UserWorx\VSWorx\ServoStudio\wpfui-servoStudio\samples\Wpf.Ui.servoStudio\servoStudio_wjhet5xd_wpftmp.csproj]
C:\UserWorx\VSWorx\ServoStudio\wpfui-servoStudio\samples\Wpf.Ui.servoStudio\Core\EtherCAT\EtherCatCyclicSyncService.cs(86,13): warning IDE0058: 姘歌繙涓嶄細浣跨敤琛ㄨ揪寮忓€?(https://learn.microsoft.com/dotnet/fundamentals/code-analysis/style-rules/ide0058) [C:\UserWorx\VSWorx\ServoStudio\wpfui-servoStudio\samples\Wpf.Ui.servoStudio\servoStudio_wjhet5xd_wpftmp.csproj]
C:\UserWorx\VSWorx\ServoStudio\wpfui-servoStudio\samples\Wpf.Ui.servoStudio\Helpers\EsiToSiiConverter.cs(426,9): warning IDE0011: 鍚?鈥渋f鈥?璇彞娣诲姞澶ф嫭鍙枫€?(https://learn.microsoft.com/dotnet/fundamentals/code-analysis/style-rules/ide0011) [C:\UserWorx\VSWorx\ServoStudio\wpfui-servoStudio\samples\Wpf.Ui.servoStudio\servoStudio_wjhet5xd_wpftmp.csproj]
C:\UserWorx\VSWorx\ServoStudio\wpfui-servoStudio\samples\Wpf.Ui.servoStudio\Helpers\EsiToSiiConverter.cs(431,9): warning IDE0011: 鍚?鈥渋f鈥?璇彞娣诲姞澶ф嫭鍙枫€?(https://learn.microsoft.com/dotnet/fundamentals/code-analysis/style-rules/ide0011) [C:\UserWorx\VSWorx\ServoStudio\wpfui-servoStudio\samples\Wpf.Ui.servoStudio\servoStudio_wjhet5xd_wpftmp.csproj]
C:\UserWorx\VSWorx\ServoStudio\wpfui-servoStudio\samples\Wpf.Ui.servoStudio\Core\CANopen\SerialCanBus.cs(150,9): warning IDE0058: 姘歌繙涓嶄細浣跨敤琛ㄨ揪寮忓€?(https://learn.microsoft.com/dotnet/fundamentals/code-analysis/style-rules/ide0058) [C:\UserWorx\VSWorx\ServoStudio\wpfui-servoStudio\samples\Wpf.Ui.servoStudio\servoStudio_wjhet5xd_wpftmp.csproj]
C:\UserWorx\VSWorx\ServoStudio\wpfui-servoStudio\samples\Wpf.Ui.servoStudio\Core\CANopen\SerialCanBus.cs(151,9): warning IDE0058: 姘歌繙涓嶄細浣跨敤琛ㄨ揪寮忓€?(https://learn.microsoft.com/dotnet/fundamentals/code-analysis/style-rules/ide0058) [C:\UserWorx\VSWorx\ServoStudio\wpfui-servoStudio\samples\Wpf.Ui.servoStudio\servoStudio_wjhet5xd_wpftmp.csproj]
C:\UserWorx\VSWorx\ServoStudio\wpfui-servoStudio\samples\Wpf.Ui.servoStudio\Core\CANopen\SerialCanBus.cs(152,9): warning IDE0058: 姘歌繙涓嶄細浣跨敤琛ㄨ揪寮忓€?(https://learn.microsoft.com/dotnet/fundamentals/code-analysis/style-rules/ide0058) [C:\UserWorx\VSWorx\ServoStudio\wpfui-servoStudio\samples\Wpf.Ui.servoStudio\servoStudio_wjhet5xd_wpftmp.csproj]
C:\UserWorx\VSWorx\ServoStudio\wpfui-servoStudio\samples\Wpf.Ui.servoStudio\Core\CANopen\SerialCanBus.cs(155,13): warning IDE0058: 姘歌繙涓嶄細浣跨敤琛ㄨ揪寮忓€?(https://learn.microsoft.com/dotnet/fundamentals/code-analysis/style-rules/ide0058) [C:\UserWorx\VSWorx\ServoStudio\wpfui-servoStudio\samples\Wpf.Ui.servoStudio\servoStudio_wjhet5xd_wpftmp.csproj]
C:\UserWorx\VSWorx\ServoStudio\wpfui-servoStudio\samples\Wpf.Ui.servoStudio\Core\CANopen\SerialCanBus.cs(134,15): warning IDE0058: 姘歌繙涓嶄細浣跨敤琛ㄨ揪寮忓€?(https://learn.microsoft.com/dotnet/fundamentals/code-analysis/style-rules/ide0058) [C:\UserWorx\VSWorx\ServoStudio\wpfui-servoStudio\samples\Wpf.Ui.servoStudio\servoStudio_wjhet5xd_wpftmp.csproj]
C:\UserWorx\VSWorx\ServoStudio\wpfui-servoStudio\samples\Wpf.Ui.servoStudio\Core\Modbus\ModbusRtuMaster.cs(216,17): warning CA1063: 淇敼鈥淢odbusRtuMaster.Dispose鈥濓紝浣垮叾璋冪敤 Dispose(true)锛屽啀瀵瑰綋鍓嶅璞″疄渚嬭皟鐢?GC.SuppressFinalize (Visual Basic 涓殑鈥滄椤光€濇垨鈥滄垜鈥?锛岀劧鍚庤繑鍥?(https://learn.microsoft.com/dotnet/fundamentals/code-analysis/quality-rules/ca1063) [C:\UserWorx\VSWorx\ServoStudio\wpfui-servoStudio\samples\Wpf.Ui.servoStudio\servoStudio_wjhet5xd_wpftmp.csproj]
C:\UserWorx\VSWorx\ServoStudio\wpfui-servoStudio\samples\Wpf.Ui.servoStudio\Views\Pages\MotionPages\MotionProfilePage.xaml.cs(215,9): warning IDE0008: 鐢ㄦ樉寮忕被鍨嬩唬鏇?"var" (https://learn.microsoft.com/dotnet/fundamentals/code-analysis/style-rules/ide0008) [C:\UserWorx\VSWorx\ServoStudio\wpfui-servoStudio\samples\Wpf.Ui.servoStudio\servoStudio_wjhet5xd_wpftmp.csproj]
C:\UserWorx\VSWorx\ServoStudio\wpfui-servoStudio\samples\Wpf.Ui.servoStudio\Core\Modbus\ModbusRtuMaster.cs(262,9): warning IDE0008: 鐢ㄦ樉寮忕被鍨嬩唬鏇?"var" (https://learn.microsoft.com/dotnet/fundamentals/code-analysis/style-rules/ide0008) [C:\UserWorx\VSWorx\ServoStudio\wpfui-servoStudio\samples\Wpf.Ui.servoStudio\servoStudio_wjhet5xd_wpftmp.csproj]
C:\UserWorx\VSWorx\ServoStudio\wpfui-servoStudio\samples\Wpf.Ui.servoStudio\Core\CANopen\SerialCanBus.cs(228,25): warning IDE0058: 姘歌繙涓嶄細浣跨敤琛ㄨ揪寮忓€?(https://learn.microsoft.com/dotnet/fundamentals/code-analysis/style-rules/ide0058) [C:\UserWorx\VSWorx\ServoStudio\wpfui-servoStudio\samples\Wpf.Ui.servoStudio\servoStudio_wjhet5xd_wpftmp.csproj]
C:\UserWorx\VSWorx\ServoStudio\wpfui-servoStudio\samples\Wpf.Ui.servoStudio\Core\CANopen\SerialCanBus.cs(233,21): warning IDE0058: 姘歌繙涓嶄細浣跨敤琛ㄨ揪寮忓€?(https://learn.microsoft.com/dotnet/fundamentals/code-analysis/style-rules/ide0058) [C:\UserWorx\VSWorx\ServoStudio\wpfui-servoStudio\samples\Wpf.Ui.servoStudio\servoStudio_wjhet5xd_wpftmp.csproj]
C:\UserWorx\VSWorx\ServoStudio\wpfui-servoStudio\samples\Wpf.Ui.servoStudio\Core\CANopen\SerialCanBus.cs(236,25): warning IDE0058: 姘歌繙涓嶄細浣跨敤琛ㄨ揪寮忓€?(https://learn.microsoft.com/dotnet/fundamentals/code-analysis/style-rules/ide0058) [C:\UserWorx\VSWorx\ServoStudio\wpfui-servoStudio\samples\Wpf.Ui.servoStudio\servoStudio_wjhet5xd_wpftmp.csproj]
C:\UserWorx\VSWorx\ServoStudio\wpfui-servoStudio\samples\Wpf.Ui.servoStudio\Views\Pages\MotionPages\MotionProfilePage.xaml.cs(236,18): warning IDE0008: 鐢ㄦ樉寮忕被鍨嬩唬鏇?"var" (https://learn.microsoft.com/dotnet/fundamentals/code-analysis/style-rules/ide0008) [C:\UserWorx\VSWorx\ServoStudio\wpfui-servoStudio\samples\Wpf.Ui.servoStudio\servoStudio_wjhet5xd_wpftmp.csproj]
C:\UserWorx\VSWorx\ServoStudio\wpfui-servoStudio\samples\Wpf.Ui.servoStudio\Core\Modbus\ModbusRtuMaster.cs(282,15): warning IDE0058: 姘歌繙涓嶄細浣跨敤琛ㄨ揪寮忓€?(https://learn.microsoft.com/dotnet/fundamentals/code-analysis/style-rules/ide0058) [C:\UserWorx\VSWorx\ServoStudio\wpfui-servoStudio\samples\Wpf.Ui.servoStudio\servoStudio_wjhet5xd_wpftmp.csproj]
C:\UserWorx\VSWorx\ServoStudio\wpfui-servoStudio\samples\Wpf.Ui.servoStudio\Helpers\EsiToSiiConverter.cs(451,9): warning IDE0011: 鍚?鈥渋f鈥?璇彞娣诲姞澶ф嫭鍙枫€?(https://learn.microsoft.com/dotnet/fundamentals/code-analysis/style-rules/ide0011) [C:\UserWorx\VSWorx\ServoStudio\wpfui-servoStudio\samples\Wpf.Ui.servoStudio\servoStudio_wjhet5xd_wpftmp.csproj]
C:\UserWorx\VSWorx\ServoStudio\wpfui-servoStudio\samples\Wpf.Ui.servoStudio\Core\Usb\UsbBulkBus.cs(102,19): warning IDE0058: 姘歌繙涓嶄細浣跨敤琛ㄨ揪寮忓€?(https://learn.microsoft.com/dotnet/fundamentals/code-analysis/style-rules/ide0058) [C:\UserWorx\VSWorx\ServoStudio\wpfui-servoStudio\samples\Wpf.Ui.servoStudio\servoStudio_wjhet5xd_wpftmp.csproj]
C:\UserWorx\VSWorx\ServoStudio\wpfui-servoStudio\samples\Wpf.Ui.servoStudio\Views\Pages\MotionPages\MotionProfilePage.xaml.cs(255,9): warning IDE0011: 鍚?鈥渋f鈥?璇彞娣诲姞澶ф嫭鍙枫€?(https://learn.microsoft.com/dotnet/fundamentals/code-analysis/style-rules/ide0011) [C:\UserWorx\VSWorx\ServoStudio\wpfui-servoStudio\samples\Wpf.Ui.servoStudio\servoStudio_wjhet5xd_wpftmp.csproj]
C:\UserWorx\VSWorx\ServoStudio\wpfui-servoStudio\samples\Wpf.Ui.servoStudio\Views\Pages\MotionPages\MotionProfilePage.xaml.cs(254,9): warning IDE0008: 鐢ㄦ樉寮忕被鍨嬩唬鏇?"var" (https://learn.microsoft.com/dotnet/fundamentals/code-analysis/style-rules/ide0008) [C:\UserWorx\VSWorx\ServoStudio\wpfui-servoStudio\samples\Wpf.Ui.servoStudio\servoStudio_wjhet5xd_wpftmp.csproj]
C:\UserWorx\VSWorx\ServoStudio\wpfui-servoStudio\samples\Wpf.Ui.servoStudio\Core\Modbus\ModbusRtuMaster.cs(325,25): warning IDE0058: 姘歌繙涓嶄細浣跨敤琛ㄨ揪寮忓€?(https://learn.microsoft.com/dotnet/fundamentals/code-analysis/style-rules/ide0058) [C:\UserWorx\VSWorx\ServoStudio\wpfui-servoStudio\samples\Wpf.Ui.servoStudio\servoStudio_wjhet5xd_wpftmp.csproj]
C:\UserWorx\VSWorx\ServoStudio\wpfui-servoStudio\samples\Wpf.Ui.servoStudio\Core\Modbus\ModbusRtuMaster.cs(337,29): warning IDE0058: 姘歌繙涓嶄細浣跨敤琛ㄨ揪寮忓€?(https://learn.microsoft.com/dotnet/fundamentals/code-analysis/style-rules/ide0058) [C:\UserWorx\VSWorx\ServoStudio\wpfui-servoStudio\samples\Wpf.Ui.servoStudio\servoStudio_wjhet5xd_wpftmp.csproj]
C:\UserWorx\VSWorx\ServoStudio\wpfui-servoStudio\samples\Wpf.Ui.servoStudio\Core\Modbus\ModbusRtuMaster.cs(341,29): warning IDE0058: 姘歌繙涓嶄細浣跨敤琛ㄨ揪寮忓€?(https://learn.microsoft.com/dotnet/fundamentals/code-analysis/style-rules/ide0058) [C:\UserWorx\VSWorx\ServoStudio\wpfui-servoStudio\samples\Wpf.Ui.servoStudio\servoStudio_wjhet5xd_wpftmp.csproj]
C:\UserWorx\VSWorx\ServoStudio\wpfui-servoStudio\samples\Wpf.Ui.servoStudio\ViewModels\AppData\DataSaveViewModel.cs(731,95): warning IDE0055: 淇鏍煎紡 (https://learn.microsoft.com/dotnet/fundamentals/code-analysis/style-rules/ide0055) [C:\UserWorx\VSWorx\ServoStudio\wpfui-servoStudio\samples\Wpf.Ui.servoStudio\servoStudio_wjhet5xd_wpftmp.csproj]
C:\UserWorx\VSWorx\ServoStudio\wpfui-servoStudio\samples\Wpf.Ui.servoStudio\ViewModels\AppData\DataSaveViewModel.cs(799,12): warning IDE0055: 淇鏍煎紡 (https://learn.microsoft.com/dotnet/fundamentals/code-analysis/style-rules/ide0055) [C:\UserWorx\VSWorx\ServoStudio\wpfui-servoStudio\samples\Wpf.Ui.servoStudio\servoStudio_wjhet5xd_wpftmp.csproj]
C:\UserWorx\VSWorx\ServoStudio\wpfui-servoStudio\samples\Wpf.Ui.servoStudio\ViewModels\AppData\DataSaveViewModel.cs(799,14): warning IDE0055: 淇鏍煎紡 (https://learn.microsoft.com/dotnet/fundamentals/code-analysis/style-rules/ide0055) [C:\UserWorx\VSWorx\ServoStudio\wpfui-servoStudio\samples\Wpf.Ui.servoStudio\servoStudio_wjhet5xd_wpftmp.csproj]
C:\UserWorx\VSWorx\ServoStudio\wpfui-servoStudio\samples\Wpf.Ui.servoStudio\ViewModels\AppData\DataSaveViewModel.cs(799,38): warning IDE0055: 淇鏍煎紡 (https://learn.microsoft.com/dotnet/fundamentals/code-analysis/style-rules/ide0055) [C:\UserWorx\VSWorx\ServoStudio\wpfui-servoStudio\samples\Wpf.Ui.servoStudio\servoStudio_wjhet5xd_wpftmp.csproj]
C:\UserWorx\VSWorx\ServoStudio\wpfui-servoStudio\samples\Wpf.Ui.servoStudio\ViewModels\AppData\DataSaveViewModel.cs(799,40): warning IDE0055: 淇鏍煎紡 (https://learn.microsoft.com/dotnet/fundamentals/code-analysis/style-rules/ide0055) [C:\UserWorx\VSWorx\ServoStudio\wpfui-servoStudio\samples\Wpf.Ui.servoStudio\servoStudio_wjhet5xd_wpftmp.csproj]
C:\UserWorx\VSWorx\ServoStudio\wpfui-servoStudio\samples\Wpf.Ui.servoStudio\ViewModels\AppData\DataSaveViewModel.cs(839,12): warning IDE0055: 淇鏍煎紡 (https://learn.microsoft.com/dotnet/fundamentals/code-analysis/style-rules/ide0055) [C:\UserWorx\VSWorx\ServoStudio\wpfui-servoStudio\samples\Wpf.Ui.servoStudio\servoStudio_wjhet5xd_wpftmp.csproj]
C:\UserWorx\VSWorx\ServoStudio\wpfui-servoStudio\samples\Wpf.Ui.servoStudio\ViewModels\AppData\DataSaveViewModel.cs(839,14): warning IDE0055: 淇鏍煎紡 (https://learn.microsoft.com/dotnet/fundamentals/code-analysis/style-rules/ide0055) [C:\UserWorx\VSWorx\ServoStudio\wpfui-servoStudio\samples\Wpf.Ui.servoStudio\servoStudio_wjhet5xd_wpftmp.csproj]
C:\UserWorx\VSWorx\ServoStudio\wpfui-servoStudio\samples\Wpf.Ui.servoStudio\ViewModels\AppData\DataSaveViewModel.cs(839,53): warning IDE0055: 淇鏍煎紡 (https://learn.microsoft.com/dotnet/fundamentals/code-analysis/style-rules/ide0055) [C:\UserWorx\VSWorx\ServoStudio\wpfui-servoStudio\samples\Wpf.Ui.servoStudio\servoStudio_wjhet5xd_wpftmp.csproj]
C:\UserWorx\VSWorx\ServoStudio\wpfui-servoStudio\samples\Wpf.Ui.servoStudio\ViewModels\AppData\DataSaveViewModel.cs(1110,27): warning IDE0055: 淇鏍煎紡 (https://learn.microsoft.com/dotnet/fundamentals/code-analysis/style-rules/ide0055) [C:\UserWorx\VSWorx\ServoStudio\wpfui-servoStudio\samples\Wpf.Ui.servoStudio\servoStudio_wjhet5xd_wpftmp.csproj]
C:\UserWorx\VSWorx\ServoStudio\wpfui-servoStudio\samples\Wpf.Ui.servoStudio\ViewModels\AppData\DataSaveViewModel.cs(1123,37): warning IDE0055: 淇鏍煎紡 (https://learn.microsoft.com/dotnet/fundamentals/code-analysis/style-rules/ide0055) [C:\UserWorx\VSWorx\ServoStudio\wpfui-servoStudio\samples\Wpf.Ui.servoStudio\servoStudio_wjhet5xd_wpftmp.csproj]
C:\UserWorx\VSWorx\ServoStudio\wpfui-servoStudio\samples\Wpf.Ui.servoStudio\ViewModels\AppData\DataSaveViewModel.cs(1129,27): warning IDE0055: 淇鏍煎紡 (https://learn.microsoft.com/dotnet/fundamentals/code-analysis/style-rules/ide0055) [C:\UserWorx\VSWorx\ServoStudio\wpfui-servoStudio\samples\Wpf.Ui.servoStudio\servoStudio_wjhet5xd_wpftmp.csproj]
C:\UserWorx\VSWorx\ServoStudio\wpfui-servoStudio\samples\Wpf.Ui.servoStudio\ViewModels\AppData\DataSaveViewModel.cs(1129,50): warning IDE0055: 淇鏍煎紡 (https://learn.microsoft.com/dotnet/fundamentals/code-analysis/style-rules/ide0055) [C:\UserWorx\VSWorx\ServoStudio\wpfui-servoStudio\samples\Wpf.Ui.servoStudio\servoStudio_wjhet5xd_wpftmp.csproj]
C:\UserWorx\VSWorx\ServoStudio\wpfui-servoStudio\samples\Wpf.Ui.servoStudio\ViewModels\AppData\DataSaveViewModel.cs(1130,26): warning IDE0055: 淇鏍煎紡 (https://learn.microsoft.com/dotnet/fundamentals/code-analysis/style-rules/ide0055) [C:\UserWorx\VSWorx\ServoStudio\wpfui-servoStudio\samples\Wpf.Ui.servoStudio\servoStudio_wjhet5xd_wpftmp.csproj]
C:\UserWorx\VSWorx\ServoStudio\wpfui-servoStudio\samples\Wpf.Ui.servoStudio\ViewModels\AppData\DataSaveViewModel.cs(1130,49): warning IDE0055: 淇鏍煎紡 (https://learn.microsoft.com/dotnet/fundamentals/code-analysis/style-rules/ide0055) [C:\UserWorx\VSWorx\ServoStudio\wpfui-servoStudio\samples\Wpf.Ui.servoStudio\servoStudio_wjhet5xd_wpftmp.csproj]
C:\UserWorx\VSWorx\ServoStudio\wpfui-servoStudio\samples\Wpf.Ui.servoStudio\ViewModels\AppData\DataSaveViewModel.cs(1131,27): warning IDE0055: 淇鏍煎紡 (https://learn.microsoft.com/dotnet/fundamentals/code-analysis/style-rules/ide0055) [C:\UserWorx\VSWorx\ServoStudio\wpfui-servoStudio\samples\Wpf.Ui.servoStudio\servoStudio_wjhet5xd_wpftmp.csproj]
C:\UserWorx\VSWorx\ServoStudio\wpfui-servoStudio\samples\Wpf.Ui.servoStudio\ViewModels\AppData\DataSaveViewModel.cs(1131,49): warning IDE0055: 淇鏍煎紡 (https://learn.microsoft.com/dotnet/fundamentals/code-analysis/style-rules/ide0055) [C:\UserWorx\VSWorx\ServoStudio\wpfui-servoStudio\samples\Wpf.Ui.servoStudio\servoStudio_wjhet5xd_wpftmp.csproj]
C:\UserWorx\VSWorx\ServoStudio\wpfui-servoStudio\samples\Wpf.Ui.servoStudio\ViewModels\AppData\DataSaveViewModel.cs(1132,27): warning IDE0055: 淇鏍煎紡 (https://learn.microsoft.com/dotnet/fundamentals/code-analysis/style-rules/ide0055) [C:\UserWorx\VSWorx\ServoStudio\wpfui-servoStudio\samples\Wpf.Ui.servoStudio\servoStudio_wjhet5xd_wpftmp.csproj]
C:\UserWorx\VSWorx\ServoStudio\wpfui-servoStudio\samples\Wpf.Ui.servoStudio\ViewModels\AppData\DataSaveViewModel.cs(1132,49): warning IDE0055: 淇鏍煎紡 (https://learn.microsoft.com/dotnet/fundamentals/code-analysis/style-rules/ide0055) [C:\UserWorx\VSWorx\ServoStudio\wpfui-servoStudio\samples\Wpf.Ui.servoStudio\servoStudio_wjhet5xd_wpftmp.csproj]
C:\UserWorx\VSWorx\ServoStudio\wpfui-servoStudio\samples\Wpf.Ui.servoStudio\ViewModels\AppData\DataSaveViewModel.cs(1133,27): warning IDE0055: 淇鏍煎紡 (https://learn.microsoft.com/dotnet/fundamentals/code-analysis/style-rules/ide0055) [C:\UserWorx\VSWorx\ServoStudio\wpfui-servoStudio\samples\Wpf.Ui.servoStudio\servoStudio_wjhet5xd_wpftmp.csproj]
C:\UserWorx\VSWorx\ServoStudio\wpfui-servoStudio\samples\Wpf.Ui.servoStudio\ViewModels\AppData\DataSaveViewModel.cs(1133,49): warning IDE0055: 淇鏍煎紡 (https://learn.microsoft.com/dotnet/fundamentals/code-analysis/style-rules/ide0055) [C:\UserWorx\VSWorx\ServoStudio\wpfui-servoStudio\samples\Wpf.Ui.servoStudio\servoStudio_wjhet5xd_wpftmp.csproj]
C:\UserWorx\VSWorx\ServoStudio\wpfui-servoStudio\samples\Wpf.Ui.servoStudio\ViewModels\AppData\DataSaveViewModel.cs(1135,34): warning IDE0055: 淇鏍煎紡 (https://learn.microsoft.com/dotnet/fundamentals/code-analysis/style-rules/ide0055) [C:\UserWorx\VSWorx\ServoStudio\wpfui-servoStudio\samples\Wpf.Ui.servoStudio\servoStudio_wjhet5xd_wpftmp.csproj]
C:\UserWorx\VSWorx\ServoStudio\wpfui-servoStudio\samples\Wpf.Ui.servoStudio\ViewModels\AppData\DataSaveViewModel.cs(1136,25): warning IDE0055: 淇鏍煎紡 (https://learn.microsoft.com/dotnet/fundamentals/code-analysis/style-rules/ide0055) [C:\UserWorx\VSWorx\ServoStudio\wpfui-servoStudio\samples\Wpf.Ui.servoStudio\servoStudio_wjhet5xd_wpftmp.csproj]
C:\UserWorx\VSWorx\ServoStudio\wpfui-servoStudio\samples\Wpf.Ui.servoStudio\ViewModels\AppData\DataSaveViewModel.cs(1163,12): warning IDE0055: 淇鏍煎紡 (https://learn.microsoft.com/dotnet/fundamentals/code-analysis/style-rules/ide0055) [C:\UserWorx\VSWorx\ServoStudio\wpfui-servoStudio\samples\Wpf.Ui.servoStudio\servoStudio_wjhet5xd_wpftmp.csproj]
C:\UserWorx\VSWorx\ServoStudio\wpfui-servoStudio\samples\Wpf.Ui.servoStudio\ViewModels\AppData\DataSaveViewModel.cs(1163,14): warning IDE0055: 淇鏍煎紡 (https://learn.microsoft.com/dotnet/fundamentals/code-analysis/style-rules/ide0055) [C:\UserWorx\VSWorx\ServoStudio\wpfui-servoStudio\samples\Wpf.Ui.servoStudio\servoStudio_wjhet5xd_wpftmp.csproj]
C:\UserWorx\VSWorx\ServoStudio\wpfui-servoStudio\samples\Wpf.Ui.servoStudio\ViewModels\AppData\DataSaveViewModel.cs(1163,38): warning IDE0055: 淇鏍煎紡 (https://learn.microsoft.com/dotnet/fundamentals/code-analysis/style-rules/ide0055) [C:\UserWorx\VSWorx\ServoStudio\wpfui-servoStudio\samples\Wpf.Ui.servoStudio\servoStudio_wjhet5xd_wpftmp.csproj]
C:\UserWorx\VSWorx\ServoStudio\wpfui-servoStudio\samples\Wpf.Ui.servoStudio\ViewModels\AppData\DataSaveViewModel.cs(1163,40): warning IDE0055: 淇鏍煎紡 (https://learn.microsoft.com/dotnet/fundamentals/code-analysis/style-rules/ide0055) [C:\UserWorx\VSWorx\ServoStudio\wpfui-servoStudio\samples\Wpf.Ui.servoStudio\servoStudio_wjhet5xd_wpftmp.csproj]
C:\UserWorx\VSWorx\ServoStudio\wpfui-servoStudio\samples\Wpf.Ui.servoStudio\Core\Usb\UsbBulkBus.cs(221,13): warning IDE0058: 姘歌繙涓嶄細浣跨敤琛ㄨ揪寮忓€?(https://learn.microsoft.com/dotnet/fundamentals/code-analysis/style-rules/ide0058) [C:\UserWorx\VSWorx\ServoStudio\wpfui-servoStudio\samples\Wpf.Ui.servoStudio\servoStudio_wjhet5xd_wpftmp.csproj]
C:\UserWorx\VSWorx\ServoStudio\wpfui-servoStudio\samples\Wpf.Ui.servoStudio\Services\UserSettingsService.cs(89,9): warning IDE0011: 鍚?鈥渋f鈥?璇彞娣诲姞澶ф嫭鍙枫€?(https://learn.microsoft.com/dotnet/fundamentals/code-analysis/style-rules/ide0011) [C:\UserWorx\VSWorx\ServoStudio\wpfui-servoStudio\samples\Wpf.Ui.servoStudio\servoStudio_wjhet5xd_wpftmp.csproj]
C:\UserWorx\VSWorx\ServoStudio\wpfui-servoStudio\samples\Wpf.Ui.servoStudio\Services\UserSettingsService.cs(93,9): warning IDE0011: 鍚?鈥渋f鈥?璇彞娣诲姞澶ф嫭鍙枫€?(https://learn.microsoft.com/dotnet/fundamentals/code-analysis/style-rules/ide0011) [C:\UserWorx\VSWorx\ServoStudio\wpfui-servoStudio\samples\Wpf.Ui.servoStudio\servoStudio_wjhet5xd_wpftmp.csproj]
C:\UserWorx\VSWorx\ServoStudio\wpfui-servoStudio\samples\Wpf.Ui.servoStudio\Services\UserSettingsService.cs(98,13): warning IDE0011: 鍚?鈥渋f鈥?璇彞娣诲姞澶ф嫭鍙枫€?(https://learn.microsoft.com/dotnet/fundamentals/code-analysis/style-rules/ide0011) [C:\UserWorx\VSWorx\ServoStudio\wpfui-servoStudio\samples\Wpf.Ui.servoStudio\servoStudio_wjhet5xd_wpftmp.csproj]
C:\UserWorx\VSWorx\ServoStudio\wpfui-servoStudio\samples\Wpf.Ui.servoStudio\ViewModels\AppData\DataSaveViewModel.cs(1069,25): warning IDE2003: 鍧椾笌鍚庣画璇彞涔嬮棿闇€瑕佹湁绌虹櫧琛?(https://learn.microsoft.com/dotnet/fundamentals/code-analysis/style-rules/ide2003) [C:\UserWorx\VSWorx\ServoStudio\wpfui-servoStudio\samples\Wpf.Ui.servoStudio\servoStudio_wjhet5xd_wpftmp.csproj]
C:\UserWorx\VSWorx\ServoStudio\wpfui-servoStudio\samples\Wpf.Ui.servoStudio\ViewModels\AppData\DataSaveViewModel.cs(1075,25): warning IDE2003: 鍧椾笌鍚庣画璇彞涔嬮棿闇€瑕佹湁绌虹櫧琛?(https://learn.microsoft.com/dotnet/fundamentals/code-analysis/style-rules/ide2003) [C:\UserWorx\VSWorx\ServoStudio\wpfui-servoStudio\samples\Wpf.Ui.servoStudio\servoStudio_wjhet5xd_wpftmp.csproj]
C:\UserWorx\VSWorx\ServoStudio\wpfui-servoStudio\samples\Wpf.Ui.servoStudio\ViewModels\AppData\DataSaveViewModel.cs(1139,9): warning IDE2003: 鍧椾笌鍚庣画璇彞涔嬮棿闇€瑕佹湁绌虹櫧琛?(https://learn.microsoft.com/dotnet/fundamentals/code-analysis/style-rules/ide2003) [C:\UserWorx\VSWorx\ServoStudio\wpfui-servoStudio\samples\Wpf.Ui.servoStudio\servoStudio_wjhet5xd_wpftmp.csproj]
C:\UserWorx\VSWorx\ServoStudio\wpfui-servoStudio\samples\Wpf.Ui.servoStudio\ViewModels\AppData\DataSaveViewModel.cs(1163,49): warning IDE2003: 鍧椾笌鍚庣画璇彞涔嬮棿闇€瑕佹湁绌虹櫧琛?(https://learn.microsoft.com/dotnet/fundamentals/code-analysis/style-rules/ide2003) [C:\UserWorx\VSWorx\ServoStudio\wpfui-servoStudio\samples\Wpf.Ui.servoStudio\servoStudio_wjhet5xd_wpftmp.csproj]
C:\UserWorx\VSWorx\ServoStudio\wpfui-servoStudio\samples\Wpf.Ui.servoStudio\Helpers\EsiToSiiConverter.cs(561,9): warning IDE0011: 鍚?鈥渋f鈥?璇彞娣诲姞澶ф嫭鍙枫€?(https://learn.microsoft.com/dotnet/fundamentals/code-analysis/style-rules/ide0011) [C:\UserWorx\VSWorx\ServoStudio\wpfui-servoStudio\samples\Wpf.Ui.servoStudio\servoStudio_wjhet5xd_wpftmp.csproj]
C:\UserWorx\VSWorx\ServoStudio\wpfui-servoStudio\samples\Wpf.Ui.servoStudio\Helpers\EsiToSiiConverter.cs(576,17): warning IDE0011: 鍚?鈥渋f鈥?璇彞娣诲姞澶ф嫭鍙枫€?(https://learn.microsoft.com/dotnet/fundamentals/code-analysis/style-rules/ide0011) [C:\UserWorx\VSWorx\ServoStudio\wpfui-servoStudio\samples\Wpf.Ui.servoStudio\servoStudio_wjhet5xd_wpftmp.csproj]
C:\UserWorx\VSWorx\ServoStudio\wpfui-servoStudio\samples\Wpf.Ui.servoStudio\Helpers\EsiToSiiConverter.cs(578,17): warning IDE0011: 鍚?鈥渆lse鈥?璇彞娣诲姞澶ф嫭鍙枫€?(https://learn.microsoft.com/dotnet/fundamentals/code-analysis/style-rules/ide0011) [C:\UserWorx\VSWorx\ServoStudio\wpfui-servoStudio\samples\Wpf.Ui.servoStudio\servoStudio_wjhet5xd_wpftmp.csproj]
C:\UserWorx\VSWorx\ServoStudio\wpfui-servoStudio\samples\Wpf.Ui.servoStudio\Models\Cia402Varibles.cs(136,9): warning IDE0011: 鍚?鈥渋f鈥?璇彞娣诲姞澶ф嫭鍙枫€?(https://learn.microsoft.com/dotnet/fundamentals/code-analysis/style-rules/ide0011) [C:\UserWorx\VSWorx\ServoStudio\wpfui-servoStudio\samples\Wpf.Ui.servoStudio\servoStudio_wjhet5xd_wpftmp.csproj]
C:\UserWorx\VSWorx\ServoStudio\wpfui-servoStudio\samples\Wpf.Ui.servoStudio\Models\Cia402Varibles.cs(137,9): warning IDE0011: 鍚?鈥渋f鈥?璇彞娣诲姞澶ф嫭鍙枫€?(https://learn.microsoft.com/dotnet/fundamentals/code-analysis/style-rules/ide0011) [C:\UserWorx\VSWorx\ServoStudio\wpfui-servoStudio\samples\Wpf.Ui.servoStudio\servoStudio_wjhet5xd_wpftmp.csproj]
C:\UserWorx\VSWorx\ServoStudio\wpfui-servoStudio\samples\Wpf.Ui.servoStudio\Models\Cia402Varibles.cs(138,9): warning IDE0011: 鍚?鈥渋f鈥?璇彞娣诲姞澶ф嫭鍙枫€?(https://learn.microsoft.com/dotnet/fundamentals/code-analysis/style-rules/ide0011) [C:\UserWorx\VSWorx\ServoStudio\wpfui-servoStudio\samples\Wpf.Ui.servoStudio\servoStudio_wjhet5xd_wpftmp.csproj]
C:\UserWorx\VSWorx\ServoStudio\wpfui-servoStudio\samples\Wpf.Ui.servoStudio\Models\Cia402Varibles.cs(139,9): warning IDE0011: 鍚?鈥渋f鈥?璇彞娣诲姞澶ф嫭鍙枫€?(https://learn.microsoft.com/dotnet/fundamentals/code-analysis/style-rules/ide0011) [C:\UserWorx\VSWorx\ServoStudio\wpfui-servoStudio\samples\Wpf.Ui.servoStudio\servoStudio_wjhet5xd_wpftmp.csproj]
C:\UserWorx\VSWorx\ServoStudio\wpfui-servoStudio\samples\Wpf.Ui.servoStudio\Models\Cia402Varibles.cs(140,9): warning IDE0011: 鍚?鈥渋f鈥?璇彞娣诲姞澶ф嫭鍙枫€?(https://learn.microsoft.com/dotnet/fundamentals/code-analysis/style-rules/ide0011) [C:\UserWorx\VSWorx\ServoStudio\wpfui-servoStudio\samples\Wpf.Ui.servoStudio\servoStudio_wjhet5xd_wpftmp.csproj]
C:\UserWorx\VSWorx\ServoStudio\wpfui-servoStudio\samples\Wpf.Ui.servoStudio\Models\Cia402Varibles.cs(141,9): warning IDE0011: 鍚?鈥渋f鈥?璇彞娣诲姞澶ф嫭鍙枫€?(https://learn.microsoft.com/dotnet/fundamentals/code-analysis/style-rules/ide0011) [C:\UserWorx\VSWorx\ServoStudio\wpfui-servoStudio\samples\Wpf.Ui.servoStudio\servoStudio_wjhet5xd_wpftmp.csproj]
C:\UserWorx\VSWorx\ServoStudio\wpfui-servoStudio\samples\Wpf.Ui.servoStudio\Models\Cia402Varibles.cs(142,9): warning IDE0011: 鍚?鈥渋f鈥?璇彞娣诲姞澶ф嫭鍙枫€?(https://learn.microsoft.com/dotnet/fundamentals/code-analysis/style-rules/ide0011) [C:\UserWorx\VSWorx\ServoStudio\wpfui-servoStudio\samples\Wpf.Ui.servoStudio\servoStudio_wjhet5xd_wpftmp.csproj]
C:\UserWorx\VSWorx\ServoStudio\wpfui-servoStudio\samples\Wpf.Ui.servoStudio\Models\Cia402Varibles.cs(143,9): warning IDE0011: 鍚?鈥渋f鈥?璇彞娣诲姞澶ф嫭鍙枫€?(https://learn.microsoft.com/dotnet/fundamentals/code-analysis/style-rules/ide0011) [C:\UserWorx\VSWorx\ServoStudio\wpfui-servoStudio\samples\Wpf.Ui.servoStudio\servoStudio_wjhet5xd_wpftmp.csproj]
C:\UserWorx\VSWorx\ServoStudio\wpfui-servoStudio\samples\Wpf.Ui.servoStudio\Core\Usb\UsbBulkBus.cs(293,13): warning IDE0058: 姘歌繙涓嶄細浣跨敤琛ㄨ揪寮忓€?(https://learn.microsoft.com/dotnet/fundamentals/code-analysis/style-rules/ide0058) [C:\UserWorx\VSWorx\ServoStudio\wpfui-servoStudio\samples\Wpf.Ui.servoStudio\servoStudio_wjhet5xd_wpftmp.csproj]
C:\UserWorx\VSWorx\ServoStudio\wpfui-servoStudio\samples\Wpf.Ui.servoStudio\Helpers\EsiToSiiConverter.cs(588,9): warning IDE0011: 鍚?鈥渋f鈥?璇彞娣诲姞澶ф嫭鍙枫€?(https://learn.microsoft.com/dotnet/fundamentals/code-analysis/style-rules/ide0011) [C:\UserWorx\VSWorx\ServoStudio\wpfui-servoStudio\samples\Wpf.Ui.servoStudio\servoStudio_wjhet5xd_wpftmp.csproj]
C:\UserWorx\VSWorx\ServoStudio\wpfui-servoStudio\samples\Wpf.Ui.servoStudio\Helpers\EsiToSiiConverter.cs(592,9): warning IDE0011: 鍚?鈥渋f鈥?璇彞娣诲姞澶ф嫭鍙枫€?(https://learn.microsoft.com/dotnet/fundamentals/code-analysis/style-rules/ide0011) [C:\UserWorx\VSWorx\ServoStudio\wpfui-servoStudio\samples\Wpf.Ui.servoStudio\servoStudio_wjhet5xd_wpftmp.csproj]
C:\UserWorx\VSWorx\ServoStudio\wpfui-servoStudio\samples\Wpf.Ui.servoStudio\Helpers\EsiToSiiConverter.cs(596,9): warning IDE0011: 鍚?鈥渇or鈥?璇彞娣诲姞澶ф嫭鍙枫€?(https://learn.microsoft.com/dotnet/fundamentals/code-analysis/style-rules/ide0011) [C:\UserWorx\VSWorx\ServoStudio\wpfui-servoStudio\samples\Wpf.Ui.servoStudio\servoStudio_wjhet5xd_wpftmp.csproj]
C:\UserWorx\VSWorx\ServoStudio\wpfui-servoStudio\samples\Wpf.Ui.servoStudio\Helpers\EsiToSiiConverter.cs(56,16): warning IDE0059: 涓嶉渶瑕佸 "vendorName" 璧嬪€?(https://learn.microsoft.com/dotnet/fundamentals/code-analysis/style-rules/ide0059) [C:\UserWorx\VSWorx\ServoStudio\wpfui-servoStudio\samples\Wpf.Ui.servoStudio\servoStudio_wjhet5xd_wpftmp.csproj]
C:\UserWorx\VSWorx\ServoStudio\wpfui-servoStudio\samples\Wpf.Ui.servoStudio\Services\UserSettingsService.cs(130,13): warning IDE0011: 鍚?鈥渋f鈥?璇彞娣诲姞澶ф嫭鍙枫€?(https://learn.microsoft.com/dotnet/fundamentals/code-analysis/style-rules/ide0011) [C:\UserWorx\VSWorx\ServoStudio\wpfui-servoStudio\samples\Wpf.Ui.servoStudio\servoStudio_wjhet5xd_wpftmp.csproj]
C:\UserWorx\VSWorx\ServoStudio\wpfui-servoStudio\samples\Wpf.Ui.servoStudio\Models\RegisterRow.cs(71,9): warning IDE0011: 鍚?鈥渋f鈥?璇彞娣诲姞澶ф嫭鍙枫€?(https://learn.microsoft.com/dotnet/fundamentals/code-analysis/style-rules/ide0011) [C:\UserWorx\VSWorx\ServoStudio\wpfui-servoStudio\samples\Wpf.Ui.servoStudio\servoStudio_wjhet5xd_wpftmp.csproj]
C:\UserWorx\VSWorx\ServoStudio\wpfui-servoStudio\samples\Wpf.Ui.servoStudio\Views\Pages\MotionPages\MotionProfilePage.xaml.cs(267,9): warning IDE0008: 鐢ㄦ樉寮忕被鍨嬩唬鏇?"var" (https://learn.microsoft.com/dotnet/fundamentals/code-analysis/style-rules/ide0008) [C:\UserWorx\VSWorx\ServoStudio\wpfui-servoStudio\samples\Wpf.Ui.servoStudio\servoStudio_wjhet5xd_wpftmp.csproj]
C:\UserWorx\VSWorx\ServoStudio\wpfui-servoStudio\samples\Wpf.Ui.servoStudio\Views\Pages\MotionPages\MotionProfilePage.xaml.cs(272,13): warning IDE0008: 鐢ㄦ樉寮忕被鍨嬩唬鏇?"var" (https://learn.microsoft.com/dotnet/fundamentals/code-analysis/style-rules/ide0008) [C:\UserWorx\VSWorx\ServoStudio\wpfui-servoStudio\samples\Wpf.Ui.servoStudio\servoStudio_wjhet5xd_wpftmp.csproj]
C:\UserWorx\VSWorx\ServoStudio\wpfui-servoStudio\samples\Wpf.Ui.servoStudio\Views\Pages\MotionPages\MotionProfilePage.xaml.cs(285,9): warning IDE0008: 鐢ㄦ樉寮忕被鍨嬩唬鏇?"var" (https://learn.microsoft.com/dotnet/fundamentals/code-analysis/style-rules/ide0008) [C:\UserWorx\VSWorx\ServoStudio\wpfui-servoStudio\samples\Wpf.Ui.servoStudio\servoStudio_wjhet5xd_wpftmp.csproj]
C:\UserWorx\VSWorx\ServoStudio\wpfui-servoStudio\samples\Wpf.Ui.servoStudio\Views\Pages\MotionPages\MotionProfilePage.xaml.cs(289,9): warning IDE0008: 鐢ㄦ樉寮忕被鍨嬩唬鏇?"var" (https://learn.microsoft.com/dotnet/fundamentals/code-analysis/style-rules/ide0008) [C:\UserWorx\VSWorx\ServoStudio\wpfui-servoStudio\samples\Wpf.Ui.servoStudio\servoStudio_wjhet5xd_wpftmp.csproj]
C:\UserWorx\VSWorx\ServoStudio\wpfui-servoStudio\samples\Wpf.Ui.servoStudio\Helpers\EsiToSiiConverter.cs(604,9): warning IDE0011: 鍚?鈥渋f鈥?璇彞娣诲姞澶ф嫭鍙枫€?(https://learn.microsoft.com/dotnet/fundamentals/code-analysis/style-rules/ide0011) [C:\UserWorx\VSWorx\ServoStudio\wpfui-servoStudio\samples\Wpf.Ui.servoStudio\servoStudio_wjhet5xd_wpftmp.csproj]
C:\UserWorx\VSWorx\ServoStudio\wpfui-servoStudio\samples\Wpf.Ui.servoStudio\Helpers\EsiToSiiConverter.cs(606,9): warning IDE0011: 鍚?鈥渋f鈥?璇彞娣诲姞澶ф嫭鍙枫€?(https://learn.microsoft.com/dotnet/fundamentals/code-analysis/style-rules/ide0011) [C:\UserWorx\VSWorx\ServoStudio\wpfui-servoStudio\samples\Wpf.Ui.servoStudio\servoStudio_wjhet5xd_wpftmp.csproj]
C:\UserWorx\VSWorx\ServoStudio\wpfui-servoStudio\samples\Wpf.Ui.servoStudio\Helpers\EsiToSiiConverter.cs(608,9): warning IDE0011: 鍚?鈥渋f鈥?璇彞娣诲姞澶ф嫭鍙枫€?(https://learn.microsoft.com/dotnet/fundamentals/code-analysis/style-rules/ide0011) [C:\UserWorx\VSWorx\ServoStudio\wpfui-servoStudio\samples\Wpf.Ui.servoStudio\servoStudio_wjhet5xd_wpftmp.csproj]
C:\UserWorx\VSWorx\ServoStudio\wpfui-servoStudio\samples\Wpf.Ui.servoStudio\Core\CANopen\Adapters\CanAdapterFactory.cs(552,21): warning IDE0058: 姘歌繙涓嶄細浣跨敤琛ㄨ揪寮忓€?(https://learn.microsoft.com/dotnet/fundamentals/code-analysis/style-rules/ide0058) [C:\UserWorx\VSWorx\ServoStudio\wpfui-servoStudio\samples\Wpf.Ui.servoStudio\servoStudio_wjhet5xd_wpftmp.csproj]
C:\UserWorx\VSWorx\ServoStudio\wpfui-servoStudio\samples\Wpf.Ui.servoStudio\Core\Usb\UsbBulkBus.cs(314,9): warning IDE0058: 姘歌繙涓嶄細浣跨敤琛ㄨ揪寮忓€?(https://learn.microsoft.com/dotnet/fundamentals/code-analysis/style-rules/ide0058) [C:\UserWorx\VSWorx\ServoStudio\wpfui-servoStudio\samples\Wpf.Ui.servoStudio\servoStudio_wjhet5xd_wpftmp.csproj]
C:\UserWorx\VSWorx\ServoStudio\wpfui-servoStudio\samples\Wpf.Ui.servoStudio\Helpers\EsiToSiiConverter.cs(624,9): warning IDE0011: 鍚?鈥渋f鈥?璇彞娣诲姞澶ф嫭鍙枫€?(https://learn.microsoft.com/dotnet/fundamentals/code-analysis/style-rules/ide0011) [C:\UserWorx\VSWorx\ServoStudio\wpfui-servoStudio\samples\Wpf.Ui.servoStudio\servoStudio_wjhet5xd_wpftmp.csproj]
C:\UserWorx\VSWorx\ServoStudio\wpfui-servoStudio\samples\Wpf.Ui.servoStudio\Helpers\EsiToSiiConverter.cs(630,17): warning IDE0058: 姘歌繙涓嶄細浣跨敤琛ㄨ揪寮忓€?(https://learn.microsoft.com/dotnet/fundamentals/code-analysis/style-rules/ide0058) [C:\UserWorx\VSWorx\ServoStudio\wpfui-servoStudio\samples\Wpf.Ui.servoStudio\servoStudio_wjhet5xd_wpftmp.csproj]
C:\UserWorx\VSWorx\ServoStudio\wpfui-servoStudio\samples\Wpf.Ui.servoStudio\Helpers\EsiToSiiConverter.cs(635,17): warning IDE0058: 姘歌繙涓嶄細浣跨敤琛ㄨ揪寮忓€?(https://learn.microsoft.com/dotnet/fundamentals/code-analysis/style-rules/ide0058) [C:\UserWorx\VSWorx\ServoStudio\wpfui-servoStudio\samples\Wpf.Ui.servoStudio\servoStudio_wjhet5xd_wpftmp.csproj]
C:\UserWorx\VSWorx\ServoStudio\wpfui-servoStudio\samples\Wpf.Ui.servoStudio\ViewModels\ViewModel.cs(144,13): warning IDE0011: 鍚?鈥渋f鈥?璇彞娣诲姞澶ф嫭鍙枫€?(https://learn.microsoft.com/dotnet/fundamentals/code-analysis/style-rules/ide0011) [C:\UserWorx\VSWorx\ServoStudio\wpfui-servoStudio\samples\Wpf.Ui.servoStudio\servoStudio_wjhet5xd_wpftmp.csproj]
C:\UserWorx\VSWorx\ServoStudio\wpfui-servoStudio\samples\Wpf.Ui.servoStudio\ViewModels\ViewModel.cs(145,13): warning IDE0011: 鍚?鈥渋f鈥?璇彞娣诲姞澶ф嫭鍙枫€?(https://learn.microsoft.com/dotnet/fundamentals/code-analysis/style-rules/ide0011) [C:\UserWorx\VSWorx\ServoStudio\wpfui-servoStudio\samples\Wpf.Ui.servoStudio\servoStudio_wjhet5xd_wpftmp.csproj]
C:\UserWorx\VSWorx\ServoStudio\wpfui-servoStudio\samples\Wpf.Ui.servoStudio\ViewModels\AppData\UserConfigViewModel.cs(177,9): warning IDE0011: 鍚?鈥渋f鈥?璇彞娣诲姞澶ф嫭鍙枫€?(https://learn.microsoft.com/dotnet/fundamentals/code-analysis/style-rules/ide0011) [C:\UserWorx\VSWorx\ServoStudio\wpfui-servoStudio\samples\Wpf.Ui.servoStudio\servoStudio_wjhet5xd_wpftmp.csproj]
C:\UserWorx\VSWorx\ServoStudio\wpfui-servoStudio\samples\Wpf.Ui.servoStudio\ViewModels\AppData\UserConfigViewModel.cs(178,9): warning IDE0011: 鍚?鈥渇oreach鈥?璇彞娣诲姞澶ф嫭鍙枫€?(https://learn.microsoft.com/dotnet/fundamentals/code-analysis/style-rules/ide0011) [C:\UserWorx\VSWorx\ServoStudio\wpfui-servoStudio\samples\Wpf.Ui.servoStudio\servoStudio_wjhet5xd_wpftmp.csproj]
C:\UserWorx\VSWorx\ServoStudio\wpfui-servoStudio\samples\Wpf.Ui.servoStudio\Core\CANopen\SerialCanBus.cs(30,38): warning CA2213: 鈥淪erialCanBus鈥濆寘鍚?IDisposable 绫诲瀷鈥淐ancellationTokenSource?鈥濈殑瀛楁鈥淿rxCts鈥濓紝浣嗕粠鏈繘琛岄噴鏀俱€傝鏇存敼鈥淪erialCanBus鈥濅笂鐨?Dispose 鏂规硶浠ュ姝ゅ瓧娈佃皟鐢?Close 鎴?Dispose銆?(https://learn.microsoft.com/dotnet/fundamentals/code-analysis/quality-rules/ca2213) [C:\UserWorx\VSWorx\ServoStudio\wpfui-servoStudio\samples\Wpf.Ui.servoStudio\servoStudio_wjhet5xd_wpftmp.csproj]
C:\UserWorx\VSWorx\ServoStudio\wpfui-servoStudio\samples\Wpf.Ui.servoStudio\Helpers\EsiToSiiConverter.cs(650,9): warning IDE0011: 鍚?鈥渋f鈥?璇彞娣诲姞澶ф嫭鍙枫€?(https://learn.microsoft.com/dotnet/fundamentals/code-analysis/style-rules/ide0011) [C:\UserWorx\VSWorx\ServoStudio\wpfui-servoStudio\samples\Wpf.Ui.servoStudio\servoStudio_wjhet5xd_wpftmp.csproj]
C:\UserWorx\VSWorx\ServoStudio\wpfui-servoStudio\samples\Wpf.Ui.servoStudio\Helpers\EsiToSiiConverter.cs(654,9): warning IDE0011: 鍚?鈥渋f鈥?璇彞娣诲姞澶ф嫭鍙枫€?(https://learn.microsoft.com/dotnet/fundamentals/code-analysis/style-rules/ide0011) [C:\UserWorx\VSWorx\ServoStudio\wpfui-servoStudio\samples\Wpf.Ui.servoStudio\servoStudio_wjhet5xd_wpftmp.csproj]
C:\UserWorx\VSWorx\ServoStudio\wpfui-servoStudio\samples\Wpf.Ui.servoStudio\Helpers\EsiToSiiConverter.cs(657,9): warning IDE0011: 鍚?鈥渋f鈥?璇彞娣诲姞澶ф嫭鍙枫€?(https://learn.microsoft.com/dotnet/fundamentals/code-analysis/style-rules/ide0011) [C:\UserWorx\VSWorx\ServoStudio\wpfui-servoStudio\samples\Wpf.Ui.servoStudio\servoStudio_wjhet5xd_wpftmp.csproj]
C:\UserWorx\VSWorx\ServoStudio\wpfui-servoStudio\samples\Wpf.Ui.servoStudio\Core\Modbus\ModbusRtuMaster.cs(548,21): warning IDE0058: 姘歌繙涓嶄細浣跨敤琛ㄨ揪寮忓€?(https://learn.microsoft.com/dotnet/fundamentals/code-analysis/style-rules/ide0058) [C:\UserWorx\VSWorx\ServoStudio\wpfui-servoStudio\samples\Wpf.Ui.servoStudio\servoStudio_wjhet5xd_wpftmp.csproj]
C:\UserWorx\VSWorx\ServoStudio\wpfui-servoStudio\samples\Wpf.Ui.servoStudio\ViewModels\AppData\UserConfigViewModel.cs(184,9): warning IDE0011: 鍚?鈥渋f鈥?璇彞娣诲姞澶ф嫭鍙枫€?(https://learn.microsoft.com/dotnet/fundamentals/code-analysis/style-rules/ide0011) [C:\UserWorx\VSWorx\ServoStudio\wpfui-servoStudio\samples\Wpf.Ui.servoStudio\servoStudio_wjhet5xd_wpftmp.csproj]
C:\UserWorx\VSWorx\ServoStudio\wpfui-servoStudio\samples\Wpf.Ui.servoStudio\ViewModels\AppData\UserConfigViewModel.cs(206,9): warning IDE0011: 鍚?鈥渋f鈥?璇彞娣诲姞澶ф嫭鍙枫€?(https://learn.microsoft.com/dotnet/fundamentals/code-analysis/style-rules/ide0011) [C:\UserWorx\VSWorx\ServoStudio\wpfui-servoStudio\samples\Wpf.Ui.servoStudio\servoStudio_wjhet5xd_wpftmp.csproj]
C:\UserWorx\VSWorx\ServoStudio\wpfui-servoStudio\samples\Wpf.Ui.servoStudio\ViewModels\ViewModel.cs(259,9): warning CA1065: Dispose 鍒涘缓 NotImplementedException 绫诲瀷鐨勫紓甯搞€備笉搴斿湪杩欑绫诲瀷鐨勬柟娉曚腑寮曞彂寮傚父銆傚鏋滄湁鍙兘浼氬紩鍙戞寮傚父瀹炰緥锛岃鏇存敼璇ユ柟娉曠殑閫昏緫锛屼娇瀹冧笉鍐嶅紩鍙戝紓甯搞€?(https://learn.microsoft.com/dotnet/fundamentals/code-analysis/quality-rules/ca1065) [C:\UserWorx\VSWorx\ServoStudio\wpfui-servoStudio\samples\Wpf.Ui.servoStudio\servoStudio_wjhet5xd_wpftmp.csproj]
C:\UserWorx\VSWorx\ServoStudio\wpfui-servoStudio\samples\Wpf.Ui.servoStudio\Models\Product.cs(86,9): warning IDE0011: 鍚?鈥渋f鈥?璇彞娣诲姞澶ф嫭鍙枫€?(https://learn.microsoft.com/dotnet/fundamentals/code-analysis/style-rules/ide0011) [C:\UserWorx\VSWorx\ServoStudio\wpfui-servoStudio\samples\Wpf.Ui.servoStudio\servoStudio_wjhet5xd_wpftmp.csproj]
C:\UserWorx\VSWorx\ServoStudio\wpfui-servoStudio\samples\Wpf.Ui.servoStudio\Models\Product.cs(87,9): warning IDE0011: 鍚?鈥渋f鈥?璇彞娣诲姞澶ф嫭鍙枫€?(https://learn.microsoft.com/dotnet/fundamentals/code-analysis/style-rules/ide0011) [C:\UserWorx\VSWorx\ServoStudio\wpfui-servoStudio\samples\Wpf.Ui.servoStudio\servoStudio_wjhet5xd_wpftmp.csproj]
C:\UserWorx\VSWorx\ServoStudio\wpfui-servoStudio\samples\Wpf.Ui.servoStudio\Models\Product.cs(88,9): warning IDE0011: 鍚?鈥渋f鈥?璇彞娣诲姞澶ф嫭鍙枫€?(https://learn.microsoft.com/dotnet/fundamentals/code-analysis/style-rules/ide0011) [C:\UserWorx\VSWorx\ServoStudio\wpfui-servoStudio\samples\Wpf.Ui.servoStudio\servoStudio_wjhet5xd_wpftmp.csproj]
C:\UserWorx\VSWorx\ServoStudio\wpfui-servoStudio\samples\Wpf.Ui.servoStudio\ViewModels\ViewModel.cs(257,17): warning CA1063: 淇敼鈥淰iewModel.Dispose鈥濓紝浣垮叾璋冪敤 Dispose(true)锛屽啀瀵瑰綋鍓嶅璞″疄渚嬭皟鐢?GC.SuppressFinalize (Visual Basic 涓殑鈥滄椤光€濇垨鈥滄垜鈥?锛岀劧鍚庤繑鍥?(https://learn.microsoft.com/dotnet/fundamentals/code-analysis/quality-rules/ca1063) [C:\UserWorx\VSWorx\ServoStudio\wpfui-servoStudio\samples\Wpf.Ui.servoStudio\servoStudio_wjhet5xd_wpftmp.csproj]
C:\UserWorx\VSWorx\ServoStudio\wpfui-servoStudio\samples\Wpf.Ui.servoStudio\Models\Product.cs(89,9): warning IDE0011: 鍚?鈥渋f鈥?璇彞娣诲姞澶ф嫭鍙枫€?(https://learn.microsoft.com/dotnet/fundamentals/code-analysis/style-rules/ide0011) [C:\UserWorx\VSWorx\ServoStudio\wpfui-servoStudio\samples\Wpf.Ui.servoStudio\servoStudio_wjhet5xd_wpftmp.csproj]
C:\UserWorx\VSWorx\ServoStudio\wpfui-servoStudio\samples\Wpf.Ui.servoStudio\Models\Product.cs(90,9): warning IDE0011: 鍚?鈥渋f鈥?璇彞娣诲姞澶ф嫭鍙枫€?(https://learn.microsoft.com/dotnet/fundamentals/code-analysis/style-rules/ide0011) [C:\UserWorx\VSWorx\ServoStudio\wpfui-servoStudio\samples\Wpf.Ui.servoStudio\servoStudio_wjhet5xd_wpftmp.csproj]
C:\UserWorx\VSWorx\ServoStudio\wpfui-servoStudio\samples\Wpf.Ui.servoStudio\Models\Product.cs(91,9): warning IDE0011: 鍚?鈥渋f鈥?璇彞娣诲姞澶ф嫭鍙枫€?(https://learn.microsoft.com/dotnet/fundamentals/code-analysis/style-rules/ide0011) [C:\UserWorx\VSWorx\ServoStudio\wpfui-servoStudio\samples\Wpf.Ui.servoStudio\servoStudio_wjhet5xd_wpftmp.csproj]
C:\UserWorx\VSWorx\ServoStudio\wpfui-servoStudio\samples\Wpf.Ui.servoStudio\Models\Product.cs(92,9): warning IDE0011: 鍚?鈥渋f鈥?璇彞娣诲姞澶ф嫭鍙枫€?(https://learn.microsoft.com/dotnet/fundamentals/code-analysis/style-rules/ide0011) [C:\UserWorx\VSWorx\ServoStudio\wpfui-servoStudio\samples\Wpf.Ui.servoStudio\servoStudio_wjhet5xd_wpftmp.csproj]
C:\UserWorx\VSWorx\ServoStudio\wpfui-servoStudio\samples\Wpf.Ui.servoStudio\Views\Pages\HomePage.xaml.cs(67,66): warning IDE0008: 鐢ㄦ樉寮忕被鍨嬩唬鏇?"var" (https://learn.microsoft.com/dotnet/fundamentals/code-analysis/style-rules/ide0008) [C:\UserWorx\VSWorx\ServoStudio\wpfui-servoStudio\samples\Wpf.Ui.servoStudio\servoStudio_wjhet5xd_wpftmp.csproj]
C:\UserWorx\VSWorx\ServoStudio\wpfui-servoStudio\samples\Wpf.Ui.servoStudio\ViewModels\AppData\UserConfigViewModel.cs(282,9): warning IDE0011: 鍚?鈥渋f鈥?璇彞娣诲姞澶ф嫭鍙枫€?(https://learn.microsoft.com/dotnet/fundamentals/code-analysis/style-rules/ide0011) [C:\UserWorx\VSWorx\ServoStudio\wpfui-servoStudio\samples\Wpf.Ui.servoStudio\servoStudio_wjhet5xd_wpftmp.csproj]
C:\UserWorx\VSWorx\ServoStudio\wpfui-servoStudio\samples\Wpf.Ui.servoStudio\ViewModels\ViewModel.cs(28,29): warning CA2213: 鈥淰iewModel鈥濆寘鍚?IDisposable 绫诲瀷鈥淪erialPortStream鈥濈殑瀛楁鈥渧com鈥濓紝浣嗕粠鏈繘琛岄噴鏀俱€傝鏇存敼鈥淰iewModel鈥濅笂鐨?Dispose 鏂规硶浠ュ姝ゅ瓧娈佃皟鐢?Close 鎴?Dispose銆?(https://learn.microsoft.com/dotnet/fundamentals/code-analysis/quality-rules/ca2213) [C:\UserWorx\VSWorx\ServoStudio\wpfui-servoStudio\samples\Wpf.Ui.servoStudio\servoStudio_wjhet5xd_wpftmp.csproj]
C:\UserWorx\VSWorx\ServoStudio\wpfui-servoStudio\samples\Wpf.Ui.servoStudio\Core\Usb\MscUsbBus.cs(181,9): warning IDE0058: 姘歌繙涓嶄細浣跨敤琛ㄨ揪寮忓€?(https://learn.microsoft.com/dotnet/fundamentals/code-analysis/style-rules/ide0058) [C:\UserWorx\VSWorx\ServoStudio\wpfui-servoStudio\samples\Wpf.Ui.servoStudio\servoStudio_wjhet5xd_wpftmp.csproj]
C:\UserWorx\VSWorx\ServoStudio\wpfui-servoStudio\samples\Wpf.Ui.servoStudio\ViewModels\AppData\UserConfigViewModel.cs(354,9): warning IDE0011: 鍚?鈥渋f鈥?璇彞娣诲姞澶ф嫭鍙枫€?(https://learn.microsoft.com/dotnet/fundamentals/code-analysis/style-rules/ide0011) [C:\UserWorx\VSWorx\ServoStudio\wpfui-servoStudio\samples\Wpf.Ui.servoStudio\servoStudio_wjhet5xd_wpftmp.csproj]
C:\UserWorx\VSWorx\ServoStudio\wpfui-servoStudio\samples\Wpf.Ui.servoStudio\Services\UserSettingsService.cs(161,9): warning IDE0011: 鍚?鈥渋f鈥?璇彞娣诲姞澶ф嫭鍙枫€?(https://learn.microsoft.com/dotnet/fundamentals/code-analysis/style-rules/ide0011) [C:\UserWorx\VSWorx\ServoStudio\wpfui-servoStudio\samples\Wpf.Ui.servoStudio\servoStudio_wjhet5xd_wpftmp.csproj]
C:\UserWorx\VSWorx\ServoStudio\wpfui-servoStudio\samples\Wpf.Ui.servoStudio\Services\UserSettingsService.cs(167,13): warning IDE0011: 鍚?鈥渋f鈥?璇彞娣诲姞澶ф嫭鍙枫€?(https://learn.microsoft.com/dotnet/fundamentals/code-analysis/style-rules/ide0011) [C:\UserWorx\VSWorx\ServoStudio\wpfui-servoStudio\samples\Wpf.Ui.servoStudio\servoStudio_wjhet5xd_wpftmp.csproj]
C:\UserWorx\VSWorx\ServoStudio\wpfui-servoStudio\samples\Wpf.Ui.servoStudio\Services\UserSettingsService.cs(168,13): warning IDE0011: 鍚?鈥渋f鈥?璇彞娣诲姞澶ф嫭鍙枫€?(https://learn.microsoft.com/dotnet/fundamentals/code-analysis/style-rules/ide0011) [C:\UserWorx\VSWorx\ServoStudio\wpfui-servoStudio\samples\Wpf.Ui.servoStudio\servoStudio_wjhet5xd_wpftmp.csproj]
C:\UserWorx\VSWorx\ServoStudio\wpfui-servoStudio\samples\Wpf.Ui.servoStudio\Views\Pages\HomePage.xaml.cs(78,9): warning IDE0011: 鍚?鈥渋f鈥?璇彞娣诲姞澶ф嫭鍙枫€?(https://learn.microsoft.com/dotnet/fundamentals/code-analysis/style-rules/ide0011) [C:\UserWorx\VSWorx\ServoStudio\wpfui-servoStudio\samples\Wpf.Ui.servoStudio\servoStudio_wjhet5xd_wpftmp.csproj]
C:\UserWorx\VSWorx\ServoStudio\wpfui-servoStudio\samples\Wpf.Ui.servoStudio\Core\Usb\MscUsbBus.cs(60,13): warning IDE0058: 姘歌繙涓嶄細浣跨敤琛ㄨ揪寮忓€?(https://learn.microsoft.com/dotnet/fundamentals/code-analysis/style-rules/ide0058) [C:\UserWorx\VSWorx\ServoStudio\wpfui-servoStudio\samples\Wpf.Ui.servoStudio\servoStudio_wjhet5xd_wpftmp.csproj]
C:\UserWorx\VSWorx\ServoStudio\wpfui-servoStudio\samples\Wpf.Ui.servoStudio\Core\Usb\MscUsbBus.cs(61,13): warning IDE0058: 姘歌繙涓嶄細浣跨敤琛ㄨ揪寮忓€?(https://learn.microsoft.com/dotnet/fundamentals/code-analysis/style-rules/ide0058) [C:\UserWorx\VSWorx\ServoStudio\wpfui-servoStudio\samples\Wpf.Ui.servoStudio\servoStudio_wjhet5xd_wpftmp.csproj]
C:\UserWorx\VSWorx\ServoStudio\wpfui-servoStudio\samples\Wpf.Ui.servoStudio\Core\CANopen\Adapters\CanAdapterFactory.cs(518,21): warning IDE0058: 姘歌繙涓嶄細浣跨敤琛ㄨ揪寮忓€?(https://learn.microsoft.com/dotnet/fundamentals/code-analysis/style-rules/ide0058) [C:\UserWorx\VSWorx\ServoStudio\wpfui-servoStudio\samples\Wpf.Ui.servoStudio\servoStudio_wjhet5xd_wpftmp.csproj]
C:\UserWorx\VSWorx\ServoStudio\wpfui-servoStudio\samples\Wpf.Ui.servoStudio\ViewModels\AppData\AppLogViewModel.cs(167,9): warning IDE0011: 鍚?鈥渋f鈥?璇彞娣诲姞澶ф嫭鍙枫€?(https://learn.microsoft.com/dotnet/fundamentals/code-analysis/style-rules/ide0011) [C:\UserWorx\VSWorx\ServoStudio\wpfui-servoStudio\samples\Wpf.Ui.servoStudio\servoStudio_wjhet5xd_wpftmp.csproj]
C:\UserWorx\VSWorx\ServoStudio\wpfui-servoStudio\samples\Wpf.Ui.servoStudio\Views\Pages\HomePage.xaml.cs(86,13): warning IDE0011: 鍚?鈥渋f鈥?璇彞娣诲姞澶ф嫭鍙枫€?(https://learn.microsoft.com/dotnet/fundamentals/code-analysis/style-rules/ide0011) [C:\UserWorx\VSWorx\ServoStudio\wpfui-servoStudio\samples\Wpf.Ui.servoStudio\servoStudio_wjhet5xd_wpftmp.csproj]
C:\UserWorx\VSWorx\ServoStudio\wpfui-servoStudio\samples\Wpf.Ui.servoStudio\Services\UserSettingsService.cs(200,13): warning IDE0011: 鍚?鈥渋f鈥?璇彞娣诲姞澶ф嫭鍙枫€?(https://learn.microsoft.com/dotnet/fundamentals/code-analysis/style-rules/ide0011) [C:\UserWorx\VSWorx\ServoStudio\wpfui-servoStudio\samples\Wpf.Ui.servoStudio\servoStudio_wjhet5xd_wpftmp.csproj]
C:\UserWorx\VSWorx\ServoStudio\wpfui-servoStudio\samples\Wpf.Ui.servoStudio\Services\UserSettingsService.cs(213,13): warning IDE0011: 鍚?鈥渋f鈥?璇彞娣诲姞澶ф嫭鍙枫€?(https://learn.microsoft.com/dotnet/fundamentals/code-analysis/style-rules/ide0011) [C:\UserWorx\VSWorx\ServoStudio\wpfui-servoStudio\samples\Wpf.Ui.servoStudio\servoStudio_wjhet5xd_wpftmp.csproj]
C:\UserWorx\VSWorx\ServoStudio\wpfui-servoStudio\samples\Wpf.Ui.servoStudio\ViewModels\AppData\AppLogViewModel.cs(196,9): warning IDE0011: 鍚?鈥渋f鈥?璇彞娣诲姞澶ф嫭鍙枫€?(https://learn.microsoft.com/dotnet/fundamentals/code-analysis/style-rules/ide0011) [C:\UserWorx\VSWorx\ServoStudio\wpfui-servoStudio\samples\Wpf.Ui.servoStudio\servoStudio_wjhet5xd_wpftmp.csproj]
C:\UserWorx\VSWorx\ServoStudio\wpfui-servoStudio\samples\Wpf.Ui.servoStudio\Views\Pages\HomePage.xaml.cs(103,9): warning IDE0011: 鍚?鈥渋f鈥?璇彞娣诲姞澶ф嫭鍙枫€?(https://learn.microsoft.com/dotnet/fundamentals/code-analysis/style-rules/ide0011) [C:\UserWorx\VSWorx\ServoStudio\wpfui-servoStudio\samples\Wpf.Ui.servoStudio\servoStudio_wjhet5xd_wpftmp.csproj]
C:\UserWorx\VSWorx\ServoStudio\wpfui-servoStudio\samples\Wpf.Ui.servoStudio\Views\Pages\HomePage.xaml.cs(104,9): warning IDE0011: 鍚?鈥渋f鈥?璇彞娣诲姞澶ф嫭鍙枫€?(https://learn.microsoft.com/dotnet/fundamentals/code-analysis/style-rules/ide0011) [C:\UserWorx\VSWorx\ServoStudio\wpfui-servoStudio\samples\Wpf.Ui.servoStudio\servoStudio_wjhet5xd_wpftmp.csproj]
C:\UserWorx\VSWorx\ServoStudio\wpfui-servoStudio\samples\Wpf.Ui.servoStudio\Views\Pages\HomePage.xaml.cs(111,9): warning IDE0011: 鍚?鈥渋f鈥?璇彞娣诲姞澶ф嫭鍙枫€?(https://learn.microsoft.com/dotnet/fundamentals/code-analysis/style-rules/ide0011) [C:\UserWorx\VSWorx\ServoStudio\wpfui-servoStudio\samples\Wpf.Ui.servoStudio\servoStudio_wjhet5xd_wpftmp.csproj]
C:\UserWorx\VSWorx\ServoStudio\wpfui-servoStudio\samples\Wpf.Ui.servoStudio\Views\Pages\HomePage.xaml.cs(112,9): warning IDE0011: 鍚?鈥渋f鈥?璇彞娣诲姞澶ф嫭鍙枫€?(https://learn.microsoft.com/dotnet/fundamentals/code-analysis/style-rules/ide0011) [C:\UserWorx\VSWorx\ServoStudio\wpfui-servoStudio\samples\Wpf.Ui.servoStudio\servoStudio_wjhet5xd_wpftmp.csproj]
C:\UserWorx\VSWorx\ServoStudio\wpfui-servoStudio\samples\Wpf.Ui.servoStudio\Views\Pages\HomePage.xaml.cs(119,9): warning IDE0011: 鍚?鈥渋f鈥?璇彞娣诲姞澶ф嫭鍙枫€?(https://learn.microsoft.com/dotnet/fundamentals/code-analysis/style-rules/ide0011) [C:\UserWorx\VSWorx\ServoStudio\wpfui-servoStudio\samples\Wpf.Ui.servoStudio\servoStudio_wjhet5xd_wpftmp.csproj]
C:\UserWorx\VSWorx\ServoStudio\wpfui-servoStudio\samples\Wpf.Ui.servoStudio\Views\Pages\HomePage.xaml.cs(130,13): warning IDE0011: 鍚?鈥渋f鈥?璇彞娣诲姞澶ф嫭鍙枫€?(https://learn.microsoft.com/dotnet/fundamentals/code-analysis/style-rules/ide0011) [C:\UserWorx\VSWorx\ServoStudio\wpfui-servoStudio\samples\Wpf.Ui.servoStudio\servoStudio_wjhet5xd_wpftmp.csproj]
C:\UserWorx\VSWorx\ServoStudio\wpfui-servoStudio\samples\Wpf.Ui.servoStudio\Views\Pages\HomePage.xaml.cs(144,9): warning IDE0011: 鍚?鈥渋f鈥?璇彞娣诲姞澶ф嫭鍙枫€?(https://learn.microsoft.com/dotnet/fundamentals/code-analysis/style-rules/ide0011) [C:\UserWorx\VSWorx\ServoStudio\wpfui-servoStudio\samples\Wpf.Ui.servoStudio\servoStudio_wjhet5xd_wpftmp.csproj]
C:\UserWorx\VSWorx\ServoStudio\wpfui-servoStudio\samples\Wpf.Ui.servoStudio\Views\Pages\HomePage.xaml.cs(147,9): warning IDE0011: 鍚?鈥渋f鈥?璇彞娣诲姞澶ф嫭鍙枫€?(https://learn.microsoft.com/dotnet/fundamentals/code-analysis/style-rules/ide0011) [C:\UserWorx\VSWorx\ServoStudio\wpfui-servoStudio\samples\Wpf.Ui.servoStudio\servoStudio_wjhet5xd_wpftmp.csproj]
C:\UserWorx\VSWorx\ServoStudio\wpfui-servoStudio\samples\Wpf.Ui.servoStudio\Services\UsbDeviceWatcher.cs(68,9): warning IDE0011: 鍚?鈥渋f鈥?璇彞娣诲姞澶ф嫭鍙枫€?(https://learn.microsoft.com/dotnet/fundamentals/code-analysis/style-rules/ide0011) [C:\UserWorx\VSWorx\ServoStudio\wpfui-servoStudio\samples\Wpf.Ui.servoStudio\servoStudio_wjhet5xd_wpftmp.csproj]
C:\UserWorx\VSWorx\ServoStudio\wpfui-servoStudio\samples\Wpf.Ui.servoStudio\Services\UsbDeviceWatcher.cs(73,9): warning IDE0011: 鍚?鈥渋f鈥?璇彞娣诲姞澶ф嫭鍙枫€?(https://learn.microsoft.com/dotnet/fundamentals/code-analysis/style-rules/ide0011) [C:\UserWorx\VSWorx\ServoStudio\wpfui-servoStudio\samples\Wpf.Ui.servoStudio\servoStudio_wjhet5xd_wpftmp.csproj]
C:\UserWorx\VSWorx\ServoStudio\wpfui-servoStudio\samples\Wpf.Ui.servoStudio\Services\UsbDeviceWatcher.cs(75,9): warning IDE0011: 鍚?鈥渋f鈥?璇彞娣诲姞澶ф嫭鍙枫€?(https://learn.microsoft.com/dotnet/fundamentals/code-analysis/style-rules/ide0011) [C:\UserWorx\VSWorx\ServoStudio\wpfui-servoStudio\samples\Wpf.Ui.servoStudio\servoStudio_wjhet5xd_wpftmp.csproj]
C:\UserWorx\VSWorx\ServoStudio\wpfui-servoStudio\samples\Wpf.Ui.servoStudio\Services\UsbDeviceWatcher.cs(77,9): warning IDE0011: 鍚?鈥渆lse鈥?璇彞娣诲姞澶ф嫭鍙枫€?(https://learn.microsoft.com/dotnet/fundamentals/code-analysis/style-rules/ide0011) [C:\UserWorx\VSWorx\ServoStudio\wpfui-servoStudio\samples\Wpf.Ui.servoStudio\servoStudio_wjhet5xd_wpftmp.csproj]
C:\UserWorx\VSWorx\ServoStudio\wpfui-servoStudio\samples\Wpf.Ui.servoStudio\Services\UsbDeviceWatcher.cs(72,9): warning IDE0008: 鐢ㄦ樉寮忕被鍨嬩唬鏇?"var" (https://learn.microsoft.com/dotnet/fundamentals/code-analysis/style-rules/ide0008) [C:\UserWorx\VSWorx\ServoStudio\wpfui-servoStudio\samples\Wpf.Ui.servoStudio\servoStudio_wjhet5xd_wpftmp.csproj]
C:\UserWorx\VSWorx\ServoStudio\wpfui-servoStudio\samples\Wpf.Ui.servoStudio\Services\UsbDeviceWatcher.cs(78,13): warning IDE0058: 姘歌繙涓嶄細浣跨敤琛ㄨ揪寮忓€?(https://learn.microsoft.com/dotnet/fundamentals/code-analysis/style-rules/ide0058) [C:\UserWorx\VSWorx\ServoStudio\wpfui-servoStudio\samples\Wpf.Ui.servoStudio\servoStudio_wjhet5xd_wpftmp.csproj]
C:\UserWorx\VSWorx\ServoStudio\wpfui-servoStudio\samples\Wpf.Ui.servoStudio\ViewModels\SettingsViewModel.cs(35,9): warning IDE0008: 鐢ㄦ樉寮忕被鍨嬩唬鏇?"var" (https://learn.microsoft.com/dotnet/fundamentals/code-analysis/style-rules/ide0008) [C:\UserWorx\VSWorx\ServoStudio\wpfui-servoStudio\samples\Wpf.Ui.servoStudio\servoStudio_wjhet5xd_wpftmp.csproj]
C:\UserWorx\VSWorx\ServoStudio\wpfui-servoStudio\samples\Wpf.Ui.servoStudio\ViewModels\AppData\UserConfigViewModel.cs(502,9): warning IDE0011: 鍚?鈥渋f鈥?璇彞娣诲姞澶ф嫭鍙枫€?(https://learn.microsoft.com/dotnet/fundamentals/code-analysis/style-rules/ide0011) [C:\UserWorx\VSWorx\ServoStudio\wpfui-servoStudio\samples\Wpf.Ui.servoStudio\servoStudio_wjhet5xd_wpftmp.csproj]
C:\UserWorx\VSWorx\ServoStudio\wpfui-servoStudio\samples\Wpf.Ui.servoStudio\ViewModels\AppData\UserConfigViewModel.cs(529,9): warning IDE0011: 鍚?鈥渋f鈥?璇彞娣诲姞澶ф嫭鍙枫€?(https://learn.microsoft.com/dotnet/fundamentals/code-analysis/style-rules/ide0011) [C:\UserWorx\VSWorx\ServoStudio\wpfui-servoStudio\samples\Wpf.Ui.servoStudio\servoStudio_wjhet5xd_wpftmp.csproj]
C:\UserWorx\VSWorx\ServoStudio\wpfui-servoStudio\samples\Wpf.Ui.servoStudio\ViewModels\AppData\AppLogViewModel.cs(218,9): warning IDE0011: 鍚?鈥渋f鈥?璇彞娣诲姞澶ф嫭鍙枫€?(https://learn.microsoft.com/dotnet/fundamentals/code-analysis/style-rules/ide0011) [C:\UserWorx\VSWorx\ServoStudio\wpfui-servoStudio\samples\Wpf.Ui.servoStudio\servoStudio_wjhet5xd_wpftmp.csproj]
C:\UserWorx\VSWorx\ServoStudio\wpfui-servoStudio\samples\Wpf.Ui.servoStudio\Services\UsbDeviceWatcher.cs(83,9): warning IDE0011: 鍚?鈥渋f鈥?璇彞娣诲姞澶ф嫭鍙枫€?(https://learn.microsoft.com/dotnet/fundamentals/code-analysis/style-rules/ide0011) [C:\UserWorx\VSWorx\ServoStudio\wpfui-servoStudio\samples\Wpf.Ui.servoStudio\servoStudio_wjhet5xd_wpftmp.csproj]
C:\UserWorx\VSWorx\ServoStudio\wpfui-servoStudio\samples\Wpf.Ui.servoStudio\Services\UsbDeviceWatcher.cs(130,9): warning IDE0011: 鍚?鈥渋f鈥?璇彞娣诲姞澶ф嫭鍙枫€?(https://learn.microsoft.com/dotnet/fundamentals/code-analysis/style-rules/ide0011) [C:\UserWorx\VSWorx\ServoStudio\wpfui-servoStudio\samples\Wpf.Ui.servoStudio\servoStudio_wjhet5xd_wpftmp.csproj]
C:\UserWorx\VSWorx\ServoStudio\wpfui-servoStudio\samples\Wpf.Ui.servoStudio\ViewModels\AppData\AppLogViewModel.cs(285,9): warning IDE0011: 鍚?鈥渋f鈥?璇彞娣诲姞澶ф嫭鍙枫€?(https://learn.microsoft.com/dotnet/fundamentals/code-analysis/style-rules/ide0011) [C:\UserWorx\VSWorx\ServoStudio\wpfui-servoStudio\samples\Wpf.Ui.servoStudio\servoStudio_wjhet5xd_wpftmp.csproj]
C:\UserWorx\VSWorx\ServoStudio\wpfui-servoStudio\samples\Wpf.Ui.servoStudio\ViewModels\AppData\AppLogViewModel.cs(287,9): warning IDE0011: 鍚?鈥渋f鈥?璇彞娣诲姞澶ф嫭鍙枫€?(https://learn.microsoft.com/dotnet/fundamentals/code-analysis/style-rules/ide0011) [C:\UserWorx\VSWorx\ServoStudio\wpfui-servoStudio\samples\Wpf.Ui.servoStudio\servoStudio_wjhet5xd_wpftmp.csproj]
C:\UserWorx\VSWorx\ServoStudio\wpfui-servoStudio\samples\Wpf.Ui.servoStudio\ViewModels\AppData\AppLogViewModel.cs(319,13): warning IDE0011: 鍚?鈥渨hile鈥?璇彞娣诲姞澶ф嫭鍙枫€?(https://learn.microsoft.com/dotnet/fundamentals/code-analysis/style-rules/ide0011) [C:\UserWorx\VSWorx\ServoStudio\wpfui-servoStudio\samples\Wpf.Ui.servoStudio\servoStudio_wjhet5xd_wpftmp.csproj]
C:\UserWorx\VSWorx\ServoStudio\wpfui-servoStudio\samples\Wpf.Ui.servoStudio\Services\RegisterDisableService.cs(60,13): warning IDE0011: 鍚?鈥渋f鈥?璇彞娣诲姞澶ф嫭鍙枫€?(https://learn.microsoft.com/dotnet/fundamentals/code-analysis/style-rules/ide0011) [C:\UserWorx\VSWorx\ServoStudio\wpfui-servoStudio\samples\Wpf.Ui.servoStudio\servoStudio_wjhet5xd_wpftmp.csproj]
C:\UserWorx\VSWorx\ServoStudio\wpfui-servoStudio\samples\Wpf.Ui.servoStudio\Services\RegisterDisableService.cs(73,45): warning IDE0008: 鐢ㄦ樉寮忕被鍨嬩唬鏇?"var" (https://learn.microsoft.com/dotnet/fundamentals/code-analysis/style-rules/ide0008) [C:\UserWorx\VSWorx\ServoStudio\wpfui-servoStudio\samples\Wpf.Ui.servoStudio\servoStudio_wjhet5xd_wpftmp.csproj]
C:\UserWorx\VSWorx\ServoStudio\wpfui-servoStudio\samples\Wpf.Ui.servoStudio\Services\RegisterDisableService.cs(87,9): warning IDE0011: 鍚?鈥渋f鈥?璇彞娣诲姞澶ф嫭鍙枫€?(https://learn.microsoft.com/dotnet/fundamentals/code-analysis/style-rules/ide0011) [C:\UserWorx\VSWorx\ServoStudio\wpfui-servoStudio\samples\Wpf.Ui.servoStudio\servoStudio_wjhet5xd_wpftmp.csproj]
C:\UserWorx\VSWorx\ServoStudio\wpfui-servoStudio\samples\Wpf.Ui.servoStudio\Services\RegisterDisableService.cs(90,9): warning IDE0011: 鍚?鈥渋f鈥?璇彞娣诲姞澶ф嫭鍙枫€?(https://learn.microsoft.com/dotnet/fundamentals/code-analysis/style-rules/ide0011) [C:\UserWorx\VSWorx\ServoStudio\wpfui-servoStudio\samples\Wpf.Ui.servoStudio\servoStudio_wjhet5xd_wpftmp.csproj]
C:\UserWorx\VSWorx\ServoStudio\wpfui-servoStudio\samples\Wpf.Ui.servoStudio\Services\RegisterDisableService.cs(88,9): warning IDE0008: 鐢ㄦ樉寮忕被鍨嬩唬鏇?"var" (https://learn.microsoft.com/dotnet/fundamentals/code-analysis/style-rules/ide0008) [C:\UserWorx\VSWorx\ServoStudio\wpfui-servoStudio\samples\Wpf.Ui.servoStudio\servoStudio_wjhet5xd_wpftmp.csproj]
C:\UserWorx\VSWorx\ServoStudio\wpfui-servoStudio\samples\Wpf.Ui.servoStudio\ViewModels\AppData\AppLogViewModel.cs(380,9): warning IDE0011: 鍚?鈥渋f鈥?璇彞娣诲姞澶ф嫭鍙枫€?(https://learn.microsoft.com/dotnet/fundamentals/code-analysis/style-rules/ide0011) [C:\UserWorx\VSWorx\ServoStudio\wpfui-servoStudio\samples\Wpf.Ui.servoStudio\servoStudio_wjhet5xd_wpftmp.csproj]
C:\UserWorx\VSWorx\ServoStudio\wpfui-servoStudio\samples\Wpf.Ui.servoStudio\ViewModels\AppData\AppLogViewModel.cs(384,9): warning IDE0011: 鍚?鈥渋f鈥?璇彞娣诲姞澶ф嫭鍙枫€?(https://learn.microsoft.com/dotnet/fundamentals/code-analysis/style-rules/ide0011) [C:\UserWorx\VSWorx\ServoStudio\wpfui-servoStudio\samples\Wpf.Ui.servoStudio\servoStudio_wjhet5xd_wpftmp.csproj]
C:\UserWorx\VSWorx\ServoStudio\wpfui-servoStudio\samples\Wpf.Ui.servoStudio\Services\RegisterDisableService.cs(108,9): warning IDE0011: 鍚?鈥渋f鈥?璇彞娣诲姞澶ф嫭鍙枫€?(https://learn.microsoft.com/dotnet/fundamentals/code-analysis/style-rules/ide0011) [C:\UserWorx\VSWorx\ServoStudio\wpfui-servoStudio\samples\Wpf.Ui.servoStudio\servoStudio_wjhet5xd_wpftmp.csproj]
C:\UserWorx\VSWorx\ServoStudio\wpfui-servoStudio\samples\Wpf.Ui.servoStudio\Services\RegisterDisableService.cs(111,13): warning IDE0011: 鍚?鈥渋f鈥?璇彞娣诲姞澶ф嫭鍙枫€?(https://learn.microsoft.com/dotnet/fundamentals/code-analysis/style-rules/ide0011) [C:\UserWorx\VSWorx\ServoStudio\wpfui-servoStudio\samples\Wpf.Ui.servoStudio\servoStudio_wjhet5xd_wpftmp.csproj]
C:\UserWorx\VSWorx\ServoStudio\wpfui-servoStudio\samples\Wpf.Ui.servoStudio\ViewModels\AppData\DataViewViewModel.cs(332,12): warning IDE0055: 淇鏍煎紡 (https://learn.microsoft.com/dotnet/fundamentals/code-analysis/style-rules/ide0055) [C:\UserWorx\VSWorx\ServoStudio\wpfui-servoStudio\samples\Wpf.Ui.servoStudio\servoStudio_wjhet5xd_wpftmp.csproj]
C:\UserWorx\VSWorx\ServoStudio\wpfui-servoStudio\samples\Wpf.Ui.servoStudio\ViewModels\AppData\DataViewViewModel.cs(332,14): warning IDE0055: 淇鏍煎紡 (https://learn.microsoft.com/dotnet/fundamentals/code-analysis/style-rules/ide0055) [C:\UserWorx\VSWorx\ServoStudio\wpfui-servoStudio\samples\Wpf.Ui.servoStudio\servoStudio_wjhet5xd_wpftmp.csproj]
C:\UserWorx\VSWorx\ServoStudio\wpfui-servoStudio\samples\Wpf.Ui.servoStudio\ViewModels\AppData\DataViewViewModel.cs(332,34): warning IDE0055: 淇鏍煎紡 (https://learn.microsoft.com/dotnet/fundamentals/code-analysis/style-rules/ide0055) [C:\UserWorx\VSWorx\ServoStudio\wpfui-servoStudio\samples\Wpf.Ui.servoStudio\servoStudio_wjhet5xd_wpftmp.csproj]
C:\UserWorx\VSWorx\ServoStudio\wpfui-servoStudio\samples\Wpf.Ui.servoStudio\ViewModels\AppData\DataViewViewModel.cs(332,36): warning IDE0055: 淇鏍煎紡 (https://learn.microsoft.com/dotnet/fundamentals/code-analysis/style-rules/ide0055) [C:\UserWorx\VSWorx\ServoStudio\wpfui-servoStudio\samples\Wpf.Ui.servoStudio\servoStudio_wjhet5xd_wpftmp.csproj]
C:\UserWorx\VSWorx\ServoStudio\wpfui-servoStudio\samples\Wpf.Ui.servoStudio\ViewModels\AppData\DataViewViewModel.cs(415,20): warning IDE0055: 淇鏍煎紡 (https://learn.microsoft.com/dotnet/fundamentals/code-analysis/style-rules/ide0055) [C:\UserWorx\VSWorx\ServoStudio\wpfui-servoStudio\samples\Wpf.Ui.servoStudio\servoStudio_wjhet5xd_wpftmp.csproj]
C:\UserWorx\VSWorx\ServoStudio\wpfui-servoStudio\samples\Wpf.Ui.servoStudio\ViewModels\AppData\DataViewViewModel.cs(415,22): warning IDE0055: 淇鏍煎紡 (https://learn.microsoft.com/dotnet/fundamentals/code-analysis/style-rules/ide0055) [C:\UserWorx\VSWorx\ServoStudio\wpfui-servoStudio\samples\Wpf.Ui.servoStudio\servoStudio_wjhet5xd_wpftmp.csproj]
C:\UserWorx\VSWorx\ServoStudio\wpfui-servoStudio\samples\Wpf.Ui.servoStudio\ViewModels\AppData\DataViewViewModel.cs(415,30): warning IDE0055: 淇鏍煎紡 (https://learn.microsoft.com/dotnet/fundamentals/code-analysis/style-rules/ide0055) [C:\UserWorx\VSWorx\ServoStudio\wpfui-servoStudio\samples\Wpf.Ui.servoStudio\servoStudio_wjhet5xd_wpftmp.csproj]
C:\UserWorx\VSWorx\ServoStudio\wpfui-servoStudio\samples\Wpf.Ui.servoStudio\ViewModels\AppData\DataViewViewModel.cs(415,38): warning IDE0055: 淇鏍煎紡 (https://learn.microsoft.com/dotnet/fundamentals/code-analysis/style-rules/ide0055) [C:\UserWorx\VSWorx\ServoStudio\wpfui-servoStudio\samples\Wpf.Ui.servoStudio\servoStudio_wjhet5xd_wpftmp.csproj]
C:\UserWorx\VSWorx\ServoStudio\wpfui-servoStudio\samples\Wpf.Ui.servoStudio\ViewModels\AppData\DataViewViewModel.cs(415,46): warning IDE0055: 淇鏍煎紡 (https://learn.microsoft.com/dotnet/fundamentals/code-analysis/style-rules/ide0055) [C:\UserWorx\VSWorx\ServoStudio\wpfui-servoStudio\samples\Wpf.Ui.servoStudio\servoStudio_wjhet5xd_wpftmp.csproj]
C:\UserWorx\VSWorx\ServoStudio\wpfui-servoStudio\samples\Wpf.Ui.servoStudio\ViewModels\AppData\DataViewViewModel.cs(416,26): warning IDE0055: 淇鏍煎紡 (https://learn.microsoft.com/dotnet/fundamentals/code-analysis/style-rules/ide0055) [C:\UserWorx\VSWorx\ServoStudio\wpfui-servoStudio\samples\Wpf.Ui.servoStudio\servoStudio_wjhet5xd_wpftmp.csproj]
C:\UserWorx\VSWorx\ServoStudio\wpfui-servoStudio\samples\Wpf.Ui.servoStudio\ViewModels\AppData\DataViewViewModel.cs(416,28): warning IDE0055: 淇鏍煎紡 (https://learn.microsoft.com/dotnet/fundamentals/code-analysis/style-rules/ide0055) [C:\UserWorx\VSWorx\ServoStudio\wpfui-servoStudio\samples\Wpf.Ui.servoStudio\servoStudio_wjhet5xd_wpftmp.csproj]
C:\UserWorx\VSWorx\ServoStudio\wpfui-servoStudio\samples\Wpf.Ui.servoStudio\ViewModels\AppData\DataViewViewModel.cs(416,36): warning IDE0055: 淇鏍煎紡 (https://learn.microsoft.com/dotnet/fundamentals/code-analysis/style-rules/ide0055) [C:\UserWorx\VSWorx\ServoStudio\wpfui-servoStudio\samples\Wpf.Ui.servoStudio\servoStudio_wjhet5xd_wpftmp.csproj]
C:\UserWorx\VSWorx\ServoStudio\wpfui-servoStudio\samples\Wpf.Ui.servoStudio\ViewModels\AppData\DataViewViewModel.cs(416,44): warning IDE0055: 淇鏍煎紡 (https://learn.microsoft.com/dotnet/fundamentals/code-analysis/style-rules/ide0055) [C:\UserWorx\VSWorx\ServoStudio\wpfui-servoStudio\samples\Wpf.Ui.servoStudio\servoStudio_wjhet5xd_wpftmp.csproj]
C:\UserWorx\VSWorx\ServoStudio\wpfui-servoStudio\samples\Wpf.Ui.servoStudio\ViewModels\AppData\DataViewViewModel.cs(416,52): warning IDE0055: 淇鏍煎紡 (https://learn.microsoft.com/dotnet/fundamentals/code-analysis/style-rules/ide0055) [C:\UserWorx\VSWorx\ServoStudio\wpfui-servoStudio\samples\Wpf.Ui.servoStudio\servoStudio_wjhet5xd_wpftmp.csproj]
C:\UserWorx\VSWorx\ServoStudio\wpfui-servoStudio\samples\Wpf.Ui.servoStudio\ViewModels\AppData\DataViewViewModel.cs(417,26): warning IDE0055: 淇鏍煎紡 (https://learn.microsoft.com/dotnet/fundamentals/code-analysis/style-rules/ide0055) [C:\UserWorx\VSWorx\ServoStudio\wpfui-servoStudio\samples\Wpf.Ui.servoStudio\servoStudio_wjhet5xd_wpftmp.csproj]
C:\UserWorx\VSWorx\ServoStudio\wpfui-servoStudio\samples\Wpf.Ui.servoStudio\ViewModels\AppData\DataViewViewModel.cs(417,28): warning IDE0055: 淇鏍煎紡 (https://learn.microsoft.com/dotnet/fundamentals/code-analysis/style-rules/ide0055) [C:\UserWorx\VSWorx\ServoStudio\wpfui-servoStudio\samples\Wpf.Ui.servoStudio\servoStudio_wjhet5xd_wpftmp.csproj]
C:\UserWorx\VSWorx\ServoStudio\wpfui-servoStudio\samples\Wpf.Ui.servoStudio\ViewModels\AppData\DataViewViewModel.cs(417,36): warning IDE0055: 淇鏍煎紡 (https://learn.microsoft.com/dotnet/fundamentals/code-analysis/style-rules/ide0055) [C:\UserWorx\VSWorx\ServoStudio\wpfui-servoStudio\samples\Wpf.Ui.servoStudio\servoStudio_wjhet5xd_wpftmp.csproj]
C:\UserWorx\VSWorx\ServoStudio\wpfui-servoStudio\samples\Wpf.Ui.servoStudio\ViewModels\AppData\DataViewViewModel.cs(417,44): warning IDE0055: 淇鏍煎紡 (https://learn.microsoft.com/dotnet/fundamentals/code-analysis/style-rules/ide0055) [C:\UserWorx\VSWorx\ServoStudio\wpfui-servoStudio\samples\Wpf.Ui.servoStudio\servoStudio_wjhet5xd_wpftmp.csproj]
C:\UserWorx\VSWorx\ServoStudio\wpfui-servoStudio\samples\Wpf.Ui.servoStudio\ViewModels\AppData\DataViewViewModel.cs(417,52): warning IDE0055: 淇鏍煎紡 (https://learn.microsoft.com/dotnet/fundamentals/code-analysis/style-rules/ide0055) [C:\UserWorx\VSWorx\ServoStudio\wpfui-servoStudio\samples\Wpf.Ui.servoStudio\servoStudio_wjhet5xd_wpftmp.csproj]
C:\UserWorx\VSWorx\ServoStudio\wpfui-servoStudio\samples\Wpf.Ui.servoStudio\ViewModels\AppData\DataViewViewModel.cs(418,26): warning IDE0055: 淇鏍煎紡 (https://learn.microsoft.com/dotnet/fundamentals/code-analysis/style-rules/ide0055) [C:\UserWorx\VSWorx\ServoStudio\wpfui-servoStudio\samples\Wpf.Ui.servoStudio\servoStudio_wjhet5xd_wpftmp.csproj]
C:\UserWorx\VSWorx\ServoStudio\wpfui-servoStudio\samples\Wpf.Ui.servoStudio\ViewModels\AppData\DataViewViewModel.cs(418,28): warning IDE0055: 淇鏍煎紡 (https://learn.microsoft.com/dotnet/fundamentals/code-analysis/style-rules/ide0055) [C:\UserWorx\VSWorx\ServoStudio\wpfui-servoStudio\samples\Wpf.Ui.servoStudio\servoStudio_wjhet5xd_wpftmp.csproj]
C:\UserWorx\VSWorx\ServoStudio\wpfui-servoStudio\samples\Wpf.Ui.servoStudio\ViewModels\AppData\DataViewViewModel.cs(418,36): warning IDE0055: 淇鏍煎紡 (https://learn.microsoft.com/dotnet/fundamentals/code-analysis/style-rules/ide0055) [C:\UserWorx\VSWorx\ServoStudio\wpfui-servoStudio\samples\Wpf.Ui.servoStudio\servoStudio_wjhet5xd_wpftmp.csproj]
C:\UserWorx\VSWorx\ServoStudio\wpfui-servoStudio\samples\Wpf.Ui.servoStudio\ViewModels\AppData\DataViewViewModel.cs(418,44): warning IDE0055: 淇鏍煎紡 (https://learn.microsoft.com/dotnet/fundamentals/code-analysis/style-rules/ide0055) [C:\UserWorx\VSWorx\ServoStudio\wpfui-servoStudio\samples\Wpf.Ui.servoStudio\servoStudio_wjhet5xd_wpftmp.csproj]
C:\UserWorx\VSWorx\ServoStudio\wpfui-servoStudio\samples\Wpf.Ui.servoStudio\ViewModels\AppData\DataViewViewModel.cs(418,52): warning IDE0055: 淇鏍煎紡 (https://learn.microsoft.com/dotnet/fundamentals/code-analysis/style-rules/ide0055) [C:\UserWorx\VSWorx\ServoStudio\wpfui-servoStudio\samples\Wpf.Ui.servoStudio\servoStudio_wjhet5xd_wpftmp.csproj]
C:\UserWorx\VSWorx\ServoStudio\wpfui-servoStudio\samples\Wpf.Ui.servoStudio\ViewModels\AppData\DataViewViewModel.cs(419,26): warning IDE0055: 淇鏍煎紡 (https://learn.microsoft.com/dotnet/fundamentals/code-analysis/style-rules/ide0055) [C:\UserWorx\VSWorx\ServoStudio\wpfui-servoStudio\samples\Wpf.Ui.servoStudio\servoStudio_wjhet5xd_wpftmp.csproj]
C:\UserWorx\VSWorx\ServoStudio\wpfui-servoStudio\samples\Wpf.Ui.servoStudio\ViewModels\AppData\DataViewViewModel.cs(419,28): warning IDE0055: 淇鏍煎紡 (https://learn.microsoft.com/dotnet/fundamentals/code-analysis/style-rules/ide0055) [C:\UserWorx\VSWorx\ServoStudio\wpfui-servoStudio\samples\Wpf.Ui.servoStudio\servoStudio_wjhet5xd_wpftmp.csproj]
C:\UserWorx\VSWorx\ServoStudio\wpfui-servoStudio\samples\Wpf.Ui.servoStudio\ViewModels\AppData\DataViewViewModel.cs(419,36): warning IDE0055: 淇鏍煎紡 (https://learn.microsoft.com/dotnet/fundamentals/code-analysis/style-rules/ide0055) [C:\UserWorx\VSWorx\ServoStudio\wpfui-servoStudio\samples\Wpf.Ui.servoStudio\servoStudio_wjhet5xd_wpftmp.csproj]
C:\UserWorx\VSWorx\ServoStudio\wpfui-servoStudio\samples\Wpf.Ui.servoStudio\ViewModels\AppData\DataViewViewModel.cs(419,44): warning IDE0055: 淇鏍煎紡 (https://learn.microsoft.com/dotnet/fundamentals/code-analysis/style-rules/ide0055) [C:\UserWorx\VSWorx\ServoStudio\wpfui-servoStudio\samples\Wpf.Ui.servoStudio\servoStudio_wjhet5xd_wpftmp.csproj]
C:\UserWorx\VSWorx\ServoStudio\wpfui-servoStudio\samples\Wpf.Ui.servoStudio\ViewModels\AppData\DataViewViewModel.cs(419,52): warning IDE0055: 淇鏍煎紡 (https://learn.microsoft.com/dotnet/fundamentals/code-analysis/style-rules/ide0055) [C:\UserWorx\VSWorx\ServoStudio\wpfui-servoStudio\samples\Wpf.Ui.servoStudio\servoStudio_wjhet5xd_wpftmp.csproj]
C:\UserWorx\VSWorx\ServoStudio\wpfui-servoStudio\samples\Wpf.Ui.servoStudio\ViewModels\AppData\DataViewViewModel.cs(420,13): warning IDE0055: 淇鏍煎紡 (https://learn.microsoft.com/dotnet/fundamentals/code-analysis/style-rules/ide0055) [C:\UserWorx\VSWorx\ServoStudio\wpfui-servoStudio\samples\Wpf.Ui.servoStudio\servoStudio_wjhet5xd_wpftmp.csproj]
C:\UserWorx\VSWorx\ServoStudio\wpfui-servoStudio\samples\Wpf.Ui.servoStudio\ViewModels\AppData\DataViewViewModel.cs(420,15): warning IDE0055: 淇鏍煎紡 (https://learn.microsoft.com/dotnet/fundamentals/code-analysis/style-rules/ide0055) [C:\UserWorx\VSWorx\ServoStudio\wpfui-servoStudio\samples\Wpf.Ui.servoStudio\servoStudio_wjhet5xd_wpftmp.csproj]
C:\UserWorx\VSWorx\ServoStudio\wpfui-servoStudio\samples\Wpf.Ui.servoStudio\ViewModels\AppData\DataViewViewModel.cs(420,23): warning IDE0055: 淇鏍煎紡 (https://learn.microsoft.com/dotnet/fundamentals/code-analysis/style-rules/ide0055) [C:\UserWorx\VSWorx\ServoStudio\wpfui-servoStudio\samples\Wpf.Ui.servoStudio\servoStudio_wjhet5xd_wpftmp.csproj]
C:\UserWorx\VSWorx\ServoStudio\wpfui-servoStudio\samples\Wpf.Ui.servoStudio\ViewModels\AppData\DataViewViewModel.cs(420,31): warning IDE0055: 淇鏍煎紡 (https://learn.microsoft.com/dotnet/fundamentals/code-analysis/style-rules/ide0055) [C:\UserWorx\VSWorx\ServoStudio\wpfui-servoStudio\samples\Wpf.Ui.servoStudio\servoStudio_wjhet5xd_wpftmp.csproj]
C:\UserWorx\VSWorx\ServoStudio\wpfui-servoStudio\samples\Wpf.Ui.servoStudio\ViewModels\AppData\DataViewViewModel.cs(420,39): warning IDE0055: 淇鏍煎紡 (https://learn.microsoft.com/dotnet/fundamentals/code-analysis/style-rules/ide0055) [C:\UserWorx\VSWorx\ServoStudio\wpfui-servoStudio\samples\Wpf.Ui.servoStudio\servoStudio_wjhet5xd_wpftmp.csproj]
C:\UserWorx\VSWorx\ServoStudio\wpfui-servoStudio\samples\Wpf.Ui.servoStudio\ViewModels\AppData\DataViewViewModel.cs(436,12): warning IDE0055: 淇鏍煎紡 (https://learn.microsoft.com/dotnet/fundamentals/code-analysis/style-rules/ide0055) [C:\UserWorx\VSWorx\ServoStudio\wpfui-servoStudio\samples\Wpf.Ui.servoStudio\servoStudio_wjhet5xd_wpftmp.csproj]
C:\UserWorx\VSWorx\ServoStudio\wpfui-servoStudio\samples\Wpf.Ui.servoStudio\ViewModels\AppData\DataViewViewModel.cs(436,14): warning IDE0055: 淇鏍煎紡 (https://learn.microsoft.com/dotnet/fundamentals/code-analysis/style-rules/ide0055) [C:\UserWorx\VSWorx\ServoStudio\wpfui-servoStudio\samples\Wpf.Ui.servoStudio\servoStudio_wjhet5xd_wpftmp.csproj]
C:\UserWorx\VSWorx\ServoStudio\wpfui-servoStudio\samples\Wpf.Ui.servoStudio\ViewModels\AppData\DataViewViewModel.cs(436,64): warning IDE0055: 淇鏍煎紡 (https://learn.microsoft.com/dotnet/fundamentals/code-analysis/style-rules/ide0055) [C:\UserWorx\VSWorx\ServoStudio\wpfui-servoStudio\samples\Wpf.Ui.servoStudio\servoStudio_wjhet5xd_wpftmp.csproj]
C:\UserWorx\VSWorx\ServoStudio\wpfui-servoStudio\samples\Wpf.Ui.servoStudio\ViewModels\AppData\DataViewViewModel.cs(450,58): warning IDE0055: 淇鏍煎紡 (https://learn.microsoft.com/dotnet/fundamentals/code-analysis/style-rules/ide0055) [C:\UserWorx\VSWorx\ServoStudio\wpfui-servoStudio\samples\Wpf.Ui.servoStudio\servoStudio_wjhet5xd_wpftmp.csproj]
C:\UserWorx\VSWorx\ServoStudio\wpfui-servoStudio\samples\Wpf.Ui.servoStudio\ViewModels\AppData\DataViewViewModel.cs(471,30): warning IDE0055: 淇鏍煎紡 (https://learn.microsoft.com/dotnet/fundamentals/code-analysis/style-rules/ide0055) [C:\UserWorx\VSWorx\ServoStudio\wpfui-servoStudio\samples\Wpf.Ui.servoStudio\servoStudio_wjhet5xd_wpftmp.csproj]
C:\UserWorx\VSWorx\ServoStudio\wpfui-servoStudio\samples\Wpf.Ui.servoStudio\ViewModels\AppData\DataViewViewModel.cs(480,61): warning IDE0055: 淇鏍煎紡 (https://learn.microsoft.com/dotnet/fundamentals/code-analysis/style-rules/ide0055) [C:\UserWorx\VSWorx\ServoStudio\wpfui-servoStudio\samples\Wpf.Ui.servoStudio\servoStudio_wjhet5xd_wpftmp.csproj]
C:\UserWorx\VSWorx\ServoStudio\wpfui-servoStudio\samples\Wpf.Ui.servoStudio\ViewModels\AppData\DataViewViewModel.cs(487,51): warning IDE0055: 淇鏍煎紡 (https://learn.microsoft.com/dotnet/fundamentals/code-analysis/style-rules/ide0055) [C:\UserWorx\VSWorx\ServoStudio\wpfui-servoStudio\samples\Wpf.Ui.servoStudio\servoStudio_wjhet5xd_wpftmp.csproj]
C:\UserWorx\VSWorx\ServoStudio\wpfui-servoStudio\samples\Wpf.Ui.servoStudio\ViewModels\AppData\DataViewViewModel.cs(1540,30): warning IDE0055: 淇鏍煎紡 (https://learn.microsoft.com/dotnet/fundamentals/code-analysis/style-rules/ide0055) [C:\UserWorx\VSWorx\ServoStudio\wpfui-servoStudio\samples\Wpf.Ui.servoStudio\servoStudio_wjhet5xd_wpftmp.csproj]
C:\UserWorx\VSWorx\ServoStudio\wpfui-servoStudio\samples\Wpf.Ui.servoStudio\ViewModels\AppData\DataViewViewModel.cs(1540,32): warning IDE0055: 淇鏍煎紡 (https://learn.microsoft.com/dotnet/fundamentals/code-analysis/style-rules/ide0055) [C:\UserWorx\VSWorx\ServoStudio\wpfui-servoStudio\samples\Wpf.Ui.servoStudio\servoStudio_wjhet5xd_wpftmp.csproj]
C:\UserWorx\VSWorx\ServoStudio\wpfui-servoStudio\samples\Wpf.Ui.servoStudio\ViewModels\AppData\DataViewViewModel.cs(1540,50): warning IDE0055: 淇鏍煎紡 (https://learn.microsoft.com/dotnet/fundamentals/code-analysis/style-rules/ide0055) [C:\UserWorx\VSWorx\ServoStudio\wpfui-servoStudio\samples\Wpf.Ui.servoStudio\servoStudio_wjhet5xd_wpftmp.csproj]
C:\UserWorx\VSWorx\ServoStudio\wpfui-servoStudio\samples\Wpf.Ui.servoStudio\ViewModels\AppData\DataViewViewModel.cs(1541,44): warning IDE0055: 淇鏍煎紡 (https://learn.microsoft.com/dotnet/fundamentals/code-analysis/style-rules/ide0055) [C:\UserWorx\VSWorx\ServoStudio\wpfui-servoStudio\samples\Wpf.Ui.servoStudio\servoStudio_wjhet5xd_wpftmp.csproj]
C:\UserWorx\VSWorx\ServoStudio\wpfui-servoStudio\samples\Wpf.Ui.servoStudio\ViewModels\AppData\DataViewViewModel.cs(1541,46): warning IDE0055: 淇鏍煎紡 (https://learn.microsoft.com/dotnet/fundamentals/code-analysis/style-rules/ide0055) [C:\UserWorx\VSWorx\ServoStudio\wpfui-servoStudio\samples\Wpf.Ui.servoStudio\servoStudio_wjhet5xd_wpftmp.csproj]
C:\UserWorx\VSWorx\ServoStudio\wpfui-servoStudio\samples\Wpf.Ui.servoStudio\ViewModels\AppData\DataViewViewModel.cs(1541,62): warning IDE0055: 淇鏍煎紡 (https://learn.microsoft.com/dotnet/fundamentals/code-analysis/style-rules/ide0055) [C:\UserWorx\VSWorx\ServoStudio\wpfui-servoStudio\samples\Wpf.Ui.servoStudio\servoStudio_wjhet5xd_wpftmp.csproj]
C:\UserWorx\VSWorx\ServoStudio\wpfui-servoStudio\samples\Wpf.Ui.servoStudio\ViewModels\AppData\DataViewViewModel.cs(1546,38): warning IDE0055: 淇鏍煎紡 (https://learn.microsoft.com/dotnet/fundamentals/code-analysis/style-rules/ide0055) [C:\UserWorx\VSWorx\ServoStudio\wpfui-servoStudio\samples\Wpf.Ui.servoStudio\servoStudio_wjhet5xd_wpftmp.csproj]
C:\UserWorx\VSWorx\ServoStudio\wpfui-servoStudio\samples\Wpf.Ui.servoStudio\ViewModels\AppData\DataViewViewModel.cs(1546,40): warning IDE0055: 淇鏍煎紡 (https://learn.microsoft.com/dotnet/fundamentals/code-analysis/style-rules/ide0055) [C:\UserWorx\VSWorx\ServoStudio\wpfui-servoStudio\samples\Wpf.Ui.servoStudio\servoStudio_wjhet5xd_wpftmp.csproj]
C:\UserWorx\VSWorx\ServoStudio\wpfui-servoStudio\samples\Wpf.Ui.servoStudio\ViewModels\AppData\DataViewViewModel.cs(1546,100): warning IDE0055: 淇鏍煎紡 (https://learn.microsoft.com/dotnet/fundamentals/code-analysis/style-rules/ide0055) [C:\UserWorx\VSWorx\ServoStudio\wpfui-servoStudio\samples\Wpf.Ui.servoStudio\servoStudio_wjhet5xd_wpftmp.csproj]
C:\UserWorx\VSWorx\ServoStudio\wpfui-servoStudio\samples\Wpf.Ui.servoStudio\ViewModels\AppData\DataViewViewModel.cs(1559,27): warning IDE0055: 淇鏍煎紡 (https://learn.microsoft.com/dotnet/fundamentals/code-analysis/style-rules/ide0055) [C:\UserWorx\VSWorx\ServoStudio\wpfui-servoStudio\samples\Wpf.Ui.servoStudio\servoStudio_wjhet5xd_wpftmp.csproj]
C:\UserWorx\VSWorx\ServoStudio\wpfui-servoStudio\samples\Wpf.Ui.servoStudio\ViewModels\AppData\DataViewViewModel.cs(1559,29): warning IDE0055: 淇鏍煎紡 (https://learn.microsoft.com/dotnet/fundamentals/code-analysis/style-rules/ide0055) [C:\UserWorx\VSWorx\ServoStudio\wpfui-servoStudio\samples\Wpf.Ui.servoStudio\servoStudio_wjhet5xd_wpftmp.csproj]
C:\UserWorx\VSWorx\ServoStudio\wpfui-servoStudio\samples\Wpf.Ui.servoStudio\ViewModels\AppData\DataViewViewModel.cs(1559,47): warning IDE0055: 淇鏍煎紡 (https://learn.microsoft.com/dotnet/fundamentals/code-analysis/style-rules/ide0055) [C:\UserWorx\VSWorx\ServoStudio\wpfui-servoStudio\samples\Wpf.Ui.servoStudio\servoStudio_wjhet5xd_wpftmp.csproj]
C:\UserWorx\VSWorx\ServoStudio\wpfui-servoStudio\samples\Wpf.Ui.servoStudio\ViewModels\AppData\DataViewViewModel.cs(1784,12): warning IDE0055: 淇鏍煎紡 (https://learn.microsoft.com/dotnet/fundamentals/code-analysis/style-rules/ide0055) [C:\UserWorx\VSWorx\ServoStudio\wpfui-servoStudio\samples\Wpf.Ui.servoStudio\servoStudio_wjhet5xd_wpftmp.csproj]
C:\UserWorx\VSWorx\ServoStudio\wpfui-servoStudio\samples\Wpf.Ui.servoStudio\ViewModels\AppData\DataViewViewModel.cs(1784,14): warning IDE0055: 淇鏍煎紡 (https://learn.microsoft.com/dotnet/fundamentals/code-analysis/style-rules/ide0055) [C:\UserWorx\VSWorx\ServoStudio\wpfui-servoStudio\samples\Wpf.Ui.servoStudio\servoStudio_wjhet5xd_wpftmp.csproj]
C:\UserWorx\VSWorx\ServoStudio\wpfui-servoStudio\samples\Wpf.Ui.servoStudio\ViewModels\AppData\DataViewViewModel.cs(1784,42): warning IDE0055: 淇鏍煎紡 (https://learn.microsoft.com/dotnet/fundamentals/code-analysis/style-rules/ide0055) [C:\UserWorx\VSWorx\ServoStudio\wpfui-servoStudio\samples\Wpf.Ui.servoStudio\servoStudio_wjhet5xd_wpftmp.csproj]
C:\UserWorx\VSWorx\ServoStudio\wpfui-servoStudio\samples\Wpf.Ui.servoStudio\ViewModels\AppData\DataViewViewModel.cs(1784,44): warning IDE0055: 淇鏍煎紡 (https://learn.microsoft.com/dotnet/fundamentals/code-analysis/style-rules/ide0055) [C:\UserWorx\VSWorx\ServoStudio\wpfui-servoStudio\samples\Wpf.Ui.servoStudio\servoStudio_wjhet5xd_wpftmp.csproj]
C:\UserWorx\VSWorx\ServoStudio\wpfui-servoStudio\samples\Wpf.Ui.servoStudio\ViewModels\AppData\DataViewViewModel.cs(2158,32): warning IDE0055: 淇鏍煎紡 (https://learn.microsoft.com/dotnet/fundamentals/code-analysis/style-rules/ide0055) [C:\UserWorx\VSWorx\ServoStudio\wpfui-servoStudio\samples\Wpf.Ui.servoStudio\servoStudio_wjhet5xd_wpftmp.csproj]
C:\UserWorx\VSWorx\ServoStudio\wpfui-servoStudio\samples\Wpf.Ui.servoStudio\ViewModels\AppData\DataViewViewModel.cs(2158,34): warning IDE0055: 淇鏍煎紡 (https://learn.microsoft.com/dotnet/fundamentals/code-analysis/style-rules/ide0055) [C:\UserWorx\VSWorx\ServoStudio\wpfui-servoStudio\samples\Wpf.Ui.servoStudio\servoStudio_wjhet5xd_wpftmp.csproj]
C:\UserWorx\VSWorx\ServoStudio\wpfui-servoStudio\samples\Wpf.Ui.servoStudio\ViewModels\AppData\DataViewViewModel.cs(2158,44): warning IDE0055: 淇鏍煎紡 (https://learn.microsoft.com/dotnet/fundamentals/code-analysis/style-rules/ide0055) [C:\UserWorx\VSWorx\ServoStudio\wpfui-servoStudio\samples\Wpf.Ui.servoStudio\servoStudio_wjhet5xd_wpftmp.csproj]
C:\UserWorx\VSWorx\ServoStudio\wpfui-servoStudio\samples\Wpf.Ui.servoStudio\ViewModels\AppData\DataViewViewModel.cs(2164,30): warning IDE0055: 淇鏍煎紡 (https://learn.microsoft.com/dotnet/fundamentals/code-analysis/style-rules/ide0055) [C:\UserWorx\VSWorx\ServoStudio\wpfui-servoStudio\samples\Wpf.Ui.servoStudio\servoStudio_wjhet5xd_wpftmp.csproj]
C:\UserWorx\VSWorx\ServoStudio\wpfui-servoStudio\samples\Wpf.Ui.servoStudio\ViewModels\AppData\DataViewViewModel.cs(2164,32): warning IDE0055: 淇鏍煎紡 (https://learn.microsoft.com/dotnet/fundamentals/code-analysis/style-rules/ide0055) [C:\UserWorx\VSWorx\ServoStudio\wpfui-servoStudio\samples\Wpf.Ui.servoStudio\servoStudio_wjhet5xd_wpftmp.csproj]
C:\UserWorx\VSWorx\ServoStudio\wpfui-servoStudio\samples\Wpf.Ui.servoStudio\ViewModels\AppData\DataViewViewModel.cs(2164,42): warning IDE0055: 淇鏍煎紡 (https://learn.microsoft.com/dotnet/fundamentals/code-analysis/style-rules/ide0055) [C:\UserWorx\VSWorx\ServoStudio\wpfui-servoStudio\samples\Wpf.Ui.servoStudio\servoStudio_wjhet5xd_wpftmp.csproj]
C:\UserWorx\VSWorx\ServoStudio\wpfui-servoStudio\samples\Wpf.Ui.servoStudio\ViewModels\AppData\DataViewViewModel.cs(420,40): warning IDE2003: 鍧椾笌鍚庣画璇彞涔嬮棿闇€瑕佹湁绌虹櫧琛?(https://learn.microsoft.com/dotnet/fundamentals/code-analysis/style-rules/ide2003) [C:\UserWorx\VSWorx\ServoStudio\wpfui-servoStudio\samples\Wpf.Ui.servoStudio\servoStudio_wjhet5xd_wpftmp.csproj]
C:\UserWorx\VSWorx\ServoStudio\wpfui-servoStudio\samples\Wpf.Ui.servoStudio\Services\PageUsageTracker.cs(125,9): warning IDE0011: 鍚?鈥渋f鈥?璇彞娣诲姞澶ф嫭鍙枫€?(https://learn.microsoft.com/dotnet/fundamentals/code-analysis/style-rules/ide0011) [C:\UserWorx\VSWorx\ServoStudio\wpfui-servoStudio\samples\Wpf.Ui.servoStudio\servoStudio_wjhet5xd_wpftmp.csproj]
C:\UserWorx\VSWorx\ServoStudio\wpfui-servoStudio\samples\Wpf.Ui.servoStudio\ViewModels\AppData\DataViewViewModel.cs(457,17): warning IDE2003: 鍧椾笌鍚庣画璇彞涔嬮棿闇€瑕佹湁绌虹櫧琛?(https://learn.microsoft.com/dotnet/fundamentals/code-analysis/style-rules/ide2003) [C:\UserWorx\VSWorx\ServoStudio\wpfui-servoStudio\samples\Wpf.Ui.servoStudio\servoStudio_wjhet5xd_wpftmp.csproj]
C:\UserWorx\VSWorx\ServoStudio\wpfui-servoStudio\samples\Wpf.Ui.servoStudio\ViewModels\AppData\DataViewViewModel.cs(500,13): warning IDE2003: 鍧椾笌鍚庣画璇彞涔嬮棿闇€瑕佹湁绌虹櫧琛?(https://learn.microsoft.com/dotnet/fundamentals/code-analysis/style-rules/ide2003) [C:\UserWorx\VSWorx\ServoStudio\wpfui-servoStudio\samples\Wpf.Ui.servoStudio\servoStudio_wjhet5xd_wpftmp.csproj]
C:\UserWorx\VSWorx\ServoStudio\wpfui-servoStudio\samples\Wpf.Ui.servoStudio\ViewModels\AppData\DataViewViewModel.cs(533,13): warning IDE2003: 鍧椾笌鍚庣画璇彞涔嬮棿闇€瑕佹湁绌虹櫧琛?(https://learn.microsoft.com/dotnet/fundamentals/code-analysis/style-rules/ide2003) [C:\UserWorx\VSWorx\ServoStudio\wpfui-servoStudio\samples\Wpf.Ui.servoStudio\servoStudio_wjhet5xd_wpftmp.csproj]
C:\UserWorx\VSWorx\ServoStudio\wpfui-servoStudio\samples\Wpf.Ui.servoStudio\ViewModels\AppData\DataViewViewModel.cs(584,17): warning IDE2003: 鍧椾笌鍚庣画璇彞涔嬮棿闇€瑕佹湁绌虹櫧琛?(https://learn.microsoft.com/dotnet/fundamentals/code-analysis/style-rules/ide2003) [C:\UserWorx\VSWorx\ServoStudio\wpfui-servoStudio\samples\Wpf.Ui.servoStudio\servoStudio_wjhet5xd_wpftmp.csproj]
C:\UserWorx\VSWorx\ServoStudio\wpfui-servoStudio\samples\Wpf.Ui.servoStudio\ViewModels\AppData\DataViewViewModel.cs(661,13): warning IDE2003: 鍧椾笌鍚庣画璇彞涔嬮棿闇€瑕佹湁绌虹櫧琛?(https://learn.microsoft.com/dotnet/fundamentals/code-analysis/style-rules/ide2003) [C:\UserWorx\VSWorx\ServoStudio\wpfui-servoStudio\samples\Wpf.Ui.servoStudio\servoStudio_wjhet5xd_wpftmp.csproj]
C:\UserWorx\VSWorx\ServoStudio\wpfui-servoStudio\samples\Wpf.Ui.servoStudio\ViewModels\AppData\DataViewViewModel.cs(703,13): warning IDE2003: 鍧椾笌鍚庣画璇彞涔嬮棿闇€瑕佹湁绌虹櫧琛?(https://learn.microsoft.com/dotnet/fundamentals/code-analysis/style-rules/ide2003) [C:\UserWorx\VSWorx\ServoStudio\wpfui-servoStudio\samples\Wpf.Ui.servoStudio\servoStudio_wjhet5xd_wpftmp.csproj]
C:\UserWorx\VSWorx\ServoStudio\wpfui-servoStudio\samples\Wpf.Ui.servoStudio\ViewModels\AppData\DataViewViewModel.cs(697,17): warning IDE2003: 鍧椾笌鍚庣画璇彞涔嬮棿闇€瑕佹湁绌虹櫧琛?(https://learn.microsoft.com/dotnet/fundamentals/code-analysis/style-rules/ide2003) [C:\UserWorx\VSWorx\ServoStudio\wpfui-servoStudio\samples\Wpf.Ui.servoStudio\servoStudio_wjhet5xd_wpftmp.csproj]
C:\UserWorx\VSWorx\ServoStudio\wpfui-servoStudio\samples\Wpf.Ui.servoStudio\ViewModels\AppData\DataViewViewModel.cs(701,17): warning IDE2003: 鍧椾笌鍚庣画璇彞涔嬮棿闇€瑕佹湁绌虹櫧琛?(https://learn.microsoft.com/dotnet/fundamentals/code-analysis/style-rules/ide2003) [C:\UserWorx\VSWorx\ServoStudio\wpfui-servoStudio\samples\Wpf.Ui.servoStudio\servoStudio_wjhet5xd_wpftmp.csproj]
C:\UserWorx\VSWorx\ServoStudio\wpfui-servoStudio\samples\Wpf.Ui.servoStudio\ViewModels\AppData\DataViewViewModel.cs(915,21): warning IDE2003: 鍧椾笌鍚庣画璇彞涔嬮棿闇€瑕佹湁绌虹櫧琛?(https://learn.microsoft.com/dotnet/fundamentals/code-analysis/style-rules/ide2003) [C:\UserWorx\VSWorx\ServoStudio\wpfui-servoStudio\samples\Wpf.Ui.servoStudio\servoStudio_wjhet5xd_wpftmp.csproj]
C:\UserWorx\VSWorx\ServoStudio\wpfui-servoStudio\samples\Wpf.Ui.servoStudio\ViewModels\AppData\DataViewViewModel.cs(946,21): warning IDE2003: 鍧椾笌鍚庣画璇彞涔嬮棿闇€瑕佹湁绌虹櫧琛?(https://learn.microsoft.com/dotnet/fundamentals/code-analysis/style-rules/ide2003) [C:\UserWorx\VSWorx\ServoStudio\wpfui-servoStudio\samples\Wpf.Ui.servoStudio\servoStudio_wjhet5xd_wpftmp.csproj]
C:\UserWorx\VSWorx\ServoStudio\wpfui-servoStudio\samples\Wpf.Ui.servoStudio\ViewModels\AppData\DataViewViewModel.cs(985,9): warning IDE2003: 鍧椾笌鍚庣画璇彞涔嬮棿闇€瑕佹湁绌虹櫧琛?(https://learn.microsoft.com/dotnet/fundamentals/code-analysis/style-rules/ide2003) [C:\UserWorx\VSWorx\ServoStudio\wpfui-servoStudio\samples\Wpf.Ui.servoStudio\servoStudio_wjhet5xd_wpftmp.csproj]
C:\UserWorx\VSWorx\ServoStudio\wpfui-servoStudio\samples\Wpf.Ui.servoStudio\ViewModels\AppData\DataViewViewModel.cs(1097,13): warning IDE2003: 鍧椾笌鍚庣画璇彞涔嬮棿闇€瑕佹湁绌虹櫧琛?(https://learn.microsoft.com/dotnet/fundamentals/code-analysis/style-rules/ide2003) [C:\UserWorx\VSWorx\ServoStudio\wpfui-servoStudio\samples\Wpf.Ui.servoStudio\servoStudio_wjhet5xd_wpftmp.csproj]
C:\UserWorx\VSWorx\ServoStudio\wpfui-servoStudio\samples\Wpf.Ui.servoStudio\ViewModels\Motion\MultiStepProfileViewModel.cs(58,49): warning IDE0011: 鍚?鈥渋f鈥?璇彞娣诲姞澶ф嫭鍙枫€?(https://learn.microsoft.com/dotnet/fundamentals/code-analysis/style-rules/ide0011) [C:\UserWorx\VSWorx\ServoStudio\wpfui-servoStudio\samples\Wpf.Ui.servoStudio\servoStudio_wjhet5xd_wpftmp.csproj]
C:\UserWorx\VSWorx\ServoStudio\wpfui-servoStudio\samples\Wpf.Ui.servoStudio\ViewModels\AppData\DataViewViewModel.cs(1135,9): warning IDE2003: 鍧椾笌鍚庣画璇彞涔嬮棿闇€瑕佹湁绌虹櫧琛?(https://learn.microsoft.com/dotnet/fundamentals/code-analysis/style-rules/ide2003) [C:\UserWorx\VSWorx\ServoStudio\wpfui-servoStudio\samples\Wpf.Ui.servoStudio\servoStudio_wjhet5xd_wpftmp.csproj]
C:\UserWorx\VSWorx\ServoStudio\wpfui-servoStudio\samples\Wpf.Ui.servoStudio\ViewModels\Motion\MultiStepProfileViewModel.cs(59,48): warning IDE0011: 鍚?鈥渋f鈥?璇彞娣诲姞澶ф嫭鍙枫€?(https://learn.microsoft.com/dotnet/fundamentals/code-analysis/style-rules/ide0011) [C:\UserWorx\VSWorx\ServoStudio\wpfui-servoStudio\samples\Wpf.Ui.servoStudio\servoStudio_wjhet5xd_wpftmp.csproj]
C:\UserWorx\VSWorx\ServoStudio\wpfui-servoStudio\samples\Wpf.Ui.servoStudio\ViewModels\AppData\DataViewViewModel.cs(1233,9): warning IDE2003: 鍧椾笌鍚庣画璇彞涔嬮棿闇€瑕佹湁绌虹櫧琛?(https://learn.microsoft.com/dotnet/fundamentals/code-analysis/style-rules/ide2003) [C:\UserWorx\VSWorx\ServoStudio\wpfui-servoStudio\samples\Wpf.Ui.servoStudio\servoStudio_wjhet5xd_wpftmp.csproj]
C:\UserWorx\VSWorx\ServoStudio\wpfui-servoStudio\samples\Wpf.Ui.servoStudio\ViewModels\AppData\DataViewViewModel.cs(1271,9): warning IDE2003: 鍧椾笌鍚庣画璇彞涔嬮棿闇€瑕佹湁绌虹櫧琛?(https://learn.microsoft.com/dotnet/fundamentals/code-analysis/style-rules/ide2003) [C:\UserWorx\VSWorx\ServoStudio\wpfui-servoStudio\samples\Wpf.Ui.servoStudio\servoStudio_wjhet5xd_wpftmp.csproj]
C:\UserWorx\VSWorx\ServoStudio\wpfui-servoStudio\samples\Wpf.Ui.servoStudio\ViewModels\AppData\DataViewViewModel.cs(1426,9): warning IDE2003: 鍧椾笌鍚庣画璇彞涔嬮棿闇€瑕佹湁绌虹櫧琛?(https://learn.microsoft.com/dotnet/fundamentals/code-analysis/style-rules/ide2003) [C:\UserWorx\VSWorx\ServoStudio\wpfui-servoStudio\samples\Wpf.Ui.servoStudio\servoStudio_wjhet5xd_wpftmp.csproj]
C:\UserWorx\VSWorx\ServoStudio\wpfui-servoStudio\samples\Wpf.Ui.servoStudio\ViewModels\AppData\DataViewViewModel.cs(1559,48): warning IDE2003: 鍧椾笌鍚庣画璇彞涔嬮棿闇€瑕佹湁绌虹櫧琛?(https://learn.microsoft.com/dotnet/fundamentals/code-analysis/style-rules/ide2003) [C:\UserWorx\VSWorx\ServoStudio\wpfui-servoStudio\samples\Wpf.Ui.servoStudio\servoStudio_wjhet5xd_wpftmp.csproj]
C:\UserWorx\VSWorx\ServoStudio\wpfui-servoStudio\samples\Wpf.Ui.servoStudio\ViewModels\AppData\DataViewViewModel.cs(1689,13): warning IDE2003: 鍧椾笌鍚庣画璇彞涔嬮棿闇€瑕佹湁绌虹櫧琛?(https://learn.microsoft.com/dotnet/fundamentals/code-analysis/style-rules/ide2003) [C:\UserWorx\VSWorx\ServoStudio\wpfui-servoStudio\samples\Wpf.Ui.servoStudio\servoStudio_wjhet5xd_wpftmp.csproj]
C:\UserWorx\VSWorx\ServoStudio\wpfui-servoStudio\samples\Wpf.Ui.servoStudio\ViewModels\AppData\DataViewViewModel.cs(1717,9): warning IDE2003: 鍧椾笌鍚庣画璇彞涔嬮棿闇€瑕佹湁绌虹櫧琛?(https://learn.microsoft.com/dotnet/fundamentals/code-analysis/style-rules/ide2003) [C:\UserWorx\VSWorx\ServoStudio\wpfui-servoStudio\samples\Wpf.Ui.servoStudio\servoStudio_wjhet5xd_wpftmp.csproj]
C:\UserWorx\VSWorx\ServoStudio\wpfui-servoStudio\samples\Wpf.Ui.servoStudio\ViewModels\AppData\DataViewViewModel.cs(1722,9): warning IDE2003: 鍧椾笌鍚庣画璇彞涔嬮棿闇€瑕佹湁绌虹櫧琛?(https://learn.microsoft.com/dotnet/fundamentals/code-analysis/style-rules/ide2003) [C:\UserWorx\VSWorx\ServoStudio\wpfui-servoStudio\samples\Wpf.Ui.servoStudio\servoStudio_wjhet5xd_wpftmp.csproj]
C:\UserWorx\VSWorx\ServoStudio\wpfui-servoStudio\samples\Wpf.Ui.servoStudio\ViewModels\AppData\DataViewViewModel.cs(1738,9): warning IDE2003: 鍧椾笌鍚庣画璇彞涔嬮棿闇€瑕佹湁绌虹櫧琛?(https://learn.microsoft.com/dotnet/fundamentals/code-analysis/style-rules/ide2003) [C:\UserWorx\VSWorx\ServoStudio\wpfui-servoStudio\samples\Wpf.Ui.servoStudio\servoStudio_wjhet5xd_wpftmp.csproj]
C:\UserWorx\VSWorx\ServoStudio\wpfui-servoStudio\samples\Wpf.Ui.servoStudio\ViewModels\AppData\DataViewViewModel.cs(1772,9): warning IDE2003: 鍧椾笌鍚庣画璇彞涔嬮棿闇€瑕佹湁绌虹櫧琛?(https://learn.microsoft.com/dotnet/fundamentals/code-analysis/style-rules/ide2003) [C:\UserWorx\VSWorx\ServoStudio\wpfui-servoStudio\samples\Wpf.Ui.servoStudio\servoStudio_wjhet5xd_wpftmp.csproj]
C:\UserWorx\VSWorx\ServoStudio\wpfui-servoStudio\samples\Wpf.Ui.servoStudio\ViewModels\AppData\DataViewViewModel.cs(1781,9): warning IDE2003: 鍧椾笌鍚庣画璇彞涔嬮棿闇€瑕佹湁绌虹櫧琛?(https://learn.microsoft.com/dotnet/fundamentals/code-analysis/style-rules/ide2003) [C:\UserWorx\VSWorx\ServoStudio\wpfui-servoStudio\samples\Wpf.Ui.servoStudio\servoStudio_wjhet5xd_wpftmp.csproj]
C:\UserWorx\VSWorx\ServoStudio\wpfui-servoStudio\samples\Wpf.Ui.servoStudio\ViewModels\AppData\DataViewViewModel.cs(1784,66): warning IDE2003: 鍧椾笌鍚庣画璇彞涔嬮棿闇€瑕佹湁绌虹櫧琛?(https://learn.microsoft.com/dotnet/fundamentals/code-analysis/style-rules/ide2003) [C:\UserWorx\VSWorx\ServoStudio\wpfui-servoStudio\samples\Wpf.Ui.servoStudio\servoStudio_wjhet5xd_wpftmp.csproj]
C:\UserWorx\VSWorx\ServoStudio\wpfui-servoStudio\samples\Wpf.Ui.servoStudio\ViewModels\AppData\DataViewViewModel.cs(1801,9): warning IDE2003: 鍧椾笌鍚庣画璇彞涔嬮棿闇€瑕佹湁绌虹櫧琛?(https://learn.microsoft.com/dotnet/fundamentals/code-analysis/style-rules/ide2003) [C:\UserWorx\VSWorx\ServoStudio\wpfui-servoStudio\samples\Wpf.Ui.servoStudio\servoStudio_wjhet5xd_wpftmp.csproj]
C:\UserWorx\VSWorx\ServoStudio\wpfui-servoStudio\samples\Wpf.Ui.servoStudio\ViewModels\AppData\DataViewViewModel.cs(1830,9): warning IDE2003: 鍧椾笌鍚庣画璇彞涔嬮棿闇€瑕佹湁绌虹櫧琛?(https://learn.microsoft.com/dotnet/fundamentals/code-analysis/style-rules/ide2003) [C:\UserWorx\VSWorx\ServoStudio\wpfui-servoStudio\samples\Wpf.Ui.servoStudio\servoStudio_wjhet5xd_wpftmp.csproj]
C:\UserWorx\VSWorx\ServoStudio\wpfui-servoStudio\samples\Wpf.Ui.servoStudio\ViewModels\AppData\DataViewViewModel.cs(1817,13): warning IDE2003: 鍧椾笌鍚庣画璇彞涔嬮棿闇€瑕佹湁绌虹櫧琛?(https://learn.microsoft.com/dotnet/fundamentals/code-analysis/style-rules/ide2003) [C:\UserWorx\VSWorx\ServoStudio\wpfui-servoStudio\samples\Wpf.Ui.servoStudio\servoStudio_wjhet5xd_wpftmp.csproj]
C:\UserWorx\VSWorx\ServoStudio\wpfui-servoStudio\samples\Wpf.Ui.servoStudio\ViewModels\AppData\DataViewViewModel.cs(1823,13): warning IDE2003: 鍧椾笌鍚庣画璇彞涔嬮棿闇€瑕佹湁绌虹櫧琛?(https://learn.microsoft.com/dotnet/fundamentals/code-analysis/style-rules/ide2003) [C:\UserWorx\VSWorx\ServoStudio\wpfui-servoStudio\samples\Wpf.Ui.servoStudio\servoStudio_wjhet5xd_wpftmp.csproj]
C:\UserWorx\VSWorx\ServoStudio\wpfui-servoStudio\samples\Wpf.Ui.servoStudio\ViewModels\AppData\DataViewViewModel.cs(1828,13): warning IDE2003: 鍧椾笌鍚庣画璇彞涔嬮棿闇€瑕佹湁绌虹櫧琛?(https://learn.microsoft.com/dotnet/fundamentals/code-analysis/style-rules/ide2003) [C:\UserWorx\VSWorx\ServoStudio\wpfui-servoStudio\samples\Wpf.Ui.servoStudio\servoStudio_wjhet5xd_wpftmp.csproj]
C:\UserWorx\VSWorx\ServoStudio\wpfui-servoStudio\samples\Wpf.Ui.servoStudio\ViewModels\AppData\DataViewViewModel.cs(1891,17): warning IDE2003: 鍧椾笌鍚庣画璇彞涔嬮棿闇€瑕佹湁绌虹櫧琛?(https://learn.microsoft.com/dotnet/fundamentals/code-analysis/style-rules/ide2003) [C:\UserWorx\VSWorx\ServoStudio\wpfui-servoStudio\samples\Wpf.Ui.servoStudio\servoStudio_wjhet5xd_wpftmp.csproj]
C:\UserWorx\VSWorx\ServoStudio\wpfui-servoStudio\samples\Wpf.Ui.servoStudio\ViewModels\AppData\DataViewViewModel.cs(1883,21): warning IDE2003: 鍧椾笌鍚庣画璇彞涔嬮棿闇€瑕佹湁绌虹櫧琛?(https://learn.microsoft.com/dotnet/fundamentals/code-analysis/style-rules/ide2003) [C:\UserWorx\VSWorx\ServoStudio\wpfui-servoStudio\samples\Wpf.Ui.servoStudio\servoStudio_wjhet5xd_wpftmp.csproj]
C:\UserWorx\VSWorx\ServoStudio\wpfui-servoStudio\samples\Wpf.Ui.servoStudio\ViewModels\AppData\DataViewViewModel.cs(1919,17): warning IDE2003: 鍧椾笌鍚庣画璇彞涔嬮棿闇€瑕佹湁绌虹櫧琛?(https://learn.microsoft.com/dotnet/fundamentals/code-analysis/style-rules/ide2003) [C:\UserWorx\VSWorx\ServoStudio\wpfui-servoStudio\samples\Wpf.Ui.servoStudio\servoStudio_wjhet5xd_wpftmp.csproj]
C:\UserWorx\VSWorx\ServoStudio\wpfui-servoStudio\samples\Wpf.Ui.servoStudio\ViewModels\AppData\DataViewViewModel.cs(1902,21): warning IDE2003: 鍧椾笌鍚庣画璇彞涔嬮棿闇€瑕佹湁绌虹櫧琛?(https://learn.microsoft.com/dotnet/fundamentals/code-analysis/style-rules/ide2003) [C:\UserWorx\VSWorx\ServoStudio\wpfui-servoStudio\samples\Wpf.Ui.servoStudio\servoStudio_wjhet5xd_wpftmp.csproj]
C:\UserWorx\VSWorx\ServoStudio\wpfui-servoStudio\samples\Wpf.Ui.servoStudio\ViewModels\AppData\DataViewViewModel.cs(1936,9): warning IDE2003: 鍧椾笌鍚庣画璇彞涔嬮棿闇€瑕佹湁绌虹櫧琛?(https://learn.microsoft.com/dotnet/fundamentals/code-analysis/style-rules/ide2003) [C:\UserWorx\VSWorx\ServoStudio\wpfui-servoStudio\samples\Wpf.Ui.servoStudio\servoStudio_wjhet5xd_wpftmp.csproj]
C:\UserWorx\VSWorx\ServoStudio\wpfui-servoStudio\samples\Wpf.Ui.servoStudio\ViewModels\AppData\DataViewViewModel.cs(1993,17): warning IDE2003: 鍧椾笌鍚庣画璇彞涔嬮棿闇€瑕佹湁绌虹櫧琛?(https://learn.microsoft.com/dotnet/fundamentals/code-analysis/style-rules/ide2003) [C:\UserWorx\VSWorx\ServoStudio\wpfui-servoStudio\samples\Wpf.Ui.servoStudio\servoStudio_wjhet5xd_wpftmp.csproj]
C:\UserWorx\VSWorx\ServoStudio\wpfui-servoStudio\samples\Wpf.Ui.servoStudio\ViewModels\AppData\DataViewViewModel.cs(2017,9): warning IDE2003: 鍧椾笌鍚庣画璇彞涔嬮棿闇€瑕佹湁绌虹櫧琛?(https://learn.microsoft.com/dotnet/fundamentals/code-analysis/style-rules/ide2003) [C:\UserWorx\VSWorx\ServoStudio\wpfui-servoStudio\samples\Wpf.Ui.servoStudio\servoStudio_wjhet5xd_wpftmp.csproj]
C:\UserWorx\VSWorx\ServoStudio\wpfui-servoStudio\samples\Wpf.Ui.servoStudio\ViewModels\Hardware\StoConfigViewModel.cs(108,9): warning IDE0011: 鍚?鈥渋f鈥?璇彞娣诲姞澶ф嫭鍙枫€?(https://learn.microsoft.com/dotnet/fundamentals/code-analysis/style-rules/ide0011) [C:\UserWorx\VSWorx\ServoStudio\wpfui-servoStudio\samples\Wpf.Ui.servoStudio\servoStudio_wjhet5xd_wpftmp.csproj]
C:\UserWorx\VSWorx\ServoStudio\wpfui-servoStudio\samples\Wpf.Ui.servoStudio\ViewModels\Hardware\StoConfigViewModel.cs(109,9): warning IDE0011: 鍚?鈥渋f鈥?璇彞娣诲姞澶ф嫭鍙枫€?(https://learn.microsoft.com/dotnet/fundamentals/code-analysis/style-rules/ide0011) [C:\UserWorx\VSWorx\ServoStudio\wpfui-servoStudio\samples\Wpf.Ui.servoStudio\servoStudio_wjhet5xd_wpftmp.csproj]
C:\UserWorx\VSWorx\ServoStudio\wpfui-servoStudio\samples\Wpf.Ui.servoStudio\ViewModels\Hardware\StoConfigViewModel.cs(110,9): warning IDE0011: 鍚?鈥渋f鈥?璇彞娣诲姞澶ф嫭鍙枫€?(https://learn.microsoft.com/dotnet/fundamentals/code-analysis/style-rules/ide0011) [C:\UserWorx\VSWorx\ServoStudio\wpfui-servoStudio\samples\Wpf.Ui.servoStudio\servoStudio_wjhet5xd_wpftmp.csproj]
C:\UserWorx\VSWorx\ServoStudio\wpfui-servoStudio\samples\Wpf.Ui.servoStudio\ViewModels\Hardware\StoConfigViewModel.cs(111,9): warning IDE0011: 鍚?鈥渋f鈥?璇彞娣诲姞澶ф嫭鍙枫€?(https://learn.microsoft.com/dotnet/fundamentals/code-analysis/style-rules/ide0011) [C:\UserWorx\VSWorx\ServoStudio\wpfui-servoStudio\samples\Wpf.Ui.servoStudio\servoStudio_wjhet5xd_wpftmp.csproj]
C:\UserWorx\VSWorx\ServoStudio\wpfui-servoStudio\samples\Wpf.Ui.servoStudio\ViewModels\Hardware\StoConfigViewModel.cs(112,9): warning IDE0011: 鍚?鈥渋f鈥?璇彞娣诲姞澶ф嫭鍙枫€?(https://learn.microsoft.com/dotnet/fundamentals/code-analysis/style-rules/ide0011) [C:\UserWorx\VSWorx\ServoStudio\wpfui-servoStudio\samples\Wpf.Ui.servoStudio\servoStudio_wjhet5xd_wpftmp.csproj]
C:\UserWorx\VSWorx\ServoStudio\wpfui-servoStudio\samples\Wpf.Ui.servoStudio\ViewModels\Hardware\StoConfigViewModel.cs(113,9): warning IDE0011: 鍚?鈥渋f鈥?璇彞娣诲姞澶ф嫭鍙枫€?(https://learn.microsoft.com/dotnet/fundamentals/code-analysis/style-rules/ide0011) [C:\UserWorx\VSWorx\ServoStudio\wpfui-servoStudio\samples\Wpf.Ui.servoStudio\servoStudio_wjhet5xd_wpftmp.csproj]
C:\UserWorx\VSWorx\ServoStudio\wpfui-servoStudio\samples\Wpf.Ui.servoStudio\ViewModels\Hardware\StoConfigViewModel.cs(114,9): warning IDE0011: 鍚?鈥渋f鈥?璇彞娣诲姞澶ф嫭鍙枫€?(https://learn.microsoft.com/dotnet/fundamentals/code-analysis/style-rules/ide0011) [C:\UserWorx\VSWorx\ServoStudio\wpfui-servoStudio\samples\Wpf.Ui.servoStudio\servoStudio_wjhet5xd_wpftmp.csproj]
C:\UserWorx\VSWorx\ServoStudio\wpfui-servoStudio\samples\Wpf.Ui.servoStudio\ViewModels\Hardware\StoConfigViewModel.cs(117,9): warning IDE0011: 鍚?鈥渋f鈥?璇彞娣诲姞澶ф嫭鍙枫€?(https://learn.microsoft.com/dotnet/fundamentals/code-analysis/style-rules/ide0011) [C:\UserWorx\VSWorx\ServoStudio\wpfui-servoStudio\samples\Wpf.Ui.servoStudio\servoStudio_wjhet5xd_wpftmp.csproj]
C:\UserWorx\VSWorx\ServoStudio\wpfui-servoStudio\samples\Wpf.Ui.servoStudio\ViewModels\Hardware\StoConfigViewModel.cs(126,9): warning IDE0011: 鍚?鈥渋f鈥?璇彞娣诲姞澶ф嫭鍙枫€?(https://learn.microsoft.com/dotnet/fundamentals/code-analysis/style-rules/ide0011) [C:\UserWorx\VSWorx\ServoStudio\wpfui-servoStudio\samples\Wpf.Ui.servoStudio\servoStudio_wjhet5xd_wpftmp.csproj]
C:\UserWorx\VSWorx\ServoStudio\wpfui-servoStudio\samples\Wpf.Ui.servoStudio\ViewModels\Hardware\StoConfigViewModel.cs(127,9): warning IDE0011: 鍚?鈥渋f鈥?璇彞娣诲姞澶ф嫭鍙枫€?(https://learn.microsoft.com/dotnet/fundamentals/code-analysis/style-rules/ide0011) [C:\UserWorx\VSWorx\ServoStudio\wpfui-servoStudio\samples\Wpf.Ui.servoStudio\servoStudio_wjhet5xd_wpftmp.csproj]
C:\UserWorx\VSWorx\ServoStudio\wpfui-servoStudio\samples\Wpf.Ui.servoStudio\ViewModels\Hardware\StoConfigViewModel.cs(101,9): warning IDE0008: 鐢ㄦ樉寮忕被鍨嬩唬鏇?"var" (https://learn.microsoft.com/dotnet/fundamentals/code-analysis/style-rules/ide0008) [C:\UserWorx\VSWorx\ServoStudio\wpfui-servoStudio\samples\Wpf.Ui.servoStudio\servoStudio_wjhet5xd_wpftmp.csproj]
C:\UserWorx\VSWorx\ServoStudio\wpfui-servoStudio\samples\Wpf.Ui.servoStudio\ViewModels\Hardware\StoConfigViewModel.cs(102,9): warning IDE0008: 鐢ㄦ樉寮忕被鍨嬩唬鏇?"var" (https://learn.microsoft.com/dotnet/fundamentals/code-analysis/style-rules/ide0008) [C:\UserWorx\VSWorx\ServoStudio\wpfui-servoStudio\samples\Wpf.Ui.servoStudio\servoStudio_wjhet5xd_wpftmp.csproj]
C:\UserWorx\VSWorx\ServoStudio\wpfui-servoStudio\samples\Wpf.Ui.servoStudio\ViewModels\Motion\MultiStepProfileViewModel.cs(61,9): warning IDE0058: 姘歌繙涓嶄細浣跨敤琛ㄨ揪寮忓€?(https://learn.microsoft.com/dotnet/fundamentals/code-analysis/style-rules/ide0058) [C:\UserWorx\VSWorx\ServoStudio\wpfui-servoStudio\samples\Wpf.Ui.servoStudio\servoStudio_wjhet5xd_wpftmp.csproj]
C:\UserWorx\VSWorx\ServoStudio\wpfui-servoStudio\samples\Wpf.Ui.servoStudio\ViewModels\Motion\MultiStepProfileViewModel.cs(62,9): warning IDE0058: 姘歌繙涓嶄細浣跨敤琛ㄨ揪寮忓€?(https://learn.microsoft.com/dotnet/fundamentals/code-analysis/style-rules/ide0058) [C:\UserWorx\VSWorx\ServoStudio\wpfui-servoStudio\samples\Wpf.Ui.servoStudio\servoStudio_wjhet5xd_wpftmp.csproj]
C:\UserWorx\VSWorx\ServoStudio\wpfui-servoStudio\samples\Wpf.Ui.servoStudio\ViewModels\Motion\MultiStepProfileViewModel.cs(62,40): warning IDE0058: 姘歌繙涓嶄細浣跨敤琛ㄨ揪寮忓€?(https://learn.microsoft.com/dotnet/fundamentals/code-analysis/style-rules/ide0058) [C:\UserWorx\VSWorx\ServoStudio\wpfui-servoStudio\samples\Wpf.Ui.servoStudio\servoStudio_wjhet5xd_wpftmp.csproj]
C:\UserWorx\VSWorx\ServoStudio\wpfui-servoStudio\samples\Wpf.Ui.servoStudio\ViewModels\Motion\MultiStepProfileViewModel.cs(62,71): warning IDE0058: 姘歌繙涓嶄細浣跨敤琛ㄨ揪寮忓€?(https://learn.microsoft.com/dotnet/fundamentals/code-analysis/style-rules/ide0058) [C:\UserWorx\VSWorx\ServoStudio\wpfui-servoStudio\samples\Wpf.Ui.servoStudio\servoStudio_wjhet5xd_wpftmp.csproj]
C:\UserWorx\VSWorx\ServoStudio\wpfui-servoStudio\samples\Wpf.Ui.servoStudio\ViewModels\Motion\MultiStepProfileViewModel.cs(62,102): warning IDE0058: 姘歌繙涓嶄細浣跨敤琛ㄨ揪寮忓€?(https://learn.microsoft.com/dotnet/fundamentals/code-analysis/style-rules/ide0058) [C:\UserWorx\VSWorx\ServoStudio\wpfui-servoStudio\samples\Wpf.Ui.servoStudio\servoStudio_wjhet5xd_wpftmp.csproj]
C:\UserWorx\VSWorx\ServoStudio\wpfui-servoStudio\samples\Wpf.Ui.servoStudio\ViewModels\Motion\MultiStepProfileViewModel.cs(63,9): warning IDE0058: 姘歌繙涓嶄細浣跨敤琛ㄨ揪寮忓€?(https://learn.microsoft.com/dotnet/fundamentals/code-analysis/style-rules/ide0058) [C:\UserWorx\VSWorx\ServoStudio\wpfui-servoStudio\samples\Wpf.Ui.servoStudio\servoStudio_wjhet5xd_wpftmp.csproj]
C:\UserWorx\VSWorx\ServoStudio\wpfui-servoStudio\samples\Wpf.Ui.servoStudio\ViewModels\Motion\MultiStepProfileViewModel.cs(63,40): warning IDE0058: 姘歌繙涓嶄細浣跨敤琛ㄨ揪寮忓€?(https://learn.microsoft.com/dotnet/fundamentals/code-analysis/style-rules/ide0058) [C:\UserWorx\VSWorx\ServoStudio\wpfui-servoStudio\samples\Wpf.Ui.servoStudio\servoStudio_wjhet5xd_wpftmp.csproj]
C:\UserWorx\VSWorx\ServoStudio\wpfui-servoStudio\samples\Wpf.Ui.servoStudio\ViewModels\Motion\MultiStepProfileViewModel.cs(63,71): warning IDE0058: 姘歌繙涓嶄細浣跨敤琛ㄨ揪寮忓€?(https://learn.microsoft.com/dotnet/fundamentals/code-analysis/style-rules/ide0058) [C:\UserWorx\VSWorx\ServoStudio\wpfui-servoStudio\samples\Wpf.Ui.servoStudio\servoStudio_wjhet5xd_wpftmp.csproj]
C:\UserWorx\VSWorx\ServoStudio\wpfui-servoStudio\samples\Wpf.Ui.servoStudio\ViewModels\Motion\MultiStepProfileViewModel.cs(63,102): warning IDE0058: 姘歌繙涓嶄細浣跨敤琛ㄨ揪寮忓€?(https://learn.microsoft.com/dotnet/fundamentals/code-analysis/style-rules/ide0058) [C:\UserWorx\VSWorx\ServoStudio\wpfui-servoStudio\samples\Wpf.Ui.servoStudio\servoStudio_wjhet5xd_wpftmp.csproj]
C:\UserWorx\VSWorx\ServoStudio\wpfui-servoStudio\samples\Wpf.Ui.servoStudio\ViewModels\Motion\MultiStepProfileViewModel.cs(64,9): warning IDE0058: 姘歌繙涓嶄細浣跨敤琛ㄨ揪寮忓€?(https://learn.microsoft.com/dotnet/fundamentals/code-analysis/style-rules/ide0058) [C:\UserWorx\VSWorx\ServoStudio\wpfui-servoStudio\samples\Wpf.Ui.servoStudio\servoStudio_wjhet5xd_wpftmp.csproj]
C:\UserWorx\VSWorx\ServoStudio\wpfui-servoStudio\samples\Wpf.Ui.servoStudio\ViewModels\Motion\MultiStepProfileViewModel.cs(64,42): warning IDE0058: 姘歌繙涓嶄細浣跨敤琛ㄨ揪寮忓€?(https://learn.microsoft.com/dotnet/fundamentals/code-analysis/style-rules/ide0058) [C:\UserWorx\VSWorx\ServoStudio\wpfui-servoStudio\samples\Wpf.Ui.servoStudio\servoStudio_wjhet5xd_wpftmp.csproj]
C:\UserWorx\VSWorx\ServoStudio\wpfui-servoStudio\samples\Wpf.Ui.servoStudio\ViewModels\Motion\MultiStepProfileViewModel.cs(65,9): warning IDE0058: 姘歌繙涓嶄細浣跨敤琛ㄨ揪寮忓€?(https://learn.microsoft.com/dotnet/fundamentals/code-analysis/style-rules/ide0058) [C:\UserWorx\VSWorx\ServoStudio\wpfui-servoStudio\samples\Wpf.Ui.servoStudio\servoStudio_wjhet5xd_wpftmp.csproj]
C:\UserWorx\VSWorx\ServoStudio\wpfui-servoStudio\samples\Wpf.Ui.servoStudio\ViewModels\Motion\MultiStepProfileViewModel.cs(65,42): warning IDE0058: 姘歌繙涓嶄細浣跨敤琛ㄨ揪寮忓€?(https://learn.microsoft.com/dotnet/fundamentals/code-analysis/style-rules/ide0058) [C:\UserWorx\VSWorx\ServoStudio\wpfui-servoStudio\samples\Wpf.Ui.servoStudio\servoStudio_wjhet5xd_wpftmp.csproj]
C:\UserWorx\VSWorx\ServoStudio\wpfui-servoStudio\samples\Wpf.Ui.servoStudio\ViewModels\Motion\MultiStepProfileViewModel.cs(66,9): warning IDE0058: 姘歌繙涓嶄細浣跨敤琛ㄨ揪寮忓€?(https://learn.microsoft.com/dotnet/fundamentals/code-analysis/style-rules/ide0058) [C:\UserWorx\VSWorx\ServoStudio\wpfui-servoStudio\samples\Wpf.Ui.servoStudio\servoStudio_wjhet5xd_wpftmp.csproj]
C:\UserWorx\VSWorx\ServoStudio\wpfui-servoStudio\samples\Wpf.Ui.servoStudio\ViewModels\Motion\MultiStepProfileViewModel.cs(66,42): warning IDE0058: 姘歌繙涓嶄細浣跨敤琛ㄨ揪寮忓€?(https://learn.microsoft.com/dotnet/fundamentals/code-analysis/style-rules/ide0058) [C:\UserWorx\VSWorx\ServoStudio\wpfui-servoStudio\samples\Wpf.Ui.servoStudio\servoStudio_wjhet5xd_wpftmp.csproj]
C:\UserWorx\VSWorx\ServoStudio\wpfui-servoStudio\samples\Wpf.Ui.servoStudio\ViewModels\Motion\MultiStepProfileViewModel.cs(67,9): warning IDE0058: 姘歌繙涓嶄細浣跨敤琛ㄨ揪寮忓€?(https://learn.microsoft.com/dotnet/fundamentals/code-analysis/style-rules/ide0058) [C:\UserWorx\VSWorx\ServoStudio\wpfui-servoStudio\samples\Wpf.Ui.servoStudio\servoStudio_wjhet5xd_wpftmp.csproj]
C:\UserWorx\VSWorx\ServoStudio\wpfui-servoStudio\samples\Wpf.Ui.servoStudio\ViewModels\Motion\MultiStepProfileViewModel.cs(67,42): warning IDE0058: 姘歌繙涓嶄細浣跨敤琛ㄨ揪寮忓€?(https://learn.microsoft.com/dotnet/fundamentals/code-analysis/style-rules/ide0058) [C:\UserWorx\VSWorx\ServoStudio\wpfui-servoStudio\samples\Wpf.Ui.servoStudio\servoStudio_wjhet5xd_wpftmp.csproj]
C:\UserWorx\VSWorx\ServoStudio\wpfui-servoStudio\samples\Wpf.Ui.servoStudio\ViewModels\Motion\MultiStepProfileViewModel.cs(68,9): warning IDE0058: 姘歌繙涓嶄細浣跨敤琛ㄨ揪寮忓€?(https://learn.microsoft.com/dotnet/fundamentals/code-analysis/style-rules/ide0058) [C:\UserWorx\VSWorx\ServoStudio\wpfui-servoStudio\samples\Wpf.Ui.servoStudio\servoStudio_wjhet5xd_wpftmp.csproj]
C:\UserWorx\VSWorx\ServoStudio\wpfui-servoStudio\samples\Wpf.Ui.servoStudio\ViewModels\Motion\MultiStepProfileViewModel.cs(68,42): warning IDE0058: 姘歌繙涓嶄細浣跨敤琛ㄨ揪寮忓€?(https://learn.microsoft.com/dotnet/fundamentals/code-analysis/style-rules/ide0058) [C:\UserWorx\VSWorx\ServoStudio\wpfui-servoStudio\samples\Wpf.Ui.servoStudio\servoStudio_wjhet5xd_wpftmp.csproj]
C:\UserWorx\VSWorx\ServoStudio\wpfui-servoStudio\samples\Wpf.Ui.servoStudio\ViewModels\Motion\MultiStepProfileViewModel.cs(69,9): warning IDE0058: 姘歌繙涓嶄細浣跨敤琛ㄨ揪寮忓€?(https://learn.microsoft.com/dotnet/fundamentals/code-analysis/style-rules/ide0058) [C:\UserWorx\VSWorx\ServoStudio\wpfui-servoStudio\samples\Wpf.Ui.servoStudio\servoStudio_wjhet5xd_wpftmp.csproj]
C:\UserWorx\VSWorx\ServoStudio\wpfui-servoStudio\samples\Wpf.Ui.servoStudio\ViewModels\Motion\MultiStepProfileViewModel.cs(69,42): warning IDE0058: 姘歌繙涓嶄細浣跨敤琛ㄨ揪寮忓€?(https://learn.microsoft.com/dotnet/fundamentals/code-analysis/style-rules/ide0058) [C:\UserWorx\VSWorx\ServoStudio\wpfui-servoStudio\samples\Wpf.Ui.servoStudio\servoStudio_wjhet5xd_wpftmp.csproj]
C:\UserWorx\VSWorx\ServoStudio\wpfui-servoStudio\samples\Wpf.Ui.servoStudio\ViewModels\Motion\MultiStepProfileViewModel.cs(70,9): warning IDE0058: 姘歌繙涓嶄細浣跨敤琛ㄨ揪寮忓€?(https://learn.microsoft.com/dotnet/fundamentals/code-analysis/style-rules/ide0058) [C:\UserWorx\VSWorx\ServoStudio\wpfui-servoStudio\samples\Wpf.Ui.servoStudio\servoStudio_wjhet5xd_wpftmp.csproj]
C:\UserWorx\VSWorx\ServoStudio\wpfui-servoStudio\samples\Wpf.Ui.servoStudio\ViewModels\Motion\MultiStepProfileViewModel.cs(70,42): warning IDE0058: 姘歌繙涓嶄細浣跨敤琛ㄨ揪寮忓€?(https://learn.microsoft.com/dotnet/fundamentals/code-analysis/style-rules/ide0058) [C:\UserWorx\VSWorx\ServoStudio\wpfui-servoStudio\samples\Wpf.Ui.servoStudio\servoStudio_wjhet5xd_wpftmp.csproj]
C:\UserWorx\VSWorx\ServoStudio\wpfui-servoStudio\samples\Wpf.Ui.servoStudio\ViewModels\Motion\MultiStepProfileViewModel.cs(71,9): warning IDE0058: 姘歌繙涓嶄細浣跨敤琛ㄨ揪寮忓€?(https://learn.microsoft.com/dotnet/fundamentals/code-analysis/style-rules/ide0058) [C:\UserWorx\VSWorx\ServoStudio\wpfui-servoStudio\samples\Wpf.Ui.servoStudio\servoStudio_wjhet5xd_wpftmp.csproj]
C:\UserWorx\VSWorx\ServoStudio\wpfui-servoStudio\samples\Wpf.Ui.servoStudio\ViewModels\Motion\MultiStepProfileViewModel.cs(71,42): warning IDE0058: 姘歌繙涓嶄細浣跨敤琛ㄨ揪寮忓€?(https://learn.microsoft.com/dotnet/fundamentals/code-analysis/style-rules/ide0058) [C:\UserWorx\VSWorx\ServoStudio\wpfui-servoStudio\samples\Wpf.Ui.servoStudio\servoStudio_wjhet5xd_wpftmp.csproj]
C:\UserWorx\VSWorx\ServoStudio\wpfui-servoStudio\samples\Wpf.Ui.servoStudio\ViewModels\Hardware\StoConfigViewModel.cs(135,9): warning IDE0008: 鐢ㄦ樉寮忕被鍨嬩唬鏇?"var" (https://learn.microsoft.com/dotnet/fundamentals/code-analysis/style-rules/ide0008) [C:\UserWorx\VSWorx\ServoStudio\wpfui-servoStudio\samples\Wpf.Ui.servoStudio\servoStudio_wjhet5xd_wpftmp.csproj]
C:\UserWorx\VSWorx\ServoStudio\wpfui-servoStudio\samples\Wpf.Ui.servoStudio\ViewModels\Hardware\StoConfigViewModel.cs(136,9): warning IDE0008: 鐢ㄦ樉寮忕被鍨嬩唬鏇?"var" (https://learn.microsoft.com/dotnet/fundamentals/code-analysis/style-rules/ide0008) [C:\UserWorx\VSWorx\ServoStudio\wpfui-servoStudio\samples\Wpf.Ui.servoStudio\servoStudio_wjhet5xd_wpftmp.csproj]
C:\UserWorx\VSWorx\ServoStudio\wpfui-servoStudio\samples\Wpf.Ui.servoStudio\Views\Pages\FactoryPages\FrameFormatEditorPage.xaml.cs(67,9): warning IDE0011: 鍚?鈥渋f鈥?璇彞娣诲姞澶ф嫭鍙枫€?(https://learn.microsoft.com/dotnet/fundamentals/code-analysis/style-rules/ide0011) [C:\UserWorx\VSWorx\ServoStudio\wpfui-servoStudio\samples\Wpf.Ui.servoStudio\servoStudio_wjhet5xd_wpftmp.csproj]
C:\UserWorx\VSWorx\ServoStudio\wpfui-servoStudio\samples\Wpf.Ui.servoStudio\Views\Pages\FactoryPages\FrameFormatEditorPage.xaml.cs(73,9): warning IDE0011: 鍚?鈥渋f鈥?璇彞娣诲姞澶ф嫭鍙枫€?(https://learn.microsoft.com/dotnet/fundamentals/code-analysis/style-rules/ide0011) [C:\UserWorx\VSWorx\ServoStudio\wpfui-servoStudio\samples\Wpf.Ui.servoStudio\servoStudio_wjhet5xd_wpftmp.csproj]
C:\UserWorx\VSWorx\ServoStudio\wpfui-servoStudio\samples\Wpf.Ui.servoStudio\Views\Pages\FactoryPages\FrameFormatEditorPage.xaml.cs(79,9): warning IDE0011: 鍚?鈥渋f鈥?璇彞娣诲姞澶ф嫭鍙枫€?(https://learn.microsoft.com/dotnet/fundamentals/code-analysis/style-rules/ide0011) [C:\UserWorx\VSWorx\ServoStudio\wpfui-servoStudio\samples\Wpf.Ui.servoStudio\servoStudio_wjhet5xd_wpftmp.csproj]
C:\UserWorx\VSWorx\ServoStudio\wpfui-servoStudio\samples\Wpf.Ui.servoStudio\Views\Pages\FactoryPages\FrameFormatEditorPage.xaml.cs(81,9): warning IDE0011: 鍚?鈥渋f鈥?璇彞娣诲姞澶ф嫭鍙枫€?(https://learn.microsoft.com/dotnet/fundamentals/code-analysis/style-rules/ide0011) [C:\UserWorx\VSWorx\ServoStudio\wpfui-servoStudio\samples\Wpf.Ui.servoStudio\servoStudio_wjhet5xd_wpftmp.csproj]
C:\UserWorx\VSWorx\ServoStudio\wpfui-servoStudio\samples\Wpf.Ui.servoStudio\Views\Pages\FactoryPages\FrameFormatEditorPage.xaml.cs(80,9): warning IDE0008: 鐢ㄦ樉寮忕被鍨嬩唬鏇?"var" (https://learn.microsoft.com/dotnet/fundamentals/code-analysis/style-rules/ide0008) [C:\UserWorx\VSWorx\ServoStudio\wpfui-servoStudio\samples\Wpf.Ui.servoStudio\servoStudio_wjhet5xd_wpftmp.csproj]
C:\UserWorx\VSWorx\ServoStudio\wpfui-servoStudio\samples\Wpf.Ui.servoStudio\ViewModels\MainWindowViewModel.cs(302,9): warning IDE0011: 鍚?鈥渋f鈥?璇彞娣诲姞澶ф嫭鍙枫€?(https://learn.microsoft.com/dotnet/fundamentals/code-analysis/style-rules/ide0011) [C:\UserWorx\VSWorx\ServoStudio\wpfui-servoStudio\samples\Wpf.Ui.servoStudio\servoStudio_wjhet5xd_wpftmp.csproj]
C:\UserWorx\VSWorx\ServoStudio\wpfui-servoStudio\samples\Wpf.Ui.servoStudio\Views\Pages\FactoryPages\FrameFormatEditorPage.xaml.cs(88,9): warning IDE0011: 鍚?鈥渋f鈥?璇彞娣诲姞澶ф嫭鍙枫€?(https://learn.microsoft.com/dotnet/fundamentals/code-analysis/style-rules/ide0011) [C:\UserWorx\VSWorx\ServoStudio\wpfui-servoStudio\samples\Wpf.Ui.servoStudio\servoStudio_wjhet5xd_wpftmp.csproj]
C:\UserWorx\VSWorx\ServoStudio\wpfui-servoStudio\samples\Wpf.Ui.servoStudio\Views\Pages\FactoryPages\FrameFormatEditorPage.xaml.cs(90,9): warning IDE0011: 鍚?鈥渋f鈥?璇彞娣诲姞澶ф嫭鍙枫€?(https://learn.microsoft.com/dotnet/fundamentals/code-analysis/style-rules/ide0011) [C:\UserWorx\VSWorx\ServoStudio\wpfui-servoStudio\samples\Wpf.Ui.servoStudio\servoStudio_wjhet5xd_wpftmp.csproj]
C:\UserWorx\VSWorx\ServoStudio\wpfui-servoStudio\samples\Wpf.Ui.servoStudio\Views\Pages\FactoryPages\FrameFormatEditorPage.xaml.cs(89,9): warning IDE0008: 鐢ㄦ樉寮忕被鍨嬩唬鏇?"var" (https://learn.microsoft.com/dotnet/fundamentals/code-analysis/style-rules/ide0008) [C:\UserWorx\VSWorx\ServoStudio\wpfui-servoStudio\samples\Wpf.Ui.servoStudio\servoStudio_wjhet5xd_wpftmp.csproj]
C:\UserWorx\VSWorx\ServoStudio\wpfui-servoStudio\samples\Wpf.Ui.servoStudio\Views\Pages\FactoryPages\FrameFormatEditorPage.xaml.cs(96,9): warning IDE0011: 鍚?鈥渋f鈥?璇彞娣诲姞澶ф嫭鍙枫€?(https://learn.microsoft.com/dotnet/fundamentals/code-analysis/style-rules/ide0011) [C:\UserWorx\VSWorx\ServoStudio\wpfui-servoStudio\samples\Wpf.Ui.servoStudio\servoStudio_wjhet5xd_wpftmp.csproj]
C:\UserWorx\VSWorx\ServoStudio\wpfui-servoStudio\samples\Wpf.Ui.servoStudio\Views\Pages\FactoryPages\FrameFormatEditorPage.xaml.cs(99,9): warning IDE0011: 鍚?鈥渋f鈥?璇彞娣诲姞澶ф嫭鍙枫€?(https://learn.microsoft.com/dotnet/fundamentals/code-analysis/style-rules/ide0011) [C:\UserWorx\VSWorx\ServoStudio\wpfui-servoStudio\samples\Wpf.Ui.servoStudio\servoStudio_wjhet5xd_wpftmp.csproj]
C:\UserWorx\VSWorx\ServoStudio\wpfui-servoStudio\samples\Wpf.Ui.servoStudio\ViewModels\Factory\FrameFormatEditorViewModel.cs(102,9): warning IDE0011: 鍚?鈥渋f鈥?璇彞娣诲姞澶ф嫭鍙枫€?(https://learn.microsoft.com/dotnet/fundamentals/code-analysis/style-rules/ide0011) [C:\UserWorx\VSWorx\ServoStudio\wpfui-servoStudio\samples\Wpf.Ui.servoStudio\servoStudio_wjhet5xd_wpftmp.csproj]
C:\UserWorx\VSWorx\ServoStudio\wpfui-servoStudio\samples\Wpf.Ui.servoStudio\Views\Pages\FactoryPages\FrameFormatEditorPage.xaml.cs(98,9): warning IDE0008: 鐢ㄦ樉寮忕被鍨嬩唬鏇?"var" (https://learn.microsoft.com/dotnet/fundamentals/code-analysis/style-rules/ide0008) [C:\UserWorx\VSWorx\ServoStudio\wpfui-servoStudio\samples\Wpf.Ui.servoStudio\servoStudio_wjhet5xd_wpftmp.csproj]
C:\UserWorx\VSWorx\ServoStudio\wpfui-servoStudio\samples\Wpf.Ui.servoStudio\ViewModels\Factory\FrameFormatEditorViewModel.cs(113,9): warning IDE0011: 鍚?鈥渋f鈥?璇彞娣诲姞澶ф嫭鍙枫€?(https://learn.microsoft.com/dotnet/fundamentals/code-analysis/style-rules/ide0011) [C:\UserWorx\VSWorx\ServoStudio\wpfui-servoStudio\samples\Wpf.Ui.servoStudio\servoStudio_wjhet5xd_wpftmp.csproj]
C:\UserWorx\VSWorx\ServoStudio\wpfui-servoStudio\samples\Wpf.Ui.servoStudio\Views\Pages\FactoryPages\FrameFormatEditorPage.xaml.cs(103,9): warning IDE0058: 姘歌繙涓嶄細浣跨敤琛ㄨ揪寮忓€?(https://learn.microsoft.com/dotnet/fundamentals/code-analysis/style-rules/ide0058) [C:\UserWorx\VSWorx\ServoStudio\wpfui-servoStudio\samples\Wpf.Ui.servoStudio\servoStudio_wjhet5xd_wpftmp.csproj]
C:\UserWorx\VSWorx\ServoStudio\wpfui-servoStudio\samples\Wpf.Ui.servoStudio\Views\Pages\FactoryPages\FrameFormatEditorPage.xaml.cs(109,9): warning IDE0011: 鍚?鈥渋f鈥?璇彞娣诲姞澶ф嫭鍙枫€?(https://learn.microsoft.com/dotnet/fundamentals/code-analysis/style-rules/ide0011) [C:\UserWorx\VSWorx\ServoStudio\wpfui-servoStudio\samples\Wpf.Ui.servoStudio\servoStudio_wjhet5xd_wpftmp.csproj]
C:\UserWorx\VSWorx\ServoStudio\wpfui-servoStudio\samples\Wpf.Ui.servoStudio\ViewModels\Factory\FrameFormatEditorViewModel.cs(128,9): warning IDE0011: 鍚?鈥渋f鈥?璇彞娣诲姞澶ф嫭鍙枫€?(https://learn.microsoft.com/dotnet/fundamentals/code-analysis/style-rules/ide0011) [C:\UserWorx\VSWorx\ServoStudio\wpfui-servoStudio\samples\Wpf.Ui.servoStudio\servoStudio_wjhet5xd_wpftmp.csproj]
C:\UserWorx\VSWorx\ServoStudio\wpfui-servoStudio\samples\Wpf.Ui.servoStudio\ViewModels\Factory\FrameFormatEditorViewModel.cs(129,9): warning IDE0011: 鍚?鈥渆lse鈥?璇彞娣诲姞澶ф嫭鍙枫€?(https://learn.microsoft.com/dotnet/fundamentals/code-analysis/style-rules/ide0011) [C:\UserWorx\VSWorx\ServoStudio\wpfui-servoStudio\samples\Wpf.Ui.servoStudio\servoStudio_wjhet5xd_wpftmp.csproj]
C:\UserWorx\VSWorx\ServoStudio\wpfui-servoStudio\samples\Wpf.Ui.servoStudio\ViewModels\Factory\FrameFormatEditorViewModel.cs(136,9): warning IDE0011: 鍚?鈥渋f鈥?璇彞娣诲姞澶ф嫭鍙枫€?(https://learn.microsoft.com/dotnet/fundamentals/code-analysis/style-rules/ide0011) [C:\UserWorx\VSWorx\ServoStudio\wpfui-servoStudio\samples\Wpf.Ui.servoStudio\servoStudio_wjhet5xd_wpftmp.csproj]
C:\UserWorx\VSWorx\ServoStudio\wpfui-servoStudio\samples\Wpf.Ui.servoStudio\ViewModels\AppData\PidAdjustViewModel.cs(24,23): warning IDE0055: 淇鏍煎紡 (https://learn.microsoft.com/dotnet/fundamentals/code-analysis/style-rules/ide0055) [C:\UserWorx\VSWorx\ServoStudio\wpfui-servoStudio\samples\Wpf.Ui.servoStudio\servoStudio_wjhet5xd_wpftmp.csproj]
C:\UserWorx\VSWorx\ServoStudio\wpfui-servoStudio\samples\Wpf.Ui.servoStudio\ViewModels\AppData\PidAdjustViewModel.cs(24,25): warning IDE0055: 淇鏍煎紡 (https://learn.microsoft.com/dotnet/fundamentals/code-analysis/style-rules/ide0055) [C:\UserWorx\VSWorx\ServoStudio\wpfui-servoStudio\samples\Wpf.Ui.servoStudio\servoStudio_wjhet5xd_wpftmp.csproj]
C:\UserWorx\VSWorx\ServoStudio\wpfui-servoStudio\samples\Wpf.Ui.servoStudio\ViewModels\AppData\PidAdjustViewModel.cs(24,30): warning IDE0055: 淇鏍煎紡 (https://learn.microsoft.com/dotnet/fundamentals/code-analysis/style-rules/ide0055) [C:\UserWorx\VSWorx\ServoStudio\wpfui-servoStudio\samples\Wpf.Ui.servoStudio\servoStudio_wjhet5xd_wpftmp.csproj]
C:\UserWorx\VSWorx\ServoStudio\wpfui-servoStudio\samples\Wpf.Ui.servoStudio\ViewModels\AppData\PidAdjustViewModel.cs(25,27): warning IDE0055: 淇鏍煎紡 (https://learn.microsoft.com/dotnet/fundamentals/code-analysis/style-rules/ide0055) [C:\UserWorx\VSWorx\ServoStudio\wpfui-servoStudio\samples\Wpf.Ui.servoStudio\servoStudio_wjhet5xd_wpftmp.csproj]
C:\UserWorx\VSWorx\ServoStudio\wpfui-servoStudio\samples\Wpf.Ui.servoStudio\ViewModels\AppData\PidAdjustViewModel.cs(25,29): warning IDE0055: 淇鏍煎紡 (https://learn.microsoft.com/dotnet/fundamentals/code-analysis/style-rules/ide0055) [C:\UserWorx\VSWorx\ServoStudio\wpfui-servoStudio\samples\Wpf.Ui.servoStudio\servoStudio_wjhet5xd_wpftmp.csproj]
C:\UserWorx\VSWorx\ServoStudio\wpfui-servoStudio\samples\Wpf.Ui.servoStudio\ViewModels\AppData\PidAdjustViewModel.cs(25,34): warning IDE0055: 淇鏍煎紡 (https://learn.microsoft.com/dotnet/fundamentals/code-analysis/style-rules/ide0055) [C:\UserWorx\VSWorx\ServoStudio\wpfui-servoStudio\samples\Wpf.Ui.servoStudio\servoStudio_wjhet5xd_wpftmp.csproj]
C:\UserWorx\VSWorx\ServoStudio\wpfui-servoStudio\samples\Wpf.Ui.servoStudio\ViewModels\AppData\PidAdjustViewModel.cs(26,26): warning IDE0055: 淇鏍煎紡 (https://learn.microsoft.com/dotnet/fundamentals/code-analysis/style-rules/ide0055) [C:\UserWorx\VSWorx\ServoStudio\wpfui-servoStudio\samples\Wpf.Ui.servoStudio\servoStudio_wjhet5xd_wpftmp.csproj]
C:\UserWorx\VSWorx\ServoStudio\wpfui-servoStudio\samples\Wpf.Ui.servoStudio\ViewModels\AppData\PidAdjustViewModel.cs(26,28): warning IDE0055: 淇鏍煎紡 (https://learn.microsoft.com/dotnet/fundamentals/code-analysis/style-rules/ide0055) [C:\UserWorx\VSWorx\ServoStudio\wpfui-servoStudio\samples\Wpf.Ui.servoStudio\servoStudio_wjhet5xd_wpftmp.csproj]
C:\UserWorx\VSWorx\ServoStudio\wpfui-servoStudio\samples\Wpf.Ui.servoStudio\ViewModels\AppData\PidAdjustViewModel.cs(26,38): warning IDE0055: 淇鏍煎紡 (https://learn.microsoft.com/dotnet/fundamentals/code-analysis/style-rules/ide0055) [C:\UserWorx\VSWorx\ServoStudio\wpfui-servoStudio\samples\Wpf.Ui.servoStudio\servoStudio_wjhet5xd_wpftmp.csproj]
C:\UserWorx\VSWorx\ServoStudio\wpfui-servoStudio\samples\Wpf.Ui.servoStudio\ViewModels\AppData\PidAdjustViewModel.cs(40,38): warning IDE0055: 淇鏍煎紡 (https://learn.microsoft.com/dotnet/fundamentals/code-analysis/style-rules/ide0055) [C:\UserWorx\VSWorx\ServoStudio\wpfui-servoStudio\samples\Wpf.Ui.servoStudio\servoStudio_wjhet5xd_wpftmp.csproj]
C:\UserWorx\VSWorx\ServoStudio\wpfui-servoStudio\samples\Wpf.Ui.servoStudio\ViewModels\AppData\PidAdjustViewModel.cs(373,25): warning IDE0055: 淇鏍煎紡 (https://learn.microsoft.com/dotnet/fundamentals/code-analysis/style-rules/ide0055) [C:\UserWorx\VSWorx\ServoStudio\wpfui-servoStudio\samples\Wpf.Ui.servoStudio\servoStudio_wjhet5xd_wpftmp.csproj]
C:\UserWorx\VSWorx\ServoStudio\wpfui-servoStudio\samples\Wpf.Ui.servoStudio\ViewModels\AppData\PidAdjustViewModel.cs(464,47): warning IDE0055: 淇鏍煎紡 (https://learn.microsoft.com/dotnet/fundamentals/code-analysis/style-rules/ide0055) [C:\UserWorx\VSWorx\ServoStudio\wpfui-servoStudio\samples\Wpf.Ui.servoStudio\servoStudio_wjhet5xd_wpftmp.csproj]
C:\UserWorx\VSWorx\ServoStudio\wpfui-servoStudio\samples\Wpf.Ui.servoStudio\ViewModels\AppData\PidAdjustViewModel.cs(465,47): warning IDE0055: 淇鏍煎紡 (https://learn.microsoft.com/dotnet/fundamentals/code-analysis/style-rules/ide0055) [C:\UserWorx\VSWorx\ServoStudio\wpfui-servoStudio\samples\Wpf.Ui.servoStudio\servoStudio_wjhet5xd_wpftmp.csproj]
C:\UserWorx\VSWorx\ServoStudio\wpfui-servoStudio\samples\Wpf.Ui.servoStudio\ViewModels\AppData\PidAdjustViewModel.cs(466,47): warning IDE0055: 淇鏍煎紡 (https://learn.microsoft.com/dotnet/fundamentals/code-analysis/style-rules/ide0055) [C:\UserWorx\VSWorx\ServoStudio\wpfui-servoStudio\samples\Wpf.Ui.servoStudio\servoStudio_wjhet5xd_wpftmp.csproj]
C:\UserWorx\VSWorx\ServoStudio\wpfui-servoStudio\samples\Wpf.Ui.servoStudio\ViewModels\AppData\PidAdjustViewModel.cs(467,47): warning IDE0055: 淇鏍煎紡 (https://learn.microsoft.com/dotnet/fundamentals/code-analysis/style-rules/ide0055) [C:\UserWorx\VSWorx\ServoStudio\wpfui-servoStudio\samples\Wpf.Ui.servoStudio\servoStudio_wjhet5xd_wpftmp.csproj]
C:\UserWorx\VSWorx\ServoStudio\wpfui-servoStudio\samples\Wpf.Ui.servoStudio\ViewModels\AppData\PidAdjustViewModel.cs(468,47): warning IDE0055: 淇鏍煎紡 (https://learn.microsoft.com/dotnet/fundamentals/code-analysis/style-rules/ide0055) [C:\UserWorx\VSWorx\ServoStudio\wpfui-servoStudio\samples\Wpf.Ui.servoStudio\servoStudio_wjhet5xd_wpftmp.csproj]
C:\UserWorx\VSWorx\ServoStudio\wpfui-servoStudio\samples\Wpf.Ui.servoStudio\ViewModels\AppData\PidAdjustViewModel.cs(469,47): warning IDE0055: 淇鏍煎紡 (https://learn.microsoft.com/dotnet/fundamentals/code-analysis/style-rules/ide0055) [C:\UserWorx\VSWorx\ServoStudio\wpfui-servoStudio\samples\Wpf.Ui.servoStudio\servoStudio_wjhet5xd_wpftmp.csproj]
C:\UserWorx\VSWorx\ServoStudio\wpfui-servoStudio\samples\Wpf.Ui.servoStudio\ViewModels\Factory\FrameFormatEditorViewModel.cs(158,9): warning IDE0011: 鍚?鈥渋f鈥?璇彞娣诲姞澶ф嫭鍙枫€?(https://learn.microsoft.com/dotnet/fundamentals/code-analysis/style-rules/ide0011) [C:\UserWorx\VSWorx\ServoStudio\wpfui-servoStudio\samples\Wpf.Ui.servoStudio\servoStudio_wjhet5xd_wpftmp.csproj]
C:\UserWorx\VSWorx\ServoStudio\wpfui-servoStudio\samples\Wpf.Ui.servoStudio\ViewModels\Factory\FrameFormatEditorViewModel.cs(162,9): warning IDE0011: 鍚?鈥渋f鈥?璇彞娣诲姞澶ф嫭鍙枫€?(https://learn.microsoft.com/dotnet/fundamentals/code-analysis/style-rules/ide0011) [C:\UserWorx\VSWorx\ServoStudio\wpfui-servoStudio\samples\Wpf.Ui.servoStudio\servoStudio_wjhet5xd_wpftmp.csproj]
C:\UserWorx\VSWorx\ServoStudio\wpfui-servoStudio\samples\Wpf.Ui.servoStudio\Services\LiveDiag.cs(64,9): warning IDE0008: 鐢ㄦ樉寮忕被鍨嬩唬鏇?"var" (https://learn.microsoft.com/dotnet/fundamentals/code-analysis/style-rules/ide0008) [C:\UserWorx\VSWorx\ServoStudio\wpfui-servoStudio\samples\Wpf.Ui.servoStudio\servoStudio_wjhet5xd_wpftmp.csproj]
C:\UserWorx\VSWorx\ServoStudio\wpfui-servoStudio\samples\Wpf.Ui.servoStudio\Services\LiveDiag.cs(76,9): warning IDE0008: 鐢ㄦ樉寮忕被鍨嬩唬鏇?"var" (https://learn.microsoft.com/dotnet/fundamentals/code-analysis/style-rules/ide0008) [C:\UserWorx\VSWorx\ServoStudio\wpfui-servoStudio\samples\Wpf.Ui.servoStudio\servoStudio_wjhet5xd_wpftmp.csproj]
C:\UserWorx\VSWorx\ServoStudio\wpfui-servoStudio\samples\Wpf.Ui.servoStudio\ViewModels\Factory\FrameFormatEditorViewModel.cs(196,18): warning IDE0008: 鐢ㄦ樉寮忕被鍨嬩唬鏇?"var" (https://learn.microsoft.com/dotnet/fundamentals/code-analysis/style-rules/ide0008) [C:\UserWorx\VSWorx\ServoStudio\wpfui-servoStudio\samples\Wpf.Ui.servoStudio\servoStudio_wjhet5xd_wpftmp.csproj]
C:\UserWorx\VSWorx\ServoStudio\wpfui-servoStudio\samples\Wpf.Ui.servoStudio\Views\Pages\FactoryPages\FrameFormatEditorPage.xaml.cs(117,9): warning IDE0011: 鍚?鈥渋f鈥?璇彞娣诲姞澶ф嫭鍙枫€?(https://learn.microsoft.com/dotnet/fundamentals/code-analysis/style-rules/ide0011) [C:\UserWorx\VSWorx\ServoStudio\wpfui-servoStudio\samples\Wpf.Ui.servoStudio\servoStudio_wjhet5xd_wpftmp.csproj]
C:\UserWorx\VSWorx\ServoStudio\wpfui-servoStudio\samples\Wpf.Ui.servoStudio\Views\Pages\FactoryPages\FrameFormatEditorPage.xaml.cs(118,9): warning IDE0011: 鍚?鈥渋f鈥?璇彞娣诲姞澶ф嫭鍙枫€?(https://learn.microsoft.com/dotnet/fundamentals/code-analysis/style-rules/ide0011) [C:\UserWorx\VSWorx\ServoStudio\wpfui-servoStudio\samples\Wpf.Ui.servoStudio\servoStudio_wjhet5xd_wpftmp.csproj]
C:\UserWorx\VSWorx\ServoStudio\wpfui-servoStudio\samples\Wpf.Ui.servoStudio\Views\Pages\FactoryPages\FrameFormatEditorPage.xaml.cs(131,9): warning IDE0011: 鍚?鈥渋f鈥?璇彞娣诲姞澶ф嫭鍙枫€?(https://learn.microsoft.com/dotnet/fundamentals/code-analysis/style-rules/ide0011) [C:\UserWorx\VSWorx\ServoStudio\wpfui-servoStudio\samples\Wpf.Ui.servoStudio\servoStudio_wjhet5xd_wpftmp.csproj]
C:\UserWorx\VSWorx\ServoStudio\wpfui-servoStudio\samples\Wpf.Ui.servoStudio\Views\Pages\FactoryPages\FrameFormatEditorPage.xaml.cs(128,9): warning IDE0008: 鐢ㄦ樉寮忕被鍨嬩唬鏇?"var" (https://learn.microsoft.com/dotnet/fundamentals/code-analysis/style-rules/ide0008) [C:\UserWorx\VSWorx\ServoStudio\wpfui-servoStudio\samples\Wpf.Ui.servoStudio\servoStudio_wjhet5xd_wpftmp.csproj]
C:\UserWorx\VSWorx\ServoStudio\wpfui-servoStudio\samples\Wpf.Ui.servoStudio\ViewModels\AppData\AppLogViewModel.cs(401,9): warning IDE0011: 鍚?鈥渋f鈥?璇彞娣诲姞澶ф嫭鍙枫€?(https://learn.microsoft.com/dotnet/fundamentals/code-analysis/style-rules/ide0011) [C:\UserWorx\VSWorx\ServoStudio\wpfui-servoStudio\samples\Wpf.Ui.servoStudio\servoStudio_wjhet5xd_wpftmp.csproj]
C:\UserWorx\VSWorx\ServoStudio\wpfui-servoStudio\samples\Wpf.Ui.servoStudio\ViewModels\AppData\AppLogViewModel.cs(406,9): warning IDE0011: 鍚?鈥渋f鈥?璇彞娣诲姞澶ф嫭鍙枫€?(https://learn.microsoft.com/dotnet/fundamentals/code-analysis/style-rules/ide0011) [C:\UserWorx\VSWorx\ServoStudio\wpfui-servoStudio\samples\Wpf.Ui.servoStudio\servoStudio_wjhet5xd_wpftmp.csproj]
C:\UserWorx\VSWorx\ServoStudio\wpfui-servoStudio\samples\Wpf.Ui.servoStudio\Views\Pages\FactoryPages\FrameFormatEditorPage.xaml.cs(129,9): warning IDE0008: 鐢ㄦ樉寮忕被鍨嬩唬鏇?"var" (https://learn.microsoft.com/dotnet/fundamentals/code-analysis/style-rules/ide0008) [C:\UserWorx\VSWorx\ServoStudio\wpfui-servoStudio\samples\Wpf.Ui.servoStudio\servoStudio_wjhet5xd_wpftmp.csproj]
C:\UserWorx\VSWorx\ServoStudio\wpfui-servoStudio\samples\Wpf.Ui.servoStudio\ViewModels\AppData\AppLogViewModel.cs(409,9): warning IDE0011: 鍚?鈥渋f鈥?璇彞娣诲姞澶ф嫭鍙枫€?(https://learn.microsoft.com/dotnet/fundamentals/code-analysis/style-rules/ide0011) [C:\UserWorx\VSWorx\ServoStudio\wpfui-servoStudio\samples\Wpf.Ui.servoStudio\servoStudio_wjhet5xd_wpftmp.csproj]
C:\UserWorx\VSWorx\ServoStudio\wpfui-servoStudio\samples\Wpf.Ui.servoStudio\ViewModels\AppData\AppLogViewModel.cs(424,9): warning IDE0011: 鍚?鈥渋f鈥?璇彞娣诲姞澶ф嫭鍙枫€?(https://learn.microsoft.com/dotnet/fundamentals/code-analysis/style-rules/ide0011) [C:\UserWorx\VSWorx\ServoStudio\wpfui-servoStudio\samples\Wpf.Ui.servoStudio\servoStudio_wjhet5xd_wpftmp.csproj]
C:\UserWorx\VSWorx\ServoStudio\wpfui-servoStudio\samples\Wpf.Ui.servoStudio\Views\Pages\FactoryPages\FrameFormatEditorPage.xaml.cs(149,47): warning IDE0008: 鐢ㄦ樉寮忕被鍨嬩唬鏇?"var" (https://learn.microsoft.com/dotnet/fundamentals/code-analysis/style-rules/ide0008) [C:\UserWorx\VSWorx\ServoStudio\wpfui-servoStudio\samples\Wpf.Ui.servoStudio\servoStudio_wjhet5xd_wpftmp.csproj]
C:\UserWorx\VSWorx\ServoStudio\wpfui-servoStudio\samples\Wpf.Ui.servoStudio\ViewModels\DashboardViewModel.cs(63,9): warning IDE0011: 鍚?鈥渋f鈥?璇彞娣诲姞澶ф嫭鍙枫€?(https://learn.microsoft.com/dotnet/fundamentals/code-analysis/style-rules/ide0011) [C:\UserWorx\VSWorx\ServoStudio\wpfui-servoStudio\samples\Wpf.Ui.servoStudio\servoStudio_wjhet5xd_wpftmp.csproj]
C:\UserWorx\VSWorx\ServoStudio\wpfui-servoStudio\samples\Wpf.Ui.servoStudio\ViewModels\AppData\AppLogViewModel.cs(432,9): warning IDE0011: 鍚?鈥渋f鈥?璇彞娣诲姞澶ф嫭鍙枫€?(https://learn.microsoft.com/dotnet/fundamentals/code-analysis/style-rules/ide0011) [C:\UserWorx\VSWorx\ServoStudio\wpfui-servoStudio\samples\Wpf.Ui.servoStudio\servoStudio_wjhet5xd_wpftmp.csproj]
C:\UserWorx\VSWorx\ServoStudio\wpfui-servoStudio\samples\Wpf.Ui.servoStudio\ViewModels\AppData\AppLogViewModel.cs(434,9): warning IDE0011: 鍚?鈥渋f鈥?璇彞娣诲姞澶ф嫭鍙枫€?(https://learn.microsoft.com/dotnet/fundamentals/code-analysis/style-rules/ide0011) [C:\UserWorx\VSWorx\ServoStudio\wpfui-servoStudio\samples\Wpf.Ui.servoStudio\servoStudio_wjhet5xd_wpftmp.csproj]
C:\UserWorx\VSWorx\ServoStudio\wpfui-servoStudio\samples\Wpf.Ui.servoStudio\ViewModels\AppData\AppLogViewModel.cs(436,9): warning IDE0011: 鍚?鈥渋f鈥?璇彞娣诲姞澶ф嫭鍙枫€?(https://learn.microsoft.com/dotnet/fundamentals/code-analysis/style-rules/ide0011) [C:\UserWorx\VSWorx\ServoStudio\wpfui-servoStudio\samples\Wpf.Ui.servoStudio\servoStudio_wjhet5xd_wpftmp.csproj]
C:\UserWorx\VSWorx\ServoStudio\wpfui-servoStudio\samples\Wpf.Ui.servoStudio\Views\Pages\FactoryPages\FrameFormatEditorPage.xaml.cs(165,9): warning IDE0011: 鍚?鈥渋f鈥?璇彞娣诲姞澶ф嫭鍙枫€?(https://learn.microsoft.com/dotnet/fundamentals/code-analysis/style-rules/ide0011) [C:\UserWorx\VSWorx\ServoStudio\wpfui-servoStudio\samples\Wpf.Ui.servoStudio\servoStudio_wjhet5xd_wpftmp.csproj]
C:\UserWorx\VSWorx\ServoStudio\wpfui-servoStudio\samples\Wpf.Ui.servoStudio\Views\Pages\FactoryPages\FrameFormatEditorPage.xaml.cs(173,47): warning IDE0008: 鐢ㄦ樉寮忕被鍨嬩唬鏇?"var" (https://learn.microsoft.com/dotnet/fundamentals/code-analysis/style-rules/ide0008) [C:\UserWorx\VSWorx\ServoStudio\wpfui-servoStudio\samples\Wpf.Ui.servoStudio\servoStudio_wjhet5xd_wpftmp.csproj]
C:\UserWorx\VSWorx\ServoStudio\wpfui-servoStudio\samples\Wpf.Ui.servoStudio\Views\Pages\FactoryPages\FrameFormatEditorPage.xaml.cs(182,9): warning IDE0008: 鐢ㄦ樉寮忕被鍨嬩唬鏇?"var" (https://learn.microsoft.com/dotnet/fundamentals/code-analysis/style-rules/ide0008) [C:\UserWorx\VSWorx\ServoStudio\wpfui-servoStudio\samples\Wpf.Ui.servoStudio\servoStudio_wjhet5xd_wpftmp.csproj]
C:\UserWorx\VSWorx\ServoStudio\wpfui-servoStudio\samples\Wpf.Ui.servoStudio\Views\Pages\FactoryPages\FrameFormatEditorPage.xaml.cs(203,13): warning IDE0011: 鍚?鈥渋f鈥?璇彞娣诲姞澶ф嫭鍙枫€?(https://learn.microsoft.com/dotnet/fundamentals/code-analysis/style-rules/ide0011) [C:\UserWorx\VSWorx\ServoStudio\wpfui-servoStudio\samples\Wpf.Ui.servoStudio\servoStudio_wjhet5xd_wpftmp.csproj]
C:\UserWorx\VSWorx\ServoStudio\wpfui-servoStudio\samples\Wpf.Ui.servoStudio\Views\Pages\FactoryPages\FrameFormatEditorPage.xaml.cs(212,13): warning IDE0011: 鍚?鈥渋f鈥?璇彞娣诲姞澶ф嫭鍙枫€?(https://learn.microsoft.com/dotnet/fundamentals/code-analysis/style-rules/ide0011) [C:\UserWorx\VSWorx\ServoStudio\wpfui-servoStudio\samples\Wpf.Ui.servoStudio\servoStudio_wjhet5xd_wpftmp.csproj]
C:\UserWorx\VSWorx\ServoStudio\wpfui-servoStudio\samples\Wpf.Ui.servoStudio\Views\Pages\FactoryPages\FrameFormatEditorPage.xaml.cs(208,13): warning IDE0058: 姘歌繙涓嶄細浣跨敤琛ㄨ揪寮忓€?(https://learn.microsoft.com/dotnet/fundamentals/code-analysis/style-rules/ide0058) [C:\UserWorx\VSWorx\ServoStudio\wpfui-servoStudio\samples\Wpf.Ui.servoStudio\servoStudio_wjhet5xd_wpftmp.csproj]
C:\UserWorx\VSWorx\ServoStudio\wpfui-servoStudio\samples\Wpf.Ui.servoStudio\ViewModels\AppData\UserConfigViewModel.cs(102,95): warning IDE0055: 淇鏍煎紡 (https://learn.microsoft.com/dotnet/fundamentals/code-analysis/style-rules/ide0055) [C:\UserWorx\VSWorx\ServoStudio\wpfui-servoStudio\samples\Wpf.Ui.servoStudio\servoStudio_wjhet5xd_wpftmp.csproj]
C:\UserWorx\VSWorx\ServoStudio\wpfui-servoStudio\samples\Wpf.Ui.servoStudio\ViewModels\AppData\UserConfigViewModel.cs(102,97): warning IDE0055: 淇鏍煎紡 (https://learn.microsoft.com/dotnet/fundamentals/code-analysis/style-rules/ide0055) [C:\UserWorx\VSWorx\ServoStudio\wpfui-servoStudio\samples\Wpf.Ui.servoStudio\servoStudio_wjhet5xd_wpftmp.csproj]
C:\UserWorx\VSWorx\ServoStudio\wpfui-servoStudio\samples\Wpf.Ui.servoStudio\ViewModels\AppData\UserConfigViewModel.cs(102,102): warning IDE0055: 淇鏍煎紡 (https://learn.microsoft.com/dotnet/fundamentals/code-analysis/style-rules/ide0055) [C:\UserWorx\VSWorx\ServoStudio\wpfui-servoStudio\samples\Wpf.Ui.servoStudio\servoStudio_wjhet5xd_wpftmp.csproj]
C:\UserWorx\VSWorx\ServoStudio\wpfui-servoStudio\samples\Wpf.Ui.servoStudio\ViewModels\AppData\UserConfigViewModel.cs(105,45): warning IDE0055: 淇鏍煎紡 (https://learn.microsoft.com/dotnet/fundamentals/code-analysis/style-rules/ide0055) [C:\UserWorx\VSWorx\ServoStudio\wpfui-servoStudio\samples\Wpf.Ui.servoStudio\servoStudio_wjhet5xd_wpftmp.csproj]
C:\UserWorx\VSWorx\ServoStudio\wpfui-servoStudio\samples\Wpf.Ui.servoStudio\ViewModels\AppData\UserConfigViewModel.cs(105,47): warning IDE0055: 淇鏍煎紡 (https://learn.microsoft.com/dotnet/fundamentals/code-analysis/style-rules/ide0055) [C:\UserWorx\VSWorx\ServoStudio\wpfui-servoStudio\samples\Wpf.Ui.servoStudio\servoStudio_wjhet5xd_wpftmp.csproj]
C:\UserWorx\VSWorx\ServoStudio\wpfui-servoStudio\samples\Wpf.Ui.servoStudio\ViewModels\AppData\UserConfigViewModel.cs(105,52): warning IDE0055: 淇鏍煎紡 (https://learn.microsoft.com/dotnet/fundamentals/code-analysis/style-rules/ide0055) [C:\UserWorx\VSWorx\ServoStudio\wpfui-servoStudio\samples\Wpf.Ui.servoStudio\servoStudio_wjhet5xd_wpftmp.csproj]
C:\UserWorx\VSWorx\ServoStudio\wpfui-servoStudio\samples\Wpf.Ui.servoStudio\ViewModels\AppData\UserConfigViewModel.cs(177,25): warning IDE0055: 淇鏍煎紡 (https://learn.microsoft.com/dotnet/fundamentals/code-analysis/style-rules/ide0055) [C:\UserWorx\VSWorx\ServoStudio\wpfui-servoStudio\samples\Wpf.Ui.servoStudio\servoStudio_wjhet5xd_wpftmp.csproj]
C:\UserWorx\VSWorx\ServoStudio\wpfui-servoStudio\samples\Wpf.Ui.servoStudio\ViewModels\Factory\FrameFormatEditorViewModel.cs(289,13): warning IDE0011: 鍚?鈥渋f鈥?璇彞娣诲姞澶ф嫭鍙枫€?(https://learn.microsoft.com/dotnet/fundamentals/code-analysis/style-rules/ide0011) [C:\UserWorx\VSWorx\ServoStudio\wpfui-servoStudio\samples\Wpf.Ui.servoStudio\servoStudio_wjhet5xd_wpftmp.csproj]
C:\UserWorx\VSWorx\ServoStudio\wpfui-servoStudio\samples\Wpf.Ui.servoStudio\ViewModels\Factory\FrameFormatEditorViewModel.cs(290,13): warning IDE0011: 鍚?鈥渋f鈥?璇彞娣诲姞澶ф嫭鍙枫€?(https://learn.microsoft.com/dotnet/fundamentals/code-analysis/style-rules/ide0011) [C:\UserWorx\VSWorx\ServoStudio\wpfui-servoStudio\samples\Wpf.Ui.servoStudio\servoStudio_wjhet5xd_wpftmp.csproj]
C:\UserWorx\VSWorx\ServoStudio\wpfui-servoStudio\samples\Wpf.Ui.servoStudio\ViewModels\Factory\FrameFormatEditorViewModel.cs(290,33): warning IDE0058: 姘歌繙涓嶄細浣跨敤琛ㄨ揪寮忓€?(https://learn.microsoft.com/dotnet/fundamentals/code-analysis/style-rules/ide0058) [C:\UserWorx\VSWorx\ServoStudio\wpfui-servoStudio\samples\Wpf.Ui.servoStudio\servoStudio_wjhet5xd_wpftmp.csproj]
C:\UserWorx\VSWorx\ServoStudio\wpfui-servoStudio\samples\Wpf.Ui.servoStudio\ViewModels\FaultInfoViewModel.cs(85,13): warning IDE0008: 鐢ㄦ樉寮忕被鍨嬩唬鏇?"var" (https://learn.microsoft.com/dotnet/fundamentals/code-analysis/style-rules/ide0008) [C:\UserWorx\VSWorx\ServoStudio\wpfui-servoStudio\samples\Wpf.Ui.servoStudio\servoStudio_wjhet5xd_wpftmp.csproj]
C:\UserWorx\VSWorx\ServoStudio\wpfui-servoStudio\samples\Wpf.Ui.servoStudio\Views\Pages\FactoryPages\FrameFormatEditorPage.xaml.cs(227,9): warning IDE0011: 鍚?鈥渋f鈥?璇彞娣诲姞澶ф嫭鍙枫€?(https://learn.microsoft.com/dotnet/fundamentals/code-analysis/style-rules/ide0011) [C:\UserWorx\VSWorx\ServoStudio\wpfui-servoStudio\samples\Wpf.Ui.servoStudio\servoStudio_wjhet5xd_wpftmp.csproj]
C:\UserWorx\VSWorx\ServoStudio\wpfui-servoStudio\samples\Wpf.Ui.servoStudio\Views\Pages\FactoryPages\FrameFormatEditorPage.xaml.cs(230,9): warning IDE0011: 鍚?鈥渋f鈥?璇彞娣诲姞澶ф嫭鍙枫€?(https://learn.microsoft.com/dotnet/fundamentals/code-analysis/style-rules/ide0011) [C:\UserWorx\VSWorx\ServoStudio\wpfui-servoStudio\samples\Wpf.Ui.servoStudio\servoStudio_wjhet5xd_wpftmp.csproj]
C:\UserWorx\VSWorx\ServoStudio\wpfui-servoStudio\samples\Wpf.Ui.servoStudio\ViewModels\Factory\FrameFormatEditorViewModel.cs(274,13): warning IDE0011: 鍚?鈥渋f鈥?璇彞娣诲姞澶ф嫭鍙枫€?(https://learn.microsoft.com/dotnet/fundamentals/code-analysis/style-rules/ide0011) [C:\UserWorx\VSWorx\ServoStudio\wpfui-servoStudio\samples\Wpf.Ui.servoStudio\servoStudio_wjhet5xd_wpftmp.csproj]
C:\UserWorx\VSWorx\ServoStudio\wpfui-servoStudio\samples\Wpf.Ui.servoStudio\ViewModels\Factory\FrameFormatEditorViewModel.cs(278,13): warning IDE0011: 鍚?鈥渋f鈥?璇彞娣诲姞澶ф嫭鍙枫€?(https://learn.microsoft.com/dotnet/fundamentals/code-analysis/style-rules/ide0011) [C:\UserWorx\VSWorx\ServoStudio\wpfui-servoStudio\samples\Wpf.Ui.servoStudio\servoStudio_wjhet5xd_wpftmp.csproj]
C:\UserWorx\VSWorx\ServoStudio\wpfui-servoStudio\samples\Wpf.Ui.servoStudio\ViewModels\Factory\FrameFormatEditorViewModel.cs(272,13): warning IDE0008: 鐢ㄦ樉寮忕被鍨嬩唬鏇?"var" (https://learn.microsoft.com/dotnet/fundamentals/code-analysis/style-rules/ide0008) [C:\UserWorx\VSWorx\ServoStudio\wpfui-servoStudio\samples\Wpf.Ui.servoStudio\servoStudio_wjhet5xd_wpftmp.csproj]
C:\UserWorx\VSWorx\ServoStudio\wpfui-servoStudio\samples\Wpf.Ui.servoStudio\ViewModels\Factory\FrameFormatEditorViewModel.cs(276,13): warning IDE0008: 鐢ㄦ樉寮忕被鍨嬩唬鏇?"var" (https://learn.microsoft.com/dotnet/fundamentals/code-analysis/style-rules/ide0008) [C:\UserWorx\VSWorx\ServoStudio\wpfui-servoStudio\samples\Wpf.Ui.servoStudio\servoStudio_wjhet5xd_wpftmp.csproj]
C:\UserWorx\VSWorx\ServoStudio\wpfui-servoStudio\samples\Wpf.Ui.servoStudio\ViewModels\AppData\AppLogViewModel.cs(495,9): warning IDE0011: 鍚?鈥渋f鈥?璇彞娣诲姞澶ф嫭鍙枫€?(https://learn.microsoft.com/dotnet/fundamentals/code-analysis/style-rules/ide0011) [C:\UserWorx\VSWorx\ServoStudio\wpfui-servoStudio\samples\Wpf.Ui.servoStudio\servoStudio_wjhet5xd_wpftmp.csproj]
C:\UserWorx\VSWorx\ServoStudio\wpfui-servoStudio\samples\Wpf.Ui.servoStudio\ViewModels\AppData\AppLogViewModel.cs(502,9): warning IDE0011: 鍚?鈥渋f鈥?璇彞娣诲姞澶ф嫭鍙枫€?(https://learn.microsoft.com/dotnet/fundamentals/code-analysis/style-rules/ide0011) [C:\UserWorx\VSWorx\ServoStudio\wpfui-servoStudio\samples\Wpf.Ui.servoStudio\servoStudio_wjhet5xd_wpftmp.csproj]
C:\UserWorx\VSWorx\ServoStudio\wpfui-servoStudio\samples\Wpf.Ui.servoStudio\ViewModels\AppData\AppLogViewModel.cs(504,9): warning IDE0011: 鍚?鈥渆lse鈥?璇彞娣诲姞澶ф嫭鍙枫€?(https://learn.microsoft.com/dotnet/fundamentals/code-analysis/style-rules/ide0011) [C:\UserWorx\VSWorx\ServoStudio\wpfui-servoStudio\samples\Wpf.Ui.servoStudio\servoStudio_wjhet5xd_wpftmp.csproj]
C:\UserWorx\VSWorx\ServoStudio\wpfui-servoStudio\samples\Wpf.Ui.servoStudio\ViewModels\AppData\AppLogViewModel.cs(522,9): warning IDE0011: 鍚?鈥渋f鈥?璇彞娣诲姞澶ф嫭鍙枫€?(https://learn.microsoft.com/dotnet/fundamentals/code-analysis/style-rules/ide0011) [C:\UserWorx\VSWorx\ServoStudio\wpfui-servoStudio\samples\Wpf.Ui.servoStudio\servoStudio_wjhet5xd_wpftmp.csproj]
C:\UserWorx\VSWorx\ServoStudio\wpfui-servoStudio\samples\Wpf.Ui.servoStudio\ViewModels\AppData\AppLogViewModel.cs(529,9): warning IDE0011: 鍚?鈥渋f鈥?璇彞娣诲姞澶ф嫭鍙枫€?(https://learn.microsoft.com/dotnet/fundamentals/code-analysis/style-rules/ide0011) [C:\UserWorx\VSWorx\ServoStudio\wpfui-servoStudio\samples\Wpf.Ui.servoStudio\servoStudio_wjhet5xd_wpftmp.csproj]
C:\UserWorx\VSWorx\ServoStudio\wpfui-servoStudio\samples\Wpf.Ui.servoStudio\ViewModels\DashboardViewModel.cs(132,9): warning IDE0011: 鍚?鈥渋f鈥?璇彞娣诲姞澶ф嫭鍙枫€?(https://learn.microsoft.com/dotnet/fundamentals/code-analysis/style-rules/ide0011) [C:\UserWorx\VSWorx\ServoStudio\wpfui-servoStudio\samples\Wpf.Ui.servoStudio\servoStudio_wjhet5xd_wpftmp.csproj]
C:\UserWorx\VSWorx\ServoStudio\wpfui-servoStudio\samples\Wpf.Ui.servoStudio\ViewModels\DashboardViewModel.cs(133,9): warning IDE0011: 鍚?鈥渋f鈥?璇彞娣诲姞澶ф嫭鍙枫€?(https://learn.microsoft.com/dotnet/fundamentals/code-analysis/style-rules/ide0011) [C:\UserWorx\VSWorx\ServoStudio\wpfui-servoStudio\samples\Wpf.Ui.servoStudio\servoStudio_wjhet5xd_wpftmp.csproj]
C:\UserWorx\VSWorx\ServoStudio\wpfui-servoStudio\samples\Wpf.Ui.servoStudio\ViewModels\DashboardViewModel.cs(134,9): warning IDE0011: 鍚?鈥渋f鈥?璇彞娣诲姞澶ф嫭鍙枫€?(https://learn.microsoft.com/dotnet/fundamentals/code-analysis/style-rules/ide0011) [C:\UserWorx\VSWorx\ServoStudio\wpfui-servoStudio\samples\Wpf.Ui.servoStudio\servoStudio_wjhet5xd_wpftmp.csproj]
C:\UserWorx\VSWorx\ServoStudio\wpfui-servoStudio\samples\Wpf.Ui.servoStudio\ViewModels\DashboardViewModel.cs(135,9): warning IDE0011: 鍚?鈥渋f鈥?璇彞娣诲姞澶ф嫭鍙枫€?(https://learn.microsoft.com/dotnet/fundamentals/code-analysis/style-rules/ide0011) [C:\UserWorx\VSWorx\ServoStudio\wpfui-servoStudio\samples\Wpf.Ui.servoStudio\servoStudio_wjhet5xd_wpftmp.csproj]
C:\UserWorx\VSWorx\ServoStudio\wpfui-servoStudio\samples\Wpf.Ui.servoStudio\ViewModels\DashboardViewModel.cs(136,9): warning IDE0011: 鍚?鈥渋f鈥?璇彞娣诲姞澶ф嫭鍙枫€?(https://learn.microsoft.com/dotnet/fundamentals/code-analysis/style-rules/ide0011) [C:\UserWorx\VSWorx\ServoStudio\wpfui-servoStudio\samples\Wpf.Ui.servoStudio\servoStudio_wjhet5xd_wpftmp.csproj]
C:\UserWorx\VSWorx\ServoStudio\wpfui-servoStudio\samples\Wpf.Ui.servoStudio\ViewModels\DashboardViewModel.cs(137,9): warning IDE0011: 鍚?鈥渋f鈥?璇彞娣诲姞澶ф嫭鍙枫€?(https://learn.microsoft.com/dotnet/fundamentals/code-analysis/style-rules/ide0011) [C:\UserWorx\VSWorx\ServoStudio\wpfui-servoStudio\samples\Wpf.Ui.servoStudio\servoStudio_wjhet5xd_wpftmp.csproj]
C:\UserWorx\VSWorx\ServoStudio\wpfui-servoStudio\samples\Wpf.Ui.servoStudio\ViewModels\DashboardViewModel.cs(138,9): warning IDE0011: 鍚?鈥渋f鈥?璇彞娣诲姞澶ф嫭鍙枫€?(https://learn.microsoft.com/dotnet/fundamentals/code-analysis/style-rules/ide0011) [C:\UserWorx\VSWorx\ServoStudio\wpfui-servoStudio\samples\Wpf.Ui.servoStudio\servoStudio_wjhet5xd_wpftmp.csproj]
C:\UserWorx\VSWorx\ServoStudio\wpfui-servoStudio\samples\Wpf.Ui.servoStudio\ViewModels\DashboardViewModel.cs(139,9): warning IDE0011: 鍚?鈥渋f鈥?璇彞娣诲姞澶ф嫭鍙枫€?(https://learn.microsoft.com/dotnet/fundamentals/code-analysis/style-rules/ide0011) [C:\UserWorx\VSWorx\ServoStudio\wpfui-servoStudio\samples\Wpf.Ui.servoStudio\servoStudio_wjhet5xd_wpftmp.csproj]
C:\UserWorx\VSWorx\ServoStudio\wpfui-servoStudio\samples\Wpf.Ui.servoStudio\ViewModels\DashboardViewModel.cs(140,9): warning IDE0011: 鍚?鈥渋f鈥?璇彞娣诲姞澶ф嫭鍙枫€?(https://learn.microsoft.com/dotnet/fundamentals/code-analysis/style-rules/ide0011) [C:\UserWorx\VSWorx\ServoStudio\wpfui-servoStudio\samples\Wpf.Ui.servoStudio\servoStudio_wjhet5xd_wpftmp.csproj]
C:\UserWorx\VSWorx\ServoStudio\wpfui-servoStudio\samples\Wpf.Ui.servoStudio\ViewModels\DashboardViewModel.cs(141,9): warning IDE0011: 鍚?鈥渋f鈥?璇彞娣诲姞澶ф嫭鍙枫€?(https://learn.microsoft.com/dotnet/fundamentals/code-analysis/style-rules/ide0011) [C:\UserWorx\VSWorx\ServoStudio\wpfui-servoStudio\samples\Wpf.Ui.servoStudio\servoStudio_wjhet5xd_wpftmp.csproj]
C:\UserWorx\VSWorx\ServoStudio\wpfui-servoStudio\samples\Wpf.Ui.servoStudio\ViewModels\DashboardViewModel.cs(142,9): warning IDE0011: 鍚?鈥渋f鈥?璇彞娣诲姞澶ф嫭鍙枫€?(https://learn.microsoft.com/dotnet/fundamentals/code-analysis/style-rules/ide0011) [C:\UserWorx\VSWorx\ServoStudio\wpfui-servoStudio\samples\Wpf.Ui.servoStudio\servoStudio_wjhet5xd_wpftmp.csproj]
C:\UserWorx\VSWorx\ServoStudio\wpfui-servoStudio\samples\Wpf.Ui.servoStudio\ViewModels\DashboardViewModel.cs(119,9): warning IDE0008: 鐢ㄦ樉寮忕被鍨嬩唬鏇?"var" (https://learn.microsoft.com/dotnet/fundamentals/code-analysis/style-rules/ide0008) [C:\UserWorx\VSWorx\ServoStudio\wpfui-servoStudio\samples\Wpf.Ui.servoStudio\servoStudio_wjhet5xd_wpftmp.csproj]
C:\UserWorx\VSWorx\ServoStudio\wpfui-servoStudio\samples\Wpf.Ui.servoStudio\ViewModels\DashboardViewModel.cs(120,9): warning IDE0008: 鐢ㄦ樉寮忕被鍨嬩唬鏇?"var" (https://learn.microsoft.com/dotnet/fundamentals/code-analysis/style-rules/ide0008) [C:\UserWorx\VSWorx\ServoStudio\wpfui-servoStudio\samples\Wpf.Ui.servoStudio\servoStudio_wjhet5xd_wpftmp.csproj]
C:\UserWorx\VSWorx\ServoStudio\wpfui-servoStudio\samples\Wpf.Ui.servoStudio\Views\Pages\FactoryPages\FrameFormatEditorPage.xaml.cs(258,13): warning IDE0011: 鍚?鈥渋f鈥?璇彞娣诲姞澶ф嫭鍙枫€?(https://learn.microsoft.com/dotnet/fundamentals/code-analysis/style-rules/ide0011) [C:\UserWorx\VSWorx\ServoStudio\wpfui-servoStudio\samples\Wpf.Ui.servoStudio\servoStudio_wjhet5xd_wpftmp.csproj]
C:\UserWorx\VSWorx\ServoStudio\wpfui-servoStudio\samples\Wpf.Ui.servoStudio\Views\Pages\FactoryPages\FrameFormatEditorPage.xaml.cs(264,13): warning IDE0011: 鍚?鈥渋f鈥?璇彞娣诲姞澶ф嫭鍙枫€?(https://learn.microsoft.com/dotnet/fundamentals/code-analysis/style-rules/ide0011) [C:\UserWorx\VSWorx\ServoStudio\wpfui-servoStudio\samples\Wpf.Ui.servoStudio\servoStudio_wjhet5xd_wpftmp.csproj]
C:\UserWorx\VSWorx\ServoStudio\wpfui-servoStudio\samples\Wpf.Ui.servoStudio\Views\Pages\FactoryPages\FrameFormatEditorPage.xaml.cs(269,17): warning IDE0011: 鍚?鈥渋f鈥?璇彞娣诲姞澶ф嫭鍙枫€?(https://learn.microsoft.com/dotnet/fundamentals/code-analysis/style-rules/ide0011) [C:\UserWorx\VSWorx\ServoStudio\wpfui-servoStudio\samples\Wpf.Ui.servoStudio\servoStudio_wjhet5xd_wpftmp.csproj]
C:\UserWorx\VSWorx\ServoStudio\wpfui-servoStudio\samples\Wpf.Ui.servoStudio\Views\Pages\FactoryPages\FrameFormatEditorPage.xaml.cs(281,9): warning IDE0011: 鍚?鈥渋f鈥?璇彞娣诲姞澶ф嫭鍙枫€?(https://learn.microsoft.com/dotnet/fundamentals/code-analysis/style-rules/ide0011) [C:\UserWorx\VSWorx\ServoStudio\wpfui-servoStudio\samples\Wpf.Ui.servoStudio\servoStudio_wjhet5xd_wpftmp.csproj]
C:\UserWorx\VSWorx\ServoStudio\wpfui-servoStudio\samples\Wpf.Ui.servoStudio\Views\Pages\FactoryPages\FrameFormatEditorPage.xaml.cs(292,9): warning IDE0011: 鍚?鈥渋f鈥?璇彞娣诲姞澶ф嫭鍙枫€?(https://learn.microsoft.com/dotnet/fundamentals/code-analysis/style-rules/ide0011) [C:\UserWorx\VSWorx\ServoStudio\wpfui-servoStudio\samples\Wpf.Ui.servoStudio\servoStudio_wjhet5xd_wpftmp.csproj]
C:\UserWorx\VSWorx\ServoStudio\wpfui-servoStudio\samples\Wpf.Ui.servoStudio\ViewModels\AppData\AppLogViewModel.cs(559,9): warning IDE0011: 鍚?鈥渋f鈥?璇彞娣诲姞澶ф嫭鍙枫€?(https://learn.microsoft.com/dotnet/fundamentals/code-analysis/style-rules/ide0011) [C:\UserWorx\VSWorx\ServoStudio\wpfui-servoStudio\samples\Wpf.Ui.servoStudio\servoStudio_wjhet5xd_wpftmp.csproj]
C:\UserWorx\VSWorx\ServoStudio\wpfui-servoStudio\samples\Wpf.Ui.servoStudio\ViewModels\AppData\AppLogViewModel.cs(570,17): warning IDE0011: 鍚?鈥渇oreach鈥?璇彞娣诲姞澶ф嫭鍙枫€?(https://learn.microsoft.com/dotnet/fundamentals/code-analysis/style-rules/ide0011) [C:\UserWorx\VSWorx\ServoStudio\wpfui-servoStudio\samples\Wpf.Ui.servoStudio\servoStudio_wjhet5xd_wpftmp.csproj]
C:\UserWorx\VSWorx\ServoStudio\wpfui-servoStudio\samples\Wpf.Ui.servoStudio\ViewModels\AppData\AppLogViewModel.cs(575,17): warning IDE0011: 鍚?鈥渇oreach鈥?璇彞娣诲姞澶ф嫭鍙枫€?(https://learn.microsoft.com/dotnet/fundamentals/code-analysis/style-rules/ide0011) [C:\UserWorx\VSWorx\ServoStudio\wpfui-servoStudio\samples\Wpf.Ui.servoStudio\servoStudio_wjhet5xd_wpftmp.csproj]
C:\UserWorx\VSWorx\ServoStudio\wpfui-servoStudio\samples\Wpf.Ui.servoStudio\ViewModels\FaultInfoViewModel.cs(184,17): warning IDE0011: 鍚?鈥渋f鈥?璇彞娣诲姞澶ф嫭鍙枫€?(https://learn.microsoft.com/dotnet/fundamentals/code-analysis/style-rules/ide0011) [C:\UserWorx\VSWorx\ServoStudio\wpfui-servoStudio\samples\Wpf.Ui.servoStudio\servoStudio_wjhet5xd_wpftmp.csproj]
C:\UserWorx\VSWorx\ServoStudio\wpfui-servoStudio\samples\Wpf.Ui.servoStudio\ViewModels\ControlViewModel.cs(270,20): warning IDE0055: 淇鏍煎紡 (https://learn.microsoft.com/dotnet/fundamentals/code-analysis/style-rules/ide0055) [C:\UserWorx\VSWorx\ServoStudio\wpfui-servoStudio\samples\Wpf.Ui.servoStudio\servoStudio_wjhet5xd_wpftmp.csproj]
C:\UserWorx\VSWorx\ServoStudio\wpfui-servoStudio\samples\Wpf.Ui.servoStudio\ViewModels\ControlViewModel.cs(271,20): warning IDE0055: 淇鏍煎紡 (https://learn.microsoft.com/dotnet/fundamentals/code-analysis/style-rules/ide0055) [C:\UserWorx\VSWorx\ServoStudio\wpfui-servoStudio\samples\Wpf.Ui.servoStudio\servoStudio_wjhet5xd_wpftmp.csproj]
C:\UserWorx\VSWorx\ServoStudio\wpfui-servoStudio\samples\Wpf.Ui.servoStudio\ViewModels\ControlViewModel.cs(272,20): warning IDE0055: 淇鏍煎紡 (https://learn.microsoft.com/dotnet/fundamentals/code-analysis/style-rules/ide0055) [C:\UserWorx\VSWorx\ServoStudio\wpfui-servoStudio\samples\Wpf.Ui.servoStudio\servoStudio_wjhet5xd_wpftmp.csproj]
C:\UserWorx\VSWorx\ServoStudio\wpfui-servoStudio\samples\Wpf.Ui.servoStudio\ViewModels\ControlViewModel.cs(273,20): warning IDE0055: 淇鏍煎紡 (https://learn.microsoft.com/dotnet/fundamentals/code-analysis/style-rules/ide0055) [C:\UserWorx\VSWorx\ServoStudio\wpfui-servoStudio\samples\Wpf.Ui.servoStudio\servoStudio_wjhet5xd_wpftmp.csproj]
C:\UserWorx\VSWorx\ServoStudio\wpfui-servoStudio\samples\Wpf.Ui.servoStudio\ViewModels\ControlViewModel.cs(274,20): warning IDE0055: 淇鏍煎紡 (https://learn.microsoft.com/dotnet/fundamentals/code-analysis/style-rules/ide0055) [C:\UserWorx\VSWorx\ServoStudio\wpfui-servoStudio\samples\Wpf.Ui.servoStudio\servoStudio_wjhet5xd_wpftmp.csproj]
C:\UserWorx\VSWorx\ServoStudio\wpfui-servoStudio\samples\Wpf.Ui.servoStudio\ViewModels\ControlViewModel.cs(275,20): warning IDE0055: 淇鏍煎紡 (https://learn.microsoft.com/dotnet/fundamentals/code-analysis/style-rules/ide0055) [C:\UserWorx\VSWorx\ServoStudio\wpfui-servoStudio\samples\Wpf.Ui.servoStudio\servoStudio_wjhet5xd_wpftmp.csproj]
C:\UserWorx\VSWorx\ServoStudio\wpfui-servoStudio\samples\Wpf.Ui.servoStudio\ViewModels\ControlViewModel.cs(276,20): warning IDE0055: 淇鏍煎紡 (https://learn.microsoft.com/dotnet/fundamentals/code-analysis/style-rules/ide0055) [C:\UserWorx\VSWorx\ServoStudio\wpfui-servoStudio\samples\Wpf.Ui.servoStudio\servoStudio_wjhet5xd_wpftmp.csproj]
C:\UserWorx\VSWorx\ServoStudio\wpfui-servoStudio\samples\Wpf.Ui.servoStudio\ViewModels\ControlViewModel.cs(277,20): warning IDE0055: 淇鏍煎紡 (https://learn.microsoft.com/dotnet/fundamentals/code-analysis/style-rules/ide0055) [C:\UserWorx\VSWorx\ServoStudio\wpfui-servoStudio\samples\Wpf.Ui.servoStudio\servoStudio_wjhet5xd_wpftmp.csproj]
C:\UserWorx\VSWorx\ServoStudio\wpfui-servoStudio\samples\Wpf.Ui.servoStudio\ViewModels\ControlViewModel.cs(278,20): warning IDE0055: 淇鏍煎紡 (https://learn.microsoft.com/dotnet/fundamentals/code-analysis/style-rules/ide0055) [C:\UserWorx\VSWorx\ServoStudio\wpfui-servoStudio\samples\Wpf.Ui.servoStudio\servoStudio_wjhet5xd_wpftmp.csproj]
C:\UserWorx\VSWorx\ServoStudio\wpfui-servoStudio\samples\Wpf.Ui.servoStudio\ViewModels\ControlViewModel.cs(279,20): warning IDE0055: 淇鏍煎紡 (https://learn.microsoft.com/dotnet/fundamentals/code-analysis/style-rules/ide0055) [C:\UserWorx\VSWorx\ServoStudio\wpfui-servoStudio\samples\Wpf.Ui.servoStudio\servoStudio_wjhet5xd_wpftmp.csproj]
C:\UserWorx\VSWorx\ServoStudio\wpfui-servoStudio\samples\Wpf.Ui.servoStudio\ViewModels\ControlViewModel.cs(280,21): warning IDE0055: 淇鏍煎紡 (https://learn.microsoft.com/dotnet/fundamentals/code-analysis/style-rules/ide0055) [C:\UserWorx\VSWorx\ServoStudio\wpfui-servoStudio\samples\Wpf.Ui.servoStudio\servoStudio_wjhet5xd_wpftmp.csproj]
C:\UserWorx\VSWorx\ServoStudio\wpfui-servoStudio\samples\Wpf.Ui.servoStudio\ViewModels\ControlViewModel.cs(281,21): warning IDE0055: 淇鏍煎紡 (https://learn.microsoft.com/dotnet/fundamentals/code-analysis/style-rules/ide0055) [C:\UserWorx\VSWorx\ServoStudio\wpfui-servoStudio\samples\Wpf.Ui.servoStudio\servoStudio_wjhet5xd_wpftmp.csproj]
C:\UserWorx\VSWorx\ServoStudio\wpfui-servoStudio\samples\Wpf.Ui.servoStudio\ViewModels\ControlViewModel.cs(282,21): warning IDE0055: 淇鏍煎紡 (https://learn.microsoft.com/dotnet/fundamentals/code-analysis/style-rules/ide0055) [C:\UserWorx\VSWorx\ServoStudio\wpfui-servoStudio\samples\Wpf.Ui.servoStudio\servoStudio_wjhet5xd_wpftmp.csproj]
C:\UserWorx\VSWorx\ServoStudio\wpfui-servoStudio\samples\Wpf.Ui.servoStudio\ViewModels\ControlViewModel.cs(283,21): warning IDE0055: 淇鏍煎紡 (https://learn.microsoft.com/dotnet/fundamentals/code-analysis/style-rules/ide0055) [C:\UserWorx\VSWorx\ServoStudio\wpfui-servoStudio\samples\Wpf.Ui.servoStudio\servoStudio_wjhet5xd_wpftmp.csproj]
C:\UserWorx\VSWorx\ServoStudio\wpfui-servoStudio\samples\Wpf.Ui.servoStudio\ViewModels\ControlViewModel.cs(284,21): warning IDE0055: 淇鏍煎紡 (https://learn.microsoft.com/dotnet/fundamentals/code-analysis/style-rules/ide0055) [C:\UserWorx\VSWorx\ServoStudio\wpfui-servoStudio\samples\Wpf.Ui.servoStudio\servoStudio_wjhet5xd_wpftmp.csproj]
C:\UserWorx\VSWorx\ServoStudio\wpfui-servoStudio\samples\Wpf.Ui.servoStudio\ViewModels\ControlViewModel.cs(285,21): warning IDE0055: 淇鏍煎紡 (https://learn.microsoft.com/dotnet/fundamentals/code-analysis/style-rules/ide0055) [C:\UserWorx\VSWorx\ServoStudio\wpfui-servoStudio\samples\Wpf.Ui.servoStudio\servoStudio_wjhet5xd_wpftmp.csproj]
C:\UserWorx\VSWorx\ServoStudio\wpfui-servoStudio\samples\Wpf.Ui.servoStudio\ViewModels\ControlViewModel.cs(332,38): warning IDE0055: 淇鏍煎紡 (https://learn.microsoft.com/dotnet/fundamentals/code-analysis/style-rules/ide0055) [C:\UserWorx\VSWorx\ServoStudio\wpfui-servoStudio\samples\Wpf.Ui.servoStudio\servoStudio_wjhet5xd_wpftmp.csproj]
C:\UserWorx\VSWorx\ServoStudio\wpfui-servoStudio\samples\Wpf.Ui.servoStudio\Views\Pages\FactoryPages\FrameFormatEditorPage.xaml.cs(368,9): warning IDE0011: 鍚?鈥渋f鈥?璇彞娣诲姞澶ф嫭鍙枫€?(https://learn.microsoft.com/dotnet/fundamentals/code-analysis/style-rules/ide0011) [C:\UserWorx\VSWorx\ServoStudio\wpfui-servoStudio\samples\Wpf.Ui.servoStudio\servoStudio_wjhet5xd_wpftmp.csproj]
C:\UserWorx\VSWorx\ServoStudio\wpfui-servoStudio\samples\Wpf.Ui.servoStudio\ViewModels\AppData\AppLogViewModel.cs(619,13): warning IDE0011: 鍚?鈥渇oreach鈥?璇彞娣诲姞澶ф嫭鍙枫€?(https://learn.microsoft.com/dotnet/fundamentals/code-analysis/style-rules/ide0011) [C:\UserWorx\VSWorx\ServoStudio\wpfui-servoStudio\samples\Wpf.Ui.servoStudio\servoStudio_wjhet5xd_wpftmp.csproj]
C:\UserWorx\VSWorx\ServoStudio\wpfui-servoStudio\samples\Wpf.Ui.servoStudio\ViewModels\Hardware\MotorViewModel.cs(207,9): warning IDE0011: 鍚?鈥渋f鈥?璇彞娣诲姞澶ф嫭鍙枫€?(https://learn.microsoft.com/dotnet/fundamentals/code-analysis/style-rules/ide0011) [C:\UserWorx\VSWorx\ServoStudio\wpfui-servoStudio\samples\Wpf.Ui.servoStudio\servoStudio_wjhet5xd_wpftmp.csproj]
C:\UserWorx\VSWorx\ServoStudio\wpfui-servoStudio\samples\Wpf.Ui.servoStudio\Views\Pages\FactoryPages\FrameFormatEditorPage.xaml.cs(306,9): warning IDE0058: 姘歌繙涓嶄細浣跨敤琛ㄨ揪寮忓€?(https://learn.microsoft.com/dotnet/fundamentals/code-analysis/style-rules/ide0058) [C:\UserWorx\VSWorx\ServoStudio\wpfui-servoStudio\samples\Wpf.Ui.servoStudio\servoStudio_wjhet5xd_wpftmp.csproj]
C:\UserWorx\VSWorx\ServoStudio\wpfui-servoStudio\samples\Wpf.Ui.servoStudio\Views\Pages\FactoryPages\FrameFormatEditorPage.xaml.cs(314,9): warning IDE0058: 姘歌繙涓嶄細浣跨敤琛ㄨ揪寮忓€?(https://learn.microsoft.com/dotnet/fundamentals/code-analysis/style-rules/ide0058) [C:\UserWorx\VSWorx\ServoStudio\wpfui-servoStudio\samples\Wpf.Ui.servoStudio\servoStudio_wjhet5xd_wpftmp.csproj]
C:\UserWorx\VSWorx\ServoStudio\wpfui-servoStudio\samples\Wpf.Ui.servoStudio\Views\Pages\FactoryPages\FrameFormatEditorPage.xaml.cs(322,9): warning IDE0058: 姘歌繙涓嶄細浣跨敤琛ㄨ揪寮忓€?(https://learn.microsoft.com/dotnet/fundamentals/code-analysis/style-rules/ide0058) [C:\UserWorx\VSWorx\ServoStudio\wpfui-servoStudio\samples\Wpf.Ui.servoStudio\servoStudio_wjhet5xd_wpftmp.csproj]
C:\UserWorx\VSWorx\ServoStudio\wpfui-servoStudio\samples\Wpf.Ui.servoStudio\ViewModels\Factory\FactoryViewModel.cs(66,9): warning IDE0058: 姘歌繙涓嶄細浣跨敤琛ㄨ揪寮忓€?(https://learn.microsoft.com/dotnet/fundamentals/code-analysis/style-rules/ide0058) [C:\UserWorx\VSWorx\ServoStudio\wpfui-servoStudio\samples\Wpf.Ui.servoStudio\servoStudio_wjhet5xd_wpftmp.csproj]
C:\UserWorx\VSWorx\ServoStudio\wpfui-servoStudio\samples\Wpf.Ui.servoStudio\Views\Pages\FactoryPages\FrameFormatEditorPage.xaml.cs(376,9): warning IDE0011: 鍚?鈥渋f鈥?璇彞娣诲姞澶ф嫭鍙枫€?(https://learn.microsoft.com/dotnet/fundamentals/code-analysis/style-rules/ide0011) [C:\UserWorx\VSWorx\ServoStudio\wpfui-servoStudio\samples\Wpf.Ui.servoStudio\servoStudio_wjhet5xd_wpftmp.csproj]
C:\UserWorx\VSWorx\ServoStudio\wpfui-servoStudio\samples\Wpf.Ui.servoStudio\Views\Pages\FactoryPages\FrameFormatEditorPage.xaml.cs(377,9): warning IDE0011: 鍚?鈥渋f鈥?璇彞娣诲姞澶ф嫭鍙枫€?(https://learn.microsoft.com/dotnet/fundamentals/code-analysis/style-rules/ide0011) [C:\UserWorx\VSWorx\ServoStudio\wpfui-servoStudio\samples\Wpf.Ui.servoStudio\servoStudio_wjhet5xd_wpftmp.csproj]
C:\UserWorx\VSWorx\ServoStudio\wpfui-servoStudio\samples\Wpf.Ui.servoStudio\Views\Pages\FactoryPages\FrameFormatEditorPage.xaml.cs(380,9): warning IDE0011: 鍚?鈥渋f鈥?璇彞娣诲姞澶ф嫭鍙枫€?(https://learn.microsoft.com/dotnet/fundamentals/code-analysis/style-rules/ide0011) [C:\UserWorx\VSWorx\ServoStudio\wpfui-servoStudio\samples\Wpf.Ui.servoStudio\servoStudio_wjhet5xd_wpftmp.csproj]
C:\UserWorx\VSWorx\ServoStudio\wpfui-servoStudio\samples\Wpf.Ui.servoStudio\Views\Pages\FactoryPages\FrameFormatEditorPage.xaml.cs(377,31): warning IDE0008: 鐢ㄦ樉寮忕被鍨嬩唬鏇?"var" (https://learn.microsoft.com/dotnet/fundamentals/code-analysis/style-rules/ide0008) [C:\UserWorx\VSWorx\ServoStudio\wpfui-servoStudio\samples\Wpf.Ui.servoStudio\servoStudio_wjhet5xd_wpftmp.csproj]
C:\UserWorx\VSWorx\ServoStudio\wpfui-servoStudio\samples\Wpf.Ui.servoStudio\ViewModels\DashboardViewModel.cs(85,19): warning IDE0055: 淇鏍煎紡 (https://learn.microsoft.com/dotnet/fundamentals/code-analysis/style-rules/ide0055) [C:\UserWorx\VSWorx\ServoStudio\wpfui-servoStudio\samples\Wpf.Ui.servoStudio\servoStudio_wjhet5xd_wpftmp.csproj]
C:\UserWorx\VSWorx\ServoStudio\wpfui-servoStudio\samples\Wpf.Ui.servoStudio\ViewModels\DashboardViewModel.cs(85,33): warning IDE0055: 淇鏍煎紡 (https://learn.microsoft.com/dotnet/fundamentals/code-analysis/style-rules/ide0055) [C:\UserWorx\VSWorx\ServoStudio\wpfui-servoStudio\samples\Wpf.Ui.servoStudio\servoStudio_wjhet5xd_wpftmp.csproj]
C:\UserWorx\VSWorx\ServoStudio\wpfui-servoStudio\samples\Wpf.Ui.servoStudio\ViewModels\DashboardViewModel.cs(85,38): warning IDE0055: 淇鏍煎紡 (https://learn.microsoft.com/dotnet/fundamentals/code-analysis/style-rules/ide0055) [C:\UserWorx\VSWorx\ServoStudio\wpfui-servoStudio\samples\Wpf.Ui.servoStudio\servoStudio_wjhet5xd_wpftmp.csproj]
C:\UserWorx\VSWorx\ServoStudio\wpfui-servoStudio\samples\Wpf.Ui.servoStudio\ViewModels\DashboardViewModel.cs(132,87): warning IDE0055: 淇鏍煎紡 (https://learn.microsoft.com/dotnet/fundamentals/code-analysis/style-rules/ide0055) [C:\UserWorx\VSWorx\ServoStudio\wpfui-servoStudio\samples\Wpf.Ui.servoStudio\servoStudio_wjhet5xd_wpftmp.csproj]
C:\UserWorx\VSWorx\ServoStudio\wpfui-servoStudio\samples\Wpf.Ui.servoStudio\ViewModels\DashboardViewModel.cs(133,89): warning IDE0055: 淇鏍煎紡 (https://learn.microsoft.com/dotnet/fundamentals/code-analysis/style-rules/ide0055) [C:\UserWorx\VSWorx\ServoStudio\wpfui-servoStudio\samples\Wpf.Ui.servoStudio\servoStudio_wjhet5xd_wpftmp.csproj]
C:\UserWorx\VSWorx\ServoStudio\wpfui-servoStudio\samples\Wpf.Ui.servoStudio\ViewModels\DashboardViewModel.cs(134,93): warning IDE0055: 淇鏍煎紡 (https://learn.microsoft.com/dotnet/fundamentals/code-analysis/style-rules/ide0055) [C:\UserWorx\VSWorx\ServoStudio\wpfui-servoStudio\samples\Wpf.Ui.servoStudio\servoStudio_wjhet5xd_wpftmp.csproj]
C:\UserWorx\VSWorx\ServoStudio\wpfui-servoStudio\samples\Wpf.Ui.servoStudio\ViewModels\DashboardViewModel.cs(135,92): warning IDE0055: 淇鏍煎紡 (https://learn.microsoft.com/dotnet/fundamentals/code-analysis/style-rules/ide0055) [C:\UserWorx\VSWorx\ServoStudio\wpfui-servoStudio\samples\Wpf.Ui.servoStudio\servoStudio_wjhet5xd_wpftmp.csproj]
C:\UserWorx\VSWorx\ServoStudio\wpfui-servoStudio\samples\Wpf.Ui.servoStudio\ViewModels\DashboardViewModel.cs(136,85): warning IDE0055: 淇鏍煎紡 (https://learn.microsoft.com/dotnet/fundamentals/code-analysis/style-rules/ide0055) [C:\UserWorx\VSWorx\ServoStudio\wpfui-servoStudio\samples\Wpf.Ui.servoStudio\servoStudio_wjhet5xd_wpftmp.csproj]
C:\UserWorx\VSWorx\ServoStudio\wpfui-servoStudio\samples\Wpf.Ui.servoStudio\ViewModels\DashboardViewModel.cs(137,87): warning IDE0055: 淇鏍煎紡 (https://learn.microsoft.com/dotnet/fundamentals/code-analysis/style-rules/ide0055) [C:\UserWorx\VSWorx\ServoStudio\wpfui-servoStudio\samples\Wpf.Ui.servoStudio\servoStudio_wjhet5xd_wpftmp.csproj]
C:\UserWorx\VSWorx\ServoStudio\wpfui-servoStudio\samples\Wpf.Ui.servoStudio\ViewModels\DashboardViewModel.cs(138,87): warning IDE0055: 淇鏍煎紡 (https://learn.microsoft.com/dotnet/fundamentals/code-analysis/style-rules/ide0055) [C:\UserWorx\VSWorx\ServoStudio\wpfui-servoStudio\samples\Wpf.Ui.servoStudio\servoStudio_wjhet5xd_wpftmp.csproj]
C:\UserWorx\VSWorx\ServoStudio\wpfui-servoStudio\samples\Wpf.Ui.servoStudio\ViewModels\DashboardViewModel.cs(139,82): warning IDE0055: 淇鏍煎紡 (https://learn.microsoft.com/dotnet/fundamentals/code-analysis/style-rules/ide0055) [C:\UserWorx\VSWorx\ServoStudio\wpfui-servoStudio\samples\Wpf.Ui.servoStudio\servoStudio_wjhet5xd_wpftmp.csproj]
C:\UserWorx\VSWorx\ServoStudio\wpfui-servoStudio\samples\Wpf.Ui.servoStudio\ViewModels\DashboardViewModel.cs(140,80): warning IDE0055: 淇鏍煎紡 (https://learn.microsoft.com/dotnet/fundamentals/code-analysis/style-rules/ide0055) [C:\UserWorx\VSWorx\ServoStudio\wpfui-servoStudio\samples\Wpf.Ui.servoStudio\servoStudio_wjhet5xd_wpftmp.csproj]
C:\UserWorx\VSWorx\ServoStudio\wpfui-servoStudio\samples\Wpf.Ui.servoStudio\ViewModels\DashboardViewModel.cs(141,83): warning IDE0055: 淇鏍煎紡 (https://learn.microsoft.com/dotnet/fundamentals/code-analysis/style-rules/ide0055) [C:\UserWorx\VSWorx\ServoStudio\wpfui-servoStudio\samples\Wpf.Ui.servoStudio\servoStudio_wjhet5xd_wpftmp.csproj]
C:\UserWorx\VSWorx\ServoStudio\wpfui-servoStudio\samples\Wpf.Ui.servoStudio\ViewModels\DashboardViewModel.cs(149,12): warning IDE0055: 淇鏍煎紡 (https://learn.microsoft.com/dotnet/fundamentals/code-analysis/style-rules/ide0055) [C:\UserWorx\VSWorx\ServoStudio\wpfui-servoStudio\samples\Wpf.Ui.servoStudio\servoStudio_wjhet5xd_wpftmp.csproj]
C:\UserWorx\VSWorx\ServoStudio\wpfui-servoStudio\samples\Wpf.Ui.servoStudio\ViewModels\AppData\AppLogViewModel.cs(646,17): warning IDE0011: 鍚?鈥渋f鈥?璇彞娣诲姞澶ф嫭鍙枫€?(https://learn.microsoft.com/dotnet/fundamentals/code-analysis/style-rules/ide0011) [C:\UserWorx\VSWorx\ServoStudio\wpfui-servoStudio\samples\Wpf.Ui.servoStudio\servoStudio_wjhet5xd_wpftmp.csproj]
C:\UserWorx\VSWorx\ServoStudio\wpfui-servoStudio\samples\Wpf.Ui.servoStudio\ViewModels\AppData\AppLogViewModel.cs(650,17): warning IDE0011: 鍚?鈥渋f鈥?璇彞娣诲姞澶ф嫭鍙枫€?(https://learn.microsoft.com/dotnet/fundamentals/code-analysis/style-rules/ide0011) [C:\UserWorx\VSWorx\ServoStudio\wpfui-servoStudio\samples\Wpf.Ui.servoStudio\servoStudio_wjhet5xd_wpftmp.csproj]
C:\UserWorx\VSWorx\ServoStudio\wpfui-servoStudio\samples\Wpf.Ui.servoStudio\Views\Pages\FactoryPages\FrameFormatEditorPage.xaml.cs(397,13): warning IDE0011: 鍚?鈥渋f鈥?璇彞娣诲姞澶ф嫭鍙枫€?(https://learn.microsoft.com/dotnet/fundamentals/code-analysis/style-rules/ide0011) [C:\UserWorx\VSWorx\ServoStudio\wpfui-servoStudio\samples\Wpf.Ui.servoStudio\servoStudio_wjhet5xd_wpftmp.csproj]
C:\UserWorx\VSWorx\ServoStudio\wpfui-servoStudio\samples\Wpf.Ui.servoStudio\Views\Pages\FactoryPages\FrameFormatEditorPage.xaml.cs(401,13): warning IDE0011: 鍚?鈥渋f鈥?璇彞娣诲姞澶ф嫭鍙枫€?(https://learn.microsoft.com/dotnet/fundamentals/code-analysis/style-rules/ide0011) [C:\UserWorx\VSWorx\ServoStudio\wpfui-servoStudio\samples\Wpf.Ui.servoStudio\servoStudio_wjhet5xd_wpftmp.csproj]
C:\UserWorx\VSWorx\ServoStudio\wpfui-servoStudio\samples\Wpf.Ui.servoStudio\ViewModels\Tuning\AdvancedTuningViewModel.cs(51,48): warning IDE0011: 鍚?鈥渋f鈥?璇彞娣诲姞澶ф嫭鍙枫€?(https://learn.microsoft.com/dotnet/fundamentals/code-analysis/style-rules/ide0011) [C:\UserWorx\VSWorx\ServoStudio\wpfui-servoStudio\samples\Wpf.Ui.servoStudio\servoStudio_wjhet5xd_wpftmp.csproj]
C:\UserWorx\VSWorx\ServoStudio\wpfui-servoStudio\samples\Wpf.Ui.servoStudio\Views\Pages\FactoryPages\FrameFormatEditorPage.xaml.cs(415,13): warning IDE0011: 鍚?鈥渋f鈥?璇彞娣诲姞澶ф嫭鍙枫€?(https://learn.microsoft.com/dotnet/fundamentals/code-analysis/style-rules/ide0011) [C:\UserWorx\VSWorx\ServoStudio\wpfui-servoStudio\samples\Wpf.Ui.servoStudio\servoStudio_wjhet5xd_wpftmp.csproj]
C:\UserWorx\VSWorx\ServoStudio\wpfui-servoStudio\samples\Wpf.Ui.servoStudio\Views\Pages\FactoryPages\FrameFormatEditorPage.xaml.cs(413,18): warning IDE0008: 鐢ㄦ樉寮忕被鍨嬩唬鏇?"var" (https://learn.microsoft.com/dotnet/fundamentals/code-analysis/style-rules/ide0008) [C:\UserWorx\VSWorx\ServoStudio\wpfui-servoStudio\samples\Wpf.Ui.servoStudio\servoStudio_wjhet5xd_wpftmp.csproj]
C:\UserWorx\VSWorx\ServoStudio\wpfui-servoStudio\samples\Wpf.Ui.servoStudio\ViewModels\FaultInfoViewModel.cs(297,9): warning IDE0011: 鍚?鈥渇oreach鈥?璇彞娣诲姞澶ф嫭鍙枫€?(https://learn.microsoft.com/dotnet/fundamentals/code-analysis/style-rules/ide0011) [C:\UserWorx\VSWorx\ServoStudio\wpfui-servoStudio\samples\Wpf.Ui.servoStudio\servoStudio_wjhet5xd_wpftmp.csproj]
C:\UserWorx\VSWorx\ServoStudio\wpfui-servoStudio\samples\Wpf.Ui.servoStudio\ViewModels\Tuning\AdvancedTuningViewModel.cs(53,9): warning IDE0058: 姘歌繙涓嶄細浣跨敤琛ㄨ揪寮忓€?(https://learn.microsoft.com/dotnet/fundamentals/code-analysis/style-rules/ide0058) [C:\UserWorx\VSWorx\ServoStudio\wpfui-servoStudio\samples\Wpf.Ui.servoStudio\servoStudio_wjhet5xd_wpftmp.csproj]
C:\UserWorx\VSWorx\ServoStudio\wpfui-servoStudio\samples\Wpf.Ui.servoStudio\ViewModels\Tuning\AdvancedTuningViewModel.cs(54,9): warning IDE0058: 姘歌繙涓嶄細浣跨敤琛ㄨ揪寮忓€?(https://learn.microsoft.com/dotnet/fundamentals/code-analysis/style-rules/ide0058) [C:\UserWorx\VSWorx\ServoStudio\wpfui-servoStudio\samples\Wpf.Ui.servoStudio\servoStudio_wjhet5xd_wpftmp.csproj]
C:\UserWorx\VSWorx\ServoStudio\wpfui-servoStudio\samples\Wpf.Ui.servoStudio\ViewModels\Tuning\AdvancedTuningViewModel.cs(55,9): warning IDE0058: 姘歌繙涓嶄細浣跨敤琛ㄨ揪寮忓€?(https://learn.microsoft.com/dotnet/fundamentals/code-analysis/style-rules/ide0058) [C:\UserWorx\VSWorx\ServoStudio\wpfui-servoStudio\samples\Wpf.Ui.servoStudio\servoStudio_wjhet5xd_wpftmp.csproj]
C:\UserWorx\VSWorx\ServoStudio\wpfui-servoStudio\samples\Wpf.Ui.servoStudio\ViewModels\Tuning\AdvancedTuningViewModel.cs(56,9): warning IDE0058: 姘歌繙涓嶄細浣跨敤琛ㄨ揪寮忓€?(https://learn.microsoft.com/dotnet/fundamentals/code-analysis/style-rules/ide0058) [C:\UserWorx\VSWorx\ServoStudio\wpfui-servoStudio\samples\Wpf.Ui.servoStudio\servoStudio_wjhet5xd_wpftmp.csproj]
C:\UserWorx\VSWorx\ServoStudio\wpfui-servoStudio\samples\Wpf.Ui.servoStudio\ViewModels\Tuning\AdvancedTuningViewModel.cs(57,9): warning IDE0058: 姘歌繙涓嶄細浣跨敤琛ㄨ揪寮忓€?(https://learn.microsoft.com/dotnet/fundamentals/code-analysis/style-rules/ide0058) [C:\UserWorx\VSWorx\ServoStudio\wpfui-servoStudio\samples\Wpf.Ui.servoStudio\servoStudio_wjhet5xd_wpftmp.csproj]
C:\UserWorx\VSWorx\ServoStudio\wpfui-servoStudio\samples\Wpf.Ui.servoStudio\ViewModels\Tuning\AdvancedTuningViewModel.cs(58,9): warning IDE0058: 姘歌繙涓嶄細浣跨敤琛ㄨ揪寮忓€?(https://learn.microsoft.com/dotnet/fundamentals/code-analysis/style-rules/ide0058) [C:\UserWorx\VSWorx\ServoStudio\wpfui-servoStudio\samples\Wpf.Ui.servoStudio\servoStudio_wjhet5xd_wpftmp.csproj]
C:\UserWorx\VSWorx\ServoStudio\wpfui-servoStudio\samples\Wpf.Ui.servoStudio\ViewModels\Tuning\AdvancedTuningViewModel.cs(59,9): warning IDE0058: 姘歌繙涓嶄細浣跨敤琛ㄨ揪寮忓€?(https://learn.microsoft.com/dotnet/fundamentals/code-analysis/style-rules/ide0058) [C:\UserWorx\VSWorx\ServoStudio\wpfui-servoStudio\samples\Wpf.Ui.servoStudio\servoStudio_wjhet5xd_wpftmp.csproj]
C:\UserWorx\VSWorx\ServoStudio\wpfui-servoStudio\samples\Wpf.Ui.servoStudio\ViewModels\Tuning\AdvancedTuningViewModel.cs(60,9): warning IDE0058: 姘歌繙涓嶄細浣跨敤琛ㄨ揪寮忓€?(https://learn.microsoft.com/dotnet/fundamentals/code-analysis/style-rules/ide0058) [C:\UserWorx\VSWorx\ServoStudio\wpfui-servoStudio\samples\Wpf.Ui.servoStudio\servoStudio_wjhet5xd_wpftmp.csproj]
C:\UserWorx\VSWorx\ServoStudio\wpfui-servoStudio\samples\Wpf.Ui.servoStudio\ViewModels\Tuning\AdvancedTuningViewModel.cs(61,9): warning IDE0058: 姘歌繙涓嶄細浣跨敤琛ㄨ揪寮忓€?(https://learn.microsoft.com/dotnet/fundamentals/code-analysis/style-rules/ide0058) [C:\UserWorx\VSWorx\ServoStudio\wpfui-servoStudio\samples\Wpf.Ui.servoStudio\servoStudio_wjhet5xd_wpftmp.csproj]
C:\UserWorx\VSWorx\ServoStudio\wpfui-servoStudio\samples\Wpf.Ui.servoStudio\ViewModels\Tuning\AdvancedTuningViewModel.cs(62,9): warning IDE0058: 姘歌繙涓嶄細浣跨敤琛ㄨ揪寮忓€?(https://learn.microsoft.com/dotnet/fundamentals/code-analysis/style-rules/ide0058) [C:\UserWorx\VSWorx\ServoStudio\wpfui-servoStudio\samples\Wpf.Ui.servoStudio\servoStudio_wjhet5xd_wpftmp.csproj]
C:\UserWorx\VSWorx\ServoStudio\wpfui-servoStudio\samples\Wpf.Ui.servoStudio\ViewModels\Tuning\AdvancedTuningViewModel.cs(63,9): warning IDE0058: 姘歌繙涓嶄細浣跨敤琛ㄨ揪寮忓€?(https://learn.microsoft.com/dotnet/fundamentals/code-analysis/style-rules/ide0058) [C:\UserWorx\VSWorx\ServoStudio\wpfui-servoStudio\samples\Wpf.Ui.servoStudio\servoStudio_wjhet5xd_wpftmp.csproj]
C:\UserWorx\VSWorx\ServoStudio\wpfui-servoStudio\samples\Wpf.Ui.servoStudio\ViewModels\Tuning\AdvancedTuningViewModel.cs(64,9): warning IDE0058: 姘歌繙涓嶄細浣跨敤琛ㄨ揪寮忓€?(https://learn.microsoft.com/dotnet/fundamentals/code-analysis/style-rules/ide0058) [C:\UserWorx\VSWorx\ServoStudio\wpfui-servoStudio\samples\Wpf.Ui.servoStudio\servoStudio_wjhet5xd_wpftmp.csproj]
C:\UserWorx\VSWorx\ServoStudio\wpfui-servoStudio\samples\Wpf.Ui.servoStudio\ViewModels\Tuning\AdvancedTuningViewModel.cs(65,9): warning IDE0058: 姘歌繙涓嶄細浣跨敤琛ㄨ揪寮忓€?(https://learn.microsoft.com/dotnet/fundamentals/code-analysis/style-rules/ide0058) [C:\UserWorx\VSWorx\ServoStudio\wpfui-servoStudio\samples\Wpf.Ui.servoStudio\servoStudio_wjhet5xd_wpftmp.csproj]
C:\UserWorx\VSWorx\ServoStudio\wpfui-servoStudio\samples\Wpf.Ui.servoStudio\ViewModels\Tuning\AdvancedTuningViewModel.cs(66,9): warning IDE0058: 姘歌繙涓嶄細浣跨敤琛ㄨ揪寮忓€?(https://learn.microsoft.com/dotnet/fundamentals/code-analysis/style-rules/ide0058) [C:\UserWorx\VSWorx\ServoStudio\wpfui-servoStudio\samples\Wpf.Ui.servoStudio\servoStudio_wjhet5xd_wpftmp.csproj]
C:\UserWorx\VSWorx\ServoStudio\wpfui-servoStudio\samples\Wpf.Ui.servoStudio\ViewModels\Tuning\AdvancedTuningViewModel.cs(67,9): warning IDE0058: 姘歌繙涓嶄細浣跨敤琛ㄨ揪寮忓€?(https://learn.microsoft.com/dotnet/fundamentals/code-analysis/style-rules/ide0058) [C:\UserWorx\VSWorx\ServoStudio\wpfui-servoStudio\samples\Wpf.Ui.servoStudio\servoStudio_wjhet5xd_wpftmp.csproj]
C:\UserWorx\VSWorx\ServoStudio\wpfui-servoStudio\samples\Wpf.Ui.servoStudio\ViewModels\Tuning\AdvancedTuningViewModel.cs(68,9): warning IDE0058: 姘歌繙涓嶄細浣跨敤琛ㄨ揪寮忓€?(https://learn.microsoft.com/dotnet/fundamentals/code-analysis/style-rules/ide0058) [C:\UserWorx\VSWorx\ServoStudio\wpfui-servoStudio\samples\Wpf.Ui.servoStudio\servoStudio_wjhet5xd_wpftmp.csproj]
C:\UserWorx\VSWorx\ServoStudio\wpfui-servoStudio\samples\Wpf.Ui.servoStudio\ViewModels\Tuning\AdvancedTuningViewModel.cs(69,9): warning IDE0058: 姘歌繙涓嶄細浣跨敤琛ㄨ揪寮忓€?(https://learn.microsoft.com/dotnet/fundamentals/code-analysis/style-rules/ide0058) [C:\UserWorx\VSWorx\ServoStudio\wpfui-servoStudio\samples\Wpf.Ui.servoStudio\servoStudio_wjhet5xd_wpftmp.csproj]
C:\UserWorx\VSWorx\ServoStudio\wpfui-servoStudio\samples\Wpf.Ui.servoStudio\ViewModels\Hardware\MotorViewModel.cs(273,9): warning IDE0011: 鍚?鈥渋f鈥?璇彞娣诲姞澶ф嫭鍙枫€?(https://learn.microsoft.com/dotnet/fundamentals/code-analysis/style-rules/ide0011) [C:\UserWorx\VSWorx\ServoStudio\wpfui-servoStudio\samples\Wpf.Ui.servoStudio\servoStudio_wjhet5xd_wpftmp.csproj]
C:\UserWorx\VSWorx\ServoStudio\wpfui-servoStudio\samples\Wpf.Ui.servoStudio\ViewModels\FaultInfoViewModel.cs(324,9): warning IDE0011: 鍚?鈥渇oreach鈥?璇彞娣诲姞澶ф嫭鍙枫€?(https://learn.microsoft.com/dotnet/fundamentals/code-analysis/style-rules/ide0011) [C:\UserWorx\VSWorx\ServoStudio\wpfui-servoStudio\samples\Wpf.Ui.servoStudio\servoStudio_wjhet5xd_wpftmp.csproj]
C:\UserWorx\VSWorx\ServoStudio\wpfui-servoStudio\samples\Wpf.Ui.servoStudio\ViewModels\AppData\AppLogViewModel.cs(734,9): warning CA1065: Dispose 鍒涘缓 NotImplementedException 绫诲瀷鐨勫紓甯搞€備笉搴斿湪杩欑绫诲瀷鐨勬柟娉曚腑寮曞彂寮傚父銆傚鏋滄湁鍙兘浼氬紩鍙戞寮傚父瀹炰緥锛岃鏇存敼璇ユ柟娉曠殑閫昏緫锛屼娇瀹冧笉鍐嶅紩鍙戝紓甯搞€?(https://learn.microsoft.com/dotnet/fundamentals/code-analysis/quality-rules/ca1065) [C:\UserWorx\VSWorx\ServoStudio\wpfui-servoStudio\samples\Wpf.Ui.servoStudio\servoStudio_wjhet5xd_wpftmp.csproj]
C:\UserWorx\VSWorx\ServoStudio\wpfui-servoStudio\samples\Wpf.Ui.servoStudio\ViewModels\AppData\AppLogViewModel.cs(732,21): warning CA1063: 淇敼鈥淎ppLogViewModel.Dispose鈥濓紝浣垮叾璋冪敤 Dispose(true)锛屽啀瀵瑰綋鍓嶅璞″疄渚嬭皟鐢?GC.SuppressFinalize (Visual Basic 涓殑鈥滄椤光€濇垨鈥滄垜鈥?锛岀劧鍚庤繑鍥?(https://learn.microsoft.com/dotnet/fundamentals/code-analysis/quality-rules/ca1063) [C:\UserWorx\VSWorx\ServoStudio\wpfui-servoStudio\samples\Wpf.Ui.servoStudio\servoStudio_wjhet5xd_wpftmp.csproj]
C:\UserWorx\VSWorx\ServoStudio\wpfui-servoStudio\samples\Wpf.Ui.servoStudio\ViewModels\FaultInfoViewModel.cs(353,9): warning IDE0011: 鍚?鈥渋f鈥?璇彞娣诲姞澶ф嫭鍙枫€?(https://learn.microsoft.com/dotnet/fundamentals/code-analysis/style-rules/ide0011) [C:\UserWorx\VSWorx\ServoStudio\wpfui-servoStudio\samples\Wpf.Ui.servoStudio\servoStudio_wjhet5xd_wpftmp.csproj]
C:\UserWorx\VSWorx\ServoStudio\wpfui-servoStudio\samples\Wpf.Ui.servoStudio\ViewModels\Factory\FactoryViewModel.cs(180,9): warning IDE0011: 鍚?鈥渋f鈥?璇彞娣诲姞澶ф嫭鍙枫€?(https://learn.microsoft.com/dotnet/fundamentals/code-analysis/style-rules/ide0011) [C:\UserWorx\VSWorx\ServoStudio\wpfui-servoStudio\samples\Wpf.Ui.servoStudio\servoStudio_wjhet5xd_wpftmp.csproj]
C:\UserWorx\VSWorx\ServoStudio\wpfui-servoStudio\samples\Wpf.Ui.servoStudio\ViewModels\Factory\FactoryViewModel.cs(202,9): warning IDE0011: 鍚?鈥渋f鈥?璇彞娣诲姞澶ф嫭鍙枫€?(https://learn.microsoft.com/dotnet/fundamentals/code-analysis/style-rules/ide0011) [C:\UserWorx\VSWorx\ServoStudio\wpfui-servoStudio\samples\Wpf.Ui.servoStudio\servoStudio_wjhet5xd_wpftmp.csproj]
C:\UserWorx\VSWorx\ServoStudio\wpfui-servoStudio\samples\Wpf.Ui.servoStudio\ViewModels\DeviceSet\BusDiagnosticsViewModel.cs(65,32): warning IDE0055: 淇鏍煎紡 (https://learn.microsoft.com/dotnet/fundamentals/code-analysis/style-rules/ide0055) [C:\UserWorx\VSWorx\ServoStudio\wpfui-servoStudio\samples\Wpf.Ui.servoStudio\servoStudio_wjhet5xd_wpftmp.csproj]
C:\UserWorx\VSWorx\ServoStudio\wpfui-servoStudio\samples\Wpf.Ui.servoStudio\ViewModels\DeviceSet\BusDiagnosticsViewModel.cs(392,23): warning IDE0055: 淇鏍煎紡 (https://learn.microsoft.com/dotnet/fundamentals/code-analysis/style-rules/ide0055) [C:\UserWorx\VSWorx\ServoStudio\wpfui-servoStudio\samples\Wpf.Ui.servoStudio\servoStudio_wjhet5xd_wpftmp.csproj]
C:\UserWorx\VSWorx\ServoStudio\wpfui-servoStudio\samples\Wpf.Ui.servoStudio\ViewModels\DeviceSet\BusDiagnosticsViewModel.cs(436,20): warning IDE0055: 淇鏍煎紡 (https://learn.microsoft.com/dotnet/fundamentals/code-analysis/style-rules/ide0055) [C:\UserWorx\VSWorx\ServoStudio\wpfui-servoStudio\samples\Wpf.Ui.servoStudio\servoStudio_wjhet5xd_wpftmp.csproj]
C:\UserWorx\VSWorx\ServoStudio\wpfui-servoStudio\samples\Wpf.Ui.servoStudio\ViewModels\DeviceSet\BusDiagnosticsViewModel.cs(436,22): warning IDE0055: 淇鏍煎紡 (https://learn.microsoft.com/dotnet/fundamentals/code-analysis/style-rules/ide0055) [C:\UserWorx\VSWorx\ServoStudio\wpfui-servoStudio\samples\Wpf.Ui.servoStudio\servoStudio_wjhet5xd_wpftmp.csproj]
C:\UserWorx\VSWorx\ServoStudio\wpfui-servoStudio\samples\Wpf.Ui.servoStudio\ViewModels\DeviceSet\BusDiagnosticsViewModel.cs(436,39): warning IDE0055: 淇鏍煎紡 (https://learn.microsoft.com/dotnet/fundamentals/code-analysis/style-rules/ide0055) [C:\UserWorx\VSWorx\ServoStudio\wpfui-servoStudio\samples\Wpf.Ui.servoStudio\servoStudio_wjhet5xd_wpftmp.csproj]
C:\UserWorx\VSWorx\ServoStudio\wpfui-servoStudio\samples\Wpf.Ui.servoStudio\ViewModels\DeviceSet\BusDiagnosticsViewModel.cs(491,27): warning IDE0055: 淇鏍煎紡 (https://learn.microsoft.com/dotnet/fundamentals/code-analysis/style-rules/ide0055) [C:\UserWorx\VSWorx\ServoStudio\wpfui-servoStudio\samples\Wpf.Ui.servoStudio\servoStudio_wjhet5xd_wpftmp.csproj]
C:\UserWorx\VSWorx\ServoStudio\wpfui-servoStudio\samples\Wpf.Ui.servoStudio\ViewModels\DeviceSet\BusDiagnosticsViewModel.cs(492,27): warning IDE0055: 淇鏍煎紡 (https://learn.microsoft.com/dotnet/fundamentals/code-analysis/style-rules/ide0055) [C:\UserWorx\VSWorx\ServoStudio\wpfui-servoStudio\samples\Wpf.Ui.servoStudio\servoStudio_wjhet5xd_wpftmp.csproj]
C:\UserWorx\VSWorx\ServoStudio\wpfui-servoStudio\samples\Wpf.Ui.servoStudio\ViewModels\DeviceSet\BusDiagnosticsViewModel.cs(493,25): warning IDE0055: 淇鏍煎紡 (https://learn.microsoft.com/dotnet/fundamentals/code-analysis/style-rules/ide0055) [C:\UserWorx\VSWorx\ServoStudio\wpfui-servoStudio\samples\Wpf.Ui.servoStudio\servoStudio_wjhet5xd_wpftmp.csproj]
C:\UserWorx\VSWorx\ServoStudio\wpfui-servoStudio\samples\Wpf.Ui.servoStudio\ViewModels\DeviceSet\BusDiagnosticsViewModel.cs(494,27): warning IDE0055: 淇鏍煎紡 (https://learn.microsoft.com/dotnet/fundamentals/code-analysis/style-rules/ide0055) [C:\UserWorx\VSWorx\ServoStudio\wpfui-servoStudio\samples\Wpf.Ui.servoStudio\servoStudio_wjhet5xd_wpftmp.csproj]
C:\UserWorx\VSWorx\ServoStudio\wpfui-servoStudio\samples\Wpf.Ui.servoStudio\ViewModels\DeviceSet\BusDiagnosticsViewModel.cs(560,16): warning IDE0055: 淇鏍煎紡 (https://learn.microsoft.com/dotnet/fundamentals/code-analysis/style-rules/ide0055) [C:\UserWorx\VSWorx\ServoStudio\wpfui-servoStudio\samples\Wpf.Ui.servoStudio\servoStudio_wjhet5xd_wpftmp.csproj]
C:\UserWorx\VSWorx\ServoStudio\wpfui-servoStudio\samples\Wpf.Ui.servoStudio\ViewModels\DeviceSet\BusDiagnosticsViewModel.cs(560,18): warning IDE0055: 淇鏍煎紡 (https://learn.microsoft.com/dotnet/fundamentals/code-analysis/style-rules/ide0055) [C:\UserWorx\VSWorx\ServoStudio\wpfui-servoStudio\samples\Wpf.Ui.servoStudio\servoStudio_wjhet5xd_wpftmp.csproj]
C:\UserWorx\VSWorx\ServoStudio\wpfui-servoStudio\samples\Wpf.Ui.servoStudio\ViewModels\DeviceSet\BusDiagnosticsViewModel.cs(560,55): warning IDE0055: 淇鏍煎紡 (https://learn.microsoft.com/dotnet/fundamentals/code-analysis/style-rules/ide0055) [C:\UserWorx\VSWorx\ServoStudio\wpfui-servoStudio\samples\Wpf.Ui.servoStudio\servoStudio_wjhet5xd_wpftmp.csproj]
C:\UserWorx\VSWorx\ServoStudio\wpfui-servoStudio\samples\Wpf.Ui.servoStudio\ViewModels\DeviceSet\BusDiagnosticsViewModel.cs(630,30): warning IDE0055: 淇鏍煎紡 (https://learn.microsoft.com/dotnet/fundamentals/code-analysis/style-rules/ide0055) [C:\UserWorx\VSWorx\ServoStudio\wpfui-servoStudio\samples\Wpf.Ui.servoStudio\servoStudio_wjhet5xd_wpftmp.csproj]
C:\UserWorx\VSWorx\ServoStudio\wpfui-servoStudio\samples\Wpf.Ui.servoStudio\ViewModels\DeviceSet\BusDiagnosticsViewModel.cs(645,30): warning IDE0055: 淇鏍煎紡 (https://learn.microsoft.com/dotnet/fundamentals/code-analysis/style-rules/ide0055) [C:\UserWorx\VSWorx\ServoStudio\wpfui-servoStudio\samples\Wpf.Ui.servoStudio\servoStudio_wjhet5xd_wpftmp.csproj]
C:\UserWorx\VSWorx\ServoStudio\wpfui-servoStudio\samples\Wpf.Ui.servoStudio\ViewModels\DeviceSet\BusDiagnosticsViewModel.cs(660,47): warning IDE0055: 淇鏍煎紡 (https://learn.microsoft.com/dotnet/fundamentals/code-analysis/style-rules/ide0055) [C:\UserWorx\VSWorx\ServoStudio\wpfui-servoStudio\samples\Wpf.Ui.servoStudio\servoStudio_wjhet5xd_wpftmp.csproj]
C:\UserWorx\VSWorx\ServoStudio\wpfui-servoStudio\samples\Wpf.Ui.servoStudio\ViewModels\DeviceSet\BusDiagnosticsViewModel.cs(664,23): warning IDE0055: 淇鏍煎紡 (https://learn.microsoft.com/dotnet/fundamentals/code-analysis/style-rules/ide0055) [C:\UserWorx\VSWorx\ServoStudio\wpfui-servoStudio\samples\Wpf.Ui.servoStudio\servoStudio_wjhet5xd_wpftmp.csproj]
C:\UserWorx\VSWorx\ServoStudio\wpfui-servoStudio\samples\Wpf.Ui.servoStudio\ViewModels\DeviceSet\BusDiagnosticsViewModel.cs(797,42): warning IDE0055: 淇鏍煎紡 (https://learn.microsoft.com/dotnet/fundamentals/code-analysis/style-rules/ide0055) [C:\UserWorx\VSWorx\ServoStudio\wpfui-servoStudio\samples\Wpf.Ui.servoStudio\servoStudio_wjhet5xd_wpftmp.csproj]
C:\UserWorx\VSWorx\ServoStudio\wpfui-servoStudio\samples\Wpf.Ui.servoStudio\ViewModels\DeviceSet\BusDiagnosticsViewModel.cs(799,43): warning IDE0055: 淇鏍煎紡 (https://learn.microsoft.com/dotnet/fundamentals/code-analysis/style-rules/ide0055) [C:\UserWorx\VSWorx\ServoStudio\wpfui-servoStudio\samples\Wpf.Ui.servoStudio\servoStudio_wjhet5xd_wpftmp.csproj]
C:\UserWorx\VSWorx\ServoStudio\wpfui-servoStudio\samples\Wpf.Ui.servoStudio\ViewModels\DeviceSet\BusDiagnosticsViewModel.cs(803,50): warning IDE0055: 淇鏍煎紡 (https://learn.microsoft.com/dotnet/fundamentals/code-analysis/style-rules/ide0055) [C:\UserWorx\VSWorx\ServoStudio\wpfui-servoStudio\samples\Wpf.Ui.servoStudio\servoStudio_wjhet5xd_wpftmp.csproj]
C:\UserWorx\VSWorx\ServoStudio\wpfui-servoStudio\samples\Wpf.Ui.servoStudio\ViewModels\DeviceSet\BusDiagnosticsViewModel.cs(814,48): warning IDE0055: 淇鏍煎紡 (https://learn.microsoft.com/dotnet/fundamentals/code-analysis/style-rules/ide0055) [C:\UserWorx\VSWorx\ServoStudio\wpfui-servoStudio\samples\Wpf.Ui.servoStudio\servoStudio_wjhet5xd_wpftmp.csproj]
C:\UserWorx\VSWorx\ServoStudio\wpfui-servoStudio\samples\Wpf.Ui.servoStudio\ViewModels\DeviceSet\BusDiagnosticsViewModel.cs(816,45): warning IDE0055: 淇鏍煎紡 (https://learn.microsoft.com/dotnet/fundamentals/code-analysis/style-rules/ide0055) [C:\UserWorx\VSWorx\ServoStudio\wpfui-servoStudio\samples\Wpf.Ui.servoStudio\servoStudio_wjhet5xd_wpftmp.csproj]
C:\UserWorx\VSWorx\ServoStudio\wpfui-servoStudio\samples\Wpf.Ui.servoStudio\ViewModels\DeviceSet\BusDiagnosticsViewModel.cs(831,44): warning IDE0055: 淇鏍煎紡 (https://learn.microsoft.com/dotnet/fundamentals/code-analysis/style-rules/ide0055) [C:\UserWorx\VSWorx\ServoStudio\wpfui-servoStudio\samples\Wpf.Ui.servoStudio\servoStudio_wjhet5xd_wpftmp.csproj]
C:\UserWorx\VSWorx\ServoStudio\wpfui-servoStudio\samples\Wpf.Ui.servoStudio\ViewModels\DeviceSet\BusDiagnosticsViewModel.cs(836,22): warning IDE0055: 淇鏍煎紡 (https://learn.microsoft.com/dotnet/fundamentals/code-analysis/style-rules/ide0055) [C:\UserWorx\VSWorx\ServoStudio\wpfui-servoStudio\samples\Wpf.Ui.servoStudio\servoStudio_wjhet5xd_wpftmp.csproj]
C:\UserWorx\VSWorx\ServoStudio\wpfui-servoStudio\samples\Wpf.Ui.servoStudio\ViewModels\DeviceSet\BusDiagnosticsViewModel.cs(838,95): warning IDE0055: 淇鏍煎紡 (https://learn.microsoft.com/dotnet/fundamentals/code-analysis/style-rules/ide0055) [C:\UserWorx\VSWorx\ServoStudio\wpfui-servoStudio\samples\Wpf.Ui.servoStudio\servoStudio_wjhet5xd_wpftmp.csproj]
C:\UserWorx\VSWorx\ServoStudio\wpfui-servoStudio\samples\Wpf.Ui.servoStudio\ViewModels\DeviceSet\BusDiagnosticsViewModel.cs(839,97): warning IDE0055: 淇鏍煎紡 (https://learn.microsoft.com/dotnet/fundamentals/code-analysis/style-rules/ide0055) [C:\UserWorx\VSWorx\ServoStudio\wpfui-servoStudio\samples\Wpf.Ui.servoStudio\servoStudio_wjhet5xd_wpftmp.csproj]
C:\UserWorx\VSWorx\ServoStudio\wpfui-servoStudio\samples\Wpf.Ui.servoStudio\ViewModels\DeviceSet\BusDiagnosticsViewModel.cs(861,50): warning IDE0055: 淇鏍煎紡 (https://learn.microsoft.com/dotnet/fundamentals/code-analysis/style-rules/ide0055) [C:\UserWorx\VSWorx\ServoStudio\wpfui-servoStudio\samples\Wpf.Ui.servoStudio\servoStudio_wjhet5xd_wpftmp.csproj]
C:\UserWorx\VSWorx\ServoStudio\wpfui-servoStudio\samples\Wpf.Ui.servoStudio\ViewModels\DeviceSet\BusDiagnosticsViewModel.cs(862,50): warning IDE0055: 淇鏍煎紡 (https://learn.microsoft.com/dotnet/fundamentals/code-analysis/style-rules/ide0055) [C:\UserWorx\VSWorx\ServoStudio\wpfui-servoStudio\samples\Wpf.Ui.servoStudio\servoStudio_wjhet5xd_wpftmp.csproj]
C:\UserWorx\VSWorx\ServoStudio\wpfui-servoStudio\samples\Wpf.Ui.servoStudio\ViewModels\DeviceSet\BusDiagnosticsViewModel.cs(897,47): warning IDE0055: 淇鏍煎紡 (https://learn.microsoft.com/dotnet/fundamentals/code-analysis/style-rules/ide0055) [C:\UserWorx\VSWorx\ServoStudio\wpfui-servoStudio\samples\Wpf.Ui.servoStudio\servoStudio_wjhet5xd_wpftmp.csproj]
C:\UserWorx\VSWorx\ServoStudio\wpfui-servoStudio\samples\Wpf.Ui.servoStudio\ViewModels\DeviceSet\BusDiagnosticsViewModel.cs(898,47): warning IDE0055: 淇鏍煎紡 (https://learn.microsoft.com/dotnet/fundamentals/code-analysis/style-rules/ide0055) [C:\UserWorx\VSWorx\ServoStudio\wpfui-servoStudio\samples\Wpf.Ui.servoStudio\servoStudio_wjhet5xd_wpftmp.csproj]
C:\UserWorx\VSWorx\ServoStudio\wpfui-servoStudio\samples\Wpf.Ui.servoStudio\ViewModels\DeviceSet\BusDiagnosticsViewModel.cs(926,18): warning IDE0055: 淇鏍煎紡 (https://learn.microsoft.com/dotnet/fundamentals/code-analysis/style-rules/ide0055) [C:\UserWorx\VSWorx\ServoStudio\wpfui-servoStudio\samples\Wpf.Ui.servoStudio\servoStudio_wjhet5xd_wpftmp.csproj]
C:\UserWorx\VSWorx\ServoStudio\wpfui-servoStudio\samples\Wpf.Ui.servoStudio\ViewModels\DeviceSet\BusDiagnosticsViewModel.cs(928,18): warning IDE0055: 淇鏍煎紡 (https://learn.microsoft.com/dotnet/fundamentals/code-analysis/style-rules/ide0055) [C:\UserWorx\VSWorx\ServoStudio\wpfui-servoStudio\samples\Wpf.Ui.servoStudio\servoStudio_wjhet5xd_wpftmp.csproj]
C:\UserWorx\VSWorx\ServoStudio\wpfui-servoStudio\samples\Wpf.Ui.servoStudio\ViewModels\DeviceSet\BusDiagnosticsViewModel.cs(932,35): warning IDE0055: 淇鏍煎紡 (https://learn.microsoft.com/dotnet/fundamentals/code-analysis/style-rules/ide0055) [C:\UserWorx\VSWorx\ServoStudio\wpfui-servoStudio\samples\Wpf.Ui.servoStudio\servoStudio_wjhet5xd_wpftmp.csproj]
C:\UserWorx\VSWorx\ServoStudio\wpfui-servoStudio\samples\Wpf.Ui.servoStudio\ViewModels\DeviceSet\BusDiagnosticsViewModel.cs(933,35): warning IDE0055: 淇鏍煎紡 (https://learn.microsoft.com/dotnet/fundamentals/code-analysis/style-rules/ide0055) [C:\UserWorx\VSWorx\ServoStudio\wpfui-servoStudio\samples\Wpf.Ui.servoStudio\servoStudio_wjhet5xd_wpftmp.csproj]
C:\UserWorx\VSWorx\ServoStudio\wpfui-servoStudio\samples\Wpf.Ui.servoStudio\ViewModels\DeviceSet\BusDiagnosticsViewModel.cs(934,36): warning IDE0055: 淇鏍煎紡 (https://learn.microsoft.com/dotnet/fundamentals/code-analysis/style-rules/ide0055) [C:\UserWorx\VSWorx\ServoStudio\wpfui-servoStudio\samples\Wpf.Ui.servoStudio\servoStudio_wjhet5xd_wpftmp.csproj]
C:\UserWorx\VSWorx\ServoStudio\wpfui-servoStudio\samples\Wpf.Ui.servoStudio\ViewModels\DeviceSet\BusDiagnosticsViewModel.cs(935,40): warning IDE0055: 淇鏍煎紡 (https://learn.microsoft.com/dotnet/fundamentals/code-analysis/style-rules/ide0055) [C:\UserWorx\VSWorx\ServoStudio\wpfui-servoStudio\samples\Wpf.Ui.servoStudio\servoStudio_wjhet5xd_wpftmp.csproj]
C:\UserWorx\VSWorx\ServoStudio\wpfui-servoStudio\samples\Wpf.Ui.servoStudio\ViewModels\DeviceSet\BusDiagnosticsViewModel.cs(940,20): warning IDE0055: 淇鏍煎紡 (https://learn.microsoft.com/dotnet/fundamentals/code-analysis/style-rules/ide0055) [C:\UserWorx\VSWorx\ServoStudio\wpfui-servoStudio\samples\Wpf.Ui.servoStudio\servoStudio_wjhet5xd_wpftmp.csproj]
C:\UserWorx\VSWorx\ServoStudio\wpfui-servoStudio\samples\Wpf.Ui.servoStudio\ViewModels\DeviceSet\BusDiagnosticsViewModel.cs(940,37): warning IDE0055: 淇鏍煎紡 (https://learn.microsoft.com/dotnet/fundamentals/code-analysis/style-rules/ide0055) [C:\UserWorx\VSWorx\ServoStudio\wpfui-servoStudio\samples\Wpf.Ui.servoStudio\servoStudio_wjhet5xd_wpftmp.csproj]
C:\UserWorx\VSWorx\ServoStudio\wpfui-servoStudio\samples\Wpf.Ui.servoStudio\ViewModels\DeviceSet\BusDiagnosticsViewModel.cs(942,20): warning IDE0055: 淇鏍煎紡 (https://learn.microsoft.com/dotnet/fundamentals/code-analysis/style-rules/ide0055) [C:\UserWorx\VSWorx\ServoStudio\wpfui-servoStudio\samples\Wpf.Ui.servoStudio\servoStudio_wjhet5xd_wpftmp.csproj]
C:\UserWorx\VSWorx\ServoStudio\wpfui-servoStudio\samples\Wpf.Ui.servoStudio\ViewModels\DeviceSet\BusDiagnosticsViewModel.cs(942,37): warning IDE0055: 淇鏍煎紡 (https://learn.microsoft.com/dotnet/fundamentals/code-analysis/style-rules/ide0055) [C:\UserWorx\VSWorx\ServoStudio\wpfui-servoStudio\samples\Wpf.Ui.servoStudio\servoStudio_wjhet5xd_wpftmp.csproj]
C:\UserWorx\VSWorx\ServoStudio\wpfui-servoStudio\samples\Wpf.Ui.servoStudio\ViewModels\DeviceSet\BusDiagnosticsViewModel.cs(943,21): warning IDE0055: 淇鏍煎紡 (https://learn.microsoft.com/dotnet/fundamentals/code-analysis/style-rules/ide0055) [C:\UserWorx\VSWorx\ServoStudio\wpfui-servoStudio\samples\Wpf.Ui.servoStudio\servoStudio_wjhet5xd_wpftmp.csproj]
C:\UserWorx\VSWorx\ServoStudio\wpfui-servoStudio\samples\Wpf.Ui.servoStudio\ViewModels\DeviceSet\BusDiagnosticsViewModel.cs(943,41): warning IDE0055: 淇鏍煎紡 (https://learn.microsoft.com/dotnet/fundamentals/code-analysis/style-rules/ide0055) [C:\UserWorx\VSWorx\ServoStudio\wpfui-servoStudio\samples\Wpf.Ui.servoStudio\servoStudio_wjhet5xd_wpftmp.csproj]
C:\UserWorx\VSWorx\ServoStudio\wpfui-servoStudio\samples\Wpf.Ui.servoStudio\ViewModels\DeviceSet\BusDiagnosticsViewModel.cs(944,20): warning IDE0055: 淇鏍煎紡 (https://learn.microsoft.com/dotnet/fundamentals/code-analysis/style-rules/ide0055) [C:\UserWorx\VSWorx\ServoStudio\wpfui-servoStudio\samples\Wpf.Ui.servoStudio\servoStudio_wjhet5xd_wpftmp.csproj]
C:\UserWorx\VSWorx\ServoStudio\wpfui-servoStudio\samples\Wpf.Ui.servoStudio\ViewModels\DeviceSet\BusDiagnosticsViewModel.cs(944,40): warning IDE0055: 淇鏍煎紡 (https://learn.microsoft.com/dotnet/fundamentals/code-analysis/style-rules/ide0055) [C:\UserWorx\VSWorx\ServoStudio\wpfui-servoStudio\samples\Wpf.Ui.servoStudio\servoStudio_wjhet5xd_wpftmp.csproj]
C:\UserWorx\VSWorx\ServoStudio\wpfui-servoStudio\samples\Wpf.Ui.servoStudio\ViewModels\DeviceSet\BusDiagnosticsViewModel.cs(956,27): warning IDE0055: 淇鏍煎紡 (https://learn.microsoft.com/dotnet/fundamentals/code-analysis/style-rules/ide0055) [C:\UserWorx\VSWorx\ServoStudio\wpfui-servoStudio\samples\Wpf.Ui.servoStudio\servoStudio_wjhet5xd_wpftmp.csproj]
C:\UserWorx\VSWorx\ServoStudio\wpfui-servoStudio\samples\Wpf.Ui.servoStudio\ViewModels\DeviceSet\BusDiagnosticsViewModel.cs(274,9): warning IDE2003: 鍧椾笌鍚庣画璇彞涔嬮棿闇€瑕佹湁绌虹櫧琛?(https://learn.microsoft.com/dotnet/fundamentals/code-analysis/style-rules/ide2003) [C:\UserWorx\VSWorx\ServoStudio\wpfui-servoStudio\samples\Wpf.Ui.servoStudio\servoStudio_wjhet5xd_wpftmp.csproj]
C:\UserWorx\VSWorx\ServoStudio\wpfui-servoStudio\samples\Wpf.Ui.servoStudio\ViewModels\DeviceSet\BusDiagnosticsViewModel.cs(385,9): warning IDE2003: 鍧椾笌鍚庣画璇彞涔嬮棿闇€瑕佹湁绌虹櫧琛?(https://learn.microsoft.com/dotnet/fundamentals/code-analysis/style-rules/ide2003) [C:\UserWorx\VSWorx\ServoStudio\wpfui-servoStudio\samples\Wpf.Ui.servoStudio\servoStudio_wjhet5xd_wpftmp.csproj]
C:\UserWorx\VSWorx\ServoStudio\wpfui-servoStudio\samples\Wpf.Ui.servoStudio\ViewModels\DeviceSet\BusDiagnosticsViewModel.cs(667,9): warning IDE2003: 鍧椾笌鍚庣画璇彞涔嬮棿闇€瑕佹湁绌虹櫧琛?(https://learn.microsoft.com/dotnet/fundamentals/code-analysis/style-rules/ide2003) [C:\UserWorx\VSWorx\ServoStudio\wpfui-servoStudio\samples\Wpf.Ui.servoStudio\servoStudio_wjhet5xd_wpftmp.csproj]
C:\UserWorx\VSWorx\ServoStudio\wpfui-servoStudio\samples\Wpf.Ui.servoStudio\ViewModels\DeviceSet\BusDiagnosticsViewModel.cs(724,13): warning IDE2003: 鍧椾笌鍚庣画璇彞涔嬮棿闇€瑕佹湁绌虹櫧琛?(https://learn.microsoft.com/dotnet/fundamentals/code-analysis/style-rules/ide2003) [C:\UserWorx\VSWorx\ServoStudio\wpfui-servoStudio\samples\Wpf.Ui.servoStudio\servoStudio_wjhet5xd_wpftmp.csproj]
C:\UserWorx\VSWorx\ServoStudio\wpfui-servoStudio\samples\Wpf.Ui.servoStudio\ViewModels\DeviceSet\BusDiagnosticsViewModel.cs(761,9): warning IDE2003: 鍧椾笌鍚庣画璇彞涔嬮棿闇€瑕佹湁绌虹櫧琛?(https://learn.microsoft.com/dotnet/fundamentals/code-analysis/style-rules/ide2003) [C:\UserWorx\VSWorx\ServoStudio\wpfui-servoStudio\samples\Wpf.Ui.servoStudio\servoStudio_wjhet5xd_wpftmp.csproj]
C:\UserWorx\VSWorx\ServoStudio\wpfui-servoStudio\samples\Wpf.Ui.servoStudio\ViewModels\DeviceSet\BusDiagnosticsViewModel.cs(863,17): warning IDE2003: 鍧椾笌鍚庣画璇彞涔嬮棿闇€瑕佹湁绌虹櫧琛?(https://learn.microsoft.com/dotnet/fundamentals/code-analysis/style-rules/ide2003) [C:\UserWorx\VSWorx\ServoStudio\wpfui-servoStudio\samples\Wpf.Ui.servoStudio\servoStudio_wjhet5xd_wpftmp.csproj]
C:\UserWorx\VSWorx\ServoStudio\wpfui-servoStudio\samples\Wpf.Ui.servoStudio\ViewModels\DeviceSet\BusDiagnosticsViewModel.cs(899,9): warning IDE2003: 鍧椾笌鍚庣画璇彞涔嬮棿闇€瑕佹湁绌虹櫧琛?(https://learn.microsoft.com/dotnet/fundamentals/code-analysis/style-rules/ide2003) [C:\UserWorx\VSWorx\ServoStudio\wpfui-servoStudio\samples\Wpf.Ui.servoStudio\servoStudio_wjhet5xd_wpftmp.csproj]
C:\UserWorx\VSWorx\ServoStudio\wpfui-servoStudio\samples\Wpf.Ui.servoStudio\ViewModels\FaultInfoViewModel.cs(411,9): warning IDE0011: 鍚?鈥渋f鈥?璇彞娣诲姞澶ф嫭鍙枫€?(https://learn.microsoft.com/dotnet/fundamentals/code-analysis/style-rules/ide0011) [C:\UserWorx\VSWorx\ServoStudio\wpfui-servoStudio\samples\Wpf.Ui.servoStudio\servoStudio_wjhet5xd_wpftmp.csproj]
C:\UserWorx\VSWorx\ServoStudio\wpfui-servoStudio\samples\Wpf.Ui.servoStudio\ViewModels\FaultInfoViewModel.cs(412,9): warning IDE0011: 鍚?鈥渋f鈥?璇彞娣诲姞澶ф嫭鍙枫€?(https://learn.microsoft.com/dotnet/fundamentals/code-analysis/style-rules/ide0011) [C:\UserWorx\VSWorx\ServoStudio\wpfui-servoStudio\samples\Wpf.Ui.servoStudio\servoStudio_wjhet5xd_wpftmp.csproj]
C:\UserWorx\VSWorx\ServoStudio\wpfui-servoStudio\samples\Wpf.Ui.servoStudio\ViewModels\FaultInfoViewModel.cs(413,9): warning IDE0011: 鍚?鈥渋f鈥?璇彞娣诲姞澶ф嫭鍙枫€?(https://learn.microsoft.com/dotnet/fundamentals/code-analysis/style-rules/ide0011) [C:\UserWorx\VSWorx\ServoStudio\wpfui-servoStudio\samples\Wpf.Ui.servoStudio\servoStudio_wjhet5xd_wpftmp.csproj]
C:\UserWorx\VSWorx\ServoStudio\wpfui-servoStudio\samples\Wpf.Ui.servoStudio\ViewModels\FaultInfoViewModel.cs(414,9): warning IDE0011: 鍚?鈥渋f鈥?璇彞娣诲姞澶ф嫭鍙枫€?(https://learn.microsoft.com/dotnet/fundamentals/code-analysis/style-rules/ide0011) [C:\UserWorx\VSWorx\ServoStudio\wpfui-servoStudio\samples\Wpf.Ui.servoStudio\servoStudio_wjhet5xd_wpftmp.csproj]
C:\UserWorx\VSWorx\ServoStudio\wpfui-servoStudio\samples\Wpf.Ui.servoStudio\ViewModels\FaultInfoViewModel.cs(415,9): warning IDE0011: 鍚?鈥渋f鈥?璇彞娣诲姞澶ф嫭鍙枫€?(https://learn.microsoft.com/dotnet/fundamentals/code-analysis/style-rules/ide0011) [C:\UserWorx\VSWorx\ServoStudio\wpfui-servoStudio\samples\Wpf.Ui.servoStudio\servoStudio_wjhet5xd_wpftmp.csproj]
C:\UserWorx\VSWorx\ServoStudio\wpfui-servoStudio\samples\Wpf.Ui.servoStudio\ViewModels\FaultInfoViewModel.cs(416,9): warning IDE0011: 鍚?鈥渋f鈥?璇彞娣诲姞澶ф嫭鍙枫€?(https://learn.microsoft.com/dotnet/fundamentals/code-analysis/style-rules/ide0011) [C:\UserWorx\VSWorx\ServoStudio\wpfui-servoStudio\samples\Wpf.Ui.servoStudio\servoStudio_wjhet5xd_wpftmp.csproj]
C:\UserWorx\VSWorx\ServoStudio\wpfui-servoStudio\samples\Wpf.Ui.servoStudio\ViewModels\FaultInfoViewModel.cs(417,9): warning IDE0011: 鍚?鈥渋f鈥?璇彞娣诲姞澶ф嫭鍙枫€?(https://learn.microsoft.com/dotnet/fundamentals/code-analysis/style-rules/ide0011) [C:\UserWorx\VSWorx\ServoStudio\wpfui-servoStudio\samples\Wpf.Ui.servoStudio\servoStudio_wjhet5xd_wpftmp.csproj]
C:\UserWorx\VSWorx\ServoStudio\wpfui-servoStudio\samples\Wpf.Ui.servoStudio\ViewModels\FaultInfoViewModel.cs(418,9): warning IDE0011: 鍚?鈥渋f鈥?璇彞娣诲姞澶ф嫭鍙枫€?(https://learn.microsoft.com/dotnet/fundamentals/code-analysis/style-rules/ide0011) [C:\UserWorx\VSWorx\ServoStudio\wpfui-servoStudio\samples\Wpf.Ui.servoStudio\servoStudio_wjhet5xd_wpftmp.csproj]
C:\UserWorx\VSWorx\ServoStudio\wpfui-servoStudio\samples\Wpf.Ui.servoStudio\ViewModels\FaultInfoViewModel.cs(419,9): warning IDE0011: 鍚?鈥渋f鈥?璇彞娣诲姞澶ф嫭鍙枫€?(https://learn.microsoft.com/dotnet/fundamentals/code-analysis/style-rules/ide0011) [C:\UserWorx\VSWorx\ServoStudio\wpfui-servoStudio\samples\Wpf.Ui.servoStudio\servoStudio_wjhet5xd_wpftmp.csproj]
C:\UserWorx\VSWorx\ServoStudio\wpfui-servoStudio\samples\Wpf.Ui.servoStudio\ViewModels\FaultInfoViewModel.cs(420,9): warning IDE0011: 鍚?鈥渋f鈥?璇彞娣诲姞澶ф嫭鍙枫€?(https://learn.microsoft.com/dotnet/fundamentals/code-analysis/style-rules/ide0011) [C:\UserWorx\VSWorx\ServoStudio\wpfui-servoStudio\samples\Wpf.Ui.servoStudio\servoStudio_wjhet5xd_wpftmp.csproj]
C:\UserWorx\VSWorx\ServoStudio\wpfui-servoStudio\samples\Wpf.Ui.servoStudio\ViewModels\Hardware\MotorViewModel.cs(361,9): warning IDE0058: 姘歌繙涓嶄細浣跨敤琛ㄨ揪寮忓€?(https://learn.microsoft.com/dotnet/fundamentals/code-analysis/style-rules/ide0058) [C:\UserWorx\VSWorx\ServoStudio\wpfui-servoStudio\samples\Wpf.Ui.servoStudio\servoStudio_wjhet5xd_wpftmp.csproj]
C:\UserWorx\VSWorx\ServoStudio\wpfui-servoStudio\samples\Wpf.Ui.servoStudio\ViewModels\Motion\MotionTypeViewModel.cs(165,21): warning IDE0011: 鍚?鈥渋f鈥?璇彞娣诲姞澶ф嫭鍙枫€?(https://learn.microsoft.com/dotnet/fundamentals/code-analysis/style-rules/ide0011) [C:\UserWorx\VSWorx\ServoStudio\wpfui-servoStudio\samples\Wpf.Ui.servoStudio\servoStudio_wjhet5xd_wpftmp.csproj]
C:\UserWorx\VSWorx\ServoStudio\wpfui-servoStudio\samples\Wpf.Ui.servoStudio\ViewModels\Motion\MotionTypeViewModel.cs(166,26): warning IDE0011: 鍚?鈥渋f鈥?璇彞娣诲姞澶ф嫭鍙枫€?(https://learn.microsoft.com/dotnet/fundamentals/code-analysis/style-rules/ide0011) [C:\UserWorx\VSWorx\ServoStudio\wpfui-servoStudio\samples\Wpf.Ui.servoStudio\servoStudio_wjhet5xd_wpftmp.csproj]
C:\UserWorx\VSWorx\ServoStudio\wpfui-servoStudio\samples\Wpf.Ui.servoStudio\ViewModels\Motion\MotionTypeViewModel.cs(192,9): warning IDE0011: 鍚?鈥渋f鈥?璇彞娣诲姞澶ф嫭鍙枫€?(https://learn.microsoft.com/dotnet/fundamentals/code-analysis/style-rules/ide0011) [C:\UserWorx\VSWorx\ServoStudio\wpfui-servoStudio\samples\Wpf.Ui.servoStudio\servoStudio_wjhet5xd_wpftmp.csproj]
C:\UserWorx\VSWorx\ServoStudio\wpfui-servoStudio\samples\Wpf.Ui.servoStudio\ViewModels\Motion\MotionTypeViewModel.cs(194,9): warning IDE0011: 鍚?鈥渋f鈥?璇彞娣诲姞澶ф嫭鍙枫€?(https://learn.microsoft.com/dotnet/fundamentals/code-analysis/style-rules/ide0011) [C:\UserWorx\VSWorx\ServoStudio\wpfui-servoStudio\samples\Wpf.Ui.servoStudio\servoStudio_wjhet5xd_wpftmp.csproj]
C:\UserWorx\VSWorx\ServoStudio\wpfui-servoStudio\samples\Wpf.Ui.servoStudio\ViewModels\ControlViewModel.cs(161,13): warning IDE0011: 鍚?鈥渋f鈥?璇彞娣诲姞澶ф嫭鍙枫€?(https://learn.microsoft.com/dotnet/fundamentals/code-analysis/style-rules/ide0011) [C:\UserWorx\VSWorx\ServoStudio\wpfui-servoStudio\samples\Wpf.Ui.servoStudio\servoStudio_wjhet5xd_wpftmp.csproj]
C:\UserWorx\VSWorx\ServoStudio\wpfui-servoStudio\samples\Wpf.Ui.servoStudio\ViewModels\ControlViewModel.cs(167,9): warning IDE0011: 鍚?鈥渋f鈥?璇彞娣诲姞澶ф嫭鍙枫€?(https://learn.microsoft.com/dotnet/fundamentals/code-analysis/style-rules/ide0011) [C:\UserWorx\VSWorx\ServoStudio\wpfui-servoStudio\samples\Wpf.Ui.servoStudio\servoStudio_wjhet5xd_wpftmp.csproj]
C:\UserWorx\VSWorx\ServoStudio\wpfui-servoStudio\samples\Wpf.Ui.servoStudio\ViewModels\ControlViewModel.cs(172,9): warning IDE0011: 鍚?鈥渋f鈥?璇彞娣诲姞澶ф嫭鍙枫€?(https://learn.microsoft.com/dotnet/fundamentals/code-analysis/style-rules/ide0011) [C:\UserWorx\VSWorx\ServoStudio\wpfui-servoStudio\samples\Wpf.Ui.servoStudio\servoStudio_wjhet5xd_wpftmp.csproj]
C:\UserWorx\VSWorx\ServoStudio\wpfui-servoStudio\samples\Wpf.Ui.servoStudio\ViewModels\ControlViewModel.cs(177,9): warning IDE0011: 鍚?鈥渋f鈥?璇彞娣诲姞澶ф嫭鍙枫€?(https://learn.microsoft.com/dotnet/fundamentals/code-analysis/style-rules/ide0011) [C:\UserWorx\VSWorx\ServoStudio\wpfui-servoStudio\samples\Wpf.Ui.servoStudio\servoStudio_wjhet5xd_wpftmp.csproj]
C:\UserWorx\VSWorx\ServoStudio\wpfui-servoStudio\samples\Wpf.Ui.servoStudio\Services\LiveDiag.cs(112,18): warning IDE0008: 鐢ㄦ樉寮忕被鍨嬩唬鏇?"var" (https://learn.microsoft.com/dotnet/fundamentals/code-analysis/style-rules/ide0008) [C:\UserWorx\VSWorx\ServoStudio\wpfui-servoStudio\samples\Wpf.Ui.servoStudio\servoStudio_wjhet5xd_wpftmp.csproj]
C:\UserWorx\VSWorx\ServoStudio\wpfui-servoStudio\samples\Wpf.Ui.servoStudio\Services\LiveDiag.cs(114,13): warning IDE0008: 鐢ㄦ樉寮忕被鍨嬩唬鏇?"var" (https://learn.microsoft.com/dotnet/fundamentals/code-analysis/style-rules/ide0008) [C:\UserWorx\VSWorx\ServoStudio\wpfui-servoStudio\samples\Wpf.Ui.servoStudio\servoStudio_wjhet5xd_wpftmp.csproj]
C:\UserWorx\VSWorx\ServoStudio\wpfui-servoStudio\samples\Wpf.Ui.servoStudio\Services\LiveDiag.cs(110,9): warning IDE0058: 姘歌繙涓嶄細浣跨敤琛ㄨ揪寮忓€?(https://learn.microsoft.com/dotnet/fundamentals/code-analysis/style-rules/ide0058) [C:\UserWorx\VSWorx\ServoStudio\wpfui-servoStudio\samples\Wpf.Ui.servoStudio\servoStudio_wjhet5xd_wpftmp.csproj]
C:\UserWorx\VSWorx\ServoStudio\wpfui-servoStudio\samples\Wpf.Ui.servoStudio\Services\LiveDiag.cs(121,17): warning IDE0058: 姘歌繙涓嶄細浣跨敤琛ㄨ揪寮忓€?(https://learn.microsoft.com/dotnet/fundamentals/code-analysis/style-rules/ide0058) [C:\UserWorx\VSWorx\ServoStudio\wpfui-servoStudio\samples\Wpf.Ui.servoStudio\servoStudio_wjhet5xd_wpftmp.csproj]
C:\UserWorx\VSWorx\ServoStudio\wpfui-servoStudio\samples\Wpf.Ui.servoStudio\Services\LiveDiag.cs(124,13): warning IDE0058: 姘歌繙涓嶄細浣跨敤琛ㄨ揪寮忓€?(https://learn.microsoft.com/dotnet/fundamentals/code-analysis/style-rules/ide0058) [C:\UserWorx\VSWorx\ServoStudio\wpfui-servoStudio\samples\Wpf.Ui.servoStudio\servoStudio_wjhet5xd_wpftmp.csproj]
C:\UserWorx\VSWorx\ServoStudio\wpfui-servoStudio\samples\Wpf.Ui.servoStudio\Services\LiveDiag.cs(128,17): warning IDE0058: 姘歌繙涓嶄細浣跨敤琛ㄨ揪寮忓€?(https://learn.microsoft.com/dotnet/fundamentals/code-analysis/style-rules/ide0058) [C:\UserWorx\VSWorx\ServoStudio\wpfui-servoStudio\samples\Wpf.Ui.servoStudio\servoStudio_wjhet5xd_wpftmp.csproj]
C:\UserWorx\VSWorx\ServoStudio\wpfui-servoStudio\samples\Wpf.Ui.servoStudio\Services\LiveDiag.cs(133,13): warning IDE0058: 姘歌繙涓嶄細浣跨敤琛ㄨ揪寮忓€?(https://learn.microsoft.com/dotnet/fundamentals/code-analysis/style-rules/ide0058) [C:\UserWorx\VSWorx\ServoStudio\wpfui-servoStudio\samples\Wpf.Ui.servoStudio\servoStudio_wjhet5xd_wpftmp.csproj]
C:\UserWorx\VSWorx\ServoStudio\wpfui-servoStudio\samples\Wpf.Ui.servoStudio\Services\LiveDiag.cs(139,9): warning IDE0058: 姘歌繙涓嶄細浣跨敤琛ㄨ揪寮忓€?(https://learn.microsoft.com/dotnet/fundamentals/code-analysis/style-rules/ide0058) [C:\UserWorx\VSWorx\ServoStudio\wpfui-servoStudio\samples\Wpf.Ui.servoStudio\servoStudio_wjhet5xd_wpftmp.csproj]
C:\UserWorx\VSWorx\ServoStudio\wpfui-servoStudio\samples\Wpf.Ui.servoStudio\ViewModels\Motion\MotionTypeViewModel.cs(265,13): warning IDE0058: 姘歌繙涓嶄細浣跨敤琛ㄨ揪寮忓€?(https://learn.microsoft.com/dotnet/fundamentals/code-analysis/style-rules/ide0058) [C:\UserWorx\VSWorx\ServoStudio\wpfui-servoStudio\samples\Wpf.Ui.servoStudio\servoStudio_wjhet5xd_wpftmp.csproj]
C:\UserWorx\VSWorx\ServoStudio\wpfui-servoStudio\samples\Wpf.Ui.servoStudio\ViewModels\Motion\MotionTypeViewModel.cs(296,13): warning IDE0058: 姘歌繙涓嶄細浣跨敤琛ㄨ揪寮忓€?(https://learn.microsoft.com/dotnet/fundamentals/code-analysis/style-rules/ide0058) [C:\UserWorx\VSWorx\ServoStudio\wpfui-servoStudio\samples\Wpf.Ui.servoStudio\servoStudio_wjhet5xd_wpftmp.csproj]
C:\UserWorx\VSWorx\ServoStudio\wpfui-servoStudio\samples\Wpf.Ui.servoStudio\ViewModels\AppData\PidAdjustViewModel.cs(205,9): warning IDE0058: 姘歌繙涓嶄細浣跨敤琛ㄨ揪寮忓€?(https://learn.microsoft.com/dotnet/fundamentals/code-analysis/style-rules/ide0058) [C:\UserWorx\VSWorx\ServoStudio\wpfui-servoStudio\samples\Wpf.Ui.servoStudio\servoStudio_wjhet5xd_wpftmp.csproj]
C:\UserWorx\VSWorx\ServoStudio\wpfui-servoStudio\samples\Wpf.Ui.servoStudio\ViewModels\AppData\PidAdjustViewModel.cs(210,9): warning IDE0058: 姘歌繙涓嶄細浣跨敤琛ㄨ揪寮忓€?(https://learn.microsoft.com/dotnet/fundamentals/code-analysis/style-rules/ide0058) [C:\UserWorx\VSWorx\ServoStudio\wpfui-servoStudio\samples\Wpf.Ui.servoStudio\servoStudio_wjhet5xd_wpftmp.csproj]
C:\UserWorx\VSWorx\ServoStudio\wpfui-servoStudio\samples\Wpf.Ui.servoStudio\ViewModels\ControlViewModel.cs(270,9): warning IDE0011: 鍚?鈥渋f鈥?璇彞娣诲姞澶ф嫭鍙枫€?(https://learn.microsoft.com/dotnet/fundamentals/code-analysis/style-rules/ide0011) [C:\UserWorx\VSWorx\ServoStudio\wpfui-servoStudio\samples\Wpf.Ui.servoStudio\servoStudio_wjhet5xd_wpftmp.csproj]
C:\UserWorx\VSWorx\ServoStudio\wpfui-servoStudio\samples\Wpf.Ui.servoStudio\ViewModels\ControlViewModel.cs(271,9): warning IDE0011: 鍚?鈥渋f鈥?璇彞娣诲姞澶ф嫭鍙枫€?(https://learn.microsoft.com/dotnet/fundamentals/code-analysis/style-rules/ide0011) [C:\UserWorx\VSWorx\ServoStudio\wpfui-servoStudio\samples\Wpf.Ui.servoStudio\servoStudio_wjhet5xd_wpftmp.csproj]
C:\UserWorx\VSWorx\ServoStudio\wpfui-servoStudio\samples\Wpf.Ui.servoStudio\ViewModels\ControlViewModel.cs(272,9): warning IDE0011: 鍚?鈥渋f鈥?璇彞娣诲姞澶ф嫭鍙枫€?(https://learn.microsoft.com/dotnet/fundamentals/code-analysis/style-rules/ide0011) [C:\UserWorx\VSWorx\ServoStudio\wpfui-servoStudio\samples\Wpf.Ui.servoStudio\servoStudio_wjhet5xd_wpftmp.csproj]
C:\UserWorx\VSWorx\ServoStudio\wpfui-servoStudio\samples\Wpf.Ui.servoStudio\ViewModels\ControlViewModel.cs(273,9): warning IDE0011: 鍚?鈥渋f鈥?璇彞娣诲姞澶ф嫭鍙枫€?(https://learn.microsoft.com/dotnet/fundamentals/code-analysis/style-rules/ide0011) [C:\UserWorx\VSWorx\ServoStudio\wpfui-servoStudio\samples\Wpf.Ui.servoStudio\servoStudio_wjhet5xd_wpftmp.csproj]
C:\UserWorx\VSWorx\ServoStudio\wpfui-servoStudio\samples\Wpf.Ui.servoStudio\ViewModels\ControlViewModel.cs(274,9): warning IDE0011: 鍚?鈥渋f鈥?璇彞娣诲姞澶ф嫭鍙枫€?(https://learn.microsoft.com/dotnet/fundamentals/code-analysis/style-rules/ide0011) [C:\UserWorx\VSWorx\ServoStudio\wpfui-servoStudio\samples\Wpf.Ui.servoStudio\servoStudio_wjhet5xd_wpftmp.csproj]
C:\UserWorx\VSWorx\ServoStudio\wpfui-servoStudio\samples\Wpf.Ui.servoStudio\ViewModels\ControlViewModel.cs(275,9): warning IDE0011: 鍚?鈥渋f鈥?璇彞娣诲姞澶ф嫭鍙枫€?(https://learn.microsoft.com/dotnet/fundamentals/code-analysis/style-rules/ide0011) [C:\UserWorx\VSWorx\ServoStudio\wpfui-servoStudio\samples\Wpf.Ui.servoStudio\servoStudio_wjhet5xd_wpftmp.csproj]
C:\UserWorx\VSWorx\ServoStudio\wpfui-servoStudio\samples\Wpf.Ui.servoStudio\ViewModels\ControlViewModel.cs(276,9): warning IDE0011: 鍚?鈥渋f鈥?璇彞娣诲姞澶ф嫭鍙枫€?(https://learn.microsoft.com/dotnet/fundamentals/code-analysis/style-rules/ide0011) [C:\UserWorx\VSWorx\ServoStudio\wpfui-servoStudio\samples\Wpf.Ui.servoStudio\servoStudio_wjhet5xd_wpftmp.csproj]
C:\UserWorx\VSWorx\ServoStudio\wpfui-servoStudio\samples\Wpf.Ui.servoStudio\ViewModels\ControlViewModel.cs(277,9): warning IDE0011: 鍚?鈥渋f鈥?璇彞娣诲姞澶ф嫭鍙枫€?(https://learn.microsoft.com/dotnet/fundamentals/code-analysis/style-rules/ide0011) [C:\UserWorx\VSWorx\ServoStudio\wpfui-servoStudio\samples\Wpf.Ui.servoStudio\servoStudio_wjhet5xd_wpftmp.csproj]
C:\UserWorx\VSWorx\ServoStudio\wpfui-servoStudio\samples\Wpf.Ui.servoStudio\ViewModels\ControlViewModel.cs(278,9): warning IDE0011: 鍚?鈥渋f鈥?璇彞娣诲姞澶ф嫭鍙枫€?(https://learn.microsoft.com/dotnet/fundamentals/code-analysis/style-rules/ide0011) [C:\UserWorx\VSWorx\ServoStudio\wpfui-servoStudio\samples\Wpf.Ui.servoStudio\servoStudio_wjhet5xd_wpftmp.csproj]
C:\UserWorx\VSWorx\ServoStudio\wpfui-servoStudio\samples\Wpf.Ui.servoStudio\ViewModels\ControlViewModel.cs(279,9): warning IDE0011: 鍚?鈥渋f鈥?璇彞娣诲姞澶ф嫭鍙枫€?(https://learn.microsoft.com/dotnet/fundamentals/code-analysis/style-rules/ide0011) [C:\UserWorx\VSWorx\ServoStudio\wpfui-servoStudio\samples\Wpf.Ui.servoStudio\servoStudio_wjhet5xd_wpftmp.csproj]
C:\UserWorx\VSWorx\ServoStudio\wpfui-servoStudio\samples\Wpf.Ui.servoStudio\ViewModels\ControlViewModel.cs(280,9): warning IDE0011: 鍚?鈥渋f鈥?璇彞娣诲姞澶ф嫭鍙枫€?(https://learn.microsoft.com/dotnet/fundamentals/code-analysis/style-rules/ide0011) [C:\UserWorx\VSWorx\ServoStudio\wpfui-servoStudio\samples\Wpf.Ui.servoStudio\servoStudio_wjhet5xd_wpftmp.csproj]
C:\UserWorx\VSWorx\ServoStudio\wpfui-servoStudio\samples\Wpf.Ui.servoStudio\ViewModels\ControlViewModel.cs(281,9): warning IDE0011: 鍚?鈥渋f鈥?璇彞娣诲姞澶ф嫭鍙枫€?(https://learn.microsoft.com/dotnet/fundamentals/code-analysis/style-rules/ide0011) [C:\UserWorx\VSWorx\ServoStudio\wpfui-servoStudio\samples\Wpf.Ui.servoStudio\servoStudio_wjhet5xd_wpftmp.csproj]
C:\UserWorx\VSWorx\ServoStudio\wpfui-servoStudio\samples\Wpf.Ui.servoStudio\ViewModels\ControlViewModel.cs(282,9): warning IDE0011: 鍚?鈥渋f鈥?璇彞娣诲姞澶ф嫭鍙枫€?(https://learn.microsoft.com/dotnet/fundamentals/code-analysis/style-rules/ide0011) [C:\UserWorx\VSWorx\ServoStudio\wpfui-servoStudio\samples\Wpf.Ui.servoStudio\servoStudio_wjhet5xd_wpftmp.csproj]
C:\UserWorx\VSWorx\ServoStudio\wpfui-servoStudio\samples\Wpf.Ui.servoStudio\ViewModels\ControlViewModel.cs(283,9): warning IDE0011: 鍚?鈥渋f鈥?璇彞娣诲姞澶ф嫭鍙枫€?(https://learn.microsoft.com/dotnet/fundamentals/code-analysis/style-rules/ide0011) [C:\UserWorx\VSWorx\ServoStudio\wpfui-servoStudio\samples\Wpf.Ui.servoStudio\servoStudio_wjhet5xd_wpftmp.csproj]
C:\UserWorx\VSWorx\ServoStudio\wpfui-servoStudio\samples\Wpf.Ui.servoStudio\ViewModels\ControlViewModel.cs(284,9): warning IDE0011: 鍚?鈥渋f鈥?璇彞娣诲姞澶ф嫭鍙枫€?(https://learn.microsoft.com/dotnet/fundamentals/code-analysis/style-rules/ide0011) [C:\UserWorx\VSWorx\ServoStudio\wpfui-servoStudio\samples\Wpf.Ui.servoStudio\servoStudio_wjhet5xd_wpftmp.csproj]
C:\UserWorx\VSWorx\ServoStudio\wpfui-servoStudio\samples\Wpf.Ui.servoStudio\ViewModels\ControlViewModel.cs(285,9): warning IDE0011: 鍚?鈥渋f鈥?璇彞娣诲姞澶ф嫭鍙枫€?(https://learn.microsoft.com/dotnet/fundamentals/code-analysis/style-rules/ide0011) [C:\UserWorx\VSWorx\ServoStudio\wpfui-servoStudio\samples\Wpf.Ui.servoStudio\servoStudio_wjhet5xd_wpftmp.csproj]
C:\UserWorx\VSWorx\ServoStudio\wpfui-servoStudio\samples\Wpf.Ui.servoStudio\Services\FrameLogBridge.cs(43,9): warning IDE0011: 鍚?鈥渋f鈥?璇彞娣诲姞澶ф嫭鍙枫€?(https://learn.microsoft.com/dotnet/fundamentals/code-analysis/style-rules/ide0011) [C:\UserWorx\VSWorx\ServoStudio\wpfui-servoStudio\samples\Wpf.Ui.servoStudio\servoStudio_wjhet5xd_wpftmp.csproj]
C:\UserWorx\VSWorx\ServoStudio\wpfui-servoStudio\samples\Wpf.Ui.servoStudio\Services\FrameLogBridge.cs(46,9): warning IDE0011: 鍚?鈥渋f鈥?璇彞娣诲姞澶ф嫭鍙枫€?(https://learn.microsoft.com/dotnet/fundamentals/code-analysis/style-rules/ide0011) [C:\UserWorx\VSWorx\ServoStudio\wpfui-servoStudio\samples\Wpf.Ui.servoStudio\servoStudio_wjhet5xd_wpftmp.csproj]
C:\UserWorx\VSWorx\ServoStudio\wpfui-servoStudio\samples\Wpf.Ui.servoStudio\ViewModels\Motion\MotionTypeViewModel.cs(414,13): warning IDE0008: 鐢ㄦ樉寮忕被鍨嬩唬鏇?"var" (https://learn.microsoft.com/dotnet/fundamentals/code-analysis/style-rules/ide0008) [C:\UserWorx\VSWorx\ServoStudio\wpfui-servoStudio\samples\Wpf.Ui.servoStudio\servoStudio_wjhet5xd_wpftmp.csproj]
C:\UserWorx\VSWorx\ServoStudio\wpfui-servoStudio\samples\Wpf.Ui.servoStudio\Services\FrameLogBridge.cs(64,9): warning IDE0011: 鍚?鈥渋f鈥?璇彞娣诲姞澶ф嫭鍙枫€?(https://learn.microsoft.com/dotnet/fundamentals/code-analysis/style-rules/ide0011) [C:\UserWorx\VSWorx\ServoStudio\wpfui-servoStudio\samples\Wpf.Ui.servoStudio\servoStudio_wjhet5xd_wpftmp.csproj]
C:\UserWorx\VSWorx\ServoStudio\wpfui-servoStudio\samples\Wpf.Ui.servoStudio\Services\FrameLogBridge.cs(67,9): warning IDE0011: 鍚?鈥渋f鈥?璇彞娣诲姞澶ф嫭鍙枫€?(https://learn.microsoft.com/dotnet/fundamentals/code-analysis/style-rules/ide0011) [C:\UserWorx\VSWorx\ServoStudio\wpfui-servoStudio\samples\Wpf.Ui.servoStudio\servoStudio_wjhet5xd_wpftmp.csproj]
C:\UserWorx\VSWorx\ServoStudio\wpfui-servoStudio\samples\Wpf.Ui.servoStudio\ViewModels\Motion\MotionTypeViewModel.cs(407,13): warning IDE0058: 姘歌繙涓嶄細浣跨敤琛ㄨ揪寮忓€?(https://learn.microsoft.com/dotnet/fundamentals/code-analysis/style-rules/ide0058) [C:\UserWorx\VSWorx\ServoStudio\wpfui-servoStudio\samples\Wpf.Ui.servoStudio\servoStudio_wjhet5xd_wpftmp.csproj]
C:\UserWorx\VSWorx\ServoStudio\wpfui-servoStudio\samples\Wpf.Ui.servoStudio\ViewModels\Motion\MotionTypeViewModel.cs(417,17): warning IDE0058: 姘歌繙涓嶄細浣跨敤琛ㄨ揪寮忓€?(https://learn.microsoft.com/dotnet/fundamentals/code-analysis/style-rules/ide0058) [C:\UserWorx\VSWorx\ServoStudio\wpfui-servoStudio\samples\Wpf.Ui.servoStudio\servoStudio_wjhet5xd_wpftmp.csproj]
C:\UserWorx\VSWorx\ServoStudio\wpfui-servoStudio\samples\Wpf.Ui.servoStudio\Services\FrameFormatRuntimeService.cs(26,13): warning IDE0011: 鍚?鈥渓ock鈥?璇彞娣诲姞澶ф嫭鍙枫€?(https://learn.microsoft.com/dotnet/fundamentals/code-analysis/style-rules/ide0011) [C:\UserWorx\VSWorx\ServoStudio\wpfui-servoStudio\samples\Wpf.Ui.servoStudio\servoStudio_wjhet5xd_wpftmp.csproj]
C:\UserWorx\VSWorx\ServoStudio\wpfui-servoStudio\samples\Wpf.Ui.servoStudio\Services\FrameFormatRuntimeService.cs(45,9): warning IDE0011: 鍚?鈥渓ock鈥?璇彞娣诲姞澶ф嫭鍙枫€?(https://learn.microsoft.com/dotnet/fundamentals/code-analysis/style-rules/ide0011) [C:\UserWorx\VSWorx\ServoStudio\wpfui-servoStudio\samples\Wpf.Ui.servoStudio\servoStudio_wjhet5xd_wpftmp.csproj]
C:\UserWorx\VSWorx\ServoStudio\wpfui-servoStudio\samples\Wpf.Ui.servoStudio\ViewModels\ControlViewModel.cs(332,9): warning IDE0011: 鍚?鈥渋f鈥?璇彞娣诲姞澶ф嫭鍙枫€?(https://learn.microsoft.com/dotnet/fundamentals/code-analysis/style-rules/ide0011) [C:\UserWorx\VSWorx\ServoStudio\wpfui-servoStudio\samples\Wpf.Ui.servoStudio\servoStudio_wjhet5xd_wpftmp.csproj]
C:\UserWorx\VSWorx\ServoStudio\wpfui-servoStudio\samples\Wpf.Ui.servoStudio\ViewModels\Motion\MotionTypeViewModel.cs(456,13): warning IDE0008: 鐢ㄦ樉寮忕被鍨嬩唬鏇?"var" (https://learn.microsoft.com/dotnet/fundamentals/code-analysis/style-rules/ide0008) [C:\UserWorx\VSWorx\ServoStudio\wpfui-servoStudio\samples\Wpf.Ui.servoStudio\servoStudio_wjhet5xd_wpftmp.csproj]
C:\UserWorx\VSWorx\ServoStudio\wpfui-servoStudio\samples\Wpf.Ui.servoStudio\Services\FrameFormatRuntimeService.cs(59,9): warning IDE0011: 鍚?鈥渓ock鈥?璇彞娣诲姞澶ф嫭鍙枫€?(https://learn.microsoft.com/dotnet/fundamentals/code-analysis/style-rules/ide0011) [C:\UserWorx\VSWorx\ServoStudio\wpfui-servoStudio\samples\Wpf.Ui.servoStudio\servoStudio_wjhet5xd_wpftmp.csproj]
C:\UserWorx\VSWorx\ServoStudio\wpfui-servoStudio\samples\Wpf.Ui.servoStudio\ViewModels\Motion\MotionTypeViewModel.cs(459,17): warning IDE0058: 姘歌繙涓嶄細浣跨敤琛ㄨ揪寮忓€?(https://learn.microsoft.com/dotnet/fundamentals/code-analysis/style-rules/ide0058) [C:\UserWorx\VSWorx\ServoStudio\wpfui-servoStudio\samples\Wpf.Ui.servoStudio\servoStudio_wjhet5xd_wpftmp.csproj]
C:\UserWorx\VSWorx\ServoStudio\wpfui-servoStudio\samples\Wpf.Ui.servoStudio\ViewModels\AppData\PidAdjustViewModel.cs(258,21): warning IDE0011: 鍚?鈥渋f鈥?璇彞娣诲姞澶ф嫭鍙枫€?(https://learn.microsoft.com/dotnet/fundamentals/code-analysis/style-rules/ide0011) [C:\UserWorx\VSWorx\ServoStudio\wpfui-servoStudio\samples\Wpf.Ui.servoStudio\servoStudio_wjhet5xd_wpftmp.csproj]
C:\UserWorx\VSWorx\ServoStudio\wpfui-servoStudio\samples\Wpf.Ui.servoStudio\Services\FrameFormatRuntimeService.cs(81,9): warning IDE0011: 鍚?鈥渓ock鈥?璇彞娣诲姞澶ф嫭鍙枫€?(https://learn.microsoft.com/dotnet/fundamentals/code-analysis/style-rules/ide0011) [C:\UserWorx\VSWorx\ServoStudio\wpfui-servoStudio\samples\Wpf.Ui.servoStudio\servoStudio_wjhet5xd_wpftmp.csproj]
C:\UserWorx\VSWorx\ServoStudio\wpfui-servoStudio\samples\Wpf.Ui.servoStudio\Services\FrameFormatRuntimeService.cs(85,9): warning IDE0011: 鍚?鈥渓ock鈥?璇彞娣诲姞澶ф嫭鍙枫€?(https://learn.microsoft.com/dotnet/fundamentals/code-analysis/style-rules/ide0011) [C:\UserWorx\VSWorx\ServoStudio\wpfui-servoStudio\samples\Wpf.Ui.servoStudio\servoStudio_wjhet5xd_wpftmp.csproj]
C:\UserWorx\VSWorx\ServoStudio\wpfui-servoStudio\samples\Wpf.Ui.servoStudio\ViewModels\DeviceSet\DeviceAddViewModel.cs(102,47): warning IDE0055: 淇鏍煎紡 (https://learn.microsoft.com/dotnet/fundamentals/code-analysis/style-rules/ide0055) [C:\UserWorx\VSWorx\ServoStudio\wpfui-servoStudio\samples\Wpf.Ui.servoStudio\servoStudio_wjhet5xd_wpftmp.csproj]
C:\UserWorx\VSWorx\ServoStudio\wpfui-servoStudio\samples\Wpf.Ui.servoStudio\ViewModels\DeviceSet\DeviceAddViewModel.cs(102,49): warning IDE0055: 淇鏍煎紡 (https://learn.microsoft.com/dotnet/fundamentals/code-analysis/style-rules/ide0055) [C:\UserWorx\VSWorx\ServoStudio\wpfui-servoStudio\samples\Wpf.Ui.servoStudio\servoStudio_wjhet5xd_wpftmp.csproj]
C:\UserWorx\VSWorx\ServoStudio\wpfui-servoStudio\samples\Wpf.Ui.servoStudio\ViewModels\DeviceSet\DeviceAddViewModel.cs(102,59): warning IDE0055: 淇鏍煎紡 (https://learn.microsoft.com/dotnet/fundamentals/code-analysis/style-rules/ide0055) [C:\UserWorx\VSWorx\ServoStudio\wpfui-servoStudio\samples\Wpf.Ui.servoStudio\servoStudio_wjhet5xd_wpftmp.csproj]
C:\UserWorx\VSWorx\ServoStudio\wpfui-servoStudio\samples\Wpf.Ui.servoStudio\ViewModels\DeviceSet\DeviceAddViewModel.cs(621,37): warning IDE0055: 淇鏍煎紡 (https://learn.microsoft.com/dotnet/fundamentals/code-analysis/style-rules/ide0055) [C:\UserWorx\VSWorx\ServoStudio\wpfui-servoStudio\samples\Wpf.Ui.servoStudio\servoStudio_wjhet5xd_wpftmp.csproj]
C:\UserWorx\VSWorx\ServoStudio\wpfui-servoStudio\samples\Wpf.Ui.servoStudio\ViewModels\DeviceSet\DeviceAddViewModel.cs(677,29): warning IDE0055: 淇鏍煎紡 (https://learn.microsoft.com/dotnet/fundamentals/code-analysis/style-rules/ide0055) [C:\UserWorx\VSWorx\ServoStudio\wpfui-servoStudio\samples\Wpf.Ui.servoStudio\servoStudio_wjhet5xd_wpftmp.csproj]
C:\UserWorx\VSWorx\ServoStudio\wpfui-servoStudio\samples\Wpf.Ui.servoStudio\ViewModels\DeviceSet\DeviceAddViewModel.cs(691,18): warning IDE0055: 淇鏍煎紡 (https://learn.microsoft.com/dotnet/fundamentals/code-analysis/style-rules/ide0055) [C:\UserWorx\VSWorx\ServoStudio\wpfui-servoStudio\samples\Wpf.Ui.servoStudio\servoStudio_wjhet5xd_wpftmp.csproj]
C:\UserWorx\VSWorx\ServoStudio\wpfui-servoStudio\samples\Wpf.Ui.servoStudio\ViewModels\DeviceSet\DeviceAddViewModel.cs(691,27): warning IDE0055: 淇鏍煎紡 (https://learn.microsoft.com/dotnet/fundamentals/code-analysis/style-rules/ide0055) [C:\UserWorx\VSWorx\ServoStudio\wpfui-servoStudio\samples\Wpf.Ui.servoStudio\servoStudio_wjhet5xd_wpftmp.csproj]
C:\UserWorx\VSWorx\ServoStudio\wpfui-servoStudio\samples\Wpf.Ui.servoStudio\ViewModels\DeviceSet\DeviceAddViewModel.cs(691,34): warning IDE0055: 淇鏍煎紡 (https://learn.microsoft.com/dotnet/fundamentals/code-analysis/style-rules/ide0055) [C:\UserWorx\VSWorx\ServoStudio\wpfui-servoStudio\samples\Wpf.Ui.servoStudio\servoStudio_wjhet5xd_wpftmp.csproj]
C:\UserWorx\VSWorx\ServoStudio\wpfui-servoStudio\samples\Wpf.Ui.servoStudio\ViewModels\DeviceSet\DeviceAddViewModel.cs(701,18): warning IDE0055: 淇鏍煎紡 (https://learn.microsoft.com/dotnet/fundamentals/code-analysis/style-rules/ide0055) [C:\UserWorx\VSWorx\ServoStudio\wpfui-servoStudio\samples\Wpf.Ui.servoStudio\servoStudio_wjhet5xd_wpftmp.csproj]
C:\UserWorx\VSWorx\ServoStudio\wpfui-servoStudio\samples\Wpf.Ui.servoStudio\ViewModels\DeviceSet\DeviceAddViewModel.cs(701,27): warning IDE0055: 淇鏍煎紡 (https://learn.microsoft.com/dotnet/fundamentals/code-analysis/style-rules/ide0055) [C:\UserWorx\VSWorx\ServoStudio\wpfui-servoStudio\samples\Wpf.Ui.servoStudio\servoStudio_wjhet5xd_wpftmp.csproj]
C:\UserWorx\VSWorx\ServoStudio\wpfui-servoStudio\samples\Wpf.Ui.servoStudio\ViewModels\DeviceSet\DeviceAddViewModel.cs(701,34): warning IDE0055: 淇鏍煎紡 (https://learn.microsoft.com/dotnet/fundamentals/code-analysis/style-rules/ide0055) [C:\UserWorx\VSWorx\ServoStudio\wpfui-servoStudio\samples\Wpf.Ui.servoStudio\servoStudio_wjhet5xd_wpftmp.csproj]
C:\UserWorx\VSWorx\ServoStudio\wpfui-servoStudio\samples\Wpf.Ui.servoStudio\ViewModels\DeviceSet\DeviceAddViewModel.cs(710,18): warning IDE0055: 淇鏍煎紡 (https://learn.microsoft.com/dotnet/fundamentals/code-analysis/style-rules/ide0055) [C:\UserWorx\VSWorx\ServoStudio\wpfui-servoStudio\samples\Wpf.Ui.servoStudio\servoStudio_wjhet5xd_wpftmp.csproj]
C:\UserWorx\VSWorx\ServoStudio\wpfui-servoStudio\samples\Wpf.Ui.servoStudio\ViewModels\DeviceSet\DeviceAddViewModel.cs(710,27): warning IDE0055: 淇鏍煎紡 (https://learn.microsoft.com/dotnet/fundamentals/code-analysis/style-rules/ide0055) [C:\UserWorx\VSWorx\ServoStudio\wpfui-servoStudio\samples\Wpf.Ui.servoStudio\servoStudio_wjhet5xd_wpftmp.csproj]
C:\UserWorx\VSWorx\ServoStudio\wpfui-servoStudio\samples\Wpf.Ui.servoStudio\ViewModels\DeviceSet\DeviceAddViewModel.cs(710,34): warning IDE0055: 淇鏍煎紡 (https://learn.microsoft.com/dotnet/fundamentals/code-analysis/style-rules/ide0055) [C:\UserWorx\VSWorx\ServoStudio\wpfui-servoStudio\samples\Wpf.Ui.servoStudio\servoStudio_wjhet5xd_wpftmp.csproj]
C:\UserWorx\VSWorx\ServoStudio\wpfui-servoStudio\samples\Wpf.Ui.servoStudio\ViewModels\DeviceSet\DeviceAddViewModel.cs(713,53): warning IDE0055: 淇鏍煎紡 (https://learn.microsoft.com/dotnet/fundamentals/code-analysis/style-rules/ide0055) [C:\UserWorx\VSWorx\ServoStudio\wpfui-servoStudio\samples\Wpf.Ui.servoStudio\servoStudio_wjhet5xd_wpftmp.csproj]
C:\UserWorx\VSWorx\ServoStudio\wpfui-servoStudio\samples\Wpf.Ui.servoStudio\ViewModels\DeviceSet\DeviceAddViewModel.cs(735,82): warning IDE0055: 淇鏍煎紡 (https://learn.microsoft.com/dotnet/fundamentals/code-analysis/style-rules/ide0055) [C:\UserWorx\VSWorx\ServoStudio\wpfui-servoStudio\samples\Wpf.Ui.servoStudio\servoStudio_wjhet5xd_wpftmp.csproj]
C:\UserWorx\VSWorx\ServoStudio\wpfui-servoStudio\samples\Wpf.Ui.servoStudio\ViewModels\DeviceSet\DeviceAddViewModel.cs(736,94): warning IDE0055: 淇鏍煎紡 (https://learn.microsoft.com/dotnet/fundamentals/code-analysis/style-rules/ide0055) [C:\UserWorx\VSWorx\ServoStudio\wpfui-servoStudio\samples\Wpf.Ui.servoStudio\servoStudio_wjhet5xd_wpftmp.csproj]
C:\UserWorx\VSWorx\ServoStudio\wpfui-servoStudio\samples\Wpf.Ui.servoStudio\ViewModels\DeviceSet\DeviceAddViewModel.cs(947,32): warning IDE0055: 淇鏍煎紡 (https://learn.microsoft.com/dotnet/fundamentals/code-analysis/style-rules/ide0055) [C:\UserWorx\VSWorx\ServoStudio\wpfui-servoStudio\samples\Wpf.Ui.servoStudio\servoStudio_wjhet5xd_wpftmp.csproj]
C:\UserWorx\VSWorx\ServoStudio\wpfui-servoStudio\samples\Wpf.Ui.servoStudio\ViewModels\DeviceSet\DeviceAddViewModel.cs(958,56): warning IDE0055: 淇鏍煎紡 (https://learn.microsoft.com/dotnet/fundamentals/code-analysis/style-rules/ide0055) [C:\UserWorx\VSWorx\ServoStudio\wpfui-servoStudio\samples\Wpf.Ui.servoStudio\servoStudio_wjhet5xd_wpftmp.csproj]
C:\UserWorx\VSWorx\ServoStudio\wpfui-servoStudio\samples\Wpf.Ui.servoStudio\ViewModels\DeviceSet\DeviceAddViewModel.cs(958,58): warning IDE0055: 淇鏍煎紡 (https://learn.microsoft.com/dotnet/fundamentals/code-analysis/style-rules/ide0055) [C:\UserWorx\VSWorx\ServoStudio\wpfui-servoStudio\samples\Wpf.Ui.servoStudio\servoStudio_wjhet5xd_wpftmp.csproj]
C:\UserWorx\VSWorx\ServoStudio\wpfui-servoStudio\samples\Wpf.Ui.servoStudio\ViewModels\DeviceSet\DeviceAddViewModel.cs(958,79): warning IDE0055: 淇鏍煎紡 (https://learn.microsoft.com/dotnet/fundamentals/code-analysis/style-rules/ide0055) [C:\UserWorx\VSWorx\ServoStudio\wpfui-servoStudio\samples\Wpf.Ui.servoStudio\servoStudio_wjhet5xd_wpftmp.csproj]
C:\UserWorx\VSWorx\ServoStudio\wpfui-servoStudio\samples\Wpf.Ui.servoStudio\ViewModels\DeviceSet\DeviceAddViewModel.cs(958,100): warning IDE0055: 淇鏍煎紡 (https://learn.microsoft.com/dotnet/fundamentals/code-analysis/style-rules/ide0055) [C:\UserWorx\VSWorx\ServoStudio\wpfui-servoStudio\samples\Wpf.Ui.servoStudio\servoStudio_wjhet5xd_wpftmp.csproj]
C:\UserWorx\VSWorx\ServoStudio\wpfui-servoStudio\samples\Wpf.Ui.servoStudio\ViewModels\DeviceSet\DeviceAddViewModel.cs(960,55): warning IDE0055: 淇鏍煎紡 (https://learn.microsoft.com/dotnet/fundamentals/code-analysis/style-rules/ide0055) [C:\UserWorx\VSWorx\ServoStudio\wpfui-servoStudio\samples\Wpf.Ui.servoStudio\servoStudio_wjhet5xd_wpftmp.csproj]
C:\UserWorx\VSWorx\ServoStudio\wpfui-servoStudio\samples\Wpf.Ui.servoStudio\ViewModels\DeviceSet\DeviceAddViewModel.cs(960,57): warning IDE0055: 淇鏍煎紡 (https://learn.microsoft.com/dotnet/fundamentals/code-analysis/style-rules/ide0055) [C:\UserWorx\VSWorx\ServoStudio\wpfui-servoStudio\samples\Wpf.Ui.servoStudio\servoStudio_wjhet5xd_wpftmp.csproj]
C:\UserWorx\VSWorx\ServoStudio\wpfui-servoStudio\samples\Wpf.Ui.servoStudio\ViewModels\DeviceSet\DeviceAddViewModel.cs(960,78): warning IDE0055: 淇鏍煎紡 (https://learn.microsoft.com/dotnet/fundamentals/code-analysis/style-rules/ide0055) [C:\UserWorx\VSWorx\ServoStudio\wpfui-servoStudio\samples\Wpf.Ui.servoStudio\servoStudio_wjhet5xd_wpftmp.csproj]
C:\UserWorx\VSWorx\ServoStudio\wpfui-servoStudio\samples\Wpf.Ui.servoStudio\ViewModels\DeviceSet\DeviceAddViewModel.cs(960,99): warning IDE0055: 淇鏍煎紡 (https://learn.microsoft.com/dotnet/fundamentals/code-analysis/style-rules/ide0055) [C:\UserWorx\VSWorx\ServoStudio\wpfui-servoStudio\samples\Wpf.Ui.servoStudio\servoStudio_wjhet5xd_wpftmp.csproj]
C:\UserWorx\VSWorx\ServoStudio\wpfui-servoStudio\samples\Wpf.Ui.servoStudio\ViewModels\DeviceSet\DeviceAddViewModel.cs(962,57): warning IDE0055: 淇鏍煎紡 (https://learn.microsoft.com/dotnet/fundamentals/code-analysis/style-rules/ide0055) [C:\UserWorx\VSWorx\ServoStudio\wpfui-servoStudio\samples\Wpf.Ui.servoStudio\servoStudio_wjhet5xd_wpftmp.csproj]
C:\UserWorx\VSWorx\ServoStudio\wpfui-servoStudio\samples\Wpf.Ui.servoStudio\ViewModels\DeviceSet\DeviceAddViewModel.cs(962,59): warning IDE0055: 淇鏍煎紡 (https://learn.microsoft.com/dotnet/fundamentals/code-analysis/style-rules/ide0055) [C:\UserWorx\VSWorx\ServoStudio\wpfui-servoStudio\samples\Wpf.Ui.servoStudio\servoStudio_wjhet5xd_wpftmp.csproj]
C:\UserWorx\VSWorx\ServoStudio\wpfui-servoStudio\samples\Wpf.Ui.servoStudio\ViewModels\DeviceSet\DeviceAddViewModel.cs(962,80): warning IDE0055: 淇鏍煎紡 (https://learn.microsoft.com/dotnet/fundamentals/code-analysis/style-rules/ide0055) [C:\UserWorx\VSWorx\ServoStudio\wpfui-servoStudio\samples\Wpf.Ui.servoStudio\servoStudio_wjhet5xd_wpftmp.csproj]
C:\UserWorx\VSWorx\ServoStudio\wpfui-servoStudio\samples\Wpf.Ui.servoStudio\ViewModels\DeviceSet\DeviceAddViewModel.cs(962,101): warning IDE0055: 淇鏍煎紡 (https://learn.microsoft.com/dotnet/fundamentals/code-analysis/style-rules/ide0055) [C:\UserWorx\VSWorx\ServoStudio\wpfui-servoStudio\samples\Wpf.Ui.servoStudio\servoStudio_wjhet5xd_wpftmp.csproj]
C:\UserWorx\VSWorx\ServoStudio\wpfui-servoStudio\samples\Wpf.Ui.servoStudio\ViewModels\DeviceSet\DeviceAddViewModel.cs(964,63): warning IDE0055: 淇鏍煎紡 (https://learn.microsoft.com/dotnet/fundamentals/code-analysis/style-rules/ide0055) [C:\UserWorx\VSWorx\ServoStudio\wpfui-servoStudio\samples\Wpf.Ui.servoStudio\servoStudio_wjhet5xd_wpftmp.csproj]
C:\UserWorx\VSWorx\ServoStudio\wpfui-servoStudio\samples\Wpf.Ui.servoStudio\ViewModels\DeviceSet\DeviceAddViewModel.cs(964,65): warning IDE0055: 淇鏍煎紡 (https://learn.microsoft.com/dotnet/fundamentals/code-analysis/style-rules/ide0055) [C:\UserWorx\VSWorx\ServoStudio\wpfui-servoStudio\samples\Wpf.Ui.servoStudio\servoStudio_wjhet5xd_wpftmp.csproj]
C:\UserWorx\VSWorx\ServoStudio\wpfui-servoStudio\samples\Wpf.Ui.servoStudio\ViewModels\DeviceSet\DeviceAddViewModel.cs(964,86): warning IDE0055: 淇鏍煎紡 (https://learn.microsoft.com/dotnet/fundamentals/code-analysis/style-rules/ide0055) [C:\UserWorx\VSWorx\ServoStudio\wpfui-servoStudio\samples\Wpf.Ui.servoStudio\servoStudio_wjhet5xd_wpftmp.csproj]
C:\UserWorx\VSWorx\ServoStudio\wpfui-servoStudio\samples\Wpf.Ui.servoStudio\ViewModels\DeviceSet\DeviceAddViewModel.cs(964,107): warning IDE0055: 淇鏍煎紡 (https://learn.microsoft.com/dotnet/fundamentals/code-analysis/style-rules/ide0055) [C:\UserWorx\VSWorx\ServoStudio\wpfui-servoStudio\samples\Wpf.Ui.servoStudio\servoStudio_wjhet5xd_wpftmp.csproj]
C:\UserWorx\VSWorx\ServoStudio\wpfui-servoStudio\samples\Wpf.Ui.servoStudio\ViewModels\DeviceSet\DeviceAddViewModel.cs(983,45): warning IDE0055: 淇鏍煎紡 (https://learn.microsoft.com/dotnet/fundamentals/code-analysis/style-rules/ide0055) [C:\UserWorx\VSWorx\ServoStudio\wpfui-servoStudio\samples\Wpf.Ui.servoStudio\servoStudio_wjhet5xd_wpftmp.csproj]
C:\UserWorx\VSWorx\ServoStudio\wpfui-servoStudio\samples\Wpf.Ui.servoStudio\ViewModels\DeviceSet\DeviceAddViewModel.cs(988,26): warning IDE0055: 淇鏍煎紡 (https://learn.microsoft.com/dotnet/fundamentals/code-analysis/style-rules/ide0055) [C:\UserWorx\VSWorx\ServoStudio\wpfui-servoStudio\samples\Wpf.Ui.servoStudio\servoStudio_wjhet5xd_wpftmp.csproj]
C:\UserWorx\VSWorx\ServoStudio\wpfui-servoStudio\samples\Wpf.Ui.servoStudio\ViewModels\DeviceSet\DeviceAddViewModel.cs(999,29): warning IDE0055: 淇鏍煎紡 (https://learn.microsoft.com/dotnet/fundamentals/code-analysis/style-rules/ide0055) [C:\UserWorx\VSWorx\ServoStudio\wpfui-servoStudio\samples\Wpf.Ui.servoStudio\servoStudio_wjhet5xd_wpftmp.csproj]
C:\UserWorx\VSWorx\ServoStudio\wpfui-servoStudio\samples\Wpf.Ui.servoStudio\ViewModels\DeviceSet\DeviceAddViewModel.cs(1036,38): warning IDE0055: 淇鏍煎紡 (https://learn.microsoft.com/dotnet/fundamentals/code-analysis/style-rules/ide0055) [C:\UserWorx\VSWorx\ServoStudio\wpfui-servoStudio\samples\Wpf.Ui.servoStudio\servoStudio_wjhet5xd_wpftmp.csproj]
C:\UserWorx\VSWorx\ServoStudio\wpfui-servoStudio\samples\Wpf.Ui.servoStudio\ViewModels\DeviceSet\DeviceAddViewModel.cs(1046,29): warning IDE0055: 淇鏍煎紡 (https://learn.microsoft.com/dotnet/fundamentals/code-analysis/style-rules/ide0055) [C:\UserWorx\VSWorx\ServoStudio\wpfui-servoStudio\samples\Wpf.Ui.servoStudio\servoStudio_wjhet5xd_wpftmp.csproj]
C:\UserWorx\VSWorx\ServoStudio\wpfui-servoStudio\samples\Wpf.Ui.servoStudio\ViewModels\DeviceSet\DeviceAddViewModel.cs(1050,45): warning IDE0055: 淇鏍煎紡 (https://learn.microsoft.com/dotnet/fundamentals/code-analysis/style-rules/ide0055) [C:\UserWorx\VSWorx\ServoStudio\wpfui-servoStudio\samples\Wpf.Ui.servoStudio\servoStudio_wjhet5xd_wpftmp.csproj]
C:\UserWorx\VSWorx\ServoStudio\wpfui-servoStudio\samples\Wpf.Ui.servoStudio\ViewModels\DeviceSet\DeviceAddViewModel.cs(1067,16): warning IDE0055: 淇鏍煎紡 (https://learn.microsoft.com/dotnet/fundamentals/code-analysis/style-rules/ide0055) [C:\UserWorx\VSWorx\ServoStudio\wpfui-servoStudio\samples\Wpf.Ui.servoStudio\servoStudio_wjhet5xd_wpftmp.csproj]
C:\UserWorx\VSWorx\ServoStudio\wpfui-servoStudio\samples\Wpf.Ui.servoStudio\ViewModels\DeviceSet\DeviceAddViewModel.cs(1067,18): warning IDE0055: 淇鏍煎紡 (https://learn.microsoft.com/dotnet/fundamentals/code-analysis/style-rules/ide0055) [C:\UserWorx\VSWorx\ServoStudio\wpfui-servoStudio\samples\Wpf.Ui.servoStudio\servoStudio_wjhet5xd_wpftmp.csproj]
C:\UserWorx\VSWorx\ServoStudio\wpfui-servoStudio\samples\Wpf.Ui.servoStudio\ViewModels\DeviceSet\DeviceAddViewModel.cs(1067,41): warning IDE0055: 淇鏍煎紡 (https://learn.microsoft.com/dotnet/fundamentals/code-analysis/style-rules/ide0055) [C:\UserWorx\VSWorx\ServoStudio\wpfui-servoStudio\samples\Wpf.Ui.servoStudio\servoStudio_wjhet5xd_wpftmp.csproj]
C:\UserWorx\VSWorx\ServoStudio\wpfui-servoStudio\samples\Wpf.Ui.servoStudio\ViewModels\DeviceSet\DeviceAddViewModel.cs(1067,43): warning IDE0055: 淇鏍煎紡 (https://learn.microsoft.com/dotnet/fundamentals/code-analysis/style-rules/ide0055) [C:\UserWorx\VSWorx\ServoStudio\wpfui-servoStudio\samples\Wpf.Ui.servoStudio\servoStudio_wjhet5xd_wpftmp.csproj]
C:\UserWorx\VSWorx\ServoStudio\wpfui-servoStudio\samples\Wpf.Ui.servoStudio\ViewModels\DeviceSet\DeviceAddViewModel.cs(1075,20): warning IDE0055: 淇鏍煎紡 (https://learn.microsoft.com/dotnet/fundamentals/code-analysis/style-rules/ide0055) [C:\UserWorx\VSWorx\ServoStudio\wpfui-servoStudio\samples\Wpf.Ui.servoStudio\servoStudio_wjhet5xd_wpftmp.csproj]
C:\UserWorx\VSWorx\ServoStudio\wpfui-servoStudio\samples\Wpf.Ui.servoStudio\ViewModels\DeviceSet\DeviceAddViewModel.cs(1075,22): warning IDE0055: 淇鏍煎紡 (https://learn.microsoft.com/dotnet/fundamentals/code-analysis/style-rules/ide0055) [C:\UserWorx\VSWorx\ServoStudio\wpfui-servoStudio\samples\Wpf.Ui.servoStudio\servoStudio_wjhet5xd_wpftmp.csproj]
C:\UserWorx\VSWorx\ServoStudio\wpfui-servoStudio\samples\Wpf.Ui.servoStudio\ViewModels\DeviceSet\DeviceAddViewModel.cs(1075,44): warning IDE0055: 淇鏍煎紡 (https://learn.microsoft.com/dotnet/fundamentals/code-analysis/style-rules/ide0055) [C:\UserWorx\VSWorx\ServoStudio\wpfui-servoStudio\samples\Wpf.Ui.servoStudio\servoStudio_wjhet5xd_wpftmp.csproj]
C:\UserWorx\VSWorx\ServoStudio\wpfui-servoStudio\samples\Wpf.Ui.servoStudio\ViewModels\DeviceSet\DeviceAddViewModel.cs(1075,46): warning IDE0055: 淇鏍煎紡 (https://learn.microsoft.com/dotnet/fundamentals/code-analysis/style-rules/ide0055) [C:\UserWorx\VSWorx\ServoStudio\wpfui-servoStudio\samples\Wpf.Ui.servoStudio\servoStudio_wjhet5xd_wpftmp.csproj]
C:\UserWorx\VSWorx\ServoStudio\wpfui-servoStudio\samples\Wpf.Ui.servoStudio\ViewModels\DeviceSet\DeviceAddViewModel.cs(1093,16): warning IDE0055: 淇鏍煎紡 (https://learn.microsoft.com/dotnet/fundamentals/code-analysis/style-rules/ide0055) [C:\UserWorx\VSWorx\ServoStudio\wpfui-servoStudio\samples\Wpf.Ui.servoStudio\servoStudio_wjhet5xd_wpftmp.csproj]
C:\UserWorx\VSWorx\ServoStudio\wpfui-servoStudio\samples\Wpf.Ui.servoStudio\ViewModels\DeviceSet\DeviceAddViewModel.cs(1093,18): warning IDE0055: 淇鏍煎紡 (https://learn.microsoft.com/dotnet/fundamentals/code-analysis/style-rules/ide0055) [C:\UserWorx\VSWorx\ServoStudio\wpfui-servoStudio\samples\Wpf.Ui.servoStudio\servoStudio_wjhet5xd_wpftmp.csproj]
C:\UserWorx\VSWorx\ServoStudio\wpfui-servoStudio\samples\Wpf.Ui.servoStudio\ViewModels\DeviceSet\DeviceAddViewModel.cs(1093,41): warning IDE0055: 淇鏍煎紡 (https://learn.microsoft.com/dotnet/fundamentals/code-analysis/style-rules/ide0055) [C:\UserWorx\VSWorx\ServoStudio\wpfui-servoStudio\samples\Wpf.Ui.servoStudio\servoStudio_wjhet5xd_wpftmp.csproj]
C:\UserWorx\VSWorx\ServoStudio\wpfui-servoStudio\samples\Wpf.Ui.servoStudio\ViewModels\DeviceSet\DeviceAddViewModel.cs(1093,43): warning IDE0055: 淇鏍煎紡 (https://learn.microsoft.com/dotnet/fundamentals/code-analysis/style-rules/ide0055) [C:\UserWorx\VSWorx\ServoStudio\wpfui-servoStudio\samples\Wpf.Ui.servoStudio\servoStudio_wjhet5xd_wpftmp.csproj]
C:\UserWorx\VSWorx\ServoStudio\wpfui-servoStudio\samples\Wpf.Ui.servoStudio\ViewModels\DeviceSet\DeviceAddViewModel.cs(1107,12): warning IDE0055: 淇鏍煎紡 (https://learn.microsoft.com/dotnet/fundamentals/code-analysis/style-rules/ide0055) [C:\UserWorx\VSWorx\ServoStudio\wpfui-servoStudio\samples\Wpf.Ui.servoStudio\servoStudio_wjhet5xd_wpftmp.csproj]
C:\UserWorx\VSWorx\ServoStudio\wpfui-servoStudio\samples\Wpf.Ui.servoStudio\ViewModels\DeviceSet\DeviceAddViewModel.cs(1107,14): warning IDE0055: 淇鏍煎紡 (https://learn.microsoft.com/dotnet/fundamentals/code-analysis/style-rules/ide0055) [C:\UserWorx\VSWorx\ServoStudio\wpfui-servoStudio\samples\Wpf.Ui.servoStudio\servoStudio_wjhet5xd_wpftmp.csproj]
C:\UserWorx\VSWorx\ServoStudio\wpfui-servoStudio\samples\Wpf.Ui.servoStudio\ViewModels\DeviceSet\DeviceAddViewModel.cs(1107,34): warning IDE0055: 淇鏍煎紡 (https://learn.microsoft.com/dotnet/fundamentals/code-analysis/style-rules/ide0055) [C:\UserWorx\VSWorx\ServoStudio\wpfui-servoStudio\samples\Wpf.Ui.servoStudio\servoStudio_wjhet5xd_wpftmp.csproj]
C:\UserWorx\VSWorx\ServoStudio\wpfui-servoStudio\samples\Wpf.Ui.servoStudio\ViewModels\DeviceSet\DeviceAddViewModel.cs(1107,36): warning IDE0055: 淇鏍煎紡 (https://learn.microsoft.com/dotnet/fundamentals/code-analysis/style-rules/ide0055) [C:\UserWorx\VSWorx\ServoStudio\wpfui-servoStudio\samples\Wpf.Ui.servoStudio\servoStudio_wjhet5xd_wpftmp.csproj]
C:\UserWorx\VSWorx\ServoStudio\wpfui-servoStudio\samples\Wpf.Ui.servoStudio\ViewModels\DeviceSet\DeviceAddViewModel.cs(1108,12): warning IDE0055: 淇鏍煎紡 (https://learn.microsoft.com/dotnet/fundamentals/code-analysis/style-rules/ide0055) [C:\UserWorx\VSWorx\ServoStudio\wpfui-servoStudio\samples\Wpf.Ui.servoStudio\servoStudio_wjhet5xd_wpftmp.csproj]
C:\UserWorx\VSWorx\ServoStudio\wpfui-servoStudio\samples\Wpf.Ui.servoStudio\ViewModels\DeviceSet\DeviceAddViewModel.cs(1108,14): warning IDE0055: 淇鏍煎紡 (https://learn.microsoft.com/dotnet/fundamentals/code-analysis/style-rules/ide0055) [C:\UserWorx\VSWorx\ServoStudio\wpfui-servoStudio\samples\Wpf.Ui.servoStudio\servoStudio_wjhet5xd_wpftmp.csproj]
C:\UserWorx\VSWorx\ServoStudio\wpfui-servoStudio\samples\Wpf.Ui.servoStudio\ViewModels\DeviceSet\DeviceAddViewModel.cs(1108,37): warning IDE0055: 淇鏍煎紡 (https://learn.microsoft.com/dotnet/fundamentals/code-analysis/style-rules/ide0055) [C:\UserWorx\VSWorx\ServoStudio\wpfui-servoStudio\samples\Wpf.Ui.servoStudio\servoStudio_wjhet5xd_wpftmp.csproj]
C:\UserWorx\VSWorx\ServoStudio\wpfui-servoStudio\samples\Wpf.Ui.servoStudio\ViewModels\DeviceSet\DeviceAddViewModel.cs(1108,39): warning IDE0055: 淇鏍煎紡 (https://learn.microsoft.com/dotnet/fundamentals/code-analysis/style-rules/ide0055) [C:\UserWorx\VSWorx\ServoStudio\wpfui-servoStudio\samples\Wpf.Ui.servoStudio\servoStudio_wjhet5xd_wpftmp.csproj]
C:\UserWorx\VSWorx\ServoStudio\wpfui-servoStudio\samples\Wpf.Ui.servoStudio\ViewModels\DeviceSet\DeviceAddViewModel.cs(1539,32): warning IDE0055: 淇鏍煎紡 (https://learn.microsoft.com/dotnet/fundamentals/code-analysis/style-rules/ide0055) [C:\UserWorx\VSWorx\ServoStudio\wpfui-servoStudio\samples\Wpf.Ui.servoStudio\servoStudio_wjhet5xd_wpftmp.csproj]
C:\UserWorx\VSWorx\ServoStudio\wpfui-servoStudio\samples\Wpf.Ui.servoStudio\ViewModels\DeviceSet\DeviceAddViewModel.cs(1555,12): warning IDE0055: 淇鏍煎紡 (https://learn.microsoft.com/dotnet/fundamentals/code-analysis/style-rules/ide0055) [C:\UserWorx\VSWorx\ServoStudio\wpfui-servoStudio\samples\Wpf.Ui.servoStudio\servoStudio_wjhet5xd_wpftmp.csproj]
C:\UserWorx\VSWorx\ServoStudio\wpfui-servoStudio\samples\Wpf.Ui.servoStudio\ViewModels\DeviceSet\DeviceAddViewModel.cs(1555,14): warning IDE0055: 淇鏍煎紡 (https://learn.microsoft.com/dotnet/fundamentals/code-analysis/style-rules/ide0055) [C:\UserWorx\VSWorx\ServoStudio\wpfui-servoStudio\samples\Wpf.Ui.servoStudio\servoStudio_wjhet5xd_wpftmp.csproj]
C:\UserWorx\VSWorx\ServoStudio\wpfui-servoStudio\samples\Wpf.Ui.servoStudio\ViewModels\DeviceSet\DeviceAddViewModel.cs(1555,29): warning IDE0055: 淇鏍煎紡 (https://learn.microsoft.com/dotnet/fundamentals/code-analysis/style-rules/ide0055) [C:\UserWorx\VSWorx\ServoStudio\wpfui-servoStudio\samples\Wpf.Ui.servoStudio\servoStudio_wjhet5xd_wpftmp.csproj]
C:\UserWorx\VSWorx\ServoStudio\wpfui-servoStudio\samples\Wpf.Ui.servoStudio\ViewModels\DeviceSet\DeviceAddViewModel.cs(1555,31): warning IDE0055: 淇鏍煎紡 (https://learn.microsoft.com/dotnet/fundamentals/code-analysis/style-rules/ide0055) [C:\UserWorx\VSWorx\ServoStudio\wpfui-servoStudio\samples\Wpf.Ui.servoStudio\servoStudio_wjhet5xd_wpftmp.csproj]
C:\UserWorx\VSWorx\ServoStudio\wpfui-servoStudio\samples\Wpf.Ui.servoStudio\ViewModels\DeviceSet\DeviceAddViewModel.cs(1556,12): warning IDE0055: 淇鏍煎紡 (https://learn.microsoft.com/dotnet/fundamentals/code-analysis/style-rules/ide0055) [C:\UserWorx\VSWorx\ServoStudio\wpfui-servoStudio\samples\Wpf.Ui.servoStudio\servoStudio_wjhet5xd_wpftmp.csproj]
C:\UserWorx\VSWorx\ServoStudio\wpfui-servoStudio\samples\Wpf.Ui.servoStudio\ViewModels\DeviceSet\DeviceAddViewModel.cs(1556,14): warning IDE0055: 淇鏍煎紡 (https://learn.microsoft.com/dotnet/fundamentals/code-analysis/style-rules/ide0055) [C:\UserWorx\VSWorx\ServoStudio\wpfui-servoStudio\samples\Wpf.Ui.servoStudio\servoStudio_wjhet5xd_wpftmp.csproj]
C:\UserWorx\VSWorx\ServoStudio\wpfui-servoStudio\samples\Wpf.Ui.servoStudio\ViewModels\DeviceSet\DeviceAddViewModel.cs(1556,30): warning IDE0055: 淇鏍煎紡 (https://learn.microsoft.com/dotnet/fundamentals/code-analysis/style-rules/ide0055) [C:\UserWorx\VSWorx\ServoStudio\wpfui-servoStudio\samples\Wpf.Ui.servoStudio\servoStudio_wjhet5xd_wpftmp.csproj]
C:\UserWorx\VSWorx\ServoStudio\wpfui-servoStudio\samples\Wpf.Ui.servoStudio\ViewModels\DeviceSet\DeviceAddViewModel.cs(1556,32): warning IDE0055: 淇鏍煎紡 (https://learn.microsoft.com/dotnet/fundamentals/code-analysis/style-rules/ide0055) [C:\UserWorx\VSWorx\ServoStudio\wpfui-servoStudio\samples\Wpf.Ui.servoStudio\servoStudio_wjhet5xd_wpftmp.csproj]
C:\UserWorx\VSWorx\ServoStudio\wpfui-servoStudio\samples\Wpf.Ui.servoStudio\ViewModels\DeviceSet\DeviceAddViewModel.cs(1566,83): warning IDE0055: 淇鏍煎紡 (https://learn.microsoft.com/dotnet/fundamentals/code-analysis/style-rules/ide0055) [C:\UserWorx\VSWorx\ServoStudio\wpfui-servoStudio\samples\Wpf.Ui.servoStudio\servoStudio_wjhet5xd_wpftmp.csproj]
C:\UserWorx\VSWorx\ServoStudio\wpfui-servoStudio\samples\Wpf.Ui.servoStudio\ViewModels\DeviceSet\DeviceAddViewModel.cs(1579,32): warning IDE0055: 淇鏍煎紡 (https://learn.microsoft.com/dotnet/fundamentals/code-analysis/style-rules/ide0055) [C:\UserWorx\VSWorx\ServoStudio\wpfui-servoStudio\samples\Wpf.Ui.servoStudio\servoStudio_wjhet5xd_wpftmp.csproj]
C:\UserWorx\VSWorx\ServoStudio\wpfui-servoStudio\samples\Wpf.Ui.servoStudio\ViewModels\DeviceSet\DeviceAddViewModel.cs(1664,12): warning IDE0055: 淇鏍煎紡 (https://learn.microsoft.com/dotnet/fundamentals/code-analysis/style-rules/ide0055) [C:\UserWorx\VSWorx\ServoStudio\wpfui-servoStudio\samples\Wpf.Ui.servoStudio\servoStudio_wjhet5xd_wpftmp.csproj]
C:\UserWorx\VSWorx\ServoStudio\wpfui-servoStudio\samples\Wpf.Ui.servoStudio\ViewModels\DeviceSet\DeviceAddViewModel.cs(1664,14): warning IDE0055: 淇鏍煎紡 (https://learn.microsoft.com/dotnet/fundamentals/code-analysis/style-rules/ide0055) [C:\UserWorx\VSWorx\ServoStudio\wpfui-servoStudio\samples\Wpf.Ui.servoStudio\servoStudio_wjhet5xd_wpftmp.csproj]
C:\UserWorx\VSWorx\ServoStudio\wpfui-servoStudio\samples\Wpf.Ui.servoStudio\ViewModels\DeviceSet\DeviceAddViewModel.cs(1664,29): warning IDE0055: 淇鏍煎紡 (https://learn.microsoft.com/dotnet/fundamentals/code-analysis/style-rules/ide0055) [C:\UserWorx\VSWorx\ServoStudio\wpfui-servoStudio\samples\Wpf.Ui.servoStudio\servoStudio_wjhet5xd_wpftmp.csproj]
C:\UserWorx\VSWorx\ServoStudio\wpfui-servoStudio\samples\Wpf.Ui.servoStudio\ViewModels\DeviceSet\DeviceAddViewModel.cs(1664,31): warning IDE0055: 淇鏍煎紡 (https://learn.microsoft.com/dotnet/fundamentals/code-analysis/style-rules/ide0055) [C:\UserWorx\VSWorx\ServoStudio\wpfui-servoStudio\samples\Wpf.Ui.servoStudio\servoStudio_wjhet5xd_wpftmp.csproj]
C:\UserWorx\VSWorx\ServoStudio\wpfui-servoStudio\samples\Wpf.Ui.servoStudio\ViewModels\DeviceSet\DeviceAddViewModel.cs(1665,12): warning IDE0055: 淇鏍煎紡 (https://learn.microsoft.com/dotnet/fundamentals/code-analysis/style-rules/ide0055) [C:\UserWorx\VSWorx\ServoStudio\wpfui-servoStudio\samples\Wpf.Ui.servoStudio\servoStudio_wjhet5xd_wpftmp.csproj]
C:\UserWorx\VSWorx\ServoStudio\wpfui-servoStudio\samples\Wpf.Ui.servoStudio\ViewModels\DeviceSet\DeviceAddViewModel.cs(1665,14): warning IDE0055: 淇鏍煎紡 (https://learn.microsoft.com/dotnet/fundamentals/code-analysis/style-rules/ide0055) [C:\UserWorx\VSWorx\ServoStudio\wpfui-servoStudio\samples\Wpf.Ui.servoStudio\servoStudio_wjhet5xd_wpftmp.csproj]
C:\UserWorx\VSWorx\ServoStudio\wpfui-servoStudio\samples\Wpf.Ui.servoStudio\ViewModels\DeviceSet\DeviceAddViewModel.cs(1665,30): warning IDE0055: 淇鏍煎紡 (https://learn.microsoft.com/dotnet/fundamentals/code-analysis/style-rules/ide0055) [C:\UserWorx\VSWorx\ServoStudio\wpfui-servoStudio\samples\Wpf.Ui.servoStudio\servoStudio_wjhet5xd_wpftmp.csproj]
C:\UserWorx\VSWorx\ServoStudio\wpfui-servoStudio\samples\Wpf.Ui.servoStudio\ViewModels\DeviceSet\DeviceAddViewModel.cs(1665,32): warning IDE0055: 淇鏍煎紡 (https://learn.microsoft.com/dotnet/fundamentals/code-analysis/style-rules/ide0055) [C:\UserWorx\VSWorx\ServoStudio\wpfui-servoStudio\samples\Wpf.Ui.servoStudio\servoStudio_wjhet5xd_wpftmp.csproj]
C:\UserWorx\VSWorx\ServoStudio\wpfui-servoStudio\samples\Wpf.Ui.servoStudio\ViewModels\DeviceSet\DeviceAddViewModel.cs(1675,84): warning IDE0055: 淇鏍煎紡 (https://learn.microsoft.com/dotnet/fundamentals/code-analysis/style-rules/ide0055) [C:\UserWorx\VSWorx\ServoStudio\wpfui-servoStudio\samples\Wpf.Ui.servoStudio\servoStudio_wjhet5xd_wpftmp.csproj]
C:\UserWorx\VSWorx\ServoStudio\wpfui-servoStudio\samples\Wpf.Ui.servoStudio\ViewModels\DeviceSet\DeviceAddViewModel.cs(1688,33): warning IDE0055: 淇鏍煎紡 (https://learn.microsoft.com/dotnet/fundamentals/code-analysis/style-rules/ide0055) [C:\UserWorx\VSWorx\ServoStudio\wpfui-servoStudio\samples\Wpf.Ui.servoStudio\servoStudio_wjhet5xd_wpftmp.csproj]
C:\UserWorx\VSWorx\ServoStudio\wpfui-servoStudio\samples\Wpf.Ui.servoStudio\ViewModels\DeviceSet\DeviceAddViewModel.cs(1756,16): warning IDE0055: 淇鏍煎紡 (https://learn.microsoft.com/dotnet/fundamentals/code-analysis/style-rules/ide0055) [C:\UserWorx\VSWorx\ServoStudio\wpfui-servoStudio\samples\Wpf.Ui.servoStudio\servoStudio_wjhet5xd_wpftmp.csproj]
C:\UserWorx\VSWorx\ServoStudio\wpfui-servoStudio\samples\Wpf.Ui.servoStudio\ViewModels\DeviceSet\DeviceAddViewModel.cs(1756,18): warning IDE0055: 淇鏍煎紡 (https://learn.microsoft.com/dotnet/fundamentals/code-analysis/style-rules/ide0055) [C:\UserWorx\VSWorx\ServoStudio\wpfui-servoStudio\samples\Wpf.Ui.servoStudio\servoStudio_wjhet5xd_wpftmp.csproj]
C:\UserWorx\VSWorx\ServoStudio\wpfui-servoStudio\samples\Wpf.Ui.servoStudio\ViewModels\DeviceSet\DeviceAddViewModel.cs(1756,33): warning IDE0055: 淇鏍煎紡 (https://learn.microsoft.com/dotnet/fundamentals/code-analysis/style-rules/ide0055) [C:\UserWorx\VSWorx\ServoStudio\wpfui-servoStudio\samples\Wpf.Ui.servoStudio\servoStudio_wjhet5xd_wpftmp.csproj]
C:\UserWorx\VSWorx\ServoStudio\wpfui-servoStudio\samples\Wpf.Ui.servoStudio\ViewModels\DeviceSet\DeviceAddViewModel.cs(1756,35): warning IDE0055: 淇鏍煎紡 (https://learn.microsoft.com/dotnet/fundamentals/code-analysis/style-rules/ide0055) [C:\UserWorx\VSWorx\ServoStudio\wpfui-servoStudio\samples\Wpf.Ui.servoStudio\servoStudio_wjhet5xd_wpftmp.csproj]
C:\UserWorx\VSWorx\ServoStudio\wpfui-servoStudio\samples\Wpf.Ui.servoStudio\ViewModels\DeviceSet\DeviceAddViewModel.cs(1955,16): warning IDE0055: 淇鏍煎紡 (https://learn.microsoft.com/dotnet/fundamentals/code-analysis/style-rules/ide0055) [C:\UserWorx\VSWorx\ServoStudio\wpfui-servoStudio\samples\Wpf.Ui.servoStudio\servoStudio_wjhet5xd_wpftmp.csproj]
C:\UserWorx\VSWorx\ServoStudio\wpfui-servoStudio\samples\Wpf.Ui.servoStudio\ViewModels\DeviceSet\DeviceAddViewModel.cs(1955,18): warning IDE0055: 淇鏍煎紡 (https://learn.microsoft.com/dotnet/fundamentals/code-analysis/style-rules/ide0055) [C:\UserWorx\VSWorx\ServoStudio\wpfui-servoStudio\samples\Wpf.Ui.servoStudio\servoStudio_wjhet5xd_wpftmp.csproj]
C:\UserWorx\VSWorx\ServoStudio\wpfui-servoStudio\samples\Wpf.Ui.servoStudio\ViewModels\DeviceSet\DeviceAddViewModel.cs(1955,41): warning IDE0055: 淇鏍煎紡 (https://learn.microsoft.com/dotnet/fundamentals/code-analysis/style-rules/ide0055) [C:\UserWorx\VSWorx\ServoStudio\wpfui-servoStudio\samples\Wpf.Ui.servoStudio\servoStudio_wjhet5xd_wpftmp.csproj]
C:\UserWorx\VSWorx\ServoStudio\wpfui-servoStudio\samples\Wpf.Ui.servoStudio\ViewModels\DeviceSet\DeviceAddViewModel.cs(1955,43): warning IDE0055: 淇鏍煎紡 (https://learn.microsoft.com/dotnet/fundamentals/code-analysis/style-rules/ide0055) [C:\UserWorx\VSWorx\ServoStudio\wpfui-servoStudio\samples\Wpf.Ui.servoStudio\servoStudio_wjhet5xd_wpftmp.csproj]
C:\UserWorx\VSWorx\ServoStudio\wpfui-servoStudio\samples\Wpf.Ui.servoStudio\ViewModels\DeviceSet\DeviceAddViewModel.cs(2065,41): warning IDE0055: 淇鏍煎紡 (https://learn.microsoft.com/dotnet/fundamentals/code-analysis/style-rules/ide0055) [C:\UserWorx\VSWorx\ServoStudio\wpfui-servoStudio\samples\Wpf.Ui.servoStudio\servoStudio_wjhet5xd_wpftmp.csproj]
C:\UserWorx\VSWorx\ServoStudio\wpfui-servoStudio\samples\Wpf.Ui.servoStudio\ViewModels\DeviceSet\DeviceAddViewModel.cs(2066,40): warning IDE0055: 淇鏍煎紡 (https://learn.microsoft.com/dotnet/fundamentals/code-analysis/style-rules/ide0055) [C:\UserWorx\VSWorx\ServoStudio\wpfui-servoStudio\samples\Wpf.Ui.servoStudio\servoStudio_wjhet5xd_wpftmp.csproj]
C:\UserWorx\VSWorx\ServoStudio\wpfui-servoStudio\samples\Wpf.Ui.servoStudio\ViewModels\DeviceSet\DeviceAddViewModel.cs(2080,33): warning IDE0055: 淇鏍煎紡 (https://learn.microsoft.com/dotnet/fundamentals/code-analysis/style-rules/ide0055) [C:\UserWorx\VSWorx\ServoStudio\wpfui-servoStudio\samples\Wpf.Ui.servoStudio\servoStudio_wjhet5xd_wpftmp.csproj]
C:\UserWorx\VSWorx\ServoStudio\wpfui-servoStudio\samples\Wpf.Ui.servoStudio\ViewModels\DeviceSet\DeviceAddViewModel.cs(2201,12): warning IDE0055: 淇鏍煎紡 (https://learn.microsoft.com/dotnet/fundamentals/code-analysis/style-rules/ide0055) [C:\UserWorx\VSWorx\ServoStudio\wpfui-servoStudio\samples\Wpf.Ui.servoStudio\servoStudio_wjhet5xd_wpftmp.csproj]
C:\UserWorx\VSWorx\ServoStudio\wpfui-servoStudio\samples\Wpf.Ui.servoStudio\ViewModels\DeviceSet\DeviceAddViewModel.cs(2201,14): warning IDE0055: 淇鏍煎紡 (https://learn.microsoft.com/dotnet/fundamentals/code-analysis/style-rules/ide0055) [C:\UserWorx\VSWorx\ServoStudio\wpfui-servoStudio\samples\Wpf.Ui.servoStudio\servoStudio_wjhet5xd_wpftmp.csproj]
C:\UserWorx\VSWorx\ServoStudio\wpfui-servoStudio\samples\Wpf.Ui.servoStudio\ViewModels\DeviceSet\DeviceAddViewModel.cs(2201,41): warning IDE0055: 淇鏍煎紡 (https://learn.microsoft.com/dotnet/fundamentals/code-analysis/style-rules/ide0055) [C:\UserWorx\VSWorx\ServoStudio\wpfui-servoStudio\samples\Wpf.Ui.servoStudio\servoStudio_wjhet5xd_wpftmp.csproj]
C:\UserWorx\VSWorx\ServoStudio\wpfui-servoStudio\samples\Wpf.Ui.servoStudio\ViewModels\DeviceSet\DeviceAddViewModel.cs(2201,43): warning IDE0055: 淇鏍煎紡 (https://learn.microsoft.com/dotnet/fundamentals/code-analysis/style-rules/ide0055) [C:\UserWorx\VSWorx\ServoStudio\wpfui-servoStudio\samples\Wpf.Ui.servoStudio\servoStudio_wjhet5xd_wpftmp.csproj]
C:\UserWorx\VSWorx\ServoStudio\wpfui-servoStudio\samples\Wpf.Ui.servoStudio\ViewModels\DeviceSet\DeviceAddViewModel.cs(2448,12): warning IDE0055: 淇鏍煎紡 (https://learn.microsoft.com/dotnet/fundamentals/code-analysis/style-rules/ide0055) [C:\UserWorx\VSWorx\ServoStudio\wpfui-servoStudio\samples\Wpf.Ui.servoStudio\servoStudio_wjhet5xd_wpftmp.csproj]
C:\UserWorx\VSWorx\ServoStudio\wpfui-servoStudio\samples\Wpf.Ui.servoStudio\ViewModels\DeviceSet\DeviceAddViewModel.cs(2448,14): warning IDE0055: 淇鏍煎紡 (https://learn.microsoft.com/dotnet/fundamentals/code-analysis/style-rules/ide0055) [C:\UserWorx\VSWorx\ServoStudio\wpfui-servoStudio\samples\Wpf.Ui.servoStudio\servoStudio_wjhet5xd_wpftmp.csproj]
C:\UserWorx\VSWorx\ServoStudio\wpfui-servoStudio\samples\Wpf.Ui.servoStudio\ViewModels\DeviceSet\DeviceAddViewModel.cs(2448,37): warning IDE0055: 淇鏍煎紡 (https://learn.microsoft.com/dotnet/fundamentals/code-analysis/style-rules/ide0055) [C:\UserWorx\VSWorx\ServoStudio\wpfui-servoStudio\samples\Wpf.Ui.servoStudio\servoStudio_wjhet5xd_wpftmp.csproj]
C:\UserWorx\VSWorx\ServoStudio\wpfui-servoStudio\samples\Wpf.Ui.servoStudio\ViewModels\DeviceSet\DeviceAddViewModel.cs(2448,39): warning IDE0055: 淇鏍煎紡 (https://learn.microsoft.com/dotnet/fundamentals/code-analysis/style-rules/ide0055) [C:\UserWorx\VSWorx\ServoStudio\wpfui-servoStudio\samples\Wpf.Ui.servoStudio\servoStudio_wjhet5xd_wpftmp.csproj]
C:\UserWorx\VSWorx\ServoStudio\wpfui-servoStudio\samples\Wpf.Ui.servoStudio\ViewModels\DeviceSet\DeviceAddViewModel.cs(2449,12): warning IDE0055: 淇鏍煎紡 (https://learn.microsoft.com/dotnet/fundamentals/code-analysis/style-rules/ide0055) [C:\UserWorx\VSWorx\ServoStudio\wpfui-servoStudio\samples\Wpf.Ui.servoStudio\servoStudio_wjhet5xd_wpftmp.csproj]
C:\UserWorx\VSWorx\ServoStudio\wpfui-servoStudio\samples\Wpf.Ui.servoStudio\ViewModels\DeviceSet\DeviceAddViewModel.cs(2449,14): warning IDE0055: 淇鏍煎紡 (https://learn.microsoft.com/dotnet/fundamentals/code-analysis/style-rules/ide0055) [C:\UserWorx\VSWorx\ServoStudio\wpfui-servoStudio\samples\Wpf.Ui.servoStudio\servoStudio_wjhet5xd_wpftmp.csproj]
C:\UserWorx\VSWorx\ServoStudio\wpfui-servoStudio\samples\Wpf.Ui.servoStudio\ViewModels\DeviceSet\DeviceAddViewModel.cs(2449,38): warning IDE0055: 淇鏍煎紡 (https://learn.microsoft.com/dotnet/fundamentals/code-analysis/style-rules/ide0055) [C:\UserWorx\VSWorx\ServoStudio\wpfui-servoStudio\samples\Wpf.Ui.servoStudio\servoStudio_wjhet5xd_wpftmp.csproj]
C:\UserWorx\VSWorx\ServoStudio\wpfui-servoStudio\samples\Wpf.Ui.servoStudio\ViewModels\DeviceSet\DeviceAddViewModel.cs(2449,40): warning IDE0055: 淇鏍煎紡 (https://learn.microsoft.com/dotnet/fundamentals/code-analysis/style-rules/ide0055) [C:\UserWorx\VSWorx\ServoStudio\wpfui-servoStudio\samples\Wpf.Ui.servoStudio\servoStudio_wjhet5xd_wpftmp.csproj]
C:\UserWorx\VSWorx\ServoStudio\wpfui-servoStudio\samples\Wpf.Ui.servoStudio\ViewModels\DeviceSet\DeviceAddViewModel.cs(2450,12): warning IDE0055: 淇鏍煎紡 (https://learn.microsoft.com/dotnet/fundamentals/code-analysis/style-rules/ide0055) [C:\UserWorx\VSWorx\ServoStudio\wpfui-servoStudio\samples\Wpf.Ui.servoStudio\servoStudio_wjhet5xd_wpftmp.csproj]
C:\UserWorx\VSWorx\ServoStudio\wpfui-servoStudio\samples\Wpf.Ui.servoStudio\ViewModels\DeviceSet\DeviceAddViewModel.cs(2450,14): warning IDE0055: 淇鏍煎紡 (https://learn.microsoft.com/dotnet/fundamentals/code-analysis/style-rules/ide0055) [C:\UserWorx\VSWorx\ServoStudio\wpfui-servoStudio\samples\Wpf.Ui.servoStudio\servoStudio_wjhet5xd_wpftmp.csproj]
C:\UserWorx\VSWorx\ServoStudio\wpfui-servoStudio\samples\Wpf.Ui.servoStudio\ViewModels\DeviceSet\DeviceAddViewModel.cs(2450,40): warning IDE0055: 淇鏍煎紡 (https://learn.microsoft.com/dotnet/fundamentals/code-analysis/style-rules/ide0055) [C:\UserWorx\VSWorx\ServoStudio\wpfui-servoStudio\samples\Wpf.Ui.servoStudio\servoStudio_wjhet5xd_wpftmp.csproj]
C:\UserWorx\VSWorx\ServoStudio\wpfui-servoStudio\samples\Wpf.Ui.servoStudio\ViewModels\DeviceSet\DeviceAddViewModel.cs(2450,42): warning IDE0055: 淇鏍煎紡 (https://learn.microsoft.com/dotnet/fundamentals/code-analysis/style-rules/ide0055) [C:\UserWorx\VSWorx\ServoStudio\wpfui-servoStudio\samples\Wpf.Ui.servoStudio\servoStudio_wjhet5xd_wpftmp.csproj]
C:\UserWorx\VSWorx\ServoStudio\wpfui-servoStudio\samples\Wpf.Ui.servoStudio\ViewModels\DeviceSet\DeviceAddViewModel.cs(2451,12): warning IDE0055: 淇鏍煎紡 (https://learn.microsoft.com/dotnet/fundamentals/code-analysis/style-rules/ide0055) [C:\UserWorx\VSWorx\ServoStudio\wpfui-servoStudio\samples\Wpf.Ui.servoStudio\servoStudio_wjhet5xd_wpftmp.csproj]
C:\UserWorx\VSWorx\ServoStudio\wpfui-servoStudio\samples\Wpf.Ui.servoStudio\ViewModels\DeviceSet\DeviceAddViewModel.cs(2451,14): warning IDE0055: 淇鏍煎紡 (https://learn.microsoft.com/dotnet/fundamentals/code-analysis/style-rules/ide0055) [C:\UserWorx\VSWorx\ServoStudio\wpfui-servoStudio\samples\Wpf.Ui.servoStudio\servoStudio_wjhet5xd_wpftmp.csproj]
C:\UserWorx\VSWorx\ServoStudio\wpfui-servoStudio\samples\Wpf.Ui.servoStudio\ViewModels\DeviceSet\DeviceAddViewModel.cs(2451,39): warning IDE0055: 淇鏍煎紡 (https://learn.microsoft.com/dotnet/fundamentals/code-analysis/style-rules/ide0055) [C:\UserWorx\VSWorx\ServoStudio\wpfui-servoStudio\samples\Wpf.Ui.servoStudio\servoStudio_wjhet5xd_wpftmp.csproj]
C:\UserWorx\VSWorx\ServoStudio\wpfui-servoStudio\samples\Wpf.Ui.servoStudio\ViewModels\DeviceSet\DeviceAddViewModel.cs(2451,41): warning IDE0055: 淇鏍煎紡 (https://learn.microsoft.com/dotnet/fundamentals/code-analysis/style-rules/ide0055) [C:\UserWorx\VSWorx\ServoStudio\wpfui-servoStudio\samples\Wpf.Ui.servoStudio\servoStudio_wjhet5xd_wpftmp.csproj]
C:\UserWorx\VSWorx\ServoStudio\wpfui-servoStudio\samples\Wpf.Ui.servoStudio\ViewModels\DeviceSet\DeviceAddViewModel.cs(2452,12): warning IDE0055: 淇鏍煎紡 (https://learn.microsoft.com/dotnet/fundamentals/code-analysis/style-rules/ide0055) [C:\UserWorx\VSWorx\ServoStudio\wpfui-servoStudio\samples\Wpf.Ui.servoStudio\servoStudio_wjhet5xd_wpftmp.csproj]
C:\UserWorx\VSWorx\ServoStudio\wpfui-servoStudio\samples\Wpf.Ui.servoStudio\ViewModels\DeviceSet\DeviceAddViewModel.cs(2452,14): warning IDE0055: 淇鏍煎紡 (https://learn.microsoft.com/dotnet/fundamentals/code-analysis/style-rules/ide0055) [C:\UserWorx\VSWorx\ServoStudio\wpfui-servoStudio\samples\Wpf.Ui.servoStudio\servoStudio_wjhet5xd_wpftmp.csproj]
C:\UserWorx\VSWorx\ServoStudio\wpfui-servoStudio\samples\Wpf.Ui.servoStudio\ViewModels\DeviceSet\DeviceAddViewModel.cs(2452,36): warning IDE0055: 淇鏍煎紡 (https://learn.microsoft.com/dotnet/fundamentals/code-analysis/style-rules/ide0055) [C:\UserWorx\VSWorx\ServoStudio\wpfui-servoStudio\samples\Wpf.Ui.servoStudio\servoStudio_wjhet5xd_wpftmp.csproj]
C:\UserWorx\VSWorx\ServoStudio\wpfui-servoStudio\samples\Wpf.Ui.servoStudio\ViewModels\DeviceSet\DeviceAddViewModel.cs(2452,38): warning IDE0055: 淇鏍煎紡 (https://learn.microsoft.com/dotnet/fundamentals/code-analysis/style-rules/ide0055) [C:\UserWorx\VSWorx\ServoStudio\wpfui-servoStudio\samples\Wpf.Ui.servoStudio\servoStudio_wjhet5xd_wpftmp.csproj]
C:\UserWorx\VSWorx\ServoStudio\wpfui-servoStudio\samples\Wpf.Ui.servoStudio\ViewModels\DeviceSet\DeviceAddViewModel.cs(2453,12): warning IDE0055: 淇鏍煎紡 (https://learn.microsoft.com/dotnet/fundamentals/code-analysis/style-rules/ide0055) [C:\UserWorx\VSWorx\ServoStudio\wpfui-servoStudio\samples\Wpf.Ui.servoStudio\servoStudio_wjhet5xd_wpftmp.csproj]
C:\UserWorx\VSWorx\ServoStudio\wpfui-servoStudio\samples\Wpf.Ui.servoStudio\ViewModels\DeviceSet\DeviceAddViewModel.cs(2453,14): warning IDE0055: 淇鏍煎紡 (https://learn.microsoft.com/dotnet/fundamentals/code-analysis/style-rules/ide0055) [C:\UserWorx\VSWorx\ServoStudio\wpfui-servoStudio\samples\Wpf.Ui.servoStudio\servoStudio_wjhet5xd_wpftmp.csproj]
C:\UserWorx\VSWorx\ServoStudio\wpfui-servoStudio\samples\Wpf.Ui.servoStudio\ViewModels\DeviceSet\DeviceAddViewModel.cs(2453,39): warning IDE0055: 淇鏍煎紡 (https://learn.microsoft.com/dotnet/fundamentals/code-analysis/style-rules/ide0055) [C:\UserWorx\VSWorx\ServoStudio\wpfui-servoStudio\samples\Wpf.Ui.servoStudio\servoStudio_wjhet5xd_wpftmp.csproj]
C:\UserWorx\VSWorx\ServoStudio\wpfui-servoStudio\samples\Wpf.Ui.servoStudio\ViewModels\DeviceSet\DeviceAddViewModel.cs(2453,41): warning IDE0055: 淇鏍煎紡 (https://learn.microsoft.com/dotnet/fundamentals/code-analysis/style-rules/ide0055) [C:\UserWorx\VSWorx\ServoStudio\wpfui-servoStudio\samples\Wpf.Ui.servoStudio\servoStudio_wjhet5xd_wpftmp.csproj]
C:\UserWorx\VSWorx\ServoStudio\wpfui-servoStudio\samples\Wpf.Ui.servoStudio\ViewModels\DeviceSet\DeviceAddViewModel.cs(2454,12): warning IDE0055: 淇鏍煎紡 (https://learn.microsoft.com/dotnet/fundamentals/code-analysis/style-rules/ide0055) [C:\UserWorx\VSWorx\ServoStudio\wpfui-servoStudio\samples\Wpf.Ui.servoStudio\servoStudio_wjhet5xd_wpftmp.csproj]
C:\UserWorx\VSWorx\ServoStudio\wpfui-servoStudio\samples\Wpf.Ui.servoStudio\ViewModels\DeviceSet\DeviceAddViewModel.cs(2454,14): warning IDE0055: 淇鏍煎紡 (https://learn.microsoft.com/dotnet/fundamentals/code-analysis/style-rules/ide0055) [C:\UserWorx\VSWorx\ServoStudio\wpfui-servoStudio\samples\Wpf.Ui.servoStudio\servoStudio_wjhet5xd_wpftmp.csproj]
C:\UserWorx\VSWorx\ServoStudio\wpfui-servoStudio\samples\Wpf.Ui.servoStudio\ViewModels\DeviceSet\DeviceAddViewModel.cs(2454,32): warning IDE0055: 淇鏍煎紡 (https://learn.microsoft.com/dotnet/fundamentals/code-analysis/style-rules/ide0055) [C:\UserWorx\VSWorx\ServoStudio\wpfui-servoStudio\samples\Wpf.Ui.servoStudio\servoStudio_wjhet5xd_wpftmp.csproj]
C:\UserWorx\VSWorx\ServoStudio\wpfui-servoStudio\samples\Wpf.Ui.servoStudio\ViewModels\DeviceSet\DeviceAddViewModel.cs(2454,34): warning IDE0055: 淇鏍煎紡 (https://learn.microsoft.com/dotnet/fundamentals/code-analysis/style-rules/ide0055) [C:\UserWorx\VSWorx\ServoStudio\wpfui-servoStudio\samples\Wpf.Ui.servoStudio\servoStudio_wjhet5xd_wpftmp.csproj]
C:\UserWorx\VSWorx\ServoStudio\wpfui-servoStudio\samples\Wpf.Ui.servoStudio\ViewModels\DeviceSet\DeviceAddViewModel.cs(2455,12): warning IDE0055: 淇鏍煎紡 (https://learn.microsoft.com/dotnet/fundamentals/code-analysis/style-rules/ide0055) [C:\UserWorx\VSWorx\ServoStudio\wpfui-servoStudio\samples\Wpf.Ui.servoStudio\servoStudio_wjhet5xd_wpftmp.csproj]
C:\UserWorx\VSWorx\ServoStudio\wpfui-servoStudio\samples\Wpf.Ui.servoStudio\ViewModels\DeviceSet\DeviceAddViewModel.cs(2455,14): warning IDE0055: 淇鏍煎紡 (https://learn.microsoft.com/dotnet/fundamentals/code-analysis/style-rules/ide0055) [C:\UserWorx\VSWorx\ServoStudio\wpfui-servoStudio\samples\Wpf.Ui.servoStudio\servoStudio_wjhet5xd_wpftmp.csproj]
C:\UserWorx\VSWorx\ServoStudio\wpfui-servoStudio\samples\Wpf.Ui.servoStudio\ViewModels\DeviceSet\DeviceAddViewModel.cs(2455,37): warning IDE0055: 淇鏍煎紡 (https://learn.microsoft.com/dotnet/fundamentals/code-analysis/style-rules/ide0055) [C:\UserWorx\VSWorx\ServoStudio\wpfui-servoStudio\samples\Wpf.Ui.servoStudio\servoStudio_wjhet5xd_wpftmp.csproj]
C:\UserWorx\VSWorx\ServoStudio\wpfui-servoStudio\samples\Wpf.Ui.servoStudio\ViewModels\DeviceSet\DeviceAddViewModel.cs(2455,39): warning IDE0055: 淇鏍煎紡 (https://learn.microsoft.com/dotnet/fundamentals/code-analysis/style-rules/ide0055) [C:\UserWorx\VSWorx\ServoStudio\wpfui-servoStudio\samples\Wpf.Ui.servoStudio\servoStudio_wjhet5xd_wpftmp.csproj]
C:\UserWorx\VSWorx\ServoStudio\wpfui-servoStudio\samples\Wpf.Ui.servoStudio\ViewModels\DeviceSet\DeviceAddViewModel.cs(2456,12): warning IDE0055: 淇鏍煎紡 (https://learn.microsoft.com/dotnet/fundamentals/code-analysis/style-rules/ide0055) [C:\UserWorx\VSWorx\ServoStudio\wpfui-servoStudio\samples\Wpf.Ui.servoStudio\servoStudio_wjhet5xd_wpftmp.csproj]
C:\UserWorx\VSWorx\ServoStudio\wpfui-servoStudio\samples\Wpf.Ui.servoStudio\ViewModels\DeviceSet\DeviceAddViewModel.cs(2456,14): warning IDE0055: 淇鏍煎紡 (https://learn.microsoft.com/dotnet/fundamentals/code-analysis/style-rules/ide0055) [C:\UserWorx\VSWorx\ServoStudio\wpfui-servoStudio\samples\Wpf.Ui.servoStudio\servoStudio_wjhet5xd_wpftmp.csproj]
C:\UserWorx\VSWorx\ServoStudio\wpfui-servoStudio\samples\Wpf.Ui.servoStudio\ViewModels\DeviceSet\DeviceAddViewModel.cs(2456,36): warning IDE0055: 淇鏍煎紡 (https://learn.microsoft.com/dotnet/fundamentals/code-analysis/style-rules/ide0055) [C:\UserWorx\VSWorx\ServoStudio\wpfui-servoStudio\samples\Wpf.Ui.servoStudio\servoStudio_wjhet5xd_wpftmp.csproj]
C:\UserWorx\VSWorx\ServoStudio\wpfui-servoStudio\samples\Wpf.Ui.servoStudio\ViewModels\DeviceSet\DeviceAddViewModel.cs(2456,38): warning IDE0055: 淇鏍煎紡 (https://learn.microsoft.com/dotnet/fundamentals/code-analysis/style-rules/ide0055) [C:\UserWorx\VSWorx\ServoStudio\wpfui-servoStudio\samples\Wpf.Ui.servoStudio\servoStudio_wjhet5xd_wpftmp.csproj]
C:\UserWorx\VSWorx\ServoStudio\wpfui-servoStudio\samples\Wpf.Ui.servoStudio\Services\FrameFormatRuntimeService.cs(97,9): warning IDE0011: 鍚?鈥渓ock鈥?璇彞娣诲姞澶ф嫭鍙枫€?(https://learn.microsoft.com/dotnet/fundamentals/code-analysis/style-rules/ide0011) [C:\UserWorx\VSWorx\ServoStudio\wpfui-servoStudio\samples\Wpf.Ui.servoStudio\servoStudio_wjhet5xd_wpftmp.csproj]
C:\UserWorx\VSWorx\ServoStudio\wpfui-servoStudio\samples\Wpf.Ui.servoStudio\ViewModels\DeviceSet\DeviceAddViewModel.cs(693,9): warning IDE2003: 鍧椾笌鍚庣画璇彞涔嬮棿闇€瑕佹湁绌虹櫧琛?(https://learn.microsoft.com/dotnet/fundamentals/code-analysis/style-rules/ide2003) [C:\UserWorx\VSWorx\ServoStudio\wpfui-servoStudio\samples\Wpf.Ui.servoStudio\servoStudio_wjhet5xd_wpftmp.csproj]
C:\UserWorx\VSWorx\ServoStudio\wpfui-servoStudio\samples\Wpf.Ui.servoStudio\ViewModels\DeviceSet\DeviceAddViewModel.cs(703,9): warning IDE2003: 鍧椾笌鍚庣画璇彞涔嬮棿闇€瑕佹湁绌虹櫧琛?(https://learn.microsoft.com/dotnet/fundamentals/code-analysis/style-rules/ide2003) [C:\UserWorx\VSWorx\ServoStudio\wpfui-servoStudio\samples\Wpf.Ui.servoStudio\servoStudio_wjhet5xd_wpftmp.csproj]
C:\UserWorx\VSWorx\ServoStudio\wpfui-servoStudio\samples\Wpf.Ui.servoStudio\ViewModels\DeviceSet\DeviceAddViewModel.cs(712,9): warning IDE2003: 鍧椾笌鍚庣画璇彞涔嬮棿闇€瑕佹湁绌虹櫧琛?(https://learn.microsoft.com/dotnet/fundamentals/code-analysis/style-rules/ide2003) [C:\UserWorx\VSWorx\ServoStudio\wpfui-servoStudio\samples\Wpf.Ui.servoStudio\servoStudio_wjhet5xd_wpftmp.csproj]
C:\UserWorx\VSWorx\ServoStudio\wpfui-servoStudio\samples\Wpf.Ui.servoStudio\ViewModels\DeviceSet\DeviceAddViewModel.cs(953,9): warning IDE2003: 鍧椾笌鍚庣画璇彞涔嬮棿闇€瑕佹湁绌虹櫧琛?(https://learn.microsoft.com/dotnet/fundamentals/code-analysis/style-rules/ide2003) [C:\UserWorx\VSWorx\ServoStudio\wpfui-servoStudio\samples\Wpf.Ui.servoStudio\servoStudio_wjhet5xd_wpftmp.csproj]
C:\UserWorx\VSWorx\ServoStudio\wpfui-servoStudio\samples\Wpf.Ui.servoStudio\ViewModels\DeviceSet\DeviceAddViewModel.cs(998,9): warning IDE2003: 鍧椾笌鍚庣画璇彞涔嬮棿闇€瑕佹湁绌虹櫧琛?(https://learn.microsoft.com/dotnet/fundamentals/code-analysis/style-rules/ide2003) [C:\UserWorx\VSWorx\ServoStudio\wpfui-servoStudio\samples\Wpf.Ui.servoStudio\servoStudio_wjhet5xd_wpftmp.csproj]
C:\UserWorx\VSWorx\ServoStudio\wpfui-servoStudio\samples\Wpf.Ui.servoStudio\ViewModels\DeviceSet\DeviceAddViewModel.cs(1049,9): warning IDE2003: 鍧椾笌鍚庣画璇彞涔嬮棿闇€瑕佹湁绌虹櫧琛?(https://learn.microsoft.com/dotnet/fundamentals/code-analysis/style-rules/ide2003) [C:\UserWorx\VSWorx\ServoStudio\wpfui-servoStudio\samples\Wpf.Ui.servoStudio\servoStudio_wjhet5xd_wpftmp.csproj]
C:\UserWorx\VSWorx\ServoStudio\wpfui-servoStudio\samples\Wpf.Ui.servoStudio\ViewModels\DeviceSet\DeviceAddViewModel.cs(1067,65): warning IDE2003: 鍧椾笌鍚庣画璇彞涔嬮棿闇€瑕佹湁绌虹櫧琛?(https://learn.microsoft.com/dotnet/fundamentals/code-analysis/style-rules/ide2003) [C:\UserWorx\VSWorx\ServoStudio\wpfui-servoStudio\samples\Wpf.Ui.servoStudio\servoStudio_wjhet5xd_wpftmp.csproj]
C:\UserWorx\VSWorx\ServoStudio\wpfui-servoStudio\samples\Wpf.Ui.servoStudio\ViewModels\DeviceSet\DeviceAddViewModel.cs(1075,68): warning IDE2003: 鍧椾笌鍚庣画璇彞涔嬮棿闇€瑕佹湁绌虹櫧琛?(https://learn.microsoft.com/dotnet/fundamentals/code-analysis/style-rules/ide2003) [C:\UserWorx\VSWorx\ServoStudio\wpfui-servoStudio\samples\Wpf.Ui.servoStudio\servoStudio_wjhet5xd_wpftmp.csproj]
C:\UserWorx\VSWorx\ServoStudio\wpfui-servoStudio\samples\Wpf.Ui.servoStudio\ViewModels\DeviceSet\DeviceAddViewModel.cs(1093,65): warning IDE2003: 鍧椾笌鍚庣画璇彞涔嬮棿闇€瑕佹湁绌虹櫧琛?(https://learn.microsoft.com/dotnet/fundamentals/code-analysis/style-rules/ide2003) [C:\UserWorx\VSWorx\ServoStudio\wpfui-servoStudio\samples\Wpf.Ui.servoStudio\servoStudio_wjhet5xd_wpftmp.csproj]
C:\UserWorx\VSWorx\ServoStudio\wpfui-servoStudio\samples\Wpf.Ui.servoStudio\ViewModels\DeviceSet\DeviceAddViewModel.cs(1107,58): warning IDE2003: 鍧椾笌鍚庣画璇彞涔嬮棿闇€瑕佹湁绌虹櫧琛?(https://learn.microsoft.com/dotnet/fundamentals/code-analysis/style-rules/ide2003) [C:\UserWorx\VSWorx\ServoStudio\wpfui-servoStudio\samples\Wpf.Ui.servoStudio\servoStudio_wjhet5xd_wpftmp.csproj]
C:\UserWorx\VSWorx\ServoStudio\wpfui-servoStudio\samples\Wpf.Ui.servoStudio\ViewModels\DeviceSet\DeviceAddViewModel.cs(1108,61): warning IDE2003: 鍧椾笌鍚庣画璇彞涔嬮棿闇€瑕佹湁绌虹櫧琛?(https://learn.microsoft.com/dotnet/fundamentals/code-analysis/style-rules/ide2003) [C:\UserWorx\VSWorx\ServoStudio\wpfui-servoStudio\samples\Wpf.Ui.servoStudio\servoStudio_wjhet5xd_wpftmp.csproj]
C:\UserWorx\VSWorx\ServoStudio\wpfui-servoStudio\samples\Wpf.Ui.servoStudio\ViewModels\DeviceSet\DeviceAddViewModel.cs(1555,53): warning IDE2003: 鍧椾笌鍚庣画璇彞涔嬮棿闇€瑕佹湁绌虹櫧琛?(https://learn.microsoft.com/dotnet/fundamentals/code-analysis/style-rules/ide2003) [C:\UserWorx\VSWorx\ServoStudio\wpfui-servoStudio\samples\Wpf.Ui.servoStudio\servoStudio_wjhet5xd_wpftmp.csproj]
C:\UserWorx\VSWorx\ServoStudio\wpfui-servoStudio\samples\Wpf.Ui.servoStudio\ViewModels\DeviceSet\DeviceAddViewModel.cs(1633,13): warning IDE2003: 鍧椾笌鍚庣画璇彞涔嬮棿闇€瑕佹湁绌虹櫧琛?(https://learn.microsoft.com/dotnet/fundamentals/code-analysis/style-rules/ide2003) [C:\UserWorx\VSWorx\ServoStudio\wpfui-servoStudio\samples\Wpf.Ui.servoStudio\servoStudio_wjhet5xd_wpftmp.csproj]
C:\UserWorx\VSWorx\ServoStudio\wpfui-servoStudio\samples\Wpf.Ui.servoStudio\ViewModels\DeviceSet\DeviceAddViewModel.cs(1664,53): warning IDE2003: 鍧椾笌鍚庣画璇彞涔嬮棿闇€瑕佹湁绌虹櫧琛?(https://learn.microsoft.com/dotnet/fundamentals/code-analysis/style-rules/ide2003) [C:\UserWorx\VSWorx\ServoStudio\wpfui-servoStudio\samples\Wpf.Ui.servoStudio\servoStudio_wjhet5xd_wpftmp.csproj]
C:\UserWorx\VSWorx\ServoStudio\wpfui-servoStudio\samples\Wpf.Ui.servoStudio\ViewModels\DeviceSet\DeviceAddViewModel.cs(1749,13): warning IDE2003: 鍧椾笌鍚庣画璇彞涔嬮棿闇€瑕佹湁绌虹櫧琛?(https://learn.microsoft.com/dotnet/fundamentals/code-analysis/style-rules/ide2003) [C:\UserWorx\VSWorx\ServoStudio\wpfui-servoStudio\samples\Wpf.Ui.servoStudio\servoStudio_wjhet5xd_wpftmp.csproj]
C:\UserWorx\VSWorx\ServoStudio\wpfui-servoStudio\samples\Wpf.Ui.servoStudio\ViewModels\DeviceSet\DeviceAddViewModel.cs(1756,57): warning IDE2003: 鍧椾笌鍚庣画璇彞涔嬮棿闇€瑕佹湁绌虹櫧琛?(https://learn.microsoft.com/dotnet/fundamentals/code-analysis/style-rules/ide2003) [C:\UserWorx\VSWorx\ServoStudio\wpfui-servoStudio\samples\Wpf.Ui.servoStudio\servoStudio_wjhet5xd_wpftmp.csproj]
C:\UserWorx\VSWorx\ServoStudio\wpfui-servoStudio\samples\Wpf.Ui.servoStudio\ViewModels\DeviceSet\DeviceAddViewModel.cs(1955,65): warning IDE2003: 鍧椾笌鍚庣画璇彞涔嬮棿闇€瑕佹湁绌虹櫧琛?(https://learn.microsoft.com/dotnet/fundamentals/code-analysis/style-rules/ide2003) [C:\UserWorx\VSWorx\ServoStudio\wpfui-servoStudio\samples\Wpf.Ui.servoStudio\servoStudio_wjhet5xd_wpftmp.csproj]
C:\UserWorx\VSWorx\ServoStudio\wpfui-servoStudio\samples\Wpf.Ui.servoStudio\ViewModels\DeviceSet\DeviceAddViewModel.cs(2049,13): warning IDE2003: 鍧椾笌鍚庣画璇彞涔嬮棿闇€瑕佹湁绌虹櫧琛?(https://learn.microsoft.com/dotnet/fundamentals/code-analysis/style-rules/ide2003) [C:\UserWorx\VSWorx\ServoStudio\wpfui-servoStudio\samples\Wpf.Ui.servoStudio\servoStudio_wjhet5xd_wpftmp.csproj]
C:\UserWorx\VSWorx\ServoStudio\wpfui-servoStudio\samples\Wpf.Ui.servoStudio\ViewModels\DeviceSet\DeviceAddViewModel.cs(2140,13): warning IDE2003: 鍧椾笌鍚庣画璇彞涔嬮棿闇€瑕佹湁绌虹櫧琛?(https://learn.microsoft.com/dotnet/fundamentals/code-analysis/style-rules/ide2003) [C:\UserWorx\VSWorx\ServoStudio\wpfui-servoStudio\samples\Wpf.Ui.servoStudio\servoStudio_wjhet5xd_wpftmp.csproj]
C:\UserWorx\VSWorx\ServoStudio\wpfui-servoStudio\samples\Wpf.Ui.servoStudio\ViewModels\DeviceSet\DeviceAddViewModel.cs(2448,61): warning IDE2003: 鍧椾笌鍚庣画璇彞涔嬮棿闇€瑕佹湁绌虹櫧琛?(https://learn.microsoft.com/dotnet/fundamentals/code-analysis/style-rules/ide2003) [C:\UserWorx\VSWorx\ServoStudio\wpfui-servoStudio\samples\Wpf.Ui.servoStudio\servoStudio_wjhet5xd_wpftmp.csproj]
C:\UserWorx\VSWorx\ServoStudio\wpfui-servoStudio\samples\Wpf.Ui.servoStudio\ViewModels\DeviceSet\DeviceAddViewModel.cs(2449,62): warning IDE2003: 鍧椾笌鍚庣画璇彞涔嬮棿闇€瑕佹湁绌虹櫧琛?(https://learn.microsoft.com/dotnet/fundamentals/code-analysis/style-rules/ide2003) [C:\UserWorx\VSWorx\ServoStudio\wpfui-servoStudio\samples\Wpf.Ui.servoStudio\servoStudio_wjhet5xd_wpftmp.csproj]
C:\UserWorx\VSWorx\ServoStudio\wpfui-servoStudio\samples\Wpf.Ui.servoStudio\ViewModels\DeviceSet\DeviceAddViewModel.cs(2450,64): warning IDE2003: 鍧椾笌鍚庣画璇彞涔嬮棿闇€瑕佹湁绌虹櫧琛?(https://learn.microsoft.com/dotnet/fundamentals/code-analysis/style-rules/ide2003) [C:\UserWorx\VSWorx\ServoStudio\wpfui-servoStudio\samples\Wpf.Ui.servoStudio\servoStudio_wjhet5xd_wpftmp.csproj]
C:\UserWorx\VSWorx\ServoStudio\wpfui-servoStudio\samples\Wpf.Ui.servoStudio\ViewModels\DeviceSet\DeviceAddViewModel.cs(2451,63): warning IDE2003: 鍧椾笌鍚庣画璇彞涔嬮棿闇€瑕佹湁绌虹櫧琛?(https://learn.microsoft.com/dotnet/fundamentals/code-analysis/style-rules/ide2003) [C:\UserWorx\VSWorx\ServoStudio\wpfui-servoStudio\samples\Wpf.Ui.servoStudio\servoStudio_wjhet5xd_wpftmp.csproj]
C:\UserWorx\VSWorx\ServoStudio\wpfui-servoStudio\samples\Wpf.Ui.servoStudio\ViewModels\DeviceSet\DeviceAddViewModel.cs(2452,60): warning IDE2003: 鍧椾笌鍚庣画璇彞涔嬮棿闇€瑕佹湁绌虹櫧琛?(https://learn.microsoft.com/dotnet/fundamentals/code-analysis/style-rules/ide2003) [C:\UserWorx\VSWorx\ServoStudio\wpfui-servoStudio\samples\Wpf.Ui.servoStudio\servoStudio_wjhet5xd_wpftmp.csproj]
C:\UserWorx\VSWorx\ServoStudio\wpfui-servoStudio\samples\Wpf.Ui.servoStudio\ViewModels\DeviceSet\DeviceAddViewModel.cs(2453,63): warning IDE2003: 鍧椾笌鍚庣画璇彞涔嬮棿闇€瑕佹湁绌虹櫧琛?(https://learn.microsoft.com/dotnet/fundamentals/code-analysis/style-rules/ide2003) [C:\UserWorx\VSWorx\ServoStudio\wpfui-servoStudio\samples\Wpf.Ui.servoStudio\servoStudio_wjhet5xd_wpftmp.csproj]
C:\UserWorx\VSWorx\ServoStudio\wpfui-servoStudio\samples\Wpf.Ui.servoStudio\ViewModels\DeviceSet\DeviceAddViewModel.cs(2454,56): warning IDE2003: 鍧椾笌鍚庣画璇彞涔嬮棿闇€瑕佹湁绌虹櫧琛?(https://learn.microsoft.com/dotnet/fundamentals/code-analysis/style-rules/ide2003) [C:\UserWorx\VSWorx\ServoStudio\wpfui-servoStudio\samples\Wpf.Ui.servoStudio\servoStudio_wjhet5xd_wpftmp.csproj]
C:\UserWorx\VSWorx\ServoStudio\wpfui-servoStudio\samples\Wpf.Ui.servoStudio\ViewModels\DeviceSet\DeviceAddViewModel.cs(2455,61): warning IDE2003: 鍧椾笌鍚庣画璇彞涔嬮棿闇€瑕佹湁绌虹櫧琛?(https://learn.microsoft.com/dotnet/fundamentals/code-analysis/style-rules/ide2003) [C:\UserWorx\VSWorx\ServoStudio\wpfui-servoStudio\samples\Wpf.Ui.servoStudio\servoStudio_wjhet5xd_wpftmp.csproj]
C:\UserWorx\VSWorx\ServoStudio\wpfui-servoStudio\samples\Wpf.Ui.servoStudio\ViewModels\DeviceSet\DeviceAddViewModel.cs(2456,60): warning IDE2003: 鍧椾笌鍚庣画璇彞涔嬮棿闇€瑕佹湁绌虹櫧琛?(https://learn.microsoft.com/dotnet/fundamentals/code-analysis/style-rules/ide2003) [C:\UserWorx\VSWorx\ServoStudio\wpfui-servoStudio\samples\Wpf.Ui.servoStudio\servoStudio_wjhet5xd_wpftmp.csproj]
C:\UserWorx\VSWorx\ServoStudio\wpfui-servoStudio\samples\Wpf.Ui.servoStudio\ViewModels\AppData\PidAdjustViewModel.cs(320,21): warning IDE0011: 鍚?鈥渋f鈥?璇彞娣诲姞澶ф嫭鍙枫€?(https://learn.microsoft.com/dotnet/fundamentals/code-analysis/style-rules/ide0011) [C:\UserWorx\VSWorx\ServoStudio\wpfui-servoStudio\samples\Wpf.Ui.servoStudio\servoStudio_wjhet5xd_wpftmp.csproj]
C:\UserWorx\VSWorx\ServoStudio\wpfui-servoStudio\samples\Wpf.Ui.servoStudio\ViewModels\AppData\PidAdjustViewModel.cs(323,21): warning IDE0011: 鍚?鈥渋f鈥?璇彞娣诲姞澶ф嫭鍙枫€?(https://learn.microsoft.com/dotnet/fundamentals/code-analysis/style-rules/ide0011) [C:\UserWorx\VSWorx\ServoStudio\wpfui-servoStudio\samples\Wpf.Ui.servoStudio\servoStudio_wjhet5xd_wpftmp.csproj]
C:\UserWorx\VSWorx\ServoStudio\wpfui-servoStudio\samples\Wpf.Ui.servoStudio\Views\Pages\AppDataPages\PidAdjustPage.xaml.cs(57,9): warning IDE0008: 鐢ㄦ樉寮忕被鍨嬩唬鏇?"var" (https://learn.microsoft.com/dotnet/fundamentals/code-analysis/style-rules/ide0008) [C:\UserWorx\VSWorx\ServoStudio\wpfui-servoStudio\samples\Wpf.Ui.servoStudio\servoStudio_wjhet5xd_wpftmp.csproj]
C:\UserWorx\VSWorx\ServoStudio\wpfui-servoStudio\samples\Wpf.Ui.servoStudio\ViewModels\AppData\AppLogViewModel.cs(24,27): warning CA2213: 鈥淎ppLogViewModel鈥濆寘鍚?IDisposable 绫诲瀷鈥淪treamWriter?鈥濈殑瀛楁鈥淿writer鈥濓紝浣嗕粠鏈繘琛岄噴鏀俱€傝鏇存敼鈥淎ppLogViewModel鈥濅笂鐨?Dispose 鏂规硶浠ュ姝ゅ瓧娈佃皟鐢?Close 鎴?Dispose銆?(https://learn.microsoft.com/dotnet/fundamentals/code-analysis/quality-rules/ca2213) [C:\UserWorx\VSWorx\ServoStudio\wpfui-servoStudio\samples\Wpf.Ui.servoStudio\servoStudio_wjhet5xd_wpftmp.csproj]
C:\UserWorx\VSWorx\ServoStudio\wpfui-servoStudio\samples\Wpf.Ui.servoStudio\ViewModels\DeviceSet\ListViewModel.cs(18,40): warning IDE0055: 淇鏍煎紡 (https://learn.microsoft.com/dotnet/fundamentals/code-analysis/style-rules/ide0055) [C:\UserWorx\VSWorx\ServoStudio\wpfui-servoStudio\samples\Wpf.Ui.servoStudio\servoStudio_wjhet5xd_wpftmp.csproj]
C:\UserWorx\VSWorx\ServoStudio\wpfui-servoStudio\samples\Wpf.Ui.servoStudio\ViewModels\DeviceSet\ListViewModel.cs(18,42): warning IDE0055: 淇鏍煎紡 (https://learn.microsoft.com/dotnet/fundamentals/code-analysis/style-rules/ide0055) [C:\UserWorx\VSWorx\ServoStudio\wpfui-servoStudio\samples\Wpf.Ui.servoStudio\servoStudio_wjhet5xd_wpftmp.csproj]
C:\UserWorx\VSWorx\ServoStudio\wpfui-servoStudio\samples\Wpf.Ui.servoStudio\ViewModels\DeviceSet\ListViewModel.cs(18,47): warning IDE0055: 淇鏍煎紡 (https://learn.microsoft.com/dotnet/fundamentals/code-analysis/style-rules/ide0055) [C:\UserWorx\VSWorx\ServoStudio\wpfui-servoStudio\samples\Wpf.Ui.servoStudio\servoStudio_wjhet5xd_wpftmp.csproj]
C:\UserWorx\VSWorx\ServoStudio\wpfui-servoStudio\samples\Wpf.Ui.servoStudio\Views\Pages\AppDataPages\PidAdjustPage.xaml.cs(67,9): warning IDE0058: 姘歌繙涓嶄細浣跨敤琛ㄨ揪寮忓€?(https://learn.microsoft.com/dotnet/fundamentals/code-analysis/style-rules/ide0058) [C:\UserWorx\VSWorx\ServoStudio\wpfui-servoStudio\samples\Wpf.Ui.servoStudio\servoStudio_wjhet5xd_wpftmp.csproj]
C:\UserWorx\VSWorx\ServoStudio\wpfui-servoStudio\samples\Wpf.Ui.servoStudio\Services\FrameFormatRuntimeService.cs(109,9): warning IDE0011: 鍚?鈥渋f鈥?璇彞娣诲姞澶ф嫭鍙枫€?(https://learn.microsoft.com/dotnet/fundamentals/code-analysis/style-rules/ide0011) [C:\UserWorx\VSWorx\ServoStudio\wpfui-servoStudio\samples\Wpf.Ui.servoStudio\servoStudio_wjhet5xd_wpftmp.csproj]
C:\UserWorx\VSWorx\ServoStudio\wpfui-servoStudio\samples\Wpf.Ui.servoStudio\ViewModels\Factory\FactoryFirmwareViewModel.cs(203,9): warning IDE0008: 鐢ㄦ樉寮忕被鍨嬩唬鏇?"var" (https://learn.microsoft.com/dotnet/fundamentals/code-analysis/style-rules/ide0008) [C:\UserWorx\VSWorx\ServoStudio\wpfui-servoStudio\samples\Wpf.Ui.servoStudio\servoStudio_wjhet5xd_wpftmp.csproj]
C:\UserWorx\VSWorx\ServoStudio\wpfui-servoStudio\samples\Wpf.Ui.servoStudio\Views\Pages\AppDataPages\PidAdjustPage.xaml.cs(79,9): warning IDE0008: 鐢ㄦ樉寮忕被鍨嬩唬鏇?"var" (https://learn.microsoft.com/dotnet/fundamentals/code-analysis/style-rules/ide0008) [C:\UserWorx\VSWorx\ServoStudio\wpfui-servoStudio\samples\Wpf.Ui.servoStudio\servoStudio_wjhet5xd_wpftmp.csproj]
C:\UserWorx\VSWorx\ServoStudio\wpfui-servoStudio\samples\Wpf.Ui.servoStudio\ViewModels\ControlViewModel.cs(389,13): warning IDE0008: 鐢ㄦ樉寮忕被鍨嬩唬鏇?"var" (https://learn.microsoft.com/dotnet/fundamentals/code-analysis/style-rules/ide0008) [C:\UserWorx\VSWorx\ServoStudio\wpfui-servoStudio\samples\Wpf.Ui.servoStudio\servoStudio_wjhet5xd_wpftmp.csproj]
C:\UserWorx\VSWorx\ServoStudio\wpfui-servoStudio\samples\Wpf.Ui.servoStudio\Views\Pages\AppDataPages\PidAdjustPage.xaml.cs(106,9): warning IDE0011: 鍚?鈥渆lse鈥?璇彞娣诲姞澶ф嫭鍙枫€?(https://learn.microsoft.com/dotnet/fundamentals/code-analysis/style-rules/ide0011) [C:\UserWorx\VSWorx\ServoStudio\wpfui-servoStudio\samples\Wpf.Ui.servoStudio\servoStudio_wjhet5xd_wpftmp.csproj]
C:\UserWorx\VSWorx\ServoStudio\wpfui-servoStudio\samples\Wpf.Ui.servoStudio\Views\Pages\AppDataPages\PidAdjustPage.xaml.cs(103,9): warning IDE0008: 鐢ㄦ樉寮忕被鍨嬩唬鏇?"var" (https://learn.microsoft.com/dotnet/fundamentals/code-analysis/style-rules/ide0008) [C:\UserWorx\VSWorx\ServoStudio\wpfui-servoStudio\samples\Wpf.Ui.servoStudio\servoStudio_wjhet5xd_wpftmp.csproj]
C:\UserWorx\VSWorx\ServoStudio\wpfui-servoStudio\samples\Wpf.Ui.servoStudio\Views\Pages\AppDataPages\PidAdjustPage.xaml.cs(107,13): warning IDE0058: 姘歌繙涓嶄細浣跨敤琛ㄨ揪寮忓€?(https://learn.microsoft.com/dotnet/fundamentals/code-analysis/style-rules/ide0058) [C:\UserWorx\VSWorx\ServoStudio\wpfui-servoStudio\samples\Wpf.Ui.servoStudio\servoStudio_wjhet5xd_wpftmp.csproj]
C:\UserWorx\VSWorx\ServoStudio\wpfui-servoStudio\samples\Wpf.Ui.servoStudio\Views\Pages\AppDataPages\PidAdjustPage.xaml.cs(120,13): warning IDE0011: 鍚?鈥渋f鈥?璇彞娣诲姞澶ф嫭鍙枫€?(https://learn.microsoft.com/dotnet/fundamentals/code-analysis/style-rules/ide0011) [C:\UserWorx\VSWorx\ServoStudio\wpfui-servoStudio\samples\Wpf.Ui.servoStudio\servoStudio_wjhet5xd_wpftmp.csproj]
C:\UserWorx\VSWorx\ServoStudio\wpfui-servoStudio\samples\Wpf.Ui.servoStudio\Views\Pages\AppDataPages\PidAdjustPage.xaml.cs(129,9): warning IDE0011: 鍚?鈥渋f鈥?璇彞娣诲姞澶ф嫭鍙枫€?(https://learn.microsoft.com/dotnet/fundamentals/code-analysis/style-rules/ide0011) [C:\UserWorx\VSWorx\ServoStudio\wpfui-servoStudio\samples\Wpf.Ui.servoStudio\servoStudio_wjhet5xd_wpftmp.csproj]
C:\UserWorx\VSWorx\ServoStudio\wpfui-servoStudio\samples\Wpf.Ui.servoStudio\Views\Pages\AppDataPages\PidAdjustPage.xaml.cs(118,18): warning IDE0008: 鐢ㄦ樉寮忕被鍨嬩唬鏇?"var" (https://learn.microsoft.com/dotnet/fundamentals/code-analysis/style-rules/ide0008) [C:\UserWorx\VSWorx\ServoStudio\wpfui-servoStudio\samples\Wpf.Ui.servoStudio\servoStudio_wjhet5xd_wpftmp.csproj]
C:\UserWorx\VSWorx\ServoStudio\wpfui-servoStudio\samples\Wpf.Ui.servoStudio\Views\Pages\AppDataPages\PidAdjustPage.xaml.cs(122,13): warning IDE0008: 鐢ㄦ樉寮忕被鍨嬩唬鏇?"var" (https://learn.microsoft.com/dotnet/fundamentals/code-analysis/style-rules/ide0008) [C:\UserWorx\VSWorx\ServoStudio\wpfui-servoStudio\samples\Wpf.Ui.servoStudio\servoStudio_wjhet5xd_wpftmp.csproj]
C:\UserWorx\VSWorx\ServoStudio\wpfui-servoStudio\samples\Wpf.Ui.servoStudio\ViewModels\Hardware\IOViewModel.cs(138,9): warning IDE0011: 鍚?鈥渋f鈥?璇彞娣诲姞澶ф嫭鍙枫€?(https://learn.microsoft.com/dotnet/fundamentals/code-analysis/style-rules/ide0011) [C:\UserWorx\VSWorx\ServoStudio\wpfui-servoStudio\samples\Wpf.Ui.servoStudio\servoStudio_wjhet5xd_wpftmp.csproj]
C:\UserWorx\VSWorx\ServoStudio\wpfui-servoStudio\samples\Wpf.Ui.servoStudio\ViewModels\Hardware\IOViewModel.cs(140,9): warning IDE0011: 鍚?鈥渋f鈥?璇彞娣诲姞澶ф嫭鍙枫€?(https://learn.microsoft.com/dotnet/fundamentals/code-analysis/style-rules/ide0011) [C:\UserWorx\VSWorx\ServoStudio\wpfui-servoStudio\samples\Wpf.Ui.servoStudio\servoStudio_wjhet5xd_wpftmp.csproj]
C:\UserWorx\VSWorx\ServoStudio\wpfui-servoStudio\samples\Wpf.Ui.servoStudio\ViewModels\Hardware\IOViewModel.cs(142,9): warning IDE0011: 鍚?鈥渋f鈥?璇彞娣诲姞澶ф嫭鍙枫€?(https://learn.microsoft.com/dotnet/fundamentals/code-analysis/style-rules/ide0011) [C:\UserWorx\VSWorx\ServoStudio\wpfui-servoStudio\samples\Wpf.Ui.servoStudio\servoStudio_wjhet5xd_wpftmp.csproj]
C:\UserWorx\VSWorx\ServoStudio\wpfui-servoStudio\samples\Wpf.Ui.servoStudio\ViewModels\DeviceSet\DeviceAddViewModel.cs(621,9): warning IDE0011: 鍚?鈥渋f鈥?璇彞娣诲姞澶ф嫭鍙枫€?(https://learn.microsoft.com/dotnet/fundamentals/code-analysis/style-rules/ide0011) [C:\UserWorx\VSWorx\ServoStudio\wpfui-servoStudio\samples\Wpf.Ui.servoStudio\servoStudio_wjhet5xd_wpftmp.csproj]
C:\UserWorx\VSWorx\ServoStudio\wpfui-servoStudio\samples\Wpf.Ui.servoStudio\ViewModels\DeviceSet\DeviceAddViewModel.cs(627,13): warning IDE0008: 鐢ㄦ樉寮忕被鍨嬩唬鏇?"var" (https://learn.microsoft.com/dotnet/fundamentals/code-analysis/style-rules/ide0008) [C:\UserWorx\VSWorx\ServoStudio\wpfui-servoStudio\samples\Wpf.Ui.servoStudio\servoStudio_wjhet5xd_wpftmp.csproj]
C:\UserWorx\VSWorx\ServoStudio\wpfui-servoStudio\samples\Wpf.Ui.servoStudio\ViewModels\Hardware\IOViewModel.cs(147,9): warning IDE0011: 鍚?鈥渋f鈥?璇彞娣诲姞澶ф嫭鍙枫€?(https://learn.microsoft.com/dotnet/fundamentals/code-analysis/style-rules/ide0011) [C:\UserWorx\VSWorx\ServoStudio\wpfui-servoStudio\samples\Wpf.Ui.servoStudio\servoStudio_wjhet5xd_wpftmp.csproj]
C:\UserWorx\VSWorx\ServoStudio\wpfui-servoStudio\samples\Wpf.Ui.servoStudio\ViewModels\Hardware\IOViewModel.cs(149,9): warning IDE0011: 鍚?鈥渋f鈥?璇彞娣诲姞澶ф嫭鍙枫€?(https://learn.microsoft.com/dotnet/fundamentals/code-analysis/style-rules/ide0011) [C:\UserWorx\VSWorx\ServoStudio\wpfui-servoStudio\samples\Wpf.Ui.servoStudio\servoStudio_wjhet5xd_wpftmp.csproj]
C:\UserWorx\VSWorx\ServoStudio\wpfui-servoStudio\samples\Wpf.Ui.servoStudio\ViewModels\Hardware\IOViewModel.cs(157,9): warning IDE0011: 鍚?鈥渋f鈥?璇彞娣诲姞澶ф嫭鍙枫€?(https://learn.microsoft.com/dotnet/fundamentals/code-analysis/style-rules/ide0011) [C:\UserWorx\VSWorx\ServoStudio\wpfui-servoStudio\samples\Wpf.Ui.servoStudio\servoStudio_wjhet5xd_wpftmp.csproj]
C:\UserWorx\VSWorx\ServoStudio\wpfui-servoStudio\samples\Wpf.Ui.servoStudio\ViewModels\Hardware\IOViewModel.cs(151,16): warning IDE0059: 涓嶉渶瑕佸 "current" 璧嬪€?(https://learn.microsoft.com/dotnet/fundamentals/code-analysis/style-rules/ide0059) [C:\UserWorx\VSWorx\ServoStudio\wpfui-servoStudio\samples\Wpf.Ui.servoStudio\servoStudio_wjhet5xd_wpftmp.csproj]
C:\UserWorx\VSWorx\ServoStudio\wpfui-servoStudio\samples\Wpf.Ui.servoStudio\ViewModels\ControlViewModel.cs(460,13): warning IDE0008: 鐢ㄦ樉寮忕被鍨嬩唬鏇?"var" (https://learn.microsoft.com/dotnet/fundamentals/code-analysis/style-rules/ide0008) [C:\UserWorx\VSWorx\ServoStudio\wpfui-servoStudio\samples\Wpf.Ui.servoStudio\servoStudio_wjhet5xd_wpftmp.csproj]
C:\UserWorx\VSWorx\ServoStudio\wpfui-servoStudio\samples\Wpf.Ui.servoStudio\ViewModels\ControlViewModel.cs(461,13): warning IDE0008: 鐢ㄦ樉寮忕被鍨嬩唬鏇?"var" (https://learn.microsoft.com/dotnet/fundamentals/code-analysis/style-rules/ide0008) [C:\UserWorx\VSWorx\ServoStudio\wpfui-servoStudio\samples\Wpf.Ui.servoStudio\servoStudio_wjhet5xd_wpftmp.csproj]
C:\UserWorx\VSWorx\ServoStudio\wpfui-servoStudio\samples\Wpf.Ui.servoStudio\ViewModels\Firmware\FirmwareProgramViewModel.cs(549,17): warning IDE0011: 鍚?鈥渋f鈥?璇彞娣诲姞澶ф嫭鍙枫€?(https://learn.microsoft.com/dotnet/fundamentals/code-analysis/style-rules/ide0011) [C:\UserWorx\VSWorx\ServoStudio\wpfui-servoStudio\samples\Wpf.Ui.servoStudio\servoStudio_wjhet5xd_wpftmp.csproj]
C:\UserWorx\VSWorx\ServoStudio\wpfui-servoStudio\samples\Wpf.Ui.servoStudio\ViewModels\ControlViewModel.cs(475,17): warning IDE0058: 姘歌繙涓嶄細浣跨敤琛ㄨ揪寮忓€?(https://learn.microsoft.com/dotnet/fundamentals/code-analysis/style-rules/ide0058) [C:\UserWorx\VSWorx\ServoStudio\wpfui-servoStudio\samples\Wpf.Ui.servoStudio\servoStudio_wjhet5xd_wpftmp.csproj]
C:\UserWorx\VSWorx\ServoStudio\wpfui-servoStudio\samples\Wpf.Ui.servoStudio\Services\FrameFormatRuntimeService.cs(131,13): warning IDE0011: 鍚?鈥渋f鈥?璇彞娣诲姞澶ф嫭鍙枫€?(https://learn.microsoft.com/dotnet/fundamentals/code-analysis/style-rules/ide0011) [C:\UserWorx\VSWorx\ServoStudio\wpfui-servoStudio\samples\Wpf.Ui.servoStudio\servoStudio_wjhet5xd_wpftmp.csproj]
C:\UserWorx\VSWorx\ServoStudio\wpfui-servoStudio\samples\Wpf.Ui.servoStudio\Services\FrameFormatRuntimeService.cs(139,13): warning IDE0011: 鍚?鈥渋f鈥?璇彞娣诲姞澶ф嫭鍙枫€?(https://learn.microsoft.com/dotnet/fundamentals/code-analysis/style-rules/ide0011) [C:\UserWorx\VSWorx\ServoStudio\wpfui-servoStudio\samples\Wpf.Ui.servoStudio\servoStudio_wjhet5xd_wpftmp.csproj]
C:\UserWorx\VSWorx\ServoStudio\wpfui-servoStudio\samples\Wpf.Ui.servoStudio\ViewModels\Hardware\IOViewModel.cs(194,9): warning IDE0011: 鍚?鈥渋f鈥?璇彞娣诲姞澶ф嫭鍙枫€?(https://learn.microsoft.com/dotnet/fundamentals/code-analysis/style-rules/ide0011) [C:\UserWorx\VSWorx\ServoStudio\wpfui-servoStudio\samples\Wpf.Ui.servoStudio\servoStudio_wjhet5xd_wpftmp.csproj]
C:\UserWorx\VSWorx\ServoStudio\wpfui-servoStudio\samples\Wpf.Ui.servoStudio\ViewModels\Hardware\IOViewModel.cs(195,9): warning IDE0011: 鍚?鈥渋f鈥?璇彞娣诲姞澶ф嫭鍙枫€?(https://learn.microsoft.com/dotnet/fundamentals/code-analysis/style-rules/ide0011) [C:\UserWorx\VSWorx\ServoStudio\wpfui-servoStudio\samples\Wpf.Ui.servoStudio\servoStudio_wjhet5xd_wpftmp.csproj]
C:\UserWorx\VSWorx\ServoStudio\wpfui-servoStudio\samples\Wpf.Ui.servoStudio\Views\Pages\AppDataPages\PidAdjustPage.xaml.cs(149,9): warning IDE0011: 鍚?鈥渋f鈥?璇彞娣诲姞澶ф嫭鍙枫€?(https://learn.microsoft.com/dotnet/fundamentals/code-analysis/style-rules/ide0011) [C:\UserWorx\VSWorx\ServoStudio\wpfui-servoStudio\samples\Wpf.Ui.servoStudio\servoStudio_wjhet5xd_wpftmp.csproj]
C:\UserWorx\VSWorx\ServoStudio\wpfui-servoStudio\samples\Wpf.Ui.servoStudio\Views\Pages\AppDataPages\PidAdjustPage.xaml.cs(162,9): warning IDE0011: 鍚?鈥渋f鈥?璇彞娣诲姞澶ф嫭鍙枫€?(https://learn.microsoft.com/dotnet/fundamentals/code-analysis/style-rules/ide0011) [C:\UserWorx\VSWorx\ServoStudio\wpfui-servoStudio\samples\Wpf.Ui.servoStudio\servoStudio_wjhet5xd_wpftmp.csproj]
C:\UserWorx\VSWorx\ServoStudio\wpfui-servoStudio\samples\Wpf.Ui.servoStudio\Views\Pages\AppDataPages\PidAdjustPage.xaml.cs(163,9): warning IDE0011: 鍚?鈥渋f鈥?璇彞娣诲姞澶ф嫭鍙枫€?(https://learn.microsoft.com/dotnet/fundamentals/code-analysis/style-rules/ide0011) [C:\UserWorx\VSWorx\ServoStudio\wpfui-servoStudio\samples\Wpf.Ui.servoStudio\servoStudio_wjhet5xd_wpftmp.csproj]
C:\UserWorx\VSWorx\ServoStudio\wpfui-servoStudio\samples\Wpf.Ui.servoStudio\Views\Pages\AppDataPages\PidAdjustPage.xaml.cs(164,9): warning IDE0011: 鍚?鈥渋f鈥?璇彞娣诲姞澶ф嫭鍙枫€?(https://learn.microsoft.com/dotnet/fundamentals/code-analysis/style-rules/ide0011) [C:\UserWorx\VSWorx\ServoStudio\wpfui-servoStudio\samples\Wpf.Ui.servoStudio\servoStudio_wjhet5xd_wpftmp.csproj]
C:\UserWorx\VSWorx\ServoStudio\wpfui-servoStudio\samples\Wpf.Ui.servoStudio\Views\Pages\AppDataPages\PidAdjustPage.xaml.cs(165,9): warning IDE0011: 鍚?鈥渋f鈥?璇彞娣诲姞澶ф嫭鍙枫€?(https://learn.microsoft.com/dotnet/fundamentals/code-analysis/style-rules/ide0011) [C:\UserWorx\VSWorx\ServoStudio\wpfui-servoStudio\samples\Wpf.Ui.servoStudio\servoStudio_wjhet5xd_wpftmp.csproj]
C:\UserWorx\VSWorx\ServoStudio\wpfui-servoStudio\samples\Wpf.Ui.servoStudio\Views\Pages\AppDataPages\PidAdjustPage.xaml.cs(166,9): warning IDE0011: 鍚?鈥渋f鈥?璇彞娣诲姞澶ф嫭鍙枫€?(https://learn.microsoft.com/dotnet/fundamentals/code-analysis/style-rules/ide0011) [C:\UserWorx\VSWorx\ServoStudio\wpfui-servoStudio\samples\Wpf.Ui.servoStudio\servoStudio_wjhet5xd_wpftmp.csproj]
C:\UserWorx\VSWorx\ServoStudio\wpfui-servoStudio\samples\Wpf.Ui.servoStudio\Views\Pages\AppDataPages\PidAdjustPage.xaml.cs(167,9): warning IDE0011: 鍚?鈥渋f鈥?璇彞娣诲姞澶ф嫭鍙枫€?(https://learn.microsoft.com/dotnet/fundamentals/code-analysis/style-rules/ide0011) [C:\UserWorx\VSWorx\ServoStudio\wpfui-servoStudio\samples\Wpf.Ui.servoStudio\servoStudio_wjhet5xd_wpftmp.csproj]
C:\UserWorx\VSWorx\ServoStudio\wpfui-servoStudio\samples\Wpf.Ui.servoStudio\ViewModels\DeviceSet\DeviceAddViewModel.cs(650,9): warning IDE0011: 鍚?鈥渇oreach鈥?璇彞娣诲姞澶ф嫭鍙枫€?(https://learn.microsoft.com/dotnet/fundamentals/code-analysis/style-rules/ide0011) [C:\UserWorx\VSWorx\ServoStudio\wpfui-servoStudio\samples\Wpf.Ui.servoStudio\servoStudio_wjhet5xd_wpftmp.csproj]
C:\UserWorx\VSWorx\ServoStudio\wpfui-servoStudio\samples\Wpf.Ui.servoStudio\ViewModels\DeviceSet\DeviceAddViewModel.cs(655,9): warning IDE0011: 鍚?鈥渇oreach鈥?璇彞娣诲姞澶ф嫭鍙枫€?(https://learn.microsoft.com/dotnet/fundamentals/code-analysis/style-rules/ide0011) [C:\UserWorx\VSWorx\ServoStudio\wpfui-servoStudio\samples\Wpf.Ui.servoStudio\servoStudio_wjhet5xd_wpftmp.csproj]
C:\UserWorx\VSWorx\ServoStudio\wpfui-servoStudio\samples\Wpf.Ui.servoStudio\ViewModels\DeviceSet\DeviceAddViewModel.cs(713,9): warning IDE0011: 鍚?鈥渋f鈥?璇彞娣诲姞澶ф嫭鍙枫€?(https://learn.microsoft.com/dotnet/fundamentals/code-analysis/style-rules/ide0011) [C:\UserWorx\VSWorx\ServoStudio\wpfui-servoStudio\samples\Wpf.Ui.servoStudio\servoStudio_wjhet5xd_wpftmp.csproj]
C:\UserWorx\VSWorx\ServoStudio\wpfui-servoStudio\samples\Wpf.Ui.servoStudio\ViewModels\DeviceSet\DeviceAddViewModel.cs(645,9): warning IDE0008: 鐢ㄦ樉寮忕被鍨嬩唬鏇?"var" (https://learn.microsoft.com/dotnet/fundamentals/code-analysis/style-rules/ide0008) [C:\UserWorx\VSWorx\ServoStudio\wpfui-servoStudio\samples\Wpf.Ui.servoStudio\servoStudio_wjhet5xd_wpftmp.csproj]
C:\UserWorx\VSWorx\ServoStudio\wpfui-servoStudio\samples\Wpf.Ui.servoStudio\ViewModels\DeviceSet\DeviceAddViewModel.cs(688,17): warning IDE0008: 鐢ㄦ樉寮忕被鍨嬩唬鏇?"var" (https://learn.microsoft.com/dotnet/fundamentals/code-analysis/style-rules/ide0008) [C:\UserWorx\VSWorx\ServoStudio\wpfui-servoStudio\samples\Wpf.Ui.servoStudio\servoStudio_wjhet5xd_wpftmp.csproj]
C:\UserWorx\VSWorx\ServoStudio\wpfui-servoStudio\samples\Wpf.Ui.servoStudio\ViewModels\Hardware\IOViewModel.cs(202,9): warning IDE0011: 鍚?鈥渋f鈥?璇彞娣诲姞澶ф嫭鍙枫€?(https://learn.microsoft.com/dotnet/fundamentals/code-analysis/style-rules/ide0011) [C:\UserWorx\VSWorx\ServoStudio\wpfui-servoStudio\samples\Wpf.Ui.servoStudio\servoStudio_wjhet5xd_wpftmp.csproj]
C:\UserWorx\VSWorx\ServoStudio\wpfui-servoStudio\samples\Wpf.Ui.servoStudio\ViewModels\Factory\FactoryViewModel.cs(180,25): warning IDE0055: 淇鏍煎紡 (https://learn.microsoft.com/dotnet/fundamentals/code-analysis/style-rules/ide0055) [C:\UserWorx\VSWorx\ServoStudio\wpfui-servoStudio\samples\Wpf.Ui.servoStudio\servoStudio_wjhet5xd_wpftmp.csproj]
C:\UserWorx\VSWorx\ServoStudio\wpfui-servoStudio\samples\Wpf.Ui.servoStudio\ViewModels\Factory\FactoryViewModel.cs(202,26): warning IDE0055: 淇鏍煎紡 (https://learn.microsoft.com/dotnet/fundamentals/code-analysis/style-rules/ide0055) [C:\UserWorx\VSWorx\ServoStudio\wpfui-servoStudio\samples\Wpf.Ui.servoStudio\servoStudio_wjhet5xd_wpftmp.csproj]
C:\UserWorx\VSWorx\ServoStudio\wpfui-servoStudio\samples\Wpf.Ui.servoStudio\ViewModels\Factory\FactoryViewModel.cs(60,9): warning IDE2003: 鍧椾笌鍚庣画璇彞涔嬮棿闇€瑕佹湁绌虹櫧琛?(https://learn.microsoft.com/dotnet/fundamentals/code-analysis/style-rules/ide2003) [C:\UserWorx\VSWorx\ServoStudio\wpfui-servoStudio\samples\Wpf.Ui.servoStudio\servoStudio_wjhet5xd_wpftmp.csproj]
C:\UserWorx\VSWorx\ServoStudio\wpfui-servoStudio\samples\Wpf.Ui.servoStudio\ViewModels\Factory\FactoryViewModel.cs(160,9): warning IDE2003: 鍧椾笌鍚庣画璇彞涔嬮棿闇€瑕佹湁绌虹櫧琛?(https://learn.microsoft.com/dotnet/fundamentals/code-analysis/style-rules/ide2003) [C:\UserWorx\VSWorx\ServoStudio\wpfui-servoStudio\samples\Wpf.Ui.servoStudio\servoStudio_wjhet5xd_wpftmp.csproj]
C:\UserWorx\VSWorx\ServoStudio\wpfui-servoStudio\samples\Wpf.Ui.servoStudio\ViewModels\Factory\FactoryViewModel.cs(186,9): warning IDE2003: 鍧椾笌鍚庣画璇彞涔嬮棿闇€瑕佹湁绌虹櫧琛?(https://learn.microsoft.com/dotnet/fundamentals/code-analysis/style-rules/ide2003) [C:\UserWorx\VSWorx\ServoStudio\wpfui-servoStudio\samples\Wpf.Ui.servoStudio\servoStudio_wjhet5xd_wpftmp.csproj]
C:\UserWorx\VSWorx\ServoStudio\wpfui-servoStudio\samples\Wpf.Ui.servoStudio\ViewModels\Factory\FactoryViewModel.cs(215,21): warning IDE2003: 鍧椾笌鍚庣画璇彞涔嬮棿闇€瑕佹湁绌虹櫧琛?(https://learn.microsoft.com/dotnet/fundamentals/code-analysis/style-rules/ide2003) [C:\UserWorx\VSWorx\ServoStudio\wpfui-servoStudio\samples\Wpf.Ui.servoStudio\servoStudio_wjhet5xd_wpftmp.csproj]
C:\UserWorx\VSWorx\ServoStudio\wpfui-servoStudio\samples\Wpf.Ui.servoStudio\ViewModels\Factory\FactoryViewModel.cs(237,17): warning IDE2003: 鍧椾笌鍚庣画璇彞涔嬮棿闇€瑕佹湁绌虹櫧琛?(https://learn.microsoft.com/dotnet/fundamentals/code-analysis/style-rules/ide2003) [C:\UserWorx\VSWorx\ServoStudio\wpfui-servoStudio\samples\Wpf.Ui.servoStudio\servoStudio_wjhet5xd_wpftmp.csproj]
C:\UserWorx\VSWorx\ServoStudio\wpfui-servoStudio\samples\Wpf.Ui.servoStudio\ViewModels\Factory\FactoryViewModel.cs(246,17): warning IDE2003: 鍧椾笌鍚庣画璇彞涔嬮棿闇€瑕佹湁绌虹櫧琛?(https://learn.microsoft.com/dotnet/fundamentals/code-analysis/style-rules/ide2003) [C:\UserWorx\VSWorx\ServoStudio\wpfui-servoStudio\samples\Wpf.Ui.servoStudio\servoStudio_wjhet5xd_wpftmp.csproj]
C:\UserWorx\VSWorx\ServoStudio\wpfui-servoStudio\samples\Wpf.Ui.servoStudio\ViewModels\Factory\FactoryViewModel.cs(255,17): warning IDE2003: 鍧椾笌鍚庣画璇彞涔嬮棿闇€瑕佹湁绌虹櫧琛?(https://learn.microsoft.com/dotnet/fundamentals/code-analysis/style-rules/ide2003) [C:\UserWorx\VSWorx\ServoStudio\wpfui-servoStudio\samples\Wpf.Ui.servoStudio\servoStudio_wjhet5xd_wpftmp.csproj]
C:\UserWorx\VSWorx\ServoStudio\wpfui-servoStudio\samples\Wpf.Ui.servoStudio\ViewModels\Hardware\IOViewModel.cs(217,9): warning IDE0011: 鍚?鈥渋f鈥?璇彞娣诲姞澶ф嫭鍙枫€?(https://learn.microsoft.com/dotnet/fundamentals/code-analysis/style-rules/ide0011) [C:\UserWorx\VSWorx\ServoStudio\wpfui-servoStudio\samples\Wpf.Ui.servoStudio\servoStudio_wjhet5xd_wpftmp.csproj]
C:\UserWorx\VSWorx\ServoStudio\wpfui-servoStudio\samples\Wpf.Ui.servoStudio\ViewModels\Hardware\IOViewModel.cs(218,9): warning IDE0011: 鍚?鈥渋f鈥?璇彞娣诲姞澶ф嫭鍙枫€?(https://learn.microsoft.com/dotnet/fundamentals/code-analysis/style-rules/ide0011) [C:\UserWorx\VSWorx\ServoStudio\wpfui-servoStudio\samples\Wpf.Ui.servoStudio\servoStudio_wjhet5xd_wpftmp.csproj]
C:\UserWorx\VSWorx\ServoStudio\wpfui-servoStudio\samples\Wpf.Ui.servoStudio\ViewModels\Hardware\IOViewModel.cs(219,9): warning IDE0011: 鍚?鈥渋f鈥?璇彞娣诲姞澶ф嫭鍙枫€?(https://learn.microsoft.com/dotnet/fundamentals/code-analysis/style-rules/ide0011) [C:\UserWorx\VSWorx\ServoStudio\wpfui-servoStudio\samples\Wpf.Ui.servoStudio\servoStudio_wjhet5xd_wpftmp.csproj]
C:\UserWorx\VSWorx\ServoStudio\wpfui-servoStudio\samples\Wpf.Ui.servoStudio\Views\Pages\AppDataPages\PidAdjustPage.xaml.cs(190,9): warning IDE0011: 鍚?鈥渋f鈥?璇彞娣诲姞澶ф嫭鍙枫€?(https://learn.microsoft.com/dotnet/fundamentals/code-analysis/style-rules/ide0011) [C:\UserWorx\VSWorx\ServoStudio\wpfui-servoStudio\samples\Wpf.Ui.servoStudio\servoStudio_wjhet5xd_wpftmp.csproj]
C:\UserWorx\VSWorx\ServoStudio\wpfui-servoStudio\samples\Wpf.Ui.servoStudio\ViewModels\Motion\MotionTypeViewModel.cs(821,9): warning IDE0011: 鍚?鈥渋f鈥?璇彞娣诲姞澶ф嫭鍙枫€?(https://learn.microsoft.com/dotnet/fundamentals/code-analysis/style-rules/ide0011) [C:\UserWorx\VSWorx\ServoStudio\wpfui-servoStudio\samples\Wpf.Ui.servoStudio\servoStudio_wjhet5xd_wpftmp.csproj]
C:\UserWorx\VSWorx\ServoStudio\wpfui-servoStudio\samples\Wpf.Ui.servoStudio\Views\Pages\AppDataPages\PidAdjustPage.xaml.cs(211,13): warning IDE0008: 鐢ㄦ樉寮忕被鍨嬩唬鏇?"var" (https://learn.microsoft.com/dotnet/fundamentals/code-analysis/style-rules/ide0008) [C:\UserWorx\VSWorx\ServoStudio\wpfui-servoStudio\samples\Wpf.Ui.servoStudio\servoStudio_wjhet5xd_wpftmp.csproj]
C:\UserWorx\VSWorx\ServoStudio\wpfui-servoStudio\samples\Wpf.Ui.servoStudio\ViewModels\DeviceSet\DeviceAddViewModel.cs(730,9): warning IDE0011: 鍚?鈥渇or鈥?璇彞娣诲姞澶ф嫭鍙枫€?(https://learn.microsoft.com/dotnet/fundamentals/code-analysis/style-rules/ide0011) [C:\UserWorx\VSWorx\ServoStudio\wpfui-servoStudio\samples\Wpf.Ui.servoStudio\servoStudio_wjhet5xd_wpftmp.csproj]
C:\UserWorx\VSWorx\ServoStudio\wpfui-servoStudio\samples\Wpf.Ui.servoStudio\ViewModels\DeviceSet\DeviceAddViewModel.cs(732,9): warning IDE0011: 鍚?鈥渇or鈥?璇彞娣诲姞澶ф嫭鍙枫€?(https://learn.microsoft.com/dotnet/fundamentals/code-analysis/style-rules/ide0011) [C:\UserWorx\VSWorx\ServoStudio\wpfui-servoStudio\samples\Wpf.Ui.servoStudio\servoStudio_wjhet5xd_wpftmp.csproj]
C:\UserWorx\VSWorx\ServoStudio\wpfui-servoStudio\samples\Wpf.Ui.servoStudio\ViewModels\DeviceSet\DeviceAddViewModel.cs(735,9): warning IDE0011: 鍚?鈥渋f鈥?璇彞娣诲姞澶ф嫭鍙枫€?(https://learn.microsoft.com/dotnet/fundamentals/code-analysis/style-rules/ide0011) [C:\UserWorx\VSWorx\ServoStudio\wpfui-servoStudio\samples\Wpf.Ui.servoStudio\servoStudio_wjhet5xd_wpftmp.csproj]
C:\UserWorx\VSWorx\ServoStudio\wpfui-servoStudio\samples\Wpf.Ui.servoStudio\ViewModels\DeviceSet\DeviceAddViewModel.cs(736,9): warning IDE0011: 鍚?鈥渋f鈥?璇彞娣诲姞澶ф嫭鍙枫€?(https://learn.microsoft.com/dotnet/fundamentals/code-analysis/style-rules/ide0011) [C:\UserWorx\VSWorx\ServoStudio\wpfui-servoStudio\samples\Wpf.Ui.servoStudio\servoStudio_wjhet5xd_wpftmp.csproj]
C:\UserWorx\VSWorx\ServoStudio\wpfui-servoStudio\samples\Wpf.Ui.servoStudio\ViewModels\Motion\MotionTypeViewModel.cs(833,9): warning IDE0011: 鍚?鈥渋f鈥?璇彞娣诲姞澶ф嫭鍙枫€?(https://learn.microsoft.com/dotnet/fundamentals/code-analysis/style-rules/ide0011) [C:\UserWorx\VSWorx\ServoStudio\wpfui-servoStudio\samples\Wpf.Ui.servoStudio\servoStudio_wjhet5xd_wpftmp.csproj]
C:\UserWorx\VSWorx\ServoStudio\wpfui-servoStudio\samples\Wpf.Ui.servoStudio\ViewModels\Factory\FrameFormatEditorViewModel.cs(45,85): warning IDE0055: 淇鏍煎紡 (https://learn.microsoft.com/dotnet/fundamentals/code-analysis/style-rules/ide0055) [C:\UserWorx\VSWorx\ServoStudio\wpfui-servoStudio\samples\Wpf.Ui.servoStudio\servoStudio_wjhet5xd_wpftmp.csproj]
C:\UserWorx\VSWorx\ServoStudio\wpfui-servoStudio\samples\Wpf.Ui.servoStudio\ViewModels\Factory\FrameFormatEditorViewModel.cs(45,87): warning IDE0055: 淇鏍煎紡 (https://learn.microsoft.com/dotnet/fundamentals/code-analysis/style-rules/ide0055) [C:\UserWorx\VSWorx\ServoStudio\wpfui-servoStudio\samples\Wpf.Ui.servoStudio\servoStudio_wjhet5xd_wpftmp.csproj]
C:\UserWorx\VSWorx\ServoStudio\wpfui-servoStudio\samples\Wpf.Ui.servoStudio\ViewModels\Factory\FrameFormatEditorViewModel.cs(45,92): warning IDE0055: 淇鏍煎紡 (https://learn.microsoft.com/dotnet/fundamentals/code-analysis/style-rules/ide0055) [C:\UserWorx\VSWorx\ServoStudio\wpfui-servoStudio\samples\Wpf.Ui.servoStudio\servoStudio_wjhet5xd_wpftmp.csproj]
C:\UserWorx\VSWorx\ServoStudio\wpfui-servoStudio\samples\Wpf.Ui.servoStudio\ViewModels\Factory\FrameFormatEditorViewModel.cs(56,63): warning IDE0055: 淇鏍煎紡 (https://learn.microsoft.com/dotnet/fundamentals/code-analysis/style-rules/ide0055) [C:\UserWorx\VSWorx\ServoStudio\wpfui-servoStudio\samples\Wpf.Ui.servoStudio\servoStudio_wjhet5xd_wpftmp.csproj]
C:\UserWorx\VSWorx\ServoStudio\wpfui-servoStudio\samples\Wpf.Ui.servoStudio\ViewModels\Factory\FrameFormatEditorViewModel.cs(56,65): warning IDE0055: 淇鏍煎紡 (https://learn.microsoft.com/dotnet/fundamentals/code-analysis/style-rules/ide0055) [C:\UserWorx\VSWorx\ServoStudio\wpfui-servoStudio\samples\Wpf.Ui.servoStudio\servoStudio_wjhet5xd_wpftmp.csproj]
C:\UserWorx\VSWorx\ServoStudio\wpfui-servoStudio\samples\Wpf.Ui.servoStudio\ViewModels\Factory\FrameFormatEditorViewModel.cs(56,70): warning IDE0055: 淇鏍煎紡 (https://learn.microsoft.com/dotnet/fundamentals/code-analysis/style-rules/ide0055) [C:\UserWorx\VSWorx\ServoStudio\wpfui-servoStudio\samples\Wpf.Ui.servoStudio\servoStudio_wjhet5xd_wpftmp.csproj]
C:\UserWorx\VSWorx\ServoStudio\wpfui-servoStudio\samples\Wpf.Ui.servoStudio\ViewModels\Factory\FrameFormatEditorViewModel.cs(102,56): warning IDE0055: 淇鏍煎紡 (https://learn.microsoft.com/dotnet/fundamentals/code-analysis/style-rules/ide0055) [C:\UserWorx\VSWorx\ServoStudio\wpfui-servoStudio\samples\Wpf.Ui.servoStudio\servoStudio_wjhet5xd_wpftmp.csproj]
C:\UserWorx\VSWorx\ServoStudio\wpfui-servoStudio\samples\Wpf.Ui.servoStudio\ViewModels\Factory\FrameFormatEditorViewModel.cs(113,56): warning IDE0055: 淇鏍煎紡 (https://learn.microsoft.com/dotnet/fundamentals/code-analysis/style-rules/ide0055) [C:\UserWorx\VSWorx\ServoStudio\wpfui-servoStudio\samples\Wpf.Ui.servoStudio\servoStudio_wjhet5xd_wpftmp.csproj]
C:\UserWorx\VSWorx\ServoStudio\wpfui-servoStudio\samples\Wpf.Ui.servoStudio\ViewModels\Factory\FrameFormatEditorViewModel.cs(128,30): warning IDE0055: 淇鏍煎紡 (https://learn.microsoft.com/dotnet/fundamentals/code-analysis/style-rules/ide0055) [C:\UserWorx\VSWorx\ServoStudio\wpfui-servoStudio\samples\Wpf.Ui.servoStudio\servoStudio_wjhet5xd_wpftmp.csproj]
C:\UserWorx\VSWorx\ServoStudio\wpfui-servoStudio\samples\Wpf.Ui.servoStudio\ViewModels\Factory\FrameFormatEditorViewModel.cs(129,13): warning IDE0055: 淇鏍煎紡 (https://learn.microsoft.com/dotnet/fundamentals/code-analysis/style-rules/ide0055) [C:\UserWorx\VSWorx\ServoStudio\wpfui-servoStudio\samples\Wpf.Ui.servoStudio\servoStudio_wjhet5xd_wpftmp.csproj]
C:\UserWorx\VSWorx\ServoStudio\wpfui-servoStudio\samples\Wpf.Ui.servoStudio\ViewModels\Factory\FrameFormatEditorViewModel.cs(136,29): warning IDE0055: 淇鏍煎紡 (https://learn.microsoft.com/dotnet/fundamentals/code-analysis/style-rules/ide0055) [C:\UserWorx\VSWorx\ServoStudio\wpfui-servoStudio\samples\Wpf.Ui.servoStudio\servoStudio_wjhet5xd_wpftmp.csproj]
C:\UserWorx\VSWorx\ServoStudio\wpfui-servoStudio\samples\Wpf.Ui.servoStudio\ViewModels\Factory\FrameFormatEditorViewModel.cs(162,20): warning IDE0055: 淇鏍煎紡 (https://learn.microsoft.com/dotnet/fundamentals/code-analysis/style-rules/ide0055) [C:\UserWorx\VSWorx\ServoStudio\wpfui-servoStudio\samples\Wpf.Ui.servoStudio\servoStudio_wjhet5xd_wpftmp.csproj]
C:\UserWorx\VSWorx\ServoStudio\wpfui-servoStudio\samples\Wpf.Ui.servoStudio\ViewModels\Factory\FrameFormatEditorViewModel.cs(214,29): warning IDE0055: 淇鏍煎紡 (https://learn.microsoft.com/dotnet/fundamentals/code-analysis/style-rules/ide0055) [C:\UserWorx\VSWorx\ServoStudio\wpfui-servoStudio\samples\Wpf.Ui.servoStudio\servoStudio_wjhet5xd_wpftmp.csproj]
C:\UserWorx\VSWorx\ServoStudio\wpfui-servoStudio\samples\Wpf.Ui.servoStudio\ViewModels\Factory\FrameFormatEditorViewModel.cs(214,31): warning IDE0055: 淇鏍煎紡 (https://learn.microsoft.com/dotnet/fundamentals/code-analysis/style-rules/ide0055) [C:\UserWorx\VSWorx\ServoStudio\wpfui-servoStudio\samples\Wpf.Ui.servoStudio\servoStudio_wjhet5xd_wpftmp.csproj]
C:\UserWorx\VSWorx\ServoStudio\wpfui-servoStudio\samples\Wpf.Ui.servoStudio\ViewModels\Factory\FrameFormatEditorViewModel.cs(214,60): warning IDE0055: 淇鏍煎紡 (https://learn.microsoft.com/dotnet/fundamentals/code-analysis/style-rules/ide0055) [C:\UserWorx\VSWorx\ServoStudio\wpfui-servoStudio\samples\Wpf.Ui.servoStudio\servoStudio_wjhet5xd_wpftmp.csproj]
C:\UserWorx\VSWorx\ServoStudio\wpfui-servoStudio\samples\Wpf.Ui.servoStudio\ViewModels\Factory\FrameFormatEditorViewModel.cs(214,68): warning IDE0055: 淇鏍煎紡 (https://learn.microsoft.com/dotnet/fundamentals/code-analysis/style-rules/ide0055) [C:\UserWorx\VSWorx\ServoStudio\wpfui-servoStudio\samples\Wpf.Ui.servoStudio\servoStudio_wjhet5xd_wpftmp.csproj]
C:\UserWorx\VSWorx\ServoStudio\wpfui-servoStudio\samples\Wpf.Ui.servoStudio\ViewModels\Factory\FrameFormatEditorViewModel.cs(229,29): warning IDE0055: 淇鏍煎紡 (https://learn.microsoft.com/dotnet/fundamentals/code-analysis/style-rules/ide0055) [C:\UserWorx\VSWorx\ServoStudio\wpfui-servoStudio\samples\Wpf.Ui.servoStudio\servoStudio_wjhet5xd_wpftmp.csproj]
C:\UserWorx\VSWorx\ServoStudio\wpfui-servoStudio\samples\Wpf.Ui.servoStudio\ViewModels\Factory\FrameFormatEditorViewModel.cs(229,31): warning IDE0055: 淇鏍煎紡 (https://learn.microsoft.com/dotnet/fundamentals/code-analysis/style-rules/ide0055) [C:\UserWorx\VSWorx\ServoStudio\wpfui-servoStudio\samples\Wpf.Ui.servoStudio\servoStudio_wjhet5xd_wpftmp.csproj]
C:\UserWorx\VSWorx\ServoStudio\wpfui-servoStudio\samples\Wpf.Ui.servoStudio\ViewModels\Factory\FrameFormatEditorViewModel.cs(229,60): warning IDE0055: 淇鏍煎紡 (https://learn.microsoft.com/dotnet/fundamentals/code-analysis/style-rules/ide0055) [C:\UserWorx\VSWorx\ServoStudio\wpfui-servoStudio\samples\Wpf.Ui.servoStudio\servoStudio_wjhet5xd_wpftmp.csproj]
C:\UserWorx\VSWorx\ServoStudio\wpfui-servoStudio\samples\Wpf.Ui.servoStudio\ViewModels\Factory\FrameFormatEditorViewModel.cs(229,68): warning IDE0055: 淇鏍煎紡 (https://learn.microsoft.com/dotnet/fundamentals/code-analysis/style-rules/ide0055) [C:\UserWorx\VSWorx\ServoStudio\wpfui-servoStudio\samples\Wpf.Ui.servoStudio\servoStudio_wjhet5xd_wpftmp.csproj]
C:\UserWorx\VSWorx\ServoStudio\wpfui-servoStudio\samples\Wpf.Ui.servoStudio\ViewModels\Factory\FrameFormatEditorViewModel.cs(274,36): warning IDE0055: 淇鏍煎紡 (https://learn.microsoft.com/dotnet/fundamentals/code-analysis/style-rules/ide0055) [C:\UserWorx\VSWorx\ServoStudio\wpfui-servoStudio\samples\Wpf.Ui.servoStudio\servoStudio_wjhet5xd_wpftmp.csproj]
C:\UserWorx\VSWorx\ServoStudio\wpfui-servoStudio\samples\Wpf.Ui.servoStudio\ViewModels\Factory\FrameFormatEditorViewModel.cs(278,32): warning IDE0055: 淇鏍煎紡 (https://learn.microsoft.com/dotnet/fundamentals/code-analysis/style-rules/ide0055) [C:\UserWorx\VSWorx\ServoStudio\wpfui-servoStudio\samples\Wpf.Ui.servoStudio\servoStudio_wjhet5xd_wpftmp.csproj]
C:\UserWorx\VSWorx\ServoStudio\wpfui-servoStudio\samples\Wpf.Ui.servoStudio\ViewModels\Factory\FrameFormatEditorViewModel.cs(289,36): warning IDE0055: 淇鏍煎紡 (https://learn.microsoft.com/dotnet/fundamentals/code-analysis/style-rules/ide0055) [C:\UserWorx\VSWorx\ServoStudio\wpfui-servoStudio\samples\Wpf.Ui.servoStudio\servoStudio_wjhet5xd_wpftmp.csproj]
C:\UserWorx\VSWorx\ServoStudio\wpfui-servoStudio\samples\Wpf.Ui.servoStudio\ViewModels\Factory\FrameFormatEditorViewModel.cs(290,32): warning IDE0055: 淇鏍煎紡 (https://learn.microsoft.com/dotnet/fundamentals/code-analysis/style-rules/ide0055) [C:\UserWorx\VSWorx\ServoStudio\wpfui-servoStudio\samples\Wpf.Ui.servoStudio\servoStudio_wjhet5xd_wpftmp.csproj]
C:\UserWorx\VSWorx\ServoStudio\wpfui-servoStudio\samples\Wpf.Ui.servoStudio\ViewModels\Factory\FrameFormatEditorViewModel.cs(90,9): warning IDE2003: 鍧椾笌鍚庣画璇彞涔嬮棿闇€瑕佹湁绌虹櫧琛?(https://learn.microsoft.com/dotnet/fundamentals/code-analysis/style-rules/ide2003) [C:\UserWorx\VSWorx\ServoStudio\wpfui-servoStudio\samples\Wpf.Ui.servoStudio\servoStudio_wjhet5xd_wpftmp.csproj]
C:\UserWorx\VSWorx\ServoStudio\wpfui-servoStudio\samples\Wpf.Ui.servoStudio\ViewModels\Factory\FrameFormatEditorViewModel.cs(214,69): warning IDE2003: 鍧椾笌鍚庣画璇彞涔嬮棿闇€瑕佹湁绌虹櫧琛?(https://learn.microsoft.com/dotnet/fundamentals/code-analysis/style-rules/ide2003) [C:\UserWorx\VSWorx\ServoStudio\wpfui-servoStudio\samples\Wpf.Ui.servoStudio\servoStudio_wjhet5xd_wpftmp.csproj]
C:\UserWorx\VSWorx\ServoStudio\wpfui-servoStudio\samples\Wpf.Ui.servoStudio\ViewModels\Factory\FrameFormatEditorViewModel.cs(229,69): warning IDE2003: 鍧椾笌鍚庣画璇彞涔嬮棿闇€瑕佹湁绌虹櫧琛?(https://learn.microsoft.com/dotnet/fundamentals/code-analysis/style-rules/ide2003) [C:\UserWorx\VSWorx\ServoStudio\wpfui-servoStudio\samples\Wpf.Ui.servoStudio\servoStudio_wjhet5xd_wpftmp.csproj]
C:\UserWorx\VSWorx\ServoStudio\wpfui-servoStudio\samples\Wpf.Ui.servoStudio\Views\Pages\AppDataPages\PidAdjustPage.xaml.cs(222,9): warning IDE0008: 鐢ㄦ樉寮忕被鍨嬩唬鏇?"var" (https://learn.microsoft.com/dotnet/fundamentals/code-analysis/style-rules/ide0008) [C:\UserWorx\VSWorx\ServoStudio\wpfui-servoStudio\samples\Wpf.Ui.servoStudio\servoStudio_wjhet5xd_wpftmp.csproj]
C:\UserWorx\VSWorx\ServoStudio\wpfui-servoStudio\samples\Wpf.Ui.servoStudio\Views\Pages\AppDataPages\PidAdjustPage.xaml.cs(253,18): warning IDE0008: 鐢ㄦ樉寮忕被鍨嬩唬鏇?"var" (https://learn.microsoft.com/dotnet/fundamentals/code-analysis/style-rules/ide0008) [C:\UserWorx\VSWorx\ServoStudio\wpfui-servoStudio\samples\Wpf.Ui.servoStudio\servoStudio_wjhet5xd_wpftmp.csproj]
C:\UserWorx\VSWorx\ServoStudio\wpfui-servoStudio\samples\Wpf.Ui.servoStudio\ViewModels\FaultInfoViewModel.cs(411,82): warning IDE0055: 淇鏍煎紡 (https://learn.microsoft.com/dotnet/fundamentals/code-analysis/style-rules/ide0055) [C:\UserWorx\VSWorx\ServoStudio\wpfui-servoStudio\samples\Wpf.Ui.servoStudio\servoStudio_wjhet5xd_wpftmp.csproj]
C:\UserWorx\VSWorx\ServoStudio\wpfui-servoStudio\samples\Wpf.Ui.servoStudio\ViewModels\FaultInfoViewModel.cs(412,83): warning IDE0055: 淇鏍煎紡 (https://learn.microsoft.com/dotnet/fundamentals/code-analysis/style-rules/ide0055) [C:\UserWorx\VSWorx\ServoStudio\wpfui-servoStudio\samples\Wpf.Ui.servoStudio\servoStudio_wjhet5xd_wpftmp.csproj]
C:\UserWorx\VSWorx\ServoStudio\wpfui-servoStudio\samples\Wpf.Ui.servoStudio\ViewModels\FaultInfoViewModel.cs(413,86): warning IDE0055: 淇鏍煎紡 (https://learn.microsoft.com/dotnet/fundamentals/code-analysis/style-rules/ide0055) [C:\UserWorx\VSWorx\ServoStudio\wpfui-servoStudio\samples\Wpf.Ui.servoStudio\servoStudio_wjhet5xd_wpftmp.csproj]
C:\UserWorx\VSWorx\ServoStudio\wpfui-servoStudio\samples\Wpf.Ui.servoStudio\ViewModels\FaultInfoViewModel.cs(414,82): warning IDE0055: 淇鏍煎紡 (https://learn.microsoft.com/dotnet/fundamentals/code-analysis/style-rules/ide0055) [C:\UserWorx\VSWorx\ServoStudio\wpfui-servoStudio\samples\Wpf.Ui.servoStudio\servoStudio_wjhet5xd_wpftmp.csproj]
C:\UserWorx\VSWorx\ServoStudio\wpfui-servoStudio\samples\Wpf.Ui.servoStudio\ViewModels\FaultInfoViewModel.cs(415,85): warning IDE0055: 淇鏍煎紡 (https://learn.microsoft.com/dotnet/fundamentals/code-analysis/style-rules/ide0055) [C:\UserWorx\VSWorx\ServoStudio\wpfui-servoStudio\samples\Wpf.Ui.servoStudio\servoStudio_wjhet5xd_wpftmp.csproj]
C:\UserWorx\VSWorx\ServoStudio\wpfui-servoStudio\samples\Wpf.Ui.servoStudio\ViewModels\FaultInfoViewModel.cs(416,85): warning IDE0055: 淇鏍煎紡 (https://learn.microsoft.com/dotnet/fundamentals/code-analysis/style-rules/ide0055) [C:\UserWorx\VSWorx\ServoStudio\wpfui-servoStudio\samples\Wpf.Ui.servoStudio\servoStudio_wjhet5xd_wpftmp.csproj]
C:\UserWorx\VSWorx\ServoStudio\wpfui-servoStudio\samples\Wpf.Ui.servoStudio\ViewModels\FaultInfoViewModel.cs(417,83): warning IDE0055: 淇鏍煎紡 (https://learn.microsoft.com/dotnet/fundamentals/code-analysis/style-rules/ide0055) [C:\UserWorx\VSWorx\ServoStudio\wpfui-servoStudio\samples\Wpf.Ui.servoStudio\servoStudio_wjhet5xd_wpftmp.csproj]
C:\UserWorx\VSWorx\ServoStudio\wpfui-servoStudio\samples\Wpf.Ui.servoStudio\ViewModels\FaultInfoViewModel.cs(418,108): warning IDE0055: 淇鏍煎紡 (https://learn.microsoft.com/dotnet/fundamentals/code-analysis/style-rules/ide0055) [C:\UserWorx\VSWorx\ServoStudio\wpfui-servoStudio\samples\Wpf.Ui.servoStudio\servoStudio_wjhet5xd_wpftmp.csproj]
C:\UserWorx\VSWorx\ServoStudio\wpfui-servoStudio\samples\Wpf.Ui.servoStudio\ViewModels\FaultInfoViewModel.cs(419,108): warning IDE0055: 淇鏍煎紡 (https://learn.microsoft.com/dotnet/fundamentals/code-analysis/style-rules/ide0055) [C:\UserWorx\VSWorx\ServoStudio\wpfui-servoStudio\samples\Wpf.Ui.servoStudio\servoStudio_wjhet5xd_wpftmp.csproj]
C:\UserWorx\VSWorx\ServoStudio\wpfui-servoStudio\samples\Wpf.Ui.servoStudio\ViewModels\FaultInfoViewModel.cs(420,108): warning IDE0055: 淇鏍煎紡 (https://learn.microsoft.com/dotnet/fundamentals/code-analysis/style-rules/ide0055) [C:\UserWorx\VSWorx\ServoStudio\wpfui-servoStudio\samples\Wpf.Ui.servoStudio\servoStudio_wjhet5xd_wpftmp.csproj]
C:\UserWorx\VSWorx\ServoStudio\wpfui-servoStudio\samples\Wpf.Ui.servoStudio\ViewModels\FaultInfoViewModel.cs(431,9): warning IDE2003: 鍧椾笌鍚庣画璇彞涔嬮棿闇€瑕佹湁绌虹櫧琛?(https://learn.microsoft.com/dotnet/fundamentals/code-analysis/style-rules/ide2003) [C:\UserWorx\VSWorx\ServoStudio\wpfui-servoStudio\samples\Wpf.Ui.servoStudio\servoStudio_wjhet5xd_wpftmp.csproj]
C:\UserWorx\VSWorx\ServoStudio\wpfui-servoStudio\samples\Wpf.Ui.servoStudio\Views\Pages\AppDataPages\PidAdjustPage.xaml.cs(271,9): warning IDE0008: 鐢ㄦ樉寮忕被鍨嬩唬鏇?"var" (https://learn.microsoft.com/dotnet/fundamentals/code-analysis/style-rules/ide0008) [C:\UserWorx\VSWorx\ServoStudio\wpfui-servoStudio\samples\Wpf.Ui.servoStudio\servoStudio_wjhet5xd_wpftmp.csproj]
C:\UserWorx\VSWorx\ServoStudio\wpfui-servoStudio\samples\Wpf.Ui.servoStudio\ViewModels\DeviceSet\DeviceAddViewModel.cs(810,13): warning IDE0008: 鐢ㄦ樉寮忕被鍨嬩唬鏇?"var" (https://learn.microsoft.com/dotnet/fundamentals/code-analysis/style-rules/ide0008) [C:\UserWorx\VSWorx\ServoStudio\wpfui-servoStudio\samples\Wpf.Ui.servoStudio\servoStudio_wjhet5xd_wpftmp.csproj]
C:\UserWorx\VSWorx\ServoStudio\wpfui-servoStudio\samples\Wpf.Ui.servoStudio\ViewModels\Firmware\EcatEepromViewModel.cs(316,28): warning IDE0055: 淇鏍煎紡 (https://learn.microsoft.com/dotnet/fundamentals/code-analysis/style-rules/ide0055) [C:\UserWorx\VSWorx\ServoStudio\wpfui-servoStudio\samples\Wpf.Ui.servoStudio\servoStudio_wjhet5xd_wpftmp.csproj]
C:\UserWorx\VSWorx\ServoStudio\wpfui-servoStudio\samples\Wpf.Ui.servoStudio\ViewModels\Firmware\EcatEepromViewModel.cs(323,39): warning IDE0055: 淇鏍煎紡 (https://learn.microsoft.com/dotnet/fundamentals/code-analysis/style-rules/ide0055) [C:\UserWorx\VSWorx\ServoStudio\wpfui-servoStudio\samples\Wpf.Ui.servoStudio\servoStudio_wjhet5xd_wpftmp.csproj]
C:\UserWorx\VSWorx\ServoStudio\wpfui-servoStudio\samples\Wpf.Ui.servoStudio\ViewModels\Firmware\EcatEepromViewModel.cs(338,31): warning IDE0055: 淇鏍煎紡 (https://learn.microsoft.com/dotnet/fundamentals/code-analysis/style-rules/ide0055) [C:\UserWorx\VSWorx\ServoStudio\wpfui-servoStudio\samples\Wpf.Ui.servoStudio\servoStudio_wjhet5xd_wpftmp.csproj]
C:\UserWorx\VSWorx\ServoStudio\wpfui-servoStudio\samples\Wpf.Ui.servoStudio\Models\LogEntry.cs(84,9): warning IDE0011: 鍚?鈥渋f鈥?璇彞娣诲姞澶ф嫭鍙枫€?(https://learn.microsoft.com/dotnet/fundamentals/code-analysis/style-rules/ide0011) [C:\UserWorx\VSWorx\ServoStudio\wpfui-servoStudio\samples\Wpf.Ui.servoStudio\servoStudio_wjhet5xd_wpftmp.csproj]
C:\UserWorx\VSWorx\ServoStudio\wpfui-servoStudio\samples\Wpf.Ui.servoStudio\Models\LogEntry.cs(87,9): warning IDE0011: 鍚?鈥渋f鈥?璇彞娣诲姞澶ф嫭鍙枫€?(https://learn.microsoft.com/dotnet/fundamentals/code-analysis/style-rules/ide0011) [C:\UserWorx\VSWorx\ServoStudio\wpfui-servoStudio\samples\Wpf.Ui.servoStudio\servoStudio_wjhet5xd_wpftmp.csproj]
C:\UserWorx\VSWorx\ServoStudio\wpfui-servoStudio\samples\Wpf.Ui.servoStudio\Models\HVariables.cs(77,13): warning IDE0011: 鍚?鈥渋f鈥?璇彞娣诲姞澶ф嫭鍙枫€?(https://learn.microsoft.com/dotnet/fundamentals/code-analysis/style-rules/ide0011) [C:\UserWorx\VSWorx\ServoStudio\wpfui-servoStudio\samples\Wpf.Ui.servoStudio\servoStudio_wjhet5xd_wpftmp.csproj]
C:\UserWorx\VSWorx\ServoStudio\wpfui-servoStudio\samples\Wpf.Ui.servoStudio\Models\HVariables.cs(80,13): warning IDE0011: 鍚?鈥渋f鈥?璇彞娣诲姞澶ф嫭鍙枫€?(https://learn.microsoft.com/dotnet/fundamentals/code-analysis/style-rules/ide0011) [C:\UserWorx\VSWorx\ServoStudio\wpfui-servoStudio\samples\Wpf.Ui.servoStudio\servoStudio_wjhet5xd_wpftmp.csproj]
C:\UserWorx\VSWorx\ServoStudio\wpfui-servoStudio\samples\Wpf.Ui.servoStudio\Models\HVariables.cs(93,13): warning IDE0011: 鍚?鈥渋f鈥?璇彞娣诲姞澶ф嫭鍙枫€?(https://learn.microsoft.com/dotnet/fundamentals/code-analysis/style-rules/ide0011) [C:\UserWorx\VSWorx\ServoStudio\wpfui-servoStudio\samples\Wpf.Ui.servoStudio\servoStudio_wjhet5xd_wpftmp.csproj]
C:\UserWorx\VSWorx\ServoStudio\wpfui-servoStudio\samples\Wpf.Ui.servoStudio\Models\HVariables.cs(99,17): warning IDE0011: 鍚?鈥渋f鈥?璇彞娣诲姞澶ф嫭鍙枫€?(https://learn.microsoft.com/dotnet/fundamentals/code-analysis/style-rules/ide0011) [C:\UserWorx\VSWorx\ServoStudio\wpfui-servoStudio\samples\Wpf.Ui.servoStudio\servoStudio_wjhet5xd_wpftmp.csproj]
C:\UserWorx\VSWorx\ServoStudio\wpfui-servoStudio\samples\Wpf.Ui.servoStudio\ViewModels\AppData\PidAdjustViewModel.cs(373,9): warning IDE0011: 鍚?鈥渋f鈥?璇彞娣诲姞澶ф嫭鍙枫€?(https://learn.microsoft.com/dotnet/fundamentals/code-analysis/style-rules/ide0011) [C:\UserWorx\VSWorx\ServoStudio\wpfui-servoStudio\samples\Wpf.Ui.servoStudio\servoStudio_wjhet5xd_wpftmp.csproj]
C:\UserWorx\VSWorx\ServoStudio\wpfui-servoStudio\samples\Wpf.Ui.servoStudio\ViewModels\DeviceSet\DeviceAddViewModel.cs(983,9): warning IDE0011: 鍚?鈥渋f鈥?璇彞娣诲姞澶ф嫭鍙枫€?(https://learn.microsoft.com/dotnet/fundamentals/code-analysis/style-rules/ide0011) [C:\UserWorx\VSWorx\ServoStudio\wpfui-servoStudio\samples\Wpf.Ui.servoStudio\servoStudio_wjhet5xd_wpftmp.csproj]
C:\UserWorx\VSWorx\ServoStudio\wpfui-servoStudio\samples\Wpf.Ui.servoStudio\ViewModels\DeviceSet\DeviceAddViewModel.cs(988,13): warning IDE0011: 鍚?鈥渋f鈥?璇彞娣诲姞澶ф嫭鍙枫€?(https://learn.microsoft.com/dotnet/fundamentals/code-analysis/style-rules/ide0011) [C:\UserWorx\VSWorx\ServoStudio\wpfui-servoStudio\samples\Wpf.Ui.servoStudio\servoStudio_wjhet5xd_wpftmp.csproj]
C:\UserWorx\VSWorx\ServoStudio\wpfui-servoStudio\samples\Wpf.Ui.servoStudio\ViewModels\DeviceSet\DeviceAddViewModel.cs(991,13): warning IDE0011: 鍚?鈥渋f鈥?璇彞娣诲姞澶ф嫭鍙枫€?(https://learn.microsoft.com/dotnet/fundamentals/code-analysis/style-rules/ide0011) [C:\UserWorx\VSWorx\ServoStudio\wpfui-servoStudio\samples\Wpf.Ui.servoStudio\servoStudio_wjhet5xd_wpftmp.csproj]
C:\UserWorx\VSWorx\ServoStudio\wpfui-servoStudio\samples\Wpf.Ui.servoStudio\ViewModels\DeviceSet\DeviceAddViewModel.cs(994,13): warning IDE0011: 鍚?鈥渋f鈥?璇彞娣诲姞澶ф嫭鍙枫€?(https://learn.microsoft.com/dotnet/fundamentals/code-analysis/style-rules/ide0011) [C:\UserWorx\VSWorx\ServoStudio\wpfui-servoStudio\samples\Wpf.Ui.servoStudio\servoStudio_wjhet5xd_wpftmp.csproj]
C:\UserWorx\VSWorx\ServoStudio\wpfui-servoStudio\samples\Wpf.Ui.servoStudio\ViewModels\DeviceSet\DeviceAddViewModel.cs(999,9): warning IDE0011: 鍚?鈥渋f鈥?璇彞娣诲姞澶ф嫭鍙枫€?(https://learn.microsoft.com/dotnet/fundamentals/code-analysis/style-rules/ide0011) [C:\UserWorx\VSWorx\ServoStudio\wpfui-servoStudio\samples\Wpf.Ui.servoStudio\servoStudio_wjhet5xd_wpftmp.csproj]
C:\UserWorx\VSWorx\ServoStudio\wpfui-servoStudio\samples\Wpf.Ui.servoStudio\Views\Pages\AppDataPages\PidAdjustPage.xaml.cs(299,9): warning IDE0011: 鍚?鈥渋f鈥?璇彞娣诲姞澶ф嫭鍙枫€?(https://learn.microsoft.com/dotnet/fundamentals/code-analysis/style-rules/ide0011) [C:\UserWorx\VSWorx\ServoStudio\wpfui-servoStudio\samples\Wpf.Ui.servoStudio\servoStudio_wjhet5xd_wpftmp.csproj]
C:\UserWorx\VSWorx\ServoStudio\wpfui-servoStudio\samples\Wpf.Ui.servoStudio\ViewModels\Firmware\FirmwareProgramViewModel.cs(679,9): warning IDE0011: 鍚?鈥渋f鈥?璇彞娣诲姞澶ф嫭鍙枫€?(https://learn.microsoft.com/dotnet/fundamentals/code-analysis/style-rules/ide0011) [C:\UserWorx\VSWorx\ServoStudio\wpfui-servoStudio\samples\Wpf.Ui.servoStudio\servoStudio_wjhet5xd_wpftmp.csproj]
C:\UserWorx\VSWorx\ServoStudio\wpfui-servoStudio\samples\Wpf.Ui.servoStudio\ViewModels\Firmware\FirmwareProgramViewModel.cs(717,17): warning IDE0011: 鍚?鈥渋f鈥?璇彞娣诲姞澶ф嫭鍙枫€?(https://learn.microsoft.com/dotnet/fundamentals/code-analysis/style-rules/ide0011) [C:\UserWorx\VSWorx\ServoStudio\wpfui-servoStudio\samples\Wpf.Ui.servoStudio\servoStudio_wjhet5xd_wpftmp.csproj]
C:\UserWorx\VSWorx\ServoStudio\wpfui-servoStudio\samples\Wpf.Ui.servoStudio\ViewModels\Firmware\FirmwareProgramViewModel.cs(735,9): warning IDE0011: 鍚?鈥渋f鈥?璇彞娣诲姞澶ф嫭鍙枫€?(https://learn.microsoft.com/dotnet/fundamentals/code-analysis/style-rules/ide0011) [C:\UserWorx\VSWorx\ServoStudio\wpfui-servoStudio\samples\Wpf.Ui.servoStudio\servoStudio_wjhet5xd_wpftmp.csproj]
C:\UserWorx\VSWorx\ServoStudio\wpfui-servoStudio\samples\Wpf.Ui.servoStudio\ViewModels\Firmware\FirmwareProgramViewModel.cs(743,13): warning IDE0011: 鍚?鈥渋f鈥?璇彞娣诲姞澶ф嫭鍙枫€?(https://learn.microsoft.com/dotnet/fundamentals/code-analysis/style-rules/ide0011) [C:\UserWorx\VSWorx\ServoStudio\wpfui-servoStudio\samples\Wpf.Ui.servoStudio\servoStudio_wjhet5xd_wpftmp.csproj]
C:\UserWorx\VSWorx\ServoStudio\wpfui-servoStudio\samples\Wpf.Ui.servoStudio\ViewModels\Firmware\FirmwareProgramViewModel.cs(747,9): warning IDE0011: 鍚?鈥渋f鈥?璇彞娣诲姞澶ф嫭鍙枫€?(https://learn.microsoft.com/dotnet/fundamentals/code-analysis/style-rules/ide0011) [C:\UserWorx\VSWorx\ServoStudio\wpfui-servoStudio\samples\Wpf.Ui.servoStudio\servoStudio_wjhet5xd_wpftmp.csproj]
C:\UserWorx\VSWorx\ServoStudio\wpfui-servoStudio\samples\Wpf.Ui.servoStudio\ViewModels\Firmware\FirmwareProgramViewModel.cs(765,13): warning IDE0011: 鍚?鈥渋f鈥?璇彞娣诲姞澶ф嫭鍙枫€?(https://learn.microsoft.com/dotnet/fundamentals/code-analysis/style-rules/ide0011) [C:\UserWorx\VSWorx\ServoStudio\wpfui-servoStudio\samples\Wpf.Ui.servoStudio\servoStudio_wjhet5xd_wpftmp.csproj]
C:\UserWorx\VSWorx\ServoStudio\wpfui-servoStudio\samples\Wpf.Ui.servoStudio\ViewModels\Firmware\FirmwareProgramViewModel.cs(767,13): warning IDE0011: 鍚?鈥渋f鈥?璇彞娣诲姞澶ф嫭鍙枫€?(https://learn.microsoft.com/dotnet/fundamentals/code-analysis/style-rules/ide0011) [C:\UserWorx\VSWorx\ServoStudio\wpfui-servoStudio\samples\Wpf.Ui.servoStudio\servoStudio_wjhet5xd_wpftmp.csproj]
C:\UserWorx\VSWorx\ServoStudio\wpfui-servoStudio\samples\Wpf.Ui.servoStudio\Models\FrameFormat.cs(388,18): warning IDE0008: 鐢ㄦ樉寮忕被鍨嬩唬鏇?"var" (https://learn.microsoft.com/dotnet/fundamentals/code-analysis/style-rules/ide0008) [C:\UserWorx\VSWorx\ServoStudio\wpfui-servoStudio\samples\Wpf.Ui.servoStudio\servoStudio_wjhet5xd_wpftmp.csproj]
C:\UserWorx\VSWorx\ServoStudio\wpfui-servoStudio\samples\Wpf.Ui.servoStudio\ViewModels\DeviceSet\DeviceAddViewModel.cs(1027,13): warning IDE0011: 鍚?鈥渇oreach鈥?璇彞娣诲姞澶ф嫭鍙枫€?(https://learn.microsoft.com/dotnet/fundamentals/code-analysis/style-rules/ide0011) [C:\UserWorx\VSWorx\ServoStudio\wpfui-servoStudio\samples\Wpf.Ui.servoStudio\servoStudio_wjhet5xd_wpftmp.csproj]
C:\UserWorx\VSWorx\ServoStudio\wpfui-servoStudio\samples\Wpf.Ui.servoStudio\ViewModels\DeviceSet\DeviceAddViewModel.cs(1036,9): warning IDE0011: 鍚?鈥渇oreach鈥?璇彞娣诲姞澶ф嫭鍙枫€?(https://learn.microsoft.com/dotnet/fundamentals/code-analysis/style-rules/ide0011) [C:\UserWorx\VSWorx\ServoStudio\wpfui-servoStudio\samples\Wpf.Ui.servoStudio\servoStudio_wjhet5xd_wpftmp.csproj]
C:\UserWorx\VSWorx\ServoStudio\wpfui-servoStudio\samples\Wpf.Ui.servoStudio\ViewModels\DeviceSet\DeviceAddViewModel.cs(1050,9): warning IDE0011: 鍚?鈥渋f鈥?璇彞娣诲姞澶ф嫭鍙枫€?(https://learn.microsoft.com/dotnet/fundamentals/code-analysis/style-rules/ide0011) [C:\UserWorx\VSWorx\ServoStudio\wpfui-servoStudio\samples\Wpf.Ui.servoStudio\servoStudio_wjhet5xd_wpftmp.csproj]
C:\UserWorx\VSWorx\ServoStudio\wpfui-servoStudio\samples\Wpf.Ui.servoStudio\ViewModels\AppData\PidAdjustViewModel.cs(448,17): warning IDE0011: 鍚?鈥渋f鈥?璇彞娣诲姞澶ф嫭鍙枫€?(https://learn.microsoft.com/dotnet/fundamentals/code-analysis/style-rules/ide0011) [C:\UserWorx\VSWorx\ServoStudio\wpfui-servoStudio\samples\Wpf.Ui.servoStudio\servoStudio_wjhet5xd_wpftmp.csproj]
C:\UserWorx\VSWorx\ServoStudio\wpfui-servoStudio\samples\Wpf.Ui.servoStudio\ViewModels\AppData\PidAdjustViewModel.cs(450,17): warning IDE0011: 鍚?鈥渋f鈥?璇彞娣诲姞澶ф嫭鍙枫€?(https://learn.microsoft.com/dotnet/fundamentals/code-analysis/style-rules/ide0011) [C:\UserWorx\VSWorx\ServoStudio\wpfui-servoStudio\samples\Wpf.Ui.servoStudio\servoStudio_wjhet5xd_wpftmp.csproj]
C:\UserWorx\VSWorx\ServoStudio\wpfui-servoStudio\samples\Wpf.Ui.servoStudio\ViewModels\AppData\PidAdjustViewModel.cs(452,17): warning IDE0011: 鍚?鈥渋f鈥?璇彞娣诲姞澶ф嫭鍙枫€?(https://learn.microsoft.com/dotnet/fundamentals/code-analysis/style-rules/ide0011) [C:\UserWorx\VSWorx\ServoStudio\wpfui-servoStudio\samples\Wpf.Ui.servoStudio\servoStudio_wjhet5xd_wpftmp.csproj]
C:\UserWorx\VSWorx\ServoStudio\wpfui-servoStudio\samples\Wpf.Ui.servoStudio\ViewModels\AppData\PidAdjustViewModel.cs(454,17): warning IDE0011: 鍚?鈥渋f鈥?璇彞娣诲姞澶ф嫭鍙枫€?(https://learn.microsoft.com/dotnet/fundamentals/code-analysis/style-rules/ide0011) [C:\UserWorx\VSWorx\ServoStudio\wpfui-servoStudio\samples\Wpf.Ui.servoStudio\servoStudio_wjhet5xd_wpftmp.csproj]
C:\UserWorx\VSWorx\ServoStudio\wpfui-servoStudio\samples\Wpf.Ui.servoStudio\ViewModels\AppData\PidAdjustViewModel.cs(456,17): warning IDE0011: 鍚?鈥渋f鈥?璇彞娣诲姞澶ф嫭鍙枫€?(https://learn.microsoft.com/dotnet/fundamentals/code-analysis/style-rules/ide0011) [C:\UserWorx\VSWorx\ServoStudio\wpfui-servoStudio\samples\Wpf.Ui.servoStudio\servoStudio_wjhet5xd_wpftmp.csproj]
C:\UserWorx\VSWorx\ServoStudio\wpfui-servoStudio\samples\Wpf.Ui.servoStudio\ViewModels\AppData\PidAdjustViewModel.cs(458,17): warning IDE0011: 鍚?鈥渋f鈥?璇彞娣诲姞澶ф嫭鍙枫€?(https://learn.microsoft.com/dotnet/fundamentals/code-analysis/style-rules/ide0011) [C:\UserWorx\VSWorx\ServoStudio\wpfui-servoStudio\samples\Wpf.Ui.servoStudio\servoStudio_wjhet5xd_wpftmp.csproj]
C:\UserWorx\VSWorx\ServoStudio\wpfui-servoStudio\samples\Wpf.Ui.servoStudio\ViewModels\AppData\PidAdjustViewModel.cs(464,21): warning IDE0011: 鍚?鈥渋f鈥?璇彞娣诲姞澶ф嫭鍙枫€?(https://learn.microsoft.com/dotnet/fundamentals/code-analysis/style-rules/ide0011) [C:\UserWorx\VSWorx\ServoStudio\wpfui-servoStudio\samples\Wpf.Ui.servoStudio\servoStudio_wjhet5xd_wpftmp.csproj]
C:\UserWorx\VSWorx\ServoStudio\wpfui-servoStudio\samples\Wpf.Ui.servoStudio\ViewModels\AppData\PidAdjustViewModel.cs(465,21): warning IDE0011: 鍚?鈥渋f鈥?璇彞娣诲姞澶ф嫭鍙枫€?(https://learn.microsoft.com/dotnet/fundamentals/code-analysis/style-rules/ide0011) [C:\UserWorx\VSWorx\ServoStudio\wpfui-servoStudio\samples\Wpf.Ui.servoStudio\servoStudio_wjhet5xd_wpftmp.csproj]
C:\UserWorx\VSWorx\ServoStudio\wpfui-servoStudio\samples\Wpf.Ui.servoStudio\ViewModels\AppData\PidAdjustViewModel.cs(466,21): warning IDE0011: 鍚?鈥渋f鈥?璇彞娣诲姞澶ф嫭鍙枫€?(https://learn.microsoft.com/dotnet/fundamentals/code-analysis/style-rules/ide0011) [C:\UserWorx\VSWorx\ServoStudio\wpfui-servoStudio\samples\Wpf.Ui.servoStudio\servoStudio_wjhet5xd_wpftmp.csproj]
C:\UserWorx\VSWorx\ServoStudio\wpfui-servoStudio\samples\Wpf.Ui.servoStudio\ViewModels\AppData\PidAdjustViewModel.cs(467,21): warning IDE0011: 鍚?鈥渋f鈥?璇彞娣诲姞澶ф嫭鍙枫€?(https://learn.microsoft.com/dotnet/fundamentals/code-analysis/style-rules/ide0011) [C:\UserWorx\VSWorx\ServoStudio\wpfui-servoStudio\samples\Wpf.Ui.servoStudio\servoStudio_wjhet5xd_wpftmp.csproj]
C:\UserWorx\VSWorx\ServoStudio\wpfui-servoStudio\samples\Wpf.Ui.servoStudio\ViewModels\AppData\PidAdjustViewModel.cs(468,21): warning IDE0011: 鍚?鈥渋f鈥?璇彞娣诲姞澶ф嫭鍙枫€?(https://learn.microsoft.com/dotnet/fundamentals/code-analysis/style-rules/ide0011) [C:\UserWorx\VSWorx\ServoStudio\wpfui-servoStudio\samples\Wpf.Ui.servoStudio\servoStudio_wjhet5xd_wpftmp.csproj]
C:\UserWorx\VSWorx\ServoStudio\wpfui-servoStudio\samples\Wpf.Ui.servoStudio\ViewModels\AppData\PidAdjustViewModel.cs(469,21): warning IDE0011: 鍚?鈥渋f鈥?璇彞娣诲姞澶ф嫭鍙枫€?(https://learn.microsoft.com/dotnet/fundamentals/code-analysis/style-rules/ide0011) [C:\UserWorx\VSWorx\ServoStudio\wpfui-servoStudio\samples\Wpf.Ui.servoStudio\servoStudio_wjhet5xd_wpftmp.csproj]
C:\UserWorx\VSWorx\ServoStudio\wpfui-servoStudio\samples\Wpf.Ui.servoStudio\Views\Pages\AppDataPages\DataViewPage.xaml.cs(40,9): warning IDE0008: 鐢ㄦ樉寮忕被鍨嬩唬鏇?"var" (https://learn.microsoft.com/dotnet/fundamentals/code-analysis/style-rules/ide0008) [C:\UserWorx\VSWorx\ServoStudio\wpfui-servoStudio\samples\Wpf.Ui.servoStudio\servoStudio_wjhet5xd_wpftmp.csproj]
C:\UserWorx\VSWorx\ServoStudio\wpfui-servoStudio\samples\Wpf.Ui.servoStudio\ViewModels\AppData\PidAdjustViewModel.cs(449,21): warning IDE0058: 姘歌繙涓嶄細浣跨敤琛ㄨ揪寮忓€?(https://learn.microsoft.com/dotnet/fundamentals/code-analysis/style-rules/ide0058) [C:\UserWorx\VSWorx\ServoStudio\wpfui-servoStudio\samples\Wpf.Ui.servoStudio\servoStudio_wjhet5xd_wpftmp.csproj]
C:\UserWorx\VSWorx\ServoStudio\wpfui-servoStudio\samples\Wpf.Ui.servoStudio\ViewModels\AppData\PidAdjustViewModel.cs(451,21): warning IDE0058: 姘歌繙涓嶄細浣跨敤琛ㄨ揪寮忓€?(https://learn.microsoft.com/dotnet/fundamentals/code-analysis/style-rules/ide0058) [C:\UserWorx\VSWorx\ServoStudio\wpfui-servoStudio\samples\Wpf.Ui.servoStudio\servoStudio_wjhet5xd_wpftmp.csproj]
C:\UserWorx\VSWorx\ServoStudio\wpfui-servoStudio\samples\Wpf.Ui.servoStudio\ViewModels\AppData\PidAdjustViewModel.cs(453,21): warning IDE0058: 姘歌繙涓嶄細浣跨敤琛ㄨ揪寮忓€?(https://learn.microsoft.com/dotnet/fundamentals/code-analysis/style-rules/ide0058) [C:\UserWorx\VSWorx\ServoStudio\wpfui-servoStudio\samples\Wpf.Ui.servoStudio\servoStudio_wjhet5xd_wpftmp.csproj]
C:\UserWorx\VSWorx\ServoStudio\wpfui-servoStudio\samples\Wpf.Ui.servoStudio\ViewModels\AppData\PidAdjustViewModel.cs(455,21): warning IDE0058: 姘歌繙涓嶄細浣跨敤琛ㄨ揪寮忓€?(https://learn.microsoft.com/dotnet/fundamentals/code-analysis/style-rules/ide0058) [C:\UserWorx\VSWorx\ServoStudio\wpfui-servoStudio\samples\Wpf.Ui.servoStudio\servoStudio_wjhet5xd_wpftmp.csproj]
C:\UserWorx\VSWorx\ServoStudio\wpfui-servoStudio\samples\Wpf.Ui.servoStudio\ViewModels\AppData\PidAdjustViewModel.cs(457,21): warning IDE0058: 姘歌繙涓嶄細浣跨敤琛ㄨ揪寮忓€?(https://learn.microsoft.com/dotnet/fundamentals/code-analysis/style-rules/ide0058) [C:\UserWorx\VSWorx\ServoStudio\wpfui-servoStudio\samples\Wpf.Ui.servoStudio\servoStudio_wjhet5xd_wpftmp.csproj]
C:\UserWorx\VSWorx\ServoStudio\wpfui-servoStudio\samples\Wpf.Ui.servoStudio\ViewModels\AppData\PidAdjustViewModel.cs(459,21): warning IDE0058: 姘歌繙涓嶄細浣跨敤琛ㄨ揪寮忓€?(https://learn.microsoft.com/dotnet/fundamentals/code-analysis/style-rules/ide0058) [C:\UserWorx\VSWorx\ServoStudio\wpfui-servoStudio\samples\Wpf.Ui.servoStudio\servoStudio_wjhet5xd_wpftmp.csproj]
C:\UserWorx\VSWorx\ServoStudio\wpfui-servoStudio\samples\Wpf.Ui.servoStudio\ViewModels\Hardware\ControllerViewModel.cs(216,64): warning IDE0055: 淇鏍煎紡 (https://learn.microsoft.com/dotnet/fundamentals/code-analysis/style-rules/ide0055) [C:\UserWorx\VSWorx\ServoStudio\wpfui-servoStudio\samples\Wpf.Ui.servoStudio\servoStudio_wjhet5xd_wpftmp.csproj]
C:\UserWorx\VSWorx\ServoStudio\wpfui-servoStudio\samples\Wpf.Ui.servoStudio\ViewModels\Hardware\ControllerViewModel.cs(292,47): warning IDE0055: 淇鏍煎紡 (https://learn.microsoft.com/dotnet/fundamentals/code-analysis/style-rules/ide0055) [C:\UserWorx\VSWorx\ServoStudio\wpfui-servoStudio\samples\Wpf.Ui.servoStudio\servoStudio_wjhet5xd_wpftmp.csproj]
C:\UserWorx\VSWorx\ServoStudio\wpfui-servoStudio\samples\Wpf.Ui.servoStudio\ViewModels\Hardware\ControllerViewModel.cs(447,44): warning IDE0055: 淇鏍煎紡 (https://learn.microsoft.com/dotnet/fundamentals/code-analysis/style-rules/ide0055) [C:\UserWorx\VSWorx\ServoStudio\wpfui-servoStudio\samples\Wpf.Ui.servoStudio\servoStudio_wjhet5xd_wpftmp.csproj]
C:\UserWorx\VSWorx\ServoStudio\wpfui-servoStudio\samples\Wpf.Ui.servoStudio\ViewModels\Hardware\ControllerViewModel.cs(447,46): warning IDE0055: 淇鏍煎紡 (https://learn.microsoft.com/dotnet/fundamentals/code-analysis/style-rules/ide0055) [C:\UserWorx\VSWorx\ServoStudio\wpfui-servoStudio\samples\Wpf.Ui.servoStudio\servoStudio_wjhet5xd_wpftmp.csproj]
C:\UserWorx\VSWorx\ServoStudio\wpfui-servoStudio\samples\Wpf.Ui.servoStudio\ViewModels\Hardware\ControllerViewModel.cs(447,67): warning IDE0055: 淇鏍煎紡 (https://learn.microsoft.com/dotnet/fundamentals/code-analysis/style-rules/ide0055) [C:\UserWorx\VSWorx\ServoStudio\wpfui-servoStudio\samples\Wpf.Ui.servoStudio\servoStudio_wjhet5xd_wpftmp.csproj]
C:\UserWorx\VSWorx\ServoStudio\wpfui-servoStudio\samples\Wpf.Ui.servoStudio\ViewModels\Hardware\ControllerViewModel.cs(447,75): warning IDE0055: 淇鏍煎紡 (https://learn.microsoft.com/dotnet/fundamentals/code-analysis/style-rules/ide0055) [C:\UserWorx\VSWorx\ServoStudio\wpfui-servoStudio\samples\Wpf.Ui.servoStudio\servoStudio_wjhet5xd_wpftmp.csproj]
C:\UserWorx\VSWorx\ServoStudio\wpfui-servoStudio\samples\Wpf.Ui.servoStudio\ViewModels\Hardware\ControllerViewModel.cs(453,47): warning IDE0055: 淇鏍煎紡 (https://learn.microsoft.com/dotnet/fundamentals/code-analysis/style-rules/ide0055) [C:\UserWorx\VSWorx\ServoStudio\wpfui-servoStudio\samples\Wpf.Ui.servoStudio\servoStudio_wjhet5xd_wpftmp.csproj]
C:\UserWorx\VSWorx\ServoStudio\wpfui-servoStudio\samples\Wpf.Ui.servoStudio\ViewModels\Hardware\ControllerViewModel.cs(454,48): warning IDE0055: 淇鏍煎紡 (https://learn.microsoft.com/dotnet/fundamentals/code-analysis/style-rules/ide0055) [C:\UserWorx\VSWorx\ServoStudio\wpfui-servoStudio\samples\Wpf.Ui.servoStudio\servoStudio_wjhet5xd_wpftmp.csproj]
C:\UserWorx\VSWorx\ServoStudio\wpfui-servoStudio\samples\Wpf.Ui.servoStudio\ViewModels\Hardware\ControllerViewModel.cs(455,47): warning IDE0055: 淇鏍煎紡 (https://learn.microsoft.com/dotnet/fundamentals/code-analysis/style-rules/ide0055) [C:\UserWorx\VSWorx\ServoStudio\wpfui-servoStudio\samples\Wpf.Ui.servoStudio\servoStudio_wjhet5xd_wpftmp.csproj]
C:\UserWorx\VSWorx\ServoStudio\wpfui-servoStudio\samples\Wpf.Ui.servoStudio\Views\Pages\AppDataPages\DataViewPage.xaml.cs(50,9): warning IDE0058: 姘歌繙涓嶄細浣跨敤琛ㄨ揪寮忓€?(https://learn.microsoft.com/dotnet/fundamentals/code-analysis/style-rules/ide0058) [C:\UserWorx\VSWorx\ServoStudio\wpfui-servoStudio\samples\Wpf.Ui.servoStudio\servoStudio_wjhet5xd_wpftmp.csproj]
C:\UserWorx\VSWorx\ServoStudio\wpfui-servoStudio\samples\Wpf.Ui.servoStudio\ViewModels\Hardware\ControllerViewModel.cs(447,76): warning IDE2003: 鍧椾笌鍚庣画璇彞涔嬮棿闇€瑕佹湁绌虹櫧琛?(https://learn.microsoft.com/dotnet/fundamentals/code-analysis/style-rules/ide2003) [C:\UserWorx\VSWorx\ServoStudio\wpfui-servoStudio\samples\Wpf.Ui.servoStudio\servoStudio_wjhet5xd_wpftmp.csproj]
C:\UserWorx\VSWorx\ServoStudio\wpfui-servoStudio\samples\Wpf.Ui.servoStudio\ViewModels\Factory\FactoryFirmwareViewModel.cs(603,9): warning IDE0058: 姘歌繙涓嶄細浣跨敤琛ㄨ揪寮忓€?(https://learn.microsoft.com/dotnet/fundamentals/code-analysis/style-rules/ide0058) [C:\UserWorx\VSWorx\ServoStudio\wpfui-servoStudio\samples\Wpf.Ui.servoStudio\servoStudio_wjhet5xd_wpftmp.csproj]
C:\UserWorx\VSWorx\ServoStudio\wpfui-servoStudio\samples\Wpf.Ui.servoStudio\ViewModels\Factory\FactoryFirmwareViewModel.cs(604,9): warning IDE0058: 姘歌繙涓嶄細浣跨敤琛ㄨ揪寮忓€?(https://learn.microsoft.com/dotnet/fundamentals/code-analysis/style-rules/ide0058) [C:\UserWorx\VSWorx\ServoStudio\wpfui-servoStudio\samples\Wpf.Ui.servoStudio\servoStudio_wjhet5xd_wpftmp.csproj]
C:\UserWorx\VSWorx\ServoStudio\wpfui-servoStudio\samples\Wpf.Ui.servoStudio\ViewModels\Hardware\IOViewModel.cs(69,57): warning IDE0055: 淇鏍煎紡 (https://learn.microsoft.com/dotnet/fundamentals/code-analysis/style-rules/ide0055) [C:\UserWorx\VSWorx\ServoStudio\wpfui-servoStudio\samples\Wpf.Ui.servoStudio\servoStudio_wjhet5xd_wpftmp.csproj]
C:\UserWorx\VSWorx\ServoStudio\wpfui-servoStudio\samples\Wpf.Ui.servoStudio\ViewModels\Hardware\IOViewModel.cs(69,59): warning IDE0055: 淇鏍煎紡 (https://learn.microsoft.com/dotnet/fundamentals/code-analysis/style-rules/ide0055) [C:\UserWorx\VSWorx\ServoStudio\wpfui-servoStudio\samples\Wpf.Ui.servoStudio\servoStudio_wjhet5xd_wpftmp.csproj]
C:\UserWorx\VSWorx\ServoStudio\wpfui-servoStudio\samples\Wpf.Ui.servoStudio\ViewModels\Hardware\IOViewModel.cs(69,64): warning IDE0055: 淇鏍煎紡 (https://learn.microsoft.com/dotnet/fundamentals/code-analysis/style-rules/ide0055) [C:\UserWorx\VSWorx\ServoStudio\wpfui-servoStudio\samples\Wpf.Ui.servoStudio\servoStudio_wjhet5xd_wpftmp.csproj]
C:\UserWorx\VSWorx\ServoStudio\wpfui-servoStudio\samples\Wpf.Ui.servoStudio\ViewModels\Hardware\IOViewModel.cs(86,57): warning IDE0055: 淇鏍煎紡 (https://learn.microsoft.com/dotnet/fundamentals/code-analysis/style-rules/ide0055) [C:\UserWorx\VSWorx\ServoStudio\wpfui-servoStudio\samples\Wpf.Ui.servoStudio\servoStudio_wjhet5xd_wpftmp.csproj]
C:\UserWorx\VSWorx\ServoStudio\wpfui-servoStudio\samples\Wpf.Ui.servoStudio\ViewModels\Hardware\IOViewModel.cs(86,59): warning IDE0055: 淇鏍煎紡 (https://learn.microsoft.com/dotnet/fundamentals/code-analysis/style-rules/ide0055) [C:\UserWorx\VSWorx\ServoStudio\wpfui-servoStudio\samples\Wpf.Ui.servoStudio\servoStudio_wjhet5xd_wpftmp.csproj]
C:\UserWorx\VSWorx\ServoStudio\wpfui-servoStudio\samples\Wpf.Ui.servoStudio\ViewModels\Hardware\IOViewModel.cs(86,64): warning IDE0055: 淇鏍煎紡 (https://learn.microsoft.com/dotnet/fundamentals/code-analysis/style-rules/ide0055) [C:\UserWorx\VSWorx\ServoStudio\wpfui-servoStudio\samples\Wpf.Ui.servoStudio\servoStudio_wjhet5xd_wpftmp.csproj]
C:\UserWorx\VSWorx\ServoStudio\wpfui-servoStudio\samples\Wpf.Ui.servoStudio\ViewModels\Hardware\IOViewModel.cs(138,35): warning IDE0055: 淇鏍煎紡 (https://learn.microsoft.com/dotnet/fundamentals/code-analysis/style-rules/ide0055) [C:\UserWorx\VSWorx\ServoStudio\wpfui-servoStudio\samples\Wpf.Ui.servoStudio\servoStudio_wjhet5xd_wpftmp.csproj]
C:\UserWorx\VSWorx\ServoStudio\wpfui-servoStudio\samples\Wpf.Ui.servoStudio\ViewModels\Hardware\IOViewModel.cs(140,25): warning IDE0055: 淇鏍煎紡 (https://learn.microsoft.com/dotnet/fundamentals/code-analysis/style-rules/ide0055) [C:\UserWorx\VSWorx\ServoStudio\wpfui-servoStudio\samples\Wpf.Ui.servoStudio\servoStudio_wjhet5xd_wpftmp.csproj]
C:\UserWorx\VSWorx\ServoStudio\wpfui-servoStudio\samples\Wpf.Ui.servoStudio\ViewModels\Hardware\IOViewModel.cs(142,34): warning IDE0055: 淇鏍煎紡 (https://learn.microsoft.com/dotnet/fundamentals/code-analysis/style-rules/ide0055) [C:\UserWorx\VSWorx\ServoStudio\wpfui-servoStudio\samples\Wpf.Ui.servoStudio\servoStudio_wjhet5xd_wpftmp.csproj]
C:\UserWorx\VSWorx\ServoStudio\wpfui-servoStudio\samples\Wpf.Ui.servoStudio\ViewModels\Hardware\IOViewModel.cs(147,35): warning IDE0055: 淇鏍煎紡 (https://learn.microsoft.com/dotnet/fundamentals/code-analysis/style-rules/ide0055) [C:\UserWorx\VSWorx\ServoStudio\wpfui-servoStudio\samples\Wpf.Ui.servoStudio\servoStudio_wjhet5xd_wpftmp.csproj]
C:\UserWorx\VSWorx\ServoStudio\wpfui-servoStudio\samples\Wpf.Ui.servoStudio\ViewModels\Hardware\IOViewModel.cs(149,25): warning IDE0055: 淇鏍煎紡 (https://learn.microsoft.com/dotnet/fundamentals/code-analysis/style-rules/ide0055) [C:\UserWorx\VSWorx\ServoStudio\wpfui-servoStudio\samples\Wpf.Ui.servoStudio\servoStudio_wjhet5xd_wpftmp.csproj]
C:\UserWorx\VSWorx\ServoStudio\wpfui-servoStudio\samples\Wpf.Ui.servoStudio\ViewModels\Hardware\IOViewModel.cs(194,25): warning IDE0055: 淇鏍煎紡 (https://learn.microsoft.com/dotnet/fundamentals/code-analysis/style-rules/ide0055) [C:\UserWorx\VSWorx\ServoStudio\wpfui-servoStudio\samples\Wpf.Ui.servoStudio\servoStudio_wjhet5xd_wpftmp.csproj]
C:\UserWorx\VSWorx\ServoStudio\wpfui-servoStudio\samples\Wpf.Ui.servoStudio\ViewModels\Hardware\IOViewModel.cs(195,48): warning IDE0055: 淇鏍煎紡 (https://learn.microsoft.com/dotnet/fundamentals/code-analysis/style-rules/ide0055) [C:\UserWorx\VSWorx\ServoStudio\wpfui-servoStudio\samples\Wpf.Ui.servoStudio\servoStudio_wjhet5xd_wpftmp.csproj]
C:\UserWorx\VSWorx\ServoStudio\wpfui-servoStudio\samples\Wpf.Ui.servoStudio\ViewModels\Hardware\IOViewModel.cs(202,25): warning IDE0055: 淇鏍煎紡 (https://learn.microsoft.com/dotnet/fundamentals/code-analysis/style-rules/ide0055) [C:\UserWorx\VSWorx\ServoStudio\wpfui-servoStudio\samples\Wpf.Ui.servoStudio\servoStudio_wjhet5xd_wpftmp.csproj]
C:\UserWorx\VSWorx\ServoStudio\wpfui-servoStudio\samples\Wpf.Ui.servoStudio\ViewModels\Hardware\IOViewModel.cs(217,64): warning IDE0055: 淇鏍煎紡 (https://learn.microsoft.com/dotnet/fundamentals/code-analysis/style-rules/ide0055) [C:\UserWorx\VSWorx\ServoStudio\wpfui-servoStudio\samples\Wpf.Ui.servoStudio\servoStudio_wjhet5xd_wpftmp.csproj]
C:\UserWorx\VSWorx\ServoStudio\wpfui-servoStudio\samples\Wpf.Ui.servoStudio\ViewModels\Hardware\IOViewModel.cs(218,50): warning IDE0055: 淇鏍煎紡 (https://learn.microsoft.com/dotnet/fundamentals/code-analysis/style-rules/ide0055) [C:\UserWorx\VSWorx\ServoStudio\wpfui-servoStudio\samples\Wpf.Ui.servoStudio\servoStudio_wjhet5xd_wpftmp.csproj]
C:\UserWorx\VSWorx\ServoStudio\wpfui-servoStudio\samples\Wpf.Ui.servoStudio\ViewModels\Hardware\IOViewModel.cs(219,79): warning IDE0055: 淇鏍煎紡 (https://learn.microsoft.com/dotnet/fundamentals/code-analysis/style-rules/ide0055) [C:\UserWorx\VSWorx\ServoStudio\wpfui-servoStudio\samples\Wpf.Ui.servoStudio\servoStudio_wjhet5xd_wpftmp.csproj]
C:\UserWorx\VSWorx\ServoStudio\wpfui-servoStudio\samples\Wpf.Ui.servoStudio\ViewModels\Hardware\IOViewModel.cs(378,64): warning IDE0055: 淇鏍煎紡 (https://learn.microsoft.com/dotnet/fundamentals/code-analysis/style-rules/ide0055) [C:\UserWorx\VSWorx\ServoStudio\wpfui-servoStudio\samples\Wpf.Ui.servoStudio\servoStudio_wjhet5xd_wpftmp.csproj]
C:\UserWorx\VSWorx\ServoStudio\wpfui-servoStudio\samples\Wpf.Ui.servoStudio\ViewModels\Hardware\IOViewModel.cs(444,47): warning IDE0055: 淇鏍煎紡 (https://learn.microsoft.com/dotnet/fundamentals/code-analysis/style-rules/ide0055) [C:\UserWorx\VSWorx\ServoStudio\wpfui-servoStudio\samples\Wpf.Ui.servoStudio\servoStudio_wjhet5xd_wpftmp.csproj]
C:\UserWorx\VSWorx\ServoStudio\wpfui-servoStudio\samples\Wpf.Ui.servoStudio\ViewModels\Hardware\IOViewModel.cs(378,9): warning IDE0011: 鍚?鈥渋f鈥?璇彞娣诲姞澶ф嫭鍙枫€?(https://learn.microsoft.com/dotnet/fundamentals/code-analysis/style-rules/ide0011) [C:\UserWorx\VSWorx\ServoStudio\wpfui-servoStudio\samples\Wpf.Ui.servoStudio\servoStudio_wjhet5xd_wpftmp.csproj]
C:\UserWorx\VSWorx\ServoStudio\wpfui-servoStudio\samples\Wpf.Ui.servoStudio\ViewModels\Hardware\IOViewModel.cs(542,13): warning IDE2003: 鍧椾笌鍚庣画璇彞涔嬮棿闇€瑕佹湁绌虹櫧琛?(https://learn.microsoft.com/dotnet/fundamentals/code-analysis/style-rules/ide2003) [C:\UserWorx\VSWorx\ServoStudio\wpfui-servoStudio\samples\Wpf.Ui.servoStudio\servoStudio_wjhet5xd_wpftmp.csproj]
C:\UserWorx\VSWorx\ServoStudio\wpfui-servoStudio\samples\Wpf.Ui.servoStudio\ViewModels\DeviceSet\DeviceAddViewModel.cs(1135,9): warning IDE0058: 姘歌繙涓嶄細浣跨敤琛ㄨ揪寮忓€?(https://learn.microsoft.com/dotnet/fundamentals/code-analysis/style-rules/ide0058) [C:\UserWorx\VSWorx\ServoStudio\wpfui-servoStudio\samples\Wpf.Ui.servoStudio\servoStudio_wjhet5xd_wpftmp.csproj]
C:\UserWorx\VSWorx\ServoStudio\wpfui-servoStudio\samples\Wpf.Ui.servoStudio\Models\FrameFormat.cs(354,18): warning IDE0008: 鐢ㄦ樉寮忕被鍨嬩唬鏇?"var" (https://learn.microsoft.com/dotnet/fundamentals/code-analysis/style-rules/ide0008) [C:\UserWorx\VSWorx\ServoStudio\wpfui-servoStudio\samples\Wpf.Ui.servoStudio\servoStudio_wjhet5xd_wpftmp.csproj]
C:\UserWorx\VSWorx\ServoStudio\wpfui-servoStudio\samples\Wpf.Ui.servoStudio\Views\Pages\AppDataPages\DataViewPage.xaml.cs(205,9): warning IDE0008: 鐢ㄦ樉寮忕被鍨嬩唬鏇?"var" (https://learn.microsoft.com/dotnet/fundamentals/code-analysis/style-rules/ide0008) [C:\UserWorx\VSWorx\ServoStudio\wpfui-servoStudio\samples\Wpf.Ui.servoStudio\servoStudio_wjhet5xd_wpftmp.csproj]
C:\UserWorx\VSWorx\ServoStudio\wpfui-servoStudio\samples\Wpf.Ui.servoStudio\Views\Pages\AppDataPages\DataViewPage.xaml.cs(211,22): warning IDE0008: 鐢ㄦ樉寮忕被鍨嬩唬鏇?"var" (https://learn.microsoft.com/dotnet/fundamentals/code-analysis/style-rules/ide0008) [C:\UserWorx\VSWorx\ServoStudio\wpfui-servoStudio\samples\Wpf.Ui.servoStudio\servoStudio_wjhet5xd_wpftmp.csproj]
C:\UserWorx\VSWorx\ServoStudio\wpfui-servoStudio\samples\Wpf.Ui.servoStudio\Views\Pages\AppDataPages\DataViewPage.xaml.cs(242,18): warning IDE0008: 鐢ㄦ樉寮忕被鍨嬩唬鏇?"var" (https://learn.microsoft.com/dotnet/fundamentals/code-analysis/style-rules/ide0008) [C:\UserWorx\VSWorx\ServoStudio\wpfui-servoStudio\samples\Wpf.Ui.servoStudio\servoStudio_wjhet5xd_wpftmp.csproj]
C:\UserWorx\VSWorx\ServoStudio\wpfui-servoStudio\samples\Wpf.Ui.servoStudio\Views\Pages\AppDataPages\DataViewPage.xaml.cs(248,57): warning IDE0008: 鐢ㄦ樉寮忕被鍨嬩唬鏇?"var" (https://learn.microsoft.com/dotnet/fundamentals/code-analysis/style-rules/ide0008) [C:\UserWorx\VSWorx\ServoStudio\wpfui-servoStudio\samples\Wpf.Ui.servoStudio\servoStudio_wjhet5xd_wpftmp.csproj]
C:\UserWorx\VSWorx\ServoStudio\wpfui-servoStudio\samples\Wpf.Ui.servoStudio\ViewModels\Hardware\IOViewModel.cs(444,9): warning IDE0011: 鍚?鈥渋f鈥?璇彞娣诲姞澶ф嫭鍙枫€?(https://learn.microsoft.com/dotnet/fundamentals/code-analysis/style-rules/ide0011) [C:\UserWorx\VSWorx\ServoStudio\wpfui-servoStudio\samples\Wpf.Ui.servoStudio\servoStudio_wjhet5xd_wpftmp.csproj]
C:\UserWorx\VSWorx\ServoStudio\wpfui-servoStudio\samples\Wpf.Ui.servoStudio\Models\FrameFormat.cs(207,13): warning IDE0011: 鍚?鈥渋f鈥?璇彞娣诲姞澶ф嫭鍙枫€?(https://learn.microsoft.com/dotnet/fundamentals/code-analysis/style-rules/ide0011) [C:\UserWorx\VSWorx\ServoStudio\wpfui-servoStudio\samples\Wpf.Ui.servoStudio\servoStudio_wjhet5xd_wpftmp.csproj]
C:\UserWorx\VSWorx\ServoStudio\wpfui-servoStudio\samples\Wpf.Ui.servoStudio\Models\FrameFormat.cs(210,13): warning IDE0058: 姘歌繙涓嶄細浣跨敤琛ㄨ揪寮忓€?(https://learn.microsoft.com/dotnet/fundamentals/code-analysis/style-rules/ide0058) [C:\UserWorx\VSWorx\ServoStudio\wpfui-servoStudio\samples\Wpf.Ui.servoStudio\servoStudio_wjhet5xd_wpftmp.csproj]
C:\UserWorx\VSWorx\ServoStudio\wpfui-servoStudio\samples\Wpf.Ui.servoStudio\ViewModels\Hardware\MotorViewModel.cs(207,64): warning IDE0055: 淇鏍煎紡 (https://learn.microsoft.com/dotnet/fundamentals/code-analysis/style-rules/ide0055) [C:\UserWorx\VSWorx\ServoStudio\wpfui-servoStudio\samples\Wpf.Ui.servoStudio\servoStudio_wjhet5xd_wpftmp.csproj]
C:\UserWorx\VSWorx\ServoStudio\wpfui-servoStudio\samples\Wpf.Ui.servoStudio\ViewModels\Hardware\MotorViewModel.cs(273,47): warning IDE0055: 淇鏍煎紡 (https://learn.microsoft.com/dotnet/fundamentals/code-analysis/style-rules/ide0055) [C:\UserWorx\VSWorx\ServoStudio\wpfui-servoStudio\samples\Wpf.Ui.servoStudio\servoStudio_wjhet5xd_wpftmp.csproj]
C:\UserWorx\VSWorx\ServoStudio\wpfui-servoStudio\samples\Wpf.Ui.servoStudio\Views\Pages\AppDataPages\DataViewPage.xaml.cs(284,18): warning IDE0008: 鐢ㄦ樉寮忕被鍨嬩唬鏇?"var" (https://learn.microsoft.com/dotnet/fundamentals/code-analysis/style-rules/ide0008) [C:\UserWorx\VSWorx\ServoStudio\wpfui-servoStudio\samples\Wpf.Ui.servoStudio\servoStudio_wjhet5xd_wpftmp.csproj]
C:\UserWorx\VSWorx\ServoStudio\wpfui-servoStudio\samples\Wpf.Ui.servoStudio\Views\Pages\AppDataPages\DataViewPage.xaml.cs(295,13): warning IDE0008: 鐢ㄦ樉寮忕被鍨嬩唬鏇?"var" (https://learn.microsoft.com/dotnet/fundamentals/code-analysis/style-rules/ide0008) [C:\UserWorx\VSWorx\ServoStudio\wpfui-servoStudio\samples\Wpf.Ui.servoStudio\servoStudio_wjhet5xd_wpftmp.csproj]
C:\UserWorx\VSWorx\ServoStudio\wpfui-servoStudio\samples\Wpf.Ui.servoStudio\Views\Pages\AppDataPages\DataViewPage.xaml.cs(352,9): warning IDE0008: 鐢ㄦ樉寮忕被鍨嬩唬鏇?"var" (https://learn.microsoft.com/dotnet/fundamentals/code-analysis/style-rules/ide0008) [C:\UserWorx\VSWorx\ServoStudio\wpfui-servoStudio\samples\Wpf.Ui.servoStudio\servoStudio_wjhet5xd_wpftmp.csproj]
C:\UserWorx\VSWorx\ServoStudio\wpfui-servoStudio\samples\Wpf.Ui.servoStudio\ViewModels\Hardware\StoConfigViewModel.cs(103,44): warning IDE0055: 淇鏍煎紡 (https://learn.microsoft.com/dotnet/fundamentals/code-analysis/style-rules/ide0055) [C:\UserWorx\VSWorx\ServoStudio\wpfui-servoStudio\samples\Wpf.Ui.servoStudio\servoStudio_wjhet5xd_wpftmp.csproj]
C:\UserWorx\VSWorx\ServoStudio\wpfui-servoStudio\samples\Wpf.Ui.servoStudio\ViewModels\Hardware\StoConfigViewModel.cs(103,46): warning IDE0055: 淇鏍煎紡 (https://learn.microsoft.com/dotnet/fundamentals/code-analysis/style-rules/ide0055) [C:\UserWorx\VSWorx\ServoStudio\wpfui-servoStudio\samples\Wpf.Ui.servoStudio\servoStudio_wjhet5xd_wpftmp.csproj]
C:\UserWorx\VSWorx\ServoStudio\wpfui-servoStudio\samples\Wpf.Ui.servoStudio\ViewModels\Hardware\StoConfigViewModel.cs(103,68): warning IDE0055: 淇鏍煎紡 (https://learn.microsoft.com/dotnet/fundamentals/code-analysis/style-rules/ide0055) [C:\UserWorx\VSWorx\ServoStudio\wpfui-servoStudio\samples\Wpf.Ui.servoStudio\servoStudio_wjhet5xd_wpftmp.csproj]
C:\UserWorx\VSWorx\ServoStudio\wpfui-servoStudio\samples\Wpf.Ui.servoStudio\ViewModels\Hardware\StoConfigViewModel.cs(103,76): warning IDE0055: 淇鏍煎紡 (https://learn.microsoft.com/dotnet/fundamentals/code-analysis/style-rules/ide0055) [C:\UserWorx\VSWorx\ServoStudio\wpfui-servoStudio\samples\Wpf.Ui.servoStudio\servoStudio_wjhet5xd_wpftmp.csproj]
C:\UserWorx\VSWorx\ServoStudio\wpfui-servoStudio\samples\Wpf.Ui.servoStudio\ViewModels\Hardware\StoConfigViewModel.cs(108,84): warning IDE0055: 淇鏍煎紡 (https://learn.microsoft.com/dotnet/fundamentals/code-analysis/style-rules/ide0055) [C:\UserWorx\VSWorx\ServoStudio\wpfui-servoStudio\samples\Wpf.Ui.servoStudio\servoStudio_wjhet5xd_wpftmp.csproj]
C:\UserWorx\VSWorx\ServoStudio\wpfui-servoStudio\samples\Wpf.Ui.servoStudio\ViewModels\Hardware\StoConfigViewModel.cs(109,84): warning IDE0055: 淇鏍煎紡 (https://learn.microsoft.com/dotnet/fundamentals/code-analysis/style-rules/ide0055) [C:\UserWorx\VSWorx\ServoStudio\wpfui-servoStudio\samples\Wpf.Ui.servoStudio\servoStudio_wjhet5xd_wpftmp.csproj]
C:\UserWorx\VSWorx\ServoStudio\wpfui-servoStudio\samples\Wpf.Ui.servoStudio\ViewModels\Hardware\StoConfigViewModel.cs(110,80): warning IDE0055: 淇鏍煎紡 (https://learn.microsoft.com/dotnet/fundamentals/code-analysis/style-rules/ide0055) [C:\UserWorx\VSWorx\ServoStudio\wpfui-servoStudio\samples\Wpf.Ui.servoStudio\servoStudio_wjhet5xd_wpftmp.csproj]
C:\UserWorx\VSWorx\ServoStudio\wpfui-servoStudio\samples\Wpf.Ui.servoStudio\ViewModels\Hardware\StoConfigViewModel.cs(111,86): warning IDE0055: 淇鏍煎紡 (https://learn.microsoft.com/dotnet/fundamentals/code-analysis/style-rules/ide0055) [C:\UserWorx\VSWorx\ServoStudio\wpfui-servoStudio\samples\Wpf.Ui.servoStudio\servoStudio_wjhet5xd_wpftmp.csproj]
C:\UserWorx\VSWorx\ServoStudio\wpfui-servoStudio\samples\Wpf.Ui.servoStudio\ViewModels\Hardware\StoConfigViewModel.cs(112,82): warning IDE0055: 淇鏍煎紡 (https://learn.microsoft.com/dotnet/fundamentals/code-analysis/style-rules/ide0055) [C:\UserWorx\VSWorx\ServoStudio\wpfui-servoStudio\samples\Wpf.Ui.servoStudio\servoStudio_wjhet5xd_wpftmp.csproj]
C:\UserWorx\VSWorx\ServoStudio\wpfui-servoStudio\samples\Wpf.Ui.servoStudio\ViewModels\Hardware\StoConfigViewModel.cs(113,82): warning IDE0055: 淇鏍煎紡 (https://learn.microsoft.com/dotnet/fundamentals/code-analysis/style-rules/ide0055) [C:\UserWorx\VSWorx\ServoStudio\wpfui-servoStudio\samples\Wpf.Ui.servoStudio\servoStudio_wjhet5xd_wpftmp.csproj]
C:\UserWorx\VSWorx\ServoStudio\wpfui-servoStudio\samples\Wpf.Ui.servoStudio\ViewModels\Hardware\StoConfigViewModel.cs(114,82): warning IDE0055: 淇鏍煎紡 (https://learn.microsoft.com/dotnet/fundamentals/code-analysis/style-rules/ide0055) [C:\UserWorx\VSWorx\ServoStudio\wpfui-servoStudio\samples\Wpf.Ui.servoStudio\servoStudio_wjhet5xd_wpftmp.csproj]
C:\UserWorx\VSWorx\ServoStudio\wpfui-servoStudio\samples\Wpf.Ui.servoStudio\ViewModels\Hardware\StoConfigViewModel.cs(120,20): warning IDE0055: 淇鏍煎紡 (https://learn.microsoft.com/dotnet/fundamentals/code-analysis/style-rules/ide0055) [C:\UserWorx\VSWorx\ServoStudio\wpfui-servoStudio\samples\Wpf.Ui.servoStudio\servoStudio_wjhet5xd_wpftmp.csproj]
C:\UserWorx\VSWorx\ServoStudio\wpfui-servoStudio\samples\Wpf.Ui.servoStudio\ViewModels\Hardware\StoConfigViewModel.cs(121,20): warning IDE0055: 淇鏍煎紡 (https://learn.microsoft.com/dotnet/fundamentals/code-analysis/style-rules/ide0055) [C:\UserWorx\VSWorx\ServoStudio\wpfui-servoStudio\samples\Wpf.Ui.servoStudio\servoStudio_wjhet5xd_wpftmp.csproj]
C:\UserWorx\VSWorx\ServoStudio\wpfui-servoStudio\samples\Wpf.Ui.servoStudio\ViewModels\Hardware\StoConfigViewModel.cs(124,12): warning IDE0055: 淇鏍煎紡 (https://learn.microsoft.com/dotnet/fundamentals/code-analysis/style-rules/ide0055) [C:\UserWorx\VSWorx\ServoStudio\wpfui-servoStudio\samples\Wpf.Ui.servoStudio\servoStudio_wjhet5xd_wpftmp.csproj]
C:\UserWorx\VSWorx\ServoStudio\wpfui-servoStudio\samples\Wpf.Ui.servoStudio\ViewModels\Hardware\StoConfigViewModel.cs(126,116): warning IDE0055: 淇鏍煎紡 (https://learn.microsoft.com/dotnet/fundamentals/code-analysis/style-rules/ide0055) [C:\UserWorx\VSWorx\ServoStudio\wpfui-servoStudio\samples\Wpf.Ui.servoStudio\servoStudio_wjhet5xd_wpftmp.csproj]
C:\UserWorx\VSWorx\ServoStudio\wpfui-servoStudio\samples\Wpf.Ui.servoStudio\ViewModels\Hardware\StoConfigViewModel.cs(127,116): warning IDE0055: 淇鏍煎紡 (https://learn.microsoft.com/dotnet/fundamentals/code-analysis/style-rules/ide0055) [C:\UserWorx\VSWorx\ServoStudio\wpfui-servoStudio\samples\Wpf.Ui.servoStudio\servoStudio_wjhet5xd_wpftmp.csproj]
C:\UserWorx\VSWorx\ServoStudio\wpfui-servoStudio\samples\Wpf.Ui.servoStudio\ViewModels\Hardware\StoConfigViewModel.cs(137,44): warning IDE0055: 淇鏍煎紡 (https://learn.microsoft.com/dotnet/fundamentals/code-analysis/style-rules/ide0055) [C:\UserWorx\VSWorx\ServoStudio\wpfui-servoStudio\samples\Wpf.Ui.servoStudio\servoStudio_wjhet5xd_wpftmp.csproj]
C:\UserWorx\VSWorx\ServoStudio\wpfui-servoStudio\samples\Wpf.Ui.servoStudio\ViewModels\Hardware\StoConfigViewModel.cs(137,46): warning IDE0055: 淇鏍煎紡 (https://learn.microsoft.com/dotnet/fundamentals/code-analysis/style-rules/ide0055) [C:\UserWorx\VSWorx\ServoStudio\wpfui-servoStudio\samples\Wpf.Ui.servoStudio\servoStudio_wjhet5xd_wpftmp.csproj]
C:\UserWorx\VSWorx\ServoStudio\wpfui-servoStudio\samples\Wpf.Ui.servoStudio\ViewModels\Hardware\StoConfigViewModel.cs(137,68): warning IDE0055: 淇鏍煎紡 (https://learn.microsoft.com/dotnet/fundamentals/code-analysis/style-rules/ide0055) [C:\UserWorx\VSWorx\ServoStudio\wpfui-servoStudio\samples\Wpf.Ui.servoStudio\servoStudio_wjhet5xd_wpftmp.csproj]
C:\UserWorx\VSWorx\ServoStudio\wpfui-servoStudio\samples\Wpf.Ui.servoStudio\ViewModels\Hardware\StoConfigViewModel.cs(137,76): warning IDE0055: 淇鏍煎紡 (https://learn.microsoft.com/dotnet/fundamentals/code-analysis/style-rules/ide0055) [C:\UserWorx\VSWorx\ServoStudio\wpfui-servoStudio\samples\Wpf.Ui.servoStudio\servoStudio_wjhet5xd_wpftmp.csproj]
C:\UserWorx\VSWorx\ServoStudio\wpfui-servoStudio\samples\Wpf.Ui.servoStudio\ViewModels\Hardware\StoConfigViewModel.cs(141,83): warning IDE0055: 淇鏍煎紡 (https://learn.microsoft.com/dotnet/fundamentals/code-analysis/style-rules/ide0055) [C:\UserWorx\VSWorx\ServoStudio\wpfui-servoStudio\samples\Wpf.Ui.servoStudio\servoStudio_wjhet5xd_wpftmp.csproj]
C:\UserWorx\VSWorx\ServoStudio\wpfui-servoStudio\samples\Wpf.Ui.servoStudio\ViewModels\Hardware\StoConfigViewModel.cs(142,79): warning IDE0055: 淇鏍煎紡 (https://learn.microsoft.com/dotnet/fundamentals/code-analysis/style-rules/ide0055) [C:\UserWorx\VSWorx\ServoStudio\wpfui-servoStudio\samples\Wpf.Ui.servoStudio\servoStudio_wjhet5xd_wpftmp.csproj]
C:\UserWorx\VSWorx\ServoStudio\wpfui-servoStudio\samples\Wpf.Ui.servoStudio\ViewModels\Hardware\StoConfigViewModel.cs(144,85): warning IDE0055: 淇鏍煎紡 (https://learn.microsoft.com/dotnet/fundamentals/code-analysis/style-rules/ide0055) [C:\UserWorx\VSWorx\ServoStudio\wpfui-servoStudio\samples\Wpf.Ui.servoStudio\servoStudio_wjhet5xd_wpftmp.csproj]
C:\UserWorx\VSWorx\ServoStudio\wpfui-servoStudio\samples\Wpf.Ui.servoStudio\ViewModels\Hardware\StoConfigViewModel.cs(145,81): warning IDE0055: 淇鏍煎紡 (https://learn.microsoft.com/dotnet/fundamentals/code-analysis/style-rules/ide0055) [C:\UserWorx\VSWorx\ServoStudio\wpfui-servoStudio\samples\Wpf.Ui.servoStudio\servoStudio_wjhet5xd_wpftmp.csproj]
C:\UserWorx\VSWorx\ServoStudio\wpfui-servoStudio\samples\Wpf.Ui.servoStudio\ViewModels\Hardware\StoConfigViewModel.cs(146,81): warning IDE0055: 淇鏍煎紡 (https://learn.microsoft.com/dotnet/fundamentals/code-analysis/style-rules/ide0055) [C:\UserWorx\VSWorx\ServoStudio\wpfui-servoStudio\samples\Wpf.Ui.servoStudio\servoStudio_wjhet5xd_wpftmp.csproj]
C:\UserWorx\VSWorx\ServoStudio\wpfui-servoStudio\samples\Wpf.Ui.servoStudio\ViewModels\Hardware\StoConfigViewModel.cs(147,81): warning IDE0055: 淇鏍煎紡 (https://learn.microsoft.com/dotnet/fundamentals/code-analysis/style-rules/ide0055) [C:\UserWorx\VSWorx\ServoStudio\wpfui-servoStudio\samples\Wpf.Ui.servoStudio\servoStudio_wjhet5xd_wpftmp.csproj]
C:\UserWorx\VSWorx\ServoStudio\wpfui-servoStudio\samples\Wpf.Ui.servoStudio\ViewModels\HomeViewModel.cs(17,40): warning IDE0055: 淇鏍煎紡 (https://learn.microsoft.com/dotnet/fundamentals/code-analysis/style-rules/ide0055) [C:\UserWorx\VSWorx\ServoStudio\wpfui-servoStudio\samples\Wpf.Ui.servoStudio\servoStudio_wjhet5xd_wpftmp.csproj]
C:\UserWorx\VSWorx\ServoStudio\wpfui-servoStudio\samples\Wpf.Ui.servoStudio\ViewModels\HomeViewModel.cs(17,42): warning IDE0055: 淇鏍煎紡 (https://learn.microsoft.com/dotnet/fundamentals/code-analysis/style-rules/ide0055) [C:\UserWorx\VSWorx\ServoStudio\wpfui-servoStudio\samples\Wpf.Ui.servoStudio\servoStudio_wjhet5xd_wpftmp.csproj]
C:\UserWorx\VSWorx\ServoStudio\wpfui-servoStudio\samples\Wpf.Ui.servoStudio\ViewModels\HomeViewModel.cs(17,47): warning IDE0055: 淇鏍煎紡 (https://learn.microsoft.com/dotnet/fundamentals/code-analysis/style-rules/ide0055) [C:\UserWorx\VSWorx\ServoStudio\wpfui-servoStudio\samples\Wpf.Ui.servoStudio\servoStudio_wjhet5xd_wpftmp.csproj]
C:\UserWorx\VSWorx\ServoStudio\wpfui-servoStudio\samples\Wpf.Ui.servoStudio\Views\Pages\AppDataPages\DataViewPage.xaml.cs(407,9): warning IDE0008: 鐢ㄦ樉寮忕被鍨嬩唬鏇?"var" (https://learn.microsoft.com/dotnet/fundamentals/code-analysis/style-rules/ide0008) [C:\UserWorx\VSWorx\ServoStudio\wpfui-servoStudio\samples\Wpf.Ui.servoStudio\servoStudio_wjhet5xd_wpftmp.csproj]
C:\UserWorx\VSWorx\ServoStudio\wpfui-servoStudio\samples\Wpf.Ui.servoStudio\Models\FrameFormat.cs(247,9): warning IDE0011: 鍚?鈥渋f鈥?璇彞娣诲姞澶ф嫭鍙枫€?(https://learn.microsoft.com/dotnet/fundamentals/code-analysis/style-rules/ide0011) [C:\UserWorx\VSWorx\ServoStudio\wpfui-servoStudio\samples\Wpf.Ui.servoStudio\servoStudio_wjhet5xd_wpftmp.csproj]
C:\UserWorx\VSWorx\ServoStudio\wpfui-servoStudio\samples\Wpf.Ui.servoStudio\Models\FrameFormat.cs(123,9): warning IDE0011: 鍚?鈥渋f鈥?璇彞娣诲姞澶ф嫭鍙枫€?(https://learn.microsoft.com/dotnet/fundamentals/code-analysis/style-rules/ide0011) [C:\UserWorx\VSWorx\ServoStudio\wpfui-servoStudio\samples\Wpf.Ui.servoStudio\servoStudio_wjhet5xd_wpftmp.csproj]
C:\UserWorx\VSWorx\ServoStudio\wpfui-servoStudio\samples\Wpf.Ui.servoStudio\Views\Pages\AppDataPages\DataViewPage.xaml.cs(455,9): warning IDE0008: 鐢ㄦ樉寮忕被鍨嬩唬鏇?"var" (https://learn.microsoft.com/dotnet/fundamentals/code-analysis/style-rules/ide0008) [C:\UserWorx\VSWorx\ServoStudio\wpfui-servoStudio\samples\Wpf.Ui.servoStudio\servoStudio_wjhet5xd_wpftmp.csproj]
C:\UserWorx\VSWorx\ServoStudio\wpfui-servoStudio\samples\Wpf.Ui.servoStudio\ViewModels\Motion\MotionTypeViewModel.cs(1105,9): warning IDE0011: 鍚?鈥渋f鈥?璇彞娣诲姞澶ф嫭鍙枫€?(https://learn.microsoft.com/dotnet/fundamentals/code-analysis/style-rules/ide0011) [C:\UserWorx\VSWorx\ServoStudio\wpfui-servoStudio\samples\Wpf.Ui.servoStudio\servoStudio_wjhet5xd_wpftmp.csproj]
C:\UserWorx\VSWorx\ServoStudio\wpfui-servoStudio\samples\Wpf.Ui.servoStudio\ViewModels\Motion\MotionTypeViewModel.cs(1107,9): warning IDE0011: 鍚?鈥渋f鈥?璇彞娣诲姞澶ф嫭鍙枫€?(https://learn.microsoft.com/dotnet/fundamentals/code-analysis/style-rules/ide0011) [C:\UserWorx\VSWorx\ServoStudio\wpfui-servoStudio\samples\Wpf.Ui.servoStudio\servoStudio_wjhet5xd_wpftmp.csproj]
C:\UserWorx\VSWorx\ServoStudio\wpfui-servoStudio\samples\Wpf.Ui.servoStudio\ViewModels\Motion\MotionTypeViewModel.cs(1109,9): warning IDE0011: 鍚?鈥渋f鈥?璇彞娣诲姞澶ф嫭鍙枫€?(https://learn.microsoft.com/dotnet/fundamentals/code-analysis/style-rules/ide0011) [C:\UserWorx\VSWorx\ServoStudio\wpfui-servoStudio\samples\Wpf.Ui.servoStudio\servoStudio_wjhet5xd_wpftmp.csproj]
C:\UserWorx\VSWorx\ServoStudio\wpfui-servoStudio\samples\Wpf.Ui.servoStudio\ViewModels\Motion\MotionTypeViewModel.cs(1111,9): warning IDE0011: 鍚?鈥渋f鈥?璇彞娣诲姞澶ф嫭鍙枫€?(https://learn.microsoft.com/dotnet/fundamentals/code-analysis/style-rules/ide0011) [C:\UserWorx\VSWorx\ServoStudio\wpfui-servoStudio\samples\Wpf.Ui.servoStudio\servoStudio_wjhet5xd_wpftmp.csproj]
C:\UserWorx\VSWorx\ServoStudio\wpfui-servoStudio\samples\Wpf.Ui.servoStudio\ViewModels\Motion\MotionTypeViewModel.cs(1113,9): warning IDE0011: 鍚?鈥渋f鈥?璇彞娣诲姞澶ф嫭鍙枫€?(https://learn.microsoft.com/dotnet/fundamentals/code-analysis/style-rules/ide0011) [C:\UserWorx\VSWorx\ServoStudio\wpfui-servoStudio\samples\Wpf.Ui.servoStudio\servoStudio_wjhet5xd_wpftmp.csproj]
C:\UserWorx\VSWorx\ServoStudio\wpfui-servoStudio\samples\Wpf.Ui.servoStudio\Views\Pages\AppDataPages\DataViewPage.xaml.cs(463,13): warning IDE0058: 姘歌繙涓嶄細浣跨敤琛ㄨ揪寮忓€?(https://learn.microsoft.com/dotnet/fundamentals/code-analysis/style-rules/ide0058) [C:\UserWorx\VSWorx\ServoStudio\wpfui-servoStudio\samples\Wpf.Ui.servoStudio\servoStudio_wjhet5xd_wpftmp.csproj]
C:\UserWorx\VSWorx\ServoStudio\wpfui-servoStudio\samples\Wpf.Ui.servoStudio\Views\Pages\AppDataPages\DataViewPage.xaml.cs(478,18): warning IDE0008: 鐢ㄦ樉寮忕被鍨嬩唬鏇?"var" (https://learn.microsoft.com/dotnet/fundamentals/code-analysis/style-rules/ide0008) [C:\UserWorx\VSWorx\ServoStudio\wpfui-servoStudio\samples\Wpf.Ui.servoStudio\servoStudio_wjhet5xd_wpftmp.csproj]
C:\UserWorx\VSWorx\ServoStudio\wpfui-servoStudio\samples\Wpf.Ui.servoStudio\Models\FrameFormat.cs(253,9): warning IDE0011: 鍚?鈥渋f鈥?璇彞娣诲姞澶ф嫭鍙枫€?(https://learn.microsoft.com/dotnet/fundamentals/code-analysis/style-rules/ide0011) [C:\UserWorx\VSWorx\ServoStudio\wpfui-servoStudio\samples\Wpf.Ui.servoStudio\servoStudio_wjhet5xd_wpftmp.csproj]
C:\UserWorx\VSWorx\ServoStudio\wpfui-servoStudio\samples\Wpf.Ui.servoStudio\Models\FrameFormat.cs(256,9): warning IDE0011: 鍚?鈥渋f鈥?璇彞娣诲姞澶ф嫭鍙枫€?(https://learn.microsoft.com/dotnet/fundamentals/code-analysis/style-rules/ide0011) [C:\UserWorx\VSWorx\ServoStudio\wpfui-servoStudio\samples\Wpf.Ui.servoStudio\servoStudio_wjhet5xd_wpftmp.csproj]
C:\UserWorx\VSWorx\ServoStudio\wpfui-servoStudio\samples\Wpf.Ui.servoStudio\Models\FrameFormat.cs(261,13): warning IDE0011: 鍚?鈥渋f鈥?璇彞娣诲姞澶ф嫭鍙枫€?(https://learn.microsoft.com/dotnet/fundamentals/code-analysis/style-rules/ide0011) [C:\UserWorx\VSWorx\ServoStudio\wpfui-servoStudio\samples\Wpf.Ui.servoStudio\servoStudio_wjhet5xd_wpftmp.csproj]
C:\UserWorx\VSWorx\ServoStudio\wpfui-servoStudio\samples\Wpf.Ui.servoStudio\Models\FrameFormat.cs(262,13): warning IDE0011: 鍚?鈥渋f鈥?璇彞娣诲姞澶ф嫭鍙枫€?(https://learn.microsoft.com/dotnet/fundamentals/code-analysis/style-rules/ide0011) [C:\UserWorx\VSWorx\ServoStudio\wpfui-servoStudio\samples\Wpf.Ui.servoStudio\servoStudio_wjhet5xd_wpftmp.csproj]
C:\UserWorx\VSWorx\ServoStudio\wpfui-servoStudio\samples\Wpf.Ui.servoStudio\Models\FrameFormat.cs(131,9): warning IDE0011: 鍚?鈥渋f鈥?璇彞娣诲姞澶ф嫭鍙枫€?(https://learn.microsoft.com/dotnet/fundamentals/code-analysis/style-rules/ide0011) [C:\UserWorx\VSWorx\ServoStudio\wpfui-servoStudio\samples\Wpf.Ui.servoStudio\servoStudio_wjhet5xd_wpftmp.csproj]
C:\UserWorx\VSWorx\ServoStudio\wpfui-servoStudio\samples\Wpf.Ui.servoStudio\Models\FrameFormat.cs(149,9): warning IDE0011: 鍚?鈥渋f鈥?璇彞娣诲姞澶ф嫭鍙枫€?(https://learn.microsoft.com/dotnet/fundamentals/code-analysis/style-rules/ide0011) [C:\UserWorx\VSWorx\ServoStudio\wpfui-servoStudio\samples\Wpf.Ui.servoStudio\servoStudio_wjhet5xd_wpftmp.csproj]
C:\UserWorx\VSWorx\ServoStudio\wpfui-servoStudio\samples\Wpf.Ui.servoStudio\ViewModels\Hardware\IOViewModel.cs(534,9): warning IDE0058: 姘歌繙涓嶄細浣跨敤琛ㄨ揪寮忓€?(https://learn.microsoft.com/dotnet/fundamentals/code-analysis/style-rules/ide0058) [C:\UserWorx\VSWorx\ServoStudio\wpfui-servoStudio\samples\Wpf.Ui.servoStudio\servoStudio_wjhet5xd_wpftmp.csproj]
C:\UserWorx\VSWorx\ServoStudio\wpfui-servoStudio\samples\Wpf.Ui.servoStudio\Views\Pages\AppDataPages\DataViewPage.xaml.cs(489,18): warning IDE0008: 鐢ㄦ樉寮忕被鍨嬩唬鏇?"var" (https://learn.microsoft.com/dotnet/fundamentals/code-analysis/style-rules/ide0008) [C:\UserWorx\VSWorx\ServoStudio\wpfui-servoStudio\samples\Wpf.Ui.servoStudio\servoStudio_wjhet5xd_wpftmp.csproj]
C:\UserWorx\VSWorx\ServoStudio\wpfui-servoStudio\samples\Wpf.Ui.servoStudio\Models\FrameFormat.cs(156,9): warning IDE0011: 鍚?鈥渋f鈥?璇彞娣诲姞澶ф嫭鍙枫€?(https://learn.microsoft.com/dotnet/fundamentals/code-analysis/style-rules/ide0011) [C:\UserWorx\VSWorx\ServoStudio\wpfui-servoStudio\samples\Wpf.Ui.servoStudio\servoStudio_wjhet5xd_wpftmp.csproj]
C:\UserWorx\VSWorx\ServoStudio\wpfui-servoStudio\samples\Wpf.Ui.servoStudio\Models\FrameFormat.cs(278,18): warning IDE0008: 鐢ㄦ樉寮忕被鍨嬩唬鏇?"var" (https://learn.microsoft.com/dotnet/fundamentals/code-analysis/style-rules/ide0008) [C:\UserWorx\VSWorx\ServoStudio\wpfui-servoStudio\samples\Wpf.Ui.servoStudio\servoStudio_wjhet5xd_wpftmp.csproj]
C:\UserWorx\VSWorx\ServoStudio\wpfui-servoStudio\samples\Wpf.Ui.servoStudio\ViewModels\Motion\MotionTypeViewModel.cs(1121,9): warning IDE0011: 鍚?鈥渋f鈥?璇彞娣诲姞澶ф嫭鍙枫€?(https://learn.microsoft.com/dotnet/fundamentals/code-analysis/style-rules/ide0011) [C:\UserWorx\VSWorx\ServoStudio\wpfui-servoStudio\samples\Wpf.Ui.servoStudio\servoStudio_wjhet5xd_wpftmp.csproj]
C:\UserWorx\VSWorx\ServoStudio\wpfui-servoStudio\samples\Wpf.Ui.servoStudio\Models\FrameFormat.cs(406,9): warning IDE0011: 鍚?鈥渋f鈥?璇彞娣诲姞澶ф嫭鍙枫€?(https://learn.microsoft.com/dotnet/fundamentals/code-analysis/style-rules/ide0011) [C:\UserWorx\VSWorx\ServoStudio\wpfui-servoStudio\samples\Wpf.Ui.servoStudio\servoStudio_wjhet5xd_wpftmp.csproj]
C:\UserWorx\VSWorx\ServoStudio\wpfui-servoStudio\samples\Wpf.Ui.servoStudio\Models\FrameFormat.cs(414,9): warning IDE0011: 鍚?鈥渋f鈥?璇彞娣诲姞澶ф嫭鍙枫€?(https://learn.microsoft.com/dotnet/fundamentals/code-analysis/style-rules/ide0011) [C:\UserWorx\VSWorx\ServoStudio\wpfui-servoStudio\samples\Wpf.Ui.servoStudio\servoStudio_wjhet5xd_wpftmp.csproj]
C:\UserWorx\VSWorx\ServoStudio\wpfui-servoStudio\samples\Wpf.Ui.servoStudio\Views\Pages\AppDataPages\DataViewPage.xaml.cs(519,9): warning IDE0008: 鐢ㄦ樉寮忕被鍨嬩唬鏇?"var" (https://learn.microsoft.com/dotnet/fundamentals/code-analysis/style-rules/ide0008) [C:\UserWorx\VSWorx\ServoStudio\wpfui-servoStudio\samples\Wpf.Ui.servoStudio\servoStudio_wjhet5xd_wpftmp.csproj]
C:\UserWorx\VSWorx\ServoStudio\wpfui-servoStudio\samples\Wpf.Ui.servoStudio\Views\Pages\AppDataPages\DataViewPage.xaml.cs(521,18): warning IDE0008: 鐢ㄦ樉寮忕被鍨嬩唬鏇?"var" (https://learn.microsoft.com/dotnet/fundamentals/code-analysis/style-rules/ide0008) [C:\UserWorx\VSWorx\ServoStudio\wpfui-servoStudio\samples\Wpf.Ui.servoStudio\servoStudio_wjhet5xd_wpftmp.csproj]
C:\UserWorx\VSWorx\ServoStudio\wpfui-servoStudio\samples\Wpf.Ui.servoStudio\Views\Pages\AppDataPages\DataViewPage.xaml.cs(529,13): warning IDE0008: 鐢ㄦ樉寮忕被鍨嬩唬鏇?"var" (https://learn.microsoft.com/dotnet/fundamentals/code-analysis/style-rules/ide0008) [C:\UserWorx\VSWorx\ServoStudio\wpfui-servoStudio\samples\Wpf.Ui.servoStudio\servoStudio_wjhet5xd_wpftmp.csproj]
C:\UserWorx\VSWorx\ServoStudio\wpfui-servoStudio\samples\Wpf.Ui.servoStudio\ViewModels\Motion\MotionTypeViewModel.cs(1129,9): warning IDE0011: 鍚?鈥渋f鈥?璇彞娣诲姞澶ф嫭鍙枫€?(https://learn.microsoft.com/dotnet/fundamentals/code-analysis/style-rules/ide0011) [C:\UserWorx\VSWorx\ServoStudio\wpfui-servoStudio\samples\Wpf.Ui.servoStudio\servoStudio_wjhet5xd_wpftmp.csproj]
C:\UserWorx\VSWorx\ServoStudio\wpfui-servoStudio\samples\Wpf.Ui.servoStudio\ViewModels\Motion\MotionTypeViewModel.cs(1131,9): warning IDE0011: 鍚?鈥渋f鈥?璇彞娣诲姞澶ф嫭鍙枫€?(https://learn.microsoft.com/dotnet/fundamentals/code-analysis/style-rules/ide0011) [C:\UserWorx\VSWorx\ServoStudio\wpfui-servoStudio\samples\Wpf.Ui.servoStudio\servoStudio_wjhet5xd_wpftmp.csproj]
C:\UserWorx\VSWorx\ServoStudio\wpfui-servoStudio\samples\Wpf.Ui.servoStudio\ViewModels\Motion\MotionTypeViewModel.cs(1133,9): warning IDE0011: 鍚?鈥渋f鈥?璇彞娣诲姞澶ф嫭鍙枫€?(https://learn.microsoft.com/dotnet/fundamentals/code-analysis/style-rules/ide0011) [C:\UserWorx\VSWorx\ServoStudio\wpfui-servoStudio\samples\Wpf.Ui.servoStudio\servoStudio_wjhet5xd_wpftmp.csproj]
C:\UserWorx\VSWorx\ServoStudio\wpfui-servoStudio\samples\Wpf.Ui.servoStudio\ViewModels\Motion\MotionTypeViewModel.cs(1135,9): warning IDE0011: 鍚?鈥渋f鈥?璇彞娣诲姞澶ф嫭鍙枫€?(https://learn.microsoft.com/dotnet/fundamentals/code-analysis/style-rules/ide0011) [C:\UserWorx\VSWorx\ServoStudio\wpfui-servoStudio\samples\Wpf.Ui.servoStudio\servoStudio_wjhet5xd_wpftmp.csproj]
C:\UserWorx\VSWorx\ServoStudio\wpfui-servoStudio\samples\Wpf.Ui.servoStudio\Services\FirmwareRepositoryService.cs(773,19): warning IDE0008: 鐢ㄦ樉寮忕被鍨嬩唬鏇?"var" (https://learn.microsoft.com/dotnet/fundamentals/code-analysis/style-rules/ide0008) [C:\UserWorx\VSWorx\ServoStudio\wpfui-servoStudio\samples\Wpf.Ui.servoStudio\servoStudio_wjhet5xd_wpftmp.csproj]
C:\UserWorx\VSWorx\ServoStudio\wpfui-servoStudio\samples\Wpf.Ui.servoStudio\ViewModels\Motion\MotionTypeViewModel.cs(1143,9): warning IDE0011: 鍚?鈥渋f鈥?璇彞娣诲姞澶ф嫭鍙枫€?(https://learn.microsoft.com/dotnet/fundamentals/code-analysis/style-rules/ide0011) [C:\UserWorx\VSWorx\ServoStudio\wpfui-servoStudio\samples\Wpf.Ui.servoStudio\servoStudio_wjhet5xd_wpftmp.csproj]
C:\UserWorx\VSWorx\ServoStudio\wpfui-servoStudio\samples\Wpf.Ui.servoStudio\ViewModels\Motion\MotionTypeViewModel.cs(1145,9): warning IDE0011: 鍚?鈥渋f鈥?璇彞娣诲姞澶ф嫭鍙枫€?(https://learn.microsoft.com/dotnet/fundamentals/code-analysis/style-rules/ide0011) [C:\UserWorx\VSWorx\ServoStudio\wpfui-servoStudio\samples\Wpf.Ui.servoStudio\servoStudio_wjhet5xd_wpftmp.csproj]
C:\UserWorx\VSWorx\ServoStudio\wpfui-servoStudio\samples\Wpf.Ui.servoStudio\ViewModels\Motion\MotionTypeViewModel.cs(1147,9): warning IDE0011: 鍚?鈥渋f鈥?璇彞娣诲姞澶ф嫭鍙枫€?(https://learn.microsoft.com/dotnet/fundamentals/code-analysis/style-rules/ide0011) [C:\UserWorx\VSWorx\ServoStudio\wpfui-servoStudio\samples\Wpf.Ui.servoStudio\servoStudio_wjhet5xd_wpftmp.csproj]
C:\UserWorx\VSWorx\ServoStudio\wpfui-servoStudio\samples\Wpf.Ui.servoStudio\Views\Pages\AppDataPages\DataViewPage.xaml.cs(562,9): warning IDE0008: 鐢ㄦ樉寮忕被鍨嬩唬鏇?"var" (https://learn.microsoft.com/dotnet/fundamentals/code-analysis/style-rules/ide0008) [C:\UserWorx\VSWorx\ServoStudio\wpfui-servoStudio\samples\Wpf.Ui.servoStudio\servoStudio_wjhet5xd_wpftmp.csproj]
C:\UserWorx\VSWorx\ServoStudio\wpfui-servoStudio\samples\Wpf.Ui.servoStudio\ViewModels\Motion\MotionTypeViewModel.cs(1160,9): warning IDE0011: 鍚?鈥渋f鈥?璇彞娣诲姞澶ф嫭鍙枫€?(https://learn.microsoft.com/dotnet/fundamentals/code-analysis/style-rules/ide0011) [C:\UserWorx\VSWorx\ServoStudio\wpfui-servoStudio\samples\Wpf.Ui.servoStudio\servoStudio_wjhet5xd_wpftmp.csproj]
C:\UserWorx\VSWorx\ServoStudio\wpfui-servoStudio\samples\Wpf.Ui.servoStudio\ViewModels\Motion\MotionTypeViewModel.cs(1162,9): warning IDE0011: 鍚?鈥渋f鈥?璇彞娣诲姞澶ф嫭鍙枫€?(https://learn.microsoft.com/dotnet/fundamentals/code-analysis/style-rules/ide0011) [C:\UserWorx\VSWorx\ServoStudio\wpfui-servoStudio\samples\Wpf.Ui.servoStudio\servoStudio_wjhet5xd_wpftmp.csproj]
C:\UserWorx\VSWorx\ServoStudio\wpfui-servoStudio\samples\Wpf.Ui.servoStudio\ViewModels\Motion\MotionTypeViewModel.cs(1164,9): warning IDE0011: 鍚?鈥渋f鈥?璇彞娣诲姞澶ф嫭鍙枫€?(https://learn.microsoft.com/dotnet/fundamentals/code-analysis/style-rules/ide0011) [C:\UserWorx\VSWorx\ServoStudio\wpfui-servoStudio\samples\Wpf.Ui.servoStudio\servoStudio_wjhet5xd_wpftmp.csproj]
C:\UserWorx\VSWorx\ServoStudio\wpfui-servoStudio\samples\Wpf.Ui.servoStudio\ViewModels\Motion\MotionTypeViewModel.cs(1166,9): warning IDE0011: 鍚?鈥渋f鈥?璇彞娣诲姞澶ф嫭鍙枫€?(https://learn.microsoft.com/dotnet/fundamentals/code-analysis/style-rules/ide0011) [C:\UserWorx\VSWorx\ServoStudio\wpfui-servoStudio\samples\Wpf.Ui.servoStudio\servoStudio_wjhet5xd_wpftmp.csproj]
C:\UserWorx\VSWorx\ServoStudio\wpfui-servoStudio\samples\Wpf.Ui.servoStudio\Models\FaultCodeTable.cs(105,45): warning IDE0008: 鐢ㄦ樉寮忕被鍨嬩唬鏇?"var" (https://learn.microsoft.com/dotnet/fundamentals/code-analysis/style-rules/ide0008) [C:\UserWorx\VSWorx\ServoStudio\wpfui-servoStudio\samples\Wpf.Ui.servoStudio\servoStudio_wjhet5xd_wpftmp.csproj]
C:\UserWorx\VSWorx\ServoStudio\wpfui-servoStudio\samples\Wpf.Ui.servoStudio\ViewModels\Motion\MotionTypeViewModel.cs(1174,9): warning IDE0011: 鍚?鈥渋f鈥?璇彞娣诲姞澶ф嫭鍙枫€?(https://learn.microsoft.com/dotnet/fundamentals/code-analysis/style-rules/ide0011) [C:\UserWorx\VSWorx\ServoStudio\wpfui-servoStudio\samples\Wpf.Ui.servoStudio\servoStudio_wjhet5xd_wpftmp.csproj]
C:\UserWorx\VSWorx\ServoStudio\wpfui-servoStudio\samples\Wpf.Ui.servoStudio\Models\FactoryParameters.cs(143,9): warning IDE0011: 鍚?鈥渋f鈥?璇彞娣诲姞澶ф嫭鍙枫€?(https://learn.microsoft.com/dotnet/fundamentals/code-analysis/style-rules/ide0011) [C:\UserWorx\VSWorx\ServoStudio\wpfui-servoStudio\samples\Wpf.Ui.servoStudio\servoStudio_wjhet5xd_wpftmp.csproj]
C:\UserWorx\VSWorx\ServoStudio\wpfui-servoStudio\samples\Wpf.Ui.servoStudio\ViewModels\DeviceSet\BusDiagnosticsViewModel.cs(65,9): warning IDE0011: 鍚?鈥渋f鈥?璇彞娣诲姞澶ф嫭鍙枫€?(https://learn.microsoft.com/dotnet/fundamentals/code-analysis/style-rules/ide0011) [C:\UserWorx\VSWorx\ServoStudio\wpfui-servoStudio\samples\Wpf.Ui.servoStudio\servoStudio_wjhet5xd_wpftmp.csproj]
C:\UserWorx\VSWorx\ServoStudio\wpfui-servoStudio\samples\Wpf.Ui.servoStudio\Models\ControlModeParameters.cs(115,9): warning IDE0011: 鍚?鈥渋f鈥?璇彞娣诲姞澶ф嫭鍙枫€?(https://learn.microsoft.com/dotnet/fundamentals/code-analysis/style-rules/ide0011) [C:\UserWorx\VSWorx\ServoStudio\wpfui-servoStudio\samples\Wpf.Ui.servoStudio\servoStudio_wjhet5xd_wpftmp.csproj]
C:\UserWorx\VSWorx\ServoStudio\wpfui-servoStudio\samples\Wpf.Ui.servoStudio\Views\MainWindow.xaml.cs(73,13): warning IDE0011: 鍚?鈥渋f鈥?璇彞娣诲姞澶ф嫭鍙枫€?(https://learn.microsoft.com/dotnet/fundamentals/code-analysis/style-rules/ide0011) [C:\UserWorx\VSWorx\ServoStudio\wpfui-servoStudio\samples\Wpf.Ui.servoStudio\servoStudio_wjhet5xd_wpftmp.csproj]
C:\UserWorx\VSWorx\ServoStudio\wpfui-servoStudio\samples\Wpf.Ui.servoStudio\ViewModels\DeviceSet\DeviceAddViewModel.cs(1539,9): warning IDE0011: 鍚?鈥渋f鈥?璇彞娣诲姞澶ф嫭鍙枫€?(https://learn.microsoft.com/dotnet/fundamentals/code-analysis/style-rules/ide0011) [C:\UserWorx\VSWorx\ServoStudio\wpfui-servoStudio\samples\Wpf.Ui.servoStudio\servoStudio_wjhet5xd_wpftmp.csproj]
C:\UserWorx\VSWorx\ServoStudio\wpfui-servoStudio\samples\Wpf.Ui.servoStudio\Services\FactoryAccessService.cs(149,13): warning IDE0011: 鍚?鈥渋f鈥?璇彞娣诲姞澶ф嫭鍙枫€?(https://learn.microsoft.com/dotnet/fundamentals/code-analysis/style-rules/ide0011) [C:\UserWorx\VSWorx\ServoStudio\wpfui-servoStudio\samples\Wpf.Ui.servoStudio\servoStudio_wjhet5xd_wpftmp.csproj]
C:\UserWorx\VSWorx\ServoStudio\wpfui-servoStudio\samples\Wpf.Ui.servoStudio\Services\FactoryAccessService.cs(153,17): warning IDE0011: 鍚?鈥渋f鈥?璇彞娣诲姞澶ф嫭鍙枫€?(https://learn.microsoft.com/dotnet/fundamentals/code-analysis/style-rules/ide0011) [C:\UserWorx\VSWorx\ServoStudio\wpfui-servoStudio\samples\Wpf.Ui.servoStudio\servoStudio_wjhet5xd_wpftmp.csproj]
C:\UserWorx\VSWorx\ServoStudio\wpfui-servoStudio\samples\Wpf.Ui.servoStudio\Services\FactoryAccessService.cs(158,9): warning IDE0011: 鍚?鈥渋f鈥?璇彞娣诲姞澶ф嫭鍙枫€?(https://learn.microsoft.com/dotnet/fundamentals/code-analysis/style-rules/ide0011) [C:\UserWorx\VSWorx\ServoStudio\wpfui-servoStudio\samples\Wpf.Ui.servoStudio\servoStudio_wjhet5xd_wpftmp.csproj]
C:\UserWorx\VSWorx\ServoStudio\wpfui-servoStudio\samples\Wpf.Ui.servoStudio\Services\FactoryAccessService.cs(185,17): warning IDE0011: 鍚?鈥渋f鈥?璇彞娣诲姞澶ф嫭鍙枫€?(https://learn.microsoft.com/dotnet/fundamentals/code-analysis/style-rules/ide0011) [C:\UserWorx\VSWorx\ServoStudio\wpfui-servoStudio\samples\Wpf.Ui.servoStudio\servoStudio_wjhet5xd_wpftmp.csproj]
C:\UserWorx\VSWorx\ServoStudio\wpfui-servoStudio\samples\Wpf.Ui.servoStudio\Services\FactoryAccessService.cs(188,17): warning IDE0011: 鍚?鈥渋f鈥?璇彞娣诲姞澶ф嫭鍙枫€?(https://learn.microsoft.com/dotnet/fundamentals/code-analysis/style-rules/ide0011) [C:\UserWorx\VSWorx\ServoStudio\wpfui-servoStudio\samples\Wpf.Ui.servoStudio\servoStudio_wjhet5xd_wpftmp.csproj]
C:\UserWorx\VSWorx\ServoStudio\wpfui-servoStudio\samples\Wpf.Ui.servoStudio\Services\FactoryAccessService.cs(147,18): warning IDE0008: 鐢ㄦ樉寮忕被鍨嬩唬鏇?"var" (https://learn.microsoft.com/dotnet/fundamentals/code-analysis/style-rules/ide0008) [C:\UserWorx\VSWorx\ServoStudio\wpfui-servoStudio\samples\Wpf.Ui.servoStudio\servoStudio_wjhet5xd_wpftmp.csproj]
C:\UserWorx\VSWorx\ServoStudio\wpfui-servoStudio\samples\Wpf.Ui.servoStudio\Services\FactoryAccessService.cs(151,22): warning IDE0008: 鐢ㄦ樉寮忕被鍨嬩唬鏇?"var" (https://learn.microsoft.com/dotnet/fundamentals/code-analysis/style-rules/ide0008) [C:\UserWorx\VSWorx\ServoStudio\wpfui-servoStudio\samples\Wpf.Ui.servoStudio\servoStudio_wjhet5xd_wpftmp.csproj]
C:\UserWorx\VSWorx\ServoStudio\wpfui-servoStudio\samples\Wpf.Ui.servoStudio\Services\FactoryAccessService.cs(187,17): warning IDE0008: 鐢ㄦ樉寮忕被鍨嬩唬鏇?"var" (https://learn.microsoft.com/dotnet/fundamentals/code-analysis/style-rules/ide0008) [C:\UserWorx\VSWorx\ServoStudio\wpfui-servoStudio\samples\Wpf.Ui.servoStudio\servoStudio_wjhet5xd_wpftmp.csproj]
C:\UserWorx\VSWorx\ServoStudio\wpfui-servoStudio\samples\Wpf.Ui.servoStudio\ViewModels\DeviceSet\DeviceAddViewModel.cs(1553,9): warning IDE0008: 鐢ㄦ樉寮忕被鍨嬩唬鏇?"var" (https://learn.microsoft.com/dotnet/fundamentals/code-analysis/style-rules/ide0008) [C:\UserWorx\VSWorx\ServoStudio\wpfui-servoStudio\samples\Wpf.Ui.servoStudio\servoStudio_wjhet5xd_wpftmp.csproj]
C:\UserWorx\VSWorx\ServoStudio\wpfui-servoStudio\samples\Wpf.Ui.servoStudio\ViewModels\DeviceSet\DeviceAddViewModel.cs(1566,17): warning IDE0011: 鍚?鈥渋f鈥?璇彞娣诲姞澶ф嫭鍙枫€?(https://learn.microsoft.com/dotnet/fundamentals/code-analysis/style-rules/ide0011) [C:\UserWorx\VSWorx\ServoStudio\wpfui-servoStudio\samples\Wpf.Ui.servoStudio\servoStudio_wjhet5xd_wpftmp.csproj]
C:\UserWorx\VSWorx\ServoStudio\wpfui-servoStudio\samples\Wpf.Ui.servoStudio\Views\MainWindow.xaml.cs(114,9): warning IDE0011: 鍚?鈥渋f鈥?璇彞娣诲姞澶ф嫭鍙枫€?(https://learn.microsoft.com/dotnet/fundamentals/code-analysis/style-rules/ide0011) [C:\UserWorx\VSWorx\ServoStudio\wpfui-servoStudio\samples\Wpf.Ui.servoStudio\servoStudio_wjhet5xd_wpftmp.csproj]
C:\UserWorx\VSWorx\ServoStudio\wpfui-servoStudio\samples\Wpf.Ui.servoStudio\Views\MainWindow.xaml.cs(121,13): warning IDE0011: 鍚?鈥渇oreach鈥?璇彞娣诲姞澶ф嫭鍙枫€?(https://learn.microsoft.com/dotnet/fundamentals/code-analysis/style-rules/ide0011) [C:\UserWorx\VSWorx\ServoStudio\wpfui-servoStudio\samples\Wpf.Ui.servoStudio\servoStudio_wjhet5xd_wpftmp.csproj]
C:\UserWorx\VSWorx\ServoStudio\wpfui-servoStudio\samples\Wpf.Ui.servoStudio\Views\MainWindow.xaml.cs(121,22): warning IDE0008: 鐢ㄦ樉寮忕被鍨嬩唬鏇?"var" (https://learn.microsoft.com/dotnet/fundamentals/code-analysis/style-rules/ide0008) [C:\UserWorx\VSWorx\ServoStudio\wpfui-servoStudio\samples\Wpf.Ui.servoStudio\servoStudio_wjhet5xd_wpftmp.csproj]
C:\UserWorx\VSWorx\ServoStudio\wpfui-servoStudio\samples\Wpf.Ui.servoStudio\ViewModels\DeviceSet\DeviceAddViewModel.cs(1567,17): warning IDE0058: 姘歌繙涓嶄細浣跨敤琛ㄨ揪寮忓€?(https://learn.microsoft.com/dotnet/fundamentals/code-analysis/style-rules/ide0058) [C:\UserWorx\VSWorx\ServoStudio\wpfui-servoStudio\samples\Wpf.Ui.servoStudio\servoStudio_wjhet5xd_wpftmp.csproj]
C:\UserWorx\VSWorx\ServoStudio\wpfui-servoStudio\samples\Wpf.Ui.servoStudio\Services\FactoryAccessService.cs(207,9): warning IDE0011: 鍚?鈥渋f鈥?璇彞娣诲姞澶ф嫭鍙枫€?(https://learn.microsoft.com/dotnet/fundamentals/code-analysis/style-rules/ide0011) [C:\UserWorx\VSWorx\ServoStudio\wpfui-servoStudio\samples\Wpf.Ui.servoStudio\servoStudio_wjhet5xd_wpftmp.csproj]
C:\UserWorx\VSWorx\ServoStudio\wpfui-servoStudio\samples\Wpf.Ui.servoStudio\ViewModels\DeviceSet\DeviceAddViewModel.cs(1579,9): warning IDE0011: 鍚?鈥渋f鈥?璇彞娣诲姞澶ф嫭鍙枫€?(https://learn.microsoft.com/dotnet/fundamentals/code-analysis/style-rules/ide0011) [C:\UserWorx\VSWorx\ServoStudio\wpfui-servoStudio\samples\Wpf.Ui.servoStudio\servoStudio_wjhet5xd_wpftmp.csproj]
C:\UserWorx\VSWorx\ServoStudio\wpfui-servoStudio\samples\Wpf.Ui.servoStudio\Services\FactoryAccessService.cs(219,9): warning IDE0011: 鍚?鈥渋f鈥?璇彞娣诲姞澶ф嫭鍙枫€?(https://learn.microsoft.com/dotnet/fundamentals/code-analysis/style-rules/ide0011) [C:\UserWorx\VSWorx\ServoStudio\wpfui-servoStudio\samples\Wpf.Ui.servoStudio\servoStudio_wjhet5xd_wpftmp.csproj]
C:\UserWorx\VSWorx\ServoStudio\wpfui-servoStudio\samples\Wpf.Ui.servoStudio\ViewModels\DeviceSet\DeviceAddViewModel.cs(1581,9): warning IDE0058: 姘歌繙涓嶄細浣跨敤琛ㄨ揪寮忓€?(https://learn.microsoft.com/dotnet/fundamentals/code-analysis/style-rules/ide0058) [C:\UserWorx\VSWorx\ServoStudio\wpfui-servoStudio\samples\Wpf.Ui.servoStudio\servoStudio_wjhet5xd_wpftmp.csproj]
C:\UserWorx\VSWorx\ServoStudio\wpfui-servoStudio\samples\Wpf.Ui.servoStudio\Services\FactoryAccessService.cs(154,21): warning IDE0058: 姘歌繙涓嶄細浣跨敤琛ㄨ揪寮忓€?(https://learn.microsoft.com/dotnet/fundamentals/code-analysis/style-rules/ide0058) [C:\UserWorx\VSWorx\ServoStudio\wpfui-servoStudio\samples\Wpf.Ui.servoStudio\servoStudio_wjhet5xd_wpftmp.csproj]
C:\UserWorx\VSWorx\ServoStudio\wpfui-servoStudio\samples\Wpf.Ui.servoStudio\Services\FactoryAccessService.cs(171,9): warning IDE0058: 姘歌繙涓嶄細浣跨敤琛ㄨ揪寮忓€?(https://learn.microsoft.com/dotnet/fundamentals/code-analysis/style-rules/ide0058) [C:\UserWorx\VSWorx\ServoStudio\wpfui-servoStudio\samples\Wpf.Ui.servoStudio\servoStudio_wjhet5xd_wpftmp.csproj]
C:\UserWorx\VSWorx\ServoStudio\wpfui-servoStudio\samples\Wpf.Ui.servoStudio\Services\CanNativeResolver.cs(26,9): warning IDE0011: 鍚?鈥渋f鈥?璇彞娣诲姞澶ф嫭鍙枫€?(https://learn.microsoft.com/dotnet/fundamentals/code-analysis/style-rules/ide0011) [C:\UserWorx\VSWorx\ServoStudio\wpfui-servoStudio\samples\Wpf.Ui.servoStudio\servoStudio_wjhet5xd_wpftmp.csproj]
C:\UserWorx\VSWorx\ServoStudio\wpfui-servoStudio\samples\Wpf.Ui.servoStudio\ViewModels\Motion\MotionTypeViewModel.cs(1308,9): warning IDE0011: 鍚?鈥渋f鈥?璇彞娣诲姞澶ф嫭鍙枫€?(https://learn.microsoft.com/dotnet/fundamentals/code-analysis/style-rules/ide0011) [C:\UserWorx\VSWorx\ServoStudio\wpfui-servoStudio\samples\Wpf.Ui.servoStudio\servoStudio_wjhet5xd_wpftmp.csproj]
C:\UserWorx\VSWorx\ServoStudio\wpfui-servoStudio\samples\Wpf.Ui.servoStudio\Services\CanNativeResolver.cs(44,9): warning IDE0011: 鍚?鈥渋f鈥?璇彞娣诲姞澶ф嫭鍙枫€?(https://learn.microsoft.com/dotnet/fundamentals/code-analysis/style-rules/ide0011) [C:\UserWorx\VSWorx\ServoStudio\wpfui-servoStudio\samples\Wpf.Ui.servoStudio\servoStudio_wjhet5xd_wpftmp.csproj]
C:\UserWorx\VSWorx\ServoStudio\wpfui-servoStudio\samples\Wpf.Ui.servoStudio\Services\CanNativeResolver.cs(75,21): warning IDE0011: 鍚?鈥渋f鈥?璇彞娣诲姞澶ф嫭鍙枫€?(https://learn.microsoft.com/dotnet/fundamentals/code-analysis/style-rules/ide0011) [C:\UserWorx\VSWorx\ServoStudio\wpfui-servoStudio\samples\Wpf.Ui.servoStudio\servoStudio_wjhet5xd_wpftmp.csproj]
C:\UserWorx\VSWorx\ServoStudio\wpfui-servoStudio\samples\Wpf.Ui.servoStudio\Services\CanNativeResolver.cs(80,13): warning IDE0011: 鍚?鈥渋f鈥?璇彞娣诲姞澶ф嫭鍙枫€?(https://learn.microsoft.com/dotnet/fundamentals/code-analysis/style-rules/ide0011) [C:\UserWorx\VSWorx\ServoStudio\wpfui-servoStudio\samples\Wpf.Ui.servoStudio\servoStudio_wjhet5xd_wpftmp.csproj]
C:\UserWorx\VSWorx\ServoStudio\wpfui-servoStudio\samples\Wpf.Ui.servoStudio\ViewModels\DeviceSet\DeviceAddViewModel.cs(1586,9): warning IDE0011: 鍚?鈥渋f鈥?璇彞娣诲姞澶ф嫭鍙枫€?(https://learn.microsoft.com/dotnet/fundamentals/code-analysis/style-rules/ide0011) [C:\UserWorx\VSWorx\ServoStudio\wpfui-servoStudio\samples\Wpf.Ui.servoStudio\servoStudio_wjhet5xd_wpftmp.csproj]
C:\UserWorx\VSWorx\ServoStudio\wpfui-servoStudio\samples\Wpf.Ui.servoStudio\ViewModels\DeviceSet\DeviceAddViewModel.cs(1588,9): warning IDE0011: 鍚?鈥渋f鈥?璇彞娣诲姞澶ф嫭鍙枫€?(https://learn.microsoft.com/dotnet/fundamentals/code-analysis/style-rules/ide0011) [C:\UserWorx\VSWorx\ServoStudio\wpfui-servoStudio\samples\Wpf.Ui.servoStudio\servoStudio_wjhet5xd_wpftmp.csproj]
C:\UserWorx\VSWorx\ServoStudio\wpfui-servoStudio\samples\Wpf.Ui.servoStudio\ViewModels\DeviceSet\DeviceAddViewModel.cs(1610,17): warning IDE0011: 鍚?鈥渋f鈥?璇彞娣诲姞澶ф嫭鍙枫€?(https://learn.microsoft.com/dotnet/fundamentals/code-analysis/style-rules/ide0011) [C:\UserWorx\VSWorx\ServoStudio\wpfui-servoStudio\samples\Wpf.Ui.servoStudio\servoStudio_wjhet5xd_wpftmp.csproj]
C:\UserWorx\VSWorx\ServoStudio\wpfui-servoStudio\samples\Wpf.Ui.servoStudio\ViewModels\DeviceSet\DeviceAddViewModel.cs(1621,13): warning IDE0011: 鍚?鈥渋f鈥?璇彞娣诲姞澶ф嫭鍙枫€?(https://learn.microsoft.com/dotnet/fundamentals/code-analysis/style-rules/ide0011) [C:\UserWorx\VSWorx\ServoStudio\wpfui-servoStudio\samples\Wpf.Ui.servoStudio\servoStudio_wjhet5xd_wpftmp.csproj]
C:\UserWorx\VSWorx\ServoStudio\wpfui-servoStudio\samples\Wpf.Ui.servoStudio\ViewModels\DeviceSet\DeviceAddViewModel.cs(1641,13): warning IDE0011: 鍚?鈥渋f鈥?璇彞娣诲姞澶ф嫭鍙枫€?(https://learn.microsoft.com/dotnet/fundamentals/code-analysis/style-rules/ide0011) [C:\UserWorx\VSWorx\ServoStudio\wpfui-servoStudio\samples\Wpf.Ui.servoStudio\servoStudio_wjhet5xd_wpftmp.csproj]
C:\UserWorx\VSWorx\ServoStudio\wpfui-servoStudio\samples\Wpf.Ui.servoStudio\ViewModels\DeviceSet\DeviceAddViewModel.cs(1595,13): warning IDE0008: 鐢ㄦ樉寮忕被鍨嬩唬鏇?"var" (https://learn.microsoft.com/dotnet/fundamentals/code-analysis/style-rules/ide0008) [C:\UserWorx\VSWorx\ServoStudio\wpfui-servoStudio\samples\Wpf.Ui.servoStudio\servoStudio_wjhet5xd_wpftmp.csproj]
C:\UserWorx\VSWorx\ServoStudio\wpfui-servoStudio\samples\Wpf.Ui.servoStudio\ViewModels\DeviceSet\BusDiagnosticsViewModel.cs(392,9): warning IDE0011: 鍚?鈥渋f鈥?璇彞娣诲姞澶ф嫭鍙枫€?(https://learn.microsoft.com/dotnet/fundamentals/code-analysis/style-rules/ide0011) [C:\UserWorx\VSWorx\ServoStudio\wpfui-servoStudio\samples\Wpf.Ui.servoStudio\servoStudio_wjhet5xd_wpftmp.csproj]
C:\UserWorx\VSWorx\ServoStudio\wpfui-servoStudio\samples\Wpf.Ui.servoStudio\ViewModels\Motion\MotionLimitViewModel.cs(194,43): warning IDE0055: 淇鏍煎紡 (https://learn.microsoft.com/dotnet/fundamentals/code-analysis/style-rules/ide0055) [C:\UserWorx\VSWorx\ServoStudio\wpfui-servoStudio\samples\Wpf.Ui.servoStudio\servoStudio_wjhet5xd_wpftmp.csproj]
C:\UserWorx\VSWorx\ServoStudio\wpfui-servoStudio\samples\Wpf.Ui.servoStudio\ViewModels\Motion\MotionLimitViewModel.cs(194,45): warning IDE0055: 淇鏍煎紡 (https://learn.microsoft.com/dotnet/fundamentals/code-analysis/style-rules/ide0055) [C:\UserWorx\VSWorx\ServoStudio\wpfui-servoStudio\samples\Wpf.Ui.servoStudio\servoStudio_wjhet5xd_wpftmp.csproj]
C:\UserWorx\VSWorx\ServoStudio\wpfui-servoStudio\samples\Wpf.Ui.servoStudio\ViewModels\Motion\MotionLimitViewModel.cs(216,31): warning IDE0055: 淇鏍煎紡 (https://learn.microsoft.com/dotnet/fundamentals/code-analysis/style-rules/ide0055) [C:\UserWorx\VSWorx\ServoStudio\wpfui-servoStudio\samples\Wpf.Ui.servoStudio\servoStudio_wjhet5xd_wpftmp.csproj]
C:\UserWorx\VSWorx\ServoStudio\wpfui-servoStudio\samples\Wpf.Ui.servoStudio\ViewModels\Motion\MotionLimitViewModel.cs(218,95): warning IDE0055: 淇鏍煎紡 (https://learn.microsoft.com/dotnet/fundamentals/code-analysis/style-rules/ide0055) [C:\UserWorx\VSWorx\ServoStudio\wpfui-servoStudio\samples\Wpf.Ui.servoStudio\servoStudio_wjhet5xd_wpftmp.csproj]
C:\UserWorx\VSWorx\ServoStudio\wpfui-servoStudio\samples\Wpf.Ui.servoStudio\ViewModels\Motion\MotionLimitViewModel.cs(617,27): warning IDE0055: 淇鏍煎紡 (https://learn.microsoft.com/dotnet/fundamentals/code-analysis/style-rules/ide0055) [C:\UserWorx\VSWorx\ServoStudio\wpfui-servoStudio\samples\Wpf.Ui.servoStudio\servoStudio_wjhet5xd_wpftmp.csproj]
C:\UserWorx\VSWorx\ServoStudio\wpfui-servoStudio\samples\Wpf.Ui.servoStudio\ViewModels\Motion\MotionLimitViewModel.cs(617,29): warning IDE0055: 淇鏍煎紡 (https://learn.microsoft.com/dotnet/fundamentals/code-analysis/style-rules/ide0055) [C:\UserWorx\VSWorx\ServoStudio\wpfui-servoStudio\samples\Wpf.Ui.servoStudio\servoStudio_wjhet5xd_wpftmp.csproj]
C:\UserWorx\VSWorx\ServoStudio\wpfui-servoStudio\samples\Wpf.Ui.servoStudio\ViewModels\Motion\MotionLimitViewModel.cs(617,39): warning IDE0055: 淇鏍煎紡 (https://learn.microsoft.com/dotnet/fundamentals/code-analysis/style-rules/ide0055) [C:\UserWorx\VSWorx\ServoStudio\wpfui-servoStudio\samples\Wpf.Ui.servoStudio\servoStudio_wjhet5xd_wpftmp.csproj]
C:\UserWorx\VSWorx\ServoStudio\wpfui-servoStudio\samples\Wpf.Ui.servoStudio\ViewModels\Motion\MotionLimitViewModel.cs(619,27): warning IDE0055: 淇鏍煎紡 (https://learn.microsoft.com/dotnet/fundamentals/code-analysis/style-rules/ide0055) [C:\UserWorx\VSWorx\ServoStudio\wpfui-servoStudio\samples\Wpf.Ui.servoStudio\servoStudio_wjhet5xd_wpftmp.csproj]
C:\UserWorx\VSWorx\ServoStudio\wpfui-servoStudio\samples\Wpf.Ui.servoStudio\ViewModels\Motion\MotionLimitViewModel.cs(619,29): warning IDE0055: 淇鏍煎紡 (https://learn.microsoft.com/dotnet/fundamentals/code-analysis/style-rules/ide0055) [C:\UserWorx\VSWorx\ServoStudio\wpfui-servoStudio\samples\Wpf.Ui.servoStudio\servoStudio_wjhet5xd_wpftmp.csproj]
C:\UserWorx\VSWorx\ServoStudio\wpfui-servoStudio\samples\Wpf.Ui.servoStudio\ViewModels\Motion\MotionLimitViewModel.cs(619,39): warning IDE0055: 淇鏍煎紡 (https://learn.microsoft.com/dotnet/fundamentals/code-analysis/style-rules/ide0055) [C:\UserWorx\VSWorx\ServoStudio\wpfui-servoStudio\samples\Wpf.Ui.servoStudio\servoStudio_wjhet5xd_wpftmp.csproj]
C:\UserWorx\VSWorx\ServoStudio\wpfui-servoStudio\samples\Wpf.Ui.servoStudio\ViewModels\Motion\MotionLimitViewModel.cs(620,28): warning IDE0055: 淇鏍煎紡 (https://learn.microsoft.com/dotnet/fundamentals/code-analysis/style-rules/ide0055) [C:\UserWorx\VSWorx\ServoStudio\wpfui-servoStudio\samples\Wpf.Ui.servoStudio\servoStudio_wjhet5xd_wpftmp.csproj]
C:\UserWorx\VSWorx\ServoStudio\wpfui-servoStudio\samples\Wpf.Ui.servoStudio\ViewModels\Motion\MotionLimitViewModel.cs(620,30): warning IDE0055: 淇鏍煎紡 (https://learn.microsoft.com/dotnet/fundamentals/code-analysis/style-rules/ide0055) [C:\UserWorx\VSWorx\ServoStudio\wpfui-servoStudio\samples\Wpf.Ui.servoStudio\servoStudio_wjhet5xd_wpftmp.csproj]
C:\UserWorx\VSWorx\ServoStudio\wpfui-servoStudio\samples\Wpf.Ui.servoStudio\ViewModels\Motion\MotionLimitViewModel.cs(620,40): warning IDE0055: 淇鏍煎紡 (https://learn.microsoft.com/dotnet/fundamentals/code-analysis/style-rules/ide0055) [C:\UserWorx\VSWorx\ServoStudio\wpfui-servoStudio\samples\Wpf.Ui.servoStudio\servoStudio_wjhet5xd_wpftmp.csproj]
C:\UserWorx\VSWorx\ServoStudio\wpfui-servoStudio\samples\Wpf.Ui.servoStudio\Services\DataFrameLogger.cs(104,9): warning IDE0011: 鍚?鈥渋f鈥?璇彞娣诲姞澶ф嫭鍙枫€?(https://learn.microsoft.com/dotnet/fundamentals/code-analysis/style-rules/ide0011) [C:\UserWorx\VSWorx\ServoStudio\wpfui-servoStudio\samples\Wpf.Ui.servoStudio\servoStudio_wjhet5xd_wpftmp.csproj]
C:\UserWorx\VSWorx\ServoStudio\wpfui-servoStudio\samples\Wpf.Ui.servoStudio\Views\Dialogs\SheetPickerWindow.cs(51,9): warning IDE0058: 姘歌繙涓嶄細浣跨敤琛ㄨ揪寮忓€?(https://learn.microsoft.com/dotnet/fundamentals/code-analysis/style-rules/ide0058) [C:\UserWorx\VSWorx\ServoStudio\wpfui-servoStudio\samples\Wpf.Ui.servoStudio\servoStudio_wjhet5xd_wpftmp.csproj]
C:\UserWorx\VSWorx\ServoStudio\wpfui-servoStudio\samples\Wpf.Ui.servoStudio\Views\Dialogs\SheetPickerWindow.cs(59,13): warning IDE0058: 姘歌繙涓嶄細浣跨敤琛ㄨ揪寮忓€?(https://learn.microsoft.com/dotnet/fundamentals/code-analysis/style-rules/ide0058) [C:\UserWorx\VSWorx\ServoStudio\wpfui-servoStudio\samples\Wpf.Ui.servoStudio\servoStudio_wjhet5xd_wpftmp.csproj]
C:\UserWorx\VSWorx\ServoStudio\wpfui-servoStudio\samples\Wpf.Ui.servoStudio\Views\Dialogs\SheetPickerWindow.cs(80,9): warning IDE0058: 姘歌繙涓嶄細浣跨敤琛ㄨ揪寮忓€?(https://learn.microsoft.com/dotnet/fundamentals/code-analysis/style-rules/ide0058) [C:\UserWorx\VSWorx\ServoStudio\wpfui-servoStudio\samples\Wpf.Ui.servoStudio\servoStudio_wjhet5xd_wpftmp.csproj]
C:\UserWorx\VSWorx\ServoStudio\wpfui-servoStudio\samples\Wpf.Ui.servoStudio\Views\Dialogs\SheetPickerWindow.cs(109,9): warning IDE0058: 姘歌繙涓嶄細浣跨敤琛ㄨ揪寮忓€?(https://learn.microsoft.com/dotnet/fundamentals/code-analysis/style-rules/ide0058) [C:\UserWorx\VSWorx\ServoStudio\wpfui-servoStudio\samples\Wpf.Ui.servoStudio\servoStudio_wjhet5xd_wpftmp.csproj]
C:\UserWorx\VSWorx\ServoStudio\wpfui-servoStudio\samples\Wpf.Ui.servoStudio\Views\Dialogs\SheetPickerWindow.cs(110,9): warning IDE0058: 姘歌繙涓嶄細浣跨敤琛ㄨ揪寮忓€?(https://learn.microsoft.com/dotnet/fundamentals/code-analysis/style-rules/ide0058) [C:\UserWorx\VSWorx\ServoStudio\wpfui-servoStudio\samples\Wpf.Ui.servoStudio\servoStudio_wjhet5xd_wpftmp.csproj]
C:\UserWorx\VSWorx\ServoStudio\wpfui-servoStudio\samples\Wpf.Ui.servoStudio\Views\Dialogs\SheetPickerWindow.cs(112,9): warning IDE0058: 姘歌繙涓嶄細浣跨敤琛ㄨ揪寮忓€?(https://learn.microsoft.com/dotnet/fundamentals/code-analysis/style-rules/ide0058) [C:\UserWorx\VSWorx\ServoStudio\wpfui-servoStudio\samples\Wpf.Ui.servoStudio\servoStudio_wjhet5xd_wpftmp.csproj]
C:\UserWorx\VSWorx\ServoStudio\wpfui-servoStudio\samples\Wpf.Ui.servoStudio\Services\DataFrameLogger.cs(128,9): warning IDE0011: 鍚?鈥渋f鈥?璇彞娣诲姞澶ф嫭鍙枫€?(https://learn.microsoft.com/dotnet/fundamentals/code-analysis/style-rules/ide0011) [C:\UserWorx\VSWorx\ServoStudio\wpfui-servoStudio\samples\Wpf.Ui.servoStudio\servoStudio_wjhet5xd_wpftmp.csproj]
C:\UserWorx\VSWorx\ServoStudio\wpfui-servoStudio\samples\Wpf.Ui.servoStudio\ViewModels\DeviceSet\DeviceAddViewModel.cs(1662,9): warning IDE0008: 鐢ㄦ樉寮忕被鍨嬩唬鏇?"var" (https://learn.microsoft.com/dotnet/fundamentals/code-analysis/style-rules/ide0008) [C:\UserWorx\VSWorx\ServoStudio\wpfui-servoStudio\samples\Wpf.Ui.servoStudio\servoStudio_wjhet5xd_wpftmp.csproj]
C:\UserWorx\VSWorx\ServoStudio\wpfui-servoStudio\samples\Wpf.Ui.servoStudio\ViewModels\DeviceSet\DeviceAddViewModel.cs(1675,17): warning IDE0011: 鍚?鈥渋f鈥?璇彞娣诲姞澶ф嫭鍙枫€?(https://learn.microsoft.com/dotnet/fundamentals/code-analysis/style-rules/ide0011) [C:\UserWorx\VSWorx\ServoStudio\wpfui-servoStudio\samples\Wpf.Ui.servoStudio\servoStudio_wjhet5xd_wpftmp.csproj]
C:\UserWorx\VSWorx\ServoStudio\wpfui-servoStudio\samples\Wpf.Ui.servoStudio\Views\Pages\AppDataPages\DataViewPage.xaml.cs(594,18): warning IDE0008: 鐢ㄦ樉寮忕被鍨嬩唬鏇?"var" (https://learn.microsoft.com/dotnet/fundamentals/code-analysis/style-rules/ide0008) [C:\UserWorx\VSWorx\ServoStudio\wpfui-servoStudio\samples\Wpf.Ui.servoStudio\servoStudio_wjhet5xd_wpftmp.csproj]
C:\UserWorx\VSWorx\ServoStudio\wpfui-servoStudio\samples\Wpf.Ui.servoStudio\ViewModels\DeviceSet\DeviceAddViewModel.cs(1648,13): warning IDE0058: 姘歌繙涓嶄細浣跨敤琛ㄨ揪寮忓€?(https://learn.microsoft.com/dotnet/fundamentals/code-analysis/style-rules/ide0058) [C:\UserWorx\VSWorx\ServoStudio\wpfui-servoStudio\samples\Wpf.Ui.servoStudio\servoStudio_wjhet5xd_wpftmp.csproj]
C:\UserWorx\VSWorx\ServoStudio\wpfui-servoStudio\samples\Wpf.Ui.servoStudio\ViewModels\DeviceSet\DeviceAddViewModel.cs(1688,9): warning IDE0011: 鍚?鈥渋f鈥?璇彞娣诲姞澶ф嫭鍙枫€?(https://learn.microsoft.com/dotnet/fundamentals/code-analysis/style-rules/ide0011) [C:\UserWorx\VSWorx\ServoStudio\wpfui-servoStudio\samples\Wpf.Ui.servoStudio\servoStudio_wjhet5xd_wpftmp.csproj]
C:\UserWorx\VSWorx\ServoStudio\wpfui-servoStudio\samples\Wpf.Ui.servoStudio\ViewModels\DeviceSet\DeviceAddViewModel.cs(1676,17): warning IDE0058: 姘歌繙涓嶄細浣跨敤琛ㄨ揪寮忓€?(https://learn.microsoft.com/dotnet/fundamentals/code-analysis/style-rules/ide0058) [C:\UserWorx\VSWorx\ServoStudio\wpfui-servoStudio\samples\Wpf.Ui.servoStudio\servoStudio_wjhet5xd_wpftmp.csproj]
C:\UserWorx\VSWorx\ServoStudio\wpfui-servoStudio\samples\Wpf.Ui.servoStudio\ViewModels\DeviceSet\DeviceAddViewModel.cs(1690,9): warning IDE0058: 姘歌繙涓嶄細浣跨敤琛ㄨ揪寮忓€?(https://learn.microsoft.com/dotnet/fundamentals/code-analysis/style-rules/ide0058) [C:\UserWorx\VSWorx\ServoStudio\wpfui-servoStudio\samples\Wpf.Ui.servoStudio\servoStudio_wjhet5xd_wpftmp.csproj]
C:\UserWorx\VSWorx\ServoStudio\wpfui-servoStudio\samples\Wpf.Ui.servoStudio\Views\Pages\AppDataPages\DataViewPage.xaml.cs(640,13): warning IDE0008: 鐢ㄦ樉寮忕被鍨嬩唬鏇?"var" (https://learn.microsoft.com/dotnet/fundamentals/code-analysis/style-rules/ide0008) [C:\UserWorx\VSWorx\ServoStudio\wpfui-servoStudio\samples\Wpf.Ui.servoStudio\servoStudio_wjhet5xd_wpftmp.csproj]
C:\UserWorx\VSWorx\ServoStudio\wpfui-servoStudio\samples\Wpf.Ui.servoStudio\ViewModels\Hardware\ControllerViewModel.cs(216,9): warning IDE0011: 鍚?鈥渋f鈥?璇彞娣诲姞澶ф嫭鍙枫€?(https://learn.microsoft.com/dotnet/fundamentals/code-analysis/style-rules/ide0011) [C:\UserWorx\VSWorx\ServoStudio\wpfui-servoStudio\samples\Wpf.Ui.servoStudio\servoStudio_wjhet5xd_wpftmp.csproj]
C:\UserWorx\VSWorx\ServoStudio\wpfui-servoStudio\samples\Wpf.Ui.servoStudio\Views\Pages\AppDataPages\AppLogPage.xaml.cs(54,9): warning IDE0011: 鍚?鈥渋f鈥?璇彞娣诲姞澶ф嫭鍙枫€?(https://learn.microsoft.com/dotnet/fundamentals/code-analysis/style-rules/ide0011) [C:\UserWorx\VSWorx\ServoStudio\wpfui-servoStudio\samples\Wpf.Ui.servoStudio\servoStudio_wjhet5xd_wpftmp.csproj]
C:\UserWorx\VSWorx\ServoStudio\wpfui-servoStudio\samples\Wpf.Ui.servoStudio\Views\Pages\AppDataPages\AppLogPage.xaml.cs(61,9): warning IDE0011: 鍚?鈥渋f鈥?璇彞娣诲姞澶ф嫭鍙枫€?(https://learn.microsoft.com/dotnet/fundamentals/code-analysis/style-rules/ide0011) [C:\UserWorx\VSWorx\ServoStudio\wpfui-servoStudio\samples\Wpf.Ui.servoStudio\servoStudio_wjhet5xd_wpftmp.csproj]
C:\UserWorx\VSWorx\ServoStudio\wpfui-servoStudio\samples\Wpf.Ui.servoStudio\Views\Pages\AppDataPages\AppLogPage.xaml.cs(65,9): warning IDE0011: 鍚?鈥渋f鈥?璇彞娣诲姞澶ф嫭鍙枫€?(https://learn.microsoft.com/dotnet/fundamentals/code-analysis/style-rules/ide0011) [C:\UserWorx\VSWorx\ServoStudio\wpfui-servoStudio\samples\Wpf.Ui.servoStudio\servoStudio_wjhet5xd_wpftmp.csproj]
C:\UserWorx\VSWorx\ServoStudio\wpfui-servoStudio\samples\Wpf.Ui.servoStudio\Views\Pages\AppDataPages\AppLogPage.xaml.cs(74,9): warning IDE0011: 鍚?鈥渋f鈥?璇彞娣诲姞澶ф嫭鍙枫€?(https://learn.microsoft.com/dotnet/fundamentals/code-analysis/style-rules/ide0011) [C:\UserWorx\VSWorx\ServoStudio\wpfui-servoStudio\samples\Wpf.Ui.servoStudio\servoStudio_wjhet5xd_wpftmp.csproj]
C:\UserWorx\VSWorx\ServoStudio\wpfui-servoStudio\samples\Wpf.Ui.servoStudio\Services\DataFrameLogger.cs(162,21): warning IDE0011: 鍚?鈥渋f鈥?璇彞娣诲姞澶ф嫭鍙枫€?(https://learn.microsoft.com/dotnet/fundamentals/code-analysis/style-rules/ide0011) [C:\UserWorx\VSWorx\ServoStudio\wpfui-servoStudio\samples\Wpf.Ui.servoStudio\servoStudio_wjhet5xd_wpftmp.csproj]
C:\UserWorx\VSWorx\ServoStudio\wpfui-servoStudio\samples\Wpf.Ui.servoStudio\Services\DataFrameLogger.cs(174,21): warning IDE0011: 鍚?鈥渋f鈥?璇彞娣诲姞澶ф嫭鍙枫€?(https://learn.microsoft.com/dotnet/fundamentals/code-analysis/style-rules/ide0011) [C:\UserWorx\VSWorx\ServoStudio\wpfui-servoStudio\samples\Wpf.Ui.servoStudio\servoStudio_wjhet5xd_wpftmp.csproj]
C:\UserWorx\VSWorx\ServoStudio\wpfui-servoStudio\samples\Wpf.Ui.servoStudio\Services\DataFrameLogger.cs(198,21): warning IDE0011: 鍚?鈥渋f鈥?璇彞娣诲姞澶ф嫭鍙枫€?(https://learn.microsoft.com/dotnet/fundamentals/code-analysis/style-rules/ide0011) [C:\UserWorx\VSWorx\ServoStudio\wpfui-servoStudio\samples\Wpf.Ui.servoStudio\servoStudio_wjhet5xd_wpftmp.csproj]
C:\UserWorx\VSWorx\ServoStudio\wpfui-servoStudio\samples\Wpf.Ui.servoStudio\Views\Pages\AppDataPages\AppLogPage.xaml.cs(98,9): warning IDE0011: 鍚?鈥渋f鈥?璇彞娣诲姞澶ф嫭鍙枫€?(https://learn.microsoft.com/dotnet/fundamentals/code-analysis/style-rules/ide0011) [C:\UserWorx\VSWorx\ServoStudio\wpfui-servoStudio\samples\Wpf.Ui.servoStudio\servoStudio_wjhet5xd_wpftmp.csproj]
C:\UserWorx\VSWorx\ServoStudio\wpfui-servoStudio\samples\Wpf.Ui.servoStudio\ViewModels\Motion\MotionTypeViewModel.cs(1348,9): warning IDE0011: 鍚?鈥渋f鈥?璇彞娣诲姞澶ф嫭鍙枫€?(https://learn.microsoft.com/dotnet/fundamentals/code-analysis/style-rules/ide0011) [C:\UserWorx\VSWorx\ServoStudio\wpfui-servoStudio\samples\Wpf.Ui.servoStudio\servoStudio_wjhet5xd_wpftmp.csproj]
C:\UserWorx\VSWorx\ServoStudio\wpfui-servoStudio\samples\Wpf.Ui.servoStudio\ViewModels\Motion\MotionTypeViewModel.cs(1350,9): warning IDE0011: 鍚?鈥渋f鈥?璇彞娣诲姞澶ф嫭鍙枫€?(https://learn.microsoft.com/dotnet/fundamentals/code-analysis/style-rules/ide0011) [C:\UserWorx\VSWorx\ServoStudio\wpfui-servoStudio\samples\Wpf.Ui.servoStudio\servoStudio_wjhet5xd_wpftmp.csproj]
C:\UserWorx\VSWorx\ServoStudio\wpfui-servoStudio\samples\Wpf.Ui.servoStudio\ViewModels\Motion\MotionTypeViewModel.cs(1352,9): warning IDE0011: 鍚?鈥渋f鈥?璇彞娣诲姞澶ф嫭鍙枫€?(https://learn.microsoft.com/dotnet/fundamentals/code-analysis/style-rules/ide0011) [C:\UserWorx\VSWorx\ServoStudio\wpfui-servoStudio\samples\Wpf.Ui.servoStudio\servoStudio_wjhet5xd_wpftmp.csproj]
C:\UserWorx\VSWorx\ServoStudio\wpfui-servoStudio\samples\Wpf.Ui.servoStudio\ViewModels\Motion\MotionTypeViewModel.cs(1354,9): warning IDE0011: 鍚?鈥渋f鈥?璇彞娣诲姞澶ф嫭鍙枫€?(https://learn.microsoft.com/dotnet/fundamentals/code-analysis/style-rules/ide0011) [C:\UserWorx\VSWorx\ServoStudio\wpfui-servoStudio\samples\Wpf.Ui.servoStudio\servoStudio_wjhet5xd_wpftmp.csproj]
C:\UserWorx\VSWorx\ServoStudio\wpfui-servoStudio\samples\Wpf.Ui.servoStudio\ViewModels\Motion\MotionTypeViewModel.cs(1356,9): warning IDE0011: 鍚?鈥渋f鈥?璇彞娣诲姞澶ф嫭鍙枫€?(https://learn.microsoft.com/dotnet/fundamentals/code-analysis/style-rules/ide0011) [C:\UserWorx\VSWorx\ServoStudio\wpfui-servoStudio\samples\Wpf.Ui.servoStudio\servoStudio_wjhet5xd_wpftmp.csproj]
C:\UserWorx\VSWorx\ServoStudio\wpfui-servoStudio\samples\Wpf.Ui.servoStudio\ViewModels\Motion\MotionProfileViewModel.cs(375,43): warning IDE0055: 淇鏍煎紡 (https://learn.microsoft.com/dotnet/fundamentals/code-analysis/style-rules/ide0055) [C:\UserWorx\VSWorx\ServoStudio\wpfui-servoStudio\samples\Wpf.Ui.servoStudio\servoStudio_wjhet5xd_wpftmp.csproj]
C:\UserWorx\VSWorx\ServoStudio\wpfui-servoStudio\samples\Wpf.Ui.servoStudio\ViewModels\Motion\MotionProfileViewModel.cs(375,45): warning IDE0055: 淇鏍煎紡 (https://learn.microsoft.com/dotnet/fundamentals/code-analysis/style-rules/ide0055) [C:\UserWorx\VSWorx\ServoStudio\wpfui-servoStudio\samples\Wpf.Ui.servoStudio\servoStudio_wjhet5xd_wpftmp.csproj]
C:\UserWorx\VSWorx\ServoStudio\wpfui-servoStudio\samples\Wpf.Ui.servoStudio\ViewModels\Motion\MotionTypeViewModel.cs(1364,9): warning IDE0011: 鍚?鈥渋f鈥?璇彞娣诲姞澶ф嫭鍙枫€?(https://learn.microsoft.com/dotnet/fundamentals/code-analysis/style-rules/ide0011) [C:\UserWorx\VSWorx\ServoStudio\wpfui-servoStudio\samples\Wpf.Ui.servoStudio\servoStudio_wjhet5xd_wpftmp.csproj]
C:\UserWorx\VSWorx\ServoStudio\wpfui-servoStudio\samples\Wpf.Ui.servoStudio\ViewModels\AppData\PidAdjustViewModel.cs(40,9): warning IDE0011: 鍚?鈥渋f鈥?璇彞娣诲姞澶ф嫭鍙枫€?(https://learn.microsoft.com/dotnet/fundamentals/code-analysis/style-rules/ide0011) [C:\UserWorx\VSWorx\ServoStudio\wpfui-servoStudio\samples\Wpf.Ui.servoStudio\servoStudio_wjhet5xd_wpftmp.csproj]
C:\UserWorx\VSWorx\ServoStudio\wpfui-servoStudio\samples\Wpf.Ui.servoStudio\Views\Pages\AppDataPages\AppLogPage.xaml.cs(110,13): warning IDE0011: 鍚?鈥渋f鈥?璇彞娣诲姞澶ф嫭鍙枫€?(https://learn.microsoft.com/dotnet/fundamentals/code-analysis/style-rules/ide0011) [C:\UserWorx\VSWorx\ServoStudio\wpfui-servoStudio\samples\Wpf.Ui.servoStudio\servoStudio_wjhet5xd_wpftmp.csproj]
C:\UserWorx\VSWorx\ServoStudio\wpfui-servoStudio\samples\Wpf.Ui.servoStudio\Views\Pages\AppDataPages\AppLogPage.xaml.cs(114,13): warning IDE0011: 鍚?鈥渋f鈥?璇彞娣诲姞澶ф嫭鍙枫€?(https://learn.microsoft.com/dotnet/fundamentals/code-analysis/style-rules/ide0011) [C:\UserWorx\VSWorx\ServoStudio\wpfui-servoStudio\samples\Wpf.Ui.servoStudio\servoStudio_wjhet5xd_wpftmp.csproj]
C:\UserWorx\VSWorx\ServoStudio\wpfui-servoStudio\samples\Wpf.Ui.servoStudio\Views\Pages\AppDataPages\AppLogPage.xaml.cs(123,17): warning IDE0011: 鍚?鈥渋f鈥?璇彞娣诲姞澶ф嫭鍙枫€?(https://learn.microsoft.com/dotnet/fundamentals/code-analysis/style-rules/ide0011) [C:\UserWorx\VSWorx\ServoStudio\wpfui-servoStudio\samples\Wpf.Ui.servoStudio\servoStudio_wjhet5xd_wpftmp.csproj]
C:\UserWorx\VSWorx\ServoStudio\wpfui-servoStudio\samples\Wpf.Ui.servoStudio\ViewModels\Motion\MotionTypeViewModel.cs(1372,9): warning IDE0011: 鍚?鈥渋f鈥?璇彞娣诲姞澶ф嫭鍙枫€?(https://learn.microsoft.com/dotnet/fundamentals/code-analysis/style-rules/ide0011) [C:\UserWorx\VSWorx\ServoStudio\wpfui-servoStudio\samples\Wpf.Ui.servoStudio\servoStudio_wjhet5xd_wpftmp.csproj]
C:\UserWorx\VSWorx\ServoStudio\wpfui-servoStudio\samples\Wpf.Ui.servoStudio\ViewModels\Motion\MotionTypeViewModel.cs(1374,9): warning IDE0011: 鍚?鈥渋f鈥?璇彞娣诲姞澶ф嫭鍙枫€?(https://learn.microsoft.com/dotnet/fundamentals/code-analysis/style-rules/ide0011) [C:\UserWorx\VSWorx\ServoStudio\wpfui-servoStudio\samples\Wpf.Ui.servoStudio\servoStudio_wjhet5xd_wpftmp.csproj]
C:\UserWorx\VSWorx\ServoStudio\wpfui-servoStudio\samples\Wpf.Ui.servoStudio\ViewModels\Motion\MotionTypeViewModel.cs(1376,9): warning IDE0011: 鍚?鈥渋f鈥?璇彞娣诲姞澶ф嫭鍙枫€?(https://learn.microsoft.com/dotnet/fundamentals/code-analysis/style-rules/ide0011) [C:\UserWorx\VSWorx\ServoStudio\wpfui-servoStudio\samples\Wpf.Ui.servoStudio\servoStudio_wjhet5xd_wpftmp.csproj]
C:\UserWorx\VSWorx\ServoStudio\wpfui-servoStudio\samples\Wpf.Ui.servoStudio\ViewModels\Motion\MotionTypeViewModel.cs(1378,9): warning IDE0011: 鍚?鈥渋f鈥?璇彞娣诲姞澶ф嫭鍙枫€?(https://learn.microsoft.com/dotnet/fundamentals/code-analysis/style-rules/ide0011) [C:\UserWorx\VSWorx\ServoStudio\wpfui-servoStudio\samples\Wpf.Ui.servoStudio\servoStudio_wjhet5xd_wpftmp.csproj]
C:\UserWorx\VSWorx\ServoStudio\wpfui-servoStudio\samples\Wpf.Ui.servoStudio\ViewModels\AppData\PidAdjustViewModel.cs(40,39): warning IDE0058: 姘歌繙涓嶄細浣跨敤琛ㄨ揪寮忓€?(https://learn.microsoft.com/dotnet/fundamentals/code-analysis/style-rules/ide0058) [C:\UserWorx\VSWorx\ServoStudio\wpfui-servoStudio\samples\Wpf.Ui.servoStudio\servoStudio_wjhet5xd_wpftmp.csproj]
C:\UserWorx\VSWorx\ServoStudio\wpfui-servoStudio\samples\Wpf.Ui.servoStudio\ViewModels\Motion\MotionTypeViewModel.cs(1386,9): warning IDE0011: 鍚?鈥渋f鈥?璇彞娣诲姞澶ф嫭鍙枫€?(https://learn.microsoft.com/dotnet/fundamentals/code-analysis/style-rules/ide0011) [C:\UserWorx\VSWorx\ServoStudio\wpfui-servoStudio\samples\Wpf.Ui.servoStudio\servoStudio_wjhet5xd_wpftmp.csproj]
C:\UserWorx\VSWorx\ServoStudio\wpfui-servoStudio\samples\Wpf.Ui.servoStudio\ViewModels\Motion\MotionTypeViewModel.cs(1388,9): warning IDE0011: 鍚?鈥渋f鈥?璇彞娣诲姞澶ф嫭鍙枫€?(https://learn.microsoft.com/dotnet/fundamentals/code-analysis/style-rules/ide0011) [C:\UserWorx\VSWorx\ServoStudio\wpfui-servoStudio\samples\Wpf.Ui.servoStudio\servoStudio_wjhet5xd_wpftmp.csproj]
C:\UserWorx\VSWorx\ServoStudio\wpfui-servoStudio\samples\Wpf.Ui.servoStudio\ViewModels\Motion\MotionTypeViewModel.cs(1390,9): warning IDE0011: 鍚?鈥渋f鈥?璇彞娣诲姞澶ф嫭鍙枫€?(https://learn.microsoft.com/dotnet/fundamentals/code-analysis/style-rules/ide0011) [C:\UserWorx\VSWorx\ServoStudio\wpfui-servoStudio\samples\Wpf.Ui.servoStudio\servoStudio_wjhet5xd_wpftmp.csproj]
C:\UserWorx\VSWorx\ServoStudio\wpfui-servoStudio\samples\Wpf.Ui.servoStudio\ViewModels\Hardware\ControllerViewModel.cs(292,9): warning IDE0011: 鍚?鈥渋f鈥?璇彞娣诲姞澶ф嫭鍙枫€?(https://learn.microsoft.com/dotnet/fundamentals/code-analysis/style-rules/ide0011) [C:\UserWorx\VSWorx\ServoStudio\wpfui-servoStudio\samples\Wpf.Ui.servoStudio\servoStudio_wjhet5xd_wpftmp.csproj]
C:\UserWorx\VSWorx\ServoStudio\wpfui-servoStudio\samples\Wpf.Ui.servoStudio\Views\Pages\AppDataPages\AppLogPage.xaml.cs(135,9): warning IDE0011: 鍚?鈥渋f鈥?璇彞娣诲姞澶ф嫭鍙枫€?(https://learn.microsoft.com/dotnet/fundamentals/code-analysis/style-rules/ide0011) [C:\UserWorx\VSWorx\ServoStudio\wpfui-servoStudio\samples\Wpf.Ui.servoStudio\servoStudio_wjhet5xd_wpftmp.csproj]
C:\UserWorx\VSWorx\ServoStudio\wpfui-servoStudio\samples\Wpf.Ui.servoStudio\Views\Pages\AppDataPages\AppLogPage.xaml.cs(139,9): warning IDE0011: 鍚?鈥渋f鈥?璇彞娣诲姞澶ф嫭鍙枫€?(https://learn.microsoft.com/dotnet/fundamentals/code-analysis/style-rules/ide0011) [C:\UserWorx\VSWorx\ServoStudio\wpfui-servoStudio\samples\Wpf.Ui.servoStudio\servoStudio_wjhet5xd_wpftmp.csproj]
C:\UserWorx\VSWorx\ServoStudio\wpfui-servoStudio\samples\Wpf.Ui.servoStudio\Services\DataFrameLogger.cs(256,9): warning IDE0011: 鍚?鈥渋f鈥?璇彞娣诲姞澶ф嫭鍙枫€?(https://learn.microsoft.com/dotnet/fundamentals/code-analysis/style-rules/ide0011) [C:\UserWorx\VSWorx\ServoStudio\wpfui-servoStudio\samples\Wpf.Ui.servoStudio\servoStudio_wjhet5xd_wpftmp.csproj]
C:\UserWorx\VSWorx\ServoStudio\wpfui-servoStudio\samples\Wpf.Ui.servoStudio\Services\DataFrameLogger.cs(278,9): warning IDE0011: 鍚?鈥渋f鈥?璇彞娣诲姞澶ф嫭鍙枫€?(https://learn.microsoft.com/dotnet/fundamentals/code-analysis/style-rules/ide0011) [C:\UserWorx\VSWorx\ServoStudio\wpfui-servoStudio\samples\Wpf.Ui.servoStudio\servoStudio_wjhet5xd_wpftmp.csproj]
C:\UserWorx\VSWorx\ServoStudio\wpfui-servoStudio\samples\Wpf.Ui.servoStudio\ViewModels\DeviceSet\DeviceAddViewModel.cs(1696,9): warning IDE0011: 鍚?鈥渋f鈥?璇彞娣诲姞澶ф嫭鍙枫€?(https://learn.microsoft.com/dotnet/fundamentals/code-analysis/style-rules/ide0011) [C:\UserWorx\VSWorx\ServoStudio\wpfui-servoStudio\samples\Wpf.Ui.servoStudio\servoStudio_wjhet5xd_wpftmp.csproj]
C:\UserWorx\VSWorx\ServoStudio\wpfui-servoStudio\samples\Wpf.Ui.servoStudio\ViewModels\DeviceSet\DeviceAddViewModel.cs(1698,9): warning IDE0011: 鍚?鈥渋f鈥?璇彞娣诲姞澶ф嫭鍙枫€?(https://learn.microsoft.com/dotnet/fundamentals/code-analysis/style-rules/ide0011) [C:\UserWorx\VSWorx\ServoStudio\wpfui-servoStudio\samples\Wpf.Ui.servoStudio\servoStudio_wjhet5xd_wpftmp.csproj]
C:\UserWorx\VSWorx\ServoStudio\wpfui-servoStudio\samples\Wpf.Ui.servoStudio\ViewModels\DeviceSet\DeviceAddViewModel.cs(1707,17): warning IDE0011: 鍚?鈥渋f鈥?璇彞娣诲姞澶ф嫭鍙枫€?(https://learn.microsoft.com/dotnet/fundamentals/code-analysis/style-rules/ide0011) [C:\UserWorx\VSWorx\ServoStudio\wpfui-servoStudio\samples\Wpf.Ui.servoStudio\servoStudio_wjhet5xd_wpftmp.csproj]
C:\UserWorx\VSWorx\ServoStudio\wpfui-servoStudio\samples\Wpf.Ui.servoStudio\ViewModels\DeviceSet\DeviceAddViewModel.cs(1712,17): warning IDE0011: 鍚?鈥渋f鈥?璇彞娣诲姞澶ф嫭鍙枫€?(https://learn.microsoft.com/dotnet/fundamentals/code-analysis/style-rules/ide0011) [C:\UserWorx\VSWorx\ServoStudio\wpfui-servoStudio\samples\Wpf.Ui.servoStudio\servoStudio_wjhet5xd_wpftmp.csproj]
C:\UserWorx\VSWorx\ServoStudio\wpfui-servoStudio\samples\Wpf.Ui.servoStudio\ViewModels\DeviceSet\DeviceAddViewModel.cs(1725,17): warning IDE0011: 鍚?鈥渋f鈥?璇彞娣诲姞澶ф嫭鍙枫€?(https://learn.microsoft.com/dotnet/fundamentals/code-analysis/style-rules/ide0011) [C:\UserWorx\VSWorx\ServoStudio\wpfui-servoStudio\samples\Wpf.Ui.servoStudio\servoStudio_wjhet5xd_wpftmp.csproj]
C:\UserWorx\VSWorx\ServoStudio\wpfui-servoStudio\samples\Wpf.Ui.servoStudio\ViewModels\DeviceSet\DeviceAddViewModel.cs(1737,13): warning IDE0011: 鍚?鈥渋f鈥?璇彞娣诲姞澶ф嫭鍙枫€?(https://learn.microsoft.com/dotnet/fundamentals/code-analysis/style-rules/ide0011) [C:\UserWorx\VSWorx\ServoStudio\wpfui-servoStudio\samples\Wpf.Ui.servoStudio\servoStudio_wjhet5xd_wpftmp.csproj]
C:\UserWorx\VSWorx\ServoStudio\wpfui-servoStudio\samples\Wpf.Ui.servoStudio\ViewModels\DeviceSet\DeviceAddViewModel.cs(1759,13): warning IDE0011: 鍚?鈥渋f鈥?璇彞娣诲姞澶ф嫭鍙枫€?(https://learn.microsoft.com/dotnet/fundamentals/code-analysis/style-rules/ide0011) [C:\UserWorx\VSWorx\ServoStudio\wpfui-servoStudio\samples\Wpf.Ui.servoStudio\servoStudio_wjhet5xd_wpftmp.csproj]
C:\UserWorx\VSWorx\ServoStudio\wpfui-servoStudio\samples\Wpf.Ui.servoStudio\ViewModels\DeviceSet\DeviceAddViewModel.cs(1695,9): warning IDE0008: 鐢ㄦ樉寮忕被鍨嬩唬鏇?"var" (https://learn.microsoft.com/dotnet/fundamentals/code-analysis/style-rules/ide0008) [C:\UserWorx\VSWorx\ServoStudio\wpfui-servoStudio\samples\Wpf.Ui.servoStudio\servoStudio_wjhet5xd_wpftmp.csproj]
C:\UserWorx\VSWorx\ServoStudio\wpfui-servoStudio\samples\Wpf.Ui.servoStudio\ViewModels\DeviceSet\DeviceAddViewModel.cs(1705,13): warning IDE0008: 鐢ㄦ樉寮忕被鍨嬩唬鏇?"var" (https://learn.microsoft.com/dotnet/fundamentals/code-analysis/style-rules/ide0008) [C:\UserWorx\VSWorx\ServoStudio\wpfui-servoStudio\samples\Wpf.Ui.servoStudio\servoStudio_wjhet5xd_wpftmp.csproj]
C:\UserWorx\VSWorx\ServoStudio\wpfui-servoStudio\samples\Wpf.Ui.servoStudio\Views\Pages\AppDataPages\DataViewPage.xaml.cs(729,13): warning IDE0008: 鐢ㄦ樉寮忕被鍨嬩唬鏇?"var" (https://learn.microsoft.com/dotnet/fundamentals/code-analysis/style-rules/ide0008) [C:\UserWorx\VSWorx\ServoStudio\wpfui-servoStudio\samples\Wpf.Ui.servoStudio\servoStudio_wjhet5xd_wpftmp.csproj]
C:\UserWorx\VSWorx\ServoStudio\wpfui-servoStudio\samples\Wpf.Ui.servoStudio\ViewModels\Motion\MotionTypeViewModel.cs(1402,13): warning IDE0011: 鍚?鈥渋f鈥?璇彞娣诲姞澶ф嫭鍙枫€?(https://learn.microsoft.com/dotnet/fundamentals/code-analysis/style-rules/ide0011) [C:\UserWorx\VSWorx\ServoStudio\wpfui-servoStudio\samples\Wpf.Ui.servoStudio\servoStudio_wjhet5xd_wpftmp.csproj]
C:\UserWorx\VSWorx\ServoStudio\wpfui-servoStudio\samples\Wpf.Ui.servoStudio\ViewModels\Motion\MotionTypeViewModel.cs(1406,9): warning IDE0011: 鍚?鈥渋f鈥?璇彞娣诲姞澶ф嫭鍙枫€?(https://learn.microsoft.com/dotnet/fundamentals/code-analysis/style-rules/ide0011) [C:\UserWorx\VSWorx\ServoStudio\wpfui-servoStudio\samples\Wpf.Ui.servoStudio\servoStudio_wjhet5xd_wpftmp.csproj]
C:\UserWorx\VSWorx\ServoStudio\wpfui-servoStudio\samples\Wpf.Ui.servoStudio\ViewModels\Motion\MotionTypeViewModel.cs(1408,9): warning IDE0011: 鍚?鈥渋f鈥?璇彞娣诲姞澶ф嫭鍙枫€?(https://learn.microsoft.com/dotnet/fundamentals/code-analysis/style-rules/ide0011) [C:\UserWorx\VSWorx\ServoStudio\wpfui-servoStudio\samples\Wpf.Ui.servoStudio\servoStudio_wjhet5xd_wpftmp.csproj]
C:\UserWorx\VSWorx\ServoStudio\wpfui-servoStudio\samples\Wpf.Ui.servoStudio\ViewModels\Motion\MotionTypeViewModel.cs(1410,9): warning IDE0011: 鍚?鈥渋f鈥?璇彞娣诲姞澶ф嫭鍙枫€?(https://learn.microsoft.com/dotnet/fundamentals/code-analysis/style-rules/ide0011) [C:\UserWorx\VSWorx\ServoStudio\wpfui-servoStudio\samples\Wpf.Ui.servoStudio\servoStudio_wjhet5xd_wpftmp.csproj]
C:\UserWorx\VSWorx\ServoStudio\wpfui-servoStudio\samples\Wpf.Ui.servoStudio\ViewModels\Motion\MotionTypeViewModel.cs(1423,9): warning IDE0011: 鍚?鈥渋f鈥?璇彞娣诲姞澶ф嫭鍙枫€?(https://learn.microsoft.com/dotnet/fundamentals/code-analysis/style-rules/ide0011) [C:\UserWorx\VSWorx\ServoStudio\wpfui-servoStudio\samples\Wpf.Ui.servoStudio\servoStudio_wjhet5xd_wpftmp.csproj]
C:\UserWorx\VSWorx\ServoStudio\wpfui-servoStudio\samples\Wpf.Ui.servoStudio\ViewModels\DeviceSet\DeviceAddViewModel.cs(1767,13): warning IDE0058: 姘歌繙涓嶄細浣跨敤琛ㄨ揪寮忓€?(https://learn.microsoft.com/dotnet/fundamentals/code-analysis/style-rules/ide0058) [C:\UserWorx\VSWorx\ServoStudio\wpfui-servoStudio\samples\Wpf.Ui.servoStudio\servoStudio_wjhet5xd_wpftmp.csproj]
C:\UserWorx\VSWorx\ServoStudio\wpfui-servoStudio\samples\Wpf.Ui.servoStudio\ViewModels\Motion\MotionTypeViewModel.cs(1431,9): warning IDE0011: 鍚?鈥渋f鈥?璇彞娣诲姞澶ф嫭鍙枫€?(https://learn.microsoft.com/dotnet/fundamentals/code-analysis/style-rules/ide0011) [C:\UserWorx\VSWorx\ServoStudio\wpfui-servoStudio\samples\Wpf.Ui.servoStudio\servoStudio_wjhet5xd_wpftmp.csproj]
C:\UserWorx\VSWorx\ServoStudio\wpfui-servoStudio\samples\Wpf.Ui.servoStudio\ViewModels\Motion\MotionTypeViewModel.cs(1433,9): warning IDE0011: 鍚?鈥渋f鈥?璇彞娣诲姞澶ф嫭鍙枫€?(https://learn.microsoft.com/dotnet/fundamentals/code-analysis/style-rules/ide0011) [C:\UserWorx\VSWorx\ServoStudio\wpfui-servoStudio\samples\Wpf.Ui.servoStudio\servoStudio_wjhet5xd_wpftmp.csproj]
C:\UserWorx\VSWorx\ServoStudio\wpfui-servoStudio\samples\Wpf.Ui.servoStudio\ViewModels\Motion\MotionTypeViewModel.cs(1435,9): warning IDE0011: 鍚?鈥渋f鈥?璇彞娣诲姞澶ф嫭鍙枫€?(https://learn.microsoft.com/dotnet/fundamentals/code-analysis/style-rules/ide0011) [C:\UserWorx\VSWorx\ServoStudio\wpfui-servoStudio\samples\Wpf.Ui.servoStudio\servoStudio_wjhet5xd_wpftmp.csproj]
C:\UserWorx\VSWorx\ServoStudio\wpfui-servoStudio\samples\Wpf.Ui.servoStudio\ViewModels\Motion\MotionTypeViewModel.cs(1437,9): warning IDE0011: 鍚?鈥渋f鈥?璇彞娣诲姞澶ф嫭鍙枫€?(https://learn.microsoft.com/dotnet/fundamentals/code-analysis/style-rules/ide0011) [C:\UserWorx\VSWorx\ServoStudio\wpfui-servoStudio\samples\Wpf.Ui.servoStudio\servoStudio_wjhet5xd_wpftmp.csproj]
C:\UserWorx\VSWorx\ServoStudio\wpfui-servoStudio\samples\Wpf.Ui.servoStudio\ViewModels\Motion\MotionTypeViewModel.cs(1439,9): warning IDE0011: 鍚?鈥渋f鈥?璇彞娣诲姞澶ф嫭鍙枫€?(https://learn.microsoft.com/dotnet/fundamentals/code-analysis/style-rules/ide0011) [C:\UserWorx\VSWorx\ServoStudio\wpfui-servoStudio\samples\Wpf.Ui.servoStudio\servoStudio_wjhet5xd_wpftmp.csproj]
C:\UserWorx\VSWorx\ServoStudio\wpfui-servoStudio\samples\Wpf.Ui.servoStudio\ViewModels\Motion\MotionTypeViewModel.cs(1441,9): warning IDE0011: 鍚?鈥渋f鈥?璇彞娣诲姞澶ф嫭鍙枫€?(https://learn.microsoft.com/dotnet/fundamentals/code-analysis/style-rules/ide0011) [C:\UserWorx\VSWorx\ServoStudio\wpfui-servoStudio\samples\Wpf.Ui.servoStudio\servoStudio_wjhet5xd_wpftmp.csproj]
C:\UserWorx\VSWorx\ServoStudio\wpfui-servoStudio\samples\Wpf.Ui.servoStudio\Services\DataFrameLogger.cs(313,9): warning IDE0011: 鍚?鈥渋f鈥?璇彞娣诲姞澶ф嫭鍙枫€?(https://learn.microsoft.com/dotnet/fundamentals/code-analysis/style-rules/ide0011) [C:\UserWorx\VSWorx\ServoStudio\wpfui-servoStudio\samples\Wpf.Ui.servoStudio\servoStudio_wjhet5xd_wpftmp.csproj]
C:\UserWorx\VSWorx\ServoStudio\wpfui-servoStudio\samples\Wpf.Ui.servoStudio\ViewModels\Motion\MotionTypeViewModel.cs(1449,9): warning IDE0011: 鍚?鈥渋f鈥?璇彞娣诲姞澶ф嫭鍙枫€?(https://learn.microsoft.com/dotnet/fundamentals/code-analysis/style-rules/ide0011) [C:\UserWorx\VSWorx\ServoStudio\wpfui-servoStudio\samples\Wpf.Ui.servoStudio\servoStudio_wjhet5xd_wpftmp.csproj]
C:\UserWorx\VSWorx\ServoStudio\wpfui-servoStudio\samples\Wpf.Ui.servoStudio\ViewModels\Motion\MotionTypeViewModel.cs(1451,9): warning IDE0011: 鍚?鈥渋f鈥?璇彞娣诲姞澶ф嫭鍙枫€?(https://learn.microsoft.com/dotnet/fundamentals/code-analysis/style-rules/ide0011) [C:\UserWorx\VSWorx\ServoStudio\wpfui-servoStudio\samples\Wpf.Ui.servoStudio\servoStudio_wjhet5xd_wpftmp.csproj]
C:\UserWorx\VSWorx\ServoStudio\wpfui-servoStudio\samples\Wpf.Ui.servoStudio\ViewModels\Motion\MotionTypeViewModel.cs(1453,9): warning IDE0011: 鍚?鈥渋f鈥?璇彞娣诲姞澶ф嫭鍙枫€?(https://learn.microsoft.com/dotnet/fundamentals/code-analysis/style-rules/ide0011) [C:\UserWorx\VSWorx\ServoStudio\wpfui-servoStudio\samples\Wpf.Ui.servoStudio\servoStudio_wjhet5xd_wpftmp.csproj]
C:\UserWorx\VSWorx\ServoStudio\wpfui-servoStudio\samples\Wpf.Ui.servoStudio\ViewModels\Motion\MotionTypeViewModel.cs(1455,9): warning IDE0011: 鍚?鈥渋f鈥?璇彞娣诲姞澶ф嫭鍙枫€?(https://learn.microsoft.com/dotnet/fundamentals/code-analysis/style-rules/ide0011) [C:\UserWorx\VSWorx\ServoStudio\wpfui-servoStudio\samples\Wpf.Ui.servoStudio\servoStudio_wjhet5xd_wpftmp.csproj]
C:\UserWorx\VSWorx\ServoStudio\wpfui-servoStudio\samples\Wpf.Ui.servoStudio\ViewModels\Firmware\EcatEepromViewModel.cs(316,13): warning IDE0011: 鍚?鈥渋f鈥?璇彞娣诲姞澶ф嫭鍙枫€?(https://learn.microsoft.com/dotnet/fundamentals/code-analysis/style-rules/ide0011) [C:\UserWorx\VSWorx\ServoStudio\wpfui-servoStudio\samples\Wpf.Ui.servoStudio\servoStudio_wjhet5xd_wpftmp.csproj]
C:\UserWorx\VSWorx\ServoStudio\wpfui-servoStudio\samples\Wpf.Ui.servoStudio\ViewModels\Firmware\EcatEepromViewModel.cs(323,21): warning IDE0011: 鍚?鈥渋f鈥?璇彞娣诲姞澶ф嫭鍙枫€?(https://learn.microsoft.com/dotnet/fundamentals/code-analysis/style-rules/ide0011) [C:\UserWorx\VSWorx\ServoStudio\wpfui-servoStudio\samples\Wpf.Ui.servoStudio\servoStudio_wjhet5xd_wpftmp.csproj]
C:\UserWorx\VSWorx\ServoStudio\wpfui-servoStudio\samples\Wpf.Ui.servoStudio\ViewModels\Motion\MotionTypeViewModel.cs(1463,9): warning IDE0011: 鍚?鈥渋f鈥?璇彞娣诲姞澶ф嫭鍙枫€?(https://learn.microsoft.com/dotnet/fundamentals/code-analysis/style-rules/ide0011) [C:\UserWorx\VSWorx\ServoStudio\wpfui-servoStudio\samples\Wpf.Ui.servoStudio\servoStudio_wjhet5xd_wpftmp.csproj]
C:\UserWorx\VSWorx\ServoStudio\wpfui-servoStudio\samples\Wpf.Ui.servoStudio\ViewModels\Motion\MotionTypeViewModel.cs(1465,9): warning IDE0011: 鍚?鈥渋f鈥?璇彞娣诲姞澶ф嫭鍙枫€?(https://learn.microsoft.com/dotnet/fundamentals/code-analysis/style-rules/ide0011) [C:\UserWorx\VSWorx\ServoStudio\wpfui-servoStudio\samples\Wpf.Ui.servoStudio\servoStudio_wjhet5xd_wpftmp.csproj]
C:\UserWorx\VSWorx\ServoStudio\wpfui-servoStudio\samples\Wpf.Ui.servoStudio\ViewModels\Motion\MotionTypeViewModel.cs(1467,9): warning IDE0011: 鍚?鈥渋f鈥?璇彞娣诲姞澶ф嫭鍙枫€?(https://learn.microsoft.com/dotnet/fundamentals/code-analysis/style-rules/ide0011) [C:\UserWorx\VSWorx\ServoStudio\wpfui-servoStudio\samples\Wpf.Ui.servoStudio\servoStudio_wjhet5xd_wpftmp.csproj]
C:\UserWorx\VSWorx\ServoStudio\wpfui-servoStudio\samples\Wpf.Ui.servoStudio\Services\DataFrameLogger.cs(358,9): warning IDE0011: 鍚?鈥渋f鈥?璇彞娣诲姞澶ф嫭鍙枫€?(https://learn.microsoft.com/dotnet/fundamentals/code-analysis/style-rules/ide0011) [C:\UserWorx\VSWorx\ServoStudio\wpfui-servoStudio\samples\Wpf.Ui.servoStudio\servoStudio_wjhet5xd_wpftmp.csproj]
C:\UserWorx\VSWorx\ServoStudio\wpfui-servoStudio\samples\Wpf.Ui.servoStudio\Services\DataFrameLogger.cs(367,9): warning IDE0011: 鍚?鈥渋f鈥?璇彞娣诲姞澶ф嫭鍙枫€?(https://learn.microsoft.com/dotnet/fundamentals/code-analysis/style-rules/ide0011) [C:\UserWorx\VSWorx\ServoStudio\wpfui-servoStudio\samples\Wpf.Ui.servoStudio\servoStudio_wjhet5xd_wpftmp.csproj]
C:\UserWorx\VSWorx\ServoStudio\wpfui-servoStudio\samples\Wpf.Ui.servoStudio\Services\DataFrameLogger.cs(369,9): warning IDE0011: 鍚?鈥渋f鈥?璇彞娣诲姞澶ф嫭鍙枫€?(https://learn.microsoft.com/dotnet/fundamentals/code-analysis/style-rules/ide0011) [C:\UserWorx\VSWorx\ServoStudio\wpfui-servoStudio\samples\Wpf.Ui.servoStudio\servoStudio_wjhet5xd_wpftmp.csproj]
C:\UserWorx\VSWorx\ServoStudio\wpfui-servoStudio\samples\Wpf.Ui.servoStudio\Services\DataFrameLogger.cs(395,9): warning IDE0011: 鍚?鈥渋f鈥?璇彞娣诲姞澶ф嫭鍙枫€?(https://learn.microsoft.com/dotnet/fundamentals/code-analysis/style-rules/ide0011) [C:\UserWorx\VSWorx\ServoStudio\wpfui-servoStudio\samples\Wpf.Ui.servoStudio\servoStudio_wjhet5xd_wpftmp.csproj]
C:\UserWorx\VSWorx\ServoStudio\wpfui-servoStudio\samples\Wpf.Ui.servoStudio\Services\DataFrameLogger.cs(415,25): warning IDE0011: 鍚?鈥渋f鈥?璇彞娣诲姞澶ф嫭鍙枫€?(https://learn.microsoft.com/dotnet/fundamentals/code-analysis/style-rules/ide0011) [C:\UserWorx\VSWorx\ServoStudio\wpfui-servoStudio\samples\Wpf.Ui.servoStudio\servoStudio_wjhet5xd_wpftmp.csproj]
C:\UserWorx\VSWorx\ServoStudio\wpfui-servoStudio\samples\Wpf.Ui.servoStudio\Services\DataFrameLogger.cs(416,25): warning IDE0011: 鍚?鈥渆lse鈥?璇彞娣诲姞澶ф嫭鍙枫€?(https://learn.microsoft.com/dotnet/fundamentals/code-analysis/style-rules/ide0011) [C:\UserWorx\VSWorx\ServoStudio\wpfui-servoStudio\samples\Wpf.Ui.servoStudio\servoStudio_wjhet5xd_wpftmp.csproj]
C:\UserWorx\VSWorx\ServoStudio\wpfui-servoStudio\samples\Wpf.Ui.servoStudio\ViewModels\Hardware\ControllerViewModel.cs(379,9): warning IDE0058: 姘歌繙涓嶄細浣跨敤琛ㄨ揪寮忓€?(https://learn.microsoft.com/dotnet/fundamentals/code-analysis/style-rules/ide0058) [C:\UserWorx\VSWorx\ServoStudio\wpfui-servoStudio\samples\Wpf.Ui.servoStudio\servoStudio_wjhet5xd_wpftmp.csproj]
C:\UserWorx\VSWorx\ServoStudio\wpfui-servoStudio\samples\Wpf.Ui.servoStudio\ViewModels\Hardware\ControllerViewModel.cs(398,9): warning IDE0011: 鍚?鈥渋f鈥?璇彞娣诲姞澶ф嫭鍙枫€?(https://learn.microsoft.com/dotnet/fundamentals/code-analysis/style-rules/ide0011) [C:\UserWorx\VSWorx\ServoStudio\wpfui-servoStudio\samples\Wpf.Ui.servoStudio\servoStudio_wjhet5xd_wpftmp.csproj]
C:\UserWorx\VSWorx\ServoStudio\wpfui-servoStudio\samples\Wpf.Ui.servoStudio\ViewModels\Hardware\ControllerViewModel.cs(400,9): warning IDE0011: 鍚?鈥渋f鈥?璇彞娣诲姞澶ф嫭鍙枫€?(https://learn.microsoft.com/dotnet/fundamentals/code-analysis/style-rules/ide0011) [C:\UserWorx\VSWorx\ServoStudio\wpfui-servoStudio\samples\Wpf.Ui.servoStudio\servoStudio_wjhet5xd_wpftmp.csproj]
C:\UserWorx\VSWorx\ServoStudio\wpfui-servoStudio\samples\Wpf.Ui.servoStudio\ViewModels\DeviceSet\DeviceAddViewModel.cs(1878,17): warning IDE0011: 鍚?鈥渋f鈥?璇彞娣诲姞澶ф嫭鍙枫€?(https://learn.microsoft.com/dotnet/fundamentals/code-analysis/style-rules/ide0011) [C:\UserWorx\VSWorx\ServoStudio\wpfui-servoStudio\samples\Wpf.Ui.servoStudio\servoStudio_wjhet5xd_wpftmp.csproj]
C:\UserWorx\VSWorx\ServoStudio\wpfui-servoStudio\samples\Wpf.Ui.servoStudio\ViewModels\DeviceSet\DeviceAddViewModel.cs(1885,17): warning IDE0011: 鍚?鈥渋f鈥?璇彞娣诲姞澶ф嫭鍙枫€?(https://learn.microsoft.com/dotnet/fundamentals/code-analysis/style-rules/ide0011) [C:\UserWorx\VSWorx\ServoStudio\wpfui-servoStudio\samples\Wpf.Ui.servoStudio\servoStudio_wjhet5xd_wpftmp.csproj]
C:\UserWorx\VSWorx\ServoStudio\wpfui-servoStudio\samples\Wpf.Ui.servoStudio\ViewModels\Hardware\ControllerViewModel.cs(445,9): warning IDE0008: 鐢ㄦ樉寮忕被鍨嬩唬鏇?"var" (https://learn.microsoft.com/dotnet/fundamentals/code-analysis/style-rules/ide0008) [C:\UserWorx\VSWorx\ServoStudio\wpfui-servoStudio\samples\Wpf.Ui.servoStudio\servoStudio_wjhet5xd_wpftmp.csproj]
C:\UserWorx\VSWorx\ServoStudio\wpfui-servoStudio\samples\Wpf.Ui.servoStudio\ViewModels\Hardware\ControllerViewModel.cs(446,9): warning IDE0008: 鐢ㄦ樉寮忕被鍨嬩唬鏇?"var" (https://learn.microsoft.com/dotnet/fundamentals/code-analysis/style-rules/ide0008) [C:\UserWorx\VSWorx\ServoStudio\wpfui-servoStudio\samples\Wpf.Ui.servoStudio\servoStudio_wjhet5xd_wpftmp.csproj]
C:\UserWorx\VSWorx\ServoStudio\wpfui-servoStudio\samples\Wpf.Ui.servoStudio\Services\DataFrameLogger.cs(41,27): warning CA2213: 鈥淒ataFrameLogger鈥濆寘鍚?IDisposable 绫诲瀷鈥淪treamWriter?鈥濈殑瀛楁鈥淿writer鈥濓紝浣嗕粠鏈繘琛岄噴鏀俱€傝鏇存敼鈥淒ataFrameLogger鈥濅笂鐨?Dispose 鏂规硶浠ュ姝ゅ瓧娈佃皟鐢?Close 鎴?Dispose銆?(https://learn.microsoft.com/dotnet/fundamentals/code-analysis/quality-rules/ca2213) [C:\UserWorx\VSWorx\ServoStudio\wpfui-servoStudio\samples\Wpf.Ui.servoStudio\servoStudio_wjhet5xd_wpftmp.csproj]
C:\UserWorx\VSWorx\ServoStudio\wpfui-servoStudio\samples\Wpf.Ui.servoStudio\ViewModels\Motion\MotionLimitViewModel.cs(72,13): warning IDE0011: 鍚?鈥渋f鈥?璇彞娣诲姞澶ф嫭鍙枫€?(https://learn.microsoft.com/dotnet/fundamentals/code-analysis/style-rules/ide0011) [C:\UserWorx\VSWorx\ServoStudio\wpfui-servoStudio\samples\Wpf.Ui.servoStudio\servoStudio_wjhet5xd_wpftmp.csproj]
C:\UserWorx\VSWorx\ServoStudio\wpfui-servoStudio\samples\Wpf.Ui.servoStudio\ViewModels\AppData\DataViewViewModel.cs(103,13): warning IDE0008: 鐢ㄦ樉寮忕被鍨嬩唬鏇?"var" (https://learn.microsoft.com/dotnet/fundamentals/code-analysis/style-rules/ide0008) [C:\UserWorx\VSWorx\ServoStudio\wpfui-servoStudio\samples\Wpf.Ui.servoStudio\servoStudio_wjhet5xd_wpftmp.csproj]
C:\UserWorx\VSWorx\ServoStudio\wpfui-servoStudio\samples\Wpf.Ui.servoStudio\ViewModels\Motion\MotionLimitViewModel.cs(86,13): warning IDE0011: 鍚?鈥渋f鈥?璇彞娣诲姞澶ф嫭鍙枫€?(https://learn.microsoft.com/dotnet/fundamentals/code-analysis/style-rules/ide0011) [C:\UserWorx\VSWorx\ServoStudio\wpfui-servoStudio\samples\Wpf.Ui.servoStudio\servoStudio_wjhet5xd_wpftmp.csproj]
C:\UserWorx\VSWorx\ServoStudio\wpfui-servoStudio\samples\Wpf.Ui.servoStudio\ViewModels\Motion\MotionLimitViewModel.cs(188,9): warning IDE0011: 鍚?鈥渋f鈥?璇彞娣诲姞澶ф嫭鍙枫€?(https://learn.microsoft.com/dotnet/fundamentals/code-analysis/style-rules/ide0011) [C:\UserWorx\VSWorx\ServoStudio\wpfui-servoStudio\samples\Wpf.Ui.servoStudio\servoStudio_wjhet5xd_wpftmp.csproj]
C:\UserWorx\VSWorx\ServoStudio\wpfui-servoStudio\samples\Wpf.Ui.servoStudio\ViewModels\DeviceSet\DeviceAddViewModel.cs(1995,13): warning IDE0011: 鍚?鈥渋f鈥?璇彞娣诲姞澶ф嫭鍙枫€?(https://learn.microsoft.com/dotnet/fundamentals/code-analysis/style-rules/ide0011) [C:\UserWorx\VSWorx\ServoStudio\wpfui-servoStudio\samples\Wpf.Ui.servoStudio\servoStudio_wjhet5xd_wpftmp.csproj]
C:\UserWorx\VSWorx\ServoStudio\wpfui-servoStudio\samples\Wpf.Ui.servoStudio\ViewModels\AppData\DataViewViewModel.cs(143,9): warning IDE0008: 鐢ㄦ樉寮忕被鍨嬩唬鏇?"var" (https://learn.microsoft.com/dotnet/fundamentals/code-analysis/style-rules/ide0008) [C:\UserWorx\VSWorx\ServoStudio\wpfui-servoStudio\samples\Wpf.Ui.servoStudio\servoStudio_wjhet5xd_wpftmp.csproj]
C:\UserWorx\VSWorx\ServoStudio\wpfui-servoStudio\samples\Wpf.Ui.servoStudio\ViewModels\Motion\MotionLimitViewModel.cs(216,13): warning IDE0011: 鍚?鈥渋f鈥?璇彞娣诲姞澶ф嫭鍙枫€?(https://learn.microsoft.com/dotnet/fundamentals/code-analysis/style-rules/ide0011) [C:\UserWorx\VSWorx\ServoStudio\wpfui-servoStudio\samples\Wpf.Ui.servoStudio\servoStudio_wjhet5xd_wpftmp.csproj]
C:\UserWorx\VSWorx\ServoStudio\wpfui-servoStudio\samples\Wpf.Ui.servoStudio\ViewModels\Motion\MotionLimitViewModel.cs(218,13): warning IDE0011: 鍚?鈥渋f鈥?璇彞娣诲姞澶ф嫭鍙枫€?(https://learn.microsoft.com/dotnet/fundamentals/code-analysis/style-rules/ide0011) [C:\UserWorx\VSWorx\ServoStudio\wpfui-servoStudio\samples\Wpf.Ui.servoStudio\servoStudio_wjhet5xd_wpftmp.csproj]
C:\UserWorx\VSWorx\ServoStudio\wpfui-servoStudio\samples\Wpf.Ui.servoStudio\ViewModels\Motion\MotionLimitViewModel.cs(207,9): warning IDE0058: 姘歌繙涓嶄細浣跨敤琛ㄨ揪寮忓€?(https://learn.microsoft.com/dotnet/fundamentals/code-analysis/style-rules/ide0058) [C:\UserWorx\VSWorx\ServoStudio\wpfui-servoStudio\samples\Wpf.Ui.servoStudio\servoStudio_wjhet5xd_wpftmp.csproj]
C:\UserWorx\VSWorx\ServoStudio\wpfui-servoStudio\samples\Wpf.Ui.servoStudio\ViewModels\Motion\MotionProfileViewModel.cs(31,13): warning IDE0011: 鍚?鈥渋f鈥?璇彞娣诲姞澶ф嫭鍙枫€?(https://learn.microsoft.com/dotnet/fundamentals/code-analysis/style-rules/ide0011) [C:\UserWorx\VSWorx\ServoStudio\wpfui-servoStudio\samples\Wpf.Ui.servoStudio\servoStudio_wjhet5xd_wpftmp.csproj]
C:\UserWorx\VSWorx\ServoStudio\wpfui-servoStudio\samples\Wpf.Ui.servoStudio\ViewModels\Motion\MotionProfileViewModel.cs(33,18): warning IDE0011: 鍚?鈥渋f鈥?璇彞娣诲姞澶ф嫭鍙枫€?(https://learn.microsoft.com/dotnet/fundamentals/code-analysis/style-rules/ide0011) [C:\UserWorx\VSWorx\ServoStudio\wpfui-servoStudio\samples\Wpf.Ui.servoStudio\servoStudio_wjhet5xd_wpftmp.csproj]
C:\UserWorx\VSWorx\ServoStudio\wpfui-servoStudio\samples\Wpf.Ui.servoStudio\ViewModels\Motion\MotionLimitViewModel.cs(655,9): warning IDE0011: 鍚?鈥渋f鈥?璇彞娣诲姞澶ф嫭鍙枫€?(https://learn.microsoft.com/dotnet/fundamentals/code-analysis/style-rules/ide0011) [C:\UserWorx\VSWorx\ServoStudio\wpfui-servoStudio\samples\Wpf.Ui.servoStudio\servoStudio_wjhet5xd_wpftmp.csproj]
C:\UserWorx\VSWorx\ServoStudio\wpfui-servoStudio\samples\Wpf.Ui.servoStudio\ViewModels\AppData\DataViewViewModel.cs(162,9): warning IDE0011: 鍚?鈥渋f鈥?璇彞娣诲姞澶ф嫭鍙枫€?(https://learn.microsoft.com/dotnet/fundamentals/code-analysis/style-rules/ide0011) [C:\UserWorx\VSWorx\ServoStudio\wpfui-servoStudio\samples\Wpf.Ui.servoStudio\servoStudio_wjhet5xd_wpftmp.csproj]
C:\UserWorx\VSWorx\ServoStudio\wpfui-servoStudio\samples\Wpf.Ui.servoStudio\ViewModels\AppData\DataViewViewModel.cs(164,9): warning IDE0011: 鍚?鈥渆lse鈥?璇彞娣诲姞澶ф嫭鍙枫€?(https://learn.microsoft.com/dotnet/fundamentals/code-analysis/style-rules/ide0011) [C:\UserWorx\VSWorx\ServoStudio\wpfui-servoStudio\samples\Wpf.Ui.servoStudio\servoStudio_wjhet5xd_wpftmp.csproj]
C:\UserWorx\VSWorx\ServoStudio\wpfui-servoStudio\samples\Wpf.Ui.servoStudio\ViewModels\AppData\DataViewViewModel.cs(161,9): warning IDE0008: 鐢ㄦ樉寮忕被鍨嬩唬鏇?"var" (https://learn.microsoft.com/dotnet/fundamentals/code-analysis/style-rules/ide0008) [C:\UserWorx\VSWorx\ServoStudio\wpfui-servoStudio\samples\Wpf.Ui.servoStudio\servoStudio_wjhet5xd_wpftmp.csproj]
C:\UserWorx\VSWorx\ServoStudio\wpfui-servoStudio\samples\Wpf.Ui.servoStudio\ViewModels\Motion\MotionProfileViewModel.cs(126,9): warning IDE0011: 鍚?鈥渋f鈥?璇彞娣诲姞澶ф嫭鍙枫€?(https://learn.microsoft.com/dotnet/fundamentals/code-analysis/style-rules/ide0011) [C:\UserWorx\VSWorx\ServoStudio\wpfui-servoStudio\samples\Wpf.Ui.servoStudio\servoStudio_wjhet5xd_wpftmp.csproj]
C:\UserWorx\VSWorx\ServoStudio\wpfui-servoStudio\samples\Wpf.Ui.servoStudio\ViewModels\Motion\MotionProfileViewModel.cs(128,9): warning IDE0011: 鍚?鈥渆lse鈥?璇彞娣诲姞澶ф嫭鍙枫€?(https://learn.microsoft.com/dotnet/fundamentals/code-analysis/style-rules/ide0011) [C:\UserWorx\VSWorx\ServoStudio\wpfui-servoStudio\samples\Wpf.Ui.servoStudio\servoStudio_wjhet5xd_wpftmp.csproj]
C:\UserWorx\VSWorx\ServoStudio\wpfui-servoStudio\samples\Wpf.Ui.servoStudio\ViewModels\AppData\DataViewViewModel.cs(163,13): warning IDE0058: 姘歌繙涓嶄細浣跨敤琛ㄨ揪寮忓€?(https://learn.microsoft.com/dotnet/fundamentals/code-analysis/style-rules/ide0058) [C:\UserWorx\VSWorx\ServoStudio\wpfui-servoStudio\samples\Wpf.Ui.servoStudio\servoStudio_wjhet5xd_wpftmp.csproj]
C:\UserWorx\VSWorx\ServoStudio\wpfui-servoStudio\samples\Wpf.Ui.servoStudio\ViewModels\Firmware\EcatEepromViewModel.cs(338,13): warning IDE0011: 鍚?鈥渋f鈥?璇彞娣诲姞澶ф嫭鍙枫€?(https://learn.microsoft.com/dotnet/fundamentals/code-analysis/style-rules/ide0011) [C:\UserWorx\VSWorx\ServoStudio\wpfui-servoStudio\samples\Wpf.Ui.servoStudio\servoStudio_wjhet5xd_wpftmp.csproj]
C:\UserWorx\VSWorx\ServoStudio\wpfui-servoStudio\samples\Wpf.Ui.servoStudio\ViewModels\Firmware\EcatEepromViewModel.cs(370,13): warning IDE0011: 鍚?鈥渋f鈥?璇彞娣诲姞澶ф嫭鍙枫€?(https://learn.microsoft.com/dotnet/fundamentals/code-analysis/style-rules/ide0011) [C:\UserWorx\VSWorx\ServoStudio\wpfui-servoStudio\samples\Wpf.Ui.servoStudio\servoStudio_wjhet5xd_wpftmp.csproj]
C:\UserWorx\VSWorx\ServoStudio\wpfui-servoStudio\samples\Wpf.Ui.servoStudio\ViewModels\AppData\DataViewViewModel.cs(216,13): warning IDE0008: 鐢ㄦ樉寮忕被鍨嬩唬鏇?"var" (https://learn.microsoft.com/dotnet/fundamentals/code-analysis/style-rules/ide0008) [C:\UserWorx\VSWorx\ServoStudio\wpfui-servoStudio\samples\Wpf.Ui.servoStudio\servoStudio_wjhet5xd_wpftmp.csproj]
C:\UserWorx\VSWorx\ServoStudio\wpfui-servoStudio\samples\Wpf.Ui.servoStudio\ViewModels\AppData\DataViewViewModel.cs(217,13): warning IDE0008: 鐢ㄦ樉寮忕被鍨嬩唬鏇?"var" (https://learn.microsoft.com/dotnet/fundamentals/code-analysis/style-rules/ide0008) [C:\UserWorx\VSWorx\ServoStudio\wpfui-servoStudio\samples\Wpf.Ui.servoStudio\servoStudio_wjhet5xd_wpftmp.csproj]
C:\UserWorx\VSWorx\ServoStudio\wpfui-servoStudio\samples\Wpf.Ui.servoStudio\ViewModels\AppData\DataViewViewModel.cs(218,13): warning IDE0058: 姘歌繙涓嶄細浣跨敤琛ㄨ揪寮忓€?(https://learn.microsoft.com/dotnet/fundamentals/code-analysis/style-rules/ide0058) [C:\UserWorx\VSWorx\ServoStudio\wpfui-servoStudio\samples\Wpf.Ui.servoStudio\servoStudio_wjhet5xd_wpftmp.csproj]
C:\UserWorx\VSWorx\ServoStudio\wpfui-servoStudio\samples\Wpf.Ui.servoStudio\ViewModels\AppData\DataViewViewModel.cs(219,13): warning IDE0058: 姘歌繙涓嶄細浣跨敤琛ㄨ揪寮忓€?(https://learn.microsoft.com/dotnet/fundamentals/code-analysis/style-rules/ide0058) [C:\UserWorx\VSWorx\ServoStudio\wpfui-servoStudio\samples\Wpf.Ui.servoStudio\servoStudio_wjhet5xd_wpftmp.csproj]
C:\UserWorx\VSWorx\ServoStudio\wpfui-servoStudio\samples\Wpf.Ui.servoStudio\ViewModels\AppData\DataViewViewModel.cs(220,13): warning IDE0058: 姘歌繙涓嶄細浣跨敤琛ㄨ揪寮忓€?(https://learn.microsoft.com/dotnet/fundamentals/code-analysis/style-rules/ide0058) [C:\UserWorx\VSWorx\ServoStudio\wpfui-servoStudio\samples\Wpf.Ui.servoStudio\servoStudio_wjhet5xd_wpftmp.csproj]
C:\UserWorx\VSWorx\ServoStudio\wpfui-servoStudio\samples\Wpf.Ui.servoStudio\ViewModels\AppData\DataViewViewModel.cs(221,13): warning IDE0058: 姘歌繙涓嶄細浣跨敤琛ㄨ揪寮忓€?(https://learn.microsoft.com/dotnet/fundamentals/code-analysis/style-rules/ide0058) [C:\UserWorx\VSWorx\ServoStudio\wpfui-servoStudio\samples\Wpf.Ui.servoStudio\servoStudio_wjhet5xd_wpftmp.csproj]
C:\UserWorx\VSWorx\ServoStudio\wpfui-servoStudio\samples\Wpf.Ui.servoStudio\ViewModels\Motion\MotionProfileViewModel.cs(244,9): warning IDE0011: 鍚?鈥渋f鈥?璇彞娣诲姞澶ф嫭鍙枫€?(https://learn.microsoft.com/dotnet/fundamentals/code-analysis/style-rules/ide0011) [C:\UserWorx\VSWorx\ServoStudio\wpfui-servoStudio\samples\Wpf.Ui.servoStudio\servoStudio_wjhet5xd_wpftmp.csproj]
C:\UserWorx\VSWorx\ServoStudio\wpfui-servoStudio\samples\Wpf.Ui.servoStudio\ViewModels\Motion\MotionProfileViewModel.cs(253,9): warning IDE0011: 鍚?鈥渋f鈥?璇彞娣诲姞澶ф嫭鍙枫€?(https://learn.microsoft.com/dotnet/fundamentals/code-analysis/style-rules/ide0011) [C:\UserWorx\VSWorx\ServoStudio\wpfui-servoStudio\samples\Wpf.Ui.servoStudio\servoStudio_wjhet5xd_wpftmp.csproj]
C:\UserWorx\VSWorx\ServoStudio\wpfui-servoStudio\samples\Wpf.Ui.servoStudio\ViewModels\DeviceSet\DeviceAddViewModel.cs(2039,9): warning IDE0011: 鍚?鈥渋f鈥?璇彞娣诲姞澶ф嫭鍙枫€?(https://learn.microsoft.com/dotnet/fundamentals/code-analysis/style-rules/ide0011) [C:\UserWorx\VSWorx\ServoStudio\wpfui-servoStudio\samples\Wpf.Ui.servoStudio\servoStudio_wjhet5xd_wpftmp.csproj]
C:\UserWorx\VSWorx\ServoStudio\wpfui-servoStudio\samples\Wpf.Ui.servoStudio\ViewModels\DeviceSet\DeviceAddViewModel.cs(2065,9): warning IDE0011: 鍚?鈥渋f鈥?璇彞娣诲姞澶ф嫭鍙枫€?(https://learn.microsoft.com/dotnet/fundamentals/code-analysis/style-rules/ide0011) [C:\UserWorx\VSWorx\ServoStudio\wpfui-servoStudio\samples\Wpf.Ui.servoStudio\servoStudio_wjhet5xd_wpftmp.csproj]
C:\UserWorx\VSWorx\ServoStudio\wpfui-servoStudio\samples\Wpf.Ui.servoStudio\ViewModels\DeviceSet\DeviceAddViewModel.cs(2066,9): warning IDE0011: 鍚?鈥渋f鈥?璇彞娣诲姞澶ф嫭鍙枫€?(https://learn.microsoft.com/dotnet/fundamentals/code-analysis/style-rules/ide0011) [C:\UserWorx\VSWorx\ServoStudio\wpfui-servoStudio\samples\Wpf.Ui.servoStudio\servoStudio_wjhet5xd_wpftmp.csproj]
C:\UserWorx\VSWorx\ServoStudio\wpfui-servoStudio\samples\Wpf.Ui.servoStudio\ViewModels\DeviceSet\DeviceAddViewModel.cs(2080,17): warning IDE0011: 鍚?鈥渋f鈥?璇彞娣诲姞澶ф嫭鍙枫€?(https://learn.microsoft.com/dotnet/fundamentals/code-analysis/style-rules/ide0011) [C:\UserWorx\VSWorx\ServoStudio\wpfui-servoStudio\samples\Wpf.Ui.servoStudio\servoStudio_wjhet5xd_wpftmp.csproj]
C:\UserWorx\VSWorx\ServoStudio\wpfui-servoStudio\samples\Wpf.Ui.servoStudio\ViewModels\AppData\DataViewViewModel.cs(239,13): warning IDE0008: 鐢ㄦ樉寮忕被鍨嬩唬鏇?"var" (https://learn.microsoft.com/dotnet/fundamentals/code-analysis/style-rules/ide0008) [C:\UserWorx\VSWorx\ServoStudio\wpfui-servoStudio\samples\Wpf.Ui.servoStudio\servoStudio_wjhet5xd_wpftmp.csproj]
C:\UserWorx\VSWorx\ServoStudio\wpfui-servoStudio\samples\Wpf.Ui.servoStudio\ViewModels\AppData\DataViewViewModel.cs(240,13): warning IDE0008: 鐢ㄦ樉寮忕被鍨嬩唬鏇?"var" (https://learn.microsoft.com/dotnet/fundamentals/code-analysis/style-rules/ide0008) [C:\UserWorx\VSWorx\ServoStudio\wpfui-servoStudio\samples\Wpf.Ui.servoStudio\servoStudio_wjhet5xd_wpftmp.csproj]
C:\UserWorx\VSWorx\ServoStudio\wpfui-servoStudio\samples\Wpf.Ui.servoStudio\ViewModels\Motion\MotionTypeViewModel.cs(1707,9): warning IDE0011: 鍚?鈥渋f鈥?璇彞娣诲姞澶ф嫭鍙枫€?(https://learn.microsoft.com/dotnet/fundamentals/code-analysis/style-rules/ide0011) [C:\UserWorx\VSWorx\ServoStudio\wpfui-servoStudio\samples\Wpf.Ui.servoStudio\servoStudio_wjhet5xd_wpftmp.csproj]
C:\UserWorx\VSWorx\ServoStudio\wpfui-servoStudio\samples\Wpf.Ui.servoStudio\ViewModels\Motion\MotionTypeViewModel.cs(1708,9): warning IDE0011: 鍚?鈥渋f鈥?璇彞娣诲姞澶ф嫭鍙枫€?(https://learn.microsoft.com/dotnet/fundamentals/code-analysis/style-rules/ide0011) [C:\UserWorx\VSWorx\ServoStudio\wpfui-servoStudio\samples\Wpf.Ui.servoStudio\servoStudio_wjhet5xd_wpftmp.csproj]
C:\UserWorx\VSWorx\ServoStudio\wpfui-servoStudio\samples\Wpf.Ui.servoStudio\ViewModels\Motion\MotionTypeViewModel.cs(1709,9): warning IDE0011: 鍚?鈥渋f鈥?璇彞娣诲姞澶ф嫭鍙枫€?(https://learn.microsoft.com/dotnet/fundamentals/code-analysis/style-rules/ide0011) [C:\UserWorx\VSWorx\ServoStudio\wpfui-servoStudio\samples\Wpf.Ui.servoStudio\servoStudio_wjhet5xd_wpftmp.csproj]
C:\UserWorx\VSWorx\ServoStudio\wpfui-servoStudio\samples\Wpf.Ui.servoStudio\ViewModels\Motion\MotionTypeViewModel.cs(1710,9): warning IDE0011: 鍚?鈥渋f鈥?璇彞娣诲姞澶ф嫭鍙枫€?(https://learn.microsoft.com/dotnet/fundamentals/code-analysis/style-rules/ide0011) [C:\UserWorx\VSWorx\ServoStudio\wpfui-servoStudio\samples\Wpf.Ui.servoStudio\servoStudio_wjhet5xd_wpftmp.csproj]
C:\UserWorx\VSWorx\ServoStudio\wpfui-servoStudio\samples\Wpf.Ui.servoStudio\ViewModels\Motion\MotionTypeViewModel.cs(1711,9): warning IDE0011: 鍚?鈥渋f鈥?璇彞娣诲姞澶ф嫭鍙枫€?(https://learn.microsoft.com/dotnet/fundamentals/code-analysis/style-rules/ide0011) [C:\UserWorx\VSWorx\ServoStudio\wpfui-servoStudio\samples\Wpf.Ui.servoStudio\servoStudio_wjhet5xd_wpftmp.csproj]
C:\UserWorx\VSWorx\ServoStudio\wpfui-servoStudio\samples\Wpf.Ui.servoStudio\ViewModels\Motion\MotionTypeViewModel.cs(1712,9): warning IDE0011: 鍚?鈥渋f鈥?璇彞娣诲姞澶ф嫭鍙枫€?(https://learn.microsoft.com/dotnet/fundamentals/code-analysis/style-rules/ide0011) [C:\UserWorx\VSWorx\ServoStudio\wpfui-servoStudio\samples\Wpf.Ui.servoStudio\servoStudio_wjhet5xd_wpftmp.csproj]
C:\UserWorx\VSWorx\ServoStudio\wpfui-servoStudio\samples\Wpf.Ui.servoStudio\ViewModels\Motion\MotionProfileViewModel.cs(180,13): warning IDE0059: 涓嶉渶瑕佸 "dConst" 璧嬪€?(https://learn.microsoft.com/dotnet/fundamentals/code-analysis/style-rules/ide0059) [C:\UserWorx\VSWorx\ServoStudio\wpfui-servoStudio\samples\Wpf.Ui.servoStudio\servoStudio_wjhet5xd_wpftmp.csproj]
C:\UserWorx\VSWorx\ServoStudio\wpfui-servoStudio\samples\Wpf.Ui.servoStudio\ViewModels\AppData\DataViewViewModel.cs(279,17): warning IDE0008: 鐢ㄦ樉寮忕被鍨嬩唬鏇?"var" (https://learn.microsoft.com/dotnet/fundamentals/code-analysis/style-rules/ide0008) [C:\UserWorx\VSWorx\ServoStudio\wpfui-servoStudio\samples\Wpf.Ui.servoStudio\servoStudio_wjhet5xd_wpftmp.csproj]
C:\UserWorx\VSWorx\ServoStudio\wpfui-servoStudio\samples\Wpf.Ui.servoStudio\ViewModels\DeviceSet\DeviceAddViewModel.cs(2176,13): warning IDE0011: 鍚?鈥渋f鈥?璇彞娣诲姞澶ф嫭鍙枫€?(https://learn.microsoft.com/dotnet/fundamentals/code-analysis/style-rules/ide0011) [C:\UserWorx\VSWorx\ServoStudio\wpfui-servoStudio\samples\Wpf.Ui.servoStudio\servoStudio_wjhet5xd_wpftmp.csproj]
C:\UserWorx\VSWorx\ServoStudio\wpfui-servoStudio\samples\Wpf.Ui.servoStudio\ViewModels\DeviceSet\BusDiagnosticsViewModel.cs(573,9): warning IDE0011: 鍚?鈥渋f鈥?璇彞娣诲姞澶ф嫭鍙枫€?(https://learn.microsoft.com/dotnet/fundamentals/code-analysis/style-rules/ide0011) [C:\UserWorx\VSWorx\ServoStudio\wpfui-servoStudio\samples\Wpf.Ui.servoStudio\servoStudio_wjhet5xd_wpftmp.csproj]
C:\UserWorx\VSWorx\ServoStudio\wpfui-servoStudio\samples\Wpf.Ui.servoStudio\ViewModels\DeviceSet\BusDiagnosticsViewModel.cs(577,9): warning IDE0011: 鍚?鈥渋f鈥?璇彞娣诲姞澶ф嫭鍙枫€?(https://learn.microsoft.com/dotnet/fundamentals/code-analysis/style-rules/ide0011) [C:\UserWorx\VSWorx\ServoStudio\wpfui-servoStudio\samples\Wpf.Ui.servoStudio\servoStudio_wjhet5xd_wpftmp.csproj]
C:\UserWorx\VSWorx\ServoStudio\wpfui-servoStudio\samples\Wpf.Ui.servoStudio\ViewModels\AppData\DataViewViewModel.cs(352,18): warning IDE0008: 鐢ㄦ樉寮忕被鍨嬩唬鏇?"var" (https://learn.microsoft.com/dotnet/fundamentals/code-analysis/style-rules/ide0008) [C:\UserWorx\VSWorx\ServoStudio\wpfui-servoStudio\samples\Wpf.Ui.servoStudio\servoStudio_wjhet5xd_wpftmp.csproj]
C:\UserWorx\VSWorx\ServoStudio\wpfui-servoStudio\samples\Wpf.Ui.servoStudio\ViewModels\AppData\DataViewViewModel.cs(361,18): warning IDE0008: 鐢ㄦ樉寮忕被鍨嬩唬鏇?"var" (https://learn.microsoft.com/dotnet/fundamentals/code-analysis/style-rules/ide0008) [C:\UserWorx\VSWorx\ServoStudio\wpfui-servoStudio\samples\Wpf.Ui.servoStudio\servoStudio_wjhet5xd_wpftmp.csproj]
C:\UserWorx\VSWorx\ServoStudio\wpfui-servoStudio\samples\Wpf.Ui.servoStudio\ViewModels\DeviceSet\DeviceAddViewModel.cs(2257,17): warning IDE0011: 鍚?鈥渋f鈥?璇彞娣诲姞澶ф嫭鍙枫€?(https://learn.microsoft.com/dotnet/fundamentals/code-analysis/style-rules/ide0011) [C:\UserWorx\VSWorx\ServoStudio\wpfui-servoStudio\samples\Wpf.Ui.servoStudio\servoStudio_wjhet5xd_wpftmp.csproj]
C:\UserWorx\VSWorx\ServoStudio\wpfui-servoStudio\samples\Wpf.Ui.servoStudio\ViewModels\DeviceSet\DeviceAddViewModel.cs(2261,13): warning IDE0011: 鍚?鈥渋f鈥?璇彞娣诲姞澶ф嫭鍙枫€?(https://learn.microsoft.com/dotnet/fundamentals/code-analysis/style-rules/ide0011) [C:\UserWorx\VSWorx\ServoStudio\wpfui-servoStudio\samples\Wpf.Ui.servoStudio\servoStudio_wjhet5xd_wpftmp.csproj]
C:\UserWorx\VSWorx\ServoStudio\wpfui-servoStudio\samples\Wpf.Ui.servoStudio\ViewModels\DeviceSet\DeviceAddViewModel.cs(2263,13): warning IDE0011: 鍚?鈥渋f鈥?璇彞娣诲姞澶ф嫭鍙枫€?(https://learn.microsoft.com/dotnet/fundamentals/code-analysis/style-rules/ide0011) [C:\UserWorx\VSWorx\ServoStudio\wpfui-servoStudio\samples\Wpf.Ui.servoStudio\servoStudio_wjhet5xd_wpftmp.csproj]
C:\UserWorx\VSWorx\ServoStudio\wpfui-servoStudio\samples\Wpf.Ui.servoStudio\ViewModels\DeviceSet\DeviceAddViewModel.cs(2265,13): warning IDE0011: 鍚?鈥渋f鈥?璇彞娣诲姞澶ф嫭鍙枫€?(https://learn.microsoft.com/dotnet/fundamentals/code-analysis/style-rules/ide0011) [C:\UserWorx\VSWorx\ServoStudio\wpfui-servoStudio\samples\Wpf.Ui.servoStudio\servoStudio_wjhet5xd_wpftmp.csproj]
C:\UserWorx\VSWorx\ServoStudio\wpfui-servoStudio\samples\Wpf.Ui.servoStudio\ViewModels\DeviceSet\DeviceAddViewModel.cs(2267,13): warning IDE0011: 鍚?鈥渋f鈥?璇彞娣诲姞澶ф嫭鍙枫€?(https://learn.microsoft.com/dotnet/fundamentals/code-analysis/style-rules/ide0011) [C:\UserWorx\VSWorx\ServoStudio\wpfui-servoStudio\samples\Wpf.Ui.servoStudio\servoStudio_wjhet5xd_wpftmp.csproj]
C:\UserWorx\VSWorx\ServoStudio\wpfui-servoStudio\samples\Wpf.Ui.servoStudio\ViewModels\DeviceSet\DeviceAddViewModel.cs(2270,13): warning IDE0011: 鍚?鈥渋f鈥?璇彞娣诲姞澶ф嫭鍙枫€?(https://learn.microsoft.com/dotnet/fundamentals/code-analysis/style-rules/ide0011) [C:\UserWorx\VSWorx\ServoStudio\wpfui-servoStudio\samples\Wpf.Ui.servoStudio\servoStudio_wjhet5xd_wpftmp.csproj]
C:\UserWorx\VSWorx\ServoStudio\wpfui-servoStudio\samples\Wpf.Ui.servoStudio\ViewModels\DeviceSet\DeviceAddViewModel.cs(2274,13): warning IDE0011: 鍚?鈥渋f鈥?璇彞娣诲姞澶ф嫭鍙枫€?(https://learn.microsoft.com/dotnet/fundamentals/code-analysis/style-rules/ide0011) [C:\UserWorx\VSWorx\ServoStudio\wpfui-servoStudio\samples\Wpf.Ui.servoStudio\servoStudio_wjhet5xd_wpftmp.csproj]
C:\UserWorx\VSWorx\ServoStudio\wpfui-servoStudio\samples\Wpf.Ui.servoStudio\ViewModels\DeviceSet\DeviceAddViewModel.cs(2276,13): warning IDE0011: 鍚?鈥渋f鈥?璇彞娣诲姞澶ф嫭鍙枫€?(https://learn.microsoft.com/dotnet/fundamentals/code-analysis/style-rules/ide0011) [C:\UserWorx\VSWorx\ServoStudio\wpfui-servoStudio\samples\Wpf.Ui.servoStudio\servoStudio_wjhet5xd_wpftmp.csproj]
C:\UserWorx\VSWorx\ServoStudio\wpfui-servoStudio\samples\Wpf.Ui.servoStudio\ViewModels\DeviceSet\DeviceAddViewModel.cs(2278,13): warning IDE0011: 鍚?鈥渋f鈥?璇彞娣诲姞澶ф嫭鍙枫€?(https://learn.microsoft.com/dotnet/fundamentals/code-analysis/style-rules/ide0011) [C:\UserWorx\VSWorx\ServoStudio\wpfui-servoStudio\samples\Wpf.Ui.servoStudio\servoStudio_wjhet5xd_wpftmp.csproj]
C:\UserWorx\VSWorx\ServoStudio\wpfui-servoStudio\samples\Wpf.Ui.servoStudio\ViewModels\DeviceSet\DeviceAddViewModel.cs(2282,13): warning IDE0011: 鍚?鈥渋f鈥?璇彞娣诲姞澶ф嫭鍙枫€?(https://learn.microsoft.com/dotnet/fundamentals/code-analysis/style-rules/ide0011) [C:\UserWorx\VSWorx\ServoStudio\wpfui-servoStudio\samples\Wpf.Ui.servoStudio\servoStudio_wjhet5xd_wpftmp.csproj]
C:\UserWorx\VSWorx\ServoStudio\wpfui-servoStudio\samples\Wpf.Ui.servoStudio\ViewModels\DeviceSet\DeviceAddViewModel.cs(2301,13): warning IDE0011: 鍚?鈥渋f鈥?璇彞娣诲姞澶ф嫭鍙枫€?(https://learn.microsoft.com/dotnet/fundamentals/code-analysis/style-rules/ide0011) [C:\UserWorx\VSWorx\ServoStudio\wpfui-servoStudio\samples\Wpf.Ui.servoStudio\servoStudio_wjhet5xd_wpftmp.csproj]
C:\UserWorx\VSWorx\ServoStudio\wpfui-servoStudio\samples\Wpf.Ui.servoStudio\ViewModels\DeviceSet\DeviceAddViewModel.cs(2303,13): warning IDE0011: 鍚?鈥渋f鈥?璇彞娣诲姞澶ф嫭鍙枫€?(https://learn.microsoft.com/dotnet/fundamentals/code-analysis/style-rules/ide0011) [C:\UserWorx\VSWorx\ServoStudio\wpfui-servoStudio\samples\Wpf.Ui.servoStudio\servoStudio_wjhet5xd_wpftmp.csproj]
C:\UserWorx\VSWorx\ServoStudio\wpfui-servoStudio\samples\Wpf.Ui.servoStudio\ViewModels\DeviceSet\DeviceAddViewModel.cs(2319,9): warning IDE0011: 鍚?鈥渋f鈥?璇彞娣诲姞澶ф嫭鍙枫€?(https://learn.microsoft.com/dotnet/fundamentals/code-analysis/style-rules/ide0011) [C:\UserWorx\VSWorx\ServoStudio\wpfui-servoStudio\samples\Wpf.Ui.servoStudio\servoStudio_wjhet5xd_wpftmp.csproj]
C:\UserWorx\VSWorx\ServoStudio\wpfui-servoStudio\samples\Wpf.Ui.servoStudio\ViewModels\DeviceSet\DeviceAddViewModel.cs(2354,13): warning IDE0011: 鍚?鈥渋f鈥?璇彞娣诲姞澶ф嫭鍙枫€?(https://learn.microsoft.com/dotnet/fundamentals/code-analysis/style-rules/ide0011) [C:\UserWorx\VSWorx\ServoStudio\wpfui-servoStudio\samples\Wpf.Ui.servoStudio\servoStudio_wjhet5xd_wpftmp.csproj]
C:\UserWorx\VSWorx\ServoStudio\wpfui-servoStudio\samples\Wpf.Ui.servoStudio\ViewModels\Motion\MotionLimitViewModel.cs(373,9): warning IDE0011: 鍚?鈥渋f鈥?璇彞娣诲姞澶ф嫭鍙枫€?(https://learn.microsoft.com/dotnet/fundamentals/code-analysis/style-rules/ide0011) [C:\UserWorx\VSWorx\ServoStudio\wpfui-servoStudio\samples\Wpf.Ui.servoStudio\servoStudio_wjhet5xd_wpftmp.csproj]
C:\UserWorx\VSWorx\ServoStudio\wpfui-servoStudio\samples\Wpf.Ui.servoStudio\ViewModels\AppData\DataViewViewModel.cs(450,13): warning IDE0011: 鍚?鈥渋f鈥?璇彞娣诲姞澶ф嫭鍙枫€?(https://learn.microsoft.com/dotnet/fundamentals/code-analysis/style-rules/ide0011) [C:\UserWorx\VSWorx\ServoStudio\wpfui-servoStudio\samples\Wpf.Ui.servoStudio\servoStudio_wjhet5xd_wpftmp.csproj]
C:\UserWorx\VSWorx\ServoStudio\wpfui-servoStudio\samples\Wpf.Ui.servoStudio\ViewModels\AppData\DataViewViewModel.cs(449,13): warning IDE0008: 鐢ㄦ樉寮忕被鍨嬩唬鏇?"var" (https://learn.microsoft.com/dotnet/fundamentals/code-analysis/style-rules/ide0008) [C:\UserWorx\VSWorx\ServoStudio\wpfui-servoStudio\samples\Wpf.Ui.servoStudio\servoStudio_wjhet5xd_wpftmp.csproj]
C:\UserWorx\VSWorx\ServoStudio\wpfui-servoStudio\samples\Wpf.Ui.servoStudio\ViewModels\AppData\DataViewViewModel.cs(452,71): warning IDE0008: 鐢ㄦ樉寮忕被鍨嬩唬鏇?"var" (https://learn.microsoft.com/dotnet/fundamentals/code-analysis/style-rules/ide0008) [C:\UserWorx\VSWorx\ServoStudio\wpfui-servoStudio\samples\Wpf.Ui.servoStudio\servoStudio_wjhet5xd_wpftmp.csproj]
C:\UserWorx\VSWorx\ServoStudio\wpfui-servoStudio\samples\Wpf.Ui.servoStudio\ViewModels\AppData\DataViewViewModel.cs(463,18): warning IDE0008: 鐢ㄦ樉寮忕被鍨嬩唬鏇?"var" (https://learn.microsoft.com/dotnet/fundamentals/code-analysis/style-rules/ide0008) [C:\UserWorx\VSWorx\ServoStudio\wpfui-servoStudio\samples\Wpf.Ui.servoStudio\servoStudio_wjhet5xd_wpftmp.csproj]
C:\UserWorx\VSWorx\ServoStudio\wpfui-servoStudio\samples\Wpf.Ui.servoStudio\ViewModels\AppData\DataViewViewModel.cs(471,9): warning IDE0011: 鍚?鈥渋f鈥?璇彞娣诲姞澶ф嫭鍙枫€?(https://learn.microsoft.com/dotnet/fundamentals/code-analysis/style-rules/ide0011) [C:\UserWorx\VSWorx\ServoStudio\wpfui-servoStudio\samples\Wpf.Ui.servoStudio\servoStudio_wjhet5xd_wpftmp.csproj]
C:\UserWorx\VSWorx\ServoStudio\wpfui-servoStudio\samples\Wpf.Ui.servoStudio\ViewModels\AppData\DataViewViewModel.cs(472,18): warning IDE0008: 鐢ㄦ樉寮忕被鍨嬩唬鏇?"var" (https://learn.microsoft.com/dotnet/fundamentals/code-analysis/style-rules/ide0008) [C:\UserWorx\VSWorx\ServoStudio\wpfui-servoStudio\samples\Wpf.Ui.servoStudio\servoStudio_wjhet5xd_wpftmp.csproj]
C:\UserWorx\VSWorx\ServoStudio\wpfui-servoStudio\samples\Wpf.Ui.servoStudio\ViewModels\AppData\DataViewViewModel.cs(480,9): warning IDE0011: 鍚?鈥渋f鈥?璇彞娣诲姞澶ф嫭鍙枫€?(https://learn.microsoft.com/dotnet/fundamentals/code-analysis/style-rules/ide0011) [C:\UserWorx\VSWorx\ServoStudio\wpfui-servoStudio\samples\Wpf.Ui.servoStudio\servoStudio_wjhet5xd_wpftmp.csproj]
C:\UserWorx\VSWorx\ServoStudio\wpfui-servoStudio\samples\Wpf.Ui.servoStudio\ViewModels\Motion\MotionLimitViewModel.cs(409,9): warning IDE0011: 鍚?鈥渋f鈥?璇彞娣诲姞澶ф嫭鍙枫€?(https://learn.microsoft.com/dotnet/fundamentals/code-analysis/style-rules/ide0011) [C:\UserWorx\VSWorx\ServoStudio\wpfui-servoStudio\samples\Wpf.Ui.servoStudio\servoStudio_wjhet5xd_wpftmp.csproj]
C:\UserWorx\VSWorx\ServoStudio\wpfui-servoStudio\samples\Wpf.Ui.servoStudio\ViewModels\AppData\DataViewViewModel.cs(487,9): warning IDE0011: 鍚?鈥渋f鈥?璇彞娣诲姞澶ф嫭鍙枫€?(https://learn.microsoft.com/dotnet/fundamentals/code-analysis/style-rules/ide0011) [C:\UserWorx\VSWorx\ServoStudio\wpfui-servoStudio\samples\Wpf.Ui.servoStudio\servoStudio_wjhet5xd_wpftmp.csproj]
C:\UserWorx\VSWorx\ServoStudio\wpfui-servoStudio\samples\Wpf.Ui.servoStudio\ViewModels\AppData\DataViewViewModel.cs(490,13): warning IDE0008: 鐢ㄦ樉寮忕被鍨嬩唬鏇?"var" (https://learn.microsoft.com/dotnet/fundamentals/code-analysis/style-rules/ide0008) [C:\UserWorx\VSWorx\ServoStudio\wpfui-servoStudio\samples\Wpf.Ui.servoStudio\servoStudio_wjhet5xd_wpftmp.csproj]
C:\UserWorx\VSWorx\ServoStudio\wpfui-servoStudio\samples\Wpf.Ui.servoStudio\ViewModels\AppData\DataViewViewModel.cs(494,22): warning IDE0008: 鐢ㄦ樉寮忕被鍨嬩唬鏇?"var" (https://learn.microsoft.com/dotnet/fundamentals/code-analysis/style-rules/ide0008) [C:\UserWorx\VSWorx\ServoStudio\wpfui-servoStudio\samples\Wpf.Ui.servoStudio\servoStudio_wjhet5xd_wpftmp.csproj]
C:\UserWorx\VSWorx\ServoStudio\wpfui-servoStudio\samples\Wpf.Ui.servoStudio\ViewModels\DeviceSet\DeviceAddViewModel.cs(2444,21): warning CA1063: 淇敼鈥淒eviceAddViewModel.Dispose鈥濓紝浣垮叾璋冪敤 Dispose(true)锛屽啀瀵瑰綋鍓嶅璞″疄渚嬭皟鐢?GC.SuppressFinalize (Visual Basic 涓殑鈥滄椤光€濇垨鈥滄垜鈥?锛岀劧鍚庤繑鍥?(https://learn.microsoft.com/dotnet/fundamentals/code-analysis/quality-rules/ca1063) [C:\UserWorx\VSWorx\ServoStudio\wpfui-servoStudio\samples\Wpf.Ui.servoStudio\servoStudio_wjhet5xd_wpftmp.csproj]
C:\UserWorx\VSWorx\ServoStudio\wpfui-servoStudio\samples\Wpf.Ui.servoStudio\ViewModels\DeviceSet\BusDiagnosticsViewModel.cs(613,9): warning IDE0008: 鐢ㄦ樉寮忕被鍨嬩唬鏇?"var" (https://learn.microsoft.com/dotnet/fundamentals/code-analysis/style-rules/ide0008) [C:\UserWorx\VSWorx\ServoStudio\wpfui-servoStudio\samples\Wpf.Ui.servoStudio\servoStudio_wjhet5xd_wpftmp.csproj]
C:\UserWorx\VSWorx\ServoStudio\wpfui-servoStudio\samples\Wpf.Ui.servoStudio\ViewModels\Motion\MotionLimitViewModel.cs(440,9): warning IDE0011: 鍚?鈥渋f鈥?璇彞娣诲姞澶ф嫭鍙枫€?(https://learn.microsoft.com/dotnet/fundamentals/code-analysis/style-rules/ide0011) [C:\UserWorx\VSWorx\ServoStudio\wpfui-servoStudio\samples\Wpf.Ui.servoStudio\servoStudio_wjhet5xd_wpftmp.csproj]
C:\UserWorx\VSWorx\ServoStudio\wpfui-servoStudio\samples\Wpf.Ui.servoStudio\ViewModels\Motion\MotionLimitViewModel.cs(443,9): warning IDE0011: 鍚?鈥渋f鈥?璇彞娣诲姞澶ф嫭鍙枫€?(https://learn.microsoft.com/dotnet/fundamentals/code-analysis/style-rules/ide0011) [C:\UserWorx\VSWorx\ServoStudio\wpfui-servoStudio\samples\Wpf.Ui.servoStudio\servoStudio_wjhet5xd_wpftmp.csproj]
C:\UserWorx\VSWorx\ServoStudio\wpfui-servoStudio\samples\Wpf.Ui.servoStudio\ViewModels\Motion\MotionLimitViewModel.cs(445,9): warning IDE0011: 鍚?鈥渋f鈥?璇彞娣诲姞澶ф嫭鍙枫€?(https://learn.microsoft.com/dotnet/fundamentals/code-analysis/style-rules/ide0011) [C:\UserWorx\VSWorx\ServoStudio\wpfui-servoStudio\samples\Wpf.Ui.servoStudio\servoStudio_wjhet5xd_wpftmp.csproj]
C:\UserWorx\VSWorx\ServoStudio\wpfui-servoStudio\samples\Wpf.Ui.servoStudio\ViewModels\Motion\MotionLimitViewModel.cs(447,9): warning IDE0011: 鍚?鈥渋f鈥?璇彞娣诲姞澶ф嫭鍙枫€?(https://learn.microsoft.com/dotnet/fundamentals/code-analysis/style-rules/ide0011) [C:\UserWorx\VSWorx\ServoStudio\wpfui-servoStudio\samples\Wpf.Ui.servoStudio\servoStudio_wjhet5xd_wpftmp.csproj]
C:\UserWorx\VSWorx\ServoStudio\wpfui-servoStudio\samples\Wpf.Ui.servoStudio\ViewModels\Motion\MotionLimitViewModel.cs(449,9): warning IDE0011: 鍚?鈥渋f鈥?璇彞娣诲姞澶ф嫭鍙枫€?(https://learn.microsoft.com/dotnet/fundamentals/code-analysis/style-rules/ide0011) [C:\UserWorx\VSWorx\ServoStudio\wpfui-servoStudio\samples\Wpf.Ui.servoStudio\servoStudio_wjhet5xd_wpftmp.csproj]
C:\UserWorx\VSWorx\ServoStudio\wpfui-servoStudio\samples\Wpf.Ui.servoStudio\ViewModels\Motion\MotionLimitViewModel.cs(452,9): warning IDE0011: 鍚?鈥渋f鈥?璇彞娣诲姞澶ф嫭鍙枫€?(https://learn.microsoft.com/dotnet/fundamentals/code-analysis/style-rules/ide0011) [C:\UserWorx\VSWorx\ServoStudio\wpfui-servoStudio\samples\Wpf.Ui.servoStudio\servoStudio_wjhet5xd_wpftmp.csproj]
C:\UserWorx\VSWorx\ServoStudio\wpfui-servoStudio\samples\Wpf.Ui.servoStudio\ViewModels\Motion\MotionLimitViewModel.cs(454,9): warning IDE0011: 鍚?鈥渋f鈥?璇彞娣诲姞澶ф嫭鍙枫€?(https://learn.microsoft.com/dotnet/fundamentals/code-analysis/style-rules/ide0011) [C:\UserWorx\VSWorx\ServoStudio\wpfui-servoStudio\samples\Wpf.Ui.servoStudio\servoStudio_wjhet5xd_wpftmp.csproj]
C:\UserWorx\VSWorx\ServoStudio\wpfui-servoStudio\samples\Wpf.Ui.servoStudio\ViewModels\Motion\MotionLimitViewModel.cs(456,9): warning IDE0011: 鍚?鈥渋f鈥?璇彞娣诲姞澶ф嫭鍙枫€?(https://learn.microsoft.com/dotnet/fundamentals/code-analysis/style-rules/ide0011) [C:\UserWorx\VSWorx\ServoStudio\wpfui-servoStudio\samples\Wpf.Ui.servoStudio\servoStudio_wjhet5xd_wpftmp.csproj]
C:\UserWorx\VSWorx\ServoStudio\wpfui-servoStudio\samples\Wpf.Ui.servoStudio\ViewModels\Motion\MotionLimitViewModel.cs(458,9): warning IDE0011: 鍚?鈥渋f鈥?璇彞娣诲姞澶ф嫭鍙枫€?(https://learn.microsoft.com/dotnet/fundamentals/code-analysis/style-rules/ide0011) [C:\UserWorx\VSWorx\ServoStudio\wpfui-servoStudio\samples\Wpf.Ui.servoStudio\servoStudio_wjhet5xd_wpftmp.csproj]
C:\UserWorx\VSWorx\ServoStudio\wpfui-servoStudio\samples\Wpf.Ui.servoStudio\ViewModels\Motion\MotionLimitViewModel.cs(460,9): warning IDE0011: 鍚?鈥渋f鈥?璇彞娣诲姞澶ф嫭鍙枫€?(https://learn.microsoft.com/dotnet/fundamentals/code-analysis/style-rules/ide0011) [C:\UserWorx\VSWorx\ServoStudio\wpfui-servoStudio\samples\Wpf.Ui.servoStudio\servoStudio_wjhet5xd_wpftmp.csproj]
C:\UserWorx\VSWorx\ServoStudio\wpfui-servoStudio\samples\Wpf.Ui.servoStudio\ViewModels\Motion\MotionLimitViewModel.cs(463,9): warning IDE0011: 鍚?鈥渋f鈥?璇彞娣诲姞澶ф嫭鍙枫€?(https://learn.microsoft.com/dotnet/fundamentals/code-analysis/style-rules/ide0011) [C:\UserWorx\VSWorx\ServoStudio\wpfui-servoStudio\samples\Wpf.Ui.servoStudio\servoStudio_wjhet5xd_wpftmp.csproj]
C:\UserWorx\VSWorx\ServoStudio\wpfui-servoStudio\samples\Wpf.Ui.servoStudio\ViewModels\Motion\MotionLimitViewModel.cs(465,9): warning IDE0011: 鍚?鈥渋f鈥?璇彞娣诲姞澶ф嫭鍙枫€?(https://learn.microsoft.com/dotnet/fundamentals/code-analysis/style-rules/ide0011) [C:\UserWorx\VSWorx\ServoStudio\wpfui-servoStudio\samples\Wpf.Ui.servoStudio\servoStudio_wjhet5xd_wpftmp.csproj]
C:\UserWorx\VSWorx\ServoStudio\wpfui-servoStudio\samples\Wpf.Ui.servoStudio\ViewModels\Motion\MotionLimitViewModel.cs(467,9): warning IDE0011: 鍚?鈥渋f鈥?璇彞娣诲姞澶ф嫭鍙枫€?(https://learn.microsoft.com/dotnet/fundamentals/code-analysis/style-rules/ide0011) [C:\UserWorx\VSWorx\ServoStudio\wpfui-servoStudio\samples\Wpf.Ui.servoStudio\servoStudio_wjhet5xd_wpftmp.csproj]
C:\UserWorx\VSWorx\ServoStudio\wpfui-servoStudio\samples\Wpf.Ui.servoStudio\ViewModels\Motion\MotionLimitViewModel.cs(469,9): warning IDE0011: 鍚?鈥渋f鈥?璇彞娣诲姞澶ф嫭鍙枫€?(https://learn.microsoft.com/dotnet/fundamentals/code-analysis/style-rules/ide0011) [C:\UserWorx\VSWorx\ServoStudio\wpfui-servoStudio\samples\Wpf.Ui.servoStudio\servoStudio_wjhet5xd_wpftmp.csproj]
C:\UserWorx\VSWorx\ServoStudio\wpfui-servoStudio\samples\Wpf.Ui.servoStudio\ViewModels\Motion\MotionLimitViewModel.cs(472,9): warning IDE0011: 鍚?鈥渋f鈥?璇彞娣诲姞澶ф嫭鍙枫€?(https://learn.microsoft.com/dotnet/fundamentals/code-analysis/style-rules/ide0011) [C:\UserWorx\VSWorx\ServoStudio\wpfui-servoStudio\samples\Wpf.Ui.servoStudio\servoStudio_wjhet5xd_wpftmp.csproj]
C:\UserWorx\VSWorx\ServoStudio\wpfui-servoStudio\samples\Wpf.Ui.servoStudio\ViewModels\Motion\MotionLimitViewModel.cs(474,9): warning IDE0011: 鍚?鈥渋f鈥?璇彞娣诲姞澶ф嫭鍙枫€?(https://learn.microsoft.com/dotnet/fundamentals/code-analysis/style-rules/ide0011) [C:\UserWorx\VSWorx\ServoStudio\wpfui-servoStudio\samples\Wpf.Ui.servoStudio\servoStudio_wjhet5xd_wpftmp.csproj]
C:\UserWorx\VSWorx\ServoStudio\wpfui-servoStudio\samples\Wpf.Ui.servoStudio\ViewModels\Motion\MotionLimitViewModel.cs(476,9): warning IDE0011: 鍚?鈥渋f鈥?璇彞娣诲姞澶ф嫭鍙枫€?(https://learn.microsoft.com/dotnet/fundamentals/code-analysis/style-rules/ide0011) [C:\UserWorx\VSWorx\ServoStudio\wpfui-servoStudio\samples\Wpf.Ui.servoStudio\servoStudio_wjhet5xd_wpftmp.csproj]
C:\UserWorx\VSWorx\ServoStudio\wpfui-servoStudio\samples\Wpf.Ui.servoStudio\ViewModels\Motion\MotionLimitViewModel.cs(478,9): warning IDE0011: 鍚?鈥渋f鈥?璇彞娣诲姞澶ф嫭鍙枫€?(https://learn.microsoft.com/dotnet/fundamentals/code-analysis/style-rules/ide0011) [C:\UserWorx\VSWorx\ServoStudio\wpfui-servoStudio\samples\Wpf.Ui.servoStudio\servoStudio_wjhet5xd_wpftmp.csproj]
C:\UserWorx\VSWorx\ServoStudio\wpfui-servoStudio\samples\Wpf.Ui.servoStudio\ViewModels\DeviceSet\BusDiagnosticsViewModel.cs(630,9): warning IDE0011: 鍚?鈥渋f鈥?璇彞娣诲姞澶ф嫭鍙枫€?(https://learn.microsoft.com/dotnet/fundamentals/code-analysis/style-rules/ide0011) [C:\UserWorx\VSWorx\ServoStudio\wpfui-servoStudio\samples\Wpf.Ui.servoStudio\servoStudio_wjhet5xd_wpftmp.csproj]
C:\UserWorx\VSWorx\ServoStudio\wpfui-servoStudio\samples\Wpf.Ui.servoStudio\ViewModels\AppData\DataSaveViewModel.cs(731,13): warning IDE0011: 鍚?鈥渋f鈥?璇彞娣诲姞澶ф嫭鍙枫€?(https://learn.microsoft.com/dotnet/fundamentals/code-analysis/style-rules/ide0011) [C:\UserWorx\VSWorx\ServoStudio\wpfui-servoStudio\samples\Wpf.Ui.servoStudio\servoStudio_wjhet5xd_wpftmp.csproj]
C:\UserWorx\VSWorx\ServoStudio\wpfui-servoStudio\samples\Wpf.Ui.servoStudio\ViewModels\DeviceSet\BusDiagnosticsViewModel.cs(645,9): warning IDE0011: 鍚?鈥渋f鈥?璇彞娣诲姞澶ф嫭鍙枫€?(https://learn.microsoft.com/dotnet/fundamentals/code-analysis/style-rules/ide0011) [C:\UserWorx\VSWorx\ServoStudio\wpfui-servoStudio\samples\Wpf.Ui.servoStudio\servoStudio_wjhet5xd_wpftmp.csproj]
C:\UserWorx\VSWorx\ServoStudio\wpfui-servoStudio\samples\Wpf.Ui.servoStudio\ViewModels\DeviceSet\BusDiagnosticsViewModel.cs(647,9): warning IDE0011: 鍚?鈥渋f鈥?璇彞娣诲姞澶ф嫭鍙枫€?(https://learn.microsoft.com/dotnet/fundamentals/code-analysis/style-rules/ide0011) [C:\UserWorx\VSWorx\ServoStudio\wpfui-servoStudio\samples\Wpf.Ui.servoStudio\servoStudio_wjhet5xd_wpftmp.csproj]
C:\UserWorx\VSWorx\ServoStudio\wpfui-servoStudio\samples\Wpf.Ui.servoStudio\ViewModels\DeviceSet\BusDiagnosticsViewModel.cs(660,9): warning IDE0011: 鍚?鈥渋f鈥?璇彞娣诲姞澶ф嫭鍙枫€?(https://learn.microsoft.com/dotnet/fundamentals/code-analysis/style-rules/ide0011) [C:\UserWorx\VSWorx\ServoStudio\wpfui-servoStudio\samples\Wpf.Ui.servoStudio\servoStudio_wjhet5xd_wpftmp.csproj]
C:\UserWorx\VSWorx\ServoStudio\wpfui-servoStudio\samples\Wpf.Ui.servoStudio\ViewModels\DeviceSet\BusDiagnosticsViewModel.cs(664,13): warning IDE0011: 鍚?鈥渋f鈥?璇彞娣诲姞澶ф嫭鍙枫€?(https://learn.microsoft.com/dotnet/fundamentals/code-analysis/style-rules/ide0011) [C:\UserWorx\VSWorx\ServoStudio\wpfui-servoStudio\samples\Wpf.Ui.servoStudio\servoStudio_wjhet5xd_wpftmp.csproj]
C:\UserWorx\VSWorx\ServoStudio\wpfui-servoStudio\samples\Wpf.Ui.servoStudio\ViewModels\DeviceSet\BusDiagnosticsViewModel.cs(665,13): warning IDE0011: 鍚?鈥渋f鈥?璇彞娣诲姞澶ф嫭鍙枫€?(https://learn.microsoft.com/dotnet/fundamentals/code-analysis/style-rules/ide0011) [C:\UserWorx\VSWorx\ServoStudio\wpfui-servoStudio\samples\Wpf.Ui.servoStudio\servoStudio_wjhet5xd_wpftmp.csproj]
C:\UserWorx\VSWorx\ServoStudio\wpfui-servoStudio\samples\Wpf.Ui.servoStudio\ViewModels\DeviceSet\BusDiagnosticsViewModel.cs(664,24): warning IDE0058: 姘歌繙涓嶄細浣跨敤琛ㄨ揪寮忓€?(https://learn.microsoft.com/dotnet/fundamentals/code-analysis/style-rules/ide0058) [C:\UserWorx\VSWorx\ServoStudio\wpfui-servoStudio\samples\Wpf.Ui.servoStudio\servoStudio_wjhet5xd_wpftmp.csproj]
C:\UserWorx\VSWorx\ServoStudio\wpfui-servoStudio\samples\Wpf.Ui.servoStudio\ViewModels\DeviceSet\BusDiagnosticsViewModel.cs(666,17): warning IDE0058: 姘歌繙涓嶄細浣跨敤琛ㄨ揪寮忓€?(https://learn.microsoft.com/dotnet/fundamentals/code-analysis/style-rules/ide0058) [C:\UserWorx\VSWorx\ServoStudio\wpfui-servoStudio\samples\Wpf.Ui.servoStudio\servoStudio_wjhet5xd_wpftmp.csproj]
C:\UserWorx\VSWorx\ServoStudio\wpfui-servoStudio\samples\Wpf.Ui.servoStudio\ViewModels\DeviceSet\BusDiagnosticsViewModel.cs(673,9): warning IDE0008: 鐢ㄦ樉寮忕被鍨嬩唬鏇?"var" (https://learn.microsoft.com/dotnet/fundamentals/code-analysis/style-rules/ide0008) [C:\UserWorx\VSWorx\ServoStudio\wpfui-servoStudio\samples\Wpf.Ui.servoStudio\servoStudio_wjhet5xd_wpftmp.csproj]
C:\UserWorx\VSWorx\ServoStudio\wpfui-servoStudio\samples\Wpf.Ui.servoStudio\ViewModels\DeviceSet\BusDiagnosticsViewModel.cs(674,9): warning IDE0008: 鐢ㄦ樉寮忕被鍨嬩唬鏇?"var" (https://learn.microsoft.com/dotnet/fundamentals/code-analysis/style-rules/ide0008) [C:\UserWorx\VSWorx\ServoStudio\wpfui-servoStudio\samples\Wpf.Ui.servoStudio\servoStudio_wjhet5xd_wpftmp.csproj]
C:\UserWorx\VSWorx\ServoStudio\wpfui-servoStudio\samples\Wpf.Ui.servoStudio\ViewModels\DeviceSet\BusDiagnosticsViewModel.cs(683,13): warning IDE0008: 鐢ㄦ樉寮忕被鍨嬩唬鏇?"var" (https://learn.microsoft.com/dotnet/fundamentals/code-analysis/style-rules/ide0008) [C:\UserWorx\VSWorx\ServoStudio\wpfui-servoStudio\samples\Wpf.Ui.servoStudio\servoStudio_wjhet5xd_wpftmp.csproj]
C:\UserWorx\VSWorx\ServoStudio\wpfui-servoStudio\samples\Wpf.Ui.servoStudio\ViewModels\AppData\DataViewViewModel.cs(516,9): warning IDE0008: 鐢ㄦ樉寮忕被鍨嬩唬鏇?"var" (https://learn.microsoft.com/dotnet/fundamentals/code-analysis/style-rules/ide0008) [C:\UserWorx\VSWorx\ServoStudio\wpfui-servoStudio\samples\Wpf.Ui.servoStudio\servoStudio_wjhet5xd_wpftmp.csproj]
C:\UserWorx\VSWorx\ServoStudio\wpfui-servoStudio\samples\Wpf.Ui.servoStudio\ViewModels\AppData\DataViewViewModel.cs(561,13): warning IDE0008: 鐢ㄦ樉寮忕被鍨嬩唬鏇?"var" (https://learn.microsoft.com/dotnet/fundamentals/code-analysis/style-rules/ide0008) [C:\UserWorx\VSWorx\ServoStudio\wpfui-servoStudio\samples\Wpf.Ui.servoStudio\servoStudio_wjhet5xd_wpftmp.csproj]
C:\UserWorx\VSWorx\ServoStudio\wpfui-servoStudio\samples\Wpf.Ui.servoStudio\ViewModels\AppData\DataViewViewModel.cs(564,22): warning IDE0008: 鐢ㄦ樉寮忕被鍨嬩唬鏇?"var" (https://learn.microsoft.com/dotnet/fundamentals/code-analysis/style-rules/ide0008) [C:\UserWorx\VSWorx\ServoStudio\wpfui-servoStudio\samples\Wpf.Ui.servoStudio\servoStudio_wjhet5xd_wpftmp.csproj]
C:\UserWorx\VSWorx\ServoStudio\wpfui-servoStudio\samples\Wpf.Ui.servoStudio\ViewModels\AppData\DataViewViewModel.cs(566,17): warning IDE0008: 鐢ㄦ樉寮忕被鍨嬩唬鏇?"var" (https://learn.microsoft.com/dotnet/fundamentals/code-analysis/style-rules/ide0008) [C:\UserWorx\VSWorx\ServoStudio\wpfui-servoStudio\samples\Wpf.Ui.servoStudio\servoStudio_wjhet5xd_wpftmp.csproj]
C:\UserWorx\VSWorx\ServoStudio\wpfui-servoStudio\samples\Wpf.Ui.servoStudio\ViewModels\AppData\DataViewViewModel.cs(605,22): warning IDE0008: 鐢ㄦ樉寮忕被鍨嬩唬鏇?"var" (https://learn.microsoft.com/dotnet/fundamentals/code-analysis/style-rules/ide0008) [C:\UserWorx\VSWorx\ServoStudio\wpfui-servoStudio\samples\Wpf.Ui.servoStudio\servoStudio_wjhet5xd_wpftmp.csproj]
C:\UserWorx\VSWorx\ServoStudio\wpfui-servoStudio\samples\Wpf.Ui.servoStudio\ViewModels\AppData\DataSaveViewModel.cs(852,9): warning IDE0008: 鐢ㄦ樉寮忕被鍨嬩唬鏇?"var" (https://learn.microsoft.com/dotnet/fundamentals/code-analysis/style-rules/ide0008) [C:\UserWorx\VSWorx\ServoStudio\wpfui-servoStudio\samples\Wpf.Ui.servoStudio\servoStudio_wjhet5xd_wpftmp.csproj]
C:\UserWorx\VSWorx\ServoStudio\wpfui-servoStudio\samples\Wpf.Ui.servoStudio\ViewModels\DeviceSet\BusDiagnosticsViewModel.cs(739,9): warning IDE0011: 鍚?鈥渋f鈥?璇彞娣诲姞澶ф嫭鍙枫€?(https://learn.microsoft.com/dotnet/fundamentals/code-analysis/style-rules/ide0011) [C:\UserWorx\VSWorx\ServoStudio\wpfui-servoStudio\samples\Wpf.Ui.servoStudio\servoStudio_wjhet5xd_wpftmp.csproj]
C:\UserWorx\VSWorx\ServoStudio\wpfui-servoStudio\samples\Wpf.Ui.servoStudio\ViewModels\DeviceSet\BusDiagnosticsViewModel.cs(741,9): warning IDE0011: 鍚?鈥渋f鈥?璇彞娣诲姞澶ф嫭鍙枫€?(https://learn.microsoft.com/dotnet/fundamentals/code-analysis/style-rules/ide0011) [C:\UserWorx\VSWorx\ServoStudio\wpfui-servoStudio\samples\Wpf.Ui.servoStudio\servoStudio_wjhet5xd_wpftmp.csproj]
C:\UserWorx\VSWorx\ServoStudio\wpfui-servoStudio\samples\Wpf.Ui.servoStudio\ViewModels\DeviceSet\BusDiagnosticsViewModel.cs(746,9): warning IDE0011: 鍚?鈥渋f鈥?璇彞娣诲姞澶ф嫭鍙枫€?(https://learn.microsoft.com/dotnet/fundamentals/code-analysis/style-rules/ide0011) [C:\UserWorx\VSWorx\ServoStudio\wpfui-servoStudio\samples\Wpf.Ui.servoStudio\servoStudio_wjhet5xd_wpftmp.csproj]
C:\UserWorx\VSWorx\ServoStudio\wpfui-servoStudio\samples\Wpf.Ui.servoStudio\ViewModels\DeviceSet\BusDiagnosticsViewModel.cs(749,9): warning IDE0011: 鍚?鈥渋f鈥?璇彞娣诲姞澶ф嫭鍙枫€?(https://learn.microsoft.com/dotnet/fundamentals/code-analysis/style-rules/ide0011) [C:\UserWorx\VSWorx\ServoStudio\wpfui-servoStudio\samples\Wpf.Ui.servoStudio\servoStudio_wjhet5xd_wpftmp.csproj]
C:\UserWorx\VSWorx\ServoStudio\wpfui-servoStudio\samples\Wpf.Ui.servoStudio\ViewModels\DeviceSet\BusDiagnosticsViewModel.cs(762,9): warning IDE0011: 鍚?鈥渋f鈥?璇彞娣诲姞澶ф嫭鍙枫€?(https://learn.microsoft.com/dotnet/fundamentals/code-analysis/style-rules/ide0011) [C:\UserWorx\VSWorx\ServoStudio\wpfui-servoStudio\samples\Wpf.Ui.servoStudio\servoStudio_wjhet5xd_wpftmp.csproj]
C:\UserWorx\VSWorx\ServoStudio\wpfui-servoStudio\samples\Wpf.Ui.servoStudio\ViewModels\DeviceSet\BusDiagnosticsViewModel.cs(768,9): warning IDE0011: 鍚?鈥渋f鈥?璇彞娣诲姞澶ф嫭鍙枫€?(https://learn.microsoft.com/dotnet/fundamentals/code-analysis/style-rules/ide0011) [C:\UserWorx\VSWorx\ServoStudio\wpfui-servoStudio\samples\Wpf.Ui.servoStudio\servoStudio_wjhet5xd_wpftmp.csproj]
C:\UserWorx\VSWorx\ServoStudio\wpfui-servoStudio\samples\Wpf.Ui.servoStudio\ViewModels\DeviceSet\BusDiagnosticsViewModel.cs(736,9): warning IDE0008: 鐢ㄦ樉寮忕被鍨嬩唬鏇?"var" (https://learn.microsoft.com/dotnet/fundamentals/code-analysis/style-rules/ide0008) [C:\UserWorx\VSWorx\ServoStudio\wpfui-servoStudio\samples\Wpf.Ui.servoStudio\servoStudio_wjhet5xd_wpftmp.csproj]
C:\UserWorx\VSWorx\ServoStudio\wpfui-servoStudio\samples\Wpf.Ui.servoStudio\ViewModels\DeviceSet\BusDiagnosticsViewModel.cs(737,9): warning IDE0008: 鐢ㄦ樉寮忕被鍨嬩唬鏇?"var" (https://learn.microsoft.com/dotnet/fundamentals/code-analysis/style-rules/ide0008) [C:\UserWorx\VSWorx\ServoStudio\wpfui-servoStudio\samples\Wpf.Ui.servoStudio\servoStudio_wjhet5xd_wpftmp.csproj]
C:\UserWorx\VSWorx\ServoStudio\wpfui-servoStudio\samples\Wpf.Ui.servoStudio\ViewModels\DeviceSet\BusDiagnosticsViewModel.cs(745,9): warning IDE0008: 鐢ㄦ樉寮忕被鍨嬩唬鏇?"var" (https://learn.microsoft.com/dotnet/fundamentals/code-analysis/style-rules/ide0008) [C:\UserWorx\VSWorx\ServoStudio\wpfui-servoStudio\samples\Wpf.Ui.servoStudio\servoStudio_wjhet5xd_wpftmp.csproj]
C:\UserWorx\VSWorx\ServoStudio\wpfui-servoStudio\samples\Wpf.Ui.servoStudio\ViewModels\DeviceSet\BusDiagnosticsViewModel.cs(584,9): warning IDE0058: 姘歌繙涓嶄細浣跨敤琛ㄨ揪寮忓€?(https://learn.microsoft.com/dotnet/fundamentals/code-analysis/style-rules/ide0058) [C:\UserWorx\VSWorx\ServoStudio\wpfui-servoStudio\samples\Wpf.Ui.servoStudio\servoStudio_wjhet5xd_wpftmp.csproj]
C:\UserWorx\VSWorx\ServoStudio\wpfui-servoStudio\samples\Wpf.Ui.servoStudio\ViewModels\DeviceSet\BusDiagnosticsViewModel.cs(831,9): warning IDE0011: 鍚?鈥渋f鈥?璇彞娣诲姞澶ф嫭鍙枫€?(https://learn.microsoft.com/dotnet/fundamentals/code-analysis/style-rules/ide0011) [C:\UserWorx\VSWorx\ServoStudio\wpfui-servoStudio\samples\Wpf.Ui.servoStudio\servoStudio_wjhet5xd_wpftmp.csproj]
C:\UserWorx\VSWorx\ServoStudio\wpfui-servoStudio\samples\Wpf.Ui.servoStudio\ViewModels\DeviceSet\BusDiagnosticsViewModel.cs(836,9): warning IDE0011: 鍚?鈥渋f鈥?璇彞娣诲姞澶ф嫭鍙枫€?(https://learn.microsoft.com/dotnet/fundamentals/code-analysis/style-rules/ide0011) [C:\UserWorx\VSWorx\ServoStudio\wpfui-servoStudio\samples\Wpf.Ui.servoStudio\servoStudio_wjhet5xd_wpftmp.csproj]
C:\UserWorx\VSWorx\ServoStudio\wpfui-servoStudio\samples\Wpf.Ui.servoStudio\ViewModels\DeviceSet\BusDiagnosticsViewModel.cs(838,9): warning IDE0011: 鍚?鈥渋f鈥?璇彞娣诲姞澶ф嫭鍙枫€?(https://learn.microsoft.com/dotnet/fundamentals/code-analysis/style-rules/ide0011) [C:\UserWorx\VSWorx\ServoStudio\wpfui-servoStudio\samples\Wpf.Ui.servoStudio\servoStudio_wjhet5xd_wpftmp.csproj]
C:\UserWorx\VSWorx\ServoStudio\wpfui-servoStudio\samples\Wpf.Ui.servoStudio\ViewModels\DeviceSet\BusDiagnosticsViewModel.cs(839,9): warning IDE0011: 鍚?鈥渋f鈥?璇彞娣诲姞澶ф嫭鍙枫€?(https://learn.microsoft.com/dotnet/fundamentals/code-analysis/style-rules/ide0011) [C:\UserWorx\VSWorx\ServoStudio\wpfui-servoStudio\samples\Wpf.Ui.servoStudio\servoStudio_wjhet5xd_wpftmp.csproj]
C:\UserWorx\VSWorx\ServoStudio\wpfui-servoStudio\samples\Wpf.Ui.servoStudio\ViewModels\AppData\DataViewViewModel.cs(669,9): warning IDE0008: 鐢ㄦ樉寮忕被鍨嬩唬鏇?"var" (https://learn.microsoft.com/dotnet/fundamentals/code-analysis/style-rules/ide0008) [C:\UserWorx\VSWorx\ServoStudio\wpfui-servoStudio\samples\Wpf.Ui.servoStudio\servoStudio_wjhet5xd_wpftmp.csproj]
C:\UserWorx\VSWorx\ServoStudio\wpfui-servoStudio\samples\Wpf.Ui.servoStudio\ViewModels\AppData\DataViewViewModel.cs(734,13): warning IDE0008: 鐢ㄦ樉寮忕被鍨嬩唬鏇?"var" (https://learn.microsoft.com/dotnet/fundamentals/code-analysis/style-rules/ide0008) [C:\UserWorx\VSWorx\ServoStudio\wpfui-servoStudio\samples\Wpf.Ui.servoStudio\servoStudio_wjhet5xd_wpftmp.csproj]
C:\UserWorx\VSWorx\ServoStudio\wpfui-servoStudio\samples\Wpf.Ui.servoStudio\ViewModels\AppData\DataViewViewModel.cs(753,46): warning IDE0008: 鐢ㄦ樉寮忕被鍨嬩唬鏇?"var" (https://learn.microsoft.com/dotnet/fundamentals/code-analysis/style-rules/ide0008) [C:\UserWorx\VSWorx\ServoStudio\wpfui-servoStudio\samples\Wpf.Ui.servoStudio\servoStudio_wjhet5xd_wpftmp.csproj]
C:\UserWorx\VSWorx\ServoStudio\wpfui-servoStudio\samples\Wpf.Ui.servoStudio\ViewModels\AppData\DataViewViewModel.cs(776,123): warning IDE0008: 鐢ㄦ樉寮忕被鍨嬩唬鏇?"var" (https://learn.microsoft.com/dotnet/fundamentals/code-analysis/style-rules/ide0008) [C:\UserWorx\VSWorx\ServoStudio\wpfui-servoStudio\samples\Wpf.Ui.servoStudio\servoStudio_wjhet5xd_wpftmp.csproj]
C:\UserWorx\VSWorx\ServoStudio\wpfui-servoStudio\samples\Wpf.Ui.servoStudio\ViewModels\DeviceSet\BusDiagnosticsViewModel.cs(861,21): warning IDE0011: 鍚?鈥渋f鈥?璇彞娣诲姞澶ф嫭鍙枫€?(https://learn.microsoft.com/dotnet/fundamentals/code-analysis/style-rules/ide0011) [C:\UserWorx\VSWorx\ServoStudio\wpfui-servoStudio\samples\Wpf.Ui.servoStudio\servoStudio_wjhet5xd_wpftmp.csproj]
C:\UserWorx\VSWorx\ServoStudio\wpfui-servoStudio\samples\Wpf.Ui.servoStudio\ViewModels\DeviceSet\BusDiagnosticsViewModel.cs(862,21): warning IDE0011: 鍚?鈥渋f鈥?璇彞娣诲姞澶ф嫭鍙枫€?(https://learn.microsoft.com/dotnet/fundamentals/code-analysis/style-rules/ide0011) [C:\UserWorx\VSWorx\ServoStudio\wpfui-servoStudio\samples\Wpf.Ui.servoStudio\servoStudio_wjhet5xd_wpftmp.csproj]
C:\UserWorx\VSWorx\ServoStudio\wpfui-servoStudio\samples\Wpf.Ui.servoStudio\ViewModels\DeviceSet\BusDiagnosticsViewModel.cs(897,13): warning IDE0011: 鍚?鈥渋f鈥?璇彞娣诲姞澶ф嫭鍙枫€?(https://learn.microsoft.com/dotnet/fundamentals/code-analysis/style-rules/ide0011) [C:\UserWorx\VSWorx\ServoStudio\wpfui-servoStudio\samples\Wpf.Ui.servoStudio\servoStudio_wjhet5xd_wpftmp.csproj]
C:\UserWorx\VSWorx\ServoStudio\wpfui-servoStudio\samples\Wpf.Ui.servoStudio\ViewModels\DeviceSet\BusDiagnosticsViewModel.cs(898,13): warning IDE0011: 鍚?鈥渋f鈥?璇彞娣诲姞澶ф嫭鍙枫€?(https://learn.microsoft.com/dotnet/fundamentals/code-analysis/style-rules/ide0011) [C:\UserWorx\VSWorx\ServoStudio\wpfui-servoStudio\samples\Wpf.Ui.servoStudio\servoStudio_wjhet5xd_wpftmp.csproj]
C:\UserWorx\VSWorx\ServoStudio\wpfui-servoStudio\samples\Wpf.Ui.servoStudio\ViewModels\AppData\DataViewViewModel.cs(813,17): warning IDE0008: 鐢ㄦ樉寮忕被鍨嬩唬鏇?"var" (https://learn.microsoft.com/dotnet/fundamentals/code-analysis/style-rules/ide0008) [C:\UserWorx\VSWorx\ServoStudio\wpfui-servoStudio\samples\Wpf.Ui.servoStudio\servoStudio_wjhet5xd_wpftmp.csproj]
C:\UserWorx\VSWorx\ServoStudio\wpfui-servoStudio\samples\Wpf.Ui.servoStudio\ViewModels\AppData\DataViewViewModel.cs(814,63): warning IDE0008: 鐢ㄦ樉寮忕被鍨嬩唬鏇?"var" (https://learn.microsoft.com/dotnet/fundamentals/code-analysis/style-rules/ide0008) [C:\UserWorx\VSWorx\ServoStudio\wpfui-servoStudio\samples\Wpf.Ui.servoStudio\servoStudio_wjhet5xd_wpftmp.csproj]
C:\UserWorx\VSWorx\ServoStudio\wpfui-servoStudio\samples\Wpf.Ui.servoStudio\ViewModels\AppData\DataViewViewModel.cs(820,64): warning IDE0008: 鐢ㄦ樉寮忕被鍨嬩唬鏇?"var" (https://learn.microsoft.com/dotnet/fundamentals/code-analysis/style-rules/ide0008) [C:\UserWorx\VSWorx\ServoStudio\wpfui-servoStudio\samples\Wpf.Ui.servoStudio\servoStudio_wjhet5xd_wpftmp.csproj]
C:\UserWorx\VSWorx\ServoStudio\wpfui-servoStudio\samples\Wpf.Ui.servoStudio\ViewModels\AppData\DataViewViewModel.cs(821,64): warning IDE0008: 鐢ㄦ樉寮忕被鍨嬩唬鏇?"var" (https://learn.microsoft.com/dotnet/fundamentals/code-analysis/style-rules/ide0008) [C:\UserWorx\VSWorx\ServoStudio\wpfui-servoStudio\samples\Wpf.Ui.servoStudio\servoStudio_wjhet5xd_wpftmp.csproj]
C:\UserWorx\VSWorx\ServoStudio\wpfui-servoStudio\samples\Wpf.Ui.servoStudio\ViewModels\AppData\DataViewViewModel.cs(822,64): warning IDE0008: 鐢ㄦ樉寮忕被鍨嬩唬鏇?"var" (https://learn.microsoft.com/dotnet/fundamentals/code-analysis/style-rules/ide0008) [C:\UserWorx\VSWorx\ServoStudio\wpfui-servoStudio\samples\Wpf.Ui.servoStudio\servoStudio_wjhet5xd_wpftmp.csproj]
C:\UserWorx\VSWorx\ServoStudio\wpfui-servoStudio\samples\Wpf.Ui.servoStudio\ViewModels\AppData\DataViewViewModel.cs(825,50): warning IDE0008: 鐢ㄦ樉寮忕被鍨嬩唬鏇?"var" (https://learn.microsoft.com/dotnet/fundamentals/code-analysis/style-rules/ide0008) [C:\UserWorx\VSWorx\ServoStudio\wpfui-servoStudio\samples\Wpf.Ui.servoStudio\servoStudio_wjhet5xd_wpftmp.csproj]
C:\UserWorx\VSWorx\ServoStudio\wpfui-servoStudio\samples\Wpf.Ui.servoStudio\ViewModels\AppData\DataViewViewModel.cs(831,66): warning IDE0008: 鐢ㄦ樉寮忕被鍨嬩唬鏇?"var" (https://learn.microsoft.com/dotnet/fundamentals/code-analysis/style-rules/ide0008) [C:\UserWorx\VSWorx\ServoStudio\wpfui-servoStudio\samples\Wpf.Ui.servoStudio\servoStudio_wjhet5xd_wpftmp.csproj]
C:\UserWorx\VSWorx\ServoStudio\wpfui-servoStudio\samples\Wpf.Ui.servoStudio\ViewModels\AppData\DataViewViewModel.cs(834,64): warning IDE0008: 鐢ㄦ樉寮忕被鍨嬩唬鏇?"var" (https://learn.microsoft.com/dotnet/fundamentals/code-analysis/style-rules/ide0008) [C:\UserWorx\VSWorx\ServoStudio\wpfui-servoStudio\samples\Wpf.Ui.servoStudio\servoStudio_wjhet5xd_wpftmp.csproj]
C:\UserWorx\VSWorx\ServoStudio\wpfui-servoStudio\samples\Wpf.Ui.servoStudio\ViewModels\AppData\DataViewViewModel.cs(835,68): warning IDE0008: 鐢ㄦ樉寮忕被鍨嬩唬鏇?"var" (https://learn.microsoft.com/dotnet/fundamentals/code-analysis/style-rules/ide0008) [C:\UserWorx\VSWorx\ServoStudio\wpfui-servoStudio\samples\Wpf.Ui.servoStudio\servoStudio_wjhet5xd_wpftmp.csproj]
C:\UserWorx\VSWorx\ServoStudio\wpfui-servoStudio\samples\Wpf.Ui.servoStudio\ViewModels\AppData\DataViewViewModel.cs(840,52): warning IDE0008: 鐢ㄦ樉寮忕被鍨嬩唬鏇?"var" (https://learn.microsoft.com/dotnet/fundamentals/code-analysis/style-rules/ide0008) [C:\UserWorx\VSWorx\ServoStudio\wpfui-servoStudio\samples\Wpf.Ui.servoStudio\servoStudio_wjhet5xd_wpftmp.csproj]
C:\UserWorx\VSWorx\ServoStudio\wpfui-servoStudio\samples\Wpf.Ui.servoStudio\ViewModels\AppData\DataViewViewModel.cs(846,59): warning IDE0008: 鐢ㄦ樉寮忕被鍨嬩唬鏇?"var" (https://learn.microsoft.com/dotnet/fundamentals/code-analysis/style-rules/ide0008) [C:\UserWorx\VSWorx\ServoStudio\wpfui-servoStudio\samples\Wpf.Ui.servoStudio\servoStudio_wjhet5xd_wpftmp.csproj]
C:\UserWorx\VSWorx\ServoStudio\wpfui-servoStudio\samples\Wpf.Ui.servoStudio\ViewModels\AppData\DataViewViewModel.cs(846,159): warning IDE0008: 鐢ㄦ樉寮忕被鍨嬩唬鏇?"var" (https://learn.microsoft.com/dotnet/fundamentals/code-analysis/style-rules/ide0008) [C:\UserWorx\VSWorx\ServoStudio\wpfui-servoStudio\samples\Wpf.Ui.servoStudio\servoStudio_wjhet5xd_wpftmp.csproj]
C:\UserWorx\VSWorx\ServoStudio\wpfui-servoStudio\samples\Wpf.Ui.servoStudio\ViewModels\DeviceSet\BusDiagnosticsViewModel.cs(956,9): warning IDE0011: 鍚?鈥渋f鈥?璇彞娣诲姞澶ф嫭鍙枫€?(https://learn.microsoft.com/dotnet/fundamentals/code-analysis/style-rules/ide0011) [C:\UserWorx\VSWorx\ServoStudio\wpfui-servoStudio\samples\Wpf.Ui.servoStudio\servoStudio_wjhet5xd_wpftmp.csproj]
C:\UserWorx\VSWorx\ServoStudio\wpfui-servoStudio\samples\Wpf.Ui.servoStudio\ViewModels\Motion\MotionLimitViewModel.cs(537,13): warning IDE0011: 鍚?鈥渋f鈥?璇彞娣诲姞澶ф嫭鍙枫€?(https://learn.microsoft.com/dotnet/fundamentals/code-analysis/style-rules/ide0011) [C:\UserWorx\VSWorx\ServoStudio\wpfui-servoStudio\samples\Wpf.Ui.servoStudio\servoStudio_wjhet5xd_wpftmp.csproj]
C:\UserWorx\VSWorx\ServoStudio\wpfui-servoStudio\samples\Wpf.Ui.servoStudio\ViewModels\Motion\MotionLimitViewModel.cs(570,13): warning IDE0011: 鍚?鈥渋f鈥?璇彞娣诲姞澶ф嫭鍙枫€?(https://learn.microsoft.com/dotnet/fundamentals/code-analysis/style-rules/ide0011) [C:\UserWorx\VSWorx\ServoStudio\wpfui-servoStudio\samples\Wpf.Ui.servoStudio\servoStudio_wjhet5xd_wpftmp.csproj]
C:\UserWorx\VSWorx\ServoStudio\wpfui-servoStudio\samples\Wpf.Ui.servoStudio\ViewModels\AppData\DataViewViewModel.cs(877,15): warning IDE0008: 鐢ㄦ樉寮忕被鍨嬩唬鏇?"var" (https://learn.microsoft.com/dotnet/fundamentals/code-analysis/style-rules/ide0008) [C:\UserWorx\VSWorx\ServoStudio\wpfui-servoStudio\samples\Wpf.Ui.servoStudio\servoStudio_wjhet5xd_wpftmp.csproj]
C:\UserWorx\VSWorx\ServoStudio\wpfui-servoStudio\samples\Wpf.Ui.servoStudio\ViewModels\Motion\MotionLimitViewModel.cs(589,13): warning IDE0011: 鍚?鈥渋f鈥?璇彞娣诲姞澶ф嫭鍙枫€?(https://learn.microsoft.com/dotnet/fundamentals/code-analysis/style-rules/ide0011) [C:\UserWorx\VSWorx\ServoStudio\wpfui-servoStudio\samples\Wpf.Ui.servoStudio\servoStudio_wjhet5xd_wpftmp.csproj]
C:\UserWorx\VSWorx\ServoStudio\wpfui-servoStudio\samples\Wpf.Ui.servoStudio\ViewModels\AppData\DataViewViewModel.cs(991,9): warning IDE0008: 鐢ㄦ樉寮忕被鍨嬩唬鏇?"var" (https://learn.microsoft.com/dotnet/fundamentals/code-analysis/style-rules/ide0008) [C:\UserWorx\VSWorx\ServoStudio\wpfui-servoStudio\samples\Wpf.Ui.servoStudio\servoStudio_wjhet5xd_wpftmp.csproj]
C:\UserWorx\VSWorx\ServoStudio\wpfui-servoStudio\samples\Wpf.Ui.servoStudio\ViewModels\AppData\DataViewViewModel.cs(1030,13): warning IDE0008: 鐢ㄦ樉寮忕被鍨嬩唬鏇?"var" (https://learn.microsoft.com/dotnet/fundamentals/code-analysis/style-rules/ide0008) [C:\UserWorx\VSWorx\ServoStudio\wpfui-servoStudio\samples\Wpf.Ui.servoStudio\servoStudio_wjhet5xd_wpftmp.csproj]
C:\UserWorx\VSWorx\ServoStudio\wpfui-servoStudio\samples\Wpf.Ui.servoStudio\ViewModels\AppData\DataViewViewModel.cs(1047,46): warning IDE0008: 鐢ㄦ樉寮忕被鍨嬩唬鏇?"var" (https://learn.microsoft.com/dotnet/fundamentals/code-analysis/style-rules/ide0008) [C:\UserWorx\VSWorx\ServoStudio\wpfui-servoStudio\samples\Wpf.Ui.servoStudio\servoStudio_wjhet5xd_wpftmp.csproj]
C:\UserWorx\VSWorx\ServoStudio\wpfui-servoStudio\samples\Wpf.Ui.servoStudio\ViewModels\AppData\DataViewViewModel.cs(1068,122): warning IDE0008: 鐢ㄦ樉寮忕被鍨嬩唬鏇?"var" (https://learn.microsoft.com/dotnet/fundamentals/code-analysis/style-rules/ide0008) [C:\UserWorx\VSWorx\ServoStudio\wpfui-servoStudio\samples\Wpf.Ui.servoStudio\servoStudio_wjhet5xd_wpftmp.csproj]
C:\UserWorx\VSWorx\ServoStudio\wpfui-servoStudio\samples\Wpf.Ui.servoStudio\ViewModels\Motion\MotionTypeViewModel.cs(76,38): warning IDE0055: 淇鏍煎紡 (https://learn.microsoft.com/dotnet/fundamentals/code-analysis/style-rules/ide0055) [C:\UserWorx\VSWorx\ServoStudio\wpfui-servoStudio\samples\Wpf.Ui.servoStudio\servoStudio_wjhet5xd_wpftmp.csproj]
C:\UserWorx\VSWorx\ServoStudio\wpfui-servoStudio\samples\Wpf.Ui.servoStudio\ViewModels\Motion\MotionTypeViewModel.cs(165,45): warning IDE0055: 淇鏍煎紡 (https://learn.microsoft.com/dotnet/fundamentals/code-analysis/style-rules/ide0055) [C:\UserWorx\VSWorx\ServoStudio\wpfui-servoStudio\samples\Wpf.Ui.servoStudio\servoStudio_wjhet5xd_wpftmp.csproj]
C:\UserWorx\VSWorx\ServoStudio\wpfui-servoStudio\samples\Wpf.Ui.servoStudio\ViewModels\Motion\MotionTypeViewModel.cs(166,50): warning IDE0055: 淇鏍煎紡 (https://learn.microsoft.com/dotnet/fundamentals/code-analysis/style-rules/ide0055) [C:\UserWorx\VSWorx\ServoStudio\wpfui-servoStudio\samples\Wpf.Ui.servoStudio\servoStudio_wjhet5xd_wpftmp.csproj]
C:\UserWorx\VSWorx\ServoStudio\wpfui-servoStudio\samples\Wpf.Ui.servoStudio\ViewModels\Motion\MotionTypeViewModel.cs(1592,20): warning IDE0055: 淇鏍煎紡 (https://learn.microsoft.com/dotnet/fundamentals/code-analysis/style-rules/ide0055) [C:\UserWorx\VSWorx\ServoStudio\wpfui-servoStudio\samples\Wpf.Ui.servoStudio\servoStudio_wjhet5xd_wpftmp.csproj]
C:\UserWorx\VSWorx\ServoStudio\wpfui-servoStudio\samples\Wpf.Ui.servoStudio\ViewModels\Motion\MotionTypeViewModel.cs(1592,22): warning IDE0055: 淇鏍煎紡 (https://learn.microsoft.com/dotnet/fundamentals/code-analysis/style-rules/ide0055) [C:\UserWorx\VSWorx\ServoStudio\wpfui-servoStudio\samples\Wpf.Ui.servoStudio\servoStudio_wjhet5xd_wpftmp.csproj]
C:\UserWorx\VSWorx\ServoStudio\wpfui-servoStudio\samples\Wpf.Ui.servoStudio\ViewModels\Motion\MotionTypeViewModel.cs(1592,60): warning IDE0055: 淇鏍煎紡 (https://learn.microsoft.com/dotnet/fundamentals/code-analysis/style-rules/ide0055) [C:\UserWorx\VSWorx\ServoStudio\wpfui-servoStudio\samples\Wpf.Ui.servoStudio\servoStudio_wjhet5xd_wpftmp.csproj]
C:\UserWorx\VSWorx\ServoStudio\wpfui-servoStudio\samples\Wpf.Ui.servoStudio\ViewModels\Motion\MotionTypeViewModel.cs(1705,42): warning IDE0055: 淇鏍煎紡 (https://learn.microsoft.com/dotnet/fundamentals/code-analysis/style-rules/ide0055) [C:\UserWorx\VSWorx\ServoStudio\wpfui-servoStudio\samples\Wpf.Ui.servoStudio\servoStudio_wjhet5xd_wpftmp.csproj]
C:\UserWorx\VSWorx\ServoStudio\wpfui-servoStudio\samples\Wpf.Ui.servoStudio\ViewModels\Motion\MotionTypeViewModel.cs(1705,44): warning IDE0055: 淇鏍煎紡 (https://learn.microsoft.com/dotnet/fundamentals/code-analysis/style-rules/ide0055) [C:\UserWorx\VSWorx\ServoStudio\wpfui-servoStudio\samples\Wpf.Ui.servoStudio\servoStudio_wjhet5xd_wpftmp.csproj]
C:\UserWorx\VSWorx\ServoStudio\wpfui-servoStudio\samples\Wpf.Ui.servoStudio\ViewModels\Motion\MotionTypeViewModel.cs(1705,65): warning IDE0055: 淇鏍煎紡 (https://learn.microsoft.com/dotnet/fundamentals/code-analysis/style-rules/ide0055) [C:\UserWorx\VSWorx\ServoStudio\wpfui-servoStudio\samples\Wpf.Ui.servoStudio\servoStudio_wjhet5xd_wpftmp.csproj]
C:\UserWorx\VSWorx\ServoStudio\wpfui-servoStudio\samples\Wpf.Ui.servoStudio\ViewModels\Motion\MotionTypeViewModel.cs(1705,73): warning IDE0055: 淇鏍煎紡 (https://learn.microsoft.com/dotnet/fundamentals/code-analysis/style-rules/ide0055) [C:\UserWorx\VSWorx\ServoStudio\wpfui-servoStudio\samples\Wpf.Ui.servoStudio\servoStudio_wjhet5xd_wpftmp.csproj]
C:\UserWorx\VSWorx\ServoStudio\wpfui-servoStudio\samples\Wpf.Ui.servoStudio\ViewModels\Motion\MotionTypeViewModel.cs(1707,78): warning IDE0055: 淇鏍煎紡 (https://learn.microsoft.com/dotnet/fundamentals/code-analysis/style-rules/ide0055) [C:\UserWorx\VSWorx\ServoStudio\wpfui-servoStudio\samples\Wpf.Ui.servoStudio\servoStudio_wjhet5xd_wpftmp.csproj]
C:\UserWorx\VSWorx\ServoStudio\wpfui-servoStudio\samples\Wpf.Ui.servoStudio\ViewModels\Motion\MotionTypeViewModel.cs(1708,91): warning IDE0055: 淇鏍煎紡 (https://learn.microsoft.com/dotnet/fundamentals/code-analysis/style-rules/ide0055) [C:\UserWorx\VSWorx\ServoStudio\wpfui-servoStudio\samples\Wpf.Ui.servoStudio\servoStudio_wjhet5xd_wpftmp.csproj]
C:\UserWorx\VSWorx\ServoStudio\wpfui-servoStudio\samples\Wpf.Ui.servoStudio\ViewModels\Motion\MotionTypeViewModel.cs(1709,81): warning IDE0055: 淇鏍煎紡 (https://learn.microsoft.com/dotnet/fundamentals/code-analysis/style-rules/ide0055) [C:\UserWorx\VSWorx\ServoStudio\wpfui-servoStudio\samples\Wpf.Ui.servoStudio\servoStudio_wjhet5xd_wpftmp.csproj]
C:\UserWorx\VSWorx\ServoStudio\wpfui-servoStudio\samples\Wpf.Ui.servoStudio\ViewModels\Motion\MotionTypeViewModel.cs(1710,83): warning IDE0055: 淇鏍煎紡 (https://learn.microsoft.com/dotnet/fundamentals/code-analysis/style-rules/ide0055) [C:\UserWorx\VSWorx\ServoStudio\wpfui-servoStudio\samples\Wpf.Ui.servoStudio\servoStudio_wjhet5xd_wpftmp.csproj]
C:\UserWorx\VSWorx\ServoStudio\wpfui-servoStudio\samples\Wpf.Ui.servoStudio\ViewModels\Motion\MotionTypeViewModel.cs(1711,83): warning IDE0055: 淇鏍煎紡 (https://learn.microsoft.com/dotnet/fundamentals/code-analysis/style-rules/ide0055) [C:\UserWorx\VSWorx\ServoStudio\wpfui-servoStudio\samples\Wpf.Ui.servoStudio\servoStudio_wjhet5xd_wpftmp.csproj]
C:\UserWorx\VSWorx\ServoStudio\wpfui-servoStudio\samples\Wpf.Ui.servoStudio\ViewModels\Motion\MotionTypeViewModel.cs(1712,83): warning IDE0055: 淇鏍煎紡 (https://learn.microsoft.com/dotnet/fundamentals/code-analysis/style-rules/ide0055) [C:\UserWorx\VSWorx\ServoStudio\wpfui-servoStudio\samples\Wpf.Ui.servoStudio\servoStudio_wjhet5xd_wpftmp.csproj]
C:\UserWorx\VSWorx\ServoStudio\wpfui-servoStudio\samples\Wpf.Ui.servoStudio\ViewModels\Motion\MotionTypeViewModel.cs(1719,42): warning IDE0055: 淇鏍煎紡 (https://learn.microsoft.com/dotnet/fundamentals/code-analysis/style-rules/ide0055) [C:\UserWorx\VSWorx\ServoStudio\wpfui-servoStudio\samples\Wpf.Ui.servoStudio\servoStudio_wjhet5xd_wpftmp.csproj]
C:\UserWorx\VSWorx\ServoStudio\wpfui-servoStudio\samples\Wpf.Ui.servoStudio\ViewModels\Motion\MotionTypeViewModel.cs(1719,44): warning IDE0055: 淇鏍煎紡 (https://learn.microsoft.com/dotnet/fundamentals/code-analysis/style-rules/ide0055) [C:\UserWorx\VSWorx\ServoStudio\wpfui-servoStudio\samples\Wpf.Ui.servoStudio\servoStudio_wjhet5xd_wpftmp.csproj]
C:\UserWorx\VSWorx\ServoStudio\wpfui-servoStudio\samples\Wpf.Ui.servoStudio\ViewModels\Motion\MotionTypeViewModel.cs(1719,65): warning IDE0055: 淇鏍煎紡 (https://learn.microsoft.com/dotnet/fundamentals/code-analysis/style-rules/ide0055) [C:\UserWorx\VSWorx\ServoStudio\wpfui-servoStudio\samples\Wpf.Ui.servoStudio\servoStudio_wjhet5xd_wpftmp.csproj]
C:\UserWorx\VSWorx\ServoStudio\wpfui-servoStudio\samples\Wpf.Ui.servoStudio\ViewModels\Motion\MotionTypeViewModel.cs(1719,73): warning IDE0055: 淇鏍煎紡 (https://learn.microsoft.com/dotnet/fundamentals/code-analysis/style-rules/ide0055) [C:\UserWorx\VSWorx\ServoStudio\wpfui-servoStudio\samples\Wpf.Ui.servoStudio\servoStudio_wjhet5xd_wpftmp.csproj]
C:\UserWorx\VSWorx\ServoStudio\wpfui-servoStudio\samples\Wpf.Ui.servoStudio\ViewModels\DeviceSet\BusDiagnosticsViewModel.cs(696,21): warning IDE0058: 姘歌繙涓嶄細浣跨敤琛ㄨ揪寮忓€?(https://learn.microsoft.com/dotnet/fundamentals/code-analysis/style-rules/ide0058) [C:\UserWorx\VSWorx\ServoStudio\wpfui-servoStudio\samples\Wpf.Ui.servoStudio\servoStudio_wjhet5xd_wpftmp.csproj]
C:\UserWorx\VSWorx\ServoStudio\wpfui-servoStudio\samples\Wpf.Ui.servoStudio\ViewModels\DeviceSet\BusDiagnosticsViewModel.cs(707,17): warning IDE0058: 姘歌繙涓嶄細浣跨敤琛ㄨ揪寮忓€?(https://learn.microsoft.com/dotnet/fundamentals/code-analysis/style-rules/ide0058) [C:\UserWorx\VSWorx\ServoStudio\wpfui-servoStudio\samples\Wpf.Ui.servoStudio\servoStudio_wjhet5xd_wpftmp.csproj]
C:\UserWorx\VSWorx\ServoStudio\wpfui-servoStudio\samples\Wpf.Ui.servoStudio\ViewModels\DeviceSet\BusDiagnosticsViewModel.cs(708,17): warning IDE0058: 姘歌繙涓嶄細浣跨敤琛ㄨ揪寮忓€?(https://learn.microsoft.com/dotnet/fundamentals/code-analysis/style-rules/ide0058) [C:\UserWorx\VSWorx\ServoStudio\wpfui-servoStudio\samples\Wpf.Ui.servoStudio\servoStudio_wjhet5xd_wpftmp.csproj]
C:\UserWorx\VSWorx\ServoStudio\wpfui-servoStudio\samples\Wpf.Ui.servoStudio\ViewModels\DeviceSet\BusDiagnosticsViewModel.cs(709,17): warning IDE0058: 姘歌繙涓嶄細浣跨敤琛ㄨ揪寮忓€?(https://learn.microsoft.com/dotnet/fundamentals/code-analysis/style-rules/ide0058) [C:\UserWorx\VSWorx\ServoStudio\wpfui-servoStudio\samples\Wpf.Ui.servoStudio\servoStudio_wjhet5xd_wpftmp.csproj]
C:\UserWorx\VSWorx\ServoStudio\wpfui-servoStudio\samples\Wpf.Ui.servoStudio\ViewModels\DeviceSet\BusDiagnosticsViewModel.cs(710,17): warning IDE0058: 姘歌繙涓嶄細浣跨敤琛ㄨ揪寮忓€?(https://learn.microsoft.com/dotnet/fundamentals/code-analysis/style-rules/ide0058) [C:\UserWorx\VSWorx\ServoStudio\wpfui-servoStudio\samples\Wpf.Ui.servoStudio\servoStudio_wjhet5xd_wpftmp.csproj]
C:\UserWorx\VSWorx\ServoStudio\wpfui-servoStudio\samples\Wpf.Ui.servoStudio\ViewModels\DeviceSet\BusDiagnosticsViewModel.cs(711,17): warning IDE0058: 姘歌繙涓嶄細浣跨敤琛ㄨ揪寮忓€?(https://learn.microsoft.com/dotnet/fundamentals/code-analysis/style-rules/ide0058) [C:\UserWorx\VSWorx\ServoStudio\wpfui-servoStudio\samples\Wpf.Ui.servoStudio\servoStudio_wjhet5xd_wpftmp.csproj]
C:\UserWorx\VSWorx\ServoStudio\wpfui-servoStudio\samples\Wpf.Ui.servoStudio\ViewModels\DeviceSet\BusDiagnosticsViewModel.cs(712,17): warning IDE0058: 姘歌繙涓嶄細浣跨敤琛ㄨ揪寮忓€?(https://learn.microsoft.com/dotnet/fundamentals/code-analysis/style-rules/ide0058) [C:\UserWorx\VSWorx\ServoStudio\wpfui-servoStudio\samples\Wpf.Ui.servoStudio\servoStudio_wjhet5xd_wpftmp.csproj]
C:\UserWorx\VSWorx\ServoStudio\wpfui-servoStudio\samples\Wpf.Ui.servoStudio\ViewModels\DeviceSet\BusDiagnosticsViewModel.cs(713,17): warning IDE0058: 姘歌繙涓嶄細浣跨敤琛ㄨ揪寮忓€?(https://learn.microsoft.com/dotnet/fundamentals/code-analysis/style-rules/ide0058) [C:\UserWorx\VSWorx\ServoStudio\wpfui-servoStudio\samples\Wpf.Ui.servoStudio\servoStudio_wjhet5xd_wpftmp.csproj]
C:\UserWorx\VSWorx\ServoStudio\wpfui-servoStudio\samples\Wpf.Ui.servoStudio\ViewModels\DeviceSet\BusDiagnosticsViewModel.cs(714,17): warning IDE0058: 姘歌繙涓嶄細浣跨敤琛ㄨ揪寮忓€?(https://learn.microsoft.com/dotnet/fundamentals/code-analysis/style-rules/ide0058) [C:\UserWorx\VSWorx\ServoStudio\wpfui-servoStudio\samples\Wpf.Ui.servoStudio\servoStudio_wjhet5xd_wpftmp.csproj]
C:\UserWorx\VSWorx\ServoStudio\wpfui-servoStudio\samples\Wpf.Ui.servoStudio\ViewModels\DeviceSet\BusDiagnosticsViewModel.cs(720,13): warning IDE0058: 姘歌繙涓嶄細浣跨敤琛ㄨ揪寮忓€?(https://learn.microsoft.com/dotnet/fundamentals/code-analysis/style-rules/ide0058) [C:\UserWorx\VSWorx\ServoStudio\wpfui-servoStudio\samples\Wpf.Ui.servoStudio\servoStudio_wjhet5xd_wpftmp.csproj]
C:\UserWorx\VSWorx\ServoStudio\wpfui-servoStudio\samples\Wpf.Ui.servoStudio\ViewModels\Motion\MotionTypeViewModel.cs(236,13): warning IDE2003: 鍧椾笌鍚庣画璇彞涔嬮棿闇€瑕佹湁绌虹櫧琛?(https://learn.microsoft.com/dotnet/fundamentals/code-analysis/style-rules/ide2003) [C:\UserWorx\VSWorx\ServoStudio\wpfui-servoStudio\samples\Wpf.Ui.servoStudio\servoStudio_wjhet5xd_wpftmp.csproj]
C:\UserWorx\VSWorx\ServoStudio\wpfui-servoStudio\samples\Wpf.Ui.servoStudio\ViewModels\Motion\MotionTypeViewModel.cs(247,13): warning IDE2003: 鍧椾笌鍚庣画璇彞涔嬮棿闇€瑕佹湁绌虹櫧琛?(https://learn.microsoft.com/dotnet/fundamentals/code-analysis/style-rules/ide2003) [C:\UserWorx\VSWorx\ServoStudio\wpfui-servoStudio\samples\Wpf.Ui.servoStudio\servoStudio_wjhet5xd_wpftmp.csproj]
C:\UserWorx\VSWorx\ServoStudio\wpfui-servoStudio\samples\Wpf.Ui.servoStudio\ViewModels\Motion\MotionTypeViewModel.cs(280,13): warning IDE2003: 鍧椾笌鍚庣画璇彞涔嬮棿闇€瑕佹湁绌虹櫧琛?(https://learn.microsoft.com/dotnet/fundamentals/code-analysis/style-rules/ide2003) [C:\UserWorx\VSWorx\ServoStudio\wpfui-servoStudio\samples\Wpf.Ui.servoStudio\servoStudio_wjhet5xd_wpftmp.csproj]
C:\UserWorx\VSWorx\ServoStudio\wpfui-servoStudio\samples\Wpf.Ui.servoStudio\ViewModels\Motion\MotionTypeViewModel.cs(274,17): warning IDE2003: 鍧椾笌鍚庣画璇彞涔嬮棿闇€瑕佹湁绌虹櫧琛?(https://learn.microsoft.com/dotnet/fundamentals/code-analysis/style-rules/ide2003) [C:\UserWorx\VSWorx\ServoStudio\wpfui-servoStudio\samples\Wpf.Ui.servoStudio\servoStudio_wjhet5xd_wpftmp.csproj]
C:\UserWorx\VSWorx\ServoStudio\wpfui-servoStudio\samples\Wpf.Ui.servoStudio\ViewModels\Motion\MotionTypeViewModel.cs(287,17): warning IDE2003: 鍧椾笌鍚庣画璇彞涔嬮棿闇€瑕佹湁绌虹櫧琛?(https://learn.microsoft.com/dotnet/fundamentals/code-analysis/style-rules/ide2003) [C:\UserWorx\VSWorx\ServoStudio\wpfui-servoStudio\samples\Wpf.Ui.servoStudio\servoStudio_wjhet5xd_wpftmp.csproj]
C:\UserWorx\VSWorx\ServoStudio\wpfui-servoStudio\samples\Wpf.Ui.servoStudio\ViewModels\Motion\MotionTypeViewModel.cs(333,13): warning IDE2003: 鍧椾笌鍚庣画璇彞涔嬮棿闇€瑕佹湁绌虹櫧琛?(https://learn.microsoft.com/dotnet/fundamentals/code-analysis/style-rules/ide2003) [C:\UserWorx\VSWorx\ServoStudio\wpfui-servoStudio\samples\Wpf.Ui.servoStudio\servoStudio_wjhet5xd_wpftmp.csproj]
C:\UserWorx\VSWorx\ServoStudio\wpfui-servoStudio\samples\Wpf.Ui.servoStudio\ViewModels\Motion\MotionTypeViewModel.cs(363,13): warning IDE2003: 鍧椾笌鍚庣画璇彞涔嬮棿闇€瑕佹湁绌虹櫧琛?(https://learn.microsoft.com/dotnet/fundamentals/code-analysis/style-rules/ide2003) [C:\UserWorx\VSWorx\ServoStudio\wpfui-servoStudio\samples\Wpf.Ui.servoStudio\servoStudio_wjhet5xd_wpftmp.csproj]
C:\UserWorx\VSWorx\ServoStudio\wpfui-servoStudio\samples\Wpf.Ui.servoStudio\ViewModels\Motion\MotionTypeViewModel.cs(380,13): warning IDE2003: 鍧椾笌鍚庣画璇彞涔嬮棿闇€瑕佹湁绌虹櫧琛?(https://learn.microsoft.com/dotnet/fundamentals/code-analysis/style-rules/ide2003) [C:\UserWorx\VSWorx\ServoStudio\wpfui-servoStudio\samples\Wpf.Ui.servoStudio\servoStudio_wjhet5xd_wpftmp.csproj]
C:\UserWorx\VSWorx\ServoStudio\wpfui-servoStudio\samples\Wpf.Ui.servoStudio\ViewModels\Motion\MotionTypeViewModel.cs(401,13): warning IDE2003: 鍧椾笌鍚庣画璇彞涔嬮棿闇€瑕佹湁绌虹櫧琛?(https://learn.microsoft.com/dotnet/fundamentals/code-analysis/style-rules/ide2003) [C:\UserWorx\VSWorx\ServoStudio\wpfui-servoStudio\samples\Wpf.Ui.servoStudio\servoStudio_wjhet5xd_wpftmp.csproj]
C:\UserWorx\VSWorx\ServoStudio\wpfui-servoStudio\samples\Wpf.Ui.servoStudio\ViewModels\Motion\MotionTypeViewModel.cs(406,13): warning IDE2003: 鍧椾笌鍚庣画璇彞涔嬮棿闇€瑕佹湁绌虹櫧琛?(https://learn.microsoft.com/dotnet/fundamentals/code-analysis/style-rules/ide2003) [C:\UserWorx\VSWorx\ServoStudio\wpfui-servoStudio\samples\Wpf.Ui.servoStudio\servoStudio_wjhet5xd_wpftmp.csproj]
C:\UserWorx\VSWorx\ServoStudio\wpfui-servoStudio\samples\Wpf.Ui.servoStudio\ViewModels\AppData\DataViewViewModel.cs(1093,46): warning IDE0008: 鐢ㄦ樉寮忕被鍨嬩唬鏇?"var" (https://learn.microsoft.com/dotnet/fundamentals/code-analysis/style-rules/ide0008) [C:\UserWorx\VSWorx\ServoStudio\wpfui-servoStudio\samples\Wpf.Ui.servoStudio\servoStudio_wjhet5xd_wpftmp.csproj]
C:\UserWorx\VSWorx\ServoStudio\wpfui-servoStudio\samples\Wpf.Ui.servoStudio\ViewModels\AppData\DataViewViewModel.cs(1110,13): warning IDE0008: 鐢ㄦ樉寮忕被鍨嬩唬鏇?"var" (https://learn.microsoft.com/dotnet/fundamentals/code-analysis/style-rules/ide0008) [C:\UserWorx\VSWorx\ServoStudio\wpfui-servoStudio\samples\Wpf.Ui.servoStudio\servoStudio_wjhet5xd_wpftmp.csproj]
C:\UserWorx\VSWorx\ServoStudio\wpfui-servoStudio\samples\Wpf.Ui.servoStudio\ViewModels\Motion\MotionTypeViewModel.cs(537,9): warning IDE2003: 鍧椾笌鍚庣画璇彞涔嬮棿闇€瑕佹湁绌虹櫧琛?(https://learn.microsoft.com/dotnet/fundamentals/code-analysis/style-rules/ide2003) [C:\UserWorx\VSWorx\ServoStudio\wpfui-servoStudio\samples\Wpf.Ui.servoStudio\servoStudio_wjhet5xd_wpftmp.csproj]
C:\UserWorx\VSWorx\ServoStudio\wpfui-servoStudio\samples\Wpf.Ui.servoStudio\ViewModels\Motion\MotionTypeViewModel.cs(533,21): warning IDE2003: 鍧椾笌鍚庣画璇彞涔嬮棿闇€瑕佹湁绌虹櫧琛?(https://learn.microsoft.com/dotnet/fundamentals/code-analysis/style-rules/ide2003) [C:\UserWorx\VSWorx\ServoStudio\wpfui-servoStudio\samples\Wpf.Ui.servoStudio\servoStudio_wjhet5xd_wpftmp.csproj]
C:\UserWorx\VSWorx\ServoStudio\wpfui-servoStudio\samples\Wpf.Ui.servoStudio\ViewModels\AppData\DataViewViewModel.cs(1150,15): warning IDE0008: 鐢ㄦ樉寮忕被鍨嬩唬鏇?"var" (https://learn.microsoft.com/dotnet/fundamentals/code-analysis/style-rules/ide0008) [C:\UserWorx\VSWorx\ServoStudio\wpfui-servoStudio\samples\Wpf.Ui.servoStudio\servoStudio_wjhet5xd_wpftmp.csproj]
C:\UserWorx\VSWorx\ServoStudio\wpfui-servoStudio\samples\Wpf.Ui.servoStudio\ViewModels\AppData\DataViewViewModel.cs(1224,19): warning IDE0008: 鐢ㄦ樉寮忕被鍨嬩唬鏇?"var" (https://learn.microsoft.com/dotnet/fundamentals/code-analysis/style-rules/ide0008) [C:\UserWorx\VSWorx\ServoStudio\wpfui-servoStudio\samples\Wpf.Ui.servoStudio\servoStudio_wjhet5xd_wpftmp.csproj]
C:\UserWorx\VSWorx\ServoStudio\wpfui-servoStudio\samples\Wpf.Ui.servoStudio\ViewModels\AppData\DataViewViewModel.cs(1153,9): warning IDE0008: 鐢ㄦ樉寮忕被鍨嬩唬鏇?"var" (https://learn.microsoft.com/dotnet/fundamentals/code-analysis/style-rules/ide0008) [C:\UserWorx\VSWorx\ServoStudio\wpfui-servoStudio\samples\Wpf.Ui.servoStudio\servoStudio_wjhet5xd_wpftmp.csproj]
C:\UserWorx\VSWorx\ServoStudio\wpfui-servoStudio\samples\Wpf.Ui.servoStudio\ViewModels\AppData\DataViewViewModel.cs(1157,9): warning IDE0008: 鐢ㄦ樉寮忕被鍨嬩唬鏇?"var" (https://learn.microsoft.com/dotnet/fundamentals/code-analysis/style-rules/ide0008) [C:\UserWorx\VSWorx\ServoStudio\wpfui-servoStudio\samples\Wpf.Ui.servoStudio\servoStudio_wjhet5xd_wpftmp.csproj]
C:\UserWorx\VSWorx\ServoStudio\wpfui-servoStudio\samples\Wpf.Ui.servoStudio\ViewModels\AppData\DataViewViewModel.cs(1225,22): warning IDE0008: 鐢ㄦ樉寮忕被鍨嬩唬鏇?"var" (https://learn.microsoft.com/dotnet/fundamentals/code-analysis/style-rules/ide0008) [C:\UserWorx\VSWorx\ServoStudio\wpfui-servoStudio\samples\Wpf.Ui.servoStudio\servoStudio_wjhet5xd_wpftmp.csproj]
C:\UserWorx\VSWorx\ServoStudio\wpfui-servoStudio\samples\Wpf.Ui.servoStudio\ViewModels\AppData\DataViewViewModel.cs(1169,26): warning IDE0008: 鐢ㄦ樉寮忕被鍨嬩唬鏇?"var" (https://learn.microsoft.com/dotnet/fundamentals/code-analysis/style-rules/ide0008) [C:\UserWorx\VSWorx\ServoStudio\wpfui-servoStudio\samples\Wpf.Ui.servoStudio\servoStudio_wjhet5xd_wpftmp.csproj]
C:\UserWorx\VSWorx\ServoStudio\wpfui-servoStudio\samples\Wpf.Ui.servoStudio\ViewModels\AppData\DataViewViewModel.cs(1188,22): warning IDE0008: 鐢ㄦ樉寮忕被鍨嬩唬鏇?"var" (https://learn.microsoft.com/dotnet/fundamentals/code-analysis/style-rules/ide0008) [C:\UserWorx\VSWorx\ServoStudio\wpfui-servoStudio\samples\Wpf.Ui.servoStudio\servoStudio_wjhet5xd_wpftmp.csproj]
C:\UserWorx\VSWorx\ServoStudio\wpfui-servoStudio\samples\Wpf.Ui.servoStudio\ViewModels\AppData\DataViewViewModel.cs(1208,9): warning IDE0008: 鐢ㄦ樉寮忕被鍨嬩唬鏇?"var" (https://learn.microsoft.com/dotnet/fundamentals/code-analysis/style-rules/ide0008) [C:\UserWorx\VSWorx\ServoStudio\wpfui-servoStudio\samples\Wpf.Ui.servoStudio\servoStudio_wjhet5xd_wpftmp.csproj]
C:\UserWorx\VSWorx\ServoStudio\wpfui-servoStudio\samples\Wpf.Ui.servoStudio\ViewModels\Motion\MotionTypeViewModel.cs(1705,74): warning IDE2003: 鍧椾笌鍚庣画璇彞涔嬮棿闇€瑕佹湁绌虹櫧琛?(https://learn.microsoft.com/dotnet/fundamentals/code-analysis/style-rules/ide2003) [C:\UserWorx\VSWorx\ServoStudio\wpfui-servoStudio\samples\Wpf.Ui.servoStudio\servoStudio_wjhet5xd_wpftmp.csproj]
C:\UserWorx\VSWorx\ServoStudio\wpfui-servoStudio\samples\Wpf.Ui.servoStudio\ViewModels\AppData\DataViewViewModel.cs(1250,19): warning IDE0008: 鐢ㄦ樉寮忕被鍨嬩唬鏇?"var" (https://learn.microsoft.com/dotnet/fundamentals/code-analysis/style-rules/ide0008) [C:\UserWorx\VSWorx\ServoStudio\wpfui-servoStudio\samples\Wpf.Ui.servoStudio\servoStudio_wjhet5xd_wpftmp.csproj]
C:\UserWorx\VSWorx\ServoStudio\wpfui-servoStudio\samples\Wpf.Ui.servoStudio\ViewModels\Motion\MotionTypeViewModel.cs(1719,74): warning IDE2003: 鍧椾笌鍚庣画璇彞涔嬮棿闇€瑕佹湁绌虹櫧琛?(https://learn.microsoft.com/dotnet/fundamentals/code-analysis/style-rules/ide2003) [C:\UserWorx\VSWorx\ServoStudio\wpfui-servoStudio\samples\Wpf.Ui.servoStudio\servoStudio_wjhet5xd_wpftmp.csproj]
C:\UserWorx\VSWorx\ServoStudio\wpfui-servoStudio\samples\Wpf.Ui.servoStudio\ViewModels\AppData\DataViewViewModel.cs(1279,9): warning IDE0008: 鐢ㄦ樉寮忕被鍨嬩唬鏇?"var" (https://learn.microsoft.com/dotnet/fundamentals/code-analysis/style-rules/ide0008) [C:\UserWorx\VSWorx\ServoStudio\wpfui-servoStudio\samples\Wpf.Ui.servoStudio\servoStudio_wjhet5xd_wpftmp.csproj]
C:\UserWorx\VSWorx\ServoStudio\wpfui-servoStudio\samples\Wpf.Ui.servoStudio\ViewModels\AppData\DataViewViewModel.cs(1280,9): warning IDE0008: 鐢ㄦ樉寮忕被鍨嬩唬鏇?"var" (https://learn.microsoft.com/dotnet/fundamentals/code-analysis/style-rules/ide0008) [C:\UserWorx\VSWorx\ServoStudio\wpfui-servoStudio\samples\Wpf.Ui.servoStudio\servoStudio_wjhet5xd_wpftmp.csproj]
C:\UserWorx\VSWorx\ServoStudio\wpfui-servoStudio\samples\Wpf.Ui.servoStudio\ViewModels\AppData\DataViewViewModel.cs(1291,19): warning IDE0008: 鐢ㄦ樉寮忕被鍨嬩唬鏇?"var" (https://learn.microsoft.com/dotnet/fundamentals/code-analysis/style-rules/ide0008) [C:\UserWorx\VSWorx\ServoStudio\wpfui-servoStudio\samples\Wpf.Ui.servoStudio\servoStudio_wjhet5xd_wpftmp.csproj]
C:\UserWorx\VSWorx\ServoStudio\wpfui-servoStudio\samples\Wpf.Ui.servoStudio\ViewModels\AppData\DataViewViewModel.cs(1315,19): warning IDE0008: 鐢ㄦ樉寮忕被鍨嬩唬鏇?"var" (https://learn.microsoft.com/dotnet/fundamentals/code-analysis/style-rules/ide0008) [C:\UserWorx\VSWorx\ServoStudio\wpfui-servoStudio\samples\Wpf.Ui.servoStudio\servoStudio_wjhet5xd_wpftmp.csproj]
C:\UserWorx\VSWorx\ServoStudio\wpfui-servoStudio\samples\Wpf.Ui.servoStudio\ViewModels\AppData\DataSaveViewModel.cs(1110,9): warning IDE0011: 鍚?鈥渋f鈥?璇彞娣诲姞澶ф嫭鍙枫€?(https://learn.microsoft.com/dotnet/fundamentals/code-analysis/style-rules/ide0011) [C:\UserWorx\VSWorx\ServoStudio\wpfui-servoStudio\samples\Wpf.Ui.servoStudio\servoStudio_wjhet5xd_wpftmp.csproj]
C:\UserWorx\VSWorx\ServoStudio\wpfui-servoStudio\samples\Wpf.Ui.servoStudio\ViewModels\AppData\DataViewViewModel.cs(1348,9): warning IDE0008: 鐢ㄦ樉寮忕被鍨嬩唬鏇?"var" (https://learn.microsoft.com/dotnet/fundamentals/code-analysis/style-rules/ide0008) [C:\UserWorx\VSWorx\ServoStudio\wpfui-servoStudio\samples\Wpf.Ui.servoStudio\servoStudio_wjhet5xd_wpftmp.csproj]
C:\UserWorx\VSWorx\ServoStudio\wpfui-servoStudio\samples\Wpf.Ui.servoStudio\ViewModels\AppData\DataViewViewModel.cs(1362,15): warning IDE0008: 鐢ㄦ樉寮忕被鍨嬩唬鏇?"var" (https://learn.microsoft.com/dotnet/fundamentals/code-analysis/style-rules/ide0008) [C:\UserWorx\VSWorx\ServoStudio\wpfui-servoStudio\samples\Wpf.Ui.servoStudio\servoStudio_wjhet5xd_wpftmp.csproj]
C:\UserWorx\VSWorx\ServoStudio\wpfui-servoStudio\samples\Wpf.Ui.servoStudio\ViewModels\DeviceSet\DeviceAddViewModel.cs(947,33): warning IDE0058: 姘歌繙涓嶄細浣跨敤琛ㄨ揪寮忓€?(https://learn.microsoft.com/dotnet/fundamentals/code-analysis/style-rules/ide0058) [C:\UserWorx\VSWorx\ServoStudio\wpfui-servoStudio\samples\Wpf.Ui.servoStudio\servoStudio_wjhet5xd_wpftmp.csproj]
C:\UserWorx\VSWorx\ServoStudio\wpfui-servoStudio\samples\Wpf.Ui.servoStudio\ViewModels\DeviceSet\DeviceAddViewModel.cs(46,43): warning IDE0044: 灏嗗瓧娈佃缃负鍙 (https://learn.microsoft.com/dotnet/fundamentals/code-analysis/style-rules/ide0044) [C:\UserWorx\VSWorx\ServoStudio\wpfui-servoStudio\samples\Wpf.Ui.servoStudio\servoStudio_wjhet5xd_wpftmp.csproj]
C:\UserWorx\VSWorx\ServoStudio\wpfui-servoStudio\samples\Wpf.Ui.servoStudio\ViewModels\AppData\DataSaveViewModel.cs(1123,9): warning IDE0011: 鍚?鈥渋f鈥?璇彞娣诲姞澶ф嫭鍙枫€?(https://learn.microsoft.com/dotnet/fundamentals/code-analysis/style-rules/ide0011) [C:\UserWorx\VSWorx\ServoStudio\wpfui-servoStudio\samples\Wpf.Ui.servoStudio\servoStudio_wjhet5xd_wpftmp.csproj]
C:\UserWorx\VSWorx\ServoStudio\wpfui-servoStudio\samples\Wpf.Ui.servoStudio\ViewModels\AppData\DataSaveViewModel.cs(1135,21): warning IDE0011: 鍚?鈥渋f鈥?璇彞娣诲姞澶ф嫭鍙枫€?(https://learn.microsoft.com/dotnet/fundamentals/code-analysis/style-rules/ide0011) [C:\UserWorx\VSWorx\ServoStudio\wpfui-servoStudio\samples\Wpf.Ui.servoStudio\servoStudio_wjhet5xd_wpftmp.csproj]
C:\UserWorx\VSWorx\ServoStudio\wpfui-servoStudio\samples\Wpf.Ui.servoStudio\ViewModels\AppData\DataSaveViewModel.cs(1136,21): warning IDE0011: 鍚?鈥渆lse鈥?璇彞娣诲姞澶ф嫭鍙枫€?(https://learn.microsoft.com/dotnet/fundamentals/code-analysis/style-rules/ide0011) [C:\UserWorx\VSWorx\ServoStudio\wpfui-servoStudio\samples\Wpf.Ui.servoStudio\servoStudio_wjhet5xd_wpftmp.csproj]
C:\UserWorx\VSWorx\ServoStudio\wpfui-servoStudio\samples\Wpf.Ui.servoStudio\ViewModels\AppData\DataViewViewModel.cs(1379,21): warning IDE0058: 姘歌繙涓嶄細浣跨敤琛ㄨ揪寮忓€?(https://learn.microsoft.com/dotnet/fundamentals/code-analysis/style-rules/ide0058) [C:\UserWorx\VSWorx\ServoStudio\wpfui-servoStudio\samples\Wpf.Ui.servoStudio\servoStudio_wjhet5xd_wpftmp.csproj]
C:\UserWorx\VSWorx\ServoStudio\wpfui-servoStudio\samples\Wpf.Ui.servoStudio\ViewModels\AppData\DataViewViewModel.cs(1446,15): warning IDE0008: 鐢ㄦ樉寮忕被鍨嬩唬鏇?"var" (https://learn.microsoft.com/dotnet/fundamentals/code-analysis/style-rules/ide0008) [C:\UserWorx\VSWorx\ServoStudio\wpfui-servoStudio\samples\Wpf.Ui.servoStudio\servoStudio_wjhet5xd_wpftmp.csproj]
C:\UserWorx\VSWorx\ServoStudio\wpfui-servoStudio\samples\Wpf.Ui.servoStudio\ViewModels\AppData\DataViewViewModel.cs(1684,13): warning IDE0008: 鐢ㄦ樉寮忕被鍨嬩唬鏇?"var" (https://learn.microsoft.com/dotnet/fundamentals/code-analysis/style-rules/ide0008) [C:\UserWorx\VSWorx\ServoStudio\wpfui-servoStudio\samples\Wpf.Ui.servoStudio\servoStudio_wjhet5xd_wpftmp.csproj]
C:\UserWorx\VSWorx\ServoStudio\wpfui-servoStudio\samples\Wpf.Ui.servoStudio\ViewModels\AppData\DataViewViewModel.cs(1750,9): warning IDE0008: 鐢ㄦ樉寮忕被鍨嬩唬鏇?"var" (https://learn.microsoft.com/dotnet/fundamentals/code-analysis/style-rules/ide0008) [C:\UserWorx\VSWorx\ServoStudio\wpfui-servoStudio\samples\Wpf.Ui.servoStudio\servoStudio_wjhet5xd_wpftmp.csproj]
C:\UserWorx\VSWorx\ServoStudio\wpfui-servoStudio\samples\Wpf.Ui.servoStudio\ViewModels\AppData\DataViewViewModel.cs(1782,9): warning IDE0008: 鐢ㄦ樉寮忕被鍨嬩唬鏇?"var" (https://learn.microsoft.com/dotnet/fundamentals/code-analysis/style-rules/ide0008) [C:\UserWorx\VSWorx\ServoStudio\wpfui-servoStudio\samples\Wpf.Ui.servoStudio\servoStudio_wjhet5xd_wpftmp.csproj]
C:\UserWorx\VSWorx\ServoStudio\wpfui-servoStudio\samples\Wpf.Ui.servoStudio\ViewModels\Motion\MultiStepProfileViewModel.cs(56,44): warning IDE0055: 淇鏍煎紡 (https://learn.microsoft.com/dotnet/fundamentals/code-analysis/style-rules/ide0055) [C:\UserWorx\VSWorx\ServoStudio\wpfui-servoStudio\samples\Wpf.Ui.servoStudio\servoStudio_wjhet5xd_wpftmp.csproj]
C:\UserWorx\VSWorx\ServoStudio\wpfui-servoStudio\samples\Wpf.Ui.servoStudio\ViewModels\Motion\MultiStepProfileViewModel.cs(56,46): warning IDE0055: 淇鏍煎紡 (https://learn.microsoft.com/dotnet/fundamentals/code-analysis/style-rules/ide0055) [C:\UserWorx\VSWorx\ServoStudio\wpfui-servoStudio\samples\Wpf.Ui.servoStudio\servoStudio_wjhet5xd_wpftmp.csproj]
C:\UserWorx\VSWorx\ServoStudio\wpfui-servoStudio\samples\Wpf.Ui.servoStudio\ViewModels\Motion\MultiStepProfileViewModel.cs(56,68): warning IDE0055: 淇鏍煎紡 (https://learn.microsoft.com/dotnet/fundamentals/code-analysis/style-rules/ide0055) [C:\UserWorx\VSWorx\ServoStudio\wpfui-servoStudio\samples\Wpf.Ui.servoStudio\servoStudio_wjhet5xd_wpftmp.csproj]
C:\UserWorx\VSWorx\ServoStudio\wpfui-servoStudio\samples\Wpf.Ui.servoStudio\ViewModels\Motion\MultiStepProfileViewModel.cs(56,76): warning IDE0055: 淇鏍煎紡 (https://learn.microsoft.com/dotnet/fundamentals/code-analysis/style-rules/ide0055) [C:\UserWorx\VSWorx\ServoStudio\wpfui-servoStudio\samples\Wpf.Ui.servoStudio\servoStudio_wjhet5xd_wpftmp.csproj]
C:\UserWorx\VSWorx\ServoStudio\wpfui-servoStudio\samples\Wpf.Ui.servoStudio\ViewModels\Motion\MultiStepProfileViewModel.cs(58,46): warning IDE0055: 淇鏍煎紡 (https://learn.microsoft.com/dotnet/fundamentals/code-analysis/style-rules/ide0055) [C:\UserWorx\VSWorx\ServoStudio\wpfui-servoStudio\samples\Wpf.Ui.servoStudio\servoStudio_wjhet5xd_wpftmp.csproj]
C:\UserWorx\VSWorx\ServoStudio\wpfui-servoStudio\samples\Wpf.Ui.servoStudio\ViewModels\Motion\MultiStepProfileViewModel.cs(58,48): warning IDE0055: 淇鏍煎紡 (https://learn.microsoft.com/dotnet/fundamentals/code-analysis/style-rules/ide0055) [C:\UserWorx\VSWorx\ServoStudio\wpfui-servoStudio\samples\Wpf.Ui.servoStudio\servoStudio_wjhet5xd_wpftmp.csproj]
C:\UserWorx\VSWorx\ServoStudio\wpfui-servoStudio\samples\Wpf.Ui.servoStudio\ViewModels\Motion\MultiStepProfileViewModel.cs(58,96): warning IDE0055: 淇鏍煎紡 (https://learn.microsoft.com/dotnet/fundamentals/code-analysis/style-rules/ide0055) [C:\UserWorx\VSWorx\ServoStudio\wpfui-servoStudio\samples\Wpf.Ui.servoStudio\servoStudio_wjhet5xd_wpftmp.csproj]
C:\UserWorx\VSWorx\ServoStudio\wpfui-servoStudio\samples\Wpf.Ui.servoStudio\ViewModels\Motion\MultiStepProfileViewModel.cs(58,109): warning IDE0055: 淇鏍煎紡 (https://learn.microsoft.com/dotnet/fundamentals/code-analysis/style-rules/ide0055) [C:\UserWorx\VSWorx\ServoStudio\wpfui-servoStudio\samples\Wpf.Ui.servoStudio\servoStudio_wjhet5xd_wpftmp.csproj]
C:\UserWorx\VSWorx\ServoStudio\wpfui-servoStudio\samples\Wpf.Ui.servoStudio\ViewModels\Motion\MultiStepProfileViewModel.cs(58,122): warning IDE0055: 淇鏍煎紡 (https://learn.microsoft.com/dotnet/fundamentals/code-analysis/style-rules/ide0055) [C:\UserWorx\VSWorx\ServoStudio\wpfui-servoStudio\samples\Wpf.Ui.servoStudio\servoStudio_wjhet5xd_wpftmp.csproj]
C:\UserWorx\VSWorx\ServoStudio\wpfui-servoStudio\samples\Wpf.Ui.servoStudio\ViewModels\Motion\MultiStepProfileViewModel.cs(58,136): warning IDE0055: 淇鏍煎紡 (https://learn.microsoft.com/dotnet/fundamentals/code-analysis/style-rules/ide0055) [C:\UserWorx\VSWorx\ServoStudio\wpfui-servoStudio\samples\Wpf.Ui.servoStudio\servoStudio_wjhet5xd_wpftmp.csproj]
C:\UserWorx\VSWorx\ServoStudio\wpfui-servoStudio\samples\Wpf.Ui.servoStudio\ViewModels\Motion\MultiStepProfileViewModel.cs(59,45): warning IDE0055: 淇鏍煎紡 (https://learn.microsoft.com/dotnet/fundamentals/code-analysis/style-rules/ide0055) [C:\UserWorx\VSWorx\ServoStudio\wpfui-servoStudio\samples\Wpf.Ui.servoStudio\servoStudio_wjhet5xd_wpftmp.csproj]
C:\UserWorx\VSWorx\ServoStudio\wpfui-servoStudio\samples\Wpf.Ui.servoStudio\ViewModels\Motion\MultiStepProfileViewModel.cs(59,47): warning IDE0055: 淇鏍煎紡 (https://learn.microsoft.com/dotnet/fundamentals/code-analysis/style-rules/ide0055) [C:\UserWorx\VSWorx\ServoStudio\wpfui-servoStudio\samples\Wpf.Ui.servoStudio\servoStudio_wjhet5xd_wpftmp.csproj]
C:\UserWorx\VSWorx\ServoStudio\wpfui-servoStudio\samples\Wpf.Ui.servoStudio\ViewModels\Motion\MultiStepProfileViewModel.cs(59,101): warning IDE0055: 淇鏍煎紡 (https://learn.microsoft.com/dotnet/fundamentals/code-analysis/style-rules/ide0055) [C:\UserWorx\VSWorx\ServoStudio\wpfui-servoStudio\samples\Wpf.Ui.servoStudio\servoStudio_wjhet5xd_wpftmp.csproj]
C:\UserWorx\VSWorx\ServoStudio\wpfui-servoStudio\samples\Wpf.Ui.servoStudio\ViewModels\Motion\MultiStepProfileViewModel.cs(59,114): warning IDE0055: 淇鏍煎紡 (https://learn.microsoft.com/dotnet/fundamentals/code-analysis/style-rules/ide0055) [C:\UserWorx\VSWorx\ServoStudio\wpfui-servoStudio\samples\Wpf.Ui.servoStudio\servoStudio_wjhet5xd_wpftmp.csproj]
C:\UserWorx\VSWorx\ServoStudio\wpfui-servoStudio\samples\Wpf.Ui.servoStudio\ViewModels\Motion\MultiStepProfileViewModel.cs(59,127): warning IDE0055: 淇鏍煎紡 (https://learn.microsoft.com/dotnet/fundamentals/code-analysis/style-rules/ide0055) [C:\UserWorx\VSWorx\ServoStudio\wpfui-servoStudio\samples\Wpf.Ui.servoStudio\servoStudio_wjhet5xd_wpftmp.csproj]
C:\UserWorx\VSWorx\ServoStudio\wpfui-servoStudio\samples\Wpf.Ui.servoStudio\ViewModels\Motion\MultiStepProfileViewModel.cs(59,141): warning IDE0055: 淇鏍煎紡 (https://learn.microsoft.com/dotnet/fundamentals/code-analysis/style-rules/ide0055) [C:\UserWorx\VSWorx\ServoStudio\wpfui-servoStudio\samples\Wpf.Ui.servoStudio\servoStudio_wjhet5xd_wpftmp.csproj]
C:\UserWorx\VSWorx\ServoStudio\wpfui-servoStudio\samples\Wpf.Ui.servoStudio\ViewModels\Motion\MultiStepProfileViewModel.cs(62,39): warning IDE0055: 淇鏍煎紡 (https://learn.microsoft.com/dotnet/fundamentals/code-analysis/style-rules/ide0055) [C:\UserWorx\VSWorx\ServoStudio\wpfui-servoStudio\samples\Wpf.Ui.servoStudio\servoStudio_wjhet5xd_wpftmp.csproj]
C:\UserWorx\VSWorx\ServoStudio\wpfui-servoStudio\samples\Wpf.Ui.servoStudio\ViewModels\Motion\MultiStepProfileViewModel.cs(62,70): warning IDE0055: 淇鏍煎紡 (https://learn.microsoft.com/dotnet/fundamentals/code-analysis/style-rules/ide0055) [C:\UserWorx\VSWorx\ServoStudio\wpfui-servoStudio\samples\Wpf.Ui.servoStudio\servoStudio_wjhet5xd_wpftmp.csproj]
C:\UserWorx\VSWorx\ServoStudio\wpfui-servoStudio\samples\Wpf.Ui.servoStudio\ViewModels\Motion\MultiStepProfileViewModel.cs(62,101): warning IDE0055: 淇鏍煎紡 (https://learn.microsoft.com/dotnet/fundamentals/code-analysis/style-rules/ide0055) [C:\UserWorx\VSWorx\ServoStudio\wpfui-servoStudio\samples\Wpf.Ui.servoStudio\servoStudio_wjhet5xd_wpftmp.csproj]
C:\UserWorx\VSWorx\ServoStudio\wpfui-servoStudio\samples\Wpf.Ui.servoStudio\ViewModels\Motion\MultiStepProfileViewModel.cs(63,39): warning IDE0055: 淇鏍煎紡 (https://learn.microsoft.com/dotnet/fundamentals/code-analysis/style-rules/ide0055) [C:\UserWorx\VSWorx\ServoStudio\wpfui-servoStudio\samples\Wpf.Ui.servoStudio\servoStudio_wjhet5xd_wpftmp.csproj]
C:\UserWorx\VSWorx\ServoStudio\wpfui-servoStudio\samples\Wpf.Ui.servoStudio\ViewModels\Motion\MultiStepProfileViewModel.cs(63,70): warning IDE0055: 淇鏍煎紡 (https://learn.microsoft.com/dotnet/fundamentals/code-analysis/style-rules/ide0055) [C:\UserWorx\VSWorx\ServoStudio\wpfui-servoStudio\samples\Wpf.Ui.servoStudio\servoStudio_wjhet5xd_wpftmp.csproj]
C:\UserWorx\VSWorx\ServoStudio\wpfui-servoStudio\samples\Wpf.Ui.servoStudio\ViewModels\Motion\MultiStepProfileViewModel.cs(63,101): warning IDE0055: 淇鏍煎紡 (https://learn.microsoft.com/dotnet/fundamentals/code-analysis/style-rules/ide0055) [C:\UserWorx\VSWorx\ServoStudio\wpfui-servoStudio\samples\Wpf.Ui.servoStudio\servoStudio_wjhet5xd_wpftmp.csproj]
C:\UserWorx\VSWorx\ServoStudio\wpfui-servoStudio\samples\Wpf.Ui.servoStudio\ViewModels\Motion\MultiStepProfileViewModel.cs(64,41): warning IDE0055: 淇鏍煎紡 (https://learn.microsoft.com/dotnet/fundamentals/code-analysis/style-rules/ide0055) [C:\UserWorx\VSWorx\ServoStudio\wpfui-servoStudio\samples\Wpf.Ui.servoStudio\servoStudio_wjhet5xd_wpftmp.csproj]
C:\UserWorx\VSWorx\ServoStudio\wpfui-servoStudio\samples\Wpf.Ui.servoStudio\ViewModels\Motion\MultiStepProfileViewModel.cs(65,41): warning IDE0055: 淇鏍煎紡 (https://learn.microsoft.com/dotnet/fundamentals/code-analysis/style-rules/ide0055) [C:\UserWorx\VSWorx\ServoStudio\wpfui-servoStudio\samples\Wpf.Ui.servoStudio\servoStudio_wjhet5xd_wpftmp.csproj]
C:\UserWorx\VSWorx\ServoStudio\wpfui-servoStudio\samples\Wpf.Ui.servoStudio\ViewModels\Motion\MultiStepProfileViewModel.cs(66,41): warning IDE0055: 淇鏍煎紡 (https://learn.microsoft.com/dotnet/fundamentals/code-analysis/style-rules/ide0055) [C:\UserWorx\VSWorx\ServoStudio\wpfui-servoStudio\samples\Wpf.Ui.servoStudio\servoStudio_wjhet5xd_wpftmp.csproj]
C:\UserWorx\VSWorx\ServoStudio\wpfui-servoStudio\samples\Wpf.Ui.servoStudio\ViewModels\Motion\MultiStepProfileViewModel.cs(67,41): warning IDE0055: 淇鏍煎紡 (https://learn.microsoft.com/dotnet/fundamentals/code-analysis/style-rules/ide0055) [C:\UserWorx\VSWorx\ServoStudio\wpfui-servoStudio\samples\Wpf.Ui.servoStudio\servoStudio_wjhet5xd_wpftmp.csproj]
C:\UserWorx\VSWorx\ServoStudio\wpfui-servoStudio\samples\Wpf.Ui.servoStudio\ViewModels\Motion\MultiStepProfileViewModel.cs(68,41): warning IDE0055: 淇鏍煎紡 (https://learn.microsoft.com/dotnet/fundamentals/code-analysis/style-rules/ide0055) [C:\UserWorx\VSWorx\ServoStudio\wpfui-servoStudio\samples\Wpf.Ui.servoStudio\servoStudio_wjhet5xd_wpftmp.csproj]
C:\UserWorx\VSWorx\ServoStudio\wpfui-servoStudio\samples\Wpf.Ui.servoStudio\ViewModels\Motion\MultiStepProfileViewModel.cs(69,41): warning IDE0055: 淇鏍煎紡 (https://learn.microsoft.com/dotnet/fundamentals/code-analysis/style-rules/ide0055) [C:\UserWorx\VSWorx\ServoStudio\wpfui-servoStudio\samples\Wpf.Ui.servoStudio\servoStudio_wjhet5xd_wpftmp.csproj]
C:\UserWorx\VSWorx\ServoStudio\wpfui-servoStudio\samples\Wpf.Ui.servoStudio\ViewModels\Motion\MultiStepProfileViewModel.cs(70,41): warning IDE0055: 淇鏍煎紡 (https://learn.microsoft.com/dotnet/fundamentals/code-analysis/style-rules/ide0055) [C:\UserWorx\VSWorx\ServoStudio\wpfui-servoStudio\samples\Wpf.Ui.servoStudio\servoStudio_wjhet5xd_wpftmp.csproj]
C:\UserWorx\VSWorx\ServoStudio\wpfui-servoStudio\samples\Wpf.Ui.servoStudio\ViewModels\Motion\MultiStepProfileViewModel.cs(71,41): warning IDE0055: 淇鏍煎紡 (https://learn.microsoft.com/dotnet/fundamentals/code-analysis/style-rules/ide0055) [C:\UserWorx\VSWorx\ServoStudio\wpfui-servoStudio\samples\Wpf.Ui.servoStudio\servoStudio_wjhet5xd_wpftmp.csproj]
C:\UserWorx\VSWorx\ServoStudio\wpfui-servoStudio\samples\Wpf.Ui.servoStudio\ViewModels\Motion\MultiStepProfileViewModel.cs(79,44): warning IDE0055: 淇鏍煎紡 (https://learn.microsoft.com/dotnet/fundamentals/code-analysis/style-rules/ide0055) [C:\UserWorx\VSWorx\ServoStudio\wpfui-servoStudio\samples\Wpf.Ui.servoStudio\servoStudio_wjhet5xd_wpftmp.csproj]
C:\UserWorx\VSWorx\ServoStudio\wpfui-servoStudio\samples\Wpf.Ui.servoStudio\ViewModels\Motion\MultiStepProfileViewModel.cs(79,46): warning IDE0055: 淇鏍煎紡 (https://learn.microsoft.com/dotnet/fundamentals/code-analysis/style-rules/ide0055) [C:\UserWorx\VSWorx\ServoStudio\wpfui-servoStudio\samples\Wpf.Ui.servoStudio\servoStudio_wjhet5xd_wpftmp.csproj]
C:\UserWorx\VSWorx\ServoStudio\wpfui-servoStudio\samples\Wpf.Ui.servoStudio\ViewModels\Motion\MultiStepProfileViewModel.cs(79,68): warning IDE0055: 淇鏍煎紡 (https://learn.microsoft.com/dotnet/fundamentals/code-analysis/style-rules/ide0055) [C:\UserWorx\VSWorx\ServoStudio\wpfui-servoStudio\samples\Wpf.Ui.servoStudio\servoStudio_wjhet5xd_wpftmp.csproj]
C:\UserWorx\VSWorx\ServoStudio\wpfui-servoStudio\samples\Wpf.Ui.servoStudio\ViewModels\Motion\MultiStepProfileViewModel.cs(79,76): warning IDE0055: 淇鏍煎紡 (https://learn.microsoft.com/dotnet/fundamentals/code-analysis/style-rules/ide0055) [C:\UserWorx\VSWorx\ServoStudio\wpfui-servoStudio\samples\Wpf.Ui.servoStudio\servoStudio_wjhet5xd_wpftmp.csproj]
C:\UserWorx\VSWorx\ServoStudio\wpfui-servoStudio\samples\Wpf.Ui.servoStudio\ViewModels\Motion\MultiStepProfileViewModel.cs(56,77): warning IDE2003: 鍧椾笌鍚庣画璇彞涔嬮棿闇€瑕佹湁绌虹櫧琛?(https://learn.microsoft.com/dotnet/fundamentals/code-analysis/style-rules/ide2003) [C:\UserWorx\VSWorx\ServoStudio\wpfui-servoStudio\samples\Wpf.Ui.servoStudio\servoStudio_wjhet5xd_wpftmp.csproj]
C:\UserWorx\VSWorx\ServoStudio\wpfui-servoStudio\samples\Wpf.Ui.servoStudio\ViewModels\Motion\MultiStepProfileViewModel.cs(58,137): warning IDE2003: 鍧椾笌鍚庣画璇彞涔嬮棿闇€瑕佹湁绌虹櫧琛?(https://learn.microsoft.com/dotnet/fundamentals/code-analysis/style-rules/ide2003) [C:\UserWorx\VSWorx\ServoStudio\wpfui-servoStudio\samples\Wpf.Ui.servoStudio\servoStudio_wjhet5xd_wpftmp.csproj]
C:\UserWorx\VSWorx\ServoStudio\wpfui-servoStudio\samples\Wpf.Ui.servoStudio\ViewModels\Motion\MultiStepProfileViewModel.cs(79,77): warning IDE2003: 鍧椾笌鍚庣画璇彞涔嬮棿闇€瑕佹湁绌虹櫧琛?(https://learn.microsoft.com/dotnet/fundamentals/code-analysis/style-rules/ide2003) [C:\UserWorx\VSWorx\ServoStudio\wpfui-servoStudio\samples\Wpf.Ui.servoStudio\servoStudio_wjhet5xd_wpftmp.csproj]
C:\UserWorx\VSWorx\ServoStudio\wpfui-servoStudio\samples\Wpf.Ui.servoStudio\ViewModels\AppData\DataViewViewModel.cs(1790,15): warning IDE0008: 鐢ㄦ樉寮忕被鍨嬩唬鏇?"var" (https://learn.microsoft.com/dotnet/fundamentals/code-analysis/style-rules/ide0008) [C:\UserWorx\VSWorx\ServoStudio\wpfui-servoStudio\samples\Wpf.Ui.servoStudio\servoStudio_wjhet5xd_wpftmp.csproj]
C:\UserWorx\VSWorx\ServoStudio\wpfui-servoStudio\samples\Wpf.Ui.servoStudio\ViewModels\AppData\DataViewViewModel.cs(1930,18): warning IDE0008: 鐢ㄦ樉寮忕被鍨嬩唬鏇?"var" (https://learn.microsoft.com/dotnet/fundamentals/code-analysis/style-rules/ide0008) [C:\UserWorx\VSWorx\ServoStudio\wpfui-servoStudio\samples\Wpf.Ui.servoStudio\servoStudio_wjhet5xd_wpftmp.csproj]
C:\UserWorx\VSWorx\ServoStudio\wpfui-servoStudio\samples\Wpf.Ui.servoStudio\ViewModels\AppData\DataViewViewModel.cs(1845,22): warning IDE0008: 鐢ㄦ樉寮忕被鍨嬩唬鏇?"var" (https://learn.microsoft.com/dotnet/fundamentals/code-analysis/style-rules/ide0008) [C:\UserWorx\VSWorx\ServoStudio\wpfui-servoStudio\samples\Wpf.Ui.servoStudio\servoStudio_wjhet5xd_wpftmp.csproj]
C:\UserWorx\VSWorx\ServoStudio\wpfui-servoStudio\samples\Wpf.Ui.servoStudio\ViewModels\AppData\DataViewViewModel.cs(1849,21): warning IDE0008: 鐢ㄦ樉寮忕被鍨嬩唬鏇?"var" (https://learn.microsoft.com/dotnet/fundamentals/code-analysis/style-rules/ide0008) [C:\UserWorx\VSWorx\ServoStudio\wpfui-servoStudio\samples\Wpf.Ui.servoStudio\servoStudio_wjhet5xd_wpftmp.csproj]
C:\UserWorx\VSWorx\ServoStudio\wpfui-servoStudio\samples\Wpf.Ui.servoStudio\ViewModels\AppData\DataViewViewModel.cs(1858,13): warning IDE0008: 鐢ㄦ樉寮忕被鍨嬩唬鏇?"var" (https://learn.microsoft.com/dotnet/fundamentals/code-analysis/style-rules/ide0008) [C:\UserWorx\VSWorx\ServoStudio\wpfui-servoStudio\samples\Wpf.Ui.servoStudio\servoStudio_wjhet5xd_wpftmp.csproj]
C:\UserWorx\VSWorx\ServoStudio\wpfui-servoStudio\samples\Wpf.Ui.servoStudio\ViewModels\AppData\DataViewViewModel.cs(1877,26): warning IDE0008: 鐢ㄦ樉寮忕被鍨嬩唬鏇?"var" (https://learn.microsoft.com/dotnet/fundamentals/code-analysis/style-rules/ide0008) [C:\UserWorx\VSWorx\ServoStudio\wpfui-servoStudio\samples\Wpf.Ui.servoStudio\servoStudio_wjhet5xd_wpftmp.csproj]
C:\UserWorx\VSWorx\ServoStudio\wpfui-servoStudio\samples\Wpf.Ui.servoStudio\ViewModels\AppData\DataViewViewModel.cs(1879,21): warning IDE0008: 鐢ㄦ樉寮忕被鍨嬩唬鏇?"var" (https://learn.microsoft.com/dotnet/fundamentals/code-analysis/style-rules/ide0008) [C:\UserWorx\VSWorx\ServoStudio\wpfui-servoStudio\samples\Wpf.Ui.servoStudio\servoStudio_wjhet5xd_wpftmp.csproj]
C:\UserWorx\VSWorx\ServoStudio\wpfui-servoStudio\samples\Wpf.Ui.servoStudio\ViewModels\AppData\DataViewViewModel.cs(1896,26): warning IDE0008: 鐢ㄦ樉寮忕被鍨嬩唬鏇?"var" (https://learn.microsoft.com/dotnet/fundamentals/code-analysis/style-rules/ide0008) [C:\UserWorx\VSWorx\ServoStudio\wpfui-servoStudio\samples\Wpf.Ui.servoStudio\servoStudio_wjhet5xd_wpftmp.csproj]
C:\UserWorx\VSWorx\ServoStudio\wpfui-servoStudio\samples\Wpf.Ui.servoStudio\ViewModels\AppData\DataViewViewModel.cs(1898,21): warning IDE0008: 鐢ㄦ樉寮忕被鍨嬩唬鏇?"var" (https://learn.microsoft.com/dotnet/fundamentals/code-analysis/style-rules/ide0008) [C:\UserWorx\VSWorx\ServoStudio\wpfui-servoStudio\samples\Wpf.Ui.servoStudio\servoStudio_wjhet5xd_wpftmp.csproj]
C:\UserWorx\VSWorx\ServoStudio\wpfui-servoStudio\samples\Wpf.Ui.servoStudio\ViewModels\AppData\DataViewViewModel.cs(2006,18): warning IDE0008: 鐢ㄦ樉寮忕被鍨嬩唬鏇?"var" (https://learn.microsoft.com/dotnet/fundamentals/code-analysis/style-rules/ide0008) [C:\UserWorx\VSWorx\ServoStudio\wpfui-servoStudio\samples\Wpf.Ui.servoStudio\servoStudio_wjhet5xd_wpftmp.csproj]
C:\UserWorx\VSWorx\ServoStudio\wpfui-servoStudio\samples\Wpf.Ui.servoStudio\ViewModels\AppData\DataViewViewModel.cs(2033,22): warning IDE0008: 鐢ㄦ樉寮忕被鍨嬩唬鏇?"var" (https://learn.microsoft.com/dotnet/fundamentals/code-analysis/style-rules/ide0008) [C:\UserWorx\VSWorx\ServoStudio\wpfui-servoStudio\samples\Wpf.Ui.servoStudio\servoStudio_wjhet5xd_wpftmp.csproj]
C:\UserWorx\VSWorx\ServoStudio\wpfui-servoStudio\samples\Wpf.Ui.servoStudio\ViewModels\AppData\DataViewViewModel.cs(1476,21): warning IDE0058: 姘歌繙涓嶄細浣跨敤琛ㄨ揪寮忓€?(https://learn.microsoft.com/dotnet/fundamentals/code-analysis/style-rules/ide0058) [C:\UserWorx\VSWorx\ServoStudio\wpfui-servoStudio\samples\Wpf.Ui.servoStudio\servoStudio_wjhet5xd_wpftmp.csproj]
C:\UserWorx\VSWorx\ServoStudio\wpfui-servoStudio\samples\Wpf.Ui.servoStudio\ViewModels\AppData\DataViewViewModel.cs(1499,21): warning IDE0058: 姘歌繙涓嶄細浣跨敤琛ㄨ揪寮忓€?(https://learn.microsoft.com/dotnet/fundamentals/code-analysis/style-rules/ide0058) [C:\UserWorx\VSWorx\ServoStudio\wpfui-servoStudio\samples\Wpf.Ui.servoStudio\servoStudio_wjhet5xd_wpftmp.csproj]
C:\UserWorx\VSWorx\ServoStudio\wpfui-servoStudio\samples\Wpf.Ui.servoStudio\ViewModels\SettingsViewModel.cs(331,94): warning IDE0055: 淇鏍煎紡 (https://learn.microsoft.com/dotnet/fundamentals/code-analysis/style-rules/ide0055) [C:\UserWorx\VSWorx\ServoStudio\wpfui-servoStudio\samples\Wpf.Ui.servoStudio\servoStudio_wjhet5xd_wpftmp.csproj]
C:\UserWorx\VSWorx\ServoStudio\wpfui-servoStudio\samples\Wpf.Ui.servoStudio\ViewModels\SettingsViewModel.cs(331,96): warning IDE0055: 淇鏍煎紡 (https://learn.microsoft.com/dotnet/fundamentals/code-analysis/style-rules/ide0055) [C:\UserWorx\VSWorx\ServoStudio\wpfui-servoStudio\samples\Wpf.Ui.servoStudio\servoStudio_wjhet5xd_wpftmp.csproj]
C:\UserWorx\VSWorx\ServoStudio\wpfui-servoStudio\samples\Wpf.Ui.servoStudio\ViewModels\SettingsViewModel.cs(331,101): warning IDE0055: 淇鏍煎紡 (https://learn.microsoft.com/dotnet/fundamentals/code-analysis/style-rules/ide0055) [C:\UserWorx\VSWorx\ServoStudio\wpfui-servoStudio\samples\Wpf.Ui.servoStudio\servoStudio_wjhet5xd_wpftmp.csproj]
C:\UserWorx\VSWorx\ServoStudio\wpfui-servoStudio\samples\Wpf.Ui.servoStudio\ViewModels\SettingsViewModel.cs(347,37): warning IDE0055: 淇鏍煎紡 (https://learn.microsoft.com/dotnet/fundamentals/code-analysis/style-rules/ide0055) [C:\UserWorx\VSWorx\ServoStudio\wpfui-servoStudio\samples\Wpf.Ui.servoStudio\servoStudio_wjhet5xd_wpftmp.csproj]
C:\UserWorx\VSWorx\ServoStudio\wpfui-servoStudio\samples\Wpf.Ui.servoStudio\ViewModels\SettingsViewModel.cs(359,37): warning IDE0055: 淇鏍煎紡 (https://learn.microsoft.com/dotnet/fundamentals/code-analysis/style-rules/ide0055) [C:\UserWorx\VSWorx\ServoStudio\wpfui-servoStudio\samples\Wpf.Ui.servoStudio\servoStudio_wjhet5xd_wpftmp.csproj]
C:\UserWorx\VSWorx\ServoStudio\wpfui-servoStudio\samples\Wpf.Ui.servoStudio\ViewModels\SettingsViewModel.cs(171,13): warning IDE2003: 鍧椾笌鍚庣画璇彞涔嬮棿闇€瑕佹湁绌虹櫧琛?(https://learn.microsoft.com/dotnet/fundamentals/code-analysis/style-rules/ide2003) [C:\UserWorx\VSWorx\ServoStudio\wpfui-servoStudio\samples\Wpf.Ui.servoStudio\servoStudio_wjhet5xd_wpftmp.csproj]
C:\UserWorx\VSWorx\ServoStudio\wpfui-servoStudio\samples\Wpf.Ui.servoStudio\ViewModels\Tuning\AdvancedTuningViewModel.cs(49,44): warning IDE0055: 淇鏍煎紡 (https://learn.microsoft.com/dotnet/fundamentals/code-analysis/style-rules/ide0055) [C:\UserWorx\VSWorx\ServoStudio\wpfui-servoStudio\samples\Wpf.Ui.servoStudio\servoStudio_wjhet5xd_wpftmp.csproj]
C:\UserWorx\VSWorx\ServoStudio\wpfui-servoStudio\samples\Wpf.Ui.servoStudio\ViewModels\Tuning\AdvancedTuningViewModel.cs(49,46): warning IDE0055: 淇鏍煎紡 (https://learn.microsoft.com/dotnet/fundamentals/code-analysis/style-rules/ide0055) [C:\UserWorx\VSWorx\ServoStudio\wpfui-servoStudio\samples\Wpf.Ui.servoStudio\servoStudio_wjhet5xd_wpftmp.csproj]
C:\UserWorx\VSWorx\ServoStudio\wpfui-servoStudio\samples\Wpf.Ui.servoStudio\ViewModels\Tuning\AdvancedTuningViewModel.cs(49,68): warning IDE0055: 淇鏍煎紡 (https://learn.microsoft.com/dotnet/fundamentals/code-analysis/style-rules/ide0055) [C:\UserWorx\VSWorx\ServoStudio\wpfui-servoStudio\samples\Wpf.Ui.servoStudio\servoStudio_wjhet5xd_wpftmp.csproj]
C:\UserWorx\VSWorx\ServoStudio\wpfui-servoStudio\samples\Wpf.Ui.servoStudio\ViewModels\Tuning\AdvancedTuningViewModel.cs(49,76): warning IDE0055: 淇鏍煎紡 (https://learn.microsoft.com/dotnet/fundamentals/code-analysis/style-rules/ide0055) [C:\UserWorx\VSWorx\ServoStudio\wpfui-servoStudio\samples\Wpf.Ui.servoStudio\servoStudio_wjhet5xd_wpftmp.csproj]
C:\UserWorx\VSWorx\ServoStudio\wpfui-servoStudio\samples\Wpf.Ui.servoStudio\ViewModels\Tuning\AdvancedTuningViewModel.cs(51,45): warning IDE0055: 淇鏍煎紡 (https://learn.microsoft.com/dotnet/fundamentals/code-analysis/style-rules/ide0055) [C:\UserWorx\VSWorx\ServoStudio\wpfui-servoStudio\samples\Wpf.Ui.servoStudio\servoStudio_wjhet5xd_wpftmp.csproj]
C:\UserWorx\VSWorx\ServoStudio\wpfui-servoStudio\samples\Wpf.Ui.servoStudio\ViewModels\Tuning\AdvancedTuningViewModel.cs(51,47): warning IDE0055: 淇鏍煎紡 (https://learn.microsoft.com/dotnet/fundamentals/code-analysis/style-rules/ide0055) [C:\UserWorx\VSWorx\ServoStudio\wpfui-servoStudio\samples\Wpf.Ui.servoStudio\servoStudio_wjhet5xd_wpftmp.csproj]
C:\UserWorx\VSWorx\ServoStudio\wpfui-servoStudio\samples\Wpf.Ui.servoStudio\ViewModels\Tuning\AdvancedTuningViewModel.cs(51,95): warning IDE0055: 淇鏍煎紡 (https://learn.microsoft.com/dotnet/fundamentals/code-analysis/style-rules/ide0055) [C:\UserWorx\VSWorx\ServoStudio\wpfui-servoStudio\samples\Wpf.Ui.servoStudio\servoStudio_wjhet5xd_wpftmp.csproj]
C:\UserWorx\VSWorx\ServoStudio\wpfui-servoStudio\samples\Wpf.Ui.servoStudio\ViewModels\Tuning\AdvancedTuningViewModel.cs(51,108): warning IDE0055: 淇鏍煎紡 (https://learn.microsoft.com/dotnet/fundamentals/code-analysis/style-rules/ide0055) [C:\UserWorx\VSWorx\ServoStudio\wpfui-servoStudio\samples\Wpf.Ui.servoStudio\servoStudio_wjhet5xd_wpftmp.csproj]
C:\UserWorx\VSWorx\ServoStudio\wpfui-servoStudio\samples\Wpf.Ui.servoStudio\ViewModels\Tuning\AdvancedTuningViewModel.cs(51,121): warning IDE0055: 淇鏍煎紡 (https://learn.microsoft.com/dotnet/fundamentals/code-analysis/style-rules/ide0055) [C:\UserWorx\VSWorx\ServoStudio\wpfui-servoStudio\samples\Wpf.Ui.servoStudio\servoStudio_wjhet5xd_wpftmp.csproj]
C:\UserWorx\VSWorx\ServoStudio\wpfui-servoStudio\samples\Wpf.Ui.servoStudio\ViewModels\Tuning\AdvancedTuningViewModel.cs(51,135): warning IDE0055: 淇鏍煎紡 (https://learn.microsoft.com/dotnet/fundamentals/code-analysis/style-rules/ide0055) [C:\UserWorx\VSWorx\ServoStudio\wpfui-servoStudio\samples\Wpf.Ui.servoStudio\servoStudio_wjhet5xd_wpftmp.csproj]
C:\UserWorx\VSWorx\ServoStudio\wpfui-servoStudio\samples\Wpf.Ui.servoStudio\ViewModels\Tuning\AdvancedTuningViewModel.cs(77,44): warning IDE0055: 淇鏍煎紡 (https://learn.microsoft.com/dotnet/fundamentals/code-analysis/style-rules/ide0055) [C:\UserWorx\VSWorx\ServoStudio\wpfui-servoStudio\samples\Wpf.Ui.servoStudio\servoStudio_wjhet5xd_wpftmp.csproj]
C:\UserWorx\VSWorx\ServoStudio\wpfui-servoStudio\samples\Wpf.Ui.servoStudio\ViewModels\Tuning\AdvancedTuningViewModel.cs(77,46): warning IDE0055: 淇鏍煎紡 (https://learn.microsoft.com/dotnet/fundamentals/code-analysis/style-rules/ide0055) [C:\UserWorx\VSWorx\ServoStudio\wpfui-servoStudio\samples\Wpf.Ui.servoStudio\servoStudio_wjhet5xd_wpftmp.csproj]
C:\UserWorx\VSWorx\ServoStudio\wpfui-servoStudio\samples\Wpf.Ui.servoStudio\ViewModels\Tuning\AdvancedTuningViewModel.cs(77,68): warning IDE0055: 淇鏍煎紡 (https://learn.microsoft.com/dotnet/fundamentals/code-analysis/style-rules/ide0055) [C:\UserWorx\VSWorx\ServoStudio\wpfui-servoStudio\samples\Wpf.Ui.servoStudio\servoStudio_wjhet5xd_wpftmp.csproj]
C:\UserWorx\VSWorx\ServoStudio\wpfui-servoStudio\samples\Wpf.Ui.servoStudio\ViewModels\Tuning\AdvancedTuningViewModel.cs(77,76): warning IDE0055: 淇鏍煎紡 (https://learn.microsoft.com/dotnet/fundamentals/code-analysis/style-rules/ide0055) [C:\UserWorx\VSWorx\ServoStudio\wpfui-servoStudio\samples\Wpf.Ui.servoStudio\servoStudio_wjhet5xd_wpftmp.csproj]
C:\UserWorx\VSWorx\ServoStudio\wpfui-servoStudio\samples\Wpf.Ui.servoStudio\ViewModels\Tuning\AdvancedTuningViewModel.cs(49,77): warning IDE2003: 鍧椾笌鍚庣画璇彞涔嬮棿闇€瑕佹湁绌虹櫧琛?(https://learn.microsoft.com/dotnet/fundamentals/code-analysis/style-rules/ide2003) [C:\UserWorx\VSWorx\ServoStudio\wpfui-servoStudio\samples\Wpf.Ui.servoStudio\servoStudio_wjhet5xd_wpftmp.csproj]
C:\UserWorx\VSWorx\ServoStudio\wpfui-servoStudio\samples\Wpf.Ui.servoStudio\ViewModels\Tuning\AdvancedTuningViewModel.cs(77,77): warning IDE2003: 鍧椾笌鍚庣画璇彞涔嬮棿闇€瑕佹湁绌虹櫧琛?(https://learn.microsoft.com/dotnet/fundamentals/code-analysis/style-rules/ide2003) [C:\UserWorx\VSWorx\ServoStudio\wpfui-servoStudio\samples\Wpf.Ui.servoStudio\servoStudio_wjhet5xd_wpftmp.csproj]
C:\UserWorx\VSWorx\ServoStudio\wpfui-servoStudio\samples\Wpf.Ui.servoStudio\ViewModels\Tuning\MotorIdentificationViewModel.cs(75,45): warning IDE0055: 淇鏍煎紡 (https://learn.microsoft.com/dotnet/fundamentals/code-analysis/style-rules/ide0055) [C:\UserWorx\VSWorx\ServoStudio\wpfui-servoStudio\samples\Wpf.Ui.servoStudio\servoStudio_wjhet5xd_wpftmp.csproj]
C:\UserWorx\VSWorx\ServoStudio\wpfui-servoStudio\samples\Wpf.Ui.servoStudio\ViewModels\Tuning\MotorIdentificationViewModel.cs(75,47): warning IDE0055: 淇鏍煎紡 (https://learn.microsoft.com/dotnet/fundamentals/code-analysis/style-rules/ide0055) [C:\UserWorx\VSWorx\ServoStudio\wpfui-servoStudio\samples\Wpf.Ui.servoStudio\servoStudio_wjhet5xd_wpftmp.csproj]
C:\UserWorx\VSWorx\ServoStudio\wpfui-servoStudio\samples\Wpf.Ui.servoStudio\ViewModels\Tuning\MotorIdentificationViewModel.cs(75,52): warning IDE0055: 淇鏍煎紡 (https://learn.microsoft.com/dotnet/fundamentals/code-analysis/style-rules/ide0055) [C:\UserWorx\VSWorx\ServoStudio\wpfui-servoStudio\samples\Wpf.Ui.servoStudio\servoStudio_wjhet5xd_wpftmp.csproj]
C:\UserWorx\VSWorx\ServoStudio\wpfui-servoStudio\samples\Wpf.Ui.servoStudio\ViewModels\ViewModel.cs(144,30): warning IDE0055: 淇鏍煎紡 (https://learn.microsoft.com/dotnet/fundamentals/code-analysis/style-rules/ide0055) [C:\UserWorx\VSWorx\ServoStudio\wpfui-servoStudio\samples\Wpf.Ui.servoStudio\servoStudio_wjhet5xd_wpftmp.csproj]
C:\UserWorx\VSWorx\ServoStudio\wpfui-servoStudio\samples\Wpf.Ui.servoStudio\ViewModels\ViewModel.cs(145,55): warning IDE0055: 淇鏍煎紡 (https://learn.microsoft.com/dotnet/fundamentals/code-analysis/style-rules/ide0055) [C:\UserWorx\VSWorx\ServoStudio\wpfui-servoStudio\samples\Wpf.Ui.servoStudio\servoStudio_wjhet5xd_wpftmp.csproj]
C:\UserWorx\VSWorx\ServoStudio\wpfui-servoStudio\samples\Wpf.Ui.servoStudio\ViewModels\ViewModel.cs(241,40): warning IDE0055: 淇鏍煎紡 (https://learn.microsoft.com/dotnet/fundamentals/code-analysis/style-rules/ide0055) [C:\UserWorx\VSWorx\ServoStudio\wpfui-servoStudio\samples\Wpf.Ui.servoStudio\servoStudio_wjhet5xd_wpftmp.csproj]
C:\UserWorx\VSWorx\ServoStudio\wpfui-servoStudio\samples\Wpf.Ui.servoStudio\ViewModels\ViewModel.cs(241,42): warning IDE0055: 淇鏍煎紡 (https://learn.microsoft.com/dotnet/fundamentals/code-analysis/style-rules/ide0055) [C:\UserWorx\VSWorx\ServoStudio\wpfui-servoStudio\samples\Wpf.Ui.servoStudio\servoStudio_wjhet5xd_wpftmp.csproj]
C:\UserWorx\VSWorx\ServoStudio\wpfui-servoStudio\samples\Wpf.Ui.servoStudio\ViewModels\ViewModel.cs(255,42): warning IDE0055: 淇鏍煎紡 (https://learn.microsoft.com/dotnet/fundamentals/code-analysis/style-rules/ide0055) [C:\UserWorx\VSWorx\ServoStudio\wpfui-servoStudio\samples\Wpf.Ui.servoStudio\servoStudio_wjhet5xd_wpftmp.csproj]
C:\UserWorx\VSWorx\ServoStudio\wpfui-servoStudio\samples\Wpf.Ui.servoStudio\ViewModels\ViewModel.cs(255,44): warning IDE0055: 淇鏍煎紡 (https://learn.microsoft.com/dotnet/fundamentals/code-analysis/style-rules/ide0055) [C:\UserWorx\VSWorx\ServoStudio\wpfui-servoStudio\samples\Wpf.Ui.servoStudio\servoStudio_wjhet5xd_wpftmp.csproj]
C:\UserWorx\VSWorx\ServoStudio\wpfui-servoStudio\samples\Wpf.Ui.servoStudio\Views\Dialogs\SheetPickerWindow.cs(120,9): warning IDE2003: 鍧椾笌鍚庣画璇彞涔嬮棿闇€瑕佹湁绌虹櫧琛?(https://learn.microsoft.com/dotnet/fundamentals/code-analysis/style-rules/ide2003) [C:\UserWorx\VSWorx\ServoStudio\wpfui-servoStudio\samples\Wpf.Ui.servoStudio\servoStudio_wjhet5xd_wpftmp.csproj]
C:\UserWorx\VSWorx\ServoStudio\wpfui-servoStudio\samples\Wpf.Ui.servoStudio\Views\MainWindow.xaml.cs(24,52): warning IDE0055: 淇鏍煎紡 (https://learn.microsoft.com/dotnet/fundamentals/code-analysis/style-rules/ide0055) [C:\UserWorx\VSWorx\ServoStudio\wpfui-servoStudio\samples\Wpf.Ui.servoStudio\servoStudio_wjhet5xd_wpftmp.csproj]
C:\UserWorx\VSWorx\ServoStudio\wpfui-servoStudio\samples\Wpf.Ui.servoStudio\Views\MainWindow.xaml.cs(24,54): warning IDE0055: 淇鏍煎紡 (https://learn.microsoft.com/dotnet/fundamentals/code-analysis/style-rules/ide0055) [C:\UserWorx\VSWorx\ServoStudio\wpfui-servoStudio\samples\Wpf.Ui.servoStudio\servoStudio_wjhet5xd_wpftmp.csproj]
C:\UserWorx\VSWorx\ServoStudio\wpfui-servoStudio\samples\Wpf.Ui.servoStudio\Views\MainWindow.xaml.cs(24,59): warning IDE0055: 淇鏍煎紡 (https://learn.microsoft.com/dotnet/fundamentals/code-analysis/style-rules/ide0055) [C:\UserWorx\VSWorx\ServoStudio\wpfui-servoStudio\samples\Wpf.Ui.servoStudio\servoStudio_wjhet5xd_wpftmp.csproj]
C:\UserWorx\VSWorx\ServoStudio\wpfui-servoStudio\samples\Wpf.Ui.servoStudio\Views\Pages\AppDataPages\AppLogPage.xaml.cs(28,37): warning IDE0055: 淇鏍煎紡 (https://learn.microsoft.com/dotnet/fundamentals/code-analysis/style-rules/ide0055) [C:\UserWorx\VSWorx\ServoStudio\wpfui-servoStudio\samples\Wpf.Ui.servoStudio\servoStudio_wjhet5xd_wpftmp.csproj]
C:\UserWorx\VSWorx\ServoStudio\wpfui-servoStudio\samples\Wpf.Ui.servoStudio\Views\Pages\AppDataPages\AppLogPage.xaml.cs(28,39): warning IDE0055: 淇鏍煎紡 (https://learn.microsoft.com/dotnet/fundamentals/code-analysis/style-rules/ide0055) [C:\UserWorx\VSWorx\ServoStudio\wpfui-servoStudio\samples\Wpf.Ui.servoStudio\servoStudio_wjhet5xd_wpftmp.csproj]
C:\UserWorx\VSWorx\ServoStudio\wpfui-servoStudio\samples\Wpf.Ui.servoStudio\Views\Pages\AppDataPages\AppLogPage.xaml.cs(28,44): warning IDE0055: 淇鏍煎紡 (https://learn.microsoft.com/dotnet/fundamentals/code-analysis/style-rules/ide0055) [C:\UserWorx\VSWorx\ServoStudio\wpfui-servoStudio\samples\Wpf.Ui.servoStudio\servoStudio_wjhet5xd_wpftmp.csproj]
C:\UserWorx\VSWorx\ServoStudio\wpfui-servoStudio\samples\Wpf.Ui.servoStudio\Views\Pages\AppDataPages\DataSavePage.xaml.cs(14,39): warning IDE0055: 淇鏍煎紡 (https://learn.microsoft.com/dotnet/fundamentals/code-analysis/style-rules/ide0055) [C:\UserWorx\VSWorx\ServoStudio\wpfui-servoStudio\samples\Wpf.Ui.servoStudio\servoStudio_wjhet5xd_wpftmp.csproj]
C:\UserWorx\VSWorx\ServoStudio\wpfui-servoStudio\samples\Wpf.Ui.servoStudio\Views\Pages\AppDataPages\DataSavePage.xaml.cs(14,41): warning IDE0055: 淇鏍煎紡 (https://learn.microsoft.com/dotnet/fundamentals/code-analysis/style-rules/ide0055) [C:\UserWorx\VSWorx\ServoStudio\wpfui-servoStudio\samples\Wpf.Ui.servoStudio\servoStudio_wjhet5xd_wpftmp.csproj]
C:\UserWorx\VSWorx\ServoStudio\wpfui-servoStudio\samples\Wpf.Ui.servoStudio\Views\Pages\AppDataPages\DataSavePage.xaml.cs(14,46): warning IDE0055: 淇鏍煎紡 (https://learn.microsoft.com/dotnet/fundamentals/code-analysis/style-rules/ide0055) [C:\UserWorx\VSWorx\ServoStudio\wpfui-servoStudio\samples\Wpf.Ui.servoStudio\servoStudio_wjhet5xd_wpftmp.csproj]
C:\UserWorx\VSWorx\ServoStudio\wpfui-servoStudio\samples\Wpf.Ui.servoStudio\Views\Pages\AppDataPages\DataViewPage.xaml.cs(23,39): warning IDE0055: 淇鏍煎紡 (https://learn.microsoft.com/dotnet/fundamentals/code-analysis/style-rules/ide0055) [C:\UserWorx\VSWorx\ServoStudio\wpfui-servoStudio\samples\Wpf.Ui.servoStudio\servoStudio_wjhet5xd_wpftmp.csproj]
C:\UserWorx\VSWorx\ServoStudio\wpfui-servoStudio\samples\Wpf.Ui.servoStudio\Views\Pages\AppDataPages\DataViewPage.xaml.cs(23,41): warning IDE0055: 淇鏍煎紡 (https://learn.microsoft.com/dotnet/fundamentals/code-analysis/style-rules/ide0055) [C:\UserWorx\VSWorx\ServoStudio\wpfui-servoStudio\samples\Wpf.Ui.servoStudio\servoStudio_wjhet5xd_wpftmp.csproj]
C:\UserWorx\VSWorx\ServoStudio\wpfui-servoStudio\samples\Wpf.Ui.servoStudio\Views\Pages\AppDataPages\DataViewPage.xaml.cs(23,46): warning IDE0055: 淇鏍煎紡 (https://learn.microsoft.com/dotnet/fundamentals/code-analysis/style-rules/ide0055) [C:\UserWorx\VSWorx\ServoStudio\wpfui-servoStudio\samples\Wpf.Ui.servoStudio\servoStudio_wjhet5xd_wpftmp.csproj]
C:\UserWorx\VSWorx\ServoStudio\wpfui-servoStudio\samples\Wpf.Ui.servoStudio\Views\Pages\AppDataPages\DataViewPage.xaml.cs(312,5): warning IDE0055: 淇鏍煎紡 (https://learn.microsoft.com/dotnet/fundamentals/code-analysis/style-rules/ide0055) [C:\UserWorx\VSWorx\ServoStudio\wpfui-servoStudio\samples\Wpf.Ui.servoStudio\servoStudio_wjhet5xd_wpftmp.csproj]
C:\UserWorx\VSWorx\ServoStudio\wpfui-servoStudio\samples\Wpf.Ui.servoStudio\Views\Pages\AppDataPages\DataViewPage.xaml.cs(136,9): warning IDE2003: 鍧椾笌鍚庣画璇彞涔嬮棿闇€瑕佹湁绌虹櫧琛?(https://learn.microsoft.com/dotnet/fundamentals/code-analysis/style-rules/ide2003) [C:\UserWorx\VSWorx\ServoStudio\wpfui-servoStudio\samples\Wpf.Ui.servoStudio\servoStudio_wjhet5xd_wpftmp.csproj]
C:\UserWorx\VSWorx\ServoStudio\wpfui-servoStudio\samples\Wpf.Ui.servoStudio\Views\Pages\AppDataPages\DataViewPage.xaml.cs(146,9): warning IDE2003: 鍧椾笌鍚庣画璇彞涔嬮棿闇€瑕佹湁绌虹櫧琛?(https://learn.microsoft.com/dotnet/fundamentals/code-analysis/style-rules/ide2003) [C:\UserWorx\VSWorx\ServoStudio\wpfui-servoStudio\samples\Wpf.Ui.servoStudio\servoStudio_wjhet5xd_wpftmp.csproj]
C:\UserWorx\VSWorx\ServoStudio\wpfui-servoStudio\samples\Wpf.Ui.servoStudio\Views\Pages\AppDataPages\DataViewPage.xaml.cs(176,9): warning IDE2003: 鍧椾笌鍚庣画璇彞涔嬮棿闇€瑕佹湁绌虹櫧琛?(https://learn.microsoft.com/dotnet/fundamentals/code-analysis/style-rules/ide2003) [C:\UserWorx\VSWorx\ServoStudio\wpfui-servoStudio\samples\Wpf.Ui.servoStudio\servoStudio_wjhet5xd_wpftmp.csproj]
C:\UserWorx\VSWorx\ServoStudio\wpfui-servoStudio\samples\Wpf.Ui.servoStudio\Views\Pages\AppDataPages\DataViewPage.xaml.cs(181,9): warning IDE2003: 鍧椾笌鍚庣画璇彞涔嬮棿闇€瑕佹湁绌虹櫧琛?(https://learn.microsoft.com/dotnet/fundamentals/code-analysis/style-rules/ide2003) [C:\UserWorx\VSWorx\ServoStudio\wpfui-servoStudio\samples\Wpf.Ui.servoStudio\servoStudio_wjhet5xd_wpftmp.csproj]
C:\UserWorx\VSWorx\ServoStudio\wpfui-servoStudio\samples\Wpf.Ui.servoStudio\Views\Pages\AppDataPages\DataViewPage.xaml.cs(187,9): warning IDE2003: 鍧椾笌鍚庣画璇彞涔嬮棿闇€瑕佹湁绌虹櫧琛?(https://learn.microsoft.com/dotnet/fundamentals/code-analysis/style-rules/ide2003) [C:\UserWorx\VSWorx\ServoStudio\wpfui-servoStudio\samples\Wpf.Ui.servoStudio\servoStudio_wjhet5xd_wpftmp.csproj]
C:\UserWorx\VSWorx\ServoStudio\wpfui-servoStudio\samples\Wpf.Ui.servoStudio\Views\Pages\AppDataPages\DataViewPage.xaml.cs(216,17): warning IDE2003: 鍧椾笌鍚庣画璇彞涔嬮棿闇€瑕佹湁绌虹櫧琛?(https://learn.microsoft.com/dotnet/fundamentals/code-analysis/style-rules/ide2003) [C:\UserWorx\VSWorx\ServoStudio\wpfui-servoStudio\samples\Wpf.Ui.servoStudio\servoStudio_wjhet5xd_wpftmp.csproj]
C:\UserWorx\VSWorx\ServoStudio\wpfui-servoStudio\samples\Wpf.Ui.servoStudio\Views\Pages\AppDataPages\DataViewPage.xaml.cs(237,13): warning IDE2003: 鍧椾笌鍚庣画璇彞涔嬮棿闇€瑕佹湁绌虹櫧琛?(https://learn.microsoft.com/dotnet/fundamentals/code-analysis/style-rules/ide2003) [C:\UserWorx\VSWorx\ServoStudio\wpfui-servoStudio\samples\Wpf.Ui.servoStudio\servoStudio_wjhet5xd_wpftmp.csproj]
C:\UserWorx\VSWorx\ServoStudio\wpfui-servoStudio\samples\Wpf.Ui.servoStudio\Views\Pages\AppDataPages\DataViewPage.xaml.cs(247,13): warning IDE2003: 鍧椾笌鍚庣画璇彞涔嬮棿闇€瑕佹湁绌虹櫧琛?(https://learn.microsoft.com/dotnet/fundamentals/code-analysis/style-rules/ide2003) [C:\UserWorx\VSWorx\ServoStudio\wpfui-servoStudio\samples\Wpf.Ui.servoStudio\servoStudio_wjhet5xd_wpftmp.csproj]
C:\UserWorx\VSWorx\ServoStudio\wpfui-servoStudio\samples\Wpf.Ui.servoStudio\Views\Pages\AppDataPages\DataViewPage.xaml.cs(251,13): warning IDE2003: 鍧椾笌鍚庣画璇彞涔嬮棿闇€瑕佹湁绌虹櫧琛?(https://learn.microsoft.com/dotnet/fundamentals/code-analysis/style-rules/ide2003) [C:\UserWorx\VSWorx\ServoStudio\wpfui-servoStudio\samples\Wpf.Ui.servoStudio\servoStudio_wjhet5xd_wpftmp.csproj]
C:\UserWorx\VSWorx\ServoStudio\wpfui-servoStudio\samples\Wpf.Ui.servoStudio\Views\Pages\AppDataPages\DataViewPage.xaml.cs(267,9): warning IDE2003: 鍧椾笌鍚庣画璇彞涔嬮棿闇€瑕佹湁绌虹櫧琛?(https://learn.microsoft.com/dotnet/fundamentals/code-analysis/style-rules/ide2003) [C:\UserWorx\VSWorx\ServoStudio\wpfui-servoStudio\samples\Wpf.Ui.servoStudio\servoStudio_wjhet5xd_wpftmp.csproj]
C:\UserWorx\VSWorx\ServoStudio\wpfui-servoStudio\samples\Wpf.Ui.servoStudio\Views\Pages\AppDataPages\DataViewPage.xaml.cs(302,9): warning IDE2003: 鍧椾笌鍚庣画璇彞涔嬮棿闇€瑕佹湁绌虹櫧琛?(https://learn.microsoft.com/dotnet/fundamentals/code-analysis/style-rules/ide2003) [C:\UserWorx\VSWorx\ServoStudio\wpfui-servoStudio\samples\Wpf.Ui.servoStudio\servoStudio_wjhet5xd_wpftmp.csproj]
C:\UserWorx\VSWorx\ServoStudio\wpfui-servoStudio\samples\Wpf.Ui.servoStudio\Views\Pages\AppDataPages\DataViewPage.xaml.cs(306,9): warning IDE2003: 鍧椾笌鍚庣画璇彞涔嬮棿闇€瑕佹湁绌虹櫧琛?(https://learn.microsoft.com/dotnet/fundamentals/code-analysis/style-rules/ide2003) [C:\UserWorx\VSWorx\ServoStudio\wpfui-servoStudio\samples\Wpf.Ui.servoStudio\servoStudio_wjhet5xd_wpftmp.csproj]
C:\UserWorx\VSWorx\ServoStudio\wpfui-servoStudio\samples\Wpf.Ui.servoStudio\Views\Pages\AppDataPages\DataViewPage.xaml.cs(601,9): warning IDE2003: 鍧椾笌鍚庣画璇彞涔嬮棿闇€瑕佹湁绌虹櫧琛?(https://learn.microsoft.com/dotnet/fundamentals/code-analysis/style-rules/ide2003) [C:\UserWorx\VSWorx\ServoStudio\wpfui-servoStudio\samples\Wpf.Ui.servoStudio\servoStudio_wjhet5xd_wpftmp.csproj]
C:\UserWorx\VSWorx\ServoStudio\wpfui-servoStudio\samples\Wpf.Ui.servoStudio\Core\CANopen\Adapters\CanAdapterFactory.cs(169,21): warning IDE0058: 姘歌繙涓嶄細浣跨敤琛ㄨ揪寮忓€?(https://learn.microsoft.com/dotnet/fundamentals/code-analysis/style-rules/ide0058) [C:\UserWorx\VSWorx\ServoStudio\wpfui-servoStudio\samples\Wpf.Ui.servoStudio\servoStudio_wjhet5xd_wpftmp.csproj]
C:\UserWorx\VSWorx\ServoStudio\wpfui-servoStudio\samples\Wpf.Ui.servoStudio\Core\CANopen\Adapters\CanAdapterFactory.cs(347,25): warning IDE0058: 姘歌繙涓嶄細浣跨敤琛ㄨ揪寮忓€?(https://learn.microsoft.com/dotnet/fundamentals/code-analysis/style-rules/ide0058) [C:\UserWorx\VSWorx\ServoStudio\wpfui-servoStudio\samples\Wpf.Ui.servoStudio\servoStudio_wjhet5xd_wpftmp.csproj]
C:\UserWorx\VSWorx\ServoStudio\wpfui-servoStudio\samples\Wpf.Ui.servoStudio\Views\Pages\AppDataPages\PidAdjustPage.xaml.cs(47,40): warning IDE0055: 淇鏍煎紡 (https://learn.microsoft.com/dotnet/fundamentals/code-analysis/style-rules/ide0055) [C:\UserWorx\VSWorx\ServoStudio\wpfui-servoStudio\samples\Wpf.Ui.servoStudio\servoStudio_wjhet5xd_wpftmp.csproj]
C:\UserWorx\VSWorx\ServoStudio\wpfui-servoStudio\samples\Wpf.Ui.servoStudio\Views\Pages\AppDataPages\PidAdjustPage.xaml.cs(47,42): warning IDE0055: 淇鏍煎紡 (https://learn.microsoft.com/dotnet/fundamentals/code-analysis/style-rules/ide0055) [C:\UserWorx\VSWorx\ServoStudio\wpfui-servoStudio\samples\Wpf.Ui.servoStudio\servoStudio_wjhet5xd_wpftmp.csproj]
C:\UserWorx\VSWorx\ServoStudio\wpfui-servoStudio\samples\Wpf.Ui.servoStudio\Views\Pages\AppDataPages\PidAdjustPage.xaml.cs(47,47): warning IDE0055: 淇鏍煎紡 (https://learn.microsoft.com/dotnet/fundamentals/code-analysis/style-rules/ide0055) [C:\UserWorx\VSWorx\ServoStudio\wpfui-servoStudio\samples\Wpf.Ui.servoStudio\servoStudio_wjhet5xd_wpftmp.csproj]
C:\UserWorx\VSWorx\ServoStudio\wpfui-servoStudio\samples\Wpf.Ui.servoStudio\Views\Pages\AppDataPages\PidAdjustPage.xaml.cs(105,10): warning IDE0055: 淇鏍煎紡 (https://learn.microsoft.com/dotnet/fundamentals/code-analysis/style-rules/ide0055) [C:\UserWorx\VSWorx\ServoStudio\wpfui-servoStudio\samples\Wpf.Ui.servoStudio\servoStudio_wjhet5xd_wpftmp.csproj]
C:\UserWorx\VSWorx\ServoStudio\wpfui-servoStudio\samples\Wpf.Ui.servoStudio\Views\Pages\AppDataPages\PidAdjustPage.xaml.cs(105,28): warning IDE0055: 淇鏍煎紡 (https://learn.microsoft.com/dotnet/fundamentals/code-analysis/style-rules/ide0055) [C:\UserWorx\VSWorx\ServoStudio\wpfui-servoStudio\samples\Wpf.Ui.servoStudio\servoStudio_wjhet5xd_wpftmp.csproj]
C:\UserWorx\VSWorx\ServoStudio\wpfui-servoStudio\samples\Wpf.Ui.servoStudio\Views\Pages\AppDataPages\PidAdjustPage.xaml.cs(105,48): warning IDE0055: 淇鏍煎紡 (https://learn.microsoft.com/dotnet/fundamentals/code-analysis/style-rules/ide0055) [C:\UserWorx\VSWorx\ServoStudio\wpfui-servoStudio\samples\Wpf.Ui.servoStudio\servoStudio_wjhet5xd_wpftmp.csproj]
C:\UserWorx\VSWorx\ServoStudio\wpfui-servoStudio\samples\Wpf.Ui.servoStudio\Views\Pages\AppDataPages\PidAdjustPage.xaml.cs(120,48): warning IDE0055: 淇鏍煎紡 (https://learn.microsoft.com/dotnet/fundamentals/code-analysis/style-rules/ide0055) [C:\UserWorx\VSWorx\ServoStudio\wpfui-servoStudio\samples\Wpf.Ui.servoStudio\servoStudio_wjhet5xd_wpftmp.csproj]
C:\UserWorx\VSWorx\ServoStudio\wpfui-servoStudio\samples\Wpf.Ui.servoStudio\Views\Pages\AppDataPages\PidAdjustPage.xaml.cs(129,17): warning IDE0055: 淇鏍煎紡 (https://learn.microsoft.com/dotnet/fundamentals/code-analysis/style-rules/ide0055) [C:\UserWorx\VSWorx\ServoStudio\wpfui-servoStudio\samples\Wpf.Ui.servoStudio\servoStudio_wjhet5xd_wpftmp.csproj]
C:\UserWorx\VSWorx\ServoStudio\wpfui-servoStudio\samples\Wpf.Ui.servoStudio\Views\Pages\AppDataPages\PidAdjustPage.xaml.cs(162,46): warning IDE0055: 淇鏍煎紡 (https://learn.microsoft.com/dotnet/fundamentals/code-analysis/style-rules/ide0055) [C:\UserWorx\VSWorx\ServoStudio\wpfui-servoStudio\samples\Wpf.Ui.servoStudio\servoStudio_wjhet5xd_wpftmp.csproj]
C:\UserWorx\VSWorx\ServoStudio\wpfui-servoStudio\samples\Wpf.Ui.servoStudio\Views\Pages\AppDataPages\PidAdjustPage.xaml.cs(163,46): warning IDE0055: 淇鏍煎紡 (https://learn.microsoft.com/dotnet/fundamentals/code-analysis/style-rules/ide0055) [C:\UserWorx\VSWorx\ServoStudio\wpfui-servoStudio\samples\Wpf.Ui.servoStudio\servoStudio_wjhet5xd_wpftmp.csproj]
C:\UserWorx\VSWorx\ServoStudio\wpfui-servoStudio\samples\Wpf.Ui.servoStudio\Views\Pages\AppDataPages\PidAdjustPage.xaml.cs(164,46): warning IDE0055: 淇鏍煎紡 (https://learn.microsoft.com/dotnet/fundamentals/code-analysis/style-rules/ide0055) [C:\UserWorx\VSWorx\ServoStudio\wpfui-servoStudio\samples\Wpf.Ui.servoStudio\servoStudio_wjhet5xd_wpftmp.csproj]
C:\UserWorx\VSWorx\ServoStudio\wpfui-servoStudio\samples\Wpf.Ui.servoStudio\Views\Pages\AppDataPages\PidAdjustPage.xaml.cs(165,46): warning IDE0055: 淇鏍煎紡 (https://learn.microsoft.com/dotnet/fundamentals/code-analysis/style-rules/ide0055) [C:\UserWorx\VSWorx\ServoStudio\wpfui-servoStudio\samples\Wpf.Ui.servoStudio\servoStudio_wjhet5xd_wpftmp.csproj]
C:\UserWorx\VSWorx\ServoStudio\wpfui-servoStudio\samples\Wpf.Ui.servoStudio\Views\Pages\AppDataPages\PidAdjustPage.xaml.cs(166,46): warning IDE0055: 淇鏍煎紡 (https://learn.microsoft.com/dotnet/fundamentals/code-analysis/style-rules/ide0055) [C:\UserWorx\VSWorx\ServoStudio\wpfui-servoStudio\samples\Wpf.Ui.servoStudio\servoStudio_wjhet5xd_wpftmp.csproj]
C:\UserWorx\VSWorx\ServoStudio\wpfui-servoStudio\samples\Wpf.Ui.servoStudio\Views\Pages\AppDataPages\PidAdjustPage.xaml.cs(167,46): warning IDE0055: 淇鏍煎紡 (https://learn.microsoft.com/dotnet/fundamentals/code-analysis/style-rules/ide0055) [C:\UserWorx\VSWorx\ServoStudio\wpfui-servoStudio\samples\Wpf.Ui.servoStudio\servoStudio_wjhet5xd_wpftmp.csproj]
C:\UserWorx\VSWorx\ServoStudio\wpfui-servoStudio\samples\Wpf.Ui.servoStudio\Views\Pages\AppDataPages\PidAdjustPage.xaml.cs(190,54): warning IDE0055: 淇鏍煎紡 (https://learn.microsoft.com/dotnet/fundamentals/code-analysis/style-rules/ide0055) [C:\UserWorx\VSWorx\ServoStudio\wpfui-servoStudio\samples\Wpf.Ui.servoStudio\servoStudio_wjhet5xd_wpftmp.csproj]
C:\UserWorx\VSWorx\ServoStudio\wpfui-servoStudio\samples\Wpf.Ui.servoStudio\Views\Pages\AppDataPages\PidAdjustPage.xaml.cs(299,39): warning IDE0055: 淇鏍煎紡 (https://learn.microsoft.com/dotnet/fundamentals/code-analysis/style-rules/ide0055) [C:\UserWorx\VSWorx\ServoStudio\wpfui-servoStudio\samples\Wpf.Ui.servoStudio\servoStudio_wjhet5xd_wpftmp.csproj]
C:\UserWorx\VSWorx\ServoStudio\wpfui-servoStudio\samples\Wpf.Ui.servoStudio\Views\Pages\AppDataPages\PidAdjustPage.xaml.cs(36,17): warning IDE2003: 鍧椾笌鍚庣画璇彞涔嬮棿闇€瑕佹湁绌虹櫧琛?(https://learn.microsoft.com/dotnet/fundamentals/code-analysis/style-rules/ide2003) [C:\UserWorx\VSWorx\ServoStudio\wpfui-servoStudio\samples\Wpf.Ui.servoStudio\servoStudio_wjhet5xd_wpftmp.csproj]
C:\UserWorx\VSWorx\ServoStudio\wpfui-servoStudio\samples\Wpf.Ui.servoStudio\Views\Pages\AppDataPages\PidAdjustPage.xaml.cs(260,9): warning IDE2003: 鍧椾笌鍚庣画璇彞涔嬮棿闇€瑕佹湁绌虹櫧琛?(https://learn.microsoft.com/dotnet/fundamentals/code-analysis/style-rules/ide2003) [C:\UserWorx\VSWorx\ServoStudio\wpfui-servoStudio\samples\Wpf.Ui.servoStudio\servoStudio_wjhet5xd_wpftmp.csproj]
C:\UserWorx\VSWorx\ServoStudio\wpfui-servoStudio\samples\Wpf.Ui.servoStudio\Views\Pages\AppDataPages\PidAdjustPage.xaml.cs(311,17): warning IDE2003: 鍧椾笌鍚庣画璇彞涔嬮棿闇€瑕佹湁绌虹櫧琛?(https://learn.microsoft.com/dotnet/fundamentals/code-analysis/style-rules/ide2003) [C:\UserWorx\VSWorx\ServoStudio\wpfui-servoStudio\samples\Wpf.Ui.servoStudio\servoStudio_wjhet5xd_wpftmp.csproj]
C:\UserWorx\VSWorx\ServoStudio\wpfui-servoStudio\samples\Wpf.Ui.servoStudio\Views\Pages\AppDataPages\UserConfigPage.xaml.cs(15,60): warning IDE0055: 淇鏍煎紡 (https://learn.microsoft.com/dotnet/fundamentals/code-analysis/style-rules/ide0055) [C:\UserWorx\VSWorx\ServoStudio\wpfui-servoStudio\samples\Wpf.Ui.servoStudio\servoStudio_wjhet5xd_wpftmp.csproj]
C:\UserWorx\VSWorx\ServoStudio\wpfui-servoStudio\samples\Wpf.Ui.servoStudio\Views\Pages\AppDataPages\UserConfigPage.xaml.cs(15,62): warning IDE0055: 淇鏍煎紡 (https://learn.microsoft.com/dotnet/fundamentals/code-analysis/style-rules/ide0055) [C:\UserWorx\VSWorx\ServoStudio\wpfui-servoStudio\samples\Wpf.Ui.servoStudio\servoStudio_wjhet5xd_wpftmp.csproj]
C:\UserWorx\VSWorx\ServoStudio\wpfui-servoStudio\samples\Wpf.Ui.servoStudio\Views\Pages\AppDataPages\UserConfigPage.xaml.cs(15,67): warning IDE0055: 淇鏍煎紡 (https://learn.microsoft.com/dotnet/fundamentals/code-analysis/style-rules/ide0055) [C:\UserWorx\VSWorx\ServoStudio\wpfui-servoStudio\samples\Wpf.Ui.servoStudio\servoStudio_wjhet5xd_wpftmp.csproj]
C:\UserWorx\VSWorx\ServoStudio\wpfui-servoStudio\samples\Wpf.Ui.servoStudio\Views\Pages\ControlPage.xaml.cs(15,49): warning IDE0055: 淇鏍煎紡 (https://learn.microsoft.com/dotnet/fundamentals/code-analysis/style-rules/ide0055) [C:\UserWorx\VSWorx\ServoStudio\wpfui-servoStudio\samples\Wpf.Ui.servoStudio\servoStudio_wjhet5xd_wpftmp.csproj]
C:\UserWorx\VSWorx\ServoStudio\wpfui-servoStudio\samples\Wpf.Ui.servoStudio\Views\Pages\ControlPage.xaml.cs(15,51): warning IDE0055: 淇鏍煎紡 (https://learn.microsoft.com/dotnet/fundamentals/code-analysis/style-rules/ide0055) [C:\UserWorx\VSWorx\ServoStudio\wpfui-servoStudio\samples\Wpf.Ui.servoStudio\servoStudio_wjhet5xd_wpftmp.csproj]
C:\UserWorx\VSWorx\ServoStudio\wpfui-servoStudio\samples\Wpf.Ui.servoStudio\Views\Pages\ControlPage.xaml.cs(15,56): warning IDE0055: 淇鏍煎紡 (https://learn.microsoft.com/dotnet/fundamentals/code-analysis/style-rules/ide0055) [C:\UserWorx\VSWorx\ServoStudio\wpfui-servoStudio\samples\Wpf.Ui.servoStudio\servoStudio_wjhet5xd_wpftmp.csproj]
C:\UserWorx\VSWorx\ServoStudio\wpfui-servoStudio\samples\Wpf.Ui.servoStudio\Views\Pages\DashboardPage.xaml.cs(15,51): warning IDE0055: 淇鏍煎紡 (https://learn.microsoft.com/dotnet/fundamentals/code-analysis/style-rules/ide0055) [C:\UserWorx\VSWorx\ServoStudio\wpfui-servoStudio\samples\Wpf.Ui.servoStudio\servoStudio_wjhet5xd_wpftmp.csproj]
C:\UserWorx\VSWorx\ServoStudio\wpfui-servoStudio\samples\Wpf.Ui.servoStudio\Views\Pages\DashboardPage.xaml.cs(15,53): warning IDE0055: 淇鏍煎紡 (https://learn.microsoft.com/dotnet/fundamentals/code-analysis/style-rules/ide0055) [C:\UserWorx\VSWorx\ServoStudio\wpfui-servoStudio\samples\Wpf.Ui.servoStudio\servoStudio_wjhet5xd_wpftmp.csproj]
C:\UserWorx\VSWorx\ServoStudio\wpfui-servoStudio\samples\Wpf.Ui.servoStudio\Views\Pages\DashboardPage.xaml.cs(15,58): warning IDE0055: 淇鏍煎紡 (https://learn.microsoft.com/dotnet/fundamentals/code-analysis/style-rules/ide0055) [C:\UserWorx\VSWorx\ServoStudio\wpfui-servoStudio\samples\Wpf.Ui.servoStudio\servoStudio_wjhet5xd_wpftmp.csproj]
C:\UserWorx\VSWorx\ServoStudio\wpfui-servoStudio\samples\Wpf.Ui.servoStudio\Views\Pages\DataPage.xaml.cs(15,46): warning IDE0055: 淇鏍煎紡 (https://learn.microsoft.com/dotnet/fundamentals/code-analysis/style-rules/ide0055) [C:\UserWorx\VSWorx\ServoStudio\wpfui-servoStudio\samples\Wpf.Ui.servoStudio\servoStudio_wjhet5xd_wpftmp.csproj]
C:\UserWorx\VSWorx\ServoStudio\wpfui-servoStudio\samples\Wpf.Ui.servoStudio\Views\Pages\DataPage.xaml.cs(15,48): warning IDE0055: 淇鏍煎紡 (https://learn.microsoft.com/dotnet/fundamentals/code-analysis/style-rules/ide0055) [C:\UserWorx\VSWorx\ServoStudio\wpfui-servoStudio\samples\Wpf.Ui.servoStudio\servoStudio_wjhet5xd_wpftmp.csproj]
C:\UserWorx\VSWorx\ServoStudio\wpfui-servoStudio\samples\Wpf.Ui.servoStudio\Views\Pages\DataPage.xaml.cs(15,53): warning IDE0055: 淇鏍煎紡 (https://learn.microsoft.com/dotnet/fundamentals/code-analysis/style-rules/ide0055) [C:\UserWorx\VSWorx\ServoStudio\wpfui-servoStudio\samples\Wpf.Ui.servoStudio\servoStudio_wjhet5xd_wpftmp.csproj]
C:\UserWorx\VSWorx\ServoStudio\wpfui-servoStudio\samples\Wpf.Ui.servoStudio\Views\Pages\DeviceSetPages\BusDiagnosticsPage.xaml.cs(16,45): warning IDE0055: 淇鏍煎紡 (https://learn.microsoft.com/dotnet/fundamentals/code-analysis/style-rules/ide0055) [C:\UserWorx\VSWorx\ServoStudio\wpfui-servoStudio\samples\Wpf.Ui.servoStudio\servoStudio_wjhet5xd_wpftmp.csproj]
C:\UserWorx\VSWorx\ServoStudio\wpfui-servoStudio\samples\Wpf.Ui.servoStudio\Views\Pages\DeviceSetPages\BusDiagnosticsPage.xaml.cs(16,47): warning IDE0055: 淇鏍煎紡 (https://learn.microsoft.com/dotnet/fundamentals/code-analysis/style-rules/ide0055) [C:\UserWorx\VSWorx\ServoStudio\wpfui-servoStudio\samples\Wpf.Ui.servoStudio\servoStudio_wjhet5xd_wpftmp.csproj]
C:\UserWorx\VSWorx\ServoStudio\wpfui-servoStudio\samples\Wpf.Ui.servoStudio\Views\Pages\DeviceSetPages\BusDiagnosticsPage.xaml.cs(16,52): warning IDE0055: 淇鏍煎紡 (https://learn.microsoft.com/dotnet/fundamentals/code-analysis/style-rules/ide0055) [C:\UserWorx\VSWorx\ServoStudio\wpfui-servoStudio\samples\Wpf.Ui.servoStudio\servoStudio_wjhet5xd_wpftmp.csproj]
C:\UserWorx\VSWorx\ServoStudio\wpfui-servoStudio\samples\Wpf.Ui.servoStudio\Views\Pages\DeviceSetPages\ListPage.xaml.cs(16,35): warning IDE0055: 淇鏍煎紡 (https://learn.microsoft.com/dotnet/fundamentals/code-analysis/style-rules/ide0055) [C:\UserWorx\VSWorx\ServoStudio\wpfui-servoStudio\samples\Wpf.Ui.servoStudio\servoStudio_wjhet5xd_wpftmp.csproj]
C:\UserWorx\VSWorx\ServoStudio\wpfui-servoStudio\samples\Wpf.Ui.servoStudio\Views\Pages\DeviceSetPages\ListPage.xaml.cs(16,37): warning IDE0055: 淇鏍煎紡 (https://learn.microsoft.com/dotnet/fundamentals/code-analysis/style-rules/ide0055) [C:\UserWorx\VSWorx\ServoStudio\wpfui-servoStudio\samples\Wpf.Ui.servoStudio\servoStudio_wjhet5xd_wpftmp.csproj]
C:\UserWorx\VSWorx\ServoStudio\wpfui-servoStudio\samples\Wpf.Ui.servoStudio\Views\Pages\DeviceSetPages\ListPage.xaml.cs(16,42): warning IDE0055: 淇鏍煎紡 (https://learn.microsoft.com/dotnet/fundamentals/code-analysis/style-rules/ide0055) [C:\UserWorx\VSWorx\ServoStudio\wpfui-servoStudio\samples\Wpf.Ui.servoStudio\servoStudio_wjhet5xd_wpftmp.csproj]
C:\UserWorx\VSWorx\ServoStudio\wpfui-servoStudio\samples\Wpf.Ui.servoStudio\Views\Pages\DeviceSetPages\StartPage.xaml.cs(18,36): warning IDE0055: 淇鏍煎紡 (https://learn.microsoft.com/dotnet/fundamentals/code-analysis/style-rules/ide0055) [C:\UserWorx\VSWorx\ServoStudio\wpfui-servoStudio\samples\Wpf.Ui.servoStudio\servoStudio_wjhet5xd_wpftmp.csproj]
C:\UserWorx\VSWorx\ServoStudio\wpfui-servoStudio\samples\Wpf.Ui.servoStudio\Views\Pages\DeviceSetPages\StartPage.xaml.cs(18,38): warning IDE0055: 淇鏍煎紡 (https://learn.microsoft.com/dotnet/fundamentals/code-analysis/style-rules/ide0055) [C:\UserWorx\VSWorx\ServoStudio\wpfui-servoStudio\samples\Wpf.Ui.servoStudio\servoStudio_wjhet5xd_wpftmp.csproj]
C:\UserWorx\VSWorx\ServoStudio\wpfui-servoStudio\samples\Wpf.Ui.servoStudio\Views\Pages\DeviceSetPages\StartPage.xaml.cs(18,43): warning IDE0055: 淇鏍煎紡 (https://learn.microsoft.com/dotnet/fundamentals/code-analysis/style-rules/ide0055) [C:\UserWorx\VSWorx\ServoStudio\wpfui-servoStudio\samples\Wpf.Ui.servoStudio\servoStudio_wjhet5xd_wpftmp.csproj]
C:\UserWorx\VSWorx\ServoStudio\wpfui-servoStudio\samples\Wpf.Ui.servoStudio\Views\Pages\FactoryPages\FactoryFirmwarePage.xaml.cs(14,46): warning IDE0055: 淇鏍煎紡 (https://learn.microsoft.com/dotnet/fundamentals/code-analysis/style-rules/ide0055) [C:\UserWorx\VSWorx\ServoStudio\wpfui-servoStudio\samples\Wpf.Ui.servoStudio\servoStudio_wjhet5xd_wpftmp.csproj]
C:\UserWorx\VSWorx\ServoStudio\wpfui-servoStudio\samples\Wpf.Ui.servoStudio\Views\Pages\FactoryPages\FactoryFirmwarePage.xaml.cs(14,48): warning IDE0055: 淇鏍煎紡 (https://learn.microsoft.com/dotnet/fundamentals/code-analysis/style-rules/ide0055) [C:\UserWorx\VSWorx\ServoStudio\wpfui-servoStudio\samples\Wpf.Ui.servoStudio\servoStudio_wjhet5xd_wpftmp.csproj]
C:\UserWorx\VSWorx\ServoStudio\wpfui-servoStudio\samples\Wpf.Ui.servoStudio\Views\Pages\FactoryPages\FactoryFirmwarePage.xaml.cs(14,53): warning IDE0055: 淇鏍煎紡 (https://learn.microsoft.com/dotnet/fundamentals/code-analysis/style-rules/ide0055) [C:\UserWorx\VSWorx\ServoStudio\wpfui-servoStudio\samples\Wpf.Ui.servoStudio\servoStudio_wjhet5xd_wpftmp.csproj]
C:\UserWorx\VSWorx\ServoStudio\wpfui-servoStudio\samples\Wpf.Ui.servoStudio\Views\Pages\FactoryPages\FactoryPage.xaml.cs(13,38): warning IDE0055: 淇鏍煎紡 (https://learn.microsoft.com/dotnet/fundamentals/code-analysis/style-rules/ide0055) [C:\UserWorx\VSWorx\ServoStudio\wpfui-servoStudio\samples\Wpf.Ui.servoStudio\servoStudio_wjhet5xd_wpftmp.csproj]
C:\UserWorx\VSWorx\ServoStudio\wpfui-servoStudio\samples\Wpf.Ui.servoStudio\Views\Pages\FactoryPages\FactoryPage.xaml.cs(13,40): warning IDE0055: 淇鏍煎紡 (https://learn.microsoft.com/dotnet/fundamentals/code-analysis/style-rules/ide0055) [C:\UserWorx\VSWorx\ServoStudio\wpfui-servoStudio\samples\Wpf.Ui.servoStudio\servoStudio_wjhet5xd_wpftmp.csproj]
C:\UserWorx\VSWorx\ServoStudio\wpfui-servoStudio\samples\Wpf.Ui.servoStudio\Views\Pages\FactoryPages\FactoryPage.xaml.cs(13,45): warning IDE0055: 淇鏍煎紡 (https://learn.microsoft.com/dotnet/fundamentals/code-analysis/style-rules/ide0055) [C:\UserWorx\VSWorx\ServoStudio\wpfui-servoStudio\samples\Wpf.Ui.servoStudio\servoStudio_wjhet5xd_wpftmp.csproj]
C:\UserWorx\VSWorx\ServoStudio\wpfui-servoStudio\samples\Wpf.Ui.servoStudio\Views\Pages\FactoryPages\FrameFormatEditorPage.xaml.cs(54,48): warning IDE0055: 淇鏍煎紡 (https://learn.microsoft.com/dotnet/fundamentals/code-analysis/style-rules/ide0055) [C:\UserWorx\VSWorx\ServoStudio\wpfui-servoStudio\samples\Wpf.Ui.servoStudio\servoStudio_wjhet5xd_wpftmp.csproj]
C:\UserWorx\VSWorx\ServoStudio\wpfui-servoStudio\samples\Wpf.Ui.servoStudio\Views\Pages\FactoryPages\FrameFormatEditorPage.xaml.cs(54,50): warning IDE0055: 淇鏍煎紡 (https://learn.microsoft.com/dotnet/fundamentals/code-analysis/style-rules/ide0055) [C:\UserWorx\VSWorx\ServoStudio\wpfui-servoStudio\samples\Wpf.Ui.servoStudio\servoStudio_wjhet5xd_wpftmp.csproj]
C:\UserWorx\VSWorx\ServoStudio\wpfui-servoStudio\samples\Wpf.Ui.servoStudio\Views\Pages\FactoryPages\FrameFormatEditorPage.xaml.cs(54,55): warning IDE0055: 淇鏍煎紡 (https://learn.microsoft.com/dotnet/fundamentals/code-analysis/style-rules/ide0055) [C:\UserWorx\VSWorx\ServoStudio\wpfui-servoStudio\samples\Wpf.Ui.servoStudio\servoStudio_wjhet5xd_wpftmp.csproj]
C:\UserWorx\VSWorx\ServoStudio\wpfui-servoStudio\samples\Wpf.Ui.servoStudio\Views\Pages\FactoryPages\FrameFormatEditorPage.xaml.cs(79,89): warning IDE0055: 淇鏍煎紡 (https://learn.microsoft.com/dotnet/fundamentals/code-analysis/style-rules/ide0055) [C:\UserWorx\VSWorx\ServoStudio\wpfui-servoStudio\samples\Wpf.Ui.servoStudio\servoStudio_wjhet5xd_wpftmp.csproj]
C:\UserWorx\VSWorx\ServoStudio\wpfui-servoStudio\samples\Wpf.Ui.servoStudio\Views\Pages\FactoryPages\FrameFormatEditorPage.xaml.cs(81,28): warning IDE0055: 淇鏍煎紡 (https://learn.microsoft.com/dotnet/fundamentals/code-analysis/style-rules/ide0055) [C:\UserWorx\VSWorx\ServoStudio\wpfui-servoStudio\samples\Wpf.Ui.servoStudio\servoStudio_wjhet5xd_wpftmp.csproj]
C:\UserWorx\VSWorx\ServoStudio\wpfui-servoStudio\samples\Wpf.Ui.servoStudio\Views\Pages\FactoryPages\FrameFormatEditorPage.xaml.cs(88,89): warning IDE0055: 淇鏍煎紡 (https://learn.microsoft.com/dotnet/fundamentals/code-analysis/style-rules/ide0055) [C:\UserWorx\VSWorx\ServoStudio\wpfui-servoStudio\samples\Wpf.Ui.servoStudio\servoStudio_wjhet5xd_wpftmp.csproj]
C:\UserWorx\VSWorx\ServoStudio\wpfui-servoStudio\samples\Wpf.Ui.servoStudio\Views\Pages\FactoryPages\FrameFormatEditorPage.xaml.cs(90,28): warning IDE0055: 淇鏍煎紡 (https://learn.microsoft.com/dotnet/fundamentals/code-analysis/style-rules/ide0055) [C:\UserWorx\VSWorx\ServoStudio\wpfui-servoStudio\samples\Wpf.Ui.servoStudio\servoStudio_wjhet5xd_wpftmp.csproj]
C:\UserWorx\VSWorx\ServoStudio\wpfui-servoStudio\samples\Wpf.Ui.servoStudio\Views\Pages\FactoryPages\FrameFormatEditorPage.xaml.cs(96,72): warning IDE0055: 淇鏍煎紡 (https://learn.microsoft.com/dotnet/fundamentals/code-analysis/style-rules/ide0055) [C:\UserWorx\VSWorx\ServoStudio\wpfui-servoStudio\samples\Wpf.Ui.servoStudio\servoStudio_wjhet5xd_wpftmp.csproj]
C:\UserWorx\VSWorx\ServoStudio\wpfui-servoStudio\samples\Wpf.Ui.servoStudio\Views\Pages\FactoryPages\FrameFormatEditorPage.xaml.cs(99,63): warning IDE0055: 淇鏍煎紡 (https://learn.microsoft.com/dotnet/fundamentals/code-analysis/style-rules/ide0055) [C:\UserWorx\VSWorx\ServoStudio\wpfui-servoStudio\samples\Wpf.Ui.servoStudio\servoStudio_wjhet5xd_wpftmp.csproj]
C:\UserWorx\VSWorx\ServoStudio\wpfui-servoStudio\samples\Wpf.Ui.servoStudio\Views\Pages\FactoryPages\FrameFormatEditorPage.xaml.cs(117,80): warning IDE0055: 淇鏍煎紡 (https://learn.microsoft.com/dotnet/fundamentals/code-analysis/style-rules/ide0055) [C:\UserWorx\VSWorx\ServoStudio\wpfui-servoStudio\samples\Wpf.Ui.servoStudio\servoStudio_wjhet5xd_wpftmp.csproj]
C:\UserWorx\VSWorx\ServoStudio\wpfui-servoStudio\samples\Wpf.Ui.servoStudio\Views\Pages\FactoryPages\FrameFormatEditorPage.xaml.cs(118,41): warning IDE0055: 淇鏍煎紡 (https://learn.microsoft.com/dotnet/fundamentals/code-analysis/style-rules/ide0055) [C:\UserWorx\VSWorx\ServoStudio\wpfui-servoStudio\samples\Wpf.Ui.servoStudio\servoStudio_wjhet5xd_wpftmp.csproj]
C:\UserWorx\VSWorx\ServoStudio\wpfui-servoStudio\samples\Wpf.Ui.servoStudio\Views\Pages\FactoryPages\FrameFormatEditorPage.xaml.cs(131,52): warning IDE0055: 淇鏍煎紡 (https://learn.microsoft.com/dotnet/fundamentals/code-analysis/style-rules/ide0055) [C:\UserWorx\VSWorx\ServoStudio\wpfui-servoStudio\samples\Wpf.Ui.servoStudio\servoStudio_wjhet5xd_wpftmp.csproj]
C:\UserWorx\VSWorx\ServoStudio\wpfui-servoStudio\samples\Wpf.Ui.servoStudio\Views\Pages\FactoryPages\FrameFormatEditorPage.xaml.cs(281,62): warning IDE0055: 淇鏍煎紡 (https://learn.microsoft.com/dotnet/fundamentals/code-analysis/style-rules/ide0055) [C:\UserWorx\VSWorx\ServoStudio\wpfui-servoStudio\samples\Wpf.Ui.servoStudio\servoStudio_wjhet5xd_wpftmp.csproj]
C:\UserWorx\VSWorx\ServoStudio\wpfui-servoStudio\samples\Wpf.Ui.servoStudio\Views\Pages\FactoryPages\FrameFormatEditorPage.xaml.cs(292,40): warning IDE0055: 淇鏍煎紡 (https://learn.microsoft.com/dotnet/fundamentals/code-analysis/style-rules/ide0055) [C:\UserWorx\VSWorx\ServoStudio\wpfui-servoStudio\samples\Wpf.Ui.servoStudio\servoStudio_wjhet5xd_wpftmp.csproj]
C:\UserWorx\VSWorx\ServoStudio\wpfui-servoStudio\samples\Wpf.Ui.servoStudio\Views\Pages\FactoryPages\FrameFormatEditorPage.xaml.cs(368,39): warning IDE0055: 淇鏍煎紡 (https://learn.microsoft.com/dotnet/fundamentals/code-analysis/style-rules/ide0055) [C:\UserWorx\VSWorx\ServoStudio\wpfui-servoStudio\samples\Wpf.Ui.servoStudio\servoStudio_wjhet5xd_wpftmp.csproj]
C:\UserWorx\VSWorx\ServoStudio\wpfui-servoStudio\samples\Wpf.Ui.servoStudio\Views\Pages\FactoryPages\FrameFormatEditorPage.xaml.cs(376,55): warning IDE0055: 淇鏍煎紡 (https://learn.microsoft.com/dotnet/fundamentals/code-analysis/style-rules/ide0055) [C:\UserWorx\VSWorx\ServoStudio\wpfui-servoStudio\samples\Wpf.Ui.servoStudio\servoStudio_wjhet5xd_wpftmp.csproj]
C:\UserWorx\VSWorx\ServoStudio\wpfui-servoStudio\samples\Wpf.Ui.servoStudio\Views\Pages\FactoryPages\FrameFormatEditorPage.xaml.cs(377,48): warning IDE0055: 淇鏍煎紡 (https://learn.microsoft.com/dotnet/fundamentals/code-analysis/style-rules/ide0055) [C:\UserWorx\VSWorx\ServoStudio\wpfui-servoStudio\samples\Wpf.Ui.servoStudio\servoStudio_wjhet5xd_wpftmp.csproj]
C:\UserWorx\VSWorx\ServoStudio\wpfui-servoStudio\samples\Wpf.Ui.servoStudio\Views\Pages\FactoryPages\FrameFormatEditorPage.xaml.cs(415,44): warning IDE0055: 淇鏍煎紡 (https://learn.microsoft.com/dotnet/fundamentals/code-analysis/style-rules/ide0055) [C:\UserWorx\VSWorx\ServoStudio\wpfui-servoStudio\samples\Wpf.Ui.servoStudio\servoStudio_wjhet5xd_wpftmp.csproj]
C:\UserWorx\VSWorx\ServoStudio\wpfui-servoStudio\samples\Wpf.Ui.servoStudio\Views\Pages\FactoryPages\FrameFormatEditorPage.xaml.cs(416,9): warning IDE2003: 鍧椾笌鍚庣画璇彞涔嬮棿闇€瑕佹湁绌虹櫧琛?(https://learn.microsoft.com/dotnet/fundamentals/code-analysis/style-rules/ide2003) [C:\UserWorx\VSWorx\ServoStudio\wpfui-servoStudio\samples\Wpf.Ui.servoStudio\servoStudio_wjhet5xd_wpftmp.csproj]
C:\UserWorx\VSWorx\ServoStudio\wpfui-servoStudio\samples\Wpf.Ui.servoStudio\Views\Pages\FaultInfoPage.xaml.cs(15,51): warning IDE0055: 淇鏍煎紡 (https://learn.microsoft.com/dotnet/fundamentals/code-analysis/style-rules/ide0055) [C:\UserWorx\VSWorx\ServoStudio\wpfui-servoStudio\samples\Wpf.Ui.servoStudio\servoStudio_wjhet5xd_wpftmp.csproj]
C:\UserWorx\VSWorx\ServoStudio\wpfui-servoStudio\samples\Wpf.Ui.servoStudio\Views\Pages\FaultInfoPage.xaml.cs(15,53): warning IDE0055: 淇鏍煎紡 (https://learn.microsoft.com/dotnet/fundamentals/code-analysis/style-rules/ide0055) [C:\UserWorx\VSWorx\ServoStudio\wpfui-servoStudio\samples\Wpf.Ui.servoStudio\servoStudio_wjhet5xd_wpftmp.csproj]
C:\UserWorx\VSWorx\ServoStudio\wpfui-servoStudio\samples\Wpf.Ui.servoStudio\Views\Pages\FaultInfoPage.xaml.cs(15,58): warning IDE0055: 淇鏍煎紡 (https://learn.microsoft.com/dotnet/fundamentals/code-analysis/style-rules/ide0055) [C:\UserWorx\VSWorx\ServoStudio\wpfui-servoStudio\samples\Wpf.Ui.servoStudio\servoStudio_wjhet5xd_wpftmp.csproj]
C:\UserWorx\VSWorx\ServoStudio\wpfui-servoStudio\samples\Wpf.Ui.servoStudio\Views\Pages\FirmwarePages\FirmwarePage.xaml.cs(16,41): warning IDE0055: 淇鏍煎紡 (https://learn.microsoft.com/dotnet/fundamentals/code-analysis/style-rules/ide0055) [C:\UserWorx\VSWorx\ServoStudio\wpfui-servoStudio\samples\Wpf.Ui.servoStudio\servoStudio_wjhet5xd_wpftmp.csproj]
C:\UserWorx\VSWorx\ServoStudio\wpfui-servoStudio\samples\Wpf.Ui.servoStudio\Views\Pages\FirmwarePages\FirmwarePage.xaml.cs(16,43): warning IDE0055: 淇鏍煎紡 (https://learn.microsoft.com/dotnet/fundamentals/code-analysis/style-rules/ide0055) [C:\UserWorx\VSWorx\ServoStudio\wpfui-servoStudio\samples\Wpf.Ui.servoStudio\servoStudio_wjhet5xd_wpftmp.csproj]
C:\UserWorx\VSWorx\ServoStudio\wpfui-servoStudio\samples\Wpf.Ui.servoStudio\Views\Pages\FirmwarePages\FirmwarePage.xaml.cs(16,48): warning IDE0055: 淇鏍煎紡 (https://learn.microsoft.com/dotnet/fundamentals/code-analysis/style-rules/ide0055) [C:\UserWorx\VSWorx\ServoStudio\wpfui-servoStudio\samples\Wpf.Ui.servoStudio\servoStudio_wjhet5xd_wpftmp.csproj]
C:\UserWorx\VSWorx\ServoStudio\wpfui-servoStudio\samples\Wpf.Ui.servoStudio\Views\Pages\FirmwarePages\FirmwareProgramPage.xaml.cs(16,46): warning IDE0055: 淇鏍煎紡 (https://learn.microsoft.com/dotnet/fundamentals/code-analysis/style-rules/ide0055) [C:\UserWorx\VSWorx\ServoStudio\wpfui-servoStudio\samples\Wpf.Ui.servoStudio\servoStudio_wjhet5xd_wpftmp.csproj]
C:\UserWorx\VSWorx\ServoStudio\wpfui-servoStudio\samples\Wpf.Ui.servoStudio\Views\Pages\FirmwarePages\FirmwareProgramPage.xaml.cs(16,48): warning IDE0055: 淇鏍煎紡 (https://learn.microsoft.com/dotnet/fundamentals/code-analysis/style-rules/ide0055) [C:\UserWorx\VSWorx\ServoStudio\wpfui-servoStudio\samples\Wpf.Ui.servoStudio\servoStudio_wjhet5xd_wpftmp.csproj]
C:\UserWorx\VSWorx\ServoStudio\wpfui-servoStudio\samples\Wpf.Ui.servoStudio\Views\Pages\FirmwarePages\FirmwareProgramPage.xaml.cs(16,53): warning IDE0055: 淇鏍煎紡 (https://learn.microsoft.com/dotnet/fundamentals/code-analysis/style-rules/ide0055) [C:\UserWorx\VSWorx\ServoStudio\wpfui-servoStudio\samples\Wpf.Ui.servoStudio\servoStudio_wjhet5xd_wpftmp.csproj]
C:\UserWorx\VSWorx\ServoStudio\wpfui-servoStudio\samples\Wpf.Ui.servoStudio\Views\Pages\FSMPage.xaml.cs(15,45): warning IDE0055: 淇鏍煎紡 (https://learn.microsoft.com/dotnet/fundamentals/code-analysis/style-rules/ide0055) [C:\UserWorx\VSWorx\ServoStudio\wpfui-servoStudio\samples\Wpf.Ui.servoStudio\servoStudio_wjhet5xd_wpftmp.csproj]
C:\UserWorx\VSWorx\ServoStudio\wpfui-servoStudio\samples\Wpf.Ui.servoStudio\Views\Pages\FSMPage.xaml.cs(15,47): warning IDE0055: 淇鏍煎紡 (https://learn.microsoft.com/dotnet/fundamentals/code-analysis/style-rules/ide0055) [C:\UserWorx\VSWorx\ServoStudio\wpfui-servoStudio\samples\Wpf.Ui.servoStudio\servoStudio_wjhet5xd_wpftmp.csproj]
C:\UserWorx\VSWorx\ServoStudio\wpfui-servoStudio\samples\Wpf.Ui.servoStudio\Views\Pages\FSMPage.xaml.cs(15,52): warning IDE0055: 淇鏍煎紡 (https://learn.microsoft.com/dotnet/fundamentals/code-analysis/style-rules/ide0055) [C:\UserWorx\VSWorx\ServoStudio\wpfui-servoStudio\samples\Wpf.Ui.servoStudio\servoStudio_wjhet5xd_wpftmp.csproj]
C:\UserWorx\VSWorx\ServoStudio\wpfui-servoStudio\samples\Wpf.Ui.servoStudio\Views\Pages\HardwarePage.xaml.cs(15,50): warning IDE0055: 淇鏍煎紡 (https://learn.microsoft.com/dotnet/fundamentals/code-analysis/style-rules/ide0055) [C:\UserWorx\VSWorx\ServoStudio\wpfui-servoStudio\samples\Wpf.Ui.servoStudio\servoStudio_wjhet5xd_wpftmp.csproj]
C:\UserWorx\VSWorx\ServoStudio\wpfui-servoStudio\samples\Wpf.Ui.servoStudio\Views\Pages\HardwarePage.xaml.cs(15,52): warning IDE0055: 淇鏍煎紡 (https://learn.microsoft.com/dotnet/fundamentals/code-analysis/style-rules/ide0055) [C:\UserWorx\VSWorx\ServoStudio\wpfui-servoStudio\samples\Wpf.Ui.servoStudio\servoStudio_wjhet5xd_wpftmp.csproj]
C:\UserWorx\VSWorx\ServoStudio\wpfui-servoStudio\samples\Wpf.Ui.servoStudio\Views\Pages\HardwarePage.xaml.cs(15,57): warning IDE0055: 淇鏍煎紡 (https://learn.microsoft.com/dotnet/fundamentals/code-analysis/style-rules/ide0055) [C:\UserWorx\VSWorx\ServoStudio\wpfui-servoStudio\samples\Wpf.Ui.servoStudio\servoStudio_wjhet5xd_wpftmp.csproj]
C:\UserWorx\VSWorx\ServoStudio\wpfui-servoStudio\samples\Wpf.Ui.servoStudio\Views\Pages\HardwarePages\ControllerPage.xaml.cs(18,41): warning IDE0055: 淇鏍煎紡 (https://learn.microsoft.com/dotnet/fundamentals/code-analysis/style-rules/ide0055) [C:\UserWorx\VSWorx\ServoStudio\wpfui-servoStudio\samples\Wpf.Ui.servoStudio\servoStudio_wjhet5xd_wpftmp.csproj]
C:\UserWorx\VSWorx\ServoStudio\wpfui-servoStudio\samples\Wpf.Ui.servoStudio\Views\Pages\HardwarePages\ControllerPage.xaml.cs(18,43): warning IDE0055: 淇鏍煎紡 (https://learn.microsoft.com/dotnet/fundamentals/code-analysis/style-rules/ide0055) [C:\UserWorx\VSWorx\ServoStudio\wpfui-servoStudio\samples\Wpf.Ui.servoStudio\servoStudio_wjhet5xd_wpftmp.csproj]
C:\UserWorx\VSWorx\ServoStudio\wpfui-servoStudio\samples\Wpf.Ui.servoStudio\Views\Pages\HardwarePages\ControllerPage.xaml.cs(18,48): warning IDE0055: 淇鏍煎紡 (https://learn.microsoft.com/dotnet/fundamentals/code-analysis/style-rules/ide0055) [C:\UserWorx\VSWorx\ServoStudio\wpfui-servoStudio\samples\Wpf.Ui.servoStudio\servoStudio_wjhet5xd_wpftmp.csproj]
C:\UserWorx\VSWorx\ServoStudio\wpfui-servoStudio\samples\Wpf.Ui.servoStudio\Views\Pages\HardwarePages\IOPage.xaml.cs(16,33): warning IDE0055: 淇鏍煎紡 (https://learn.microsoft.com/dotnet/fundamentals/code-analysis/style-rules/ide0055) [C:\UserWorx\VSWorx\ServoStudio\wpfui-servoStudio\samples\Wpf.Ui.servoStudio\servoStudio_wjhet5xd_wpftmp.csproj]
C:\UserWorx\VSWorx\ServoStudio\wpfui-servoStudio\samples\Wpf.Ui.servoStudio\Views\Pages\HardwarePages\IOPage.xaml.cs(16,35): warning IDE0055: 淇鏍煎紡 (https://learn.microsoft.com/dotnet/fundamentals/code-analysis/style-rules/ide0055) [C:\UserWorx\VSWorx\ServoStudio\wpfui-servoStudio\samples\Wpf.Ui.servoStudio\servoStudio_wjhet5xd_wpftmp.csproj]
C:\UserWorx\VSWorx\ServoStudio\wpfui-servoStudio\samples\Wpf.Ui.servoStudio\Views\Pages\HardwarePages\IOPage.xaml.cs(16,40): warning IDE0055: 淇鏍煎紡 (https://learn.microsoft.com/dotnet/fundamentals/code-analysis/style-rules/ide0055) [C:\UserWorx\VSWorx\ServoStudio\wpfui-servoStudio\samples\Wpf.Ui.servoStudio\servoStudio_wjhet5xd_wpftmp.csproj]
C:\UserWorx\VSWorx\ServoStudio\wpfui-servoStudio\samples\Wpf.Ui.servoStudio\Views\Pages\HardwarePages\MotorPage.xaml.cs(16,36): warning IDE0055: 淇鏍煎紡 (https://learn.microsoft.com/dotnet/fundamentals/code-analysis/style-rules/ide0055) [C:\UserWorx\VSWorx\ServoStudio\wpfui-servoStudio\samples\Wpf.Ui.servoStudio\servoStudio_wjhet5xd_wpftmp.csproj]
C:\UserWorx\VSWorx\ServoStudio\wpfui-servoStudio\samples\Wpf.Ui.servoStudio\Views\Pages\HardwarePages\MotorPage.xaml.cs(16,38): warning IDE0055: 淇鏍煎紡 (https://learn.microsoft.com/dotnet/fundamentals/code-analysis/style-rules/ide0055) [C:\UserWorx\VSWorx\ServoStudio\wpfui-servoStudio\samples\Wpf.Ui.servoStudio\servoStudio_wjhet5xd_wpftmp.csproj]
C:\UserWorx\VSWorx\ServoStudio\wpfui-servoStudio\samples\Wpf.Ui.servoStudio\Views\Pages\HardwarePages\MotorPage.xaml.cs(16,43): warning IDE0055: 淇鏍煎紡 (https://learn.microsoft.com/dotnet/fundamentals/code-analysis/style-rules/ide0055) [C:\UserWorx\VSWorx\ServoStudio\wpfui-servoStudio\samples\Wpf.Ui.servoStudio\servoStudio_wjhet5xd_wpftmp.csproj]
C:\UserWorx\VSWorx\ServoStudio\wpfui-servoStudio\samples\Wpf.Ui.servoStudio\Views\Pages\HardwarePages\StoConfigPage.xaml.cs(13,40): warning IDE0055: 淇鏍煎紡 (https://learn.microsoft.com/dotnet/fundamentals/code-analysis/style-rules/ide0055) [C:\UserWorx\VSWorx\ServoStudio\wpfui-servoStudio\samples\Wpf.Ui.servoStudio\servoStudio_wjhet5xd_wpftmp.csproj]
C:\UserWorx\VSWorx\ServoStudio\wpfui-servoStudio\samples\Wpf.Ui.servoStudio\Views\Pages\HardwarePages\StoConfigPage.xaml.cs(13,42): warning IDE0055: 淇鏍煎紡 (https://learn.microsoft.com/dotnet/fundamentals/code-analysis/style-rules/ide0055) [C:\UserWorx\VSWorx\ServoStudio\wpfui-servoStudio\samples\Wpf.Ui.servoStudio\servoStudio_wjhet5xd_wpftmp.csproj]
C:\UserWorx\VSWorx\ServoStudio\wpfui-servoStudio\samples\Wpf.Ui.servoStudio\Views\Pages\HardwarePages\StoConfigPage.xaml.cs(13,47): warning IDE0055: 淇鏍煎紡 (https://learn.microsoft.com/dotnet/fundamentals/code-analysis/style-rules/ide0055) [C:\UserWorx\VSWorx\ServoStudio\wpfui-servoStudio\samples\Wpf.Ui.servoStudio\servoStudio_wjhet5xd_wpftmp.csproj]
C:\UserWorx\VSWorx\ServoStudio\wpfui-servoStudio\samples\Wpf.Ui.servoStudio\Views\Pages\HomePage.xaml.cs(18,46): warning IDE0055: 淇鏍煎紡 (https://learn.microsoft.com/dotnet/fundamentals/code-analysis/style-rules/ide0055) [C:\UserWorx\VSWorx\ServoStudio\wpfui-servoStudio\samples\Wpf.Ui.servoStudio\servoStudio_wjhet5xd_wpftmp.csproj]
C:\UserWorx\VSWorx\ServoStudio\wpfui-servoStudio\samples\Wpf.Ui.servoStudio\Views\Pages\HomePage.xaml.cs(18,48): warning IDE0055: 淇鏍煎紡 (https://learn.microsoft.com/dotnet/fundamentals/code-analysis/style-rules/ide0055) [C:\UserWorx\VSWorx\ServoStudio\wpfui-servoStudio\samples\Wpf.Ui.servoStudio\servoStudio_wjhet5xd_wpftmp.csproj]
C:\UserWorx\VSWorx\ServoStudio\wpfui-servoStudio\samples\Wpf.Ui.servoStudio\Views\Pages\HomePage.xaml.cs(18,53): warning IDE0055: 淇鏍煎紡 (https://learn.microsoft.com/dotnet/fundamentals/code-analysis/style-rules/ide0055) [C:\UserWorx\VSWorx\ServoStudio\wpfui-servoStudio\samples\Wpf.Ui.servoStudio\servoStudio_wjhet5xd_wpftmp.csproj]
C:\UserWorx\VSWorx\ServoStudio\wpfui-servoStudio\samples\Wpf.Ui.servoStudio\Views\Pages\HomePage.xaml.cs(103,57): warning IDE0055: 淇鏍煎紡 (https://learn.microsoft.com/dotnet/fundamentals/code-analysis/style-rules/ide0055) [C:\UserWorx\VSWorx\ServoStudio\wpfui-servoStudio\samples\Wpf.Ui.servoStudio\servoStudio_wjhet5xd_wpftmp.csproj]
C:\UserWorx\VSWorx\ServoStudio\wpfui-servoStudio\samples\Wpf.Ui.servoStudio\Views\Pages\HomePage.xaml.cs(111,57): warning IDE0055: 淇鏍煎紡 (https://learn.microsoft.com/dotnet/fundamentals/code-analysis/style-rules/ide0055) [C:\UserWorx\VSWorx\ServoStudio\wpfui-servoStudio\samples\Wpf.Ui.servoStudio\servoStudio_wjhet5xd_wpftmp.csproj]
C:\UserWorx\VSWorx\ServoStudio\wpfui-servoStudio\samples\Wpf.Ui.servoStudio\Views\Pages\HomePage.xaml.cs(119,57): warning IDE0055: 淇鏍煎紡 (https://learn.microsoft.com/dotnet/fundamentals/code-analysis/style-rules/ide0055) [C:\UserWorx\VSWorx\ServoStudio\wpfui-servoStudio\samples\Wpf.Ui.servoStudio\servoStudio_wjhet5xd_wpftmp.csproj]
C:\UserWorx\VSWorx\ServoStudio\wpfui-servoStudio\samples\Wpf.Ui.servoStudio\Views\Pages\HomePage.xaml.cs(144,30): warning IDE0055: 淇鏍煎紡 (https://learn.microsoft.com/dotnet/fundamentals/code-analysis/style-rules/ide0055) [C:\UserWorx\VSWorx\ServoStudio\wpfui-servoStudio\samples\Wpf.Ui.servoStudio\servoStudio_wjhet5xd_wpftmp.csproj]
C:\UserWorx\VSWorx\ServoStudio\wpfui-servoStudio\samples\Wpf.Ui.servoStudio\Views\Pages\MotionPages\MotionLimitPage.xaml.cs(16,42): warning IDE0055: 淇鏍煎紡 (https://learn.microsoft.com/dotnet/fundamentals/code-analysis/style-rules/ide0055) [C:\UserWorx\VSWorx\ServoStudio\wpfui-servoStudio\samples\Wpf.Ui.servoStudio\servoStudio_wjhet5xd_wpftmp.csproj]
C:\UserWorx\VSWorx\ServoStudio\wpfui-servoStudio\samples\Wpf.Ui.servoStudio\Views\Pages\MotionPages\MotionLimitPage.xaml.cs(16,44): warning IDE0055: 淇鏍煎紡 (https://learn.microsoft.com/dotnet/fundamentals/code-analysis/style-rules/ide0055) [C:\UserWorx\VSWorx\ServoStudio\wpfui-servoStudio\samples\Wpf.Ui.servoStudio\servoStudio_wjhet5xd_wpftmp.csproj]
C:\UserWorx\VSWorx\ServoStudio\wpfui-servoStudio\samples\Wpf.Ui.servoStudio\Views\Pages\MotionPages\MotionLimitPage.xaml.cs(16,49): warning IDE0055: 淇鏍煎紡 (https://learn.microsoft.com/dotnet/fundamentals/code-analysis/style-rules/ide0055) [C:\UserWorx\VSWorx\ServoStudio\wpfui-servoStudio\samples\Wpf.Ui.servoStudio\servoStudio_wjhet5xd_wpftmp.csproj]
C:\UserWorx\VSWorx\ServoStudio\wpfui-servoStudio\samples\Wpf.Ui.servoStudio\Views\Pages\MotionPages\MotionProfilePage.xaml.cs(25,44): warning IDE0055: 淇鏍煎紡 (https://learn.microsoft.com/dotnet/fundamentals/code-analysis/style-rules/ide0055) [C:\UserWorx\VSWorx\ServoStudio\wpfui-servoStudio\samples\Wpf.Ui.servoStudio\servoStudio_wjhet5xd_wpftmp.csproj]
C:\UserWorx\VSWorx\ServoStudio\wpfui-servoStudio\samples\Wpf.Ui.servoStudio\Views\Pages\MotionPages\MotionProfilePage.xaml.cs(25,46): warning IDE0055: 淇鏍煎紡 (https://learn.microsoft.com/dotnet/fundamentals/code-analysis/style-rules/ide0055) [C:\UserWorx\VSWorx\ServoStudio\wpfui-servoStudio\samples\Wpf.Ui.servoStudio\servoStudio_wjhet5xd_wpftmp.csproj]
C:\UserWorx\VSWorx\ServoStudio\wpfui-servoStudio\samples\Wpf.Ui.servoStudio\Views\Pages\MotionPages\MotionProfilePage.xaml.cs(25,51): warning IDE0055: 淇鏍煎紡 (https://learn.microsoft.com/dotnet/fundamentals/code-analysis/style-rules/ide0055) [C:\UserWorx\VSWorx\ServoStudio\wpfui-servoStudio\samples\Wpf.Ui.servoStudio\servoStudio_wjhet5xd_wpftmp.csproj]
C:\UserWorx\VSWorx\ServoStudio\wpfui-servoStudio\samples\Wpf.Ui.servoStudio\Views\Pages\MotionPages\MotionProfilePage.xaml.cs(55,39): warning IDE0055: 淇鏍煎紡 (https://learn.microsoft.com/dotnet/fundamentals/code-analysis/style-rules/ide0055) [C:\UserWorx\VSWorx\ServoStudio\wpfui-servoStudio\samples\Wpf.Ui.servoStudio\servoStudio_wjhet5xd_wpftmp.csproj]
C:\UserWorx\VSWorx\ServoStudio\wpfui-servoStudio\samples\Wpf.Ui.servoStudio\Views\Pages\MotionPages\MotionProfilePage.xaml.cs(58,40): warning IDE0055: 淇鏍煎紡 (https://learn.microsoft.com/dotnet/fundamentals/code-analysis/style-rules/ide0055) [C:\UserWorx\VSWorx\ServoStudio\wpfui-servoStudio\samples\Wpf.Ui.servoStudio\servoStudio_wjhet5xd_wpftmp.csproj]
C:\UserWorx\VSWorx\ServoStudio\wpfui-servoStudio\samples\Wpf.Ui.servoStudio\Views\Pages\MotionPages\MotionProfilePage.xaml.cs(74,12): warning IDE0055: 淇鏍煎紡 (https://learn.microsoft.com/dotnet/fundamentals/code-analysis/style-rules/ide0055) [C:\UserWorx\VSWorx\ServoStudio\wpfui-servoStudio\samples\Wpf.Ui.servoStudio\servoStudio_wjhet5xd_wpftmp.csproj]
C:\UserWorx\VSWorx\ServoStudio\wpfui-servoStudio\samples\Wpf.Ui.servoStudio\Views\Pages\MotionPages\MotionProfilePage.xaml.cs(74,14): warning IDE0055: 淇鏍煎紡 (https://learn.microsoft.com/dotnet/fundamentals/code-analysis/style-rules/ide0055) [C:\UserWorx\VSWorx\ServoStudio\wpfui-servoStudio\samples\Wpf.Ui.servoStudio\servoStudio_wjhet5xd_wpftmp.csproj]
C:\UserWorx\VSWorx\ServoStudio\wpfui-servoStudio\samples\Wpf.Ui.servoStudio\Views\Pages\MotionPages\MotionProfilePage.xaml.cs(74,83): warning IDE0055: 淇鏍煎紡 (https://learn.microsoft.com/dotnet/fundamentals/code-analysis/style-rules/ide0055) [C:\UserWorx\VSWorx\ServoStudio\wpfui-servoStudio\samples\Wpf.Ui.servoStudio\servoStudio_wjhet5xd_wpftmp.csproj]
C:\UserWorx\VSWorx\ServoStudio\wpfui-servoStudio\samples\Wpf.Ui.servoStudio\Views\Pages\MotionPages\MotionProfilePage.xaml.cs(77,40): warning IDE0055: 淇鏍煎紡 (https://learn.microsoft.com/dotnet/fundamentals/code-analysis/style-rules/ide0055) [C:\UserWorx\VSWorx\ServoStudio\wpfui-servoStudio\samples\Wpf.Ui.servoStudio\servoStudio_wjhet5xd_wpftmp.csproj]
C:\UserWorx\VSWorx\ServoStudio\wpfui-servoStudio\samples\Wpf.Ui.servoStudio\Views\Pages\MotionPages\MotionProfilePage.xaml.cs(78,29): warning IDE0055: 淇鏍煎紡 (https://learn.microsoft.com/dotnet/fundamentals/code-analysis/style-rules/ide0055) [C:\UserWorx\VSWorx\ServoStudio\wpfui-servoStudio\samples\Wpf.Ui.servoStudio\servoStudio_wjhet5xd_wpftmp.csproj]
C:\UserWorx\VSWorx\ServoStudio\wpfui-servoStudio\samples\Wpf.Ui.servoStudio\Views\Pages\MotionPages\MotionProfilePage.xaml.cs(141,31): warning IDE0055: 淇鏍煎紡 (https://learn.microsoft.com/dotnet/fundamentals/code-analysis/style-rules/ide0055) [C:\UserWorx\VSWorx\ServoStudio\wpfui-servoStudio\samples\Wpf.Ui.servoStudio\servoStudio_wjhet5xd_wpftmp.csproj]
C:\UserWorx\VSWorx\ServoStudio\wpfui-servoStudio\samples\Wpf.Ui.servoStudio\Views\Pages\MotionPages\MotionProfilePage.xaml.cs(175,38): warning IDE0055: 淇鏍煎紡 (https://learn.microsoft.com/dotnet/fundamentals/code-analysis/style-rules/ide0055) [C:\UserWorx\VSWorx\ServoStudio\wpfui-servoStudio\samples\Wpf.Ui.servoStudio\servoStudio_wjhet5xd_wpftmp.csproj]
C:\UserWorx\VSWorx\ServoStudio\wpfui-servoStudio\samples\Wpf.Ui.servoStudio\Views\Pages\MotionPages\MotionProfilePage.xaml.cs(176,39): warning IDE0055: 淇鏍煎紡 (https://learn.microsoft.com/dotnet/fundamentals/code-analysis/style-rules/ide0055) [C:\UserWorx\VSWorx\ServoStudio\wpfui-servoStudio\samples\Wpf.Ui.servoStudio\servoStudio_wjhet5xd_wpftmp.csproj]
C:\UserWorx\VSWorx\ServoStudio\wpfui-servoStudio\samples\Wpf.Ui.servoStudio\Views\Pages\MotionPages\MotionProfilePage.xaml.cs(177,37): warning IDE0055: 淇鏍煎紡 (https://learn.microsoft.com/dotnet/fundamentals/code-analysis/style-rules/ide0055) [C:\UserWorx\VSWorx\ServoStudio\wpfui-servoStudio\samples\Wpf.Ui.servoStudio\servoStudio_wjhet5xd_wpftmp.csproj]
C:\UserWorx\VSWorx\ServoStudio\wpfui-servoStudio\samples\Wpf.Ui.servoStudio\Views\Pages\MotionPages\MotionProfilePage.xaml.cs(180,47): warning IDE0055: 淇鏍煎紡 (https://learn.microsoft.com/dotnet/fundamentals/code-analysis/style-rules/ide0055) [C:\UserWorx\VSWorx\ServoStudio\wpfui-servoStudio\samples\Wpf.Ui.servoStudio\servoStudio_wjhet5xd_wpftmp.csproj]
C:\UserWorx\VSWorx\ServoStudio\wpfui-servoStudio\samples\Wpf.Ui.servoStudio\Views\Pages\MotionPages\MotionProfilePage.xaml.cs(181,48): warning IDE0055: 淇鏍煎紡 (https://learn.microsoft.com/dotnet/fundamentals/code-analysis/style-rules/ide0055) [C:\UserWorx\VSWorx\ServoStudio\wpfui-servoStudio\samples\Wpf.Ui.servoStudio\servoStudio_wjhet5xd_wpftmp.csproj]
C:\UserWorx\VSWorx\ServoStudio\wpfui-servoStudio\samples\Wpf.Ui.servoStudio\Views\Pages\MotionPages\MotionProfilePage.xaml.cs(182,46): warning IDE0055: 淇鏍煎紡 (https://learn.microsoft.com/dotnet/fundamentals/code-analysis/style-rules/ide0055) [C:\UserWorx\VSWorx\ServoStudio\wpfui-servoStudio\samples\Wpf.Ui.servoStudio\servoStudio_wjhet5xd_wpftmp.csproj]
C:\UserWorx\VSWorx\ServoStudio\wpfui-servoStudio\samples\Wpf.Ui.servoStudio\Views\Pages\MotionPages\MotionProfilePage.xaml.cs(195,47): warning IDE0055: 淇鏍煎紡 (https://learn.microsoft.com/dotnet/fundamentals/code-analysis/style-rules/ide0055) [C:\UserWorx\VSWorx\ServoStudio\wpfui-servoStudio\samples\Wpf.Ui.servoStudio\servoStudio_wjhet5xd_wpftmp.csproj]
C:\UserWorx\VSWorx\ServoStudio\wpfui-servoStudio\samples\Wpf.Ui.servoStudio\Views\Pages\MotionPages\MotionProfilePage.xaml.cs(196,48): warning IDE0055: 淇鏍煎紡 (https://learn.microsoft.com/dotnet/fundamentals/code-analysis/style-rules/ide0055) [C:\UserWorx\VSWorx\ServoStudio\wpfui-servoStudio\samples\Wpf.Ui.servoStudio\servoStudio_wjhet5xd_wpftmp.csproj]
C:\UserWorx\VSWorx\ServoStudio\wpfui-servoStudio\samples\Wpf.Ui.servoStudio\Views\Pages\MotionPages\MotionProfilePage.xaml.cs(197,46): warning IDE0055: 淇鏍煎紡 (https://learn.microsoft.com/dotnet/fundamentals/code-analysis/style-rules/ide0055) [C:\UserWorx\VSWorx\ServoStudio\wpfui-servoStudio\samples\Wpf.Ui.servoStudio\servoStudio_wjhet5xd_wpftmp.csproj]
C:\UserWorx\VSWorx\ServoStudio\wpfui-servoStudio\samples\Wpf.Ui.servoStudio\Views\Pages\MotionPages\MotionProfilePage.xaml.cs(219,38): warning IDE0055: 淇鏍煎紡 (https://learn.microsoft.com/dotnet/fundamentals/code-analysis/style-rules/ide0055) [C:\UserWorx\VSWorx\ServoStudio\wpfui-servoStudio\samples\Wpf.Ui.servoStudio\servoStudio_wjhet5xd_wpftmp.csproj]
C:\UserWorx\VSWorx\ServoStudio\wpfui-servoStudio\samples\Wpf.Ui.servoStudio\Views\Pages\MotionPages\MotionProfilePage.xaml.cs(221,21): warning IDE0055: 淇鏍煎紡 (https://learn.microsoft.com/dotnet/fundamentals/code-analysis/style-rules/ide0055) [C:\UserWorx\VSWorx\ServoStudio\wpfui-servoStudio\samples\Wpf.Ui.servoStudio\servoStudio_wjhet5xd_wpftmp.csproj]
C:\UserWorx\VSWorx\ServoStudio\wpfui-servoStudio\samples\Wpf.Ui.servoStudio\Views\Pages\MotionPages\MotionProfilePage.xaml.cs(227,38): warning IDE0055: 淇鏍煎紡 (https://learn.microsoft.com/dotnet/fundamentals/code-analysis/style-rules/ide0055) [C:\UserWorx\VSWorx\ServoStudio\wpfui-servoStudio\samples\Wpf.Ui.servoStudio\servoStudio_wjhet5xd_wpftmp.csproj]
C:\UserWorx\VSWorx\ServoStudio\wpfui-servoStudio\samples\Wpf.Ui.servoStudio\Views\Pages\MotionPages\MotionProfilePage.xaml.cs(229,21): warning IDE0055: 淇鏍煎紡 (https://learn.microsoft.com/dotnet/fundamentals/code-analysis/style-rules/ide0055) [C:\UserWorx\VSWorx\ServoStudio\wpfui-servoStudio\samples\Wpf.Ui.servoStudio\servoStudio_wjhet5xd_wpftmp.csproj]
C:\UserWorx\VSWorx\ServoStudio\wpfui-servoStudio\samples\Wpf.Ui.servoStudio\Views\Pages\MotionPages\MotionProfilePage.xaml.cs(238,34): warning IDE0055: 淇鏍煎紡 (https://learn.microsoft.com/dotnet/fundamentals/code-analysis/style-rules/ide0055) [C:\UserWorx\VSWorx\ServoStudio\wpfui-servoStudio\samples\Wpf.Ui.servoStudio\servoStudio_wjhet5xd_wpftmp.csproj]
C:\UserWorx\VSWorx\ServoStudio\wpfui-servoStudio\samples\Wpf.Ui.servoStudio\Views\Pages\MotionPages\MotionProfilePage.xaml.cs(240,39): warning IDE0055: 淇鏍煎紡 (https://learn.microsoft.com/dotnet/fundamentals/code-analysis/style-rules/ide0055) [C:\UserWorx\VSWorx\ServoStudio\wpfui-servoStudio\samples\Wpf.Ui.servoStudio\servoStudio_wjhet5xd_wpftmp.csproj]
C:\UserWorx\VSWorx\ServoStudio\wpfui-servoStudio\samples\Wpf.Ui.servoStudio\Views\Pages\MotionPages\MotionProfilePage.xaml.cs(241,39): warning IDE0055: 淇鏍煎紡 (https://learn.microsoft.com/dotnet/fundamentals/code-analysis/style-rules/ide0055) [C:\UserWorx\VSWorx\ServoStudio\wpfui-servoStudio\samples\Wpf.Ui.servoStudio\servoStudio_wjhet5xd_wpftmp.csproj]
C:\UserWorx\VSWorx\ServoStudio\wpfui-servoStudio\samples\Wpf.Ui.servoStudio\Views\Pages\MotionPages\MotionProfilePage.xaml.cs(242,39): warning IDE0055: 淇鏍煎紡 (https://learn.microsoft.com/dotnet/fundamentals/code-analysis/style-rules/ide0055) [C:\UserWorx\VSWorx\ServoStudio\wpfui-servoStudio\samples\Wpf.Ui.servoStudio\servoStudio_wjhet5xd_wpftmp.csproj]
C:\UserWorx\VSWorx\ServoStudio\wpfui-servoStudio\samples\Wpf.Ui.servoStudio\Views\Pages\MotionPages\MotionProfilePage.xaml.cs(255,43): warning IDE0055: 淇鏍煎紡 (https://learn.microsoft.com/dotnet/fundamentals/code-analysis/style-rules/ide0055) [C:\UserWorx\VSWorx\ServoStudio\wpfui-servoStudio\samples\Wpf.Ui.servoStudio\servoStudio_wjhet5xd_wpftmp.csproj]
C:\UserWorx\VSWorx\ServoStudio\wpfui-servoStudio\samples\Wpf.Ui.servoStudio\Views\Pages\MotionPages\MotionProfilePage.xaml.cs(258,22): warning IDE0055: 淇鏍煎紡 (https://learn.microsoft.com/dotnet/fundamentals/code-analysis/style-rules/ide0055) [C:\UserWorx\VSWorx\ServoStudio\wpfui-servoStudio\samples\Wpf.Ui.servoStudio\servoStudio_wjhet5xd_wpftmp.csproj]
C:\UserWorx\VSWorx\ServoStudio\wpfui-servoStudio\samples\Wpf.Ui.servoStudio\Views\Pages\MotionPages\MotionProfilePage.xaml.cs(259,22): warning IDE0055: 淇鏍煎紡 (https://learn.microsoft.com/dotnet/fundamentals/code-analysis/style-rules/ide0055) [C:\UserWorx\VSWorx\ServoStudio\wpfui-servoStudio\samples\Wpf.Ui.servoStudio\servoStudio_wjhet5xd_wpftmp.csproj]
C:\UserWorx\VSWorx\ServoStudio\wpfui-servoStudio\samples\Wpf.Ui.servoStudio\Views\Pages\MotionPages\MotionProfilePage.xaml.cs(262,35): warning IDE0055: 淇鏍煎紡 (https://learn.microsoft.com/dotnet/fundamentals/code-analysis/style-rules/ide0055) [C:\UserWorx\VSWorx\ServoStudio\wpfui-servoStudio\samples\Wpf.Ui.servoStudio\servoStudio_wjhet5xd_wpftmp.csproj]
C:\UserWorx\VSWorx\ServoStudio\wpfui-servoStudio\samples\Wpf.Ui.servoStudio\Views\Pages\MotionPages\MotionProfilePage.xaml.cs(262,52): warning IDE0055: 淇鏍煎紡 (https://learn.microsoft.com/dotnet/fundamentals/code-analysis/style-rules/ide0055) [C:\UserWorx\VSWorx\ServoStudio\wpfui-servoStudio\samples\Wpf.Ui.servoStudio\servoStudio_wjhet5xd_wpftmp.csproj]
C:\UserWorx\VSWorx\ServoStudio\wpfui-servoStudio\samples\Wpf.Ui.servoStudio\Views\Pages\MotionPages\MotionProfilePage.xaml.cs(286,19): warning IDE0055: 淇鏍煎紡 (https://learn.microsoft.com/dotnet/fundamentals/code-analysis/style-rules/ide0055) [C:\UserWorx\VSWorx\ServoStudio\wpfui-servoStudio\samples\Wpf.Ui.servoStudio\servoStudio_wjhet5xd_wpftmp.csproj]
C:\UserWorx\VSWorx\ServoStudio\wpfui-servoStudio\samples\Wpf.Ui.servoStudio\Views\Pages\MotionPages\MotionProfilePage.xaml.cs(290,21): warning IDE0055: 淇鏍煎紡 (https://learn.microsoft.com/dotnet/fundamentals/code-analysis/style-rules/ide0055) [C:\UserWorx\VSWorx\ServoStudio\wpfui-servoStudio\samples\Wpf.Ui.servoStudio\servoStudio_wjhet5xd_wpftmp.csproj]
C:\UserWorx\VSWorx\ServoStudio\wpfui-servoStudio\samples\Wpf.Ui.servoStudio\Views\Pages\MotionPages\MotionProfilePage.xaml.cs(291,25): warning IDE0055: 淇鏍煎紡 (https://learn.microsoft.com/dotnet/fundamentals/code-analysis/style-rules/ide0055) [C:\UserWorx\VSWorx\ServoStudio\wpfui-servoStudio\samples\Wpf.Ui.servoStudio\servoStudio_wjhet5xd_wpftmp.csproj]
C:\UserWorx\VSWorx\ServoStudio\wpfui-servoStudio\samples\Wpf.Ui.servoStudio\Views\Pages\MotionPages\MotionProfilePage.xaml.cs(47,31): warning IDE2003: 鍧椾笌鍚庣画璇彞涔嬮棿闇€瑕佹湁绌虹櫧琛?(https://learn.microsoft.com/dotnet/fundamentals/code-analysis/style-rules/ide2003) [C:\UserWorx\VSWorx\ServoStudio\wpfui-servoStudio\samples\Wpf.Ui.servoStudio\servoStudio_wjhet5xd_wpftmp.csproj]
C:\UserWorx\VSWorx\ServoStudio\wpfui-servoStudio\samples\Wpf.Ui.servoStudio\Views\Pages\MotionPages\MotionProfilePage.xaml.cs(106,9): warning IDE2003: 鍧椾笌鍚庣画璇彞涔嬮棿闇€瑕佹湁绌虹櫧琛?(https://learn.microsoft.com/dotnet/fundamentals/code-analysis/style-rules/ide2003) [C:\UserWorx\VSWorx\ServoStudio\wpfui-servoStudio\samples\Wpf.Ui.servoStudio\servoStudio_wjhet5xd_wpftmp.csproj]
C:\UserWorx\VSWorx\ServoStudio\wpfui-servoStudio\samples\Wpf.Ui.servoStudio\Views\Pages\MotionPages\MotionProfilePage.xaml.cs(243,9): warning IDE2003: 鍧椾笌鍚庣画璇彞涔嬮棿闇€瑕佹湁绌虹櫧琛?(https://learn.microsoft.com/dotnet/fundamentals/code-analysis/style-rules/ide2003) [C:\UserWorx\VSWorx\ServoStudio\wpfui-servoStudio\samples\Wpf.Ui.servoStudio\servoStudio_wjhet5xd_wpftmp.csproj]
C:\UserWorx\VSWorx\ServoStudio\wpfui-servoStudio\samples\Wpf.Ui.servoStudio\Views\Pages\MotionPages\MotionProfilePage.xaml.cs(278,13): warning IDE2003: 鍧椾笌鍚庣画璇彞涔嬮棿闇€瑕佹湁绌虹櫧琛?(https://learn.microsoft.com/dotnet/fundamentals/code-analysis/style-rules/ide2003) [C:\UserWorx\VSWorx\ServoStudio\wpfui-servoStudio\samples\Wpf.Ui.servoStudio\servoStudio_wjhet5xd_wpftmp.csproj]
C:\UserWorx\VSWorx\ServoStudio\wpfui-servoStudio\samples\Wpf.Ui.servoStudio\Views\Pages\MotionPages\MotionTypePage.xaml.cs(16,41): warning IDE0055: 淇鏍煎紡 (https://learn.microsoft.com/dotnet/fundamentals/code-analysis/style-rules/ide0055) [C:\UserWorx\VSWorx\ServoStudio\wpfui-servoStudio\samples\Wpf.Ui.servoStudio\servoStudio_wjhet5xd_wpftmp.csproj]
C:\UserWorx\VSWorx\ServoStudio\wpfui-servoStudio\samples\Wpf.Ui.servoStudio\Views\Pages\MotionPages\MotionTypePage.xaml.cs(16,43): warning IDE0055: 淇鏍煎紡 (https://learn.microsoft.com/dotnet/fundamentals/code-analysis/style-rules/ide0055) [C:\UserWorx\VSWorx\ServoStudio\wpfui-servoStudio\samples\Wpf.Ui.servoStudio\servoStudio_wjhet5xd_wpftmp.csproj]
C:\UserWorx\VSWorx\ServoStudio\wpfui-servoStudio\samples\Wpf.Ui.servoStudio\Views\Pages\MotionPages\MotionTypePage.xaml.cs(16,48): warning IDE0055: 淇鏍煎紡 (https://learn.microsoft.com/dotnet/fundamentals/code-analysis/style-rules/ide0055) [C:\UserWorx\VSWorx\ServoStudio\wpfui-servoStudio\samples\Wpf.Ui.servoStudio\servoStudio_wjhet5xd_wpftmp.csproj]
C:\UserWorx\VSWorx\ServoStudio\wpfui-servoStudio\samples\Wpf.Ui.servoStudio\Views\Pages\MotionPages\MultiStepProfilePage.xaml.cs(13,47): warning IDE0055: 淇鏍煎紡 (https://learn.microsoft.com/dotnet/fundamentals/code-analysis/style-rules/ide0055) [C:\UserWorx\VSWorx\ServoStudio\wpfui-servoStudio\samples\Wpf.Ui.servoStudio\servoStudio_wjhet5xd_wpftmp.csproj]
C:\UserWorx\VSWorx\ServoStudio\wpfui-servoStudio\samples\Wpf.Ui.servoStudio\Views\Pages\MotionPages\MultiStepProfilePage.xaml.cs(13,49): warning IDE0055: 淇鏍煎紡 (https://learn.microsoft.com/dotnet/fundamentals/code-analysis/style-rules/ide0055) [C:\UserWorx\VSWorx\ServoStudio\wpfui-servoStudio\samples\Wpf.Ui.servoStudio\servoStudio_wjhet5xd_wpftmp.csproj]
C:\UserWorx\VSWorx\ServoStudio\wpfui-servoStudio\samples\Wpf.Ui.servoStudio\Views\Pages\MotionPages\MultiStepProfilePage.xaml.cs(13,54): warning IDE0055: 淇鏍煎紡 (https://learn.microsoft.com/dotnet/fundamentals/code-analysis/style-rules/ide0055) [C:\UserWorx\VSWorx\ServoStudio\wpfui-servoStudio\samples\Wpf.Ui.servoStudio\servoStudio_wjhet5xd_wpftmp.csproj]
C:\UserWorx\VSWorx\ServoStudio\wpfui-servoStudio\samples\Wpf.Ui.servoStudio\Views\Pages\SettingsPage.xaml.cs(15,50): warning IDE0055: 淇鏍煎紡 (https://learn.microsoft.com/dotnet/fundamentals/code-analysis/style-rules/ide0055) [C:\UserWorx\VSWorx\ServoStudio\wpfui-servoStudio\samples\Wpf.Ui.servoStudio\servoStudio_wjhet5xd_wpftmp.csproj]
C:\UserWorx\VSWorx\ServoStudio\wpfui-servoStudio\samples\Wpf.Ui.servoStudio\Views\Pages\SettingsPage.xaml.cs(15,52): warning IDE0055: 淇鏍煎紡 (https://learn.microsoft.com/dotnet/fundamentals/code-analysis/style-rules/ide0055) [C:\UserWorx\VSWorx\ServoStudio\wpfui-servoStudio\samples\Wpf.Ui.servoStudio\servoStudio_wjhet5xd_wpftmp.csproj]
C:\UserWorx\VSWorx\ServoStudio\wpfui-servoStudio\samples\Wpf.Ui.servoStudio\Views\Pages\SettingsPage.xaml.cs(15,57): warning IDE0055: 淇鏍煎紡 (https://learn.microsoft.com/dotnet/fundamentals/code-analysis/style-rules/ide0055) [C:\UserWorx\VSWorx\ServoStudio\wpfui-servoStudio\samples\Wpf.Ui.servoStudio\servoStudio_wjhet5xd_wpftmp.csproj]
C:\UserWorx\VSWorx\ServoStudio\wpfui-servoStudio\samples\Wpf.Ui.servoStudio\Views\Pages\TuningPages\AdvancedTuningPage.xaml.cs(13,45): warning IDE0055: 淇鏍煎紡 (https://learn.microsoft.com/dotnet/fundamentals/code-analysis/style-rules/ide0055) [C:\UserWorx\VSWorx\ServoStudio\wpfui-servoStudio\samples\Wpf.Ui.servoStudio\servoStudio_wjhet5xd_wpftmp.csproj]
C:\UserWorx\VSWorx\ServoStudio\wpfui-servoStudio\samples\Wpf.Ui.servoStudio\Views\Pages\TuningPages\AdvancedTuningPage.xaml.cs(13,47): warning IDE0055: 淇鏍煎紡 (https://learn.microsoft.com/dotnet/fundamentals/code-analysis/style-rules/ide0055) [C:\UserWorx\VSWorx\ServoStudio\wpfui-servoStudio\samples\Wpf.Ui.servoStudio\servoStudio_wjhet5xd_wpftmp.csproj]
C:\UserWorx\VSWorx\ServoStudio\wpfui-servoStudio\samples\Wpf.Ui.servoStudio\Views\Pages\TuningPages\AdvancedTuningPage.xaml.cs(13,52): warning IDE0055: 淇鏍煎紡 (https://learn.microsoft.com/dotnet/fundamentals/code-analysis/style-rules/ide0055) [C:\UserWorx\VSWorx\ServoStudio\wpfui-servoStudio\samples\Wpf.Ui.servoStudio\servoStudio_wjhet5xd_wpftmp.csproj]
C:\UserWorx\VSWorx\ServoStudio\wpfui-servoStudio\samples\Wpf.Ui.servoStudio\Views\Pages\TuningPages\MotorIdentificationPage.xaml.cs(13,50): warning IDE0055: 淇鏍煎紡 (https://learn.microsoft.com/dotnet/fundamentals/code-analysis/style-rules/ide0055) [C:\UserWorx\VSWorx\ServoStudio\wpfui-servoStudio\samples\Wpf.Ui.servoStudio\servoStudio_wjhet5xd_wpftmp.csproj]
C:\UserWorx\VSWorx\ServoStudio\wpfui-servoStudio\samples\Wpf.Ui.servoStudio\Views\Pages\TuningPages\MotorIdentificationPage.xaml.cs(13,52): warning IDE0055: 淇鏍煎紡 (https://learn.microsoft.com/dotnet/fundamentals/code-analysis/style-rules/ide0055) [C:\UserWorx\VSWorx\ServoStudio\wpfui-servoStudio\samples\Wpf.Ui.servoStudio\servoStudio_wjhet5xd_wpftmp.csproj]
C:\UserWorx\VSWorx\ServoStudio\wpfui-servoStudio\samples\Wpf.Ui.servoStudio\Views\Pages\TuningPages\MotorIdentificationPage.xaml.cs(13,57): warning IDE0055: 淇鏍煎紡 (https://learn.microsoft.com/dotnet/fundamentals/code-analysis/style-rules/ide0055) [C:\UserWorx\VSWorx\ServoStudio\wpfui-servoStudio\samples\Wpf.Ui.servoStudio\servoStudio_wjhet5xd_wpftmp.csproj]
C:\UserWorx\VSWorx\ServoStudio\wpfui-servoStudio\samples\Wpf.Ui.servoStudio\Models\FactoryParameters.cs(134,47): warning CS0108: 鈥淔actoryParameters.PropertyChanged鈥濋殣钘忕户鎵跨殑鎴愬憳鈥淥bservableObject.PropertyChanged鈥濄€傚鏋滄槸鏈夋剰闅愯棌锛岃浣跨敤鍏抽敭瀛?new銆?[C:\UserWorx\VSWorx\ServoStudio\wpfui-servoStudio\samples\Wpf.Ui.servoStudio\servoStudio.csproj]
C:\UserWorx\VSWorx\ServoStudio\wpfui-servoStudio\samples\Wpf.Ui.servoStudio\Models\ControlModeParameters.cs(106,47): warning CS0108: 鈥淐ontrolModeParameters.PropertyChanged鈥濋殣钘忕户鎵跨殑鎴愬憳鈥淥bservableObject.PropertyChanged鈥濄€傚鏋滄槸鏈夋剰闅愯棌锛岃浣跨敤鍏抽敭瀛?new銆?[C:\UserWorx\VSWorx\ServoStudio\wpfui-servoStudio\samples\Wpf.Ui.servoStudio\servoStudio.csproj]
C:\UserWorx\VSWorx\ServoStudio\wpfui-servoStudio\samples\Wpf.Ui.servoStudio\Models\Utils.cs(18,30): warning CS8622: 鈥渧oid TrulyObservableCollection<T>.TrulyObservableCollection_CollectionChanged(object sender, NotifyCollectionChangedEventArgs e)鈥濈殑鍙傛暟鈥渟ender鈥濈被鍨嬩腑寮曠敤绫诲瀷鐨勪负 Null 鎬т笌鐩爣濮旀墭鈥淣otifyCollectionChangedEventHandler鈥濅笉鍖归厤(鍙兘鏄敱浜庝负 Null 鎬х壒鎬?銆?[C:\UserWorx\VSWorx\ServoStudio\wpfui-servoStudio\samples\Wpf.Ui.servoStudio\servoStudio.csproj]
C:\UserWorx\VSWorx\ServoStudio\wpfui-servoStudio\samples\Wpf.Ui.servoStudio\Models\Utils.cs(27,18): warning CS8602: 瑙ｅ紩鐢ㄥ彲鑳藉嚭鐜扮┖寮曠敤銆?[C:\UserWorx\VSWorx\ServoStudio\wpfui-servoStudio\samples\Wpf.Ui.servoStudio\servoStudio.csproj]
C:\UserWorx\VSWorx\ServoStudio\wpfui-servoStudio\samples\Wpf.Ui.servoStudio\Models\Utils.cs(27,69): warning CS8622: 鈥渧oid TrulyObservableCollection<T>.item_PropertyChanged(object sender, PropertyChangedEventArgs e)鈥濈殑鍙傛暟鈥渟ender鈥濈被鍨嬩腑寮曠敤绫诲瀷鐨勪负 Null 鎬т笌鐩爣濮旀墭鈥淧ropertyChangedEventHandler鈥濅笉鍖归厤(鍙兘鏄敱浜庝负 Null 鎬х壒鎬?銆?[C:\UserWorx\VSWorx\ServoStudio\wpfui-servoStudio\samples\Wpf.Ui.servoStudio\servoStudio.csproj]
C:\UserWorx\VSWorx\ServoStudio\wpfui-servoStudio\samples\Wpf.Ui.servoStudio\Models\Utils.cs(35,18): warning CS8602: 瑙ｅ紩鐢ㄥ彲鑳藉嚭鐜扮┖寮曠敤銆?[C:\UserWorx\VSWorx\ServoStudio\wpfui-servoStudio\samples\Wpf.Ui.servoStudio\servoStudio.csproj]
C:\UserWorx\VSWorx\ServoStudio\wpfui-servoStudio\samples\Wpf.Ui.servoStudio\Models\Utils.cs(35,69): warning CS8622: 鈥渧oid TrulyObservableCollection<T>.item_PropertyChanged(object sender, PropertyChangedEventArgs e)鈥濈殑鍙傛暟鈥渟ender鈥濈被鍨嬩腑寮曠敤绫诲瀷鐨勪负 Null 鎬т笌鐩爣濮旀墭鈥淧ropertyChangedEventHandler鈥濅笉鍖归厤(鍙兘鏄敱浜庝负 Null 鎬х壒鎬?銆?[C:\UserWorx\VSWorx\ServoStudio\wpfui-servoStudio\samples\Wpf.Ui.servoStudio\servoStudio.csproj]
C:\UserWorx\VSWorx\ServoStudio\wpfui-servoStudio\samples\Wpf.Ui.servoStudio\Models\SerialPorts.cs(76,19): warning CS8618: 鍦ㄩ€€鍑烘瀯閫犲嚱鏁版椂锛屼笉鍙负 null 鐨?瀛楁 "headReceiveData" 蹇呴』鍖呭惈闈?null 鍊笺€傝鑰冭檻娣诲姞 "required" 淇グ绗︽垨灏嗚 瀛楁 澹版槑涓哄彲涓?null銆?[C:\UserWorx\VSWorx\ServoStudio\wpfui-servoStudio\samples\Wpf.Ui.servoStudio\servoStudio.csproj]
C:\UserWorx\VSWorx\ServoStudio\wpfui-servoStudio\samples\Wpf.Ui.servoStudio\Models\SerialPorts.cs(77,19): warning CS8618: 鍦ㄩ€€鍑烘瀯閫犲嚱鏁版椂锛屼笉鍙负 null 鐨?瀛楁 "bufferReceiveData" 蹇呴』鍖呭惈闈?null 鍊笺€傝鑰冭檻娣诲姞 "required" 淇グ绗︽垨灏嗚 瀛楁 澹版槑涓哄彲涓?null銆?[C:\UserWorx\VSWorx\ServoStudio\wpfui-servoStudio\samples\Wpf.Ui.servoStudio\servoStudio.csproj]
C:\UserWorx\VSWorx\ServoStudio\wpfui-servoStudio\samples\Wpf.Ui.servoStudio\Models\SerialPorts.cs(70,20): warning CS8618: 鍦ㄩ€€鍑烘瀯閫犲嚱鏁版椂锛屼笉鍙负 null 鐨?瀛楁 "bufferTransmitData" 蹇呴』鍖呭惈闈?null 鍊笺€傝鑰冭檻娣诲姞 "required" 淇グ绗︽垨灏嗚 瀛楁 澹版槑涓哄彲涓?null銆?[C:\UserWorx\VSWorx\ServoStudio\wpfui-servoStudio\samples\Wpf.Ui.servoStudio\servoStudio.csproj]
C:\UserWorx\VSWorx\ServoStudio\wpfui-servoStudio\samples\Wpf.Ui.servoStudio\Models\ModbusRegister.cs(10,22): warning CS8618: 鍦ㄩ€€鍑烘瀯閫犲嚱鏁版椂锛屼笉鍙负 null 鐨?灞炴€?"H00" 蹇呴』鍖呭惈闈?null 鍊笺€傝鑰冭檻娣诲姞 "required" 淇グ绗︽垨灏嗚 灞炴€?澹版槑涓哄彲涓?null銆?[C:\UserWorx\VSWorx\ServoStudio\wpfui-servoStudio\samples\Wpf.Ui.servoStudio\servoStudio.csproj]
C:\UserWorx\VSWorx\ServoStudio\wpfui-servoStudio\samples\Wpf.Ui.servoStudio\Models\ModbusRegister.cs(11,22): warning CS8618: 鍦ㄩ€€鍑烘瀯閫犲嚱鏁版椂锛屼笉鍙负 null 鐨?灞炴€?"H01" 蹇呴』鍖呭惈闈?null 鍊笺€傝鑰冭檻娣诲姞 "required" 淇グ绗︽垨灏嗚 灞炴€?澹版槑涓哄彲涓?null銆?[C:\UserWorx\VSWorx\ServoStudio\wpfui-servoStudio\samples\Wpf.Ui.servoStudio\servoStudio.csproj]
C:\UserWorx\VSWorx\ServoStudio\wpfui-servoStudio\samples\Wpf.Ui.servoStudio\Models\ModbusRegister.cs(12,22): warning CS8618: 鍦ㄩ€€鍑烘瀯閫犲嚱鏁版椂锛屼笉鍙负 null 鐨?灞炴€?"H02" 蹇呴』鍖呭惈闈?null 鍊笺€傝鑰冭檻娣诲姞 "required" 淇グ绗︽垨灏嗚 灞炴€?澹版槑涓哄彲涓?null銆?[C:\UserWorx\VSWorx\ServoStudio\wpfui-servoStudio\samples\Wpf.Ui.servoStudio\servoStudio.csproj]
C:\UserWorx\VSWorx\ServoStudio\wpfui-servoStudio\samples\Wpf.Ui.servoStudio\Models\ModbusRegister.cs(13,22): warning CS8618: 鍦ㄩ€€鍑烘瀯閫犲嚱鏁版椂锛屼笉鍙负 null 鐨?灞炴€?"H03" 蹇呴』鍖呭惈闈?null 鍊笺€傝鑰冭檻娣诲姞 "required" 淇グ绗︽垨灏嗚 灞炴€?澹版槑涓哄彲涓?null銆?[C:\UserWorx\VSWorx\ServoStudio\wpfui-servoStudio\samples\Wpf.Ui.servoStudio\servoStudio.csproj]
C:\UserWorx\VSWorx\ServoStudio\wpfui-servoStudio\samples\Wpf.Ui.servoStudio\Models\ModbusRegister.cs(14,22): warning CS8618: 鍦ㄩ€€鍑烘瀯閫犲嚱鏁版椂锛屼笉鍙负 null 鐨?灞炴€?"H04" 蹇呴』鍖呭惈闈?null 鍊笺€傝鑰冭檻娣诲姞 "required" 淇グ绗︽垨灏嗚 灞炴€?澹版槑涓哄彲涓?null銆?[C:\UserWorx\VSWorx\ServoStudio\wpfui-servoStudio\samples\Wpf.Ui.servoStudio\servoStudio.csproj]
C:\UserWorx\VSWorx\ServoStudio\wpfui-servoStudio\samples\Wpf.Ui.servoStudio\Models\ModbusRegister.cs(15,22): warning CS8618: 鍦ㄩ€€鍑烘瀯閫犲嚱鏁版椂锛屼笉鍙负 null 鐨?灞炴€?"H05" 蹇呴』鍖呭惈闈?null 鍊笺€傝鑰冭檻娣诲姞 "required" 淇グ绗︽垨灏嗚 灞炴€?澹版槑涓哄彲涓?null銆?[C:\UserWorx\VSWorx\ServoStudio\wpfui-servoStudio\samples\Wpf.Ui.servoStudio\servoStudio.csproj]
C:\UserWorx\VSWorx\ServoStudio\wpfui-servoStudio\samples\Wpf.Ui.servoStudio\Models\ModbusRegister.cs(16,22): warning CS8618: 鍦ㄩ€€鍑烘瀯閫犲嚱鏁版椂锛屼笉鍙负 null 鐨?灞炴€?"H06" 蹇呴』鍖呭惈闈?null 鍊笺€傝鑰冭檻娣诲姞 "required" 淇グ绗︽垨灏嗚 灞炴€?澹版槑涓哄彲涓?null銆?[C:\UserWorx\VSWorx\ServoStudio\wpfui-servoStudio\samples\Wpf.Ui.servoStudio\servoStudio.csproj]
C:\UserWorx\VSWorx\ServoStudio\wpfui-servoStudio\samples\Wpf.Ui.servoStudio\Models\ModbusRegister.cs(17,22): warning CS8618: 鍦ㄩ€€鍑烘瀯閫犲嚱鏁版椂锛屼笉鍙负 null 鐨?灞炴€?"H07" 蹇呴』鍖呭惈闈?null 鍊笺€傝鑰冭檻娣诲姞 "required" 淇グ绗︽垨灏嗚 灞炴€?澹版槑涓哄彲涓?null銆?[C:\UserWorx\VSWorx\ServoStudio\wpfui-servoStudio\samples\Wpf.Ui.servoStudio\servoStudio.csproj]
C:\UserWorx\VSWorx\ServoStudio\wpfui-servoStudio\samples\Wpf.Ui.servoStudio\Models\ModbusRegister.cs(18,22): warning CS8618: 鍦ㄩ€€鍑烘瀯閫犲嚱鏁版椂锛屼笉鍙负 null 鐨?灞炴€?"H08" 蹇呴』鍖呭惈闈?null 鍊笺€傝鑰冭檻娣诲姞 "required" 淇グ绗︽垨灏嗚 灞炴€?澹版槑涓哄彲涓?null銆?[C:\UserWorx\VSWorx\ServoStudio\wpfui-servoStudio\samples\Wpf.Ui.servoStudio\servoStudio.csproj]
C:\UserWorx\VSWorx\ServoStudio\wpfui-servoStudio\samples\Wpf.Ui.servoStudio\Models\ModbusRegister.cs(19,22): warning CS8618: 鍦ㄩ€€鍑烘瀯閫犲嚱鏁版椂锛屼笉鍙负 null 鐨?灞炴€?"H09" 蹇呴』鍖呭惈闈?null 鍊笺€傝鑰冭檻娣诲姞 "required" 淇グ绗︽垨灏嗚 灞炴€?澹版槑涓哄彲涓?null銆?[C:\UserWorx\VSWorx\ServoStudio\wpfui-servoStudio\samples\Wpf.Ui.servoStudio\servoStudio.csproj]
C:\UserWorx\VSWorx\ServoStudio\wpfui-servoStudio\samples\Wpf.Ui.servoStudio\Models\ModbusRegister.cs(20,22): warning CS8618: 鍦ㄩ€€鍑烘瀯閫犲嚱鏁版椂锛屼笉鍙负 null 鐨?灞炴€?"H0A" 蹇呴』鍖呭惈闈?null 鍊笺€傝鑰冭檻娣诲姞 "required" 淇グ绗︽垨灏嗚 灞炴€?澹版槑涓哄彲涓?null銆?[C:\UserWorx\VSWorx\ServoStudio\wpfui-servoStudio\samples\Wpf.Ui.servoStudio\servoStudio.csproj]
C:\UserWorx\VSWorx\ServoStudio\wpfui-servoStudio\samples\Wpf.Ui.servoStudio\Models\ModbusRegister.cs(21,22): warning CS8618: 鍦ㄩ€€鍑烘瀯閫犲嚱鏁版椂锛屼笉鍙负 null 鐨?灞炴€?"H0B" 蹇呴』鍖呭惈闈?null 鍊笺€傝鑰冭檻娣诲姞 "required" 淇グ绗︽垨灏嗚 灞炴€?澹版槑涓哄彲涓?null銆?[C:\UserWorx\VSWorx\ServoStudio\wpfui-servoStudio\samples\Wpf.Ui.servoStudio\servoStudio.csproj]
C:\UserWorx\VSWorx\ServoStudio\wpfui-servoStudio\samples\Wpf.Ui.servoStudio\Models\ModbusRegister.cs(22,22): warning CS8618: 鍦ㄩ€€鍑烘瀯閫犲嚱鏁版椂锛屼笉鍙负 null 鐨?灞炴€?"H0C" 蹇呴』鍖呭惈闈?null 鍊笺€傝鑰冭檻娣诲姞 "required" 淇グ绗︽垨灏嗚 灞炴€?澹版槑涓哄彲涓?null銆?[C:\UserWorx\VSWorx\ServoStudio\wpfui-servoStudio\samples\Wpf.Ui.servoStudio\servoStudio.csproj]
C:\UserWorx\VSWorx\ServoStudio\wpfui-servoStudio\samples\Wpf.Ui.servoStudio\Models\ModbusRegister.cs(23,22): warning CS8618: 鍦ㄩ€€鍑烘瀯閫犲嚱鏁版椂锛屼笉鍙负 null 鐨?灞炴€?"H0D" 蹇呴』鍖呭惈闈?null 鍊笺€傝鑰冭檻娣诲姞 "required" 淇グ绗︽垨灏嗚 灞炴€?澹版槑涓哄彲涓?null銆?[C:\UserWorx\VSWorx\ServoStudio\wpfui-servoStudio\samples\Wpf.Ui.servoStudio\servoStudio.csproj]
C:\UserWorx\VSWorx\ServoStudio\wpfui-servoStudio\samples\Wpf.Ui.servoStudio\Models\FactoryParameters.cs(78,39): warning CS8604: 鈥渋nt int.Parse(string s)鈥濅腑鐨勫舰鍙傗€渟鈥濆彲鑳戒紶鍏?null 寮曠敤瀹炲弬銆?[C:\UserWorx\VSWorx\ServoStudio\wpfui-servoStudio\samples\Wpf.Ui.servoStudio\servoStudio.csproj]
C:\UserWorx\VSWorx\ServoStudio\wpfui-servoStudio\samples\Wpf.Ui.servoStudio\Models\FactoryParameters.cs(78,71): warning CS8604: 鈥渋nt int.Parse(string s)鈥濅腑鐨勫舰鍙傗€渟鈥濆彲鑳戒紶鍏?null 寮曠敤瀹炲弬銆?[C:\UserWorx\VSWorx\ServoStudio\wpfui-servoStudio\samples\Wpf.Ui.servoStudio\servoStudio.csproj]
C:\UserWorx\VSWorx\ServoStudio\wpfui-servoStudio\samples\Wpf.Ui.servoStudio\Models\ControlModeParameters.cs(63,39): warning CS8604: 鈥渋nt int.Parse(string s)鈥濅腑鐨勫舰鍙傗€渟鈥濆彲鑳戒紶鍏?null 寮曠敤瀹炲弬銆?[C:\UserWorx\VSWorx\ServoStudio\wpfui-servoStudio\samples\Wpf.Ui.servoStudio\servoStudio.csproj]
C:\UserWorx\VSWorx\ServoStudio\wpfui-servoStudio\samples\Wpf.Ui.servoStudio\Models\ControlModeParameters.cs(63,71): warning CS8604: 鈥渋nt int.Parse(string s)鈥濅腑鐨勫舰鍙傗€渟鈥濆彲鑳戒紶鍏?null 寮曠敤瀹炲弬銆?[C:\UserWorx\VSWorx\ServoStudio\wpfui-servoStudio\samples\Wpf.Ui.servoStudio\servoStudio.csproj]
C:\UserWorx\VSWorx\ServoStudio\wpfui-servoStudio\samples\Wpf.Ui.servoStudio\ViewModels\SerialPort\ComParameter.cs(21,47): warning CS8618: 鍦ㄩ€€鍑烘瀯閫犲嚱鏁版椂锛屼笉鍙负 null 鐨?瀛楁 "_portsCollection" 蹇呴』鍖呭惈闈?null 鍊笺€傝鑰冭檻娣诲姞 "required" 淇グ绗︽垨灏嗚 瀛楁 澹版槑涓哄彲涓?null銆?[C:\UserWorx\VSWorx\ServoStudio\wpfui-servoStudio\samples\Wpf.Ui.servoStudio\servoStudio.csproj]
C:\UserWorx\VSWorx\ServoStudio\wpfui-servoStudio\samples\Wpf.Ui.servoStudio\ViewModels\DeviceSet\StartViewModel.cs(26,34): warning CS8618: 鍦ㄩ€€鍑烘瀯閫犲嚱鏁版椂锛屼笉鍙负 null 鐨?瀛楁 "DialogResult" 蹇呴』鍖呭惈闈?null 鍊笺€傝鑰冭檻娣诲姞 "required" 淇グ绗︽垨灏嗚 瀛楁 澹版槑涓哄彲涓?null銆?[C:\UserWorx\VSWorx\ServoStudio\wpfui-servoStudio\samples\Wpf.Ui.servoStudio\servoStudio.csproj]
C:\UserWorx\VSWorx\ServoStudio\wpfui-servoStudio\samples\Wpf.Ui.servoStudio\ViewModels\DeviceSet\StartViewModel.cs(17,27): warning CS9113: 鍙傛暟鈥渃ontentDialogService鈥濇湭璇汇€?[C:\UserWorx\VSWorx\ServoStudio\wpfui-servoStudio\samples\Wpf.Ui.servoStudio\servoStudio.csproj]
C:\UserWorx\VSWorx\ServoStudio\wpfui-servoStudio\samples\Wpf.Ui.servoStudio\ViewModels\DeviceSet\DeviceAddViewModel.cs(47,20): warning CS8618: 鍦ㄩ€€鍑烘瀯閫犲嚱鏁版椂锛屼笉鍙负 null 鐨?瀛楁 "slaveState" 蹇呴』鍖呭惈闈?null 鍊笺€傝鑰冭檻娣诲姞 "required" 淇グ绗︽垨灏嗚 瀛楁 澹版槑涓哄彲涓?null銆?[C:\UserWorx\VSWorx\ServoStudio\wpfui-servoStudio\samples\Wpf.Ui.servoStudio\servoStudio.csproj]
C:\UserWorx\VSWorx\ServoStudio\wpfui-servoStudio\samples\Wpf.Ui.servoStudio\ViewModels\DeviceSet\DeviceAddViewModel.cs(48,22): warning CS8618: 鍦ㄩ€€鍑烘瀯閫犲嚱鏁版椂锛屼笉鍙负 null 鐨?瀛楁 "_portNamesOld" 蹇呴』鍖呭惈闈?null 鍊笺€傝鑰冭檻娣诲姞 "required" 淇グ绗︽垨灏嗚 瀛楁 澹版槑涓哄彲涓?null銆?[C:\UserWorx\VSWorx\ServoStudio\wpfui-servoStudio\samples\Wpf.Ui.servoStudio\servoStudio.csproj]
C:\UserWorx\VSWorx\ServoStudio\wpfui-servoStudio\samples\Wpf.Ui.servoStudio\ViewModels\DeviceSet\DeviceAddViewModel.cs(43,63): warning CS9113: 鍙傛暟鈥渃ontentDialogService鈥濇湭璇汇€?[C:\UserWorx\VSWorx\ServoStudio\wpfui-servoStudio\samples\Wpf.Ui.servoStudio\servoStudio.csproj]
C:\UserWorx\VSWorx\ServoStudio\wpfui-servoStudio\samples\Wpf.Ui.servoStudio\ViewModels\DeviceSet\DeviceAddViewModel.cs(43,104): warning CS9113: 鍙傛暟鈥渘avigationService鈥濇湭璇汇€?[C:\UserWorx\VSWorx\ServoStudio\wpfui-servoStudio\samples\Wpf.Ui.servoStudio\servoStudio.csproj]
C:\UserWorx\VSWorx\ServoStudio\wpfui-servoStudio\samples\Wpf.Ui.servoStudio\ViewModels\DeviceSet\DeviceAddViewModel.cs(2225,69): warning CS8622: 鈥渧oid DeviceAddViewModel.timerAutoSearch_Tick(object state)鈥濈殑鍙傛暟鈥渟tate鈥濈被鍨嬩腑寮曠敤绫诲瀷鐨勪负 Null 鎬т笌鐩爣濮旀墭鈥淭imerCallback鈥濅笉鍖归厤(鍙兘鏄敱浜庝负 Null 鎬х壒鎬?銆?[C:\UserWorx\VSWorx\ServoStudio\wpfui-servoStudio\samples\Wpf.Ui.servoStudio\servoStudio.csproj]
C:\UserWorx\VSWorx\ServoStudio\wpfui-servoStudio\samples\Wpf.Ui.servoStudio\ViewModels\DeviceSet\DeviceAddViewModel.cs(45,43): warning CS8618: 鍦ㄩ€€鍑烘瀯閫犲嚱鏁版椂锛屼笉鍙负 null 鐨?瀛楁 "portSearcher" 蹇呴』鍖呭惈闈?null 鍊笺€傝鑰冭檻娣诲姞 "required" 淇グ绗︽垨灏嗚 瀛楁 澹版槑涓哄彲涓?null銆?[C:\UserWorx\VSWorx\ServoStudio\wpfui-servoStudio\samples\Wpf.Ui.servoStudio\servoStudio.csproj]
C:\UserWorx\VSWorx\ServoStudio\wpfui-servoStudio\samples\Wpf.Ui.servoStudio\ViewModels\DeviceSet\DeviceAddViewModel.cs(46,43): warning CS8618: 鍦ㄩ€€鍑烘瀯閫犲嚱鏁版椂锛屼笉鍙负 null 鐨?瀛楁 "timer10ms" 蹇呴』鍖呭惈闈?null 鍊笺€傝鑰冭檻娣诲姞 "required" 淇グ绗︽垨灏嗚 瀛楁 澹版槑涓哄彲涓?null銆?[C:\UserWorx\VSWorx\ServoStudio\wpfui-servoStudio\samples\Wpf.Ui.servoStudio\servoStudio.csproj]
C:\UserWorx\VSWorx\ServoStudio\wpfui-servoStudio\samples\Wpf.Ui.servoStudio\ViewModels\DeviceSet\StartViewModel.cs(26,34): warning CS0169: 浠庝笉浣跨敤瀛楁鈥淪tartViewModel.DialogResult鈥?[C:\UserWorx\VSWorx\ServoStudio\wpfui-servoStudio\samples\Wpf.Ui.servoStudio\servoStudio.csproj]
C:\UserWorx\VSWorx\ServoStudio\wpfui-servoStudio\samples\Wpf.Ui.servoStudio\ViewModels\DeviceSet\DeviceAddViewModel.cs(46,43): warning CS0649: 浠庢湭瀵瑰瓧娈碘€淒eviceAddViewModel.timer10ms鈥濊祴鍊硷紝瀛楁灏嗕竴鐩翠繚鎸佸叾榛樿鍊?null [C:\UserWorx\VSWorx\ServoStudio\wpfui-servoStudio\samples\Wpf.Ui.servoStudio\servoStudio.csproj]
C:\UserWorx\VSWorx\ServoStudio\wpfui-servoStudio\samples\Wpf.Ui.servoStudio\ViewModels\MainWindowViewModel.cs(46,26): warning CS0414: 瀛楁鈥淢ainWindowViewModel.errorConst鈥濆凡琚祴鍊硷紝浣嗕粠鏈娇鐢ㄨ繃瀹冪殑鍊?[C:\UserWorx\VSWorx\ServoStudio\wpfui-servoStudio\samples\Wpf.Ui.servoStudio\servoStudio.csproj]
C:\UserWorx\VSWorx\ServoStudio\wpfui-servoStudio\samples\Wpf.Ui.servoStudio\ViewModels\SerialPort\ComParameter.cs(18,27): warning CS0414: 瀛楁鈥淐omParameter._isInitialized鈥濆凡琚祴鍊硷紝浣嗕粠鏈娇鐢ㄨ繃瀹冪殑鍊?[C:\UserWorx\VSWorx\ServoStudio\wpfui-servoStudio\samples\Wpf.Ui.servoStudio\servoStudio.csproj]
C:\UserWorx\VSWorx\ServoStudio\wpfui-servoStudio\samples\Wpf.Ui.servoStudio\Core\Sync\CyclicTimerFactory.cs(12,22): warning CS1574: XML 娉ㄩ噴涓湁鏈兘瑙ｆ瀽鐨?cref 鐗规€р€淒ispose鈥?[C:\UserWorx\VSWorx\ServoStudio\wpfui-servoStudio\samples\Wpf.Ui.servoStudio\servoStudio.csproj]
C:\UserWorx\VSWorx\ServoStudio\wpfui-servoStudio\samples\Wpf.Ui.servoStudio\Helpers\SoemFoEInterop.cs(221,22): warning CS1572: XML 娉ㄩ噴涓湁鈥渙nProgress鈥濈殑 param 鏍囪锛屼絾鏄病鏈夎鍚嶇О鐨勫弬鏁?[C:\UserWorx\VSWorx\ServoStudio\wpfui-servoStudio\samples\Wpf.Ui.servoStudio\servoStudio.csproj]
C:\UserWorx\VSWorx\ServoStudio\wpfui-servoStudio\samples\Wpf.Ui.servoStudio\Helpers\SoemFoEInterop.cs(230,25): warning CS1573: 鍙傛暟鈥渙nLog鈥濆湪鈥淪oemFoEInterop.ExecuteFoEWrite(string, int, string, byte[], uint, int, Action<string>?)鈥濈殑 XML 娉ㄩ噴涓病鏈夊尮閰嶇殑 param 鏍囪(浣嗗叾浠栧弬鏁版湁) [C:\UserWorx\VSWorx\ServoStudio\wpfui-servoStudio\samples\Wpf.Ui.servoStudio\servoStudio.csproj]
C:\UserWorx\VSWorx\ServoStudio\wpfui-servoStudio\samples\Wpf.Ui.servoStudio\Services\CanNativeResolver.cs(17,16): warning CS1574: XML 娉ㄩ噴涓湁鏈兘瑙ｆ瀽鐨?cref 鐗规€р€淐ontrolCanBus鈥?[C:\UserWorx\VSWorx\ServoStudio\wpfui-servoStudio\samples\Wpf.Ui.servoStudio\servoStudio.csproj]
C:\UserWorx\VSWorx\ServoStudio\wpfui-servoStudio\samples\Wpf.Ui.servoStudio\Services\FirmwareRepositoryService.cs(339,16): warning CS1573: 鍙傛暟鈥渟ourceFilePath鈥濆湪鈥淔irmwareRepositoryService.UploadAsync(string, string, string, string, string, string, string, bool, bool)鈥濈殑 XML 娉ㄩ噴涓病鏈夊尮閰嶇殑 param 鏍囪(浣嗗叾浠栧弬鏁版湁) [C:\UserWorx\VSWorx\ServoStudio\wpfui-servoStudio\samples\Wpf.Ui.servoStudio\servoStudio.csproj]
C:\UserWorx\VSWorx\ServoStudio\wpfui-servoStudio\samples\Wpf.Ui.servoStudio\Services\FirmwareRepositoryService.cs(340,16): warning CS1573: 鍙傛暟鈥渧ersion鈥濆湪鈥淔irmwareRepositoryService.UploadAsync(string, string, string, string, string, string, string, bool, bool)鈥濈殑 XML 娉ㄩ噴涓病鏈夊尮閰嶇殑 param 鏍囪(浣嗗叾浠栧弬鏁版湁) [C:\UserWorx\VSWorx\ServoStudio\wpfui-servoStudio\samples\Wpf.Ui.servoStudio\servoStudio.csproj]
C:\UserWorx\VSWorx\ServoStudio\wpfui-servoStudio\samples\Wpf.Ui.servoStudio\Services\FirmwareRepositoryService.cs(341,16): warning CS1573: 鍙傛暟鈥渘ame鈥濆湪鈥淔irmwareRepositoryService.UploadAsync(string, string, string, string, string, string, string, bool, bool)鈥濈殑 XML 娉ㄩ噴涓病鏈夊尮閰嶇殑 param 鏍囪(浣嗗叾浠栧弬鏁版湁) [C:\UserWorx\VSWorx\ServoStudio\wpfui-servoStudio\samples\Wpf.Ui.servoStudio\servoStudio.csproj]
C:\UserWorx\VSWorx\ServoStudio\wpfui-servoStudio\samples\Wpf.Ui.servoStudio\Services\FirmwareRepositoryService.cs(342,16): warning CS1573: 鍙傛暟鈥渁pplicableHardwareVersion鈥濆湪鈥淔irmwareRepositoryService.UploadAsync(string, string, string, string, string, string, string, bool, bool)鈥濈殑 XML 娉ㄩ噴涓病鏈夊尮閰嶇殑 param 鏍囪(浣嗗叾浠栧弬鏁版湁) [C:\UserWorx\VSWorx\ServoStudio\wpfui-servoStudio\samples\Wpf.Ui.servoStudio\servoStudio.csproj]
C:\UserWorx\VSWorx\ServoStudio\wpfui-servoStudio\samples\Wpf.Ui.servoStudio\Services\FirmwareRepositoryService.cs(343,16): warning CS1573: 鍙傛暟鈥渄escription鈥濆湪鈥淔irmwareRepositoryService.UploadAsync(string, string, string, string, string, string, string, bool, bool)鈥濈殑 XML 娉ㄩ噴涓病鏈夊尮閰嶇殑 param 鏍囪(浣嗗叾浠栧弬鏁版湁) [C:\UserWorx\VSWorx\ServoStudio\wpfui-servoStudio\samples\Wpf.Ui.servoStudio\servoStudio.csproj]
C:\UserWorx\VSWorx\ServoStudio\wpfui-servoStudio\samples\Wpf.Ui.servoStudio\Services\FirmwareRepositoryService.cs(344,16): warning CS1573: 鍙傛暟鈥渟tatus鈥濆湪鈥淔irmwareRepositoryService.UploadAsync(string, string, string, string, string, string, string, bool, bool)鈥濈殑 XML 娉ㄩ噴涓病鏈夊尮閰嶇殑 param 鏍囪(浣嗗叾浠栧弬鏁版湁) [C:\UserWorx\VSWorx\ServoStudio\wpfui-servoStudio\samples\Wpf.Ui.servoStudio\servoStudio.csproj]
C:\UserWorx\VSWorx\ServoStudio\wpfui-servoStudio\samples\Wpf.Ui.servoStudio\Services\FirmwareRepositoryService.cs(345,16): warning CS1573: 鍙傛暟鈥減roductType鈥濆湪鈥淔irmwareRepositoryService.UploadAsync(string, string, string, string, string, string, string, bool, bool)鈥濈殑 XML 娉ㄩ噴涓病鏈夊尮閰嶇殑 param 鏍囪(浣嗗叾浠栧弬鏁版湁) [C:\UserWorx\VSWorx\ServoStudio\wpfui-servoStudio\samples\Wpf.Ui.servoStudio\servoStudio.csproj]
C:\UserWorx\VSWorx\ServoStudio\wpfui-servoStudio\samples\Wpf.Ui.servoStudio\ViewModels\DeviceSet\BusDiagnosticsViewModel.cs(825,26): warning CS1574: XML 娉ㄩ噴涓湁鏈兘瑙ｆ瀽鐨?cref 鐗规€р€淢apToModbusAddress鈥?[C:\UserWorx\VSWorx\ServoStudio\wpfui-servoStudio\samples\Wpf.Ui.servoStudio\servoStudio.csproj]
C:\UserWorx\VSWorx\ServoStudio\wpfui-servoStudio\samples\Wpf.Ui.servoStudio\Views\Pages\AppDataPages\DataViewPage.xaml.cs(152,23): warning CS1574: XML 娉ㄩ噴涓湁鏈兘瑙ｆ瀽鐨?cref 鐗规€р€淒ispatcherTimer鈥?[C:\UserWorx\VSWorx\ServoStudio\wpfui-servoStudio\samples\Wpf.Ui.servoStudio\servoStudio.csproj]
C:\UserWorx\VSWorx\ServoStudio\wpfui-servoStudio\samples\Wpf.Ui.servoStudio\Core\CANopen\Adapters\CanAdapterFactory.cs(756,24): warning CS0419: cref 鐗规€т腑鏈変笉鏄庣‘鐨勫紩鐢?鈥淣ativeLibrary.TryLoad鈥濄€傚亣瀹氫负鈥淪ystem.Runtime.InteropServices.NativeLibrary.TryLoad(string, out nint)鈥濓紝浣嗗彲鑳借繕涓庡叾浠栭噸杞藉尮閰嶏紝鍖呮嫭鈥淪ystem.Runtime.InteropServices.NativeLibrary.TryLoad(string, System.Reflection.Assembly, System.Runtime.InteropServices.DllImportSearchPath?, out nint)鈥濄€?[C:\UserWorx\VSWorx\ServoStudio\wpfui-servoStudio\samples\Wpf.Ui.servoStudio\servoStudio.csproj]
C:\UserWorx\VSWorx\ServoStudio\wpfui-servoStudio\samples\Wpf.Ui.servoStudio\Core\CANopen\CanOpenMaster.cs(66,78): warning CS1734: 鈥淐anOpenMaster.PdoReceived鈥濅笂鐨?XML 娉ㄩ噴涓湁鈥渢pdoIndex鈥濈殑 paramref 鏍囪锛屼絾鏄病鏈夎鍚嶇О鐨勫弬鏁?[C:\UserWorx\VSWorx\ServoStudio\wpfui-servoStudio\samples\Wpf.Ui.servoStudio\servoStudio.csproj]
C:\UserWorx\VSWorx\ServoStudio\wpfui-servoStudio\samples\Wpf.Ui.servoStudio\Core\CANopen\CanOpenSlave_CiA402.cs(16,44): warning CS1574: XML 娉ㄩ噴涓湁鏈兘瑙ｆ瀽鐨?cref 鐗规€р€淐ontrolword鈥?[C:\UserWorx\VSWorx\ServoStudio\wpfui-servoStudio\samples\Wpf.Ui.servoStudio\servoStudio.csproj]
C:\UserWorx\VSWorx\ServoStudio\wpfui-servoStudio\samples\Wpf.Ui.servoStudio\Core\CANopen\CanOpenSlave_CiA402.cs(16,86): warning CS1574: XML 娉ㄩ噴涓湁鏈兘瑙ｆ瀽鐨?cref 鐗规€р€淪tatusword鈥?[C:\UserWorx\VSWorx\ServoStudio\wpfui-servoStudio\samples\Wpf.Ui.servoStudio\servoStudio.csproj]
C:\UserWorx\VSWorx\ServoStudio\wpfui-servoStudio\samples\Wpf.Ui.servoStudio\Core\Usb\UsbBulkBus.cs(20,46): warning CS1574: XML 娉ㄩ噴涓湁鏈兘瑙ｆ瀽鐨?cref 鐗规€р€淐reateFile鈥?[C:\UserWorx\VSWorx\ServoStudio\wpfui-servoStudio\samples\Wpf.Ui.servoStudio\servoStudio.csproj]
C:\UserWorx\VSWorx\ServoStudio\wpfui-servoStudio\samples\Wpf.Ui.servoStudio\Core\Usb\UsbDeviceEnumerator.cs(93,19): warning CS1574: XML 娉ㄩ噴涓湁鏈兘瑙ｆ瀽鐨?cref 鐗规€р€淥nlyPresent鈥?[C:\UserWorx\VSWorx\ServoStudio\wpfui-servoStudio\samples\Wpf.Ui.servoStudio\servoStudio.csproj]
C:\UserWorx\VSWorx\ServoStudio\wpfui-servoStudio\samples\Wpf.Ui.servoStudio\App.xaml.cs(141,12): warning IDE0055: 淇鏍煎紡 (https://learn.microsoft.com/dotnet/fundamentals/code-analysis/style-rules/ide0055) [C:\UserWorx\VSWorx\ServoStudio\wpfui-servoStudio\samples\Wpf.Ui.servoStudio\servoStudio.csproj]
C:\UserWorx\VSWorx\ServoStudio\wpfui-servoStudio\samples\Wpf.Ui.servoStudio\App.xaml.cs(141,14): warning IDE0055: 淇鏍煎紡 (https://learn.microsoft.com/dotnet/fundamentals/code-analysis/style-rules/ide0055) [C:\UserWorx\VSWorx\ServoStudio\wpfui-servoStudio\samples\Wpf.Ui.servoStudio\servoStudio.csproj]
C:\UserWorx\VSWorx\ServoStudio\wpfui-servoStudio\samples\Wpf.Ui.servoStudio\App.xaml.cs(141,37): warning IDE0055: 淇鏍煎紡 (https://learn.microsoft.com/dotnet/fundamentals/code-analysis/style-rules/ide0055) [C:\UserWorx\VSWorx\ServoStudio\wpfui-servoStudio\samples\Wpf.Ui.servoStudio\servoStudio.csproj]
C:\UserWorx\VSWorx\ServoStudio\wpfui-servoStudio\samples\Wpf.Ui.servoStudio\App.xaml.cs(222,44): warning IDE0055: 淇鏍煎紡 (https://learn.microsoft.com/dotnet/fundamentals/code-analysis/style-rules/ide0055) [C:\UserWorx\VSWorx\ServoStudio\wpfui-servoStudio\samples\Wpf.Ui.servoStudio\servoStudio.csproj]
C:\UserWorx\VSWorx\ServoStudio\wpfui-servoStudio\samples\Wpf.Ui.servoStudio\App.xaml.cs(230,45): warning IDE0055: 淇鏍煎紡 (https://learn.microsoft.com/dotnet/fundamentals/code-analysis/style-rules/ide0055) [C:\UserWorx\VSWorx\ServoStudio\wpfui-servoStudio\samples\Wpf.Ui.servoStudio\servoStudio.csproj]
C:\UserWorx\VSWorx\ServoStudio\wpfui-servoStudio\samples\Wpf.Ui.servoStudio\App.xaml.cs(231,80): warning IDE0055: 淇鏍煎紡 (https://learn.microsoft.com/dotnet/fundamentals/code-analysis/style-rules/ide0055) [C:\UserWorx\VSWorx\ServoStudio\wpfui-servoStudio\samples\Wpf.Ui.servoStudio\servoStudio.csproj]
C:\UserWorx\VSWorx\ServoStudio\wpfui-servoStudio\samples\Wpf.Ui.servoStudio\App.xaml.cs(234,20): warning IDE0055: 淇鏍煎紡 (https://learn.microsoft.com/dotnet/fundamentals/code-analysis/style-rules/ide0055) [C:\UserWorx\VSWorx\ServoStudio\wpfui-servoStudio\samples\Wpf.Ui.servoStudio\servoStudio.csproj]
C:\UserWorx\VSWorx\ServoStudio\wpfui-servoStudio\samples\Wpf.Ui.servoStudio\App.xaml.cs(234,22): warning IDE0055: 淇鏍煎紡 (https://learn.microsoft.com/dotnet/fundamentals/code-analysis/style-rules/ide0055) [C:\UserWorx\VSWorx\ServoStudio\wpfui-servoStudio\samples\Wpf.Ui.servoStudio\servoStudio.csproj]
C:\UserWorx\VSWorx\ServoStudio\wpfui-servoStudio\samples\Wpf.Ui.servoStudio\App.xaml.cs(234,49): warning IDE0055: 淇鏍煎紡 (https://learn.microsoft.com/dotnet/fundamentals/code-analysis/style-rules/ide0055) [C:\UserWorx\VSWorx\ServoStudio\wpfui-servoStudio\samples\Wpf.Ui.servoStudio\servoStudio.csproj]
C:\UserWorx\VSWorx\ServoStudio\wpfui-servoStudio\samples\Wpf.Ui.servoStudio\App.xaml.cs(234,51): warning IDE0055: 淇鏍煎紡 (https://learn.microsoft.com/dotnet/fundamentals/code-analysis/style-rules/ide0055) [C:\UserWorx\VSWorx\ServoStudio\wpfui-servoStudio\samples\Wpf.Ui.servoStudio\servoStudio.csproj]
C:\UserWorx\VSWorx\ServoStudio\wpfui-servoStudio\samples\Wpf.Ui.servoStudio\App.xaml.cs(241,16): warning IDE0055: 淇鏍煎紡 (https://learn.microsoft.com/dotnet/fundamentals/code-analysis/style-rules/ide0055) [C:\UserWorx\VSWorx\ServoStudio\wpfui-servoStudio\samples\Wpf.Ui.servoStudio\servoStudio.csproj]
C:\UserWorx\VSWorx\ServoStudio\wpfui-servoStudio\samples\Wpf.Ui.servoStudio\App.xaml.cs(241,18): warning IDE0055: 淇鏍煎紡 (https://learn.microsoft.com/dotnet/fundamentals/code-analysis/style-rules/ide0055) [C:\UserWorx\VSWorx\ServoStudio\wpfui-servoStudio\samples\Wpf.Ui.servoStudio\servoStudio.csproj]
C:\UserWorx\VSWorx\ServoStudio\wpfui-servoStudio\samples\Wpf.Ui.servoStudio\App.xaml.cs(241,87): warning IDE0055: 淇鏍煎紡 (https://learn.microsoft.com/dotnet/fundamentals/code-analysis/style-rules/ide0055) [C:\UserWorx\VSWorx\ServoStudio\wpfui-servoStudio\samples\Wpf.Ui.servoStudio\servoStudio.csproj]
C:\UserWorx\VSWorx\ServoStudio\wpfui-servoStudio\samples\Wpf.Ui.servoStudio\App.xaml.cs(241,89): warning IDE0055: 淇鏍煎紡 (https://learn.microsoft.com/dotnet/fundamentals/code-analysis/style-rules/ide0055) [C:\UserWorx\VSWorx\ServoStudio\wpfui-servoStudio\samples\Wpf.Ui.servoStudio\servoStudio.csproj]
C:\UserWorx\VSWorx\ServoStudio\wpfui-servoStudio\samples\Wpf.Ui.servoStudio\App.xaml.cs(246,16): warning IDE0055: 淇鏍煎紡 (https://learn.microsoft.com/dotnet/fundamentals/code-analysis/style-rules/ide0055) [C:\UserWorx\VSWorx\ServoStudio\wpfui-servoStudio\samples\Wpf.Ui.servoStudio\servoStudio.csproj]
C:\UserWorx\VSWorx\ServoStudio\wpfui-servoStudio\samples\Wpf.Ui.servoStudio\App.xaml.cs(246,18): warning IDE0055: 淇鏍煎紡 (https://learn.microsoft.com/dotnet/fundamentals/code-analysis/style-rules/ide0055) [C:\UserWorx\VSWorx\ServoStudio\wpfui-servoStudio\samples\Wpf.Ui.servoStudio\servoStudio.csproj]
C:\UserWorx\VSWorx\ServoStudio\wpfui-servoStudio\samples\Wpf.Ui.servoStudio\App.xaml.cs(246,76): warning IDE0055: 淇鏍煎紡 (https://learn.microsoft.com/dotnet/fundamentals/code-analysis/style-rules/ide0055) [C:\UserWorx\VSWorx\ServoStudio\wpfui-servoStudio\samples\Wpf.Ui.servoStudio\servoStudio.csproj]
C:\UserWorx\VSWorx\ServoStudio\wpfui-servoStudio\samples\Wpf.Ui.servoStudio\App.xaml.cs(246,78): warning IDE0055: 淇鏍煎紡 (https://learn.microsoft.com/dotnet/fundamentals/code-analysis/style-rules/ide0055) [C:\UserWorx\VSWorx\ServoStudio\wpfui-servoStudio\samples\Wpf.Ui.servoStudio\servoStudio.csproj]
C:\UserWorx\VSWorx\ServoStudio\wpfui-servoStudio\samples\Wpf.Ui.servoStudio\App.xaml.cs(20,22): warning CA1060: 灏?pinvoke 绉诲埌鏈満鏂规硶绫?(https://learn.microsoft.com/dotnet/fundamentals/code-analysis/quality-rules/ca1060) [C:\UserWorx\VSWorx\ServoStudio\wpfui-servoStudio\samples\Wpf.Ui.servoStudio\servoStudio.csproj]
C:\UserWorx\VSWorx\ServoStudio\wpfui-servoStudio\samples\Wpf.Ui.servoStudio\App.xaml.cs(235,13): warning IDE2003: 鍧椾笌鍚庣画璇彞涔嬮棿闇€瑕佹湁绌虹櫧琛?(https://learn.microsoft.com/dotnet/fundamentals/code-analysis/style-rules/ide2003) [C:\UserWorx\VSWorx\ServoStudio\wpfui-servoStudio\samples\Wpf.Ui.servoStudio\servoStudio.csproj]
C:\UserWorx\VSWorx\ServoStudio\wpfui-servoStudio\samples\Wpf.Ui.servoStudio\Core\CANopen\Adapters\CanAdapterFactory.cs(24,21): warning CA1060: 灏?pinvoke 绉诲埌鏈満鏂规硶绫?(https://learn.microsoft.com/dotnet/fundamentals/code-analysis/quality-rules/ca1060) [C:\UserWorx\VSWorx\ServoStudio\wpfui-servoStudio\samples\Wpf.Ui.servoStudio\servoStudio.csproj]
C:\UserWorx\VSWorx\ServoStudio\wpfui-servoStudio\samples\Wpf.Ui.servoStudio\Core\CANopen\Adapters\ControlCanBus.cs(263,23): warning CA1060: 灏?pinvoke 绉诲埌鏈満鏂规硶绫?(https://learn.microsoft.com/dotnet/fundamentals/code-analysis/quality-rules/ca1060) [C:\UserWorx\VSWorx\ServoStudio\wpfui-servoStudio\samples\Wpf.Ui.servoStudio\servoStudio.csproj]
C:\UserWorx\VSWorx\ServoStudio\wpfui-servoStudio\samples\Wpf.Ui.servoStudio\Core\CANopen\Adapters\PcanBasicCanBus.cs(197,23): warning CA1060: 灏?pinvoke 绉诲埌鏈満鏂规硶绫?(https://learn.microsoft.com/dotnet/fundamentals/code-analysis/quality-rules/ca1060) [C:\UserWorx\VSWorx\ServoStudio\wpfui-servoStudio\samples\Wpf.Ui.servoStudio\servoStudio.csproj]
C:\UserWorx\VSWorx\ServoStudio\wpfui-servoStudio\samples\Wpf.Ui.servoStudio\Core\CANopen\Adapters\ToomossCanBus.cs(238,23): warning CA1060: 灏?pinvoke 绉诲埌鏈満鏂规硶绫?(https://learn.microsoft.com/dotnet/fundamentals/code-analysis/quality-rules/ca1060) [C:\UserWorx\VSWorx\ServoStudio\wpfui-servoStudio\samples\Wpf.Ui.servoStudio\servoStudio.csproj]
C:\UserWorx\VSWorx\ServoStudio\wpfui-servoStudio\samples\Wpf.Ui.servoStudio\Core\Modbus\ModbusRtuMaster.cs(62,14): warning CA1063: 瀵?ModbusRtuMaster 鎻愪緵 Dispose(bool) 鐨勫彲閲嶅啓瀹炵幇鎴栧皢璇ョ被鍨嬫爣璁颁负鈥滃凡瀵嗗皝鈥濄€傚 Dispose(false) 鐨勮皟鐢ㄥ簲浠呮竻鐞嗘湰鏈鸿祫婧愩€傚 Dispose(true) 鐨勮皟鐢ㄥ簲鍚屾椂娓呯悊鎵樼璧勬簮鍜屾湰鏈鸿祫婧愩€?(https://learn.microsoft.com/dotnet/fundamentals/code-analysis/quality-rules/ca1063) [C:\UserWorx\VSWorx\ServoStudio\wpfui-servoStudio\samples\Wpf.Ui.servoStudio\servoStudio.csproj]
C:\UserWorx\VSWorx\ServoStudio\wpfui-servoStudio\samples\Wpf.Ui.servoStudio\Core\CANopen\Adapters\ZlgCanBus.cs(449,23): warning CA1060: 灏?pinvoke 绉诲埌鏈満鏂规硶绫?(https://learn.microsoft.com/dotnet/fundamentals/code-analysis/quality-rules/ca1060) [C:\UserWorx\VSWorx\ServoStudio\wpfui-servoStudio\samples\Wpf.Ui.servoStudio\servoStudio.csproj]
C:\UserWorx\VSWorx\ServoStudio\wpfui-servoStudio\samples\Wpf.Ui.servoStudio\Core\CANopen\CanOpenMaster.cs(31,14): warning CA1063: 瀵?CanOpenMaster 鎻愪緵 Dispose(bool) 鐨勫彲閲嶅啓瀹炵幇鎴栧皢璇ョ被鍨嬫爣璁颁负鈥滃凡瀵嗗皝鈥濄€傚 Dispose(false) 鐨勮皟鐢ㄥ簲浠呮竻鐞嗘湰鏈鸿祫婧愩€傚 Dispose(true) 鐨勮皟鐢ㄥ簲鍚屾椂娓呯悊鎵樼璧勬簮鍜屾湰鏈鸿祫婧愩€?(https://learn.microsoft.com/dotnet/fundamentals/code-analysis/quality-rules/ca1063) [C:\UserWorx\VSWorx\ServoStudio\wpfui-servoStudio\samples\Wpf.Ui.servoStudio\servoStudio.csproj]
C:\UserWorx\VSWorx\ServoStudio\wpfui-servoStudio\samples\Wpf.Ui.servoStudio\Core\CANopen\Adapters\CanAdapterFactory.cs(305,24): warning IDE0055: 淇鏍煎紡 (https://learn.microsoft.com/dotnet/fundamentals/code-analysis/style-rules/ide0055) [C:\UserWorx\VSWorx\ServoStudio\wpfui-servoStudio\samples\Wpf.Ui.servoStudio\servoStudio.csproj]
C:\UserWorx\VSWorx\ServoStudio\wpfui-servoStudio\samples\Wpf.Ui.servoStudio\Core\CANopen\Adapters\CanAdapterFactory.cs(305,26): warning IDE0055: 淇鏍煎紡 (https://learn.microsoft.com/dotnet/fundamentals/code-analysis/style-rules/ide0055) [C:\UserWorx\VSWorx\ServoStudio\wpfui-servoStudio\samples\Wpf.Ui.servoStudio\servoStudio.csproj]
C:\UserWorx\VSWorx\ServoStudio\wpfui-servoStudio\samples\Wpf.Ui.servoStudio\Core\CANopen\Adapters\CanAdapterFactory.cs(305,65): warning IDE0055: 淇鏍煎紡 (https://learn.microsoft.com/dotnet/fundamentals/code-analysis/style-rules/ide0055) [C:\UserWorx\VSWorx\ServoStudio\wpfui-servoStudio\samples\Wpf.Ui.servoStudio\servoStudio.csproj]
C:\UserWorx\VSWorx\ServoStudio\wpfui-servoStudio\samples\Wpf.Ui.servoStudio\Core\CANopen\Adapters\CanAdapterFactory.cs(305,67): warning IDE0055: 淇鏍煎紡 (https://learn.microsoft.com/dotnet/fundamentals/code-analysis/style-rules/ide0055) [C:\UserWorx\VSWorx\ServoStudio\wpfui-servoStudio\samples\Wpf.Ui.servoStudio\servoStudio.csproj]
C:\UserWorx\VSWorx\ServoStudio\wpfui-servoStudio\samples\Wpf.Ui.servoStudio\Core\CANopen\Adapters\CanAdapterFactory.cs(407,24): warning IDE0055: 淇鏍煎紡 (https://learn.microsoft.com/dotnet/fundamentals/code-analysis/style-rules/ide0055) [C:\UserWorx\VSWorx\ServoStudio\wpfui-servoStudio\samples\Wpf.Ui.servoStudio\servoStudio.csproj]
C:\UserWorx\VSWorx\ServoStudio\wpfui-servoStudio\samples\Wpf.Ui.servoStudio\Core\CANopen\Adapters\CanAdapterFactory.cs(407,26): warning IDE0055: 淇鏍煎紡 (https://learn.microsoft.com/dotnet/fundamentals/code-analysis/style-rules/ide0055) [C:\UserWorx\VSWorx\ServoStudio\wpfui-servoStudio\samples\Wpf.Ui.servoStudio\servoStudio.csproj]
C:\UserWorx\VSWorx\ServoStudio\wpfui-servoStudio\samples\Wpf.Ui.servoStudio\Core\CANopen\Adapters\CanAdapterFactory.cs(407,70): warning IDE0055: 淇鏍煎紡 (https://learn.microsoft.com/dotnet/fundamentals/code-analysis/style-rules/ide0055) [C:\UserWorx\VSWorx\ServoStudio\wpfui-servoStudio\samples\Wpf.Ui.servoStudio\servoStudio.csproj]
C:\UserWorx\VSWorx\ServoStudio\wpfui-servoStudio\samples\Wpf.Ui.servoStudio\Core\CANopen\Adapters\CanAdapterFactory.cs(407,72): warning IDE0055: 淇鏍煎紡 (https://learn.microsoft.com/dotnet/fundamentals/code-analysis/style-rules/ide0055) [C:\UserWorx\VSWorx\ServoStudio\wpfui-servoStudio\samples\Wpf.Ui.servoStudio\servoStudio.csproj]
C:\UserWorx\VSWorx\ServoStudio\wpfui-servoStudio\samples\Wpf.Ui.servoStudio\Core\CANopen\Adapters\CanAdapterFactory.cs(703,38): warning IDE0055: 淇鏍煎紡 (https://learn.microsoft.com/dotnet/fundamentals/code-analysis/style-rules/ide0055) [C:\UserWorx\VSWorx\ServoStudio\wpfui-servoStudio\samples\Wpf.Ui.servoStudio\servoStudio.csproj]
C:\UserWorx\VSWorx\ServoStudio\wpfui-servoStudio\samples\Wpf.Ui.servoStudio\Core\CANopen\Adapters\CanAdapterFactory.cs(704,40): warning IDE0055: 淇鏍煎紡 (https://learn.microsoft.com/dotnet/fundamentals/code-analysis/style-rules/ide0055) [C:\UserWorx\VSWorx\ServoStudio\wpfui-servoStudio\samples\Wpf.Ui.servoStudio\servoStudio.csproj]
C:\UserWorx\VSWorx\ServoStudio\wpfui-servoStudio\samples\Wpf.Ui.servoStudio\Core\CANopen\Adapters\CanAdapterFactory.cs(705,42): warning IDE0055: 淇鏍煎紡 (https://learn.microsoft.com/dotnet/fundamentals/code-analysis/style-rules/ide0055) [C:\UserWorx\VSWorx\ServoStudio\wpfui-servoStudio\samples\Wpf.Ui.servoStudio\servoStudio.csproj]
C:\UserWorx\VSWorx\ServoStudio\wpfui-servoStudio\samples\Wpf.Ui.servoStudio\Core\CANopen\Adapters\CanAdapterFactory.cs(707,39): warning IDE0055: 淇鏍煎紡 (https://learn.microsoft.com/dotnet/fundamentals/code-analysis/style-rules/ide0055) [C:\UserWorx\VSWorx\ServoStudio\wpfui-servoStudio\samples\Wpf.Ui.servoStudio\servoStudio.csproj]
C:\UserWorx\VSWorx\ServoStudio\wpfui-servoStudio\samples\Wpf.Ui.servoStudio\Core\CANopen\Adapters\CanAdapterFactory.cs(708,40): warning IDE0055: 淇鏍煎紡 (https://learn.microsoft.com/dotnet/fundamentals/code-analysis/style-rules/ide0055) [C:\UserWorx\VSWorx\ServoStudio\wpfui-servoStudio\samples\Wpf.Ui.servoStudio\servoStudio.csproj]
C:\UserWorx\VSWorx\ServoStudio\wpfui-servoStudio\samples\Wpf.Ui.servoStudio\Core\CANopen\Adapters\CanAdapterFactory.cs(871,22): warning IDE0055: 淇鏍煎紡 (https://learn.microsoft.com/dotnet/fundamentals/code-analysis/style-rules/ide0055) [C:\UserWorx\VSWorx\ServoStudio\wpfui-servoStudio\samples\Wpf.Ui.servoStudio\servoStudio.csproj]
C:\UserWorx\VSWorx\ServoStudio\wpfui-servoStudio\samples\Wpf.Ui.servoStudio\Core\CANopen\Adapters\CanAdapterFactory.cs(872,23): warning IDE0055: 淇鏍煎紡 (https://learn.microsoft.com/dotnet/fundamentals/code-analysis/style-rules/ide0055) [C:\UserWorx\VSWorx\ServoStudio\wpfui-servoStudio\samples\Wpf.Ui.servoStudio\servoStudio.csproj]
C:\UserWorx\VSWorx\ServoStudio\wpfui-servoStudio\samples\Wpf.Ui.servoStudio\Core\CANopen\Adapters\CanAdapterFactory.cs(1004,57): warning IDE0055: 淇鏍煎紡 (https://learn.microsoft.com/dotnet/fundamentals/code-analysis/style-rules/ide0055) [C:\UserWorx\VSWorx\ServoStudio\wpfui-servoStudio\samples\Wpf.Ui.servoStudio\servoStudio.csproj]
C:\UserWorx\VSWorx\ServoStudio\wpfui-servoStudio\samples\Wpf.Ui.servoStudio\Core\CANopen\Adapters\CanAdapterFactory.cs(1004,59): warning IDE0055: 淇鏍煎紡 (https://learn.microsoft.com/dotnet/fundamentals/code-analysis/style-rules/ide0055) [C:\UserWorx\VSWorx\ServoStudio\wpfui-servoStudio\samples\Wpf.Ui.servoStudio\servoStudio.csproj]
C:\UserWorx\VSWorx\ServoStudio\wpfui-servoStudio\samples\Wpf.Ui.servoStudio\Core\CANopen\Adapters\CanAdapterFactory.cs(1004,74): warning IDE0055: 淇鏍煎紡 (https://learn.microsoft.com/dotnet/fundamentals/code-analysis/style-rules/ide0055) [C:\UserWorx\VSWorx\ServoStudio\wpfui-servoStudio\samples\Wpf.Ui.servoStudio\servoStudio.csproj]
C:\UserWorx\VSWorx\ServoStudio\wpfui-servoStudio\samples\Wpf.Ui.servoStudio\Core\CANopen\Adapters\CanAdapterFactory.cs(1004,81): warning IDE0055: 淇鏍煎紡 (https://learn.microsoft.com/dotnet/fundamentals/code-analysis/style-rules/ide0055) [C:\UserWorx\VSWorx\ServoStudio\wpfui-servoStudio\samples\Wpf.Ui.servoStudio\servoStudio.csproj]
C:\UserWorx\VSWorx\ServoStudio\wpfui-servoStudio\samples\Wpf.Ui.servoStudio\Core\CANopen\Adapters\CanAdapterFactory.cs(1012,12): warning IDE0055: 淇鏍煎紡 (https://learn.microsoft.com/dotnet/fundamentals/code-analysis/style-rules/ide0055) [C:\UserWorx\VSWorx\ServoStudio\wpfui-servoStudio\samples\Wpf.Ui.servoStudio\servoStudio.csproj]
C:\UserWorx\VSWorx\ServoStudio\wpfui-servoStudio\samples\Wpf.Ui.servoStudio\Core\CANopen\Adapters\CanAdapterFactory.cs(1012,14): warning IDE0055: 淇鏍煎紡 (https://learn.microsoft.com/dotnet/fundamentals/code-analysis/style-rules/ide0055) [C:\UserWorx\VSWorx\ServoStudio\wpfui-servoStudio\samples\Wpf.Ui.servoStudio\servoStudio.csproj]
C:\UserWorx\VSWorx\ServoStudio\wpfui-servoStudio\samples\Wpf.Ui.servoStudio\Core\CANopen\Adapters\CanAdapterFactory.cs(1012,40): warning IDE0055: 淇鏍煎紡 (https://learn.microsoft.com/dotnet/fundamentals/code-analysis/style-rules/ide0055) [C:\UserWorx\VSWorx\ServoStudio\wpfui-servoStudio\samples\Wpf.Ui.servoStudio\servoStudio.csproj]
C:\UserWorx\VSWorx\ServoStudio\wpfui-servoStudio\samples\Wpf.Ui.servoStudio\Core\CANopen\Adapters\CanAdapterFactory.cs(1012,42): warning IDE0055: 淇鏍煎紡 (https://learn.microsoft.com/dotnet/fundamentals/code-analysis/style-rules/ide0055) [C:\UserWorx\VSWorx\ServoStudio\wpfui-servoStudio\samples\Wpf.Ui.servoStudio\servoStudio.csproj]
C:\UserWorx\VSWorx\ServoStudio\wpfui-servoStudio\samples\Wpf.Ui.servoStudio\Core\CANopen\Adapters\CanAdapterFactory.cs(1020,12): warning IDE0055: 淇鏍煎紡 (https://learn.microsoft.com/dotnet/fundamentals/code-analysis/style-rules/ide0055) [C:\UserWorx\VSWorx\ServoStudio\wpfui-servoStudio\samples\Wpf.Ui.servoStudio\servoStudio.csproj]
C:\UserWorx\VSWorx\ServoStudio\wpfui-servoStudio\samples\Wpf.Ui.servoStudio\Core\CANopen\Adapters\CanAdapterFactory.cs(1020,14): warning IDE0055: 淇鏍煎紡 (https://learn.microsoft.com/dotnet/fundamentals/code-analysis/style-rules/ide0055) [C:\UserWorx\VSWorx\ServoStudio\wpfui-servoStudio\samples\Wpf.Ui.servoStudio\servoStudio.csproj]
C:\UserWorx\VSWorx\ServoStudio\wpfui-servoStudio\samples\Wpf.Ui.servoStudio\Core\CANopen\Adapters\CanAdapterFactory.cs(1020,48): warning IDE0055: 淇鏍煎紡 (https://learn.microsoft.com/dotnet/fundamentals/code-analysis/style-rules/ide0055) [C:\UserWorx\VSWorx\ServoStudio\wpfui-servoStudio\samples\Wpf.Ui.servoStudio\servoStudio.csproj]
C:\UserWorx\VSWorx\ServoStudio\wpfui-servoStudio\samples\Wpf.Ui.servoStudio\Core\CANopen\Adapters\CanAdapterFactory.cs(73,9): warning IDE2003: 鍧椾笌鍚庣画璇彞涔嬮棿闇€瑕佹湁绌虹櫧琛?(https://learn.microsoft.com/dotnet/fundamentals/code-analysis/style-rules/ide2003) [C:\UserWorx\VSWorx\ServoStudio\wpfui-servoStudio\samples\Wpf.Ui.servoStudio\servoStudio.csproj]
C:\UserWorx\VSWorx\ServoStudio\wpfui-servoStudio\samples\Wpf.Ui.servoStudio\Core\CANopen\Adapters\CanAdapterFactory.cs(105,9): warning IDE2003: 鍧椾笌鍚庣画璇彞涔嬮棿闇€瑕佹湁绌虹櫧琛?(https://learn.microsoft.com/dotnet/fundamentals/code-analysis/style-rules/ide2003) [C:\UserWorx\VSWorx\ServoStudio\wpfui-servoStudio\samples\Wpf.Ui.servoStudio\servoStudio.csproj]
C:\UserWorx\VSWorx\ServoStudio\wpfui-servoStudio\samples\Wpf.Ui.servoStudio\Core\CANopen\Adapters\CanAdapterFactory.cs(218,9): warning IDE2003: 鍧椾笌鍚庣画璇彞涔嬮棿闇€瑕佹湁绌虹櫧琛?(https://learn.microsoft.com/dotnet/fundamentals/code-analysis/style-rules/ide2003) [C:\UserWorx\VSWorx\ServoStudio\wpfui-servoStudio\samples\Wpf.Ui.servoStudio\servoStudio.csproj]
C:\UserWorx\VSWorx\ServoStudio\wpfui-servoStudio\samples\Wpf.Ui.servoStudio\Core\CANopen\Adapters\CanAdapterFactory.cs(166,17): warning IDE2003: 鍧椾笌鍚庣画璇彞涔嬮棿闇€瑕佹湁绌虹櫧琛?(https://learn.microsoft.com/dotnet/fundamentals/code-analysis/style-rules/ide2003) [C:\UserWorx\VSWorx\ServoStudio\wpfui-servoStudio\samples\Wpf.Ui.servoStudio\servoStudio.csproj]
C:\UserWorx\VSWorx\ServoStudio\wpfui-servoStudio\samples\Wpf.Ui.servoStudio\Core\CANopen\Adapters\CanAdapterFactory.cs(268,17): warning IDE2003: 鍧椾笌鍚庣画璇彞涔嬮棿闇€瑕佹湁绌虹櫧琛?(https://learn.microsoft.com/dotnet/fundamentals/code-analysis/style-rules/ide2003) [C:\UserWorx\VSWorx\ServoStudio\wpfui-servoStudio\samples\Wpf.Ui.servoStudio\servoStudio.csproj]
C:\UserWorx\VSWorx\ServoStudio\wpfui-servoStudio\samples\Wpf.Ui.servoStudio\Core\CANopen\Adapters\CanAdapterFactory.cs(266,21): warning IDE2003: 鍧椾笌鍚庣画璇彞涔嬮棿闇€瑕佹湁绌虹櫧琛?(https://learn.microsoft.com/dotnet/fundamentals/code-analysis/style-rules/ide2003) [C:\UserWorx\VSWorx\ServoStudio\wpfui-servoStudio\samples\Wpf.Ui.servoStudio\servoStudio.csproj]
C:\UserWorx\VSWorx\ServoStudio\wpfui-servoStudio\samples\Wpf.Ui.servoStudio\Core\CANopen\Adapters\CanAdapterFactory.cs(430,9): warning IDE2003: 鍧椾笌鍚庣画璇彞涔嬮棿闇€瑕佹湁绌虹櫧琛?(https://learn.microsoft.com/dotnet/fundamentals/code-analysis/style-rules/ide2003) [C:\UserWorx\VSWorx\ServoStudio\wpfui-servoStudio\samples\Wpf.Ui.servoStudio\servoStudio.csproj]
C:\UserWorx\VSWorx\ServoStudio\wpfui-servoStudio\samples\Wpf.Ui.servoStudio\Core\CANopen\Adapters\CanAdapterFactory.cs(306,17): warning IDE2003: 鍧椾笌鍚庣画璇彞涔嬮棿闇€瑕佹湁绌虹櫧琛?(https://learn.microsoft.com/dotnet/fundamentals/code-analysis/style-rules/ide2003) [C:\UserWorx\VSWorx\ServoStudio\wpfui-servoStudio\samples\Wpf.Ui.servoStudio\servoStudio.csproj]
C:\UserWorx\VSWorx\ServoStudio\wpfui-servoStudio\samples\Wpf.Ui.servoStudio\Core\CANopen\Adapters\CanAdapterFactory.cs(364,29): warning IDE2003: 鍧椾笌鍚庣画璇彞涔嬮棿闇€瑕佹湁绌虹櫧琛?(https://learn.microsoft.com/dotnet/fundamentals/code-analysis/style-rules/ide2003) [C:\UserWorx\VSWorx\ServoStudio\wpfui-servoStudio\samples\Wpf.Ui.servoStudio\servoStudio.csproj]
C:\UserWorx\VSWorx\ServoStudio\wpfui-servoStudio\samples\Wpf.Ui.servoStudio\Core\CANopen\Adapters\CanAdapterFactory.cs(477,9): warning IDE2003: 鍧椾笌鍚庣画璇彞涔嬮棿闇€瑕佹湁绌虹櫧琛?(https://learn.microsoft.com/dotnet/fundamentals/code-analysis/style-rules/ide2003) [C:\UserWorx\VSWorx\ServoStudio\wpfui-servoStudio\samples\Wpf.Ui.servoStudio\servoStudio.csproj]
C:\UserWorx\VSWorx\ServoStudio\wpfui-servoStudio\samples\Wpf.Ui.servoStudio\Core\CANopen\Adapters\CanAdapterFactory.cs(522,36): warning IDE2003: 鍧椾笌鍚庣画璇彞涔嬮棿闇€瑕佹湁绌虹櫧琛?(https://learn.microsoft.com/dotnet/fundamentals/code-analysis/style-rules/ide2003) [C:\UserWorx\VSWorx\ServoStudio\wpfui-servoStudio\samples\Wpf.Ui.servoStudio\servoStudio.csproj]
C:\UserWorx\VSWorx\ServoStudio\wpfui-servoStudio\samples\Wpf.Ui.servoStudio\Core\CANopen\Adapters\CanAdapterFactory.cs(556,36): warning IDE2003: 鍧椾笌鍚庣画璇彞涔嬮棿闇€瑕佹湁绌虹櫧琛?(https://learn.microsoft.com/dotnet/fundamentals/code-analysis/style-rules/ide2003) [C:\UserWorx\VSWorx\ServoStudio\wpfui-servoStudio\samples\Wpf.Ui.servoStudio\servoStudio.csproj]
C:\UserWorx\VSWorx\ServoStudio\wpfui-servoStudio\samples\Wpf.Ui.servoStudio\Core\CANopen\Adapters\ZlgKernelDllScanner.cs(27,21): warning CA1060: 灏?pinvoke 绉诲埌鏈満鏂规硶绫?(https://learn.microsoft.com/dotnet/fundamentals/code-analysis/quality-rules/ca1060) [C:\UserWorx\VSWorx\ServoStudio\wpfui-servoStudio\samples\Wpf.Ui.servoStudio\servoStudio.csproj]
C:\UserWorx\VSWorx\ServoStudio\wpfui-servoStudio\samples\Wpf.Ui.servoStudio\Core\CANopen\Adapters\CanAdapterFactory.cs(785,21): warning IDE2003: 鍧椾笌鍚庣画璇彞涔嬮棿闇€瑕佹湁绌虹櫧琛?(https://learn.microsoft.com/dotnet/fundamentals/code-analysis/style-rules/ide2003) [C:\UserWorx\VSWorx\ServoStudio\wpfui-servoStudio\samples\Wpf.Ui.servoStudio\servoStudio.csproj]
C:\UserWorx\VSWorx\ServoStudio\wpfui-servoStudio\samples\Wpf.Ui.servoStudio\Core\CANopen\Adapters\CanAdapterFactory.cs(782,25): warning IDE2003: 鍧椾笌鍚庣画璇彞涔嬮棿闇€瑕佹湁绌虹櫧琛?(https://learn.microsoft.com/dotnet/fundamentals/code-analysis/style-rules/ide2003) [C:\UserWorx\VSWorx\ServoStudio\wpfui-servoStudio\samples\Wpf.Ui.servoStudio\servoStudio.csproj]
C:\UserWorx\VSWorx\ServoStudio\wpfui-servoStudio\samples\Wpf.Ui.servoStudio\Core\CANopen\Adapters\CanAdapterFactory.cs(831,21): warning IDE2003: 鍧椾笌鍚庣画璇彞涔嬮棿闇€瑕佹湁绌虹櫧琛?(https://learn.microsoft.com/dotnet/fundamentals/code-analysis/style-rules/ide2003) [C:\UserWorx\VSWorx\ServoStudio\wpfui-servoStudio\samples\Wpf.Ui.servoStudio\servoStudio.csproj]
C:\UserWorx\VSWorx\ServoStudio\wpfui-servoStudio\samples\Wpf.Ui.servoStudio\Core\CANopen\Adapters\CanAdapterFactory.cs(985,9): warning IDE2003: 鍧椾笌鍚庣画璇彞涔嬮棿闇€瑕佹湁绌虹櫧琛?(https://learn.microsoft.com/dotnet/fundamentals/code-analysis/style-rules/ide2003) [C:\UserWorx\VSWorx\ServoStudio\wpfui-servoStudio\samples\Wpf.Ui.servoStudio\servoStudio.csproj]
C:\UserWorx\VSWorx\ServoStudio\wpfui-servoStudio\samples\Wpf.Ui.servoStudio\Core\CANopen\Adapters\ControlCanBus.cs(31,28): warning IDE0055: 淇鏍煎紡 (https://learn.microsoft.com/dotnet/fundamentals/code-analysis/style-rules/ide0055) [C:\UserWorx\VSWorx\ServoStudio\wpfui-servoStudio\samples\Wpf.Ui.servoStudio\servoStudio.csproj]
C:\UserWorx\VSWorx\ServoStudio\wpfui-servoStudio\samples\Wpf.Ui.servoStudio\Core\CANopen\Adapters\ControlCanBus.cs(31,30): warning IDE0055: 淇鏍煎紡 (https://learn.microsoft.com/dotnet/fundamentals/code-analysis/style-rules/ide0055) [C:\UserWorx\VSWorx\ServoStudio\wpfui-servoStudio\samples\Wpf.Ui.servoStudio\servoStudio.csproj]
C:\UserWorx\VSWorx\ServoStudio\wpfui-servoStudio\samples\Wpf.Ui.servoStudio\Core\CANopen\Adapters\ControlCanBus.cs(31,40): warning IDE0055: 淇鏍煎紡 (https://learn.microsoft.com/dotnet/fundamentals/code-analysis/style-rules/ide0055) [C:\UserWorx\VSWorx\ServoStudio\wpfui-servoStudio\samples\Wpf.Ui.servoStudio\servoStudio.csproj]
C:\UserWorx\VSWorx\ServoStudio\wpfui-servoStudio\samples\Wpf.Ui.servoStudio\Core\CANopen\Adapters\ControlCanBus.cs(34,25): warning IDE0055: 淇鏍煎紡 (https://learn.microsoft.com/dotnet/fundamentals/code-analysis/style-rules/ide0055) [C:\UserWorx\VSWorx\ServoStudio\wpfui-servoStudio\samples\Wpf.Ui.servoStudio\servoStudio.csproj]
C:\UserWorx\VSWorx\ServoStudio\wpfui-servoStudio\samples\Wpf.Ui.servoStudio\Core\CANopen\Adapters\ControlCanBus.cs(34,27): warning IDE0055: 淇鏍煎紡 (https://learn.microsoft.com/dotnet/fundamentals/code-analysis/style-rules/ide0055) [C:\UserWorx\VSWorx\ServoStudio\wpfui-servoStudio\samples\Wpf.Ui.servoStudio\servoStudio.csproj]
C:\UserWorx\VSWorx\ServoStudio\wpfui-servoStudio\samples\Wpf.Ui.servoStudio\Core\CANopen\Adapters\ControlCanBus.cs(34,37): warning IDE0055: 淇鏍煎紡 (https://learn.microsoft.com/dotnet/fundamentals/code-analysis/style-rules/ide0055) [C:\UserWorx\VSWorx\ServoStudio\wpfui-servoStudio\samples\Wpf.Ui.servoStudio\servoStudio.csproj]
C:\UserWorx\VSWorx\ServoStudio\wpfui-servoStudio\samples\Wpf.Ui.servoStudio\Core\CANopen\Adapters\ControlCanBus.cs(36,23): warning IDE0055: 淇鏍煎紡 (https://learn.microsoft.com/dotnet/fundamentals/code-analysis/style-rules/ide0055) [C:\UserWorx\VSWorx\ServoStudio\wpfui-servoStudio\samples\Wpf.Ui.servoStudio\servoStudio.csproj]
C:\UserWorx\VSWorx\ServoStudio\wpfui-servoStudio\samples\Wpf.Ui.servoStudio\Core\CANopen\Adapters\ControlCanBus.cs(36,25): warning IDE0055: 淇鏍煎紡 (https://learn.microsoft.com/dotnet/fundamentals/code-analysis/style-rules/ide0055) [C:\UserWorx\VSWorx\ServoStudio\wpfui-servoStudio\samples\Wpf.Ui.servoStudio\servoStudio.csproj]
C:\UserWorx\VSWorx\ServoStudio\wpfui-servoStudio\samples\Wpf.Ui.servoStudio\Core\CANopen\Adapters\ControlCanBus.cs(36,43): warning IDE0055: 淇鏍煎紡 (https://learn.microsoft.com/dotnet/fundamentals/code-analysis/style-rules/ide0055) [C:\UserWorx\VSWorx\ServoStudio\wpfui-servoStudio\samples\Wpf.Ui.servoStudio\servoStudio.csproj]
C:\UserWorx\VSWorx\ServoStudio\wpfui-servoStudio\samples\Wpf.Ui.servoStudio\Core\CANopen\Adapters\ControlCanBus.cs(41,27): warning IDE0055: 淇鏍煎紡 (https://learn.microsoft.com/dotnet/fundamentals/code-analysis/style-rules/ide0055) [C:\UserWorx\VSWorx\ServoStudio\wpfui-servoStudio\samples\Wpf.Ui.servoStudio\servoStudio.csproj]
C:\UserWorx\VSWorx\ServoStudio\wpfui-servoStudio\samples\Wpf.Ui.servoStudio\Core\CANopen\Adapters\ControlCanBus.cs(41,29): warning IDE0055: 淇鏍煎紡 (https://learn.microsoft.com/dotnet/fundamentals/code-analysis/style-rules/ide0055) [C:\UserWorx\VSWorx\ServoStudio\wpfui-servoStudio\samples\Wpf.Ui.servoStudio\servoStudio.csproj]
C:\UserWorx\VSWorx\ServoStudio\wpfui-servoStudio\samples\Wpf.Ui.servoStudio\Core\CANopen\Adapters\ControlCanBus.cs(229,30): warning IDE0055: 淇鏍煎紡 (https://learn.microsoft.com/dotnet/fundamentals/code-analysis/style-rules/ide0055) [C:\UserWorx\VSWorx\ServoStudio\wpfui-servoStudio\samples\Wpf.Ui.servoStudio\servoStudio.csproj]
C:\UserWorx\VSWorx\ServoStudio\wpfui-servoStudio\samples\Wpf.Ui.servoStudio\Core\CANopen\Adapters\ControlCanBus.cs(230,30): warning IDE0055: 淇鏍煎紡 (https://learn.microsoft.com/dotnet/fundamentals/code-analysis/style-rules/ide0055) [C:\UserWorx\VSWorx\ServoStudio\wpfui-servoStudio\samples\Wpf.Ui.servoStudio\servoStudio.csproj]
C:\UserWorx\VSWorx\ServoStudio\wpfui-servoStudio\samples\Wpf.Ui.servoStudio\Core\CANopen\Adapters\ControlCanBus.cs(231,30): warning IDE0055: 淇鏍煎紡 (https://learn.microsoft.com/dotnet/fundamentals/code-analysis/style-rules/ide0055) [C:\UserWorx\VSWorx\ServoStudio\wpfui-servoStudio\samples\Wpf.Ui.servoStudio\servoStudio.csproj]
C:\UserWorx\VSWorx\ServoStudio\wpfui-servoStudio\samples\Wpf.Ui.servoStudio\Core\CANopen\Adapters\ControlCanBus.cs(232,31): warning IDE0055: 淇鏍煎紡 (https://learn.microsoft.com/dotnet/fundamentals/code-analysis/style-rules/ide0055) [C:\UserWorx\VSWorx\ServoStudio\wpfui-servoStudio\samples\Wpf.Ui.servoStudio\servoStudio.csproj]
C:\UserWorx\VSWorx\ServoStudio\wpfui-servoStudio\samples\Wpf.Ui.servoStudio\Core\CANopen\Adapters\ControlCanBus.cs(233,31): warning IDE0055: 淇鏍煎紡 (https://learn.microsoft.com/dotnet/fundamentals/code-analysis/style-rules/ide0055) [C:\UserWorx\VSWorx\ServoStudio\wpfui-servoStudio\samples\Wpf.Ui.servoStudio\servoStudio.csproj]
C:\UserWorx\VSWorx\ServoStudio\wpfui-servoStudio\samples\Wpf.Ui.servoStudio\Core\CANopen\Adapters\ControlCanBus.cs(234,31): warning IDE0055: 淇鏍煎紡 (https://learn.microsoft.com/dotnet/fundamentals/code-analysis/style-rules/ide0055) [C:\UserWorx\VSWorx\ServoStudio\wpfui-servoStudio\samples\Wpf.Ui.servoStudio\servoStudio.csproj]
C:\UserWorx\VSWorx\ServoStudio\wpfui-servoStudio\samples\Wpf.Ui.servoStudio\Core\CANopen\Adapters\ControlCanBus.cs(235,31): warning IDE0055: 淇鏍煎紡 (https://learn.microsoft.com/dotnet/fundamentals/code-analysis/style-rules/ide0055) [C:\UserWorx\VSWorx\ServoStudio\wpfui-servoStudio\samples\Wpf.Ui.servoStudio\servoStudio.csproj]
C:\UserWorx\VSWorx\ServoStudio\wpfui-servoStudio\samples\Wpf.Ui.servoStudio\Core\CANopen\Adapters\ControlCanBus.cs(236,31): warning IDE0055: 淇鏍煎紡 (https://learn.microsoft.com/dotnet/fundamentals/code-analysis/style-rules/ide0055) [C:\UserWorx\VSWorx\ServoStudio\wpfui-servoStudio\samples\Wpf.Ui.servoStudio\servoStudio.csproj]
C:\UserWorx\VSWorx\ServoStudio\wpfui-servoStudio\samples\Wpf.Ui.servoStudio\Core\CANopen\Adapters\ControlCanBus.cs(270,35): warning IDE0055: 淇鏍煎紡 (https://learn.microsoft.com/dotnet/fundamentals/code-analysis/style-rules/ide0055) [C:\UserWorx\VSWorx\ServoStudio\wpfui-servoStudio\samples\Wpf.Ui.servoStudio\servoStudio.csproj]
C:\UserWorx\VSWorx\ServoStudio\wpfui-servoStudio\samples\Wpf.Ui.servoStudio\Core\CANopen\Adapters\ControlCanBus.cs(271,35): warning IDE0055: 淇鏍煎紡 (https://learn.microsoft.com/dotnet/fundamentals/code-analysis/style-rules/ide0055) [C:\UserWorx\VSWorx\ServoStudio\wpfui-servoStudio\samples\Wpf.Ui.servoStudio\servoStudio.csproj]
C:\UserWorx\VSWorx\ServoStudio\wpfui-servoStudio\samples\Wpf.Ui.servoStudio\Core\CANopen\Adapters\ControlCanBus.cs(272,35): warning IDE0055: 淇鏍煎紡 (https://learn.microsoft.com/dotnet/fundamentals/code-analysis/style-rules/ide0055) [C:\UserWorx\VSWorx\ServoStudio\wpfui-servoStudio\samples\Wpf.Ui.servoStudio\servoStudio.csproj]
C:\UserWorx\VSWorx\ServoStudio\wpfui-servoStudio\samples\Wpf.Ui.servoStudio\Core\CANopen\Adapters\ControlCanBus.cs(273,35): warning IDE0055: 淇鏍煎紡 (https://learn.microsoft.com/dotnet/fundamentals/code-analysis/style-rules/ide0055) [C:\UserWorx\VSWorx\ServoStudio\wpfui-servoStudio\samples\Wpf.Ui.servoStudio\servoStudio.csproj]
C:\UserWorx\VSWorx\ServoStudio\wpfui-servoStudio\samples\Wpf.Ui.servoStudio\Core\CANopen\Adapters\ControlCanBus.cs(274,38): warning IDE0055: 淇鏍煎紡 (https://learn.microsoft.com/dotnet/fundamentals/code-analysis/style-rules/ide0055) [C:\UserWorx\VSWorx\ServoStudio\wpfui-servoStudio\samples\Wpf.Ui.servoStudio\servoStudio.csproj]
C:\UserWorx\VSWorx\ServoStudio\wpfui-servoStudio\samples\Wpf.Ui.servoStudio\Core\CANopen\Adapters\ControlCanBus.cs(70,13): warning IDE2003: 鍧椾笌鍚庣画璇彞涔嬮棿闇€瑕佹湁绌虹櫧琛?(https://learn.microsoft.com/dotnet/fundamentals/code-analysis/style-rules/ide2003) [C:\UserWorx\VSWorx\ServoStudio\wpfui-servoStudio\samples\Wpf.Ui.servoStudio\servoStudio.csproj]
C:\UserWorx\VSWorx\ServoStudio\wpfui-servoStudio\samples\Wpf.Ui.servoStudio\Core\CANopen\Adapters\ControlCanBus.cs(195,17): warning IDE2003: 鍧椾笌鍚庣画璇彞涔嬮棿闇€瑕佹湁绌虹櫧琛?(https://learn.microsoft.com/dotnet/fundamentals/code-analysis/style-rules/ide2003) [C:\UserWorx\VSWorx\ServoStudio\wpfui-servoStudio\samples\Wpf.Ui.servoStudio\servoStudio.csproj]
C:\UserWorx\VSWorx\ServoStudio\wpfui-servoStudio\samples\Wpf.Ui.servoStudio\Core\CANopen\Adapters\PcanBasicCanBus.cs(27,23): warning IDE0055: 淇鏍煎紡 (https://learn.microsoft.com/dotnet/fundamentals/code-analysis/style-rules/ide0055) [C:\UserWorx\VSWorx\ServoStudio\wpfui-servoStudio\samples\Wpf.Ui.servoStudio\servoStudio.csproj]
C:\UserWorx\VSWorx\ServoStudio\wpfui-servoStudio\samples\Wpf.Ui.servoStudio\Core\CANopen\Adapters\PcanBasicCanBus.cs(27,25): warning IDE0055: 淇鏍煎紡 (https://learn.microsoft.com/dotnet/fundamentals/code-analysis/style-rules/ide0055) [C:\UserWorx\VSWorx\ServoStudio\wpfui-servoStudio\samples\Wpf.Ui.servoStudio\servoStudio.csproj]
C:\UserWorx\VSWorx\ServoStudio\wpfui-servoStudio\samples\Wpf.Ui.servoStudio\Core\CANopen\Adapters\PcanBasicCanBus.cs(27,43): warning IDE0055: 淇鏍煎紡 (https://learn.microsoft.com/dotnet/fundamentals/code-analysis/style-rules/ide0055) [C:\UserWorx\VSWorx\ServoStudio\wpfui-servoStudio\samples\Wpf.Ui.servoStudio\servoStudio.csproj]
C:\UserWorx\VSWorx\ServoStudio\wpfui-servoStudio\samples\Wpf.Ui.servoStudio\Core\CANopen\Adapters\PcanBasicCanBus.cs(31,29): warning IDE0055: 淇鏍煎紡 (https://learn.microsoft.com/dotnet/fundamentals/code-analysis/style-rules/ide0055) [C:\UserWorx\VSWorx\ServoStudio\wpfui-servoStudio\samples\Wpf.Ui.servoStudio\servoStudio.csproj]
C:\UserWorx\VSWorx\ServoStudio\wpfui-servoStudio\samples\Wpf.Ui.servoStudio\Core\CANopen\Adapters\PcanBasicCanBus.cs(31,31): warning IDE0055: 淇鏍煎紡 (https://learn.microsoft.com/dotnet/fundamentals/code-analysis/style-rules/ide0055) [C:\UserWorx\VSWorx\ServoStudio\wpfui-servoStudio\samples\Wpf.Ui.servoStudio\servoStudio.csproj]
C:\UserWorx\VSWorx\ServoStudio\wpfui-servoStudio\samples\Wpf.Ui.servoStudio\Core\CANopen\Adapters\PcanBasicCanBus.cs(33,43): warning IDE0055: 淇鏍煎紡 (https://learn.microsoft.com/dotnet/fundamentals/code-analysis/style-rules/ide0055) [C:\UserWorx\VSWorx\ServoStudio\wpfui-servoStudio\samples\Wpf.Ui.servoStudio\servoStudio.csproj]
C:\UserWorx\VSWorx\ServoStudio\wpfui-servoStudio\samples\Wpf.Ui.servoStudio\Core\CANopen\Adapters\PcanBasicCanBus.cs(33,45): warning IDE0055: 淇鏍煎紡 (https://learn.microsoft.com/dotnet/fundamentals/code-analysis/style-rules/ide0055) [C:\UserWorx\VSWorx\ServoStudio\wpfui-servoStudio\samples\Wpf.Ui.servoStudio\servoStudio.csproj]
C:\UserWorx\VSWorx\ServoStudio\wpfui-servoStudio\samples\Wpf.Ui.servoStudio\Core\CANopen\Adapters\PcanBasicCanBus.cs(33,64): warning IDE0055: 淇鏍煎紡 (https://learn.microsoft.com/dotnet/fundamentals/code-analysis/style-rules/ide0055) [C:\UserWorx\VSWorx\ServoStudio\wpfui-servoStudio\samples\Wpf.Ui.servoStudio\servoStudio.csproj]
C:\UserWorx\VSWorx\ServoStudio\wpfui-servoStudio\samples\Wpf.Ui.servoStudio\Core\CANopen\Adapters\PcanBasicCanBus.cs(45,30): warning IDE0055: 淇鏍煎紡 (https://learn.microsoft.com/dotnet/fundamentals/code-analysis/style-rules/ide0055) [C:\UserWorx\VSWorx\ServoStudio\wpfui-servoStudio\samples\Wpf.Ui.servoStudio\servoStudio.csproj]
C:\UserWorx\VSWorx\ServoStudio\wpfui-servoStudio\samples\Wpf.Ui.servoStudio\Core\CANopen\Adapters\PcanBasicCanBus.cs(46,30): warning IDE0055: 淇鏍煎紡 (https://learn.microsoft.com/dotnet/fundamentals/code-analysis/style-rules/ide0055) [C:\UserWorx\VSWorx\ServoStudio\wpfui-servoStudio\samples\Wpf.Ui.servoStudio\servoStudio.csproj]
C:\UserWorx\VSWorx\ServoStudio\wpfui-servoStudio\samples\Wpf.Ui.servoStudio\Core\CANopen\Adapters\PcanBasicCanBus.cs(47,30): warning IDE0055: 淇鏍煎紡 (https://learn.microsoft.com/dotnet/fundamentals/code-analysis/style-rules/ide0055) [C:\UserWorx\VSWorx\ServoStudio\wpfui-servoStudio\samples\Wpf.Ui.servoStudio\servoStudio.csproj]
C:\UserWorx\VSWorx\ServoStudio\wpfui-servoStudio\samples\Wpf.Ui.servoStudio\Core\CANopen\Adapters\PcanBasicCanBus.cs(48,31): warning IDE0055: 淇鏍煎紡 (https://learn.microsoft.com/dotnet/fundamentals/code-analysis/style-rules/ide0055) [C:\UserWorx\VSWorx\ServoStudio\wpfui-servoStudio\samples\Wpf.Ui.servoStudio\servoStudio.csproj]
C:\UserWorx\VSWorx\ServoStudio\wpfui-servoStudio\samples\Wpf.Ui.servoStudio\Core\CANopen\Adapters\PcanBasicCanBus.cs(49,31): warning IDE0055: 淇鏍煎紡 (https://learn.microsoft.com/dotnet/fundamentals/code-analysis/style-rules/ide0055) [C:\UserWorx\VSWorx\ServoStudio\wpfui-servoStudio\samples\Wpf.Ui.servoStudio\servoStudio.csproj]
C:\UserWorx\VSWorx\ServoStudio\wpfui-servoStudio\samples\Wpf.Ui.servoStudio\Core\CANopen\Adapters\PcanBasicCanBus.cs(50,31): warning IDE0055: 淇鏍煎紡 (https://learn.microsoft.com/dotnet/fundamentals/code-analysis/style-rules/ide0055) [C:\UserWorx\VSWorx\ServoStudio\wpfui-servoStudio\samples\Wpf.Ui.servoStudio\servoStudio.csproj]
C:\UserWorx\VSWorx\ServoStudio\wpfui-servoStudio\samples\Wpf.Ui.servoStudio\Core\CANopen\Adapters\PcanBasicCanBus.cs(51,31): warning IDE0055: 淇鏍煎紡 (https://learn.microsoft.com/dotnet/fundamentals/code-analysis/style-rules/ide0055) [C:\UserWorx\VSWorx\ServoStudio\wpfui-servoStudio\samples\Wpf.Ui.servoStudio\servoStudio.csproj]
C:\UserWorx\VSWorx\ServoStudio\wpfui-servoStudio\samples\Wpf.Ui.servoStudio\Core\CANopen\Adapters\PcanBasicCanBus.cs(52,31): warning IDE0055: 淇鏍煎紡 (https://learn.microsoft.com/dotnet/fundamentals/code-analysis/style-rules/ide0055) [C:\UserWorx\VSWorx\ServoStudio\wpfui-servoStudio\samples\Wpf.Ui.servoStudio\servoStudio.csproj]
C:\UserWorx\VSWorx\ServoStudio\wpfui-servoStudio\samples\Wpf.Ui.servoStudio\Core\CANopen\Adapters\PcanBasicCanBus.cs(82,12): warning IDE0055: 淇鏍煎紡 (https://learn.microsoft.com/dotnet/fundamentals/code-analysis/style-rules/ide0055) [C:\UserWorx\VSWorx\ServoStudio\wpfui-servoStudio\samples\Wpf.Ui.servoStudio\servoStudio.csproj]
C:\UserWorx\VSWorx\ServoStudio\wpfui-servoStudio\samples\Wpf.Ui.servoStudio\Core\CANopen\Adapters\PcanBasicCanBus.cs(82,14): warning IDE0055: 淇鏍煎紡 (https://learn.microsoft.com/dotnet/fundamentals/code-analysis/style-rules/ide0055) [C:\UserWorx\VSWorx\ServoStudio\wpfui-servoStudio\samples\Wpf.Ui.servoStudio\servoStudio.csproj]
C:\UserWorx\VSWorx\ServoStudio\wpfui-servoStudio\samples\Wpf.Ui.servoStudio\Core\CANopen\Adapters\PcanBasicCanBus.cs(82,56): warning IDE0055: 淇鏍煎紡 (https://learn.microsoft.com/dotnet/fundamentals/code-analysis/style-rules/ide0055) [C:\UserWorx\VSWorx\ServoStudio\wpfui-servoStudio\samples\Wpf.Ui.servoStudio\servoStudio.csproj]
C:\UserWorx\VSWorx\ServoStudio\wpfui-servoStudio\samples\Wpf.Ui.servoStudio\Core\CANopen\Adapters\PcanBasicCanBus.cs(82,58): warning IDE0055: 淇鏍煎紡 (https://learn.microsoft.com/dotnet/fundamentals/code-analysis/style-rules/ide0055) [C:\UserWorx\VSWorx\ServoStudio\wpfui-servoStudio\samples\Wpf.Ui.servoStudio\servoStudio.csproj]
C:\UserWorx\VSWorx\ServoStudio\wpfui-servoStudio\samples\Wpf.Ui.servoStudio\Core\CANopen\Adapters\PcanBasicCanBus.cs(202,38): warning IDE0055: 淇鏍煎紡 (https://learn.microsoft.com/dotnet/fundamentals/code-analysis/style-rules/ide0055) [C:\UserWorx\VSWorx\ServoStudio\wpfui-servoStudio\samples\Wpf.Ui.servoStudio\servoStudio.csproj]
C:\UserWorx\VSWorx\ServoStudio\wpfui-servoStudio\samples\Wpf.Ui.servoStudio\Core\CANopen\Adapters\PcanBasicCanBus.cs(203,38): warning IDE0055: 淇鏍煎紡 (https://learn.microsoft.com/dotnet/fundamentals/code-analysis/style-rules/ide0055) [C:\UserWorx\VSWorx\ServoStudio\wpfui-servoStudio\samples\Wpf.Ui.servoStudio\servoStudio.csproj]
C:\UserWorx\VSWorx\ServoStudio\wpfui-servoStudio\samples\Wpf.Ui.servoStudio\Core\CANopen\Adapters\PcanBasicCanBus.cs(204,38): warning IDE0055: 淇鏍煎紡 (https://learn.microsoft.com/dotnet/fundamentals/code-analysis/style-rules/ide0055) [C:\UserWorx\VSWorx\ServoStudio\wpfui-servoStudio\samples\Wpf.Ui.servoStudio\servoStudio.csproj]
C:\UserWorx\VSWorx\ServoStudio\wpfui-servoStudio\samples\Wpf.Ui.servoStudio\Core\CANopen\Adapters\PcanBasicCanBus.cs(205,38): warning IDE0055: 淇鏍煎紡 (https://learn.microsoft.com/dotnet/fundamentals/code-analysis/style-rules/ide0055) [C:\UserWorx\VSWorx\ServoStudio\wpfui-servoStudio\samples\Wpf.Ui.servoStudio\servoStudio.csproj]
C:\UserWorx\VSWorx\ServoStudio\wpfui-servoStudio\samples\Wpf.Ui.servoStudio\Core\CANopen\Adapters\PcanBasicCanBus.cs(206,38): warning IDE0055: 淇鏍煎紡 (https://learn.microsoft.com/dotnet/fundamentals/code-analysis/style-rules/ide0055) [C:\UserWorx\VSWorx\ServoStudio\wpfui-servoStudio\samples\Wpf.Ui.servoStudio\servoStudio.csproj]
C:\UserWorx\VSWorx\ServoStudio\wpfui-servoStudio\samples\Wpf.Ui.servoStudio\Core\CANopen\Adapters\PcanBasicCanBus.cs(207,38): warning IDE0055: 淇鏍煎紡 (https://learn.microsoft.com/dotnet/fundamentals/code-analysis/style-rules/ide0055) [C:\UserWorx\VSWorx\ServoStudio\wpfui-servoStudio\samples\Wpf.Ui.servoStudio\servoStudio.csproj]
C:\UserWorx\VSWorx\ServoStudio\wpfui-servoStudio\samples\Wpf.Ui.servoStudio\Core\CANopen\Adapters\PcanBasicCanBus.cs(208,38): warning IDE0055: 淇鏍煎紡 (https://learn.microsoft.com/dotnet/fundamentals/code-analysis/style-rules/ide0055) [C:\UserWorx\VSWorx\ServoStudio\wpfui-servoStudio\samples\Wpf.Ui.servoStudio\servoStudio.csproj]
C:\UserWorx\VSWorx\ServoStudio\wpfui-servoStudio\samples\Wpf.Ui.servoStudio\Core\CANopen\Adapters\PcanBasicCanBus.cs(209,38): warning IDE0055: 淇鏍煎紡 (https://learn.microsoft.com/dotnet/fundamentals/code-analysis/style-rules/ide0055) [C:\UserWorx\VSWorx\ServoStudio\wpfui-servoStudio\samples\Wpf.Ui.servoStudio\servoStudio.csproj]
C:\UserWorx\VSWorx\ServoStudio\wpfui-servoStudio\samples\Wpf.Ui.servoStudio\Core\CANopen\Adapters\PcanBasicCanBus.cs(210,38): warning IDE0055: 淇鏍煎紡 (https://learn.microsoft.com/dotnet/fundamentals/code-analysis/style-rules/ide0055) [C:\UserWorx\VSWorx\ServoStudio\wpfui-servoStudio\samples\Wpf.Ui.servoStudio\servoStudio.csproj]
C:\UserWorx\VSWorx\ServoStudio\wpfui-servoStudio\samples\Wpf.Ui.servoStudio\Core\CANopen\Adapters\PcanBasicCanBus.cs(220,38): warning IDE0055: 淇鏍煎紡 (https://learn.microsoft.com/dotnet/fundamentals/code-analysis/style-rules/ide0055) [C:\UserWorx\VSWorx\ServoStudio\wpfui-servoStudio\samples\Wpf.Ui.servoStudio\servoStudio.csproj]
C:\UserWorx\VSWorx\ServoStudio\wpfui-servoStudio\samples\Wpf.Ui.servoStudio\Core\CANopen\Adapters\PcanBasicCanBus.cs(226,39): warning IDE0055: 淇鏍煎紡 (https://learn.microsoft.com/dotnet/fundamentals/code-analysis/style-rules/ide0055) [C:\UserWorx\VSWorx\ServoStudio\wpfui-servoStudio\samples\Wpf.Ui.servoStudio\servoStudio.csproj]
C:\UserWorx\VSWorx\ServoStudio\wpfui-servoStudio\samples\Wpf.Ui.servoStudio\Core\CANopen\Adapters\PcanBasicCanBus.cs(227,39): warning IDE0055: 淇鏍煎紡 (https://learn.microsoft.com/dotnet/fundamentals/code-analysis/style-rules/ide0055) [C:\UserWorx\VSWorx\ServoStudio\wpfui-servoStudio\samples\Wpf.Ui.servoStudio\servoStudio.csproj]
C:\UserWorx\VSWorx\ServoStudio\wpfui-servoStudio\samples\Wpf.Ui.servoStudio\Core\CANopen\Adapters\PcanBasicCanBus.cs(228,39): warning IDE0055: 淇鏍煎紡 (https://learn.microsoft.com/dotnet/fundamentals/code-analysis/style-rules/ide0055) [C:\UserWorx\VSWorx\ServoStudio\wpfui-servoStudio\samples\Wpf.Ui.servoStudio\servoStudio.csproj]
C:\UserWorx\VSWorx\ServoStudio\wpfui-servoStudio\samples\Wpf.Ui.servoStudio\Core\CANopen\Adapters\PcanBasicCanBus.cs(232,40): warning IDE0055: 淇鏍煎紡 (https://learn.microsoft.com/dotnet/fundamentals/code-analysis/style-rules/ide0055) [C:\UserWorx\VSWorx\ServoStudio\wpfui-servoStudio\samples\Wpf.Ui.servoStudio\servoStudio.csproj]
C:\UserWorx\VSWorx\ServoStudio\wpfui-servoStudio\samples\Wpf.Ui.servoStudio\Core\CANopen\Adapters\PcanBasicCanBus.cs(236,37): warning IDE0055: 淇鏍煎紡 (https://learn.microsoft.com/dotnet/fundamentals/code-analysis/style-rules/ide0055) [C:\UserWorx\VSWorx\ServoStudio\wpfui-servoStudio\samples\Wpf.Ui.servoStudio\servoStudio.csproj]
C:\UserWorx\VSWorx\ServoStudio\wpfui-servoStudio\samples\Wpf.Ui.servoStudio\Core\CANopen\Adapters\PcanBasicCanBus.cs(237,44): warning IDE0055: 淇鏍煎紡 (https://learn.microsoft.com/dotnet/fundamentals/code-analysis/style-rules/ide0055) [C:\UserWorx\VSWorx\ServoStudio\wpfui-servoStudio\samples\Wpf.Ui.servoStudio\servoStudio.csproj]
C:\UserWorx\VSWorx\ServoStudio\wpfui-servoStudio\samples\Wpf.Ui.servoStudio\Core\CANopen\Adapters\PcanBasicCanBus.cs(64,13): warning IDE2003: 鍧椾笌鍚庣画璇彞涔嬮棿闇€瑕佹湁绌虹櫧琛?(https://learn.microsoft.com/dotnet/fundamentals/code-analysis/style-rules/ide2003) [C:\UserWorx\VSWorx\ServoStudio\wpfui-servoStudio\samples\Wpf.Ui.servoStudio\servoStudio.csproj]
C:\UserWorx\VSWorx\ServoStudio\wpfui-servoStudio\samples\Wpf.Ui.servoStudio\Core\CANopen\Adapters\PcanBasicCanBus.cs(82,80): warning IDE2003: 鍧椾笌鍚庣画璇彞涔嬮棿闇€瑕佹湁绌虹櫧琛?(https://learn.microsoft.com/dotnet/fundamentals/code-analysis/style-rules/ide2003) [C:\UserWorx\VSWorx\ServoStudio\wpfui-servoStudio\samples\Wpf.Ui.servoStudio\servoStudio.csproj]
C:\UserWorx\VSWorx\ServoStudio\wpfui-servoStudio\samples\Wpf.Ui.servoStudio\Core\CANopen\Adapters\PcanBasicCanBus.cs(140,17): warning IDE2003: 鍧椾笌鍚庣画璇彞涔嬮棿闇€瑕佹湁绌虹櫧琛?(https://learn.microsoft.com/dotnet/fundamentals/code-analysis/style-rules/ide2003) [C:\UserWorx\VSWorx\ServoStudio\wpfui-servoStudio\samples\Wpf.Ui.servoStudio\servoStudio.csproj]
C:\UserWorx\VSWorx\ServoStudio\wpfui-servoStudio\samples\Wpf.Ui.servoStudio\Core\CANopen\Adapters\ToomossCanBus.cs(27,30): warning IDE0055: 淇鏍煎紡 (https://learn.microsoft.com/dotnet/fundamentals/code-analysis/style-rules/ide0055) [C:\UserWorx\VSWorx\ServoStudio\wpfui-servoStudio\samples\Wpf.Ui.servoStudio\servoStudio.csproj]
C:\UserWorx\VSWorx\ServoStudio\wpfui-servoStudio\samples\Wpf.Ui.servoStudio\Core\CANopen\Adapters\ToomossCanBus.cs(27,32): warning IDE0055: 淇鏍煎紡 (https://learn.microsoft.com/dotnet/fundamentals/code-analysis/style-rules/ide0055) [C:\UserWorx\VSWorx\ServoStudio\wpfui-servoStudio\samples\Wpf.Ui.servoStudio\servoStudio.csproj]
C:\UserWorx\VSWorx\ServoStudio\wpfui-servoStudio\samples\Wpf.Ui.servoStudio\Core\CANopen\Adapters\ToomossCanBus.cs(27,42): warning IDE0055: 淇鏍煎紡 (https://learn.microsoft.com/dotnet/fundamentals/code-analysis/style-rules/ide0055) [C:\UserWorx\VSWorx\ServoStudio\wpfui-servoStudio\samples\Wpf.Ui.servoStudio\servoStudio.csproj]
C:\UserWorx\VSWorx\ServoStudio\wpfui-servoStudio\samples\Wpf.Ui.servoStudio\Core\CANopen\Adapters\ToomossCanBus.cs(30,25): warning IDE0055: 淇鏍煎紡 (https://learn.microsoft.com/dotnet/fundamentals/code-analysis/style-rules/ide0055) [C:\UserWorx\VSWorx\ServoStudio\wpfui-servoStudio\samples\Wpf.Ui.servoStudio\servoStudio.csproj]
C:\UserWorx\VSWorx\ServoStudio\wpfui-servoStudio\samples\Wpf.Ui.servoStudio\Core\CANopen\Adapters\ToomossCanBus.cs(30,27): warning IDE0055: 淇鏍煎紡 (https://learn.microsoft.com/dotnet/fundamentals/code-analysis/style-rules/ide0055) [C:\UserWorx\VSWorx\ServoStudio\wpfui-servoStudio\samples\Wpf.Ui.servoStudio\servoStudio.csproj]
C:\UserWorx\VSWorx\ServoStudio\wpfui-servoStudio\samples\Wpf.Ui.servoStudio\Core\CANopen\Adapters\ToomossCanBus.cs(30,37): warning IDE0055: 淇鏍煎紡 (https://learn.microsoft.com/dotnet/fundamentals/code-analysis/style-rules/ide0055) [C:\UserWorx\VSWorx\ServoStudio\wpfui-servoStudio\samples\Wpf.Ui.servoStudio\servoStudio.csproj]
C:\UserWorx\VSWorx\ServoStudio\wpfui-servoStudio\samples\Wpf.Ui.servoStudio\Core\CANopen\Adapters\ToomossCanBus.cs(32,23): warning IDE0055: 淇鏍煎紡 (https://learn.microsoft.com/dotnet/fundamentals/code-analysis/style-rules/ide0055) [C:\UserWorx\VSWorx\ServoStudio\wpfui-servoStudio\samples\Wpf.Ui.servoStudio\servoStudio.csproj]
C:\UserWorx\VSWorx\ServoStudio\wpfui-servoStudio\samples\Wpf.Ui.servoStudio\Core\CANopen\Adapters\ToomossCanBus.cs(32,25): warning IDE0055: 淇鏍煎紡 (https://learn.microsoft.com/dotnet/fundamentals/code-analysis/style-rules/ide0055) [C:\UserWorx\VSWorx\ServoStudio\wpfui-servoStudio\samples\Wpf.Ui.servoStudio\servoStudio.csproj]
C:\UserWorx\VSWorx\ServoStudio\wpfui-servoStudio\samples\Wpf.Ui.servoStudio\Core\CANopen\Adapters\ToomossCanBus.cs(32,43): warning IDE0055: 淇鏍煎紡 (https://learn.microsoft.com/dotnet/fundamentals/code-analysis/style-rules/ide0055) [C:\UserWorx\VSWorx\ServoStudio\wpfui-servoStudio\samples\Wpf.Ui.servoStudio\servoStudio.csproj]
C:\UserWorx\VSWorx\ServoStudio\wpfui-servoStudio\samples\Wpf.Ui.servoStudio\Core\CANopen\Adapters\ToomossCanBus.cs(37,27): warning IDE0055: 淇鏍煎紡 (https://learn.microsoft.com/dotnet/fundamentals/code-analysis/style-rules/ide0055) [C:\UserWorx\VSWorx\ServoStudio\wpfui-servoStudio\samples\Wpf.Ui.servoStudio\servoStudio.csproj]
C:\UserWorx\VSWorx\ServoStudio\wpfui-servoStudio\samples\Wpf.Ui.servoStudio\Core\CANopen\Adapters\ToomossCanBus.cs(37,29): warning IDE0055: 淇鏍煎紡 (https://learn.microsoft.com/dotnet/fundamentals/code-analysis/style-rules/ide0055) [C:\UserWorx\VSWorx\ServoStudio\wpfui-servoStudio\samples\Wpf.Ui.servoStudio\servoStudio.csproj]
C:\UserWorx\VSWorx\ServoStudio\wpfui-servoStudio\samples\Wpf.Ui.servoStudio\Core\CANopen\Adapters\ToomossCanBus.cs(57,28): warning IDE0055: 淇鏍煎紡 (https://learn.microsoft.com/dotnet/fundamentals/code-analysis/style-rules/ide0055) [C:\UserWorx\VSWorx\ServoStudio\wpfui-servoStudio\samples\Wpf.Ui.servoStudio\servoStudio.csproj]
C:\UserWorx\VSWorx\ServoStudio\wpfui-servoStudio\samples\Wpf.Ui.servoStudio\Core\CANopen\Adapters\ToomossCanBus.cs(57,30): warning IDE0055: 淇鏍煎紡 (https://learn.microsoft.com/dotnet/fundamentals/code-analysis/style-rules/ide0055) [C:\UserWorx\VSWorx\ServoStudio\wpfui-servoStudio\samples\Wpf.Ui.servoStudio\servoStudio.csproj]
C:\UserWorx\VSWorx\ServoStudio\wpfui-servoStudio\samples\Wpf.Ui.servoStudio\Core\CANopen\Adapters\ToomossCanBus.cs(57,66): warning IDE0055: 淇鏍煎紡 (https://learn.microsoft.com/dotnet/fundamentals/code-analysis/style-rules/ide0055) [C:\UserWorx\VSWorx\ServoStudio\wpfui-servoStudio\samples\Wpf.Ui.servoStudio\servoStudio.csproj]
C:\UserWorx\VSWorx\ServoStudio\wpfui-servoStudio\samples\Wpf.Ui.servoStudio\Core\CANopen\Adapters\ToomossCanBus.cs(57,80): warning IDE0055: 淇鏍煎紡 (https://learn.microsoft.com/dotnet/fundamentals/code-analysis/style-rules/ide0055) [C:\UserWorx\VSWorx\ServoStudio\wpfui-servoStudio\samples\Wpf.Ui.servoStudio\servoStudio.csproj]
C:\UserWorx\VSWorx\ServoStudio\wpfui-servoStudio\samples\Wpf.Ui.servoStudio\Core\CANopen\Adapters\ToomossCanBus.cs(91,75): warning IDE0055: 淇鏍煎紡 (https://learn.microsoft.com/dotnet/fundamentals/code-analysis/style-rules/ide0055) [C:\UserWorx\VSWorx\ServoStudio\wpfui-servoStudio\samples\Wpf.Ui.servoStudio\servoStudio.csproj]
C:\UserWorx\VSWorx\ServoStudio\wpfui-servoStudio\samples\Wpf.Ui.servoStudio\Core\CANopen\Adapters\ToomossCanBus.cs(91,91): warning IDE0055: 淇鏍煎紡 (https://learn.microsoft.com/dotnet/fundamentals/code-analysis/style-rules/ide0055) [C:\UserWorx\VSWorx\ServoStudio\wpfui-servoStudio\samples\Wpf.Ui.servoStudio\servoStudio.csproj]
C:\UserWorx\VSWorx\ServoStudio\wpfui-servoStudio\samples\Wpf.Ui.servoStudio\Core\CANopen\Adapters\ToomossCanBus.cs(213,30): warning IDE0055: 淇鏍煎紡 (https://learn.microsoft.com/dotnet/fundamentals/code-analysis/style-rules/ide0055) [C:\UserWorx\VSWorx\ServoStudio\wpfui-servoStudio\samples\Wpf.Ui.servoStudio\servoStudio.csproj]
C:\UserWorx\VSWorx\ServoStudio\wpfui-servoStudio\samples\Wpf.Ui.servoStudio\Core\CANopen\Adapters\ToomossCanBus.cs(214,30): warning IDE0055: 淇鏍煎紡 (https://learn.microsoft.com/dotnet/fundamentals/code-analysis/style-rules/ide0055) [C:\UserWorx\VSWorx\ServoStudio\wpfui-servoStudio\samples\Wpf.Ui.servoStudio\servoStudio.csproj]
C:\UserWorx\VSWorx\ServoStudio\wpfui-servoStudio\samples\Wpf.Ui.servoStudio\Core\CANopen\Adapters\ToomossCanBus.cs(215,30): warning IDE0055: 淇鏍煎紡 (https://learn.microsoft.com/dotnet/fundamentals/code-analysis/style-rules/ide0055) [C:\UserWorx\VSWorx\ServoStudio\wpfui-servoStudio\samples\Wpf.Ui.servoStudio\servoStudio.csproj]
C:\UserWorx\VSWorx\ServoStudio\wpfui-servoStudio\samples\Wpf.Ui.servoStudio\Core\CANopen\Adapters\ToomossCanBus.cs(215,48): warning IDE0055: 淇鏍煎紡 (https://learn.microsoft.com/dotnet/fundamentals/code-analysis/style-rules/ide0055) [C:\UserWorx\VSWorx\ServoStudio\wpfui-servoStudio\samples\Wpf.Ui.servoStudio\servoStudio.csproj]
C:\UserWorx\VSWorx\ServoStudio\wpfui-servoStudio\samples\Wpf.Ui.servoStudio\Core\CANopen\Adapters\ToomossCanBus.cs(216,31): warning IDE0055: 淇鏍煎紡 (https://learn.microsoft.com/dotnet/fundamentals/code-analysis/style-rules/ide0055) [C:\UserWorx\VSWorx\ServoStudio\wpfui-servoStudio\samples\Wpf.Ui.servoStudio\servoStudio.csproj]
C:\UserWorx\VSWorx\ServoStudio\wpfui-servoStudio\samples\Wpf.Ui.servoStudio\Core\CANopen\Adapters\ToomossCanBus.cs(216,48): warning IDE0055: 淇鏍煎紡 (https://learn.microsoft.com/dotnet/fundamentals/code-analysis/style-rules/ide0055) [C:\UserWorx\VSWorx\ServoStudio\wpfui-servoStudio\samples\Wpf.Ui.servoStudio\servoStudio.csproj]
C:\UserWorx\VSWorx\ServoStudio\wpfui-servoStudio\samples\Wpf.Ui.servoStudio\Core\CANopen\Adapters\ToomossCanBus.cs(217,31): warning IDE0055: 淇鏍煎紡 (https://learn.microsoft.com/dotnet/fundamentals/code-analysis/style-rules/ide0055) [C:\UserWorx\VSWorx\ServoStudio\wpfui-servoStudio\samples\Wpf.Ui.servoStudio\servoStudio.csproj]
C:\UserWorx\VSWorx\ServoStudio\wpfui-servoStudio\samples\Wpf.Ui.servoStudio\Core\CANopen\Adapters\ToomossCanBus.cs(217,48): warning IDE0055: 淇鏍煎紡 (https://learn.microsoft.com/dotnet/fundamentals/code-analysis/style-rules/ide0055) [C:\UserWorx\VSWorx\ServoStudio\wpfui-servoStudio\samples\Wpf.Ui.servoStudio\servoStudio.csproj]
C:\UserWorx\VSWorx\ServoStudio\wpfui-servoStudio\samples\Wpf.Ui.servoStudio\Core\CANopen\Adapters\ToomossCanBus.cs(218,31): warning IDE0055: 淇鏍煎紡 (https://learn.microsoft.com/dotnet/fundamentals/code-analysis/style-rules/ide0055) [C:\UserWorx\VSWorx\ServoStudio\wpfui-servoStudio\samples\Wpf.Ui.servoStudio\servoStudio.csproj]
C:\UserWorx\VSWorx\ServoStudio\wpfui-servoStudio\samples\Wpf.Ui.servoStudio\Core\CANopen\Adapters\ToomossCanBus.cs(218,48): warning IDE0055: 淇鏍煎紡 (https://learn.microsoft.com/dotnet/fundamentals/code-analysis/style-rules/ide0055) [C:\UserWorx\VSWorx\ServoStudio\wpfui-servoStudio\samples\Wpf.Ui.servoStudio\servoStudio.csproj]
C:\UserWorx\VSWorx\ServoStudio\wpfui-servoStudio\samples\Wpf.Ui.servoStudio\Core\CANopen\Adapters\ToomossCanBus.cs(219,31): warning IDE0055: 淇鏍煎紡 (https://learn.microsoft.com/dotnet/fundamentals/code-analysis/style-rules/ide0055) [C:\UserWorx\VSWorx\ServoStudio\wpfui-servoStudio\samples\Wpf.Ui.servoStudio\servoStudio.csproj]
C:\UserWorx\VSWorx\ServoStudio\wpfui-servoStudio\samples\Wpf.Ui.servoStudio\Core\CANopen\Adapters\ToomossCanBus.cs(219,47): warning IDE0055: 淇鏍煎紡 (https://learn.microsoft.com/dotnet/fundamentals/code-analysis/style-rules/ide0055) [C:\UserWorx\VSWorx\ServoStudio\wpfui-servoStudio\samples\Wpf.Ui.servoStudio\servoStudio.csproj]
C:\UserWorx\VSWorx\ServoStudio\wpfui-servoStudio\samples\Wpf.Ui.servoStudio\Core\CANopen\Adapters\ToomossCanBus.cs(220,31): warning IDE0055: 淇鏍煎紡 (https://learn.microsoft.com/dotnet/fundamentals/code-analysis/style-rules/ide0055) [C:\UserWorx\VSWorx\ServoStudio\wpfui-servoStudio\samples\Wpf.Ui.servoStudio\servoStudio.csproj]
C:\UserWorx\VSWorx\ServoStudio\wpfui-servoStudio\samples\Wpf.Ui.servoStudio\Core\CANopen\Adapters\ToomossCanBus.cs(220,47): warning IDE0055: 淇鏍煎紡 (https://learn.microsoft.com/dotnet/fundamentals/code-analysis/style-rules/ide0055) [C:\UserWorx\VSWorx\ServoStudio\wpfui-servoStudio\samples\Wpf.Ui.servoStudio\servoStudio.csproj]
C:\UserWorx\VSWorx\ServoStudio\wpfui-servoStudio\samples\Wpf.Ui.servoStudio\Core\CANopen\Adapters\ToomossCanBus.cs(221,47): warning IDE0055: 淇鏍煎紡 (https://learn.microsoft.com/dotnet/fundamentals/code-analysis/style-rules/ide0055) [C:\UserWorx\VSWorx\ServoStudio\wpfui-servoStudio\samples\Wpf.Ui.servoStudio\servoStudio.csproj]
C:\UserWorx\VSWorx\ServoStudio\wpfui-servoStudio\samples\Wpf.Ui.servoStudio\Core\CANopen\Adapters\ToomossCanBus.cs(232,12): warning IDE0055: 淇鏍煎紡 (https://learn.microsoft.com/dotnet/fundamentals/code-analysis/style-rules/ide0055) [C:\UserWorx\VSWorx\ServoStudio\wpfui-servoStudio\samples\Wpf.Ui.servoStudio\servoStudio.csproj]
C:\UserWorx\VSWorx\ServoStudio\wpfui-servoStudio\samples\Wpf.Ui.servoStudio\Core\CANopen\Adapters\ToomossCanBus.cs(232,14): warning IDE0055: 淇鏍煎紡 (https://learn.microsoft.com/dotnet/fundamentals/code-analysis/style-rules/ide0055) [C:\UserWorx\VSWorx\ServoStudio\wpfui-servoStudio\samples\Wpf.Ui.servoStudio\servoStudio.csproj]
C:\UserWorx\VSWorx\ServoStudio\wpfui-servoStudio\samples\Wpf.Ui.servoStudio\Core\CANopen\Adapters\ToomossCanBus.cs(232,77): warning IDE0055: 淇鏍煎紡 (https://learn.microsoft.com/dotnet/fundamentals/code-analysis/style-rules/ide0055) [C:\UserWorx\VSWorx\ServoStudio\wpfui-servoStudio\samples\Wpf.Ui.servoStudio\servoStudio.csproj]
C:\UserWorx\VSWorx\ServoStudio\wpfui-servoStudio\samples\Wpf.Ui.servoStudio\Core\CANopen\Adapters\ToomossCanBus.cs(57,81): warning IDE2003: 鍧椾笌鍚庣画璇彞涔嬮棿闇€瑕佹湁绌虹櫧琛?(https://learn.microsoft.com/dotnet/fundamentals/code-analysis/style-rules/ide2003) [C:\UserWorx\VSWorx\ServoStudio\wpfui-servoStudio\samples\Wpf.Ui.servoStudio\servoStudio.csproj]
C:\UserWorx\VSWorx\ServoStudio\wpfui-servoStudio\samples\Wpf.Ui.servoStudio\Core\CANopen\Adapters\ToomossCanBus.cs(185,58): warning IDE2003: 鍧椾笌鍚庣画璇彞涔嬮棿闇€瑕佹湁绌虹櫧琛?(https://learn.microsoft.com/dotnet/fundamentals/code-analysis/style-rules/ide2003) [C:\UserWorx\VSWorx\ServoStudio\wpfui-servoStudio\samples\Wpf.Ui.servoStudio\servoStudio.csproj]
C:\UserWorx\VSWorx\ServoStudio\wpfui-servoStudio\samples\Wpf.Ui.servoStudio\Core\Sync\WinMmCyclicTimer.cs(17,21): warning CA1060: 灏?pinvoke 绉诲埌鏈満鏂规硶绫?(https://learn.microsoft.com/dotnet/fundamentals/code-analysis/quality-rules/ca1060) [C:\UserWorx\VSWorx\ServoStudio\wpfui-servoStudio\samples\Wpf.Ui.servoStudio\servoStudio.csproj]
C:\UserWorx\VSWorx\ServoStudio\wpfui-servoStudio\samples\Wpf.Ui.servoStudio\Core\CANopen\Adapters\ZlgCanBus.cs(26,28): warning IDE0055: 淇鏍煎紡 (https://learn.microsoft.com/dotnet/fundamentals/code-analysis/style-rules/ide0055) [C:\UserWorx\VSWorx\ServoStudio\wpfui-servoStudio\samples\Wpf.Ui.servoStudio\servoStudio.csproj]
C:\UserWorx\VSWorx\ServoStudio\wpfui-servoStudio\samples\Wpf.Ui.servoStudio\Core\CANopen\Adapters\ZlgCanBus.cs(26,30): warning IDE0055: 淇鏍煎紡 (https://learn.microsoft.com/dotnet/fundamentals/code-analysis/style-rules/ide0055) [C:\UserWorx\VSWorx\ServoStudio\wpfui-servoStudio\samples\Wpf.Ui.servoStudio\servoStudio.csproj]
C:\UserWorx\VSWorx\ServoStudio\wpfui-servoStudio\samples\Wpf.Ui.servoStudio\Core\CANopen\Adapters\ZlgCanBus.cs(26,40): warning IDE0055: 淇鏍煎紡 (https://learn.microsoft.com/dotnet/fundamentals/code-analysis/style-rules/ide0055) [C:\UserWorx\VSWorx\ServoStudio\wpfui-servoStudio\samples\Wpf.Ui.servoStudio\servoStudio.csproj]
C:\UserWorx\VSWorx\ServoStudio\wpfui-servoStudio\samples\Wpf.Ui.servoStudio\Core\CANopen\Adapters\ZlgCanBus.cs(29,24): warning IDE0055: 淇鏍煎紡 (https://learn.microsoft.com/dotnet/fundamentals/code-analysis/style-rules/ide0055) [C:\UserWorx\VSWorx\ServoStudio\wpfui-servoStudio\samples\Wpf.Ui.servoStudio\servoStudio.csproj]
C:\UserWorx\VSWorx\ServoStudio\wpfui-servoStudio\samples\Wpf.Ui.servoStudio\Core\CANopen\Adapters\ZlgCanBus.cs(29,26): warning IDE0055: 淇鏍煎紡 (https://learn.microsoft.com/dotnet/fundamentals/code-analysis/style-rules/ide0055) [C:\UserWorx\VSWorx\ServoStudio\wpfui-servoStudio\samples\Wpf.Ui.servoStudio\servoStudio.csproj]
C:\UserWorx\VSWorx\ServoStudio\wpfui-servoStudio\samples\Wpf.Ui.servoStudio\Core\CANopen\Adapters\ZlgCanBus.cs(29,36): warning IDE0055: 淇鏍煎紡 (https://learn.microsoft.com/dotnet/fundamentals/code-analysis/style-rules/ide0055) [C:\UserWorx\VSWorx\ServoStudio\wpfui-servoStudio\samples\Wpf.Ui.servoStudio\servoStudio.csproj]
C:\UserWorx\VSWorx\ServoStudio\wpfui-servoStudio\samples\Wpf.Ui.servoStudio\Core\CANopen\Adapters\ZlgCanBus.cs(31,23): warning IDE0055: 淇鏍煎紡 (https://learn.microsoft.com/dotnet/fundamentals/code-analysis/style-rules/ide0055) [C:\UserWorx\VSWorx\ServoStudio\wpfui-servoStudio\samples\Wpf.Ui.servoStudio\servoStudio.csproj]
C:\UserWorx\VSWorx\ServoStudio\wpfui-servoStudio\samples\Wpf.Ui.servoStudio\Core\CANopen\Adapters\ZlgCanBus.cs(31,25): warning IDE0055: 淇鏍煎紡 (https://learn.microsoft.com/dotnet/fundamentals/code-analysis/style-rules/ide0055) [C:\UserWorx\VSWorx\ServoStudio\wpfui-servoStudio\samples\Wpf.Ui.servoStudio\servoStudio.csproj]
C:\UserWorx\VSWorx\ServoStudio\wpfui-servoStudio\samples\Wpf.Ui.servoStudio\Core\CANopen\Adapters\ZlgCanBus.cs(31,43): warning IDE0055: 淇鏍煎紡 (https://learn.microsoft.com/dotnet/fundamentals/code-analysis/style-rules/ide0055) [C:\UserWorx\VSWorx\ServoStudio\wpfui-servoStudio\samples\Wpf.Ui.servoStudio\servoStudio.csproj]
C:\UserWorx\VSWorx\ServoStudio\wpfui-servoStudio\samples\Wpf.Ui.servoStudio\Core\CANopen\Adapters\ZlgCanBus.cs(37,23): warning IDE0055: 淇鏍煎紡 (https://learn.microsoft.com/dotnet/fundamentals/code-analysis/style-rules/ide0055) [C:\UserWorx\VSWorx\ServoStudio\wpfui-servoStudio\samples\Wpf.Ui.servoStudio\servoStudio.csproj]
C:\UserWorx\VSWorx\ServoStudio\wpfui-servoStudio\samples\Wpf.Ui.servoStudio\Core\CANopen\Adapters\ZlgCanBus.cs(37,25): warning IDE0055: 淇鏍煎紡 (https://learn.microsoft.com/dotnet/fundamentals/code-analysis/style-rules/ide0055) [C:\UserWorx\VSWorx\ServoStudio\wpfui-servoStudio\samples\Wpf.Ui.servoStudio\servoStudio.csproj]
C:\UserWorx\VSWorx\ServoStudio\wpfui-servoStudio\samples\Wpf.Ui.servoStudio\Core\CANopen\Adapters\ZlgCanBus.cs(59,16): warning IDE0055: 淇鏍煎紡 (https://learn.microsoft.com/dotnet/fundamentals/code-analysis/style-rules/ide0055) [C:\UserWorx\VSWorx\ServoStudio\wpfui-servoStudio\samples\Wpf.Ui.servoStudio\servoStudio.csproj]
C:\UserWorx\VSWorx\ServoStudio\wpfui-servoStudio\samples\Wpf.Ui.servoStudio\Core\CANopen\Adapters\ZlgCanBus.cs(59,18): warning IDE0055: 淇鏍煎紡 (https://learn.microsoft.com/dotnet/fundamentals/code-analysis/style-rules/ide0055) [C:\UserWorx\VSWorx\ServoStudio\wpfui-servoStudio\samples\Wpf.Ui.servoStudio\servoStudio.csproj]
C:\UserWorx\VSWorx\ServoStudio\wpfui-servoStudio\samples\Wpf.Ui.servoStudio\Core\CANopen\Adapters\ZlgCanBus.cs(59,65): warning IDE0055: 淇鏍煎紡 (https://learn.microsoft.com/dotnet/fundamentals/code-analysis/style-rules/ide0055) [C:\UserWorx\VSWorx\ServoStudio\wpfui-servoStudio\samples\Wpf.Ui.servoStudio\servoStudio.csproj]
C:\UserWorx\VSWorx\ServoStudio\wpfui-servoStudio\samples\Wpf.Ui.servoStudio\Core\CANopen\Adapters\ZlgCanBus.cs(59,104): warning IDE0055: 淇鏍煎紡 (https://learn.microsoft.com/dotnet/fundamentals/code-analysis/style-rules/ide0055) [C:\UserWorx\VSWorx\ServoStudio\wpfui-servoStudio\samples\Wpf.Ui.servoStudio\servoStudio.csproj]
C:\UserWorx\VSWorx\ServoStudio\wpfui-servoStudio\samples\Wpf.Ui.servoStudio\Core\CANopen\Adapters\ZlgCanBus.cs(114,41): warning IDE0055: 淇鏍煎紡 (https://learn.microsoft.com/dotnet/fundamentals/code-analysis/style-rules/ide0055) [C:\UserWorx\VSWorx\ServoStudio\wpfui-servoStudio\samples\Wpf.Ui.servoStudio\servoStudio.csproj]
C:\UserWorx\VSWorx\ServoStudio\wpfui-servoStudio\samples\Wpf.Ui.servoStudio\Core\CANopen\Adapters\ZlgCanBus.cs(114,43): warning IDE0055: 淇鏍煎紡 (https://learn.microsoft.com/dotnet/fundamentals/code-analysis/style-rules/ide0055) [C:\UserWorx\VSWorx\ServoStudio\wpfui-servoStudio\samples\Wpf.Ui.servoStudio\servoStudio.csproj]
C:\UserWorx\VSWorx\ServoStudio\wpfui-servoStudio\samples\Wpf.Ui.servoStudio\Core\CANopen\Adapters\ZlgCanBus.cs(114,52): warning IDE0055: 淇鏍煎紡 (https://learn.microsoft.com/dotnet/fundamentals/code-analysis/style-rules/ide0055) [C:\UserWorx\VSWorx\ServoStudio\wpfui-servoStudio\samples\Wpf.Ui.servoStudio\servoStudio.csproj]
C:\UserWorx\VSWorx\ServoStudio\wpfui-servoStudio\samples\Wpf.Ui.servoStudio\Core\CANopen\Adapters\ZlgCanBus.cs(114,66): warning IDE0055: 淇鏍煎紡 (https://learn.microsoft.com/dotnet/fundamentals/code-analysis/style-rules/ide0055) [C:\UserWorx\VSWorx\ServoStudio\wpfui-servoStudio\samples\Wpf.Ui.servoStudio\servoStudio.csproj]
C:\UserWorx\VSWorx\ServoStudio\wpfui-servoStudio\samples\Wpf.Ui.servoStudio\Core\CANopen\Adapters\ZlgCanBus.cs(116,59): warning IDE0055: 淇鏍煎紡 (https://learn.microsoft.com/dotnet/fundamentals/code-analysis/style-rules/ide0055) [C:\UserWorx\VSWorx\ServoStudio\wpfui-servoStudio\samples\Wpf.Ui.servoStudio\servoStudio.csproj]
C:\UserWorx\VSWorx\ServoStudio\wpfui-servoStudio\samples\Wpf.Ui.servoStudio\Core\CANopen\Adapters\ZlgCanBus.cs(116,61): warning IDE0055: 淇鏍煎紡 (https://learn.microsoft.com/dotnet/fundamentals/code-analysis/style-rules/ide0055) [C:\UserWorx\VSWorx\ServoStudio\wpfui-servoStudio\samples\Wpf.Ui.servoStudio\servoStudio.csproj]
C:\UserWorx\VSWorx\ServoStudio\wpfui-servoStudio\samples\Wpf.Ui.servoStudio\Core\CANopen\Adapters\ZlgCanBus.cs(116,70): warning IDE0055: 淇鏍煎紡 (https://learn.microsoft.com/dotnet/fundamentals/code-analysis/style-rules/ide0055) [C:\UserWorx\VSWorx\ServoStudio\wpfui-servoStudio\samples\Wpf.Ui.servoStudio\servoStudio.csproj]
C:\UserWorx\VSWorx\ServoStudio\wpfui-servoStudio\samples\Wpf.Ui.servoStudio\Core\CANopen\Adapters\ZlgCanBus.cs(116,84): warning IDE0055: 淇鏍煎紡 (https://learn.microsoft.com/dotnet/fundamentals/code-analysis/style-rules/ide0055) [C:\UserWorx\VSWorx\ServoStudio\wpfui-servoStudio\samples\Wpf.Ui.servoStudio\servoStudio.csproj]
C:\UserWorx\VSWorx\ServoStudio\wpfui-servoStudio\samples\Wpf.Ui.servoStudio\Core\CANopen\Adapters\ZlgCanBus.cs(131,20): warning IDE0055: 淇鏍煎紡 (https://learn.microsoft.com/dotnet/fundamentals/code-analysis/style-rules/ide0055) [C:\UserWorx\VSWorx\ServoStudio\wpfui-servoStudio\samples\Wpf.Ui.servoStudio\servoStudio.csproj]
C:\UserWorx\VSWorx\ServoStudio\wpfui-servoStudio\samples\Wpf.Ui.servoStudio\Core\CANopen\Adapters\ZlgCanBus.cs(131,22): warning IDE0055: 淇鏍煎紡 (https://learn.microsoft.com/dotnet/fundamentals/code-analysis/style-rules/ide0055) [C:\UserWorx\VSWorx\ServoStudio\wpfui-servoStudio\samples\Wpf.Ui.servoStudio\servoStudio.csproj]
C:\UserWorx\VSWorx\ServoStudio\wpfui-servoStudio\samples\Wpf.Ui.servoStudio\Core\CANopen\Adapters\ZlgCanBus.cs(131,66): warning IDE0055: 淇鏍煎紡 (https://learn.microsoft.com/dotnet/fundamentals/code-analysis/style-rules/ide0055) [C:\UserWorx\VSWorx\ServoStudio\wpfui-servoStudio\samples\Wpf.Ui.servoStudio\servoStudio.csproj]
C:\UserWorx\VSWorx\ServoStudio\wpfui-servoStudio\samples\Wpf.Ui.servoStudio\Core\CANopen\Adapters\ZlgCanBus.cs(131,68): warning IDE0055: 淇鏍煎紡 (https://learn.microsoft.com/dotnet/fundamentals/code-analysis/style-rules/ide0055) [C:\UserWorx\VSWorx\ServoStudio\wpfui-servoStudio\samples\Wpf.Ui.servoStudio\servoStudio.csproj]
C:\UserWorx\VSWorx\ServoStudio\wpfui-servoStudio\samples\Wpf.Ui.servoStudio\Core\CANopen\Adapters\ZlgCanBus.cs(172,27): warning IDE0055: 淇鏍煎紡 (https://learn.microsoft.com/dotnet/fundamentals/code-analysis/style-rules/ide0055) [C:\UserWorx\VSWorx\ServoStudio\wpfui-servoStudio\samples\Wpf.Ui.servoStudio\servoStudio.csproj]
C:\UserWorx\VSWorx\ServoStudio\wpfui-servoStudio\samples\Wpf.Ui.servoStudio\Core\CANopen\Adapters\ZlgCanBus.cs(172,39): warning IDE0055: 淇鏍煎紡 (https://learn.microsoft.com/dotnet/fundamentals/code-analysis/style-rules/ide0055) [C:\UserWorx\VSWorx\ServoStudio\wpfui-servoStudio\samples\Wpf.Ui.servoStudio\servoStudio.csproj]
C:\UserWorx\VSWorx\ServoStudio\wpfui-servoStudio\samples\Wpf.Ui.servoStudio\Core\CANopen\Adapters\ZlgCanBus.cs(249,30): warning IDE0055: 淇鏍煎紡 (https://learn.microsoft.com/dotnet/fundamentals/code-analysis/style-rules/ide0055) [C:\UserWorx\VSWorx\ServoStudio\wpfui-servoStudio\samples\Wpf.Ui.servoStudio\servoStudio.csproj]
C:\UserWorx\VSWorx\ServoStudio\wpfui-servoStudio\samples\Wpf.Ui.servoStudio\Core\CANopen\Adapters\ZlgCanBus.cs(250,30): warning IDE0055: 淇鏍煎紡 (https://learn.microsoft.com/dotnet/fundamentals/code-analysis/style-rules/ide0055) [C:\UserWorx\VSWorx\ServoStudio\wpfui-servoStudio\samples\Wpf.Ui.servoStudio\servoStudio.csproj]
C:\UserWorx\VSWorx\ServoStudio\wpfui-servoStudio\samples\Wpf.Ui.servoStudio\Core\CANopen\Adapters\ZlgCanBus.cs(251,30): warning IDE0055: 淇鏍煎紡 (https://learn.microsoft.com/dotnet/fundamentals/code-analysis/style-rules/ide0055) [C:\UserWorx\VSWorx\ServoStudio\wpfui-servoStudio\samples\Wpf.Ui.servoStudio\servoStudio.csproj]
C:\UserWorx\VSWorx\ServoStudio\wpfui-servoStudio\samples\Wpf.Ui.servoStudio\Core\CANopen\Adapters\ZlgCanBus.cs(252,31): warning IDE0055: 淇鏍煎紡 (https://learn.microsoft.com/dotnet/fundamentals/code-analysis/style-rules/ide0055) [C:\UserWorx\VSWorx\ServoStudio\wpfui-servoStudio\samples\Wpf.Ui.servoStudio\servoStudio.csproj]
C:\UserWorx\VSWorx\ServoStudio\wpfui-servoStudio\samples\Wpf.Ui.servoStudio\Core\CANopen\Adapters\ZlgCanBus.cs(253,31): warning IDE0055: 淇鏍煎紡 (https://learn.microsoft.com/dotnet/fundamentals/code-analysis/style-rules/ide0055) [C:\UserWorx\VSWorx\ServoStudio\wpfui-servoStudio\samples\Wpf.Ui.servoStudio\servoStudio.csproj]
C:\UserWorx\VSWorx\ServoStudio\wpfui-servoStudio\samples\Wpf.Ui.servoStudio\Core\CANopen\Adapters\ZlgCanBus.cs(254,31): warning IDE0055: 淇鏍煎紡 (https://learn.microsoft.com/dotnet/fundamentals/code-analysis/style-rules/ide0055) [C:\UserWorx\VSWorx\ServoStudio\wpfui-servoStudio\samples\Wpf.Ui.servoStudio\servoStudio.csproj]
C:\UserWorx\VSWorx\ServoStudio\wpfui-servoStudio\samples\Wpf.Ui.servoStudio\Core\CANopen\Adapters\ZlgCanBus.cs(255,31): warning IDE0055: 淇鏍煎紡 (https://learn.microsoft.com/dotnet/fundamentals/code-analysis/style-rules/ide0055) [C:\UserWorx\VSWorx\ServoStudio\wpfui-servoStudio\samples\Wpf.Ui.servoStudio\servoStudio.csproj]
C:\UserWorx\VSWorx\ServoStudio\wpfui-servoStudio\samples\Wpf.Ui.servoStudio\Core\CANopen\Adapters\ZlgCanBus.cs(256,31): warning IDE0055: 淇鏍煎紡 (https://learn.microsoft.com/dotnet/fundamentals/code-analysis/style-rules/ide0055) [C:\UserWorx\VSWorx\ServoStudio\wpfui-servoStudio\samples\Wpf.Ui.servoStudio\servoStudio.csproj]
C:\UserWorx\VSWorx\ServoStudio\wpfui-servoStudio\samples\Wpf.Ui.servoStudio\Core\CANopen\Adapters\ZlgCanBus.cs(283,20): warning IDE0055: 淇鏍煎紡 (https://learn.microsoft.com/dotnet/fundamentals/code-analysis/style-rules/ide0055) [C:\UserWorx\VSWorx\ServoStudio\wpfui-servoStudio\samples\Wpf.Ui.servoStudio\servoStudio.csproj]
C:\UserWorx\VSWorx\ServoStudio\wpfui-servoStudio\samples\Wpf.Ui.servoStudio\Core\CANopen\Adapters\ZlgCanBus.cs(283,22): warning IDE0055: 淇鏍煎紡 (https://learn.microsoft.com/dotnet/fundamentals/code-analysis/style-rules/ide0055) [C:\UserWorx\VSWorx\ServoStudio\wpfui-servoStudio\samples\Wpf.Ui.servoStudio\servoStudio.csproj]
C:\UserWorx\VSWorx\ServoStudio\wpfui-servoStudio\samples\Wpf.Ui.servoStudio\Core\CANopen\Adapters\ZlgCanBus.cs(283,61): warning IDE0055: 淇鏍煎紡 (https://learn.microsoft.com/dotnet/fundamentals/code-analysis/style-rules/ide0055) [C:\UserWorx\VSWorx\ServoStudio\wpfui-servoStudio\samples\Wpf.Ui.servoStudio\servoStudio.csproj]
C:\UserWorx\VSWorx\ServoStudio\wpfui-servoStudio\samples\Wpf.Ui.servoStudio\Core\CANopen\Adapters\ZlgCanBus.cs(283,63): warning IDE0055: 淇鏍煎紡 (https://learn.microsoft.com/dotnet/fundamentals/code-analysis/style-rules/ide0055) [C:\UserWorx\VSWorx\ServoStudio\wpfui-servoStudio\samples\Wpf.Ui.servoStudio\servoStudio.csproj]
C:\UserWorx\VSWorx\ServoStudio\wpfui-servoStudio\samples\Wpf.Ui.servoStudio\Core\CANopen\Adapters\ZlgCanBus.cs(311,13): warning IDE0055: 淇鏍煎紡 (https://learn.microsoft.com/dotnet/fundamentals/code-analysis/style-rules/ide0055) [C:\UserWorx\VSWorx\ServoStudio\wpfui-servoStudio\samples\Wpf.Ui.servoStudio\servoStudio.csproj]
C:\UserWorx\VSWorx\ServoStudio\wpfui-servoStudio\samples\Wpf.Ui.servoStudio\Core\CANopen\Adapters\ZlgCanBus.cs(312,13): warning IDE0055: 淇鏍煎紡 (https://learn.microsoft.com/dotnet/fundamentals/code-analysis/style-rules/ide0055) [C:\UserWorx\VSWorx\ServoStudio\wpfui-servoStudio\samples\Wpf.Ui.servoStudio\servoStudio.csproj]
C:\UserWorx\VSWorx\ServoStudio\wpfui-servoStudio\samples\Wpf.Ui.servoStudio\Core\CANopen\Adapters\ZlgCanBus.cs(313,17): warning IDE0055: 淇鏍煎紡 (https://learn.microsoft.com/dotnet/fundamentals/code-analysis/style-rules/ide0055) [C:\UserWorx\VSWorx\ServoStudio\wpfui-servoStudio\samples\Wpf.Ui.servoStudio\servoStudio.csproj]
C:\UserWorx\VSWorx\ServoStudio\wpfui-servoStudio\samples\Wpf.Ui.servoStudio\Core\CANopen\Adapters\ZlgCanBus.cs(314,13): warning IDE0055: 淇鏍煎紡 (https://learn.microsoft.com/dotnet/fundamentals/code-analysis/style-rules/ide0055) [C:\UserWorx\VSWorx\ServoStudio\wpfui-servoStudio\samples\Wpf.Ui.servoStudio\servoStudio.csproj]
C:\UserWorx\VSWorx\ServoStudio\wpfui-servoStudio\samples\Wpf.Ui.servoStudio\Core\CANopen\Adapters\ZlgCanBus.cs(315,13): warning IDE0055: 淇鏍煎紡 (https://learn.microsoft.com/dotnet/fundamentals/code-analysis/style-rules/ide0055) [C:\UserWorx\VSWorx\ServoStudio\wpfui-servoStudio\samples\Wpf.Ui.servoStudio\servoStudio.csproj]
C:\UserWorx\VSWorx\ServoStudio\wpfui-servoStudio\samples\Wpf.Ui.servoStudio\Core\CANopen\Adapters\ZlgCanBus.cs(316,13): warning IDE0055: 淇鏍煎紡 (https://learn.microsoft.com/dotnet/fundamentals/code-analysis/style-rules/ide0055) [C:\UserWorx\VSWorx\ServoStudio\wpfui-servoStudio\samples\Wpf.Ui.servoStudio\servoStudio.csproj]
C:\UserWorx\VSWorx\ServoStudio\wpfui-servoStudio\samples\Wpf.Ui.servoStudio\Core\CANopen\Adapters\ZlgCanBus.cs(364,20): warning IDE0055: 淇鏍煎紡 (https://learn.microsoft.com/dotnet/fundamentals/code-analysis/style-rules/ide0055) [C:\UserWorx\VSWorx\ServoStudio\wpfui-servoStudio\samples\Wpf.Ui.servoStudio\servoStudio.csproj]
C:\UserWorx\VSWorx\ServoStudio\wpfui-servoStudio\samples\Wpf.Ui.servoStudio\Core\CANopen\Adapters\ZlgCanBus.cs(364,22): warning IDE0055: 淇鏍煎紡 (https://learn.microsoft.com/dotnet/fundamentals/code-analysis/style-rules/ide0055) [C:\UserWorx\VSWorx\ServoStudio\wpfui-servoStudio\samples\Wpf.Ui.servoStudio\servoStudio.csproj]
C:\UserWorx\VSWorx\ServoStudio\wpfui-servoStudio\samples\Wpf.Ui.servoStudio\Core\CANopen\Adapters\ZlgCanBus.cs(364,66): warning IDE0055: 淇鏍煎紡 (https://learn.microsoft.com/dotnet/fundamentals/code-analysis/style-rules/ide0055) [C:\UserWorx\VSWorx\ServoStudio\wpfui-servoStudio\samples\Wpf.Ui.servoStudio\servoStudio.csproj]
C:\UserWorx\VSWorx\ServoStudio\wpfui-servoStudio\samples\Wpf.Ui.servoStudio\Core\CANopen\Adapters\ZlgCanBus.cs(364,68): warning IDE0055: 淇鏍煎紡 (https://learn.microsoft.com/dotnet/fundamentals/code-analysis/style-rules/ide0055) [C:\UserWorx\VSWorx\ServoStudio\wpfui-servoStudio\samples\Wpf.Ui.servoStudio\servoStudio.csproj]
C:\UserWorx\VSWorx\ServoStudio\wpfui-servoStudio\samples\Wpf.Ui.servoStudio\Core\CANopen\Adapters\ZlgCanBus.cs(461,39): warning IDE0055: 淇鏍煎紡 (https://learn.microsoft.com/dotnet/fundamentals/code-analysis/style-rules/ide0055) [C:\UserWorx\VSWorx\ServoStudio\wpfui-servoStudio\samples\Wpf.Ui.servoStudio\servoStudio.csproj]
C:\UserWorx\VSWorx\ServoStudio\wpfui-servoStudio\samples\Wpf.Ui.servoStudio\Core\CANopen\Adapters\ZlgCanBus.cs(462,40): warning IDE0055: 淇鏍煎紡 (https://learn.microsoft.com/dotnet/fundamentals/code-analysis/style-rules/ide0055) [C:\UserWorx\VSWorx\ServoStudio\wpfui-servoStudio\samples\Wpf.Ui.servoStudio\servoStudio.csproj]
C:\UserWorx\VSWorx\ServoStudio\wpfui-servoStudio\samples\Wpf.Ui.servoStudio\Core\CANopen\Adapters\ZlgCanBus.cs(463,40): warning IDE0055: 淇鏍煎紡 (https://learn.microsoft.com/dotnet/fundamentals/code-analysis/style-rules/ide0055) [C:\UserWorx\VSWorx\ServoStudio\wpfui-servoStudio\samples\Wpf.Ui.servoStudio\servoStudio.csproj]
C:\UserWorx\VSWorx\ServoStudio\wpfui-servoStudio\samples\Wpf.Ui.servoStudio\Core\CANopen\Adapters\ZlgCanBus.cs(464,40): warning IDE0055: 淇鏍煎紡 (https://learn.microsoft.com/dotnet/fundamentals/code-analysis/style-rules/ide0055) [C:\UserWorx\VSWorx\ServoStudio\wpfui-servoStudio\samples\Wpf.Ui.servoStudio\servoStudio.csproj]
C:\UserWorx\VSWorx\ServoStudio\wpfui-servoStudio\samples\Wpf.Ui.servoStudio\Core\CANopen\Adapters\ZlgCanBus.cs(465,42): warning IDE0055: 淇鏍煎紡 (https://learn.microsoft.com/dotnet/fundamentals/code-analysis/style-rules/ide0055) [C:\UserWorx\VSWorx\ServoStudio\wpfui-servoStudio\samples\Wpf.Ui.servoStudio\servoStudio.csproj]
C:\UserWorx\VSWorx\ServoStudio\wpfui-servoStudio\samples\Wpf.Ui.servoStudio\Core\CANopen\Adapters\ZlgCanBus.cs(466,42): warning IDE0055: 淇鏍煎紡 (https://learn.microsoft.com/dotnet/fundamentals/code-analysis/style-rules/ide0055) [C:\UserWorx\VSWorx\ServoStudio\wpfui-servoStudio\samples\Wpf.Ui.servoStudio\servoStudio.csproj]
C:\UserWorx\VSWorx\ServoStudio\wpfui-servoStudio\samples\Wpf.Ui.servoStudio\Core\CANopen\Adapters\ZlgCanBus.cs(467,42): warning IDE0055: 淇鏍煎紡 (https://learn.microsoft.com/dotnet/fundamentals/code-analysis/style-rules/ide0055) [C:\UserWorx\VSWorx\ServoStudio\wpfui-servoStudio\samples\Wpf.Ui.servoStudio\servoStudio.csproj]
C:\UserWorx\VSWorx\ServoStudio\wpfui-servoStudio\samples\Wpf.Ui.servoStudio\Core\CANopen\Adapters\ZlgCanBus.cs(468,42): warning IDE0055: 淇鏍煎紡 (https://learn.microsoft.com/dotnet/fundamentals/code-analysis/style-rules/ide0055) [C:\UserWorx\VSWorx\ServoStudio\wpfui-servoStudio\samples\Wpf.Ui.servoStudio\servoStudio.csproj]
C:\UserWorx\VSWorx\ServoStudio\wpfui-servoStudio\samples\Wpf.Ui.servoStudio\Core\CANopen\Adapters\ZlgCanBus.cs(284,13): warning IDE2003: 鍧椾笌鍚庣画璇彞涔嬮棿闇€瑕佹湁绌虹櫧琛?(https://learn.microsoft.com/dotnet/fundamentals/code-analysis/style-rules/ide2003) [C:\UserWorx\VSWorx\ServoStudio\wpfui-servoStudio\samples\Wpf.Ui.servoStudio\servoStudio.csproj]
C:\UserWorx\VSWorx\ServoStudio\wpfui-servoStudio\samples\Wpf.Ui.servoStudio\Core\CANopen\Adapters\ZlgCanBus.cs(384,17): warning IDE2003: 鍧椾笌鍚庣画璇彞涔嬮棿闇€瑕佹湁绌虹櫧琛?(https://learn.microsoft.com/dotnet/fundamentals/code-analysis/style-rules/ide2003) [C:\UserWorx\VSWorx\ServoStudio\wpfui-servoStudio\samples\Wpf.Ui.servoStudio\servoStudio.csproj]
C:\UserWorx\VSWorx\ServoStudio\wpfui-servoStudio\samples\Wpf.Ui.servoStudio\Core\CANopen\Adapters\ZlgKernelDllScanner.cs(73,12): warning IDE0055: 淇鏍煎紡 (https://learn.microsoft.com/dotnet/fundamentals/code-analysis/style-rules/ide0055) [C:\UserWorx\VSWorx\ServoStudio\wpfui-servoStudio\samples\Wpf.Ui.servoStudio\servoStudio.csproj]
C:\UserWorx\VSWorx\ServoStudio\wpfui-servoStudio\samples\Wpf.Ui.servoStudio\Core\CANopen\Adapters\ZlgKernelDllScanner.cs(73,14): warning IDE0055: 淇鏍煎紡 (https://learn.microsoft.com/dotnet/fundamentals/code-analysis/style-rules/ide0055) [C:\UserWorx\VSWorx\ServoStudio\wpfui-servoStudio\samples\Wpf.Ui.servoStudio\servoStudio.csproj]
C:\UserWorx\VSWorx\ServoStudio\wpfui-servoStudio\samples\Wpf.Ui.servoStudio\Core\CANopen\Adapters\ZlgKernelDllScanner.cs(73,50): warning IDE0055: 淇鏍煎紡 (https://learn.microsoft.com/dotnet/fundamentals/code-analysis/style-rules/ide0055) [C:\UserWorx\VSWorx\ServoStudio\wpfui-servoStudio\samples\Wpf.Ui.servoStudio\servoStudio.csproj]
C:\UserWorx\VSWorx\ServoStudio\wpfui-servoStudio\samples\Wpf.Ui.servoStudio\Core\CANopen\Adapters\ZlgKernelDllScanner.cs(73,52): warning IDE0055: 淇鏍煎紡 (https://learn.microsoft.com/dotnet/fundamentals/code-analysis/style-rules/ide0055) [C:\UserWorx\VSWorx\ServoStudio\wpfui-servoStudio\samples\Wpf.Ui.servoStudio\servoStudio.csproj]
C:\UserWorx\VSWorx\ServoStudio\wpfui-servoStudio\samples\Wpf.Ui.servoStudio\Core\CANopen\Adapters\ZlgKernelDllScanner.cs(86,16): warning IDE0055: 淇鏍煎紡 (https://learn.microsoft.com/dotnet/fundamentals/code-analysis/style-rules/ide0055) [C:\UserWorx\VSWorx\ServoStudio\wpfui-servoStudio\samples\Wpf.Ui.servoStudio\servoStudio.csproj]
C:\UserWorx\VSWorx\ServoStudio\wpfui-servoStudio\samples\Wpf.Ui.servoStudio\Core\CANopen\Adapters\ZlgKernelDllScanner.cs(86,18): warning IDE0055: 淇鏍煎紡 (https://learn.microsoft.com/dotnet/fundamentals/code-analysis/style-rules/ide0055) [C:\UserWorx\VSWorx\ServoStudio\wpfui-servoStudio\samples\Wpf.Ui.servoStudio\servoStudio.csproj]
C:\UserWorx\VSWorx\ServoStudio\wpfui-servoStudio\samples\Wpf.Ui.servoStudio\Core\CANopen\Adapters\ZlgKernelDllScanner.cs(86,53): warning IDE0055: 淇鏍煎紡 (https://learn.microsoft.com/dotnet/fundamentals/code-analysis/style-rules/ide0055) [C:\UserWorx\VSWorx\ServoStudio\wpfui-servoStudio\samples\Wpf.Ui.servoStudio\servoStudio.csproj]
C:\UserWorx\VSWorx\ServoStudio\wpfui-servoStudio\samples\Wpf.Ui.servoStudio\Core\CANopen\Adapters\ZlgKernelDllScanner.cs(86,55): warning IDE0055: 淇鏍煎紡 (https://learn.microsoft.com/dotnet/fundamentals/code-analysis/style-rules/ide0055) [C:\UserWorx\VSWorx\ServoStudio\wpfui-servoStudio\samples\Wpf.Ui.servoStudio\servoStudio.csproj]
C:\UserWorx\VSWorx\ServoStudio\wpfui-servoStudio\samples\Wpf.Ui.servoStudio\Core\CANopen\Adapters\ZlgKernelDllScanner.cs(123,20): warning IDE0055: 淇鏍煎紡 (https://learn.microsoft.com/dotnet/fundamentals/code-analysis/style-rules/ide0055) [C:\UserWorx\VSWorx\ServoStudio\wpfui-servoStudio\samples\Wpf.Ui.servoStudio\servoStudio.csproj]
C:\UserWorx\VSWorx\ServoStudio\wpfui-servoStudio\samples\Wpf.Ui.servoStudio\Core\CANopen\Adapters\ZlgKernelDllScanner.cs(123,22): warning IDE0055: 淇鏍煎紡 (https://learn.microsoft.com/dotnet/fundamentals/code-analysis/style-rules/ide0055) [C:\UserWorx\VSWorx\ServoStudio\wpfui-servoStudio\samples\Wpf.Ui.servoStudio\servoStudio.csproj]
C:\UserWorx\VSWorx\ServoStudio\wpfui-servoStudio\samples\Wpf.Ui.servoStudio\Core\CANopen\Adapters\ZlgKernelDllScanner.cs(123,67): warning IDE0055: 淇鏍煎紡 (https://learn.microsoft.com/dotnet/fundamentals/code-analysis/style-rules/ide0055) [C:\UserWorx\VSWorx\ServoStudio\wpfui-servoStudio\samples\Wpf.Ui.servoStudio\servoStudio.csproj]
C:\UserWorx\VSWorx\ServoStudio\wpfui-servoStudio\samples\Wpf.Ui.servoStudio\Core\CANopen\Adapters\ZlgKernelDllScanner.cs(123,74): warning IDE0055: 淇鏍煎紡 (https://learn.microsoft.com/dotnet/fundamentals/code-analysis/style-rules/ide0055) [C:\UserWorx\VSWorx\ServoStudio\wpfui-servoStudio\samples\Wpf.Ui.servoStudio\servoStudio.csproj]
C:\UserWorx\VSWorx\ServoStudio\wpfui-servoStudio\samples\Wpf.Ui.servoStudio\Core\CANopen\Adapters\ZlgKernelDllScanner.cs(132,12): warning IDE0055: 淇鏍煎紡 (https://learn.microsoft.com/dotnet/fundamentals/code-analysis/style-rules/ide0055) [C:\UserWorx\VSWorx\ServoStudio\wpfui-servoStudio\samples\Wpf.Ui.servoStudio\servoStudio.csproj]
C:\UserWorx\VSWorx\ServoStudio\wpfui-servoStudio\samples\Wpf.Ui.servoStudio\Core\CANopen\Adapters\ZlgKernelDllScanner.cs(132,14): warning IDE0055: 淇鏍煎紡 (https://learn.microsoft.com/dotnet/fundamentals/code-analysis/style-rules/ide0055) [C:\UserWorx\VSWorx\ServoStudio\wpfui-servoStudio\samples\Wpf.Ui.servoStudio\servoStudio.csproj]
C:\UserWorx\VSWorx\ServoStudio\wpfui-servoStudio\samples\Wpf.Ui.servoStudio\Core\CANopen\Adapters\ZlgKernelDllScanner.cs(212,16): warning IDE0055: 淇鏍煎紡 (https://learn.microsoft.com/dotnet/fundamentals/code-analysis/style-rules/ide0055) [C:\UserWorx\VSWorx\ServoStudio\wpfui-servoStudio\samples\Wpf.Ui.servoStudio\servoStudio.csproj]
C:\UserWorx\VSWorx\ServoStudio\wpfui-servoStudio\samples\Wpf.Ui.servoStudio\Core\CANopen\Adapters\ZlgKernelDllScanner.cs(212,18): warning IDE0055: 淇鏍煎紡 (https://learn.microsoft.com/dotnet/fundamentals/code-analysis/style-rules/ide0055) [C:\UserWorx\VSWorx\ServoStudio\wpfui-servoStudio\samples\Wpf.Ui.servoStudio\servoStudio.csproj]
C:\UserWorx\VSWorx\ServoStudio\wpfui-servoStudio\samples\Wpf.Ui.servoStudio\Core\CANopen\Adapters\ZlgKernelDllScanner.cs(212,54): warning IDE0055: 淇鏍煎紡 (https://learn.microsoft.com/dotnet/fundamentals/code-analysis/style-rules/ide0055) [C:\UserWorx\VSWorx\ServoStudio\wpfui-servoStudio\samples\Wpf.Ui.servoStudio\servoStudio.csproj]
C:\UserWorx\VSWorx\ServoStudio\wpfui-servoStudio\samples\Wpf.Ui.servoStudio\Core\CANopen\Adapters\ZlgKernelDllScanner.cs(212,56): warning IDE0055: 淇鏍煎紡 (https://learn.microsoft.com/dotnet/fundamentals/code-analysis/style-rules/ide0055) [C:\UserWorx\VSWorx\ServoStudio\wpfui-servoStudio\samples\Wpf.Ui.servoStudio\servoStudio.csproj]
C:\UserWorx\VSWorx\ServoStudio\wpfui-servoStudio\samples\Wpf.Ui.servoStudio\Core\CANopen\Adapters\ZlgKernelDllScanner.cs(240,12): warning IDE0055: 淇鏍煎紡 (https://learn.microsoft.com/dotnet/fundamentals/code-analysis/style-rules/ide0055) [C:\UserWorx\VSWorx\ServoStudio\wpfui-servoStudio\samples\Wpf.Ui.servoStudio\servoStudio.csproj]
C:\UserWorx\VSWorx\ServoStudio\wpfui-servoStudio\samples\Wpf.Ui.servoStudio\Core\CANopen\Adapters\ZlgKernelDllScanner.cs(240,14): warning IDE0055: 淇鏍煎紡 (https://learn.microsoft.com/dotnet/fundamentals/code-analysis/style-rules/ide0055) [C:\UserWorx\VSWorx\ServoStudio\wpfui-servoStudio\samples\Wpf.Ui.servoStudio\servoStudio.csproj]
C:\UserWorx\VSWorx\ServoStudio\wpfui-servoStudio\samples\Wpf.Ui.servoStudio\Core\CANopen\Adapters\ZlgKernelDllScanner.cs(240,50): warning IDE0055: 淇鏍煎紡 (https://learn.microsoft.com/dotnet/fundamentals/code-analysis/style-rules/ide0055) [C:\UserWorx\VSWorx\ServoStudio\wpfui-servoStudio\samples\Wpf.Ui.servoStudio\servoStudio.csproj]
C:\UserWorx\VSWorx\ServoStudio\wpfui-servoStudio\samples\Wpf.Ui.servoStudio\Core\CANopen\Adapters\ZlgKernelDllScanner.cs(240,52): warning IDE0055: 淇鏍煎紡 (https://learn.microsoft.com/dotnet/fundamentals/code-analysis/style-rules/ide0055) [C:\UserWorx\VSWorx\ServoStudio\wpfui-servoStudio\samples\Wpf.Ui.servoStudio\servoStudio.csproj]
C:\UserWorx\VSWorx\ServoStudio\wpfui-servoStudio\samples\Wpf.Ui.servoStudio\Core\CANopen\Adapters\ZlgKernelDllScanner.cs(443,57): warning IDE0055: 淇鏍煎紡 (https://learn.microsoft.com/dotnet/fundamentals/code-analysis/style-rules/ide0055) [C:\UserWorx\VSWorx\ServoStudio\wpfui-servoStudio\samples\Wpf.Ui.servoStudio\servoStudio.csproj]
C:\UserWorx\VSWorx\ServoStudio\wpfui-servoStudio\samples\Wpf.Ui.servoStudio\Core\CANopen\Adapters\ZlgKernelDllScanner.cs(443,59): warning IDE0055: 淇鏍煎紡 (https://learn.microsoft.com/dotnet/fundamentals/code-analysis/style-rules/ide0055) [C:\UserWorx\VSWorx\ServoStudio\wpfui-servoStudio\samples\Wpf.Ui.servoStudio\servoStudio.csproj]
C:\UserWorx\VSWorx\ServoStudio\wpfui-servoStudio\samples\Wpf.Ui.servoStudio\Core\CANopen\Adapters\ZlgKernelDllScanner.cs(443,74): warning IDE0055: 淇鏍煎紡 (https://learn.microsoft.com/dotnet/fundamentals/code-analysis/style-rules/ide0055) [C:\UserWorx\VSWorx\ServoStudio\wpfui-servoStudio\samples\Wpf.Ui.servoStudio\servoStudio.csproj]
C:\UserWorx\VSWorx\ServoStudio\wpfui-servoStudio\samples\Wpf.Ui.servoStudio\Core\CANopen\Adapters\ZlgKernelDllScanner.cs(443,81): warning IDE0055: 淇鏍煎紡 (https://learn.microsoft.com/dotnet/fundamentals/code-analysis/style-rules/ide0055) [C:\UserWorx\VSWorx\ServoStudio\wpfui-servoStudio\samples\Wpf.Ui.servoStudio\servoStudio.csproj]
C:\UserWorx\VSWorx\ServoStudio\wpfui-servoStudio\samples\Wpf.Ui.servoStudio\Core\CANopen\Adapters\ZlgKernelDllScanner.cs(454,12): warning IDE0055: 淇鏍煎紡 (https://learn.microsoft.com/dotnet/fundamentals/code-analysis/style-rules/ide0055) [C:\UserWorx\VSWorx\ServoStudio\wpfui-servoStudio\samples\Wpf.Ui.servoStudio\servoStudio.csproj]
C:\UserWorx\VSWorx\ServoStudio\wpfui-servoStudio\samples\Wpf.Ui.servoStudio\Core\CANopen\Adapters\ZlgKernelDllScanner.cs(454,14): warning IDE0055: 淇鏍煎紡 (https://learn.microsoft.com/dotnet/fundamentals/code-analysis/style-rules/ide0055) [C:\UserWorx\VSWorx\ServoStudio\wpfui-servoStudio\samples\Wpf.Ui.servoStudio\servoStudio.csproj]
C:\UserWorx\VSWorx\ServoStudio\wpfui-servoStudio\samples\Wpf.Ui.servoStudio\Core\CANopen\Adapters\ZlgKernelDllScanner.cs(454,40): warning IDE0055: 淇鏍煎紡 (https://learn.microsoft.com/dotnet/fundamentals/code-analysis/style-rules/ide0055) [C:\UserWorx\VSWorx\ServoStudio\wpfui-servoStudio\samples\Wpf.Ui.servoStudio\servoStudio.csproj]
C:\UserWorx\VSWorx\ServoStudio\wpfui-servoStudio\samples\Wpf.Ui.servoStudio\Core\CANopen\Adapters\ZlgKernelDllScanner.cs(454,42): warning IDE0055: 淇鏍煎紡 (https://learn.microsoft.com/dotnet/fundamentals/code-analysis/style-rules/ide0055) [C:\UserWorx\VSWorx\ServoStudio\wpfui-servoStudio\samples\Wpf.Ui.servoStudio\servoStudio.csproj]
C:\UserWorx\VSWorx\ServoStudio\wpfui-servoStudio\samples\Wpf.Ui.servoStudio\Core\CANopen\Adapters\ZlgKernelDllScanner.cs(473,12): warning IDE0055: 淇鏍煎紡 (https://learn.microsoft.com/dotnet/fundamentals/code-analysis/style-rules/ide0055) [C:\UserWorx\VSWorx\ServoStudio\wpfui-servoStudio\samples\Wpf.Ui.servoStudio\servoStudio.csproj]
C:\UserWorx\VSWorx\ServoStudio\wpfui-servoStudio\samples\Wpf.Ui.servoStudio\Core\CANopen\Adapters\ZlgKernelDllScanner.cs(473,14): warning IDE0055: 淇鏍煎紡 (https://learn.microsoft.com/dotnet/fundamentals/code-analysis/style-rules/ide0055) [C:\UserWorx\VSWorx\ServoStudio\wpfui-servoStudio\samples\Wpf.Ui.servoStudio\servoStudio.csproj]
C:\UserWorx\VSWorx\ServoStudio\wpfui-servoStudio\samples\Wpf.Ui.servoStudio\Core\CANopen\Adapters\ZlgKernelDllScanner.cs(473,53): warning IDE0055: 淇鏍煎紡 (https://learn.microsoft.com/dotnet/fundamentals/code-analysis/style-rules/ide0055) [C:\UserWorx\VSWorx\ServoStudio\wpfui-servoStudio\samples\Wpf.Ui.servoStudio\servoStudio.csproj]
C:\UserWorx\VSWorx\ServoStudio\wpfui-servoStudio\samples\Wpf.Ui.servoStudio\Core\CANopen\Adapters\ZlgKernelDllScanner.cs(212,65): warning IDE2003: 鍧椾笌鍚庣画璇彞涔嬮棿闇€瑕佹湁绌虹櫧琛?(https://learn.microsoft.com/dotnet/fundamentals/code-analysis/style-rules/ide2003) [C:\UserWorx\VSWorx\ServoStudio\wpfui-servoStudio\samples\Wpf.Ui.servoStudio\servoStudio.csproj]
C:\UserWorx\VSWorx\ServoStudio\wpfui-servoStudio\samples\Wpf.Ui.servoStudio\Core\CANopen\Adapters\ZlgKernelDllScanner.cs(240,61): warning IDE2003: 鍧椾笌鍚庣画璇彞涔嬮棿闇€瑕佹湁绌虹櫧琛?(https://learn.microsoft.com/dotnet/fundamentals/code-analysis/style-rules/ide2003) [C:\UserWorx\VSWorx\ServoStudio\wpfui-servoStudio\samples\Wpf.Ui.servoStudio\servoStudio.csproj]
C:\UserWorx\VSWorx\ServoStudio\wpfui-servoStudio\samples\Wpf.Ui.servoStudio\Core\CANopen\Adapters\ZlgKernelDllScanner.cs(282,9): warning IDE2003: 鍧椾笌鍚庣画璇彞涔嬮棿闇€瑕佹湁绌虹櫧琛?(https://learn.microsoft.com/dotnet/fundamentals/code-analysis/style-rules/ide2003) [C:\UserWorx\VSWorx\ServoStudio\wpfui-servoStudio\samples\Wpf.Ui.servoStudio\servoStudio.csproj]
C:\UserWorx\VSWorx\ServoStudio\wpfui-servoStudio\samples\Wpf.Ui.servoStudio\Core\CANopen\Adapters\ZlgKernelDllScanner.cs(386,17): warning IDE2003: 鍧椾笌鍚庣画璇彞涔嬮棿闇€瑕佹湁绌虹櫧琛?(https://learn.microsoft.com/dotnet/fundamentals/code-analysis/style-rules/ide2003) [C:\UserWorx\VSWorx\ServoStudio\wpfui-servoStudio\samples\Wpf.Ui.servoStudio\servoStudio.csproj]
C:\UserWorx\VSWorx\ServoStudio\wpfui-servoStudio\samples\Wpf.Ui.servoStudio\Core\CANopen\Adapters\ZlgKernelDllScanner.cs(425,13): warning IDE2003: 鍧椾笌鍚庣画璇彞涔嬮棿闇€瑕佹湁绌虹櫧琛?(https://learn.microsoft.com/dotnet/fundamentals/code-analysis/style-rules/ide2003) [C:\UserWorx\VSWorx\ServoStudio\wpfui-servoStudio\samples\Wpf.Ui.servoStudio\servoStudio.csproj]
C:\UserWorx\VSWorx\ServoStudio\wpfui-servoStudio\samples\Wpf.Ui.servoStudio\Core\CANopen\CanFrame.cs(17,21): warning IDE0055: 淇鏍煎紡 (https://learn.microsoft.com/dotnet/fundamentals/code-analysis/style-rules/ide0055) [C:\UserWorx\VSWorx\ServoStudio\wpfui-servoStudio\samples\Wpf.Ui.servoStudio\servoStudio.csproj]
C:\UserWorx\VSWorx\ServoStudio\wpfui-servoStudio\samples\Wpf.Ui.servoStudio\Core\CANopen\CanFrame.cs(17,23): warning IDE0055: 淇鏍煎紡 (https://learn.microsoft.com/dotnet/fundamentals/code-analysis/style-rules/ide0055) [C:\UserWorx\VSWorx\ServoStudio\wpfui-servoStudio\samples\Wpf.Ui.servoStudio\servoStudio.csproj]
C:\UserWorx\VSWorx\ServoStudio\wpfui-servoStudio\samples\Wpf.Ui.servoStudio\Core\CANopen\CanFrame.cs(17,28): warning IDE0055: 淇鏍煎紡 (https://learn.microsoft.com/dotnet/fundamentals/code-analysis/style-rules/ide0055) [C:\UserWorx\VSWorx\ServoStudio\wpfui-servoStudio\samples\Wpf.Ui.servoStudio\servoStudio.csproj]
C:\UserWorx\VSWorx\ServoStudio\wpfui-servoStudio\samples\Wpf.Ui.servoStudio\Core\CANopen\CanFrame.cs(20,20): warning IDE0055: 淇鏍煎紡 (https://learn.microsoft.com/dotnet/fundamentals/code-analysis/style-rules/ide0055) [C:\UserWorx\VSWorx\ServoStudio\wpfui-servoStudio\samples\Wpf.Ui.servoStudio\servoStudio.csproj]
C:\UserWorx\VSWorx\ServoStudio\wpfui-servoStudio\samples\Wpf.Ui.servoStudio\Core\CANopen\CanFrame.cs(20,22): warning IDE0055: 淇鏍煎紡 (https://learn.microsoft.com/dotnet/fundamentals/code-analysis/style-rules/ide0055) [C:\UserWorx\VSWorx\ServoStudio\wpfui-servoStudio\samples\Wpf.Ui.servoStudio\servoStudio.csproj]
C:\UserWorx\VSWorx\ServoStudio\wpfui-servoStudio\samples\Wpf.Ui.servoStudio\Core\CANopen\CanFrame.cs(20,27): warning IDE0055: 淇鏍煎紡 (https://learn.microsoft.com/dotnet/fundamentals/code-analysis/style-rules/ide0055) [C:\UserWorx\VSWorx\ServoStudio\wpfui-servoStudio\samples\Wpf.Ui.servoStudio\servoStudio.csproj]
C:\UserWorx\VSWorx\ServoStudio\wpfui-servoStudio\samples\Wpf.Ui.servoStudio\Core\CANopen\CanFrame.cs(23,23): warning IDE0055: 淇鏍煎紡 (https://learn.microsoft.com/dotnet/fundamentals/code-analysis/style-rules/ide0055) [C:\UserWorx\VSWorx\ServoStudio\wpfui-servoStudio\samples\Wpf.Ui.servoStudio\servoStudio.csproj]
C:\UserWorx\VSWorx\ServoStudio\wpfui-servoStudio\samples\Wpf.Ui.servoStudio\Core\CANopen\CanFrame.cs(23,25): warning IDE0055: 淇鏍煎紡 (https://learn.microsoft.com/dotnet/fundamentals/code-analysis/style-rules/ide0055) [C:\UserWorx\VSWorx\ServoStudio\wpfui-servoStudio\samples\Wpf.Ui.servoStudio\servoStudio.csproj]
C:\UserWorx\VSWorx\ServoStudio\wpfui-servoStudio\samples\Wpf.Ui.servoStudio\Core\CANopen\CanFrame.cs(23,30): warning IDE0055: 淇鏍煎紡 (https://learn.microsoft.com/dotnet/fundamentals/code-analysis/style-rules/ide0055) [C:\UserWorx\VSWorx\ServoStudio\wpfui-servoStudio\samples\Wpf.Ui.servoStudio\servoStudio.csproj]
C:\UserWorx\VSWorx\ServoStudio\wpfui-servoStudio\samples\Wpf.Ui.servoStudio\Helpers\SoemFoEInterop.cs(27,21): warning CA1060: 灏?pinvoke 绉诲埌鏈満鏂规硶绫?(https://learn.microsoft.com/dotnet/fundamentals/code-analysis/quality-rules/ca1060) [C:\UserWorx\VSWorx\ServoStudio\wpfui-servoStudio\samples\Wpf.Ui.servoStudio\servoStudio.csproj]
C:\UserWorx\VSWorx\ServoStudio\wpfui-servoStudio\samples\Wpf.Ui.servoStudio\Core\CANopen\CanOpenFrameCodec.cs(40,9): warning IDE2003: 鍧椾笌鍚庣画璇彞涔嬮棿闇€瑕佹湁绌虹櫧琛?(https://learn.microsoft.com/dotnet/fundamentals/code-analysis/style-rules/ide2003) [C:\UserWorx\VSWorx\ServoStudio\wpfui-servoStudio\samples\Wpf.Ui.servoStudio\servoStudio.csproj]
C:\UserWorx\VSWorx\ServoStudio\wpfui-servoStudio\samples\Wpf.Ui.servoStudio\Core\CANopen\CanOpenMaster.cs(100,12): warning IDE0055: 淇鏍煎紡 (https://learn.microsoft.com/dotnet/fundamentals/code-analysis/style-rules/ide0055) [C:\UserWorx\VSWorx\ServoStudio\wpfui-servoStudio\samples\Wpf.Ui.servoStudio\servoStudio.csproj]
C:\UserWorx\VSWorx\ServoStudio\wpfui-servoStudio\samples\Wpf.Ui.servoStudio\Core\CANopen\CanOpenMaster.cs(100,14): warning IDE0055: 淇鏍煎紡 (https://learn.microsoft.com/dotnet/fundamentals/code-analysis/style-rules/ide0055) [C:\UserWorx\VSWorx\ServoStudio\wpfui-servoStudio\samples\Wpf.Ui.servoStudio\servoStudio.csproj]
C:\UserWorx\VSWorx\ServoStudio\wpfui-servoStudio\samples\Wpf.Ui.servoStudio\Core\CANopen\CanOpenMaster.cs(100,38): warning IDE0055: 淇鏍煎紡 (https://learn.microsoft.com/dotnet/fundamentals/code-analysis/style-rules/ide0055) [C:\UserWorx\VSWorx\ServoStudio\wpfui-servoStudio\samples\Wpf.Ui.servoStudio\servoStudio.csproj]
C:\UserWorx\VSWorx\ServoStudio\wpfui-servoStudio\samples\Wpf.Ui.servoStudio\Core\CANopen\CanOpenMaster.cs(100,40): warning IDE0055: 淇鏍煎紡 (https://learn.microsoft.com/dotnet/fundamentals/code-analysis/style-rules/ide0055) [C:\UserWorx\VSWorx\ServoStudio\wpfui-servoStudio\samples\Wpf.Ui.servoStudio\servoStudio.csproj]
C:\UserWorx\VSWorx\ServoStudio\wpfui-servoStudio\samples\Wpf.Ui.servoStudio\Core\CANopen\CanOpenMaster.cs(101,12): warning IDE0055: 淇鏍煎紡 (https://learn.microsoft.com/dotnet/fundamentals/code-analysis/style-rules/ide0055) [C:\UserWorx\VSWorx\ServoStudio\wpfui-servoStudio\samples\Wpf.Ui.servoStudio\servoStudio.csproj]
C:\UserWorx\VSWorx\ServoStudio\wpfui-servoStudio\samples\Wpf.Ui.servoStudio\Core\CANopen\CanOpenMaster.cs(101,14): warning IDE0055: 淇鏍煎紡 (https://learn.microsoft.com/dotnet/fundamentals/code-analysis/style-rules/ide0055) [C:\UserWorx\VSWorx\ServoStudio\wpfui-servoStudio\samples\Wpf.Ui.servoStudio\servoStudio.csproj]
C:\UserWorx\VSWorx\ServoStudio\wpfui-servoStudio\samples\Wpf.Ui.servoStudio\Core\CANopen\CanOpenMaster.cs(101,42): warning IDE0055: 淇鏍煎紡 (https://learn.microsoft.com/dotnet/fundamentals/code-analysis/style-rules/ide0055) [C:\UserWorx\VSWorx\ServoStudio\wpfui-servoStudio\samples\Wpf.Ui.servoStudio\servoStudio.csproj]
C:\UserWorx\VSWorx\ServoStudio\wpfui-servoStudio\samples\Wpf.Ui.servoStudio\Core\CANopen\CanOpenMaster.cs(101,44): warning IDE0055: 淇鏍煎紡 (https://learn.microsoft.com/dotnet/fundamentals/code-analysis/style-rules/ide0055) [C:\UserWorx\VSWorx\ServoStudio\wpfui-servoStudio\samples\Wpf.Ui.servoStudio\servoStudio.csproj]
C:\UserWorx\VSWorx\ServoStudio\wpfui-servoStudio\samples\Wpf.Ui.servoStudio\Core\CANopen\CanOpenMaster.cs(116,12): warning IDE0055: 淇鏍煎紡 (https://learn.microsoft.com/dotnet/fundamentals/code-analysis/style-rules/ide0055) [C:\UserWorx\VSWorx\ServoStudio\wpfui-servoStudio\samples\Wpf.Ui.servoStudio\servoStudio.csproj]
C:\UserWorx\VSWorx\ServoStudio\wpfui-servoStudio\samples\Wpf.Ui.servoStudio\Core\CANopen\CanOpenMaster.cs(116,14): warning IDE0055: 淇鏍煎紡 (https://learn.microsoft.com/dotnet/fundamentals/code-analysis/style-rules/ide0055) [C:\UserWorx\VSWorx\ServoStudio\wpfui-servoStudio\samples\Wpf.Ui.servoStudio\servoStudio.csproj]
C:\UserWorx\VSWorx\ServoStudio\wpfui-servoStudio\samples\Wpf.Ui.servoStudio\Core\CANopen\CanOpenMaster.cs(116,30): warning IDE0055: 淇鏍煎紡 (https://learn.microsoft.com/dotnet/fundamentals/code-analysis/style-rules/ide0055) [C:\UserWorx\VSWorx\ServoStudio\wpfui-servoStudio\samples\Wpf.Ui.servoStudio\servoStudio.csproj]
C:\UserWorx\VSWorx\ServoStudio\wpfui-servoStudio\samples\Wpf.Ui.servoStudio\Core\CANopen\CanOpenMaster.cs(116,32): warning IDE0055: 淇鏍煎紡 (https://learn.microsoft.com/dotnet/fundamentals/code-analysis/style-rules/ide0055) [C:\UserWorx\VSWorx\ServoStudio\wpfui-servoStudio\samples\Wpf.Ui.servoStudio\servoStudio.csproj]
C:\UserWorx\VSWorx\ServoStudio\wpfui-servoStudio\samples\Wpf.Ui.servoStudio\Core\CANopen\CanOpenMaster.cs(168,24): warning IDE0055: 淇鏍煎紡 (https://learn.microsoft.com/dotnet/fundamentals/code-analysis/style-rules/ide0055) [C:\UserWorx\VSWorx\ServoStudio\wpfui-servoStudio\samples\Wpf.Ui.servoStudio\servoStudio.csproj]
C:\UserWorx\VSWorx\ServoStudio\wpfui-servoStudio\samples\Wpf.Ui.servoStudio\Core\CANopen\CanOpenMaster.cs(168,26): warning IDE0055: 淇鏍煎紡 (https://learn.microsoft.com/dotnet/fundamentals/code-analysis/style-rules/ide0055) [C:\UserWorx\VSWorx\ServoStudio\wpfui-servoStudio\samples\Wpf.Ui.servoStudio\servoStudio.csproj]
C:\UserWorx\VSWorx\ServoStudio\wpfui-servoStudio\samples\Wpf.Ui.servoStudio\Core\CANopen\CanOpenMaster.cs(168,67): warning IDE0055: 淇鏍煎紡 (https://learn.microsoft.com/dotnet/fundamentals/code-analysis/style-rules/ide0055) [C:\UserWorx\VSWorx\ServoStudio\wpfui-servoStudio\samples\Wpf.Ui.servoStudio\servoStudio.csproj]
C:\UserWorx\VSWorx\ServoStudio\wpfui-servoStudio\samples\Wpf.Ui.servoStudio\Core\CANopen\CanOpenMaster.cs(168,81): warning IDE0055: 淇鏍煎紡 (https://learn.microsoft.com/dotnet/fundamentals/code-analysis/style-rules/ide0055) [C:\UserWorx\VSWorx\ServoStudio\wpfui-servoStudio\samples\Wpf.Ui.servoStudio\servoStudio.csproj]
C:\UserWorx\VSWorx\ServoStudio\wpfui-servoStudio\samples\Wpf.Ui.servoStudio\Core\CANopen\CanOpenMaster.cs(170,35): warning IDE0055: 淇鏍煎紡 (https://learn.microsoft.com/dotnet/fundamentals/code-analysis/style-rules/ide0055) [C:\UserWorx\VSWorx\ServoStudio\wpfui-servoStudio\samples\Wpf.Ui.servoStudio\servoStudio.csproj]
C:\UserWorx\VSWorx\ServoStudio\wpfui-servoStudio\samples\Wpf.Ui.servoStudio\Core\CANopen\CanOpenMaster.cs(170,37): warning IDE0055: 淇鏍煎紡 (https://learn.microsoft.com/dotnet/fundamentals/code-analysis/style-rules/ide0055) [C:\UserWorx\VSWorx\ServoStudio\wpfui-servoStudio\samples\Wpf.Ui.servoStudio\servoStudio.csproj]
C:\UserWorx\VSWorx\ServoStudio\wpfui-servoStudio\samples\Wpf.Ui.servoStudio\Core\CANopen\CanOpenMaster.cs(170,76): warning IDE0055: 淇鏍煎紡 (https://learn.microsoft.com/dotnet/fundamentals/code-analysis/style-rules/ide0055) [C:\UserWorx\VSWorx\ServoStudio\wpfui-servoStudio\samples\Wpf.Ui.servoStudio\servoStudio.csproj]
C:\UserWorx\VSWorx\ServoStudio\wpfui-servoStudio\samples\Wpf.Ui.servoStudio\Core\CANopen\CanOpenMaster.cs(170,90): warning IDE0055: 淇鏍煎紡 (https://learn.microsoft.com/dotnet/fundamentals/code-analysis/style-rules/ide0055) [C:\UserWorx\VSWorx\ServoStudio\wpfui-servoStudio\samples\Wpf.Ui.servoStudio\servoStudio.csproj]
C:\UserWorx\VSWorx\ServoStudio\wpfui-servoStudio\samples\Wpf.Ui.servoStudio\Core\CANopen\CanOpenMaster.cs(751,31): warning IDE0055: 淇鏍煎紡 (https://learn.microsoft.com/dotnet/fundamentals/code-analysis/style-rules/ide0055) [C:\UserWorx\VSWorx\ServoStudio\wpfui-servoStudio\samples\Wpf.Ui.servoStudio\servoStudio.csproj]
C:\UserWorx\VSWorx\ServoStudio\wpfui-servoStudio\samples\Wpf.Ui.servoStudio\Core\CANopen\CanOpenMaster.cs(751,33): warning IDE0055: 淇鏍煎紡 (https://learn.microsoft.com/dotnet/fundamentals/code-analysis/style-rules/ide0055) [C:\UserWorx\VSWorx\ServoStudio\wpfui-servoStudio\samples\Wpf.Ui.servoStudio\servoStudio.csproj]
C:\UserWorx\VSWorx\ServoStudio\wpfui-servoStudio\samples\Wpf.Ui.servoStudio\Core\CANopen\CanOpenMaster.cs(751,43): warning IDE0055: 淇鏍煎紡 (https://learn.microsoft.com/dotnet/fundamentals/code-analysis/style-rules/ide0055) [C:\UserWorx\VSWorx\ServoStudio\wpfui-servoStudio\samples\Wpf.Ui.servoStudio\servoStudio.csproj]
C:\UserWorx\VSWorx\ServoStudio\wpfui-servoStudio\samples\Wpf.Ui.servoStudio\Core\CANopen\CanOpenMaster.cs(100,62): warning IDE2003: 鍧椾笌鍚庣画璇彞涔嬮棿闇€瑕佹湁绌虹櫧琛?(https://learn.microsoft.com/dotnet/fundamentals/code-analysis/style-rules/ide2003) [C:\UserWorx\VSWorx\ServoStudio\wpfui-servoStudio\samples\Wpf.Ui.servoStudio\servoStudio.csproj]
C:\UserWorx\VSWorx\ServoStudio\wpfui-servoStudio\samples\Wpf.Ui.servoStudio\Core\CANopen\CanOpenMaster.cs(101,66): warning IDE2003: 鍧椾笌鍚庣画璇彞涔嬮棿闇€瑕佹湁绌虹櫧琛?(https://learn.microsoft.com/dotnet/fundamentals/code-analysis/style-rules/ide2003) [C:\UserWorx\VSWorx\ServoStudio\wpfui-servoStudio\samples\Wpf.Ui.servoStudio\servoStudio.csproj]
C:\UserWorx\VSWorx\ServoStudio\wpfui-servoStudio\samples\Wpf.Ui.servoStudio\Core\CANopen\CanOpenMaster.cs(116,54): warning IDE2003: 鍧椾笌鍚庣画璇彞涔嬮棿闇€瑕佹湁绌虹櫧琛?(https://learn.microsoft.com/dotnet/fundamentals/code-analysis/style-rules/ide2003) [C:\UserWorx\VSWorx\ServoStudio\wpfui-servoStudio\samples\Wpf.Ui.servoStudio\servoStudio.csproj]
C:\UserWorx\VSWorx\ServoStudio\wpfui-servoStudio\samples\Wpf.Ui.servoStudio\Core\CANopen\CanOpenMaster.cs(167,9): warning IDE2003: 鍧椾笌鍚庣画璇彞涔嬮棿闇€瑕佹湁绌虹櫧琛?(https://learn.microsoft.com/dotnet/fundamentals/code-analysis/style-rules/ide2003) [C:\UserWorx\VSWorx\ServoStudio\wpfui-servoStudio\samples\Wpf.Ui.servoStudio\servoStudio.csproj]
C:\UserWorx\VSWorx\ServoStudio\wpfui-servoStudio\samples\Wpf.Ui.servoStudio\Core\CANopen\CanOpenMaster.cs(168,82): warning IDE2003: 鍧椾笌鍚庣画璇彞涔嬮棿闇€瑕佹湁绌虹櫧琛?(https://learn.microsoft.com/dotnet/fundamentals/code-analysis/style-rules/ide2003) [C:\UserWorx\VSWorx\ServoStudio\wpfui-servoStudio\samples\Wpf.Ui.servoStudio\servoStudio.csproj]
C:\UserWorx\VSWorx\ServoStudio\wpfui-servoStudio\samples\Wpf.Ui.servoStudio\Core\CANopen\CanOpenSlave_CiA402.cs(40,25): warning IDE0055: 淇鏍煎紡 (https://learn.microsoft.com/dotnet/fundamentals/code-analysis/style-rules/ide0055) [C:\UserWorx\VSWorx\ServoStudio\wpfui-servoStudio\samples\Wpf.Ui.servoStudio\servoStudio.csproj]
C:\UserWorx\VSWorx\ServoStudio\wpfui-servoStudio\samples\Wpf.Ui.servoStudio\Core\CANopen\CanOpenSlave_CiA402.cs(40,27): warning IDE0055: 淇鏍煎紡 (https://learn.microsoft.com/dotnet/fundamentals/code-analysis/style-rules/ide0055) [C:\UserWorx\VSWorx\ServoStudio\wpfui-servoStudio\samples\Wpf.Ui.servoStudio\servoStudio.csproj]
C:\UserWorx\VSWorx\ServoStudio\wpfui-servoStudio\samples\Wpf.Ui.servoStudio\Core\CANopen\CanOpenSlave_CiA402.cs(40,32): warning IDE0055: 淇鏍煎紡 (https://learn.microsoft.com/dotnet/fundamentals/code-analysis/style-rules/ide0055) [C:\UserWorx\VSWorx\ServoStudio\wpfui-servoStudio\samples\Wpf.Ui.servoStudio\servoStudio.csproj]
C:\UserWorx\VSWorx\ServoStudio\wpfui-servoStudio\samples\Wpf.Ui.servoStudio\Core\CANopen\CanOpenSlave_CiA402.cs(43,29): warning IDE0055: 淇鏍煎紡 (https://learn.microsoft.com/dotnet/fundamentals/code-analysis/style-rules/ide0055) [C:\UserWorx\VSWorx\ServoStudio\wpfui-servoStudio\samples\Wpf.Ui.servoStudio\servoStudio.csproj]
C:\UserWorx\VSWorx\ServoStudio\wpfui-servoStudio\samples\Wpf.Ui.servoStudio\Core\CANopen\CanOpenSlave_CiA402.cs(43,31): warning IDE0055: 淇鏍煎紡 (https://learn.microsoft.com/dotnet/fundamentals/code-analysis/style-rules/ide0055) [C:\UserWorx\VSWorx\ServoStudio\wpfui-servoStudio\samples\Wpf.Ui.servoStudio\servoStudio.csproj]
C:\UserWorx\VSWorx\ServoStudio\wpfui-servoStudio\samples\Wpf.Ui.servoStudio\Core\CANopen\CanOpenSlave_CiA402.cs(43,49): warning IDE0055: 淇鏍煎紡 (https://learn.microsoft.com/dotnet/fundamentals/code-analysis/style-rules/ide0055) [C:\UserWorx\VSWorx\ServoStudio\wpfui-servoStudio\samples\Wpf.Ui.servoStudio\servoStudio.csproj]
C:\UserWorx\VSWorx\ServoStudio\wpfui-servoStudio\samples\Wpf.Ui.servoStudio\Core\CANopen\CanOpenSlave_CiA402.cs(46,35): warning IDE0055: 淇鏍煎紡 (https://learn.microsoft.com/dotnet/fundamentals/code-analysis/style-rules/ide0055) [C:\UserWorx\VSWorx\ServoStudio\wpfui-servoStudio\samples\Wpf.Ui.servoStudio\servoStudio.csproj]
C:\UserWorx\VSWorx\ServoStudio\wpfui-servoStudio\samples\Wpf.Ui.servoStudio\Core\CANopen\CanOpenSlave_CiA402.cs(46,37): warning IDE0055: 淇鏍煎紡 (https://learn.microsoft.com/dotnet/fundamentals/code-analysis/style-rules/ide0055) [C:\UserWorx\VSWorx\ServoStudio\wpfui-servoStudio\samples\Wpf.Ui.servoStudio\servoStudio.csproj]
C:\UserWorx\VSWorx\ServoStudio\wpfui-servoStudio\samples\Wpf.Ui.servoStudio\Core\CANopen\CanOpenSlave_CiA402.cs(46,55): warning IDE0055: 淇鏍煎紡 (https://learn.microsoft.com/dotnet/fundamentals/code-analysis/style-rules/ide0055) [C:\UserWorx\VSWorx\ServoStudio\wpfui-servoStudio\samples\Wpf.Ui.servoStudio\servoStudio.csproj]
C:\UserWorx\VSWorx\ServoStudio\wpfui-servoStudio\samples\Wpf.Ui.servoStudio\Core\CANopen\CanOpenSlave_CiA402.cs(49,25): warning IDE0055: 淇鏍煎紡 (https://learn.microsoft.com/dotnet/fundamentals/code-analysis/style-rules/ide0055) [C:\UserWorx\VSWorx\ServoStudio\wpfui-servoStudio\samples\Wpf.Ui.servoStudio\servoStudio.csproj]
C:\UserWorx\VSWorx\ServoStudio\wpfui-servoStudio\samples\Wpf.Ui.servoStudio\Core\CANopen\CanOpenSlave_CiA402.cs(49,27): warning IDE0055: 淇鏍煎紡 (https://learn.microsoft.com/dotnet/fundamentals/code-analysis/style-rules/ide0055) [C:\UserWorx\VSWorx\ServoStudio\wpfui-servoStudio\samples\Wpf.Ui.servoStudio\servoStudio.csproj]
C:\UserWorx\VSWorx\ServoStudio\wpfui-servoStudio\samples\Wpf.Ui.servoStudio\Core\CANopen\CanOpenSlave_CiA402.cs(49,45): warning IDE0055: 淇鏍煎紡 (https://learn.microsoft.com/dotnet/fundamentals/code-analysis/style-rules/ide0055) [C:\UserWorx\VSWorx\ServoStudio\wpfui-servoStudio\samples\Wpf.Ui.servoStudio\servoStudio.csproj]
C:\UserWorx\VSWorx\ServoStudio\wpfui-servoStudio\samples\Wpf.Ui.servoStudio\Core\CANopen\CanOpenSlave_CiA402.cs(52,28): warning IDE0055: 淇鏍煎紡 (https://learn.microsoft.com/dotnet/fundamentals/code-analysis/style-rules/ide0055) [C:\UserWorx\VSWorx\ServoStudio\wpfui-servoStudio\samples\Wpf.Ui.servoStudio\servoStudio.csproj]
C:\UserWorx\VSWorx\ServoStudio\wpfui-servoStudio\samples\Wpf.Ui.servoStudio\Core\CANopen\CanOpenSlave_CiA402.cs(52,30): warning IDE0055: 淇鏍煎紡 (https://learn.microsoft.com/dotnet/fundamentals/code-analysis/style-rules/ide0055) [C:\UserWorx\VSWorx\ServoStudio\wpfui-servoStudio\samples\Wpf.Ui.servoStudio\servoStudio.csproj]
C:\UserWorx\VSWorx\ServoStudio\wpfui-servoStudio\samples\Wpf.Ui.servoStudio\Core\CANopen\CanOpenSlave_CiA402.cs(52,48): warning IDE0055: 淇鏍煎紡 (https://learn.microsoft.com/dotnet/fundamentals/code-analysis/style-rules/ide0055) [C:\UserWorx\VSWorx\ServoStudio\wpfui-servoStudio\samples\Wpf.Ui.servoStudio\servoStudio.csproj]
C:\UserWorx\VSWorx\ServoStudio\wpfui-servoStudio\samples\Wpf.Ui.servoStudio\Core\CANopen\CanOpenSlave_CiA402.cs(58,58): warning IDE0055: 淇鏍煎紡 (https://learn.microsoft.com/dotnet/fundamentals/code-analysis/style-rules/ide0055) [C:\UserWorx\VSWorx\ServoStudio\wpfui-servoStudio\samples\Wpf.Ui.servoStudio\servoStudio.csproj]
C:\UserWorx\VSWorx\ServoStudio\wpfui-servoStudio\samples\Wpf.Ui.servoStudio\Core\CANopen\CanOpenSlave_CiA402.cs(58,60): warning IDE0055: 淇鏍煎紡 (https://learn.microsoft.com/dotnet/fundamentals/code-analysis/style-rules/ide0055) [C:\UserWorx\VSWorx\ServoStudio\wpfui-servoStudio\samples\Wpf.Ui.servoStudio\servoStudio.csproj]
C:\UserWorx\VSWorx\ServoStudio\wpfui-servoStudio\samples\Wpf.Ui.servoStudio\Core\CANopen\CanOpenSlave_CiA402.cs(58,70): warning IDE0055: 淇鏍煎紡 (https://learn.microsoft.com/dotnet/fundamentals/code-analysis/style-rules/ide0055) [C:\UserWorx\VSWorx\ServoStudio\wpfui-servoStudio\samples\Wpf.Ui.servoStudio\servoStudio.csproj]
C:\UserWorx\VSWorx\ServoStudio\wpfui-servoStudio\samples\Wpf.Ui.servoStudio\Core\CANopen\CanOpenSlave_CiA402.cs(61,57): warning IDE0055: 淇鏍煎紡 (https://learn.microsoft.com/dotnet/fundamentals/code-analysis/style-rules/ide0055) [C:\UserWorx\VSWorx\ServoStudio\wpfui-servoStudio\samples\Wpf.Ui.servoStudio\servoStudio.csproj]
C:\UserWorx\VSWorx\ServoStudio\wpfui-servoStudio\samples\Wpf.Ui.servoStudio\Core\CANopen\CanOpenSlave_CiA402.cs(61,59): warning IDE0055: 淇鏍煎紡 (https://learn.microsoft.com/dotnet/fundamentals/code-analysis/style-rules/ide0055) [C:\UserWorx\VSWorx\ServoStudio\wpfui-servoStudio\samples\Wpf.Ui.servoStudio\servoStudio.csproj]
C:\UserWorx\VSWorx\ServoStudio\wpfui-servoStudio\samples\Wpf.Ui.servoStudio\Core\CANopen\CanOpenSlave_CiA402.cs(61,69): warning IDE0055: 淇鏍煎紡 (https://learn.microsoft.com/dotnet/fundamentals/code-analysis/style-rules/ide0055) [C:\UserWorx\VSWorx\ServoStudio\wpfui-servoStudio\samples\Wpf.Ui.servoStudio\servoStudio.csproj]
C:\UserWorx\VSWorx\ServoStudio\wpfui-servoStudio\samples\Wpf.Ui.servoStudio\Core\CANopen\CanOpenSlave_CiA402.cs(64,60): warning IDE0055: 淇鏍煎紡 (https://learn.microsoft.com/dotnet/fundamentals/code-analysis/style-rules/ide0055) [C:\UserWorx\VSWorx\ServoStudio\wpfui-servoStudio\samples\Wpf.Ui.servoStudio\servoStudio.csproj]
C:\UserWorx\VSWorx\ServoStudio\wpfui-servoStudio\samples\Wpf.Ui.servoStudio\Core\CANopen\CanOpenSlave_CiA402.cs(64,62): warning IDE0055: 淇鏍煎紡 (https://learn.microsoft.com/dotnet/fundamentals/code-analysis/style-rules/ide0055) [C:\UserWorx\VSWorx\ServoStudio\wpfui-servoStudio\samples\Wpf.Ui.servoStudio\servoStudio.csproj]
C:\UserWorx\VSWorx\ServoStudio\wpfui-servoStudio\samples\Wpf.Ui.servoStudio\Core\CANopen\CanOpenSlave_CiA402.cs(64,72): warning IDE0055: 淇鏍煎紡 (https://learn.microsoft.com/dotnet/fundamentals/code-analysis/style-rules/ide0055) [C:\UserWorx\VSWorx\ServoStudio\wpfui-servoStudio\samples\Wpf.Ui.servoStudio\servoStudio.csproj]
C:\UserWorx\VSWorx\ServoStudio\wpfui-servoStudio\samples\Wpf.Ui.servoStudio\Core\CANopen\CanOpenSlave_CiA402.cs(77,28): warning IDE0055: 淇鏍煎紡 (https://learn.microsoft.com/dotnet/fundamentals/code-analysis/style-rules/ide0055) [C:\UserWorx\VSWorx\ServoStudio\wpfui-servoStudio\samples\Wpf.Ui.servoStudio\servoStudio.csproj]
C:\UserWorx\VSWorx\ServoStudio\wpfui-servoStudio\samples\Wpf.Ui.servoStudio\Core\CANopen\CanOpenSlave_CiA402.cs(81,30): warning IDE0055: 淇鏍煎紡 (https://learn.microsoft.com/dotnet/fundamentals/code-analysis/style-rules/ide0055) [C:\UserWorx\VSWorx\ServoStudio\wpfui-servoStudio\samples\Wpf.Ui.servoStudio\servoStudio.csproj]
C:\UserWorx\VSWorx\ServoStudio\wpfui-servoStudio\samples\Wpf.Ui.servoStudio\Core\CANopen\CanOpenSlave_CiA402.cs(78,9): warning IDE2003: 鍧椾笌鍚庣画璇彞涔嬮棿闇€瑕佹湁绌虹櫧琛?(https://learn.microsoft.com/dotnet/fundamentals/code-analysis/style-rules/ide2003) [C:\UserWorx\VSWorx\ServoStudio\wpfui-servoStudio\samples\Wpf.Ui.servoStudio\servoStudio.csproj]
C:\UserWorx\VSWorx\ServoStudio\wpfui-servoStudio\samples\Wpf.Ui.servoStudio\Core\CANopen\ICanBus.cs(38,16): warning IDE0055: 淇鏍煎紡 (https://learn.microsoft.com/dotnet/fundamentals/code-analysis/style-rules/ide0055) [C:\UserWorx\VSWorx\ServoStudio\wpfui-servoStudio\samples\Wpf.Ui.servoStudio\servoStudio.csproj]
C:\UserWorx\VSWorx\ServoStudio\wpfui-servoStudio\samples\Wpf.Ui.servoStudio\Core\CANopen\ICanBus.cs(38,18): warning IDE0055: 淇鏍煎紡 (https://learn.microsoft.com/dotnet/fundamentals/code-analysis/style-rules/ide0055) [C:\UserWorx\VSWorx\ServoStudio\wpfui-servoStudio\samples\Wpf.Ui.servoStudio\servoStudio.csproj]
C:\UserWorx\VSWorx\ServoStudio\wpfui-servoStudio\samples\Wpf.Ui.servoStudio\Core\CANopen\ICanBus.cs(38,23): warning IDE0055: 淇鏍煎紡 (https://learn.microsoft.com/dotnet/fundamentals/code-analysis/style-rules/ide0055) [C:\UserWorx\VSWorx\ServoStudio\wpfui-servoStudio\samples\Wpf.Ui.servoStudio\servoStudio.csproj]
C:\UserWorx\VSWorx\ServoStudio\wpfui-servoStudio\samples\Wpf.Ui.servoStudio\Core\CANopen\SerialCanBus.cs(42,23): warning IDE0055: 淇鏍煎紡 (https://learn.microsoft.com/dotnet/fundamentals/code-analysis/style-rules/ide0055) [C:\UserWorx\VSWorx\ServoStudio\wpfui-servoStudio\samples\Wpf.Ui.servoStudio\servoStudio.csproj]
C:\UserWorx\VSWorx\ServoStudio\wpfui-servoStudio\samples\Wpf.Ui.servoStudio\Core\CANopen\SerialCanBus.cs(42,25): warning IDE0055: 淇鏍煎紡 (https://learn.microsoft.com/dotnet/fundamentals/code-analysis/style-rules/ide0055) [C:\UserWorx\VSWorx\ServoStudio\wpfui-servoStudio\samples\Wpf.Ui.servoStudio\servoStudio.csproj]
C:\UserWorx\VSWorx\ServoStudio\wpfui-servoStudio\samples\Wpf.Ui.servoStudio\Core\CANopen\SerialCanBus.cs(42,43): warning IDE0055: 淇鏍煎紡 (https://learn.microsoft.com/dotnet/fundamentals/code-analysis/style-rules/ide0055) [C:\UserWorx\VSWorx\ServoStudio\wpfui-servoStudio\samples\Wpf.Ui.servoStudio\servoStudio.csproj]
C:\UserWorx\VSWorx\ServoStudio\wpfui-servoStudio\samples\Wpf.Ui.servoStudio\Core\CANopen\SerialCanBus.cs(45,26): warning IDE0055: 淇鏍煎紡 (https://learn.microsoft.com/dotnet/fundamentals/code-analysis/style-rules/ide0055) [C:\UserWorx\VSWorx\ServoStudio\wpfui-servoStudio\samples\Wpf.Ui.servoStudio\servoStudio.csproj]
C:\UserWorx\VSWorx\ServoStudio\wpfui-servoStudio\samples\Wpf.Ui.servoStudio\Core\CANopen\SerialCanBus.cs(45,28): warning IDE0055: 淇鏍煎紡 (https://learn.microsoft.com/dotnet/fundamentals/code-analysis/style-rules/ide0055) [C:\UserWorx\VSWorx\ServoStudio\wpfui-servoStudio\samples\Wpf.Ui.servoStudio\servoStudio.csproj]
C:\UserWorx\VSWorx\ServoStudio\wpfui-servoStudio\samples\Wpf.Ui.servoStudio\Core\CANopen\SerialCanBus.cs(88,34): warning IDE0055: 淇鏍煎紡 (https://learn.microsoft.com/dotnet/fundamentals/code-analysis/style-rules/ide0055) [C:\UserWorx\VSWorx\ServoStudio\wpfui-servoStudio\samples\Wpf.Ui.servoStudio\servoStudio.csproj]
C:\UserWorx\VSWorx\ServoStudio\wpfui-servoStudio\samples\Wpf.Ui.servoStudio\Core\CANopen\SerialCanBus.cs(89,34): warning IDE0055: 淇鏍煎紡 (https://learn.microsoft.com/dotnet/fundamentals/code-analysis/style-rules/ide0055) [C:\UserWorx\VSWorx\ServoStudio\wpfui-servoStudio\samples\Wpf.Ui.servoStudio\servoStudio.csproj]
C:\UserWorx\VSWorx\ServoStudio\wpfui-servoStudio\samples\Wpf.Ui.servoStudio\Core\CANopen\SerialCanBus.cs(90,34): warning IDE0055: 淇鏍煎紡 (https://learn.microsoft.com/dotnet/fundamentals/code-analysis/style-rules/ide0055) [C:\UserWorx\VSWorx\ServoStudio\wpfui-servoStudio\samples\Wpf.Ui.servoStudio\servoStudio.csproj]
C:\UserWorx\VSWorx\ServoStudio\wpfui-servoStudio\samples\Wpf.Ui.servoStudio\Core\CANopen\SerialCanBus.cs(91,35): warning IDE0055: 淇鏍煎紡 (https://learn.microsoft.com/dotnet/fundamentals/code-analysis/style-rules/ide0055) [C:\UserWorx\VSWorx\ServoStudio\wpfui-servoStudio\samples\Wpf.Ui.servoStudio\servoStudio.csproj]
C:\UserWorx\VSWorx\ServoStudio\wpfui-servoStudio\samples\Wpf.Ui.servoStudio\Core\CANopen\SerialCanBus.cs(92,35): warning IDE0055: 淇鏍煎紡 (https://learn.microsoft.com/dotnet/fundamentals/code-analysis/style-rules/ide0055) [C:\UserWorx\VSWorx\ServoStudio\wpfui-servoStudio\samples\Wpf.Ui.servoStudio\servoStudio.csproj]
C:\UserWorx\VSWorx\ServoStudio\wpfui-servoStudio\samples\Wpf.Ui.servoStudio\Core\CANopen\SerialCanBus.cs(93,35): warning IDE0055: 淇鏍煎紡 (https://learn.microsoft.com/dotnet/fundamentals/code-analysis/style-rules/ide0055) [C:\UserWorx\VSWorx\ServoStudio\wpfui-servoStudio\samples\Wpf.Ui.servoStudio\servoStudio.csproj]
C:\UserWorx\VSWorx\ServoStudio\wpfui-servoStudio\samples\Wpf.Ui.servoStudio\Core\CANopen\SerialCanBus.cs(94,35): warning IDE0055: 淇鏍煎紡 (https://learn.microsoft.com/dotnet/fundamentals/code-analysis/style-rules/ide0055) [C:\UserWorx\VSWorx\ServoStudio\wpfui-servoStudio\samples\Wpf.Ui.servoStudio\servoStudio.csproj]
C:\UserWorx\VSWorx\ServoStudio\wpfui-servoStudio\samples\Wpf.Ui.servoStudio\Core\CANopen\SerialCanBus.cs(95,35): warning IDE0055: 淇鏍煎紡 (https://learn.microsoft.com/dotnet/fundamentals/code-analysis/style-rules/ide0055) [C:\UserWorx\VSWorx\ServoStudio\wpfui-servoStudio\samples\Wpf.Ui.servoStudio\servoStudio.csproj]
C:\UserWorx\VSWorx\ServoStudio\wpfui-servoStudio\samples\Wpf.Ui.servoStudio\Core\CANopen\SerialCanBus.cs(120,16): warning IDE0055: 淇鏍煎紡 (https://learn.microsoft.com/dotnet/fundamentals/code-analysis/style-rules/ide0055) [C:\UserWorx\VSWorx\ServoStudio\wpfui-servoStudio\samples\Wpf.Ui.servoStudio\servoStudio.csproj]
C:\UserWorx\VSWorx\ServoStudio\wpfui-servoStudio\samples\Wpf.Ui.servoStudio\Core\CANopen\SerialCanBus.cs(120,18): warning IDE0055: 淇鏍煎紡 (https://learn.microsoft.com/dotnet/fundamentals/code-analysis/style-rules/ide0055) [C:\UserWorx\VSWorx\ServoStudio\wpfui-servoStudio\samples\Wpf.Ui.servoStudio\servoStudio.csproj]
C:\UserWorx\VSWorx\ServoStudio\wpfui-servoStudio\samples\Wpf.Ui.servoStudio\Core\CANopen\SerialCanBus.cs(120,33): warning IDE0055: 淇鏍煎紡 (https://learn.microsoft.com/dotnet/fundamentals/code-analysis/style-rules/ide0055) [C:\UserWorx\VSWorx\ServoStudio\wpfui-servoStudio\samples\Wpf.Ui.servoStudio\servoStudio.csproj]
C:\UserWorx\VSWorx\ServoStudio\wpfui-servoStudio\samples\Wpf.Ui.servoStudio\Core\CANopen\SerialCanBus.cs(120,35): warning IDE0055: 淇鏍煎紡 (https://learn.microsoft.com/dotnet/fundamentals/code-analysis/style-rules/ide0055) [C:\UserWorx\VSWorx\ServoStudio\wpfui-servoStudio\samples\Wpf.Ui.servoStudio\servoStudio.csproj]
C:\UserWorx\VSWorx\ServoStudio\wpfui-servoStudio\samples\Wpf.Ui.servoStudio\Core\CANopen\SerialCanBus.cs(133,12): warning IDE0055: 淇鏍煎紡 (https://learn.microsoft.com/dotnet/fundamentals/code-analysis/style-rules/ide0055) [C:\UserWorx\VSWorx\ServoStudio\wpfui-servoStudio\samples\Wpf.Ui.servoStudio\servoStudio.csproj]
C:\UserWorx\VSWorx\ServoStudio\wpfui-servoStudio\samples\Wpf.Ui.servoStudio\Core\CANopen\SerialCanBus.cs(133,14): warning IDE0055: 淇鏍煎紡 (https://learn.microsoft.com/dotnet/fundamentals/code-analysis/style-rules/ide0055) [C:\UserWorx\VSWorx\ServoStudio\wpfui-servoStudio\samples\Wpf.Ui.servoStudio\servoStudio.csproj]
C:\UserWorx\VSWorx\ServoStudio\wpfui-servoStudio\samples\Wpf.Ui.servoStudio\Core\CANopen\SerialCanBus.cs(133,32): warning IDE0055: 淇鏍煎紡 (https://learn.microsoft.com/dotnet/fundamentals/code-analysis/style-rules/ide0055) [C:\UserWorx\VSWorx\ServoStudio\wpfui-servoStudio\samples\Wpf.Ui.servoStudio\servoStudio.csproj]
C:\UserWorx\VSWorx\ServoStudio\wpfui-servoStudio\samples\Wpf.Ui.servoStudio\Core\CANopen\SerialCanBus.cs(133,34): warning IDE0055: 淇鏍煎紡 (https://learn.microsoft.com/dotnet/fundamentals/code-analysis/style-rules/ide0055) [C:\UserWorx\VSWorx\ServoStudio\wpfui-servoStudio\samples\Wpf.Ui.servoStudio\servoStudio.csproj]
C:\UserWorx\VSWorx\ServoStudio\wpfui-servoStudio\samples\Wpf.Ui.servoStudio\Core\CANopen\SerialCanBus.cs(134,12): warning IDE0055: 淇鏍煎紡 (https://learn.microsoft.com/dotnet/fundamentals/code-analysis/style-rules/ide0055) [C:\UserWorx\VSWorx\ServoStudio\wpfui-servoStudio\samples\Wpf.Ui.servoStudio\servoStudio.csproj]
C:\UserWorx\VSWorx\ServoStudio\wpfui-servoStudio\samples\Wpf.Ui.servoStudio\Core\CANopen\SerialCanBus.cs(134,14): warning IDE0055: 淇鏍煎紡 (https://learn.microsoft.com/dotnet/fundamentals/code-analysis/style-rules/ide0055) [C:\UserWorx\VSWorx\ServoStudio\wpfui-servoStudio\samples\Wpf.Ui.servoStudio\servoStudio.csproj]
C:\UserWorx\VSWorx\ServoStudio\wpfui-servoStudio\samples\Wpf.Ui.servoStudio\Core\CANopen\SerialCanBus.cs(134,36): warning IDE0055: 淇鏍煎紡 (https://learn.microsoft.com/dotnet/fundamentals/code-analysis/style-rules/ide0055) [C:\UserWorx\VSWorx\ServoStudio\wpfui-servoStudio\samples\Wpf.Ui.servoStudio\servoStudio.csproj]
C:\UserWorx\VSWorx\ServoStudio\wpfui-servoStudio\samples\Wpf.Ui.servoStudio\Core\CANopen\SerialCanBus.cs(134,38): warning IDE0055: 淇鏍煎紡 (https://learn.microsoft.com/dotnet/fundamentals/code-analysis/style-rules/ide0055) [C:\UserWorx\VSWorx\ServoStudio\wpfui-servoStudio\samples\Wpf.Ui.servoStudio\servoStudio.csproj]
C:\UserWorx\VSWorx\ServoStudio\wpfui-servoStudio\samples\Wpf.Ui.servoStudio\Core\CANopen\SerialCanBus.cs(137,12): warning IDE0055: 淇鏍煎紡 (https://learn.microsoft.com/dotnet/fundamentals/code-analysis/style-rules/ide0055) [C:\UserWorx\VSWorx\ServoStudio\wpfui-servoStudio\samples\Wpf.Ui.servoStudio\servoStudio.csproj]
C:\UserWorx\VSWorx\ServoStudio\wpfui-servoStudio\samples\Wpf.Ui.servoStudio\Core\CANopen\SerialCanBus.cs(137,14): warning IDE0055: 淇鏍煎紡 (https://learn.microsoft.com/dotnet/fundamentals/code-analysis/style-rules/ide0055) [C:\UserWorx\VSWorx\ServoStudio\wpfui-servoStudio\samples\Wpf.Ui.servoStudio\servoStudio.csproj]
C:\UserWorx\VSWorx\ServoStudio\wpfui-servoStudio\samples\Wpf.Ui.servoStudio\Core\CANopen\SerialCanBus.cs(137,32): warning IDE0055: 淇鏍煎紡 (https://learn.microsoft.com/dotnet/fundamentals/code-analysis/style-rules/ide0055) [C:\UserWorx\VSWorx\ServoStudio\wpfui-servoStudio\samples\Wpf.Ui.servoStudio\servoStudio.csproj]
C:\UserWorx\VSWorx\ServoStudio\wpfui-servoStudio\samples\Wpf.Ui.servoStudio\Core\CANopen\SerialCanBus.cs(137,34): warning IDE0055: 淇鏍煎紡 (https://learn.microsoft.com/dotnet/fundamentals/code-analysis/style-rules/ide0055) [C:\UserWorx\VSWorx\ServoStudio\wpfui-servoStudio\samples\Wpf.Ui.servoStudio\servoStudio.csproj]
C:\UserWorx\VSWorx\ServoStudio\wpfui-servoStudio\samples\Wpf.Ui.servoStudio\Core\CANopen\SerialCanBus.cs(137,56): warning IDE0055: 淇鏍煎紡 (https://learn.microsoft.com/dotnet/fundamentals/code-analysis/style-rules/ide0055) [C:\UserWorx\VSWorx\ServoStudio\wpfui-servoStudio\samples\Wpf.Ui.servoStudio\servoStudio.csproj]
C:\UserWorx\VSWorx\ServoStudio\wpfui-servoStudio\samples\Wpf.Ui.servoStudio\Core\CANopen\SerialCanBus.cs(137,71): warning IDE0055: 淇鏍煎紡 (https://learn.microsoft.com/dotnet/fundamentals/code-analysis/style-rules/ide0055) [C:\UserWorx\VSWorx\ServoStudio\wpfui-servoStudio\samples\Wpf.Ui.servoStudio\servoStudio.csproj]
C:\UserWorx\VSWorx\ServoStudio\wpfui-servoStudio\samples\Wpf.Ui.servoStudio\Core\CANopen\SerialCanBus.cs(137,73): warning IDE0055: 淇鏍煎紡 (https://learn.microsoft.com/dotnet/fundamentals/code-analysis/style-rules/ide0055) [C:\UserWorx\VSWorx\ServoStudio\wpfui-servoStudio\samples\Wpf.Ui.servoStudio\servoStudio.csproj]
C:\UserWorx\VSWorx\ServoStudio\wpfui-servoStudio\samples\Wpf.Ui.servoStudio\Core\CANopen\SerialCanBus.cs(137,75): warning IDE0055: 淇鏍煎紡 (https://learn.microsoft.com/dotnet/fundamentals/code-analysis/style-rules/ide0055) [C:\UserWorx\VSWorx\ServoStudio\wpfui-servoStudio\samples\Wpf.Ui.servoStudio\servoStudio.csproj]
C:\UserWorx\VSWorx\ServoStudio\wpfui-servoStudio\samples\Wpf.Ui.servoStudio\Core\CANopen\SerialCanBus.cs(139,40): warning IDE0055: 淇鏍煎紡 (https://learn.microsoft.com/dotnet/fundamentals/code-analysis/style-rules/ide0055) [C:\UserWorx\VSWorx\ServoStudio\wpfui-servoStudio\samples\Wpf.Ui.servoStudio\servoStudio.csproj]
C:\UserWorx\VSWorx\ServoStudio\wpfui-servoStudio\samples\Wpf.Ui.servoStudio\Core\CANopen\SerialCanBus.cs(139,42): warning IDE0055: 淇鏍煎紡 (https://learn.microsoft.com/dotnet/fundamentals/code-analysis/style-rules/ide0055) [C:\UserWorx\VSWorx\ServoStudio\wpfui-servoStudio\samples\Wpf.Ui.servoStudio\servoStudio.csproj]
C:\UserWorx\VSWorx\ServoStudio\wpfui-servoStudio\samples\Wpf.Ui.servoStudio\Core\CANopen\SerialCanBus.cs(169,12): warning IDE0055: 淇鏍煎紡 (https://learn.microsoft.com/dotnet/fundamentals/code-analysis/style-rules/ide0055) [C:\UserWorx\VSWorx\ServoStudio\wpfui-servoStudio\samples\Wpf.Ui.servoStudio\servoStudio.csproj]
C:\UserWorx\VSWorx\ServoStudio\wpfui-servoStudio\samples\Wpf.Ui.servoStudio\Core\CANopen\SerialCanBus.cs(169,14): warning IDE0055: 淇鏍煎紡 (https://learn.microsoft.com/dotnet/fundamentals/code-analysis/style-rules/ide0055) [C:\UserWorx\VSWorx\ServoStudio\wpfui-servoStudio\samples\Wpf.Ui.servoStudio\servoStudio.csproj]
C:\UserWorx\VSWorx\ServoStudio\wpfui-servoStudio\samples\Wpf.Ui.servoStudio\Core\CANopen\SerialCanBus.cs(169,61): warning IDE0055: 淇鏍煎紡 (https://learn.microsoft.com/dotnet/fundamentals/code-analysis/style-rules/ide0055) [C:\UserWorx\VSWorx\ServoStudio\wpfui-servoStudio\samples\Wpf.Ui.servoStudio\servoStudio.csproj]
C:\UserWorx\VSWorx\ServoStudio\wpfui-servoStudio\samples\Wpf.Ui.servoStudio\Core\CANopen\SerialCanBus.cs(181,12): warning IDE0055: 淇鏍煎紡 (https://learn.microsoft.com/dotnet/fundamentals/code-analysis/style-rules/ide0055) [C:\UserWorx\VSWorx\ServoStudio\wpfui-servoStudio\samples\Wpf.Ui.servoStudio\servoStudio.csproj]
C:\UserWorx\VSWorx\ServoStudio\wpfui-servoStudio\samples\Wpf.Ui.servoStudio\Core\CANopen\SerialCanBus.cs(181,14): warning IDE0055: 淇鏍煎紡 (https://learn.microsoft.com/dotnet/fundamentals/code-analysis/style-rules/ide0055) [C:\UserWorx\VSWorx\ServoStudio\wpfui-servoStudio\samples\Wpf.Ui.servoStudio\servoStudio.csproj]
C:\UserWorx\VSWorx\ServoStudio\wpfui-servoStudio\samples\Wpf.Ui.servoStudio\Core\CANopen\SerialCanBus.cs(181,23): warning IDE0055: 淇鏍煎紡 (https://learn.microsoft.com/dotnet/fundamentals/code-analysis/style-rules/ide0055) [C:\UserWorx\VSWorx\ServoStudio\wpfui-servoStudio\samples\Wpf.Ui.servoStudio\servoStudio.csproj]
C:\UserWorx\VSWorx\ServoStudio\wpfui-servoStudio\samples\Wpf.Ui.servoStudio\Core\CANopen\SerialCanBus.cs(181,25): warning IDE0055: 淇鏍煎紡 (https://learn.microsoft.com/dotnet/fundamentals/code-analysis/style-rules/ide0055) [C:\UserWorx\VSWorx\ServoStudio\wpfui-servoStudio\samples\Wpf.Ui.servoStudio\servoStudio.csproj]
C:\UserWorx\VSWorx\ServoStudio\wpfui-servoStudio\samples\Wpf.Ui.servoStudio\Core\CANopen\SerialCanBus.cs(216,16): warning IDE0055: 淇鏍煎紡 (https://learn.microsoft.com/dotnet/fundamentals/code-analysis/style-rules/ide0055) [C:\UserWorx\VSWorx\ServoStudio\wpfui-servoStudio\samples\Wpf.Ui.servoStudio\servoStudio.csproj]
C:\UserWorx\VSWorx\ServoStudio\wpfui-servoStudio\samples\Wpf.Ui.servoStudio\Core\CANopen\SerialCanBus.cs(216,18): warning IDE0055: 淇鏍煎紡 (https://learn.microsoft.com/dotnet/fundamentals/code-analysis/style-rules/ide0055) [C:\UserWorx\VSWorx\ServoStudio\wpfui-servoStudio\samples\Wpf.Ui.servoStudio\servoStudio.csproj]
C:\UserWorx\VSWorx\ServoStudio\wpfui-servoStudio\samples\Wpf.Ui.servoStudio\Core\CANopen\SerialCanBus.cs(216,60): warning IDE0055: 淇鏍煎紡 (https://learn.microsoft.com/dotnet/fundamentals/code-analysis/style-rules/ide0055) [C:\UserWorx\VSWorx\ServoStudio\wpfui-servoStudio\samples\Wpf.Ui.servoStudio\servoStudio.csproj]
C:\UserWorx\VSWorx\ServoStudio\wpfui-servoStudio\samples\Wpf.Ui.servoStudio\Core\CANopen\SerialCanBus.cs(120,57): warning IDE2003: 鍧椾笌鍚庣画璇彞涔嬮棿闇€瑕佹湁绌虹櫧琛?(https://learn.microsoft.com/dotnet/fundamentals/code-analysis/style-rules/ide2003) [C:\UserWorx\VSWorx\ServoStudio\wpfui-servoStudio\samples\Wpf.Ui.servoStudio\servoStudio.csproj]
C:\UserWorx\VSWorx\ServoStudio\wpfui-servoStudio\samples\Wpf.Ui.servoStudio\Core\CANopen\SerialCanBus.cs(133,56): warning IDE2003: 鍧椾笌鍚庣画璇彞涔嬮棿闇€瑕佹湁绌虹櫧琛?(https://learn.microsoft.com/dotnet/fundamentals/code-analysis/style-rules/ide2003) [C:\UserWorx\VSWorx\ServoStudio\wpfui-servoStudio\samples\Wpf.Ui.servoStudio\servoStudio.csproj]
C:\UserWorx\VSWorx\ServoStudio\wpfui-servoStudio\samples\Wpf.Ui.servoStudio\Core\CANopen\SerialCanBus.cs(134,60): warning IDE2003: 鍧椾笌鍚庣画璇彞涔嬮棿闇€瑕佹湁绌虹櫧琛?(https://learn.microsoft.com/dotnet/fundamentals/code-analysis/style-rules/ide2003) [C:\UserWorx\VSWorx\ServoStudio\wpfui-servoStudio\samples\Wpf.Ui.servoStudio\servoStudio.csproj]
C:\UserWorx\VSWorx\ServoStudio\wpfui-servoStudio\samples\Wpf.Ui.servoStudio\Core\CANopen\SerialCanBus.cs(181,47): warning IDE2003: 鍧椾笌鍚庣画璇彞涔嬮棿闇€瑕佹湁绌虹櫧琛?(https://learn.microsoft.com/dotnet/fundamentals/code-analysis/style-rules/ide2003) [C:\UserWorx\VSWorx\ServoStudio\wpfui-servoStudio\samples\Wpf.Ui.servoStudio\servoStudio.csproj]
C:\UserWorx\VSWorx\ServoStudio\wpfui-servoStudio\samples\Wpf.Ui.servoStudio\Core\CANopen\VirtualCanBus.cs(26,56): warning IDE0055: 淇鏍煎紡 (https://learn.microsoft.com/dotnet/fundamentals/code-analysis/style-rules/ide0055) [C:\UserWorx\VSWorx\ServoStudio\wpfui-servoStudio\samples\Wpf.Ui.servoStudio\servoStudio.csproj]
C:\UserWorx\VSWorx\ServoStudio\wpfui-servoStudio\samples\Wpf.Ui.servoStudio\Core\CANopen\VirtualCanBus.cs(26,58): warning IDE0055: 淇鏍煎紡 (https://learn.microsoft.com/dotnet/fundamentals/code-analysis/style-rules/ide0055) [C:\UserWorx\VSWorx\ServoStudio\wpfui-servoStudio\samples\Wpf.Ui.servoStudio\servoStudio.csproj]
C:\UserWorx\VSWorx\ServoStudio\wpfui-servoStudio\samples\Wpf.Ui.servoStudio\Core\CANopen\VirtualCanBus.cs(26,68): warning IDE0055: 淇鏍煎紡 (https://learn.microsoft.com/dotnet/fundamentals/code-analysis/style-rules/ide0055) [C:\UserWorx\VSWorx\ServoStudio\wpfui-servoStudio\samples\Wpf.Ui.servoStudio\servoStudio.csproj]
C:\UserWorx\VSWorx\ServoStudio\wpfui-servoStudio\samples\Wpf.Ui.servoStudio\Core\CANopen\VirtualCanBus.cs(28,23): warning IDE0055: 淇鏍煎紡 (https://learn.microsoft.com/dotnet/fundamentals/code-analysis/style-rules/ide0055) [C:\UserWorx\VSWorx\ServoStudio\wpfui-servoStudio\samples\Wpf.Ui.servoStudio\servoStudio.csproj]
C:\UserWorx\VSWorx\ServoStudio\wpfui-servoStudio\samples\Wpf.Ui.servoStudio\Core\CANopen\VirtualCanBus.cs(28,25): warning IDE0055: 淇鏍煎紡 (https://learn.microsoft.com/dotnet/fundamentals/code-analysis/style-rules/ide0055) [C:\UserWorx\VSWorx\ServoStudio\wpfui-servoStudio\samples\Wpf.Ui.servoStudio\servoStudio.csproj]
C:\UserWorx\VSWorx\ServoStudio\wpfui-servoStudio\samples\Wpf.Ui.servoStudio\Core\CANopen\VirtualCanBus.cs(28,43): warning IDE0055: 淇鏍煎紡 (https://learn.microsoft.com/dotnet/fundamentals/code-analysis/style-rules/ide0055) [C:\UserWorx\VSWorx\ServoStudio\wpfui-servoStudio\samples\Wpf.Ui.servoStudio\servoStudio.csproj]
C:\UserWorx\VSWorx\ServoStudio\wpfui-servoStudio\samples\Wpf.Ui.servoStudio\Core\CANopen\VirtualCanBus.cs(41,40): warning IDE0055: 淇鏍煎紡 (https://learn.microsoft.com/dotnet/fundamentals/code-analysis/style-rules/ide0055) [C:\UserWorx\VSWorx\ServoStudio\wpfui-servoStudio\samples\Wpf.Ui.servoStudio\servoStudio.csproj]
C:\UserWorx\VSWorx\ServoStudio\wpfui-servoStudio\samples\Wpf.Ui.servoStudio\Core\CANopen\VirtualCanBus.cs(41,42): warning IDE0055: 淇鏍煎紡 (https://learn.microsoft.com/dotnet/fundamentals/code-analysis/style-rules/ide0055) [C:\UserWorx\VSWorx\ServoStudio\wpfui-servoStudio\samples\Wpf.Ui.servoStudio\servoStudio.csproj]
C:\UserWorx\VSWorx\ServoStudio\wpfui-servoStudio\samples\Wpf.Ui.servoStudio\Core\CANopen\VirtualCanBus.cs(91,12): warning IDE0055: 淇鏍煎紡 (https://learn.microsoft.com/dotnet/fundamentals/code-analysis/style-rules/ide0055) [C:\UserWorx\VSWorx\ServoStudio\wpfui-servoStudio\samples\Wpf.Ui.servoStudio\servoStudio.csproj]
C:\UserWorx\VSWorx\ServoStudio\wpfui-servoStudio\samples\Wpf.Ui.servoStudio\Core\CANopen\VirtualCanBus.cs(91,14): warning IDE0055: 淇鏍煎紡 (https://learn.microsoft.com/dotnet/fundamentals/code-analysis/style-rules/ide0055) [C:\UserWorx\VSWorx\ServoStudio\wpfui-servoStudio\samples\Wpf.Ui.servoStudio\servoStudio.csproj]
C:\UserWorx\VSWorx\ServoStudio\wpfui-servoStudio\samples\Wpf.Ui.servoStudio\Core\CANopen\VirtualCanBus.cs(91,23): warning IDE0055: 淇鏍煎紡 (https://learn.microsoft.com/dotnet/fundamentals/code-analysis/style-rules/ide0055) [C:\UserWorx\VSWorx\ServoStudio\wpfui-servoStudio\samples\Wpf.Ui.servoStudio\servoStudio.csproj]
C:\UserWorx\VSWorx\ServoStudio\wpfui-servoStudio\samples\Wpf.Ui.servoStudio\Core\CANopen\VirtualCanBus.cs(91,25): warning IDE0055: 淇鏍煎紡 (https://learn.microsoft.com/dotnet/fundamentals/code-analysis/style-rules/ide0055) [C:\UserWorx\VSWorx\ServoStudio\wpfui-servoStudio\samples\Wpf.Ui.servoStudio\servoStudio.csproj]
C:\UserWorx\VSWorx\ServoStudio\wpfui-servoStudio\samples\Wpf.Ui.servoStudio\Core\CANopen\VirtualCanBus.cs(70,72): warning IDE2003: 鍧椾笌鍚庣画璇彞涔嬮棿闇€瑕佹湁绌虹櫧琛?(https://learn.microsoft.com/dotnet/fundamentals/code-analysis/style-rules/ide2003) [C:\UserWorx\VSWorx\ServoStudio\wpfui-servoStudio\samples\Wpf.Ui.servoStudio\servoStudio.csproj]
C:\UserWorx\VSWorx\ServoStudio\wpfui-servoStudio\samples\Wpf.Ui.servoStudio\Core\CANopen\VirtualCanBus.cs(91,47): warning IDE2003: 鍧椾笌鍚庣画璇彞涔嬮棿闇€瑕佹湁绌虹櫧琛?(https://learn.microsoft.com/dotnet/fundamentals/code-analysis/style-rules/ide2003) [C:\UserWorx\VSWorx\ServoStudio\wpfui-servoStudio\samples\Wpf.Ui.servoStudio\servoStudio.csproj]
C:\UserWorx\VSWorx\ServoStudio\wpfui-servoStudio\samples\Wpf.Ui.servoStudio\Core\EtherCAT\EtherCatCyclicSyncService.cs(76,16): warning IDE0055: 淇鏍煎紡 (https://learn.microsoft.com/dotnet/fundamentals/code-analysis/style-rules/ide0055) [C:\UserWorx\VSWorx\ServoStudio\wpfui-servoStudio\samples\Wpf.Ui.servoStudio\servoStudio.csproj]
C:\UserWorx\VSWorx\ServoStudio\wpfui-servoStudio\samples\Wpf.Ui.servoStudio\Core\EtherCAT\EtherCatCyclicSyncService.cs(76,18): warning IDE0055: 淇鏍煎紡 (https://learn.microsoft.com/dotnet/fundamentals/code-analysis/style-rules/ide0055) [C:\UserWorx\VSWorx\ServoStudio\wpfui-servoStudio\samples\Wpf.Ui.servoStudio\servoStudio.csproj]
C:\UserWorx\VSWorx\ServoStudio\wpfui-servoStudio\samples\Wpf.Ui.servoStudio\Core\EtherCAT\EtherCatCyclicSyncService.cs(76,40): warning IDE0055: 淇鏍煎紡 (https://learn.microsoft.com/dotnet/fundamentals/code-analysis/style-rules/ide0055) [C:\UserWorx\VSWorx\ServoStudio\wpfui-servoStudio\samples\Wpf.Ui.servoStudio\servoStudio.csproj]
C:\UserWorx\VSWorx\ServoStudio\wpfui-servoStudio\samples\Wpf.Ui.servoStudio\Core\EtherCAT\EtherCatCyclicSyncService.cs(76,42): warning IDE0055: 淇鏍煎紡 (https://learn.microsoft.com/dotnet/fundamentals/code-analysis/style-rules/ide0055) [C:\UserWorx\VSWorx\ServoStudio\wpfui-servoStudio\samples\Wpf.Ui.servoStudio\servoStudio.csproj]
C:\UserWorx\VSWorx\ServoStudio\wpfui-servoStudio\samples\Wpf.Ui.servoStudio\Core\EtherCAT\EtherCatCyclicSyncService.cs(85,16): warning IDE0055: 淇鏍煎紡 (https://learn.microsoft.com/dotnet/fundamentals/code-analysis/style-rules/ide0055) [C:\UserWorx\VSWorx\ServoStudio\wpfui-servoStudio\samples\Wpf.Ui.servoStudio\servoStudio.csproj]
C:\UserWorx\VSWorx\ServoStudio\wpfui-servoStudio\samples\Wpf.Ui.servoStudio\Core\EtherCAT\EtherCatCyclicSyncService.cs(85,18): warning IDE0055: 淇鏍煎紡 (https://learn.microsoft.com/dotnet/fundamentals/code-analysis/style-rules/ide0055) [C:\UserWorx\VSWorx\ServoStudio\wpfui-servoStudio\samples\Wpf.Ui.servoStudio\servoStudio.csproj]
C:\UserWorx\VSWorx\ServoStudio\wpfui-servoStudio\samples\Wpf.Ui.servoStudio\Core\EtherCAT\EtherCatCyclicSyncService.cs(85,39): warning IDE0055: 淇鏍煎紡 (https://learn.microsoft.com/dotnet/fundamentals/code-analysis/style-rules/ide0055) [C:\UserWorx\VSWorx\ServoStudio\wpfui-servoStudio\samples\Wpf.Ui.servoStudio\servoStudio.csproj]
C:\UserWorx\VSWorx\ServoStudio\wpfui-servoStudio\samples\Wpf.Ui.servoStudio\Core\EtherCAT\EtherCatCyclicSyncService.cs(85,41): warning IDE0055: 淇鏍煎紡 (https://learn.microsoft.com/dotnet/fundamentals/code-analysis/style-rules/ide0055) [C:\UserWorx\VSWorx\ServoStudio\wpfui-servoStudio\samples\Wpf.Ui.servoStudio\servoStudio.csproj]
C:\UserWorx\VSWorx\ServoStudio\wpfui-servoStudio\samples\Wpf.Ui.servoStudio\Core\EtherCAT\EtherCatCyclicSyncService.cs(93,12): warning IDE0055: 淇鏍煎紡 (https://learn.microsoft.com/dotnet/fundamentals/code-analysis/style-rules/ide0055) [C:\UserWorx\VSWorx\ServoStudio\wpfui-servoStudio\samples\Wpf.Ui.servoStudio\servoStudio.csproj]
C:\UserWorx\VSWorx\ServoStudio\wpfui-servoStudio\samples\Wpf.Ui.servoStudio\Core\EtherCAT\EtherCatCyclicSyncService.cs(93,14): warning IDE0055: 淇鏍煎紡 (https://learn.microsoft.com/dotnet/fundamentals/code-analysis/style-rules/ide0055) [C:\UserWorx\VSWorx\ServoStudio\wpfui-servoStudio\samples\Wpf.Ui.servoStudio\servoStudio.csproj]
C:\UserWorx\VSWorx\ServoStudio\wpfui-servoStudio\samples\Wpf.Ui.servoStudio\Core\EtherCAT\EtherCatCyclicSyncService.cs(93,30): warning IDE0055: 淇鏍煎紡 (https://learn.microsoft.com/dotnet/fundamentals/code-analysis/style-rules/ide0055) [C:\UserWorx\VSWorx\ServoStudio\wpfui-servoStudio\samples\Wpf.Ui.servoStudio\servoStudio.csproj]
C:\UserWorx\VSWorx\ServoStudio\wpfui-servoStudio\samples\Wpf.Ui.servoStudio\Core\EtherCAT\EtherCatCyclicSyncService.cs(93,32): warning IDE0055: 淇鏍煎紡 (https://learn.microsoft.com/dotnet/fundamentals/code-analysis/style-rules/ide0055) [C:\UserWorx\VSWorx\ServoStudio\wpfui-servoStudio\samples\Wpf.Ui.servoStudio\servoStudio.csproj]
C:\UserWorx\VSWorx\ServoStudio\wpfui-servoStudio\samples\Wpf.Ui.servoStudio\Core\EtherCAT\EtherCatCyclicSyncService.cs(94,12): warning IDE0055: 淇鏍煎紡 (https://learn.microsoft.com/dotnet/fundamentals/code-analysis/style-rules/ide0055) [C:\UserWorx\VSWorx\ServoStudio\wpfui-servoStudio\samples\Wpf.Ui.servoStudio\servoStudio.csproj]
C:\UserWorx\VSWorx\ServoStudio\wpfui-servoStudio\samples\Wpf.Ui.servoStudio\Core\EtherCAT\EtherCatCyclicSyncService.cs(94,14): warning IDE0055: 淇鏍煎紡 (https://learn.microsoft.com/dotnet/fundamentals/code-analysis/style-rules/ide0055) [C:\UserWorx\VSWorx\ServoStudio\wpfui-servoStudio\samples\Wpf.Ui.servoStudio\servoStudio.csproj]
C:\UserWorx\VSWorx\ServoStudio\wpfui-servoStudio\samples\Wpf.Ui.servoStudio\Core\EtherCAT\EtherCatCyclicSyncService.cs(94,33): warning IDE0055: 淇鏍煎紡 (https://learn.microsoft.com/dotnet/fundamentals/code-analysis/style-rules/ide0055) [C:\UserWorx\VSWorx\ServoStudio\wpfui-servoStudio\samples\Wpf.Ui.servoStudio\servoStudio.csproj]
C:\UserWorx\VSWorx\ServoStudio\wpfui-servoStudio\samples\Wpf.Ui.servoStudio\Core\EtherCAT\EtherCatCyclicSyncService.cs(94,35): warning IDE0055: 淇鏍煎紡 (https://learn.microsoft.com/dotnet/fundamentals/code-analysis/style-rules/ide0055) [C:\UserWorx\VSWorx\ServoStudio\wpfui-servoStudio\samples\Wpf.Ui.servoStudio\servoStudio.csproj]
C:\UserWorx\VSWorx\ServoStudio\wpfui-servoStudio\samples\Wpf.Ui.servoStudio\Core\EtherCAT\EtherCatCyclicSyncService.cs(183,12): warning IDE0055: 淇鏍煎紡 (https://learn.microsoft.com/dotnet/fundamentals/code-analysis/style-rules/ide0055) [C:\UserWorx\VSWorx\ServoStudio\wpfui-servoStudio\samples\Wpf.Ui.servoStudio\servoStudio.csproj]
C:\UserWorx\VSWorx\ServoStudio\wpfui-servoStudio\samples\Wpf.Ui.servoStudio\Core\EtherCAT\EtherCatCyclicSyncService.cs(183,14): warning IDE0055: 淇鏍煎紡 (https://learn.microsoft.com/dotnet/fundamentals/code-analysis/style-rules/ide0055) [C:\UserWorx\VSWorx\ServoStudio\wpfui-servoStudio\samples\Wpf.Ui.servoStudio\servoStudio.csproj]
C:\UserWorx\VSWorx\ServoStudio\wpfui-servoStudio\samples\Wpf.Ui.servoStudio\Core\EtherCAT\EtherCatCyclicSyncService.cs(183,79): warning IDE0055: 淇鏍煎紡 (https://learn.microsoft.com/dotnet/fundamentals/code-analysis/style-rules/ide0055) [C:\UserWorx\VSWorx\ServoStudio\wpfui-servoStudio\samples\Wpf.Ui.servoStudio\servoStudio.csproj]
C:\UserWorx\VSWorx\ServoStudio\wpfui-servoStudio\samples\Wpf.Ui.servoStudio\Core\EtherCAT\EtherCatCyclicSyncService.cs(183,81): warning IDE0055: 淇鏍煎紡 (https://learn.microsoft.com/dotnet/fundamentals/code-analysis/style-rules/ide0055) [C:\UserWorx\VSWorx\ServoStudio\wpfui-servoStudio\samples\Wpf.Ui.servoStudio\servoStudio.csproj]
C:\UserWorx\VSWorx\ServoStudio\wpfui-servoStudio\samples\Wpf.Ui.servoStudio\Core\EtherCAT\EtherCatCyclicSyncService.cs(184,12): warning IDE0055: 淇鏍煎紡 (https://learn.microsoft.com/dotnet/fundamentals/code-analysis/style-rules/ide0055) [C:\UserWorx\VSWorx\ServoStudio\wpfui-servoStudio\samples\Wpf.Ui.servoStudio\servoStudio.csproj]
C:\UserWorx\VSWorx\ServoStudio\wpfui-servoStudio\samples\Wpf.Ui.servoStudio\Core\EtherCAT\EtherCatCyclicSyncService.cs(184,14): warning IDE0055: 淇鏍煎紡 (https://learn.microsoft.com/dotnet/fundamentals/code-analysis/style-rules/ide0055) [C:\UserWorx\VSWorx\ServoStudio\wpfui-servoStudio\samples\Wpf.Ui.servoStudio\servoStudio.csproj]
C:\UserWorx\VSWorx\ServoStudio\wpfui-servoStudio\samples\Wpf.Ui.servoStudio\Core\EtherCAT\EtherCatCyclicSyncService.cs(184,79): warning IDE0055: 淇鏍煎紡 (https://learn.microsoft.com/dotnet/fundamentals/code-analysis/style-rules/ide0055) [C:\UserWorx\VSWorx\ServoStudio\wpfui-servoStudio\samples\Wpf.Ui.servoStudio\servoStudio.csproj]
C:\UserWorx\VSWorx\ServoStudio\wpfui-servoStudio\samples\Wpf.Ui.servoStudio\Core\EtherCAT\EtherCatCyclicSyncService.cs(184,81): warning IDE0055: 淇鏍煎紡 (https://learn.microsoft.com/dotnet/fundamentals/code-analysis/style-rules/ide0055) [C:\UserWorx\VSWorx\ServoStudio\wpfui-servoStudio\samples\Wpf.Ui.servoStudio\servoStudio.csproj]
C:\UserWorx\VSWorx\ServoStudio\wpfui-servoStudio\samples\Wpf.Ui.servoStudio\Core\EtherCAT\EtherCatCyclicSyncService.cs(76,64): warning IDE2003: 鍧椾笌鍚庣画璇彞涔嬮棿闇€瑕佹湁绌虹櫧琛?(https://learn.microsoft.com/dotnet/fundamentals/code-analysis/style-rules/ide2003) [C:\UserWorx\VSWorx\ServoStudio\wpfui-servoStudio\samples\Wpf.Ui.servoStudio\servoStudio.csproj]
C:\UserWorx\VSWorx\ServoStudio\wpfui-servoStudio\samples\Wpf.Ui.servoStudio\Core\EtherCAT\EtherCatCyclicSyncService.cs(84,61): warning IDE2003: 鍧椾笌鍚庣画璇彞涔嬮棿闇€瑕佹湁绌虹櫧琛?(https://learn.microsoft.com/dotnet/fundamentals/code-analysis/style-rules/ide2003) [C:\UserWorx\VSWorx\ServoStudio\wpfui-servoStudio\samples\Wpf.Ui.servoStudio\servoStudio.csproj]
C:\UserWorx\VSWorx\ServoStudio\wpfui-servoStudio\samples\Wpf.Ui.servoStudio\Core\EtherCAT\EtherCatCyclicSyncService.cs(85,63): warning IDE2003: 鍧椾笌鍚庣画璇彞涔嬮棿闇€瑕佹湁绌虹櫧琛?(https://learn.microsoft.com/dotnet/fundamentals/code-analysis/style-rules/ide2003) [C:\UserWorx\VSWorx\ServoStudio\wpfui-servoStudio\samples\Wpf.Ui.servoStudio\servoStudio.csproj]
C:\UserWorx\VSWorx\ServoStudio\wpfui-servoStudio\samples\Wpf.Ui.servoStudio\Core\EtherCAT\EtherCatCyclicSyncService.cs(93,54): warning IDE2003: 鍧椾笌鍚庣画璇彞涔嬮棿闇€瑕佹湁绌虹櫧琛?(https://learn.microsoft.com/dotnet/fundamentals/code-analysis/style-rules/ide2003) [C:\UserWorx\VSWorx\ServoStudio\wpfui-servoStudio\samples\Wpf.Ui.servoStudio\servoStudio.csproj]
C:\UserWorx\VSWorx\ServoStudio\wpfui-servoStudio\samples\Wpf.Ui.servoStudio\Core\EtherCAT\EtherCatCyclicSyncService.cs(94,57): warning IDE2003: 鍧椾笌鍚庣画璇彞涔嬮棿闇€瑕佹湁绌虹櫧琛?(https://learn.microsoft.com/dotnet/fundamentals/code-analysis/style-rules/ide2003) [C:\UserWorx\VSWorx\ServoStudio\wpfui-servoStudio\samples\Wpf.Ui.servoStudio\servoStudio.csproj]
C:\UserWorx\VSWorx\ServoStudio\wpfui-servoStudio\samples\Wpf.Ui.servoStudio\Core\EtherCAT\EtherCatCyclicSyncService.cs(183,103): warning IDE2003: 鍧椾笌鍚庣画璇彞涔嬮棿闇€瑕佹湁绌虹櫧琛?(https://learn.microsoft.com/dotnet/fundamentals/code-analysis/style-rules/ide2003) [C:\UserWorx\VSWorx\ServoStudio\wpfui-servoStudio\samples\Wpf.Ui.servoStudio\servoStudio.csproj]
C:\UserWorx\VSWorx\ServoStudio\wpfui-servoStudio\samples\Wpf.Ui.servoStudio\Core\IServoMaster.cs(33,18): warning IDE0055: 淇鏍煎紡 (https://learn.microsoft.com/dotnet/fundamentals/code-analysis/style-rules/ide0055) [C:\UserWorx\VSWorx\ServoStudio\wpfui-servoStudio\samples\Wpf.Ui.servoStudio\servoStudio.csproj]
C:\UserWorx\VSWorx\ServoStudio\wpfui-servoStudio\samples\Wpf.Ui.servoStudio\Core\IServoMaster.cs(33,20): warning IDE0055: 淇鏍煎紡 (https://learn.microsoft.com/dotnet/fundamentals/code-analysis/style-rules/ide0055) [C:\UserWorx\VSWorx\ServoStudio\wpfui-servoStudio\samples\Wpf.Ui.servoStudio\servoStudio.csproj]
C:\UserWorx\VSWorx\ServoStudio\wpfui-servoStudio\samples\Wpf.Ui.servoStudio\Core\IServoMaster.cs(33,25): warning IDE0055: 淇鏍煎紡 (https://learn.microsoft.com/dotnet/fundamentals/code-analysis/style-rules/ide0055) [C:\UserWorx\VSWorx\ServoStudio\wpfui-servoStudio\samples\Wpf.Ui.servoStudio\servoStudio.csproj]
C:\UserWorx\VSWorx\ServoStudio\wpfui-servoStudio\samples\Wpf.Ui.servoStudio\Core\IServoMaster.cs(36,22): warning IDE0055: 淇鏍煎紡 (https://learn.microsoft.com/dotnet/fundamentals/code-analysis/style-rules/ide0055) [C:\UserWorx\VSWorx\ServoStudio\wpfui-servoStudio\samples\Wpf.Ui.servoStudio\servoStudio.csproj]
C:\UserWorx\VSWorx\ServoStudio\wpfui-servoStudio\samples\Wpf.Ui.servoStudio\Core\IServoMaster.cs(36,24): warning IDE0055: 淇鏍煎紡 (https://learn.microsoft.com/dotnet/fundamentals/code-analysis/style-rules/ide0055) [C:\UserWorx\VSWorx\ServoStudio\wpfui-servoStudio\samples\Wpf.Ui.servoStudio\servoStudio.csproj]
C:\UserWorx\VSWorx\ServoStudio\wpfui-servoStudio\samples\Wpf.Ui.servoStudio\Core\IServoMaster.cs(36,29): warning IDE0055: 淇鏍煎紡 (https://learn.microsoft.com/dotnet/fundamentals/code-analysis/style-rules/ide0055) [C:\UserWorx\VSWorx\ServoStudio\wpfui-servoStudio\samples\Wpf.Ui.servoStudio\servoStudio.csproj]
C:\UserWorx\VSWorx\ServoStudio\wpfui-servoStudio\samples\Wpf.Ui.servoStudio\Core\IServoMaster.cs(39,28): warning IDE0055: 淇鏍煎紡 (https://learn.microsoft.com/dotnet/fundamentals/code-analysis/style-rules/ide0055) [C:\UserWorx\VSWorx\ServoStudio\wpfui-servoStudio\samples\Wpf.Ui.servoStudio\servoStudio.csproj]
C:\UserWorx\VSWorx\ServoStudio\wpfui-servoStudio\samples\Wpf.Ui.servoStudio\Core\IServoMaster.cs(39,30): warning IDE0055: 淇鏍煎紡 (https://learn.microsoft.com/dotnet/fundamentals/code-analysis/style-rules/ide0055) [C:\UserWorx\VSWorx\ServoStudio\wpfui-servoStudio\samples\Wpf.Ui.servoStudio\servoStudio.csproj]
C:\UserWorx\VSWorx\ServoStudio\wpfui-servoStudio\samples\Wpf.Ui.servoStudio\Core\IServoMaster.cs(39,35): warning IDE0055: 淇鏍煎紡 (https://learn.microsoft.com/dotnet/fundamentals/code-analysis/style-rules/ide0055) [C:\UserWorx\VSWorx\ServoStudio\wpfui-servoStudio\samples\Wpf.Ui.servoStudio\servoStudio.csproj]
C:\UserWorx\VSWorx\ServoStudio\wpfui-servoStudio\samples\Wpf.Ui.servoStudio\Core\Modbus\ModbusRtuMaster.cs(77,33): warning IDE0055: 淇鏍煎紡 (https://learn.microsoft.com/dotnet/fundamentals/code-analysis/style-rules/ide0055) [C:\UserWorx\VSWorx\ServoStudio\wpfui-servoStudio\samples\Wpf.Ui.servoStudio\servoStudio.csproj]
C:\UserWorx\VSWorx\ServoStudio\wpfui-servoStudio\samples\Wpf.Ui.servoStudio\Core\Modbus\ModbusRtuMaster.cs(77,35): warning IDE0055: 淇鏍煎紡 (https://learn.microsoft.com/dotnet/fundamentals/code-analysis/style-rules/ide0055) [C:\UserWorx\VSWorx\ServoStudio\wpfui-servoStudio\samples\Wpf.Ui.servoStudio\servoStudio.csproj]
C:\UserWorx\VSWorx\ServoStudio\wpfui-servoStudio\samples\Wpf.Ui.servoStudio\Core\Modbus\ModbusRtuMaster.cs(77,45): warning IDE0055: 淇鏍煎紡 (https://learn.microsoft.com/dotnet/fundamentals/code-analysis/style-rules/ide0055) [C:\UserWorx\VSWorx\ServoStudio\wpfui-servoStudio\samples\Wpf.Ui.servoStudio\servoStudio.csproj]
C:\UserWorx\VSWorx\ServoStudio\wpfui-servoStudio\samples\Wpf.Ui.servoStudio\Core\Modbus\ModbusRtuMaster.cs(80,26): warning IDE0055: 淇鏍煎紡 (https://learn.microsoft.com/dotnet/fundamentals/code-analysis/style-rules/ide0055) [C:\UserWorx\VSWorx\ServoStudio\wpfui-servoStudio\samples\Wpf.Ui.servoStudio\servoStudio.csproj]
C:\UserWorx\VSWorx\ServoStudio\wpfui-servoStudio\samples\Wpf.Ui.servoStudio\Core\Modbus\ModbusRtuMaster.cs(80,28): warning IDE0055: 淇鏍煎紡 (https://learn.microsoft.com/dotnet/fundamentals/code-analysis/style-rules/ide0055) [C:\UserWorx\VSWorx\ServoStudio\wpfui-servoStudio\samples\Wpf.Ui.servoStudio\servoStudio.csproj]
C:\UserWorx\VSWorx\ServoStudio\wpfui-servoStudio\samples\Wpf.Ui.servoStudio\Core\Modbus\ModbusRtuMaster.cs(80,38): warning IDE0055: 淇鏍煎紡 (https://learn.microsoft.com/dotnet/fundamentals/code-analysis/style-rules/ide0055) [C:\UserWorx\VSWorx\ServoStudio\wpfui-servoStudio\samples\Wpf.Ui.servoStudio\servoStudio.csproj]
C:\UserWorx\VSWorx\ServoStudio\wpfui-servoStudio\samples\Wpf.Ui.servoStudio\Core\Modbus\ModbusRtuMaster.cs(95,40): warning IDE0055: 淇鏍煎紡 (https://learn.microsoft.com/dotnet/fundamentals/code-analysis/style-rules/ide0055) [C:\UserWorx\VSWorx\ServoStudio\wpfui-servoStudio\samples\Wpf.Ui.servoStudio\servoStudio.csproj]
C:\UserWorx\VSWorx\ServoStudio\wpfui-servoStudio\samples\Wpf.Ui.servoStudio\Core\Modbus\ModbusRtuMaster.cs(95,42): warning IDE0055: 淇鏍煎紡 (https://learn.microsoft.com/dotnet/fundamentals/code-analysis/style-rules/ide0055) [C:\UserWorx\VSWorx\ServoStudio\wpfui-servoStudio\samples\Wpf.Ui.servoStudio\servoStudio.csproj]
C:\UserWorx\VSWorx\ServoStudio\wpfui-servoStudio\samples\Wpf.Ui.servoStudio\Core\Modbus\ModbusRtuMaster.cs(95,60): warning IDE0055: 淇鏍煎紡 (https://learn.microsoft.com/dotnet/fundamentals/code-analysis/style-rules/ide0055) [C:\UserWorx\VSWorx\ServoStudio\wpfui-servoStudio\samples\Wpf.Ui.servoStudio\servoStudio.csproj]
C:\UserWorx\VSWorx\ServoStudio\wpfui-servoStudio\samples\Wpf.Ui.servoStudio\Core\Modbus\ModbusRtuMaster.cs(110,33): warning IDE0055: 淇鏍煎紡 (https://learn.microsoft.com/dotnet/fundamentals/code-analysis/style-rules/ide0055) [C:\UserWorx\VSWorx\ServoStudio\wpfui-servoStudio\samples\Wpf.Ui.servoStudio\servoStudio.csproj]
C:\UserWorx\VSWorx\ServoStudio\wpfui-servoStudio\samples\Wpf.Ui.servoStudio\Core\Modbus\ModbusRtuMaster.cs(110,35): warning IDE0055: 淇鏍煎紡 (https://learn.microsoft.com/dotnet/fundamentals/code-analysis/style-rules/ide0055) [C:\UserWorx\VSWorx\ServoStudio\wpfui-servoStudio\samples\Wpf.Ui.servoStudio\servoStudio.csproj]
C:\UserWorx\VSWorx\ServoStudio\wpfui-servoStudio\samples\Wpf.Ui.servoStudio\Core\Modbus\ModbusRtuMaster.cs(110,53): warning IDE0055: 淇鏍煎紡 (https://learn.microsoft.com/dotnet/fundamentals/code-analysis/style-rules/ide0055) [C:\UserWorx\VSWorx\ServoStudio\wpfui-servoStudio\samples\Wpf.Ui.servoStudio\servoStudio.csproj]
C:\UserWorx\VSWorx\ServoStudio\wpfui-servoStudio\samples\Wpf.Ui.servoStudio\Core\Modbus\ModbusRtuMaster.cs(126,16): warning IDE0055: 淇鏍煎紡 (https://learn.microsoft.com/dotnet/fundamentals/code-analysis/style-rules/ide0055) [C:\UserWorx\VSWorx\ServoStudio\wpfui-servoStudio\samples\Wpf.Ui.servoStudio\servoStudio.csproj]
C:\UserWorx\VSWorx\ServoStudio\wpfui-servoStudio\samples\Wpf.Ui.servoStudio\Core\Modbus\ModbusRtuMaster.cs(126,18): warning IDE0055: 淇鏍煎紡 (https://learn.microsoft.com/dotnet/fundamentals/code-analysis/style-rules/ide0055) [C:\UserWorx\VSWorx\ServoStudio\wpfui-servoStudio\samples\Wpf.Ui.servoStudio\servoStudio.csproj]
C:\UserWorx\VSWorx\ServoStudio\wpfui-servoStudio\samples\Wpf.Ui.servoStudio\Core\Modbus\ModbusRtuMaster.cs(126,33): warning IDE0055: 淇鏍煎紡 (https://learn.microsoft.com/dotnet/fundamentals/code-analysis/style-rules/ide0055) [C:\UserWorx\VSWorx\ServoStudio\wpfui-servoStudio\samples\Wpf.Ui.servoStudio\servoStudio.csproj]
C:\UserWorx\VSWorx\ServoStudio\wpfui-servoStudio\samples\Wpf.Ui.servoStudio\Core\Modbus\ModbusRtuMaster.cs(126,35): warning IDE0055: 淇鏍煎紡 (https://learn.microsoft.com/dotnet/fundamentals/code-analysis/style-rules/ide0055) [C:\UserWorx\VSWorx\ServoStudio\wpfui-servoStudio\samples\Wpf.Ui.servoStudio\servoStudio.csproj]
C:\UserWorx\VSWorx\ServoStudio\wpfui-servoStudio\samples\Wpf.Ui.servoStudio\Core\Modbus\ModbusRtuMaster.cs(196,16): warning IDE0055: 淇鏍煎紡 (https://learn.microsoft.com/dotnet/fundamentals/code-analysis/style-rules/ide0055) [C:\UserWorx\VSWorx\ServoStudio\wpfui-servoStudio\samples\Wpf.Ui.servoStudio\servoStudio.csproj]
C:\UserWorx\VSWorx\ServoStudio\wpfui-servoStudio\samples\Wpf.Ui.servoStudio\Core\Modbus\ModbusRtuMaster.cs(196,18): warning IDE0055: 淇鏍煎紡 (https://learn.microsoft.com/dotnet/fundamentals/code-analysis/style-rules/ide0055) [C:\UserWorx\VSWorx\ServoStudio\wpfui-servoStudio\samples\Wpf.Ui.servoStudio\servoStudio.csproj]
C:\UserWorx\VSWorx\ServoStudio\wpfui-servoStudio\samples\Wpf.Ui.servoStudio\Core\Modbus\ModbusRtuMaster.cs(196,33): warning IDE0055: 淇鏍煎紡 (https://learn.microsoft.com/dotnet/fundamentals/code-analysis/style-rules/ide0055) [C:\UserWorx\VSWorx\ServoStudio\wpfui-servoStudio\samples\Wpf.Ui.servoStudio\servoStudio.csproj]
C:\UserWorx\VSWorx\ServoStudio\wpfui-servoStudio\samples\Wpf.Ui.servoStudio\Core\Modbus\ModbusRtuMaster.cs(196,35): warning IDE0055: 淇鏍煎紡 (https://learn.microsoft.com/dotnet/fundamentals/code-analysis/style-rules/ide0055) [C:\UserWorx\VSWorx\ServoStudio\wpfui-servoStudio\samples\Wpf.Ui.servoStudio\servoStudio.csproj]
C:\UserWorx\VSWorx\ServoStudio\wpfui-servoStudio\samples\Wpf.Ui.servoStudio\Core\Modbus\ModbusRtuMaster.cs(224,12): warning IDE0055: 淇鏍煎紡 (https://learn.microsoft.com/dotnet/fundamentals/code-analysis/style-rules/ide0055) [C:\UserWorx\VSWorx\ServoStudio\wpfui-servoStudio\samples\Wpf.Ui.servoStudio\servoStudio.csproj]
C:\UserWorx\VSWorx\ServoStudio\wpfui-servoStudio\samples\Wpf.Ui.servoStudio\Core\Modbus\ModbusRtuMaster.cs(224,14): warning IDE0055: 淇鏍煎紡 (https://learn.microsoft.com/dotnet/fundamentals/code-analysis/style-rules/ide0055) [C:\UserWorx\VSWorx\ServoStudio\wpfui-servoStudio\samples\Wpf.Ui.servoStudio\servoStudio.csproj]
C:\UserWorx\VSWorx\ServoStudio\wpfui-servoStudio\samples\Wpf.Ui.servoStudio\Core\Modbus\ModbusRtuMaster.cs(224,23): warning IDE0055: 淇鏍煎紡 (https://learn.microsoft.com/dotnet/fundamentals/code-analysis/style-rules/ide0055) [C:\UserWorx\VSWorx\ServoStudio\wpfui-servoStudio\samples\Wpf.Ui.servoStudio\servoStudio.csproj]
C:\UserWorx\VSWorx\ServoStudio\wpfui-servoStudio\samples\Wpf.Ui.servoStudio\Core\Modbus\ModbusRtuMaster.cs(224,25): warning IDE0055: 淇鏍煎紡 (https://learn.microsoft.com/dotnet/fundamentals/code-analysis/style-rules/ide0055) [C:\UserWorx\VSWorx\ServoStudio\wpfui-servoStudio\samples\Wpf.Ui.servoStudio\servoStudio.csproj]
C:\UserWorx\VSWorx\ServoStudio\wpfui-servoStudio\samples\Wpf.Ui.servoStudio\Core\Modbus\ModbusRtuMaster.cs(281,12): warning IDE0055: 淇鏍煎紡 (https://learn.microsoft.com/dotnet/fundamentals/code-analysis/style-rules/ide0055) [C:\UserWorx\VSWorx\ServoStudio\wpfui-servoStudio\samples\Wpf.Ui.servoStudio\servoStudio.csproj]
C:\UserWorx\VSWorx\ServoStudio\wpfui-servoStudio\samples\Wpf.Ui.servoStudio\Core\Modbus\ModbusRtuMaster.cs(281,14): warning IDE0055: 淇鏍煎紡 (https://learn.microsoft.com/dotnet/fundamentals/code-analysis/style-rules/ide0055) [C:\UserWorx\VSWorx\ServoStudio\wpfui-servoStudio\samples\Wpf.Ui.servoStudio\servoStudio.csproj]
C:\UserWorx\VSWorx\ServoStudio\wpfui-servoStudio\samples\Wpf.Ui.servoStudio\Core\Modbus\ModbusRtuMaster.cs(281,36): warning IDE0055: 淇鏍煎紡 (https://learn.microsoft.com/dotnet/fundamentals/code-analysis/style-rules/ide0055) [C:\UserWorx\VSWorx\ServoStudio\wpfui-servoStudio\samples\Wpf.Ui.servoStudio\servoStudio.csproj]
C:\UserWorx\VSWorx\ServoStudio\wpfui-servoStudio\samples\Wpf.Ui.servoStudio\Core\Modbus\ModbusRtuMaster.cs(281,38): warning IDE0055: 淇鏍煎紡 (https://learn.microsoft.com/dotnet/fundamentals/code-analysis/style-rules/ide0055) [C:\UserWorx\VSWorx\ServoStudio\wpfui-servoStudio\samples\Wpf.Ui.servoStudio\servoStudio.csproj]
C:\UserWorx\VSWorx\ServoStudio\wpfui-servoStudio\samples\Wpf.Ui.servoStudio\Core\Modbus\ModbusRtuMaster.cs(282,12): warning IDE0055: 淇鏍煎紡 (https://learn.microsoft.com/dotnet/fundamentals/code-analysis/style-rules/ide0055) [C:\UserWorx\VSWorx\ServoStudio\wpfui-servoStudio\samples\Wpf.Ui.servoStudio\servoStudio.csproj]
C:\UserWorx\VSWorx\ServoStudio\wpfui-servoStudio\samples\Wpf.Ui.servoStudio\Core\Modbus\ModbusRtuMaster.cs(282,14): warning IDE0055: 淇鏍煎紡 (https://learn.microsoft.com/dotnet/fundamentals/code-analysis/style-rules/ide0055) [C:\UserWorx\VSWorx\ServoStudio\wpfui-servoStudio\samples\Wpf.Ui.servoStudio\servoStudio.csproj]
C:\UserWorx\VSWorx\ServoStudio\wpfui-servoStudio\samples\Wpf.Ui.servoStudio\Core\Modbus\ModbusRtuMaster.cs(282,40): warning IDE0055: 淇鏍煎紡 (https://learn.microsoft.com/dotnet/fundamentals/code-analysis/style-rules/ide0055) [C:\UserWorx\VSWorx\ServoStudio\wpfui-servoStudio\samples\Wpf.Ui.servoStudio\servoStudio.csproj]
C:\UserWorx\VSWorx\ServoStudio\wpfui-servoStudio\samples\Wpf.Ui.servoStudio\Core\Modbus\ModbusRtuMaster.cs(282,42): warning IDE0055: 淇鏍煎紡 (https://learn.microsoft.com/dotnet/fundamentals/code-analysis/style-rules/ide0055) [C:\UserWorx\VSWorx\ServoStudio\wpfui-servoStudio\samples\Wpf.Ui.servoStudio\servoStudio.csproj]
C:\UserWorx\VSWorx\ServoStudio\wpfui-servoStudio\samples\Wpf.Ui.servoStudio\Core\Modbus\ModbusRtuMaster.cs(284,12): warning IDE0055: 淇鏍煎紡 (https://learn.microsoft.com/dotnet/fundamentals/code-analysis/style-rules/ide0055) [C:\UserWorx\VSWorx\ServoStudio\wpfui-servoStudio\samples\Wpf.Ui.servoStudio\servoStudio.csproj]
C:\UserWorx\VSWorx\ServoStudio\wpfui-servoStudio\samples\Wpf.Ui.servoStudio\Core\Modbus\ModbusRtuMaster.cs(284,14): warning IDE0055: 淇鏍煎紡 (https://learn.microsoft.com/dotnet/fundamentals/code-analysis/style-rules/ide0055) [C:\UserWorx\VSWorx\ServoStudio\wpfui-servoStudio\samples\Wpf.Ui.servoStudio\servoStudio.csproj]
C:\UserWorx\VSWorx\ServoStudio\wpfui-servoStudio\samples\Wpf.Ui.servoStudio\Core\Modbus\ModbusRtuMaster.cs(284,37): warning IDE0055: 淇鏍煎紡 (https://learn.microsoft.com/dotnet/fundamentals/code-analysis/style-rules/ide0055) [C:\UserWorx\VSWorx\ServoStudio\wpfui-servoStudio\samples\Wpf.Ui.servoStudio\servoStudio.csproj]
C:\UserWorx\VSWorx\ServoStudio\wpfui-servoStudio\samples\Wpf.Ui.servoStudio\Core\Modbus\ModbusRtuMaster.cs(284,39): warning IDE0055: 淇鏍煎紡 (https://learn.microsoft.com/dotnet/fundamentals/code-analysis/style-rules/ide0055) [C:\UserWorx\VSWorx\ServoStudio\wpfui-servoStudio\samples\Wpf.Ui.servoStudio\servoStudio.csproj]
C:\UserWorx\VSWorx\ServoStudio\wpfui-servoStudio\samples\Wpf.Ui.servoStudio\Core\Modbus\ModbusRtuMaster.cs(296,16): warning IDE0055: 淇鏍煎紡 (https://learn.microsoft.com/dotnet/fundamentals/code-analysis/style-rules/ide0055) [C:\UserWorx\VSWorx\ServoStudio\wpfui-servoStudio\samples\Wpf.Ui.servoStudio\servoStudio.csproj]
C:\UserWorx\VSWorx\ServoStudio\wpfui-servoStudio\samples\Wpf.Ui.servoStudio\Core\Modbus\ModbusRtuMaster.cs(296,18): warning IDE0055: 淇鏍煎紡 (https://learn.microsoft.com/dotnet/fundamentals/code-analysis/style-rules/ide0055) [C:\UserWorx\VSWorx\ServoStudio\wpfui-servoStudio\samples\Wpf.Ui.servoStudio\servoStudio.csproj]
C:\UserWorx\VSWorx\ServoStudio\wpfui-servoStudio\samples\Wpf.Ui.servoStudio\Core\Modbus\ModbusRtuMaster.cs(296,55): warning IDE0055: 淇鏍煎紡 (https://learn.microsoft.com/dotnet/fundamentals/code-analysis/style-rules/ide0055) [C:\UserWorx\VSWorx\ServoStudio\wpfui-servoStudio\samples\Wpf.Ui.servoStudio\servoStudio.csproj]
C:\UserWorx\VSWorx\ServoStudio\wpfui-servoStudio\samples\Wpf.Ui.servoStudio\Core\Modbus\ModbusRtuMaster.cs(296,57): warning IDE0055: 淇鏍煎紡 (https://learn.microsoft.com/dotnet/fundamentals/code-analysis/style-rules/ide0055) [C:\UserWorx\VSWorx\ServoStudio\wpfui-servoStudio\samples\Wpf.Ui.servoStudio\servoStudio.csproj]
C:\UserWorx\VSWorx\ServoStudio\wpfui-servoStudio\samples\Wpf.Ui.servoStudio\Core\Modbus\ModbusRtuMaster.cs(297,16): warning IDE0055: 淇鏍煎紡 (https://learn.microsoft.com/dotnet/fundamentals/code-analysis/style-rules/ide0055) [C:\UserWorx\VSWorx\ServoStudio\wpfui-servoStudio\samples\Wpf.Ui.servoStudio\servoStudio.csproj]
C:\UserWorx\VSWorx\ServoStudio\wpfui-servoStudio\samples\Wpf.Ui.servoStudio\Core\Modbus\ModbusRtuMaster.cs(297,18): warning IDE0055: 淇鏍煎紡 (https://learn.microsoft.com/dotnet/fundamentals/code-analysis/style-rules/ide0055) [C:\UserWorx\VSWorx\ServoStudio\wpfui-servoStudio\samples\Wpf.Ui.servoStudio\servoStudio.csproj]
C:\UserWorx\VSWorx\ServoStudio\wpfui-servoStudio\samples\Wpf.Ui.servoStudio\Core\Modbus\ModbusRtuMaster.cs(297,43): warning IDE0055: 淇鏍煎紡 (https://learn.microsoft.com/dotnet/fundamentals/code-analysis/style-rules/ide0055) [C:\UserWorx\VSWorx\ServoStudio\wpfui-servoStudio\samples\Wpf.Ui.servoStudio\servoStudio.csproj]
C:\UserWorx\VSWorx\ServoStudio\wpfui-servoStudio\samples\Wpf.Ui.servoStudio\Core\Modbus\ModbusRtuMaster.cs(297,45): warning IDE0055: 淇鏍煎紡 (https://learn.microsoft.com/dotnet/fundamentals/code-analysis/style-rules/ide0055) [C:\UserWorx\VSWorx\ServoStudio\wpfui-servoStudio\samples\Wpf.Ui.servoStudio\servoStudio.csproj]
C:\UserWorx\VSWorx\ServoStudio\wpfui-servoStudio\samples\Wpf.Ui.servoStudio\Core\Modbus\ModbusRtuMaster.cs(328,32): warning IDE0055: 淇鏍煎紡 (https://learn.microsoft.com/dotnet/fundamentals/code-analysis/style-rules/ide0055) [C:\UserWorx\VSWorx\ServoStudio\wpfui-servoStudio\samples\Wpf.Ui.servoStudio\servoStudio.csproj]
C:\UserWorx\VSWorx\ServoStudio\wpfui-servoStudio\samples\Wpf.Ui.servoStudio\Core\Modbus\ModbusRtuMaster.cs(328,34): warning IDE0055: 淇鏍煎紡 (https://learn.microsoft.com/dotnet/fundamentals/code-analysis/style-rules/ide0055) [C:\UserWorx\VSWorx\ServoStudio\wpfui-servoStudio\samples\Wpf.Ui.servoStudio\servoStudio.csproj]
C:\UserWorx\VSWorx\ServoStudio\wpfui-servoStudio\samples\Wpf.Ui.servoStudio\Core\Modbus\ModbusRtuMaster.cs(328,69): warning IDE0055: 淇鏍煎紡 (https://learn.microsoft.com/dotnet/fundamentals/code-analysis/style-rules/ide0055) [C:\UserWorx\VSWorx\ServoStudio\wpfui-servoStudio\samples\Wpf.Ui.servoStudio\servoStudio.csproj]
C:\UserWorx\VSWorx\ServoStudio\wpfui-servoStudio\samples\Wpf.Ui.servoStudio\Core\Modbus\ModbusRtuMaster.cs(351,20): warning IDE0055: 淇鏍煎紡 (https://learn.microsoft.com/dotnet/fundamentals/code-analysis/style-rules/ide0055) [C:\UserWorx\VSWorx\ServoStudio\wpfui-servoStudio\samples\Wpf.Ui.servoStudio\servoStudio.csproj]
C:\UserWorx\VSWorx\ServoStudio\wpfui-servoStudio\samples\Wpf.Ui.servoStudio\Core\Modbus\ModbusRtuMaster.cs(351,22): warning IDE0055: 淇鏍煎紡 (https://learn.microsoft.com/dotnet/fundamentals/code-analysis/style-rules/ide0055) [C:\UserWorx\VSWorx\ServoStudio\wpfui-servoStudio\samples\Wpf.Ui.servoStudio\servoStudio.csproj]
C:\UserWorx\VSWorx\ServoStudio\wpfui-servoStudio\samples\Wpf.Ui.servoStudio\Core\Modbus\ModbusRtuMaster.cs(351,59): warning IDE0055: 淇鏍煎紡 (https://learn.microsoft.com/dotnet/fundamentals/code-analysis/style-rules/ide0055) [C:\UserWorx\VSWorx\ServoStudio\wpfui-servoStudio\samples\Wpf.Ui.servoStudio\servoStudio.csproj]
C:\UserWorx\VSWorx\ServoStudio\wpfui-servoStudio\samples\Wpf.Ui.servoStudio\Core\Modbus\ModbusRtuMaster.cs(351,61): warning IDE0055: 淇鏍煎紡 (https://learn.microsoft.com/dotnet/fundamentals/code-analysis/style-rules/ide0055) [C:\UserWorx\VSWorx\ServoStudio\wpfui-servoStudio\samples\Wpf.Ui.servoStudio\servoStudio.csproj]
C:\UserWorx\VSWorx\ServoStudio\wpfui-servoStudio\samples\Wpf.Ui.servoStudio\Core\Modbus\ModbusRtuMaster.cs(1035,25): warning IDE0055: 淇鏍煎紡 (https://learn.microsoft.com/dotnet/fundamentals/code-analysis/style-rules/ide0055) [C:\UserWorx\VSWorx\ServoStudio\wpfui-servoStudio\samples\Wpf.Ui.servoStudio\servoStudio.csproj]
C:\UserWorx\VSWorx\ServoStudio\wpfui-servoStudio\samples\Wpf.Ui.servoStudio\Core\Modbus\ModbusRtuMaster.cs(1036,27): warning IDE0055: 淇鏍煎紡 (https://learn.microsoft.com/dotnet/fundamentals/code-analysis/style-rules/ide0055) [C:\UserWorx\VSWorx\ServoStudio\wpfui-servoStudio\samples\Wpf.Ui.servoStudio\servoStudio.csproj]
C:\UserWorx\VSWorx\ServoStudio\wpfui-servoStudio\samples\Wpf.Ui.servoStudio\Core\Modbus\ModbusRtuMaster.cs(1037,28): warning IDE0055: 淇鏍煎紡 (https://learn.microsoft.com/dotnet/fundamentals/code-analysis/style-rules/ide0055) [C:\UserWorx\VSWorx\ServoStudio\wpfui-servoStudio\samples\Wpf.Ui.servoStudio\servoStudio.csproj]
C:\UserWorx\VSWorx\ServoStudio\wpfui-servoStudio\samples\Wpf.Ui.servoStudio\Core\Modbus\ModbusRtuMaster.cs(196,57): warning IDE2003: 鍧椾笌鍚庣画璇彞涔嬮棿闇€瑕佹湁绌虹櫧琛?(https://learn.microsoft.com/dotnet/fundamentals/code-analysis/style-rules/ide2003) [C:\UserWorx\VSWorx\ServoStudio\wpfui-servoStudio\samples\Wpf.Ui.servoStudio\servoStudio.csproj]
C:\UserWorx\VSWorx\ServoStudio\wpfui-servoStudio\samples\Wpf.Ui.servoStudio\Core\Modbus\ModbusRtuMaster.cs(224,47): warning IDE2003: 鍧椾笌鍚庣画璇彞涔嬮棿闇€瑕佹湁绌虹櫧琛?(https://learn.microsoft.com/dotnet/fundamentals/code-analysis/style-rules/ide2003) [C:\UserWorx\VSWorx\ServoStudio\wpfui-servoStudio\samples\Wpf.Ui.servoStudio\servoStudio.csproj]
C:\UserWorx\VSWorx\ServoStudio\wpfui-servoStudio\samples\Wpf.Ui.servoStudio\Core\Modbus\ModbusRtuMaster.cs(256,9): warning IDE2003: 鍧椾笌鍚庣画璇彞涔嬮棿闇€瑕佹湁绌虹櫧琛?(https://learn.microsoft.com/dotnet/fundamentals/code-analysis/style-rules/ide2003) [C:\UserWorx\VSWorx\ServoStudio\wpfui-servoStudio\samples\Wpf.Ui.servoStudio\servoStudio.csproj]
C:\UserWorx\VSWorx\ServoStudio\wpfui-servoStudio\samples\Wpf.Ui.servoStudio\Core\Modbus\ModbusRtuMaster.cs(260,9): warning IDE2003: 鍧椾笌鍚庣画璇彞涔嬮棿闇€瑕佹湁绌虹櫧琛?(https://learn.microsoft.com/dotnet/fundamentals/code-analysis/style-rules/ide2003) [C:\UserWorx\VSWorx\ServoStudio\wpfui-servoStudio\samples\Wpf.Ui.servoStudio\servoStudio.csproj]
C:\UserWorx\VSWorx\ServoStudio\wpfui-servoStudio\samples\Wpf.Ui.servoStudio\Core\Modbus\ModbusRtuMaster.cs(279,9): warning IDE2003: 鍧椾笌鍚庣画璇彞涔嬮棿闇€瑕佹湁绌虹櫧琛?(https://learn.microsoft.com/dotnet/fundamentals/code-analysis/style-rules/ide2003) [C:\UserWorx\VSWorx\ServoStudio\wpfui-servoStudio\samples\Wpf.Ui.servoStudio\servoStudio.csproj]
C:\UserWorx\VSWorx\ServoStudio\wpfui-servoStudio\samples\Wpf.Ui.servoStudio\Core\Modbus\ModbusRtuMaster.cs(281,60): warning IDE2003: 鍧椾笌鍚庣画璇彞涔嬮棿闇€瑕佹湁绌虹櫧琛?(https://learn.microsoft.com/dotnet/fundamentals/code-analysis/style-rules/ide2003) [C:\UserWorx\VSWorx\ServoStudio\wpfui-servoStudio\samples\Wpf.Ui.servoStudio\servoStudio.csproj]
C:\UserWorx\VSWorx\ServoStudio\wpfui-servoStudio\samples\Wpf.Ui.servoStudio\Core\Modbus\ModbusRtuMaster.cs(282,64): warning IDE2003: 鍧椾笌鍚庣画璇彞涔嬮棿闇€瑕佹湁绌虹櫧琛?(https://learn.microsoft.com/dotnet/fundamentals/code-analysis/style-rules/ide2003) [C:\UserWorx\VSWorx\ServoStudio\wpfui-servoStudio\samples\Wpf.Ui.servoStudio\servoStudio.csproj]
C:\UserWorx\VSWorx\ServoStudio\wpfui-servoStudio\samples\Wpf.Ui.servoStudio\Core\Modbus\ModbusRtuMaster.cs(284,61): warning IDE2003: 鍧椾笌鍚庣画璇彞涔嬮棿闇€瑕佹湁绌虹櫧琛?(https://learn.microsoft.com/dotnet/fundamentals/code-analysis/style-rules/ide2003) [C:\UserWorx\VSWorx\ServoStudio\wpfui-servoStudio\samples\Wpf.Ui.servoStudio\servoStudio.csproj]
C:\UserWorx\VSWorx\ServoStudio\wpfui-servoStudio\samples\Wpf.Ui.servoStudio\Core\Modbus\ModbusRtuMaster.cs(296,79): warning IDE2003: 鍧椾笌鍚庣画璇彞涔嬮棿闇€瑕佹湁绌虹櫧琛?(https://learn.microsoft.com/dotnet/fundamentals/code-analysis/style-rules/ide2003) [C:\UserWorx\VSWorx\ServoStudio\wpfui-servoStudio\samples\Wpf.Ui.servoStudio\servoStudio.csproj]
C:\UserWorx\VSWorx\ServoStudio\wpfui-servoStudio\samples\Wpf.Ui.servoStudio\Core\Modbus\ModbusRtuMaster.cs(297,67): warning IDE2003: 鍧椾笌鍚庣画璇彞涔嬮棿闇€瑕佹湁绌虹櫧琛?(https://learn.microsoft.com/dotnet/fundamentals/code-analysis/style-rules/ide2003) [C:\UserWorx\VSWorx\ServoStudio\wpfui-servoStudio\samples\Wpf.Ui.servoStudio\servoStudio.csproj]
C:\UserWorx\VSWorx\ServoStudio\wpfui-servoStudio\samples\Wpf.Ui.servoStudio\Core\Modbus\ModbusRtuMaster.cs(324,25): warning IDE2003: 鍧椾笌鍚庣画璇彞涔嬮棿闇€瑕佹湁绌虹櫧琛?(https://learn.microsoft.com/dotnet/fundamentals/code-analysis/style-rules/ide2003) [C:\UserWorx\VSWorx\ServoStudio\wpfui-servoStudio\samples\Wpf.Ui.servoStudio\servoStudio.csproj]
C:\UserWorx\VSWorx\ServoStudio\wpfui-servoStudio\samples\Wpf.Ui.servoStudio\Core\Modbus\ModbusRtuMaster.cs(395,9): warning IDE2003: 鍧椾笌鍚庣画璇彞涔嬮棿闇€瑕佹湁绌虹櫧琛?(https://learn.microsoft.com/dotnet/fundamentals/code-analysis/style-rules/ide2003) [C:\UserWorx\VSWorx\ServoStudio\wpfui-servoStudio\samples\Wpf.Ui.servoStudio\servoStudio.csproj]
C:\UserWorx\VSWorx\ServoStudio\wpfui-servoStudio\samples\Wpf.Ui.servoStudio\Core\Modbus\ModbusRtuMaster.cs(522,9): warning IDE2003: 鍧椾笌鍚庣画璇彞涔嬮棿闇€瑕佹湁绌虹櫧琛?(https://learn.microsoft.com/dotnet/fundamentals/code-analysis/style-rules/ide2003) [C:\UserWorx\VSWorx\ServoStudio\wpfui-servoStudio\samples\Wpf.Ui.servoStudio\servoStudio.csproj]
C:\UserWorx\VSWorx\ServoStudio\wpfui-servoStudio\samples\Wpf.Ui.servoStudio\Core\Modbus\ModbusSlave_CiA402.cs(48,25): warning IDE0055: 淇鏍煎紡 (https://learn.microsoft.com/dotnet/fundamentals/code-analysis/style-rules/ide0055) [C:\UserWorx\VSWorx\ServoStudio\wpfui-servoStudio\samples\Wpf.Ui.servoStudio\servoStudio.csproj]
C:\UserWorx\VSWorx\ServoStudio\wpfui-servoStudio\samples\Wpf.Ui.servoStudio\Core\Modbus\ModbusSlave_CiA402.cs(48,27): warning IDE0055: 淇鏍煎紡 (https://learn.microsoft.com/dotnet/fundamentals/code-analysis/style-rules/ide0055) [C:\UserWorx\VSWorx\ServoStudio\wpfui-servoStudio\samples\Wpf.Ui.servoStudio\servoStudio.csproj]
C:\UserWorx\VSWorx\ServoStudio\wpfui-servoStudio\samples\Wpf.Ui.servoStudio\Core\Modbus\ModbusSlave_CiA402.cs(48,32): warning IDE0055: 淇鏍煎紡 (https://learn.microsoft.com/dotnet/fundamentals/code-analysis/style-rules/ide0055) [C:\UserWorx\VSWorx\ServoStudio\wpfui-servoStudio\samples\Wpf.Ui.servoStudio\servoStudio.csproj]
C:\UserWorx\VSWorx\ServoStudio\wpfui-servoStudio\samples\Wpf.Ui.servoStudio\Core\Modbus\ModbusSlave_CiA402.cs(51,29): warning IDE0055: 淇鏍煎紡 (https://learn.microsoft.com/dotnet/fundamentals/code-analysis/style-rules/ide0055) [C:\UserWorx\VSWorx\ServoStudio\wpfui-servoStudio\samples\Wpf.Ui.servoStudio\servoStudio.csproj]
C:\UserWorx\VSWorx\ServoStudio\wpfui-servoStudio\samples\Wpf.Ui.servoStudio\Core\Modbus\ModbusSlave_CiA402.cs(51,31): warning IDE0055: 淇鏍煎紡 (https://learn.microsoft.com/dotnet/fundamentals/code-analysis/style-rules/ide0055) [C:\UserWorx\VSWorx\ServoStudio\wpfui-servoStudio\samples\Wpf.Ui.servoStudio\servoStudio.csproj]
C:\UserWorx\VSWorx\ServoStudio\wpfui-servoStudio\samples\Wpf.Ui.servoStudio\Core\Modbus\ModbusSlave_CiA402.cs(51,49): warning IDE0055: 淇鏍煎紡 (https://learn.microsoft.com/dotnet/fundamentals/code-analysis/style-rules/ide0055) [C:\UserWorx\VSWorx\ServoStudio\wpfui-servoStudio\samples\Wpf.Ui.servoStudio\servoStudio.csproj]
C:\UserWorx\VSWorx\ServoStudio\wpfui-servoStudio\samples\Wpf.Ui.servoStudio\Core\Modbus\ModbusSlave_CiA402.cs(54,35): warning IDE0055: 淇鏍煎紡 (https://learn.microsoft.com/dotnet/fundamentals/code-analysis/style-rules/ide0055) [C:\UserWorx\VSWorx\ServoStudio\wpfui-servoStudio\samples\Wpf.Ui.servoStudio\servoStudio.csproj]
C:\UserWorx\VSWorx\ServoStudio\wpfui-servoStudio\samples\Wpf.Ui.servoStudio\Core\Modbus\ModbusSlave_CiA402.cs(54,37): warning IDE0055: 淇鏍煎紡 (https://learn.microsoft.com/dotnet/fundamentals/code-analysis/style-rules/ide0055) [C:\UserWorx\VSWorx\ServoStudio\wpfui-servoStudio\samples\Wpf.Ui.servoStudio\servoStudio.csproj]
C:\UserWorx\VSWorx\ServoStudio\wpfui-servoStudio\samples\Wpf.Ui.servoStudio\Core\Modbus\ModbusSlave_CiA402.cs(54,55): warning IDE0055: 淇鏍煎紡 (https://learn.microsoft.com/dotnet/fundamentals/code-analysis/style-rules/ide0055) [C:\UserWorx\VSWorx\ServoStudio\wpfui-servoStudio\samples\Wpf.Ui.servoStudio\servoStudio.csproj]
C:\UserWorx\VSWorx\ServoStudio\wpfui-servoStudio\samples\Wpf.Ui.servoStudio\Core\Modbus\ModbusSlave_CiA402.cs(60,30): warning IDE0055: 淇鏍煎紡 (https://learn.microsoft.com/dotnet/fundamentals/code-analysis/style-rules/ide0055) [C:\UserWorx\VSWorx\ServoStudio\wpfui-servoStudio\samples\Wpf.Ui.servoStudio\servoStudio.csproj]
C:\UserWorx\VSWorx\ServoStudio\wpfui-servoStudio\samples\Wpf.Ui.servoStudio\Core\Modbus\ModbusSlave_CiA402.cs(60,32): warning IDE0055: 淇鏍煎紡 (https://learn.microsoft.com/dotnet/fundamentals/code-analysis/style-rules/ide0055) [C:\UserWorx\VSWorx\ServoStudio\wpfui-servoStudio\samples\Wpf.Ui.servoStudio\servoStudio.csproj]
C:\UserWorx\VSWorx\ServoStudio\wpfui-servoStudio\samples\Wpf.Ui.servoStudio\Core\Modbus\ModbusSlave_CiA402.cs(60,50): warning IDE0055: 淇鏍煎紡 (https://learn.microsoft.com/dotnet/fundamentals/code-analysis/style-rules/ide0055) [C:\UserWorx\VSWorx\ServoStudio\wpfui-servoStudio\samples\Wpf.Ui.servoStudio\servoStudio.csproj]
C:\UserWorx\VSWorx\ServoStudio\wpfui-servoStudio\samples\Wpf.Ui.servoStudio\Core\Modbus\ModbusSlave_CiA402.cs(63,30): warning IDE0055: 淇鏍煎紡 (https://learn.microsoft.com/dotnet/fundamentals/code-analysis/style-rules/ide0055) [C:\UserWorx\VSWorx\ServoStudio\wpfui-servoStudio\samples\Wpf.Ui.servoStudio\servoStudio.csproj]
C:\UserWorx\VSWorx\ServoStudio\wpfui-servoStudio\samples\Wpf.Ui.servoStudio\Core\Modbus\ModbusSlave_CiA402.cs(63,32): warning IDE0055: 淇鏍煎紡 (https://learn.microsoft.com/dotnet/fundamentals/code-analysis/style-rules/ide0055) [C:\UserWorx\VSWorx\ServoStudio\wpfui-servoStudio\samples\Wpf.Ui.servoStudio\servoStudio.csproj]
C:\UserWorx\VSWorx\ServoStudio\wpfui-servoStudio\samples\Wpf.Ui.servoStudio\Core\Modbus\ModbusSlave_CiA402.cs(63,50): warning IDE0055: 淇鏍煎紡 (https://learn.microsoft.com/dotnet/fundamentals/code-analysis/style-rules/ide0055) [C:\UserWorx\VSWorx\ServoStudio\wpfui-servoStudio\samples\Wpf.Ui.servoStudio\servoStudio.csproj]
C:\UserWorx\VSWorx\ServoStudio\wpfui-servoStudio\samples\Wpf.Ui.servoStudio\Core\Modbus\ModbusSlave_CiA402.cs(66,60): warning IDE0055: 淇鏍煎紡 (https://learn.microsoft.com/dotnet/fundamentals/code-analysis/style-rules/ide0055) [C:\UserWorx\VSWorx\ServoStudio\wpfui-servoStudio\samples\Wpf.Ui.servoStudio\servoStudio.csproj]
C:\UserWorx\VSWorx\ServoStudio\wpfui-servoStudio\samples\Wpf.Ui.servoStudio\Core\Modbus\ModbusSlave_CiA402.cs(66,62): warning IDE0055: 淇鏍煎紡 (https://learn.microsoft.com/dotnet/fundamentals/code-analysis/style-rules/ide0055) [C:\UserWorx\VSWorx\ServoStudio\wpfui-servoStudio\samples\Wpf.Ui.servoStudio\servoStudio.csproj]
C:\UserWorx\VSWorx\ServoStudio\wpfui-servoStudio\samples\Wpf.Ui.servoStudio\Core\Modbus\ModbusSlave_CiA402.cs(66,72): warning IDE0055: 淇鏍煎紡 (https://learn.microsoft.com/dotnet/fundamentals/code-analysis/style-rules/ide0055) [C:\UserWorx\VSWorx\ServoStudio\wpfui-servoStudio\samples\Wpf.Ui.servoStudio\servoStudio.csproj]
C:\UserWorx\VSWorx\ServoStudio\wpfui-servoStudio\samples\Wpf.Ui.servoStudio\Core\Modbus\ModbusSlave_CiA402.cs(69,59): warning IDE0055: 淇鏍煎紡 (https://learn.microsoft.com/dotnet/fundamentals/code-analysis/style-rules/ide0055) [C:\UserWorx\VSWorx\ServoStudio\wpfui-servoStudio\samples\Wpf.Ui.servoStudio\servoStudio.csproj]
C:\UserWorx\VSWorx\ServoStudio\wpfui-servoStudio\samples\Wpf.Ui.servoStudio\Core\Modbus\ModbusSlave_CiA402.cs(69,61): warning IDE0055: 淇鏍煎紡 (https://learn.microsoft.com/dotnet/fundamentals/code-analysis/style-rules/ide0055) [C:\UserWorx\VSWorx\ServoStudio\wpfui-servoStudio\samples\Wpf.Ui.servoStudio\servoStudio.csproj]
C:\UserWorx\VSWorx\ServoStudio\wpfui-servoStudio\samples\Wpf.Ui.servoStudio\Core\Modbus\ModbusSlave_CiA402.cs(69,71): warning IDE0055: 淇鏍煎紡 (https://learn.microsoft.com/dotnet/fundamentals/code-analysis/style-rules/ide0055) [C:\UserWorx\VSWorx\ServoStudio\wpfui-servoStudio\samples\Wpf.Ui.servoStudio\servoStudio.csproj]
C:\UserWorx\VSWorx\ServoStudio\wpfui-servoStudio\samples\Wpf.Ui.servoStudio\Core\Modbus\ModbusSlave_CiA402.cs(72,62): warning IDE0055: 淇鏍煎紡 (https://learn.microsoft.com/dotnet/fundamentals/code-analysis/style-rules/ide0055) [C:\UserWorx\VSWorx\ServoStudio\wpfui-servoStudio\samples\Wpf.Ui.servoStudio\servoStudio.csproj]
C:\UserWorx\VSWorx\ServoStudio\wpfui-servoStudio\samples\Wpf.Ui.servoStudio\Core\Modbus\ModbusSlave_CiA402.cs(72,64): warning IDE0055: 淇鏍煎紡 (https://learn.microsoft.com/dotnet/fundamentals/code-analysis/style-rules/ide0055) [C:\UserWorx\VSWorx\ServoStudio\wpfui-servoStudio\samples\Wpf.Ui.servoStudio\servoStudio.csproj]
C:\UserWorx\VSWorx\ServoStudio\wpfui-servoStudio\samples\Wpf.Ui.servoStudio\Core\Modbus\ModbusSlave_CiA402.cs(72,74): warning IDE0055: 淇鏍煎紡 (https://learn.microsoft.com/dotnet/fundamentals/code-analysis/style-rules/ide0055) [C:\UserWorx\VSWorx\ServoStudio\wpfui-servoStudio\samples\Wpf.Ui.servoStudio\servoStudio.csproj]
C:\UserWorx\VSWorx\ServoStudio\wpfui-servoStudio\samples\Wpf.Ui.servoStudio\Core\Modbus\ModbusSlave_CiA402.cs(75,59): warning IDE0055: 淇鏍煎紡 (https://learn.microsoft.com/dotnet/fundamentals/code-analysis/style-rules/ide0055) [C:\UserWorx\VSWorx\ServoStudio\wpfui-servoStudio\samples\Wpf.Ui.servoStudio\servoStudio.csproj]
C:\UserWorx\VSWorx\ServoStudio\wpfui-servoStudio\samples\Wpf.Ui.servoStudio\Core\Modbus\ModbusSlave_CiA402.cs(75,61): warning IDE0055: 淇鏍煎紡 (https://learn.microsoft.com/dotnet/fundamentals/code-analysis/style-rules/ide0055) [C:\UserWorx\VSWorx\ServoStudio\wpfui-servoStudio\samples\Wpf.Ui.servoStudio\servoStudio.csproj]
C:\UserWorx\VSWorx\ServoStudio\wpfui-servoStudio\samples\Wpf.Ui.servoStudio\Core\Modbus\ModbusSlave_CiA402.cs(75,71): warning IDE0055: 淇鏍煎紡 (https://learn.microsoft.com/dotnet/fundamentals/code-analysis/style-rules/ide0055) [C:\UserWorx\VSWorx\ServoStudio\wpfui-servoStudio\samples\Wpf.Ui.servoStudio\servoStudio.csproj]
C:\UserWorx\VSWorx\ServoStudio\wpfui-servoStudio\samples\Wpf.Ui.servoStudio\Core\Sync\ICyclicTimer.cs(27,19): warning IDE0055: 淇鏍煎紡 (https://learn.microsoft.com/dotnet/fundamentals/code-analysis/style-rules/ide0055) [C:\UserWorx\VSWorx\ServoStudio\wpfui-servoStudio\samples\Wpf.Ui.servoStudio\servoStudio.csproj]
C:\UserWorx\VSWorx\ServoStudio\wpfui-servoStudio\samples\Wpf.Ui.servoStudio\Core\Sync\ICyclicTimer.cs(27,21): warning IDE0055: 淇鏍煎紡 (https://learn.microsoft.com/dotnet/fundamentals/code-analysis/style-rules/ide0055) [C:\UserWorx\VSWorx\ServoStudio\wpfui-servoStudio\samples\Wpf.Ui.servoStudio\servoStudio.csproj]
C:\UserWorx\VSWorx\ServoStudio\wpfui-servoStudio\samples\Wpf.Ui.servoStudio\Core\Sync\ICyclicTimer.cs(27,26): warning IDE0055: 淇鏍煎紡 (https://learn.microsoft.com/dotnet/fundamentals/code-analysis/style-rules/ide0055) [C:\UserWorx\VSWorx\ServoStudio\wpfui-servoStudio\samples\Wpf.Ui.servoStudio\servoStudio.csproj]
C:\UserWorx\VSWorx\ServoStudio\wpfui-servoStudio\samples\Wpf.Ui.servoStudio\Core\Sync\ICyclicTimer.cs(30,19): warning IDE0055: 淇鏍煎紡 (https://learn.microsoft.com/dotnet/fundamentals/code-analysis/style-rules/ide0055) [C:\UserWorx\VSWorx\ServoStudio\wpfui-servoStudio\samples\Wpf.Ui.servoStudio\servoStudio.csproj]
C:\UserWorx\VSWorx\ServoStudio\wpfui-servoStudio\samples\Wpf.Ui.servoStudio\Core\Sync\ICyclicTimer.cs(30,21): warning IDE0055: 淇鏍煎紡 (https://learn.microsoft.com/dotnet/fundamentals/code-analysis/style-rules/ide0055) [C:\UserWorx\VSWorx\ServoStudio\wpfui-servoStudio\samples\Wpf.Ui.servoStudio\servoStudio.csproj]
C:\UserWorx\VSWorx\ServoStudio\wpfui-servoStudio\samples\Wpf.Ui.servoStudio\Core\Sync\ICyclicTimer.cs(30,26): warning IDE0055: 淇鏍煎紡 (https://learn.microsoft.com/dotnet/fundamentals/code-analysis/style-rules/ide0055) [C:\UserWorx\VSWorx\ServoStudio\wpfui-servoStudio\samples\Wpf.Ui.servoStudio\servoStudio.csproj]
C:\UserWorx\VSWorx\ServoStudio\wpfui-servoStudio\samples\Wpf.Ui.servoStudio\Core\Sync\ICyclicTimer.cs(33,20): warning IDE0055: 淇鏍煎紡 (https://learn.microsoft.com/dotnet/fundamentals/code-analysis/style-rules/ide0055) [C:\UserWorx\VSWorx\ServoStudio\wpfui-servoStudio\samples\Wpf.Ui.servoStudio\servoStudio.csproj]
C:\UserWorx\VSWorx\ServoStudio\wpfui-servoStudio\samples\Wpf.Ui.servoStudio\Core\Sync\ICyclicTimer.cs(33,22): warning IDE0055: 淇鏍煎紡 (https://learn.microsoft.com/dotnet/fundamentals/code-analysis/style-rules/ide0055) [C:\UserWorx\VSWorx\ServoStudio\wpfui-servoStudio\samples\Wpf.Ui.servoStudio\servoStudio.csproj]
C:\UserWorx\VSWorx\ServoStudio\wpfui-servoStudio\samples\Wpf.Ui.servoStudio\Core\Sync\ICyclicTimer.cs(33,27): warning IDE0055: 淇鏍煎紡 (https://learn.microsoft.com/dotnet/fundamentals/code-analysis/style-rules/ide0055) [C:\UserWorx\VSWorx\ServoStudio\wpfui-servoStudio\samples\Wpf.Ui.servoStudio\servoStudio.csproj]
C:\UserWorx\VSWorx\ServoStudio\wpfui-servoStudio\samples\Wpf.Ui.servoStudio\Core\Sync\ICyclicTimer.cs(36,26): warning IDE0055: 淇鏍煎紡 (https://learn.microsoft.com/dotnet/fundamentals/code-analysis/style-rules/ide0055) [C:\UserWorx\VSWorx\ServoStudio\wpfui-servoStudio\samples\Wpf.Ui.servoStudio\servoStudio.csproj]
C:\UserWorx\VSWorx\ServoStudio\wpfui-servoStudio\samples\Wpf.Ui.servoStudio\Core\Sync\ICyclicTimer.cs(36,28): warning IDE0055: 淇鏍煎紡 (https://learn.microsoft.com/dotnet/fundamentals/code-analysis/style-rules/ide0055) [C:\UserWorx\VSWorx\ServoStudio\wpfui-servoStudio\samples\Wpf.Ui.servoStudio\servoStudio.csproj]
C:\UserWorx\VSWorx\ServoStudio\wpfui-servoStudio\samples\Wpf.Ui.servoStudio\Core\Sync\ICyclicTimer.cs(36,33): warning IDE0055: 淇鏍煎紡 (https://learn.microsoft.com/dotnet/fundamentals/code-analysis/style-rules/ide0055) [C:\UserWorx\VSWorx\ServoStudio\wpfui-servoStudio\samples\Wpf.Ui.servoStudio\servoStudio.csproj]
C:\UserWorx\VSWorx\ServoStudio\wpfui-servoStudio\samples\Wpf.Ui.servoStudio\Core\Sync\ICyclicTimer.cs(39,25): warning IDE0055: 淇鏍煎紡 (https://learn.microsoft.com/dotnet/fundamentals/code-analysis/style-rules/ide0055) [C:\UserWorx\VSWorx\ServoStudio\wpfui-servoStudio\samples\Wpf.Ui.servoStudio\servoStudio.csproj]
C:\UserWorx\VSWorx\ServoStudio\wpfui-servoStudio\samples\Wpf.Ui.servoStudio\Core\Sync\ICyclicTimer.cs(39,27): warning IDE0055: 淇鏍煎紡 (https://learn.microsoft.com/dotnet/fundamentals/code-analysis/style-rules/ide0055) [C:\UserWorx\VSWorx\ServoStudio\wpfui-servoStudio\samples\Wpf.Ui.servoStudio\servoStudio.csproj]
C:\UserWorx\VSWorx\ServoStudio\wpfui-servoStudio\samples\Wpf.Ui.servoStudio\Core\Sync\ICyclicTimer.cs(39,32): warning IDE0055: 淇鏍煎紡 (https://learn.microsoft.com/dotnet/fundamentals/code-analysis/style-rules/ide0055) [C:\UserWorx\VSWorx\ServoStudio\wpfui-servoStudio\samples\Wpf.Ui.servoStudio\servoStudio.csproj]
C:\UserWorx\VSWorx\ServoStudio\wpfui-servoStudio\samples\Wpf.Ui.servoStudio\Core\Sync\PeriodicTimerCyclicTimer.cs(65,16): warning IDE0055: 淇鏍煎紡 (https://learn.microsoft.com/dotnet/fundamentals/code-analysis/style-rules/ide0055) [C:\UserWorx\VSWorx\ServoStudio\wpfui-servoStudio\samples\Wpf.Ui.servoStudio\servoStudio.csproj]
C:\UserWorx\VSWorx\ServoStudio\wpfui-servoStudio\samples\Wpf.Ui.servoStudio\Core\Sync\PeriodicTimerCyclicTimer.cs(65,18): warning IDE0055: 淇鏍煎紡 (https://learn.microsoft.com/dotnet/fundamentals/code-analysis/style-rules/ide0055) [C:\UserWorx\VSWorx\ServoStudio\wpfui-servoStudio\samples\Wpf.Ui.servoStudio\servoStudio.csproj]
C:\UserWorx\VSWorx\ServoStudio\wpfui-servoStudio\samples\Wpf.Ui.servoStudio\Core\Sync\PeriodicTimerCyclicTimer.cs(65,74): warning IDE0055: 淇鏍煎紡 (https://learn.microsoft.com/dotnet/fundamentals/code-analysis/style-rules/ide0055) [C:\UserWorx\VSWorx\ServoStudio\wpfui-servoStudio\samples\Wpf.Ui.servoStudio\servoStudio.csproj]
C:\UserWorx\VSWorx\ServoStudio\wpfui-servoStudio\samples\Wpf.Ui.servoStudio\Core\Sync\PeriodicTimerCyclicTimer.cs(65,76): warning IDE0055: 淇鏍煎紡 (https://learn.microsoft.com/dotnet/fundamentals/code-analysis/style-rules/ide0055) [C:\UserWorx\VSWorx\ServoStudio\wpfui-servoStudio\samples\Wpf.Ui.servoStudio\servoStudio.csproj]
C:\UserWorx\VSWorx\ServoStudio\wpfui-servoStudio\samples\Wpf.Ui.servoStudio\Core\Sync\PeriodicTimerCyclicTimer.cs(83,24): warning IDE0055: 淇鏍煎紡 (https://learn.microsoft.com/dotnet/fundamentals/code-analysis/style-rules/ide0055) [C:\UserWorx\VSWorx\ServoStudio\wpfui-servoStudio\samples\Wpf.Ui.servoStudio\servoStudio.csproj]
C:\UserWorx\VSWorx\ServoStudio\wpfui-servoStudio\samples\Wpf.Ui.servoStudio\Core\Sync\PeriodicTimerCyclicTimer.cs(83,26): warning IDE0055: 淇鏍煎紡 (https://learn.microsoft.com/dotnet/fundamentals/code-analysis/style-rules/ide0055) [C:\UserWorx\VSWorx\ServoStudio\wpfui-servoStudio\samples\Wpf.Ui.servoStudio\servoStudio.csproj]
C:\UserWorx\VSWorx\ServoStudio\wpfui-servoStudio\samples\Wpf.Ui.servoStudio\Core\Sync\PeriodicTimerCyclicTimer.cs(83,34): warning IDE0055: 淇鏍煎紡 (https://learn.microsoft.com/dotnet/fundamentals/code-analysis/style-rules/ide0055) [C:\UserWorx\VSWorx\ServoStudio\wpfui-servoStudio\samples\Wpf.Ui.servoStudio\servoStudio.csproj]
C:\UserWorx\VSWorx\ServoStudio\wpfui-servoStudio\samples\Wpf.Ui.servoStudio\Core\Sync\PeriodicTimerCyclicTimer.cs(95,12): warning IDE0055: 淇鏍煎紡 (https://learn.microsoft.com/dotnet/fundamentals/code-analysis/style-rules/ide0055) [C:\UserWorx\VSWorx\ServoStudio\wpfui-servoStudio\samples\Wpf.Ui.servoStudio\servoStudio.csproj]
C:\UserWorx\VSWorx\ServoStudio\wpfui-servoStudio\samples\Wpf.Ui.servoStudio\Core\Sync\PeriodicTimerCyclicTimer.cs(95,14): warning IDE0055: 淇鏍煎紡 (https://learn.microsoft.com/dotnet/fundamentals/code-analysis/style-rules/ide0055) [C:\UserWorx\VSWorx\ServoStudio\wpfui-servoStudio\samples\Wpf.Ui.servoStudio\servoStudio.csproj]
C:\UserWorx\VSWorx\ServoStudio\wpfui-servoStudio\samples\Wpf.Ui.servoStudio\Core\Sync\PeriodicTimerCyclicTimer.cs(95,30): warning IDE0055: 淇鏍煎紡 (https://learn.microsoft.com/dotnet/fundamentals/code-analysis/style-rules/ide0055) [C:\UserWorx\VSWorx\ServoStudio\wpfui-servoStudio\samples\Wpf.Ui.servoStudio\servoStudio.csproj]
C:\UserWorx\VSWorx\ServoStudio\wpfui-servoStudio\samples\Wpf.Ui.servoStudio\Core\Sync\PeriodicTimerCyclicTimer.cs(95,32): warning IDE0055: 淇鏍煎紡 (https://learn.microsoft.com/dotnet/fundamentals/code-analysis/style-rules/ide0055) [C:\UserWorx\VSWorx\ServoStudio\wpfui-servoStudio\samples\Wpf.Ui.servoStudio\servoStudio.csproj]
C:\UserWorx\VSWorx\ServoStudio\wpfui-servoStudio\samples\Wpf.Ui.servoStudio\Core\Sync\PeriodicTimerCyclicTimer.cs(96,12): warning IDE0055: 淇鏍煎紡 (https://learn.microsoft.com/dotnet/fundamentals/code-analysis/style-rules/ide0055) [C:\UserWorx\VSWorx\ServoStudio\wpfui-servoStudio\samples\Wpf.Ui.servoStudio\servoStudio.csproj]
C:\UserWorx\VSWorx\ServoStudio\wpfui-servoStudio\samples\Wpf.Ui.servoStudio\Core\Sync\PeriodicTimerCyclicTimer.cs(96,14): warning IDE0055: 淇鏍煎紡 (https://learn.microsoft.com/dotnet/fundamentals/code-analysis/style-rules/ide0055) [C:\UserWorx\VSWorx\ServoStudio\wpfui-servoStudio\samples\Wpf.Ui.servoStudio\servoStudio.csproj]
C:\UserWorx\VSWorx\ServoStudio\wpfui-servoStudio\samples\Wpf.Ui.servoStudio\Core\Sync\PeriodicTimerCyclicTimer.cs(96,33): warning IDE0055: 淇鏍煎紡 (https://learn.microsoft.com/dotnet/fundamentals/code-analysis/style-rules/ide0055) [C:\UserWorx\VSWorx\ServoStudio\wpfui-servoStudio\samples\Wpf.Ui.servoStudio\servoStudio.csproj]
C:\UserWorx\VSWorx\ServoStudio\wpfui-servoStudio\samples\Wpf.Ui.servoStudio\Core\Sync\PeriodicTimerCyclicTimer.cs(96,35): warning IDE0055: 淇鏍煎紡 (https://learn.microsoft.com/dotnet/fundamentals/code-analysis/style-rules/ide0055) [C:\UserWorx\VSWorx\ServoStudio\wpfui-servoStudio\samples\Wpf.Ui.servoStudio\servoStudio.csproj]
C:\UserWorx\VSWorx\ServoStudio\wpfui-servoStudio\samples\Wpf.Ui.servoStudio\Core\Sync\PeriodicTimerCyclicTimer.cs(97,12): warning IDE0055: 淇鏍煎紡 (https://learn.microsoft.com/dotnet/fundamentals/code-analysis/style-rules/ide0055) [C:\UserWorx\VSWorx\ServoStudio\wpfui-servoStudio\samples\Wpf.Ui.servoStudio\servoStudio.csproj]
C:\UserWorx\VSWorx\ServoStudio\wpfui-servoStudio\samples\Wpf.Ui.servoStudio\Core\Sync\PeriodicTimerCyclicTimer.cs(97,14): warning IDE0055: 淇鏍煎紡 (https://learn.microsoft.com/dotnet/fundamentals/code-analysis/style-rules/ide0055) [C:\UserWorx\VSWorx\ServoStudio\wpfui-servoStudio\samples\Wpf.Ui.servoStudio\servoStudio.csproj]
C:\UserWorx\VSWorx\ServoStudio\wpfui-servoStudio\samples\Wpf.Ui.servoStudio\Core\Sync\PeriodicTimerCyclicTimer.cs(97,32): warning IDE0055: 淇鏍煎紡 (https://learn.microsoft.com/dotnet/fundamentals/code-analysis/style-rules/ide0055) [C:\UserWorx\VSWorx\ServoStudio\wpfui-servoStudio\samples\Wpf.Ui.servoStudio\servoStudio.csproj]
C:\UserWorx\VSWorx\ServoStudio\wpfui-servoStudio\samples\Wpf.Ui.servoStudio\Core\Sync\PeriodicTimerCyclicTimer.cs(97,34): warning IDE0055: 淇鏍煎紡 (https://learn.microsoft.com/dotnet/fundamentals/code-analysis/style-rules/ide0055) [C:\UserWorx\VSWorx\ServoStudio\wpfui-servoStudio\samples\Wpf.Ui.servoStudio\servoStudio.csproj]
C:\UserWorx\VSWorx\ServoStudio\wpfui-servoStudio\samples\Wpf.Ui.servoStudio\Core\Sync\PeriodicTimerCyclicTimer.cs(65,98): warning IDE2003: 鍧椾笌鍚庣画璇彞涔嬮棿闇€瑕佹湁绌虹櫧琛?(https://learn.microsoft.com/dotnet/fundamentals/code-analysis/style-rules/ide2003) [C:\UserWorx\VSWorx\ServoStudio\wpfui-servoStudio\samples\Wpf.Ui.servoStudio\servoStudio.csproj]
C:\UserWorx\VSWorx\ServoStudio\wpfui-servoStudio\samples\Wpf.Ui.servoStudio\Core\Sync\PeriodicTimerCyclicTimer.cs(95,54): warning IDE2003: 鍧椾笌鍚庣画璇彞涔嬮棿闇€瑕佹湁绌虹櫧琛?(https://learn.microsoft.com/dotnet/fundamentals/code-analysis/style-rules/ide2003) [C:\UserWorx\VSWorx\ServoStudio\wpfui-servoStudio\samples\Wpf.Ui.servoStudio\servoStudio.csproj]
C:\UserWorx\VSWorx\ServoStudio\wpfui-servoStudio\samples\Wpf.Ui.servoStudio\Core\Sync\PeriodicTimerCyclicTimer.cs(96,57): warning IDE2003: 鍧椾笌鍚庣画璇彞涔嬮棿闇€瑕佹湁绌虹櫧琛?(https://learn.microsoft.com/dotnet/fundamentals/code-analysis/style-rules/ide2003) [C:\UserWorx\VSWorx\ServoStudio\wpfui-servoStudio\samples\Wpf.Ui.servoStudio\servoStudio.csproj]
C:\UserWorx\VSWorx\ServoStudio\wpfui-servoStudio\samples\Wpf.Ui.servoStudio\Core\Sync\PeriodicTimerCyclicTimer.cs(97,56): warning IDE2003: 鍧椾笌鍚庣画璇彞涔嬮棿闇€瑕佹湁绌虹櫧琛?(https://learn.microsoft.com/dotnet/fundamentals/code-analysis/style-rules/ide2003) [C:\UserWorx\VSWorx\ServoStudio\wpfui-servoStudio\samples\Wpf.Ui.servoStudio\servoStudio.csproj]
C:\UserWorx\VSWorx\ServoStudio\wpfui-servoStudio\samples\Wpf.Ui.servoStudio\Core\Sync\SpinWaitCyclicTimer.cs(61,16): warning IDE0055: 淇鏍煎紡 (https://learn.microsoft.com/dotnet/fundamentals/code-analysis/style-rules/ide0055) [C:\UserWorx\VSWorx\ServoStudio\wpfui-servoStudio\samples\Wpf.Ui.servoStudio\servoStudio.csproj]
C:\UserWorx\VSWorx\ServoStudio\wpfui-servoStudio\samples\Wpf.Ui.servoStudio\Core\Sync\SpinWaitCyclicTimer.cs(61,18): warning IDE0055: 淇鏍煎紡 (https://learn.microsoft.com/dotnet/fundamentals/code-analysis/style-rules/ide0055) [C:\UserWorx\VSWorx\ServoStudio\wpfui-servoStudio\samples\Wpf.Ui.servoStudio\servoStudio.csproj]
C:\UserWorx\VSWorx\ServoStudio\wpfui-servoStudio\samples\Wpf.Ui.servoStudio\Core\Sync\SpinWaitCyclicTimer.cs(61,74): warning IDE0055: 淇鏍煎紡 (https://learn.microsoft.com/dotnet/fundamentals/code-analysis/style-rules/ide0055) [C:\UserWorx\VSWorx\ServoStudio\wpfui-servoStudio\samples\Wpf.Ui.servoStudio\servoStudio.csproj]
C:\UserWorx\VSWorx\ServoStudio\wpfui-servoStudio\samples\Wpf.Ui.servoStudio\Core\Sync\SpinWaitCyclicTimer.cs(61,76): warning IDE0055: 淇鏍煎紡 (https://learn.microsoft.com/dotnet/fundamentals/code-analysis/style-rules/ide0055) [C:\UserWorx\VSWorx\ServoStudio\wpfui-servoStudio\samples\Wpf.Ui.servoStudio\servoStudio.csproj]
C:\UserWorx\VSWorx\ServoStudio\wpfui-servoStudio\samples\Wpf.Ui.servoStudio\Core\Sync\SpinWaitCyclicTimer.cs(105,20): warning IDE0055: 淇鏍煎紡 (https://learn.microsoft.com/dotnet/fundamentals/code-analysis/style-rules/ide0055) [C:\UserWorx\VSWorx\ServoStudio\wpfui-servoStudio\samples\Wpf.Ui.servoStudio\servoStudio.csproj]
C:\UserWorx\VSWorx\ServoStudio\wpfui-servoStudio\samples\Wpf.Ui.servoStudio\Core\Sync\SpinWaitCyclicTimer.cs(105,22): warning IDE0055: 淇鏍煎紡 (https://learn.microsoft.com/dotnet/fundamentals/code-analysis/style-rules/ide0055) [C:\UserWorx\VSWorx\ServoStudio\wpfui-servoStudio\samples\Wpf.Ui.servoStudio\servoStudio.csproj]
C:\UserWorx\VSWorx\ServoStudio\wpfui-servoStudio\samples\Wpf.Ui.servoStudio\Core\Sync\SpinWaitCyclicTimer.cs(105,30): warning IDE0055: 淇鏍煎紡 (https://learn.microsoft.com/dotnet/fundamentals/code-analysis/style-rules/ide0055) [C:\UserWorx\VSWorx\ServoStudio\wpfui-servoStudio\samples\Wpf.Ui.servoStudio\servoStudio.csproj]
C:\UserWorx\VSWorx\ServoStudio\wpfui-servoStudio\samples\Wpf.Ui.servoStudio\Core\Sync\SpinWaitCyclicTimer.cs(128,12): warning IDE0055: 淇鏍煎紡 (https://learn.microsoft.com/dotnet/fundamentals/code-analysis/style-rules/ide0055) [C:\UserWorx\VSWorx\ServoStudio\wpfui-servoStudio\samples\Wpf.Ui.servoStudio\servoStudio.csproj]
C:\UserWorx\VSWorx\ServoStudio\wpfui-servoStudio\samples\Wpf.Ui.servoStudio\Core\Sync\SpinWaitCyclicTimer.cs(128,14): warning IDE0055: 淇鏍煎紡 (https://learn.microsoft.com/dotnet/fundamentals/code-analysis/style-rules/ide0055) [C:\UserWorx\VSWorx\ServoStudio\wpfui-servoStudio\samples\Wpf.Ui.servoStudio\servoStudio.csproj]
C:\UserWorx\VSWorx\ServoStudio\wpfui-servoStudio\samples\Wpf.Ui.servoStudio\Core\Sync\SpinWaitCyclicTimer.cs(128,30): warning IDE0055: 淇鏍煎紡 (https://learn.microsoft.com/dotnet/fundamentals/code-analysis/style-rules/ide0055) [C:\UserWorx\VSWorx\ServoStudio\wpfui-servoStudio\samples\Wpf.Ui.servoStudio\servoStudio.csproj]
C:\UserWorx\VSWorx\ServoStudio\wpfui-servoStudio\samples\Wpf.Ui.servoStudio\Core\Sync\SpinWaitCyclicTimer.cs(128,32): warning IDE0055: 淇鏍煎紡 (https://learn.microsoft.com/dotnet/fundamentals/code-analysis/style-rules/ide0055) [C:\UserWorx\VSWorx\ServoStudio\wpfui-servoStudio\samples\Wpf.Ui.servoStudio\servoStudio.csproj]
C:\UserWorx\VSWorx\ServoStudio\wpfui-servoStudio\samples\Wpf.Ui.servoStudio\Core\Sync\SpinWaitCyclicTimer.cs(129,12): warning IDE0055: 淇鏍煎紡 (https://learn.microsoft.com/dotnet/fundamentals/code-analysis/style-rules/ide0055) [C:\UserWorx\VSWorx\ServoStudio\wpfui-servoStudio\samples\Wpf.Ui.servoStudio\servoStudio.csproj]
C:\UserWorx\VSWorx\ServoStudio\wpfui-servoStudio\samples\Wpf.Ui.servoStudio\Core\Sync\SpinWaitCyclicTimer.cs(129,14): warning IDE0055: 淇鏍煎紡 (https://learn.microsoft.com/dotnet/fundamentals/code-analysis/style-rules/ide0055) [C:\UserWorx\VSWorx\ServoStudio\wpfui-servoStudio\samples\Wpf.Ui.servoStudio\servoStudio.csproj]
C:\UserWorx\VSWorx\ServoStudio\wpfui-servoStudio\samples\Wpf.Ui.servoStudio\Core\Sync\SpinWaitCyclicTimer.cs(129,34): warning IDE0055: 淇鏍煎紡 (https://learn.microsoft.com/dotnet/fundamentals/code-analysis/style-rules/ide0055) [C:\UserWorx\VSWorx\ServoStudio\wpfui-servoStudio\samples\Wpf.Ui.servoStudio\servoStudio.csproj]
C:\UserWorx\VSWorx\ServoStudio\wpfui-servoStudio\samples\Wpf.Ui.servoStudio\Core\Sync\SpinWaitCyclicTimer.cs(129,36): warning IDE0055: 淇鏍煎紡 (https://learn.microsoft.com/dotnet/fundamentals/code-analysis/style-rules/ide0055) [C:\UserWorx\VSWorx\ServoStudio\wpfui-servoStudio\samples\Wpf.Ui.servoStudio\servoStudio.csproj]
C:\UserWorx\VSWorx\ServoStudio\wpfui-servoStudio\samples\Wpf.Ui.servoStudio\Core\Sync\SpinWaitCyclicTimer.cs(61,98): warning IDE2003: 鍧椾笌鍚庣画璇彞涔嬮棿闇€瑕佹湁绌虹櫧琛?(https://learn.microsoft.com/dotnet/fundamentals/code-analysis/style-rules/ide2003) [C:\UserWorx\VSWorx\ServoStudio\wpfui-servoStudio\samples\Wpf.Ui.servoStudio\servoStudio.csproj]
C:\UserWorx\VSWorx\ServoStudio\wpfui-servoStudio\samples\Wpf.Ui.servoStudio\Core\Sync\SpinWaitCyclicTimer.cs(88,17): warning IDE2003: 鍧椾笌鍚庣画璇彞涔嬮棿闇€瑕佹湁绌虹櫧琛?(https://learn.microsoft.com/dotnet/fundamentals/code-analysis/style-rules/ide2003) [C:\UserWorx\VSWorx\ServoStudio\wpfui-servoStudio\samples\Wpf.Ui.servoStudio\servoStudio.csproj]
C:\UserWorx\VSWorx\ServoStudio\wpfui-servoStudio\samples\Wpf.Ui.servoStudio\Core\Sync\SpinWaitCyclicTimer.cs(128,54): warning IDE2003: 鍧椾笌鍚庣画璇彞涔嬮棿闇€瑕佹湁绌虹櫧琛?(https://learn.microsoft.com/dotnet/fundamentals/code-analysis/style-rules/ide2003) [C:\UserWorx\VSWorx\ServoStudio\wpfui-servoStudio\samples\Wpf.Ui.servoStudio\servoStudio.csproj]
C:\UserWorx\VSWorx\ServoStudio\wpfui-servoStudio\samples\Wpf.Ui.servoStudio\Core\Sync\SpinWaitCyclicTimer.cs(129,58): warning IDE2003: 鍧椾笌鍚庣画璇彞涔嬮棿闇€瑕佹湁绌虹櫧琛?(https://learn.microsoft.com/dotnet/fundamentals/code-analysis/style-rules/ide2003) [C:\UserWorx\VSWorx\ServoStudio\wpfui-servoStudio\samples\Wpf.Ui.servoStudio\servoStudio.csproj]
C:\UserWorx\VSWorx\ServoStudio\wpfui-servoStudio\samples\Wpf.Ui.servoStudio\Core\Sync\WinMmCyclicTimer.cs(112,16): warning IDE0055: 淇鏍煎紡 (https://learn.microsoft.com/dotnet/fundamentals/code-analysis/style-rules/ide0055) [C:\UserWorx\VSWorx\ServoStudio\wpfui-servoStudio\samples\Wpf.Ui.servoStudio\servoStudio.csproj]
C:\UserWorx\VSWorx\ServoStudio\wpfui-servoStudio\samples\Wpf.Ui.servoStudio\Core\Sync\WinMmCyclicTimer.cs(112,18): warning IDE0055: 淇鏍煎紡 (https://learn.microsoft.com/dotnet/fundamentals/code-analysis/style-rules/ide0055) [C:\UserWorx\VSWorx\ServoStudio\wpfui-servoStudio\samples\Wpf.Ui.servoStudio\servoStudio.csproj]
C:\UserWorx\VSWorx\ServoStudio\wpfui-servoStudio\samples\Wpf.Ui.servoStudio\Core\Sync\WinMmCyclicTimer.cs(112,24): warning IDE0055: 淇鏍煎紡 (https://learn.microsoft.com/dotnet/fundamentals/code-analysis/style-rules/ide0055) [C:\UserWorx\VSWorx\ServoStudio\wpfui-servoStudio\samples\Wpf.Ui.servoStudio\servoStudio.csproj]
C:\UserWorx\VSWorx\ServoStudio\wpfui-servoStudio\samples\Wpf.Ui.servoStudio\Core\Sync\WinMmCyclicTimer.cs(120,21): warning IDE0055: 淇鏍煎紡 (https://learn.microsoft.com/dotnet/fundamentals/code-analysis/style-rules/ide0055) [C:\UserWorx\VSWorx\ServoStudio\wpfui-servoStudio\samples\Wpf.Ui.servoStudio\servoStudio.csproj]
C:\UserWorx\VSWorx\ServoStudio\wpfui-servoStudio\samples\Wpf.Ui.servoStudio\Core\Sync\WinMmCyclicTimer.cs(120,23): warning IDE0055: 淇鏍煎紡 (https://learn.microsoft.com/dotnet/fundamentals/code-analysis/style-rules/ide0055) [C:\UserWorx\VSWorx\ServoStudio\wpfui-servoStudio\samples\Wpf.Ui.servoStudio\servoStudio.csproj]
C:\UserWorx\VSWorx\ServoStudio\wpfui-servoStudio\samples\Wpf.Ui.servoStudio\Core\Sync\WinMmCyclicTimer.cs(120,39): warning IDE0055: 淇鏍煎紡 (https://learn.microsoft.com/dotnet/fundamentals/code-analysis/style-rules/ide0055) [C:\UserWorx\VSWorx\ServoStudio\wpfui-servoStudio\samples\Wpf.Ui.servoStudio\servoStudio.csproj]
C:\UserWorx\VSWorx\ServoStudio\wpfui-servoStudio\samples\Wpf.Ui.servoStudio\Core\Sync\WinMmCyclicTimer.cs(127,16): warning IDE0055: 淇鏍煎紡 (https://learn.microsoft.com/dotnet/fundamentals/code-analysis/style-rules/ide0055) [C:\UserWorx\VSWorx\ServoStudio\wpfui-servoStudio\samples\Wpf.Ui.servoStudio\servoStudio.csproj]
C:\UserWorx\VSWorx\ServoStudio\wpfui-servoStudio\samples\Wpf.Ui.servoStudio\Core\Sync\WinMmCyclicTimer.cs(127,18): warning IDE0055: 淇鏍煎紡 (https://learn.microsoft.com/dotnet/fundamentals/code-analysis/style-rules/ide0055) [C:\UserWorx\VSWorx\ServoStudio\wpfui-servoStudio\samples\Wpf.Ui.servoStudio\servoStudio.csproj]
C:\UserWorx\VSWorx\ServoStudio\wpfui-servoStudio\samples\Wpf.Ui.servoStudio\Core\Sync\WinMmCyclicTimer.cs(127,47): warning IDE0055: 淇鏍煎紡 (https://learn.microsoft.com/dotnet/fundamentals/code-analysis/style-rules/ide0055) [C:\UserWorx\VSWorx\ServoStudio\wpfui-servoStudio\samples\Wpf.Ui.servoStudio\servoStudio.csproj]
C:\UserWorx\VSWorx\ServoStudio\wpfui-servoStudio\samples\Wpf.Ui.servoStudio\Core\Sync\WinMmCyclicTimer.cs(127,49): warning IDE0055: 淇鏍煎紡 (https://learn.microsoft.com/dotnet/fundamentals/code-analysis/style-rules/ide0055) [C:\UserWorx\VSWorx\ServoStudio\wpfui-servoStudio\samples\Wpf.Ui.servoStudio\servoStudio.csproj]
C:\UserWorx\VSWorx\ServoStudio\wpfui-servoStudio\samples\Wpf.Ui.servoStudio\Core\Sync\WinMmCyclicTimer.cs(129,16): warning IDE0055: 淇鏍煎紡 (https://learn.microsoft.com/dotnet/fundamentals/code-analysis/style-rules/ide0055) [C:\UserWorx\VSWorx\ServoStudio\wpfui-servoStudio\samples\Wpf.Ui.servoStudio\servoStudio.csproj]
C:\UserWorx\VSWorx\ServoStudio\wpfui-servoStudio\samples\Wpf.Ui.servoStudio\Core\Sync\WinMmCyclicTimer.cs(129,18): warning IDE0055: 淇鏍煎紡 (https://learn.microsoft.com/dotnet/fundamentals/code-analysis/style-rules/ide0055) [C:\UserWorx\VSWorx\ServoStudio\wpfui-servoStudio\samples\Wpf.Ui.servoStudio\servoStudio.csproj]
C:\UserWorx\VSWorx\ServoStudio\wpfui-servoStudio\samples\Wpf.Ui.servoStudio\Core\Sync\WinMmCyclicTimer.cs(129,40): warning IDE0055: 淇鏍煎紡 (https://learn.microsoft.com/dotnet/fundamentals/code-analysis/style-rules/ide0055) [C:\UserWorx\VSWorx\ServoStudio\wpfui-servoStudio\samples\Wpf.Ui.servoStudio\servoStudio.csproj]
C:\UserWorx\VSWorx\ServoStudio\wpfui-servoStudio\samples\Wpf.Ui.servoStudio\Core\Sync\WinMmCyclicTimer.cs(129,42): warning IDE0055: 淇鏍煎紡 (https://learn.microsoft.com/dotnet/fundamentals/code-analysis/style-rules/ide0055) [C:\UserWorx\VSWorx\ServoStudio\wpfui-servoStudio\samples\Wpf.Ui.servoStudio\servoStudio.csproj]
C:\UserWorx\VSWorx\ServoStudio\wpfui-servoStudio\samples\Wpf.Ui.servoStudio\Core\Sync\WinMmCyclicTimer.cs(91,13): warning IDE2003: 鍧椾笌鍚庣画璇彞涔嬮棿闇€瑕佹湁绌虹櫧琛?(https://learn.microsoft.com/dotnet/fundamentals/code-analysis/style-rules/ide2003) [C:\UserWorx\VSWorx\ServoStudio\wpfui-servoStudio\samples\Wpf.Ui.servoStudio\servoStudio.csproj]
C:\UserWorx\VSWorx\ServoStudio\wpfui-servoStudio\samples\Wpf.Ui.servoStudio\Core\Sync\WinMmCyclicTimer.cs(114,9): warning IDE2003: 鍧椾笌鍚庣画璇彞涔嬮棿闇€瑕佹湁绌虹櫧琛?(https://learn.microsoft.com/dotnet/fundamentals/code-analysis/style-rules/ide2003) [C:\UserWorx\VSWorx\ServoStudio\wpfui-servoStudio\samples\Wpf.Ui.servoStudio\servoStudio.csproj]
C:\UserWorx\VSWorx\ServoStudio\wpfui-servoStudio\samples\Wpf.Ui.servoStudio\Core\Sync\WinMmCyclicTimer.cs(130,9): warning IDE2003: 鍧椾笌鍚庣画璇彞涔嬮棿闇€瑕佹湁绌虹櫧琛?(https://learn.microsoft.com/dotnet/fundamentals/code-analysis/style-rules/ide2003) [C:\UserWorx\VSWorx\ServoStudio\wpfui-servoStudio\samples\Wpf.Ui.servoStudio\servoStudio.csproj]
C:\UserWorx\VSWorx\ServoStudio\wpfui-servoStudio\samples\Wpf.Ui.servoStudio\Core\Sync\WinMmCyclicTimer.cs(127,71): warning IDE2003: 鍧椾笌鍚庣画璇彞涔嬮棿闇€瑕佹湁绌虹櫧琛?(https://learn.microsoft.com/dotnet/fundamentals/code-analysis/style-rules/ide2003) [C:\UserWorx\VSWorx\ServoStudio\wpfui-servoStudio\samples\Wpf.Ui.servoStudio\servoStudio.csproj]
C:\UserWorx\VSWorx\ServoStudio\wpfui-servoStudio\samples\Wpf.Ui.servoStudio\Core\Usb\CdcAcmUsbBus.cs(62,16): warning IDE0055: 淇鏍煎紡 (https://learn.microsoft.com/dotnet/fundamentals/code-analysis/style-rules/ide0055) [C:\UserWorx\VSWorx\ServoStudio\wpfui-servoStudio\samples\Wpf.Ui.servoStudio\servoStudio.csproj]
C:\UserWorx\VSWorx\ServoStudio\wpfui-servoStudio\samples\Wpf.Ui.servoStudio\Core\Usb\CdcAcmUsbBus.cs(62,18): warning IDE0055: 淇鏍煎紡 (https://learn.microsoft.com/dotnet/fundamentals/code-analysis/style-rules/ide0055) [C:\UserWorx\VSWorx\ServoStudio\wpfui-servoStudio\samples\Wpf.Ui.servoStudio\servoStudio.csproj]
C:\UserWorx\VSWorx\ServoStudio\wpfui-servoStudio\samples\Wpf.Ui.servoStudio\Core\Usb\CdcAcmUsbBus.cs(62,36): warning IDE0055: 淇鏍煎紡 (https://learn.microsoft.com/dotnet/fundamentals/code-analysis/style-rules/ide0055) [C:\UserWorx\VSWorx\ServoStudio\wpfui-servoStudio\samples\Wpf.Ui.servoStudio\servoStudio.csproj]
C:\UserWorx\VSWorx\ServoStudio\wpfui-servoStudio\samples\Wpf.Ui.servoStudio\Core\Usb\CdcAcmUsbBus.cs(62,38): warning IDE0055: 淇鏍煎紡 (https://learn.microsoft.com/dotnet/fundamentals/code-analysis/style-rules/ide0055) [C:\UserWorx\VSWorx\ServoStudio\wpfui-servoStudio\samples\Wpf.Ui.servoStudio\servoStudio.csproj]
C:\UserWorx\VSWorx\ServoStudio\wpfui-servoStudio\samples\Wpf.Ui.servoStudio\Core\Usb\CdcAcmUsbBus.cs(70,12): warning IDE0055: 淇鏍煎紡 (https://learn.microsoft.com/dotnet/fundamentals/code-analysis/style-rules/ide0055) [C:\UserWorx\VSWorx\ServoStudio\wpfui-servoStudio\samples\Wpf.Ui.servoStudio\servoStudio.csproj]
C:\UserWorx\VSWorx\ServoStudio\wpfui-servoStudio\samples\Wpf.Ui.servoStudio\Core\Usb\CdcAcmUsbBus.cs(70,14): warning IDE0055: 淇鏍煎紡 (https://learn.microsoft.com/dotnet/fundamentals/code-analysis/style-rules/ide0055) [C:\UserWorx\VSWorx\ServoStudio\wpfui-servoStudio\samples\Wpf.Ui.servoStudio\servoStudio.csproj]
C:\UserWorx\VSWorx\ServoStudio\wpfui-servoStudio\samples\Wpf.Ui.servoStudio\Core\Usb\CdcAcmUsbBus.cs(70,30): warning IDE0055: 淇鏍煎紡 (https://learn.microsoft.com/dotnet/fundamentals/code-analysis/style-rules/ide0055) [C:\UserWorx\VSWorx\ServoStudio\wpfui-servoStudio\samples\Wpf.Ui.servoStudio\servoStudio.csproj]
C:\UserWorx\VSWorx\ServoStudio\wpfui-servoStudio\samples\Wpf.Ui.servoStudio\Core\Usb\CdcAcmUsbBus.cs(70,32): warning IDE0055: 淇鏍煎紡 (https://learn.microsoft.com/dotnet/fundamentals/code-analysis/style-rules/ide0055) [C:\UserWorx\VSWorx\ServoStudio\wpfui-servoStudio\samples\Wpf.Ui.servoStudio\servoStudio.csproj]
C:\UserWorx\VSWorx\ServoStudio\wpfui-servoStudio\samples\Wpf.Ui.servoStudio\Core\Usb\CdcAcmUsbBus.cs(71,12): warning IDE0055: 淇鏍煎紡 (https://learn.microsoft.com/dotnet/fundamentals/code-analysis/style-rules/ide0055) [C:\UserWorx\VSWorx\ServoStudio\wpfui-servoStudio\samples\Wpf.Ui.servoStudio\servoStudio.csproj]
C:\UserWorx\VSWorx\ServoStudio\wpfui-servoStudio\samples\Wpf.Ui.servoStudio\Core\Usb\CdcAcmUsbBus.cs(71,14): warning IDE0055: 淇鏍煎紡 (https://learn.microsoft.com/dotnet/fundamentals/code-analysis/style-rules/ide0055) [C:\UserWorx\VSWorx\ServoStudio\wpfui-servoStudio\samples\Wpf.Ui.servoStudio\servoStudio.csproj]
C:\UserWorx\VSWorx\ServoStudio\wpfui-servoStudio\samples\Wpf.Ui.servoStudio\Core\Usb\CdcAcmUsbBus.cs(71,32): warning IDE0055: 淇鏍煎紡 (https://learn.microsoft.com/dotnet/fundamentals/code-analysis/style-rules/ide0055) [C:\UserWorx\VSWorx\ServoStudio\wpfui-servoStudio\samples\Wpf.Ui.servoStudio\servoStudio.csproj]
C:\UserWorx\VSWorx\ServoStudio\wpfui-servoStudio\samples\Wpf.Ui.servoStudio\Core\Usb\CdcAcmUsbBus.cs(71,34): warning IDE0055: 淇鏍煎紡 (https://learn.microsoft.com/dotnet/fundamentals/code-analysis/style-rules/ide0055) [C:\UserWorx\VSWorx\ServoStudio\wpfui-servoStudio\samples\Wpf.Ui.servoStudio\servoStudio.csproj]
C:\UserWorx\VSWorx\ServoStudio\wpfui-servoStudio\samples\Wpf.Ui.servoStudio\Core\Usb\CdcAcmUsbBus.cs(73,38): warning IDE0055: 淇鏍煎紡 (https://learn.microsoft.com/dotnet/fundamentals/code-analysis/style-rules/ide0055) [C:\UserWorx\VSWorx\ServoStudio\wpfui-servoStudio\samples\Wpf.Ui.servoStudio\servoStudio.csproj]
C:\UserWorx\VSWorx\ServoStudio\wpfui-servoStudio\samples\Wpf.Ui.servoStudio\Core\Usb\CdcAcmUsbBus.cs(73,40): warning IDE0055: 淇鏍煎紡 (https://learn.microsoft.com/dotnet/fundamentals/code-analysis/style-rules/ide0055) [C:\UserWorx\VSWorx\ServoStudio\wpfui-servoStudio\samples\Wpf.Ui.servoStudio\servoStudio.csproj]
C:\UserWorx\VSWorx\ServoStudio\wpfui-servoStudio\samples\Wpf.Ui.servoStudio\Core\Usb\CdcAcmUsbBus.cs(62,60): warning IDE2003: 鍧椾笌鍚庣画璇彞涔嬮棿闇€瑕佹湁绌虹櫧琛?(https://learn.microsoft.com/dotnet/fundamentals/code-analysis/style-rules/ide2003) [C:\UserWorx\VSWorx\ServoStudio\wpfui-servoStudio\samples\Wpf.Ui.servoStudio\servoStudio.csproj]
C:\UserWorx\VSWorx\ServoStudio\wpfui-servoStudio\samples\Wpf.Ui.servoStudio\Core\Usb\CdcAcmUsbBus.cs(70,54): warning IDE2003: 鍧椾笌鍚庣画璇彞涔嬮棿闇€瑕佹湁绌虹櫧琛?(https://learn.microsoft.com/dotnet/fundamentals/code-analysis/style-rules/ide2003) [C:\UserWorx\VSWorx\ServoStudio\wpfui-servoStudio\samples\Wpf.Ui.servoStudio\servoStudio.csproj]
C:\UserWorx\VSWorx\ServoStudio\wpfui-servoStudio\samples\Wpf.Ui.servoStudio\Core\Usb\CdcAcmUsbBus.cs(71,56): warning IDE2003: 鍧椾笌鍚庣画璇彞涔嬮棿闇€瑕佹湁绌虹櫧琛?(https://learn.microsoft.com/dotnet/fundamentals/code-analysis/style-rules/ide2003) [C:\UserWorx\VSWorx\ServoStudio\wpfui-servoStudio\samples\Wpf.Ui.servoStudio\servoStudio.csproj]
C:\UserWorx\VSWorx\ServoStudio\wpfui-servoStudio\samples\Wpf.Ui.servoStudio\Core\Usb\CdcAcmUsbBus.cs(90,13): warning IDE2003: 鍧椾笌鍚庣画璇彞涔嬮棿闇€瑕佹湁绌虹櫧琛?(https://learn.microsoft.com/dotnet/fundamentals/code-analysis/style-rules/ide2003) [C:\UserWorx\VSWorx\ServoStudio\wpfui-servoStudio\samples\Wpf.Ui.servoStudio\servoStudio.csproj]
C:\UserWorx\VSWorx\ServoStudio\wpfui-servoStudio\samples\Wpf.Ui.servoStudio\Core\Usb\IUsbBus.cs(23,16): warning IDE0055: 淇鏍煎紡 (https://learn.microsoft.com/dotnet/fundamentals/code-analysis/style-rules/ide0055) [C:\UserWorx\VSWorx\ServoStudio\wpfui-servoStudio\samples\Wpf.Ui.servoStudio\servoStudio.csproj]
C:\UserWorx\VSWorx\ServoStudio\wpfui-servoStudio\samples\Wpf.Ui.servoStudio\Core\Usb\IUsbBus.cs(23,18): warning IDE0055: 淇鏍煎紡 (https://learn.microsoft.com/dotnet/fundamentals/code-analysis/style-rules/ide0055) [C:\UserWorx\VSWorx\ServoStudio\wpfui-servoStudio\samples\Wpf.Ui.servoStudio\servoStudio.csproj]
C:\UserWorx\VSWorx\ServoStudio\wpfui-servoStudio\samples\Wpf.Ui.servoStudio\Core\Usb\IUsbBus.cs(23,23): warning IDE0055: 淇鏍煎紡 (https://learn.microsoft.com/dotnet/fundamentals/code-analysis/style-rules/ide0055) [C:\UserWorx\VSWorx\ServoStudio\wpfui-servoStudio\samples\Wpf.Ui.servoStudio\servoStudio.csproj]
C:\UserWorx\VSWorx\ServoStudio\wpfui-servoStudio\samples\Wpf.Ui.servoStudio\Core\Usb\MscUsbBus.cs(46,23): warning IDE0055: 淇鏍煎紡 (https://learn.microsoft.com/dotnet/fundamentals/code-analysis/style-rules/ide0055) [C:\UserWorx\VSWorx\ServoStudio\wpfui-servoStudio\samples\Wpf.Ui.servoStudio\servoStudio.csproj]
C:\UserWorx\VSWorx\ServoStudio\wpfui-servoStudio\samples\Wpf.Ui.servoStudio\Core\Usb\MscUsbBus.cs(46,25): warning IDE0055: 淇鏍煎紡 (https://learn.microsoft.com/dotnet/fundamentals/code-analysis/style-rules/ide0055) [C:\UserWorx\VSWorx\ServoStudio\wpfui-servoStudio\samples\Wpf.Ui.servoStudio\servoStudio.csproj]
C:\UserWorx\VSWorx\ServoStudio\wpfui-servoStudio\samples\Wpf.Ui.servoStudio\Core\Usb\MscUsbBus.cs(46,43): warning IDE0055: 淇鏍煎紡 (https://learn.microsoft.com/dotnet/fundamentals/code-analysis/style-rules/ide0055) [C:\UserWorx\VSWorx\ServoStudio\wpfui-servoStudio\samples\Wpf.Ui.servoStudio\servoStudio.csproj]
C:\UserWorx\VSWorx\ServoStudio\wpfui-servoStudio\samples\Wpf.Ui.servoStudio\Core\Usb\MscUsbBus.cs(92,16): warning IDE0055: 淇鏍煎紡 (https://learn.microsoft.com/dotnet/fundamentals/code-analysis/style-rules/ide0055) [C:\UserWorx\VSWorx\ServoStudio\wpfui-servoStudio\samples\Wpf.Ui.servoStudio\servoStudio.csproj]
C:\UserWorx\VSWorx\ServoStudio\wpfui-servoStudio\samples\Wpf.Ui.servoStudio\Core\Usb\MscUsbBus.cs(92,18): warning IDE0055: 淇鏍煎紡 (https://learn.microsoft.com/dotnet/fundamentals/code-analysis/style-rules/ide0055) [C:\UserWorx\VSWorx\ServoStudio\wpfui-servoStudio\samples\Wpf.Ui.servoStudio\servoStudio.csproj]
C:\UserWorx\VSWorx\ServoStudio\wpfui-servoStudio\samples\Wpf.Ui.servoStudio\Core\Usb\MscUsbBus.cs(92,56): warning IDE0055: 淇鏍煎紡 (https://learn.microsoft.com/dotnet/fundamentals/code-analysis/style-rules/ide0055) [C:\UserWorx\VSWorx\ServoStudio\wpfui-servoStudio\samples\Wpf.Ui.servoStudio\servoStudio.csproj]
C:\UserWorx\VSWorx\ServoStudio\wpfui-servoStudio\samples\Wpf.Ui.servoStudio\Core\Usb\MscUsbBus.cs(92,58): warning IDE0055: 淇鏍煎紡 (https://learn.microsoft.com/dotnet/fundamentals/code-analysis/style-rules/ide0055) [C:\UserWorx\VSWorx\ServoStudio\wpfui-servoStudio\samples\Wpf.Ui.servoStudio\servoStudio.csproj]
C:\UserWorx\VSWorx\ServoStudio\wpfui-servoStudio\samples\Wpf.Ui.servoStudio\Core\Usb\MscUsbBus.cs(93,16): warning IDE0055: 淇鏍煎紡 (https://learn.microsoft.com/dotnet/fundamentals/code-analysis/style-rules/ide0055) [C:\UserWorx\VSWorx\ServoStudio\wpfui-servoStudio\samples\Wpf.Ui.servoStudio\servoStudio.csproj]
C:\UserWorx\VSWorx\ServoStudio\wpfui-servoStudio\samples\Wpf.Ui.servoStudio\Core\Usb\MscUsbBus.cs(93,18): warning IDE0055: 淇鏍煎紡 (https://learn.microsoft.com/dotnet/fundamentals/code-analysis/style-rules/ide0055) [C:\UserWorx\VSWorx\ServoStudio\wpfui-servoStudio\samples\Wpf.Ui.servoStudio\servoStudio.csproj]
C:\UserWorx\VSWorx\ServoStudio\wpfui-servoStudio\samples\Wpf.Ui.servoStudio\Core\Usb\MscUsbBus.cs(93,54): warning IDE0055: 淇鏍煎紡 (https://learn.microsoft.com/dotnet/fundamentals/code-analysis/style-rules/ide0055) [C:\UserWorx\VSWorx\ServoStudio\wpfui-servoStudio\samples\Wpf.Ui.servoStudio\servoStudio.csproj]
C:\UserWorx\VSWorx\ServoStudio\wpfui-servoStudio\samples\Wpf.Ui.servoStudio\Core\Usb\MscUsbBus.cs(93,56): warning IDE0055: 淇鏍煎紡 (https://learn.microsoft.com/dotnet/fundamentals/code-analysis/style-rules/ide0055) [C:\UserWorx\VSWorx\ServoStudio\wpfui-servoStudio\samples\Wpf.Ui.servoStudio\servoStudio.csproj]
C:\UserWorx\VSWorx\ServoStudio\wpfui-servoStudio\samples\Wpf.Ui.servoStudio\Core\Usb\MscUsbBus.cs(94,16): warning IDE0055: 淇鏍煎紡 (https://learn.microsoft.com/dotnet/fundamentals/code-analysis/style-rules/ide0055) [C:\UserWorx\VSWorx\ServoStudio\wpfui-servoStudio\samples\Wpf.Ui.servoStudio\servoStudio.csproj]
C:\UserWorx\VSWorx\ServoStudio\wpfui-servoStudio\samples\Wpf.Ui.servoStudio\Core\Usb\MscUsbBus.cs(94,18): warning IDE0055: 淇鏍煎紡 (https://learn.microsoft.com/dotnet/fundamentals/code-analysis/style-rules/ide0055) [C:\UserWorx\VSWorx\ServoStudio\wpfui-servoStudio\samples\Wpf.Ui.servoStudio\servoStudio.csproj]
C:\UserWorx\VSWorx\ServoStudio\wpfui-servoStudio\samples\Wpf.Ui.servoStudio\Core\Usb\MscUsbBus.cs(94,38): warning IDE0055: 淇鏍煎紡 (https://learn.microsoft.com/dotnet/fundamentals/code-analysis/style-rules/ide0055) [C:\UserWorx\VSWorx\ServoStudio\wpfui-servoStudio\samples\Wpf.Ui.servoStudio\servoStudio.csproj]
C:\UserWorx\VSWorx\ServoStudio\wpfui-servoStudio\samples\Wpf.Ui.servoStudio\Core\Usb\MscUsbBus.cs(94,40): warning IDE0055: 淇鏍煎紡 (https://learn.microsoft.com/dotnet/fundamentals/code-analysis/style-rules/ide0055) [C:\UserWorx\VSWorx\ServoStudio\wpfui-servoStudio\samples\Wpf.Ui.servoStudio\servoStudio.csproj]
C:\UserWorx\VSWorx\ServoStudio\wpfui-servoStudio\samples\Wpf.Ui.servoStudio\Core\Usb\MscUsbBus.cs(205,20): warning IDE0055: 淇鏍煎紡 (https://learn.microsoft.com/dotnet/fundamentals/code-analysis/style-rules/ide0055) [C:\UserWorx\VSWorx\ServoStudio\wpfui-servoStudio\samples\Wpf.Ui.servoStudio\servoStudio.csproj]
C:\UserWorx\VSWorx\ServoStudio\wpfui-servoStudio\samples\Wpf.Ui.servoStudio\Core\Usb\MscUsbBus.cs(205,22): warning IDE0055: 淇鏍煎紡 (https://learn.microsoft.com/dotnet/fundamentals/code-analysis/style-rules/ide0055) [C:\UserWorx\VSWorx\ServoStudio\wpfui-servoStudio\samples\Wpf.Ui.servoStudio\servoStudio.csproj]
C:\UserWorx\VSWorx\ServoStudio\wpfui-servoStudio\samples\Wpf.Ui.servoStudio\Core\Usb\MscUsbBus.cs(205,41): warning IDE0055: 淇鏍煎紡 (https://learn.microsoft.com/dotnet/fundamentals/code-analysis/style-rules/ide0055) [C:\UserWorx\VSWorx\ServoStudio\wpfui-servoStudio\samples\Wpf.Ui.servoStudio\servoStudio.csproj]
C:\UserWorx\VSWorx\ServoStudio\wpfui-servoStudio\samples\Wpf.Ui.servoStudio\Core\Usb\MscUsbBus.cs(205,43): warning IDE0055: 淇鏍煎紡 (https://learn.microsoft.com/dotnet/fundamentals/code-analysis/style-rules/ide0055) [C:\UserWorx\VSWorx\ServoStudio\wpfui-servoStudio\samples\Wpf.Ui.servoStudio\servoStudio.csproj]
C:\UserWorx\VSWorx\ServoStudio\wpfui-servoStudio\samples\Wpf.Ui.servoStudio\Core\Usb\MscUsbBus.cs(92,80): warning IDE2003: 鍧椾笌鍚庣画璇彞涔嬮棿闇€瑕佹湁绌虹櫧琛?(https://learn.microsoft.com/dotnet/fundamentals/code-analysis/style-rules/ide2003) [C:\UserWorx\VSWorx\ServoStudio\wpfui-servoStudio\samples\Wpf.Ui.servoStudio\servoStudio.csproj]
C:\UserWorx\VSWorx\ServoStudio\wpfui-servoStudio\samples\Wpf.Ui.servoStudio\Core\Usb\MscUsbBus.cs(93,78): warning IDE2003: 鍧椾笌鍚庣画璇彞涔嬮棿闇€瑕佹湁绌虹櫧琛?(https://learn.microsoft.com/dotnet/fundamentals/code-analysis/style-rules/ide2003) [C:\UserWorx\VSWorx\ServoStudio\wpfui-servoStudio\samples\Wpf.Ui.servoStudio\servoStudio.csproj]
C:\UserWorx\VSWorx\ServoStudio\wpfui-servoStudio\samples\Wpf.Ui.servoStudio\Core\Usb\MscUsbBus.cs(94,62): warning IDE2003: 鍧椾笌鍚庣画璇彞涔嬮棿闇€瑕佹湁绌虹櫧琛?(https://learn.microsoft.com/dotnet/fundamentals/code-analysis/style-rules/ide2003) [C:\UserWorx\VSWorx\ServoStudio\wpfui-servoStudio\samples\Wpf.Ui.servoStudio\servoStudio.csproj]
C:\UserWorx\VSWorx\ServoStudio\wpfui-servoStudio\samples\Wpf.Ui.servoStudio\Core\Usb\MscUsbBus.cs(205,65): warning IDE2003: 鍧椾笌鍚庣画璇彞涔嬮棿闇€瑕佹湁绌虹櫧琛?(https://learn.microsoft.com/dotnet/fundamentals/code-analysis/style-rules/ide2003) [C:\UserWorx\VSWorx\ServoStudio\wpfui-servoStudio\samples\Wpf.Ui.servoStudio\servoStudio.csproj]
C:\UserWorx\VSWorx\ServoStudio\wpfui-servoStudio\samples\Wpf.Ui.servoStudio\Core\Usb\UsbBulkBus.cs(102,16): warning IDE0055: 淇鏍煎紡 (https://learn.microsoft.com/dotnet/fundamentals/code-analysis/style-rules/ide0055) [C:\UserWorx\VSWorx\ServoStudio\wpfui-servoStudio\samples\Wpf.Ui.servoStudio\servoStudio.csproj]
C:\UserWorx\VSWorx\ServoStudio\wpfui-servoStudio\samples\Wpf.Ui.servoStudio\Core\Usb\UsbBulkBus.cs(102,18): warning IDE0055: 淇鏍煎紡 (https://learn.microsoft.com/dotnet/fundamentals/code-analysis/style-rules/ide0055) [C:\UserWorx\VSWorx\ServoStudio\wpfui-servoStudio\samples\Wpf.Ui.servoStudio\servoStudio.csproj]
C:\UserWorx\VSWorx\ServoStudio\wpfui-servoStudio\samples\Wpf.Ui.servoStudio\Core\Usb\UsbBulkBus.cs(102,60): warning IDE0055: 淇鏍煎紡 (https://learn.microsoft.com/dotnet/fundamentals/code-analysis/style-rules/ide0055) [C:\UserWorx\VSWorx\ServoStudio\wpfui-servoStudio\samples\Wpf.Ui.servoStudio\servoStudio.csproj]
C:\UserWorx\VSWorx\ServoStudio\wpfui-servoStudio\samples\Wpf.Ui.servoStudio\Core\Usb\UsbBulkBus.cs(102,62): warning IDE0055: 淇鏍煎紡 (https://learn.microsoft.com/dotnet/fundamentals/code-analysis/style-rules/ide0055) [C:\UserWorx\VSWorx\ServoStudio\wpfui-servoStudio\samples\Wpf.Ui.servoStudio\servoStudio.csproj]
C:\UserWorx\VSWorx\ServoStudio\wpfui-servoStudio\samples\Wpf.Ui.servoStudio\Core\Usb\UsbBulkBus.cs(108,16): warning IDE0055: 淇鏍煎紡 (https://learn.microsoft.com/dotnet/fundamentals/code-analysis/style-rules/ide0055) [C:\UserWorx\VSWorx\ServoStudio\wpfui-servoStudio\samples\Wpf.Ui.servoStudio\servoStudio.csproj]
C:\UserWorx\VSWorx\ServoStudio\wpfui-servoStudio\samples\Wpf.Ui.servoStudio\Core\Usb\UsbBulkBus.cs(108,18): warning IDE0055: 淇鏍煎紡 (https://learn.microsoft.com/dotnet/fundamentals/code-analysis/style-rules/ide0055) [C:\UserWorx\VSWorx\ServoStudio\wpfui-servoStudio\samples\Wpf.Ui.servoStudio\servoStudio.csproj]
C:\UserWorx\VSWorx\ServoStudio\wpfui-servoStudio\samples\Wpf.Ui.servoStudio\Core\Usb\UsbBulkBus.cs(108,43): warning IDE0055: 淇鏍煎紡 (https://learn.microsoft.com/dotnet/fundamentals/code-analysis/style-rules/ide0055) [C:\UserWorx\VSWorx\ServoStudio\wpfui-servoStudio\samples\Wpf.Ui.servoStudio\servoStudio.csproj]
C:\UserWorx\VSWorx\ServoStudio\wpfui-servoStudio\samples\Wpf.Ui.servoStudio\Core\Usb\UsbBulkBus.cs(108,45): warning IDE0055: 淇鏍煎紡 (https://learn.microsoft.com/dotnet/fundamentals/code-analysis/style-rules/ide0055) [C:\UserWorx\VSWorx\ServoStudio\wpfui-servoStudio\samples\Wpf.Ui.servoStudio\servoStudio.csproj]
C:\UserWorx\VSWorx\ServoStudio\wpfui-servoStudio\samples\Wpf.Ui.servoStudio\Core\Usb\UsbBulkBus.cs(102,84): warning IDE2003: 鍧椾笌鍚庣画璇彞涔嬮棿闇€瑕佹湁绌虹櫧琛?(https://learn.microsoft.com/dotnet/fundamentals/code-analysis/style-rules/ide2003) [C:\UserWorx\VSWorx\ServoStudio\wpfui-servoStudio\samples\Wpf.Ui.servoStudio\servoStudio.csproj]
C:\UserWorx\VSWorx\ServoStudio\wpfui-servoStudio\samples\Wpf.Ui.servoStudio\Core\Usb\UsbBulkBus.cs(108,67): warning IDE2003: 鍧椾笌鍚庣画璇彞涔嬮棿闇€瑕佹湁绌虹櫧琛?(https://learn.microsoft.com/dotnet/fundamentals/code-analysis/style-rules/ide2003) [C:\UserWorx\VSWorx\ServoStudio\wpfui-servoStudio\samples\Wpf.Ui.servoStudio\servoStudio.csproj]
C:\UserWorx\VSWorx\ServoStudio\wpfui-servoStudio\samples\Wpf.Ui.servoStudio\Services\UsbDeviceWatcher.cs(28,21): warning CA1060: 灏?pinvoke 绉诲埌鏈満鏂规硶绫?(https://learn.microsoft.com/dotnet/fundamentals/code-analysis/quality-rules/ca1060) [C:\UserWorx\VSWorx\ServoStudio\wpfui-servoStudio\samples\Wpf.Ui.servoStudio\servoStudio.csproj]
C:\UserWorx\VSWorx\ServoStudio\wpfui-servoStudio\samples\Wpf.Ui.servoStudio\ViewModels\AppData\AppLogViewModel.cs(15,22): warning CA1063: 浠庘€淎ppLogViewModel鈥濆疄鐜扮殑鎺ュ彛鍒楄〃涓垹闄?IDisposable锛屽洜涓哄畠宸茬敱鍩虹被鍨嬧€淰iewModel鈥濆疄鐜?(https://learn.microsoft.com/dotnet/fundamentals/code-analysis/quality-rules/ca1063) [C:\UserWorx\VSWorx\ServoStudio\wpfui-servoStudio\samples\Wpf.Ui.servoStudio\servoStudio.csproj]
C:\UserWorx\VSWorx\ServoStudio\wpfui-servoStudio\samples\Wpf.Ui.servoStudio\ViewModels\AppData\AppLogViewModel.cs(15,22): warning CA1063: 瀵?AppLogViewModel 鎻愪緵 Dispose(bool) 鐨勫彲閲嶅啓瀹炵幇鎴栧皢璇ョ被鍨嬫爣璁颁负鈥滃凡瀵嗗皝鈥濄€傚 Dispose(false) 鐨勮皟鐢ㄥ簲浠呮竻鐞嗘湰鏈鸿祫婧愩€傚 Dispose(true) 鐨勮皟鐢ㄥ簲鍚屾椂娓呯悊鎵樼璧勬簮鍜屾湰鏈鸿祫婧愩€?(https://learn.microsoft.com/dotnet/fundamentals/code-analysis/quality-rules/ca1063) [C:\UserWorx\VSWorx\ServoStudio\wpfui-servoStudio\samples\Wpf.Ui.servoStudio\servoStudio.csproj]
C:\UserWorx\VSWorx\ServoStudio\wpfui-servoStudio\samples\Wpf.Ui.servoStudio\ViewModels\AppData\DataSaveViewModel.cs(21,29): warning CA1063: 浠庘€淒ataSaveViewModel鈥濆疄鐜扮殑鎺ュ彛鍒楄〃涓垹闄?IDisposable锛屽洜涓哄畠宸茬敱鍩虹被鍨嬧€淰iewModel鈥濆疄鐜?(https://learn.microsoft.com/dotnet/fundamentals/code-analysis/quality-rules/ca1063) [C:\UserWorx\VSWorx\ServoStudio\wpfui-servoStudio\samples\Wpf.Ui.servoStudio\servoStudio.csproj]
C:\UserWorx\VSWorx\ServoStudio\wpfui-servoStudio\samples\Wpf.Ui.servoStudio\Core\Usb\UsbDeviceDescriptor.cs(17,27): warning IDE0055: 淇鏍煎紡 (https://learn.microsoft.com/dotnet/fundamentals/code-analysis/style-rules/ide0055) [C:\UserWorx\VSWorx\ServoStudio\wpfui-servoStudio\samples\Wpf.Ui.servoStudio\servoStudio.csproj]
C:\UserWorx\VSWorx\ServoStudio\wpfui-servoStudio\samples\Wpf.Ui.servoStudio\Core\Usb\UsbDeviceDescriptor.cs(17,29): warning IDE0055: 淇鏍煎紡 (https://learn.microsoft.com/dotnet/fundamentals/code-analysis/style-rules/ide0055) [C:\UserWorx\VSWorx\ServoStudio\wpfui-servoStudio\samples\Wpf.Ui.servoStudio\servoStudio.csproj]
C:\UserWorx\VSWorx\ServoStudio\wpfui-servoStudio\samples\Wpf.Ui.servoStudio\Core\Usb\UsbDeviceDescriptor.cs(17,40): warning IDE0055: 淇鏍煎紡 (https://learn.microsoft.com/dotnet/fundamentals/code-analysis/style-rules/ide0055) [C:\UserWorx\VSWorx\ServoStudio\wpfui-servoStudio\samples\Wpf.Ui.servoStudio\servoStudio.csproj]
C:\UserWorx\VSWorx\ServoStudio\wpfui-servoStudio\samples\Wpf.Ui.servoStudio\Core\Usb\UsbDeviceDescriptor.cs(19,28): warning IDE0055: 淇鏍煎紡 (https://learn.microsoft.com/dotnet/fundamentals/code-analysis/style-rules/ide0055) [C:\UserWorx\VSWorx\ServoStudio\wpfui-servoStudio\samples\Wpf.Ui.servoStudio\servoStudio.csproj]
C:\UserWorx\VSWorx\ServoStudio\wpfui-servoStudio\samples\Wpf.Ui.servoStudio\Core\Usb\UsbDeviceDescriptor.cs(19,30): warning IDE0055: 淇鏍煎紡 (https://learn.microsoft.com/dotnet/fundamentals/code-analysis/style-rules/ide0055) [C:\UserWorx\VSWorx\ServoStudio\wpfui-servoStudio\samples\Wpf.Ui.servoStudio\servoStudio.csproj]
C:\UserWorx\VSWorx\ServoStudio\wpfui-servoStudio\samples\Wpf.Ui.servoStudio\Core\Usb\UsbDeviceDescriptor.cs(19,41): warning IDE0055: 淇鏍煎紡 (https://learn.microsoft.com/dotnet/fundamentals/code-analysis/style-rules/ide0055) [C:\UserWorx\VSWorx\ServoStudio\wpfui-servoStudio\samples\Wpf.Ui.servoStudio\servoStudio.csproj]
C:\UserWorx\VSWorx\ServoStudio\wpfui-servoStudio\samples\Wpf.Ui.servoStudio\Core\Usb\UsbDeviceEnumerator.cs(34,67): warning IDE0055: 淇鏍煎紡 (https://learn.microsoft.com/dotnet/fundamentals/code-analysis/style-rules/ide0055) [C:\UserWorx\VSWorx\ServoStudio\wpfui-servoStudio\samples\Wpf.Ui.servoStudio\servoStudio.csproj]
C:\UserWorx\VSWorx\ServoStudio\wpfui-servoStudio\samples\Wpf.Ui.servoStudio\Core\Usb\UsbDeviceEnumerator.cs(34,69): warning IDE0055: 淇鏍煎紡 (https://learn.microsoft.com/dotnet/fundamentals/code-analysis/style-rules/ide0055) [C:\UserWorx\VSWorx\ServoStudio\wpfui-servoStudio\samples\Wpf.Ui.servoStudio\servoStudio.csproj]
C:\UserWorx\VSWorx\ServoStudio\wpfui-servoStudio\samples\Wpf.Ui.servoStudio\Core\Usb\UsbDeviceEnumerator.cs(34,79): warning IDE0055: 淇鏍煎紡 (https://learn.microsoft.com/dotnet/fundamentals/code-analysis/style-rules/ide0055) [C:\UserWorx\VSWorx\ServoStudio\wpfui-servoStudio\samples\Wpf.Ui.servoStudio\servoStudio.csproj]
C:\UserWorx\VSWorx\ServoStudio\wpfui-servoStudio\samples\Wpf.Ui.servoStudio\Core\Usb\UsbDeviceEnumerator.cs(166,13): warning IDE2003: 鍧椾笌鍚庣画璇彞涔嬮棿闇€瑕佹湁绌虹櫧琛?(https://learn.microsoft.com/dotnet/fundamentals/code-analysis/style-rules/ide2003) [C:\UserWorx\VSWorx\ServoStudio\wpfui-servoStudio\samples\Wpf.Ui.servoStudio\servoStudio.csproj]
C:\UserWorx\VSWorx\ServoStudio\wpfui-servoStudio\samples\Wpf.Ui.servoStudio\Core\Usb\UsbMaster.cs(49,32): warning IDE0055: 淇鏍煎紡 (https://learn.microsoft.com/dotnet/fundamentals/code-analysis/style-rules/ide0055) [C:\UserWorx\VSWorx\ServoStudio\wpfui-servoStudio\samples\Wpf.Ui.servoStudio\servoStudio.csproj]
C:\UserWorx\VSWorx\ServoStudio\wpfui-servoStudio\samples\Wpf.Ui.servoStudio\Core\Usb\UsbMaster.cs(49,34): warning IDE0055: 淇鏍煎紡 (https://learn.microsoft.com/dotnet/fundamentals/code-analysis/style-rules/ide0055) [C:\UserWorx\VSWorx\ServoStudio\wpfui-servoStudio\samples\Wpf.Ui.servoStudio\servoStudio.csproj]
C:\UserWorx\VSWorx\ServoStudio\wpfui-servoStudio\samples\Wpf.Ui.servoStudio\Core\Usb\UsbMaster.cs(49,52): warning IDE0055: 淇鏍煎紡 (https://learn.microsoft.com/dotnet/fundamentals/code-analysis/style-rules/ide0055) [C:\UserWorx\VSWorx\ServoStudio\wpfui-servoStudio\samples\Wpf.Ui.servoStudio\servoStudio.csproj]
C:\UserWorx\VSWorx\ServoStudio\wpfui-servoStudio\samples\Wpf.Ui.servoStudio\Core\Usb\UsbMaster.cs(52,44): warning IDE0055: 淇鏍煎紡 (https://learn.microsoft.com/dotnet/fundamentals/code-analysis/style-rules/ide0055) [C:\UserWorx\VSWorx\ServoStudio\wpfui-servoStudio\samples\Wpf.Ui.servoStudio\servoStudio.csproj]
C:\UserWorx\VSWorx\ServoStudio\wpfui-servoStudio\samples\Wpf.Ui.servoStudio\Core\Usb\UsbMaster.cs(52,46): warning IDE0055: 淇鏍煎紡 (https://learn.microsoft.com/dotnet/fundamentals/code-analysis/style-rules/ide0055) [C:\UserWorx\VSWorx\ServoStudio\wpfui-servoStudio\samples\Wpf.Ui.servoStudio\servoStudio.csproj]
C:\UserWorx\VSWorx\ServoStudio\wpfui-servoStudio\samples\Wpf.Ui.servoStudio\Core\Usb\UsbMaster.cs(52,64): warning IDE0055: 淇鏍煎紡 (https://learn.microsoft.com/dotnet/fundamentals/code-analysis/style-rules/ide0055) [C:\UserWorx\VSWorx\ServoStudio\wpfui-servoStudio\samples\Wpf.Ui.servoStudio\servoStudio.csproj]
C:\UserWorx\VSWorx\ServoStudio\wpfui-servoStudio\samples\Wpf.Ui.servoStudio\Core\Usb\UsbMaster.cs(106,12): warning IDE0055: 淇鏍煎紡 (https://learn.microsoft.com/dotnet/fundamentals/code-analysis/style-rules/ide0055) [C:\UserWorx\VSWorx\ServoStudio\wpfui-servoStudio\samples\Wpf.Ui.servoStudio\servoStudio.csproj]
C:\UserWorx\VSWorx\ServoStudio\wpfui-servoStudio\samples\Wpf.Ui.servoStudio\Core\Usb\UsbMaster.cs(106,14): warning IDE0055: 淇鏍煎紡 (https://learn.microsoft.com/dotnet/fundamentals/code-analysis/style-rules/ide0055) [C:\UserWorx\VSWorx\ServoStudio\wpfui-servoStudio\samples\Wpf.Ui.servoStudio\servoStudio.csproj]
C:\UserWorx\VSWorx\ServoStudio\wpfui-servoStudio\samples\Wpf.Ui.servoStudio\Core\Usb\UsbMaster.cs(106,30): warning IDE0055: 淇鏍煎紡 (https://learn.microsoft.com/dotnet/fundamentals/code-analysis/style-rules/ide0055) [C:\UserWorx\VSWorx\ServoStudio\wpfui-servoStudio\samples\Wpf.Ui.servoStudio\servoStudio.csproj]
C:\UserWorx\VSWorx\ServoStudio\wpfui-servoStudio\samples\Wpf.Ui.servoStudio\Core\Usb\UsbMaster.cs(106,32): warning IDE0055: 淇鏍煎紡 (https://learn.microsoft.com/dotnet/fundamentals/code-analysis/style-rules/ide0055) [C:\UserWorx\VSWorx\ServoStudio\wpfui-servoStudio\samples\Wpf.Ui.servoStudio\servoStudio.csproj]
C:\UserWorx\VSWorx\ServoStudio\wpfui-servoStudio\samples\Wpf.Ui.servoStudio\Core\Usb\UsbMaster.cs(149,12): warning IDE0055: 淇鏍煎紡 (https://learn.microsoft.com/dotnet/fundamentals/code-analysis/style-rules/ide0055) [C:\UserWorx\VSWorx\ServoStudio\wpfui-servoStudio\samples\Wpf.Ui.servoStudio\servoStudio.csproj]
C:\UserWorx\VSWorx\ServoStudio\wpfui-servoStudio\samples\Wpf.Ui.servoStudio\Core\Usb\UsbMaster.cs(149,14): warning IDE0055: 淇鏍煎紡 (https://learn.microsoft.com/dotnet/fundamentals/code-analysis/style-rules/ide0055) [C:\UserWorx\VSWorx\ServoStudio\wpfui-servoStudio\samples\Wpf.Ui.servoStudio\servoStudio.csproj]
C:\UserWorx\VSWorx\ServoStudio\wpfui-servoStudio\samples\Wpf.Ui.servoStudio\Core\Usb\UsbMaster.cs(149,32): warning IDE0055: 淇鏍煎紡 (https://learn.microsoft.com/dotnet/fundamentals/code-analysis/style-rules/ide0055) [C:\UserWorx\VSWorx\ServoStudio\wpfui-servoStudio\samples\Wpf.Ui.servoStudio\servoStudio.csproj]
C:\UserWorx\VSWorx\ServoStudio\wpfui-servoStudio\samples\Wpf.Ui.servoStudio\Core\Usb\UsbMaster.cs(149,34): warning IDE0055: 淇鏍煎紡 (https://learn.microsoft.com/dotnet/fundamentals/code-analysis/style-rules/ide0055) [C:\UserWorx\VSWorx\ServoStudio\wpfui-servoStudio\samples\Wpf.Ui.servoStudio\servoStudio.csproj]
C:\UserWorx\VSWorx\ServoStudio\wpfui-servoStudio\samples\Wpf.Ui.servoStudio\Core\Usb\UsbMaster.cs(150,12): warning IDE0055: 淇鏍煎紡 (https://learn.microsoft.com/dotnet/fundamentals/code-analysis/style-rules/ide0055) [C:\UserWorx\VSWorx\ServoStudio\wpfui-servoStudio\samples\Wpf.Ui.servoStudio\servoStudio.csproj]
C:\UserWorx\VSWorx\ServoStudio\wpfui-servoStudio\samples\Wpf.Ui.servoStudio\Core\Usb\UsbMaster.cs(150,14): warning IDE0055: 淇鏍煎紡 (https://learn.microsoft.com/dotnet/fundamentals/code-analysis/style-rules/ide0055) [C:\UserWorx\VSWorx\ServoStudio\wpfui-servoStudio\samples\Wpf.Ui.servoStudio\servoStudio.csproj]
C:\UserWorx\VSWorx\ServoStudio\wpfui-servoStudio\samples\Wpf.Ui.servoStudio\Core\Usb\UsbMaster.cs(150,36): warning IDE0055: 淇鏍煎紡 (https://learn.microsoft.com/dotnet/fundamentals/code-analysis/style-rules/ide0055) [C:\UserWorx\VSWorx\ServoStudio\wpfui-servoStudio\samples\Wpf.Ui.servoStudio\servoStudio.csproj]
C:\UserWorx\VSWorx\ServoStudio\wpfui-servoStudio\samples\Wpf.Ui.servoStudio\Core\Usb\UsbMaster.cs(150,38): warning IDE0055: 淇鏍煎紡 (https://learn.microsoft.com/dotnet/fundamentals/code-analysis/style-rules/ide0055) [C:\UserWorx\VSWorx\ServoStudio\wpfui-servoStudio\samples\Wpf.Ui.servoStudio\servoStudio.csproj]
C:\UserWorx\VSWorx\ServoStudio\wpfui-servoStudio\samples\Wpf.Ui.servoStudio\Core\Usb\UsbMaster.cs(154,12): warning IDE0055: 淇鏍煎紡 (https://learn.microsoft.com/dotnet/fundamentals/code-analysis/style-rules/ide0055) [C:\UserWorx\VSWorx\ServoStudio\wpfui-servoStudio\samples\Wpf.Ui.servoStudio\servoStudio.csproj]
C:\UserWorx\VSWorx\ServoStudio\wpfui-servoStudio\samples\Wpf.Ui.servoStudio\Core\Usb\UsbMaster.cs(154,14): warning IDE0055: 淇鏍煎紡 (https://learn.microsoft.com/dotnet/fundamentals/code-analysis/style-rules/ide0055) [C:\UserWorx\VSWorx\ServoStudio\wpfui-servoStudio\samples\Wpf.Ui.servoStudio\servoStudio.csproj]
C:\UserWorx\VSWorx\ServoStudio\wpfui-servoStudio\samples\Wpf.Ui.servoStudio\Core\Usb\UsbMaster.cs(154,28): warning IDE0055: 淇鏍煎紡 (https://learn.microsoft.com/dotnet/fundamentals/code-analysis/style-rules/ide0055) [C:\UserWorx\VSWorx\ServoStudio\wpfui-servoStudio\samples\Wpf.Ui.servoStudio\servoStudio.csproj]
C:\UserWorx\VSWorx\ServoStudio\wpfui-servoStudio\samples\Wpf.Ui.servoStudio\Core\Usb\UsbMaster.cs(154,30): warning IDE0055: 淇鏍煎紡 (https://learn.microsoft.com/dotnet/fundamentals/code-analysis/style-rules/ide0055) [C:\UserWorx\VSWorx\ServoStudio\wpfui-servoStudio\samples\Wpf.Ui.servoStudio\servoStudio.csproj]
C:\UserWorx\VSWorx\ServoStudio\wpfui-servoStudio\samples\Wpf.Ui.servoStudio\Core\Usb\UsbMaster.cs(178,20): warning IDE0055: 淇鏍煎紡 (https://learn.microsoft.com/dotnet/fundamentals/code-analysis/style-rules/ide0055) [C:\UserWorx\VSWorx\ServoStudio\wpfui-servoStudio\samples\Wpf.Ui.servoStudio\servoStudio.csproj]
C:\UserWorx\VSWorx\ServoStudio\wpfui-servoStudio\samples\Wpf.Ui.servoStudio\Core\Usb\UsbMaster.cs(178,22): warning IDE0055: 淇鏍煎紡 (https://learn.microsoft.com/dotnet/fundamentals/code-analysis/style-rules/ide0055) [C:\UserWorx\VSWorx\ServoStudio\wpfui-servoStudio\samples\Wpf.Ui.servoStudio\servoStudio.csproj]
C:\UserWorx\VSWorx\ServoStudio\wpfui-servoStudio\samples\Wpf.Ui.servoStudio\Core\Usb\UsbMaster.cs(178,47): warning IDE0055: 淇鏍煎紡 (https://learn.microsoft.com/dotnet/fundamentals/code-analysis/style-rules/ide0055) [C:\UserWorx\VSWorx\ServoStudio\wpfui-servoStudio\samples\Wpf.Ui.servoStudio\servoStudio.csproj]
C:\UserWorx\VSWorx\ServoStudio\wpfui-servoStudio\samples\Wpf.Ui.servoStudio\Core\Usb\UsbMaster.cs(178,49): warning IDE0055: 淇鏍煎紡 (https://learn.microsoft.com/dotnet/fundamentals/code-analysis/style-rules/ide0055) [C:\UserWorx\VSWorx\ServoStudio\wpfui-servoStudio\samples\Wpf.Ui.servoStudio\servoStudio.csproj]
C:\UserWorx\VSWorx\ServoStudio\wpfui-servoStudio\samples\Wpf.Ui.servoStudio\Core\Usb\UsbMaster.cs(219,20): warning IDE0055: 淇鏍煎紡 (https://learn.microsoft.com/dotnet/fundamentals/code-analysis/style-rules/ide0055) [C:\UserWorx\VSWorx\ServoStudio\wpfui-servoStudio\samples\Wpf.Ui.servoStudio\servoStudio.csproj]
C:\UserWorx\VSWorx\ServoStudio\wpfui-servoStudio\samples\Wpf.Ui.servoStudio\Core\Usb\UsbMaster.cs(219,22): warning IDE0055: 淇鏍煎紡 (https://learn.microsoft.com/dotnet/fundamentals/code-analysis/style-rules/ide0055) [C:\UserWorx\VSWorx\ServoStudio\wpfui-servoStudio\samples\Wpf.Ui.servoStudio\servoStudio.csproj]
C:\UserWorx\VSWorx\ServoStudio\wpfui-servoStudio\samples\Wpf.Ui.servoStudio\Core\Usb\UsbMaster.cs(219,48): warning IDE0055: 淇鏍煎紡 (https://learn.microsoft.com/dotnet/fundamentals/code-analysis/style-rules/ide0055) [C:\UserWorx\VSWorx\ServoStudio\wpfui-servoStudio\samples\Wpf.Ui.servoStudio\servoStudio.csproj]
C:\UserWorx\VSWorx\ServoStudio\wpfui-servoStudio\samples\Wpf.Ui.servoStudio\Core\Usb\UsbMaster.cs(219,50): warning IDE0055: 淇鏍煎紡 (https://learn.microsoft.com/dotnet/fundamentals/code-analysis/style-rules/ide0055) [C:\UserWorx\VSWorx\ServoStudio\wpfui-servoStudio\samples\Wpf.Ui.servoStudio\servoStudio.csproj]
C:\UserWorx\VSWorx\ServoStudio\wpfui-servoStudio\samples\Wpf.Ui.servoStudio\Core\Usb\UsbMaster.cs(232,12): warning IDE0055: 淇鏍煎紡 (https://learn.microsoft.com/dotnet/fundamentals/code-analysis/style-rules/ide0055) [C:\UserWorx\VSWorx\ServoStudio\wpfui-servoStudio\samples\Wpf.Ui.servoStudio\servoStudio.csproj]
C:\UserWorx\VSWorx\ServoStudio\wpfui-servoStudio\samples\Wpf.Ui.servoStudio\Core\Usb\UsbMaster.cs(232,14): warning IDE0055: 淇鏍煎紡 (https://learn.microsoft.com/dotnet/fundamentals/code-analysis/style-rules/ide0055) [C:\UserWorx\VSWorx\ServoStudio\wpfui-servoStudio\samples\Wpf.Ui.servoStudio\servoStudio.csproj]
C:\UserWorx\VSWorx\ServoStudio\wpfui-servoStudio\samples\Wpf.Ui.servoStudio\Core\Usb\UsbMaster.cs(232,46): warning IDE0055: 淇鏍煎紡 (https://learn.microsoft.com/dotnet/fundamentals/code-analysis/style-rules/ide0055) [C:\UserWorx\VSWorx\ServoStudio\wpfui-servoStudio\samples\Wpf.Ui.servoStudio\servoStudio.csproj]
C:\UserWorx\VSWorx\ServoStudio\wpfui-servoStudio\samples\Wpf.Ui.servoStudio\Core\Usb\UsbMaster.cs(232,48): warning IDE0055: 淇鏍煎紡 (https://learn.microsoft.com/dotnet/fundamentals/code-analysis/style-rules/ide0055) [C:\UserWorx\VSWorx\ServoStudio\wpfui-servoStudio\samples\Wpf.Ui.servoStudio\servoStudio.csproj]
C:\UserWorx\VSWorx\ServoStudio\wpfui-servoStudio\samples\Wpf.Ui.servoStudio\Core\Usb\UsbMaster.cs(254,12): warning IDE0055: 淇鏍煎紡 (https://learn.microsoft.com/dotnet/fundamentals/code-analysis/style-rules/ide0055) [C:\UserWorx\VSWorx\ServoStudio\wpfui-servoStudio\samples\Wpf.Ui.servoStudio\servoStudio.csproj]
C:\UserWorx\VSWorx\ServoStudio\wpfui-servoStudio\samples\Wpf.Ui.servoStudio\Core\Usb\UsbMaster.cs(254,14): warning IDE0055: 淇鏍煎紡 (https://learn.microsoft.com/dotnet/fundamentals/code-analysis/style-rules/ide0055) [C:\UserWorx\VSWorx\ServoStudio\wpfui-servoStudio\samples\Wpf.Ui.servoStudio\servoStudio.csproj]
C:\UserWorx\VSWorx\ServoStudio\wpfui-servoStudio\samples\Wpf.Ui.servoStudio\Core\Usb\UsbMaster.cs(254,30): warning IDE0055: 淇鏍煎紡 (https://learn.microsoft.com/dotnet/fundamentals/code-analysis/style-rules/ide0055) [C:\UserWorx\VSWorx\ServoStudio\wpfui-servoStudio\samples\Wpf.Ui.servoStudio\servoStudio.csproj]
C:\UserWorx\VSWorx\ServoStudio\wpfui-servoStudio\samples\Wpf.Ui.servoStudio\Core\Usb\UsbMaster.cs(254,32): warning IDE0055: 淇鏍煎紡 (https://learn.microsoft.com/dotnet/fundamentals/code-analysis/style-rules/ide0055) [C:\UserWorx\VSWorx\ServoStudio\wpfui-servoStudio\samples\Wpf.Ui.servoStudio\servoStudio.csproj]
C:\UserWorx\VSWorx\ServoStudio\wpfui-servoStudio\samples\Wpf.Ui.servoStudio\Core\Usb\UsbMaster.cs(106,54): warning IDE2003: 鍧椾笌鍚庣画璇彞涔嬮棿闇€瑕佹湁绌虹櫧琛?(https://learn.microsoft.com/dotnet/fundamentals/code-analysis/style-rules/ide2003) [C:\UserWorx\VSWorx\ServoStudio\wpfui-servoStudio\samples\Wpf.Ui.servoStudio\servoStudio.csproj]
C:\UserWorx\VSWorx\ServoStudio\wpfui-servoStudio\samples\Wpf.Ui.servoStudio\Core\Usb\UsbMaster.cs(149,56): warning IDE2003: 鍧椾笌鍚庣画璇彞涔嬮棿闇€瑕佹湁绌虹櫧琛?(https://learn.microsoft.com/dotnet/fundamentals/code-analysis/style-rules/ide2003) [C:\UserWorx\VSWorx\ServoStudio\wpfui-servoStudio\samples\Wpf.Ui.servoStudio\servoStudio.csproj]
C:\UserWorx\VSWorx\ServoStudio\wpfui-servoStudio\samples\Wpf.Ui.servoStudio\Core\Usb\UsbMaster.cs(150,60): warning IDE2003: 鍧椾笌鍚庣画璇彞涔嬮棿闇€瑕佹湁绌虹櫧琛?(https://learn.microsoft.com/dotnet/fundamentals/code-analysis/style-rules/ide2003) [C:\UserWorx\VSWorx\ServoStudio\wpfui-servoStudio\samples\Wpf.Ui.servoStudio\servoStudio.csproj]
C:\UserWorx\VSWorx\ServoStudio\wpfui-servoStudio\samples\Wpf.Ui.servoStudio\Core\Usb\UsbMaster.cs(254,54): warning IDE2003: 鍧椾笌鍚庣画璇彞涔嬮棿闇€瑕佹湁绌虹櫧琛?(https://learn.microsoft.com/dotnet/fundamentals/code-analysis/style-rules/ide2003) [C:\UserWorx\VSWorx\ServoStudio\wpfui-servoStudio\samples\Wpf.Ui.servoStudio\servoStudio.csproj]
C:\UserWorx\VSWorx\ServoStudio\wpfui-servoStudio\samples\Wpf.Ui.servoStudio\Core\Usb\UsbPacket.cs(23,30): warning IDE0055: 淇鏍煎紡 (https://learn.microsoft.com/dotnet/fundamentals/code-analysis/style-rules/ide0055) [C:\UserWorx\VSWorx\ServoStudio\wpfui-servoStudio\samples\Wpf.Ui.servoStudio\servoStudio.csproj]
C:\UserWorx\VSWorx\ServoStudio\wpfui-servoStudio\samples\Wpf.Ui.servoStudio\Core\Usb\UsbPacket.cs(23,32): warning IDE0055: 淇鏍煎紡 (https://learn.microsoft.com/dotnet/fundamentals/code-analysis/style-rules/ide0055) [C:\UserWorx\VSWorx\ServoStudio\wpfui-servoStudio\samples\Wpf.Ui.servoStudio\servoStudio.csproj]
C:\UserWorx\VSWorx\ServoStudio\wpfui-servoStudio\samples\Wpf.Ui.servoStudio\Core\Usb\UsbPacket.cs(23,37): warning IDE0055: 淇鏍煎紡 (https://learn.microsoft.com/dotnet/fundamentals/code-analysis/style-rules/ide0055) [C:\UserWorx\VSWorx\ServoStudio\wpfui-servoStudio\samples\Wpf.Ui.servoStudio\servoStudio.csproj]
C:\UserWorx\VSWorx\ServoStudio\wpfui-servoStudio\samples\Wpf.Ui.servoStudio\Core\Usb\UsbPacket.cs(26,27): warning IDE0055: 淇鏍煎紡 (https://learn.microsoft.com/dotnet/fundamentals/code-analysis/style-rules/ide0055) [C:\UserWorx\VSWorx\ServoStudio\wpfui-servoStudio\samples\Wpf.Ui.servoStudio\servoStudio.csproj]
C:\UserWorx\VSWorx\ServoStudio\wpfui-servoStudio\samples\Wpf.Ui.servoStudio\Core\Usb\UsbPacket.cs(26,29): warning IDE0055: 淇鏍煎紡 (https://learn.microsoft.com/dotnet/fundamentals/code-analysis/style-rules/ide0055) [C:\UserWorx\VSWorx\ServoStudio\wpfui-servoStudio\samples\Wpf.Ui.servoStudio\servoStudio.csproj]
C:\UserWorx\VSWorx\ServoStudio\wpfui-servoStudio\samples\Wpf.Ui.servoStudio\Core\Usb\UsbPacket.cs(26,34): warning IDE0055: 淇鏍煎紡 (https://learn.microsoft.com/dotnet/fundamentals/code-analysis/style-rules/ide0055) [C:\UserWorx\VSWorx\ServoStudio\wpfui-servoStudio\samples\Wpf.Ui.servoStudio\servoStudio.csproj]
C:\UserWorx\VSWorx\ServoStudio\wpfui-servoStudio\samples\Wpf.Ui.servoStudio\Core\Usb\UsbPacket.cs(29,34): warning IDE0055: 淇鏍煎紡 (https://learn.microsoft.com/dotnet/fundamentals/code-analysis/style-rules/ide0055) [C:\UserWorx\VSWorx\ServoStudio\wpfui-servoStudio\samples\Wpf.Ui.servoStudio\servoStudio.csproj]
C:\UserWorx\VSWorx\ServoStudio\wpfui-servoStudio\samples\Wpf.Ui.servoStudio\Core\Usb\UsbPacket.cs(29,36): warning IDE0055: 淇鏍煎紡 (https://learn.microsoft.com/dotnet/fundamentals/code-analysis/style-rules/ide0055) [C:\UserWorx\VSWorx\ServoStudio\wpfui-servoStudio\samples\Wpf.Ui.servoStudio\servoStudio.csproj]
C:\UserWorx\VSWorx\ServoStudio\wpfui-servoStudio\samples\Wpf.Ui.servoStudio\Core\Usb\UsbPacket.cs(29,41): warning IDE0055: 淇鏍煎紡 (https://learn.microsoft.com/dotnet/fundamentals/code-analysis/style-rules/ide0055) [C:\UserWorx\VSWorx\ServoStudio\wpfui-servoStudio\samples\Wpf.Ui.servoStudio\servoStudio.csproj]
C:\UserWorx\VSWorx\ServoStudio\wpfui-servoStudio\samples\Wpf.Ui.servoStudio\Core\Usb\UsbPacket.cs(32,26): warning IDE0055: 淇鏍煎紡 (https://learn.microsoft.com/dotnet/fundamentals/code-analysis/style-rules/ide0055) [C:\UserWorx\VSWorx\ServoStudio\wpfui-servoStudio\samples\Wpf.Ui.servoStudio\servoStudio.csproj]
C:\UserWorx\VSWorx\ServoStudio\wpfui-servoStudio\samples\Wpf.Ui.servoStudio\Core\Usb\UsbPacket.cs(32,28): warning IDE0055: 淇鏍煎紡 (https://learn.microsoft.com/dotnet/fundamentals/code-analysis/style-rules/ide0055) [C:\UserWorx\VSWorx\ServoStudio\wpfui-servoStudio\samples\Wpf.Ui.servoStudio\servoStudio.csproj]
C:\UserWorx\VSWorx\ServoStudio\wpfui-servoStudio\samples\Wpf.Ui.servoStudio\Core\Usb\UsbPacket.cs(32,33): warning IDE0055: 淇鏍煎紡 (https://learn.microsoft.com/dotnet/fundamentals/code-analysis/style-rules/ide0055) [C:\UserWorx\VSWorx\ServoStudio\wpfui-servoStudio\samples\Wpf.Ui.servoStudio\servoStudio.csproj]
C:\UserWorx\VSWorx\ServoStudio\wpfui-servoStudio\samples\Wpf.Ui.servoStudio\Core\Usb\VirtualUsbBus.cs(25,23): warning IDE0055: 淇鏍煎紡 (https://learn.microsoft.com/dotnet/fundamentals/code-analysis/style-rules/ide0055) [C:\UserWorx\VSWorx\ServoStudio\wpfui-servoStudio\samples\Wpf.Ui.servoStudio\servoStudio.csproj]
C:\UserWorx\VSWorx\ServoStudio\wpfui-servoStudio\samples\Wpf.Ui.servoStudio\Core\Usb\VirtualUsbBus.cs(25,25): warning IDE0055: 淇鏍煎紡 (https://learn.microsoft.com/dotnet/fundamentals/code-analysis/style-rules/ide0055) [C:\UserWorx\VSWorx\ServoStudio\wpfui-servoStudio\samples\Wpf.Ui.servoStudio\servoStudio.csproj]
C:\UserWorx\VSWorx\ServoStudio\wpfui-servoStudio\samples\Wpf.Ui.servoStudio\Core\Usb\VirtualUsbBus.cs(25,43): warning IDE0055: 淇鏍煎紡 (https://learn.microsoft.com/dotnet/fundamentals/code-analysis/style-rules/ide0055) [C:\UserWorx\VSWorx\ServoStudio\wpfui-servoStudio\samples\Wpf.Ui.servoStudio\servoStudio.csproj]
C:\UserWorx\VSWorx\ServoStudio\wpfui-servoStudio\samples\Wpf.Ui.servoStudio\Core\Usb\VirtualUsbBus.cs(93,12): warning IDE0055: 淇鏍煎紡 (https://learn.microsoft.com/dotnet/fundamentals/code-analysis/style-rules/ide0055) [C:\UserWorx\VSWorx\ServoStudio\wpfui-servoStudio\samples\Wpf.Ui.servoStudio\servoStudio.csproj]
C:\UserWorx\VSWorx\ServoStudio\wpfui-servoStudio\samples\Wpf.Ui.servoStudio\Core\Usb\VirtualUsbBus.cs(93,14): warning IDE0055: 淇鏍煎紡 (https://learn.microsoft.com/dotnet/fundamentals/code-analysis/style-rules/ide0055) [C:\UserWorx\VSWorx\ServoStudio\wpfui-servoStudio\samples\Wpf.Ui.servoStudio\servoStudio.csproj]
C:\UserWorx\VSWorx\ServoStudio\wpfui-servoStudio\samples\Wpf.Ui.servoStudio\Core\Usb\VirtualUsbBus.cs(93,36): warning IDE0055: 淇鏍煎紡 (https://learn.microsoft.com/dotnet/fundamentals/code-analysis/style-rules/ide0055) [C:\UserWorx\VSWorx\ServoStudio\wpfui-servoStudio\samples\Wpf.Ui.servoStudio\servoStudio.csproj]
C:\UserWorx\VSWorx\ServoStudio\wpfui-servoStudio\samples\Wpf.Ui.servoStudio\Core\Usb\VirtualUsbBus.cs(93,38): warning IDE0055: 淇鏍煎紡 (https://learn.microsoft.com/dotnet/fundamentals/code-analysis/style-rules/ide0055) [C:\UserWorx\VSWorx\ServoStudio\wpfui-servoStudio\samples\Wpf.Ui.servoStudio\servoStudio.csproj]
C:\UserWorx\VSWorx\ServoStudio\wpfui-servoStudio\samples\Wpf.Ui.servoStudio\Core\Usb\VirtualUsbBus.cs(94,12): warning IDE0055: 淇鏍煎紡 (https://learn.microsoft.com/dotnet/fundamentals/code-analysis/style-rules/ide0055) [C:\UserWorx\VSWorx\ServoStudio\wpfui-servoStudio\samples\Wpf.Ui.servoStudio\servoStudio.csproj]
C:\UserWorx\VSWorx\ServoStudio\wpfui-servoStudio\samples\Wpf.Ui.servoStudio\Core\Usb\VirtualUsbBus.cs(94,14): warning IDE0055: 淇鏍煎紡 (https://learn.microsoft.com/dotnet/fundamentals/code-analysis/style-rules/ide0055) [C:\UserWorx\VSWorx\ServoStudio\wpfui-servoStudio\samples\Wpf.Ui.servoStudio\servoStudio.csproj]
C:\UserWorx\VSWorx\ServoStudio\wpfui-servoStudio\samples\Wpf.Ui.servoStudio\Core\Usb\VirtualUsbBus.cs(94,29): warning IDE0055: 淇鏍煎紡 (https://learn.microsoft.com/dotnet/fundamentals/code-analysis/style-rules/ide0055) [C:\UserWorx\VSWorx\ServoStudio\wpfui-servoStudio\samples\Wpf.Ui.servoStudio\servoStudio.csproj]
C:\UserWorx\VSWorx\ServoStudio\wpfui-servoStudio\samples\Wpf.Ui.servoStudio\Core\Usb\VirtualUsbBus.cs(94,31): warning IDE0055: 淇鏍煎紡 (https://learn.microsoft.com/dotnet/fundamentals/code-analysis/style-rules/ide0055) [C:\UserWorx\VSWorx\ServoStudio\wpfui-servoStudio\samples\Wpf.Ui.servoStudio\servoStudio.csproj]
C:\UserWorx\VSWorx\ServoStudio\wpfui-servoStudio\samples\Wpf.Ui.servoStudio\Core\Usb\VirtualUsbBus.cs(49,9): warning IDE2003: 鍧椾笌鍚庣画璇彞涔嬮棿闇€瑕佹湁绌虹櫧琛?(https://learn.microsoft.com/dotnet/fundamentals/code-analysis/style-rules/ide2003) [C:\UserWorx\VSWorx\ServoStudio\wpfui-servoStudio\samples\Wpf.Ui.servoStudio\servoStudio.csproj]
C:\UserWorx\VSWorx\ServoStudio\wpfui-servoStudio\samples\Wpf.Ui.servoStudio\Core\Usb\VirtualUsbBus.cs(93,60): warning IDE2003: 鍧椾笌鍚庣画璇彞涔嬮棿闇€瑕佹湁绌虹櫧琛?(https://learn.microsoft.com/dotnet/fundamentals/code-analysis/style-rules/ide2003) [C:\UserWorx\VSWorx\ServoStudio\wpfui-servoStudio\samples\Wpf.Ui.servoStudio\servoStudio.csproj]
C:\UserWorx\VSWorx\ServoStudio\wpfui-servoStudio\samples\Wpf.Ui.servoStudio\Core\Usb\VirtualUsbBus.cs(94,53): warning IDE2003: 鍧椾笌鍚庣画璇彞涔嬮棿闇€瑕佹湁绌虹櫧琛?(https://learn.microsoft.com/dotnet/fundamentals/code-analysis/style-rules/ide2003) [C:\UserWorx\VSWorx\ServoStudio\wpfui-servoStudio\samples\Wpf.Ui.servoStudio\servoStudio.csproj]
C:\UserWorx\VSWorx\ServoStudio\wpfui-servoStudio\samples\Wpf.Ui.servoStudio\Helpers\EsiToSiiConverter.cs(114,55): warning IDE0055: 淇鏍煎紡 (https://learn.microsoft.com/dotnet/fundamentals/code-analysis/style-rules/ide0055) [C:\UserWorx\VSWorx\ServoStudio\wpfui-servoStudio\samples\Wpf.Ui.servoStudio\servoStudio.csproj]
C:\UserWorx\VSWorx\ServoStudio\wpfui-servoStudio\samples\Wpf.Ui.servoStudio\Helpers\EsiToSiiConverter.cs(115,55): warning IDE0055: 淇鏍煎紡 (https://learn.microsoft.com/dotnet/fundamentals/code-analysis/style-rules/ide0055) [C:\UserWorx\VSWorx\ServoStudio\wpfui-servoStudio\samples\Wpf.Ui.servoStudio\servoStudio.csproj]
C:\UserWorx\VSWorx\ServoStudio\wpfui-servoStudio\samples\Wpf.Ui.servoStudio\Helpers\EsiToSiiConverter.cs(115,57): warning IDE0055: 淇鏍煎紡 (https://learn.microsoft.com/dotnet/fundamentals/code-analysis/style-rules/ide0055) [C:\UserWorx\VSWorx\ServoStudio\wpfui-servoStudio\samples\Wpf.Ui.servoStudio\servoStudio.csproj]
C:\UserWorx\VSWorx\ServoStudio\wpfui-servoStudio\samples\Wpf.Ui.servoStudio\Helpers\EsiToSiiConverter.cs(115,80): warning IDE0055: 淇鏍煎紡 (https://learn.microsoft.com/dotnet/fundamentals/code-analysis/style-rules/ide0055) [C:\UserWorx\VSWorx\ServoStudio\wpfui-servoStudio\samples\Wpf.Ui.servoStudio\servoStudio.csproj]
C:\UserWorx\VSWorx\ServoStudio\wpfui-servoStudio\samples\Wpf.Ui.servoStudio\Helpers\EsiToSiiConverter.cs(115,99): warning IDE0055: 淇鏍煎紡 (https://learn.microsoft.com/dotnet/fundamentals/code-analysis/style-rules/ide0055) [C:\UserWorx\VSWorx\ServoStudio\wpfui-servoStudio\samples\Wpf.Ui.servoStudio\servoStudio.csproj]
C:\UserWorx\VSWorx\ServoStudio\wpfui-servoStudio\samples\Wpf.Ui.servoStudio\Helpers\EsiToSiiConverter.cs(121,60): warning IDE0055: 淇鏍煎紡 (https://learn.microsoft.com/dotnet/fundamentals/code-analysis/style-rules/ide0055) [C:\UserWorx\VSWorx\ServoStudio\wpfui-servoStudio\samples\Wpf.Ui.servoStudio\servoStudio.csproj]
C:\UserWorx\VSWorx\ServoStudio\wpfui-servoStudio\samples\Wpf.Ui.servoStudio\Helpers\EsiToSiiConverter.cs(122,62): warning IDE0055: 淇鏍煎紡 (https://learn.microsoft.com/dotnet/fundamentals/code-analysis/style-rules/ide0055) [C:\UserWorx\VSWorx\ServoStudio\wpfui-servoStudio\samples\Wpf.Ui.servoStudio\servoStudio.csproj]
C:\UserWorx\VSWorx\ServoStudio\wpfui-servoStudio\samples\Wpf.Ui.servoStudio\Helpers\EsiToSiiConverter.cs(123,62): warning IDE0055: 淇鏍煎紡 (https://learn.microsoft.com/dotnet/fundamentals/code-analysis/style-rules/ide0055) [C:\UserWorx\VSWorx\ServoStudio\wpfui-servoStudio\samples\Wpf.Ui.servoStudio\servoStudio.csproj]
C:\UserWorx\VSWorx\ServoStudio\wpfui-servoStudio\samples\Wpf.Ui.servoStudio\Helpers\EsiToSiiConverter.cs(124,62): warning IDE0055: 淇鏍煎紡 (https://learn.microsoft.com/dotnet/fundamentals/code-analysis/style-rules/ide0055) [C:\UserWorx\VSWorx\ServoStudio\wpfui-servoStudio\samples\Wpf.Ui.servoStudio\servoStudio.csproj]
C:\UserWorx\VSWorx\ServoStudio\wpfui-servoStudio\samples\Wpf.Ui.servoStudio\Helpers\EsiToSiiConverter.cs(125,67): warning IDE0055: 淇鏍煎紡 (https://learn.microsoft.com/dotnet/fundamentals/code-analysis/style-rules/ide0055) [C:\UserWorx\VSWorx\ServoStudio\wpfui-servoStudio\samples\Wpf.Ui.servoStudio\servoStudio.csproj]
C:\UserWorx\VSWorx\ServoStudio\wpfui-servoStudio\samples\Wpf.Ui.servoStudio\Helpers\EsiToSiiConverter.cs(128,55): warning IDE0055: 淇鏍煎紡 (https://learn.microsoft.com/dotnet/fundamentals/code-analysis/style-rules/ide0055) [C:\UserWorx\VSWorx\ServoStudio\wpfui-servoStudio\samples\Wpf.Ui.servoStudio\servoStudio.csproj]
C:\UserWorx\VSWorx\ServoStudio\wpfui-servoStudio\samples\Wpf.Ui.servoStudio\Helpers\EsiToSiiConverter.cs(128,57): warning IDE0055: 淇鏍煎紡 (https://learn.microsoft.com/dotnet/fundamentals/code-analysis/style-rules/ide0055) [C:\UserWorx\VSWorx\ServoStudio\wpfui-servoStudio\samples\Wpf.Ui.servoStudio\servoStudio.csproj]
C:\UserWorx\VSWorx\ServoStudio\wpfui-servoStudio\samples\Wpf.Ui.servoStudio\Helpers\EsiToSiiConverter.cs(128,80): warning IDE0055: 淇鏍煎紡 (https://learn.microsoft.com/dotnet/fundamentals/code-analysis/style-rules/ide0055) [C:\UserWorx\VSWorx\ServoStudio\wpfui-servoStudio\samples\Wpf.Ui.servoStudio\servoStudio.csproj]
C:\UserWorx\VSWorx\ServoStudio\wpfui-servoStudio\samples\Wpf.Ui.servoStudio\Helpers\EsiToSiiConverter.cs(128,99): warning IDE0055: 淇鏍煎紡 (https://learn.microsoft.com/dotnet/fundamentals/code-analysis/style-rules/ide0055) [C:\UserWorx\VSWorx\ServoStudio\wpfui-servoStudio\samples\Wpf.Ui.servoStudio\servoStudio.csproj]
C:\UserWorx\VSWorx\ServoStudio\wpfui-servoStudio\samples\Wpf.Ui.servoStudio\Helpers\EsiToSiiConverter.cs(130,55): warning IDE0055: 淇鏍煎紡 (https://learn.microsoft.com/dotnet/fundamentals/code-analysis/style-rules/ide0055) [C:\UserWorx\VSWorx\ServoStudio\wpfui-servoStudio\samples\Wpf.Ui.servoStudio\servoStudio.csproj]
C:\UserWorx\VSWorx\ServoStudio\wpfui-servoStudio\samples\Wpf.Ui.servoStudio\Helpers\EsiToSiiConverter.cs(131,55): warning IDE0055: 淇鏍煎紡 (https://learn.microsoft.com/dotnet/fundamentals/code-analysis/style-rules/ide0055) [C:\UserWorx\VSWorx\ServoStudio\wpfui-servoStudio\samples\Wpf.Ui.servoStudio\servoStudio.csproj]
C:\UserWorx\VSWorx\ServoStudio\wpfui-servoStudio\samples\Wpf.Ui.servoStudio\Helpers\EsiToSiiConverter.cs(317,35): warning IDE0055: 淇鏍煎紡 (https://learn.microsoft.com/dotnet/fundamentals/code-analysis/style-rules/ide0055) [C:\UserWorx\VSWorx\ServoStudio\wpfui-servoStudio\samples\Wpf.Ui.servoStudio\servoStudio.csproj]
C:\UserWorx\VSWorx\ServoStudio\wpfui-servoStudio\samples\Wpf.Ui.servoStudio\Helpers\EsiToSiiConverter.cs(351,29): warning IDE0055: 淇鏍煎紡 (https://learn.microsoft.com/dotnet/fundamentals/code-analysis/style-rules/ide0055) [C:\UserWorx\VSWorx\ServoStudio\wpfui-servoStudio\samples\Wpf.Ui.servoStudio\servoStudio.csproj]
C:\UserWorx\VSWorx\ServoStudio\wpfui-servoStudio\samples\Wpf.Ui.servoStudio\Helpers\EsiToSiiConverter.cs(351,31): warning IDE0055: 淇鏍煎紡 (https://learn.microsoft.com/dotnet/fundamentals/code-analysis/style-rules/ide0055) [C:\UserWorx\VSWorx\ServoStudio\wpfui-servoStudio\samples\Wpf.Ui.servoStudio\servoStudio.csproj]
C:\UserWorx\VSWorx\ServoStudio\wpfui-servoStudio\samples\Wpf.Ui.servoStudio\Helpers\EsiToSiiConverter.cs(351,48): warning IDE0055: 淇鏍煎紡 (https://learn.microsoft.com/dotnet/fundamentals/code-analysis/style-rules/ide0055) [C:\UserWorx\VSWorx\ServoStudio\wpfui-servoStudio\samples\Wpf.Ui.servoStudio\servoStudio.csproj]
C:\UserWorx\VSWorx\ServoStudio\wpfui-servoStudio\samples\Wpf.Ui.servoStudio\Helpers\EsiToSiiConverter.cs(351,55): warning IDE0055: 淇鏍煎紡 (https://learn.microsoft.com/dotnet/fundamentals/code-analysis/style-rules/ide0055) [C:\UserWorx\VSWorx\ServoStudio\wpfui-servoStudio\samples\Wpf.Ui.servoStudio\servoStudio.csproj]
C:\UserWorx\VSWorx\ServoStudio\wpfui-servoStudio\samples\Wpf.Ui.servoStudio\Helpers\EsiToSiiConverter.cs(431,26): warning IDE0055: 淇鏍煎紡 (https://learn.microsoft.com/dotnet/fundamentals/code-analysis/style-rules/ide0055) [C:\UserWorx\VSWorx\ServoStudio\wpfui-servoStudio\samples\Wpf.Ui.servoStudio\servoStudio.csproj]
C:\UserWorx\VSWorx\ServoStudio\wpfui-servoStudio\samples\Wpf.Ui.servoStudio\Helpers\EsiToSiiConverter.cs(604,46): warning IDE0055: 淇鏍煎紡 (https://learn.microsoft.com/dotnet/fundamentals/code-analysis/style-rules/ide0055) [C:\UserWorx\VSWorx\ServoStudio\wpfui-servoStudio\samples\Wpf.Ui.servoStudio\servoStudio.csproj]
C:\UserWorx\VSWorx\ServoStudio\wpfui-servoStudio\samples\Wpf.Ui.servoStudio\Helpers\EsiToSiiConverter.cs(624,37): warning IDE0055: 淇鏍煎紡 (https://learn.microsoft.com/dotnet/fundamentals/code-analysis/style-rules/ide0055) [C:\UserWorx\VSWorx\ServoStudio\wpfui-servoStudio\samples\Wpf.Ui.servoStudio\servoStudio.csproj]
C:\UserWorx\VSWorx\ServoStudio\wpfui-servoStudio\samples\Wpf.Ui.servoStudio\Helpers\EsiToSiiConverter.cs(644,9): warning IDE2003: 鍧椾笌鍚庣画璇彞涔嬮棿闇€瑕佹湁绌虹櫧琛?(https://learn.microsoft.com/dotnet/fundamentals/code-analysis/style-rules/ide2003) [C:\UserWorx\VSWorx\ServoStudio\wpfui-servoStudio\samples\Wpf.Ui.servoStudio\servoStudio.csproj]
C:\UserWorx\VSWorx\ServoStudio\wpfui-servoStudio\samples\Wpf.Ui.servoStudio\Helpers\SoemFoEInterop.cs(429,28): warning IDE0055: 淇鏍煎紡 (https://learn.microsoft.com/dotnet/fundamentals/code-analysis/style-rules/ide0055) [C:\UserWorx\VSWorx\ServoStudio\wpfui-servoStudio\samples\Wpf.Ui.servoStudio\servoStudio.csproj]
C:\UserWorx\VSWorx\ServoStudio\wpfui-servoStudio\samples\Wpf.Ui.servoStudio\Helpers\SoemFoEInterop.cs(429,30): warning IDE0055: 淇鏍煎紡 (https://learn.microsoft.com/dotnet/fundamentals/code-analysis/style-rules/ide0055) [C:\UserWorx\VSWorx\ServoStudio\wpfui-servoStudio\samples\Wpf.Ui.servoStudio\servoStudio.csproj]
C:\UserWorx\VSWorx\ServoStudio\wpfui-servoStudio\samples\Wpf.Ui.servoStudio\Helpers\SoemFoEInterop.cs(429,72): warning IDE0055: 淇鏍煎紡 (https://learn.microsoft.com/dotnet/fundamentals/code-analysis/style-rules/ide0055) [C:\UserWorx\VSWorx\ServoStudio\wpfui-servoStudio\samples\Wpf.Ui.servoStudio\servoStudio.csproj]
C:\UserWorx\VSWorx\ServoStudio\wpfui-servoStudio\samples\Wpf.Ui.servoStudio\Helpers\SoemFoEInterop.cs(429,74): warning IDE0055: 淇鏍煎紡 (https://learn.microsoft.com/dotnet/fundamentals/code-analysis/style-rules/ide0055) [C:\UserWorx\VSWorx\ServoStudio\wpfui-servoStudio\samples\Wpf.Ui.servoStudio\servoStudio.csproj]
C:\UserWorx\VSWorx\ServoStudio\wpfui-servoStudio\samples\Wpf.Ui.servoStudio\Helpers\SoemFoEInterop.cs(529,32): warning IDE0055: 淇鏍煎紡 (https://learn.microsoft.com/dotnet/fundamentals/code-analysis/style-rules/ide0055) [C:\UserWorx\VSWorx\ServoStudio\wpfui-servoStudio\samples\Wpf.Ui.servoStudio\servoStudio.csproj]
C:\UserWorx\VSWorx\ServoStudio\wpfui-servoStudio\samples\Wpf.Ui.servoStudio\Helpers\SoemFoEInterop.cs(529,34): warning IDE0055: 淇鏍煎紡 (https://learn.microsoft.com/dotnet/fundamentals/code-analysis/style-rules/ide0055) [C:\UserWorx\VSWorx\ServoStudio\wpfui-servoStudio\samples\Wpf.Ui.servoStudio\servoStudio.csproj]
C:\UserWorx\VSWorx\ServoStudio\wpfui-servoStudio\samples\Wpf.Ui.servoStudio\Helpers\SoemFoEInterop.cs(529,76): warning IDE0055: 淇鏍煎紡 (https://learn.microsoft.com/dotnet/fundamentals/code-analysis/style-rules/ide0055) [C:\UserWorx\VSWorx\ServoStudio\wpfui-servoStudio\samples\Wpf.Ui.servoStudio\servoStudio.csproj]
C:\UserWorx\VSWorx\ServoStudio\wpfui-servoStudio\samples\Wpf.Ui.servoStudio\Helpers\SoemFoEInterop.cs(529,78): warning IDE0055: 淇鏍煎紡 (https://learn.microsoft.com/dotnet/fundamentals/code-analysis/style-rules/ide0055) [C:\UserWorx\VSWorx\ServoStudio\wpfui-servoStudio\samples\Wpf.Ui.servoStudio\servoStudio.csproj]
C:\UserWorx\VSWorx\ServoStudio\wpfui-servoStudio\samples\Wpf.Ui.servoStudio\Helpers\SoemFoEInterop.cs(607,20): warning IDE0055: 淇鏍煎紡 (https://learn.microsoft.com/dotnet/fundamentals/code-analysis/style-rules/ide0055) [C:\UserWorx\VSWorx\ServoStudio\wpfui-servoStudio\samples\Wpf.Ui.servoStudio\servoStudio.csproj]
C:\UserWorx\VSWorx\ServoStudio\wpfui-servoStudio\samples\Wpf.Ui.servoStudio\Helpers\SoemFoEInterop.cs(607,22): warning IDE0055: 淇鏍煎紡 (https://learn.microsoft.com/dotnet/fundamentals/code-analysis/style-rules/ide0055) [C:\UserWorx\VSWorx\ServoStudio\wpfui-servoStudio\samples\Wpf.Ui.servoStudio\servoStudio.csproj]
C:\UserWorx\VSWorx\ServoStudio\wpfui-servoStudio\samples\Wpf.Ui.servoStudio\Helpers\SoemFoEInterop.cs(607,38): warning IDE0055: 淇鏍煎紡 (https://learn.microsoft.com/dotnet/fundamentals/code-analysis/style-rules/ide0055) [C:\UserWorx\VSWorx\ServoStudio\wpfui-servoStudio\samples\Wpf.Ui.servoStudio\servoStudio.csproj]
C:\UserWorx\VSWorx\ServoStudio\wpfui-servoStudio\samples\Wpf.Ui.servoStudio\Helpers\SoemFoEInterop.cs(607,40): warning IDE0055: 淇鏍煎紡 (https://learn.microsoft.com/dotnet/fundamentals/code-analysis/style-rules/ide0055) [C:\UserWorx\VSWorx\ServoStudio\wpfui-servoStudio\samples\Wpf.Ui.servoStudio\servoStudio.csproj]
C:\UserWorx\VSWorx\ServoStudio\wpfui-servoStudio\samples\Wpf.Ui.servoStudio\Helpers\SoemFoEInterop.cs(609,20): warning IDE0055: 淇鏍煎紡 (https://learn.microsoft.com/dotnet/fundamentals/code-analysis/style-rules/ide0055) [C:\UserWorx\VSWorx\ServoStudio\wpfui-servoStudio\samples\Wpf.Ui.servoStudio\servoStudio.csproj]
C:\UserWorx\VSWorx\ServoStudio\wpfui-servoStudio\samples\Wpf.Ui.servoStudio\Helpers\SoemFoEInterop.cs(609,22): warning IDE0055: 淇鏍煎紡 (https://learn.microsoft.com/dotnet/fundamentals/code-analysis/style-rules/ide0055) [C:\UserWorx\VSWorx\ServoStudio\wpfui-servoStudio\samples\Wpf.Ui.servoStudio\servoStudio.csproj]
C:\UserWorx\VSWorx\ServoStudio\wpfui-servoStudio\samples\Wpf.Ui.servoStudio\Helpers\SoemFoEInterop.cs(609,49): warning IDE0055: 淇鏍煎紡 (https://learn.microsoft.com/dotnet/fundamentals/code-analysis/style-rules/ide0055) [C:\UserWorx\VSWorx\ServoStudio\wpfui-servoStudio\samples\Wpf.Ui.servoStudio\servoStudio.csproj]
C:\UserWorx\VSWorx\ServoStudio\wpfui-servoStudio\samples\Wpf.Ui.servoStudio\Helpers\SoemFoEInterop.cs(609,51): warning IDE0055: 淇鏍煎紡 (https://learn.microsoft.com/dotnet/fundamentals/code-analysis/style-rules/ide0055) [C:\UserWorx\VSWorx\ServoStudio\wpfui-servoStudio\samples\Wpf.Ui.servoStudio\servoStudio.csproj]
C:\UserWorx\VSWorx\ServoStudio\wpfui-servoStudio\samples\Wpf.Ui.servoStudio\Models\AppConfig.cs(10,40): warning IDE0055: 淇鏍煎紡 (https://learn.microsoft.com/dotnet/fundamentals/code-analysis/style-rules/ide0055) [C:\UserWorx\VSWorx\ServoStudio\wpfui-servoStudio\samples\Wpf.Ui.servoStudio\servoStudio.csproj]
C:\UserWorx\VSWorx\ServoStudio\wpfui-servoStudio\samples\Wpf.Ui.servoStudio\Models\AppConfig.cs(10,42): warning IDE0055: 淇鏍煎紡 (https://learn.microsoft.com/dotnet/fundamentals/code-analysis/style-rules/ide0055) [C:\UserWorx\VSWorx\ServoStudio\wpfui-servoStudio\samples\Wpf.Ui.servoStudio\servoStudio.csproj]
C:\UserWorx\VSWorx\ServoStudio\wpfui-servoStudio\samples\Wpf.Ui.servoStudio\Models\AppConfig.cs(10,52): warning IDE0055: 淇鏍煎紡 (https://learn.microsoft.com/dotnet/fundamentals/code-analysis/style-rules/ide0055) [C:\UserWorx\VSWorx\ServoStudio\wpfui-servoStudio\samples\Wpf.Ui.servoStudio\servoStudio.csproj]
C:\UserWorx\VSWorx\ServoStudio\wpfui-servoStudio\samples\Wpf.Ui.servoStudio\Models\AppConfig.cs(12,41): warning IDE0055: 淇鏍煎紡 (https://learn.microsoft.com/dotnet/fundamentals/code-analysis/style-rules/ide0055) [C:\UserWorx\VSWorx\ServoStudio\wpfui-servoStudio\samples\Wpf.Ui.servoStudio\servoStudio.csproj]
C:\UserWorx\VSWorx\ServoStudio\wpfui-servoStudio\samples\Wpf.Ui.servoStudio\Models\AppConfig.cs(12,43): warning IDE0055: 淇鏍煎紡 (https://learn.microsoft.com/dotnet/fundamentals/code-analysis/style-rules/ide0055) [C:\UserWorx\VSWorx\ServoStudio\wpfui-servoStudio\samples\Wpf.Ui.servoStudio\servoStudio.csproj]
C:\UserWorx\VSWorx\ServoStudio\wpfui-servoStudio\samples\Wpf.Ui.servoStudio\Models\AppConfig.cs(12,53): warning IDE0055: 淇鏍煎紡 (https://learn.microsoft.com/dotnet/fundamentals/code-analysis/style-rules/ide0055) [C:\UserWorx\VSWorx\ServoStudio\wpfui-servoStudio\samples\Wpf.Ui.servoStudio\servoStudio.csproj]
C:\UserWorx\VSWorx\ServoStudio\wpfui-servoStudio\samples\Wpf.Ui.servoStudio\Models\Cia402PdoTemplates.cs(20,31): warning IDE0055: 淇鏍煎紡 (https://learn.microsoft.com/dotnet/fundamentals/code-analysis/style-rules/ide0055) [C:\UserWorx\VSWorx\ServoStudio\wpfui-servoStudio\samples\Wpf.Ui.servoStudio\servoStudio.csproj]
C:\UserWorx\VSWorx\ServoStudio\wpfui-servoStudio\samples\Wpf.Ui.servoStudio\Models\Cia402PdoTemplates.cs(20,33): warning IDE0055: 淇鏍煎紡 (https://learn.microsoft.com/dotnet/fundamentals/code-analysis/style-rules/ide0055) [C:\UserWorx\VSWorx\ServoStudio\wpfui-servoStudio\samples\Wpf.Ui.servoStudio\servoStudio.csproj]
C:\UserWorx\VSWorx\ServoStudio\wpfui-servoStudio\samples\Wpf.Ui.servoStudio\Models\Cia402PdoTemplates.cs(20,44): warning IDE0055: 淇鏍煎紡 (https://learn.microsoft.com/dotnet/fundamentals/code-analysis/style-rules/ide0055) [C:\UserWorx\VSWorx\ServoStudio\wpfui-servoStudio\samples\Wpf.Ui.servoStudio\servoStudio.csproj]
C:\UserWorx\VSWorx\ServoStudio\wpfui-servoStudio\samples\Wpf.Ui.servoStudio\Models\Cia402PdoTemplates.cs(31,31): warning IDE0055: 淇鏍煎紡 (https://learn.microsoft.com/dotnet/fundamentals/code-analysis/style-rules/ide0055) [C:\UserWorx\VSWorx\ServoStudio\wpfui-servoStudio\samples\Wpf.Ui.servoStudio\servoStudio.csproj]
C:\UserWorx\VSWorx\ServoStudio\wpfui-servoStudio\samples\Wpf.Ui.servoStudio\Models\Cia402PdoTemplates.cs(31,33): warning IDE0055: 淇鏍煎紡 (https://learn.microsoft.com/dotnet/fundamentals/code-analysis/style-rules/ide0055) [C:\UserWorx\VSWorx\ServoStudio\wpfui-servoStudio\samples\Wpf.Ui.servoStudio\servoStudio.csproj]
C:\UserWorx\VSWorx\ServoStudio\wpfui-servoStudio\samples\Wpf.Ui.servoStudio\Models\Cia402PdoTemplates.cs(31,44): warning IDE0055: 淇鏍煎紡 (https://learn.microsoft.com/dotnet/fundamentals/code-analysis/style-rules/ide0055) [C:\UserWorx\VSWorx\ServoStudio\wpfui-servoStudio\samples\Wpf.Ui.servoStudio\servoStudio.csproj]
C:\UserWorx\VSWorx\ServoStudio\wpfui-servoStudio\samples\Wpf.Ui.servoStudio\Models\Cia402PdoTemplates.cs(34,35): warning IDE0055: 淇鏍煎紡 (https://learn.microsoft.com/dotnet/fundamentals/code-analysis/style-rules/ide0055) [C:\UserWorx\VSWorx\ServoStudio\wpfui-servoStudio\samples\Wpf.Ui.servoStudio\servoStudio.csproj]
C:\UserWorx\VSWorx\ServoStudio\wpfui-servoStudio\samples\Wpf.Ui.servoStudio\Models\Cia402PdoTemplates.cs(34,37): warning IDE0055: 淇鏍煎紡 (https://learn.microsoft.com/dotnet/fundamentals/code-analysis/style-rules/ide0055) [C:\UserWorx\VSWorx\ServoStudio\wpfui-servoStudio\samples\Wpf.Ui.servoStudio\servoStudio.csproj]
C:\UserWorx\VSWorx\ServoStudio\wpfui-servoStudio\samples\Wpf.Ui.servoStudio\Models\Cia402PdoTemplates.cs(34,48): warning IDE0055: 淇鏍煎紡 (https://learn.microsoft.com/dotnet/fundamentals/code-analysis/style-rules/ide0055) [C:\UserWorx\VSWorx\ServoStudio\wpfui-servoStudio\samples\Wpf.Ui.servoStudio\servoStudio.csproj]
C:\UserWorx\VSWorx\ServoStudio\wpfui-servoStudio\samples\Wpf.Ui.servoStudio\Models\Cia402PdoTemplates.cs(68,40): warning IDE0055: 淇鏍煎紡 (https://learn.microsoft.com/dotnet/fundamentals/code-analysis/style-rules/ide0055) [C:\UserWorx\VSWorx\ServoStudio\wpfui-servoStudio\samples\Wpf.Ui.servoStudio\servoStudio.csproj]
C:\UserWorx\VSWorx\ServoStudio\wpfui-servoStudio\samples\Wpf.Ui.servoStudio\Models\Cia402PdoTemplates.cs(68,42): warning IDE0055: 淇鏍煎紡 (https://learn.microsoft.com/dotnet/fundamentals/code-analysis/style-rules/ide0055) [C:\UserWorx\VSWorx\ServoStudio\wpfui-servoStudio\samples\Wpf.Ui.servoStudio\servoStudio.csproj]
C:\UserWorx\VSWorx\ServoStudio\wpfui-servoStudio\samples\Wpf.Ui.servoStudio\Models\Cia402PdoTemplates.cs(68,47): warning IDE0055: 淇鏍煎紡 (https://learn.microsoft.com/dotnet/fundamentals/code-analysis/style-rules/ide0055) [C:\UserWorx\VSWorx\ServoStudio\wpfui-servoStudio\samples\Wpf.Ui.servoStudio\servoStudio.csproj]
C:\UserWorx\VSWorx\ServoStudio\wpfui-servoStudio\samples\Wpf.Ui.servoStudio\Models\Cia402PdoTemplates.cs(116,40): warning IDE0055: 淇鏍煎紡 (https://learn.microsoft.com/dotnet/fundamentals/code-analysis/style-rules/ide0055) [C:\UserWorx\VSWorx\ServoStudio\wpfui-servoStudio\samples\Wpf.Ui.servoStudio\servoStudio.csproj]
C:\UserWorx\VSWorx\ServoStudio\wpfui-servoStudio\samples\Wpf.Ui.servoStudio\Models\Cia402PdoTemplates.cs(116,42): warning IDE0055: 淇鏍煎紡 (https://learn.microsoft.com/dotnet/fundamentals/code-analysis/style-rules/ide0055) [C:\UserWorx\VSWorx\ServoStudio\wpfui-servoStudio\samples\Wpf.Ui.servoStudio\servoStudio.csproj]
C:\UserWorx\VSWorx\ServoStudio\wpfui-servoStudio\samples\Wpf.Ui.servoStudio\Models\Cia402PdoTemplates.cs(116,47): warning IDE0055: 淇鏍煎紡 (https://learn.microsoft.com/dotnet/fundamentals/code-analysis/style-rules/ide0055) [C:\UserWorx\VSWorx\ServoStudio\wpfui-servoStudio\samples\Wpf.Ui.servoStudio\servoStudio.csproj]
C:\UserWorx\VSWorx\ServoStudio\wpfui-servoStudio\samples\Wpf.Ui.servoStudio\Models\Cia402PdoTemplates.cs(158,40): warning IDE0055: 淇鏍煎紡 (https://learn.microsoft.com/dotnet/fundamentals/code-analysis/style-rules/ide0055) [C:\UserWorx\VSWorx\ServoStudio\wpfui-servoStudio\samples\Wpf.Ui.servoStudio\servoStudio.csproj]
C:\UserWorx\VSWorx\ServoStudio\wpfui-servoStudio\samples\Wpf.Ui.servoStudio\Models\Cia402PdoTemplates.cs(158,42): warning IDE0055: 淇鏍煎紡 (https://learn.microsoft.com/dotnet/fundamentals/code-analysis/style-rules/ide0055) [C:\UserWorx\VSWorx\ServoStudio\wpfui-servoStudio\samples\Wpf.Ui.servoStudio\servoStudio.csproj]
C:\UserWorx\VSWorx\ServoStudio\wpfui-servoStudio\samples\Wpf.Ui.servoStudio\Models\Cia402PdoTemplates.cs(158,47): warning IDE0055: 淇鏍煎紡 (https://learn.microsoft.com/dotnet/fundamentals/code-analysis/style-rules/ide0055) [C:\UserWorx\VSWorx\ServoStudio\wpfui-servoStudio\samples\Wpf.Ui.servoStudio\servoStudio.csproj]
C:\UserWorx\VSWorx\ServoStudio\wpfui-servoStudio\samples\Wpf.Ui.servoStudio\Models\Cia402Varibles.cs(136,80): warning IDE0055: 淇鏍煎紡 (https://learn.microsoft.com/dotnet/fundamentals/code-analysis/style-rules/ide0055) [C:\UserWorx\VSWorx\ServoStudio\wpfui-servoStudio\samples\Wpf.Ui.servoStudio\servoStudio.csproj]
C:\UserWorx\VSWorx\ServoStudio\wpfui-servoStudio\samples\Wpf.Ui.servoStudio\Models\Cia402Varibles.cs(137,54): warning IDE0055: 淇鏍煎紡 (https://learn.microsoft.com/dotnet/fundamentals/code-analysis/style-rules/ide0055) [C:\UserWorx\VSWorx\ServoStudio\wpfui-servoStudio\samples\Wpf.Ui.servoStudio\servoStudio.csproj]
C:\UserWorx\VSWorx\ServoStudio\wpfui-servoStudio\samples\Wpf.Ui.servoStudio\Models\Cia402Varibles.cs(138,82): warning IDE0055: 淇鏍煎紡 (https://learn.microsoft.com/dotnet/fundamentals/code-analysis/style-rules/ide0055) [C:\UserWorx\VSWorx\ServoStudio\wpfui-servoStudio\samples\Wpf.Ui.servoStudio\servoStudio.csproj]
C:\UserWorx\VSWorx\ServoStudio\wpfui-servoStudio\samples\Wpf.Ui.servoStudio\Models\Cia402Varibles.cs(139,76): warning IDE0055: 淇鏍煎紡 (https://learn.microsoft.com/dotnet/fundamentals/code-analysis/style-rules/ide0055) [C:\UserWorx\VSWorx\ServoStudio\wpfui-servoStudio\samples\Wpf.Ui.servoStudio\servoStudio.csproj]
C:\UserWorx\VSWorx\ServoStudio\wpfui-servoStudio\samples\Wpf.Ui.servoStudio\Models\Cia402Varibles.cs(140,74): warning IDE0055: 淇鏍煎紡 (https://learn.microsoft.com/dotnet/fundamentals/code-analysis/style-rules/ide0055) [C:\UserWorx\VSWorx\ServoStudio\wpfui-servoStudio\samples\Wpf.Ui.servoStudio\servoStudio.csproj]
C:\UserWorx\VSWorx\ServoStudio\wpfui-servoStudio\samples\Wpf.Ui.servoStudio\Models\Cia402Varibles.cs(141,64): warning IDE0055: 淇鏍煎紡 (https://learn.microsoft.com/dotnet/fundamentals/code-analysis/style-rules/ide0055) [C:\UserWorx\VSWorx\ServoStudio\wpfui-servoStudio\samples\Wpf.Ui.servoStudio\servoStudio.csproj]
C:\UserWorx\VSWorx\ServoStudio\wpfui-servoStudio\samples\Wpf.Ui.servoStudio\Models\Cia402Varibles.cs(142,76): warning IDE0055: 淇鏍煎紡 (https://learn.microsoft.com/dotnet/fundamentals/code-analysis/style-rules/ide0055) [C:\UserWorx\VSWorx\ServoStudio\wpfui-servoStudio\samples\Wpf.Ui.servoStudio\servoStudio.csproj]
C:\UserWorx\VSWorx\ServoStudio\wpfui-servoStudio\samples\Wpf.Ui.servoStudio\Models\Cia402Varibles.cs(143,74): warning IDE0055: 淇鏍煎紡 (https://learn.microsoft.com/dotnet/fundamentals/code-analysis/style-rules/ide0055) [C:\UserWorx\VSWorx\ServoStudio\wpfui-servoStudio\samples\Wpf.Ui.servoStudio\servoStudio.csproj]
C:\UserWorx\VSWorx\ServoStudio\wpfui-servoStudio\samples\Wpf.Ui.servoStudio\Models\Cia402Varibles.cs(318,30): warning IDE0055: 淇鏍煎紡 (https://learn.microsoft.com/dotnet/fundamentals/code-analysis/style-rules/ide0055) [C:\UserWorx\VSWorx\ServoStudio\wpfui-servoStudio\samples\Wpf.Ui.servoStudio\servoStudio.csproj]
C:\UserWorx\VSWorx\ServoStudio\wpfui-servoStudio\samples\Wpf.Ui.servoStudio\Models\Cia402Varibles.cs(318,32): warning IDE0055: 淇鏍煎紡 (https://learn.microsoft.com/dotnet/fundamentals/code-analysis/style-rules/ide0055) [C:\UserWorx\VSWorx\ServoStudio\wpfui-servoStudio\samples\Wpf.Ui.servoStudio\servoStudio.csproj]
C:\UserWorx\VSWorx\ServoStudio\wpfui-servoStudio\samples\Wpf.Ui.servoStudio\Models\Cia402Varibles.cs(318,42): warning IDE0055: 淇鏍煎紡 (https://learn.microsoft.com/dotnet/fundamentals/code-analysis/style-rules/ide0055) [C:\UserWorx\VSWorx\ServoStudio\wpfui-servoStudio\samples\Wpf.Ui.servoStudio\servoStudio.csproj]
C:\UserWorx\VSWorx\ServoStudio\wpfui-servoStudio\samples\Wpf.Ui.servoStudio\Models\Cia402Varibles.cs(319,32): warning IDE0055: 淇鏍煎紡 (https://learn.microsoft.com/dotnet/fundamentals/code-analysis/style-rules/ide0055) [C:\UserWorx\VSWorx\ServoStudio\wpfui-servoStudio\samples\Wpf.Ui.servoStudio\servoStudio.csproj]
C:\UserWorx\VSWorx\ServoStudio\wpfui-servoStudio\samples\Wpf.Ui.servoStudio\Models\Cia402Varibles.cs(319,34): warning IDE0055: 淇鏍煎紡 (https://learn.microsoft.com/dotnet/fundamentals/code-analysis/style-rules/ide0055) [C:\UserWorx\VSWorx\ServoStudio\wpfui-servoStudio\samples\Wpf.Ui.servoStudio\servoStudio.csproj]
C:\UserWorx\VSWorx\ServoStudio\wpfui-servoStudio\samples\Wpf.Ui.servoStudio\Models\Cia402Varibles.cs(319,44): warning IDE0055: 淇鏍煎紡 (https://learn.microsoft.com/dotnet/fundamentals/code-analysis/style-rules/ide0055) [C:\UserWorx\VSWorx\ServoStudio\wpfui-servoStudio\samples\Wpf.Ui.servoStudio\servoStudio.csproj]
C:\UserWorx\VSWorx\ServoStudio\wpfui-servoStudio\samples\Wpf.Ui.servoStudio\Models\Cia402Varibles.cs(320,36): warning IDE0055: 淇鏍煎紡 (https://learn.microsoft.com/dotnet/fundamentals/code-analysis/style-rules/ide0055) [C:\UserWorx\VSWorx\ServoStudio\wpfui-servoStudio\samples\Wpf.Ui.servoStudio\servoStudio.csproj]
C:\UserWorx\VSWorx\ServoStudio\wpfui-servoStudio\samples\Wpf.Ui.servoStudio\Models\Cia402Varibles.cs(320,38): warning IDE0055: 淇鏍煎紡 (https://learn.microsoft.com/dotnet/fundamentals/code-analysis/style-rules/ide0055) [C:\UserWorx\VSWorx\ServoStudio\wpfui-servoStudio\samples\Wpf.Ui.servoStudio\servoStudio.csproj]
C:\UserWorx\VSWorx\ServoStudio\wpfui-servoStudio\samples\Wpf.Ui.servoStudio\Models\Cia402Varibles.cs(320,48): warning IDE0055: 淇鏍煎紡 (https://learn.microsoft.com/dotnet/fundamentals/code-analysis/style-rules/ide0055) [C:\UserWorx\VSWorx\ServoStudio\wpfui-servoStudio\samples\Wpf.Ui.servoStudio\servoStudio.csproj]
C:\UserWorx\VSWorx\ServoStudio\wpfui-servoStudio\samples\Wpf.Ui.servoStudio\Models\Cia402Varibles.cs(321,36): warning IDE0055: 淇鏍煎紡 (https://learn.microsoft.com/dotnet/fundamentals/code-analysis/style-rules/ide0055) [C:\UserWorx\VSWorx\ServoStudio\wpfui-servoStudio\samples\Wpf.Ui.servoStudio\servoStudio.csproj]
C:\UserWorx\VSWorx\ServoStudio\wpfui-servoStudio\samples\Wpf.Ui.servoStudio\Models\Cia402Varibles.cs(321,38): warning IDE0055: 淇鏍煎紡 (https://learn.microsoft.com/dotnet/fundamentals/code-analysis/style-rules/ide0055) [C:\UserWorx\VSWorx\ServoStudio\wpfui-servoStudio\samples\Wpf.Ui.servoStudio\servoStudio.csproj]
C:\UserWorx\VSWorx\ServoStudio\wpfui-servoStudio\samples\Wpf.Ui.servoStudio\Models\Cia402Varibles.cs(321,48): warning IDE0055: 淇鏍煎紡 (https://learn.microsoft.com/dotnet/fundamentals/code-analysis/style-rules/ide0055) [C:\UserWorx\VSWorx\ServoStudio\wpfui-servoStudio\samples\Wpf.Ui.servoStudio\servoStudio.csproj]
C:\UserWorx\VSWorx\ServoStudio\wpfui-servoStudio\samples\Wpf.Ui.servoStudio\Models\Cia402Varibles.cs(322,27): warning IDE0055: 淇鏍煎紡 (https://learn.microsoft.com/dotnet/fundamentals/code-analysis/style-rules/ide0055) [C:\UserWorx\VSWorx\ServoStudio\wpfui-servoStudio\samples\Wpf.Ui.servoStudio\servoStudio.csproj]
C:\UserWorx\VSWorx\ServoStudio\wpfui-servoStudio\samples\Wpf.Ui.servoStudio\Models\Cia402Varibles.cs(322,29): warning IDE0055: 淇鏍煎紡 (https://learn.microsoft.com/dotnet/fundamentals/code-analysis/style-rules/ide0055) [C:\UserWorx\VSWorx\ServoStudio\wpfui-servoStudio\samples\Wpf.Ui.servoStudio\servoStudio.csproj]
C:\UserWorx\VSWorx\ServoStudio\wpfui-servoStudio\samples\Wpf.Ui.servoStudio\Models\Cia402Varibles.cs(322,39): warning IDE0055: 淇鏍煎紡 (https://learn.microsoft.com/dotnet/fundamentals/code-analysis/style-rules/ide0055) [C:\UserWorx\VSWorx\ServoStudio\wpfui-servoStudio\samples\Wpf.Ui.servoStudio\servoStudio.csproj]
C:\UserWorx\VSWorx\ServoStudio\wpfui-servoStudio\samples\Wpf.Ui.servoStudio\Models\Cia402Varibles.cs(323,34): warning IDE0055: 淇鏍煎紡 (https://learn.microsoft.com/dotnet/fundamentals/code-analysis/style-rules/ide0055) [C:\UserWorx\VSWorx\ServoStudio\wpfui-servoStudio\samples\Wpf.Ui.servoStudio\servoStudio.csproj]
C:\UserWorx\VSWorx\ServoStudio\wpfui-servoStudio\samples\Wpf.Ui.servoStudio\Models\Cia402Varibles.cs(323,36): warning IDE0055: 淇鏍煎紡 (https://learn.microsoft.com/dotnet/fundamentals/code-analysis/style-rules/ide0055) [C:\UserWorx\VSWorx\ServoStudio\wpfui-servoStudio\samples\Wpf.Ui.servoStudio\servoStudio.csproj]
C:\UserWorx\VSWorx\ServoStudio\wpfui-servoStudio\samples\Wpf.Ui.servoStudio\Models\Cia402Varibles.cs(323,46): warning IDE0055: 淇鏍煎紡 (https://learn.microsoft.com/dotnet/fundamentals/code-analysis/style-rules/ide0055) [C:\UserWorx\VSWorx\ServoStudio\wpfui-servoStudio\samples\Wpf.Ui.servoStudio\servoStudio.csproj]
C:\UserWorx\VSWorx\ServoStudio\wpfui-servoStudio\samples\Wpf.Ui.servoStudio\Models\Cia402Varibles.cs(331,30): warning IDE0055: 淇鏍煎紡 (https://learn.microsoft.com/dotnet/fundamentals/code-analysis/style-rules/ide0055) [C:\UserWorx\VSWorx\ServoStudio\wpfui-servoStudio\samples\Wpf.Ui.servoStudio\servoStudio.csproj]
C:\UserWorx\VSWorx\ServoStudio\wpfui-servoStudio\samples\Wpf.Ui.servoStudio\Models\Cia402Varibles.cs(331,32): warning IDE0055: 淇鏍煎紡 (https://learn.microsoft.com/dotnet/fundamentals/code-analysis/style-rules/ide0055) [C:\UserWorx\VSWorx\ServoStudio\wpfui-servoStudio\samples\Wpf.Ui.servoStudio\servoStudio.csproj]
C:\UserWorx\VSWorx\ServoStudio\wpfui-servoStudio\samples\Wpf.Ui.servoStudio\Models\Cia402Varibles.cs(331,42): warning IDE0055: 淇鏍煎紡 (https://learn.microsoft.com/dotnet/fundamentals/code-analysis/style-rules/ide0055) [C:\UserWorx\VSWorx\ServoStudio\wpfui-servoStudio\samples\Wpf.Ui.servoStudio\servoStudio.csproj]
C:\UserWorx\VSWorx\ServoStudio\wpfui-servoStudio\samples\Wpf.Ui.servoStudio\Models\Cia402Varibles.cs(332,36): warning IDE0055: 淇鏍煎紡 (https://learn.microsoft.com/dotnet/fundamentals/code-analysis/style-rules/ide0055) [C:\UserWorx\VSWorx\ServoStudio\wpfui-servoStudio\samples\Wpf.Ui.servoStudio\servoStudio.csproj]
C:\UserWorx\VSWorx\ServoStudio\wpfui-servoStudio\samples\Wpf.Ui.servoStudio\Models\Cia402Varibles.cs(332,38): warning IDE0055: 淇鏍煎紡 (https://learn.microsoft.com/dotnet/fundamentals/code-analysis/style-rules/ide0055) [C:\UserWorx\VSWorx\ServoStudio\wpfui-servoStudio\samples\Wpf.Ui.servoStudio\servoStudio.csproj]
C:\UserWorx\VSWorx\ServoStudio\wpfui-servoStudio\samples\Wpf.Ui.servoStudio\Models\Cia402Varibles.cs(332,48): warning IDE0055: 淇鏍煎紡 (https://learn.microsoft.com/dotnet/fundamentals/code-analysis/style-rules/ide0055) [C:\UserWorx\VSWorx\ServoStudio\wpfui-servoStudio\samples\Wpf.Ui.servoStudio\servoStudio.csproj]
C:\UserWorx\VSWorx\ServoStudio\wpfui-servoStudio\samples\Wpf.Ui.servoStudio\Models\Cia402Varibles.cs(333,36): warning IDE0055: 淇鏍煎紡 (https://learn.microsoft.com/dotnet/fundamentals/code-analysis/style-rules/ide0055) [C:\UserWorx\VSWorx\ServoStudio\wpfui-servoStudio\samples\Wpf.Ui.servoStudio\servoStudio.csproj]
C:\UserWorx\VSWorx\ServoStudio\wpfui-servoStudio\samples\Wpf.Ui.servoStudio\Models\Cia402Varibles.cs(333,38): warning IDE0055: 淇鏍煎紡 (https://learn.microsoft.com/dotnet/fundamentals/code-analysis/style-rules/ide0055) [C:\UserWorx\VSWorx\ServoStudio\wpfui-servoStudio\samples\Wpf.Ui.servoStudio\servoStudio.csproj]
C:\UserWorx\VSWorx\ServoStudio\wpfui-servoStudio\samples\Wpf.Ui.servoStudio\Models\Cia402Varibles.cs(333,48): warning IDE0055: 淇鏍煎紡 (https://learn.microsoft.com/dotnet/fundamentals/code-analysis/style-rules/ide0055) [C:\UserWorx\VSWorx\ServoStudio\wpfui-servoStudio\samples\Wpf.Ui.servoStudio\servoStudio.csproj]
C:\UserWorx\VSWorx\ServoStudio\wpfui-servoStudio\samples\Wpf.Ui.servoStudio\Models\Cia402Varibles.cs(334,38): warning IDE0055: 淇鏍煎紡 (https://learn.microsoft.com/dotnet/fundamentals/code-analysis/style-rules/ide0055) [C:\UserWorx\VSWorx\ServoStudio\wpfui-servoStudio\samples\Wpf.Ui.servoStudio\servoStudio.csproj]
C:\UserWorx\VSWorx\ServoStudio\wpfui-servoStudio\samples\Wpf.Ui.servoStudio\Models\Cia402Varibles.cs(334,40): warning IDE0055: 淇鏍煎紡 (https://learn.microsoft.com/dotnet/fundamentals/code-analysis/style-rules/ide0055) [C:\UserWorx\VSWorx\ServoStudio\wpfui-servoStudio\samples\Wpf.Ui.servoStudio\servoStudio.csproj]
C:\UserWorx\VSWorx\ServoStudio\wpfui-servoStudio\samples\Wpf.Ui.servoStudio\Models\Cia402Varibles.cs(334,50): warning IDE0055: 淇鏍煎紡 (https://learn.microsoft.com/dotnet/fundamentals/code-analysis/style-rules/ide0055) [C:\UserWorx\VSWorx\ServoStudio\wpfui-servoStudio\samples\Wpf.Ui.servoStudio\servoStudio.csproj]
C:\UserWorx\VSWorx\ServoStudio\wpfui-servoStudio\samples\Wpf.Ui.servoStudio\Models\Cia402Varibles.cs(342,30): warning IDE0055: 淇鏍煎紡 (https://learn.microsoft.com/dotnet/fundamentals/code-analysis/style-rules/ide0055) [C:\UserWorx\VSWorx\ServoStudio\wpfui-servoStudio\samples\Wpf.Ui.servoStudio\servoStudio.csproj]
C:\UserWorx\VSWorx\ServoStudio\wpfui-servoStudio\samples\Wpf.Ui.servoStudio\Models\Cia402Varibles.cs(342,32): warning IDE0055: 淇鏍煎紡 (https://learn.microsoft.com/dotnet/fundamentals/code-analysis/style-rules/ide0055) [C:\UserWorx\VSWorx\ServoStudio\wpfui-servoStudio\samples\Wpf.Ui.servoStudio\servoStudio.csproj]
C:\UserWorx\VSWorx\ServoStudio\wpfui-servoStudio\samples\Wpf.Ui.servoStudio\Models\Cia402Varibles.cs(342,42): warning IDE0055: 淇鏍煎紡 (https://learn.microsoft.com/dotnet/fundamentals/code-analysis/style-rules/ide0055) [C:\UserWorx\VSWorx\ServoStudio\wpfui-servoStudio\samples\Wpf.Ui.servoStudio\servoStudio.csproj]
C:\UserWorx\VSWorx\ServoStudio\wpfui-servoStudio\samples\Wpf.Ui.servoStudio\Models\Cia402Varibles.cs(343,28): warning IDE0055: 淇鏍煎紡 (https://learn.microsoft.com/dotnet/fundamentals/code-analysis/style-rules/ide0055) [C:\UserWorx\VSWorx\ServoStudio\wpfui-servoStudio\samples\Wpf.Ui.servoStudio\servoStudio.csproj]
C:\UserWorx\VSWorx\ServoStudio\wpfui-servoStudio\samples\Wpf.Ui.servoStudio\Models\Cia402Varibles.cs(343,30): warning IDE0055: 淇鏍煎紡 (https://learn.microsoft.com/dotnet/fundamentals/code-analysis/style-rules/ide0055) [C:\UserWorx\VSWorx\ServoStudio\wpfui-servoStudio\samples\Wpf.Ui.servoStudio\servoStudio.csproj]
C:\UserWorx\VSWorx\ServoStudio\wpfui-servoStudio\samples\Wpf.Ui.servoStudio\Models\Cia402Varibles.cs(343,40): warning IDE0055: 淇鏍煎紡 (https://learn.microsoft.com/dotnet/fundamentals/code-analysis/style-rules/ide0055) [C:\UserWorx\VSWorx\ServoStudio\wpfui-servoStudio\samples\Wpf.Ui.servoStudio\servoStudio.csproj]
C:\UserWorx\VSWorx\ServoStudio\wpfui-servoStudio\samples\Wpf.Ui.servoStudio\Models\Cia402Varibles.cs(344,28): warning IDE0055: 淇鏍煎紡 (https://learn.microsoft.com/dotnet/fundamentals/code-analysis/style-rules/ide0055) [C:\UserWorx\VSWorx\ServoStudio\wpfui-servoStudio\samples\Wpf.Ui.servoStudio\servoStudio.csproj]
C:\UserWorx\VSWorx\ServoStudio\wpfui-servoStudio\samples\Wpf.Ui.servoStudio\Models\Cia402Varibles.cs(344,30): warning IDE0055: 淇鏍煎紡 (https://learn.microsoft.com/dotnet/fundamentals/code-analysis/style-rules/ide0055) [C:\UserWorx\VSWorx\ServoStudio\wpfui-servoStudio\samples\Wpf.Ui.servoStudio\servoStudio.csproj]
C:\UserWorx\VSWorx\ServoStudio\wpfui-servoStudio\samples\Wpf.Ui.servoStudio\Models\Cia402Varibles.cs(344,40): warning IDE0055: 淇鏍煎紡 (https://learn.microsoft.com/dotnet/fundamentals/code-analysis/style-rules/ide0055) [C:\UserWorx\VSWorx\ServoStudio\wpfui-servoStudio\samples\Wpf.Ui.servoStudio\servoStudio.csproj]
C:\UserWorx\VSWorx\ServoStudio\wpfui-servoStudio\samples\Wpf.Ui.servoStudio\Models\Cia402Varibles.cs(352,37): warning IDE0055: 淇鏍煎紡 (https://learn.microsoft.com/dotnet/fundamentals/code-analysis/style-rules/ide0055) [C:\UserWorx\VSWorx\ServoStudio\wpfui-servoStudio\samples\Wpf.Ui.servoStudio\servoStudio.csproj]
C:\UserWorx\VSWorx\ServoStudio\wpfui-servoStudio\samples\Wpf.Ui.servoStudio\Models\Cia402Varibles.cs(352,39): warning IDE0055: 淇鏍煎紡 (https://learn.microsoft.com/dotnet/fundamentals/code-analysis/style-rules/ide0055) [C:\UserWorx\VSWorx\ServoStudio\wpfui-servoStudio\samples\Wpf.Ui.servoStudio\servoStudio.csproj]
C:\UserWorx\VSWorx\ServoStudio\wpfui-servoStudio\samples\Wpf.Ui.servoStudio\Models\Cia402Varibles.cs(352,49): warning IDE0055: 淇鏍煎紡 (https://learn.microsoft.com/dotnet/fundamentals/code-analysis/style-rules/ide0055) [C:\UserWorx\VSWorx\ServoStudio\wpfui-servoStudio\samples\Wpf.Ui.servoStudio\servoStudio.csproj]
C:\UserWorx\VSWorx\ServoStudio\wpfui-servoStudio\samples\Wpf.Ui.servoStudio\Models\Cia402Varibles.cs(353,34): warning IDE0055: 淇鏍煎紡 (https://learn.microsoft.com/dotnet/fundamentals/code-analysis/style-rules/ide0055) [C:\UserWorx\VSWorx\ServoStudio\wpfui-servoStudio\samples\Wpf.Ui.servoStudio\servoStudio.csproj]
C:\UserWorx\VSWorx\ServoStudio\wpfui-servoStudio\samples\Wpf.Ui.servoStudio\Models\Cia402Varibles.cs(353,36): warning IDE0055: 淇鏍煎紡 (https://learn.microsoft.com/dotnet/fundamentals/code-analysis/style-rules/ide0055) [C:\UserWorx\VSWorx\ServoStudio\wpfui-servoStudio\samples\Wpf.Ui.servoStudio\servoStudio.csproj]
C:\UserWorx\VSWorx\ServoStudio\wpfui-servoStudio\samples\Wpf.Ui.servoStudio\Models\Cia402Varibles.cs(353,46): warning IDE0055: 淇鏍煎紡 (https://learn.microsoft.com/dotnet/fundamentals/code-analysis/style-rules/ide0055) [C:\UserWorx\VSWorx\ServoStudio\wpfui-servoStudio\samples\Wpf.Ui.servoStudio\servoStudio.csproj]
C:\UserWorx\VSWorx\ServoStudio\wpfui-servoStudio\samples\Wpf.Ui.servoStudio\Models\Cia402Varibles.cs(354,32): warning IDE0055: 淇鏍煎紡 (https://learn.microsoft.com/dotnet/fundamentals/code-analysis/style-rules/ide0055) [C:\UserWorx\VSWorx\ServoStudio\wpfui-servoStudio\samples\Wpf.Ui.servoStudio\servoStudio.csproj]
C:\UserWorx\VSWorx\ServoStudio\wpfui-servoStudio\samples\Wpf.Ui.servoStudio\Models\Cia402Varibles.cs(354,34): warning IDE0055: 淇鏍煎紡 (https://learn.microsoft.com/dotnet/fundamentals/code-analysis/style-rules/ide0055) [C:\UserWorx\VSWorx\ServoStudio\wpfui-servoStudio\samples\Wpf.Ui.servoStudio\servoStudio.csproj]
C:\UserWorx\VSWorx\ServoStudio\wpfui-servoStudio\samples\Wpf.Ui.servoStudio\Models\Cia402Varibles.cs(354,44): warning IDE0055: 淇鏍煎紡 (https://learn.microsoft.com/dotnet/fundamentals/code-analysis/style-rules/ide0055) [C:\UserWorx\VSWorx\ServoStudio\wpfui-servoStudio\samples\Wpf.Ui.servoStudio\servoStudio.csproj]
C:\UserWorx\VSWorx\ServoStudio\wpfui-servoStudio\samples\Wpf.Ui.servoStudio\Models\Cia402Varibles.cs(355,35): warning IDE0055: 淇鏍煎紡 (https://learn.microsoft.com/dotnet/fundamentals/code-analysis/style-rules/ide0055) [C:\UserWorx\VSWorx\ServoStudio\wpfui-servoStudio\samples\Wpf.Ui.servoStudio\servoStudio.csproj]
C:\UserWorx\VSWorx\ServoStudio\wpfui-servoStudio\samples\Wpf.Ui.servoStudio\Models\Cia402Varibles.cs(355,37): warning IDE0055: 淇鏍煎紡 (https://learn.microsoft.com/dotnet/fundamentals/code-analysis/style-rules/ide0055) [C:\UserWorx\VSWorx\ServoStudio\wpfui-servoStudio\samples\Wpf.Ui.servoStudio\servoStudio.csproj]
C:\UserWorx\VSWorx\ServoStudio\wpfui-servoStudio\samples\Wpf.Ui.servoStudio\Models\Cia402Varibles.cs(355,47): warning IDE0055: 淇鏍煎紡 (https://learn.microsoft.com/dotnet/fundamentals/code-analysis/style-rules/ide0055) [C:\UserWorx\VSWorx\ServoStudio\wpfui-servoStudio\samples\Wpf.Ui.servoStudio\servoStudio.csproj]
C:\UserWorx\VSWorx\ServoStudio\wpfui-servoStudio\samples\Wpf.Ui.servoStudio\Models\Cia402Varibles.cs(363,30): warning IDE0055: 淇鏍煎紡 (https://learn.microsoft.com/dotnet/fundamentals/code-analysis/style-rules/ide0055) [C:\UserWorx\VSWorx\ServoStudio\wpfui-servoStudio\samples\Wpf.Ui.servoStudio\servoStudio.csproj]
C:\UserWorx\VSWorx\ServoStudio\wpfui-servoStudio\samples\Wpf.Ui.servoStudio\Models\Cia402Varibles.cs(363,32): warning IDE0055: 淇鏍煎紡 (https://learn.microsoft.com/dotnet/fundamentals/code-analysis/style-rules/ide0055) [C:\UserWorx\VSWorx\ServoStudio\wpfui-servoStudio\samples\Wpf.Ui.servoStudio\servoStudio.csproj]
C:\UserWorx\VSWorx\ServoStudio\wpfui-servoStudio\samples\Wpf.Ui.servoStudio\Models\Cia402Varibles.cs(363,42): warning IDE0055: 淇鏍煎紡 (https://learn.microsoft.com/dotnet/fundamentals/code-analysis/style-rules/ide0055) [C:\UserWorx\VSWorx\ServoStudio\wpfui-servoStudio\samples\Wpf.Ui.servoStudio\servoStudio.csproj]
C:\UserWorx\VSWorx\ServoStudio\wpfui-servoStudio\samples\Wpf.Ui.servoStudio\Models\Cia402Varibles.cs(364,30): warning IDE0055: 淇鏍煎紡 (https://learn.microsoft.com/dotnet/fundamentals/code-analysis/style-rules/ide0055) [C:\UserWorx\VSWorx\ServoStudio\wpfui-servoStudio\samples\Wpf.Ui.servoStudio\servoStudio.csproj]
C:\UserWorx\VSWorx\ServoStudio\wpfui-servoStudio\samples\Wpf.Ui.servoStudio\Models\Cia402Varibles.cs(364,32): warning IDE0055: 淇鏍煎紡 (https://learn.microsoft.com/dotnet/fundamentals/code-analysis/style-rules/ide0055) [C:\UserWorx\VSWorx\ServoStudio\wpfui-servoStudio\samples\Wpf.Ui.servoStudio\servoStudio.csproj]
C:\UserWorx\VSWorx\ServoStudio\wpfui-servoStudio\samples\Wpf.Ui.servoStudio\Models\Cia402Varibles.cs(364,42): warning IDE0055: 淇鏍煎紡 (https://learn.microsoft.com/dotnet/fundamentals/code-analysis/style-rules/ide0055) [C:\UserWorx\VSWorx\ServoStudio\wpfui-servoStudio\samples\Wpf.Ui.servoStudio\servoStudio.csproj]
C:\UserWorx\VSWorx\ServoStudio\wpfui-servoStudio\samples\Wpf.Ui.servoStudio\Models\Cia402Varibles.cs(365,30): warning IDE0055: 淇鏍煎紡 (https://learn.microsoft.com/dotnet/fundamentals/code-analysis/style-rules/ide0055) [C:\UserWorx\VSWorx\ServoStudio\wpfui-servoStudio\samples\Wpf.Ui.servoStudio\servoStudio.csproj]
C:\UserWorx\VSWorx\ServoStudio\wpfui-servoStudio\samples\Wpf.Ui.servoStudio\Models\Cia402Varibles.cs(365,32): warning IDE0055: 淇鏍煎紡 (https://learn.microsoft.com/dotnet/fundamentals/code-analysis/style-rules/ide0055) [C:\UserWorx\VSWorx\ServoStudio\wpfui-servoStudio\samples\Wpf.Ui.servoStudio\servoStudio.csproj]
C:\UserWorx\VSWorx\ServoStudio\wpfui-servoStudio\samples\Wpf.Ui.servoStudio\Models\Cia402Varibles.cs(365,42): warning IDE0055: 淇鏍煎紡 (https://learn.microsoft.com/dotnet/fundamentals/code-analysis/style-rules/ide0055) [C:\UserWorx\VSWorx\ServoStudio\wpfui-servoStudio\samples\Wpf.Ui.servoStudio\servoStudio.csproj]
C:\UserWorx\VSWorx\ServoStudio\wpfui-servoStudio\samples\Wpf.Ui.servoStudio\Models\Cia402Varibles.cs(366,30): warning IDE0055: 淇鏍煎紡 (https://learn.microsoft.com/dotnet/fundamentals/code-analysis/style-rules/ide0055) [C:\UserWorx\VSWorx\ServoStudio\wpfui-servoStudio\samples\Wpf.Ui.servoStudio\servoStudio.csproj]
C:\UserWorx\VSWorx\ServoStudio\wpfui-servoStudio\samples\Wpf.Ui.servoStudio\Models\Cia402Varibles.cs(366,32): warning IDE0055: 淇鏍煎紡 (https://learn.microsoft.com/dotnet/fundamentals/code-analysis/style-rules/ide0055) [C:\UserWorx\VSWorx\ServoStudio\wpfui-servoStudio\samples\Wpf.Ui.servoStudio\servoStudio.csproj]
C:\UserWorx\VSWorx\ServoStudio\wpfui-servoStudio\samples\Wpf.Ui.servoStudio\Models\Cia402Varibles.cs(366,42): warning IDE0055: 淇鏍煎紡 (https://learn.microsoft.com/dotnet/fundamentals/code-analysis/style-rules/ide0055) [C:\UserWorx\VSWorx\ServoStudio\wpfui-servoStudio\samples\Wpf.Ui.servoStudio\servoStudio.csproj]
C:\UserWorx\VSWorx\ServoStudio\wpfui-servoStudio\samples\Wpf.Ui.servoStudio\Models\Cia402Varibles.cs(367,42): warning IDE0055: 淇鏍煎紡 (https://learn.microsoft.com/dotnet/fundamentals/code-analysis/style-rules/ide0055) [C:\UserWorx\VSWorx\ServoStudio\wpfui-servoStudio\samples\Wpf.Ui.servoStudio\servoStudio.csproj]
C:\UserWorx\VSWorx\ServoStudio\wpfui-servoStudio\samples\Wpf.Ui.servoStudio\Models\Cia402Varibles.cs(367,44): warning IDE0055: 淇鏍煎紡 (https://learn.microsoft.com/dotnet/fundamentals/code-analysis/style-rules/ide0055) [C:\UserWorx\VSWorx\ServoStudio\wpfui-servoStudio\samples\Wpf.Ui.servoStudio\servoStudio.csproj]
C:\UserWorx\VSWorx\ServoStudio\wpfui-servoStudio\samples\Wpf.Ui.servoStudio\Models\Cia402Varibles.cs(367,54): warning IDE0055: 淇鏍煎紡 (https://learn.microsoft.com/dotnet/fundamentals/code-analysis/style-rules/ide0055) [C:\UserWorx\VSWorx\ServoStudio\wpfui-servoStudio\samples\Wpf.Ui.servoStudio\servoStudio.csproj]
C:\UserWorx\VSWorx\ServoStudio\wpfui-servoStudio\samples\Wpf.Ui.servoStudio\Models\Cia402Varibles.cs(375,30): warning IDE0055: 淇鏍煎紡 (https://learn.microsoft.com/dotnet/fundamentals/code-analysis/style-rules/ide0055) [C:\UserWorx\VSWorx\ServoStudio\wpfui-servoStudio\samples\Wpf.Ui.servoStudio\servoStudio.csproj]
C:\UserWorx\VSWorx\ServoStudio\wpfui-servoStudio\samples\Wpf.Ui.servoStudio\Models\Cia402Varibles.cs(375,32): warning IDE0055: 淇鏍煎紡 (https://learn.microsoft.com/dotnet/fundamentals/code-analysis/style-rules/ide0055) [C:\UserWorx\VSWorx\ServoStudio\wpfui-servoStudio\samples\Wpf.Ui.servoStudio\servoStudio.csproj]
C:\UserWorx\VSWorx\ServoStudio\wpfui-servoStudio\samples\Wpf.Ui.servoStudio\Models\Cia402Varibles.cs(375,42): warning IDE0055: 淇鏍煎紡 (https://learn.microsoft.com/dotnet/fundamentals/code-analysis/style-rules/ide0055) [C:\UserWorx\VSWorx\ServoStudio\wpfui-servoStudio\samples\Wpf.Ui.servoStudio\servoStudio.csproj]
C:\UserWorx\VSWorx\ServoStudio\wpfui-servoStudio\samples\Wpf.Ui.servoStudio\Models\Cia402Varibles.cs(376,30): warning IDE0055: 淇鏍煎紡 (https://learn.microsoft.com/dotnet/fundamentals/code-analysis/style-rules/ide0055) [C:\UserWorx\VSWorx\ServoStudio\wpfui-servoStudio\samples\Wpf.Ui.servoStudio\servoStudio.csproj]
C:\UserWorx\VSWorx\ServoStudio\wpfui-servoStudio\samples\Wpf.Ui.servoStudio\Models\Cia402Varibles.cs(376,32): warning IDE0055: 淇鏍煎紡 (https://learn.microsoft.com/dotnet/fundamentals/code-analysis/style-rules/ide0055) [C:\UserWorx\VSWorx\ServoStudio\wpfui-servoStudio\samples\Wpf.Ui.servoStudio\servoStudio.csproj]
C:\UserWorx\VSWorx\ServoStudio\wpfui-servoStudio\samples\Wpf.Ui.servoStudio\Models\Cia402Varibles.cs(376,42): warning IDE0055: 淇鏍煎紡 (https://learn.microsoft.com/dotnet/fundamentals/code-analysis/style-rules/ide0055) [C:\UserWorx\VSWorx\ServoStudio\wpfui-servoStudio\samples\Wpf.Ui.servoStudio\servoStudio.csproj]
C:\UserWorx\VSWorx\ServoStudio\wpfui-servoStudio\samples\Wpf.Ui.servoStudio\Models\Cia402Varibles.cs(377,30): warning IDE0055: 淇鏍煎紡 (https://learn.microsoft.com/dotnet/fundamentals/code-analysis/style-rules/ide0055) [C:\UserWorx\VSWorx\ServoStudio\wpfui-servoStudio\samples\Wpf.Ui.servoStudio\servoStudio.csproj]
C:\UserWorx\VSWorx\ServoStudio\wpfui-servoStudio\samples\Wpf.Ui.servoStudio\Models\Cia402Varibles.cs(377,32): warning IDE0055: 淇鏍煎紡 (https://learn.microsoft.com/dotnet/fundamentals/code-analysis/style-rules/ide0055) [C:\UserWorx\VSWorx\ServoStudio\wpfui-servoStudio\samples\Wpf.Ui.servoStudio\servoStudio.csproj]
C:\UserWorx\VSWorx\ServoStudio\wpfui-servoStudio\samples\Wpf.Ui.servoStudio\Models\Cia402Varibles.cs(377,42): warning IDE0055: 淇鏍煎紡 (https://learn.microsoft.com/dotnet/fundamentals/code-analysis/style-rules/ide0055) [C:\UserWorx\VSWorx\ServoStudio\wpfui-servoStudio\samples\Wpf.Ui.servoStudio\servoStudio.csproj]
C:\UserWorx\VSWorx\ServoStudio\wpfui-servoStudio\samples\Wpf.Ui.servoStudio\Models\Cia402Varibles.cs(378,42): warning IDE0055: 淇鏍煎紡 (https://learn.microsoft.com/dotnet/fundamentals/code-analysis/style-rules/ide0055) [C:\UserWorx\VSWorx\ServoStudio\wpfui-servoStudio\samples\Wpf.Ui.servoStudio\servoStudio.csproj]
C:\UserWorx\VSWorx\ServoStudio\wpfui-servoStudio\samples\Wpf.Ui.servoStudio\Models\Cia402Varibles.cs(378,44): warning IDE0055: 淇鏍煎紡 (https://learn.microsoft.com/dotnet/fundamentals/code-analysis/style-rules/ide0055) [C:\UserWorx\VSWorx\ServoStudio\wpfui-servoStudio\samples\Wpf.Ui.servoStudio\servoStudio.csproj]
C:\UserWorx\VSWorx\ServoStudio\wpfui-servoStudio\samples\Wpf.Ui.servoStudio\Models\Cia402Varibles.cs(378,54): warning IDE0055: 淇鏍煎紡 (https://learn.microsoft.com/dotnet/fundamentals/code-analysis/style-rules/ide0055) [C:\UserWorx\VSWorx\ServoStudio\wpfui-servoStudio\samples\Wpf.Ui.servoStudio\servoStudio.csproj]
C:\UserWorx\VSWorx\ServoStudio\wpfui-servoStudio\samples\Wpf.Ui.servoStudio\Models\Cia402Varibles.cs(386,30): warning IDE0055: 淇鏍煎紡 (https://learn.microsoft.com/dotnet/fundamentals/code-analysis/style-rules/ide0055) [C:\UserWorx\VSWorx\ServoStudio\wpfui-servoStudio\samples\Wpf.Ui.servoStudio\servoStudio.csproj]
C:\UserWorx\VSWorx\ServoStudio\wpfui-servoStudio\samples\Wpf.Ui.servoStudio\Models\Cia402Varibles.cs(386,32): warning IDE0055: 淇鏍煎紡 (https://learn.microsoft.com/dotnet/fundamentals/code-analysis/style-rules/ide0055) [C:\UserWorx\VSWorx\ServoStudio\wpfui-servoStudio\samples\Wpf.Ui.servoStudio\servoStudio.csproj]
C:\UserWorx\VSWorx\ServoStudio\wpfui-servoStudio\samples\Wpf.Ui.servoStudio\Models\Cia402Varibles.cs(386,42): warning IDE0055: 淇鏍煎紡 (https://learn.microsoft.com/dotnet/fundamentals/code-analysis/style-rules/ide0055) [C:\UserWorx\VSWorx\ServoStudio\wpfui-servoStudio\samples\Wpf.Ui.servoStudio\servoStudio.csproj]
C:\UserWorx\VSWorx\ServoStudio\wpfui-servoStudio\samples\Wpf.Ui.servoStudio\Models\Cia402Varibles.cs(387,30): warning IDE0055: 淇鏍煎紡 (https://learn.microsoft.com/dotnet/fundamentals/code-analysis/style-rules/ide0055) [C:\UserWorx\VSWorx\ServoStudio\wpfui-servoStudio\samples\Wpf.Ui.servoStudio\servoStudio.csproj]
C:\UserWorx\VSWorx\ServoStudio\wpfui-servoStudio\samples\Wpf.Ui.servoStudio\Models\Cia402Varibles.cs(387,32): warning IDE0055: 淇鏍煎紡 (https://learn.microsoft.com/dotnet/fundamentals/code-analysis/style-rules/ide0055) [C:\UserWorx\VSWorx\ServoStudio\wpfui-servoStudio\samples\Wpf.Ui.servoStudio\servoStudio.csproj]
C:\UserWorx\VSWorx\ServoStudio\wpfui-servoStudio\samples\Wpf.Ui.servoStudio\Models\Cia402Varibles.cs(387,42): warning IDE0055: 淇鏍煎紡 (https://learn.microsoft.com/dotnet/fundamentals/code-analysis/style-rules/ide0055) [C:\UserWorx\VSWorx\ServoStudio\wpfui-servoStudio\samples\Wpf.Ui.servoStudio\servoStudio.csproj]
C:\UserWorx\VSWorx\ServoStudio\wpfui-servoStudio\samples\Wpf.Ui.servoStudio\Models\Cia402Varibles.cs(388,42): warning IDE0055: 淇鏍煎紡 (https://learn.microsoft.com/dotnet/fundamentals/code-analysis/style-rules/ide0055) [C:\UserWorx\VSWorx\ServoStudio\wpfui-servoStudio\samples\Wpf.Ui.servoStudio\servoStudio.csproj]
C:\UserWorx\VSWorx\ServoStudio\wpfui-servoStudio\samples\Wpf.Ui.servoStudio\Models\Cia402Varibles.cs(388,44): warning IDE0055: 淇鏍煎紡 (https://learn.microsoft.com/dotnet/fundamentals/code-analysis/style-rules/ide0055) [C:\UserWorx\VSWorx\ServoStudio\wpfui-servoStudio\samples\Wpf.Ui.servoStudio\servoStudio.csproj]
C:\UserWorx\VSWorx\ServoStudio\wpfui-servoStudio\samples\Wpf.Ui.servoStudio\Models\Cia402Varibles.cs(388,54): warning IDE0055: 淇鏍煎紡 (https://learn.microsoft.com/dotnet/fundamentals/code-analysis/style-rules/ide0055) [C:\UserWorx\VSWorx\ServoStudio\wpfui-servoStudio\samples\Wpf.Ui.servoStudio\servoStudio.csproj]
C:\UserWorx\VSWorx\ServoStudio\wpfui-servoStudio\samples\Wpf.Ui.servoStudio\Models\DataColor.cs(12,23): warning IDE0055: 淇鏍煎紡 (https://learn.microsoft.com/dotnet/fundamentals/code-analysis/style-rules/ide0055) [C:\UserWorx\VSWorx\ServoStudio\wpfui-servoStudio\samples\Wpf.Ui.servoStudio\servoStudio.csproj]
C:\UserWorx\VSWorx\ServoStudio\wpfui-servoStudio\samples\Wpf.Ui.servoStudio\Models\DataColor.cs(12,25): warning IDE0055: 淇鏍煎紡 (https://learn.microsoft.com/dotnet/fundamentals/code-analysis/style-rules/ide0055) [C:\UserWorx\VSWorx\ServoStudio\wpfui-servoStudio\samples\Wpf.Ui.servoStudio\servoStudio.csproj]
C:\UserWorx\VSWorx\ServoStudio\wpfui-servoStudio\samples\Wpf.Ui.servoStudio\Models\DataColor.cs(12,35): warning IDE0055: 淇鏍煎紡 (https://learn.microsoft.com/dotnet/fundamentals/code-analysis/style-rules/ide0055) [C:\UserWorx\VSWorx\ServoStudio\wpfui-servoStudio\samples\Wpf.Ui.servoStudio\servoStudio.csproj]
C:\UserWorx\VSWorx\ServoStudio\wpfui-servoStudio\samples\Wpf.Ui.servoStudio\Models\DataSaveModels.cs(51,37): warning IDE0055: 淇鏍煎紡 (https://learn.microsoft.com/dotnet/fundamentals/code-analysis/style-rules/ide0055) [C:\UserWorx\VSWorx\ServoStudio\wpfui-servoStudio\samples\Wpf.Ui.servoStudio\servoStudio.csproj]
C:\UserWorx\VSWorx\ServoStudio\wpfui-servoStudio\samples\Wpf.Ui.servoStudio\Models\DataSaveModels.cs(51,39): warning IDE0055: 淇鏍煎紡 (https://learn.microsoft.com/dotnet/fundamentals/code-analysis/style-rules/ide0055) [C:\UserWorx\VSWorx\ServoStudio\wpfui-servoStudio\samples\Wpf.Ui.servoStudio\servoStudio.csproj]
C:\UserWorx\VSWorx\ServoStudio\wpfui-servoStudio\samples\Wpf.Ui.servoStudio\Models\DataSaveModels.cs(51,50): warning IDE0055: 淇鏍煎紡 (https://learn.microsoft.com/dotnet/fundamentals/code-analysis/style-rules/ide0055) [C:\UserWorx\VSWorx\ServoStudio\wpfui-servoStudio\samples\Wpf.Ui.servoStudio\servoStudio.csproj]
C:\UserWorx\VSWorx\ServoStudio\wpfui-servoStudio\samples\Wpf.Ui.servoStudio\Models\DataSaveModels.cs(54,27): warning IDE0055: 淇鏍煎紡 (https://learn.microsoft.com/dotnet/fundamentals/code-analysis/style-rules/ide0055) [C:\UserWorx\VSWorx\ServoStudio\wpfui-servoStudio\samples\Wpf.Ui.servoStudio\servoStudio.csproj]
C:\UserWorx\VSWorx\ServoStudio\wpfui-servoStudio\samples\Wpf.Ui.servoStudio\Models\DataSaveModels.cs(54,29): warning IDE0055: 淇鏍煎紡 (https://learn.microsoft.com/dotnet/fundamentals/code-analysis/style-rules/ide0055) [C:\UserWorx\VSWorx\ServoStudio\wpfui-servoStudio\samples\Wpf.Ui.servoStudio\servoStudio.csproj]
C:\UserWorx\VSWorx\ServoStudio\wpfui-servoStudio\samples\Wpf.Ui.servoStudio\Models\DataSaveModels.cs(54,40): warning IDE0055: 淇鏍煎紡 (https://learn.microsoft.com/dotnet/fundamentals/code-analysis/style-rules/ide0055) [C:\UserWorx\VSWorx\ServoStudio\wpfui-servoStudio\samples\Wpf.Ui.servoStudio\servoStudio.csproj]
C:\UserWorx\VSWorx\ServoStudio\wpfui-servoStudio\samples\Wpf.Ui.servoStudio\Models\DataSaveModels.cs(57,28): warning IDE0055: 淇鏍煎紡 (https://learn.microsoft.com/dotnet/fundamentals/code-analysis/style-rules/ide0055) [C:\UserWorx\VSWorx\ServoStudio\wpfui-servoStudio\samples\Wpf.Ui.servoStudio\servoStudio.csproj]
C:\UserWorx\VSWorx\ServoStudio\wpfui-servoStudio\samples\Wpf.Ui.servoStudio\Models\DataSaveModels.cs(57,30): warning IDE0055: 淇鏍煎紡 (https://learn.microsoft.com/dotnet/fundamentals/code-analysis/style-rules/ide0055) [C:\UserWorx\VSWorx\ServoStudio\wpfui-servoStudio\samples\Wpf.Ui.servoStudio\servoStudio.csproj]
C:\UserWorx\VSWorx\ServoStudio\wpfui-servoStudio\samples\Wpf.Ui.servoStudio\Models\DataSaveModels.cs(57,41): warning IDE0055: 淇鏍煎紡 (https://learn.microsoft.com/dotnet/fundamentals/code-analysis/style-rules/ide0055) [C:\UserWorx\VSWorx\ServoStudio\wpfui-servoStudio\samples\Wpf.Ui.servoStudio\servoStudio.csproj]
C:\UserWorx\VSWorx\ServoStudio\wpfui-servoStudio\samples\Wpf.Ui.servoStudio\Models\DataSaveModels.cs(65,40): warning IDE0055: 淇鏍煎紡 (https://learn.microsoft.com/dotnet/fundamentals/code-analysis/style-rules/ide0055) [C:\UserWorx\VSWorx\ServoStudio\wpfui-servoStudio\samples\Wpf.Ui.servoStudio\servoStudio.csproj]
C:\UserWorx\VSWorx\ServoStudio\wpfui-servoStudio\samples\Wpf.Ui.servoStudio\Models\DataSaveModels.cs(65,42): warning IDE0055: 淇鏍煎紡 (https://learn.microsoft.com/dotnet/fundamentals/code-analysis/style-rules/ide0055) [C:\UserWorx\VSWorx\ServoStudio\wpfui-servoStudio\samples\Wpf.Ui.servoStudio\servoStudio.csproj]
C:\UserWorx\VSWorx\ServoStudio\wpfui-servoStudio\samples\Wpf.Ui.servoStudio\Models\DataSaveModels.cs(65,53): warning IDE0055: 淇鏍煎紡 (https://learn.microsoft.com/dotnet/fundamentals/code-analysis/style-rules/ide0055) [C:\UserWorx\VSWorx\ServoStudio\wpfui-servoStudio\samples\Wpf.Ui.servoStudio\servoStudio.csproj]
C:\UserWorx\VSWorx\ServoStudio\wpfui-servoStudio\samples\Wpf.Ui.servoStudio\Models\Device.cs(10,21): warning IDE0055: 淇鏍煎紡 (https://learn.microsoft.com/dotnet/fundamentals/code-analysis/style-rules/ide0055) [C:\UserWorx\VSWorx\ServoStudio\wpfui-servoStudio\samples\Wpf.Ui.servoStudio\servoStudio.csproj]
C:\UserWorx\VSWorx\ServoStudio\wpfui-servoStudio\samples\Wpf.Ui.servoStudio\Models\Device.cs(10,23): warning IDE0055: 淇鏍煎紡 (https://learn.microsoft.com/dotnet/fundamentals/code-analysis/style-rules/ide0055) [C:\UserWorx\VSWorx\ServoStudio\wpfui-servoStudio\samples\Wpf.Ui.servoStudio\servoStudio.csproj]
C:\UserWorx\VSWorx\ServoStudio\wpfui-servoStudio\samples\Wpf.Ui.servoStudio\Models\Device.cs(10,33): warning IDE0055: 淇鏍煎紡 (https://learn.microsoft.com/dotnet/fundamentals/code-analysis/style-rules/ide0055) [C:\UserWorx\VSWorx\ServoStudio\wpfui-servoStudio\samples\Wpf.Ui.servoStudio\servoStudio.csproj]
C:\UserWorx\VSWorx\ServoStudio\wpfui-servoStudio\samples\Wpf.Ui.servoStudio\Models\Device.cs(12,30): warning IDE0055: 淇鏍煎紡 (https://learn.microsoft.com/dotnet/fundamentals/code-analysis/style-rules/ide0055) [C:\UserWorx\VSWorx\ServoStudio\wpfui-servoStudio\samples\Wpf.Ui.servoStudio\servoStudio.csproj]
C:\UserWorx\VSWorx\ServoStudio\wpfui-servoStudio\samples\Wpf.Ui.servoStudio\Models\Device.cs(12,32): warning IDE0055: 淇鏍煎紡 (https://learn.microsoft.com/dotnet/fundamentals/code-analysis/style-rules/ide0055) [C:\UserWorx\VSWorx\ServoStudio\wpfui-servoStudio\samples\Wpf.Ui.servoStudio\servoStudio.csproj]
C:\UserWorx\VSWorx\ServoStudio\wpfui-servoStudio\samples\Wpf.Ui.servoStudio\Models\Device.cs(12,42): warning IDE0055: 淇鏍煎紡 (https://learn.microsoft.com/dotnet/fundamentals/code-analysis/style-rules/ide0055) [C:\UserWorx\VSWorx\ServoStudio\wpfui-servoStudio\samples\Wpf.Ui.servoStudio\servoStudio.csproj]
C:\UserWorx\VSWorx\ServoStudio\wpfui-servoStudio\samples\Wpf.Ui.servoStudio\Models\Device.cs(14,28): warning IDE0055: 淇鏍煎紡 (https://learn.microsoft.com/dotnet/fundamentals/code-analysis/style-rules/ide0055) [C:\UserWorx\VSWorx\ServoStudio\wpfui-servoStudio\samples\Wpf.Ui.servoStudio\servoStudio.csproj]
C:\UserWorx\VSWorx\ServoStudio\wpfui-servoStudio\samples\Wpf.Ui.servoStudio\Models\Device.cs(14,30): warning IDE0055: 淇鏍煎紡 (https://learn.microsoft.com/dotnet/fundamentals/code-analysis/style-rules/ide0055) [C:\UserWorx\VSWorx\ServoStudio\wpfui-servoStudio\samples\Wpf.Ui.servoStudio\servoStudio.csproj]
C:\UserWorx\VSWorx\ServoStudio\wpfui-servoStudio\samples\Wpf.Ui.servoStudio\Models\Device.cs(14,40): warning IDE0055: 淇鏍煎紡 (https://learn.microsoft.com/dotnet/fundamentals/code-analysis/style-rules/ide0055) [C:\UserWorx\VSWorx\ServoStudio\wpfui-servoStudio\samples\Wpf.Ui.servoStudio\servoStudio.csproj]
C:\UserWorx\VSWorx\ServoStudio\wpfui-servoStudio\samples\Wpf.Ui.servoStudio\Models\Device.cs(16,27): warning IDE0055: 淇鏍煎紡 (https://learn.microsoft.com/dotnet/fundamentals/code-analysis/style-rules/ide0055) [C:\UserWorx\VSWorx\ServoStudio\wpfui-servoStudio\samples\Wpf.Ui.servoStudio\servoStudio.csproj]
C:\UserWorx\VSWorx\ServoStudio\wpfui-servoStudio\samples\Wpf.Ui.servoStudio\Models\Device.cs(16,29): warning IDE0055: 淇鏍煎紡 (https://learn.microsoft.com/dotnet/fundamentals/code-analysis/style-rules/ide0055) [C:\UserWorx\VSWorx\ServoStudio\wpfui-servoStudio\samples\Wpf.Ui.servoStudio\servoStudio.csproj]
C:\UserWorx\VSWorx\ServoStudio\wpfui-servoStudio\samples\Wpf.Ui.servoStudio\Models\Device.cs(16,39): warning IDE0055: 淇鏍煎紡 (https://learn.microsoft.com/dotnet/fundamentals/code-analysis/style-rules/ide0055) [C:\UserWorx\VSWorx\ServoStudio\wpfui-servoStudio\samples\Wpf.Ui.servoStudio\servoStudio.csproj]
C:\UserWorx\VSWorx\ServoStudio\wpfui-servoStudio\samples\Wpf.Ui.servoStudio\Models\FactoryParameters.cs(68,29): warning IDE0055: 淇鏍煎紡 (https://learn.microsoft.com/dotnet/fundamentals/code-analysis/style-rules/ide0055) [C:\UserWorx\VSWorx\ServoStudio\wpfui-servoStudio\samples\Wpf.Ui.servoStudio\servoStudio.csproj]
C:\UserWorx\VSWorx\ServoStudio\wpfui-servoStudio\samples\Wpf.Ui.servoStudio\Models\FactoryParameters.cs(68,31): warning IDE0055: 淇鏍煎紡 (https://learn.microsoft.com/dotnet/fundamentals/code-analysis/style-rules/ide0055) [C:\UserWorx\VSWorx\ServoStudio\wpfui-servoStudio\samples\Wpf.Ui.servoStudio\servoStudio.csproj]
C:\UserWorx\VSWorx\ServoStudio\wpfui-servoStudio\samples\Wpf.Ui.servoStudio\Models\FactoryParameters.cs(68,41): warning IDE0055: 淇鏍煎紡 (https://learn.microsoft.com/dotnet/fundamentals/code-analysis/style-rules/ide0055) [C:\UserWorx\VSWorx\ServoStudio\wpfui-servoStudio\samples\Wpf.Ui.servoStudio\servoStudio.csproj]
C:\UserWorx\VSWorx\ServoStudio\wpfui-servoStudio\samples\Wpf.Ui.servoStudio\Models\FactoryParameters.cs(160,27): warning IDE0055: 淇鏍煎紡 (https://learn.microsoft.com/dotnet/fundamentals/code-analysis/style-rules/ide0055) [C:\UserWorx\VSWorx\ServoStudio\wpfui-servoStudio\samples\Wpf.Ui.servoStudio\servoStudio.csproj]
C:\UserWorx\VSWorx\ServoStudio\wpfui-servoStudio\samples\Wpf.Ui.servoStudio\Models\FactoryParameters.cs(160,29): warning IDE0055: 淇鏍煎紡 (https://learn.microsoft.com/dotnet/fundamentals/code-analysis/style-rules/ide0055) [C:\UserWorx\VSWorx\ServoStudio\wpfui-servoStudio\samples\Wpf.Ui.servoStudio\servoStudio.csproj]
C:\UserWorx\VSWorx\ServoStudio\wpfui-servoStudio\samples\Wpf.Ui.servoStudio\Models\FactoryParameters.cs(160,34): warning IDE0055: 淇鏍煎紡 (https://learn.microsoft.com/dotnet/fundamentals/code-analysis/style-rules/ide0055) [C:\UserWorx\VSWorx\ServoStudio\wpfui-servoStudio\samples\Wpf.Ui.servoStudio\servoStudio.csproj]
C:\UserWorx\VSWorx\ServoStudio\wpfui-servoStudio\samples\Wpf.Ui.servoStudio\Models\FactoryParameters.cs(166,29): warning IDE0055: 淇鏍煎紡 (https://learn.microsoft.com/dotnet/fundamentals/code-analysis/style-rules/ide0055) [C:\UserWorx\VSWorx\ServoStudio\wpfui-servoStudio\samples\Wpf.Ui.servoStudio\servoStudio.csproj]
C:\UserWorx\VSWorx\ServoStudio\wpfui-servoStudio\samples\Wpf.Ui.servoStudio\Models\FactoryParameters.cs(166,31): warning IDE0055: 淇鏍煎紡 (https://learn.microsoft.com/dotnet/fundamentals/code-analysis/style-rules/ide0055) [C:\UserWorx\VSWorx\ServoStudio\wpfui-servoStudio\samples\Wpf.Ui.servoStudio\servoStudio.csproj]
C:\UserWorx\VSWorx\ServoStudio\wpfui-servoStudio\samples\Wpf.Ui.servoStudio\Models\FactoryParameters.cs(166,41): warning IDE0055: 淇鏍煎紡 (https://learn.microsoft.com/dotnet/fundamentals/code-analysis/style-rules/ide0055) [C:\UserWorx\VSWorx\ServoStudio\wpfui-servoStudio\samples\Wpf.Ui.servoStudio\servoStudio.csproj]
C:\UserWorx\VSWorx\ServoStudio\wpfui-servoStudio\samples\Wpf.Ui.servoStudio\Models\FactoryParameters.cs(168,29): warning IDE0055: 淇鏍煎紡 (https://learn.microsoft.com/dotnet/fundamentals/code-analysis/style-rules/ide0055) [C:\UserWorx\VSWorx\ServoStudio\wpfui-servoStudio\samples\Wpf.Ui.servoStudio\servoStudio.csproj]
C:\UserWorx\VSWorx\ServoStudio\wpfui-servoStudio\samples\Wpf.Ui.servoStudio\Models\FactoryParameters.cs(168,31): warning IDE0055: 淇鏍煎紡 (https://learn.microsoft.com/dotnet/fundamentals/code-analysis/style-rules/ide0055) [C:\UserWorx\VSWorx\ServoStudio\wpfui-servoStudio\samples\Wpf.Ui.servoStudio\servoStudio.csproj]
C:\UserWorx\VSWorx\ServoStudio\wpfui-servoStudio\samples\Wpf.Ui.servoStudio\Models\FactoryParameters.cs(168,41): warning IDE0055: 淇鏍煎紡 (https://learn.microsoft.com/dotnet/fundamentals/code-analysis/style-rules/ide0055) [C:\UserWorx\VSWorx\ServoStudio\wpfui-servoStudio\samples\Wpf.Ui.servoStudio\servoStudio.csproj]
C:\UserWorx\VSWorx\ServoStudio\wpfui-servoStudio\samples\Wpf.Ui.servoStudio\Models\FrameFormat.cs(103,29): warning IDE0055: 淇鏍煎紡 (https://learn.microsoft.com/dotnet/fundamentals/code-analysis/style-rules/ide0055) [C:\UserWorx\VSWorx\ServoStudio\wpfui-servoStudio\samples\Wpf.Ui.servoStudio\servoStudio.csproj]
C:\UserWorx\VSWorx\ServoStudio\wpfui-servoStudio\samples\Wpf.Ui.servoStudio\Models\FrameFormat.cs(103,31): warning IDE0055: 淇鏍煎紡 (https://learn.microsoft.com/dotnet/fundamentals/code-analysis/style-rules/ide0055) [C:\UserWorx\VSWorx\ServoStudio\wpfui-servoStudio\samples\Wpf.Ui.servoStudio\servoStudio.csproj]
C:\UserWorx\VSWorx\ServoStudio\wpfui-servoStudio\samples\Wpf.Ui.servoStudio\Models\FrameFormat.cs(131,41): warning IDE0055: 淇鏍煎紡 (https://learn.microsoft.com/dotnet/fundamentals/code-analysis/style-rules/ide0055) [C:\UserWorx\VSWorx\ServoStudio\wpfui-servoStudio\samples\Wpf.Ui.servoStudio\servoStudio.csproj]
C:\UserWorx\VSWorx\ServoStudio\wpfui-servoStudio\samples\Wpf.Ui.servoStudio\Models\FrameFormat.cs(149,25): warning IDE0055: 淇鏍煎紡 (https://learn.microsoft.com/dotnet/fundamentals/code-analysis/style-rules/ide0055) [C:\UserWorx\VSWorx\ServoStudio\wpfui-servoStudio\samples\Wpf.Ui.servoStudio\servoStudio.csproj]
C:\UserWorx\VSWorx\ServoStudio\wpfui-servoStudio\samples\Wpf.Ui.servoStudio\Models\FrameFormat.cs(156,27): warning IDE0055: 淇鏍煎紡 (https://learn.microsoft.com/dotnet/fundamentals/code-analysis/style-rules/ide0055) [C:\UserWorx\VSWorx\ServoStudio\wpfui-servoStudio\samples\Wpf.Ui.servoStudio\servoStudio.csproj]
C:\UserWorx\VSWorx\ServoStudio\wpfui-servoStudio\samples\Wpf.Ui.servoStudio\Models\FrameFormat.cs(207,49): warning IDE0055: 淇鏍煎紡 (https://learn.microsoft.com/dotnet/fundamentals/code-analysis/style-rules/ide0055) [C:\UserWorx\VSWorx\ServoStudio\wpfui-servoStudio\samples\Wpf.Ui.servoStudio\servoStudio.csproj]
C:\UserWorx\VSWorx\ServoStudio\wpfui-servoStudio\samples\Wpf.Ui.servoStudio\Models\FrameFormat.cs(253,51): warning IDE0055: 淇鏍煎紡 (https://learn.microsoft.com/dotnet/fundamentals/code-analysis/style-rules/ide0055) [C:\UserWorx\VSWorx\ServoStudio\wpfui-servoStudio\samples\Wpf.Ui.servoStudio\servoStudio.csproj]
C:\UserWorx\VSWorx\ServoStudio\wpfui-servoStudio\samples\Wpf.Ui.servoStudio\Models\FrameFormat.cs(256,29): warning IDE0055: 淇鏍煎紡 (https://learn.microsoft.com/dotnet/fundamentals/code-analysis/style-rules/ide0055) [C:\UserWorx\VSWorx\ServoStudio\wpfui-servoStudio\samples\Wpf.Ui.servoStudio\servoStudio.csproj]
C:\UserWorx\VSWorx\ServoStudio\wpfui-servoStudio\samples\Wpf.Ui.servoStudio\Models\FrameFormat.cs(261,50): warning IDE0055: 淇鏍煎紡 (https://learn.microsoft.com/dotnet/fundamentals/code-analysis/style-rules/ide0055) [C:\UserWorx\VSWorx\ServoStudio\wpfui-servoStudio\samples\Wpf.Ui.servoStudio\servoStudio.csproj]
C:\UserWorx\VSWorx\ServoStudio\wpfui-servoStudio\samples\Wpf.Ui.servoStudio\Models\FrameFormat.cs(262,51): warning IDE0055: 淇鏍煎紡 (https://learn.microsoft.com/dotnet/fundamentals/code-analysis/style-rules/ide0055) [C:\UserWorx\VSWorx\ServoStudio\wpfui-servoStudio\samples\Wpf.Ui.servoStudio\servoStudio.csproj]
C:\UserWorx\VSWorx\ServoStudio\wpfui-servoStudio\samples\Wpf.Ui.servoStudio\Models\FrameFormat.cs(445,43): warning IDE0055: 淇鏍煎紡 (https://learn.microsoft.com/dotnet/fundamentals/code-analysis/style-rules/ide0055) [C:\UserWorx\VSWorx\ServoStudio\wpfui-servoStudio\samples\Wpf.Ui.servoStudio\servoStudio.csproj]
C:\UserWorx\VSWorx\ServoStudio\wpfui-servoStudio\samples\Wpf.Ui.servoStudio\Models\FrameFormat.cs(445,45): warning IDE0055: 淇鏍煎紡 (https://learn.microsoft.com/dotnet/fundamentals/code-analysis/style-rules/ide0055) [C:\UserWorx\VSWorx\ServoStudio\wpfui-servoStudio\samples\Wpf.Ui.servoStudio\servoStudio.csproj]
C:\UserWorx\VSWorx\ServoStudio\wpfui-servoStudio\samples\Wpf.Ui.servoStudio\Models\FrameFormat.cs(445,50): warning IDE0055: 淇鏍煎紡 (https://learn.microsoft.com/dotnet/fundamentals/code-analysis/style-rules/ide0055) [C:\UserWorx\VSWorx\ServoStudio\wpfui-servoStudio\samples\Wpf.Ui.servoStudio\servoStudio.csproj]
C:\UserWorx\VSWorx\ServoStudio\wpfui-servoStudio\samples\Wpf.Ui.servoStudio\Models\FrameFormat.cs(447,30): warning IDE0055: 淇鏍煎紡 (https://learn.microsoft.com/dotnet/fundamentals/code-analysis/style-rules/ide0055) [C:\UserWorx\VSWorx\ServoStudio\wpfui-servoStudio\samples\Wpf.Ui.servoStudio\servoStudio.csproj]
C:\UserWorx\VSWorx\ServoStudio\wpfui-servoStudio\samples\Wpf.Ui.servoStudio\Models\FrameFormat.cs(447,32): warning IDE0055: 淇鏍煎紡 (https://learn.microsoft.com/dotnet/fundamentals/code-analysis/style-rules/ide0055) [C:\UserWorx\VSWorx\ServoStudio\wpfui-servoStudio\samples\Wpf.Ui.servoStudio\servoStudio.csproj]
C:\UserWorx\VSWorx\ServoStudio\wpfui-servoStudio\samples\Wpf.Ui.servoStudio\Models\FrameFormat.cs(447,37): warning IDE0055: 淇鏍煎紡 (https://learn.microsoft.com/dotnet/fundamentals/code-analysis/style-rules/ide0055) [C:\UserWorx\VSWorx\ServoStudio\wpfui-servoStudio\samples\Wpf.Ui.servoStudio\servoStudio.csproj]
C:\UserWorx\VSWorx\ServoStudio\wpfui-servoStudio\samples\Wpf.Ui.servoStudio\Models\FrameFormat.cs(463,43): warning IDE0055: 淇鏍煎紡 (https://learn.microsoft.com/dotnet/fundamentals/code-analysis/style-rules/ide0055) [C:\UserWorx\VSWorx\ServoStudio\wpfui-servoStudio\samples\Wpf.Ui.servoStudio\servoStudio.csproj]
C:\UserWorx\VSWorx\ServoStudio\wpfui-servoStudio\samples\Wpf.Ui.servoStudio\Models\FrameFormat.cs(463,45): warning IDE0055: 淇鏍煎紡 (https://learn.microsoft.com/dotnet/fundamentals/code-analysis/style-rules/ide0055) [C:\UserWorx\VSWorx\ServoStudio\wpfui-servoStudio\samples\Wpf.Ui.servoStudio\servoStudio.csproj]
C:\UserWorx\VSWorx\ServoStudio\wpfui-servoStudio\samples\Wpf.Ui.servoStudio\Models\FrameFormat.cs(463,50): warning IDE0055: 淇鏍煎紡 (https://learn.microsoft.com/dotnet/fundamentals/code-analysis/style-rules/ide0055) [C:\UserWorx\VSWorx\ServoStudio\wpfui-servoStudio\samples\Wpf.Ui.servoStudio\servoStudio.csproj]
C:\UserWorx\VSWorx\ServoStudio\wpfui-servoStudio\samples\Wpf.Ui.servoStudio\Models\FrameFormat.cs(143,9): warning IDE2003: 鍧椾笌鍚庣画璇彞涔嬮棿闇€瑕佹湁绌虹櫧琛?(https://learn.microsoft.com/dotnet/fundamentals/code-analysis/style-rules/ide2003) [C:\UserWorx\VSWorx\ServoStudio\wpfui-servoStudio\samples\Wpf.Ui.servoStudio\servoStudio.csproj]
C:\UserWorx\VSWorx\ServoStudio\wpfui-servoStudio\samples\Wpf.Ui.servoStudio\Models\HardwareController.cs(41,27): warning IDE0055: 淇鏍煎紡 (https://learn.microsoft.com/dotnet/fundamentals/code-analysis/style-rules/ide0055) [C:\UserWorx\VSWorx\ServoStudio\wpfui-servoStudio\samples\Wpf.Ui.servoStudio\servoStudio.csproj]
C:\UserWorx\VSWorx\ServoStudio\wpfui-servoStudio\samples\Wpf.Ui.servoStudio\Models\HardwareController.cs(41,29): warning IDE0055: 淇鏍煎紡 (https://learn.microsoft.com/dotnet/fundamentals/code-analysis/style-rules/ide0055) [C:\UserWorx\VSWorx\ServoStudio\wpfui-servoStudio\samples\Wpf.Ui.servoStudio\servoStudio.csproj]
C:\UserWorx\VSWorx\ServoStudio\wpfui-servoStudio\samples\Wpf.Ui.servoStudio\Models\HardwareController.cs(41,39): warning IDE0055: 淇鏍煎紡 (https://learn.microsoft.com/dotnet/fundamentals/code-analysis/style-rules/ide0055) [C:\UserWorx\VSWorx\ServoStudio\wpfui-servoStudio\samples\Wpf.Ui.servoStudio\servoStudio.csproj]
C:\UserWorx\VSWorx\ServoStudio\wpfui-servoStudio\samples\Wpf.Ui.servoStudio\Models\HardwareController.cs(44,27): warning IDE0055: 淇鏍煎紡 (https://learn.microsoft.com/dotnet/fundamentals/code-analysis/style-rules/ide0055) [C:\UserWorx\VSWorx\ServoStudio\wpfui-servoStudio\samples\Wpf.Ui.servoStudio\servoStudio.csproj]
C:\UserWorx\VSWorx\ServoStudio\wpfui-servoStudio\samples\Wpf.Ui.servoStudio\Models\HardwareController.cs(44,29): warning IDE0055: 淇鏍煎紡 (https://learn.microsoft.com/dotnet/fundamentals/code-analysis/style-rules/ide0055) [C:\UserWorx\VSWorx\ServoStudio\wpfui-servoStudio\samples\Wpf.Ui.servoStudio\servoStudio.csproj]
C:\UserWorx\VSWorx\ServoStudio\wpfui-servoStudio\samples\Wpf.Ui.servoStudio\Models\HardwareController.cs(44,39): warning IDE0055: 淇鏍煎紡 (https://learn.microsoft.com/dotnet/fundamentals/code-analysis/style-rules/ide0055) [C:\UserWorx\VSWorx\ServoStudio\wpfui-servoStudio\samples\Wpf.Ui.servoStudio\servoStudio.csproj]
C:\UserWorx\VSWorx\ServoStudio\wpfui-servoStudio\samples\Wpf.Ui.servoStudio\Models\HardwareController.cs(47,28): warning IDE0055: 淇鏍煎紡 (https://learn.microsoft.com/dotnet/fundamentals/code-analysis/style-rules/ide0055) [C:\UserWorx\VSWorx\ServoStudio\wpfui-servoStudio\samples\Wpf.Ui.servoStudio\servoStudio.csproj]
C:\UserWorx\VSWorx\ServoStudio\wpfui-servoStudio\samples\Wpf.Ui.servoStudio\Models\HardwareController.cs(47,30): warning IDE0055: 淇鏍煎紡 (https://learn.microsoft.com/dotnet/fundamentals/code-analysis/style-rules/ide0055) [C:\UserWorx\VSWorx\ServoStudio\wpfui-servoStudio\samples\Wpf.Ui.servoStudio\servoStudio.csproj]
C:\UserWorx\VSWorx\ServoStudio\wpfui-servoStudio\samples\Wpf.Ui.servoStudio\Models\HardwareController.cs(47,40): warning IDE0055: 淇鏍煎紡 (https://learn.microsoft.com/dotnet/fundamentals/code-analysis/style-rules/ide0055) [C:\UserWorx\VSWorx\ServoStudio\wpfui-servoStudio\samples\Wpf.Ui.servoStudio\servoStudio.csproj]
C:\UserWorx\VSWorx\ServoStudio\wpfui-servoStudio\samples\Wpf.Ui.servoStudio\Models\HardwareController.cs(89,12): warning IDE0055: 淇鏍煎紡 (https://learn.microsoft.com/dotnet/fundamentals/code-analysis/style-rules/ide0055) [C:\UserWorx\VSWorx\ServoStudio\wpfui-servoStudio\samples\Wpf.Ui.servoStudio\servoStudio.csproj]
C:\UserWorx\VSWorx\ServoStudio\wpfui-servoStudio\samples\Wpf.Ui.servoStudio\Models\HardwareController.cs(89,14): warning IDE0055: 淇鏍煎紡 (https://learn.microsoft.com/dotnet/fundamentals/code-analysis/style-rules/ide0055) [C:\UserWorx\VSWorx\ServoStudio\wpfui-servoStudio\samples\Wpf.Ui.servoStudio\servoStudio.csproj]
C:\UserWorx\VSWorx\ServoStudio\wpfui-servoStudio\samples\Wpf.Ui.servoStudio\Models\HardwareController.cs(89,38): warning IDE0055: 淇鏍煎紡 (https://learn.microsoft.com/dotnet/fundamentals/code-analysis/style-rules/ide0055) [C:\UserWorx\VSWorx\ServoStudio\wpfui-servoStudio\samples\Wpf.Ui.servoStudio\servoStudio.csproj]
C:\UserWorx\VSWorx\ServoStudio\wpfui-servoStudio\samples\Wpf.Ui.servoStudio\Models\HardwareController.cs(89,59): warning IDE0055: 淇鏍煎紡 (https://learn.microsoft.com/dotnet/fundamentals/code-analysis/style-rules/ide0055) [C:\UserWorx\VSWorx\ServoStudio\wpfui-servoStudio\samples\Wpf.Ui.servoStudio\servoStudio.csproj]
C:\UserWorx\VSWorx\ServoStudio\wpfui-servoStudio\samples\Wpf.Ui.servoStudio\Models\HardwareController.cs(97,12): warning IDE0055: 淇鏍煎紡 (https://learn.microsoft.com/dotnet/fundamentals/code-analysis/style-rules/ide0055) [C:\UserWorx\VSWorx\ServoStudio\wpfui-servoStudio\samples\Wpf.Ui.servoStudio\servoStudio.csproj]
C:\UserWorx\VSWorx\ServoStudio\wpfui-servoStudio\samples\Wpf.Ui.servoStudio\Models\HardwareController.cs(97,14): warning IDE0055: 淇鏍煎紡 (https://learn.microsoft.com/dotnet/fundamentals/code-analysis/style-rules/ide0055) [C:\UserWorx\VSWorx\ServoStudio\wpfui-servoStudio\samples\Wpf.Ui.servoStudio\servoStudio.csproj]
C:\UserWorx\VSWorx\ServoStudio\wpfui-servoStudio\samples\Wpf.Ui.servoStudio\Models\HardwareController.cs(97,35): warning IDE0055: 淇鏍煎紡 (https://learn.microsoft.com/dotnet/fundamentals/code-analysis/style-rules/ide0055) [C:\UserWorx\VSWorx\ServoStudio\wpfui-servoStudio\samples\Wpf.Ui.servoStudio\servoStudio.csproj]
C:\UserWorx\VSWorx\ServoStudio\wpfui-servoStudio\samples\Wpf.Ui.servoStudio\Models\HardwareController.cs(97,56): warning IDE0055: 淇鏍煎紡 (https://learn.microsoft.com/dotnet/fundamentals/code-analysis/style-rules/ide0055) [C:\UserWorx\VSWorx\ServoStudio\wpfui-servoStudio\samples\Wpf.Ui.servoStudio\servoStudio.csproj]
C:\UserWorx\VSWorx\ServoStudio\wpfui-servoStudio\samples\Wpf.Ui.servoStudio\Models\HexConvert.cs(18,26): warning IDE0055: 淇鏍煎紡 (https://learn.microsoft.com/dotnet/fundamentals/code-analysis/style-rules/ide0055) [C:\UserWorx\VSWorx\ServoStudio\wpfui-servoStudio\samples\Wpf.Ui.servoStudio\servoStudio.csproj]
C:\UserWorx\VSWorx\ServoStudio\wpfui-servoStudio\samples\Wpf.Ui.servoStudio\Models\HexConvert.cs(19,26): warning IDE0055: 淇鏍煎紡 (https://learn.microsoft.com/dotnet/fundamentals/code-analysis/style-rules/ide0055) [C:\UserWorx\VSWorx\ServoStudio\wpfui-servoStudio\samples\Wpf.Ui.servoStudio\servoStudio.csproj]
C:\UserWorx\VSWorx\ServoStudio\wpfui-servoStudio\samples\Wpf.Ui.servoStudio\Models\HexConvert.cs(19,46): warning IDE0055: 淇鏍煎紡 (https://learn.microsoft.com/dotnet/fundamentals/code-analysis/style-rules/ide0055) [C:\UserWorx\VSWorx\ServoStudio\wpfui-servoStudio\samples\Wpf.Ui.servoStudio\servoStudio.csproj]
C:\UserWorx\VSWorx\ServoStudio\wpfui-servoStudio\samples\Wpf.Ui.servoStudio\Models\HexConvert.cs(20,26): warning IDE0055: 淇鏍煎紡 (https://learn.microsoft.com/dotnet/fundamentals/code-analysis/style-rules/ide0055) [C:\UserWorx\VSWorx\ServoStudio\wpfui-servoStudio\samples\Wpf.Ui.servoStudio\servoStudio.csproj]
C:\UserWorx\VSWorx\ServoStudio\wpfui-servoStudio\samples\Wpf.Ui.servoStudio\Models\HexConvert.cs(20,46): warning IDE0055: 淇鏍煎紡 (https://learn.microsoft.com/dotnet/fundamentals/code-analysis/style-rules/ide0055) [C:\UserWorx\VSWorx\ServoStudio\wpfui-servoStudio\samples\Wpf.Ui.servoStudio\servoStudio.csproj]
C:\UserWorx\VSWorx\ServoStudio\wpfui-servoStudio\samples\Wpf.Ui.servoStudio\Models\HexConvert.cs(21,26): warning IDE0055: 淇鏍煎紡 (https://learn.microsoft.com/dotnet/fundamentals/code-analysis/style-rules/ide0055) [C:\UserWorx\VSWorx\ServoStudio\wpfui-servoStudio\samples\Wpf.Ui.servoStudio\servoStudio.csproj]
C:\UserWorx\VSWorx\ServoStudio\wpfui-servoStudio\samples\Wpf.Ui.servoStudio\Models\HexConvert.cs(21,46): warning IDE0055: 淇鏍煎紡 (https://learn.microsoft.com/dotnet/fundamentals/code-analysis/style-rules/ide0055) [C:\UserWorx\VSWorx\ServoStudio\wpfui-servoStudio\samples\Wpf.Ui.servoStudio\servoStudio.csproj]
C:\UserWorx\VSWorx\ServoStudio\wpfui-servoStudio\samples\Wpf.Ui.servoStudio\Models\HexConvert.cs(22,26): warning IDE0055: 淇鏍煎紡 (https://learn.microsoft.com/dotnet/fundamentals/code-analysis/style-rules/ide0055) [C:\UserWorx\VSWorx\ServoStudio\wpfui-servoStudio\samples\Wpf.Ui.servoStudio\servoStudio.csproj]
C:\UserWorx\VSWorx\ServoStudio\wpfui-servoStudio\samples\Wpf.Ui.servoStudio\Models\HexConvert.cs(22,46): warning IDE0055: 淇鏍煎紡 (https://learn.microsoft.com/dotnet/fundamentals/code-analysis/style-rules/ide0055) [C:\UserWorx\VSWorx\ServoStudio\wpfui-servoStudio\samples\Wpf.Ui.servoStudio\servoStudio.csproj]
C:\UserWorx\VSWorx\ServoStudio\wpfui-servoStudio\samples\Wpf.Ui.servoStudio\Models\HexConvert.cs(23,26): warning IDE0055: 淇鏍煎紡 (https://learn.microsoft.com/dotnet/fundamentals/code-analysis/style-rules/ide0055) [C:\UserWorx\VSWorx\ServoStudio\wpfui-servoStudio\samples\Wpf.Ui.servoStudio\servoStudio.csproj]
C:\UserWorx\VSWorx\ServoStudio\wpfui-servoStudio\samples\Wpf.Ui.servoStudio\Models\HexConvert.cs(23,46): warning IDE0055: 淇鏍煎紡 (https://learn.microsoft.com/dotnet/fundamentals/code-analysis/style-rules/ide0055) [C:\UserWorx\VSWorx\ServoStudio\wpfui-servoStudio\samples\Wpf.Ui.servoStudio\servoStudio.csproj]
C:\UserWorx\VSWorx\ServoStudio\wpfui-servoStudio\samples\Wpf.Ui.servoStudio\Models\HexConvert.cs(24,26): warning IDE0055: 淇鏍煎紡 (https://learn.microsoft.com/dotnet/fundamentals/code-analysis/style-rules/ide0055) [C:\UserWorx\VSWorx\ServoStudio\wpfui-servoStudio\samples\Wpf.Ui.servoStudio\servoStudio.csproj]
C:\UserWorx\VSWorx\ServoStudio\wpfui-servoStudio\samples\Wpf.Ui.servoStudio\Models\HexConvert.cs(24,46): warning IDE0055: 淇鏍煎紡 (https://learn.microsoft.com/dotnet/fundamentals/code-analysis/style-rules/ide0055) [C:\UserWorx\VSWorx\ServoStudio\wpfui-servoStudio\samples\Wpf.Ui.servoStudio\servoStudio.csproj]
C:\UserWorx\VSWorx\ServoStudio\wpfui-servoStudio\samples\Wpf.Ui.servoStudio\Models\HexConvert.cs(25,26): warning IDE0055: 淇鏍煎紡 (https://learn.microsoft.com/dotnet/fundamentals/code-analysis/style-rules/ide0055) [C:\UserWorx\VSWorx\ServoStudio\wpfui-servoStudio\samples\Wpf.Ui.servoStudio\servoStudio.csproj]
C:\UserWorx\VSWorx\ServoStudio\wpfui-servoStudio\samples\Wpf.Ui.servoStudio\Models\HexConvert.cs(25,46): warning IDE0055: 淇鏍煎紡 (https://learn.microsoft.com/dotnet/fundamentals/code-analysis/style-rules/ide0055) [C:\UserWorx\VSWorx\ServoStudio\wpfui-servoStudio\samples\Wpf.Ui.servoStudio\servoStudio.csproj]
C:\UserWorx\VSWorx\ServoStudio\wpfui-servoStudio\samples\Wpf.Ui.servoStudio\Models\HexConvert.cs(26,26): warning IDE0055: 淇鏍煎紡 (https://learn.microsoft.com/dotnet/fundamentals/code-analysis/style-rules/ide0055) [C:\UserWorx\VSWorx\ServoStudio\wpfui-servoStudio\samples\Wpf.Ui.servoStudio\servoStudio.csproj]
C:\UserWorx\VSWorx\ServoStudio\wpfui-servoStudio\samples\Wpf.Ui.servoStudio\Models\HexConvert.cs(26,46): warning IDE0055: 淇鏍煎紡 (https://learn.microsoft.com/dotnet/fundamentals/code-analysis/style-rules/ide0055) [C:\UserWorx\VSWorx\ServoStudio\wpfui-servoStudio\samples\Wpf.Ui.servoStudio\servoStudio.csproj]
C:\UserWorx\VSWorx\ServoStudio\wpfui-servoStudio\samples\Wpf.Ui.servoStudio\Models\HexConvert.cs(27,26): warning IDE0055: 淇鏍煎紡 (https://learn.microsoft.com/dotnet/fundamentals/code-analysis/style-rules/ide0055) [C:\UserWorx\VSWorx\ServoStudio\wpfui-servoStudio\samples\Wpf.Ui.servoStudio\servoStudio.csproj]
C:\UserWorx\VSWorx\ServoStudio\wpfui-servoStudio\samples\Wpf.Ui.servoStudio\Models\HexConvert.cs(27,46): warning IDE0055: 淇鏍煎紡 (https://learn.microsoft.com/dotnet/fundamentals/code-analysis/style-rules/ide0055) [C:\UserWorx\VSWorx\ServoStudio\wpfui-servoStudio\samples\Wpf.Ui.servoStudio\servoStudio.csproj]
C:\UserWorx\VSWorx\ServoStudio\wpfui-servoStudio\samples\Wpf.Ui.servoStudio\Models\HexConvert.cs(28,26): warning IDE0055: 淇鏍煎紡 (https://learn.microsoft.com/dotnet/fundamentals/code-analysis/style-rules/ide0055) [C:\UserWorx\VSWorx\ServoStudio\wpfui-servoStudio\samples\Wpf.Ui.servoStudio\servoStudio.csproj]
C:\UserWorx\VSWorx\ServoStudio\wpfui-servoStudio\samples\Wpf.Ui.servoStudio\Models\HexConvert.cs(28,47): warning IDE0055: 淇鏍煎紡 (https://learn.microsoft.com/dotnet/fundamentals/code-analysis/style-rules/ide0055) [C:\UserWorx\VSWorx\ServoStudio\wpfui-servoStudio\samples\Wpf.Ui.servoStudio\servoStudio.csproj]
C:\UserWorx\VSWorx\ServoStudio\wpfui-servoStudio\samples\Wpf.Ui.servoStudio\Models\HexConvert.cs(29,26): warning IDE0055: 淇鏍煎紡 (https://learn.microsoft.com/dotnet/fundamentals/code-analysis/style-rules/ide0055) [C:\UserWorx\VSWorx\ServoStudio\wpfui-servoStudio\samples\Wpf.Ui.servoStudio\servoStudio.csproj]
C:\UserWorx\VSWorx\ServoStudio\wpfui-servoStudio\samples\Wpf.Ui.servoStudio\Models\HexConvert.cs(29,47): warning IDE0055: 淇鏍煎紡 (https://learn.microsoft.com/dotnet/fundamentals/code-analysis/style-rules/ide0055) [C:\UserWorx\VSWorx\ServoStudio\wpfui-servoStudio\samples\Wpf.Ui.servoStudio\servoStudio.csproj]
C:\UserWorx\VSWorx\ServoStudio\wpfui-servoStudio\samples\Wpf.Ui.servoStudio\Models\HexConvert.cs(30,26): warning IDE0055: 淇鏍煎紡 (https://learn.microsoft.com/dotnet/fundamentals/code-analysis/style-rules/ide0055) [C:\UserWorx\VSWorx\ServoStudio\wpfui-servoStudio\samples\Wpf.Ui.servoStudio\servoStudio.csproj]
C:\UserWorx\VSWorx\ServoStudio\wpfui-servoStudio\samples\Wpf.Ui.servoStudio\Models\HexConvert.cs(30,47): warning IDE0055: 淇鏍煎紡 (https://learn.microsoft.com/dotnet/fundamentals/code-analysis/style-rules/ide0055) [C:\UserWorx\VSWorx\ServoStudio\wpfui-servoStudio\samples\Wpf.Ui.servoStudio\servoStudio.csproj]
C:\UserWorx\VSWorx\ServoStudio\wpfui-servoStudio\samples\Wpf.Ui.servoStudio\Models\HexConvert.cs(31,26): warning IDE0055: 淇鏍煎紡 (https://learn.microsoft.com/dotnet/fundamentals/code-analysis/style-rules/ide0055) [C:\UserWorx\VSWorx\ServoStudio\wpfui-servoStudio\samples\Wpf.Ui.servoStudio\servoStudio.csproj]
C:\UserWorx\VSWorx\ServoStudio\wpfui-servoStudio\samples\Wpf.Ui.servoStudio\Models\HexConvert.cs(31,47): warning IDE0055: 淇鏍煎紡 (https://learn.microsoft.com/dotnet/fundamentals/code-analysis/style-rules/ide0055) [C:\UserWorx\VSWorx\ServoStudio\wpfui-servoStudio\samples\Wpf.Ui.servoStudio\servoStudio.csproj]
C:\UserWorx\VSWorx\ServoStudio\wpfui-servoStudio\samples\Wpf.Ui.servoStudio\Models\HexConvert.cs(32,26): warning IDE0055: 淇鏍煎紡 (https://learn.microsoft.com/dotnet/fundamentals/code-analysis/style-rules/ide0055) [C:\UserWorx\VSWorx\ServoStudio\wpfui-servoStudio\samples\Wpf.Ui.servoStudio\servoStudio.csproj]
C:\UserWorx\VSWorx\ServoStudio\wpfui-servoStudio\samples\Wpf.Ui.servoStudio\Models\HexConvert.cs(32,47): warning IDE0055: 淇鏍煎紡 (https://learn.microsoft.com/dotnet/fundamentals/code-analysis/style-rules/ide0055) [C:\UserWorx\VSWorx\ServoStudio\wpfui-servoStudio\samples\Wpf.Ui.servoStudio\servoStudio.csproj]
C:\UserWorx\VSWorx\ServoStudio\wpfui-servoStudio\samples\Wpf.Ui.servoStudio\Models\HexConvert.cs(33,26): warning IDE0055: 淇鏍煎紡 (https://learn.microsoft.com/dotnet/fundamentals/code-analysis/style-rules/ide0055) [C:\UserWorx\VSWorx\ServoStudio\wpfui-servoStudio\samples\Wpf.Ui.servoStudio\servoStudio.csproj]
C:\UserWorx\VSWorx\ServoStudio\wpfui-servoStudio\samples\Wpf.Ui.servoStudio\Models\HexConvert.cs(33,47): warning IDE0055: 淇鏍煎紡 (https://learn.microsoft.com/dotnet/fundamentals/code-analysis/style-rules/ide0055) [C:\UserWorx\VSWorx\ServoStudio\wpfui-servoStudio\samples\Wpf.Ui.servoStudio\servoStudio.csproj]
C:\UserWorx\VSWorx\ServoStudio\wpfui-servoStudio\samples\Wpf.Ui.servoStudio\Models\HexConvert.cs(49,26): warning IDE0055: 淇鏍煎紡 (https://learn.microsoft.com/dotnet/fundamentals/code-analysis/style-rules/ide0055) [C:\UserWorx\VSWorx\ServoStudio\wpfui-servoStudio\samples\Wpf.Ui.servoStudio\servoStudio.csproj]
C:\UserWorx\VSWorx\ServoStudio\wpfui-servoStudio\samples\Wpf.Ui.servoStudio\Models\HexConvert.cs(50,26): warning IDE0055: 淇鏍煎紡 (https://learn.microsoft.com/dotnet/fundamentals/code-analysis/style-rules/ide0055) [C:\UserWorx\VSWorx\ServoStudio\wpfui-servoStudio\samples\Wpf.Ui.servoStudio\servoStudio.csproj]
C:\UserWorx\VSWorx\ServoStudio\wpfui-servoStudio\samples\Wpf.Ui.servoStudio\Models\HexConvert.cs(50,46): warning IDE0055: 淇鏍煎紡 (https://learn.microsoft.com/dotnet/fundamentals/code-analysis/style-rules/ide0055) [C:\UserWorx\VSWorx\ServoStudio\wpfui-servoStudio\samples\Wpf.Ui.servoStudio\servoStudio.csproj]
C:\UserWorx\VSWorx\ServoStudio\wpfui-servoStudio\samples\Wpf.Ui.servoStudio\Models\HexConvert.cs(51,26): warning IDE0055: 淇鏍煎紡 (https://learn.microsoft.com/dotnet/fundamentals/code-analysis/style-rules/ide0055) [C:\UserWorx\VSWorx\ServoStudio\wpfui-servoStudio\samples\Wpf.Ui.servoStudio\servoStudio.csproj]
C:\UserWorx\VSWorx\ServoStudio\wpfui-servoStudio\samples\Wpf.Ui.servoStudio\Models\HexConvert.cs(51,46): warning IDE0055: 淇鏍煎紡 (https://learn.microsoft.com/dotnet/fundamentals/code-analysis/style-rules/ide0055) [C:\UserWorx\VSWorx\ServoStudio\wpfui-servoStudio\samples\Wpf.Ui.servoStudio\servoStudio.csproj]
C:\UserWorx\VSWorx\ServoStudio\wpfui-servoStudio\samples\Wpf.Ui.servoStudio\Models\HexConvert.cs(52,26): warning IDE0055: 淇鏍煎紡 (https://learn.microsoft.com/dotnet/fundamentals/code-analysis/style-rules/ide0055) [C:\UserWorx\VSWorx\ServoStudio\wpfui-servoStudio\samples\Wpf.Ui.servoStudio\servoStudio.csproj]
C:\UserWorx\VSWorx\ServoStudio\wpfui-servoStudio\samples\Wpf.Ui.servoStudio\Models\HexConvert.cs(52,46): warning IDE0055: 淇鏍煎紡 (https://learn.microsoft.com/dotnet/fundamentals/code-analysis/style-rules/ide0055) [C:\UserWorx\VSWorx\ServoStudio\wpfui-servoStudio\samples\Wpf.Ui.servoStudio\servoStudio.csproj]
C:\UserWorx\VSWorx\ServoStudio\wpfui-servoStudio\samples\Wpf.Ui.servoStudio\Models\HexConvert.cs(53,26): warning IDE0055: 淇鏍煎紡 (https://learn.microsoft.com/dotnet/fundamentals/code-analysis/style-rules/ide0055) [C:\UserWorx\VSWorx\ServoStudio\wpfui-servoStudio\samples\Wpf.Ui.servoStudio\servoStudio.csproj]
C:\UserWorx\VSWorx\ServoStudio\wpfui-servoStudio\samples\Wpf.Ui.servoStudio\Models\HexConvert.cs(53,46): warning IDE0055: 淇鏍煎紡 (https://learn.microsoft.com/dotnet/fundamentals/code-analysis/style-rules/ide0055) [C:\UserWorx\VSWorx\ServoStudio\wpfui-servoStudio\samples\Wpf.Ui.servoStudio\servoStudio.csproj]
C:\UserWorx\VSWorx\ServoStudio\wpfui-servoStudio\samples\Wpf.Ui.servoStudio\Models\HexConvert.cs(54,26): warning IDE0055: 淇鏍煎紡 (https://learn.microsoft.com/dotnet/fundamentals/code-analysis/style-rules/ide0055) [C:\UserWorx\VSWorx\ServoStudio\wpfui-servoStudio\samples\Wpf.Ui.servoStudio\servoStudio.csproj]
C:\UserWorx\VSWorx\ServoStudio\wpfui-servoStudio\samples\Wpf.Ui.servoStudio\Models\HexConvert.cs(54,46): warning IDE0055: 淇鏍煎紡 (https://learn.microsoft.com/dotnet/fundamentals/code-analysis/style-rules/ide0055) [C:\UserWorx\VSWorx\ServoStudio\wpfui-servoStudio\samples\Wpf.Ui.servoStudio\servoStudio.csproj]
C:\UserWorx\VSWorx\ServoStudio\wpfui-servoStudio\samples\Wpf.Ui.servoStudio\Models\HexConvert.cs(55,26): warning IDE0055: 淇鏍煎紡 (https://learn.microsoft.com/dotnet/fundamentals/code-analysis/style-rules/ide0055) [C:\UserWorx\VSWorx\ServoStudio\wpfui-servoStudio\samples\Wpf.Ui.servoStudio\servoStudio.csproj]
C:\UserWorx\VSWorx\ServoStudio\wpfui-servoStudio\samples\Wpf.Ui.servoStudio\Models\HexConvert.cs(55,46): warning IDE0055: 淇鏍煎紡 (https://learn.microsoft.com/dotnet/fundamentals/code-analysis/style-rules/ide0055) [C:\UserWorx\VSWorx\ServoStudio\wpfui-servoStudio\samples\Wpf.Ui.servoStudio\servoStudio.csproj]
C:\UserWorx\VSWorx\ServoStudio\wpfui-servoStudio\samples\Wpf.Ui.servoStudio\Models\HexConvert.cs(56,26): warning IDE0055: 淇鏍煎紡 (https://learn.microsoft.com/dotnet/fundamentals/code-analysis/style-rules/ide0055) [C:\UserWorx\VSWorx\ServoStudio\wpfui-servoStudio\samples\Wpf.Ui.servoStudio\servoStudio.csproj]
C:\UserWorx\VSWorx\ServoStudio\wpfui-servoStudio\samples\Wpf.Ui.servoStudio\Models\HexConvert.cs(56,46): warning IDE0055: 淇鏍煎紡 (https://learn.microsoft.com/dotnet/fundamentals/code-analysis/style-rules/ide0055) [C:\UserWorx\VSWorx\ServoStudio\wpfui-servoStudio\samples\Wpf.Ui.servoStudio\servoStudio.csproj]
C:\UserWorx\VSWorx\ServoStudio\wpfui-servoStudio\samples\Wpf.Ui.servoStudio\Models\HexConvert.cs(57,26): warning IDE0055: 淇鏍煎紡 (https://learn.microsoft.com/dotnet/fundamentals/code-analysis/style-rules/ide0055) [C:\UserWorx\VSWorx\ServoStudio\wpfui-servoStudio\samples\Wpf.Ui.servoStudio\servoStudio.csproj]
C:\UserWorx\VSWorx\ServoStudio\wpfui-servoStudio\samples\Wpf.Ui.servoStudio\Models\HexConvert.cs(57,46): warning IDE0055: 淇鏍煎紡 (https://learn.microsoft.com/dotnet/fundamentals/code-analysis/style-rules/ide0055) [C:\UserWorx\VSWorx\ServoStudio\wpfui-servoStudio\samples\Wpf.Ui.servoStudio\servoStudio.csproj]
C:\UserWorx\VSWorx\ServoStudio\wpfui-servoStudio\samples\Wpf.Ui.servoStudio\Models\HexConvert.cs(58,26): warning IDE0055: 淇鏍煎紡 (https://learn.microsoft.com/dotnet/fundamentals/code-analysis/style-rules/ide0055) [C:\UserWorx\VSWorx\ServoStudio\wpfui-servoStudio\samples\Wpf.Ui.servoStudio\servoStudio.csproj]
C:\UserWorx\VSWorx\ServoStudio\wpfui-servoStudio\samples\Wpf.Ui.servoStudio\Models\HexConvert.cs(58,46): warning IDE0055: 淇鏍煎紡 (https://learn.microsoft.com/dotnet/fundamentals/code-analysis/style-rules/ide0055) [C:\UserWorx\VSWorx\ServoStudio\wpfui-servoStudio\samples\Wpf.Ui.servoStudio\servoStudio.csproj]
C:\UserWorx\VSWorx\ServoStudio\wpfui-servoStudio\samples\Wpf.Ui.servoStudio\Models\HexConvert.cs(59,26): warning IDE0055: 淇鏍煎紡 (https://learn.microsoft.com/dotnet/fundamentals/code-analysis/style-rules/ide0055) [C:\UserWorx\VSWorx\ServoStudio\wpfui-servoStudio\samples\Wpf.Ui.servoStudio\servoStudio.csproj]
C:\UserWorx\VSWorx\ServoStudio\wpfui-servoStudio\samples\Wpf.Ui.servoStudio\Models\HexConvert.cs(59,47): warning IDE0055: 淇鏍煎紡 (https://learn.microsoft.com/dotnet/fundamentals/code-analysis/style-rules/ide0055) [C:\UserWorx\VSWorx\ServoStudio\wpfui-servoStudio\samples\Wpf.Ui.servoStudio\servoStudio.csproj]
C:\UserWorx\VSWorx\ServoStudio\wpfui-servoStudio\samples\Wpf.Ui.servoStudio\Models\HexConvert.cs(60,26): warning IDE0055: 淇鏍煎紡 (https://learn.microsoft.com/dotnet/fundamentals/code-analysis/style-rules/ide0055) [C:\UserWorx\VSWorx\ServoStudio\wpfui-servoStudio\samples\Wpf.Ui.servoStudio\servoStudio.csproj]
C:\UserWorx\VSWorx\ServoStudio\wpfui-servoStudio\samples\Wpf.Ui.servoStudio\Models\HexConvert.cs(60,47): warning IDE0055: 淇鏍煎紡 (https://learn.microsoft.com/dotnet/fundamentals/code-analysis/style-rules/ide0055) [C:\UserWorx\VSWorx\ServoStudio\wpfui-servoStudio\samples\Wpf.Ui.servoStudio\servoStudio.csproj]
C:\UserWorx\VSWorx\ServoStudio\wpfui-servoStudio\samples\Wpf.Ui.servoStudio\Models\HexConvert.cs(61,26): warning IDE0055: 淇鏍煎紡 (https://learn.microsoft.com/dotnet/fundamentals/code-analysis/style-rules/ide0055) [C:\UserWorx\VSWorx\ServoStudio\wpfui-servoStudio\samples\Wpf.Ui.servoStudio\servoStudio.csproj]
C:\UserWorx\VSWorx\ServoStudio\wpfui-servoStudio\samples\Wpf.Ui.servoStudio\Models\HexConvert.cs(61,47): warning IDE0055: 淇鏍煎紡 (https://learn.microsoft.com/dotnet/fundamentals/code-analysis/style-rules/ide0055) [C:\UserWorx\VSWorx\ServoStudio\wpfui-servoStudio\samples\Wpf.Ui.servoStudio\servoStudio.csproj]
C:\UserWorx\VSWorx\ServoStudio\wpfui-servoStudio\samples\Wpf.Ui.servoStudio\Models\HexConvert.cs(62,26): warning IDE0055: 淇鏍煎紡 (https://learn.microsoft.com/dotnet/fundamentals/code-analysis/style-rules/ide0055) [C:\UserWorx\VSWorx\ServoStudio\wpfui-servoStudio\samples\Wpf.Ui.servoStudio\servoStudio.csproj]
C:\UserWorx\VSWorx\ServoStudio\wpfui-servoStudio\samples\Wpf.Ui.servoStudio\Models\HexConvert.cs(62,47): warning IDE0055: 淇鏍煎紡 (https://learn.microsoft.com/dotnet/fundamentals/code-analysis/style-rules/ide0055) [C:\UserWorx\VSWorx\ServoStudio\wpfui-servoStudio\samples\Wpf.Ui.servoStudio\servoStudio.csproj]
C:\UserWorx\VSWorx\ServoStudio\wpfui-servoStudio\samples\Wpf.Ui.servoStudio\Models\HexConvert.cs(63,26): warning IDE0055: 淇鏍煎紡 (https://learn.microsoft.com/dotnet/fundamentals/code-analysis/style-rules/ide0055) [C:\UserWorx\VSWorx\ServoStudio\wpfui-servoStudio\samples\Wpf.Ui.servoStudio\servoStudio.csproj]
C:\UserWorx\VSWorx\ServoStudio\wpfui-servoStudio\samples\Wpf.Ui.servoStudio\Models\HexConvert.cs(63,47): warning IDE0055: 淇鏍煎紡 (https://learn.microsoft.com/dotnet/fundamentals/code-analysis/style-rules/ide0055) [C:\UserWorx\VSWorx\ServoStudio\wpfui-servoStudio\samples\Wpf.Ui.servoStudio\servoStudio.csproj]
C:\UserWorx\VSWorx\ServoStudio\wpfui-servoStudio\samples\Wpf.Ui.servoStudio\Models\HexConvert.cs(64,26): warning IDE0055: 淇鏍煎紡 (https://learn.microsoft.com/dotnet/fundamentals/code-analysis/style-rules/ide0055) [C:\UserWorx\VSWorx\ServoStudio\wpfui-servoStudio\samples\Wpf.Ui.servoStudio\servoStudio.csproj]
C:\UserWorx\VSWorx\ServoStudio\wpfui-servoStudio\samples\Wpf.Ui.servoStudio\Models\HexConvert.cs(64,47): warning IDE0055: 淇鏍煎紡 (https://learn.microsoft.com/dotnet/fundamentals/code-analysis/style-rules/ide0055) [C:\UserWorx\VSWorx\ServoStudio\wpfui-servoStudio\samples\Wpf.Ui.servoStudio\servoStudio.csproj]
C:\UserWorx\VSWorx\ServoStudio\wpfui-servoStudio\samples\Wpf.Ui.servoStudio\Models\HexConvert.cs(82,26): warning IDE0055: 淇鏍煎紡 (https://learn.microsoft.com/dotnet/fundamentals/code-analysis/style-rules/ide0055) [C:\UserWorx\VSWorx\ServoStudio\wpfui-servoStudio\samples\Wpf.Ui.servoStudio\servoStudio.csproj]
C:\UserWorx\VSWorx\ServoStudio\wpfui-servoStudio\samples\Wpf.Ui.servoStudio\Models\HexConvert.cs(83,26): warning IDE0055: 淇鏍煎紡 (https://learn.microsoft.com/dotnet/fundamentals/code-analysis/style-rules/ide0055) [C:\UserWorx\VSWorx\ServoStudio\wpfui-servoStudio\samples\Wpf.Ui.servoStudio\servoStudio.csproj]
C:\UserWorx\VSWorx\ServoStudio\wpfui-servoStudio\samples\Wpf.Ui.servoStudio\Models\HexConvert.cs(83,46): warning IDE0055: 淇鏍煎紡 (https://learn.microsoft.com/dotnet/fundamentals/code-analysis/style-rules/ide0055) [C:\UserWorx\VSWorx\ServoStudio\wpfui-servoStudio\samples\Wpf.Ui.servoStudio\servoStudio.csproj]
C:\UserWorx\VSWorx\ServoStudio\wpfui-servoStudio\samples\Wpf.Ui.servoStudio\Models\HexConvert.cs(84,26): warning IDE0055: 淇鏍煎紡 (https://learn.microsoft.com/dotnet/fundamentals/code-analysis/style-rules/ide0055) [C:\UserWorx\VSWorx\ServoStudio\wpfui-servoStudio\samples\Wpf.Ui.servoStudio\servoStudio.csproj]
C:\UserWorx\VSWorx\ServoStudio\wpfui-servoStudio\samples\Wpf.Ui.servoStudio\Models\HexConvert.cs(84,46): warning IDE0055: 淇鏍煎紡 (https://learn.microsoft.com/dotnet/fundamentals/code-analysis/style-rules/ide0055) [C:\UserWorx\VSWorx\ServoStudio\wpfui-servoStudio\samples\Wpf.Ui.servoStudio\servoStudio.csproj]
C:\UserWorx\VSWorx\ServoStudio\wpfui-servoStudio\samples\Wpf.Ui.servoStudio\Models\HexConvert.cs(85,26): warning IDE0055: 淇鏍煎紡 (https://learn.microsoft.com/dotnet/fundamentals/code-analysis/style-rules/ide0055) [C:\UserWorx\VSWorx\ServoStudio\wpfui-servoStudio\samples\Wpf.Ui.servoStudio\servoStudio.csproj]
C:\UserWorx\VSWorx\ServoStudio\wpfui-servoStudio\samples\Wpf.Ui.servoStudio\Models\HexConvert.cs(85,46): warning IDE0055: 淇鏍煎紡 (https://learn.microsoft.com/dotnet/fundamentals/code-analysis/style-rules/ide0055) [C:\UserWorx\VSWorx\ServoStudio\wpfui-servoStudio\samples\Wpf.Ui.servoStudio\servoStudio.csproj]
C:\UserWorx\VSWorx\ServoStudio\wpfui-servoStudio\samples\Wpf.Ui.servoStudio\Models\HexConvert.cs(86,26): warning IDE0055: 淇鏍煎紡 (https://learn.microsoft.com/dotnet/fundamentals/code-analysis/style-rules/ide0055) [C:\UserWorx\VSWorx\ServoStudio\wpfui-servoStudio\samples\Wpf.Ui.servoStudio\servoStudio.csproj]
C:\UserWorx\VSWorx\ServoStudio\wpfui-servoStudio\samples\Wpf.Ui.servoStudio\Models\HexConvert.cs(86,46): warning IDE0055: 淇鏍煎紡 (https://learn.microsoft.com/dotnet/fundamentals/code-analysis/style-rules/ide0055) [C:\UserWorx\VSWorx\ServoStudio\wpfui-servoStudio\samples\Wpf.Ui.servoStudio\servoStudio.csproj]
C:\UserWorx\VSWorx\ServoStudio\wpfui-servoStudio\samples\Wpf.Ui.servoStudio\Models\HexConvert.cs(87,26): warning IDE0055: 淇鏍煎紡 (https://learn.microsoft.com/dotnet/fundamentals/code-analysis/style-rules/ide0055) [C:\UserWorx\VSWorx\ServoStudio\wpfui-servoStudio\samples\Wpf.Ui.servoStudio\servoStudio.csproj]
C:\UserWorx\VSWorx\ServoStudio\wpfui-servoStudio\samples\Wpf.Ui.servoStudio\Models\HexConvert.cs(87,46): warning IDE0055: 淇鏍煎紡 (https://learn.microsoft.com/dotnet/fundamentals/code-analysis/style-rules/ide0055) [C:\UserWorx\VSWorx\ServoStudio\wpfui-servoStudio\samples\Wpf.Ui.servoStudio\servoStudio.csproj]
C:\UserWorx\VSWorx\ServoStudio\wpfui-servoStudio\samples\Wpf.Ui.servoStudio\Models\HexConvert.cs(88,26): warning IDE0055: 淇鏍煎紡 (https://learn.microsoft.com/dotnet/fundamentals/code-analysis/style-rules/ide0055) [C:\UserWorx\VSWorx\ServoStudio\wpfui-servoStudio\samples\Wpf.Ui.servoStudio\servoStudio.csproj]
C:\UserWorx\VSWorx\ServoStudio\wpfui-servoStudio\samples\Wpf.Ui.servoStudio\Models\HexConvert.cs(88,46): warning IDE0055: 淇鏍煎紡 (https://learn.microsoft.com/dotnet/fundamentals/code-analysis/style-rules/ide0055) [C:\UserWorx\VSWorx\ServoStudio\wpfui-servoStudio\samples\Wpf.Ui.servoStudio\servoStudio.csproj]
C:\UserWorx\VSWorx\ServoStudio\wpfui-servoStudio\samples\Wpf.Ui.servoStudio\Models\HexConvert.cs(89,26): warning IDE0055: 淇鏍煎紡 (https://learn.microsoft.com/dotnet/fundamentals/code-analysis/style-rules/ide0055) [C:\UserWorx\VSWorx\ServoStudio\wpfui-servoStudio\samples\Wpf.Ui.servoStudio\servoStudio.csproj]
C:\UserWorx\VSWorx\ServoStudio\wpfui-servoStudio\samples\Wpf.Ui.servoStudio\Models\HexConvert.cs(89,46): warning IDE0055: 淇鏍煎紡 (https://learn.microsoft.com/dotnet/fundamentals/code-analysis/style-rules/ide0055) [C:\UserWorx\VSWorx\ServoStudio\wpfui-servoStudio\samples\Wpf.Ui.servoStudio\servoStudio.csproj]
C:\UserWorx\VSWorx\ServoStudio\wpfui-servoStudio\samples\Wpf.Ui.servoStudio\Models\HexConvert.cs(90,38): warning IDE0055: 淇鏍煎紡 (https://learn.microsoft.com/dotnet/fundamentals/code-analysis/style-rules/ide0055) [C:\UserWorx\VSWorx\ServoStudio\wpfui-servoStudio\samples\Wpf.Ui.servoStudio\servoStudio.csproj]
C:\UserWorx\VSWorx\ServoStudio\wpfui-servoStudio\samples\Wpf.Ui.servoStudio\Models\HexConvert.cs(90,58): warning IDE0055: 淇鏍煎紡 (https://learn.microsoft.com/dotnet/fundamentals/code-analysis/style-rules/ide0055) [C:\UserWorx\VSWorx\ServoStudio\wpfui-servoStudio\samples\Wpf.Ui.servoStudio\servoStudio.csproj]
C:\UserWorx\VSWorx\ServoStudio\wpfui-servoStudio\samples\Wpf.Ui.servoStudio\Models\HexConvert.cs(91,38): warning IDE0055: 淇鏍煎紡 (https://learn.microsoft.com/dotnet/fundamentals/code-analysis/style-rules/ide0055) [C:\UserWorx\VSWorx\ServoStudio\wpfui-servoStudio\samples\Wpf.Ui.servoStudio\servoStudio.csproj]
C:\UserWorx\VSWorx\ServoStudio\wpfui-servoStudio\samples\Wpf.Ui.servoStudio\Models\HexConvert.cs(91,58): warning IDE0055: 淇鏍煎紡 (https://learn.microsoft.com/dotnet/fundamentals/code-analysis/style-rules/ide0055) [C:\UserWorx\VSWorx\ServoStudio\wpfui-servoStudio\samples\Wpf.Ui.servoStudio\servoStudio.csproj]
C:\UserWorx\VSWorx\ServoStudio\wpfui-servoStudio\samples\Wpf.Ui.servoStudio\Models\HexConvert.cs(92,38): warning IDE0055: 淇鏍煎紡 (https://learn.microsoft.com/dotnet/fundamentals/code-analysis/style-rules/ide0055) [C:\UserWorx\VSWorx\ServoStudio\wpfui-servoStudio\samples\Wpf.Ui.servoStudio\servoStudio.csproj]
C:\UserWorx\VSWorx\ServoStudio\wpfui-servoStudio\samples\Wpf.Ui.servoStudio\Models\HexConvert.cs(92,59): warning IDE0055: 淇鏍煎紡 (https://learn.microsoft.com/dotnet/fundamentals/code-analysis/style-rules/ide0055) [C:\UserWorx\VSWorx\ServoStudio\wpfui-servoStudio\samples\Wpf.Ui.servoStudio\servoStudio.csproj]
C:\UserWorx\VSWorx\ServoStudio\wpfui-servoStudio\samples\Wpf.Ui.servoStudio\Models\HexConvert.cs(93,38): warning IDE0055: 淇鏍煎紡 (https://learn.microsoft.com/dotnet/fundamentals/code-analysis/style-rules/ide0055) [C:\UserWorx\VSWorx\ServoStudio\wpfui-servoStudio\samples\Wpf.Ui.servoStudio\servoStudio.csproj]
C:\UserWorx\VSWorx\ServoStudio\wpfui-servoStudio\samples\Wpf.Ui.servoStudio\Models\HexConvert.cs(93,59): warning IDE0055: 淇鏍煎紡 (https://learn.microsoft.com/dotnet/fundamentals/code-analysis/style-rules/ide0055) [C:\UserWorx\VSWorx\ServoStudio\wpfui-servoStudio\samples\Wpf.Ui.servoStudio\servoStudio.csproj]
C:\UserWorx\VSWorx\ServoStudio\wpfui-servoStudio\samples\Wpf.Ui.servoStudio\Models\HexConvert.cs(94,38): warning IDE0055: 淇鏍煎紡 (https://learn.microsoft.com/dotnet/fundamentals/code-analysis/style-rules/ide0055) [C:\UserWorx\VSWorx\ServoStudio\wpfui-servoStudio\samples\Wpf.Ui.servoStudio\servoStudio.csproj]
C:\UserWorx\VSWorx\ServoStudio\wpfui-servoStudio\samples\Wpf.Ui.servoStudio\Models\HexConvert.cs(94,59): warning IDE0055: 淇鏍煎紡 (https://learn.microsoft.com/dotnet/fundamentals/code-analysis/style-rules/ide0055) [C:\UserWorx\VSWorx\ServoStudio\wpfui-servoStudio\samples\Wpf.Ui.servoStudio\servoStudio.csproj]
C:\UserWorx\VSWorx\ServoStudio\wpfui-servoStudio\samples\Wpf.Ui.servoStudio\Models\HexConvert.cs(95,38): warning IDE0055: 淇鏍煎紡 (https://learn.microsoft.com/dotnet/fundamentals/code-analysis/style-rules/ide0055) [C:\UserWorx\VSWorx\ServoStudio\wpfui-servoStudio\samples\Wpf.Ui.servoStudio\servoStudio.csproj]
C:\UserWorx\VSWorx\ServoStudio\wpfui-servoStudio\samples\Wpf.Ui.servoStudio\Models\HexConvert.cs(95,59): warning IDE0055: 淇鏍煎紡 (https://learn.microsoft.com/dotnet/fundamentals/code-analysis/style-rules/ide0055) [C:\UserWorx\VSWorx\ServoStudio\wpfui-servoStudio\samples\Wpf.Ui.servoStudio\servoStudio.csproj]
C:\UserWorx\VSWorx\ServoStudio\wpfui-servoStudio\samples\Wpf.Ui.servoStudio\Models\HexConvert.cs(96,38): warning IDE0055: 淇鏍煎紡 (https://learn.microsoft.com/dotnet/fundamentals/code-analysis/style-rules/ide0055) [C:\UserWorx\VSWorx\ServoStudio\wpfui-servoStudio\samples\Wpf.Ui.servoStudio\servoStudio.csproj]
C:\UserWorx\VSWorx\ServoStudio\wpfui-servoStudio\samples\Wpf.Ui.servoStudio\Models\HexConvert.cs(96,59): warning IDE0055: 淇鏍煎紡 (https://learn.microsoft.com/dotnet/fundamentals/code-analysis/style-rules/ide0055) [C:\UserWorx\VSWorx\ServoStudio\wpfui-servoStudio\samples\Wpf.Ui.servoStudio\servoStudio.csproj]
C:\UserWorx\VSWorx\ServoStudio\wpfui-servoStudio\samples\Wpf.Ui.servoStudio\Models\HexConvert.cs(97,38): warning IDE0055: 淇鏍煎紡 (https://learn.microsoft.com/dotnet/fundamentals/code-analysis/style-rules/ide0055) [C:\UserWorx\VSWorx\ServoStudio\wpfui-servoStudio\samples\Wpf.Ui.servoStudio\servoStudio.csproj]
C:\UserWorx\VSWorx\ServoStudio\wpfui-servoStudio\samples\Wpf.Ui.servoStudio\Models\HexConvert.cs(97,59): warning IDE0055: 淇鏍煎紡 (https://learn.microsoft.com/dotnet/fundamentals/code-analysis/style-rules/ide0055) [C:\UserWorx\VSWorx\ServoStudio\wpfui-servoStudio\samples\Wpf.Ui.servoStudio\servoStudio.csproj]
C:\UserWorx\VSWorx\ServoStudio\wpfui-servoStudio\samples\Wpf.Ui.servoStudio\Models\HexConvert.cs(98,38): warning IDE0055: 淇鏍煎紡 (https://learn.microsoft.com/dotnet/fundamentals/code-analysis/style-rules/ide0055) [C:\UserWorx\VSWorx\ServoStudio\wpfui-servoStudio\samples\Wpf.Ui.servoStudio\servoStudio.csproj]
C:\UserWorx\VSWorx\ServoStudio\wpfui-servoStudio\samples\Wpf.Ui.servoStudio\Models\HexConvert.cs(98,59): warning IDE0055: 淇鏍煎紡 (https://learn.microsoft.com/dotnet/fundamentals/code-analysis/style-rules/ide0055) [C:\UserWorx\VSWorx\ServoStudio\wpfui-servoStudio\samples\Wpf.Ui.servoStudio\servoStudio.csproj]
C:\UserWorx\VSWorx\ServoStudio\wpfui-servoStudio\samples\Wpf.Ui.servoStudio\Models\HexConvert.cs(99,38): warning IDE0055: 淇鏍煎紡 (https://learn.microsoft.com/dotnet/fundamentals/code-analysis/style-rules/ide0055) [C:\UserWorx\VSWorx\ServoStudio\wpfui-servoStudio\samples\Wpf.Ui.servoStudio\servoStudio.csproj]
C:\UserWorx\VSWorx\ServoStudio\wpfui-servoStudio\samples\Wpf.Ui.servoStudio\Models\HexConvert.cs(99,59): warning IDE0055: 淇鏍煎紡 (https://learn.microsoft.com/dotnet/fundamentals/code-analysis/style-rules/ide0055) [C:\UserWorx\VSWorx\ServoStudio\wpfui-servoStudio\samples\Wpf.Ui.servoStudio\servoStudio.csproj]
C:\UserWorx\VSWorx\ServoStudio\wpfui-servoStudio\samples\Wpf.Ui.servoStudio\Models\HexConvert.cs(99,79): warning IDE0055: 淇鏍煎紡 (https://learn.microsoft.com/dotnet/fundamentals/code-analysis/style-rules/ide0055) [C:\UserWorx\VSWorx\ServoStudio\wpfui-servoStudio\samples\Wpf.Ui.servoStudio\servoStudio.csproj]
C:\UserWorx\VSWorx\ServoStudio\wpfui-servoStudio\samples\Wpf.Ui.servoStudio\Models\HexConvert.cs(100,38): warning IDE0055: 淇鏍煎紡 (https://learn.microsoft.com/dotnet/fundamentals/code-analysis/style-rules/ide0055) [C:\UserWorx\VSWorx\ServoStudio\wpfui-servoStudio\samples\Wpf.Ui.servoStudio\servoStudio.csproj]
C:\UserWorx\VSWorx\ServoStudio\wpfui-servoStudio\samples\Wpf.Ui.servoStudio\Models\HexConvert.cs(100,59): warning IDE0055: 淇鏍煎紡 (https://learn.microsoft.com/dotnet/fundamentals/code-analysis/style-rules/ide0055) [C:\UserWorx\VSWorx\ServoStudio\wpfui-servoStudio\samples\Wpf.Ui.servoStudio\servoStudio.csproj]
C:\UserWorx\VSWorx\ServoStudio\wpfui-servoStudio\samples\Wpf.Ui.servoStudio\Models\HexConvert.cs(100,79): warning IDE0055: 淇鏍煎紡 (https://learn.microsoft.com/dotnet/fundamentals/code-analysis/style-rules/ide0055) [C:\UserWorx\VSWorx\ServoStudio\wpfui-servoStudio\samples\Wpf.Ui.servoStudio\servoStudio.csproj]
C:\UserWorx\VSWorx\ServoStudio\wpfui-servoStudio\samples\Wpf.Ui.servoStudio\Models\HexConvert.cs(101,38): warning IDE0055: 淇鏍煎紡 (https://learn.microsoft.com/dotnet/fundamentals/code-analysis/style-rules/ide0055) [C:\UserWorx\VSWorx\ServoStudio\wpfui-servoStudio\samples\Wpf.Ui.servoStudio\servoStudio.csproj]
C:\UserWorx\VSWorx\ServoStudio\wpfui-servoStudio\samples\Wpf.Ui.servoStudio\Models\HexConvert.cs(101,59): warning IDE0055: 淇鏍煎紡 (https://learn.microsoft.com/dotnet/fundamentals/code-analysis/style-rules/ide0055) [C:\UserWorx\VSWorx\ServoStudio\wpfui-servoStudio\samples\Wpf.Ui.servoStudio\servoStudio.csproj]
C:\UserWorx\VSWorx\ServoStudio\wpfui-servoStudio\samples\Wpf.Ui.servoStudio\Models\HexConvert.cs(101,79): warning IDE0055: 淇鏍煎紡 (https://learn.microsoft.com/dotnet/fundamentals/code-analysis/style-rules/ide0055) [C:\UserWorx\VSWorx\ServoStudio\wpfui-servoStudio\samples\Wpf.Ui.servoStudio\servoStudio.csproj]
C:\UserWorx\VSWorx\ServoStudio\wpfui-servoStudio\samples\Wpf.Ui.servoStudio\Models\HexConvert.cs(102,38): warning IDE0055: 淇鏍煎紡 (https://learn.microsoft.com/dotnet/fundamentals/code-analysis/style-rules/ide0055) [C:\UserWorx\VSWorx\ServoStudio\wpfui-servoStudio\samples\Wpf.Ui.servoStudio\servoStudio.csproj]
C:\UserWorx\VSWorx\ServoStudio\wpfui-servoStudio\samples\Wpf.Ui.servoStudio\Models\HexConvert.cs(102,59): warning IDE0055: 淇鏍煎紡 (https://learn.microsoft.com/dotnet/fundamentals/code-analysis/style-rules/ide0055) [C:\UserWorx\VSWorx\ServoStudio\wpfui-servoStudio\samples\Wpf.Ui.servoStudio\servoStudio.csproj]
C:\UserWorx\VSWorx\ServoStudio\wpfui-servoStudio\samples\Wpf.Ui.servoStudio\Models\HexConvert.cs(102,79): warning IDE0055: 淇鏍煎紡 (https://learn.microsoft.com/dotnet/fundamentals/code-analysis/style-rules/ide0055) [C:\UserWorx\VSWorx\ServoStudio\wpfui-servoStudio\samples\Wpf.Ui.servoStudio\servoStudio.csproj]
C:\UserWorx\VSWorx\ServoStudio\wpfui-servoStudio\samples\Wpf.Ui.servoStudio\Models\HexConvert.cs(103,38): warning IDE0055: 淇鏍煎紡 (https://learn.microsoft.com/dotnet/fundamentals/code-analysis/style-rules/ide0055) [C:\UserWorx\VSWorx\ServoStudio\wpfui-servoStudio\samples\Wpf.Ui.servoStudio\servoStudio.csproj]
C:\UserWorx\VSWorx\ServoStudio\wpfui-servoStudio\samples\Wpf.Ui.servoStudio\Models\HexConvert.cs(103,59): warning IDE0055: 淇鏍煎紡 (https://learn.microsoft.com/dotnet/fundamentals/code-analysis/style-rules/ide0055) [C:\UserWorx\VSWorx\ServoStudio\wpfui-servoStudio\samples\Wpf.Ui.servoStudio\servoStudio.csproj]
C:\UserWorx\VSWorx\ServoStudio\wpfui-servoStudio\samples\Wpf.Ui.servoStudio\Models\HexConvert.cs(103,79): warning IDE0055: 淇鏍煎紡 (https://learn.microsoft.com/dotnet/fundamentals/code-analysis/style-rules/ide0055) [C:\UserWorx\VSWorx\ServoStudio\wpfui-servoStudio\samples\Wpf.Ui.servoStudio\servoStudio.csproj]
C:\UserWorx\VSWorx\ServoStudio\wpfui-servoStudio\samples\Wpf.Ui.servoStudio\Models\HexConvert.cs(104,38): warning IDE0055: 淇鏍煎紡 (https://learn.microsoft.com/dotnet/fundamentals/code-analysis/style-rules/ide0055) [C:\UserWorx\VSWorx\ServoStudio\wpfui-servoStudio\samples\Wpf.Ui.servoStudio\servoStudio.csproj]
C:\UserWorx\VSWorx\ServoStudio\wpfui-servoStudio\samples\Wpf.Ui.servoStudio\Models\HexConvert.cs(104,59): warning IDE0055: 淇鏍煎紡 (https://learn.microsoft.com/dotnet/fundamentals/code-analysis/style-rules/ide0055) [C:\UserWorx\VSWorx\ServoStudio\wpfui-servoStudio\samples\Wpf.Ui.servoStudio\servoStudio.csproj]
C:\UserWorx\VSWorx\ServoStudio\wpfui-servoStudio\samples\Wpf.Ui.servoStudio\Models\HexConvert.cs(104,79): warning IDE0055: 淇鏍煎紡 (https://learn.microsoft.com/dotnet/fundamentals/code-analysis/style-rules/ide0055) [C:\UserWorx\VSWorx\ServoStudio\wpfui-servoStudio\samples\Wpf.Ui.servoStudio\servoStudio.csproj]
C:\UserWorx\VSWorx\ServoStudio\wpfui-servoStudio\samples\Wpf.Ui.servoStudio\Models\HexConvert.cs(105,38): warning IDE0055: 淇鏍煎紡 (https://learn.microsoft.com/dotnet/fundamentals/code-analysis/style-rules/ide0055) [C:\UserWorx\VSWorx\ServoStudio\wpfui-servoStudio\samples\Wpf.Ui.servoStudio\servoStudio.csproj]
C:\UserWorx\VSWorx\ServoStudio\wpfui-servoStudio\samples\Wpf.Ui.servoStudio\Models\HexConvert.cs(105,59): warning IDE0055: 淇鏍煎紡 (https://learn.microsoft.com/dotnet/fundamentals/code-analysis/style-rules/ide0055) [C:\UserWorx\VSWorx\ServoStudio\wpfui-servoStudio\samples\Wpf.Ui.servoStudio\servoStudio.csproj]
C:\UserWorx\VSWorx\ServoStudio\wpfui-servoStudio\samples\Wpf.Ui.servoStudio\Models\HexConvert.cs(105,79): warning IDE0055: 淇鏍煎紡 (https://learn.microsoft.com/dotnet/fundamentals/code-analysis/style-rules/ide0055) [C:\UserWorx\VSWorx\ServoStudio\wpfui-servoStudio\samples\Wpf.Ui.servoStudio\servoStudio.csproj]
C:\UserWorx\VSWorx\ServoStudio\wpfui-servoStudio\samples\Wpf.Ui.servoStudio\Views\Pages\FactoryPages\FrameFormatEditorPage.xaml.cs(45,22): warning CA1060: 灏?pinvoke 绉诲埌鏈満鏂规硶绫?(https://learn.microsoft.com/dotnet/fundamentals/code-analysis/quality-rules/ca1060) [C:\UserWorx\VSWorx\ServoStudio\wpfui-servoStudio\samples\Wpf.Ui.servoStudio\servoStudio.csproj]
C:\UserWorx\VSWorx\ServoStudio\wpfui-servoStudio\samples\Wpf.Ui.servoStudio\Models\HVariables.cs(77,51): warning IDE0055: 淇鏍煎紡 (https://learn.microsoft.com/dotnet/fundamentals/code-analysis/style-rules/ide0055) [C:\UserWorx\VSWorx\ServoStudio\wpfui-servoStudio\samples\Wpf.Ui.servoStudio\servoStudio.csproj]
C:\UserWorx\VSWorx\ServoStudio\wpfui-servoStudio\samples\Wpf.Ui.servoStudio\Models\HVariables.cs(93,51): warning IDE0055: 淇鏍煎紡 (https://learn.microsoft.com/dotnet/fundamentals/code-analysis/style-rules/ide0055) [C:\UserWorx\VSWorx\ServoStudio\wpfui-servoStudio\samples\Wpf.Ui.servoStudio\servoStudio.csproj]
C:\UserWorx\VSWorx\ServoStudio\wpfui-servoStudio\samples\Wpf.Ui.servoStudio\Models\LogEntry.cs(51,21): warning IDE0055: 淇鏍煎紡 (https://learn.microsoft.com/dotnet/fundamentals/code-analysis/style-rules/ide0055) [C:\UserWorx\VSWorx\ServoStudio\wpfui-servoStudio\samples\Wpf.Ui.servoStudio\servoStudio.csproj]
C:\UserWorx\VSWorx\ServoStudio\wpfui-servoStudio\samples\Wpf.Ui.servoStudio\Models\LogEntry.cs(51,23): warning IDE0055: 淇鏍煎紡 (https://learn.microsoft.com/dotnet/fundamentals/code-analysis/style-rules/ide0055) [C:\UserWorx\VSWorx\ServoStudio\wpfui-servoStudio\samples\Wpf.Ui.servoStudio\servoStudio.csproj]
C:\UserWorx\VSWorx\ServoStudio\wpfui-servoStudio\samples\Wpf.Ui.servoStudio\Models\LogEntry.cs(51,34): warning IDE0055: 淇鏍煎紡 (https://learn.microsoft.com/dotnet/fundamentals/code-analysis/style-rules/ide0055) [C:\UserWorx\VSWorx\ServoStudio\wpfui-servoStudio\samples\Wpf.Ui.servoStudio\servoStudio.csproj]
C:\UserWorx\VSWorx\ServoStudio\wpfui-servoStudio\samples\Wpf.Ui.servoStudio\Models\LogEntry.cs(52,30): warning IDE0055: 淇鏍煎紡 (https://learn.microsoft.com/dotnet/fundamentals/code-analysis/style-rules/ide0055) [C:\UserWorx\VSWorx\ServoStudio\wpfui-servoStudio\samples\Wpf.Ui.servoStudio\servoStudio.csproj]
C:\UserWorx\VSWorx\ServoStudio\wpfui-servoStudio\samples\Wpf.Ui.servoStudio\Models\LogEntry.cs(52,32): warning IDE0055: 淇鏍煎紡 (https://learn.microsoft.com/dotnet/fundamentals/code-analysis/style-rules/ide0055) [C:\UserWorx\VSWorx\ServoStudio\wpfui-servoStudio\samples\Wpf.Ui.servoStudio\servoStudio.csproj]
C:\UserWorx\VSWorx\ServoStudio\wpfui-servoStudio\samples\Wpf.Ui.servoStudio\Models\LogEntry.cs(52,43): warning IDE0055: 淇鏍煎紡 (https://learn.microsoft.com/dotnet/fundamentals/code-analysis/style-rules/ide0055) [C:\UserWorx\VSWorx\ServoStudio\wpfui-servoStudio\samples\Wpf.Ui.servoStudio\servoStudio.csproj]
C:\UserWorx\VSWorx\ServoStudio\wpfui-servoStudio\samples\Wpf.Ui.servoStudio\Models\LogEntry.cs(53,29): warning IDE0055: 淇鏍煎紡 (https://learn.microsoft.com/dotnet/fundamentals/code-analysis/style-rules/ide0055) [C:\UserWorx\VSWorx\ServoStudio\wpfui-servoStudio\samples\Wpf.Ui.servoStudio\servoStudio.csproj]
C:\UserWorx\VSWorx\ServoStudio\wpfui-servoStudio\samples\Wpf.Ui.servoStudio\Models\LogEntry.cs(53,31): warning IDE0055: 淇鏍煎紡 (https://learn.microsoft.com/dotnet/fundamentals/code-analysis/style-rules/ide0055) [C:\UserWorx\VSWorx\ServoStudio\wpfui-servoStudio\samples\Wpf.Ui.servoStudio\servoStudio.csproj]
C:\UserWorx\VSWorx\ServoStudio\wpfui-servoStudio\samples\Wpf.Ui.servoStudio\Models\LogEntry.cs(53,42): warning IDE0055: 淇鏍煎紡 (https://learn.microsoft.com/dotnet/fundamentals/code-analysis/style-rules/ide0055) [C:\UserWorx\VSWorx\ServoStudio\wpfui-servoStudio\samples\Wpf.Ui.servoStudio\servoStudio.csproj]
C:\UserWorx\VSWorx\ServoStudio\wpfui-servoStudio\samples\Wpf.Ui.servoStudio\Models\LogEntry.cs(54,35): warning IDE0055: 淇鏍煎紡 (https://learn.microsoft.com/dotnet/fundamentals/code-analysis/style-rules/ide0055) [C:\UserWorx\VSWorx\ServoStudio\wpfui-servoStudio\samples\Wpf.Ui.servoStudio\servoStudio.csproj]
C:\UserWorx\VSWorx\ServoStudio\wpfui-servoStudio\samples\Wpf.Ui.servoStudio\Models\LogEntry.cs(54,37): warning IDE0055: 淇鏍煎紡 (https://learn.microsoft.com/dotnet/fundamentals/code-analysis/style-rules/ide0055) [C:\UserWorx\VSWorx\ServoStudio\wpfui-servoStudio\samples\Wpf.Ui.servoStudio\servoStudio.csproj]
C:\UserWorx\VSWorx\ServoStudio\wpfui-servoStudio\samples\Wpf.Ui.servoStudio\Models\LogEntry.cs(54,48): warning IDE0055: 淇鏍煎紡 (https://learn.microsoft.com/dotnet/fundamentals/code-analysis/style-rules/ide0055) [C:\UserWorx\VSWorx\ServoStudio\wpfui-servoStudio\samples\Wpf.Ui.servoStudio\servoStudio.csproj]
C:\UserWorx\VSWorx\ServoStudio\wpfui-servoStudio\samples\Wpf.Ui.servoStudio\Models\LogEntry.cs(121,25): warning IDE0055: 淇鏍煎紡 (https://learn.microsoft.com/dotnet/fundamentals/code-analysis/style-rules/ide0055) [C:\UserWorx\VSWorx\ServoStudio\wpfui-servoStudio\samples\Wpf.Ui.servoStudio\servoStudio.csproj]
C:\UserWorx\VSWorx\ServoStudio\wpfui-servoStudio\samples\Wpf.Ui.servoStudio\Models\LogEntry.cs(121,27): warning IDE0055: 淇鏍煎紡 (https://learn.microsoft.com/dotnet/fundamentals/code-analysis/style-rules/ide0055) [C:\UserWorx\VSWorx\ServoStudio\wpfui-servoStudio\samples\Wpf.Ui.servoStudio\servoStudio.csproj]
C:\UserWorx\VSWorx\ServoStudio\wpfui-servoStudio\samples\Wpf.Ui.servoStudio\Models\LogEntry.cs(121,38): warning IDE0055: 淇鏍煎紡 (https://learn.microsoft.com/dotnet/fundamentals/code-analysis/style-rules/ide0055) [C:\UserWorx\VSWorx\ServoStudio\wpfui-servoStudio\samples\Wpf.Ui.servoStudio\servoStudio.csproj]
C:\UserWorx\VSWorx\ServoStudio\wpfui-servoStudio\samples\Wpf.Ui.servoStudio\Models\LogEntry.cs(122,33): warning IDE0055: 淇鏍煎紡 (https://learn.microsoft.com/dotnet/fundamentals/code-analysis/style-rules/ide0055) [C:\UserWorx\VSWorx\ServoStudio\wpfui-servoStudio\samples\Wpf.Ui.servoStudio\servoStudio.csproj]
C:\UserWorx\VSWorx\ServoStudio\wpfui-servoStudio\samples\Wpf.Ui.servoStudio\Models\LogEntry.cs(122,35): warning IDE0055: 淇鏍煎紡 (https://learn.microsoft.com/dotnet/fundamentals/code-analysis/style-rules/ide0055) [C:\UserWorx\VSWorx\ServoStudio\wpfui-servoStudio\samples\Wpf.Ui.servoStudio\servoStudio.csproj]
C:\UserWorx\VSWorx\ServoStudio\wpfui-servoStudio\samples\Wpf.Ui.servoStudio\Models\LogEntry.cs(122,46): warning IDE0055: 淇鏍煎紡 (https://learn.microsoft.com/dotnet/fundamentals/code-analysis/style-rules/ide0055) [C:\UserWorx\VSWorx\ServoStudio\wpfui-servoStudio\samples\Wpf.Ui.servoStudio\servoStudio.csproj]
C:\UserWorx\VSWorx\ServoStudio\wpfui-servoStudio\samples\Wpf.Ui.servoStudio\Models\LogEntry.cs(123,26): warning IDE0055: 淇鏍煎紡 (https://learn.microsoft.com/dotnet/fundamentals/code-analysis/style-rules/ide0055) [C:\UserWorx\VSWorx\ServoStudio\wpfui-servoStudio\samples\Wpf.Ui.servoStudio\servoStudio.csproj]
C:\UserWorx\VSWorx\ServoStudio\wpfui-servoStudio\samples\Wpf.Ui.servoStudio\Models\LogEntry.cs(123,28): warning IDE0055: 淇鏍煎紡 (https://learn.microsoft.com/dotnet/fundamentals/code-analysis/style-rules/ide0055) [C:\UserWorx\VSWorx\ServoStudio\wpfui-servoStudio\samples\Wpf.Ui.servoStudio\servoStudio.csproj]
C:\UserWorx\VSWorx\ServoStudio\wpfui-servoStudio\samples\Wpf.Ui.servoStudio\Models\LogEntry.cs(123,38): warning IDE0055: 淇鏍煎紡 (https://learn.microsoft.com/dotnet/fundamentals/code-analysis/style-rules/ide0055) [C:\UserWorx\VSWorx\ServoStudio\wpfui-servoStudio\samples\Wpf.Ui.servoStudio\servoStudio.csproj]
C:\UserWorx\VSWorx\ServoStudio\wpfui-servoStudio\samples\Wpf.Ui.servoStudio\Models\ModbusRegister.cs(10,25): warning IDE0055: 淇鏍煎紡 (https://learn.microsoft.com/dotnet/fundamentals/code-analysis/style-rules/ide0055) [C:\UserWorx\VSWorx\ServoStudio\wpfui-servoStudio\samples\Wpf.Ui.servoStudio\servoStudio.csproj]
C:\UserWorx\VSWorx\ServoStudio\wpfui-servoStudio\samples\Wpf.Ui.servoStudio\Models\ModbusRegister.cs(10,27): warning IDE0055: 淇鏍煎紡 (https://learn.microsoft.com/dotnet/fundamentals/code-analysis/style-rules/ide0055) [C:\UserWorx\VSWorx\ServoStudio\wpfui-servoStudio\samples\Wpf.Ui.servoStudio\servoStudio.csproj]
C:\UserWorx\VSWorx\ServoStudio\wpfui-servoStudio\samples\Wpf.Ui.servoStudio\Models\ModbusRegister.cs(10,37): warning IDE0055: 淇鏍煎紡 (https://learn.microsoft.com/dotnet/fundamentals/code-analysis/style-rules/ide0055) [C:\UserWorx\VSWorx\ServoStudio\wpfui-servoStudio\samples\Wpf.Ui.servoStudio\servoStudio.csproj]
C:\UserWorx\VSWorx\ServoStudio\wpfui-servoStudio\samples\Wpf.Ui.servoStudio\Models\ModbusRegister.cs(11,25): warning IDE0055: 淇鏍煎紡 (https://learn.microsoft.com/dotnet/fundamentals/code-analysis/style-rules/ide0055) [C:\UserWorx\VSWorx\ServoStudio\wpfui-servoStudio\samples\Wpf.Ui.servoStudio\servoStudio.csproj]
C:\UserWorx\VSWorx\ServoStudio\wpfui-servoStudio\samples\Wpf.Ui.servoStudio\Models\ModbusRegister.cs(11,27): warning IDE0055: 淇鏍煎紡 (https://learn.microsoft.com/dotnet/fundamentals/code-analysis/style-rules/ide0055) [C:\UserWorx\VSWorx\ServoStudio\wpfui-servoStudio\samples\Wpf.Ui.servoStudio\servoStudio.csproj]
C:\UserWorx\VSWorx\ServoStudio\wpfui-servoStudio\samples\Wpf.Ui.servoStudio\Models\ModbusRegister.cs(11,37): warning IDE0055: 淇鏍煎紡 (https://learn.microsoft.com/dotnet/fundamentals/code-analysis/style-rules/ide0055) [C:\UserWorx\VSWorx\ServoStudio\wpfui-servoStudio\samples\Wpf.Ui.servoStudio\servoStudio.csproj]
C:\UserWorx\VSWorx\ServoStudio\wpfui-servoStudio\samples\Wpf.Ui.servoStudio\Models\ModbusRegister.cs(12,25): warning IDE0055: 淇鏍煎紡 (https://learn.microsoft.com/dotnet/fundamentals/code-analysis/style-rules/ide0055) [C:\UserWorx\VSWorx\ServoStudio\wpfui-servoStudio\samples\Wpf.Ui.servoStudio\servoStudio.csproj]
C:\UserWorx\VSWorx\ServoStudio\wpfui-servoStudio\samples\Wpf.Ui.servoStudio\Models\ModbusRegister.cs(12,27): warning IDE0055: 淇鏍煎紡 (https://learn.microsoft.com/dotnet/fundamentals/code-analysis/style-rules/ide0055) [C:\UserWorx\VSWorx\ServoStudio\wpfui-servoStudio\samples\Wpf.Ui.servoStudio\servoStudio.csproj]
C:\UserWorx\VSWorx\ServoStudio\wpfui-servoStudio\samples\Wpf.Ui.servoStudio\Models\ModbusRegister.cs(12,37): warning IDE0055: 淇鏍煎紡 (https://learn.microsoft.com/dotnet/fundamentals/code-analysis/style-rules/ide0055) [C:\UserWorx\VSWorx\ServoStudio\wpfui-servoStudio\samples\Wpf.Ui.servoStudio\servoStudio.csproj]
C:\UserWorx\VSWorx\ServoStudio\wpfui-servoStudio\samples\Wpf.Ui.servoStudio\Models\ModbusRegister.cs(13,25): warning IDE0055: 淇鏍煎紡 (https://learn.microsoft.com/dotnet/fundamentals/code-analysis/style-rules/ide0055) [C:\UserWorx\VSWorx\ServoStudio\wpfui-servoStudio\samples\Wpf.Ui.servoStudio\servoStudio.csproj]
C:\UserWorx\VSWorx\ServoStudio\wpfui-servoStudio\samples\Wpf.Ui.servoStudio\Models\ModbusRegister.cs(13,27): warning IDE0055: 淇鏍煎紡 (https://learn.microsoft.com/dotnet/fundamentals/code-analysis/style-rules/ide0055) [C:\UserWorx\VSWorx\ServoStudio\wpfui-servoStudio\samples\Wpf.Ui.servoStudio\servoStudio.csproj]
C:\UserWorx\VSWorx\ServoStudio\wpfui-servoStudio\samples\Wpf.Ui.servoStudio\Models\ModbusRegister.cs(13,37): warning IDE0055: 淇鏍煎紡 (https://learn.microsoft.com/dotnet/fundamentals/code-analysis/style-rules/ide0055) [C:\UserWorx\VSWorx\ServoStudio\wpfui-servoStudio\samples\Wpf.Ui.servoStudio\servoStudio.csproj]
C:\UserWorx\VSWorx\ServoStudio\wpfui-servoStudio\samples\Wpf.Ui.servoStudio\Models\ModbusRegister.cs(14,25): warning IDE0055: 淇鏍煎紡 (https://learn.microsoft.com/dotnet/fundamentals/code-analysis/style-rules/ide0055) [C:\UserWorx\VSWorx\ServoStudio\wpfui-servoStudio\samples\Wpf.Ui.servoStudio\servoStudio.csproj]
C:\UserWorx\VSWorx\ServoStudio\wpfui-servoStudio\samples\Wpf.Ui.servoStudio\Models\ModbusRegister.cs(14,27): warning IDE0055: 淇鏍煎紡 (https://learn.microsoft.com/dotnet/fundamentals/code-analysis/style-rules/ide0055) [C:\UserWorx\VSWorx\ServoStudio\wpfui-servoStudio\samples\Wpf.Ui.servoStudio\servoStudio.csproj]
C:\UserWorx\VSWorx\ServoStudio\wpfui-servoStudio\samples\Wpf.Ui.servoStudio\Models\ModbusRegister.cs(14,37): warning IDE0055: 淇鏍煎紡 (https://learn.microsoft.com/dotnet/fundamentals/code-analysis/style-rules/ide0055) [C:\UserWorx\VSWorx\ServoStudio\wpfui-servoStudio\samples\Wpf.Ui.servoStudio\servoStudio.csproj]
C:\UserWorx\VSWorx\ServoStudio\wpfui-servoStudio\samples\Wpf.Ui.servoStudio\Models\ModbusRegister.cs(15,25): warning IDE0055: 淇鏍煎紡 (https://learn.microsoft.com/dotnet/fundamentals/code-analysis/style-rules/ide0055) [C:\UserWorx\VSWorx\ServoStudio\wpfui-servoStudio\samples\Wpf.Ui.servoStudio\servoStudio.csproj]
C:\UserWorx\VSWorx\ServoStudio\wpfui-servoStudio\samples\Wpf.Ui.servoStudio\Models\ModbusRegister.cs(15,27): warning IDE0055: 淇鏍煎紡 (https://learn.microsoft.com/dotnet/fundamentals/code-analysis/style-rules/ide0055) [C:\UserWorx\VSWorx\ServoStudio\wpfui-servoStudio\samples\Wpf.Ui.servoStudio\servoStudio.csproj]
C:\UserWorx\VSWorx\ServoStudio\wpfui-servoStudio\samples\Wpf.Ui.servoStudio\Models\ModbusRegister.cs(15,37): warning IDE0055: 淇鏍煎紡 (https://learn.microsoft.com/dotnet/fundamentals/code-analysis/style-rules/ide0055) [C:\UserWorx\VSWorx\ServoStudio\wpfui-servoStudio\samples\Wpf.Ui.servoStudio\servoStudio.csproj]
C:\UserWorx\VSWorx\ServoStudio\wpfui-servoStudio\samples\Wpf.Ui.servoStudio\Models\ModbusRegister.cs(16,25): warning IDE0055: 淇鏍煎紡 (https://learn.microsoft.com/dotnet/fundamentals/code-analysis/style-rules/ide0055) [C:\UserWorx\VSWorx\ServoStudio\wpfui-servoStudio\samples\Wpf.Ui.servoStudio\servoStudio.csproj]
C:\UserWorx\VSWorx\ServoStudio\wpfui-servoStudio\samples\Wpf.Ui.servoStudio\Models\ModbusRegister.cs(16,27): warning IDE0055: 淇鏍煎紡 (https://learn.microsoft.com/dotnet/fundamentals/code-analysis/style-rules/ide0055) [C:\UserWorx\VSWorx\ServoStudio\wpfui-servoStudio\samples\Wpf.Ui.servoStudio\servoStudio.csproj]
C:\UserWorx\VSWorx\ServoStudio\wpfui-servoStudio\samples\Wpf.Ui.servoStudio\Models\ModbusRegister.cs(16,37): warning IDE0055: 淇鏍煎紡 (https://learn.microsoft.com/dotnet/fundamentals/code-analysis/style-rules/ide0055) [C:\UserWorx\VSWorx\ServoStudio\wpfui-servoStudio\samples\Wpf.Ui.servoStudio\servoStudio.csproj]
C:\UserWorx\VSWorx\ServoStudio\wpfui-servoStudio\samples\Wpf.Ui.servoStudio\Models\ModbusRegister.cs(17,25): warning IDE0055: 淇鏍煎紡 (https://learn.microsoft.com/dotnet/fundamentals/code-analysis/style-rules/ide0055) [C:\UserWorx\VSWorx\ServoStudio\wpfui-servoStudio\samples\Wpf.Ui.servoStudio\servoStudio.csproj]
C:\UserWorx\VSWorx\ServoStudio\wpfui-servoStudio\samples\Wpf.Ui.servoStudio\Models\ModbusRegister.cs(17,27): warning IDE0055: 淇鏍煎紡 (https://learn.microsoft.com/dotnet/fundamentals/code-analysis/style-rules/ide0055) [C:\UserWorx\VSWorx\ServoStudio\wpfui-servoStudio\samples\Wpf.Ui.servoStudio\servoStudio.csproj]
C:\UserWorx\VSWorx\ServoStudio\wpfui-servoStudio\samples\Wpf.Ui.servoStudio\Models\ModbusRegister.cs(17,37): warning IDE0055: 淇鏍煎紡 (https://learn.microsoft.com/dotnet/fundamentals/code-analysis/style-rules/ide0055) [C:\UserWorx\VSWorx\ServoStudio\wpfui-servoStudio\samples\Wpf.Ui.servoStudio\servoStudio.csproj]
C:\UserWorx\VSWorx\ServoStudio\wpfui-servoStudio\samples\Wpf.Ui.servoStudio\Models\ModbusRegister.cs(18,25): warning IDE0055: 淇鏍煎紡 (https://learn.microsoft.com/dotnet/fundamentals/code-analysis/style-rules/ide0055) [C:\UserWorx\VSWorx\ServoStudio\wpfui-servoStudio\samples\Wpf.Ui.servoStudio\servoStudio.csproj]
C:\UserWorx\VSWorx\ServoStudio\wpfui-servoStudio\samples\Wpf.Ui.servoStudio\Models\ModbusRegister.cs(18,27): warning IDE0055: 淇鏍煎紡 (https://learn.microsoft.com/dotnet/fundamentals/code-analysis/style-rules/ide0055) [C:\UserWorx\VSWorx\ServoStudio\wpfui-servoStudio\samples\Wpf.Ui.servoStudio\servoStudio.csproj]
C:\UserWorx\VSWorx\ServoStudio\wpfui-servoStudio\samples\Wpf.Ui.servoStudio\Models\ModbusRegister.cs(18,37): warning IDE0055: 淇鏍煎紡 (https://learn.microsoft.com/dotnet/fundamentals/code-analysis/style-rules/ide0055) [C:\UserWorx\VSWorx\ServoStudio\wpfui-servoStudio\samples\Wpf.Ui.servoStudio\servoStudio.csproj]
C:\UserWorx\VSWorx\ServoStudio\wpfui-servoStudio\samples\Wpf.Ui.servoStudio\Models\ModbusRegister.cs(19,25): warning IDE0055: 淇鏍煎紡 (https://learn.microsoft.com/dotnet/fundamentals/code-analysis/style-rules/ide0055) [C:\UserWorx\VSWorx\ServoStudio\wpfui-servoStudio\samples\Wpf.Ui.servoStudio\servoStudio.csproj]
C:\UserWorx\VSWorx\ServoStudio\wpfui-servoStudio\samples\Wpf.Ui.servoStudio\Models\ModbusRegister.cs(19,27): warning IDE0055: 淇鏍煎紡 (https://learn.microsoft.com/dotnet/fundamentals/code-analysis/style-rules/ide0055) [C:\UserWorx\VSWorx\ServoStudio\wpfui-servoStudio\samples\Wpf.Ui.servoStudio\servoStudio.csproj]
C:\UserWorx\VSWorx\ServoStudio\wpfui-servoStudio\samples\Wpf.Ui.servoStudio\Models\ModbusRegister.cs(19,37): warning IDE0055: 淇鏍煎紡 (https://learn.microsoft.com/dotnet/fundamentals/code-analysis/style-rules/ide0055) [C:\UserWorx\VSWorx\ServoStudio\wpfui-servoStudio\samples\Wpf.Ui.servoStudio\servoStudio.csproj]
C:\UserWorx\VSWorx\ServoStudio\wpfui-servoStudio\samples\Wpf.Ui.servoStudio\Models\ModbusRegister.cs(20,25): warning IDE0055: 淇鏍煎紡 (https://learn.microsoft.com/dotnet/fundamentals/code-analysis/style-rules/ide0055) [C:\UserWorx\VSWorx\ServoStudio\wpfui-servoStudio\samples\Wpf.Ui.servoStudio\servoStudio.csproj]
C:\UserWorx\VSWorx\ServoStudio\wpfui-servoStudio\samples\Wpf.Ui.servoStudio\Models\ModbusRegister.cs(20,27): warning IDE0055: 淇鏍煎紡 (https://learn.microsoft.com/dotnet/fundamentals/code-analysis/style-rules/ide0055) [C:\UserWorx\VSWorx\ServoStudio\wpfui-servoStudio\samples\Wpf.Ui.servoStudio\servoStudio.csproj]
C:\UserWorx\VSWorx\ServoStudio\wpfui-servoStudio\samples\Wpf.Ui.servoStudio\Models\ModbusRegister.cs(20,37): warning IDE0055: 淇鏍煎紡 (https://learn.microsoft.com/dotnet/fundamentals/code-analysis/style-rules/ide0055) [C:\UserWorx\VSWorx\ServoStudio\wpfui-servoStudio\samples\Wpf.Ui.servoStudio\servoStudio.csproj]
C:\UserWorx\VSWorx\ServoStudio\wpfui-servoStudio\samples\Wpf.Ui.servoStudio\Models\ModbusRegister.cs(21,25): warning IDE0055: 淇鏍煎紡 (https://learn.microsoft.com/dotnet/fundamentals/code-analysis/style-rules/ide0055) [C:\UserWorx\VSWorx\ServoStudio\wpfui-servoStudio\samples\Wpf.Ui.servoStudio\servoStudio.csproj]
C:\UserWorx\VSWorx\ServoStudio\wpfui-servoStudio\samples\Wpf.Ui.servoStudio\Models\ModbusRegister.cs(21,27): warning IDE0055: 淇鏍煎紡 (https://learn.microsoft.com/dotnet/fundamentals/code-analysis/style-rules/ide0055) [C:\UserWorx\VSWorx\ServoStudio\wpfui-servoStudio\samples\Wpf.Ui.servoStudio\servoStudio.csproj]
C:\UserWorx\VSWorx\ServoStudio\wpfui-servoStudio\samples\Wpf.Ui.servoStudio\Models\ModbusRegister.cs(21,37): warning IDE0055: 淇鏍煎紡 (https://learn.microsoft.com/dotnet/fundamentals/code-analysis/style-rules/ide0055) [C:\UserWorx\VSWorx\ServoStudio\wpfui-servoStudio\samples\Wpf.Ui.servoStudio\servoStudio.csproj]
C:\UserWorx\VSWorx\ServoStudio\wpfui-servoStudio\samples\Wpf.Ui.servoStudio\Models\ModbusRegister.cs(22,25): warning IDE0055: 淇鏍煎紡 (https://learn.microsoft.com/dotnet/fundamentals/code-analysis/style-rules/ide0055) [C:\UserWorx\VSWorx\ServoStudio\wpfui-servoStudio\samples\Wpf.Ui.servoStudio\servoStudio.csproj]
C:\UserWorx\VSWorx\ServoStudio\wpfui-servoStudio\samples\Wpf.Ui.servoStudio\Models\ModbusRegister.cs(22,27): warning IDE0055: 淇鏍煎紡 (https://learn.microsoft.com/dotnet/fundamentals/code-analysis/style-rules/ide0055) [C:\UserWorx\VSWorx\ServoStudio\wpfui-servoStudio\samples\Wpf.Ui.servoStudio\servoStudio.csproj]
C:\UserWorx\VSWorx\ServoStudio\wpfui-servoStudio\samples\Wpf.Ui.servoStudio\Models\ModbusRegister.cs(22,37): warning IDE0055: 淇鏍煎紡 (https://learn.microsoft.com/dotnet/fundamentals/code-analysis/style-rules/ide0055) [C:\UserWorx\VSWorx\ServoStudio\wpfui-servoStudio\samples\Wpf.Ui.servoStudio\servoStudio.csproj]
C:\UserWorx\VSWorx\ServoStudio\wpfui-servoStudio\samples\Wpf.Ui.servoStudio\Models\ModbusRegister.cs(23,25): warning IDE0055: 淇鏍煎紡 (https://learn.microsoft.com/dotnet/fundamentals/code-analysis/style-rules/ide0055) [C:\UserWorx\VSWorx\ServoStudio\wpfui-servoStudio\samples\Wpf.Ui.servoStudio\servoStudio.csproj]
C:\UserWorx\VSWorx\ServoStudio\wpfui-servoStudio\samples\Wpf.Ui.servoStudio\Models\ModbusRegister.cs(23,27): warning IDE0055: 淇鏍煎紡 (https://learn.microsoft.com/dotnet/fundamentals/code-analysis/style-rules/ide0055) [C:\UserWorx\VSWorx\ServoStudio\wpfui-servoStudio\samples\Wpf.Ui.servoStudio\servoStudio.csproj]
C:\UserWorx\VSWorx\ServoStudio\wpfui-servoStudio\samples\Wpf.Ui.servoStudio\Models\ModbusRegister.cs(23,37): warning IDE0055: 淇鏍煎紡 (https://learn.microsoft.com/dotnet/fundamentals/code-analysis/style-rules/ide0055) [C:\UserWorx\VSWorx\ServoStudio\wpfui-servoStudio\samples\Wpf.Ui.servoStudio\servoStudio.csproj]
C:\UserWorx\VSWorx\ServoStudio\wpfui-servoStudio\samples\Wpf.Ui.servoStudio\Models\MotorIdentificationModel.cs(52,40): warning IDE0055: 淇鏍煎紡 (https://learn.microsoft.com/dotnet/fundamentals/code-analysis/style-rules/ide0055) [C:\UserWorx\VSWorx\ServoStudio\wpfui-servoStudio\samples\Wpf.Ui.servoStudio\servoStudio.csproj]
C:\UserWorx\VSWorx\ServoStudio\wpfui-servoStudio\samples\Wpf.Ui.servoStudio\Models\MotorIdentificationModel.cs(52,42): warning IDE0055: 淇鏍煎紡 (https://learn.microsoft.com/dotnet/fundamentals/code-analysis/style-rules/ide0055) [C:\UserWorx\VSWorx\ServoStudio\wpfui-servoStudio\samples\Wpf.Ui.servoStudio\servoStudio.csproj]
C:\UserWorx\VSWorx\ServoStudio\wpfui-servoStudio\samples\Wpf.Ui.servoStudio\Models\MotorIdentificationModel.cs(52,52): warning IDE0055: 淇鏍煎紡 (https://learn.microsoft.com/dotnet/fundamentals/code-analysis/style-rules/ide0055) [C:\UserWorx\VSWorx\ServoStudio\wpfui-servoStudio\samples\Wpf.Ui.servoStudio\servoStudio.csproj]
C:\UserWorx\VSWorx\ServoStudio\wpfui-servoStudio\samples\Wpf.Ui.servoStudio\Models\MotorIdentificationModel.cs(55,35): warning IDE0055: 淇鏍煎紡 (https://learn.microsoft.com/dotnet/fundamentals/code-analysis/style-rules/ide0055) [C:\UserWorx\VSWorx\ServoStudio\wpfui-servoStudio\samples\Wpf.Ui.servoStudio\servoStudio.csproj]
C:\UserWorx\VSWorx\ServoStudio\wpfui-servoStudio\samples\Wpf.Ui.servoStudio\Models\MotorIdentificationModel.cs(55,37): warning IDE0055: 淇鏍煎紡 (https://learn.microsoft.com/dotnet/fundamentals/code-analysis/style-rules/ide0055) [C:\UserWorx\VSWorx\ServoStudio\wpfui-servoStudio\samples\Wpf.Ui.servoStudio\servoStudio.csproj]
C:\UserWorx\VSWorx\ServoStudio\wpfui-servoStudio\samples\Wpf.Ui.servoStudio\Models\MotorIdentificationModel.cs(55,47): warning IDE0055: 淇鏍煎紡 (https://learn.microsoft.com/dotnet/fundamentals/code-analysis/style-rules/ide0055) [C:\UserWorx\VSWorx\ServoStudio\wpfui-servoStudio\samples\Wpf.Ui.servoStudio\servoStudio.csproj]
C:\UserWorx\VSWorx\ServoStudio\wpfui-servoStudio\samples\Wpf.Ui.servoStudio\Models\MotorIdentificationModel.cs(58,34): warning IDE0055: 淇鏍煎紡 (https://learn.microsoft.com/dotnet/fundamentals/code-analysis/style-rules/ide0055) [C:\UserWorx\VSWorx\ServoStudio\wpfui-servoStudio\samples\Wpf.Ui.servoStudio\servoStudio.csproj]
C:\UserWorx\VSWorx\ServoStudio\wpfui-servoStudio\samples\Wpf.Ui.servoStudio\Models\MotorIdentificationModel.cs(58,36): warning IDE0055: 淇鏍煎紡 (https://learn.microsoft.com/dotnet/fundamentals/code-analysis/style-rules/ide0055) [C:\UserWorx\VSWorx\ServoStudio\wpfui-servoStudio\samples\Wpf.Ui.servoStudio\servoStudio.csproj]
C:\UserWorx\VSWorx\ServoStudio\wpfui-servoStudio\samples\Wpf.Ui.servoStudio\Models\MotorIdentificationModel.cs(58,46): warning IDE0055: 淇鏍煎紡 (https://learn.microsoft.com/dotnet/fundamentals/code-analysis/style-rules/ide0055) [C:\UserWorx\VSWorx\ServoStudio\wpfui-servoStudio\samples\Wpf.Ui.servoStudio\servoStudio.csproj]
C:\UserWorx\VSWorx\ServoStudio\wpfui-servoStudio\samples\Wpf.Ui.servoStudio\Models\MotorIdentificationModel.cs(61,34): warning IDE0055: 淇鏍煎紡 (https://learn.microsoft.com/dotnet/fundamentals/code-analysis/style-rules/ide0055) [C:\UserWorx\VSWorx\ServoStudio\wpfui-servoStudio\samples\Wpf.Ui.servoStudio\servoStudio.csproj]
C:\UserWorx\VSWorx\ServoStudio\wpfui-servoStudio\samples\Wpf.Ui.servoStudio\Models\MotorIdentificationModel.cs(61,36): warning IDE0055: 淇鏍煎紡 (https://learn.microsoft.com/dotnet/fundamentals/code-analysis/style-rules/ide0055) [C:\UserWorx\VSWorx\ServoStudio\wpfui-servoStudio\samples\Wpf.Ui.servoStudio\servoStudio.csproj]
C:\UserWorx\VSWorx\ServoStudio\wpfui-servoStudio\samples\Wpf.Ui.servoStudio\Models\MotorIdentificationModel.cs(61,46): warning IDE0055: 淇鏍煎紡 (https://learn.microsoft.com/dotnet/fundamentals/code-analysis/style-rules/ide0055) [C:\UserWorx\VSWorx\ServoStudio\wpfui-servoStudio\samples\Wpf.Ui.servoStudio\servoStudio.csproj]
C:\UserWorx\VSWorx\ServoStudio\wpfui-servoStudio\samples\Wpf.Ui.servoStudio\Models\MotorIdentificationModel.cs(64,34): warning IDE0055: 淇鏍煎紡 (https://learn.microsoft.com/dotnet/fundamentals/code-analysis/style-rules/ide0055) [C:\UserWorx\VSWorx\ServoStudio\wpfui-servoStudio\samples\Wpf.Ui.servoStudio\servoStudio.csproj]
C:\UserWorx\VSWorx\ServoStudio\wpfui-servoStudio\samples\Wpf.Ui.servoStudio\Models\MotorIdentificationModel.cs(64,36): warning IDE0055: 淇鏍煎紡 (https://learn.microsoft.com/dotnet/fundamentals/code-analysis/style-rules/ide0055) [C:\UserWorx\VSWorx\ServoStudio\wpfui-servoStudio\samples\Wpf.Ui.servoStudio\servoStudio.csproj]
C:\UserWorx\VSWorx\ServoStudio\wpfui-servoStudio\samples\Wpf.Ui.servoStudio\Models\MotorIdentificationModel.cs(64,46): warning IDE0055: 淇鏍煎紡 (https://learn.microsoft.com/dotnet/fundamentals/code-analysis/style-rules/ide0055) [C:\UserWorx\VSWorx\ServoStudio\wpfui-servoStudio\samples\Wpf.Ui.servoStudio\servoStudio.csproj]
C:\UserWorx\VSWorx\ServoStudio\wpfui-servoStudio\samples\Wpf.Ui.servoStudio\Models\MotorIdentificationModel.cs(67,30): warning IDE0055: 淇鏍煎紡 (https://learn.microsoft.com/dotnet/fundamentals/code-analysis/style-rules/ide0055) [C:\UserWorx\VSWorx\ServoStudio\wpfui-servoStudio\samples\Wpf.Ui.servoStudio\servoStudio.csproj]
C:\UserWorx\VSWorx\ServoStudio\wpfui-servoStudio\samples\Wpf.Ui.servoStudio\Models\MotorIdentificationModel.cs(67,32): warning IDE0055: 淇鏍煎紡 (https://learn.microsoft.com/dotnet/fundamentals/code-analysis/style-rules/ide0055) [C:\UserWorx\VSWorx\ServoStudio\wpfui-servoStudio\samples\Wpf.Ui.servoStudio\servoStudio.csproj]
C:\UserWorx\VSWorx\ServoStudio\wpfui-servoStudio\samples\Wpf.Ui.servoStudio\Models\MotorIdentificationModel.cs(67,42): warning IDE0055: 淇鏍煎紡 (https://learn.microsoft.com/dotnet/fundamentals/code-analysis/style-rules/ide0055) [C:\UserWorx\VSWorx\ServoStudio\wpfui-servoStudio\samples\Wpf.Ui.servoStudio\servoStudio.csproj]
C:\UserWorx\VSWorx\ServoStudio\wpfui-servoStudio\samples\Wpf.Ui.servoStudio\Models\MotorIdentificationModel.cs(70,26): warning IDE0055: 淇鏍煎紡 (https://learn.microsoft.com/dotnet/fundamentals/code-analysis/style-rules/ide0055) [C:\UserWorx\VSWorx\ServoStudio\wpfui-servoStudio\samples\Wpf.Ui.servoStudio\servoStudio.csproj]
C:\UserWorx\VSWorx\ServoStudio\wpfui-servoStudio\samples\Wpf.Ui.servoStudio\Models\MotorIdentificationModel.cs(70,28): warning IDE0055: 淇鏍煎紡 (https://learn.microsoft.com/dotnet/fundamentals/code-analysis/style-rules/ide0055) [C:\UserWorx\VSWorx\ServoStudio\wpfui-servoStudio\samples\Wpf.Ui.servoStudio\servoStudio.csproj]
C:\UserWorx\VSWorx\ServoStudio\wpfui-servoStudio\samples\Wpf.Ui.servoStudio\Models\MotorIdentificationModel.cs(70,38): warning IDE0055: 淇鏍煎紡 (https://learn.microsoft.com/dotnet/fundamentals/code-analysis/style-rules/ide0055) [C:\UserWorx\VSWorx\ServoStudio\wpfui-servoStudio\samples\Wpf.Ui.servoStudio\servoStudio.csproj]
C:\UserWorx\VSWorx\ServoStudio\wpfui-servoStudio\samples\Wpf.Ui.servoStudio\Models\MotorIdentificationModel.cs(73,34): warning IDE0055: 淇鏍煎紡 (https://learn.microsoft.com/dotnet/fundamentals/code-analysis/style-rules/ide0055) [C:\UserWorx\VSWorx\ServoStudio\wpfui-servoStudio\samples\Wpf.Ui.servoStudio\servoStudio.csproj]
C:\UserWorx\VSWorx\ServoStudio\wpfui-servoStudio\samples\Wpf.Ui.servoStudio\Models\MotorIdentificationModel.cs(73,36): warning IDE0055: 淇鏍煎紡 (https://learn.microsoft.com/dotnet/fundamentals/code-analysis/style-rules/ide0055) [C:\UserWorx\VSWorx\ServoStudio\wpfui-servoStudio\samples\Wpf.Ui.servoStudio\servoStudio.csproj]
C:\UserWorx\VSWorx\ServoStudio\wpfui-servoStudio\samples\Wpf.Ui.servoStudio\Models\MotorIdentificationModel.cs(73,46): warning IDE0055: 淇鏍煎紡 (https://learn.microsoft.com/dotnet/fundamentals/code-analysis/style-rules/ide0055) [C:\UserWorx\VSWorx\ServoStudio\wpfui-servoStudio\samples\Wpf.Ui.servoStudio\servoStudio.csproj]
C:\UserWorx\VSWorx\ServoStudio\wpfui-servoStudio\samples\Wpf.Ui.servoStudio\Models\MotorIdentificationModel.cs(76,34): warning IDE0055: 淇鏍煎紡 (https://learn.microsoft.com/dotnet/fundamentals/code-analysis/style-rules/ide0055) [C:\UserWorx\VSWorx\ServoStudio\wpfui-servoStudio\samples\Wpf.Ui.servoStudio\servoStudio.csproj]
C:\UserWorx\VSWorx\ServoStudio\wpfui-servoStudio\samples\Wpf.Ui.servoStudio\Models\MotorIdentificationModel.cs(76,36): warning IDE0055: 淇鏍煎紡 (https://learn.microsoft.com/dotnet/fundamentals/code-analysis/style-rules/ide0055) [C:\UserWorx\VSWorx\ServoStudio\wpfui-servoStudio\samples\Wpf.Ui.servoStudio\servoStudio.csproj]
C:\UserWorx\VSWorx\ServoStudio\wpfui-servoStudio\samples\Wpf.Ui.servoStudio\Models\MotorIdentificationModel.cs(76,46): warning IDE0055: 淇鏍煎紡 (https://learn.microsoft.com/dotnet/fundamentals/code-analysis/style-rules/ide0055) [C:\UserWorx\VSWorx\ServoStudio\wpfui-servoStudio\samples\Wpf.Ui.servoStudio\servoStudio.csproj]
C:\UserWorx\VSWorx\ServoStudio\wpfui-servoStudio\samples\Wpf.Ui.servoStudio\Models\MotorIdentificationModel.cs(79,25): warning IDE0055: 淇鏍煎紡 (https://learn.microsoft.com/dotnet/fundamentals/code-analysis/style-rules/ide0055) [C:\UserWorx\VSWorx\ServoStudio\wpfui-servoStudio\samples\Wpf.Ui.servoStudio\servoStudio.csproj]
C:\UserWorx\VSWorx\ServoStudio\wpfui-servoStudio\samples\Wpf.Ui.servoStudio\Models\MotorIdentificationModel.cs(79,27): warning IDE0055: 淇鏍煎紡 (https://learn.microsoft.com/dotnet/fundamentals/code-analysis/style-rules/ide0055) [C:\UserWorx\VSWorx\ServoStudio\wpfui-servoStudio\samples\Wpf.Ui.servoStudio\servoStudio.csproj]
C:\UserWorx\VSWorx\ServoStudio\wpfui-servoStudio\samples\Wpf.Ui.servoStudio\Models\MotorIdentificationModel.cs(79,37): warning IDE0055: 淇鏍煎紡 (https://learn.microsoft.com/dotnet/fundamentals/code-analysis/style-rules/ide0055) [C:\UserWorx\VSWorx\ServoStudio\wpfui-servoStudio\samples\Wpf.Ui.servoStudio\servoStudio.csproj]
C:\UserWorx\VSWorx\ServoStudio\wpfui-servoStudio\samples\Wpf.Ui.servoStudio\Models\MotorIdentificationModel.cs(82,33): warning IDE0055: 淇鏍煎紡 (https://learn.microsoft.com/dotnet/fundamentals/code-analysis/style-rules/ide0055) [C:\UserWorx\VSWorx\ServoStudio\wpfui-servoStudio\samples\Wpf.Ui.servoStudio\servoStudio.csproj]
C:\UserWorx\VSWorx\ServoStudio\wpfui-servoStudio\samples\Wpf.Ui.servoStudio\Models\MotorIdentificationModel.cs(82,35): warning IDE0055: 淇鏍煎紡 (https://learn.microsoft.com/dotnet/fundamentals/code-analysis/style-rules/ide0055) [C:\UserWorx\VSWorx\ServoStudio\wpfui-servoStudio\samples\Wpf.Ui.servoStudio\servoStudio.csproj]
C:\UserWorx\VSWorx\ServoStudio\wpfui-servoStudio\samples\Wpf.Ui.servoStudio\Models\MotorIdentificationModel.cs(82,45): warning IDE0055: 淇鏍煎紡 (https://learn.microsoft.com/dotnet/fundamentals/code-analysis/style-rules/ide0055) [C:\UserWorx\VSWorx\ServoStudio\wpfui-servoStudio\samples\Wpf.Ui.servoStudio\servoStudio.csproj]
C:\UserWorx\VSWorx\ServoStudio\wpfui-servoStudio\samples\Wpf.Ui.servoStudio\Models\MotorIdentificationModel.cs(85,24): warning IDE0055: 淇鏍煎紡 (https://learn.microsoft.com/dotnet/fundamentals/code-analysis/style-rules/ide0055) [C:\UserWorx\VSWorx\ServoStudio\wpfui-servoStudio\samples\Wpf.Ui.servoStudio\servoStudio.csproj]
C:\UserWorx\VSWorx\ServoStudio\wpfui-servoStudio\samples\Wpf.Ui.servoStudio\Models\MotorIdentificationModel.cs(85,26): warning IDE0055: 淇鏍煎紡 (https://learn.microsoft.com/dotnet/fundamentals/code-analysis/style-rules/ide0055) [C:\UserWorx\VSWorx\ServoStudio\wpfui-servoStudio\samples\Wpf.Ui.servoStudio\servoStudio.csproj]
C:\UserWorx\VSWorx\ServoStudio\wpfui-servoStudio\samples\Wpf.Ui.servoStudio\Models\MotorIdentificationModel.cs(85,36): warning IDE0055: 淇鏍煎紡 (https://learn.microsoft.com/dotnet/fundamentals/code-analysis/style-rules/ide0055) [C:\UserWorx\VSWorx\ServoStudio\wpfui-servoStudio\samples\Wpf.Ui.servoStudio\servoStudio.csproj]
C:\UserWorx\VSWorx\ServoStudio\wpfui-servoStudio\samples\Wpf.Ui.servoStudio\Models\MotorIdentificationModel.cs(97,42): warning IDE0055: 淇鏍煎紡 (https://learn.microsoft.com/dotnet/fundamentals/code-analysis/style-rules/ide0055) [C:\UserWorx\VSWorx\ServoStudio\wpfui-servoStudio\samples\Wpf.Ui.servoStudio\servoStudio.csproj]
C:\UserWorx\VSWorx\ServoStudio\wpfui-servoStudio\samples\Wpf.Ui.servoStudio\Models\MotorIdentificationModel.cs(97,44): warning IDE0055: 淇鏍煎紡 (https://learn.microsoft.com/dotnet/fundamentals/code-analysis/style-rules/ide0055) [C:\UserWorx\VSWorx\ServoStudio\wpfui-servoStudio\samples\Wpf.Ui.servoStudio\servoStudio.csproj]
C:\UserWorx\VSWorx\ServoStudio\wpfui-servoStudio\samples\Wpf.Ui.servoStudio\Models\MotorIdentificationModel.cs(97,54): warning IDE0055: 淇鏍煎紡 (https://learn.microsoft.com/dotnet/fundamentals/code-analysis/style-rules/ide0055) [C:\UserWorx\VSWorx\ServoStudio\wpfui-servoStudio\samples\Wpf.Ui.servoStudio\servoStudio.csproj]
C:\UserWorx\VSWorx\ServoStudio\wpfui-servoStudio\samples\Wpf.Ui.servoStudio\Models\Product.cs(10,20): warning IDE0055: 淇鏍煎紡 (https://learn.microsoft.com/dotnet/fundamentals/code-analysis/style-rules/ide0055) [C:\UserWorx\VSWorx\ServoStudio\wpfui-servoStudio\samples\Wpf.Ui.servoStudio\servoStudio.csproj]
C:\UserWorx\VSWorx\ServoStudio\wpfui-servoStudio\samples\Wpf.Ui.servoStudio\Models\Product.cs(10,22): warning IDE0055: 淇鏍煎紡 (https://learn.microsoft.com/dotnet/fundamentals/code-analysis/style-rules/ide0055) [C:\UserWorx\VSWorx\ServoStudio\wpfui-servoStudio\samples\Wpf.Ui.servoStudio\servoStudio.csproj]
C:\UserWorx\VSWorx\ServoStudio\wpfui-servoStudio\samples\Wpf.Ui.servoStudio\Models\Product.cs(10,32): warning IDE0055: 淇鏍煎紡 (https://learn.microsoft.com/dotnet/fundamentals/code-analysis/style-rules/ide0055) [C:\UserWorx\VSWorx\ServoStudio\wpfui-servoStudio\samples\Wpf.Ui.servoStudio\servoStudio.csproj]
C:\UserWorx\VSWorx\ServoStudio\wpfui-servoStudio\samples\Wpf.Ui.servoStudio\Models\Product.cs(12,25): warning IDE0055: 淇鏍煎紡 (https://learn.microsoft.com/dotnet/fundamentals/code-analysis/style-rules/ide0055) [C:\UserWorx\VSWorx\ServoStudio\wpfui-servoStudio\samples\Wpf.Ui.servoStudio\servoStudio.csproj]
C:\UserWorx\VSWorx\ServoStudio\wpfui-servoStudio\samples\Wpf.Ui.servoStudio\Models\Product.cs(12,27): warning IDE0055: 淇鏍煎紡 (https://learn.microsoft.com/dotnet/fundamentals/code-analysis/style-rules/ide0055) [C:\UserWorx\VSWorx\ServoStudio\wpfui-servoStudio\samples\Wpf.Ui.servoStudio\servoStudio.csproj]
C:\UserWorx\VSWorx\ServoStudio\wpfui-servoStudio\samples\Wpf.Ui.servoStudio\Models\Product.cs(12,37): warning IDE0055: 淇鏍煎紡 (https://learn.microsoft.com/dotnet/fundamentals/code-analysis/style-rules/ide0055) [C:\UserWorx\VSWorx\ServoStudio\wpfui-servoStudio\samples\Wpf.Ui.servoStudio\servoStudio.csproj]
C:\UserWorx\VSWorx\ServoStudio\wpfui-servoStudio\samples\Wpf.Ui.servoStudio\Models\Product.cs(14,29): warning IDE0055: 淇鏍煎紡 (https://learn.microsoft.com/dotnet/fundamentals/code-analysis/style-rules/ide0055) [C:\UserWorx\VSWorx\ServoStudio\wpfui-servoStudio\samples\Wpf.Ui.servoStudio\servoStudio.csproj]
C:\UserWorx\VSWorx\ServoStudio\wpfui-servoStudio\samples\Wpf.Ui.servoStudio\Models\Product.cs(14,31): warning IDE0055: 淇鏍煎紡 (https://learn.microsoft.com/dotnet/fundamentals/code-analysis/style-rules/ide0055) [C:\UserWorx\VSWorx\ServoStudio\wpfui-servoStudio\samples\Wpf.Ui.servoStudio\servoStudio.csproj]
C:\UserWorx\VSWorx\ServoStudio\wpfui-servoStudio\samples\Wpf.Ui.servoStudio\Models\Product.cs(14,41): warning IDE0055: 淇鏍煎紡 (https://learn.microsoft.com/dotnet/fundamentals/code-analysis/style-rules/ide0055) [C:\UserWorx\VSWorx\ServoStudio\wpfui-servoStudio\samples\Wpf.Ui.servoStudio\servoStudio.csproj]
C:\UserWorx\VSWorx\ServoStudio\wpfui-servoStudio\samples\Wpf.Ui.servoStudio\Models\Product.cs(16,25): warning IDE0055: 淇鏍煎紡 (https://learn.microsoft.com/dotnet/fundamentals/code-analysis/style-rules/ide0055) [C:\UserWorx\VSWorx\ServoStudio\wpfui-servoStudio\samples\Wpf.Ui.servoStudio\servoStudio.csproj]
C:\UserWorx\VSWorx\ServoStudio\wpfui-servoStudio\samples\Wpf.Ui.servoStudio\Models\Product.cs(16,27): warning IDE0055: 淇鏍煎紡 (https://learn.microsoft.com/dotnet/fundamentals/code-analysis/style-rules/ide0055) [C:\UserWorx\VSWorx\ServoStudio\wpfui-servoStudio\samples\Wpf.Ui.servoStudio\servoStudio.csproj]
C:\UserWorx\VSWorx\ServoStudio\wpfui-servoStudio\samples\Wpf.Ui.servoStudio\Models\Product.cs(16,37): warning IDE0055: 淇鏍煎紡 (https://learn.microsoft.com/dotnet/fundamentals/code-analysis/style-rules/ide0055) [C:\UserWorx\VSWorx\ServoStudio\wpfui-servoStudio\samples\Wpf.Ui.servoStudio\servoStudio.csproj]
C:\UserWorx\VSWorx\ServoStudio\wpfui-servoStudio\samples\Wpf.Ui.servoStudio\Models\Product.cs(18,26): warning IDE0055: 淇鏍煎紡 (https://learn.microsoft.com/dotnet/fundamentals/code-analysis/style-rules/ide0055) [C:\UserWorx\VSWorx\ServoStudio\wpfui-servoStudio\samples\Wpf.Ui.servoStudio\servoStudio.csproj]
C:\UserWorx\VSWorx\ServoStudio\wpfui-servoStudio\samples\Wpf.Ui.servoStudio\Models\Product.cs(18,28): warning IDE0055: 淇鏍煎紡 (https://learn.microsoft.com/dotnet/fundamentals/code-analysis/style-rules/ide0055) [C:\UserWorx\VSWorx\ServoStudio\wpfui-servoStudio\samples\Wpf.Ui.servoStudio\servoStudio.csproj]
C:\UserWorx\VSWorx\ServoStudio\wpfui-servoStudio\samples\Wpf.Ui.servoStudio\Models\Product.cs(18,38): warning IDE0055: 淇鏍煎紡 (https://learn.microsoft.com/dotnet/fundamentals/code-analysis/style-rules/ide0055) [C:\UserWorx\VSWorx\ServoStudio\wpfui-servoStudio\samples\Wpf.Ui.servoStudio\servoStudio.csproj]
C:\UserWorx\VSWorx\ServoStudio\wpfui-servoStudio\samples\Wpf.Ui.servoStudio\Models\Product.cs(29,21): warning IDE0055: 淇鏍煎紡 (https://learn.microsoft.com/dotnet/fundamentals/code-analysis/style-rules/ide0055) [C:\UserWorx\VSWorx\ServoStudio\wpfui-servoStudio\samples\Wpf.Ui.servoStudio\servoStudio.csproj]
C:\UserWorx\VSWorx\ServoStudio\wpfui-servoStudio\samples\Wpf.Ui.servoStudio\Models\Product.cs(29,23): warning IDE0055: 淇鏍煎紡 (https://learn.microsoft.com/dotnet/fundamentals/code-analysis/style-rules/ide0055) [C:\UserWorx\VSWorx\ServoStudio\wpfui-servoStudio\samples\Wpf.Ui.servoStudio\servoStudio.csproj]
C:\UserWorx\VSWorx\ServoStudio\wpfui-servoStudio\samples\Wpf.Ui.servoStudio\Models\Product.cs(29,33): warning IDE0055: 淇鏍煎紡 (https://learn.microsoft.com/dotnet/fundamentals/code-analysis/style-rules/ide0055) [C:\UserWorx\VSWorx\ServoStudio\wpfui-servoStudio\samples\Wpf.Ui.servoStudio\servoStudio.csproj]
C:\UserWorx\VSWorx\ServoStudio\wpfui-servoStudio\samples\Wpf.Ui.servoStudio\Models\Product.cs(32,30): warning IDE0055: 淇鏍煎紡 (https://learn.microsoft.com/dotnet/fundamentals/code-analysis/style-rules/ide0055) [C:\UserWorx\VSWorx\ServoStudio\wpfui-servoStudio\samples\Wpf.Ui.servoStudio\servoStudio.csproj]
C:\UserWorx\VSWorx\ServoStudio\wpfui-servoStudio\samples\Wpf.Ui.servoStudio\Models\Product.cs(32,32): warning IDE0055: 淇鏍煎紡 (https://learn.microsoft.com/dotnet/fundamentals/code-analysis/style-rules/ide0055) [C:\UserWorx\VSWorx\ServoStudio\wpfui-servoStudio\samples\Wpf.Ui.servoStudio\servoStudio.csproj]
C:\UserWorx\VSWorx\ServoStudio\wpfui-servoStudio\samples\Wpf.Ui.servoStudio\Models\Product.cs(32,42): warning IDE0055: 淇鏍煎紡 (https://learn.microsoft.com/dotnet/fundamentals/code-analysis/style-rules/ide0055) [C:\UserWorx\VSWorx\ServoStudio\wpfui-servoStudio\samples\Wpf.Ui.servoStudio\servoStudio.csproj]
C:\UserWorx\VSWorx\ServoStudio\wpfui-servoStudio\samples\Wpf.Ui.servoStudio\Models\Product.cs(35,34): warning IDE0055: 淇鏍煎紡 (https://learn.microsoft.com/dotnet/fundamentals/code-analysis/style-rules/ide0055) [C:\UserWorx\VSWorx\ServoStudio\wpfui-servoStudio\samples\Wpf.Ui.servoStudio\servoStudio.csproj]
C:\UserWorx\VSWorx\ServoStudio\wpfui-servoStudio\samples\Wpf.Ui.servoStudio\Models\Product.cs(35,36): warning IDE0055: 淇鏍煎紡 (https://learn.microsoft.com/dotnet/fundamentals/code-analysis/style-rules/ide0055) [C:\UserWorx\VSWorx\ServoStudio\wpfui-servoStudio\samples\Wpf.Ui.servoStudio\servoStudio.csproj]
C:\UserWorx\VSWorx\ServoStudio\wpfui-servoStudio\samples\Wpf.Ui.servoStudio\Models\Product.cs(35,46): warning IDE0055: 淇鏍煎紡 (https://learn.microsoft.com/dotnet/fundamentals/code-analysis/style-rules/ide0055) [C:\UserWorx\VSWorx\ServoStudio\wpfui-servoStudio\samples\Wpf.Ui.servoStudio\servoStudio.csproj]
C:\UserWorx\VSWorx\ServoStudio\wpfui-servoStudio\samples\Wpf.Ui.servoStudio\Models\Product.cs(41,26): warning IDE0055: 淇鏍煎紡 (https://learn.microsoft.com/dotnet/fundamentals/code-analysis/style-rules/ide0055) [C:\UserWorx\VSWorx\ServoStudio\wpfui-servoStudio\samples\Wpf.Ui.servoStudio\servoStudio.csproj]
C:\UserWorx\VSWorx\ServoStudio\wpfui-servoStudio\samples\Wpf.Ui.servoStudio\Models\Product.cs(41,28): warning IDE0055: 淇鏍煎紡 (https://learn.microsoft.com/dotnet/fundamentals/code-analysis/style-rules/ide0055) [C:\UserWorx\VSWorx\ServoStudio\wpfui-servoStudio\samples\Wpf.Ui.servoStudio\servoStudio.csproj]
C:\UserWorx\VSWorx\ServoStudio\wpfui-servoStudio\samples\Wpf.Ui.servoStudio\Models\Product.cs(41,38): warning IDE0055: 淇鏍煎紡 (https://learn.microsoft.com/dotnet/fundamentals/code-analysis/style-rules/ide0055) [C:\UserWorx\VSWorx\ServoStudio\wpfui-servoStudio\samples\Wpf.Ui.servoStudio\servoStudio.csproj]
C:\UserWorx\VSWorx\ServoStudio\wpfui-servoStudio\samples\Wpf.Ui.servoStudio\Models\Product.cs(86,34): warning IDE0055: 淇鏍煎紡 (https://learn.microsoft.com/dotnet/fundamentals/code-analysis/style-rules/ide0055) [C:\UserWorx\VSWorx\ServoStudio\wpfui-servoStudio\samples\Wpf.Ui.servoStudio\servoStudio.csproj]
C:\UserWorx\VSWorx\ServoStudio\wpfui-servoStudio\samples\Wpf.Ui.servoStudio\Models\Product.cs(87,34): warning IDE0055: 淇鏍煎紡 (https://learn.microsoft.com/dotnet/fundamentals/code-analysis/style-rules/ide0055) [C:\UserWorx\VSWorx\ServoStudio\wpfui-servoStudio\samples\Wpf.Ui.servoStudio\servoStudio.csproj]
C:\UserWorx\VSWorx\ServoStudio\wpfui-servoStudio\samples\Wpf.Ui.servoStudio\Models\Product.cs(88,34): warning IDE0055: 淇鏍煎紡 (https://learn.microsoft.com/dotnet/fundamentals/code-analysis/style-rules/ide0055) [C:\UserWorx\VSWorx\ServoStudio\wpfui-servoStudio\samples\Wpf.Ui.servoStudio\servoStudio.csproj]
C:\UserWorx\VSWorx\ServoStudio\wpfui-servoStudio\samples\Wpf.Ui.servoStudio\Models\Product.cs(89,38): warning IDE0055: 淇鏍煎紡 (https://learn.microsoft.com/dotnet/fundamentals/code-analysis/style-rules/ide0055) [C:\UserWorx\VSWorx\ServoStudio\wpfui-servoStudio\samples\Wpf.Ui.servoStudio\servoStudio.csproj]
C:\UserWorx\VSWorx\ServoStudio\wpfui-servoStudio\samples\Wpf.Ui.servoStudio\Models\Product.cs(90,40): warning IDE0055: 淇鏍煎紡 (https://learn.microsoft.com/dotnet/fundamentals/code-analysis/style-rules/ide0055) [C:\UserWorx\VSWorx\ServoStudio\wpfui-servoStudio\samples\Wpf.Ui.servoStudio\servoStudio.csproj]
C:\UserWorx\VSWorx\ServoStudio\wpfui-servoStudio\samples\Wpf.Ui.servoStudio\Models\Product.cs(91,40): warning IDE0055: 淇鏍煎紡 (https://learn.microsoft.com/dotnet/fundamentals/code-analysis/style-rules/ide0055) [C:\UserWorx\VSWorx\ServoStudio\wpfui-servoStudio\samples\Wpf.Ui.servoStudio\servoStudio.csproj]
C:\UserWorx\VSWorx\ServoStudio\wpfui-servoStudio\samples\Wpf.Ui.servoStudio\Models\Product.cs(92,47): warning IDE0055: 淇鏍煎紡 (https://learn.microsoft.com/dotnet/fundamentals/code-analysis/style-rules/ide0055) [C:\UserWorx\VSWorx\ServoStudio\wpfui-servoStudio\samples\Wpf.Ui.servoStudio\servoStudio.csproj]
C:\UserWorx\VSWorx\ServoStudio\wpfui-servoStudio\samples\Wpf.Ui.servoStudio\Models\RegisterRow.cs(18,31): warning IDE0055: 淇鏍煎紡 (https://learn.microsoft.com/dotnet/fundamentals/code-analysis/style-rules/ide0055) [C:\UserWorx\VSWorx\ServoStudio\wpfui-servoStudio\samples\Wpf.Ui.servoStudio\servoStudio.csproj]
C:\UserWorx\VSWorx\ServoStudio\wpfui-servoStudio\samples\Wpf.Ui.servoStudio\Models\RegisterRow.cs(18,33): warning IDE0055: 淇鏍煎紡 (https://learn.microsoft.com/dotnet/fundamentals/code-analysis/style-rules/ide0055) [C:\UserWorx\VSWorx\ServoStudio\wpfui-servoStudio\samples\Wpf.Ui.servoStudio\servoStudio.csproj]
C:\UserWorx\VSWorx\ServoStudio\wpfui-servoStudio\samples\Wpf.Ui.servoStudio\Models\RegisterRow.cs(18,44): warning IDE0055: 淇鏍煎紡 (https://learn.microsoft.com/dotnet/fundamentals/code-analysis/style-rules/ide0055) [C:\UserWorx\VSWorx\ServoStudio\wpfui-servoStudio\samples\Wpf.Ui.servoStudio\servoStudio.csproj]
C:\UserWorx\VSWorx\ServoStudio\wpfui-servoStudio\samples\Wpf.Ui.servoStudio\Models\RegisterRow.cs(24,24): warning IDE0055: 淇鏍煎紡 (https://learn.microsoft.com/dotnet/fundamentals/code-analysis/style-rules/ide0055) [C:\UserWorx\VSWorx\ServoStudio\wpfui-servoStudio\samples\Wpf.Ui.servoStudio\servoStudio.csproj]
C:\UserWorx\VSWorx\ServoStudio\wpfui-servoStudio\samples\Wpf.Ui.servoStudio\Models\RegisterRow.cs(24,26): warning IDE0055: 淇鏍煎紡 (https://learn.microsoft.com/dotnet/fundamentals/code-analysis/style-rules/ide0055) [C:\UserWorx\VSWorx\ServoStudio\wpfui-servoStudio\samples\Wpf.Ui.servoStudio\servoStudio.csproj]
C:\UserWorx\VSWorx\ServoStudio\wpfui-servoStudio\samples\Wpf.Ui.servoStudio\Models\RegisterRow.cs(24,37): warning IDE0055: 淇鏍煎紡 (https://learn.microsoft.com/dotnet/fundamentals/code-analysis/style-rules/ide0055) [C:\UserWorx\VSWorx\ServoStudio\wpfui-servoStudio\samples\Wpf.Ui.servoStudio\servoStudio.csproj]
C:\UserWorx\VSWorx\ServoStudio\wpfui-servoStudio\samples\Wpf.Ui.servoStudio\Models\RegisterRow.cs(27,25): warning IDE0055: 淇鏍煎紡 (https://learn.microsoft.com/dotnet/fundamentals/code-analysis/style-rules/ide0055) [C:\UserWorx\VSWorx\ServoStudio\wpfui-servoStudio\samples\Wpf.Ui.servoStudio\servoStudio.csproj]
C:\UserWorx\VSWorx\ServoStudio\wpfui-servoStudio\samples\Wpf.Ui.servoStudio\Models\RegisterRow.cs(27,27): warning IDE0055: 淇鏍煎紡 (https://learn.microsoft.com/dotnet/fundamentals/code-analysis/style-rules/ide0055) [C:\UserWorx\VSWorx\ServoStudio\wpfui-servoStudio\samples\Wpf.Ui.servoStudio\servoStudio.csproj]
C:\UserWorx\VSWorx\ServoStudio\wpfui-servoStudio\samples\Wpf.Ui.servoStudio\Models\RegisterRow.cs(27,38): warning IDE0055: 淇鏍煎紡 (https://learn.microsoft.com/dotnet/fundamentals/code-analysis/style-rules/ide0055) [C:\UserWorx\VSWorx\ServoStudio\wpfui-servoStudio\samples\Wpf.Ui.servoStudio\servoStudio.csproj]
C:\UserWorx\VSWorx\ServoStudio\wpfui-servoStudio\samples\Wpf.Ui.servoStudio\Models\RegisterRow.cs(71,34): warning IDE0055: 淇鏍煎紡 (https://learn.microsoft.com/dotnet/fundamentals/code-analysis/style-rules/ide0055) [C:\UserWorx\VSWorx\ServoStudio\wpfui-servoStudio\samples\Wpf.Ui.servoStudio\servoStudio.csproj]
C:\UserWorx\VSWorx\ServoStudio\wpfui-servoStudio\samples\Wpf.Ui.servoStudio\Models\SerialPorts.cs(14,28): warning IDE0055: 淇鏍煎紡 (https://learn.microsoft.com/dotnet/fundamentals/code-analysis/style-rules/ide0055) [C:\UserWorx\VSWorx\ServoStudio\wpfui-servoStudio\samples\Wpf.Ui.servoStudio\servoStudio.csproj]
C:\UserWorx\VSWorx\ServoStudio\wpfui-servoStudio\samples\Wpf.Ui.servoStudio\Models\SerialPorts.cs(14,30): warning IDE0055: 淇鏍煎紡 (https://learn.microsoft.com/dotnet/fundamentals/code-analysis/style-rules/ide0055) [C:\UserWorx\VSWorx\ServoStudio\wpfui-servoStudio\samples\Wpf.Ui.servoStudio\servoStudio.csproj]
C:\UserWorx\VSWorx\ServoStudio\wpfui-servoStudio\samples\Wpf.Ui.servoStudio\Models\SerialPorts.cs(14,40): warning IDE0055: 淇鏍煎紡 (https://learn.microsoft.com/dotnet/fundamentals/code-analysis/style-rules/ide0055) [C:\UserWorx\VSWorx\ServoStudio\wpfui-servoStudio\samples\Wpf.Ui.servoStudio\servoStudio.csproj]
C:\UserWorx\VSWorx\ServoStudio\wpfui-servoStudio\samples\Wpf.Ui.servoStudio\Models\SerialPorts.cs(16,21): warning IDE0055: 淇鏍煎紡 (https://learn.microsoft.com/dotnet/fundamentals/code-analysis/style-rules/ide0055) [C:\UserWorx\VSWorx\ServoStudio\wpfui-servoStudio\samples\Wpf.Ui.servoStudio\servoStudio.csproj]
C:\UserWorx\VSWorx\ServoStudio\wpfui-servoStudio\samples\Wpf.Ui.servoStudio\Models\SerialPorts.cs(16,23): warning IDE0055: 淇鏍煎紡 (https://learn.microsoft.com/dotnet/fundamentals/code-analysis/style-rules/ide0055) [C:\UserWorx\VSWorx\ServoStudio\wpfui-servoStudio\samples\Wpf.Ui.servoStudio\servoStudio.csproj]
C:\UserWorx\VSWorx\ServoStudio\wpfui-servoStudio\samples\Wpf.Ui.servoStudio\Models\SerialPorts.cs(16,33): warning IDE0055: 淇鏍煎紡 (https://learn.microsoft.com/dotnet/fundamentals/code-analysis/style-rules/ide0055) [C:\UserWorx\VSWorx\ServoStudio\wpfui-servoStudio\samples\Wpf.Ui.servoStudio\servoStudio.csproj]
C:\UserWorx\VSWorx\ServoStudio\wpfui-servoStudio\samples\Wpf.Ui.servoStudio\Models\SerialPorts.cs(18,27): warning IDE0055: 淇鏍煎紡 (https://learn.microsoft.com/dotnet/fundamentals/code-analysis/style-rules/ide0055) [C:\UserWorx\VSWorx\ServoStudio\wpfui-servoStudio\samples\Wpf.Ui.servoStudio\servoStudio.csproj]
C:\UserWorx\VSWorx\ServoStudio\wpfui-servoStudio\samples\Wpf.Ui.servoStudio\Models\SerialPorts.cs(18,29): warning IDE0055: 淇鏍煎紡 (https://learn.microsoft.com/dotnet/fundamentals/code-analysis/style-rules/ide0055) [C:\UserWorx\VSWorx\ServoStudio\wpfui-servoStudio\samples\Wpf.Ui.servoStudio\servoStudio.csproj]
C:\UserWorx\VSWorx\ServoStudio\wpfui-servoStudio\samples\Wpf.Ui.servoStudio\Models\SerialPorts.cs(18,39): warning IDE0055: 淇鏍煎紡 (https://learn.microsoft.com/dotnet/fundamentals/code-analysis/style-rules/ide0055) [C:\UserWorx\VSWorx\ServoStudio\wpfui-servoStudio\samples\Wpf.Ui.servoStudio\servoStudio.csproj]
C:\UserWorx\VSWorx\ServoStudio\wpfui-servoStudio\samples\Wpf.Ui.servoStudio\Models\SerialPorts.cs(20,29): warning IDE0055: 淇鏍煎紡 (https://learn.microsoft.com/dotnet/fundamentals/code-analysis/style-rules/ide0055) [C:\UserWorx\VSWorx\ServoStudio\wpfui-servoStudio\samples\Wpf.Ui.servoStudio\servoStudio.csproj]
C:\UserWorx\VSWorx\ServoStudio\wpfui-servoStudio\samples\Wpf.Ui.servoStudio\Models\SerialPorts.cs(20,31): warning IDE0055: 淇鏍煎紡 (https://learn.microsoft.com/dotnet/fundamentals/code-analysis/style-rules/ide0055) [C:\UserWorx\VSWorx\ServoStudio\wpfui-servoStudio\samples\Wpf.Ui.servoStudio\servoStudio.csproj]
C:\UserWorx\VSWorx\ServoStudio\wpfui-servoStudio\samples\Wpf.Ui.servoStudio\Models\SerialPorts.cs(20,41): warning IDE0055: 淇鏍煎紡 (https://learn.microsoft.com/dotnet/fundamentals/code-analysis/style-rules/ide0055) [C:\UserWorx\VSWorx\ServoStudio\wpfui-servoStudio\samples\Wpf.Ui.servoStudio\servoStudio.csproj]
C:\UserWorx\VSWorx\ServoStudio\wpfui-servoStudio\samples\Wpf.Ui.servoStudio\Models\SerialPorts.cs(22,27): warning IDE0055: 淇鏍煎紡 (https://learn.microsoft.com/dotnet/fundamentals/code-analysis/style-rules/ide0055) [C:\UserWorx\VSWorx\ServoStudio\wpfui-servoStudio\samples\Wpf.Ui.servoStudio\servoStudio.csproj]
C:\UserWorx\VSWorx\ServoStudio\wpfui-servoStudio\samples\Wpf.Ui.servoStudio\Models\SerialPorts.cs(22,29): warning IDE0055: 淇鏍煎紡 (https://learn.microsoft.com/dotnet/fundamentals/code-analysis/style-rules/ide0055) [C:\UserWorx\VSWorx\ServoStudio\wpfui-servoStudio\samples\Wpf.Ui.servoStudio\servoStudio.csproj]
C:\UserWorx\VSWorx\ServoStudio\wpfui-servoStudio\samples\Wpf.Ui.servoStudio\Models\SerialPorts.cs(22,39): warning IDE0055: 淇鏍煎紡 (https://learn.microsoft.com/dotnet/fundamentals/code-analysis/style-rules/ide0055) [C:\UserWorx\VSWorx\ServoStudio\wpfui-servoStudio\samples\Wpf.Ui.servoStudio\servoStudio.csproj]
C:\UserWorx\VSWorx\ServoStudio\wpfui-servoStudio\samples\Wpf.Ui.servoStudio\Models\SerialPorts.cs(27,35): warning IDE0055: 淇鏍煎紡 (https://learn.microsoft.com/dotnet/fundamentals/code-analysis/style-rules/ide0055) [C:\UserWorx\VSWorx\ServoStudio\wpfui-servoStudio\samples\Wpf.Ui.servoStudio\servoStudio.csproj]
C:\UserWorx\VSWorx\ServoStudio\wpfui-servoStudio\samples\Wpf.Ui.servoStudio\Models\SerialPorts.cs(27,37): warning IDE0055: 淇鏍煎紡 (https://learn.microsoft.com/dotnet/fundamentals/code-analysis/style-rules/ide0055) [C:\UserWorx\VSWorx\ServoStudio\wpfui-servoStudio\samples\Wpf.Ui.servoStudio\servoStudio.csproj]
C:\UserWorx\VSWorx\ServoStudio\wpfui-servoStudio\samples\Wpf.Ui.servoStudio\Models\SerialPorts.cs(27,47): warning IDE0055: 淇鏍煎紡 (https://learn.microsoft.com/dotnet/fundamentals/code-analysis/style-rules/ide0055) [C:\UserWorx\VSWorx\ServoStudio\wpfui-servoStudio\samples\Wpf.Ui.servoStudio\servoStudio.csproj]
C:\UserWorx\VSWorx\ServoStudio\wpfui-servoStudio\samples\Wpf.Ui.servoStudio\Models\SerialPorts.cs(28,31): warning IDE0055: 淇鏍煎紡 (https://learn.microsoft.com/dotnet/fundamentals/code-analysis/style-rules/ide0055) [C:\UserWorx\VSWorx\ServoStudio\wpfui-servoStudio\samples\Wpf.Ui.servoStudio\servoStudio.csproj]
C:\UserWorx\VSWorx\ServoStudio\wpfui-servoStudio\samples\Wpf.Ui.servoStudio\Models\SerialPorts.cs(28,33): warning IDE0055: 淇鏍煎紡 (https://learn.microsoft.com/dotnet/fundamentals/code-analysis/style-rules/ide0055) [C:\UserWorx\VSWorx\ServoStudio\wpfui-servoStudio\samples\Wpf.Ui.servoStudio\servoStudio.csproj]
C:\UserWorx\VSWorx\ServoStudio\wpfui-servoStudio\samples\Wpf.Ui.servoStudio\Models\SerialPorts.cs(28,43): warning IDE0055: 淇鏍煎紡 (https://learn.microsoft.com/dotnet/fundamentals/code-analysis/style-rules/ide0055) [C:\UserWorx\VSWorx\ServoStudio\wpfui-servoStudio\samples\Wpf.Ui.servoStudio\servoStudio.csproj]
C:\UserWorx\VSWorx\ServoStudio\wpfui-servoStudio\samples\Wpf.Ui.servoStudio\Services\CanNativeResolver.cs(26,25): warning IDE0055: 淇鏍煎紡 (https://learn.microsoft.com/dotnet/fundamentals/code-analysis/style-rules/ide0055) [C:\UserWorx\VSWorx\ServoStudio\wpfui-servoStudio\samples\Wpf.Ui.servoStudio\servoStudio.csproj]
C:\UserWorx\VSWorx\ServoStudio\wpfui-servoStudio\samples\Wpf.Ui.servoStudio\Services\CanNativeResolver.cs(44,44): warning IDE0055: 淇鏍煎紡 (https://learn.microsoft.com/dotnet/fundamentals/code-analysis/style-rules/ide0055) [C:\UserWorx\VSWorx\ServoStudio\wpfui-servoStudio\samples\Wpf.Ui.servoStudio\servoStudio.csproj]
C:\UserWorx\VSWorx\ServoStudio\wpfui-servoStudio\samples\Wpf.Ui.servoStudio\Services\CanNativeResolver.cs(75,88): warning IDE0055: 淇鏍煎紡 (https://learn.microsoft.com/dotnet/fundamentals/code-analysis/style-rules/ide0055) [C:\UserWorx\VSWorx\ServoStudio\wpfui-servoStudio\samples\Wpf.Ui.servoStudio\servoStudio.csproj]
C:\UserWorx\VSWorx\ServoStudio\wpfui-servoStudio\samples\Wpf.Ui.servoStudio\Services\CanNativeResolver.cs(80,82): warning IDE0055: 淇鏍煎紡 (https://learn.microsoft.com/dotnet/fundamentals/code-analysis/style-rules/ide0055) [C:\UserWorx\VSWorx\ServoStudio\wpfui-servoStudio\samples\Wpf.Ui.servoStudio\servoStudio.csproj]
C:\UserWorx\VSWorx\ServoStudio\wpfui-servoStudio\samples\Wpf.Ui.servoStudio\Services\CanNativeResolver.cs(81,9): warning IDE2003: 鍧椾笌鍚庣画璇彞涔嬮棿闇€瑕佹湁绌虹櫧琛?(https://learn.microsoft.com/dotnet/fundamentals/code-analysis/style-rules/ide2003) [C:\UserWorx\VSWorx\ServoStudio\wpfui-servoStudio\samples\Wpf.Ui.servoStudio\servoStudio.csproj]
C:\UserWorx\VSWorx\ServoStudio\wpfui-servoStudio\samples\Wpf.Ui.servoStudio\Services\DataFrameLogger.cs(139,12): warning IDE0055: 淇鏍煎紡 (https://learn.microsoft.com/dotnet/fundamentals/code-analysis/style-rules/ide0055) [C:\UserWorx\VSWorx\ServoStudio\wpfui-servoStudio\samples\Wpf.Ui.servoStudio\servoStudio.csproj]
C:\UserWorx\VSWorx\ServoStudio\wpfui-servoStudio\samples\Wpf.Ui.servoStudio\Services\DataFrameLogger.cs(139,14): warning IDE0055: 淇鏍煎紡 (https://learn.microsoft.com/dotnet/fundamentals/code-analysis/style-rules/ide0055) [C:\UserWorx\VSWorx\ServoStudio\wpfui-servoStudio\samples\Wpf.Ui.servoStudio\servoStudio.csproj]
C:\UserWorx\VSWorx\ServoStudio\wpfui-servoStudio\samples\Wpf.Ui.servoStudio\Services\DataFrameLogger.cs(139,37): warning IDE0055: 淇鏍煎紡 (https://learn.microsoft.com/dotnet/fundamentals/code-analysis/style-rules/ide0055) [C:\UserWorx\VSWorx\ServoStudio\wpfui-servoStudio\samples\Wpf.Ui.servoStudio\servoStudio.csproj]
C:\UserWorx\VSWorx\ServoStudio\wpfui-servoStudio\samples\Wpf.Ui.servoStudio\Services\DataFrameLogger.cs(139,39): warning IDE0055: 淇鏍煎紡 (https://learn.microsoft.com/dotnet/fundamentals/code-analysis/style-rules/ide0055) [C:\UserWorx\VSWorx\ServoStudio\wpfui-servoStudio\samples\Wpf.Ui.servoStudio\servoStudio.csproj]
C:\UserWorx\VSWorx\ServoStudio\wpfui-servoStudio\samples\Wpf.Ui.servoStudio\Services\DataFrameLogger.cs(145,12): warning IDE0055: 淇鏍煎紡 (https://learn.microsoft.com/dotnet/fundamentals/code-analysis/style-rules/ide0055) [C:\UserWorx\VSWorx\ServoStudio\wpfui-servoStudio\samples\Wpf.Ui.servoStudio\servoStudio.csproj]
C:\UserWorx\VSWorx\ServoStudio\wpfui-servoStudio\samples\Wpf.Ui.servoStudio\Services\DataFrameLogger.cs(145,14): warning IDE0055: 淇鏍煎紡 (https://learn.microsoft.com/dotnet/fundamentals/code-analysis/style-rules/ide0055) [C:\UserWorx\VSWorx\ServoStudio\wpfui-servoStudio\samples\Wpf.Ui.servoStudio\servoStudio.csproj]
C:\UserWorx\VSWorx\ServoStudio\wpfui-servoStudio\samples\Wpf.Ui.servoStudio\Services\DataFrameLogger.cs(145,37): warning IDE0055: 淇鏍煎紡 (https://learn.microsoft.com/dotnet/fundamentals/code-analysis/style-rules/ide0055) [C:\UserWorx\VSWorx\ServoStudio\wpfui-servoStudio\samples\Wpf.Ui.servoStudio\servoStudio.csproj]
C:\UserWorx\VSWorx\ServoStudio\wpfui-servoStudio\samples\Wpf.Ui.servoStudio\Services\DataFrameLogger.cs(145,39): warning IDE0055: 淇鏍煎紡 (https://learn.microsoft.com/dotnet/fundamentals/code-analysis/style-rules/ide0055) [C:\UserWorx\VSWorx\ServoStudio\wpfui-servoStudio\samples\Wpf.Ui.servoStudio\servoStudio.csproj]
C:\UserWorx\VSWorx\ServoStudio\wpfui-servoStudio\samples\Wpf.Ui.servoStudio\Services\DataFrameLogger.cs(180,24): warning IDE0055: 淇鏍煎紡 (https://learn.microsoft.com/dotnet/fundamentals/code-analysis/style-rules/ide0055) [C:\UserWorx\VSWorx\ServoStudio\wpfui-servoStudio\samples\Wpf.Ui.servoStudio\servoStudio.csproj]
C:\UserWorx\VSWorx\ServoStudio\wpfui-servoStudio\samples\Wpf.Ui.servoStudio\Services\DataFrameLogger.cs(180,26): warning IDE0055: 淇鏍煎紡 (https://learn.microsoft.com/dotnet/fundamentals/code-analysis/style-rules/ide0055) [C:\UserWorx\VSWorx\ServoStudio\wpfui-servoStudio\samples\Wpf.Ui.servoStudio\servoStudio.csproj]
C:\UserWorx\VSWorx\ServoStudio\wpfui-servoStudio\samples\Wpf.Ui.servoStudio\Services\DataFrameLogger.cs(180,44): warning IDE0055: 淇鏍煎紡 (https://learn.microsoft.com/dotnet/fundamentals/code-analysis/style-rules/ide0055) [C:\UserWorx\VSWorx\ServoStudio\wpfui-servoStudio\samples\Wpf.Ui.servoStudio\servoStudio.csproj]
C:\UserWorx\VSWorx\ServoStudio\wpfui-servoStudio\samples\Wpf.Ui.servoStudio\Services\DataFrameLogger.cs(180,46): warning IDE0055: 淇鏍煎紡 (https://learn.microsoft.com/dotnet/fundamentals/code-analysis/style-rules/ide0055) [C:\UserWorx\VSWorx\ServoStudio\wpfui-servoStudio\samples\Wpf.Ui.servoStudio\servoStudio.csproj]
C:\UserWorx\VSWorx\ServoStudio\wpfui-servoStudio\samples\Wpf.Ui.servoStudio\Services\DataFrameLogger.cs(198,59): warning IDE0055: 淇鏍煎紡 (https://learn.microsoft.com/dotnet/fundamentals/code-analysis/style-rules/ide0055) [C:\UserWorx\VSWorx\ServoStudio\wpfui-servoStudio\samples\Wpf.Ui.servoStudio\servoStudio.csproj]
C:\UserWorx\VSWorx\ServoStudio\wpfui-servoStudio\samples\Wpf.Ui.servoStudio\Services\DataFrameLogger.cs(220,16): warning IDE0055: 淇鏍煎紡 (https://learn.microsoft.com/dotnet/fundamentals/code-analysis/style-rules/ide0055) [C:\UserWorx\VSWorx\ServoStudio\wpfui-servoStudio\samples\Wpf.Ui.servoStudio\servoStudio.csproj]
C:\UserWorx\VSWorx\ServoStudio\wpfui-servoStudio\samples\Wpf.Ui.servoStudio\Services\DataFrameLogger.cs(220,18): warning IDE0055: 淇鏍煎紡 (https://learn.microsoft.com/dotnet/fundamentals/code-analysis/style-rules/ide0055) [C:\UserWorx\VSWorx\ServoStudio\wpfui-servoStudio\samples\Wpf.Ui.servoStudio\servoStudio.csproj]
C:\UserWorx\VSWorx\ServoStudio\wpfui-servoStudio\samples\Wpf.Ui.servoStudio\Services\DataFrameLogger.cs(220,61): warning IDE0055: 淇鏍煎紡 (https://learn.microsoft.com/dotnet/fundamentals/code-analysis/style-rules/ide0055) [C:\UserWorx\VSWorx\ServoStudio\wpfui-servoStudio\samples\Wpf.Ui.servoStudio\servoStudio.csproj]
C:\UserWorx\VSWorx\ServoStudio\wpfui-servoStudio\samples\Wpf.Ui.servoStudio\Services\DataFrameLogger.cs(220,63): warning IDE0055: 淇鏍煎紡 (https://learn.microsoft.com/dotnet/fundamentals/code-analysis/style-rules/ide0055) [C:\UserWorx\VSWorx\ServoStudio\wpfui-servoStudio\samples\Wpf.Ui.servoStudio\servoStudio.csproj]
C:\UserWorx\VSWorx\ServoStudio\wpfui-servoStudio\samples\Wpf.Ui.servoStudio\Services\DataFrameLogger.cs(256,29): warning IDE0055: 淇鏍煎紡 (https://learn.microsoft.com/dotnet/fundamentals/code-analysis/style-rules/ide0055) [C:\UserWorx\VSWorx\ServoStudio\wpfui-servoStudio\samples\Wpf.Ui.servoStudio\servoStudio.csproj]
C:\UserWorx\VSWorx\ServoStudio\wpfui-servoStudio\samples\Wpf.Ui.servoStudio\Services\DataFrameLogger.cs(278,47): warning IDE0055: 淇鏍煎紡 (https://learn.microsoft.com/dotnet/fundamentals/code-analysis/style-rules/ide0055) [C:\UserWorx\VSWorx\ServoStudio\wpfui-servoStudio\samples\Wpf.Ui.servoStudio\servoStudio.csproj]
C:\UserWorx\VSWorx\ServoStudio\wpfui-servoStudio\samples\Wpf.Ui.servoStudio\Services\DataFrameLogger.cs(313,29): warning IDE0055: 淇鏍煎紡 (https://learn.microsoft.com/dotnet/fundamentals/code-analysis/style-rules/ide0055) [C:\UserWorx\VSWorx\ServoStudio\wpfui-servoStudio\samples\Wpf.Ui.servoStudio\servoStudio.csproj]
C:\UserWorx\VSWorx\ServoStudio\wpfui-servoStudio\samples\Wpf.Ui.servoStudio\Services\DataFrameLogger.cs(358,29): warning IDE0055: 淇鏍煎紡 (https://learn.microsoft.com/dotnet/fundamentals/code-analysis/style-rules/ide0055) [C:\UserWorx\VSWorx\ServoStudio\wpfui-servoStudio\samples\Wpf.Ui.servoStudio\servoStudio.csproj]
C:\UserWorx\VSWorx\ServoStudio\wpfui-servoStudio\samples\Wpf.Ui.servoStudio\Services\DataFrameLogger.cs(367,27): warning IDE0055: 淇鏍煎紡 (https://learn.microsoft.com/dotnet/fundamentals/code-analysis/style-rules/ide0055) [C:\UserWorx\VSWorx\ServoStudio\wpfui-servoStudio\samples\Wpf.Ui.servoStudio\servoStudio.csproj]
C:\UserWorx\VSWorx\ServoStudio\wpfui-servoStudio\samples\Wpf.Ui.servoStudio\Services\DataFrameLogger.cs(369,24): warning IDE0055: 淇鏍煎紡 (https://learn.microsoft.com/dotnet/fundamentals/code-analysis/style-rules/ide0055) [C:\UserWorx\VSWorx\ServoStudio\wpfui-servoStudio\samples\Wpf.Ui.servoStudio\servoStudio.csproj]
C:\UserWorx\VSWorx\ServoStudio\wpfui-servoStudio\samples\Wpf.Ui.servoStudio\Services\DataFrameLogger.cs(395,43): warning IDE0055: 淇鏍煎紡 (https://learn.microsoft.com/dotnet/fundamentals/code-analysis/style-rules/ide0055) [C:\UserWorx\VSWorx\ServoStudio\wpfui-servoStudio\samples\Wpf.Ui.servoStudio\servoStudio.csproj]
C:\UserWorx\VSWorx\ServoStudio\wpfui-servoStudio\samples\Wpf.Ui.servoStudio\Services\DataFrameLogger.cs(409,31): warning IDE0055: 淇鏍煎紡 (https://learn.microsoft.com/dotnet/fundamentals/code-analysis/style-rules/ide0055) [C:\UserWorx\VSWorx\ServoStudio\wpfui-servoStudio\samples\Wpf.Ui.servoStudio\servoStudio.csproj]
C:\UserWorx\VSWorx\ServoStudio\wpfui-servoStudio\samples\Wpf.Ui.servoStudio\Services\DataFrameLogger.cs(409,54): warning IDE0055: 淇鏍煎紡 (https://learn.microsoft.com/dotnet/fundamentals/code-analysis/style-rules/ide0055) [C:\UserWorx\VSWorx\ServoStudio\wpfui-servoStudio\samples\Wpf.Ui.servoStudio\servoStudio.csproj]
C:\UserWorx\VSWorx\ServoStudio\wpfui-servoStudio\samples\Wpf.Ui.servoStudio\Services\DataFrameLogger.cs(410,30): warning IDE0055: 淇鏍煎紡 (https://learn.microsoft.com/dotnet/fundamentals/code-analysis/style-rules/ide0055) [C:\UserWorx\VSWorx\ServoStudio\wpfui-servoStudio\samples\Wpf.Ui.servoStudio\servoStudio.csproj]
C:\UserWorx\VSWorx\ServoStudio\wpfui-servoStudio\samples\Wpf.Ui.servoStudio\Services\DataFrameLogger.cs(410,53): warning IDE0055: 淇鏍煎紡 (https://learn.microsoft.com/dotnet/fundamentals/code-analysis/style-rules/ide0055) [C:\UserWorx\VSWorx\ServoStudio\wpfui-servoStudio\samples\Wpf.Ui.servoStudio\servoStudio.csproj]
C:\UserWorx\VSWorx\ServoStudio\wpfui-servoStudio\samples\Wpf.Ui.servoStudio\Services\DataFrameLogger.cs(411,31): warning IDE0055: 淇鏍煎紡 (https://learn.microsoft.com/dotnet/fundamentals/code-analysis/style-rules/ide0055) [C:\UserWorx\VSWorx\ServoStudio\wpfui-servoStudio\samples\Wpf.Ui.servoStudio\servoStudio.csproj]
C:\UserWorx\VSWorx\ServoStudio\wpfui-servoStudio\samples\Wpf.Ui.servoStudio\Services\DataFrameLogger.cs(411,53): warning IDE0055: 淇鏍煎紡 (https://learn.microsoft.com/dotnet/fundamentals/code-analysis/style-rules/ide0055) [C:\UserWorx\VSWorx\ServoStudio\wpfui-servoStudio\samples\Wpf.Ui.servoStudio\servoStudio.csproj]
C:\UserWorx\VSWorx\ServoStudio\wpfui-servoStudio\samples\Wpf.Ui.servoStudio\Services\DataFrameLogger.cs(412,31): warning IDE0055: 淇鏍煎紡 (https://learn.microsoft.com/dotnet/fundamentals/code-analysis/style-rules/ide0055) [C:\UserWorx\VSWorx\ServoStudio\wpfui-servoStudio\samples\Wpf.Ui.servoStudio\servoStudio.csproj]
C:\UserWorx\VSWorx\ServoStudio\wpfui-servoStudio\samples\Wpf.Ui.servoStudio\Services\DataFrameLogger.cs(412,53): warning IDE0055: 淇鏍煎紡 (https://learn.microsoft.com/dotnet/fundamentals/code-analysis/style-rules/ide0055) [C:\UserWorx\VSWorx\ServoStudio\wpfui-servoStudio\samples\Wpf.Ui.servoStudio\servoStudio.csproj]
C:\UserWorx\VSWorx\ServoStudio\wpfui-servoStudio\samples\Wpf.Ui.servoStudio\Services\DataFrameLogger.cs(413,31): warning IDE0055: 淇鏍煎紡 (https://learn.microsoft.com/dotnet/fundamentals/code-analysis/style-rules/ide0055) [C:\UserWorx\VSWorx\ServoStudio\wpfui-servoStudio\samples\Wpf.Ui.servoStudio\servoStudio.csproj]
C:\UserWorx\VSWorx\ServoStudio\wpfui-servoStudio\samples\Wpf.Ui.servoStudio\Services\DataFrameLogger.cs(413,53): warning IDE0055: 淇鏍煎紡 (https://learn.microsoft.com/dotnet/fundamentals/code-analysis/style-rules/ide0055) [C:\UserWorx\VSWorx\ServoStudio\wpfui-servoStudio\samples\Wpf.Ui.servoStudio\servoStudio.csproj]
C:\UserWorx\VSWorx\ServoStudio\wpfui-servoStudio\samples\Wpf.Ui.servoStudio\Services\DataFrameLogger.cs(415,38): warning IDE0055: 淇鏍煎紡 (https://learn.microsoft.com/dotnet/fundamentals/code-analysis/style-rules/ide0055) [C:\UserWorx\VSWorx\ServoStudio\wpfui-servoStudio\samples\Wpf.Ui.servoStudio\servoStudio.csproj]
C:\UserWorx\VSWorx\ServoStudio\wpfui-servoStudio\samples\Wpf.Ui.servoStudio\Services\DataFrameLogger.cs(416,29): warning IDE0055: 淇鏍煎紡 (https://learn.microsoft.com/dotnet/fundamentals/code-analysis/style-rules/ide0055) [C:\UserWorx\VSWorx\ServoStudio\wpfui-servoStudio\samples\Wpf.Ui.servoStudio\servoStudio.csproj]
C:\UserWorx\VSWorx\ServoStudio\wpfui-servoStudio\samples\Wpf.Ui.servoStudio\Services\DataFrameLogger.cs(433,30): warning IDE0055: 淇鏍煎紡 (https://learn.microsoft.com/dotnet/fundamentals/code-analysis/style-rules/ide0055) [C:\UserWorx\VSWorx\ServoStudio\wpfui-servoStudio\samples\Wpf.Ui.servoStudio\servoStudio.csproj]
C:\UserWorx\VSWorx\ServoStudio\wpfui-servoStudio\samples\Wpf.Ui.servoStudio\Services\DataFrameLogger.cs(433,32): warning IDE0055: 淇鏍煎紡 (https://learn.microsoft.com/dotnet/fundamentals/code-analysis/style-rules/ide0055) [C:\UserWorx\VSWorx\ServoStudio\wpfui-servoStudio\samples\Wpf.Ui.servoStudio\servoStudio.csproj]
C:\UserWorx\VSWorx\ServoStudio\wpfui-servoStudio\samples\Wpf.Ui.servoStudio\Services\DataFrameLogger.cs(433,45): warning IDE0055: 淇鏍煎紡 (https://learn.microsoft.com/dotnet/fundamentals/code-analysis/style-rules/ide0055) [C:\UserWorx\VSWorx\ServoStudio\wpfui-servoStudio\samples\Wpf.Ui.servoStudio\servoStudio.csproj]
C:\UserWorx\VSWorx\ServoStudio\wpfui-servoStudio\samples\Wpf.Ui.servoStudio\Services\FactoryAccessService.cs(33,34): warning IDE0055: 淇鏍煎紡 (https://learn.microsoft.com/dotnet/fundamentals/code-analysis/style-rules/ide0055) [C:\UserWorx\VSWorx\ServoStudio\wpfui-servoStudio\samples\Wpf.Ui.servoStudio\servoStudio.csproj]
C:\UserWorx\VSWorx\ServoStudio\wpfui-servoStudio\samples\Wpf.Ui.servoStudio\Services\FactoryAccessService.cs(33,36): warning IDE0055: 淇鏍煎紡 (https://learn.microsoft.com/dotnet/fundamentals/code-analysis/style-rules/ide0055) [C:\UserWorx\VSWorx\ServoStudio\wpfui-servoStudio\samples\Wpf.Ui.servoStudio\servoStudio.csproj]
C:\UserWorx\VSWorx\ServoStudio\wpfui-servoStudio\samples\Wpf.Ui.servoStudio\Services\FactoryAccessService.cs(33,54): warning IDE0055: 淇鏍煎紡 (https://learn.microsoft.com/dotnet/fundamentals/code-analysis/style-rules/ide0055) [C:\UserWorx\VSWorx\ServoStudio\wpfui-servoStudio\samples\Wpf.Ui.servoStudio\servoStudio.csproj]
C:\UserWorx\VSWorx\ServoStudio\wpfui-servoStudio\samples\Wpf.Ui.servoStudio\Services\FactoryAccessService.cs(50,35): warning IDE0055: 淇鏍煎紡 (https://learn.microsoft.com/dotnet/fundamentals/code-analysis/style-rules/ide0055) [C:\UserWorx\VSWorx\ServoStudio\wpfui-servoStudio\samples\Wpf.Ui.servoStudio\servoStudio.csproj]
C:\UserWorx\VSWorx\ServoStudio\wpfui-servoStudio\samples\Wpf.Ui.servoStudio\Services\FactoryAccessService.cs(50,37): warning IDE0055: 淇鏍煎紡 (https://learn.microsoft.com/dotnet/fundamentals/code-analysis/style-rules/ide0055) [C:\UserWorx\VSWorx\ServoStudio\wpfui-servoStudio\samples\Wpf.Ui.servoStudio\servoStudio.csproj]
C:\UserWorx\VSWorx\ServoStudio\wpfui-servoStudio\samples\Wpf.Ui.servoStudio\Services\FactoryAccessService.cs(50,55): warning IDE0055: 淇鏍煎紡 (https://learn.microsoft.com/dotnet/fundamentals/code-analysis/style-rules/ide0055) [C:\UserWorx\VSWorx\ServoStudio\wpfui-servoStudio\samples\Wpf.Ui.servoStudio\servoStudio.csproj]
C:\UserWorx\VSWorx\ServoStudio\wpfui-servoStudio\samples\Wpf.Ui.servoStudio\Services\FactoryAccessService.cs(129,17): warning IDE2003: 鍧椾笌鍚庣画璇彞涔嬮棿闇€瑕佹湁绌虹櫧琛?(https://learn.microsoft.com/dotnet/fundamentals/code-analysis/style-rules/ide2003) [C:\UserWorx\VSWorx\ServoStudio\wpfui-servoStudio\samples\Wpf.Ui.servoStudio\servoStudio.csproj]
C:\UserWorx\VSWorx\ServoStudio\wpfui-servoStudio\samples\Wpf.Ui.servoStudio\Services\FactoryAccessService.cs(136,9): warning IDE2003: 鍧椾笌鍚庣画璇彞涔嬮棿闇€瑕佹湁绌虹櫧琛?(https://learn.microsoft.com/dotnet/fundamentals/code-analysis/style-rules/ide2003) [C:\UserWorx\VSWorx\ServoStudio\wpfui-servoStudio\samples\Wpf.Ui.servoStudio\servoStudio.csproj]
C:\UserWorx\VSWorx\ServoStudio\wpfui-servoStudio\samples\Wpf.Ui.servoStudio\ViewModels\ViewModel.cs(17,23): warning CA1063: 瀵?ViewModel 鎻愪緵 Dispose(bool) 鐨勫彲閲嶅啓瀹炵幇鎴栧皢璇ョ被鍨嬫爣璁颁负鈥滃凡瀵嗗皝鈥濄€傚 Dispose(false) 鐨勮皟鐢ㄥ簲浠呮竻鐞嗘湰鏈鸿祫婧愩€傚 Dispose(true) 鐨勮皟鐢ㄥ簲鍚屾椂娓呯悊鎵樼璧勬簮鍜屾湰鏈鸿祫婧愩€?(https://learn.microsoft.com/dotnet/fundamentals/code-analysis/quality-rules/ca1063) [C:\UserWorx\VSWorx\ServoStudio\wpfui-servoStudio\samples\Wpf.Ui.servoStudio\servoStudio.csproj]
C:\UserWorx\VSWorx\ServoStudio\wpfui-servoStudio\samples\Wpf.Ui.servoStudio\Services\FirmwareRepositoryService.cs(295,24): warning IDE0055: 淇鏍煎紡 (https://learn.microsoft.com/dotnet/fundamentals/code-analysis/style-rules/ide0055) [C:\UserWorx\VSWorx\ServoStudio\wpfui-servoStudio\samples\Wpf.Ui.servoStudio\servoStudio.csproj]
C:\UserWorx\VSWorx\ServoStudio\wpfui-servoStudio\samples\Wpf.Ui.servoStudio\Services\FirmwareRepositoryService.cs(295,26): warning IDE0055: 淇鏍煎紡 (https://learn.microsoft.com/dotnet/fundamentals/code-analysis/style-rules/ide0055) [C:\UserWorx\VSWorx\ServoStudio\wpfui-servoStudio\samples\Wpf.Ui.servoStudio\servoStudio.csproj]
C:\UserWorx\VSWorx\ServoStudio\wpfui-servoStudio\samples\Wpf.Ui.servoStudio\Services\FirmwareRepositoryService.cs(295,55): warning IDE0055: 淇鏍煎紡 (https://learn.microsoft.com/dotnet/fundamentals/code-analysis/style-rules/ide0055) [C:\UserWorx\VSWorx\ServoStudio\wpfui-servoStudio\samples\Wpf.Ui.servoStudio\servoStudio.csproj]
C:\UserWorx\VSWorx\ServoStudio\wpfui-servoStudio\samples\Wpf.Ui.servoStudio\Services\FirmwareRepositoryService.cs(295,57): warning IDE0055: 淇鏍煎紡 (https://learn.microsoft.com/dotnet/fundamentals/code-analysis/style-rules/ide0055) [C:\UserWorx\VSWorx\ServoStudio\wpfui-servoStudio\samples\Wpf.Ui.servoStudio\servoStudio.csproj]
C:\UserWorx\VSWorx\ServoStudio\wpfui-servoStudio\samples\Wpf.Ui.servoStudio\Services\FirmwareRepositoryService.cs(415,20): warning IDE0055: 淇鏍煎紡 (https://learn.microsoft.com/dotnet/fundamentals/code-analysis/style-rules/ide0055) [C:\UserWorx\VSWorx\ServoStudio\wpfui-servoStudio\samples\Wpf.Ui.servoStudio\servoStudio.csproj]
C:\UserWorx\VSWorx\ServoStudio\wpfui-servoStudio\samples\Wpf.Ui.servoStudio\Services\FirmwareRepositoryService.cs(415,22): warning IDE0055: 淇鏍煎紡 (https://learn.microsoft.com/dotnet/fundamentals/code-analysis/style-rules/ide0055) [C:\UserWorx\VSWorx\ServoStudio\wpfui-servoStudio\samples\Wpf.Ui.servoStudio\servoStudio.csproj]
C:\UserWorx\VSWorx\ServoStudio\wpfui-servoStudio\samples\Wpf.Ui.servoStudio\Services\FirmwareRepositoryService.cs(415,49): warning IDE0055: 淇鏍煎紡 (https://learn.microsoft.com/dotnet/fundamentals/code-analysis/style-rules/ide0055) [C:\UserWorx\VSWorx\ServoStudio\wpfui-servoStudio\samples\Wpf.Ui.servoStudio\servoStudio.csproj]
C:\UserWorx\VSWorx\ServoStudio\wpfui-servoStudio\samples\Wpf.Ui.servoStudio\Services\FirmwareRepositoryService.cs(415,51): warning IDE0055: 淇鏍煎紡 (https://learn.microsoft.com/dotnet/fundamentals/code-analysis/style-rules/ide0055) [C:\UserWorx\VSWorx\ServoStudio\wpfui-servoStudio\samples\Wpf.Ui.servoStudio\servoStudio.csproj]
C:\UserWorx\VSWorx\ServoStudio\wpfui-servoStudio\samples\Wpf.Ui.servoStudio\Services\FirmwareRepositoryService.cs(415,74): warning IDE0055: 淇鏍煎紡 (https://learn.microsoft.com/dotnet/fundamentals/code-analysis/style-rules/ide0055) [C:\UserWorx\VSWorx\ServoStudio\wpfui-servoStudio\samples\Wpf.Ui.servoStudio\servoStudio.csproj]
C:\UserWorx\VSWorx\ServoStudio\wpfui-servoStudio\samples\Wpf.Ui.servoStudio\Services\FirmwareRepositoryService.cs(415,76): warning IDE0055: 淇鏍煎紡 (https://learn.microsoft.com/dotnet/fundamentals/code-analysis/style-rules/ide0055) [C:\UserWorx\VSWorx\ServoStudio\wpfui-servoStudio\samples\Wpf.Ui.servoStudio\servoStudio.csproj]
C:\UserWorx\VSWorx\ServoStudio\wpfui-servoStudio\samples\Wpf.Ui.servoStudio\Services\FirmwareRepositoryService.cs(415,78): warning IDE0055: 淇鏍煎紡 (https://learn.microsoft.com/dotnet/fundamentals/code-analysis/style-rules/ide0055) [C:\UserWorx\VSWorx\ServoStudio\wpfui-servoStudio\samples\Wpf.Ui.servoStudio\servoStudio.csproj]
C:\UserWorx\VSWorx\ServoStudio\wpfui-servoStudio\samples\Wpf.Ui.servoStudio\Services\FirmwareRepositoryService.cs(416,20): warning IDE0055: 淇鏍煎紡 (https://learn.microsoft.com/dotnet/fundamentals/code-analysis/style-rules/ide0055) [C:\UserWorx\VSWorx\ServoStudio\wpfui-servoStudio\samples\Wpf.Ui.servoStudio\servoStudio.csproj]
C:\UserWorx\VSWorx\ServoStudio\wpfui-servoStudio\samples\Wpf.Ui.servoStudio\Services\FirmwareRepositoryService.cs(416,22): warning IDE0055: 淇鏍煎紡 (https://learn.microsoft.com/dotnet/fundamentals/code-analysis/style-rules/ide0055) [C:\UserWorx\VSWorx\ServoStudio\wpfui-servoStudio\samples\Wpf.Ui.servoStudio\servoStudio.csproj]
C:\UserWorx\VSWorx\ServoStudio\wpfui-servoStudio\samples\Wpf.Ui.servoStudio\Services\FirmwareRepositoryService.cs(416,51): warning IDE0055: 淇鏍煎紡 (https://learn.microsoft.com/dotnet/fundamentals/code-analysis/style-rules/ide0055) [C:\UserWorx\VSWorx\ServoStudio\wpfui-servoStudio\samples\Wpf.Ui.servoStudio\servoStudio.csproj]
C:\UserWorx\VSWorx\ServoStudio\wpfui-servoStudio\samples\Wpf.Ui.servoStudio\Services\FirmwareRepositoryService.cs(416,53): warning IDE0055: 淇鏍煎紡 (https://learn.microsoft.com/dotnet/fundamentals/code-analysis/style-rules/ide0055) [C:\UserWorx\VSWorx\ServoStudio\wpfui-servoStudio\samples\Wpf.Ui.servoStudio\servoStudio.csproj]
C:\UserWorx\VSWorx\ServoStudio\wpfui-servoStudio\samples\Wpf.Ui.servoStudio\Services\FirmwareRepositoryService.cs(416,78): warning IDE0055: 淇鏍煎紡 (https://learn.microsoft.com/dotnet/fundamentals/code-analysis/style-rules/ide0055) [C:\UserWorx\VSWorx\ServoStudio\wpfui-servoStudio\samples\Wpf.Ui.servoStudio\servoStudio.csproj]
C:\UserWorx\VSWorx\ServoStudio\wpfui-servoStudio\samples\Wpf.Ui.servoStudio\Services\FirmwareRepositoryService.cs(416,80): warning IDE0055: 淇鏍煎紡 (https://learn.microsoft.com/dotnet/fundamentals/code-analysis/style-rules/ide0055) [C:\UserWorx\VSWorx\ServoStudio\wpfui-servoStudio\samples\Wpf.Ui.servoStudio\servoStudio.csproj]
C:\UserWorx\VSWorx\ServoStudio\wpfui-servoStudio\samples\Wpf.Ui.servoStudio\Services\FirmwareRepositoryService.cs(416,82): warning IDE0055: 淇鏍煎紡 (https://learn.microsoft.com/dotnet/fundamentals/code-analysis/style-rules/ide0055) [C:\UserWorx\VSWorx\ServoStudio\wpfui-servoStudio\samples\Wpf.Ui.servoStudio\servoStudio.csproj]
C:\UserWorx\VSWorx\ServoStudio\wpfui-servoStudio\samples\Wpf.Ui.servoStudio\Services\FirmwareRepositoryService.cs(804,16): warning IDE0055: 淇鏍煎紡 (https://learn.microsoft.com/dotnet/fundamentals/code-analysis/style-rules/ide0055) [C:\UserWorx\VSWorx\ServoStudio\wpfui-servoStudio\samples\Wpf.Ui.servoStudio\servoStudio.csproj]
C:\UserWorx\VSWorx\ServoStudio\wpfui-servoStudio\samples\Wpf.Ui.servoStudio\Services\FirmwareRepositoryService.cs(804,18): warning IDE0055: 淇鏍煎紡 (https://learn.microsoft.com/dotnet/fundamentals/code-analysis/style-rules/ide0055) [C:\UserWorx\VSWorx\ServoStudio\wpfui-servoStudio\samples\Wpf.Ui.servoStudio\servoStudio.csproj]
C:\UserWorx\VSWorx\ServoStudio\wpfui-servoStudio\samples\Wpf.Ui.servoStudio\Services\FirmwareRepositoryService.cs(804,62): warning IDE0055: 淇鏍煎紡 (https://learn.microsoft.com/dotnet/fundamentals/code-analysis/style-rules/ide0055) [C:\UserWorx\VSWorx\ServoStudio\wpfui-servoStudio\samples\Wpf.Ui.servoStudio\servoStudio.csproj]
C:\UserWorx\VSWorx\ServoStudio\wpfui-servoStudio\samples\Wpf.Ui.servoStudio\Services\FirmwareRepositoryService.cs(804,64): warning IDE0055: 淇鏍煎紡 (https://learn.microsoft.com/dotnet/fundamentals/code-analysis/style-rules/ide0055) [C:\UserWorx\VSWorx\ServoStudio\wpfui-servoStudio\samples\Wpf.Ui.servoStudio\servoStudio.csproj]
C:\UserWorx\VSWorx\ServoStudio\wpfui-servoStudio\samples\Wpf.Ui.servoStudio\Services\FirmwareRepositoryService.cs(815,31): warning IDE0055: 淇鏍煎紡 (https://learn.microsoft.com/dotnet/fundamentals/code-analysis/style-rules/ide0055) [C:\UserWorx\VSWorx\ServoStudio\wpfui-servoStudio\samples\Wpf.Ui.servoStudio\servoStudio.csproj]
C:\UserWorx\VSWorx\ServoStudio\wpfui-servoStudio\samples\Wpf.Ui.servoStudio\Services\FirmwareRepositoryService.cs(815,33): warning IDE0055: 淇鏍煎紡 (https://learn.microsoft.com/dotnet/fundamentals/code-analysis/style-rules/ide0055) [C:\UserWorx\VSWorx\ServoStudio\wpfui-servoStudio\samples\Wpf.Ui.servoStudio\servoStudio.csproj]
C:\UserWorx\VSWorx\ServoStudio\wpfui-servoStudio\samples\Wpf.Ui.servoStudio\Services\FirmwareRepositoryService.cs(815,43): warning IDE0055: 淇鏍煎紡 (https://learn.microsoft.com/dotnet/fundamentals/code-analysis/style-rules/ide0055) [C:\UserWorx\VSWorx\ServoStudio\wpfui-servoStudio\samples\Wpf.Ui.servoStudio\servoStudio.csproj]
C:\UserWorx\VSWorx\ServoStudio\wpfui-servoStudio\samples\Wpf.Ui.servoStudio\Services\FirmwareRepositoryService.cs(820,30): warning IDE0055: 淇鏍煎紡 (https://learn.microsoft.com/dotnet/fundamentals/code-analysis/style-rules/ide0055) [C:\UserWorx\VSWorx\ServoStudio\wpfui-servoStudio\samples\Wpf.Ui.servoStudio\servoStudio.csproj]
C:\UserWorx\VSWorx\ServoStudio\wpfui-servoStudio\samples\Wpf.Ui.servoStudio\Services\FirmwareRepositoryService.cs(820,32): warning IDE0055: 淇鏍煎紡 (https://learn.microsoft.com/dotnet/fundamentals/code-analysis/style-rules/ide0055) [C:\UserWorx\VSWorx\ServoStudio\wpfui-servoStudio\samples\Wpf.Ui.servoStudio\servoStudio.csproj]
C:\UserWorx\VSWorx\ServoStudio\wpfui-servoStudio\samples\Wpf.Ui.servoStudio\Services\FirmwareRepositoryService.cs(820,42): warning IDE0055: 淇鏍煎紡 (https://learn.microsoft.com/dotnet/fundamentals/code-analysis/style-rules/ide0055) [C:\UserWorx\VSWorx\ServoStudio\wpfui-servoStudio\samples\Wpf.Ui.servoStudio\servoStudio.csproj]
C:\UserWorx\VSWorx\ServoStudio\wpfui-servoStudio\samples\Wpf.Ui.servoStudio\Services\FirmwareRepositoryService.cs(849,29): warning IDE0055: 淇鏍煎紡 (https://learn.microsoft.com/dotnet/fundamentals/code-analysis/style-rules/ide0055) [C:\UserWorx\VSWorx\ServoStudio\wpfui-servoStudio\samples\Wpf.Ui.servoStudio\servoStudio.csproj]
C:\UserWorx\VSWorx\ServoStudio\wpfui-servoStudio\samples\Wpf.Ui.servoStudio\Services\FirmwareRepositoryService.cs(849,31): warning IDE0055: 淇鏍煎紡 (https://learn.microsoft.com/dotnet/fundamentals/code-analysis/style-rules/ide0055) [C:\UserWorx\VSWorx\ServoStudio\wpfui-servoStudio\samples\Wpf.Ui.servoStudio\servoStudio.csproj]
C:\UserWorx\VSWorx\ServoStudio\wpfui-servoStudio\samples\Wpf.Ui.servoStudio\Services\FirmwareRepositoryService.cs(849,41): warning IDE0055: 淇鏍煎紡 (https://learn.microsoft.com/dotnet/fundamentals/code-analysis/style-rules/ide0055) [C:\UserWorx\VSWorx\ServoStudio\wpfui-servoStudio\samples\Wpf.Ui.servoStudio\servoStudio.csproj]
C:\UserWorx\VSWorx\ServoStudio\wpfui-servoStudio\samples\Wpf.Ui.servoStudio\Services\FirmwareRepositoryService.cs(854,25): warning IDE0055: 淇鏍煎紡 (https://learn.microsoft.com/dotnet/fundamentals/code-analysis/style-rules/ide0055) [C:\UserWorx\VSWorx\ServoStudio\wpfui-servoStudio\samples\Wpf.Ui.servoStudio\servoStudio.csproj]
C:\UserWorx\VSWorx\ServoStudio\wpfui-servoStudio\samples\Wpf.Ui.servoStudio\Services\FirmwareRepositoryService.cs(854,27): warning IDE0055: 淇鏍煎紡 (https://learn.microsoft.com/dotnet/fundamentals/code-analysis/style-rules/ide0055) [C:\UserWorx\VSWorx\ServoStudio\wpfui-servoStudio\samples\Wpf.Ui.servoStudio\servoStudio.csproj]
C:\UserWorx\VSWorx\ServoStudio\wpfui-servoStudio\samples\Wpf.Ui.servoStudio\Services\FirmwareRepositoryService.cs(854,37): warning IDE0055: 淇鏍煎紡 (https://learn.microsoft.com/dotnet/fundamentals/code-analysis/style-rules/ide0055) [C:\UserWorx\VSWorx\ServoStudio\wpfui-servoStudio\samples\Wpf.Ui.servoStudio\servoStudio.csproj]
C:\UserWorx\VSWorx\ServoStudio\wpfui-servoStudio\samples\Wpf.Ui.servoStudio\Services\FirmwareRepositoryService.cs(859,35): warning IDE0055: 淇鏍煎紡 (https://learn.microsoft.com/dotnet/fundamentals/code-analysis/style-rules/ide0055) [C:\UserWorx\VSWorx\ServoStudio\wpfui-servoStudio\samples\Wpf.Ui.servoStudio\servoStudio.csproj]
C:\UserWorx\VSWorx\ServoStudio\wpfui-servoStudio\samples\Wpf.Ui.servoStudio\Services\FirmwareRepositoryService.cs(859,37): warning IDE0055: 淇鏍煎紡 (https://learn.microsoft.com/dotnet/fundamentals/code-analysis/style-rules/ide0055) [C:\UserWorx\VSWorx\ServoStudio\wpfui-servoStudio\samples\Wpf.Ui.servoStudio\servoStudio.csproj]
C:\UserWorx\VSWorx\ServoStudio\wpfui-servoStudio\samples\Wpf.Ui.servoStudio\Services\FirmwareRepositoryService.cs(859,47): warning IDE0055: 淇鏍煎紡 (https://learn.microsoft.com/dotnet/fundamentals/code-analysis/style-rules/ide0055) [C:\UserWorx\VSWorx\ServoStudio\wpfui-servoStudio\samples\Wpf.Ui.servoStudio\servoStudio.csproj]
C:\UserWorx\VSWorx\ServoStudio\wpfui-servoStudio\samples\Wpf.Ui.servoStudio\Services\FirmwareRepositoryService.cs(869,36): warning IDE0055: 淇鏍煎紡 (https://learn.microsoft.com/dotnet/fundamentals/code-analysis/style-rules/ide0055) [C:\UserWorx\VSWorx\ServoStudio\wpfui-servoStudio\samples\Wpf.Ui.servoStudio\servoStudio.csproj]
C:\UserWorx\VSWorx\ServoStudio\wpfui-servoStudio\samples\Wpf.Ui.servoStudio\Services\FirmwareRepositoryService.cs(869,38): warning IDE0055: 淇鏍煎紡 (https://learn.microsoft.com/dotnet/fundamentals/code-analysis/style-rules/ide0055) [C:\UserWorx\VSWorx\ServoStudio\wpfui-servoStudio\samples\Wpf.Ui.servoStudio\servoStudio.csproj]
C:\UserWorx\VSWorx\ServoStudio\wpfui-servoStudio\samples\Wpf.Ui.servoStudio\Services\FirmwareRepositoryService.cs(869,48): warning IDE0055: 淇鏍煎紡 (https://learn.microsoft.com/dotnet/fundamentals/code-analysis/style-rules/ide0055) [C:\UserWorx\VSWorx\ServoStudio\wpfui-servoStudio\samples\Wpf.Ui.servoStudio\servoStudio.csproj]
C:\UserWorx\VSWorx\ServoStudio\wpfui-servoStudio\samples\Wpf.Ui.servoStudio\Services\FirmwareRepositoryService.cs(879,30): warning IDE0055: 淇鏍煎紡 (https://learn.microsoft.com/dotnet/fundamentals/code-analysis/style-rules/ide0055) [C:\UserWorx\VSWorx\ServoStudio\wpfui-servoStudio\samples\Wpf.Ui.servoStudio\servoStudio.csproj]
C:\UserWorx\VSWorx\ServoStudio\wpfui-servoStudio\samples\Wpf.Ui.servoStudio\Services\FirmwareRepositoryService.cs(879,32): warning IDE0055: 淇鏍煎紡 (https://learn.microsoft.com/dotnet/fundamentals/code-analysis/style-rules/ide0055) [C:\UserWorx\VSWorx\ServoStudio\wpfui-servoStudio\samples\Wpf.Ui.servoStudio\servoStudio.csproj]
C:\UserWorx\VSWorx\ServoStudio\wpfui-servoStudio\samples\Wpf.Ui.servoStudio\Services\FirmwareRepositoryService.cs(879,42): warning IDE0055: 淇鏍煎紡 (https://learn.microsoft.com/dotnet/fundamentals/code-analysis/style-rules/ide0055) [C:\UserWorx\VSWorx\ServoStudio\wpfui-servoStudio\samples\Wpf.Ui.servoStudio\servoStudio.csproj]
C:\UserWorx\VSWorx\ServoStudio\wpfui-servoStudio\samples\Wpf.Ui.servoStudio\Services\FirmwareRepositoryService.cs(279,21): warning IDE2003: 鍧椾笌鍚庣画璇彞涔嬮棿闇€瑕佹湁绌虹櫧琛?(https://learn.microsoft.com/dotnet/fundamentals/code-analysis/style-rules/ide2003) [C:\UserWorx\VSWorx\ServoStudio\wpfui-servoStudio\samples\Wpf.Ui.servoStudio\servoStudio.csproj]
C:\UserWorx\VSWorx\ServoStudio\wpfui-servoStudio\samples\Wpf.Ui.servoStudio\Services\FirmwareRepositoryService.cs(415,87): warning IDE2003: 鍧椾笌鍚庣画璇彞涔嬮棿闇€瑕佹湁绌虹櫧琛?(https://learn.microsoft.com/dotnet/fundamentals/code-analysis/style-rules/ide2003) [C:\UserWorx\VSWorx\ServoStudio\wpfui-servoStudio\samples\Wpf.Ui.servoStudio\servoStudio.csproj]
C:\UserWorx\VSWorx\ServoStudio\wpfui-servoStudio\samples\Wpf.Ui.servoStudio\Services\FirmwareRepositoryService.cs(416,91): warning IDE2003: 鍧椾笌鍚庣画璇彞涔嬮棿闇€瑕佹湁绌虹櫧琛?(https://learn.microsoft.com/dotnet/fundamentals/code-analysis/style-rules/ide2003) [C:\UserWorx\VSWorx\ServoStudio\wpfui-servoStudio\samples\Wpf.Ui.servoStudio\servoStudio.csproj]
C:\UserWorx\VSWorx\ServoStudio\wpfui-servoStudio\samples\Wpf.Ui.servoStudio\Services\FrameLogBridge.cs(35,27): warning IDE0055: 淇鏍煎紡 (https://learn.microsoft.com/dotnet/fundamentals/code-analysis/style-rules/ide0055) [C:\UserWorx\VSWorx\ServoStudio\wpfui-servoStudio\samples\Wpf.Ui.servoStudio\servoStudio.csproj]
C:\UserWorx\VSWorx\ServoStudio\wpfui-servoStudio\samples\Wpf.Ui.servoStudio\Services\FrameLogBridge.cs(35,29): warning IDE0055: 淇鏍煎紡 (https://learn.microsoft.com/dotnet/fundamentals/code-analysis/style-rules/ide0055) [C:\UserWorx\VSWorx\ServoStudio\wpfui-servoStudio\samples\Wpf.Ui.servoStudio\servoStudio.csproj]
C:\UserWorx\VSWorx\ServoStudio\wpfui-servoStudio\samples\Wpf.Ui.servoStudio\Services\FrameLogBridge.cs(35,45): warning IDE0055: 淇鏍煎紡 (https://learn.microsoft.com/dotnet/fundamentals/code-analysis/style-rules/ide0055) [C:\UserWorx\VSWorx\ServoStudio\wpfui-servoStudio\samples\Wpf.Ui.servoStudio\servoStudio.csproj]
C:\UserWorx\VSWorx\ServoStudio\wpfui-servoStudio\samples\Wpf.Ui.servoStudio\Services\FrameLogBridge.cs(35,53): warning IDE0055: 淇鏍煎紡 (https://learn.microsoft.com/dotnet/fundamentals/code-analysis/style-rules/ide0055) [C:\UserWorx\VSWorx\ServoStudio\wpfui-servoStudio\samples\Wpf.Ui.servoStudio\servoStudio.csproj]
C:\UserWorx\VSWorx\ServoStudio\wpfui-servoStudio\samples\Wpf.Ui.servoStudio\Services\FrameLogBridge.cs(43,24): warning IDE0055: 淇鏍煎紡 (https://learn.microsoft.com/dotnet/fundamentals/code-analysis/style-rules/ide0055) [C:\UserWorx\VSWorx\ServoStudio\wpfui-servoStudio\samples\Wpf.Ui.servoStudio\servoStudio.csproj]
C:\UserWorx\VSWorx\ServoStudio\wpfui-servoStudio\samples\Wpf.Ui.servoStudio\Services\FrameLogBridge.cs(46,54): warning IDE0055: 淇鏍煎紡 (https://learn.microsoft.com/dotnet/fundamentals/code-analysis/style-rules/ide0055) [C:\UserWorx\VSWorx\ServoStudio\wpfui-servoStudio\samples\Wpf.Ui.servoStudio\servoStudio.csproj]
C:\UserWorx\VSWorx\ServoStudio\wpfui-servoStudio\samples\Wpf.Ui.servoStudio\Services\FrameLogBridge.cs(64,24): warning IDE0055: 淇鏍煎紡 (https://learn.microsoft.com/dotnet/fundamentals/code-analysis/style-rules/ide0055) [C:\UserWorx\VSWorx\ServoStudio\wpfui-servoStudio\samples\Wpf.Ui.servoStudio\servoStudio.csproj]
C:\UserWorx\VSWorx\ServoStudio\wpfui-servoStudio\samples\Wpf.Ui.servoStudio\Services\FrameLogBridge.cs(67,54): warning IDE0055: 淇鏍煎紡 (https://learn.microsoft.com/dotnet/fundamentals/code-analysis/style-rules/ide0055) [C:\UserWorx\VSWorx\ServoStudio\wpfui-servoStudio\samples\Wpf.Ui.servoStudio\servoStudio.csproj]
C:\UserWorx\VSWorx\ServoStudio\wpfui-servoStudio\samples\Wpf.Ui.servoStudio\Services\LiveDiag.cs(35,9): warning IDE2003: 鍧椾笌鍚庣画璇彞涔嬮棿闇€瑕佹湁绌虹櫧琛?(https://learn.microsoft.com/dotnet/fundamentals/code-analysis/style-rules/ide2003) [C:\UserWorx\VSWorx\ServoStudio\wpfui-servoStudio\samples\Wpf.Ui.servoStudio\servoStudio.csproj]
C:\UserWorx\VSWorx\ServoStudio\wpfui-servoStudio\samples\Wpf.Ui.servoStudio\Services\LiveDiag.cs(46,9): warning IDE2003: 鍧椾笌鍚庣画璇彞涔嬮棿闇€瑕佹湁绌虹櫧琛?(https://learn.microsoft.com/dotnet/fundamentals/code-analysis/style-rules/ide2003) [C:\UserWorx\VSWorx\ServoStudio\wpfui-servoStudio\samples\Wpf.Ui.servoStudio\servoStudio.csproj]
C:\UserWorx\VSWorx\ServoStudio\wpfui-servoStudio\samples\Wpf.Ui.servoStudio\Services\LiveDiag.cs(63,9): warning IDE2003: 鍧椾笌鍚庣画璇彞涔嬮棿闇€瑕佹湁绌虹櫧琛?(https://learn.microsoft.com/dotnet/fundamentals/code-analysis/style-rules/ide2003) [C:\UserWorx\VSWorx\ServoStudio\wpfui-servoStudio\samples\Wpf.Ui.servoStudio\servoStudio.csproj]
C:\UserWorx\VSWorx\ServoStudio\wpfui-servoStudio\samples\Wpf.Ui.servoStudio\Services\LiveDiag.cs(75,9): warning IDE2003: 鍧椾笌鍚庣画璇彞涔嬮棿闇€瑕佹湁绌虹櫧琛?(https://learn.microsoft.com/dotnet/fundamentals/code-analysis/style-rules/ide2003) [C:\UserWorx\VSWorx\ServoStudio\wpfui-servoStudio\samples\Wpf.Ui.servoStudio\servoStudio.csproj]
C:\UserWorx\VSWorx\ServoStudio\wpfui-servoStudio\samples\Wpf.Ui.servoStudio\Services\LiveDiag.cs(96,9): warning IDE2003: 鍧椾笌鍚庣画璇彞涔嬮棿闇€瑕佹湁绌虹櫧琛?(https://learn.microsoft.com/dotnet/fundamentals/code-analysis/style-rules/ide2003) [C:\UserWorx\VSWorx\ServoStudio\wpfui-servoStudio\samples\Wpf.Ui.servoStudio\servoStudio.csproj]
C:\UserWorx\VSWorx\ServoStudio\wpfui-servoStudio\samples\Wpf.Ui.servoStudio\Services\LiveDiag.cs(108,9): warning IDE2003: 鍧椾笌鍚庣画璇彞涔嬮棿闇€瑕佹湁绌虹櫧琛?(https://learn.microsoft.com/dotnet/fundamentals/code-analysis/style-rules/ide2003) [C:\UserWorx\VSWorx\ServoStudio\wpfui-servoStudio\samples\Wpf.Ui.servoStudio\servoStudio.csproj]
C:\UserWorx\VSWorx\ServoStudio\wpfui-servoStudio\samples\Wpf.Ui.servoStudio\Services\LiveDiag.cs(134,9): warning IDE2003: 鍧椾笌鍚庣画璇彞涔嬮棿闇€瑕佹湁绌虹櫧琛?(https://learn.microsoft.com/dotnet/fundamentals/code-analysis/style-rules/ide2003) [C:\UserWorx\VSWorx\ServoStudio\wpfui-servoStudio\samples\Wpf.Ui.servoStudio\servoStudio.csproj]
C:\UserWorx\VSWorx\ServoStudio\wpfui-servoStudio\samples\Wpf.Ui.servoStudio\Services\LiveDiag.cs(118,13): warning IDE2003: 鍧椾笌鍚庣画璇彞涔嬮棿闇€瑕佹湁绌虹櫧琛?(https://learn.microsoft.com/dotnet/fundamentals/code-analysis/style-rules/ide2003) [C:\UserWorx\VSWorx\ServoStudio\wpfui-servoStudio\samples\Wpf.Ui.servoStudio\servoStudio.csproj]
C:\UserWorx\VSWorx\ServoStudio\wpfui-servoStudio\samples\Wpf.Ui.servoStudio\Services\LiveDiag.cs(122,13): warning IDE2003: 鍧椾笌鍚庣画璇彞涔嬮棿闇€瑕佹湁绌虹櫧琛?(https://learn.microsoft.com/dotnet/fundamentals/code-analysis/style-rules/ide2003) [C:\UserWorx\VSWorx\ServoStudio\wpfui-servoStudio\samples\Wpf.Ui.servoStudio\servoStudio.csproj]
C:\UserWorx\VSWorx\ServoStudio\wpfui-servoStudio\samples\Wpf.Ui.servoStudio\Services\LiveDiag.cs(132,13): warning IDE2003: 鍧椾笌鍚庣画璇彞涔嬮棿闇€瑕佹湁绌虹櫧琛?(https://learn.microsoft.com/dotnet/fundamentals/code-analysis/style-rules/ide2003) [C:\UserWorx\VSWorx\ServoStudio\wpfui-servoStudio\samples\Wpf.Ui.servoStudio\servoStudio.csproj]
C:\UserWorx\VSWorx\ServoStudio\wpfui-servoStudio\samples\Wpf.Ui.servoStudio\Services\LiveDiag.cs(138,9): warning IDE2003: 鍧椾笌鍚庣画璇彞涔嬮棿闇€瑕佹湁绌虹櫧琛?(https://learn.microsoft.com/dotnet/fundamentals/code-analysis/style-rules/ide2003) [C:\UserWorx\VSWorx\ServoStudio\wpfui-servoStudio\samples\Wpf.Ui.servoStudio\servoStudio.csproj]
C:\UserWorx\VSWorx\ServoStudio\wpfui-servoStudio\samples\Wpf.Ui.servoStudio\Services\LiveDiag.cs(164,13): warning IDE2003: 鍧椾笌鍚庣画璇彞涔嬮棿闇€瑕佹湁绌虹櫧琛?(https://learn.microsoft.com/dotnet/fundamentals/code-analysis/style-rules/ide2003) [C:\UserWorx\VSWorx\ServoStudio\wpfui-servoStudio\samples\Wpf.Ui.servoStudio\servoStudio.csproj]
C:\UserWorx\VSWorx\ServoStudio\wpfui-servoStudio\samples\Wpf.Ui.servoStudio\Services\PageUsageTracker.cs(15,26): warning IDE0055: 淇鏍煎紡 (https://learn.microsoft.com/dotnet/fundamentals/code-analysis/style-rules/ide0055) [C:\UserWorx\VSWorx\ServoStudio\wpfui-servoStudio\samples\Wpf.Ui.servoStudio\servoStudio.csproj]
C:\UserWorx\VSWorx\ServoStudio\wpfui-servoStudio\samples\Wpf.Ui.servoStudio\Services\PageUsageTracker.cs(15,28): warning IDE0055: 淇鏍煎紡 (https://learn.microsoft.com/dotnet/fundamentals/code-analysis/style-rules/ide0055) [C:\UserWorx\VSWorx\ServoStudio\wpfui-servoStudio\samples\Wpf.Ui.servoStudio\servoStudio.csproj]
C:\UserWorx\VSWorx\ServoStudio\wpfui-servoStudio\samples\Wpf.Ui.servoStudio\Services\PageUsageTracker.cs(15,38): warning IDE0055: 淇鏍煎紡 (https://learn.microsoft.com/dotnet/fundamentals/code-analysis/style-rules/ide0055) [C:\UserWorx\VSWorx\ServoStudio\wpfui-servoStudio\samples\Wpf.Ui.servoStudio\servoStudio.csproj]
C:\UserWorx\VSWorx\ServoStudio\wpfui-servoStudio\samples\Wpf.Ui.servoStudio\Services\PageUsageTracker.cs(18,30): warning IDE0055: 淇鏍煎紡 (https://learn.microsoft.com/dotnet/fundamentals/code-analysis/style-rules/ide0055) [C:\UserWorx\VSWorx\ServoStudio\wpfui-servoStudio\samples\Wpf.Ui.servoStudio\servoStudio.csproj]
C:\UserWorx\VSWorx\ServoStudio\wpfui-servoStudio\samples\Wpf.Ui.servoStudio\Services\PageUsageTracker.cs(18,32): warning IDE0055: 淇鏍煎紡 (https://learn.microsoft.com/dotnet/fundamentals/code-analysis/style-rules/ide0055) [C:\UserWorx\VSWorx\ServoStudio\wpfui-servoStudio\samples\Wpf.Ui.servoStudio\servoStudio.csproj]
C:\UserWorx\VSWorx\ServoStudio\wpfui-servoStudio\samples\Wpf.Ui.servoStudio\Services\PageUsageTracker.cs(18,42): warning IDE0055: 淇鏍煎紡 (https://learn.microsoft.com/dotnet/fundamentals/code-analysis/style-rules/ide0055) [C:\UserWorx\VSWorx\ServoStudio\wpfui-servoStudio\samples\Wpf.Ui.servoStudio\servoStudio.csproj]
C:\UserWorx\VSWorx\ServoStudio\wpfui-servoStudio\samples\Wpf.Ui.servoStudio\Services\PageUsageTracker.cs(19,26): warning IDE0055: 淇鏍煎紡 (https://learn.microsoft.com/dotnet/fundamentals/code-analysis/style-rules/ide0055) [C:\UserWorx\VSWorx\ServoStudio\wpfui-servoStudio\samples\Wpf.Ui.servoStudio\servoStudio.csproj]
C:\UserWorx\VSWorx\ServoStudio\wpfui-servoStudio\samples\Wpf.Ui.servoStudio\Services\PageUsageTracker.cs(19,28): warning IDE0055: 淇鏍煎紡 (https://learn.microsoft.com/dotnet/fundamentals/code-analysis/style-rules/ide0055) [C:\UserWorx\VSWorx\ServoStudio\wpfui-servoStudio\samples\Wpf.Ui.servoStudio\servoStudio.csproj]
C:\UserWorx\VSWorx\ServoStudio\wpfui-servoStudio\samples\Wpf.Ui.servoStudio\Services\PageUsageTracker.cs(19,38): warning IDE0055: 淇鏍煎紡 (https://learn.microsoft.com/dotnet/fundamentals/code-analysis/style-rules/ide0055) [C:\UserWorx\VSWorx\ServoStudio\wpfui-servoStudio\samples\Wpf.Ui.servoStudio\servoStudio.csproj]
C:\UserWorx\VSWorx\ServoStudio\wpfui-servoStudio\samples\Wpf.Ui.servoStudio\Services\RegisterDisableService.cs(60,39): warning IDE0055: 淇鏍煎紡 (https://learn.microsoft.com/dotnet/fundamentals/code-analysis/style-rules/ide0055) [C:\UserWorx\VSWorx\ServoStudio\wpfui-servoStudio\samples\Wpf.Ui.servoStudio\servoStudio.csproj]
C:\UserWorx\VSWorx\ServoStudio\wpfui-servoStudio\samples\Wpf.Ui.servoStudio\Services\RegisterDisableService.cs(87,39): warning IDE0055: 淇鏍煎紡 (https://learn.microsoft.com/dotnet/fundamentals/code-analysis/style-rules/ide0055) [C:\UserWorx\VSWorx\ServoStudio\wpfui-servoStudio\samples\Wpf.Ui.servoStudio\servoStudio.csproj]
C:\UserWorx\VSWorx\ServoStudio\wpfui-servoStudio\samples\Wpf.Ui.servoStudio\Services\RegisterDisableService.cs(90,22): warning IDE0055: 淇鏍煎紡 (https://learn.microsoft.com/dotnet/fundamentals/code-analysis/style-rules/ide0055) [C:\UserWorx\VSWorx\ServoStudio\wpfui-servoStudio\samples\Wpf.Ui.servoStudio\servoStudio.csproj]
C:\UserWorx\VSWorx\ServoStudio\wpfui-servoStudio\samples\Wpf.Ui.servoStudio\Services\RegisterDisableService.cs(108,25): warning IDE0055: 淇鏍煎紡 (https://learn.microsoft.com/dotnet/fundamentals/code-analysis/style-rules/ide0055) [C:\UserWorx\VSWorx\ServoStudio\wpfui-servoStudio\samples\Wpf.Ui.servoStudio\servoStudio.csproj]
C:\UserWorx\VSWorx\ServoStudio\wpfui-servoStudio\samples\Wpf.Ui.servoStudio\Services\UsbDeviceWatcher.cs(68,22): warning IDE0055: 淇鏍煎紡 (https://learn.microsoft.com/dotnet/fundamentals/code-analysis/style-rules/ide0055) [C:\UserWorx\VSWorx\ServoStudio\wpfui-servoStudio\samples\Wpf.Ui.servoStudio\servoStudio.csproj]
C:\UserWorx\VSWorx\ServoStudio\wpfui-servoStudio\samples\Wpf.Ui.servoStudio\Services\UsbDeviceWatcher.cs(73,37): warning IDE0055: 淇鏍煎紡 (https://learn.microsoft.com/dotnet/fundamentals/code-analysis/style-rules/ide0055) [C:\UserWorx\VSWorx\ServoStudio\wpfui-servoStudio\samples\Wpf.Ui.servoStudio\servoStudio.csproj]
C:\UserWorx\VSWorx\ServoStudio\wpfui-servoStudio\samples\Wpf.Ui.servoStudio\Services\UsbDeviceWatcher.cs(83,33): warning IDE0055: 淇鏍煎紡 (https://learn.microsoft.com/dotnet/fundamentals/code-analysis/style-rules/ide0055) [C:\UserWorx\VSWorx\ServoStudio\wpfui-servoStudio\samples\Wpf.Ui.servoStudio\servoStudio.csproj]
C:\UserWorx\VSWorx\ServoStudio\wpfui-servoStudio\samples\Wpf.Ui.servoStudio\Services\UsbDeviceWatcher.cs(123,16): warning IDE0055: 淇鏍煎紡 (https://learn.microsoft.com/dotnet/fundamentals/code-analysis/style-rules/ide0055) [C:\UserWorx\VSWorx\ServoStudio\wpfui-servoStudio\samples\Wpf.Ui.servoStudio\servoStudio.csproj]
C:\UserWorx\VSWorx\ServoStudio\wpfui-servoStudio\samples\Wpf.Ui.servoStudio\Services\UsbDeviceWatcher.cs(123,18): warning IDE0055: 淇鏍煎紡 (https://learn.microsoft.com/dotnet/fundamentals/code-analysis/style-rules/ide0055) [C:\UserWorx\VSWorx\ServoStudio\wpfui-servoStudio\samples\Wpf.Ui.servoStudio\servoStudio.csproj]
C:\UserWorx\VSWorx\ServoStudio\wpfui-servoStudio\samples\Wpf.Ui.servoStudio\Services\UsbDeviceWatcher.cs(123,65): warning IDE0055: 淇鏍煎紡 (https://learn.microsoft.com/dotnet/fundamentals/code-analysis/style-rules/ide0055) [C:\UserWorx\VSWorx\ServoStudio\wpfui-servoStudio\samples\Wpf.Ui.servoStudio\servoStudio.csproj]
C:\UserWorx\VSWorx\ServoStudio\wpfui-servoStudio\samples\Wpf.Ui.servoStudio\Services\UsbDeviceWatcher.cs(130,36): warning IDE0055: 淇鏍煎紡 (https://learn.microsoft.com/dotnet/fundamentals/code-analysis/style-rules/ide0055) [C:\UserWorx\VSWorx\ServoStudio\wpfui-servoStudio\samples\Wpf.Ui.servoStudio\servoStudio.csproj]
C:\UserWorx\VSWorx\ServoStudio\wpfui-servoStudio\samples\Wpf.Ui.servoStudio\Services\UsbDeviceWatcher.cs(140,9): warning IDE2003: 鍧椾笌鍚庣画璇彞涔嬮棿闇€瑕佹湁绌虹櫧琛?(https://learn.microsoft.com/dotnet/fundamentals/code-analysis/style-rules/ide2003) [C:\UserWorx\VSWorx\ServoStudio\wpfui-servoStudio\samples\Wpf.Ui.servoStudio\servoStudio.csproj]
C:\UserWorx\VSWorx\ServoStudio\wpfui-servoStudio\samples\Wpf.Ui.servoStudio\Services\UserSettingsService.cs(167,55): warning IDE0055: 淇鏍煎紡 (https://learn.microsoft.com/dotnet/fundamentals/code-analysis/style-rules/ide0055) [C:\UserWorx\VSWorx\ServoStudio\wpfui-servoStudio\samples\Wpf.Ui.servoStudio\servoStudio.csproj]
C:\UserWorx\VSWorx\ServoStudio\wpfui-servoStudio\samples\Wpf.Ui.servoStudio\Services\UserSettingsService.cs(168,71): warning IDE0055: 淇鏍煎紡 (https://learn.microsoft.com/dotnet/fundamentals/code-analysis/style-rules/ide0055) [C:\UserWorx\VSWorx\ServoStudio\wpfui-servoStudio\samples\Wpf.Ui.servoStudio\servoStudio.csproj]
C:\UserWorx\VSWorx\ServoStudio\wpfui-servoStudio\samples\Wpf.Ui.servoStudio\Services\UserSettingsService.cs(286,39): warning IDE0055: 淇鏍煎紡 (https://learn.microsoft.com/dotnet/fundamentals/code-analysis/style-rules/ide0055) [C:\UserWorx\VSWorx\ServoStudio\wpfui-servoStudio\samples\Wpf.Ui.servoStudio\servoStudio.csproj]
C:\UserWorx\VSWorx\ServoStudio\wpfui-servoStudio\samples\Wpf.Ui.servoStudio\Services\UserSettingsService.cs(286,41): warning IDE0055: 淇鏍煎紡 (https://learn.microsoft.com/dotnet/fundamentals/code-analysis/style-rules/ide0055) [C:\UserWorx\VSWorx\ServoStudio\wpfui-servoStudio\samples\Wpf.Ui.servoStudio\servoStudio.csproj]
C:\UserWorx\VSWorx\ServoStudio\wpfui-servoStudio\samples\Wpf.Ui.servoStudio\Services\UserSettingsService.cs(286,51): warning IDE0055: 淇鏍煎紡 (https://learn.microsoft.com/dotnet/fundamentals/code-analysis/style-rules/ide0055) [C:\UserWorx\VSWorx\ServoStudio\wpfui-servoStudio\samples\Wpf.Ui.servoStudio\servoStudio.csproj]
C:\UserWorx\VSWorx\ServoStudio\wpfui-servoStudio\samples\Wpf.Ui.servoStudio\Services\UserSettingsService.cs(291,35): warning IDE0055: 淇鏍煎紡 (https://learn.microsoft.com/dotnet/fundamentals/code-analysis/style-rules/ide0055) [C:\UserWorx\VSWorx\ServoStudio\wpfui-servoStudio\samples\Wpf.Ui.servoStudio\servoStudio.csproj]
C:\UserWorx\VSWorx\ServoStudio\wpfui-servoStudio\samples\Wpf.Ui.servoStudio\Services\UserSettingsService.cs(291,37): warning IDE0055: 淇鏍煎紡 (https://learn.microsoft.com/dotnet/fundamentals/code-analysis/style-rules/ide0055) [C:\UserWorx\VSWorx\ServoStudio\wpfui-servoStudio\samples\Wpf.Ui.servoStudio\servoStudio.csproj]
C:\UserWorx\VSWorx\ServoStudio\wpfui-servoStudio\samples\Wpf.Ui.servoStudio\Services\UserSettingsService.cs(291,47): warning IDE0055: 淇鏍煎紡 (https://learn.microsoft.com/dotnet/fundamentals/code-analysis/style-rules/ide0055) [C:\UserWorx\VSWorx\ServoStudio\wpfui-servoStudio\samples\Wpf.Ui.servoStudio\servoStudio.csproj]
C:\UserWorx\VSWorx\ServoStudio\wpfui-servoStudio\samples\Wpf.Ui.servoStudio\Services\UserSettingsService.cs(309,46): warning IDE0055: 淇鏍煎紡 (https://learn.microsoft.com/dotnet/fundamentals/code-analysis/style-rules/ide0055) [C:\UserWorx\VSWorx\ServoStudio\wpfui-servoStudio\samples\Wpf.Ui.servoStudio\servoStudio.csproj]
C:\UserWorx\VSWorx\ServoStudio\wpfui-servoStudio\samples\Wpf.Ui.servoStudio\Services\UserSettingsService.cs(309,48): warning IDE0055: 淇鏍煎紡 (https://learn.microsoft.com/dotnet/fundamentals/code-analysis/style-rules/ide0055) [C:\UserWorx\VSWorx\ServoStudio\wpfui-servoStudio\samples\Wpf.Ui.servoStudio\servoStudio.csproj]
C:\UserWorx\VSWorx\ServoStudio\wpfui-servoStudio\samples\Wpf.Ui.servoStudio\Services\UserSettingsService.cs(309,58): warning IDE0055: 淇鏍煎紡 (https://learn.microsoft.com/dotnet/fundamentals/code-analysis/style-rules/ide0055) [C:\UserWorx\VSWorx\ServoStudio\wpfui-servoStudio\samples\Wpf.Ui.servoStudio\servoStudio.csproj]
C:\UserWorx\VSWorx\ServoStudio\wpfui-servoStudio\samples\Wpf.Ui.servoStudio\Services\UserSettingsService.cs(463,37): warning IDE0055: 淇鏍煎紡 (https://learn.microsoft.com/dotnet/fundamentals/code-analysis/style-rules/ide0055) [C:\UserWorx\VSWorx\ServoStudio\wpfui-servoStudio\samples\Wpf.Ui.servoStudio\servoStudio.csproj]
C:\UserWorx\VSWorx\ServoStudio\wpfui-servoStudio\samples\Wpf.Ui.servoStudio\Services\UserSettingsService.cs(463,39): warning IDE0055: 淇鏍煎紡 (https://learn.microsoft.com/dotnet/fundamentals/code-analysis/style-rules/ide0055) [C:\UserWorx\VSWorx\ServoStudio\wpfui-servoStudio\samples\Wpf.Ui.servoStudio\servoStudio.csproj]
C:\UserWorx\VSWorx\ServoStudio\wpfui-servoStudio\samples\Wpf.Ui.servoStudio\Services\UserSettingsService.cs(463,49): warning IDE0055: 淇鏍煎紡 (https://learn.microsoft.com/dotnet/fundamentals/code-analysis/style-rules/ide0055) [C:\UserWorx\VSWorx\ServoStudio\wpfui-servoStudio\samples\Wpf.Ui.servoStudio\servoStudio.csproj]
C:\UserWorx\VSWorx\ServoStudio\wpfui-servoStudio\samples\Wpf.Ui.servoStudio\Services\UserSettingsService.cs(471,38): warning IDE0055: 淇鏍煎紡 (https://learn.microsoft.com/dotnet/fundamentals/code-analysis/style-rules/ide0055) [C:\UserWorx\VSWorx\ServoStudio\wpfui-servoStudio\samples\Wpf.Ui.servoStudio\servoStudio.csproj]
C:\UserWorx\VSWorx\ServoStudio\wpfui-servoStudio\samples\Wpf.Ui.servoStudio\Services\UserSettingsService.cs(471,40): warning IDE0055: 淇鏍煎紡 (https://learn.microsoft.com/dotnet/fundamentals/code-analysis/style-rules/ide0055) [C:\UserWorx\VSWorx\ServoStudio\wpfui-servoStudio\samples\Wpf.Ui.servoStudio\servoStudio.csproj]
C:\UserWorx\VSWorx\ServoStudio\wpfui-servoStudio\samples\Wpf.Ui.servoStudio\Services\UserSettingsService.cs(471,50): warning IDE0055: 淇鏍煎紡 (https://learn.microsoft.com/dotnet/fundamentals/code-analysis/style-rules/ide0055) [C:\UserWorx\VSWorx\ServoStudio\wpfui-servoStudio\samples\Wpf.Ui.servoStudio\servoStudio.csproj]
C:\UserWorx\VSWorx\ServoStudio\wpfui-servoStudio\samples\Wpf.Ui.servoStudio\Services\UserSettingsService.cs(479,42): warning IDE0055: 淇鏍煎紡 (https://learn.microsoft.com/dotnet/fundamentals/code-analysis/style-rules/ide0055) [C:\UserWorx\VSWorx\ServoStudio\wpfui-servoStudio\samples\Wpf.Ui.servoStudio\servoStudio.csproj]
C:\UserWorx\VSWorx\ServoStudio\wpfui-servoStudio\samples\Wpf.Ui.servoStudio\Services\UserSettingsService.cs(479,44): warning IDE0055: 淇鏍煎紡 (https://learn.microsoft.com/dotnet/fundamentals/code-analysis/style-rules/ide0055) [C:\UserWorx\VSWorx\ServoStudio\wpfui-servoStudio\samples\Wpf.Ui.servoStudio\servoStudio.csproj]
C:\UserWorx\VSWorx\ServoStudio\wpfui-servoStudio\samples\Wpf.Ui.servoStudio\Services\UserSettingsService.cs(479,54): warning IDE0055: 淇鏍煎紡 (https://learn.microsoft.com/dotnet/fundamentals/code-analysis/style-rules/ide0055) [C:\UserWorx\VSWorx\ServoStudio\wpfui-servoStudio\samples\Wpf.Ui.servoStudio\servoStudio.csproj]
C:\UserWorx\VSWorx\ServoStudio\wpfui-servoStudio\samples\Wpf.Ui.servoStudio\Services\UserSettingsService.cs(490,28): warning IDE0055: 淇鏍煎紡 (https://learn.microsoft.com/dotnet/fundamentals/code-analysis/style-rules/ide0055) [C:\UserWorx\VSWorx\ServoStudio\wpfui-servoStudio\samples\Wpf.Ui.servoStudio\servoStudio.csproj]
C:\UserWorx\VSWorx\ServoStudio\wpfui-servoStudio\samples\Wpf.Ui.servoStudio\Services\UserSettingsService.cs(490,30): warning IDE0055: 淇鏍煎紡 (https://learn.microsoft.com/dotnet/fundamentals/code-analysis/style-rules/ide0055) [C:\UserWorx\VSWorx\ServoStudio\wpfui-servoStudio\samples\Wpf.Ui.servoStudio\servoStudio.csproj]
C:\UserWorx\VSWorx\ServoStudio\wpfui-servoStudio\samples\Wpf.Ui.servoStudio\Services\UserSettingsService.cs(490,40): warning IDE0055: 淇鏍煎紡 (https://learn.microsoft.com/dotnet/fundamentals/code-analysis/style-rules/ide0055) [C:\UserWorx\VSWorx\ServoStudio\wpfui-servoStudio\samples\Wpf.Ui.servoStudio\servoStudio.csproj]
C:\UserWorx\VSWorx\ServoStudio\wpfui-servoStudio\samples\Wpf.Ui.servoStudio\Services\UserSettingsService.cs(506,37): warning IDE0055: 淇鏍煎紡 (https://learn.microsoft.com/dotnet/fundamentals/code-analysis/style-rules/ide0055) [C:\UserWorx\VSWorx\ServoStudio\wpfui-servoStudio\samples\Wpf.Ui.servoStudio\servoStudio.csproj]
C:\UserWorx\VSWorx\ServoStudio\wpfui-servoStudio\samples\Wpf.Ui.servoStudio\Services\UserSettingsService.cs(506,39): warning IDE0055: 淇鏍煎紡 (https://learn.microsoft.com/dotnet/fundamentals/code-analysis/style-rules/ide0055) [C:\UserWorx\VSWorx\ServoStudio\wpfui-servoStudio\samples\Wpf.Ui.servoStudio\servoStudio.csproj]
C:\UserWorx\VSWorx\ServoStudio\wpfui-servoStudio\samples\Wpf.Ui.servoStudio\Services\UserSettingsService.cs(506,49): warning IDE0055: 淇鏍煎紡 (https://learn.microsoft.com/dotnet/fundamentals/code-analysis/style-rules/ide0055) [C:\UserWorx\VSWorx\ServoStudio\wpfui-servoStudio\samples\Wpf.Ui.servoStudio\servoStudio.csproj]
C:\UserWorx\VSWorx\ServoStudio\wpfui-servoStudio\samples\Wpf.Ui.servoStudio\Services\UserSettingsService.cs(521,43): warning IDE0055: 淇鏍煎紡 (https://learn.microsoft.com/dotnet/fundamentals/code-analysis/style-rules/ide0055) [C:\UserWorx\VSWorx\ServoStudio\wpfui-servoStudio\samples\Wpf.Ui.servoStudio\servoStudio.csproj]
C:\UserWorx\VSWorx\ServoStudio\wpfui-servoStudio\samples\Wpf.Ui.servoStudio\Services\UserSettingsService.cs(521,45): warning IDE0055: 淇鏍煎紡 (https://learn.microsoft.com/dotnet/fundamentals/code-analysis/style-rules/ide0055) [C:\UserWorx\VSWorx\ServoStudio\wpfui-servoStudio\samples\Wpf.Ui.servoStudio\servoStudio.csproj]
C:\UserWorx\VSWorx\ServoStudio\wpfui-servoStudio\samples\Wpf.Ui.servoStudio\Services\UserSettingsService.cs(521,55): warning IDE0055: 淇鏍煎紡 (https://learn.microsoft.com/dotnet/fundamentals/code-analysis/style-rules/ide0055) [C:\UserWorx\VSWorx\ServoStudio\wpfui-servoStudio\samples\Wpf.Ui.servoStudio\servoStudio.csproj]
C:\UserWorx\VSWorx\ServoStudio\wpfui-servoStudio\samples\Wpf.Ui.servoStudio\ViewModels\AppData\AppLogViewModel.cs(20,43): warning IDE0055: 淇鏍煎紡 (https://learn.microsoft.com/dotnet/fundamentals/code-analysis/style-rules/ide0055) [C:\UserWorx\VSWorx\ServoStudio\wpfui-servoStudio\samples\Wpf.Ui.servoStudio\servoStudio.csproj]
C:\UserWorx\VSWorx\ServoStudio\wpfui-servoStudio\samples\Wpf.Ui.servoStudio\ViewModels\AppData\AppLogViewModel.cs(20,45): warning IDE0055: 淇鏍煎紡 (https://learn.microsoft.com/dotnet/fundamentals/code-analysis/style-rules/ide0055) [C:\UserWorx\VSWorx\ServoStudio\wpfui-servoStudio\samples\Wpf.Ui.servoStudio\servoStudio.csproj]
C:\UserWorx\VSWorx\ServoStudio\wpfui-servoStudio\samples\Wpf.Ui.servoStudio\ViewModels\AppData\AppLogViewModel.cs(20,63): warning IDE0055: 淇鏍煎紡 (https://learn.microsoft.com/dotnet/fundamentals/code-analysis/style-rules/ide0055) [C:\UserWorx\VSWorx\ServoStudio\wpfui-servoStudio\samples\Wpf.Ui.servoStudio\servoStudio.csproj]
C:\UserWorx\VSWorx\ServoStudio\wpfui-servoStudio\samples\Wpf.Ui.servoStudio\ViewModels\AppData\AppLogViewModel.cs(701,40): warning IDE0055: 淇鏍煎紡 (https://learn.microsoft.com/dotnet/fundamentals/code-analysis/style-rules/ide0055) [C:\UserWorx\VSWorx\ServoStudio\wpfui-servoStudio\samples\Wpf.Ui.servoStudio\servoStudio.csproj]
C:\UserWorx\VSWorx\ServoStudio\wpfui-servoStudio\samples\Wpf.Ui.servoStudio\ViewModels\AppData\AppLogViewModel.cs(701,54): warning IDE0055: 淇鏍煎紡 (https://learn.microsoft.com/dotnet/fundamentals/code-analysis/style-rules/ide0055) [C:\UserWorx\VSWorx\ServoStudio\wpfui-servoStudio\samples\Wpf.Ui.servoStudio\servoStudio.csproj]
C:\UserWorx\VSWorx\ServoStudio\wpfui-servoStudio\samples\Wpf.Ui.servoStudio\ViewModels\AppData\AppLogViewModel.cs(702,39): warning IDE0055: 淇鏍煎紡 (https://learn.microsoft.com/dotnet/fundamentals/code-analysis/style-rules/ide0055) [C:\UserWorx\VSWorx\ServoStudio\wpfui-servoStudio\samples\Wpf.Ui.servoStudio\servoStudio.csproj]
C:\UserWorx\VSWorx\ServoStudio\wpfui-servoStudio\samples\Wpf.Ui.servoStudio\ViewModels\AppData\AppLogViewModel.cs(702,52): warning IDE0055: 淇鏍煎紡 (https://learn.microsoft.com/dotnet/fundamentals/code-analysis/style-rules/ide0055) [C:\UserWorx\VSWorx\ServoStudio\wpfui-servoStudio\samples\Wpf.Ui.servoStudio\servoStudio.csproj]
C:\UserWorx\VSWorx\ServoStudio\wpfui-servoStudio\samples\Wpf.Ui.servoStudio\ViewModels\AppData\AppLogViewModel.cs(703,42): warning IDE0055: 淇鏍煎紡 (https://learn.microsoft.com/dotnet/fundamentals/code-analysis/style-rules/ide0055) [C:\UserWorx\VSWorx\ServoStudio\wpfui-servoStudio\samples\Wpf.Ui.servoStudio\servoStudio.csproj]
C:\UserWorx\VSWorx\ServoStudio\wpfui-servoStudio\samples\Wpf.Ui.servoStudio\ViewModels\AppData\AppLogViewModel.cs(703,58): warning IDE0055: 淇鏍煎紡 (https://learn.microsoft.com/dotnet/fundamentals/code-analysis/style-rules/ide0055) [C:\UserWorx\VSWorx\ServoStudio\wpfui-servoStudio\samples\Wpf.Ui.servoStudio\servoStudio.csproj]
C:\UserWorx\VSWorx\ServoStudio\wpfui-servoStudio\samples\Wpf.Ui.servoStudio\ViewModels\AppData\AppLogViewModel.cs(704,40): warning IDE0055: 淇鏍煎紡 (https://learn.microsoft.com/dotnet/fundamentals/code-analysis/style-rules/ide0055) [C:\UserWorx\VSWorx\ServoStudio\wpfui-servoStudio\samples\Wpf.Ui.servoStudio\servoStudio.csproj]
C:\UserWorx\VSWorx\ServoStudio\wpfui-servoStudio\samples\Wpf.Ui.servoStudio\ViewModels\AppData\AppLogViewModel.cs(704,54): warning IDE0055: 淇鏍煎紡 (https://learn.microsoft.com/dotnet/fundamentals/code-analysis/style-rules/ide0055) [C:\UserWorx\VSWorx\ServoStudio\wpfui-servoStudio\samples\Wpf.Ui.servoStudio\servoStudio.csproj]
C:\UserWorx\VSWorx\ServoStudio\wpfui-servoStudio\samples\Wpf.Ui.servoStudio\ViewModels\AppData\AppLogViewModel.cs(705,43): warning IDE0055: 淇鏍煎紡 (https://learn.microsoft.com/dotnet/fundamentals/code-analysis/style-rules/ide0055) [C:\UserWorx\VSWorx\ServoStudio\wpfui-servoStudio\samples\Wpf.Ui.servoStudio\servoStudio.csproj]
C:\UserWorx\VSWorx\ServoStudio\wpfui-servoStudio\samples\Wpf.Ui.servoStudio\ViewModels\AppData\AppLogViewModel.cs(705,60): warning IDE0055: 淇鏍煎紡 (https://learn.microsoft.com/dotnet/fundamentals/code-analysis/style-rules/ide0055) [C:\UserWorx\VSWorx\ServoStudio\wpfui-servoStudio\samples\Wpf.Ui.servoStudio\servoStudio.csproj]
C:\UserWorx\VSWorx\ServoStudio\wpfui-servoStudio\samples\Wpf.Ui.servoStudio\ViewModels\AppData\AppLogViewModel.cs(717,40): warning IDE0055: 淇鏍煎紡 (https://learn.microsoft.com/dotnet/fundamentals/code-analysis/style-rules/ide0055) [C:\UserWorx\VSWorx\ServoStudio\wpfui-servoStudio\samples\Wpf.Ui.servoStudio\servoStudio.csproj]
C:\UserWorx\VSWorx\ServoStudio\wpfui-servoStudio\samples\Wpf.Ui.servoStudio\ViewModels\AppData\AppLogViewModel.cs(717,45): warning IDE0055: 淇鏍煎紡 (https://learn.microsoft.com/dotnet/fundamentals/code-analysis/style-rules/ide0055) [C:\UserWorx\VSWorx\ServoStudio\wpfui-servoStudio\samples\Wpf.Ui.servoStudio\servoStudio.csproj]
C:\UserWorx\VSWorx\ServoStudio\wpfui-servoStudio\samples\Wpf.Ui.servoStudio\ViewModels\AppData\AppLogViewModel.cs(718,39): warning IDE0055: 淇鏍煎紡 (https://learn.microsoft.com/dotnet/fundamentals/code-analysis/style-rules/ide0055) [C:\UserWorx\VSWorx\ServoStudio\wpfui-servoStudio\samples\Wpf.Ui.servoStudio\servoStudio.csproj]
C:\UserWorx\VSWorx\ServoStudio\wpfui-servoStudio\samples\Wpf.Ui.servoStudio\ViewModels\AppData\AppLogViewModel.cs(718,44): warning IDE0055: 淇鏍煎紡 (https://learn.microsoft.com/dotnet/fundamentals/code-analysis/style-rules/ide0055) [C:\UserWorx\VSWorx\ServoStudio\wpfui-servoStudio\samples\Wpf.Ui.servoStudio\servoStudio.csproj]
C:\UserWorx\VSWorx\ServoStudio\wpfui-servoStudio\samples\Wpf.Ui.servoStudio\ViewModels\AppData\AppLogViewModel.cs(719,42): warning IDE0055: 淇鏍煎紡 (https://learn.microsoft.com/dotnet/fundamentals/code-analysis/style-rules/ide0055) [C:\UserWorx\VSWorx\ServoStudio\wpfui-servoStudio\samples\Wpf.Ui.servoStudio\servoStudio.csproj]
C:\UserWorx\VSWorx\ServoStudio\wpfui-servoStudio\samples\Wpf.Ui.servoStudio\ViewModels\AppData\AppLogViewModel.cs(719,47): warning IDE0055: 淇鏍煎紡 (https://learn.microsoft.com/dotnet/fundamentals/code-analysis/style-rules/ide0055) [C:\UserWorx\VSWorx\ServoStudio\wpfui-servoStudio\samples\Wpf.Ui.servoStudio\servoStudio.csproj]
C:\UserWorx\VSWorx\ServoStudio\wpfui-servoStudio\samples\Wpf.Ui.servoStudio\ViewModels\AppData\AppLogViewModel.cs(720,40): warning IDE0055: 淇鏍煎紡 (https://learn.microsoft.com/dotnet/fundamentals/code-analysis/style-rules/ide0055) [C:\UserWorx\VSWorx\ServoStudio\wpfui-servoStudio\samples\Wpf.Ui.servoStudio\servoStudio.csproj]
C:\UserWorx\VSWorx\ServoStudio\wpfui-servoStudio\samples\Wpf.Ui.servoStudio\ViewModels\AppData\AppLogViewModel.cs(720,45): warning IDE0055: 淇鏍煎紡 (https://learn.microsoft.com/dotnet/fundamentals/code-analysis/style-rules/ide0055) [C:\UserWorx\VSWorx\ServoStudio\wpfui-servoStudio\samples\Wpf.Ui.servoStudio\servoStudio.csproj]
C:\UserWorx\VSWorx\ServoStudio\wpfui-servoStudio\samples\Wpf.Ui.servoStudio\ViewModels\AppData\AppLogViewModel.cs(721,43): warning IDE0055: 淇鏍煎紡 (https://learn.microsoft.com/dotnet/fundamentals/code-analysis/style-rules/ide0055) [C:\UserWorx\VSWorx\ServoStudio\wpfui-servoStudio\samples\Wpf.Ui.servoStudio\servoStudio.csproj]
C:\UserWorx\VSWorx\ServoStudio\wpfui-servoStudio\samples\Wpf.Ui.servoStudio\ViewModels\AppData\AppLogViewModel.cs(721,48): warning IDE0055: 淇鏍煎紡 (https://learn.microsoft.com/dotnet/fundamentals/code-analysis/style-rules/ide0055) [C:\UserWorx\VSWorx\ServoStudio\wpfui-servoStudio\samples\Wpf.Ui.servoStudio\servoStudio.csproj]
C:\UserWorx\VSWorx\ServoStudio\wpfui-servoStudio\samples\Wpf.Ui.servoStudio\ViewModels\AppData\DataSaveViewModel.cs(731,95): warning IDE0055: 淇鏍煎紡 (https://learn.microsoft.com/dotnet/fundamentals/code-analysis/style-rules/ide0055) [C:\UserWorx\VSWorx\ServoStudio\wpfui-servoStudio\samples\Wpf.Ui.servoStudio\servoStudio.csproj]
C:\UserWorx\VSWorx\ServoStudio\wpfui-servoStudio\samples\Wpf.Ui.servoStudio\ViewModels\AppData\DataSaveViewModel.cs(799,12): warning IDE0055: 淇鏍煎紡 (https://learn.microsoft.com/dotnet/fundamentals/code-analysis/style-rules/ide0055) [C:\UserWorx\VSWorx\ServoStudio\wpfui-servoStudio\samples\Wpf.Ui.servoStudio\servoStudio.csproj]
C:\UserWorx\VSWorx\ServoStudio\wpfui-servoStudio\samples\Wpf.Ui.servoStudio\ViewModels\AppData\DataSaveViewModel.cs(799,14): warning IDE0055: 淇鏍煎紡 (https://learn.microsoft.com/dotnet/fundamentals/code-analysis/style-rules/ide0055) [C:\UserWorx\VSWorx\ServoStudio\wpfui-servoStudio\samples\Wpf.Ui.servoStudio\servoStudio.csproj]
C:\UserWorx\VSWorx\ServoStudio\wpfui-servoStudio\samples\Wpf.Ui.servoStudio\ViewModels\AppData\DataSaveViewModel.cs(799,38): warning IDE0055: 淇鏍煎紡 (https://learn.microsoft.com/dotnet/fundamentals/code-analysis/style-rules/ide0055) [C:\UserWorx\VSWorx\ServoStudio\wpfui-servoStudio\samples\Wpf.Ui.servoStudio\servoStudio.csproj]
C:\UserWorx\VSWorx\ServoStudio\wpfui-servoStudio\samples\Wpf.Ui.servoStudio\ViewModels\AppData\DataSaveViewModel.cs(799,40): warning IDE0055: 淇鏍煎紡 (https://learn.microsoft.com/dotnet/fundamentals/code-analysis/style-rules/ide0055) [C:\UserWorx\VSWorx\ServoStudio\wpfui-servoStudio\samples\Wpf.Ui.servoStudio\servoStudio.csproj]
C:\UserWorx\VSWorx\ServoStudio\wpfui-servoStudio\samples\Wpf.Ui.servoStudio\ViewModels\AppData\DataSaveViewModel.cs(839,12): warning IDE0055: 淇鏍煎紡 (https://learn.microsoft.com/dotnet/fundamentals/code-analysis/style-rules/ide0055) [C:\UserWorx\VSWorx\ServoStudio\wpfui-servoStudio\samples\Wpf.Ui.servoStudio\servoStudio.csproj]
C:\UserWorx\VSWorx\ServoStudio\wpfui-servoStudio\samples\Wpf.Ui.servoStudio\ViewModels\AppData\DataSaveViewModel.cs(839,14): warning IDE0055: 淇鏍煎紡 (https://learn.microsoft.com/dotnet/fundamentals/code-analysis/style-rules/ide0055) [C:\UserWorx\VSWorx\ServoStudio\wpfui-servoStudio\samples\Wpf.Ui.servoStudio\servoStudio.csproj]
C:\UserWorx\VSWorx\ServoStudio\wpfui-servoStudio\samples\Wpf.Ui.servoStudio\ViewModels\AppData\DataSaveViewModel.cs(839,53): warning IDE0055: 淇鏍煎紡 (https://learn.microsoft.com/dotnet/fundamentals/code-analysis/style-rules/ide0055) [C:\UserWorx\VSWorx\ServoStudio\wpfui-servoStudio\samples\Wpf.Ui.servoStudio\servoStudio.csproj]
C:\UserWorx\VSWorx\ServoStudio\wpfui-servoStudio\samples\Wpf.Ui.servoStudio\ViewModels\AppData\DataSaveViewModel.cs(1110,27): warning IDE0055: 淇鏍煎紡 (https://learn.microsoft.com/dotnet/fundamentals/code-analysis/style-rules/ide0055) [C:\UserWorx\VSWorx\ServoStudio\wpfui-servoStudio\samples\Wpf.Ui.servoStudio\servoStudio.csproj]
C:\UserWorx\VSWorx\ServoStudio\wpfui-servoStudio\samples\Wpf.Ui.servoStudio\ViewModels\AppData\DataSaveViewModel.cs(1123,37): warning IDE0055: 淇鏍煎紡 (https://learn.microsoft.com/dotnet/fundamentals/code-analysis/style-rules/ide0055) [C:\UserWorx\VSWorx\ServoStudio\wpfui-servoStudio\samples\Wpf.Ui.servoStudio\servoStudio.csproj]
C:\UserWorx\VSWorx\ServoStudio\wpfui-servoStudio\samples\Wpf.Ui.servoStudio\ViewModels\AppData\DataSaveViewModel.cs(1129,27): warning IDE0055: 淇鏍煎紡 (https://learn.microsoft.com/dotnet/fundamentals/code-analysis/style-rules/ide0055) [C:\UserWorx\VSWorx\ServoStudio\wpfui-servoStudio\samples\Wpf.Ui.servoStudio\servoStudio.csproj]
C:\UserWorx\VSWorx\ServoStudio\wpfui-servoStudio\samples\Wpf.Ui.servoStudio\ViewModels\AppData\DataSaveViewModel.cs(1129,50): warning IDE0055: 淇鏍煎紡 (https://learn.microsoft.com/dotnet/fundamentals/code-analysis/style-rules/ide0055) [C:\UserWorx\VSWorx\ServoStudio\wpfui-servoStudio\samples\Wpf.Ui.servoStudio\servoStudio.csproj]
C:\UserWorx\VSWorx\ServoStudio\wpfui-servoStudio\samples\Wpf.Ui.servoStudio\ViewModels\AppData\DataSaveViewModel.cs(1130,26): warning IDE0055: 淇鏍煎紡 (https://learn.microsoft.com/dotnet/fundamentals/code-analysis/style-rules/ide0055) [C:\UserWorx\VSWorx\ServoStudio\wpfui-servoStudio\samples\Wpf.Ui.servoStudio\servoStudio.csproj]
C:\UserWorx\VSWorx\ServoStudio\wpfui-servoStudio\samples\Wpf.Ui.servoStudio\ViewModels\AppData\DataSaveViewModel.cs(1130,49): warning IDE0055: 淇鏍煎紡 (https://learn.microsoft.com/dotnet/fundamentals/code-analysis/style-rules/ide0055) [C:\UserWorx\VSWorx\ServoStudio\wpfui-servoStudio\samples\Wpf.Ui.servoStudio\servoStudio.csproj]
C:\UserWorx\VSWorx\ServoStudio\wpfui-servoStudio\samples\Wpf.Ui.servoStudio\ViewModels\AppData\DataSaveViewModel.cs(1131,27): warning IDE0055: 淇鏍煎紡 (https://learn.microsoft.com/dotnet/fundamentals/code-analysis/style-rules/ide0055) [C:\UserWorx\VSWorx\ServoStudio\wpfui-servoStudio\samples\Wpf.Ui.servoStudio\servoStudio.csproj]
C:\UserWorx\VSWorx\ServoStudio\wpfui-servoStudio\samples\Wpf.Ui.servoStudio\ViewModels\AppData\DataSaveViewModel.cs(1131,49): warning IDE0055: 淇鏍煎紡 (https://learn.microsoft.com/dotnet/fundamentals/code-analysis/style-rules/ide0055) [C:\UserWorx\VSWorx\ServoStudio\wpfui-servoStudio\samples\Wpf.Ui.servoStudio\servoStudio.csproj]
C:\UserWorx\VSWorx\ServoStudio\wpfui-servoStudio\samples\Wpf.Ui.servoStudio\ViewModels\AppData\DataSaveViewModel.cs(1132,27): warning IDE0055: 淇鏍煎紡 (https://learn.microsoft.com/dotnet/fundamentals/code-analysis/style-rules/ide0055) [C:\UserWorx\VSWorx\ServoStudio\wpfui-servoStudio\samples\Wpf.Ui.servoStudio\servoStudio.csproj]
C:\UserWorx\VSWorx\ServoStudio\wpfui-servoStudio\samples\Wpf.Ui.servoStudio\ViewModels\AppData\DataSaveViewModel.cs(1132,49): warning IDE0055: 淇鏍煎紡 (https://learn.microsoft.com/dotnet/fundamentals/code-analysis/style-rules/ide0055) [C:\UserWorx\VSWorx\ServoStudio\wpfui-servoStudio\samples\Wpf.Ui.servoStudio\servoStudio.csproj]
C:\UserWorx\VSWorx\ServoStudio\wpfui-servoStudio\samples\Wpf.Ui.servoStudio\ViewModels\AppData\DataSaveViewModel.cs(1133,27): warning IDE0055: 淇鏍煎紡 (https://learn.microsoft.com/dotnet/fundamentals/code-analysis/style-rules/ide0055) [C:\UserWorx\VSWorx\ServoStudio\wpfui-servoStudio\samples\Wpf.Ui.servoStudio\servoStudio.csproj]
C:\UserWorx\VSWorx\ServoStudio\wpfui-servoStudio\samples\Wpf.Ui.servoStudio\ViewModels\AppData\DataSaveViewModel.cs(1133,49): warning IDE0055: 淇鏍煎紡 (https://learn.microsoft.com/dotnet/fundamentals/code-analysis/style-rules/ide0055) [C:\UserWorx\VSWorx\ServoStudio\wpfui-servoStudio\samples\Wpf.Ui.servoStudio\servoStudio.csproj]
C:\UserWorx\VSWorx\ServoStudio\wpfui-servoStudio\samples\Wpf.Ui.servoStudio\ViewModels\AppData\DataSaveViewModel.cs(1135,34): warning IDE0055: 淇鏍煎紡 (https://learn.microsoft.com/dotnet/fundamentals/code-analysis/style-rules/ide0055) [C:\UserWorx\VSWorx\ServoStudio\wpfui-servoStudio\samples\Wpf.Ui.servoStudio\servoStudio.csproj]
C:\UserWorx\VSWorx\ServoStudio\wpfui-servoStudio\samples\Wpf.Ui.servoStudio\ViewModels\AppData\DataSaveViewModel.cs(1136,25): warning IDE0055: 淇鏍煎紡 (https://learn.microsoft.com/dotnet/fundamentals/code-analysis/style-rules/ide0055) [C:\UserWorx\VSWorx\ServoStudio\wpfui-servoStudio\samples\Wpf.Ui.servoStudio\servoStudio.csproj]
C:\UserWorx\VSWorx\ServoStudio\wpfui-servoStudio\samples\Wpf.Ui.servoStudio\ViewModels\AppData\DataSaveViewModel.cs(1163,12): warning IDE0055: 淇鏍煎紡 (https://learn.microsoft.com/dotnet/fundamentals/code-analysis/style-rules/ide0055) [C:\UserWorx\VSWorx\ServoStudio\wpfui-servoStudio\samples\Wpf.Ui.servoStudio\servoStudio.csproj]
C:\UserWorx\VSWorx\ServoStudio\wpfui-servoStudio\samples\Wpf.Ui.servoStudio\ViewModels\AppData\DataSaveViewModel.cs(1163,14): warning IDE0055: 淇鏍煎紡 (https://learn.microsoft.com/dotnet/fundamentals/code-analysis/style-rules/ide0055) [C:\UserWorx\VSWorx\ServoStudio\wpfui-servoStudio\samples\Wpf.Ui.servoStudio\servoStudio.csproj]
C:\UserWorx\VSWorx\ServoStudio\wpfui-servoStudio\samples\Wpf.Ui.servoStudio\ViewModels\AppData\DataSaveViewModel.cs(1163,38): warning IDE0055: 淇鏍煎紡 (https://learn.microsoft.com/dotnet/fundamentals/code-analysis/style-rules/ide0055) [C:\UserWorx\VSWorx\ServoStudio\wpfui-servoStudio\samples\Wpf.Ui.servoStudio\servoStudio.csproj]
C:\UserWorx\VSWorx\ServoStudio\wpfui-servoStudio\samples\Wpf.Ui.servoStudio\ViewModels\AppData\DataSaveViewModel.cs(1163,40): warning IDE0055: 淇鏍煎紡 (https://learn.microsoft.com/dotnet/fundamentals/code-analysis/style-rules/ide0055) [C:\UserWorx\VSWorx\ServoStudio\wpfui-servoStudio\samples\Wpf.Ui.servoStudio\servoStudio.csproj]
C:\UserWorx\VSWorx\ServoStudio\wpfui-servoStudio\samples\Wpf.Ui.servoStudio\ViewModels\AppData\DataSaveViewModel.cs(1069,25): warning IDE2003: 鍧椾笌鍚庣画璇彞涔嬮棿闇€瑕佹湁绌虹櫧琛?(https://learn.microsoft.com/dotnet/fundamentals/code-analysis/style-rules/ide2003) [C:\UserWorx\VSWorx\ServoStudio\wpfui-servoStudio\samples\Wpf.Ui.servoStudio\servoStudio.csproj]
C:\UserWorx\VSWorx\ServoStudio\wpfui-servoStudio\samples\Wpf.Ui.servoStudio\ViewModels\AppData\DataSaveViewModel.cs(1075,25): warning IDE2003: 鍧椾笌鍚庣画璇彞涔嬮棿闇€瑕佹湁绌虹櫧琛?(https://learn.microsoft.com/dotnet/fundamentals/code-analysis/style-rules/ide2003) [C:\UserWorx\VSWorx\ServoStudio\wpfui-servoStudio\samples\Wpf.Ui.servoStudio\servoStudio.csproj]
C:\UserWorx\VSWorx\ServoStudio\wpfui-servoStudio\samples\Wpf.Ui.servoStudio\ViewModels\AppData\DataSaveViewModel.cs(1139,9): warning IDE2003: 鍧椾笌鍚庣画璇彞涔嬮棿闇€瑕佹湁绌虹櫧琛?(https://learn.microsoft.com/dotnet/fundamentals/code-analysis/style-rules/ide2003) [C:\UserWorx\VSWorx\ServoStudio\wpfui-servoStudio\samples\Wpf.Ui.servoStudio\servoStudio.csproj]
C:\UserWorx\VSWorx\ServoStudio\wpfui-servoStudio\samples\Wpf.Ui.servoStudio\ViewModels\AppData\DataSaveViewModel.cs(1163,49): warning IDE2003: 鍧椾笌鍚庣画璇彞涔嬮棿闇€瑕佹湁绌虹櫧琛?(https://learn.microsoft.com/dotnet/fundamentals/code-analysis/style-rules/ide2003) [C:\UserWorx\VSWorx\ServoStudio\wpfui-servoStudio\samples\Wpf.Ui.servoStudio\servoStudio.csproj]
C:\UserWorx\VSWorx\ServoStudio\wpfui-servoStudio\samples\Wpf.Ui.servoStudio\ViewModels\DeviceSet\DeviceAddViewModel.cs(43,22): warning CA1063: 浠庘€淒eviceAddViewModel鈥濆疄鐜扮殑鎺ュ彛鍒楄〃涓垹闄?IDisposable锛屽洜涓哄畠宸茬敱鍩虹被鍨嬧€淰iewModel鈥濆疄鐜?(https://learn.microsoft.com/dotnet/fundamentals/code-analysis/quality-rules/ca1063) [C:\UserWorx\VSWorx\ServoStudio\wpfui-servoStudio\samples\Wpf.Ui.servoStudio\servoStudio.csproj]
C:\UserWorx\VSWorx\ServoStudio\wpfui-servoStudio\samples\Wpf.Ui.servoStudio\ViewModels\DeviceSet\DeviceAddViewModel.cs(43,22): warning CA1063: 瀵?DeviceAddViewModel 鎻愪緵 Dispose(bool) 鐨勫彲閲嶅啓瀹炵幇鎴栧皢璇ョ被鍨嬫爣璁颁负鈥滃凡瀵嗗皝鈥濄€傚 Dispose(false) 鐨勮皟鐢ㄥ簲浠呮竻鐞嗘湰鏈鸿祫婧愩€傚 Dispose(true) 鐨勮皟鐢ㄥ簲鍚屾椂娓呯悊鎵樼璧勬簮鍜屾湰鏈鸿祫婧愩€?(https://learn.microsoft.com/dotnet/fundamentals/code-analysis/quality-rules/ca1063) [C:\UserWorx\VSWorx\ServoStudio\wpfui-servoStudio\samples\Wpf.Ui.servoStudio\servoStudio.csproj]
C:\UserWorx\VSWorx\ServoStudio\wpfui-servoStudio\samples\Wpf.Ui.servoStudio\ViewModels\AppData\DataViewViewModel.cs(332,12): warning IDE0055: 淇鏍煎紡 (https://learn.microsoft.com/dotnet/fundamentals/code-analysis/style-rules/ide0055) [C:\UserWorx\VSWorx\ServoStudio\wpfui-servoStudio\samples\Wpf.Ui.servoStudio\servoStudio.csproj]
C:\UserWorx\VSWorx\ServoStudio\wpfui-servoStudio\samples\Wpf.Ui.servoStudio\ViewModels\AppData\DataViewViewModel.cs(332,14): warning IDE0055: 淇鏍煎紡 (https://learn.microsoft.com/dotnet/fundamentals/code-analysis/style-rules/ide0055) [C:\UserWorx\VSWorx\ServoStudio\wpfui-servoStudio\samples\Wpf.Ui.servoStudio\servoStudio.csproj]
C:\UserWorx\VSWorx\ServoStudio\wpfui-servoStudio\samples\Wpf.Ui.servoStudio\ViewModels\AppData\DataViewViewModel.cs(332,34): warning IDE0055: 淇鏍煎紡 (https://learn.microsoft.com/dotnet/fundamentals/code-analysis/style-rules/ide0055) [C:\UserWorx\VSWorx\ServoStudio\wpfui-servoStudio\samples\Wpf.Ui.servoStudio\servoStudio.csproj]
C:\UserWorx\VSWorx\ServoStudio\wpfui-servoStudio\samples\Wpf.Ui.servoStudio\ViewModels\AppData\DataViewViewModel.cs(332,36): warning IDE0055: 淇鏍煎紡 (https://learn.microsoft.com/dotnet/fundamentals/code-analysis/style-rules/ide0055) [C:\UserWorx\VSWorx\ServoStudio\wpfui-servoStudio\samples\Wpf.Ui.servoStudio\servoStudio.csproj]
C:\UserWorx\VSWorx\ServoStudio\wpfui-servoStudio\samples\Wpf.Ui.servoStudio\ViewModels\AppData\DataViewViewModel.cs(415,20): warning IDE0055: 淇鏍煎紡 (https://learn.microsoft.com/dotnet/fundamentals/code-analysis/style-rules/ide0055) [C:\UserWorx\VSWorx\ServoStudio\wpfui-servoStudio\samples\Wpf.Ui.servoStudio\servoStudio.csproj]
C:\UserWorx\VSWorx\ServoStudio\wpfui-servoStudio\samples\Wpf.Ui.servoStudio\ViewModels\AppData\DataViewViewModel.cs(415,22): warning IDE0055: 淇鏍煎紡 (https://learn.microsoft.com/dotnet/fundamentals/code-analysis/style-rules/ide0055) [C:\UserWorx\VSWorx\ServoStudio\wpfui-servoStudio\samples\Wpf.Ui.servoStudio\servoStudio.csproj]
C:\UserWorx\VSWorx\ServoStudio\wpfui-servoStudio\samples\Wpf.Ui.servoStudio\ViewModels\AppData\DataViewViewModel.cs(415,30): warning IDE0055: 淇鏍煎紡 (https://learn.microsoft.com/dotnet/fundamentals/code-analysis/style-rules/ide0055) [C:\UserWorx\VSWorx\ServoStudio\wpfui-servoStudio\samples\Wpf.Ui.servoStudio\servoStudio.csproj]
C:\UserWorx\VSWorx\ServoStudio\wpfui-servoStudio\samples\Wpf.Ui.servoStudio\ViewModels\AppData\DataViewViewModel.cs(415,38): warning IDE0055: 淇鏍煎紡 (https://learn.microsoft.com/dotnet/fundamentals/code-analysis/style-rules/ide0055) [C:\UserWorx\VSWorx\ServoStudio\wpfui-servoStudio\samples\Wpf.Ui.servoStudio\servoStudio.csproj]
C:\UserWorx\VSWorx\ServoStudio\wpfui-servoStudio\samples\Wpf.Ui.servoStudio\ViewModels\AppData\DataViewViewModel.cs(415,46): warning IDE0055: 淇鏍煎紡 (https://learn.microsoft.com/dotnet/fundamentals/code-analysis/style-rules/ide0055) [C:\UserWorx\VSWorx\ServoStudio\wpfui-servoStudio\samples\Wpf.Ui.servoStudio\servoStudio.csproj]
C:\UserWorx\VSWorx\ServoStudio\wpfui-servoStudio\samples\Wpf.Ui.servoStudio\ViewModels\AppData\DataViewViewModel.cs(416,26): warning IDE0055: 淇鏍煎紡 (https://learn.microsoft.com/dotnet/fundamentals/code-analysis/style-rules/ide0055) [C:\UserWorx\VSWorx\ServoStudio\wpfui-servoStudio\samples\Wpf.Ui.servoStudio\servoStudio.csproj]
C:\UserWorx\VSWorx\ServoStudio\wpfui-servoStudio\samples\Wpf.Ui.servoStudio\ViewModels\AppData\DataViewViewModel.cs(416,28): warning IDE0055: 淇鏍煎紡 (https://learn.microsoft.com/dotnet/fundamentals/code-analysis/style-rules/ide0055) [C:\UserWorx\VSWorx\ServoStudio\wpfui-servoStudio\samples\Wpf.Ui.servoStudio\servoStudio.csproj]
C:\UserWorx\VSWorx\ServoStudio\wpfui-servoStudio\samples\Wpf.Ui.servoStudio\ViewModels\AppData\DataViewViewModel.cs(416,36): warning IDE0055: 淇鏍煎紡 (https://learn.microsoft.com/dotnet/fundamentals/code-analysis/style-rules/ide0055) [C:\UserWorx\VSWorx\ServoStudio\wpfui-servoStudio\samples\Wpf.Ui.servoStudio\servoStudio.csproj]
C:\UserWorx\VSWorx\ServoStudio\wpfui-servoStudio\samples\Wpf.Ui.servoStudio\ViewModels\AppData\DataViewViewModel.cs(416,44): warning IDE0055: 淇鏍煎紡 (https://learn.microsoft.com/dotnet/fundamentals/code-analysis/style-rules/ide0055) [C:\UserWorx\VSWorx\ServoStudio\wpfui-servoStudio\samples\Wpf.Ui.servoStudio\servoStudio.csproj]
C:\UserWorx\VSWorx\ServoStudio\wpfui-servoStudio\samples\Wpf.Ui.servoStudio\ViewModels\AppData\DataViewViewModel.cs(416,52): warning IDE0055: 淇鏍煎紡 (https://learn.microsoft.com/dotnet/fundamentals/code-analysis/style-rules/ide0055) [C:\UserWorx\VSWorx\ServoStudio\wpfui-servoStudio\samples\Wpf.Ui.servoStudio\servoStudio.csproj]
C:\UserWorx\VSWorx\ServoStudio\wpfui-servoStudio\samples\Wpf.Ui.servoStudio\ViewModels\AppData\DataViewViewModel.cs(417,26): warning IDE0055: 淇鏍煎紡 (https://learn.microsoft.com/dotnet/fundamentals/code-analysis/style-rules/ide0055) [C:\UserWorx\VSWorx\ServoStudio\wpfui-servoStudio\samples\Wpf.Ui.servoStudio\servoStudio.csproj]
C:\UserWorx\VSWorx\ServoStudio\wpfui-servoStudio\samples\Wpf.Ui.servoStudio\ViewModels\AppData\DataViewViewModel.cs(417,28): warning IDE0055: 淇鏍煎紡 (https://learn.microsoft.com/dotnet/fundamentals/code-analysis/style-rules/ide0055) [C:\UserWorx\VSWorx\ServoStudio\wpfui-servoStudio\samples\Wpf.Ui.servoStudio\servoStudio.csproj]
C:\UserWorx\VSWorx\ServoStudio\wpfui-servoStudio\samples\Wpf.Ui.servoStudio\ViewModels\AppData\DataViewViewModel.cs(417,36): warning IDE0055: 淇鏍煎紡 (https://learn.microsoft.com/dotnet/fundamentals/code-analysis/style-rules/ide0055) [C:\UserWorx\VSWorx\ServoStudio\wpfui-servoStudio\samples\Wpf.Ui.servoStudio\servoStudio.csproj]
C:\UserWorx\VSWorx\ServoStudio\wpfui-servoStudio\samples\Wpf.Ui.servoStudio\ViewModels\AppData\DataViewViewModel.cs(417,44): warning IDE0055: 淇鏍煎紡 (https://learn.microsoft.com/dotnet/fundamentals/code-analysis/style-rules/ide0055) [C:\UserWorx\VSWorx\ServoStudio\wpfui-servoStudio\samples\Wpf.Ui.servoStudio\servoStudio.csproj]
C:\UserWorx\VSWorx\ServoStudio\wpfui-servoStudio\samples\Wpf.Ui.servoStudio\ViewModels\AppData\DataViewViewModel.cs(417,52): warning IDE0055: 淇鏍煎紡 (https://learn.microsoft.com/dotnet/fundamentals/code-analysis/style-rules/ide0055) [C:\UserWorx\VSWorx\ServoStudio\wpfui-servoStudio\samples\Wpf.Ui.servoStudio\servoStudio.csproj]
C:\UserWorx\VSWorx\ServoStudio\wpfui-servoStudio\samples\Wpf.Ui.servoStudio\ViewModels\AppData\DataViewViewModel.cs(418,26): warning IDE0055: 淇鏍煎紡 (https://learn.microsoft.com/dotnet/fundamentals/code-analysis/style-rules/ide0055) [C:\UserWorx\VSWorx\ServoStudio\wpfui-servoStudio\samples\Wpf.Ui.servoStudio\servoStudio.csproj]
C:\UserWorx\VSWorx\ServoStudio\wpfui-servoStudio\samples\Wpf.Ui.servoStudio\ViewModels\AppData\DataViewViewModel.cs(418,28): warning IDE0055: 淇鏍煎紡 (https://learn.microsoft.com/dotnet/fundamentals/code-analysis/style-rules/ide0055) [C:\UserWorx\VSWorx\ServoStudio\wpfui-servoStudio\samples\Wpf.Ui.servoStudio\servoStudio.csproj]
C:\UserWorx\VSWorx\ServoStudio\wpfui-servoStudio\samples\Wpf.Ui.servoStudio\ViewModels\AppData\DataViewViewModel.cs(418,36): warning IDE0055: 淇鏍煎紡 (https://learn.microsoft.com/dotnet/fundamentals/code-analysis/style-rules/ide0055) [C:\UserWorx\VSWorx\ServoStudio\wpfui-servoStudio\samples\Wpf.Ui.servoStudio\servoStudio.csproj]
C:\UserWorx\VSWorx\ServoStudio\wpfui-servoStudio\samples\Wpf.Ui.servoStudio\ViewModels\AppData\DataViewViewModel.cs(418,44): warning IDE0055: 淇鏍煎紡 (https://learn.microsoft.com/dotnet/fundamentals/code-analysis/style-rules/ide0055) [C:\UserWorx\VSWorx\ServoStudio\wpfui-servoStudio\samples\Wpf.Ui.servoStudio\servoStudio.csproj]
C:\UserWorx\VSWorx\ServoStudio\wpfui-servoStudio\samples\Wpf.Ui.servoStudio\ViewModels\AppData\DataViewViewModel.cs(418,52): warning IDE0055: 淇鏍煎紡 (https://learn.microsoft.com/dotnet/fundamentals/code-analysis/style-rules/ide0055) [C:\UserWorx\VSWorx\ServoStudio\wpfui-servoStudio\samples\Wpf.Ui.servoStudio\servoStudio.csproj]
C:\UserWorx\VSWorx\ServoStudio\wpfui-servoStudio\samples\Wpf.Ui.servoStudio\ViewModels\AppData\DataViewViewModel.cs(419,26): warning IDE0055: 淇鏍煎紡 (https://learn.microsoft.com/dotnet/fundamentals/code-analysis/style-rules/ide0055) [C:\UserWorx\VSWorx\ServoStudio\wpfui-servoStudio\samples\Wpf.Ui.servoStudio\servoStudio.csproj]
C:\UserWorx\VSWorx\ServoStudio\wpfui-servoStudio\samples\Wpf.Ui.servoStudio\ViewModels\AppData\DataViewViewModel.cs(419,28): warning IDE0055: 淇鏍煎紡 (https://learn.microsoft.com/dotnet/fundamentals/code-analysis/style-rules/ide0055) [C:\UserWorx\VSWorx\ServoStudio\wpfui-servoStudio\samples\Wpf.Ui.servoStudio\servoStudio.csproj]
C:\UserWorx\VSWorx\ServoStudio\wpfui-servoStudio\samples\Wpf.Ui.servoStudio\ViewModels\AppData\DataViewViewModel.cs(419,36): warning IDE0055: 淇鏍煎紡 (https://learn.microsoft.com/dotnet/fundamentals/code-analysis/style-rules/ide0055) [C:\UserWorx\VSWorx\ServoStudio\wpfui-servoStudio\samples\Wpf.Ui.servoStudio\servoStudio.csproj]
C:\UserWorx\VSWorx\ServoStudio\wpfui-servoStudio\samples\Wpf.Ui.servoStudio\ViewModels\AppData\DataViewViewModel.cs(419,44): warning IDE0055: 淇鏍煎紡 (https://learn.microsoft.com/dotnet/fundamentals/code-analysis/style-rules/ide0055) [C:\UserWorx\VSWorx\ServoStudio\wpfui-servoStudio\samples\Wpf.Ui.servoStudio\servoStudio.csproj]
C:\UserWorx\VSWorx\ServoStudio\wpfui-servoStudio\samples\Wpf.Ui.servoStudio\ViewModels\AppData\DataViewViewModel.cs(419,52): warning IDE0055: 淇鏍煎紡 (https://learn.microsoft.com/dotnet/fundamentals/code-analysis/style-rules/ide0055) [C:\UserWorx\VSWorx\ServoStudio\wpfui-servoStudio\samples\Wpf.Ui.servoStudio\servoStudio.csproj]
C:\UserWorx\VSWorx\ServoStudio\wpfui-servoStudio\samples\Wpf.Ui.servoStudio\ViewModels\AppData\DataViewViewModel.cs(420,13): warning IDE0055: 淇鏍煎紡 (https://learn.microsoft.com/dotnet/fundamentals/code-analysis/style-rules/ide0055) [C:\UserWorx\VSWorx\ServoStudio\wpfui-servoStudio\samples\Wpf.Ui.servoStudio\servoStudio.csproj]
C:\UserWorx\VSWorx\ServoStudio\wpfui-servoStudio\samples\Wpf.Ui.servoStudio\ViewModels\AppData\DataViewViewModel.cs(420,15): warning IDE0055: 淇鏍煎紡 (https://learn.microsoft.com/dotnet/fundamentals/code-analysis/style-rules/ide0055) [C:\UserWorx\VSWorx\ServoStudio\wpfui-servoStudio\samples\Wpf.Ui.servoStudio\servoStudio.csproj]
C:\UserWorx\VSWorx\ServoStudio\wpfui-servoStudio\samples\Wpf.Ui.servoStudio\ViewModels\AppData\DataViewViewModel.cs(420,23): warning IDE0055: 淇鏍煎紡 (https://learn.microsoft.com/dotnet/fundamentals/code-analysis/style-rules/ide0055) [C:\UserWorx\VSWorx\ServoStudio\wpfui-servoStudio\samples\Wpf.Ui.servoStudio\servoStudio.csproj]
C:\UserWorx\VSWorx\ServoStudio\wpfui-servoStudio\samples\Wpf.Ui.servoStudio\ViewModels\AppData\DataViewViewModel.cs(420,31): warning IDE0055: 淇鏍煎紡 (https://learn.microsoft.com/dotnet/fundamentals/code-analysis/style-rules/ide0055) [C:\UserWorx\VSWorx\ServoStudio\wpfui-servoStudio\samples\Wpf.Ui.servoStudio\servoStudio.csproj]
C:\UserWorx\VSWorx\ServoStudio\wpfui-servoStudio\samples\Wpf.Ui.servoStudio\ViewModels\AppData\DataViewViewModel.cs(420,39): warning IDE0055: 淇鏍煎紡 (https://learn.microsoft.com/dotnet/fundamentals/code-analysis/style-rules/ide0055) [C:\UserWorx\VSWorx\ServoStudio\wpfui-servoStudio\samples\Wpf.Ui.servoStudio\servoStudio.csproj]
C:\UserWorx\VSWorx\ServoStudio\wpfui-servoStudio\samples\Wpf.Ui.servoStudio\ViewModels\AppData\DataViewViewModel.cs(436,12): warning IDE0055: 淇鏍煎紡 (https://learn.microsoft.com/dotnet/fundamentals/code-analysis/style-rules/ide0055) [C:\UserWorx\VSWorx\ServoStudio\wpfui-servoStudio\samples\Wpf.Ui.servoStudio\servoStudio.csproj]
C:\UserWorx\VSWorx\ServoStudio\wpfui-servoStudio\samples\Wpf.Ui.servoStudio\ViewModels\AppData\DataViewViewModel.cs(436,14): warning IDE0055: 淇鏍煎紡 (https://learn.microsoft.com/dotnet/fundamentals/code-analysis/style-rules/ide0055) [C:\UserWorx\VSWorx\ServoStudio\wpfui-servoStudio\samples\Wpf.Ui.servoStudio\servoStudio.csproj]
C:\UserWorx\VSWorx\ServoStudio\wpfui-servoStudio\samples\Wpf.Ui.servoStudio\ViewModels\AppData\DataViewViewModel.cs(436,64): warning IDE0055: 淇鏍煎紡 (https://learn.microsoft.com/dotnet/fundamentals/code-analysis/style-rules/ide0055) [C:\UserWorx\VSWorx\ServoStudio\wpfui-servoStudio\samples\Wpf.Ui.servoStudio\servoStudio.csproj]
C:\UserWorx\VSWorx\ServoStudio\wpfui-servoStudio\samples\Wpf.Ui.servoStudio\ViewModels\AppData\DataViewViewModel.cs(450,58): warning IDE0055: 淇鏍煎紡 (https://learn.microsoft.com/dotnet/fundamentals/code-analysis/style-rules/ide0055) [C:\UserWorx\VSWorx\ServoStudio\wpfui-servoStudio\samples\Wpf.Ui.servoStudio\servoStudio.csproj]
C:\UserWorx\VSWorx\ServoStudio\wpfui-servoStudio\samples\Wpf.Ui.servoStudio\ViewModels\AppData\DataViewViewModel.cs(471,30): warning IDE0055: 淇鏍煎紡 (https://learn.microsoft.com/dotnet/fundamentals/code-analysis/style-rules/ide0055) [C:\UserWorx\VSWorx\ServoStudio\wpfui-servoStudio\samples\Wpf.Ui.servoStudio\servoStudio.csproj]
C:\UserWorx\VSWorx\ServoStudio\wpfui-servoStudio\samples\Wpf.Ui.servoStudio\ViewModels\AppData\DataViewViewModel.cs(480,61): warning IDE0055: 淇鏍煎紡 (https://learn.microsoft.com/dotnet/fundamentals/code-analysis/style-rules/ide0055) [C:\UserWorx\VSWorx\ServoStudio\wpfui-servoStudio\samples\Wpf.Ui.servoStudio\servoStudio.csproj]
C:\UserWorx\VSWorx\ServoStudio\wpfui-servoStudio\samples\Wpf.Ui.servoStudio\ViewModels\AppData\DataViewViewModel.cs(487,51): warning IDE0055: 淇鏍煎紡 (https://learn.microsoft.com/dotnet/fundamentals/code-analysis/style-rules/ide0055) [C:\UserWorx\VSWorx\ServoStudio\wpfui-servoStudio\samples\Wpf.Ui.servoStudio\servoStudio.csproj]
C:\UserWorx\VSWorx\ServoStudio\wpfui-servoStudio\samples\Wpf.Ui.servoStudio\ViewModels\AppData\DataViewViewModel.cs(1540,30): warning IDE0055: 淇鏍煎紡 (https://learn.microsoft.com/dotnet/fundamentals/code-analysis/style-rules/ide0055) [C:\UserWorx\VSWorx\ServoStudio\wpfui-servoStudio\samples\Wpf.Ui.servoStudio\servoStudio.csproj]
C:\UserWorx\VSWorx\ServoStudio\wpfui-servoStudio\samples\Wpf.Ui.servoStudio\ViewModels\AppData\DataViewViewModel.cs(1540,32): warning IDE0055: 淇鏍煎紡 (https://learn.microsoft.com/dotnet/fundamentals/code-analysis/style-rules/ide0055) [C:\UserWorx\VSWorx\ServoStudio\wpfui-servoStudio\samples\Wpf.Ui.servoStudio\servoStudio.csproj]
C:\UserWorx\VSWorx\ServoStudio\wpfui-servoStudio\samples\Wpf.Ui.servoStudio\ViewModels\AppData\DataViewViewModel.cs(1540,50): warning IDE0055: 淇鏍煎紡 (https://learn.microsoft.com/dotnet/fundamentals/code-analysis/style-rules/ide0055) [C:\UserWorx\VSWorx\ServoStudio\wpfui-servoStudio\samples\Wpf.Ui.servoStudio\servoStudio.csproj]
C:\UserWorx\VSWorx\ServoStudio\wpfui-servoStudio\samples\Wpf.Ui.servoStudio\ViewModels\AppData\DataViewViewModel.cs(1541,44): warning IDE0055: 淇鏍煎紡 (https://learn.microsoft.com/dotnet/fundamentals/code-analysis/style-rules/ide0055) [C:\UserWorx\VSWorx\ServoStudio\wpfui-servoStudio\samples\Wpf.Ui.servoStudio\servoStudio.csproj]
C:\UserWorx\VSWorx\ServoStudio\wpfui-servoStudio\samples\Wpf.Ui.servoStudio\ViewModels\AppData\DataViewViewModel.cs(1541,46): warning IDE0055: 淇鏍煎紡 (https://learn.microsoft.com/dotnet/fundamentals/code-analysis/style-rules/ide0055) [C:\UserWorx\VSWorx\ServoStudio\wpfui-servoStudio\samples\Wpf.Ui.servoStudio\servoStudio.csproj]
C:\UserWorx\VSWorx\ServoStudio\wpfui-servoStudio\samples\Wpf.Ui.servoStudio\ViewModels\AppData\DataViewViewModel.cs(1541,62): warning IDE0055: 淇鏍煎紡 (https://learn.microsoft.com/dotnet/fundamentals/code-analysis/style-rules/ide0055) [C:\UserWorx\VSWorx\ServoStudio\wpfui-servoStudio\samples\Wpf.Ui.servoStudio\servoStudio.csproj]
C:\UserWorx\VSWorx\ServoStudio\wpfui-servoStudio\samples\Wpf.Ui.servoStudio\ViewModels\AppData\DataViewViewModel.cs(1546,38): warning IDE0055: 淇鏍煎紡 (https://learn.microsoft.com/dotnet/fundamentals/code-analysis/style-rules/ide0055) [C:\UserWorx\VSWorx\ServoStudio\wpfui-servoStudio\samples\Wpf.Ui.servoStudio\servoStudio.csproj]
C:\UserWorx\VSWorx\ServoStudio\wpfui-servoStudio\samples\Wpf.Ui.servoStudio\ViewModels\AppData\DataViewViewModel.cs(1546,40): warning IDE0055: 淇鏍煎紡 (https://learn.microsoft.com/dotnet/fundamentals/code-analysis/style-rules/ide0055) [C:\UserWorx\VSWorx\ServoStudio\wpfui-servoStudio\samples\Wpf.Ui.servoStudio\servoStudio.csproj]
C:\UserWorx\VSWorx\ServoStudio\wpfui-servoStudio\samples\Wpf.Ui.servoStudio\ViewModels\AppData\DataViewViewModel.cs(1546,100): warning IDE0055: 淇鏍煎紡 (https://learn.microsoft.com/dotnet/fundamentals/code-analysis/style-rules/ide0055) [C:\UserWorx\VSWorx\ServoStudio\wpfui-servoStudio\samples\Wpf.Ui.servoStudio\servoStudio.csproj]
C:\UserWorx\VSWorx\ServoStudio\wpfui-servoStudio\samples\Wpf.Ui.servoStudio\ViewModels\AppData\DataViewViewModel.cs(1559,27): warning IDE0055: 淇鏍煎紡 (https://learn.microsoft.com/dotnet/fundamentals/code-analysis/style-rules/ide0055) [C:\UserWorx\VSWorx\ServoStudio\wpfui-servoStudio\samples\Wpf.Ui.servoStudio\servoStudio.csproj]
C:\UserWorx\VSWorx\ServoStudio\wpfui-servoStudio\samples\Wpf.Ui.servoStudio\ViewModels\AppData\DataViewViewModel.cs(1559,29): warning IDE0055: 淇鏍煎紡 (https://learn.microsoft.com/dotnet/fundamentals/code-analysis/style-rules/ide0055) [C:\UserWorx\VSWorx\ServoStudio\wpfui-servoStudio\samples\Wpf.Ui.servoStudio\servoStudio.csproj]
C:\UserWorx\VSWorx\ServoStudio\wpfui-servoStudio\samples\Wpf.Ui.servoStudio\ViewModels\AppData\DataViewViewModel.cs(1559,47): warning IDE0055: 淇鏍煎紡 (https://learn.microsoft.com/dotnet/fundamentals/code-analysis/style-rules/ide0055) [C:\UserWorx\VSWorx\ServoStudio\wpfui-servoStudio\samples\Wpf.Ui.servoStudio\servoStudio.csproj]
C:\UserWorx\VSWorx\ServoStudio\wpfui-servoStudio\samples\Wpf.Ui.servoStudio\ViewModels\AppData\DataViewViewModel.cs(1784,12): warning IDE0055: 淇鏍煎紡 (https://learn.microsoft.com/dotnet/fundamentals/code-analysis/style-rules/ide0055) [C:\UserWorx\VSWorx\ServoStudio\wpfui-servoStudio\samples\Wpf.Ui.servoStudio\servoStudio.csproj]
C:\UserWorx\VSWorx\ServoStudio\wpfui-servoStudio\samples\Wpf.Ui.servoStudio\ViewModels\AppData\DataViewViewModel.cs(1784,14): warning IDE0055: 淇鏍煎紡 (https://learn.microsoft.com/dotnet/fundamentals/code-analysis/style-rules/ide0055) [C:\UserWorx\VSWorx\ServoStudio\wpfui-servoStudio\samples\Wpf.Ui.servoStudio\servoStudio.csproj]
C:\UserWorx\VSWorx\ServoStudio\wpfui-servoStudio\samples\Wpf.Ui.servoStudio\ViewModels\AppData\DataViewViewModel.cs(1784,42): warning IDE0055: 淇鏍煎紡 (https://learn.microsoft.com/dotnet/fundamentals/code-analysis/style-rules/ide0055) [C:\UserWorx\VSWorx\ServoStudio\wpfui-servoStudio\samples\Wpf.Ui.servoStudio\servoStudio.csproj]
C:\UserWorx\VSWorx\ServoStudio\wpfui-servoStudio\samples\Wpf.Ui.servoStudio\ViewModels\AppData\DataViewViewModel.cs(1784,44): warning IDE0055: 淇鏍煎紡 (https://learn.microsoft.com/dotnet/fundamentals/code-analysis/style-rules/ide0055) [C:\UserWorx\VSWorx\ServoStudio\wpfui-servoStudio\samples\Wpf.Ui.servoStudio\servoStudio.csproj]
C:\UserWorx\VSWorx\ServoStudio\wpfui-servoStudio\samples\Wpf.Ui.servoStudio\ViewModels\AppData\DataViewViewModel.cs(2158,32): warning IDE0055: 淇鏍煎紡 (https://learn.microsoft.com/dotnet/fundamentals/code-analysis/style-rules/ide0055) [C:\UserWorx\VSWorx\ServoStudio\wpfui-servoStudio\samples\Wpf.Ui.servoStudio\servoStudio.csproj]
C:\UserWorx\VSWorx\ServoStudio\wpfui-servoStudio\samples\Wpf.Ui.servoStudio\ViewModels\AppData\DataViewViewModel.cs(2158,34): warning IDE0055: 淇鏍煎紡 (https://learn.microsoft.com/dotnet/fundamentals/code-analysis/style-rules/ide0055) [C:\UserWorx\VSWorx\ServoStudio\wpfui-servoStudio\samples\Wpf.Ui.servoStudio\servoStudio.csproj]
C:\UserWorx\VSWorx\ServoStudio\wpfui-servoStudio\samples\Wpf.Ui.servoStudio\ViewModels\AppData\DataViewViewModel.cs(2158,44): warning IDE0055: 淇鏍煎紡 (https://learn.microsoft.com/dotnet/fundamentals/code-analysis/style-rules/ide0055) [C:\UserWorx\VSWorx\ServoStudio\wpfui-servoStudio\samples\Wpf.Ui.servoStudio\servoStudio.csproj]
C:\UserWorx\VSWorx\ServoStudio\wpfui-servoStudio\samples\Wpf.Ui.servoStudio\ViewModels\AppData\DataViewViewModel.cs(2164,30): warning IDE0055: 淇鏍煎紡 (https://learn.microsoft.com/dotnet/fundamentals/code-analysis/style-rules/ide0055) [C:\UserWorx\VSWorx\ServoStudio\wpfui-servoStudio\samples\Wpf.Ui.servoStudio\servoStudio.csproj]
C:\UserWorx\VSWorx\ServoStudio\wpfui-servoStudio\samples\Wpf.Ui.servoStudio\ViewModels\AppData\DataViewViewModel.cs(2164,32): warning IDE0055: 淇鏍煎紡 (https://learn.microsoft.com/dotnet/fundamentals/code-analysis/style-rules/ide0055) [C:\UserWorx\VSWorx\ServoStudio\wpfui-servoStudio\samples\Wpf.Ui.servoStudio\servoStudio.csproj]
C:\UserWorx\VSWorx\ServoStudio\wpfui-servoStudio\samples\Wpf.Ui.servoStudio\ViewModels\AppData\DataViewViewModel.cs(2164,42): warning IDE0055: 淇鏍煎紡 (https://learn.microsoft.com/dotnet/fundamentals/code-analysis/style-rules/ide0055) [C:\UserWorx\VSWorx\ServoStudio\wpfui-servoStudio\samples\Wpf.Ui.servoStudio\servoStudio.csproj]
C:\UserWorx\VSWorx\ServoStudio\wpfui-servoStudio\samples\Wpf.Ui.servoStudio\ViewModels\AppData\DataViewViewModel.cs(420,40): warning IDE2003: 鍧椾笌鍚庣画璇彞涔嬮棿闇€瑕佹湁绌虹櫧琛?(https://learn.microsoft.com/dotnet/fundamentals/code-analysis/style-rules/ide2003) [C:\UserWorx\VSWorx\ServoStudio\wpfui-servoStudio\samples\Wpf.Ui.servoStudio\servoStudio.csproj]
C:\UserWorx\VSWorx\ServoStudio\wpfui-servoStudio\samples\Wpf.Ui.servoStudio\ViewModels\AppData\DataViewViewModel.cs(457,17): warning IDE2003: 鍧椾笌鍚庣画璇彞涔嬮棿闇€瑕佹湁绌虹櫧琛?(https://learn.microsoft.com/dotnet/fundamentals/code-analysis/style-rules/ide2003) [C:\UserWorx\VSWorx\ServoStudio\wpfui-servoStudio\samples\Wpf.Ui.servoStudio\servoStudio.csproj]
C:\UserWorx\VSWorx\ServoStudio\wpfui-servoStudio\samples\Wpf.Ui.servoStudio\ViewModels\AppData\DataViewViewModel.cs(500,13): warning IDE2003: 鍧椾笌鍚庣画璇彞涔嬮棿闇€瑕佹湁绌虹櫧琛?(https://learn.microsoft.com/dotnet/fundamentals/code-analysis/style-rules/ide2003) [C:\UserWorx\VSWorx\ServoStudio\wpfui-servoStudio\samples\Wpf.Ui.servoStudio\servoStudio.csproj]
C:\UserWorx\VSWorx\ServoStudio\wpfui-servoStudio\samples\Wpf.Ui.servoStudio\ViewModels\AppData\DataViewViewModel.cs(533,13): warning IDE2003: 鍧椾笌鍚庣画璇彞涔嬮棿闇€瑕佹湁绌虹櫧琛?(https://learn.microsoft.com/dotnet/fundamentals/code-analysis/style-rules/ide2003) [C:\UserWorx\VSWorx\ServoStudio\wpfui-servoStudio\samples\Wpf.Ui.servoStudio\servoStudio.csproj]
C:\UserWorx\VSWorx\ServoStudio\wpfui-servoStudio\samples\Wpf.Ui.servoStudio\ViewModels\AppData\DataViewViewModel.cs(584,17): warning IDE2003: 鍧椾笌鍚庣画璇彞涔嬮棿闇€瑕佹湁绌虹櫧琛?(https://learn.microsoft.com/dotnet/fundamentals/code-analysis/style-rules/ide2003) [C:\UserWorx\VSWorx\ServoStudio\wpfui-servoStudio\samples\Wpf.Ui.servoStudio\servoStudio.csproj]
C:\UserWorx\VSWorx\ServoStudio\wpfui-servoStudio\samples\Wpf.Ui.servoStudio\ViewModels\AppData\DataViewViewModel.cs(661,13): warning IDE2003: 鍧椾笌鍚庣画璇彞涔嬮棿闇€瑕佹湁绌虹櫧琛?(https://learn.microsoft.com/dotnet/fundamentals/code-analysis/style-rules/ide2003) [C:\UserWorx\VSWorx\ServoStudio\wpfui-servoStudio\samples\Wpf.Ui.servoStudio\servoStudio.csproj]
C:\UserWorx\VSWorx\ServoStudio\wpfui-servoStudio\samples\Wpf.Ui.servoStudio\ViewModels\AppData\DataViewViewModel.cs(703,13): warning IDE2003: 鍧椾笌鍚庣画璇彞涔嬮棿闇€瑕佹湁绌虹櫧琛?(https://learn.microsoft.com/dotnet/fundamentals/code-analysis/style-rules/ide2003) [C:\UserWorx\VSWorx\ServoStudio\wpfui-servoStudio\samples\Wpf.Ui.servoStudio\servoStudio.csproj]
C:\UserWorx\VSWorx\ServoStudio\wpfui-servoStudio\samples\Wpf.Ui.servoStudio\ViewModels\AppData\DataViewViewModel.cs(697,17): warning IDE2003: 鍧椾笌鍚庣画璇彞涔嬮棿闇€瑕佹湁绌虹櫧琛?(https://learn.microsoft.com/dotnet/fundamentals/code-analysis/style-rules/ide2003) [C:\UserWorx\VSWorx\ServoStudio\wpfui-servoStudio\samples\Wpf.Ui.servoStudio\servoStudio.csproj]
C:\UserWorx\VSWorx\ServoStudio\wpfui-servoStudio\samples\Wpf.Ui.servoStudio\ViewModels\AppData\DataViewViewModel.cs(701,17): warning IDE2003: 鍧椾笌鍚庣画璇彞涔嬮棿闇€瑕佹湁绌虹櫧琛?(https://learn.microsoft.com/dotnet/fundamentals/code-analysis/style-rules/ide2003) [C:\UserWorx\VSWorx\ServoStudio\wpfui-servoStudio\samples\Wpf.Ui.servoStudio\servoStudio.csproj]
C:\UserWorx\VSWorx\ServoStudio\wpfui-servoStudio\samples\Wpf.Ui.servoStudio\ViewModels\AppData\DataViewViewModel.cs(915,21): warning IDE2003: 鍧椾笌鍚庣画璇彞涔嬮棿闇€瑕佹湁绌虹櫧琛?(https://learn.microsoft.com/dotnet/fundamentals/code-analysis/style-rules/ide2003) [C:\UserWorx\VSWorx\ServoStudio\wpfui-servoStudio\samples\Wpf.Ui.servoStudio\servoStudio.csproj]
C:\UserWorx\VSWorx\ServoStudio\wpfui-servoStudio\samples\Wpf.Ui.servoStudio\ViewModels\AppData\DataViewViewModel.cs(946,21): warning IDE2003: 鍧椾笌鍚庣画璇彞涔嬮棿闇€瑕佹湁绌虹櫧琛?(https://learn.microsoft.com/dotnet/fundamentals/code-analysis/style-rules/ide2003) [C:\UserWorx\VSWorx\ServoStudio\wpfui-servoStudio\samples\Wpf.Ui.servoStudio\servoStudio.csproj]
C:\UserWorx\VSWorx\ServoStudio\wpfui-servoStudio\samples\Wpf.Ui.servoStudio\ViewModels\AppData\DataViewViewModel.cs(985,9): warning IDE2003: 鍧椾笌鍚庣画璇彞涔嬮棿闇€瑕佹湁绌虹櫧琛?(https://learn.microsoft.com/dotnet/fundamentals/code-analysis/style-rules/ide2003) [C:\UserWorx\VSWorx\ServoStudio\wpfui-servoStudio\samples\Wpf.Ui.servoStudio\servoStudio.csproj]
C:\UserWorx\VSWorx\ServoStudio\wpfui-servoStudio\samples\Wpf.Ui.servoStudio\ViewModels\AppData\DataViewViewModel.cs(1097,13): warning IDE2003: 鍧椾笌鍚庣画璇彞涔嬮棿闇€瑕佹湁绌虹櫧琛?(https://learn.microsoft.com/dotnet/fundamentals/code-analysis/style-rules/ide2003) [C:\UserWorx\VSWorx\ServoStudio\wpfui-servoStudio\samples\Wpf.Ui.servoStudio\servoStudio.csproj]
C:\UserWorx\VSWorx\ServoStudio\wpfui-servoStudio\samples\Wpf.Ui.servoStudio\ViewModels\AppData\DataViewViewModel.cs(1135,9): warning IDE2003: 鍧椾笌鍚庣画璇彞涔嬮棿闇€瑕佹湁绌虹櫧琛?(https://learn.microsoft.com/dotnet/fundamentals/code-analysis/style-rules/ide2003) [C:\UserWorx\VSWorx\ServoStudio\wpfui-servoStudio\samples\Wpf.Ui.servoStudio\servoStudio.csproj]
C:\UserWorx\VSWorx\ServoStudio\wpfui-servoStudio\samples\Wpf.Ui.servoStudio\ViewModels\AppData\DataViewViewModel.cs(1233,9): warning IDE2003: 鍧椾笌鍚庣画璇彞涔嬮棿闇€瑕佹湁绌虹櫧琛?(https://learn.microsoft.com/dotnet/fundamentals/code-analysis/style-rules/ide2003) [C:\UserWorx\VSWorx\ServoStudio\wpfui-servoStudio\samples\Wpf.Ui.servoStudio\servoStudio.csproj]
C:\UserWorx\VSWorx\ServoStudio\wpfui-servoStudio\samples\Wpf.Ui.servoStudio\ViewModels\AppData\DataViewViewModel.cs(1271,9): warning IDE2003: 鍧椾笌鍚庣画璇彞涔嬮棿闇€瑕佹湁绌虹櫧琛?(https://learn.microsoft.com/dotnet/fundamentals/code-analysis/style-rules/ide2003) [C:\UserWorx\VSWorx\ServoStudio\wpfui-servoStudio\samples\Wpf.Ui.servoStudio\servoStudio.csproj]
C:\UserWorx\VSWorx\ServoStudio\wpfui-servoStudio\samples\Wpf.Ui.servoStudio\ViewModels\AppData\DataViewViewModel.cs(1426,9): warning IDE2003: 鍧椾笌鍚庣画璇彞涔嬮棿闇€瑕佹湁绌虹櫧琛?(https://learn.microsoft.com/dotnet/fundamentals/code-analysis/style-rules/ide2003) [C:\UserWorx\VSWorx\ServoStudio\wpfui-servoStudio\samples\Wpf.Ui.servoStudio\servoStudio.csproj]
C:\UserWorx\VSWorx\ServoStudio\wpfui-servoStudio\samples\Wpf.Ui.servoStudio\ViewModels\AppData\DataViewViewModel.cs(1559,48): warning IDE2003: 鍧椾笌鍚庣画璇彞涔嬮棿闇€瑕佹湁绌虹櫧琛?(https://learn.microsoft.com/dotnet/fundamentals/code-analysis/style-rules/ide2003) [C:\UserWorx\VSWorx\ServoStudio\wpfui-servoStudio\samples\Wpf.Ui.servoStudio\servoStudio.csproj]
C:\UserWorx\VSWorx\ServoStudio\wpfui-servoStudio\samples\Wpf.Ui.servoStudio\ViewModels\AppData\DataViewViewModel.cs(1689,13): warning IDE2003: 鍧椾笌鍚庣画璇彞涔嬮棿闇€瑕佹湁绌虹櫧琛?(https://learn.microsoft.com/dotnet/fundamentals/code-analysis/style-rules/ide2003) [C:\UserWorx\VSWorx\ServoStudio\wpfui-servoStudio\samples\Wpf.Ui.servoStudio\servoStudio.csproj]
C:\UserWorx\VSWorx\ServoStudio\wpfui-servoStudio\samples\Wpf.Ui.servoStudio\ViewModels\AppData\DataViewViewModel.cs(1717,9): warning IDE2003: 鍧椾笌鍚庣画璇彞涔嬮棿闇€瑕佹湁绌虹櫧琛?(https://learn.microsoft.com/dotnet/fundamentals/code-analysis/style-rules/ide2003) [C:\UserWorx\VSWorx\ServoStudio\wpfui-servoStudio\samples\Wpf.Ui.servoStudio\servoStudio.csproj]
C:\UserWorx\VSWorx\ServoStudio\wpfui-servoStudio\samples\Wpf.Ui.servoStudio\ViewModels\AppData\DataViewViewModel.cs(1722,9): warning IDE2003: 鍧椾笌鍚庣画璇彞涔嬮棿闇€瑕佹湁绌虹櫧琛?(https://learn.microsoft.com/dotnet/fundamentals/code-analysis/style-rules/ide2003) [C:\UserWorx\VSWorx\ServoStudio\wpfui-servoStudio\samples\Wpf.Ui.servoStudio\servoStudio.csproj]
C:\UserWorx\VSWorx\ServoStudio\wpfui-servoStudio\samples\Wpf.Ui.servoStudio\ViewModels\AppData\DataViewViewModel.cs(1738,9): warning IDE2003: 鍧椾笌鍚庣画璇彞涔嬮棿闇€瑕佹湁绌虹櫧琛?(https://learn.microsoft.com/dotnet/fundamentals/code-analysis/style-rules/ide2003) [C:\UserWorx\VSWorx\ServoStudio\wpfui-servoStudio\samples\Wpf.Ui.servoStudio\servoStudio.csproj]
C:\UserWorx\VSWorx\ServoStudio\wpfui-servoStudio\samples\Wpf.Ui.servoStudio\ViewModels\AppData\DataViewViewModel.cs(1772,9): warning IDE2003: 鍧椾笌鍚庣画璇彞涔嬮棿闇€瑕佹湁绌虹櫧琛?(https://learn.microsoft.com/dotnet/fundamentals/code-analysis/style-rules/ide2003) [C:\UserWorx\VSWorx\ServoStudio\wpfui-servoStudio\samples\Wpf.Ui.servoStudio\servoStudio.csproj]
C:\UserWorx\VSWorx\ServoStudio\wpfui-servoStudio\samples\Wpf.Ui.servoStudio\ViewModels\AppData\DataViewViewModel.cs(1781,9): warning IDE2003: 鍧椾笌鍚庣画璇彞涔嬮棿闇€瑕佹湁绌虹櫧琛?(https://learn.microsoft.com/dotnet/fundamentals/code-analysis/style-rules/ide2003) [C:\UserWorx\VSWorx\ServoStudio\wpfui-servoStudio\samples\Wpf.Ui.servoStudio\servoStudio.csproj]
C:\UserWorx\VSWorx\ServoStudio\wpfui-servoStudio\samples\Wpf.Ui.servoStudio\ViewModels\AppData\DataViewViewModel.cs(1784,66): warning IDE2003: 鍧椾笌鍚庣画璇彞涔嬮棿闇€瑕佹湁绌虹櫧琛?(https://learn.microsoft.com/dotnet/fundamentals/code-analysis/style-rules/ide2003) [C:\UserWorx\VSWorx\ServoStudio\wpfui-servoStudio\samples\Wpf.Ui.servoStudio\servoStudio.csproj]
C:\UserWorx\VSWorx\ServoStudio\wpfui-servoStudio\samples\Wpf.Ui.servoStudio\ViewModels\AppData\DataViewViewModel.cs(1801,9): warning IDE2003: 鍧椾笌鍚庣画璇彞涔嬮棿闇€瑕佹湁绌虹櫧琛?(https://learn.microsoft.com/dotnet/fundamentals/code-analysis/style-rules/ide2003) [C:\UserWorx\VSWorx\ServoStudio\wpfui-servoStudio\samples\Wpf.Ui.servoStudio\servoStudio.csproj]
C:\UserWorx\VSWorx\ServoStudio\wpfui-servoStudio\samples\Wpf.Ui.servoStudio\ViewModels\AppData\DataViewViewModel.cs(1830,9): warning IDE2003: 鍧椾笌鍚庣画璇彞涔嬮棿闇€瑕佹湁绌虹櫧琛?(https://learn.microsoft.com/dotnet/fundamentals/code-analysis/style-rules/ide2003) [C:\UserWorx\VSWorx\ServoStudio\wpfui-servoStudio\samples\Wpf.Ui.servoStudio\servoStudio.csproj]
C:\UserWorx\VSWorx\ServoStudio\wpfui-servoStudio\samples\Wpf.Ui.servoStudio\ViewModels\AppData\DataViewViewModel.cs(1817,13): warning IDE2003: 鍧椾笌鍚庣画璇彞涔嬮棿闇€瑕佹湁绌虹櫧琛?(https://learn.microsoft.com/dotnet/fundamentals/code-analysis/style-rules/ide2003) [C:\UserWorx\VSWorx\ServoStudio\wpfui-servoStudio\samples\Wpf.Ui.servoStudio\servoStudio.csproj]
C:\UserWorx\VSWorx\ServoStudio\wpfui-servoStudio\samples\Wpf.Ui.servoStudio\ViewModels\AppData\DataViewViewModel.cs(1823,13): warning IDE2003: 鍧椾笌鍚庣画璇彞涔嬮棿闇€瑕佹湁绌虹櫧琛?(https://learn.microsoft.com/dotnet/fundamentals/code-analysis/style-rules/ide2003) [C:\UserWorx\VSWorx\ServoStudio\wpfui-servoStudio\samples\Wpf.Ui.servoStudio\servoStudio.csproj]
C:\UserWorx\VSWorx\ServoStudio\wpfui-servoStudio\samples\Wpf.Ui.servoStudio\ViewModels\AppData\DataViewViewModel.cs(1828,13): warning IDE2003: 鍧椾笌鍚庣画璇彞涔嬮棿闇€瑕佹湁绌虹櫧琛?(https://learn.microsoft.com/dotnet/fundamentals/code-analysis/style-rules/ide2003) [C:\UserWorx\VSWorx\ServoStudio\wpfui-servoStudio\samples\Wpf.Ui.servoStudio\servoStudio.csproj]
C:\UserWorx\VSWorx\ServoStudio\wpfui-servoStudio\samples\Wpf.Ui.servoStudio\ViewModels\AppData\DataViewViewModel.cs(1891,17): warning IDE2003: 鍧椾笌鍚庣画璇彞涔嬮棿闇€瑕佹湁绌虹櫧琛?(https://learn.microsoft.com/dotnet/fundamentals/code-analysis/style-rules/ide2003) [C:\UserWorx\VSWorx\ServoStudio\wpfui-servoStudio\samples\Wpf.Ui.servoStudio\servoStudio.csproj]
C:\UserWorx\VSWorx\ServoStudio\wpfui-servoStudio\samples\Wpf.Ui.servoStudio\ViewModels\AppData\DataViewViewModel.cs(1883,21): warning IDE2003: 鍧椾笌鍚庣画璇彞涔嬮棿闇€瑕佹湁绌虹櫧琛?(https://learn.microsoft.com/dotnet/fundamentals/code-analysis/style-rules/ide2003) [C:\UserWorx\VSWorx\ServoStudio\wpfui-servoStudio\samples\Wpf.Ui.servoStudio\servoStudio.csproj]
C:\UserWorx\VSWorx\ServoStudio\wpfui-servoStudio\samples\Wpf.Ui.servoStudio\ViewModels\AppData\DataViewViewModel.cs(1919,17): warning IDE2003: 鍧椾笌鍚庣画璇彞涔嬮棿闇€瑕佹湁绌虹櫧琛?(https://learn.microsoft.com/dotnet/fundamentals/code-analysis/style-rules/ide2003) [C:\UserWorx\VSWorx\ServoStudio\wpfui-servoStudio\samples\Wpf.Ui.servoStudio\servoStudio.csproj]
C:\UserWorx\VSWorx\ServoStudio\wpfui-servoStudio\samples\Wpf.Ui.servoStudio\ViewModels\AppData\DataViewViewModel.cs(1902,21): warning IDE2003: 鍧椾笌鍚庣画璇彞涔嬮棿闇€瑕佹湁绌虹櫧琛?(https://learn.microsoft.com/dotnet/fundamentals/code-analysis/style-rules/ide2003) [C:\UserWorx\VSWorx\ServoStudio\wpfui-servoStudio\samples\Wpf.Ui.servoStudio\servoStudio.csproj]
C:\UserWorx\VSWorx\ServoStudio\wpfui-servoStudio\samples\Wpf.Ui.servoStudio\ViewModels\AppData\DataViewViewModel.cs(1936,9): warning IDE2003: 鍧椾笌鍚庣画璇彞涔嬮棿闇€瑕佹湁绌虹櫧琛?(https://learn.microsoft.com/dotnet/fundamentals/code-analysis/style-rules/ide2003) [C:\UserWorx\VSWorx\ServoStudio\wpfui-servoStudio\samples\Wpf.Ui.servoStudio\servoStudio.csproj]
C:\UserWorx\VSWorx\ServoStudio\wpfui-servoStudio\samples\Wpf.Ui.servoStudio\ViewModels\AppData\DataViewViewModel.cs(1993,17): warning IDE2003: 鍧椾笌鍚庣画璇彞涔嬮棿闇€瑕佹湁绌虹櫧琛?(https://learn.microsoft.com/dotnet/fundamentals/code-analysis/style-rules/ide2003) [C:\UserWorx\VSWorx\ServoStudio\wpfui-servoStudio\samples\Wpf.Ui.servoStudio\servoStudio.csproj]
C:\UserWorx\VSWorx\ServoStudio\wpfui-servoStudio\samples\Wpf.Ui.servoStudio\ViewModels\AppData\DataViewViewModel.cs(2017,9): warning IDE2003: 鍧椾笌鍚庣画璇彞涔嬮棿闇€瑕佹湁绌虹櫧琛?(https://learn.microsoft.com/dotnet/fundamentals/code-analysis/style-rules/ide2003) [C:\UserWorx\VSWorx\ServoStudio\wpfui-servoStudio\samples\Wpf.Ui.servoStudio\servoStudio.csproj]
C:\UserWorx\VSWorx\ServoStudio\wpfui-servoStudio\samples\Wpf.Ui.servoStudio\ViewModels\AppData\PidAdjustViewModel.cs(24,23): warning IDE0055: 淇鏍煎紡 (https://learn.microsoft.com/dotnet/fundamentals/code-analysis/style-rules/ide0055) [C:\UserWorx\VSWorx\ServoStudio\wpfui-servoStudio\samples\Wpf.Ui.servoStudio\servoStudio.csproj]
C:\UserWorx\VSWorx\ServoStudio\wpfui-servoStudio\samples\Wpf.Ui.servoStudio\ViewModels\AppData\PidAdjustViewModel.cs(24,25): warning IDE0055: 淇鏍煎紡 (https://learn.microsoft.com/dotnet/fundamentals/code-analysis/style-rules/ide0055) [C:\UserWorx\VSWorx\ServoStudio\wpfui-servoStudio\samples\Wpf.Ui.servoStudio\servoStudio.csproj]
C:\UserWorx\VSWorx\ServoStudio\wpfui-servoStudio\samples\Wpf.Ui.servoStudio\ViewModels\AppData\PidAdjustViewModel.cs(24,30): warning IDE0055: 淇鏍煎紡 (https://learn.microsoft.com/dotnet/fundamentals/code-analysis/style-rules/ide0055) [C:\UserWorx\VSWorx\ServoStudio\wpfui-servoStudio\samples\Wpf.Ui.servoStudio\servoStudio.csproj]
C:\UserWorx\VSWorx\ServoStudio\wpfui-servoStudio\samples\Wpf.Ui.servoStudio\ViewModels\AppData\PidAdjustViewModel.cs(25,27): warning IDE0055: 淇鏍煎紡 (https://learn.microsoft.com/dotnet/fundamentals/code-analysis/style-rules/ide0055) [C:\UserWorx\VSWorx\ServoStudio\wpfui-servoStudio\samples\Wpf.Ui.servoStudio\servoStudio.csproj]
C:\UserWorx\VSWorx\ServoStudio\wpfui-servoStudio\samples\Wpf.Ui.servoStudio\ViewModels\AppData\PidAdjustViewModel.cs(25,29): warning IDE0055: 淇鏍煎紡 (https://learn.microsoft.com/dotnet/fundamentals/code-analysis/style-rules/ide0055) [C:\UserWorx\VSWorx\ServoStudio\wpfui-servoStudio\samples\Wpf.Ui.servoStudio\servoStudio.csproj]
C:\UserWorx\VSWorx\ServoStudio\wpfui-servoStudio\samples\Wpf.Ui.servoStudio\ViewModels\AppData\PidAdjustViewModel.cs(25,34): warning IDE0055: 淇鏍煎紡 (https://learn.microsoft.com/dotnet/fundamentals/code-analysis/style-rules/ide0055) [C:\UserWorx\VSWorx\ServoStudio\wpfui-servoStudio\samples\Wpf.Ui.servoStudio\servoStudio.csproj]
C:\UserWorx\VSWorx\ServoStudio\wpfui-servoStudio\samples\Wpf.Ui.servoStudio\ViewModels\AppData\PidAdjustViewModel.cs(26,26): warning IDE0055: 淇鏍煎紡 (https://learn.microsoft.com/dotnet/fundamentals/code-analysis/style-rules/ide0055) [C:\UserWorx\VSWorx\ServoStudio\wpfui-servoStudio\samples\Wpf.Ui.servoStudio\servoStudio.csproj]
C:\UserWorx\VSWorx\ServoStudio\wpfui-servoStudio\samples\Wpf.Ui.servoStudio\ViewModels\AppData\PidAdjustViewModel.cs(26,28): warning IDE0055: 淇鏍煎紡 (https://learn.microsoft.com/dotnet/fundamentals/code-analysis/style-rules/ide0055) [C:\UserWorx\VSWorx\ServoStudio\wpfui-servoStudio\samples\Wpf.Ui.servoStudio\servoStudio.csproj]
C:\UserWorx\VSWorx\ServoStudio\wpfui-servoStudio\samples\Wpf.Ui.servoStudio\ViewModels\AppData\PidAdjustViewModel.cs(26,38): warning IDE0055: 淇鏍煎紡 (https://learn.microsoft.com/dotnet/fundamentals/code-analysis/style-rules/ide0055) [C:\UserWorx\VSWorx\ServoStudio\wpfui-servoStudio\samples\Wpf.Ui.servoStudio\servoStudio.csproj]
C:\UserWorx\VSWorx\ServoStudio\wpfui-servoStudio\samples\Wpf.Ui.servoStudio\ViewModels\AppData\PidAdjustViewModel.cs(40,38): warning IDE0055: 淇鏍煎紡 (https://learn.microsoft.com/dotnet/fundamentals/code-analysis/style-rules/ide0055) [C:\UserWorx\VSWorx\ServoStudio\wpfui-servoStudio\samples\Wpf.Ui.servoStudio\servoStudio.csproj]
C:\UserWorx\VSWorx\ServoStudio\wpfui-servoStudio\samples\Wpf.Ui.servoStudio\ViewModels\AppData\PidAdjustViewModel.cs(373,25): warning IDE0055: 淇鏍煎紡 (https://learn.microsoft.com/dotnet/fundamentals/code-analysis/style-rules/ide0055) [C:\UserWorx\VSWorx\ServoStudio\wpfui-servoStudio\samples\Wpf.Ui.servoStudio\servoStudio.csproj]
C:\UserWorx\VSWorx\ServoStudio\wpfui-servoStudio\samples\Wpf.Ui.servoStudio\ViewModels\AppData\PidAdjustViewModel.cs(464,47): warning IDE0055: 淇鏍煎紡 (https://learn.microsoft.com/dotnet/fundamentals/code-analysis/style-rules/ide0055) [C:\UserWorx\VSWorx\ServoStudio\wpfui-servoStudio\samples\Wpf.Ui.servoStudio\servoStudio.csproj]
C:\UserWorx\VSWorx\ServoStudio\wpfui-servoStudio\samples\Wpf.Ui.servoStudio\ViewModels\AppData\PidAdjustViewModel.cs(465,47): warning IDE0055: 淇鏍煎紡 (https://learn.microsoft.com/dotnet/fundamentals/code-analysis/style-rules/ide0055) [C:\UserWorx\VSWorx\ServoStudio\wpfui-servoStudio\samples\Wpf.Ui.servoStudio\servoStudio.csproj]
C:\UserWorx\VSWorx\ServoStudio\wpfui-servoStudio\samples\Wpf.Ui.servoStudio\ViewModels\AppData\PidAdjustViewModel.cs(466,47): warning IDE0055: 淇鏍煎紡 (https://learn.microsoft.com/dotnet/fundamentals/code-analysis/style-rules/ide0055) [C:\UserWorx\VSWorx\ServoStudio\wpfui-servoStudio\samples\Wpf.Ui.servoStudio\servoStudio.csproj]
C:\UserWorx\VSWorx\ServoStudio\wpfui-servoStudio\samples\Wpf.Ui.servoStudio\ViewModels\AppData\PidAdjustViewModel.cs(467,47): warning IDE0055: 淇鏍煎紡 (https://learn.microsoft.com/dotnet/fundamentals/code-analysis/style-rules/ide0055) [C:\UserWorx\VSWorx\ServoStudio\wpfui-servoStudio\samples\Wpf.Ui.servoStudio\servoStudio.csproj]
C:\UserWorx\VSWorx\ServoStudio\wpfui-servoStudio\samples\Wpf.Ui.servoStudio\ViewModels\AppData\PidAdjustViewModel.cs(468,47): warning IDE0055: 淇鏍煎紡 (https://learn.microsoft.com/dotnet/fundamentals/code-analysis/style-rules/ide0055) [C:\UserWorx\VSWorx\ServoStudio\wpfui-servoStudio\samples\Wpf.Ui.servoStudio\servoStudio.csproj]
C:\UserWorx\VSWorx\ServoStudio\wpfui-servoStudio\samples\Wpf.Ui.servoStudio\ViewModels\AppData\PidAdjustViewModel.cs(469,47): warning IDE0055: 淇鏍煎紡 (https://learn.microsoft.com/dotnet/fundamentals/code-analysis/style-rules/ide0055) [C:\UserWorx\VSWorx\ServoStudio\wpfui-servoStudio\samples\Wpf.Ui.servoStudio\servoStudio.csproj]
C:\UserWorx\VSWorx\ServoStudio\wpfui-servoStudio\samples\Wpf.Ui.servoStudio\ViewModels\AppData\UserConfigViewModel.cs(102,95): warning IDE0055: 淇鏍煎紡 (https://learn.microsoft.com/dotnet/fundamentals/code-analysis/style-rules/ide0055) [C:\UserWorx\VSWorx\ServoStudio\wpfui-servoStudio\samples\Wpf.Ui.servoStudio\servoStudio.csproj]
C:\UserWorx\VSWorx\ServoStudio\wpfui-servoStudio\samples\Wpf.Ui.servoStudio\ViewModels\AppData\UserConfigViewModel.cs(102,97): warning IDE0055: 淇鏍煎紡 (https://learn.microsoft.com/dotnet/fundamentals/code-analysis/style-rules/ide0055) [C:\UserWorx\VSWorx\ServoStudio\wpfui-servoStudio\samples\Wpf.Ui.servoStudio\servoStudio.csproj]
C:\UserWorx\VSWorx\ServoStudio\wpfui-servoStudio\samples\Wpf.Ui.servoStudio\ViewModels\AppData\UserConfigViewModel.cs(102,102): warning IDE0055: 淇鏍煎紡 (https://learn.microsoft.com/dotnet/fundamentals/code-analysis/style-rules/ide0055) [C:\UserWorx\VSWorx\ServoStudio\wpfui-servoStudio\samples\Wpf.Ui.servoStudio\servoStudio.csproj]
C:\UserWorx\VSWorx\ServoStudio\wpfui-servoStudio\samples\Wpf.Ui.servoStudio\ViewModels\AppData\UserConfigViewModel.cs(105,45): warning IDE0055: 淇鏍煎紡 (https://learn.microsoft.com/dotnet/fundamentals/code-analysis/style-rules/ide0055) [C:\UserWorx\VSWorx\ServoStudio\wpfui-servoStudio\samples\Wpf.Ui.servoStudio\servoStudio.csproj]
C:\UserWorx\VSWorx\ServoStudio\wpfui-servoStudio\samples\Wpf.Ui.servoStudio\ViewModels\AppData\UserConfigViewModel.cs(105,47): warning IDE0055: 淇鏍煎紡 (https://learn.microsoft.com/dotnet/fundamentals/code-analysis/style-rules/ide0055) [C:\UserWorx\VSWorx\ServoStudio\wpfui-servoStudio\samples\Wpf.Ui.servoStudio\servoStudio.csproj]
C:\UserWorx\VSWorx\ServoStudio\wpfui-servoStudio\samples\Wpf.Ui.servoStudio\ViewModels\AppData\UserConfigViewModel.cs(105,52): warning IDE0055: 淇鏍煎紡 (https://learn.microsoft.com/dotnet/fundamentals/code-analysis/style-rules/ide0055) [C:\UserWorx\VSWorx\ServoStudio\wpfui-servoStudio\samples\Wpf.Ui.servoStudio\servoStudio.csproj]
C:\UserWorx\VSWorx\ServoStudio\wpfui-servoStudio\samples\Wpf.Ui.servoStudio\ViewModels\AppData\UserConfigViewModel.cs(177,25): warning IDE0055: 淇鏍煎紡 (https://learn.microsoft.com/dotnet/fundamentals/code-analysis/style-rules/ide0055) [C:\UserWorx\VSWorx\ServoStudio\wpfui-servoStudio\samples\Wpf.Ui.servoStudio\servoStudio.csproj]
C:\UserWorx\VSWorx\ServoStudio\wpfui-servoStudio\samples\Wpf.Ui.servoStudio\ViewModels\ControlViewModel.cs(270,20): warning IDE0055: 淇鏍煎紡 (https://learn.microsoft.com/dotnet/fundamentals/code-analysis/style-rules/ide0055) [C:\UserWorx\VSWorx\ServoStudio\wpfui-servoStudio\samples\Wpf.Ui.servoStudio\servoStudio.csproj]
C:\UserWorx\VSWorx\ServoStudio\wpfui-servoStudio\samples\Wpf.Ui.servoStudio\ViewModels\ControlViewModel.cs(271,20): warning IDE0055: 淇鏍煎紡 (https://learn.microsoft.com/dotnet/fundamentals/code-analysis/style-rules/ide0055) [C:\UserWorx\VSWorx\ServoStudio\wpfui-servoStudio\samples\Wpf.Ui.servoStudio\servoStudio.csproj]
C:\UserWorx\VSWorx\ServoStudio\wpfui-servoStudio\samples\Wpf.Ui.servoStudio\ViewModels\ControlViewModel.cs(272,20): warning IDE0055: 淇鏍煎紡 (https://learn.microsoft.com/dotnet/fundamentals/code-analysis/style-rules/ide0055) [C:\UserWorx\VSWorx\ServoStudio\wpfui-servoStudio\samples\Wpf.Ui.servoStudio\servoStudio.csproj]
C:\UserWorx\VSWorx\ServoStudio\wpfui-servoStudio\samples\Wpf.Ui.servoStudio\ViewModels\ControlViewModel.cs(273,20): warning IDE0055: 淇鏍煎紡 (https://learn.microsoft.com/dotnet/fundamentals/code-analysis/style-rules/ide0055) [C:\UserWorx\VSWorx\ServoStudio\wpfui-servoStudio\samples\Wpf.Ui.servoStudio\servoStudio.csproj]
C:\UserWorx\VSWorx\ServoStudio\wpfui-servoStudio\samples\Wpf.Ui.servoStudio\ViewModels\ControlViewModel.cs(274,20): warning IDE0055: 淇鏍煎紡 (https://learn.microsoft.com/dotnet/fundamentals/code-analysis/style-rules/ide0055) [C:\UserWorx\VSWorx\ServoStudio\wpfui-servoStudio\samples\Wpf.Ui.servoStudio\servoStudio.csproj]
C:\UserWorx\VSWorx\ServoStudio\wpfui-servoStudio\samples\Wpf.Ui.servoStudio\ViewModels\ControlViewModel.cs(275,20): warning IDE0055: 淇鏍煎紡 (https://learn.microsoft.com/dotnet/fundamentals/code-analysis/style-rules/ide0055) [C:\UserWorx\VSWorx\ServoStudio\wpfui-servoStudio\samples\Wpf.Ui.servoStudio\servoStudio.csproj]
C:\UserWorx\VSWorx\ServoStudio\wpfui-servoStudio\samples\Wpf.Ui.servoStudio\ViewModels\ControlViewModel.cs(276,20): warning IDE0055: 淇鏍煎紡 (https://learn.microsoft.com/dotnet/fundamentals/code-analysis/style-rules/ide0055) [C:\UserWorx\VSWorx\ServoStudio\wpfui-servoStudio\samples\Wpf.Ui.servoStudio\servoStudio.csproj]
C:\UserWorx\VSWorx\ServoStudio\wpfui-servoStudio\samples\Wpf.Ui.servoStudio\ViewModels\ControlViewModel.cs(277,20): warning IDE0055: 淇鏍煎紡 (https://learn.microsoft.com/dotnet/fundamentals/code-analysis/style-rules/ide0055) [C:\UserWorx\VSWorx\ServoStudio\wpfui-servoStudio\samples\Wpf.Ui.servoStudio\servoStudio.csproj]
C:\UserWorx\VSWorx\ServoStudio\wpfui-servoStudio\samples\Wpf.Ui.servoStudio\ViewModels\ControlViewModel.cs(278,20): warning IDE0055: 淇鏍煎紡 (https://learn.microsoft.com/dotnet/fundamentals/code-analysis/style-rules/ide0055) [C:\UserWorx\VSWorx\ServoStudio\wpfui-servoStudio\samples\Wpf.Ui.servoStudio\servoStudio.csproj]
C:\UserWorx\VSWorx\ServoStudio\wpfui-servoStudio\samples\Wpf.Ui.servoStudio\ViewModels\ControlViewModel.cs(279,20): warning IDE0055: 淇鏍煎紡 (https://learn.microsoft.com/dotnet/fundamentals/code-analysis/style-rules/ide0055) [C:\UserWorx\VSWorx\ServoStudio\wpfui-servoStudio\samples\Wpf.Ui.servoStudio\servoStudio.csproj]
C:\UserWorx\VSWorx\ServoStudio\wpfui-servoStudio\samples\Wpf.Ui.servoStudio\ViewModels\ControlViewModel.cs(280,21): warning IDE0055: 淇鏍煎紡 (https://learn.microsoft.com/dotnet/fundamentals/code-analysis/style-rules/ide0055) [C:\UserWorx\VSWorx\ServoStudio\wpfui-servoStudio\samples\Wpf.Ui.servoStudio\servoStudio.csproj]
C:\UserWorx\VSWorx\ServoStudio\wpfui-servoStudio\samples\Wpf.Ui.servoStudio\ViewModels\ControlViewModel.cs(281,21): warning IDE0055: 淇鏍煎紡 (https://learn.microsoft.com/dotnet/fundamentals/code-analysis/style-rules/ide0055) [C:\UserWorx\VSWorx\ServoStudio\wpfui-servoStudio\samples\Wpf.Ui.servoStudio\servoStudio.csproj]
C:\UserWorx\VSWorx\ServoStudio\wpfui-servoStudio\samples\Wpf.Ui.servoStudio\ViewModels\ControlViewModel.cs(282,21): warning IDE0055: 淇鏍煎紡 (https://learn.microsoft.com/dotnet/fundamentals/code-analysis/style-rules/ide0055) [C:\UserWorx\VSWorx\ServoStudio\wpfui-servoStudio\samples\Wpf.Ui.servoStudio\servoStudio.csproj]
C:\UserWorx\VSWorx\ServoStudio\wpfui-servoStudio\samples\Wpf.Ui.servoStudio\ViewModels\ControlViewModel.cs(283,21): warning IDE0055: 淇鏍煎紡 (https://learn.microsoft.com/dotnet/fundamentals/code-analysis/style-rules/ide0055) [C:\UserWorx\VSWorx\ServoStudio\wpfui-servoStudio\samples\Wpf.Ui.servoStudio\servoStudio.csproj]
C:\UserWorx\VSWorx\ServoStudio\wpfui-servoStudio\samples\Wpf.Ui.servoStudio\ViewModels\ControlViewModel.cs(284,21): warning IDE0055: 淇鏍煎紡 (https://learn.microsoft.com/dotnet/fundamentals/code-analysis/style-rules/ide0055) [C:\UserWorx\VSWorx\ServoStudio\wpfui-servoStudio\samples\Wpf.Ui.servoStudio\servoStudio.csproj]
C:\UserWorx\VSWorx\ServoStudio\wpfui-servoStudio\samples\Wpf.Ui.servoStudio\ViewModels\ControlViewModel.cs(285,21): warning IDE0055: 淇鏍煎紡 (https://learn.microsoft.com/dotnet/fundamentals/code-analysis/style-rules/ide0055) [C:\UserWorx\VSWorx\ServoStudio\wpfui-servoStudio\samples\Wpf.Ui.servoStudio\servoStudio.csproj]
C:\UserWorx\VSWorx\ServoStudio\wpfui-servoStudio\samples\Wpf.Ui.servoStudio\ViewModels\ControlViewModel.cs(332,38): warning IDE0055: 淇鏍煎紡 (https://learn.microsoft.com/dotnet/fundamentals/code-analysis/style-rules/ide0055) [C:\UserWorx\VSWorx\ServoStudio\wpfui-servoStudio\samples\Wpf.Ui.servoStudio\servoStudio.csproj]
C:\UserWorx\VSWorx\ServoStudio\wpfui-servoStudio\samples\Wpf.Ui.servoStudio\ViewModels\DashboardViewModel.cs(85,19): warning IDE0055: 淇鏍煎紡 (https://learn.microsoft.com/dotnet/fundamentals/code-analysis/style-rules/ide0055) [C:\UserWorx\VSWorx\ServoStudio\wpfui-servoStudio\samples\Wpf.Ui.servoStudio\servoStudio.csproj]
C:\UserWorx\VSWorx\ServoStudio\wpfui-servoStudio\samples\Wpf.Ui.servoStudio\ViewModels\DashboardViewModel.cs(85,33): warning IDE0055: 淇鏍煎紡 (https://learn.microsoft.com/dotnet/fundamentals/code-analysis/style-rules/ide0055) [C:\UserWorx\VSWorx\ServoStudio\wpfui-servoStudio\samples\Wpf.Ui.servoStudio\servoStudio.csproj]
C:\UserWorx\VSWorx\ServoStudio\wpfui-servoStudio\samples\Wpf.Ui.servoStudio\ViewModels\DashboardViewModel.cs(85,38): warning IDE0055: 淇鏍煎紡 (https://learn.microsoft.com/dotnet/fundamentals/code-analysis/style-rules/ide0055) [C:\UserWorx\VSWorx\ServoStudio\wpfui-servoStudio\samples\Wpf.Ui.servoStudio\servoStudio.csproj]
C:\UserWorx\VSWorx\ServoStudio\wpfui-servoStudio\samples\Wpf.Ui.servoStudio\ViewModels\DashboardViewModel.cs(132,87): warning IDE0055: 淇鏍煎紡 (https://learn.microsoft.com/dotnet/fundamentals/code-analysis/style-rules/ide0055) [C:\UserWorx\VSWorx\ServoStudio\wpfui-servoStudio\samples\Wpf.Ui.servoStudio\servoStudio.csproj]
C:\UserWorx\VSWorx\ServoStudio\wpfui-servoStudio\samples\Wpf.Ui.servoStudio\ViewModels\DashboardViewModel.cs(133,89): warning IDE0055: 淇鏍煎紡 (https://learn.microsoft.com/dotnet/fundamentals/code-analysis/style-rules/ide0055) [C:\UserWorx\VSWorx\ServoStudio\wpfui-servoStudio\samples\Wpf.Ui.servoStudio\servoStudio.csproj]
C:\UserWorx\VSWorx\ServoStudio\wpfui-servoStudio\samples\Wpf.Ui.servoStudio\ViewModels\DashboardViewModel.cs(134,93): warning IDE0055: 淇鏍煎紡 (https://learn.microsoft.com/dotnet/fundamentals/code-analysis/style-rules/ide0055) [C:\UserWorx\VSWorx\ServoStudio\wpfui-servoStudio\samples\Wpf.Ui.servoStudio\servoStudio.csproj]
C:\UserWorx\VSWorx\ServoStudio\wpfui-servoStudio\samples\Wpf.Ui.servoStudio\ViewModels\DashboardViewModel.cs(135,92): warning IDE0055: 淇鏍煎紡 (https://learn.microsoft.com/dotnet/fundamentals/code-analysis/style-rules/ide0055) [C:\UserWorx\VSWorx\ServoStudio\wpfui-servoStudio\samples\Wpf.Ui.servoStudio\servoStudio.csproj]
C:\UserWorx\VSWorx\ServoStudio\wpfui-servoStudio\samples\Wpf.Ui.servoStudio\ViewModels\DashboardViewModel.cs(136,85): warning IDE0055: 淇鏍煎紡 (https://learn.microsoft.com/dotnet/fundamentals/code-analysis/style-rules/ide0055) [C:\UserWorx\VSWorx\ServoStudio\wpfui-servoStudio\samples\Wpf.Ui.servoStudio\servoStudio.csproj]
C:\UserWorx\VSWorx\ServoStudio\wpfui-servoStudio\samples\Wpf.Ui.servoStudio\ViewModels\DashboardViewModel.cs(137,87): warning IDE0055: 淇鏍煎紡 (https://learn.microsoft.com/dotnet/fundamentals/code-analysis/style-rules/ide0055) [C:\UserWorx\VSWorx\ServoStudio\wpfui-servoStudio\samples\Wpf.Ui.servoStudio\servoStudio.csproj]
C:\UserWorx\VSWorx\ServoStudio\wpfui-servoStudio\samples\Wpf.Ui.servoStudio\ViewModels\DashboardViewModel.cs(138,87): warning IDE0055: 淇鏍煎紡 (https://learn.microsoft.com/dotnet/fundamentals/code-analysis/style-rules/ide0055) [C:\UserWorx\VSWorx\ServoStudio\wpfui-servoStudio\samples\Wpf.Ui.servoStudio\servoStudio.csproj]
C:\UserWorx\VSWorx\ServoStudio\wpfui-servoStudio\samples\Wpf.Ui.servoStudio\ViewModels\DashboardViewModel.cs(139,82): warning IDE0055: 淇鏍煎紡 (https://learn.microsoft.com/dotnet/fundamentals/code-analysis/style-rules/ide0055) [C:\UserWorx\VSWorx\ServoStudio\wpfui-servoStudio\samples\Wpf.Ui.servoStudio\servoStudio.csproj]
C:\UserWorx\VSWorx\ServoStudio\wpfui-servoStudio\samples\Wpf.Ui.servoStudio\ViewModels\DashboardViewModel.cs(140,80): warning IDE0055: 淇鏍煎紡 (https://learn.microsoft.com/dotnet/fundamentals/code-analysis/style-rules/ide0055) [C:\UserWorx\VSWorx\ServoStudio\wpfui-servoStudio\samples\Wpf.Ui.servoStudio\servoStudio.csproj]
C:\UserWorx\VSWorx\ServoStudio\wpfui-servoStudio\samples\Wpf.Ui.servoStudio\ViewModels\DashboardViewModel.cs(141,83): warning IDE0055: 淇鏍煎紡 (https://learn.microsoft.com/dotnet/fundamentals/code-analysis/style-rules/ide0055) [C:\UserWorx\VSWorx\ServoStudio\wpfui-servoStudio\samples\Wpf.Ui.servoStudio\servoStudio.csproj]
C:\UserWorx\VSWorx\ServoStudio\wpfui-servoStudio\samples\Wpf.Ui.servoStudio\ViewModels\DashboardViewModel.cs(149,12): warning IDE0055: 淇鏍煎紡 (https://learn.microsoft.com/dotnet/fundamentals/code-analysis/style-rules/ide0055) [C:\UserWorx\VSWorx\ServoStudio\wpfui-servoStudio\samples\Wpf.Ui.servoStudio\servoStudio.csproj]
C:\UserWorx\VSWorx\ServoStudio\wpfui-servoStudio\samples\Wpf.Ui.servoStudio\Core\CANopen\Adapters\ZlgKernelDllScanner.cs(54,13): warning IDE0008: 鐢ㄦ樉寮忕被鍨嬩唬鏇?"var" (https://learn.microsoft.com/dotnet/fundamentals/code-analysis/style-rules/ide0008) [C:\UserWorx\VSWorx\ServoStudio\wpfui-servoStudio\samples\Wpf.Ui.servoStudio\servoStudio.csproj]
C:\UserWorx\VSWorx\ServoStudio\wpfui-servoStudio\samples\Wpf.Ui.servoStudio\Core\CANopen\Adapters\ZlgKernelDllScanner.cs(57,17): warning IDE0058: 姘歌繙涓嶄細浣跨敤琛ㄨ揪寮忓€?(https://learn.microsoft.com/dotnet/fundamentals/code-analysis/style-rules/ide0058) [C:\UserWorx\VSWorx\ServoStudio\wpfui-servoStudio\samples\Wpf.Ui.servoStudio\servoStudio.csproj]
C:\UserWorx\VSWorx\ServoStudio\wpfui-servoStudio\samples\Wpf.Ui.servoStudio\Core\CANopen\SerialCanBus.cs(150,9): warning IDE0058: 姘歌繙涓嶄細浣跨敤琛ㄨ揪寮忓€?(https://learn.microsoft.com/dotnet/fundamentals/code-analysis/style-rules/ide0058) [C:\UserWorx\VSWorx\ServoStudio\wpfui-servoStudio\samples\Wpf.Ui.servoStudio\servoStudio.csproj]
C:\UserWorx\VSWorx\ServoStudio\wpfui-servoStudio\samples\Wpf.Ui.servoStudio\Core\CANopen\SerialCanBus.cs(151,9): warning IDE0058: 姘歌繙涓嶄細浣跨敤琛ㄨ揪寮忓€?(https://learn.microsoft.com/dotnet/fundamentals/code-analysis/style-rules/ide0058) [C:\UserWorx\VSWorx\ServoStudio\wpfui-servoStudio\samples\Wpf.Ui.servoStudio\servoStudio.csproj]
C:\UserWorx\VSWorx\ServoStudio\wpfui-servoStudio\samples\Wpf.Ui.servoStudio\Core\CANopen\SerialCanBus.cs(152,9): warning IDE0058: 姘歌繙涓嶄細浣跨敤琛ㄨ揪寮忓€?(https://learn.microsoft.com/dotnet/fundamentals/code-analysis/style-rules/ide0058) [C:\UserWorx\VSWorx\ServoStudio\wpfui-servoStudio\samples\Wpf.Ui.servoStudio\servoStudio.csproj]
C:\UserWorx\VSWorx\ServoStudio\wpfui-servoStudio\samples\Wpf.Ui.servoStudio\Core\CANopen\SerialCanBus.cs(155,13): warning IDE0058: 姘歌繙涓嶄細浣跨敤琛ㄨ揪寮忓€?(https://learn.microsoft.com/dotnet/fundamentals/code-analysis/style-rules/ide0058) [C:\UserWorx\VSWorx\ServoStudio\wpfui-servoStudio\samples\Wpf.Ui.servoStudio\servoStudio.csproj]
C:\UserWorx\VSWorx\ServoStudio\wpfui-servoStudio\samples\Wpf.Ui.servoStudio\Core\CANopen\SerialCanBus.cs(134,15): warning IDE0058: 姘歌繙涓嶄細浣跨敤琛ㄨ揪寮忓€?(https://learn.microsoft.com/dotnet/fundamentals/code-analysis/style-rules/ide0058) [C:\UserWorx\VSWorx\ServoStudio\wpfui-servoStudio\samples\Wpf.Ui.servoStudio\servoStudio.csproj]
C:\UserWorx\VSWorx\ServoStudio\wpfui-servoStudio\samples\Wpf.Ui.servoStudio\App.xaml.cs(222,13): warning IDE0011: 鍚?鈥渋f鈥?璇彞娣诲姞澶ф嫭鍙枫€?(https://learn.microsoft.com/dotnet/fundamentals/code-analysis/style-rules/ide0011) [C:\UserWorx\VSWorx\ServoStudio\wpfui-servoStudio\samples\Wpf.Ui.servoStudio\servoStudio.csproj]
C:\UserWorx\VSWorx\ServoStudio\wpfui-servoStudio\samples\Wpf.Ui.servoStudio\App.xaml.cs(230,17): warning IDE0011: 鍚?鈥渋f鈥?璇彞娣诲姞澶ф嫭鍙枫€?(https://learn.microsoft.com/dotnet/fundamentals/code-analysis/style-rules/ide0011) [C:\UserWorx\VSWorx\ServoStudio\wpfui-servoStudio\samples\Wpf.Ui.servoStudio\servoStudio.csproj]
C:\UserWorx\VSWorx\ServoStudio\wpfui-servoStudio\samples\Wpf.Ui.servoStudio\App.xaml.cs(231,17): warning IDE0011: 鍚?鈥渋f鈥?璇彞娣诲姞澶ф嫭鍙枫€?(https://learn.microsoft.com/dotnet/fundamentals/code-analysis/style-rules/ide0011) [C:\UserWorx\VSWorx\ServoStudio\wpfui-servoStudio\samples\Wpf.Ui.servoStudio\servoStudio.csproj]
C:\UserWorx\VSWorx\ServoStudio\wpfui-servoStudio\samples\Wpf.Ui.servoStudio\Views\Pages\QuickControlPage.xaml.cs(66,9): warning IDE0058: 姘歌繙涓嶄細浣跨敤琛ㄨ揪寮忓€?(https://learn.microsoft.com/dotnet/fundamentals/code-analysis/style-rules/ide0058) [C:\UserWorx\VSWorx\ServoStudio\wpfui-servoStudio\samples\Wpf.Ui.servoStudio\servoStudio.csproj]
C:\UserWorx\VSWorx\ServoStudio\wpfui-servoStudio\samples\Wpf.Ui.servoStudio\Models\Cia402Varibles.cs(136,9): warning IDE0011: 鍚?鈥渋f鈥?璇彞娣诲姞澶ф嫭鍙枫€?(https://learn.microsoft.com/dotnet/fundamentals/code-analysis/style-rules/ide0011) [C:\UserWorx\VSWorx\ServoStudio\wpfui-servoStudio\samples\Wpf.Ui.servoStudio\servoStudio.csproj]
C:\UserWorx\VSWorx\ServoStudio\wpfui-servoStudio\samples\Wpf.Ui.servoStudio\Models\Cia402Varibles.cs(137,9): warning IDE0011: 鍚?鈥渋f鈥?璇彞娣诲姞澶ф嫭鍙枫€?(https://learn.microsoft.com/dotnet/fundamentals/code-analysis/style-rules/ide0011) [C:\UserWorx\VSWorx\ServoStudio\wpfui-servoStudio\samples\Wpf.Ui.servoStudio\servoStudio.csproj]
C:\UserWorx\VSWorx\ServoStudio\wpfui-servoStudio\samples\Wpf.Ui.servoStudio\Models\Cia402Varibles.cs(138,9): warning IDE0011: 鍚?鈥渋f鈥?璇彞娣诲姞澶ф嫭鍙枫€?(https://learn.microsoft.com/dotnet/fundamentals/code-analysis/style-rules/ide0011) [C:\UserWorx\VSWorx\ServoStudio\wpfui-servoStudio\samples\Wpf.Ui.servoStudio\servoStudio.csproj]
C:\UserWorx\VSWorx\ServoStudio\wpfui-servoStudio\samples\Wpf.Ui.servoStudio\Models\Cia402Varibles.cs(139,9): warning IDE0011: 鍚?鈥渋f鈥?璇彞娣诲姞澶ф嫭鍙枫€?(https://learn.microsoft.com/dotnet/fundamentals/code-analysis/style-rules/ide0011) [C:\UserWorx\VSWorx\ServoStudio\wpfui-servoStudio\samples\Wpf.Ui.servoStudio\servoStudio.csproj]
C:\UserWorx\VSWorx\ServoStudio\wpfui-servoStudio\samples\Wpf.Ui.servoStudio\Models\Cia402Varibles.cs(140,9): warning IDE0011: 鍚?鈥渋f鈥?璇彞娣诲姞澶ф嫭鍙枫€?(https://learn.microsoft.com/dotnet/fundamentals/code-analysis/style-rules/ide0011) [C:\UserWorx\VSWorx\ServoStudio\wpfui-servoStudio\samples\Wpf.Ui.servoStudio\servoStudio.csproj]
C:\UserWorx\VSWorx\ServoStudio\wpfui-servoStudio\samples\Wpf.Ui.servoStudio\Models\Cia402Varibles.cs(141,9): warning IDE0011: 鍚?鈥渋f鈥?璇彞娣诲姞澶ф嫭鍙枫€?(https://learn.microsoft.com/dotnet/fundamentals/code-analysis/style-rules/ide0011) [C:\UserWorx\VSWorx\ServoStudio\wpfui-servoStudio\samples\Wpf.Ui.servoStudio\servoStudio.csproj]
C:\UserWorx\VSWorx\ServoStudio\wpfui-servoStudio\samples\Wpf.Ui.servoStudio\Models\Cia402Varibles.cs(142,9): warning IDE0011: 鍚?鈥渋f鈥?璇彞娣诲姞澶ф嫭鍙枫€?(https://learn.microsoft.com/dotnet/fundamentals/code-analysis/style-rules/ide0011) [C:\UserWorx\VSWorx\ServoStudio\wpfui-servoStudio\samples\Wpf.Ui.servoStudio\servoStudio.csproj]
C:\UserWorx\VSWorx\ServoStudio\wpfui-servoStudio\samples\Wpf.Ui.servoStudio\Models\Cia402Varibles.cs(143,9): warning IDE0011: 鍚?鈥渋f鈥?璇彞娣诲姞澶ф嫭鍙枫€?(https://learn.microsoft.com/dotnet/fundamentals/code-analysis/style-rules/ide0011) [C:\UserWorx\VSWorx\ServoStudio\wpfui-servoStudio\samples\Wpf.Ui.servoStudio\servoStudio.csproj]
C:\UserWorx\VSWorx\ServoStudio\wpfui-servoStudio\samples\Wpf.Ui.servoStudio\ViewModels\AppData\DataViewViewModel.cs(103,13): warning IDE0008: 鐢ㄦ樉寮忕被鍨嬩唬鏇?"var" (https://learn.microsoft.com/dotnet/fundamentals/code-analysis/style-rules/ide0008) [C:\UserWorx\VSWorx\ServoStudio\wpfui-servoStudio\samples\Wpf.Ui.servoStudio\servoStudio.csproj]
C:\UserWorx\VSWorx\ServoStudio\wpfui-servoStudio\samples\Wpf.Ui.servoStudio\Core\CANopen\SerialCanBus.cs(228,25): warning IDE0058: 姘歌繙涓嶄細浣跨敤琛ㄨ揪寮忓€?(https://learn.microsoft.com/dotnet/fundamentals/code-analysis/style-rules/ide0058) [C:\UserWorx\VSWorx\ServoStudio\wpfui-servoStudio\samples\Wpf.Ui.servoStudio\servoStudio.csproj]
C:\UserWorx\VSWorx\ServoStudio\wpfui-servoStudio\samples\Wpf.Ui.servoStudio\Core\CANopen\SerialCanBus.cs(233,21): warning IDE0058: 姘歌繙涓嶄細浣跨敤琛ㄨ揪寮忓€?(https://learn.microsoft.com/dotnet/fundamentals/code-analysis/style-rules/ide0058) [C:\UserWorx\VSWorx\ServoStudio\wpfui-servoStudio\samples\Wpf.Ui.servoStudio\servoStudio.csproj]
C:\UserWorx\VSWorx\ServoStudio\wpfui-servoStudio\samples\Wpf.Ui.servoStudio\Core\CANopen\SerialCanBus.cs(236,25): warning IDE0058: 姘歌繙涓嶄細浣跨敤琛ㄨ揪寮忓€?(https://learn.microsoft.com/dotnet/fundamentals/code-analysis/style-rules/ide0058) [C:\UserWorx\VSWorx\ServoStudio\wpfui-servoStudio\samples\Wpf.Ui.servoStudio\servoStudio.csproj]
C:\UserWorx\VSWorx\ServoStudio\wpfui-servoStudio\samples\Wpf.Ui.servoStudio\App.xaml.cs(232,17): warning IDE0058: 姘歌繙涓嶄細浣跨敤琛ㄨ揪寮忓€?(https://learn.microsoft.com/dotnet/fundamentals/code-analysis/style-rules/ide0058) [C:\UserWorx\VSWorx\ServoStudio\wpfui-servoStudio\samples\Wpf.Ui.servoStudio\servoStudio.csproj]
C:\UserWorx\VSWorx\ServoStudio\wpfui-servoStudio\samples\Wpf.Ui.servoStudio\Views\Pages\QuickControlPage.xaml.cs(111,13): warning IDE0058: 姘歌繙涓嶄細浣跨敤琛ㄨ揪寮忓€?(https://learn.microsoft.com/dotnet/fundamentals/code-analysis/style-rules/ide0058) [C:\UserWorx\VSWorx\ServoStudio\wpfui-servoStudio\samples\Wpf.Ui.servoStudio\servoStudio.csproj]
C:\UserWorx\VSWorx\ServoStudio\wpfui-servoStudio\samples\Wpf.Ui.servoStudio\App.xaml.cs(309,17): warning IDE0058: 姘歌繙涓嶄細浣跨敤琛ㄨ揪寮忓€?(https://learn.microsoft.com/dotnet/fundamentals/code-analysis/style-rules/ide0058) [C:\UserWorx\VSWorx\ServoStudio\wpfui-servoStudio\samples\Wpf.Ui.servoStudio\servoStudio.csproj]
C:\UserWorx\VSWorx\ServoStudio\wpfui-servoStudio\samples\Wpf.Ui.servoStudio\App.xaml.cs(321,13): warning IDE0058: 姘歌繙涓嶄細浣跨敤琛ㄨ揪寮忓€?(https://learn.microsoft.com/dotnet/fundamentals/code-analysis/style-rules/ide0058) [C:\UserWorx\VSWorx\ServoStudio\wpfui-servoStudio\samples\Wpf.Ui.servoStudio\servoStudio.csproj]
C:\UserWorx\VSWorx\ServoStudio\wpfui-servoStudio\samples\Wpf.Ui.servoStudio\ViewModels\AppData\DataViewViewModel.cs(143,9): warning IDE0008: 鐢ㄦ樉寮忕被鍨嬩唬鏇?"var" (https://learn.microsoft.com/dotnet/fundamentals/code-analysis/style-rules/ide0008) [C:\UserWorx\VSWorx\ServoStudio\wpfui-servoStudio\samples\Wpf.Ui.servoStudio\servoStudio.csproj]
C:\UserWorx\VSWorx\ServoStudio\wpfui-servoStudio\samples\Wpf.Ui.servoStudio\Core\CANopen\Adapters\ZlgKernelDllScanner.cs(86,19): warning IDE0058: 姘歌繙涓嶄細浣跨敤琛ㄨ揪寮忓€?(https://learn.microsoft.com/dotnet/fundamentals/code-analysis/style-rules/ide0058) [C:\UserWorx\VSWorx\ServoStudio\wpfui-servoStudio\samples\Wpf.Ui.servoStudio\servoStudio.csproj]
C:\UserWorx\VSWorx\ServoStudio\wpfui-servoStudio\samples\Wpf.Ui.servoStudio\App.xaml.cs(155,17): warning IDE0058: 姘歌繙涓嶄細浣跨敤琛ㄨ揪寮忓€?(https://learn.microsoft.com/dotnet/fundamentals/code-analysis/style-rules/ide0058) [C:\UserWorx\VSWorx\ServoStudio\wpfui-servoStudio\samples\Wpf.Ui.servoStudio\servoStudio.csproj]
C:\UserWorx\VSWorx\ServoStudio\wpfui-servoStudio\samples\Wpf.Ui.servoStudio\Core\Modbus\ModbusRtuMaster.cs(216,17): warning CA1063: 淇敼鈥淢odbusRtuMaster.Dispose鈥濓紝浣垮叾璋冪敤 Dispose(true)锛屽啀瀵瑰綋鍓嶅璞″疄渚嬭皟鐢?GC.SuppressFinalize (Visual Basic 涓殑鈥滄椤光€濇垨鈥滄垜鈥?锛岀劧鍚庤繑鍥?(https://learn.microsoft.com/dotnet/fundamentals/code-analysis/quality-rules/ca1063) [C:\UserWorx\VSWorx\ServoStudio\wpfui-servoStudio\samples\Wpf.Ui.servoStudio\servoStudio.csproj]
C:\UserWorx\VSWorx\ServoStudio\wpfui-servoStudio\samples\Wpf.Ui.servoStudio\ViewModels\AppData\DataViewViewModel.cs(162,9): warning IDE0011: 鍚?鈥渋f鈥?璇彞娣诲姞澶ф嫭鍙枫€?(https://learn.microsoft.com/dotnet/fundamentals/code-analysis/style-rules/ide0011) [C:\UserWorx\VSWorx\ServoStudio\wpfui-servoStudio\samples\Wpf.Ui.servoStudio\servoStudio.csproj]
C:\UserWorx\VSWorx\ServoStudio\wpfui-servoStudio\samples\Wpf.Ui.servoStudio\ViewModels\AppData\DataViewViewModel.cs(164,9): warning IDE0011: 鍚?鈥渆lse鈥?璇彞娣诲姞澶ф嫭鍙枫€?(https://learn.microsoft.com/dotnet/fundamentals/code-analysis/style-rules/ide0011) [C:\UserWorx\VSWorx\ServoStudio\wpfui-servoStudio\samples\Wpf.Ui.servoStudio\servoStudio.csproj]
C:\UserWorx\VSWorx\ServoStudio\wpfui-servoStudio\samples\Wpf.Ui.servoStudio\ViewModels\AppData\DataViewViewModel.cs(161,9): warning IDE0008: 鐢ㄦ樉寮忕被鍨嬩唬鏇?"var" (https://learn.microsoft.com/dotnet/fundamentals/code-analysis/style-rules/ide0008) [C:\UserWorx\VSWorx\ServoStudio\wpfui-servoStudio\samples\Wpf.Ui.servoStudio\servoStudio.csproj]
C:\UserWorx\VSWorx\ServoStudio\wpfui-servoStudio\samples\Wpf.Ui.servoStudio\ViewModels\AppData\AppLogViewModel.cs(167,9): warning IDE0011: 鍚?鈥渋f鈥?璇彞娣诲姞澶ф嫭鍙枫€?(https://learn.microsoft.com/dotnet/fundamentals/code-analysis/style-rules/ide0011) [C:\UserWorx\VSWorx\ServoStudio\wpfui-servoStudio\samples\Wpf.Ui.servoStudio\servoStudio.csproj]
C:\UserWorx\VSWorx\ServoStudio\wpfui-servoStudio\samples\Wpf.Ui.servoStudio\Core\Modbus\ModbusRtuMaster.cs(262,9): warning IDE0008: 鐢ㄦ樉寮忕被鍨嬩唬鏇?"var" (https://learn.microsoft.com/dotnet/fundamentals/code-analysis/style-rules/ide0008) [C:\UserWorx\VSWorx\ServoStudio\wpfui-servoStudio\samples\Wpf.Ui.servoStudio\servoStudio.csproj]
C:\UserWorx\VSWorx\ServoStudio\wpfui-servoStudio\samples\Wpf.Ui.servoStudio\ViewModels\AppData\DataViewViewModel.cs(163,13): warning IDE0058: 姘歌繙涓嶄細浣跨敤琛ㄨ揪寮忓€?(https://learn.microsoft.com/dotnet/fundamentals/code-analysis/style-rules/ide0058) [C:\UserWorx\VSWorx\ServoStudio\wpfui-servoStudio\samples\Wpf.Ui.servoStudio\servoStudio.csproj]
C:\UserWorx\VSWorx\ServoStudio\wpfui-servoStudio\samples\Wpf.Ui.servoStudio\ViewModels\AppData\AppLogViewModel.cs(196,9): warning IDE0011: 鍚?鈥渋f鈥?璇彞娣诲姞澶ф嫭鍙枫€?(https://learn.microsoft.com/dotnet/fundamentals/code-analysis/style-rules/ide0011) [C:\UserWorx\VSWorx\ServoStudio\wpfui-servoStudio\samples\Wpf.Ui.servoStudio\servoStudio.csproj]
C:\UserWorx\VSWorx\ServoStudio\wpfui-servoStudio\samples\Wpf.Ui.servoStudio\Core\Modbus\ModbusRtuMaster.cs(282,15): warning IDE0058: 姘歌繙涓嶄細浣跨敤琛ㄨ揪寮忓€?(https://learn.microsoft.com/dotnet/fundamentals/code-analysis/style-rules/ide0058) [C:\UserWorx\VSWorx\ServoStudio\wpfui-servoStudio\samples\Wpf.Ui.servoStudio\servoStudio.csproj]
C:\UserWorx\VSWorx\ServoStudio\wpfui-servoStudio\samples\Wpf.Ui.servoStudio\Views\Pages\QuickControlPage.xaml.cs(165,13): warning IDE0008: 鐢ㄦ樉寮忕被鍨嬩唬鏇?"var" (https://learn.microsoft.com/dotnet/fundamentals/code-analysis/style-rules/ide0008) [C:\UserWorx\VSWorx\ServoStudio\wpfui-servoStudio\samples\Wpf.Ui.servoStudio\servoStudio.csproj]
C:\UserWorx\VSWorx\ServoStudio\wpfui-servoStudio\samples\Wpf.Ui.servoStudio\ViewModels\AppData\UserConfigViewModel.cs(184,9): warning IDE0011: 鍚?鈥渋f鈥?璇彞娣诲姞澶ф嫭鍙枫€?(https://learn.microsoft.com/dotnet/fundamentals/code-analysis/style-rules/ide0011) [C:\UserWorx\VSWorx\ServoStudio\wpfui-servoStudio\samples\Wpf.Ui.servoStudio\servoStudio.csproj]
C:\UserWorx\VSWorx\ServoStudio\wpfui-servoStudio\samples\Wpf.Ui.servoStudio\ViewModels\AppData\UserConfigViewModel.cs(177,9): warning IDE0011: 鍚?鈥渋f鈥?璇彞娣诲姞澶ф嫭鍙枫€?(https://learn.microsoft.com/dotnet/fundamentals/code-analysis/style-rules/ide0011) [C:\UserWorx\VSWorx\ServoStudio\wpfui-servoStudio\samples\Wpf.Ui.servoStudio\servoStudio.csproj]
C:\UserWorx\VSWorx\ServoStudio\wpfui-servoStudio\samples\Wpf.Ui.servoStudio\ViewModels\AppData\UserConfigViewModel.cs(178,9): warning IDE0011: 鍚?鈥渇oreach鈥?璇彞娣诲姞澶ф嫭鍙枫€?(https://learn.microsoft.com/dotnet/fundamentals/code-analysis/style-rules/ide0011) [C:\UserWorx\VSWorx\ServoStudio\wpfui-servoStudio\samples\Wpf.Ui.servoStudio\servoStudio.csproj]
C:\UserWorx\VSWorx\ServoStudio\wpfui-servoStudio\samples\Wpf.Ui.servoStudio\ViewModels\AppData\AppLogViewModel.cs(218,9): warning IDE0011: 鍚?鈥渋f鈥?璇彞娣诲姞澶ф嫭鍙枫€?(https://learn.microsoft.com/dotnet/fundamentals/code-analysis/style-rules/ide0011) [C:\UserWorx\VSWorx\ServoStudio\wpfui-servoStudio\samples\Wpf.Ui.servoStudio\servoStudio.csproj]
C:\UserWorx\VSWorx\ServoStudio\wpfui-servoStudio\samples\Wpf.Ui.servoStudio\ViewModels\AppData\UserConfigViewModel.cs(206,9): warning IDE0011: 鍚?鈥渋f鈥?璇彞娣诲姞澶ф嫭鍙枫€?(https://learn.microsoft.com/dotnet/fundamentals/code-analysis/style-rules/ide0011) [C:\UserWorx\VSWorx\ServoStudio\wpfui-servoStudio\samples\Wpf.Ui.servoStudio\servoStudio.csproj]
C:\UserWorx\VSWorx\ServoStudio\wpfui-servoStudio\samples\Wpf.Ui.servoStudio\ViewModels\AppData\DataViewViewModel.cs(216,13): warning IDE0008: 鐢ㄦ樉寮忕被鍨嬩唬鏇?"var" (https://learn.microsoft.com/dotnet/fundamentals/code-analysis/style-rules/ide0008) [C:\UserWorx\VSWorx\ServoStudio\wpfui-servoStudio\samples\Wpf.Ui.servoStudio\servoStudio.csproj]
C:\UserWorx\VSWorx\ServoStudio\wpfui-servoStudio\samples\Wpf.Ui.servoStudio\ViewModels\AppData\DataViewViewModel.cs(217,13): warning IDE0008: 鐢ㄦ樉寮忕被鍨嬩唬鏇?"var" (https://learn.microsoft.com/dotnet/fundamentals/code-analysis/style-rules/ide0008) [C:\UserWorx\VSWorx\ServoStudio\wpfui-servoStudio\samples\Wpf.Ui.servoStudio\servoStudio.csproj]
C:\UserWorx\VSWorx\ServoStudio\wpfui-servoStudio\samples\Wpf.Ui.servoStudio\Views\Pages\QuickControlPage.xaml.cs(177,9): warning IDE0058: 姘歌繙涓嶄細浣跨敤琛ㄨ揪寮忓€?(https://learn.microsoft.com/dotnet/fundamentals/code-analysis/style-rules/ide0058) [C:\UserWorx\VSWorx\ServoStudio\wpfui-servoStudio\samples\Wpf.Ui.servoStudio\servoStudio.csproj]
C:\UserWorx\VSWorx\ServoStudio\wpfui-servoStudio\samples\Wpf.Ui.servoStudio\ViewModels\AppData\DataViewViewModel.cs(218,13): warning IDE0058: 姘歌繙涓嶄細浣跨敤琛ㄨ揪寮忓€?(https://learn.microsoft.com/dotnet/fundamentals/code-analysis/style-rules/ide0058) [C:\UserWorx\VSWorx\ServoStudio\wpfui-servoStudio\samples\Wpf.Ui.servoStudio\servoStudio.csproj]
C:\UserWorx\VSWorx\ServoStudio\wpfui-servoStudio\samples\Wpf.Ui.servoStudio\ViewModels\AppData\DataViewViewModel.cs(219,13): warning IDE0058: 姘歌繙涓嶄細浣跨敤琛ㄨ揪寮忓€?(https://learn.microsoft.com/dotnet/fundamentals/code-analysis/style-rules/ide0058) [C:\UserWorx\VSWorx\ServoStudio\wpfui-servoStudio\samples\Wpf.Ui.servoStudio\servoStudio.csproj]
C:\UserWorx\VSWorx\ServoStudio\wpfui-servoStudio\samples\Wpf.Ui.servoStudio\ViewModels\AppData\DataViewViewModel.cs(220,13): warning IDE0058: 姘歌繙涓嶄細浣跨敤琛ㄨ揪寮忓€?(https://learn.microsoft.com/dotnet/fundamentals/code-analysis/style-rules/ide0058) [C:\UserWorx\VSWorx\ServoStudio\wpfui-servoStudio\samples\Wpf.Ui.servoStudio\servoStudio.csproj]
C:\UserWorx\VSWorx\ServoStudio\wpfui-servoStudio\samples\Wpf.Ui.servoStudio\ViewModels\AppData\DataViewViewModel.cs(221,13): warning IDE0058: 姘歌繙涓嶄細浣跨敤琛ㄨ揪寮忓€?(https://learn.microsoft.com/dotnet/fundamentals/code-analysis/style-rules/ide0058) [C:\UserWorx\VSWorx\ServoStudio\wpfui-servoStudio\samples\Wpf.Ui.servoStudio\servoStudio.csproj]
C:\UserWorx\VSWorx\ServoStudio\wpfui-servoStudio\samples\Wpf.Ui.servoStudio\Core\Modbus\ModbusRtuMaster.cs(325,25): warning IDE0058: 姘歌繙涓嶄細浣跨敤琛ㄨ揪寮忓€?(https://learn.microsoft.com/dotnet/fundamentals/code-analysis/style-rules/ide0058) [C:\UserWorx\VSWorx\ServoStudio\wpfui-servoStudio\samples\Wpf.Ui.servoStudio\servoStudio.csproj]
C:\UserWorx\VSWorx\ServoStudio\wpfui-servoStudio\samples\Wpf.Ui.servoStudio\Core\Modbus\ModbusRtuMaster.cs(337,29): warning IDE0058: 姘歌繙涓嶄細浣跨敤琛ㄨ揪寮忓€?(https://learn.microsoft.com/dotnet/fundamentals/code-analysis/style-rules/ide0058) [C:\UserWorx\VSWorx\ServoStudio\wpfui-servoStudio\samples\Wpf.Ui.servoStudio\servoStudio.csproj]
C:\UserWorx\VSWorx\ServoStudio\wpfui-servoStudio\samples\Wpf.Ui.servoStudio\Core\Modbus\ModbusRtuMaster.cs(341,29): warning IDE0058: 姘歌繙涓嶄細浣跨敤琛ㄨ揪寮忓€?(https://learn.microsoft.com/dotnet/fundamentals/code-analysis/style-rules/ide0058) [C:\UserWorx\VSWorx\ServoStudio\wpfui-servoStudio\samples\Wpf.Ui.servoStudio\servoStudio.csproj]
C:\UserWorx\VSWorx\ServoStudio\wpfui-servoStudio\samples\Wpf.Ui.servoStudio\Views\Pages\QuickControlPage.xaml.cs(268,9): warning IDE0008: 鐢ㄦ樉寮忕被鍨嬩唬鏇?"var" (https://learn.microsoft.com/dotnet/fundamentals/code-analysis/style-rules/ide0008) [C:\UserWorx\VSWorx\ServoStudio\wpfui-servoStudio\samples\Wpf.Ui.servoStudio\servoStudio.csproj]
C:\UserWorx\VSWorx\ServoStudio\wpfui-servoStudio\samples\Wpf.Ui.servoStudio\Core\CANopen\Adapters\ZlgKernelDllScanner.cs(172,13): warning IDE0008: 鐢ㄦ樉寮忕被鍨嬩唬鏇?"var" (https://learn.microsoft.com/dotnet/fundamentals/code-analysis/style-rules/ide0008) [C:\UserWorx\VSWorx\ServoStudio\wpfui-servoStudio\samples\Wpf.Ui.servoStudio\servoStudio.csproj]
C:\UserWorx\VSWorx\ServoStudio\wpfui-servoStudio\samples\Wpf.Ui.servoStudio\Core\CANopen\Adapters\ZlgKernelDllScanner.cs(218,9): warning IDE0008: 鐢ㄦ樉寮忕被鍨嬩唬鏇?"var" (https://learn.microsoft.com/dotnet/fundamentals/code-analysis/style-rules/ide0008) [C:\UserWorx\VSWorx\ServoStudio\wpfui-servoStudio\samples\Wpf.Ui.servoStudio\servoStudio.csproj]
C:\UserWorx\VSWorx\ServoStudio\wpfui-servoStudio\samples\Wpf.Ui.servoStudio\ViewModels\AppData\DataViewViewModel.cs(239,13): warning IDE0008: 鐢ㄦ樉寮忕被鍨嬩唬鏇?"var" (https://learn.microsoft.com/dotnet/fundamentals/code-analysis/style-rules/ide0008) [C:\UserWorx\VSWorx\ServoStudio\wpfui-servoStudio\samples\Wpf.Ui.servoStudio\servoStudio.csproj]
C:\UserWorx\VSWorx\ServoStudio\wpfui-servoStudio\samples\Wpf.Ui.servoStudio\ViewModels\AppData\DataViewViewModel.cs(240,13): warning IDE0008: 鐢ㄦ樉寮忕被鍨嬩唬鏇?"var" (https://learn.microsoft.com/dotnet/fundamentals/code-analysis/style-rules/ide0008) [C:\UserWorx\VSWorx\ServoStudio\wpfui-servoStudio\samples\Wpf.Ui.servoStudio\servoStudio.csproj]
C:\UserWorx\VSWorx\ServoStudio\wpfui-servoStudio\samples\Wpf.Ui.servoStudio\ViewModels\ViewModel.cs(144,13): warning IDE0011: 鍚?鈥渋f鈥?璇彞娣诲姞澶ф嫭鍙枫€?(https://learn.microsoft.com/dotnet/fundamentals/code-analysis/style-rules/ide0011) [C:\UserWorx\VSWorx\ServoStudio\wpfui-servoStudio\samples\Wpf.Ui.servoStudio\servoStudio.csproj]
C:\UserWorx\VSWorx\ServoStudio\wpfui-servoStudio\samples\Wpf.Ui.servoStudio\ViewModels\ViewModel.cs(145,13): warning IDE0011: 鍚?鈥渋f鈥?璇彞娣诲姞澶ф嫭鍙枫€?(https://learn.microsoft.com/dotnet/fundamentals/code-analysis/style-rules/ide0011) [C:\UserWorx\VSWorx\ServoStudio\wpfui-servoStudio\samples\Wpf.Ui.servoStudio\servoStudio.csproj]
C:\UserWorx\VSWorx\ServoStudio\wpfui-servoStudio\samples\Wpf.Ui.servoStudio\ViewModels\ViewModel.cs(259,9): warning CA1065: Dispose 鍒涘缓 NotImplementedException 绫诲瀷鐨勫紓甯搞€備笉搴斿湪杩欑绫诲瀷鐨勬柟娉曚腑寮曞彂寮傚父銆傚鏋滄湁鍙兘浼氬紩鍙戞寮傚父瀹炰緥锛岃鏇存敼璇ユ柟娉曠殑閫昏緫锛屼娇瀹冧笉鍐嶅紩鍙戝紓甯搞€?(https://learn.microsoft.com/dotnet/fundamentals/code-analysis/quality-rules/ca1065) [C:\UserWorx\VSWorx\ServoStudio\wpfui-servoStudio\samples\Wpf.Ui.servoStudio\servoStudio.csproj]
C:\UserWorx\VSWorx\ServoStudio\wpfui-servoStudio\samples\Wpf.Ui.servoStudio\ViewModels\ViewModel.cs(257,17): warning CA1063: 淇敼鈥淰iewModel.Dispose鈥濓紝浣垮叾璋冪敤 Dispose(true)锛屽啀瀵瑰綋鍓嶅璞″疄渚嬭皟鐢?GC.SuppressFinalize (Visual Basic 涓殑鈥滄椤光€濇垨鈥滄垜鈥?锛岀劧鍚庤繑鍥?(https://learn.microsoft.com/dotnet/fundamentals/code-analysis/quality-rules/ca1063) [C:\UserWorx\VSWorx\ServoStudio\wpfui-servoStudio\samples\Wpf.Ui.servoStudio\servoStudio.csproj]
C:\UserWorx\VSWorx\ServoStudio\wpfui-servoStudio\samples\Wpf.Ui.servoStudio\ViewModels\AppData\AppLogViewModel.cs(285,9): warning IDE0011: 鍚?鈥渋f鈥?璇彞娣诲姞澶ф嫭鍙枫€?(https://learn.microsoft.com/dotnet/fundamentals/code-analysis/style-rules/ide0011) [C:\UserWorx\VSWorx\ServoStudio\wpfui-servoStudio\samples\Wpf.Ui.servoStudio\servoStudio.csproj]
C:\UserWorx\VSWorx\ServoStudio\wpfui-servoStudio\samples\Wpf.Ui.servoStudio\ViewModels\AppData\AppLogViewModel.cs(287,9): warning IDE0011: 鍚?鈥渋f鈥?璇彞娣诲姞澶ф嫭鍙枫€?(https://learn.microsoft.com/dotnet/fundamentals/code-analysis/style-rules/ide0011) [C:\UserWorx\VSWorx\ServoStudio\wpfui-servoStudio\samples\Wpf.Ui.servoStudio\servoStudio.csproj]
C:\UserWorx\VSWorx\ServoStudio\wpfui-servoStudio\samples\Wpf.Ui.servoStudio\ViewModels\AppData\AppLogViewModel.cs(319,13): warning IDE0011: 鍚?鈥渨hile鈥?璇彞娣诲姞澶ф嫭鍙枫€?(https://learn.microsoft.com/dotnet/fundamentals/code-analysis/style-rules/ide0011) [C:\UserWorx\VSWorx\ServoStudio\wpfui-servoStudio\samples\Wpf.Ui.servoStudio\servoStudio.csproj]
C:\UserWorx\VSWorx\ServoStudio\wpfui-servoStudio\samples\Wpf.Ui.servoStudio\ViewModels\DeviceSet\BusDiagnosticsViewModel.cs(65,32): warning IDE0055: 淇鏍煎紡 (https://learn.microsoft.com/dotnet/fundamentals/code-analysis/style-rules/ide0055) [C:\UserWorx\VSWorx\ServoStudio\wpfui-servoStudio\samples\Wpf.Ui.servoStudio\servoStudio.csproj]
C:\UserWorx\VSWorx\ServoStudio\wpfui-servoStudio\samples\Wpf.Ui.servoStudio\ViewModels\DeviceSet\BusDiagnosticsViewModel.cs(392,23): warning IDE0055: 淇鏍煎紡 (https://learn.microsoft.com/dotnet/fundamentals/code-analysis/style-rules/ide0055) [C:\UserWorx\VSWorx\ServoStudio\wpfui-servoStudio\samples\Wpf.Ui.servoStudio\servoStudio.csproj]
C:\UserWorx\VSWorx\ServoStudio\wpfui-servoStudio\samples\Wpf.Ui.servoStudio\ViewModels\DeviceSet\BusDiagnosticsViewModel.cs(436,20): warning IDE0055: 淇鏍煎紡 (https://learn.microsoft.com/dotnet/fundamentals/code-analysis/style-rules/ide0055) [C:\UserWorx\VSWorx\ServoStudio\wpfui-servoStudio\samples\Wpf.Ui.servoStudio\servoStudio.csproj]
C:\UserWorx\VSWorx\ServoStudio\wpfui-servoStudio\samples\Wpf.Ui.servoStudio\ViewModels\DeviceSet\BusDiagnosticsViewModel.cs(436,22): warning IDE0055: 淇鏍煎紡 (https://learn.microsoft.com/dotnet/fundamentals/code-analysis/style-rules/ide0055) [C:\UserWorx\VSWorx\ServoStudio\wpfui-servoStudio\samples\Wpf.Ui.servoStudio\servoStudio.csproj]
C:\UserWorx\VSWorx\ServoStudio\wpfui-servoStudio\samples\Wpf.Ui.servoStudio\ViewModels\DeviceSet\BusDiagnosticsViewModel.cs(436,39): warning IDE0055: 淇鏍煎紡 (https://learn.microsoft.com/dotnet/fundamentals/code-analysis/style-rules/ide0055) [C:\UserWorx\VSWorx\ServoStudio\wpfui-servoStudio\samples\Wpf.Ui.servoStudio\servoStudio.csproj]
C:\UserWorx\VSWorx\ServoStudio\wpfui-servoStudio\samples\Wpf.Ui.servoStudio\ViewModels\DeviceSet\BusDiagnosticsViewModel.cs(491,27): warning IDE0055: 淇鏍煎紡 (https://learn.microsoft.com/dotnet/fundamentals/code-analysis/style-rules/ide0055) [C:\UserWorx\VSWorx\ServoStudio\wpfui-servoStudio\samples\Wpf.Ui.servoStudio\servoStudio.csproj]
C:\UserWorx\VSWorx\ServoStudio\wpfui-servoStudio\samples\Wpf.Ui.servoStudio\ViewModels\DeviceSet\BusDiagnosticsViewModel.cs(492,27): warning IDE0055: 淇鏍煎紡 (https://learn.microsoft.com/dotnet/fundamentals/code-analysis/style-rules/ide0055) [C:\UserWorx\VSWorx\ServoStudio\wpfui-servoStudio\samples\Wpf.Ui.servoStudio\servoStudio.csproj]
C:\UserWorx\VSWorx\ServoStudio\wpfui-servoStudio\samples\Wpf.Ui.servoStudio\ViewModels\DeviceSet\BusDiagnosticsViewModel.cs(493,25): warning IDE0055: 淇鏍煎紡 (https://learn.microsoft.com/dotnet/fundamentals/code-analysis/style-rules/ide0055) [C:\UserWorx\VSWorx\ServoStudio\wpfui-servoStudio\samples\Wpf.Ui.servoStudio\servoStudio.csproj]
C:\UserWorx\VSWorx\ServoStudio\wpfui-servoStudio\samples\Wpf.Ui.servoStudio\ViewModels\DeviceSet\BusDiagnosticsViewModel.cs(494,27): warning IDE0055: 淇鏍煎紡 (https://learn.microsoft.com/dotnet/fundamentals/code-analysis/style-rules/ide0055) [C:\UserWorx\VSWorx\ServoStudio\wpfui-servoStudio\samples\Wpf.Ui.servoStudio\servoStudio.csproj]
C:\UserWorx\VSWorx\ServoStudio\wpfui-servoStudio\samples\Wpf.Ui.servoStudio\ViewModels\DeviceSet\BusDiagnosticsViewModel.cs(560,16): warning IDE0055: 淇鏍煎紡 (https://learn.microsoft.com/dotnet/fundamentals/code-analysis/style-rules/ide0055) [C:\UserWorx\VSWorx\ServoStudio\wpfui-servoStudio\samples\Wpf.Ui.servoStudio\servoStudio.csproj]
C:\UserWorx\VSWorx\ServoStudio\wpfui-servoStudio\samples\Wpf.Ui.servoStudio\ViewModels\DeviceSet\BusDiagnosticsViewModel.cs(560,18): warning IDE0055: 淇鏍煎紡 (https://learn.microsoft.com/dotnet/fundamentals/code-analysis/style-rules/ide0055) [C:\UserWorx\VSWorx\ServoStudio\wpfui-servoStudio\samples\Wpf.Ui.servoStudio\servoStudio.csproj]
C:\UserWorx\VSWorx\ServoStudio\wpfui-servoStudio\samples\Wpf.Ui.servoStudio\ViewModels\DeviceSet\BusDiagnosticsViewModel.cs(560,55): warning IDE0055: 淇鏍煎紡 (https://learn.microsoft.com/dotnet/fundamentals/code-analysis/style-rules/ide0055) [C:\UserWorx\VSWorx\ServoStudio\wpfui-servoStudio\samples\Wpf.Ui.servoStudio\servoStudio.csproj]
C:\UserWorx\VSWorx\ServoStudio\wpfui-servoStudio\samples\Wpf.Ui.servoStudio\ViewModels\DeviceSet\BusDiagnosticsViewModel.cs(630,30): warning IDE0055: 淇鏍煎紡 (https://learn.microsoft.com/dotnet/fundamentals/code-analysis/style-rules/ide0055) [C:\UserWorx\VSWorx\ServoStudio\wpfui-servoStudio\samples\Wpf.Ui.servoStudio\servoStudio.csproj]
C:\UserWorx\VSWorx\ServoStudio\wpfui-servoStudio\samples\Wpf.Ui.servoStudio\ViewModels\DeviceSet\BusDiagnosticsViewModel.cs(645,30): warning IDE0055: 淇鏍煎紡 (https://learn.microsoft.com/dotnet/fundamentals/code-analysis/style-rules/ide0055) [C:\UserWorx\VSWorx\ServoStudio\wpfui-servoStudio\samples\Wpf.Ui.servoStudio\servoStudio.csproj]
C:\UserWorx\VSWorx\ServoStudio\wpfui-servoStudio\samples\Wpf.Ui.servoStudio\ViewModels\DeviceSet\BusDiagnosticsViewModel.cs(660,47): warning IDE0055: 淇鏍煎紡 (https://learn.microsoft.com/dotnet/fundamentals/code-analysis/style-rules/ide0055) [C:\UserWorx\VSWorx\ServoStudio\wpfui-servoStudio\samples\Wpf.Ui.servoStudio\servoStudio.csproj]
C:\UserWorx\VSWorx\ServoStudio\wpfui-servoStudio\samples\Wpf.Ui.servoStudio\ViewModels\DeviceSet\BusDiagnosticsViewModel.cs(664,23): warning IDE0055: 淇鏍煎紡 (https://learn.microsoft.com/dotnet/fundamentals/code-analysis/style-rules/ide0055) [C:\UserWorx\VSWorx\ServoStudio\wpfui-servoStudio\samples\Wpf.Ui.servoStudio\servoStudio.csproj]
C:\UserWorx\VSWorx\ServoStudio\wpfui-servoStudio\samples\Wpf.Ui.servoStudio\ViewModels\DeviceSet\BusDiagnosticsViewModel.cs(797,42): warning IDE0055: 淇鏍煎紡 (https://learn.microsoft.com/dotnet/fundamentals/code-analysis/style-rules/ide0055) [C:\UserWorx\VSWorx\ServoStudio\wpfui-servoStudio\samples\Wpf.Ui.servoStudio\servoStudio.csproj]
C:\UserWorx\VSWorx\ServoStudio\wpfui-servoStudio\samples\Wpf.Ui.servoStudio\ViewModels\DeviceSet\BusDiagnosticsViewModel.cs(799,43): warning IDE0055: 淇鏍煎紡 (https://learn.microsoft.com/dotnet/fundamentals/code-analysis/style-rules/ide0055) [C:\UserWorx\VSWorx\ServoStudio\wpfui-servoStudio\samples\Wpf.Ui.servoStudio\servoStudio.csproj]
C:\UserWorx\VSWorx\ServoStudio\wpfui-servoStudio\samples\Wpf.Ui.servoStudio\ViewModels\DeviceSet\BusDiagnosticsViewModel.cs(803,50): warning IDE0055: 淇鏍煎紡 (https://learn.microsoft.com/dotnet/fundamentals/code-analysis/style-rules/ide0055) [C:\UserWorx\VSWorx\ServoStudio\wpfui-servoStudio\samples\Wpf.Ui.servoStudio\servoStudio.csproj]
C:\UserWorx\VSWorx\ServoStudio\wpfui-servoStudio\samples\Wpf.Ui.servoStudio\ViewModels\DeviceSet\BusDiagnosticsViewModel.cs(814,48): warning IDE0055: 淇鏍煎紡 (https://learn.microsoft.com/dotnet/fundamentals/code-analysis/style-rules/ide0055) [C:\UserWorx\VSWorx\ServoStudio\wpfui-servoStudio\samples\Wpf.Ui.servoStudio\servoStudio.csproj]
C:\UserWorx\VSWorx\ServoStudio\wpfui-servoStudio\samples\Wpf.Ui.servoStudio\ViewModels\DeviceSet\BusDiagnosticsViewModel.cs(816,45): warning IDE0055: 淇鏍煎紡 (https://learn.microsoft.com/dotnet/fundamentals/code-analysis/style-rules/ide0055) [C:\UserWorx\VSWorx\ServoStudio\wpfui-servoStudio\samples\Wpf.Ui.servoStudio\servoStudio.csproj]
C:\UserWorx\VSWorx\ServoStudio\wpfui-servoStudio\samples\Wpf.Ui.servoStudio\ViewModels\DeviceSet\BusDiagnosticsViewModel.cs(831,44): warning IDE0055: 淇鏍煎紡 (https://learn.microsoft.com/dotnet/fundamentals/code-analysis/style-rules/ide0055) [C:\UserWorx\VSWorx\ServoStudio\wpfui-servoStudio\samples\Wpf.Ui.servoStudio\servoStudio.csproj]
C:\UserWorx\VSWorx\ServoStudio\wpfui-servoStudio\samples\Wpf.Ui.servoStudio\ViewModels\DeviceSet\BusDiagnosticsViewModel.cs(836,22): warning IDE0055: 淇鏍煎紡 (https://learn.microsoft.com/dotnet/fundamentals/code-analysis/style-rules/ide0055) [C:\UserWorx\VSWorx\ServoStudio\wpfui-servoStudio\samples\Wpf.Ui.servoStudio\servoStudio.csproj]
C:\UserWorx\VSWorx\ServoStudio\wpfui-servoStudio\samples\Wpf.Ui.servoStudio\ViewModels\DeviceSet\BusDiagnosticsViewModel.cs(838,95): warning IDE0055: 淇鏍煎紡 (https://learn.microsoft.com/dotnet/fundamentals/code-analysis/style-rules/ide0055) [C:\UserWorx\VSWorx\ServoStudio\wpfui-servoStudio\samples\Wpf.Ui.servoStudio\servoStudio.csproj]
C:\UserWorx\VSWorx\ServoStudio\wpfui-servoStudio\samples\Wpf.Ui.servoStudio\ViewModels\DeviceSet\BusDiagnosticsViewModel.cs(839,97): warning IDE0055: 淇鏍煎紡 (https://learn.microsoft.com/dotnet/fundamentals/code-analysis/style-rules/ide0055) [C:\UserWorx\VSWorx\ServoStudio\wpfui-servoStudio\samples\Wpf.Ui.servoStudio\servoStudio.csproj]
C:\UserWorx\VSWorx\ServoStudio\wpfui-servoStudio\samples\Wpf.Ui.servoStudio\ViewModels\DeviceSet\BusDiagnosticsViewModel.cs(861,50): warning IDE0055: 淇鏍煎紡 (https://learn.microsoft.com/dotnet/fundamentals/code-analysis/style-rules/ide0055) [C:\UserWorx\VSWorx\ServoStudio\wpfui-servoStudio\samples\Wpf.Ui.servoStudio\servoStudio.csproj]
C:\UserWorx\VSWorx\ServoStudio\wpfui-servoStudio\samples\Wpf.Ui.servoStudio\ViewModels\DeviceSet\BusDiagnosticsViewModel.cs(862,50): warning IDE0055: 淇鏍煎紡 (https://learn.microsoft.com/dotnet/fundamentals/code-analysis/style-rules/ide0055) [C:\UserWorx\VSWorx\ServoStudio\wpfui-servoStudio\samples\Wpf.Ui.servoStudio\servoStudio.csproj]
C:\UserWorx\VSWorx\ServoStudio\wpfui-servoStudio\samples\Wpf.Ui.servoStudio\ViewModels\DeviceSet\BusDiagnosticsViewModel.cs(897,47): warning IDE0055: 淇鏍煎紡 (https://learn.microsoft.com/dotnet/fundamentals/code-analysis/style-rules/ide0055) [C:\UserWorx\VSWorx\ServoStudio\wpfui-servoStudio\samples\Wpf.Ui.servoStudio\servoStudio.csproj]
C:\UserWorx\VSWorx\ServoStudio\wpfui-servoStudio\samples\Wpf.Ui.servoStudio\ViewModels\DeviceSet\BusDiagnosticsViewModel.cs(898,47): warning IDE0055: 淇鏍煎紡 (https://learn.microsoft.com/dotnet/fundamentals/code-analysis/style-rules/ide0055) [C:\UserWorx\VSWorx\ServoStudio\wpfui-servoStudio\samples\Wpf.Ui.servoStudio\servoStudio.csproj]
C:\UserWorx\VSWorx\ServoStudio\wpfui-servoStudio\samples\Wpf.Ui.servoStudio\ViewModels\DeviceSet\BusDiagnosticsViewModel.cs(926,18): warning IDE0055: 淇鏍煎紡 (https://learn.microsoft.com/dotnet/fundamentals/code-analysis/style-rules/ide0055) [C:\UserWorx\VSWorx\ServoStudio\wpfui-servoStudio\samples\Wpf.Ui.servoStudio\servoStudio.csproj]
C:\UserWorx\VSWorx\ServoStudio\wpfui-servoStudio\samples\Wpf.Ui.servoStudio\ViewModels\DeviceSet\BusDiagnosticsViewModel.cs(928,18): warning IDE0055: 淇鏍煎紡 (https://learn.microsoft.com/dotnet/fundamentals/code-analysis/style-rules/ide0055) [C:\UserWorx\VSWorx\ServoStudio\wpfui-servoStudio\samples\Wpf.Ui.servoStudio\servoStudio.csproj]
C:\UserWorx\VSWorx\ServoStudio\wpfui-servoStudio\samples\Wpf.Ui.servoStudio\ViewModels\DeviceSet\BusDiagnosticsViewModel.cs(932,35): warning IDE0055: 淇鏍煎紡 (https://learn.microsoft.com/dotnet/fundamentals/code-analysis/style-rules/ide0055) [C:\UserWorx\VSWorx\ServoStudio\wpfui-servoStudio\samples\Wpf.Ui.servoStudio\servoStudio.csproj]
C:\UserWorx\VSWorx\ServoStudio\wpfui-servoStudio\samples\Wpf.Ui.servoStudio\ViewModels\DeviceSet\BusDiagnosticsViewModel.cs(933,35): warning IDE0055: 淇鏍煎紡 (https://learn.microsoft.com/dotnet/fundamentals/code-analysis/style-rules/ide0055) [C:\UserWorx\VSWorx\ServoStudio\wpfui-servoStudio\samples\Wpf.Ui.servoStudio\servoStudio.csproj]
C:\UserWorx\VSWorx\ServoStudio\wpfui-servoStudio\samples\Wpf.Ui.servoStudio\ViewModels\DeviceSet\BusDiagnosticsViewModel.cs(934,36): warning IDE0055: 淇鏍煎紡 (https://learn.microsoft.com/dotnet/fundamentals/code-analysis/style-rules/ide0055) [C:\UserWorx\VSWorx\ServoStudio\wpfui-servoStudio\samples\Wpf.Ui.servoStudio\servoStudio.csproj]
C:\UserWorx\VSWorx\ServoStudio\wpfui-servoStudio\samples\Wpf.Ui.servoStudio\ViewModels\DeviceSet\BusDiagnosticsViewModel.cs(935,40): warning IDE0055: 淇鏍煎紡 (https://learn.microsoft.com/dotnet/fundamentals/code-analysis/style-rules/ide0055) [C:\UserWorx\VSWorx\ServoStudio\wpfui-servoStudio\samples\Wpf.Ui.servoStudio\servoStudio.csproj]
C:\UserWorx\VSWorx\ServoStudio\wpfui-servoStudio\samples\Wpf.Ui.servoStudio\ViewModels\DeviceSet\BusDiagnosticsViewModel.cs(940,20): warning IDE0055: 淇鏍煎紡 (https://learn.microsoft.com/dotnet/fundamentals/code-analysis/style-rules/ide0055) [C:\UserWorx\VSWorx\ServoStudio\wpfui-servoStudio\samples\Wpf.Ui.servoStudio\servoStudio.csproj]
C:\UserWorx\VSWorx\ServoStudio\wpfui-servoStudio\samples\Wpf.Ui.servoStudio\ViewModels\DeviceSet\BusDiagnosticsViewModel.cs(940,37): warning IDE0055: 淇鏍煎紡 (https://learn.microsoft.com/dotnet/fundamentals/code-analysis/style-rules/ide0055) [C:\UserWorx\VSWorx\ServoStudio\wpfui-servoStudio\samples\Wpf.Ui.servoStudio\servoStudio.csproj]
C:\UserWorx\VSWorx\ServoStudio\wpfui-servoStudio\samples\Wpf.Ui.servoStudio\ViewModels\DeviceSet\BusDiagnosticsViewModel.cs(942,20): warning IDE0055: 淇鏍煎紡 (https://learn.microsoft.com/dotnet/fundamentals/code-analysis/style-rules/ide0055) [C:\UserWorx\VSWorx\ServoStudio\wpfui-servoStudio\samples\Wpf.Ui.servoStudio\servoStudio.csproj]
C:\UserWorx\VSWorx\ServoStudio\wpfui-servoStudio\samples\Wpf.Ui.servoStudio\ViewModels\DeviceSet\BusDiagnosticsViewModel.cs(942,37): warning IDE0055: 淇鏍煎紡 (https://learn.microsoft.com/dotnet/fundamentals/code-analysis/style-rules/ide0055) [C:\UserWorx\VSWorx\ServoStudio\wpfui-servoStudio\samples\Wpf.Ui.servoStudio\servoStudio.csproj]
C:\UserWorx\VSWorx\ServoStudio\wpfui-servoStudio\samples\Wpf.Ui.servoStudio\ViewModels\DeviceSet\BusDiagnosticsViewModel.cs(943,21): warning IDE0055: 淇鏍煎紡 (https://learn.microsoft.com/dotnet/fundamentals/code-analysis/style-rules/ide0055) [C:\UserWorx\VSWorx\ServoStudio\wpfui-servoStudio\samples\Wpf.Ui.servoStudio\servoStudio.csproj]
C:\UserWorx\VSWorx\ServoStudio\wpfui-servoStudio\samples\Wpf.Ui.servoStudio\ViewModels\DeviceSet\BusDiagnosticsViewModel.cs(943,41): warning IDE0055: 淇鏍煎紡 (https://learn.microsoft.com/dotnet/fundamentals/code-analysis/style-rules/ide0055) [C:\UserWorx\VSWorx\ServoStudio\wpfui-servoStudio\samples\Wpf.Ui.servoStudio\servoStudio.csproj]
C:\UserWorx\VSWorx\ServoStudio\wpfui-servoStudio\samples\Wpf.Ui.servoStudio\ViewModels\DeviceSet\BusDiagnosticsViewModel.cs(944,20): warning IDE0055: 淇鏍煎紡 (https://learn.microsoft.com/dotnet/fundamentals/code-analysis/style-rules/ide0055) [C:\UserWorx\VSWorx\ServoStudio\wpfui-servoStudio\samples\Wpf.Ui.servoStudio\servoStudio.csproj]
C:\UserWorx\VSWorx\ServoStudio\wpfui-servoStudio\samples\Wpf.Ui.servoStudio\ViewModels\DeviceSet\BusDiagnosticsViewModel.cs(944,40): warning IDE0055: 淇鏍煎紡 (https://learn.microsoft.com/dotnet/fundamentals/code-analysis/style-rules/ide0055) [C:\UserWorx\VSWorx\ServoStudio\wpfui-servoStudio\samples\Wpf.Ui.servoStudio\servoStudio.csproj]
C:\UserWorx\VSWorx\ServoStudio\wpfui-servoStudio\samples\Wpf.Ui.servoStudio\ViewModels\DeviceSet\BusDiagnosticsViewModel.cs(956,27): warning IDE0055: 淇鏍煎紡 (https://learn.microsoft.com/dotnet/fundamentals/code-analysis/style-rules/ide0055) [C:\UserWorx\VSWorx\ServoStudio\wpfui-servoStudio\samples\Wpf.Ui.servoStudio\servoStudio.csproj]
C:\UserWorx\VSWorx\ServoStudio\wpfui-servoStudio\samples\Wpf.Ui.servoStudio\Views\Pages\QuickControlPage.xaml.cs(324,9): warning IDE0008: 鐢ㄦ樉寮忕被鍨嬩唬鏇?"var" (https://learn.microsoft.com/dotnet/fundamentals/code-analysis/style-rules/ide0008) [C:\UserWorx\VSWorx\ServoStudio\wpfui-servoStudio\samples\Wpf.Ui.servoStudio\servoStudio.csproj]
C:\UserWorx\VSWorx\ServoStudio\wpfui-servoStudio\samples\Wpf.Ui.servoStudio\ViewModels\AppData\UserConfigViewModel.cs(282,9): warning IDE0011: 鍚?鈥渋f鈥?璇彞娣诲姞澶ф嫭鍙枫€?(https://learn.microsoft.com/dotnet/fundamentals/code-analysis/style-rules/ide0011) [C:\UserWorx\VSWorx\ServoStudio\wpfui-servoStudio\samples\Wpf.Ui.servoStudio\servoStudio.csproj]
C:\UserWorx\VSWorx\ServoStudio\wpfui-servoStudio\samples\Wpf.Ui.servoStudio\ViewModels\DeviceSet\BusDiagnosticsViewModel.cs(274,9): warning IDE2003: 鍧椾笌鍚庣画璇彞涔嬮棿闇€瑕佹湁绌虹櫧琛?(https://learn.microsoft.com/dotnet/fundamentals/code-analysis/style-rules/ide2003) [C:\UserWorx\VSWorx\ServoStudio\wpfui-servoStudio\samples\Wpf.Ui.servoStudio\servoStudio.csproj]
C:\UserWorx\VSWorx\ServoStudio\wpfui-servoStudio\samples\Wpf.Ui.servoStudio\ViewModels\DeviceSet\BusDiagnosticsViewModel.cs(385,9): warning IDE2003: 鍧椾笌鍚庣画璇彞涔嬮棿闇€瑕佹湁绌虹櫧琛?(https://learn.microsoft.com/dotnet/fundamentals/code-analysis/style-rules/ide2003) [C:\UserWorx\VSWorx\ServoStudio\wpfui-servoStudio\samples\Wpf.Ui.servoStudio\servoStudio.csproj]
C:\UserWorx\VSWorx\ServoStudio\wpfui-servoStudio\samples\Wpf.Ui.servoStudio\ViewModels\AppData\DataViewViewModel.cs(279,17): warning IDE0008: 鐢ㄦ樉寮忕被鍨嬩唬鏇?"var" (https://learn.microsoft.com/dotnet/fundamentals/code-analysis/style-rules/ide0008) [C:\UserWorx\VSWorx\ServoStudio\wpfui-servoStudio\samples\Wpf.Ui.servoStudio\servoStudio.csproj]
C:\UserWorx\VSWorx\ServoStudio\wpfui-servoStudio\samples\Wpf.Ui.servoStudio\ViewModels\DeviceSet\BusDiagnosticsViewModel.cs(667,9): warning IDE2003: 鍧椾笌鍚庣画璇彞涔嬮棿闇€瑕佹湁绌虹櫧琛?(https://learn.microsoft.com/dotnet/fundamentals/code-analysis/style-rules/ide2003) [C:\UserWorx\VSWorx\ServoStudio\wpfui-servoStudio\samples\Wpf.Ui.servoStudio\servoStudio.csproj]
C:\UserWorx\VSWorx\ServoStudio\wpfui-servoStudio\samples\Wpf.Ui.servoStudio\ViewModels\DeviceSet\BusDiagnosticsViewModel.cs(724,13): warning IDE2003: 鍧椾笌鍚庣画璇彞涔嬮棿闇€瑕佹湁绌虹櫧琛?(https://learn.microsoft.com/dotnet/fundamentals/code-analysis/style-rules/ide2003) [C:\UserWorx\VSWorx\ServoStudio\wpfui-servoStudio\samples\Wpf.Ui.servoStudio\servoStudio.csproj]
C:\UserWorx\VSWorx\ServoStudio\wpfui-servoStudio\samples\Wpf.Ui.servoStudio\ViewModels\DeviceSet\BusDiagnosticsViewModel.cs(761,9): warning IDE2003: 鍧椾笌鍚庣画璇彞涔嬮棿闇€瑕佹湁绌虹櫧琛?(https://learn.microsoft.com/dotnet/fundamentals/code-analysis/style-rules/ide2003) [C:\UserWorx\VSWorx\ServoStudio\wpfui-servoStudio\samples\Wpf.Ui.servoStudio\servoStudio.csproj]
C:\UserWorx\VSWorx\ServoStudio\wpfui-servoStudio\samples\Wpf.Ui.servoStudio\ViewModels\DeviceSet\BusDiagnosticsViewModel.cs(863,17): warning IDE2003: 鍧椾笌鍚庣画璇彞涔嬮棿闇€瑕佹湁绌虹櫧琛?(https://learn.microsoft.com/dotnet/fundamentals/code-analysis/style-rules/ide2003) [C:\UserWorx\VSWorx\ServoStudio\wpfui-servoStudio\samples\Wpf.Ui.servoStudio\servoStudio.csproj]
C:\UserWorx\VSWorx\ServoStudio\wpfui-servoStudio\samples\Wpf.Ui.servoStudio\ViewModels\DeviceSet\BusDiagnosticsViewModel.cs(899,9): warning IDE2003: 鍧椾笌鍚庣画璇彞涔嬮棿闇€瑕佹湁绌虹櫧琛?(https://learn.microsoft.com/dotnet/fundamentals/code-analysis/style-rules/ide2003) [C:\UserWorx\VSWorx\ServoStudio\wpfui-servoStudio\samples\Wpf.Ui.servoStudio\servoStudio.csproj]
C:\UserWorx\VSWorx\ServoStudio\wpfui-servoStudio\samples\Wpf.Ui.servoStudio\Views\Pages\QuickControlPage.xaml.cs(355,18): warning IDE0008: 鐢ㄦ樉寮忕被鍨嬩唬鏇?"var" (https://learn.microsoft.com/dotnet/fundamentals/code-analysis/style-rules/ide0008) [C:\UserWorx\VSWorx\ServoStudio\wpfui-servoStudio\samples\Wpf.Ui.servoStudio\servoStudio.csproj]
C:\UserWorx\VSWorx\ServoStudio\wpfui-servoStudio\samples\Wpf.Ui.servoStudio\ViewModels\AppData\UserConfigViewModel.cs(354,9): warning IDE0011: 鍚?鈥渋f鈥?璇彞娣诲姞澶ф嫭鍙枫€?(https://learn.microsoft.com/dotnet/fundamentals/code-analysis/style-rules/ide0011) [C:\UserWorx\VSWorx\ServoStudio\wpfui-servoStudio\samples\Wpf.Ui.servoStudio\servoStudio.csproj]
C:\UserWorx\VSWorx\ServoStudio\wpfui-servoStudio\samples\Wpf.Ui.servoStudio\ViewModels\AppData\AppLogViewModel.cs(380,9): warning IDE0011: 鍚?鈥渋f鈥?璇彞娣诲姞澶ф嫭鍙枫€?(https://learn.microsoft.com/dotnet/fundamentals/code-analysis/style-rules/ide0011) [C:\UserWorx\VSWorx\ServoStudio\wpfui-servoStudio\samples\Wpf.Ui.servoStudio\servoStudio.csproj]
C:\UserWorx\VSWorx\ServoStudio\wpfui-servoStudio\samples\Wpf.Ui.servoStudio\ViewModels\AppData\AppLogViewModel.cs(384,9): warning IDE0011: 鍚?鈥渋f鈥?璇彞娣诲姞澶ф嫭鍙枫€?(https://learn.microsoft.com/dotnet/fundamentals/code-analysis/style-rules/ide0011) [C:\UserWorx\VSWorx\ServoStudio\wpfui-servoStudio\samples\Wpf.Ui.servoStudio\servoStudio.csproj]
C:\UserWorx\VSWorx\ServoStudio\wpfui-servoStudio\samples\Wpf.Ui.servoStudio\Core\CANopen\SerialCanBus.cs(30,38): warning CA2213: 鈥淪erialCanBus鈥濆寘鍚?IDisposable 绫诲瀷鈥淐ancellationTokenSource?鈥濈殑瀛楁鈥淿rxCts鈥濓紝浣嗕粠鏈繘琛岄噴鏀俱€傝鏇存敼鈥淪erialCanBus鈥濅笂鐨?Dispose 鏂规硶浠ュ姝ゅ瓧娈佃皟鐢?Close 鎴?Dispose銆?(https://learn.microsoft.com/dotnet/fundamentals/code-analysis/quality-rules/ca2213) [C:\UserWorx\VSWorx\ServoStudio\wpfui-servoStudio\samples\Wpf.Ui.servoStudio\servoStudio.csproj]
C:\UserWorx\VSWorx\ServoStudio\wpfui-servoStudio\samples\Wpf.Ui.servoStudio\ViewModels\AppData\DataViewViewModel.cs(352,18): warning IDE0008: 鐢ㄦ樉寮忕被鍨嬩唬鏇?"var" (https://learn.microsoft.com/dotnet/fundamentals/code-analysis/style-rules/ide0008) [C:\UserWorx\VSWorx\ServoStudio\wpfui-servoStudio\samples\Wpf.Ui.servoStudio\servoStudio.csproj]
C:\UserWorx\VSWorx\ServoStudio\wpfui-servoStudio\samples\Wpf.Ui.servoStudio\Helpers\SoemFoEInterop.cs(40,57): warning CA2101: 鎸囧畾瀵?P/Invoke 瀛楃涓插弬鏁拌繘琛屽皝閫佸鐞?(https://learn.microsoft.com/dotnet/fundamentals/code-analysis/quality-rules/ca2101) [C:\UserWorx\VSWorx\ServoStudio\wpfui-servoStudio\samples\Wpf.Ui.servoStudio\servoStudio.csproj]
C:\UserWorx\VSWorx\ServoStudio\wpfui-servoStudio\samples\Wpf.Ui.servoStudio\ViewModels\ViewModel.cs(28,29): warning CA2213: 鈥淰iewModel鈥濆寘鍚?IDisposable 绫诲瀷鈥淪erialPortStream鈥濈殑瀛楁鈥渧com鈥濓紝浣嗕粠鏈繘琛岄噴鏀俱€傝鏇存敼鈥淰iewModel鈥濅笂鐨?Dispose 鏂规硶浠ュ姝ゅ瓧娈佃皟鐢?Close 鎴?Dispose銆?(https://learn.microsoft.com/dotnet/fundamentals/code-analysis/quality-rules/ca2213) [C:\UserWorx\VSWorx\ServoStudio\wpfui-servoStudio\samples\Wpf.Ui.servoStudio\servoStudio.csproj]
C:\UserWorx\VSWorx\ServoStudio\wpfui-servoStudio\samples\Wpf.Ui.servoStudio\Helpers\SoemFoEInterop.cs(55,75): warning CA2101: 鎸囧畾瀵?P/Invoke 瀛楃涓插弬鏁拌繘琛屽皝閫佸鐞?(https://learn.microsoft.com/dotnet/fundamentals/code-analysis/quality-rules/ca2101) [C:\UserWorx\VSWorx\ServoStudio\wpfui-servoStudio\samples\Wpf.Ui.servoStudio\servoStudio.csproj]
C:\UserWorx\VSWorx\ServoStudio\wpfui-servoStudio\samples\Wpf.Ui.servoStudio\Helpers\SoemFoEInterop.cs(58,74): warning CA2101: 鎸囧畾瀵?P/Invoke 瀛楃涓插弬鏁拌繘琛屽皝閫佸鐞?(https://learn.microsoft.com/dotnet/fundamentals/code-analysis/quality-rules/ca2101) [C:\UserWorx\VSWorx\ServoStudio\wpfui-servoStudio\samples\Wpf.Ui.servoStudio\servoStudio.csproj]
C:\UserWorx\VSWorx\ServoStudio\wpfui-servoStudio\samples\Wpf.Ui.servoStudio\Helpers\SoemFoEInterop.cs(120,10): warning CA2101: 鎸囧畾瀵?P/Invoke 瀛楃涓插弬鏁拌繘琛屽皝閫佸鐞?(https://learn.microsoft.com/dotnet/fundamentals/code-analysis/quality-rules/ca2101) [C:\UserWorx\VSWorx\ServoStudio\wpfui-servoStudio\samples\Wpf.Ui.servoStudio\servoStudio.csproj]
C:\UserWorx\VSWorx\ServoStudio\wpfui-servoStudio\samples\Wpf.Ui.servoStudio\Helpers\SoemFoEInterop.cs(122,10): warning CA2101: 鎸囧畾瀵?P/Invoke 瀛楃涓插弬鏁拌繘琛屽皝閫佸鐞?(https://learn.microsoft.com/dotnet/fundamentals/code-analysis/quality-rules/ca2101) [C:\UserWorx\VSWorx\ServoStudio\wpfui-servoStudio\samples\Wpf.Ui.servoStudio\servoStudio.csproj]
C:\UserWorx\VSWorx\ServoStudio\wpfui-servoStudio\samples\Wpf.Ui.servoStudio\Core\Modbus\ModbusRtuMaster.cs(548,21): warning IDE0058: 姘歌繙涓嶄細浣跨敤琛ㄨ揪寮忓€?(https://learn.microsoft.com/dotnet/fundamentals/code-analysis/style-rules/ide0058) [C:\UserWorx\VSWorx\ServoStudio\wpfui-servoStudio\samples\Wpf.Ui.servoStudio\servoStudio.csproj]
C:\UserWorx\VSWorx\ServoStudio\wpfui-servoStudio\samples\Wpf.Ui.servoStudio\Helpers\SoemFoEInterop.cs(161,13): warning IDE0011: 鍚?鈥渋f鈥?璇彞娣诲姞澶ф嫭鍙枫€?(https://learn.microsoft.com/dotnet/fundamentals/code-analysis/style-rules/ide0011) [C:\UserWorx\VSWorx\ServoStudio\wpfui-servoStudio\samples\Wpf.Ui.servoStudio\servoStudio.csproj]
C:\UserWorx\VSWorx\ServoStudio\wpfui-servoStudio\samples\Wpf.Ui.servoStudio\Helpers\SoemFoEInterop.cs(181,13): warning IDE0011: 鍚?鈥渋f鈥?璇彞娣诲姞澶ф嫭鍙枫€?(https://learn.microsoft.com/dotnet/fundamentals/code-analysis/style-rules/ide0011) [C:\UserWorx\VSWorx\ServoStudio\wpfui-servoStudio\samples\Wpf.Ui.servoStudio\servoStudio.csproj]
C:\UserWorx\VSWorx\ServoStudio\wpfui-servoStudio\samples\Wpf.Ui.servoStudio\Helpers\SoemFoEInterop.cs(184,13): warning IDE0011: 鍚?鈥渋f鈥?璇彞娣诲姞澶ф嫭鍙枫€?(https://learn.microsoft.com/dotnet/fundamentals/code-analysis/style-rules/ide0011) [C:\UserWorx\VSWorx\ServoStudio\wpfui-servoStudio\samples\Wpf.Ui.servoStudio\servoStudio.csproj]
C:\UserWorx\VSWorx\ServoStudio\wpfui-servoStudio\samples\Wpf.Ui.servoStudio\ViewModels\AppData\DataViewViewModel.cs(361,18): warning IDE0008: 鐢ㄦ樉寮忕被鍨嬩唬鏇?"var" (https://learn.microsoft.com/dotnet/fundamentals/code-analysis/style-rules/ide0008) [C:\UserWorx\VSWorx\ServoStudio\wpfui-servoStudio\samples\Wpf.Ui.servoStudio\servoStudio.csproj]
C:\UserWorx\VSWorx\ServoStudio\wpfui-servoStudio\samples\Wpf.Ui.servoStudio\ViewModels\AppData\UserConfigViewModel.cs(502,9): warning IDE0011: 鍚?鈥渋f鈥?璇彞娣诲姞澶ф嫭鍙枫€?(https://learn.microsoft.com/dotnet/fundamentals/code-analysis/style-rules/ide0011) [C:\UserWorx\VSWorx\ServoStudio\wpfui-servoStudio\samples\Wpf.Ui.servoStudio\servoStudio.csproj]
C:\UserWorx\VSWorx\ServoStudio\wpfui-servoStudio\samples\Wpf.Ui.servoStudio\ViewModels\AppData\AppLogViewModel.cs(401,9): warning IDE0011: 鍚?鈥渋f鈥?璇彞娣诲姞澶ф嫭鍙枫€?(https://learn.microsoft.com/dotnet/fundamentals/code-analysis/style-rules/ide0011) [C:\UserWorx\VSWorx\ServoStudio\wpfui-servoStudio\samples\Wpf.Ui.servoStudio\servoStudio.csproj]
C:\UserWorx\VSWorx\ServoStudio\wpfui-servoStudio\samples\Wpf.Ui.servoStudio\ViewModels\AppData\AppLogViewModel.cs(406,9): warning IDE0011: 鍚?鈥渋f鈥?璇彞娣诲姞澶ф嫭鍙枫€?(https://learn.microsoft.com/dotnet/fundamentals/code-analysis/style-rules/ide0011) [C:\UserWorx\VSWorx\ServoStudio\wpfui-servoStudio\samples\Wpf.Ui.servoStudio\servoStudio.csproj]
C:\UserWorx\VSWorx\ServoStudio\wpfui-servoStudio\samples\Wpf.Ui.servoStudio\ViewModels\AppData\AppLogViewModel.cs(409,9): warning IDE0011: 鍚?鈥渋f鈥?璇彞娣诲姞澶ф嫭鍙枫€?(https://learn.microsoft.com/dotnet/fundamentals/code-analysis/style-rules/ide0011) [C:\UserWorx\VSWorx\ServoStudio\wpfui-servoStudio\samples\Wpf.Ui.servoStudio\servoStudio.csproj]
C:\UserWorx\VSWorx\ServoStudio\wpfui-servoStudio\samples\Wpf.Ui.servoStudio\ViewModels\AppData\AppLogViewModel.cs(424,9): warning IDE0011: 鍚?鈥渋f鈥?璇彞娣诲姞澶ф嫭鍙枫€?(https://learn.microsoft.com/dotnet/fundamentals/code-analysis/style-rules/ide0011) [C:\UserWorx\VSWorx\ServoStudio\wpfui-servoStudio\samples\Wpf.Ui.servoStudio\servoStudio.csproj]
C:\UserWorx\VSWorx\ServoStudio\wpfui-servoStudio\samples\Wpf.Ui.servoStudio\Views\Pages\QuickControlPage.xaml.cs(489,13): warning IDE0008: 鐢ㄦ樉寮忕被鍨嬩唬鏇?"var" (https://learn.microsoft.com/dotnet/fundamentals/code-analysis/style-rules/ide0008) [C:\UserWorx\VSWorx\ServoStudio\wpfui-servoStudio\samples\Wpf.Ui.servoStudio\servoStudio.csproj]
C:\UserWorx\VSWorx\ServoStudio\wpfui-servoStudio\samples\Wpf.Ui.servoStudio\ViewModels\AppData\UserConfigViewModel.cs(529,9): warning IDE0011: 鍚?鈥渋f鈥?璇彞娣诲姞澶ф嫭鍙枫€?(https://learn.microsoft.com/dotnet/fundamentals/code-analysis/style-rules/ide0011) [C:\UserWorx\VSWorx\ServoStudio\wpfui-servoStudio\samples\Wpf.Ui.servoStudio\servoStudio.csproj]
C:\UserWorx\VSWorx\ServoStudio\wpfui-servoStudio\samples\Wpf.Ui.servoStudio\Core\CANopen\Adapters\ZlgKernelDllScanner.cs(420,13): warning IDE0008: 鐢ㄦ樉寮忕被鍨嬩唬鏇?"var" (https://learn.microsoft.com/dotnet/fundamentals/code-analysis/style-rules/ide0008) [C:\UserWorx\VSWorx\ServoStudio\wpfui-servoStudio\samples\Wpf.Ui.servoStudio\servoStudio.csproj]
C:\UserWorx\VSWorx\ServoStudio\wpfui-servoStudio\samples\Wpf.Ui.servoStudio\ViewModels\AppData\AppLogViewModel.cs(432,9): warning IDE0011: 鍚?鈥渋f鈥?璇彞娣诲姞澶ф嫭鍙枫€?(https://learn.microsoft.com/dotnet/fundamentals/code-analysis/style-rules/ide0011) [C:\UserWorx\VSWorx\ServoStudio\wpfui-servoStudio\samples\Wpf.Ui.servoStudio\servoStudio.csproj]
C:\UserWorx\VSWorx\ServoStudio\wpfui-servoStudio\samples\Wpf.Ui.servoStudio\ViewModels\AppData\AppLogViewModel.cs(434,9): warning IDE0011: 鍚?鈥渋f鈥?璇彞娣诲姞澶ф嫭鍙枫€?(https://learn.microsoft.com/dotnet/fundamentals/code-analysis/style-rules/ide0011) [C:\UserWorx\VSWorx\ServoStudio\wpfui-servoStudio\samples\Wpf.Ui.servoStudio\servoStudio.csproj]
C:\UserWorx\VSWorx\ServoStudio\wpfui-servoStudio\samples\Wpf.Ui.servoStudio\ViewModels\AppData\AppLogViewModel.cs(436,9): warning IDE0011: 鍚?鈥渋f鈥?璇彞娣诲姞澶ф嫭鍙枫€?(https://learn.microsoft.com/dotnet/fundamentals/code-analysis/style-rules/ide0011) [C:\UserWorx\VSWorx\ServoStudio\wpfui-servoStudio\samples\Wpf.Ui.servoStudio\servoStudio.csproj]
C:\UserWorx\VSWorx\ServoStudio\wpfui-servoStudio\samples\Wpf.Ui.servoStudio\Core\CANopen\Adapters\ZlgCanBus.cs(571,10): warning CA2101: 鎸囧畾瀵?P/Invoke 瀛楃涓插弬鏁拌繘琛屽皝閫佸鐞?(https://learn.microsoft.com/dotnet/fundamentals/code-analysis/quality-rules/ca2101) [C:\UserWorx\VSWorx\ServoStudio\wpfui-servoStudio\samples\Wpf.Ui.servoStudio\servoStudio.csproj]
C:\UserWorx\VSWorx\ServoStudio\wpfui-servoStudio\samples\Wpf.Ui.servoStudio\Core\CANopen\Adapters\ZlgCanBus.cs(572,10): warning CA2101: 鎸囧畾瀵?P/Invoke 瀛楃涓插弬鏁拌繘琛屽皝閫佸鐞?(https://learn.microsoft.com/dotnet/fundamentals/code-analysis/quality-rules/ca2101) [C:\UserWorx\VSWorx\ServoStudio\wpfui-servoStudio\samples\Wpf.Ui.servoStudio\servoStudio.csproj]
C:\UserWorx\VSWorx\ServoStudio\wpfui-servoStudio\samples\Wpf.Ui.servoStudio\Helpers\SoemFoEInterop.cs(232,9): warning IDE0011: 鍚?鈥渋f鈥?璇彞娣诲姞澶ф嫭鍙枫€?(https://learn.microsoft.com/dotnet/fundamentals/code-analysis/style-rules/ide0011) [C:\UserWorx\VSWorx\ServoStudio\wpfui-servoStudio\samples\Wpf.Ui.servoStudio\servoStudio.csproj]
C:\UserWorx\VSWorx\ServoStudio\wpfui-servoStudio\samples\Wpf.Ui.servoStudio\Helpers\SoemFoEInterop.cs(261,17): warning IDE0011: 鍚?鈥渇oreach鈥?璇彞娣诲姞澶ф嫭鍙枫€?(https://learn.microsoft.com/dotnet/fundamentals/code-analysis/style-rules/ide0011) [C:\UserWorx\VSWorx\ServoStudio\wpfui-servoStudio\samples\Wpf.Ui.servoStudio\servoStudio.csproj]
C:\UserWorx\VSWorx\ServoStudio\wpfui-servoStudio\samples\Wpf.Ui.servoStudio\Helpers\SoemFoEInterop.cs(274,17): warning IDE0011: 鍚?鈥渋f鈥?璇彞娣诲姞澶ф嫭鍙枫€?(https://learn.microsoft.com/dotnet/fundamentals/code-analysis/style-rules/ide0011) [C:\UserWorx\VSWorx\ServoStudio\wpfui-servoStudio\samples\Wpf.Ui.servoStudio\servoStudio.csproj]
C:\UserWorx\VSWorx\ServoStudio\wpfui-servoStudio\samples\Wpf.Ui.servoStudio\ViewModels\AppData\AppLogViewModel.cs(495,9): warning IDE0011: 鍚?鈥渋f鈥?璇彞娣诲姞澶ф嫭鍙枫€?(https://learn.microsoft.com/dotnet/fundamentals/code-analysis/style-rules/ide0011) [C:\UserWorx\VSWorx\ServoStudio\wpfui-servoStudio\samples\Wpf.Ui.servoStudio\servoStudio.csproj]
C:\UserWorx\VSWorx\ServoStudio\wpfui-servoStudio\samples\Wpf.Ui.servoStudio\ViewModels\AppData\AppLogViewModel.cs(502,9): warning IDE0011: 鍚?鈥渋f鈥?璇彞娣诲姞澶ф嫭鍙枫€?(https://learn.microsoft.com/dotnet/fundamentals/code-analysis/style-rules/ide0011) [C:\UserWorx\VSWorx\ServoStudio\wpfui-servoStudio\samples\Wpf.Ui.servoStudio\servoStudio.csproj]
C:\UserWorx\VSWorx\ServoStudio\wpfui-servoStudio\samples\Wpf.Ui.servoStudio\ViewModels\AppData\AppLogViewModel.cs(504,9): warning IDE0011: 鍚?鈥渆lse鈥?璇彞娣诲姞澶ф嫭鍙枫€?(https://learn.microsoft.com/dotnet/fundamentals/code-analysis/style-rules/ide0011) [C:\UserWorx\VSWorx\ServoStudio\wpfui-servoStudio\samples\Wpf.Ui.servoStudio\servoStudio.csproj]
C:\UserWorx\VSWorx\ServoStudio\wpfui-servoStudio\samples\Wpf.Ui.servoStudio\ViewModels\AppData\DataViewViewModel.cs(450,13): warning IDE0011: 鍚?鈥渋f鈥?璇彞娣诲姞澶ф嫭鍙枫€?(https://learn.microsoft.com/dotnet/fundamentals/code-analysis/style-rules/ide0011) [C:\UserWorx\VSWorx\ServoStudio\wpfui-servoStudio\samples\Wpf.Ui.servoStudio\servoStudio.csproj]
C:\UserWorx\VSWorx\ServoStudio\wpfui-servoStudio\samples\Wpf.Ui.servoStudio\ViewModels\AppData\DataViewViewModel.cs(449,13): warning IDE0008: 鐢ㄦ樉寮忕被鍨嬩唬鏇?"var" (https://learn.microsoft.com/dotnet/fundamentals/code-analysis/style-rules/ide0008) [C:\UserWorx\VSWorx\ServoStudio\wpfui-servoStudio\samples\Wpf.Ui.servoStudio\servoStudio.csproj]
C:\UserWorx\VSWorx\ServoStudio\wpfui-servoStudio\samples\Wpf.Ui.servoStudio\ViewModels\AppData\AppLogViewModel.cs(522,9): warning IDE0011: 鍚?鈥渋f鈥?璇彞娣诲姞澶ф嫭鍙枫€?(https://learn.microsoft.com/dotnet/fundamentals/code-analysis/style-rules/ide0011) [C:\UserWorx\VSWorx\ServoStudio\wpfui-servoStudio\samples\Wpf.Ui.servoStudio\servoStudio.csproj]
C:\UserWorx\VSWorx\ServoStudio\wpfui-servoStudio\samples\Wpf.Ui.servoStudio\ViewModels\AppData\DataViewViewModel.cs(452,71): warning IDE0008: 鐢ㄦ樉寮忕被鍨嬩唬鏇?"var" (https://learn.microsoft.com/dotnet/fundamentals/code-analysis/style-rules/ide0008) [C:\UserWorx\VSWorx\ServoStudio\wpfui-servoStudio\samples\Wpf.Ui.servoStudio\servoStudio.csproj]
C:\UserWorx\VSWorx\ServoStudio\wpfui-servoStudio\samples\Wpf.Ui.servoStudio\ViewModels\AppData\DataViewViewModel.cs(463,18): warning IDE0008: 鐢ㄦ樉寮忕被鍨嬩唬鏇?"var" (https://learn.microsoft.com/dotnet/fundamentals/code-analysis/style-rules/ide0008) [C:\UserWorx\VSWorx\ServoStudio\wpfui-servoStudio\samples\Wpf.Ui.servoStudio\servoStudio.csproj]
C:\UserWorx\VSWorx\ServoStudio\wpfui-servoStudio\samples\Wpf.Ui.servoStudio\ViewModels\AppData\DataViewViewModel.cs(471,9): warning IDE0011: 鍚?鈥渋f鈥?璇彞娣诲姞澶ф嫭鍙枫€?(https://learn.microsoft.com/dotnet/fundamentals/code-analysis/style-rules/ide0011) [C:\UserWorx\VSWorx\ServoStudio\wpfui-servoStudio\samples\Wpf.Ui.servoStudio\servoStudio.csproj]
C:\UserWorx\VSWorx\ServoStudio\wpfui-servoStudio\samples\Wpf.Ui.servoStudio\ViewModels\AppData\DataViewViewModel.cs(472,18): warning IDE0008: 鐢ㄦ樉寮忕被鍨嬩唬鏇?"var" (https://learn.microsoft.com/dotnet/fundamentals/code-analysis/style-rules/ide0008) [C:\UserWorx\VSWorx\ServoStudio\wpfui-servoStudio\samples\Wpf.Ui.servoStudio\servoStudio.csproj]
C:\UserWorx\VSWorx\ServoStudio\wpfui-servoStudio\samples\Wpf.Ui.servoStudio\ViewModels\AppData\AppLogViewModel.cs(529,9): warning IDE0011: 鍚?鈥渋f鈥?璇彞娣诲姞澶ф嫭鍙枫€?(https://learn.microsoft.com/dotnet/fundamentals/code-analysis/style-rules/ide0011) [C:\UserWorx\VSWorx\ServoStudio\wpfui-servoStudio\samples\Wpf.Ui.servoStudio\servoStudio.csproj]
C:\UserWorx\VSWorx\ServoStudio\wpfui-servoStudio\samples\Wpf.Ui.servoStudio\ViewModels\AppData\DataViewViewModel.cs(480,9): warning IDE0011: 鍚?鈥渋f鈥?璇彞娣诲姞澶ф嫭鍙枫€?(https://learn.microsoft.com/dotnet/fundamentals/code-analysis/style-rules/ide0011) [C:\UserWorx\VSWorx\ServoStudio\wpfui-servoStudio\samples\Wpf.Ui.servoStudio\servoStudio.csproj]
C:\UserWorx\VSWorx\ServoStudio\wpfui-servoStudio\samples\Wpf.Ui.servoStudio\ViewModels\AppData\DataViewViewModel.cs(487,9): warning IDE0011: 鍚?鈥渋f鈥?璇彞娣诲姞澶ф嫭鍙枫€?(https://learn.microsoft.com/dotnet/fundamentals/code-analysis/style-rules/ide0011) [C:\UserWorx\VSWorx\ServoStudio\wpfui-servoStudio\samples\Wpf.Ui.servoStudio\servoStudio.csproj]
C:\UserWorx\VSWorx\ServoStudio\wpfui-servoStudio\samples\Wpf.Ui.servoStudio\ViewModels\AppData\DataViewViewModel.cs(490,13): warning IDE0008: 鐢ㄦ樉寮忕被鍨嬩唬鏇?"var" (https://learn.microsoft.com/dotnet/fundamentals/code-analysis/style-rules/ide0008) [C:\UserWorx\VSWorx\ServoStudio\wpfui-servoStudio\samples\Wpf.Ui.servoStudio\servoStudio.csproj]
C:\UserWorx\VSWorx\ServoStudio\wpfui-servoStudio\samples\Wpf.Ui.servoStudio\ViewModels\AppData\DataViewViewModel.cs(494,22): warning IDE0008: 鐢ㄦ樉寮忕被鍨嬩唬鏇?"var" (https://learn.microsoft.com/dotnet/fundamentals/code-analysis/style-rules/ide0008) [C:\UserWorx\VSWorx\ServoStudio\wpfui-servoStudio\samples\Wpf.Ui.servoStudio\servoStudio.csproj]
C:\UserWorx\VSWorx\ServoStudio\wpfui-servoStudio\samples\Wpf.Ui.servoStudio\Views\Pages\MotionPages\MotionProfilePage.xaml.cs(96,9): warning IDE0008: 鐢ㄦ樉寮忕被鍨嬩唬鏇?"var" (https://learn.microsoft.com/dotnet/fundamentals/code-analysis/style-rules/ide0008) [C:\UserWorx\VSWorx\ServoStudio\wpfui-servoStudio\samples\Wpf.Ui.servoStudio\servoStudio.csproj]
C:\UserWorx\VSWorx\ServoStudio\wpfui-servoStudio\samples\Wpf.Ui.servoStudio\Views\Pages\MotionPages\MotionProfilePage.xaml.cs(119,9): warning IDE0008: 鐢ㄦ樉寮忕被鍨嬩唬鏇?"var" (https://learn.microsoft.com/dotnet/fundamentals/code-analysis/style-rules/ide0008) [C:\UserWorx\VSWorx\ServoStudio\wpfui-servoStudio\samples\Wpf.Ui.servoStudio\servoStudio.csproj]
C:\UserWorx\VSWorx\ServoStudio\wpfui-servoStudio\samples\Wpf.Ui.servoStudio\Views\Pages\MotionPages\MotionProfilePage.xaml.cs(150,13): warning IDE0008: 鐢ㄦ樉寮忕被鍨嬩唬鏇?"var" (https://learn.microsoft.com/dotnet/fundamentals/code-analysis/style-rules/ide0008) [C:\UserWorx\VSWorx\ServoStudio\wpfui-servoStudio\samples\Wpf.Ui.servoStudio\servoStudio.csproj]
C:\UserWorx\VSWorx\ServoStudio\wpfui-servoStudio\samples\Wpf.Ui.servoStudio\ViewModels\AppData\AppLogViewModel.cs(559,9): warning IDE0011: 鍚?鈥渋f鈥?璇彞娣诲姞澶ф嫭鍙枫€?(https://learn.microsoft.com/dotnet/fundamentals/code-analysis/style-rules/ide0011) [C:\UserWorx\VSWorx\ServoStudio\wpfui-servoStudio\samples\Wpf.Ui.servoStudio\servoStudio.csproj]
C:\UserWorx\VSWorx\ServoStudio\wpfui-servoStudio\samples\Wpf.Ui.servoStudio\ViewModels\AppData\AppLogViewModel.cs(570,17): warning IDE0011: 鍚?鈥渇oreach鈥?璇彞娣诲姞澶ф嫭鍙枫€?(https://learn.microsoft.com/dotnet/fundamentals/code-analysis/style-rules/ide0011) [C:\UserWorx\VSWorx\ServoStudio\wpfui-servoStudio\samples\Wpf.Ui.servoStudio\servoStudio.csproj]
C:\UserWorx\VSWorx\ServoStudio\wpfui-servoStudio\samples\Wpf.Ui.servoStudio\ViewModels\AppData\AppLogViewModel.cs(575,17): warning IDE0011: 鍚?鈥渇oreach鈥?璇彞娣诲姞澶ф嫭鍙枫€?(https://learn.microsoft.com/dotnet/fundamentals/code-analysis/style-rules/ide0011) [C:\UserWorx\VSWorx\ServoStudio\wpfui-servoStudio\samples\Wpf.Ui.servoStudio\servoStudio.csproj]
C:\UserWorx\VSWorx\ServoStudio\wpfui-servoStudio\samples\Wpf.Ui.servoStudio\Views\Pages\MotionPages\MotionProfilePage.xaml.cs(160,9): warning IDE0008: 鐢ㄦ樉寮忕被鍨嬩唬鏇?"var" (https://learn.microsoft.com/dotnet/fundamentals/code-analysis/style-rules/ide0008) [C:\UserWorx\VSWorx\ServoStudio\wpfui-servoStudio\samples\Wpf.Ui.servoStudio\servoStudio.csproj]
C:\UserWorx\VSWorx\ServoStudio\wpfui-servoStudio\samples\Wpf.Ui.servoStudio\Views\Pages\MotionPages\MotionProfilePage.xaml.cs(126,13): warning IDE0058: 姘歌繙涓嶄細浣跨敤琛ㄨ揪寮忓€?(https://learn.microsoft.com/dotnet/fundamentals/code-analysis/style-rules/ide0058) [C:\UserWorx\VSWorx\ServoStudio\wpfui-servoStudio\samples\Wpf.Ui.servoStudio\servoStudio.csproj]
C:\UserWorx\VSWorx\ServoStudio\wpfui-servoStudio\samples\Wpf.Ui.servoStudio\Views\Pages\MotionPages\MotionProfilePage.xaml.cs(215,9): warning IDE0008: 鐢ㄦ樉寮忕被鍨嬩唬鏇?"var" (https://learn.microsoft.com/dotnet/fundamentals/code-analysis/style-rules/ide0008) [C:\UserWorx\VSWorx\ServoStudio\wpfui-servoStudio\samples\Wpf.Ui.servoStudio\servoStudio.csproj]
C:\UserWorx\VSWorx\ServoStudio\wpfui-servoStudio\samples\Wpf.Ui.servoStudio\ViewModels\AppData\AppLogViewModel.cs(619,13): warning IDE0011: 鍚?鈥渇oreach鈥?璇彞娣诲姞澶ф嫭鍙枫€?(https://learn.microsoft.com/dotnet/fundamentals/code-analysis/style-rules/ide0011) [C:\UserWorx\VSWorx\ServoStudio\wpfui-servoStudio\samples\Wpf.Ui.servoStudio\servoStudio.csproj]
C:\UserWorx\VSWorx\ServoStudio\wpfui-servoStudio\samples\Wpf.Ui.servoStudio\Views\Pages\MotionPages\MotionProfilePage.xaml.cs(236,18): warning IDE0008: 鐢ㄦ樉寮忕被鍨嬩唬鏇?"var" (https://learn.microsoft.com/dotnet/fundamentals/code-analysis/style-rules/ide0008) [C:\UserWorx\VSWorx\ServoStudio\wpfui-servoStudio\samples\Wpf.Ui.servoStudio\servoStudio.csproj]
C:\UserWorx\VSWorx\ServoStudio\wpfui-servoStudio\samples\Wpf.Ui.servoStudio\ViewModels\AppData\DataViewViewModel.cs(516,9): warning IDE0008: 鐢ㄦ樉寮忕被鍨嬩唬鏇?"var" (https://learn.microsoft.com/dotnet/fundamentals/code-analysis/style-rules/ide0008) [C:\UserWorx\VSWorx\ServoStudio\wpfui-servoStudio\samples\Wpf.Ui.servoStudio\servoStudio.csproj]
C:\UserWorx\VSWorx\ServoStudio\wpfui-servoStudio\samples\Wpf.Ui.servoStudio\Views\Pages\MotionPages\MotionProfilePage.xaml.cs(255,9): warning IDE0011: 鍚?鈥渋f鈥?璇彞娣诲姞澶ф嫭鍙枫€?(https://learn.microsoft.com/dotnet/fundamentals/code-analysis/style-rules/ide0011) [C:\UserWorx\VSWorx\ServoStudio\wpfui-servoStudio\samples\Wpf.Ui.servoStudio\servoStudio.csproj]
C:\UserWorx\VSWorx\ServoStudio\wpfui-servoStudio\samples\Wpf.Ui.servoStudio\Views\Pages\MotionPages\MotionProfilePage.xaml.cs(254,9): warning IDE0008: 鐢ㄦ樉寮忕被鍨嬩唬鏇?"var" (https://learn.microsoft.com/dotnet/fundamentals/code-analysis/style-rules/ide0008) [C:\UserWorx\VSWorx\ServoStudio\wpfui-servoStudio\samples\Wpf.Ui.servoStudio\servoStudio.csproj]
C:\UserWorx\VSWorx\ServoStudio\wpfui-servoStudio\samples\Wpf.Ui.servoStudio\ViewModels\AppData\DataViewViewModel.cs(561,13): warning IDE0008: 鐢ㄦ樉寮忕被鍨嬩唬鏇?"var" (https://learn.microsoft.com/dotnet/fundamentals/code-analysis/style-rules/ide0008) [C:\UserWorx\VSWorx\ServoStudio\wpfui-servoStudio\samples\Wpf.Ui.servoStudio\servoStudio.csproj]
C:\UserWorx\VSWorx\ServoStudio\wpfui-servoStudio\samples\Wpf.Ui.servoStudio\ViewModels\AppData\DataViewViewModel.cs(564,22): warning IDE0008: 鐢ㄦ樉寮忕被鍨嬩唬鏇?"var" (https://learn.microsoft.com/dotnet/fundamentals/code-analysis/style-rules/ide0008) [C:\UserWorx\VSWorx\ServoStudio\wpfui-servoStudio\samples\Wpf.Ui.servoStudio\servoStudio.csproj]
C:\UserWorx\VSWorx\ServoStudio\wpfui-servoStudio\samples\Wpf.Ui.servoStudio\ViewModels\AppData\DataViewViewModel.cs(566,17): warning IDE0008: 鐢ㄦ樉寮忕被鍨嬩唬鏇?"var" (https://learn.microsoft.com/dotnet/fundamentals/code-analysis/style-rules/ide0008) [C:\UserWorx\VSWorx\ServoStudio\wpfui-servoStudio\samples\Wpf.Ui.servoStudio\servoStudio.csproj]
C:\UserWorx\VSWorx\ServoStudio\wpfui-servoStudio\samples\Wpf.Ui.servoStudio\ViewModels\AppData\DataViewViewModel.cs(605,22): warning IDE0008: 鐢ㄦ樉寮忕被鍨嬩唬鏇?"var" (https://learn.microsoft.com/dotnet/fundamentals/code-analysis/style-rules/ide0008) [C:\UserWorx\VSWorx\ServoStudio\wpfui-servoStudio\samples\Wpf.Ui.servoStudio\servoStudio.csproj]
C:\UserWorx\VSWorx\ServoStudio\wpfui-servoStudio\samples\Wpf.Ui.servoStudio\Views\Pages\MotionPages\MotionProfilePage.xaml.cs(82,13): warning IDE0011: 鍚?鈥渋f鈥?璇彞娣诲姞澶ф嫭鍙枫€?(https://learn.microsoft.com/dotnet/fundamentals/code-analysis/style-rules/ide0011) [C:\UserWorx\VSWorx\ServoStudio\wpfui-servoStudio\samples\Wpf.Ui.servoStudio\servoStudio.csproj]
C:\UserWorx\VSWorx\ServoStudio\wpfui-servoStudio\samples\Wpf.Ui.servoStudio\ViewModels\AppData\DataSaveViewModel.cs(731,13): warning IDE0011: 鍚?鈥渋f鈥?璇彞娣诲姞澶ф嫭鍙枫€?(https://learn.microsoft.com/dotnet/fundamentals/code-analysis/style-rules/ide0011) [C:\UserWorx\VSWorx\ServoStudio\wpfui-servoStudio\samples\Wpf.Ui.servoStudio\servoStudio.csproj]
C:\UserWorx\VSWorx\ServoStudio\wpfui-servoStudio\samples\Wpf.Ui.servoStudio\Views\Pages\MotionPages\MotionProfilePage.xaml.cs(267,9): warning IDE0008: 鐢ㄦ樉寮忕被鍨嬩唬鏇?"var" (https://learn.microsoft.com/dotnet/fundamentals/code-analysis/style-rules/ide0008) [C:\UserWorx\VSWorx\ServoStudio\wpfui-servoStudio\samples\Wpf.Ui.servoStudio\servoStudio.csproj]
C:\UserWorx\VSWorx\ServoStudio\wpfui-servoStudio\samples\Wpf.Ui.servoStudio\Views\Pages\MotionPages\MotionProfilePage.xaml.cs(272,13): warning IDE0008: 鐢ㄦ樉寮忕被鍨嬩唬鏇?"var" (https://learn.microsoft.com/dotnet/fundamentals/code-analysis/style-rules/ide0008) [C:\UserWorx\VSWorx\ServoStudio\wpfui-servoStudio\samples\Wpf.Ui.servoStudio\servoStudio.csproj]
C:\UserWorx\VSWorx\ServoStudio\wpfui-servoStudio\samples\Wpf.Ui.servoStudio\Views\Pages\MotionPages\MotionProfilePage.xaml.cs(285,9): warning IDE0008: 鐢ㄦ樉寮忕被鍨嬩唬鏇?"var" (https://learn.microsoft.com/dotnet/fundamentals/code-analysis/style-rules/ide0008) [C:\UserWorx\VSWorx\ServoStudio\wpfui-servoStudio\samples\Wpf.Ui.servoStudio\servoStudio.csproj]
C:\UserWorx\VSWorx\ServoStudio\wpfui-servoStudio\samples\Wpf.Ui.servoStudio\Views\Pages\MotionPages\MotionProfilePage.xaml.cs(289,9): warning IDE0008: 鐢ㄦ樉寮忕被鍨嬩唬鏇?"var" (https://learn.microsoft.com/dotnet/fundamentals/code-analysis/style-rules/ide0008) [C:\UserWorx\VSWorx\ServoStudio\wpfui-servoStudio\samples\Wpf.Ui.servoStudio\servoStudio.csproj]
C:\UserWorx\VSWorx\ServoStudio\wpfui-servoStudio\samples\Wpf.Ui.servoStudio\Helpers\SoemFoEInterop.cs(323,9): warning IDE0011: 鍚?鈥渋f鈥?璇彞娣诲姞澶ф嫭鍙枫€?(https://learn.microsoft.com/dotnet/fundamentals/code-analysis/style-rules/ide0011) [C:\UserWorx\VSWorx\ServoStudio\wpfui-servoStudio\samples\Wpf.Ui.servoStudio\servoStudio.csproj]
C:\UserWorx\VSWorx\ServoStudio\wpfui-servoStudio\samples\Wpf.Ui.servoStudio\Helpers\SoemFoEInterop.cs(326,9): warning IDE0011: 鍚?鈥渋f鈥?璇彞娣诲姞澶ф嫭鍙枫€?(https://learn.microsoft.com/dotnet/fundamentals/code-analysis/style-rules/ide0011) [C:\UserWorx\VSWorx\ServoStudio\wpfui-servoStudio\samples\Wpf.Ui.servoStudio\servoStudio.csproj]
C:\UserWorx\VSWorx\ServoStudio\wpfui-servoStudio\samples\Wpf.Ui.servoStudio\Helpers\SoemFoEInterop.cs(334,13): warning IDE0011: 鍚?鈥渋f鈥?璇彞娣诲姞澶ф嫭鍙枫€?(https://learn.microsoft.com/dotnet/fundamentals/code-analysis/style-rules/ide0011) [C:\UserWorx\VSWorx\ServoStudio\wpfui-servoStudio\samples\Wpf.Ui.servoStudio\servoStudio.csproj]
C:\UserWorx\VSWorx\ServoStudio\wpfui-servoStudio\samples\Wpf.Ui.servoStudio\Helpers\SoemFoEInterop.cs(341,13): warning IDE0011: 鍚?鈥渋f鈥?璇彞娣诲姞澶ф嫭鍙枫€?(https://learn.microsoft.com/dotnet/fundamentals/code-analysis/style-rules/ide0011) [C:\UserWorx\VSWorx\ServoStudio\wpfui-servoStudio\samples\Wpf.Ui.servoStudio\servoStudio.csproj]
C:\UserWorx\VSWorx\ServoStudio\wpfui-servoStudio\samples\Wpf.Ui.servoStudio\Helpers\SoemFoEInterop.cs(346,13): warning IDE0011: 鍚?鈥渋f鈥?璇彞娣诲姞澶ф嫭鍙枫€?(https://learn.microsoft.com/dotnet/fundamentals/code-analysis/style-rules/ide0011) [C:\UserWorx\VSWorx\ServoStudio\wpfui-servoStudio\samples\Wpf.Ui.servoStudio\servoStudio.csproj]
C:\UserWorx\VSWorx\ServoStudio\wpfui-servoStudio\samples\Wpf.Ui.servoStudio\Helpers\SoemFoEInterop.cs(352,13): warning IDE0011: 鍚?鈥渋f鈥?璇彞娣诲姞澶ф嫭鍙枫€?(https://learn.microsoft.com/dotnet/fundamentals/code-analysis/style-rules/ide0011) [C:\UserWorx\VSWorx\ServoStudio\wpfui-servoStudio\samples\Wpf.Ui.servoStudio\servoStudio.csproj]
C:\UserWorx\VSWorx\ServoStudio\wpfui-servoStudio\samples\Wpf.Ui.servoStudio\Helpers\SoemFoEInterop.cs(360,13): warning IDE0011: 鍚?鈥渋f鈥?璇彞娣诲姞澶ф嫭鍙枫€?(https://learn.microsoft.com/dotnet/fundamentals/code-analysis/style-rules/ide0011) [C:\UserWorx\VSWorx\ServoStudio\wpfui-servoStudio\samples\Wpf.Ui.servoStudio\servoStudio.csproj]
C:\UserWorx\VSWorx\ServoStudio\wpfui-servoStudio\samples\Wpf.Ui.servoStudio\Helpers\SoemFoEInterop.cs(408,21): warning IDE0011: 鍚?鈥渋f鈥?璇彞娣诲姞澶ф嫭鍙枫€?(https://learn.microsoft.com/dotnet/fundamentals/code-analysis/style-rules/ide0011) [C:\UserWorx\VSWorx\ServoStudio\wpfui-servoStudio\samples\Wpf.Ui.servoStudio\servoStudio.csproj]
C:\UserWorx\VSWorx\ServoStudio\wpfui-servoStudio\samples\Wpf.Ui.servoStudio\Helpers\SoemFoEInterop.cs(471,21): warning IDE0011: 鍚?鈥渋f鈥?璇彞娣诲姞澶ф嫭鍙枫€?(https://learn.microsoft.com/dotnet/fundamentals/code-analysis/style-rules/ide0011) [C:\UserWorx\VSWorx\ServoStudio\wpfui-servoStudio\samples\Wpf.Ui.servoStudio\servoStudio.csproj]
C:\UserWorx\VSWorx\ServoStudio\wpfui-servoStudio\samples\Wpf.Ui.servoStudio\Helpers\SoemFoEInterop.cs(483,25): warning IDE0011: 鍚?鈥渇oreach鈥?璇彞娣诲姞澶ф嫭鍙枫€?(https://learn.microsoft.com/dotnet/fundamentals/code-analysis/style-rules/ide0011) [C:\UserWorx\VSWorx\ServoStudio\wpfui-servoStudio\samples\Wpf.Ui.servoStudio\servoStudio.csproj]
C:\UserWorx\VSWorx\ServoStudio\wpfui-servoStudio\samples\Wpf.Ui.servoStudio\Helpers\SoemFoEInterop.cs(540,17): warning IDE0011: 鍚?鈥渋f鈥?璇彞娣诲姞澶ф嫭鍙枫€?(https://learn.microsoft.com/dotnet/fundamentals/code-analysis/style-rules/ide0011) [C:\UserWorx\VSWorx\ServoStudio\wpfui-servoStudio\samples\Wpf.Ui.servoStudio\servoStudio.csproj]
C:\UserWorx\VSWorx\ServoStudio\wpfui-servoStudio\samples\Wpf.Ui.servoStudio\Helpers\SoemFoEInterop.cs(542,17): warning IDE0011: 鍚?鈥渆lse鈥?璇彞娣诲姞澶ф嫭鍙枫€?(https://learn.microsoft.com/dotnet/fundamentals/code-analysis/style-rules/ide0011) [C:\UserWorx\VSWorx\ServoStudio\wpfui-servoStudio\samples\Wpf.Ui.servoStudio\servoStudio.csproj]
C:\UserWorx\VSWorx\ServoStudio\wpfui-servoStudio\samples\Wpf.Ui.servoStudio\Helpers\SoemFoEInterop.cs(570,17): warning IDE0011: 鍚?鈥渋f鈥?璇彞娣诲姞澶ф嫭鍙枫€?(https://learn.microsoft.com/dotnet/fundamentals/code-analysis/style-rules/ide0011) [C:\UserWorx\VSWorx\ServoStudio\wpfui-servoStudio\samples\Wpf.Ui.servoStudio\servoStudio.csproj]
C:\UserWorx\VSWorx\ServoStudio\wpfui-servoStudio\samples\Wpf.Ui.servoStudio\Helpers\SoemFoEInterop.cs(572,17): warning IDE0011: 鍚?鈥渆lse鈥?璇彞娣诲姞澶ф嫭鍙枫€?(https://learn.microsoft.com/dotnet/fundamentals/code-analysis/style-rules/ide0011) [C:\UserWorx\VSWorx\ServoStudio\wpfui-servoStudio\samples\Wpf.Ui.servoStudio\servoStudio.csproj]
C:\UserWorx\VSWorx\ServoStudio\wpfui-servoStudio\samples\Wpf.Ui.servoStudio\Helpers\SoemFoEInterop.cs(587,21): warning IDE0011: 鍚?鈥渋f鈥?璇彞娣诲姞澶ф嫭鍙枫€?(https://learn.microsoft.com/dotnet/fundamentals/code-analysis/style-rules/ide0011) [C:\UserWorx\VSWorx\ServoStudio\wpfui-servoStudio\samples\Wpf.Ui.servoStudio\servoStudio.csproj]
C:\UserWorx\VSWorx\ServoStudio\wpfui-servoStudio\samples\Wpf.Ui.servoStudio\Helpers\SoemFoEInterop.cs(589,21): warning IDE0011: 鍚?鈥渆lse鈥?璇彞娣诲姞澶ф嫭鍙枫€?(https://learn.microsoft.com/dotnet/fundamentals/code-analysis/style-rules/ide0011) [C:\UserWorx\VSWorx\ServoStudio\wpfui-servoStudio\samples\Wpf.Ui.servoStudio\servoStudio.csproj]
C:\UserWorx\VSWorx\ServoStudio\wpfui-servoStudio\samples\Wpf.Ui.servoStudio\ViewModels\AppData\AppLogViewModel.cs(734,9): warning CA1065: Dispose 鍒涘缓 NotImplementedException 绫诲瀷鐨勫紓甯搞€備笉搴斿湪杩欑绫诲瀷鐨勬柟娉曚腑寮曞彂寮傚父銆傚鏋滄湁鍙兘浼氬紩鍙戞寮傚父瀹炰緥锛岃鏇存敼璇ユ柟娉曠殑閫昏緫锛屼娇瀹冧笉鍐嶅紩鍙戝紓甯搞€?(https://learn.microsoft.com/dotnet/fundamentals/code-analysis/quality-rules/ca1065) [C:\UserWorx\VSWorx\ServoStudio\wpfui-servoStudio\samples\Wpf.Ui.servoStudio\servoStudio.csproj]
C:\UserWorx\VSWorx\ServoStudio\wpfui-servoStudio\samples\Wpf.Ui.servoStudio\ViewModels\AppData\AppLogViewModel.cs(732,21): warning CA1063: 淇敼鈥淎ppLogViewModel.Dispose鈥濓紝浣垮叾璋冪敤 Dispose(true)锛屽啀瀵瑰綋鍓嶅璞″疄渚嬭皟鐢?GC.SuppressFinalize (Visual Basic 涓殑鈥滄椤光€濇垨鈥滄垜鈥?锛岀劧鍚庤繑鍥?(https://learn.microsoft.com/dotnet/fundamentals/code-analysis/quality-rules/ca1063) [C:\UserWorx\VSWorx\ServoStudio\wpfui-servoStudio\samples\Wpf.Ui.servoStudio\servoStudio.csproj]
C:\UserWorx\VSWorx\ServoStudio\wpfui-servoStudio\samples\Wpf.Ui.servoStudio\ViewModels\AppData\AppLogViewModel.cs(646,17): warning IDE0011: 鍚?鈥渋f鈥?璇彞娣诲姞澶ф嫭鍙枫€?(https://learn.microsoft.com/dotnet/fundamentals/code-analysis/style-rules/ide0011) [C:\UserWorx\VSWorx\ServoStudio\wpfui-servoStudio\samples\Wpf.Ui.servoStudio\servoStudio.csproj]
C:\UserWorx\VSWorx\ServoStudio\wpfui-servoStudio\samples\Wpf.Ui.servoStudio\ViewModels\AppData\AppLogViewModel.cs(650,17): warning IDE0011: 鍚?鈥渋f鈥?璇彞娣诲姞澶ф嫭鍙枫€?(https://learn.microsoft.com/dotnet/fundamentals/code-analysis/style-rules/ide0011) [C:\UserWorx\VSWorx\ServoStudio\wpfui-servoStudio\samples\Wpf.Ui.servoStudio\servoStudio.csproj]
C:\UserWorx\VSWorx\ServoStudio\wpfui-servoStudio\samples\Wpf.Ui.servoStudio\Helpers\SoemFoEInterop.cs(635,13): warning IDE0011: 鍚?鈥渋f鈥?璇彞娣诲姞澶ф嫭鍙枫€?(https://learn.microsoft.com/dotnet/fundamentals/code-analysis/style-rules/ide0011) [C:\UserWorx\VSWorx\ServoStudio\wpfui-servoStudio\samples\Wpf.Ui.servoStudio\servoStudio.csproj]
C:\UserWorx\VSWorx\ServoStudio\wpfui-servoStudio\samples\Wpf.Ui.servoStudio\ViewModels\AppData\DataViewViewModel.cs(669,9): warning IDE0008: 鐢ㄦ樉寮忕被鍨嬩唬鏇?"var" (https://learn.microsoft.com/dotnet/fundamentals/code-analysis/style-rules/ide0008) [C:\UserWorx\VSWorx\ServoStudio\wpfui-servoStudio\samples\Wpf.Ui.servoStudio\servoStudio.csproj]
C:\UserWorx\VSWorx\ServoStudio\wpfui-servoStudio\samples\Wpf.Ui.servoStudio\ViewModels\AppData\DataViewViewModel.cs(734,13): warning IDE0008: 鐢ㄦ樉寮忕被鍨嬩唬鏇?"var" (https://learn.microsoft.com/dotnet/fundamentals/code-analysis/style-rules/ide0008) [C:\UserWorx\VSWorx\ServoStudio\wpfui-servoStudio\samples\Wpf.Ui.servoStudio\servoStudio.csproj]
C:\UserWorx\VSWorx\ServoStudio\wpfui-servoStudio\samples\Wpf.Ui.servoStudio\ViewModels\AppData\DataViewViewModel.cs(753,46): warning IDE0008: 鐢ㄦ樉寮忕被鍨嬩唬鏇?"var" (https://learn.microsoft.com/dotnet/fundamentals/code-analysis/style-rules/ide0008) [C:\UserWorx\VSWorx\ServoStudio\wpfui-servoStudio\samples\Wpf.Ui.servoStudio\servoStudio.csproj]
C:\UserWorx\VSWorx\ServoStudio\wpfui-servoStudio\samples\Wpf.Ui.servoStudio\ViewModels\AppData\DataViewViewModel.cs(776,123): warning IDE0008: 鐢ㄦ樉寮忕被鍨嬩唬鏇?"var" (https://learn.microsoft.com/dotnet/fundamentals/code-analysis/style-rules/ide0008) [C:\UserWorx\VSWorx\ServoStudio\wpfui-servoStudio\samples\Wpf.Ui.servoStudio\servoStudio.csproj]
C:\UserWorx\VSWorx\ServoStudio\wpfui-servoStudio\samples\Wpf.Ui.servoStudio\Core\CANopen\Adapters\CanAdapterFactory.cs(136,21): warning IDE0008: 鐢ㄦ樉寮忕被鍨嬩唬鏇?"var" (https://learn.microsoft.com/dotnet/fundamentals/code-analysis/style-rules/ide0008) [C:\UserWorx\VSWorx\ServoStudio\wpfui-servoStudio\samples\Wpf.Ui.servoStudio\servoStudio.csproj]
C:\UserWorx\VSWorx\ServoStudio\wpfui-servoStudio\samples\Wpf.Ui.servoStudio\Core\CANopen\Adapters\CanAdapterFactory.cs(147,62): warning IDE0008: 鐢ㄦ樉寮忕被鍨嬩唬鏇?"var" (https://learn.microsoft.com/dotnet/fundamentals/code-analysis/style-rules/ide0008) [C:\UserWorx\VSWorx\ServoStudio\wpfui-servoStudio\samples\Wpf.Ui.servoStudio\servoStudio.csproj]
C:\UserWorx\VSWorx\ServoStudio\wpfui-servoStudio\samples\Wpf.Ui.servoStudio\Core\CANopen\Adapters\CanAdapterFactory.cs(167,26): warning IDE0008: 鐢ㄦ樉寮忕被鍨嬩唬鏇?"var" (https://learn.microsoft.com/dotnet/fundamentals/code-analysis/style-rules/ide0008) [C:\UserWorx\VSWorx\ServoStudio\wpfui-servoStudio\samples\Wpf.Ui.servoStudio\servoStudio.csproj]
C:\UserWorx\VSWorx\ServoStudio\wpfui-servoStudio\samples\Wpf.Ui.servoStudio\Core\CANopen\Adapters\CanAdapterFactory.cs(175,30): warning IDE0008: 鐢ㄦ樉寮忕被鍨嬩唬鏇?"var" (https://learn.microsoft.com/dotnet/fundamentals/code-analysis/style-rules/ide0008) [C:\UserWorx\VSWorx\ServoStudio\wpfui-servoStudio\samples\Wpf.Ui.servoStudio\servoStudio.csproj]
C:\UserWorx\VSWorx\ServoStudio\wpfui-servoStudio\samples\Wpf.Ui.servoStudio\Core\CANopen\Adapters\CanAdapterFactory.cs(182,65): warning IDE0008: 鐢ㄦ樉寮忕被鍨嬩唬鏇?"var" (https://learn.microsoft.com/dotnet/fundamentals/code-analysis/style-rules/ide0008) [C:\UserWorx\VSWorx\ServoStudio\wpfui-servoStudio\samples\Wpf.Ui.servoStudio\servoStudio.csproj]
C:\UserWorx\VSWorx\ServoStudio\wpfui-servoStudio\samples\Wpf.Ui.servoStudio\Core\CANopen\Adapters\CanAdapterFactory.cs(205,22): warning IDE0008: 鐢ㄦ樉寮忕被鍨嬩唬鏇?"var" (https://learn.microsoft.com/dotnet/fundamentals/code-analysis/style-rules/ide0008) [C:\UserWorx\VSWorx\ServoStudio\wpfui-servoStudio\samples\Wpf.Ui.servoStudio\servoStudio.csproj]
C:\UserWorx\VSWorx\ServoStudio\wpfui-servoStudio\samples\Wpf.Ui.servoStudio\Core\CANopen\Adapters\CanAdapterFactory.cs(323,25): warning IDE0008: 鐢ㄦ樉寮忕被鍨嬩唬鏇?"var" (https://learn.microsoft.com/dotnet/fundamentals/code-analysis/style-rules/ide0008) [C:\UserWorx\VSWorx\ServoStudio\wpfui-servoStudio\samples\Wpf.Ui.servoStudio\servoStudio.csproj]
C:\UserWorx\VSWorx\ServoStudio\wpfui-servoStudio\samples\Wpf.Ui.servoStudio\Core\CANopen\Adapters\CanAdapterFactory.cs(345,30): warning IDE0008: 鐢ㄦ樉寮忕被鍨嬩唬鏇?"var" (https://learn.microsoft.com/dotnet/fundamentals/code-analysis/style-rules/ide0008) [C:\UserWorx\VSWorx\ServoStudio\wpfui-servoStudio\samples\Wpf.Ui.servoStudio\servoStudio.csproj]
C:\UserWorx\VSWorx\ServoStudio\wpfui-servoStudio\samples\Wpf.Ui.servoStudio\Core\CANopen\Adapters\CanAdapterFactory.cs(353,34): warning IDE0008: 鐢ㄦ樉寮忕被鍨嬩唬鏇?"var" (https://learn.microsoft.com/dotnet/fundamentals/code-analysis/style-rules/ide0008) [C:\UserWorx\VSWorx\ServoStudio\wpfui-servoStudio\samples\Wpf.Ui.servoStudio\servoStudio.csproj]
C:\UserWorx\VSWorx\ServoStudio\wpfui-servoStudio\samples\Wpf.Ui.servoStudio\Helpers\SoemFoEInterop.cs(656,17): warning IDE0011: 鍚?鈥渋f鈥?璇彞娣诲姞澶ф嫭鍙枫€?(https://learn.microsoft.com/dotnet/fundamentals/code-analysis/style-rules/ide0011) [C:\UserWorx\VSWorx\ServoStudio\wpfui-servoStudio\samples\Wpf.Ui.servoStudio\servoStudio.csproj]
C:\UserWorx\VSWorx\ServoStudio\wpfui-servoStudio\samples\Wpf.Ui.servoStudio\Core\CANopen\Adapters\CanAdapterFactory.cs(384,21): warning IDE0008: 鐢ㄦ樉寮忕被鍨嬩唬鏇?"var" (https://learn.microsoft.com/dotnet/fundamentals/code-analysis/style-rules/ide0008) [C:\UserWorx\VSWorx\ServoStudio\wpfui-servoStudio\samples\Wpf.Ui.servoStudio\servoStudio.csproj]
C:\UserWorx\VSWorx\ServoStudio\wpfui-servoStudio\samples\Wpf.Ui.servoStudio\Core\CANopen\Adapters\CanAdapterFactory.cs(389,21): warning IDE0008: 鐢ㄦ樉寮忕被鍨嬩唬鏇?"var" (https://learn.microsoft.com/dotnet/fundamentals/code-analysis/style-rules/ide0008) [C:\UserWorx\VSWorx\ServoStudio\wpfui-servoStudio\samples\Wpf.Ui.servoStudio\servoStudio.csproj]
C:\UserWorx\VSWorx\ServoStudio\wpfui-servoStudio\samples\Wpf.Ui.servoStudio\Core\CANopen\Adapters\CanAdapterFactory.cs(390,57): warning IDE0008: 鐢ㄦ樉寮忕被鍨嬩唬鏇?"var" (https://learn.microsoft.com/dotnet/fundamentals/code-analysis/style-rules/ide0008) [C:\UserWorx\VSWorx\ServoStudio\wpfui-servoStudio\samples\Wpf.Ui.servoStudio\servoStudio.csproj]
C:\UserWorx\VSWorx\ServoStudio\wpfui-servoStudio\samples\Wpf.Ui.servoStudio\Core\CANopen\CanOpenMaster.cs(101,15): warning IDE0058: 姘歌繙涓嶄細浣跨敤琛ㄨ揪寮忓€?(https://learn.microsoft.com/dotnet/fundamentals/code-analysis/style-rules/ide0058) [C:\UserWorx\VSWorx\ServoStudio\wpfui-servoStudio\samples\Wpf.Ui.servoStudio\servoStudio.csproj]
C:\UserWorx\VSWorx\ServoStudio\wpfui-servoStudio\samples\Wpf.Ui.servoStudio\Views\Pages\HomePage.xaml.cs(67,66): warning IDE0008: 鐢ㄦ樉寮忕被鍨嬩唬鏇?"var" (https://learn.microsoft.com/dotnet/fundamentals/code-analysis/style-rules/ide0008) [C:\UserWorx\VSWorx\ServoStudio\wpfui-servoStudio\samples\Wpf.Ui.servoStudio\servoStudio.csproj]
C:\UserWorx\VSWorx\ServoStudio\wpfui-servoStudio\samples\Wpf.Ui.servoStudio\Core\CANopen\Adapters\CanAdapterFactory.cs(417,22): warning IDE0008: 鐢ㄦ樉寮忕被鍨嬩唬鏇?"var" (https://learn.microsoft.com/dotnet/fundamentals/code-analysis/style-rules/ide0008) [C:\UserWorx\VSWorx\ServoStudio\wpfui-servoStudio\samples\Wpf.Ui.servoStudio\servoStudio.csproj]
C:\UserWorx\VSWorx\ServoStudio\wpfui-servoStudio\samples\Wpf.Ui.servoStudio\Views\Pages\HomePage.xaml.cs(78,9): warning IDE0011: 鍚?鈥渋f鈥?璇彞娣诲姞澶ф嫭鍙枫€?(https://learn.microsoft.com/dotnet/fundamentals/code-analysis/style-rules/ide0011) [C:\UserWorx\VSWorx\ServoStudio\wpfui-servoStudio\samples\Wpf.Ui.servoStudio\servoStudio.csproj]
C:\UserWorx\VSWorx\ServoStudio\wpfui-servoStudio\samples\Wpf.Ui.servoStudio\Core\CANopen\CanOpenMaster.cs(107,17): warning CA1063: 淇敼鈥淐anOpenMaster.Dispose鈥濓紝浣垮叾璋冪敤 Dispose(true)锛屽啀瀵瑰綋鍓嶅璞″疄渚嬭皟鐢?GC.SuppressFinalize (Visual Basic 涓殑鈥滄椤光€濇垨鈥滄垜鈥?锛岀劧鍚庤繑鍥?(https://learn.microsoft.com/dotnet/fundamentals/code-analysis/quality-rules/ca1063) [C:\UserWorx\VSWorx\ServoStudio\wpfui-servoStudio\samples\Wpf.Ui.servoStudio\servoStudio.csproj]
C:\UserWorx\VSWorx\ServoStudio\wpfui-servoStudio\samples\Wpf.Ui.servoStudio\Views\Pages\HomePage.xaml.cs(86,13): warning IDE0011: 鍚?鈥渋f鈥?璇彞娣诲姞澶ф嫭鍙枫€?(https://learn.microsoft.com/dotnet/fundamentals/code-analysis/style-rules/ide0011) [C:\UserWorx\VSWorx\ServoStudio\wpfui-servoStudio\samples\Wpf.Ui.servoStudio\servoStudio.csproj]
C:\UserWorx\VSWorx\ServoStudio\wpfui-servoStudio\samples\Wpf.Ui.servoStudio\Views\Pages\HomePage.xaml.cs(103,9): warning IDE0011: 鍚?鈥渋f鈥?璇彞娣诲姞澶ф嫭鍙枫€?(https://learn.microsoft.com/dotnet/fundamentals/code-analysis/style-rules/ide0011) [C:\UserWorx\VSWorx\ServoStudio\wpfui-servoStudio\samples\Wpf.Ui.servoStudio\servoStudio.csproj]
C:\UserWorx\VSWorx\ServoStudio\wpfui-servoStudio\samples\Wpf.Ui.servoStudio\Views\Pages\HomePage.xaml.cs(104,9): warning IDE0011: 鍚?鈥渋f鈥?璇彞娣诲姞澶ф嫭鍙枫€?(https://learn.microsoft.com/dotnet/fundamentals/code-analysis/style-rules/ide0011) [C:\UserWorx\VSWorx\ServoStudio\wpfui-servoStudio\samples\Wpf.Ui.servoStudio\servoStudio.csproj]
C:\UserWorx\VSWorx\ServoStudio\wpfui-servoStudio\samples\Wpf.Ui.servoStudio\Views\Pages\HomePage.xaml.cs(111,9): warning IDE0011: 鍚?鈥渋f鈥?璇彞娣诲姞澶ф嫭鍙枫€?(https://learn.microsoft.com/dotnet/fundamentals/code-analysis/style-rules/ide0011) [C:\UserWorx\VSWorx\ServoStudio\wpfui-servoStudio\samples\Wpf.Ui.servoStudio\servoStudio.csproj]
C:\UserWorx\VSWorx\ServoStudio\wpfui-servoStudio\samples\Wpf.Ui.servoStudio\Views\Pages\HomePage.xaml.cs(112,9): warning IDE0011: 鍚?鈥渋f鈥?璇彞娣诲姞澶ф嫭鍙枫€?(https://learn.microsoft.com/dotnet/fundamentals/code-analysis/style-rules/ide0011) [C:\UserWorx\VSWorx\ServoStudio\wpfui-servoStudio\samples\Wpf.Ui.servoStudio\servoStudio.csproj]
C:\UserWorx\VSWorx\ServoStudio\wpfui-servoStudio\samples\Wpf.Ui.servoStudio\Views\Pages\HomePage.xaml.cs(119,9): warning IDE0011: 鍚?鈥渋f鈥?璇彞娣诲姞澶ф嫭鍙枫€?(https://learn.microsoft.com/dotnet/fundamentals/code-analysis/style-rules/ide0011) [C:\UserWorx\VSWorx\ServoStudio\wpfui-servoStudio\samples\Wpf.Ui.servoStudio\servoStudio.csproj]
C:\UserWorx\VSWorx\ServoStudio\wpfui-servoStudio\samples\Wpf.Ui.servoStudio\Views\Pages\HomePage.xaml.cs(130,13): warning IDE0011: 鍚?鈥渋f鈥?璇彞娣诲姞澶ф嫭鍙枫€?(https://learn.microsoft.com/dotnet/fundamentals/code-analysis/style-rules/ide0011) [C:\UserWorx\VSWorx\ServoStudio\wpfui-servoStudio\samples\Wpf.Ui.servoStudio\servoStudio.csproj]
C:\UserWorx\VSWorx\ServoStudio\wpfui-servoStudio\samples\Wpf.Ui.servoStudio\Views\Pages\HomePage.xaml.cs(144,9): warning IDE0011: 鍚?鈥渋f鈥?璇彞娣诲姞澶ф嫭鍙枫€?(https://learn.microsoft.com/dotnet/fundamentals/code-analysis/style-rules/ide0011) [C:\UserWorx\VSWorx\ServoStudio\wpfui-servoStudio\samples\Wpf.Ui.servoStudio\servoStudio.csproj]
C:\UserWorx\VSWorx\ServoStudio\wpfui-servoStudio\samples\Wpf.Ui.servoStudio\Views\Pages\HomePage.xaml.cs(147,9): warning IDE0011: 鍚?鈥渋f鈥?璇彞娣诲姞澶ф嫭鍙枫€?(https://learn.microsoft.com/dotnet/fundamentals/code-analysis/style-rules/ide0011) [C:\UserWorx\VSWorx\ServoStudio\wpfui-servoStudio\samples\Wpf.Ui.servoStudio\servoStudio.csproj]
C:\UserWorx\VSWorx\ServoStudio\wpfui-servoStudio\samples\Wpf.Ui.servoStudio\ViewModels\AppData\DataViewViewModel.cs(813,17): warning IDE0008: 鐢ㄦ樉寮忕被鍨嬩唬鏇?"var" (https://learn.microsoft.com/dotnet/fundamentals/code-analysis/style-rules/ide0008) [C:\UserWorx\VSWorx\ServoStudio\wpfui-servoStudio\samples\Wpf.Ui.servoStudio\servoStudio.csproj]
C:\UserWorx\VSWorx\ServoStudio\wpfui-servoStudio\samples\Wpf.Ui.servoStudio\ViewModels\AppData\DataViewViewModel.cs(814,63): warning IDE0008: 鐢ㄦ樉寮忕被鍨嬩唬鏇?"var" (https://learn.microsoft.com/dotnet/fundamentals/code-analysis/style-rules/ide0008) [C:\UserWorx\VSWorx\ServoStudio\wpfui-servoStudio\samples\Wpf.Ui.servoStudio\servoStudio.csproj]
C:\UserWorx\VSWorx\ServoStudio\wpfui-servoStudio\samples\Wpf.Ui.servoStudio\ViewModels\AppData\DataViewViewModel.cs(820,64): warning IDE0008: 鐢ㄦ樉寮忕被鍨嬩唬鏇?"var" (https://learn.microsoft.com/dotnet/fundamentals/code-analysis/style-rules/ide0008) [C:\UserWorx\VSWorx\ServoStudio\wpfui-servoStudio\samples\Wpf.Ui.servoStudio\servoStudio.csproj]
C:\UserWorx\VSWorx\ServoStudio\wpfui-servoStudio\samples\Wpf.Ui.servoStudio\ViewModels\AppData\DataViewViewModel.cs(821,64): warning IDE0008: 鐢ㄦ樉寮忕被鍨嬩唬鏇?"var" (https://learn.microsoft.com/dotnet/fundamentals/code-analysis/style-rules/ide0008) [C:\UserWorx\VSWorx\ServoStudio\wpfui-servoStudio\samples\Wpf.Ui.servoStudio\servoStudio.csproj]
C:\UserWorx\VSWorx\ServoStudio\wpfui-servoStudio\samples\Wpf.Ui.servoStudio\ViewModels\AppData\DataViewViewModel.cs(822,64): warning IDE0008: 鐢ㄦ樉寮忕被鍨嬩唬鏇?"var" (https://learn.microsoft.com/dotnet/fundamentals/code-analysis/style-rules/ide0008) [C:\UserWorx\VSWorx\ServoStudio\wpfui-servoStudio\samples\Wpf.Ui.servoStudio\servoStudio.csproj]
C:\UserWorx\VSWorx\ServoStudio\wpfui-servoStudio\samples\Wpf.Ui.servoStudio\ViewModels\AppData\DataViewViewModel.cs(825,50): warning IDE0008: 鐢ㄦ樉寮忕被鍨嬩唬鏇?"var" (https://learn.microsoft.com/dotnet/fundamentals/code-analysis/style-rules/ide0008) [C:\UserWorx\VSWorx\ServoStudio\wpfui-servoStudio\samples\Wpf.Ui.servoStudio\servoStudio.csproj]
C:\UserWorx\VSWorx\ServoStudio\wpfui-servoStudio\samples\Wpf.Ui.servoStudio\ViewModels\AppData\DataViewViewModel.cs(831,66): warning IDE0008: 鐢ㄦ樉寮忕被鍨嬩唬鏇?"var" (https://learn.microsoft.com/dotnet/fundamentals/code-analysis/style-rules/ide0008) [C:\UserWorx\VSWorx\ServoStudio\wpfui-servoStudio\samples\Wpf.Ui.servoStudio\servoStudio.csproj]
C:\UserWorx\VSWorx\ServoStudio\wpfui-servoStudio\samples\Wpf.Ui.servoStudio\ViewModels\AppData\DataViewViewModel.cs(834,64): warning IDE0008: 鐢ㄦ樉寮忕被鍨嬩唬鏇?"var" (https://learn.microsoft.com/dotnet/fundamentals/code-analysis/style-rules/ide0008) [C:\UserWorx\VSWorx\ServoStudio\wpfui-servoStudio\samples\Wpf.Ui.servoStudio\servoStudio.csproj]
C:\UserWorx\VSWorx\ServoStudio\wpfui-servoStudio\samples\Wpf.Ui.servoStudio\ViewModels\AppData\DataViewViewModel.cs(835,68): warning IDE0008: 鐢ㄦ樉寮忕被鍨嬩唬鏇?"var" (https://learn.microsoft.com/dotnet/fundamentals/code-analysis/style-rules/ide0008) [C:\UserWorx\VSWorx\ServoStudio\wpfui-servoStudio\samples\Wpf.Ui.servoStudio\servoStudio.csproj]
C:\UserWorx\VSWorx\ServoStudio\wpfui-servoStudio\samples\Wpf.Ui.servoStudio\ViewModels\AppData\DataViewViewModel.cs(840,52): warning IDE0008: 鐢ㄦ樉寮忕被鍨嬩唬鏇?"var" (https://learn.microsoft.com/dotnet/fundamentals/code-analysis/style-rules/ide0008) [C:\UserWorx\VSWorx\ServoStudio\wpfui-servoStudio\samples\Wpf.Ui.servoStudio\servoStudio.csproj]
C:\UserWorx\VSWorx\ServoStudio\wpfui-servoStudio\samples\Wpf.Ui.servoStudio\ViewModels\AppData\DataViewViewModel.cs(846,59): warning IDE0008: 鐢ㄦ樉寮忕被鍨嬩唬鏇?"var" (https://learn.microsoft.com/dotnet/fundamentals/code-analysis/style-rules/ide0008) [C:\UserWorx\VSWorx\ServoStudio\wpfui-servoStudio\samples\Wpf.Ui.servoStudio\servoStudio.csproj]
C:\UserWorx\VSWorx\ServoStudio\wpfui-servoStudio\samples\Wpf.Ui.servoStudio\ViewModels\AppData\DataViewViewModel.cs(846,159): warning IDE0008: 鐢ㄦ樉寮忕被鍨嬩唬鏇?"var" (https://learn.microsoft.com/dotnet/fundamentals/code-analysis/style-rules/ide0008) [C:\UserWorx\VSWorx\ServoStudio\wpfui-servoStudio\samples\Wpf.Ui.servoStudio\servoStudio.csproj]
C:\UserWorx\VSWorx\ServoStudio\wpfui-servoStudio\samples\Wpf.Ui.servoStudio\Core\CANopen\CanOpenMaster.cs(223,9): warning IDE0058: 姘歌繙涓嶄細浣跨敤琛ㄨ揪寮忓€?(https://learn.microsoft.com/dotnet/fundamentals/code-analysis/style-rules/ide0058) [C:\UserWorx\VSWorx\ServoStudio\wpfui-servoStudio\samples\Wpf.Ui.servoStudio\servoStudio.csproj]
C:\UserWorx\VSWorx\ServoStudio\wpfui-servoStudio\samples\Wpf.Ui.servoStudio\Core\CANopen\CanOpenMaster.cs(249,17): warning IDE0058: 姘歌繙涓嶄細浣跨敤琛ㄨ揪寮忓€?(https://learn.microsoft.com/dotnet/fundamentals/code-analysis/style-rules/ide0058) [C:\UserWorx\VSWorx\ServoStudio\wpfui-servoStudio\samples\Wpf.Ui.servoStudio\servoStudio.csproj]
C:\UserWorx\VSWorx\ServoStudio\wpfui-servoStudio\samples\Wpf.Ui.servoStudio\Core\CANopen\CanOpenMaster.cs(274,13): warning IDE0058: 姘歌繙涓嶄細浣跨敤琛ㄨ揪寮忓€?(https://learn.microsoft.com/dotnet/fundamentals/code-analysis/style-rules/ide0058) [C:\UserWorx\VSWorx\ServoStudio\wpfui-servoStudio\samples\Wpf.Ui.servoStudio\servoStudio.csproj]
C:\UserWorx\VSWorx\ServoStudio\wpfui-servoStudio\samples\Wpf.Ui.servoStudio\Services\UserSettingsService.cs(89,9): warning IDE0011: 鍚?鈥渋f鈥?璇彞娣诲姞澶ф嫭鍙枫€?(https://learn.microsoft.com/dotnet/fundamentals/code-analysis/style-rules/ide0011) [C:\UserWorx\VSWorx\ServoStudio\wpfui-servoStudio\samples\Wpf.Ui.servoStudio\servoStudio.csproj]
C:\UserWorx\VSWorx\ServoStudio\wpfui-servoStudio\samples\Wpf.Ui.servoStudio\Services\UserSettingsService.cs(93,9): warning IDE0011: 鍚?鈥渋f鈥?璇彞娣诲姞澶ф嫭鍙枫€?(https://learn.microsoft.com/dotnet/fundamentals/code-analysis/style-rules/ide0011) [C:\UserWorx\VSWorx\ServoStudio\wpfui-servoStudio\samples\Wpf.Ui.servoStudio\servoStudio.csproj]
C:\UserWorx\VSWorx\ServoStudio\wpfui-servoStudio\samples\Wpf.Ui.servoStudio\Services\UserSettingsService.cs(98,13): warning IDE0011: 鍚?鈥渋f鈥?璇彞娣诲姞澶ф嫭鍙枫€?(https://learn.microsoft.com/dotnet/fundamentals/code-analysis/style-rules/ide0011) [C:\UserWorx\VSWorx\ServoStudio\wpfui-servoStudio\samples\Wpf.Ui.servoStudio\servoStudio.csproj]
C:\UserWorx\VSWorx\ServoStudio\wpfui-servoStudio\samples\Wpf.Ui.servoStudio\ViewModels\AppData\DataSaveViewModel.cs(852,9): warning IDE0008: 鐢ㄦ樉寮忕被鍨嬩唬鏇?"var" (https://learn.microsoft.com/dotnet/fundamentals/code-analysis/style-rules/ide0008) [C:\UserWorx\VSWorx\ServoStudio\wpfui-servoStudio\samples\Wpf.Ui.servoStudio\servoStudio.csproj]
C:\UserWorx\VSWorx\ServoStudio\wpfui-servoStudio\samples\Wpf.Ui.servoStudio\Core\CANopen\Adapters\ZlgCanBus.cs(20,21): warning CA2216: 鍙噴鏀剧被鍨嬪簲澹版槑缁堢粨鍣?(https://learn.microsoft.com/dotnet/fundamentals/code-analysis/quality-rules/ca2216) [C:\UserWorx\VSWorx\ServoStudio\wpfui-servoStudio\samples\Wpf.Ui.servoStudio\servoStudio.csproj]
C:\UserWorx\VSWorx\ServoStudio\wpfui-servoStudio\samples\Wpf.Ui.servoStudio\Core\CANopen\CanOpenMaster.cs(304,17): warning IDE0058: 姘歌繙涓嶄細浣跨敤琛ㄨ揪寮忓€?(https://learn.microsoft.com/dotnet/fundamentals/code-analysis/style-rules/ide0058) [C:\UserWorx\VSWorx\ServoStudio\wpfui-servoStudio\samples\Wpf.Ui.servoStudio\servoStudio.csproj]
C:\UserWorx\VSWorx\ServoStudio\wpfui-servoStudio\samples\Wpf.Ui.servoStudio\Core\CANopen\CanOpenMaster.cs(328,13): warning IDE0058: 姘歌繙涓嶄細浣跨敤琛ㄨ揪寮忓€?(https://learn.microsoft.com/dotnet/fundamentals/code-analysis/style-rules/ide0058) [C:\UserWorx\VSWorx\ServoStudio\wpfui-servoStudio\samples\Wpf.Ui.servoStudio\servoStudio.csproj]
C:\UserWorx\VSWorx\ServoStudio\wpfui-servoStudio\samples\Wpf.Ui.servoStudio\ViewModels\AppData\DataViewViewModel.cs(877,15): warning IDE0008: 鐢ㄦ樉寮忕被鍨嬩唬鏇?"var" (https://learn.microsoft.com/dotnet/fundamentals/code-analysis/style-rules/ide0008) [C:\UserWorx\VSWorx\ServoStudio\wpfui-servoStudio\samples\Wpf.Ui.servoStudio\servoStudio.csproj]
C:\UserWorx\VSWorx\ServoStudio\wpfui-servoStudio\samples\Wpf.Ui.servoStudio\Core\CANopen\CanOpenMaster.cs(399,25): warning IDE0008: 鐢ㄦ樉寮忕被鍨嬩唬鏇?"var" (https://learn.microsoft.com/dotnet/fundamentals/code-analysis/style-rules/ide0008) [C:\UserWorx\VSWorx\ServoStudio\wpfui-servoStudio\samples\Wpf.Ui.servoStudio\servoStudio.csproj]
C:\UserWorx\VSWorx\ServoStudio\wpfui-servoStudio\samples\Wpf.Ui.servoStudio\Core\CANopen\Adapters\CanAdapterFactory.cs(518,21): warning IDE0058: 姘歌繙涓嶄細浣跨敤琛ㄨ揪寮忓€?(https://learn.microsoft.com/dotnet/fundamentals/code-analysis/style-rules/ide0058) [C:\UserWorx\VSWorx\ServoStudio\wpfui-servoStudio\samples\Wpf.Ui.servoStudio\servoStudio.csproj]
C:\UserWorx\VSWorx\ServoStudio\wpfui-servoStudio\samples\Wpf.Ui.servoStudio\ViewModels\AppData\DataViewViewModel.cs(991,9): warning IDE0008: 鐢ㄦ樉寮忕被鍨嬩唬鏇?"var" (https://learn.microsoft.com/dotnet/fundamentals/code-analysis/style-rules/ide0008) [C:\UserWorx\VSWorx\ServoStudio\wpfui-servoStudio\samples\Wpf.Ui.servoStudio\servoStudio.csproj]
C:\UserWorx\VSWorx\ServoStudio\wpfui-servoStudio\samples\Wpf.Ui.servoStudio\ViewModels\AppData\DataViewViewModel.cs(1030,13): warning IDE0008: 鐢ㄦ樉寮忕被鍨嬩唬鏇?"var" (https://learn.microsoft.com/dotnet/fundamentals/code-analysis/style-rules/ide0008) [C:\UserWorx\VSWorx\ServoStudio\wpfui-servoStudio\samples\Wpf.Ui.servoStudio\servoStudio.csproj]
C:\UserWorx\VSWorx\ServoStudio\wpfui-servoStudio\samples\Wpf.Ui.servoStudio\ViewModels\AppData\DataViewViewModel.cs(1047,46): warning IDE0008: 鐢ㄦ樉寮忕被鍨嬩唬鏇?"var" (https://learn.microsoft.com/dotnet/fundamentals/code-analysis/style-rules/ide0008) [C:\UserWorx\VSWorx\ServoStudio\wpfui-servoStudio\samples\Wpf.Ui.servoStudio\servoStudio.csproj]
C:\UserWorx\VSWorx\ServoStudio\wpfui-servoStudio\samples\Wpf.Ui.servoStudio\ViewModels\AppData\DataViewViewModel.cs(1068,122): warning IDE0008: 鐢ㄦ樉寮忕被鍨嬩唬鏇?"var" (https://learn.microsoft.com/dotnet/fundamentals/code-analysis/style-rules/ide0008) [C:\UserWorx\VSWorx\ServoStudio\wpfui-servoStudio\samples\Wpf.Ui.servoStudio\servoStudio.csproj]
C:\UserWorx\VSWorx\ServoStudio\wpfui-servoStudio\samples\Wpf.Ui.servoStudio\Core\CANopen\Adapters\CanAdapterFactory.cs(552,21): warning IDE0058: 姘歌繙涓嶄細浣跨敤琛ㄨ揪寮忓€?(https://learn.microsoft.com/dotnet/fundamentals/code-analysis/style-rules/ide0058) [C:\UserWorx\VSWorx\ServoStudio\wpfui-servoStudio\samples\Wpf.Ui.servoStudio\servoStudio.csproj]
C:\UserWorx\VSWorx\ServoStudio\wpfui-servoStudio\samples\Wpf.Ui.servoStudio\Models\RegisterRow.cs(71,9): warning IDE0011: 鍚?鈥渋f鈥?璇彞娣诲姞澶ф嫭鍙枫€?(https://learn.microsoft.com/dotnet/fundamentals/code-analysis/style-rules/ide0011) [C:\UserWorx\VSWorx\ServoStudio\wpfui-servoStudio\samples\Wpf.Ui.servoStudio\servoStudio.csproj]
C:\UserWorx\VSWorx\ServoStudio\wpfui-servoStudio\samples\Wpf.Ui.servoStudio\Services\UserSettingsService.cs(130,13): warning IDE0011: 鍚?鈥渋f鈥?璇彞娣诲姞澶ф嫭鍙枫€?(https://learn.microsoft.com/dotnet/fundamentals/code-analysis/style-rules/ide0011) [C:\UserWorx\VSWorx\ServoStudio\wpfui-servoStudio\samples\Wpf.Ui.servoStudio\servoStudio.csproj]
C:\UserWorx\VSWorx\ServoStudio\wpfui-servoStudio\samples\Wpf.Ui.servoStudio\Models\Product.cs(86,9): warning IDE0011: 鍚?鈥渋f鈥?璇彞娣诲姞澶ф嫭鍙枫€?(https://learn.microsoft.com/dotnet/fundamentals/code-analysis/style-rules/ide0011) [C:\UserWorx\VSWorx\ServoStudio\wpfui-servoStudio\samples\Wpf.Ui.servoStudio\servoStudio.csproj]
C:\UserWorx\VSWorx\ServoStudio\wpfui-servoStudio\samples\Wpf.Ui.servoStudio\Models\Product.cs(87,9): warning IDE0011: 鍚?鈥渋f鈥?璇彞娣诲姞澶ф嫭鍙枫€?(https://learn.microsoft.com/dotnet/fundamentals/code-analysis/style-rules/ide0011) [C:\UserWorx\VSWorx\ServoStudio\wpfui-servoStudio\samples\Wpf.Ui.servoStudio\servoStudio.csproj]
C:\UserWorx\VSWorx\ServoStudio\wpfui-servoStudio\samples\Wpf.Ui.servoStudio\Models\Product.cs(88,9): warning IDE0011: 鍚?鈥渋f鈥?璇彞娣诲姞澶ф嫭鍙枫€?(https://learn.microsoft.com/dotnet/fundamentals/code-analysis/style-rules/ide0011) [C:\UserWorx\VSWorx\ServoStudio\wpfui-servoStudio\samples\Wpf.Ui.servoStudio\servoStudio.csproj]
C:\UserWorx\VSWorx\ServoStudio\wpfui-servoStudio\samples\Wpf.Ui.servoStudio\Models\Product.cs(89,9): warning IDE0011: 鍚?鈥渋f鈥?璇彞娣诲姞澶ф嫭鍙枫€?(https://learn.microsoft.com/dotnet/fundamentals/code-analysis/style-rules/ide0011) [C:\UserWorx\VSWorx\ServoStudio\wpfui-servoStudio\samples\Wpf.Ui.servoStudio\servoStudio.csproj]
C:\UserWorx\VSWorx\ServoStudio\wpfui-servoStudio\samples\Wpf.Ui.servoStudio\Models\Product.cs(90,9): warning IDE0011: 鍚?鈥渋f鈥?璇彞娣诲姞澶ф嫭鍙枫€?(https://learn.microsoft.com/dotnet/fundamentals/code-analysis/style-rules/ide0011) [C:\UserWorx\VSWorx\ServoStudio\wpfui-servoStudio\samples\Wpf.Ui.servoStudio\servoStudio.csproj]
C:\UserWorx\VSWorx\ServoStudio\wpfui-servoStudio\samples\Wpf.Ui.servoStudio\Models\Product.cs(91,9): warning IDE0011: 鍚?鈥渋f鈥?璇彞娣诲姞澶ф嫭鍙枫€?(https://learn.microsoft.com/dotnet/fundamentals/code-analysis/style-rules/ide0011) [C:\UserWorx\VSWorx\ServoStudio\wpfui-servoStudio\samples\Wpf.Ui.servoStudio\servoStudio.csproj]
C:\UserWorx\VSWorx\ServoStudio\wpfui-servoStudio\samples\Wpf.Ui.servoStudio\Models\Product.cs(92,9): warning IDE0011: 鍚?鈥渋f鈥?璇彞娣诲姞澶ф嫭鍙枫€?(https://learn.microsoft.com/dotnet/fundamentals/code-analysis/style-rules/ide0011) [C:\UserWorx\VSWorx\ServoStudio\wpfui-servoStudio\samples\Wpf.Ui.servoStudio\servoStudio.csproj]
C:\UserWorx\VSWorx\ServoStudio\wpfui-servoStudio\samples\Wpf.Ui.servoStudio\ViewModels\AppData\AppLogViewModel.cs(24,27): warning CA2213: 鈥淎ppLogViewModel鈥濆寘鍚?IDisposable 绫诲瀷鈥淪treamWriter?鈥濈殑瀛楁鈥淿writer鈥濓紝浣嗕粠鏈繘琛岄噴鏀俱€傝鏇存敼鈥淎ppLogViewModel鈥濅笂鐨?Dispose 鏂规硶浠ュ姝ゅ瓧娈佃皟鐢?Close 鎴?Dispose銆?(https://learn.microsoft.com/dotnet/fundamentals/code-analysis/quality-rules/ca2213) [C:\UserWorx\VSWorx\ServoStudio\wpfui-servoStudio\samples\Wpf.Ui.servoStudio\servoStudio.csproj]
C:\UserWorx\VSWorx\ServoStudio\wpfui-servoStudio\samples\Wpf.Ui.servoStudio\ViewModels\AppData\DataViewViewModel.cs(1093,46): warning IDE0008: 鐢ㄦ樉寮忕被鍨嬩唬鏇?"var" (https://learn.microsoft.com/dotnet/fundamentals/code-analysis/style-rules/ide0008) [C:\UserWorx\VSWorx\ServoStudio\wpfui-servoStudio\samples\Wpf.Ui.servoStudio\servoStudio.csproj]
C:\UserWorx\VSWorx\ServoStudio\wpfui-servoStudio\samples\Wpf.Ui.servoStudio\ViewModels\AppData\DataViewViewModel.cs(1110,13): warning IDE0008: 鐢ㄦ樉寮忕被鍨嬩唬鏇?"var" (https://learn.microsoft.com/dotnet/fundamentals/code-analysis/style-rules/ide0008) [C:\UserWorx\VSWorx\ServoStudio\wpfui-servoStudio\samples\Wpf.Ui.servoStudio\servoStudio.csproj]
C:\UserWorx\VSWorx\ServoStudio\wpfui-servoStudio\samples\Wpf.Ui.servoStudio\Core\CANopen\CanOpenMaster.cs(530,9): warning IDE0058: 姘歌繙涓嶄細浣跨敤琛ㄨ揪寮忓€?(https://learn.microsoft.com/dotnet/fundamentals/code-analysis/style-rules/ide0058) [C:\UserWorx\VSWorx\ServoStudio\wpfui-servoStudio\samples\Wpf.Ui.servoStudio\servoStudio.csproj]
C:\UserWorx\VSWorx\ServoStudio\wpfui-servoStudio\samples\Wpf.Ui.servoStudio\ViewModels\DeviceSet\DeviceAddViewModel.cs(102,47): warning IDE0055: 淇鏍煎紡 (https://learn.microsoft.com/dotnet/fundamentals/code-analysis/style-rules/ide0055) [C:\UserWorx\VSWorx\ServoStudio\wpfui-servoStudio\samples\Wpf.Ui.servoStudio\servoStudio.csproj]
C:\UserWorx\VSWorx\ServoStudio\wpfui-servoStudio\samples\Wpf.Ui.servoStudio\ViewModels\DeviceSet\DeviceAddViewModel.cs(102,49): warning IDE0055: 淇鏍煎紡 (https://learn.microsoft.com/dotnet/fundamentals/code-analysis/style-rules/ide0055) [C:\UserWorx\VSWorx\ServoStudio\wpfui-servoStudio\samples\Wpf.Ui.servoStudio\servoStudio.csproj]
C:\UserWorx\VSWorx\ServoStudio\wpfui-servoStudio\samples\Wpf.Ui.servoStudio\ViewModels\DeviceSet\DeviceAddViewModel.cs(102,59): warning IDE0055: 淇鏍煎紡 (https://learn.microsoft.com/dotnet/fundamentals/code-analysis/style-rules/ide0055) [C:\UserWorx\VSWorx\ServoStudio\wpfui-servoStudio\samples\Wpf.Ui.servoStudio\servoStudio.csproj]
C:\UserWorx\VSWorx\ServoStudio\wpfui-servoStudio\samples\Wpf.Ui.servoStudio\ViewModels\DeviceSet\DeviceAddViewModel.cs(621,37): warning IDE0055: 淇鏍煎紡 (https://learn.microsoft.com/dotnet/fundamentals/code-analysis/style-rules/ide0055) [C:\UserWorx\VSWorx\ServoStudio\wpfui-servoStudio\samples\Wpf.Ui.servoStudio\servoStudio.csproj]
C:\UserWorx\VSWorx\ServoStudio\wpfui-servoStudio\samples\Wpf.Ui.servoStudio\ViewModels\DeviceSet\DeviceAddViewModel.cs(677,29): warning IDE0055: 淇鏍煎紡 (https://learn.microsoft.com/dotnet/fundamentals/code-analysis/style-rules/ide0055) [C:\UserWorx\VSWorx\ServoStudio\wpfui-servoStudio\samples\Wpf.Ui.servoStudio\servoStudio.csproj]
C:\UserWorx\VSWorx\ServoStudio\wpfui-servoStudio\samples\Wpf.Ui.servoStudio\ViewModels\DeviceSet\DeviceAddViewModel.cs(691,18): warning IDE0055: 淇鏍煎紡 (https://learn.microsoft.com/dotnet/fundamentals/code-analysis/style-rules/ide0055) [C:\UserWorx\VSWorx\ServoStudio\wpfui-servoStudio\samples\Wpf.Ui.servoStudio\servoStudio.csproj]
C:\UserWorx\VSWorx\ServoStudio\wpfui-servoStudio\samples\Wpf.Ui.servoStudio\ViewModels\DeviceSet\DeviceAddViewModel.cs(691,27): warning IDE0055: 淇鏍煎紡 (https://learn.microsoft.com/dotnet/fundamentals/code-analysis/style-rules/ide0055) [C:\UserWorx\VSWorx\ServoStudio\wpfui-servoStudio\samples\Wpf.Ui.servoStudio\servoStudio.csproj]
C:\UserWorx\VSWorx\ServoStudio\wpfui-servoStudio\samples\Wpf.Ui.servoStudio\ViewModels\DeviceSet\DeviceAddViewModel.cs(691,34): warning IDE0055: 淇鏍煎紡 (https://learn.microsoft.com/dotnet/fundamentals/code-analysis/style-rules/ide0055) [C:\UserWorx\VSWorx\ServoStudio\wpfui-servoStudio\samples\Wpf.Ui.servoStudio\servoStudio.csproj]
C:\UserWorx\VSWorx\ServoStudio\wpfui-servoStudio\samples\Wpf.Ui.servoStudio\ViewModels\DeviceSet\DeviceAddViewModel.cs(701,18): warning IDE0055: 淇鏍煎紡 (https://learn.microsoft.com/dotnet/fundamentals/code-analysis/style-rules/ide0055) [C:\UserWorx\VSWorx\ServoStudio\wpfui-servoStudio\samples\Wpf.Ui.servoStudio\servoStudio.csproj]
C:\UserWorx\VSWorx\ServoStudio\wpfui-servoStudio\samples\Wpf.Ui.servoStudio\ViewModels\DeviceSet\DeviceAddViewModel.cs(701,27): warning IDE0055: 淇鏍煎紡 (https://learn.microsoft.com/dotnet/fundamentals/code-analysis/style-rules/ide0055) [C:\UserWorx\VSWorx\ServoStudio\wpfui-servoStudio\samples\Wpf.Ui.servoStudio\servoStudio.csproj]
C:\UserWorx\VSWorx\ServoStudio\wpfui-servoStudio\samples\Wpf.Ui.servoStudio\ViewModels\DeviceSet\DeviceAddViewModel.cs(701,34): warning IDE0055: 淇鏍煎紡 (https://learn.microsoft.com/dotnet/fundamentals/code-analysis/style-rules/ide0055) [C:\UserWorx\VSWorx\ServoStudio\wpfui-servoStudio\samples\Wpf.Ui.servoStudio\servoStudio.csproj]
C:\UserWorx\VSWorx\ServoStudio\wpfui-servoStudio\samples\Wpf.Ui.servoStudio\ViewModels\DeviceSet\DeviceAddViewModel.cs(710,18): warning IDE0055: 淇鏍煎紡 (https://learn.microsoft.com/dotnet/fundamentals/code-analysis/style-rules/ide0055) [C:\UserWorx\VSWorx\ServoStudio\wpfui-servoStudio\samples\Wpf.Ui.servoStudio\servoStudio.csproj]
C:\UserWorx\VSWorx\ServoStudio\wpfui-servoStudio\samples\Wpf.Ui.servoStudio\ViewModels\DeviceSet\DeviceAddViewModel.cs(710,27): warning IDE0055: 淇鏍煎紡 (https://learn.microsoft.com/dotnet/fundamentals/code-analysis/style-rules/ide0055) [C:\UserWorx\VSWorx\ServoStudio\wpfui-servoStudio\samples\Wpf.Ui.servoStudio\servoStudio.csproj]
C:\UserWorx\VSWorx\ServoStudio\wpfui-servoStudio\samples\Wpf.Ui.servoStudio\ViewModels\DeviceSet\DeviceAddViewModel.cs(710,34): warning IDE0055: 淇鏍煎紡 (https://learn.microsoft.com/dotnet/fundamentals/code-analysis/style-rules/ide0055) [C:\UserWorx\VSWorx\ServoStudio\wpfui-servoStudio\samples\Wpf.Ui.servoStudio\servoStudio.csproj]
C:\UserWorx\VSWorx\ServoStudio\wpfui-servoStudio\samples\Wpf.Ui.servoStudio\ViewModels\DeviceSet\DeviceAddViewModel.cs(713,53): warning IDE0055: 淇鏍煎紡 (https://learn.microsoft.com/dotnet/fundamentals/code-analysis/style-rules/ide0055) [C:\UserWorx\VSWorx\ServoStudio\wpfui-servoStudio\samples\Wpf.Ui.servoStudio\servoStudio.csproj]
C:\UserWorx\VSWorx\ServoStudio\wpfui-servoStudio\samples\Wpf.Ui.servoStudio\ViewModels\DeviceSet\DeviceAddViewModel.cs(735,82): warning IDE0055: 淇鏍煎紡 (https://learn.microsoft.com/dotnet/fundamentals/code-analysis/style-rules/ide0055) [C:\UserWorx\VSWorx\ServoStudio\wpfui-servoStudio\samples\Wpf.Ui.servoStudio\servoStudio.csproj]
C:\UserWorx\VSWorx\ServoStudio\wpfui-servoStudio\samples\Wpf.Ui.servoStudio\ViewModels\DeviceSet\DeviceAddViewModel.cs(736,94): warning IDE0055: 淇鏍煎紡 (https://learn.microsoft.com/dotnet/fundamentals/code-analysis/style-rules/ide0055) [C:\UserWorx\VSWorx\ServoStudio\wpfui-servoStudio\samples\Wpf.Ui.servoStudio\servoStudio.csproj]
C:\UserWorx\VSWorx\ServoStudio\wpfui-servoStudio\samples\Wpf.Ui.servoStudio\ViewModels\DeviceSet\DeviceAddViewModel.cs(947,32): warning IDE0055: 淇鏍煎紡 (https://learn.microsoft.com/dotnet/fundamentals/code-analysis/style-rules/ide0055) [C:\UserWorx\VSWorx\ServoStudio\wpfui-servoStudio\samples\Wpf.Ui.servoStudio\servoStudio.csproj]
C:\UserWorx\VSWorx\ServoStudio\wpfui-servoStudio\samples\Wpf.Ui.servoStudio\ViewModels\DeviceSet\DeviceAddViewModel.cs(958,56): warning IDE0055: 淇鏍煎紡 (https://learn.microsoft.com/dotnet/fundamentals/code-analysis/style-rules/ide0055) [C:\UserWorx\VSWorx\ServoStudio\wpfui-servoStudio\samples\Wpf.Ui.servoStudio\servoStudio.csproj]
C:\UserWorx\VSWorx\ServoStudio\wpfui-servoStudio\samples\Wpf.Ui.servoStudio\ViewModels\DeviceSet\DeviceAddViewModel.cs(958,58): warning IDE0055: 淇鏍煎紡 (https://learn.microsoft.com/dotnet/fundamentals/code-analysis/style-rules/ide0055) [C:\UserWorx\VSWorx\ServoStudio\wpfui-servoStudio\samples\Wpf.Ui.servoStudio\servoStudio.csproj]
C:\UserWorx\VSWorx\ServoStudio\wpfui-servoStudio\samples\Wpf.Ui.servoStudio\ViewModels\DeviceSet\DeviceAddViewModel.cs(958,79): warning IDE0055: 淇鏍煎紡 (https://learn.microsoft.com/dotnet/fundamentals/code-analysis/style-rules/ide0055) [C:\UserWorx\VSWorx\ServoStudio\wpfui-servoStudio\samples\Wpf.Ui.servoStudio\servoStudio.csproj]
C:\UserWorx\VSWorx\ServoStudio\wpfui-servoStudio\samples\Wpf.Ui.servoStudio\ViewModels\DeviceSet\DeviceAddViewModel.cs(958,100): warning IDE0055: 淇鏍煎紡 (https://learn.microsoft.com/dotnet/fundamentals/code-analysis/style-rules/ide0055) [C:\UserWorx\VSWorx\ServoStudio\wpfui-servoStudio\samples\Wpf.Ui.servoStudio\servoStudio.csproj]
C:\UserWorx\VSWorx\ServoStudio\wpfui-servoStudio\samples\Wpf.Ui.servoStudio\ViewModels\DeviceSet\DeviceAddViewModel.cs(960,55): warning IDE0055: 淇鏍煎紡 (https://learn.microsoft.com/dotnet/fundamentals/code-analysis/style-rules/ide0055) [C:\UserWorx\VSWorx\ServoStudio\wpfui-servoStudio\samples\Wpf.Ui.servoStudio\servoStudio.csproj]
C:\UserWorx\VSWorx\ServoStudio\wpfui-servoStudio\samples\Wpf.Ui.servoStudio\ViewModels\DeviceSet\DeviceAddViewModel.cs(960,57): warning IDE0055: 淇鏍煎紡 (https://learn.microsoft.com/dotnet/fundamentals/code-analysis/style-rules/ide0055) [C:\UserWorx\VSWorx\ServoStudio\wpfui-servoStudio\samples\Wpf.Ui.servoStudio\servoStudio.csproj]
C:\UserWorx\VSWorx\ServoStudio\wpfui-servoStudio\samples\Wpf.Ui.servoStudio\ViewModels\DeviceSet\DeviceAddViewModel.cs(960,78): warning IDE0055: 淇鏍煎紡 (https://learn.microsoft.com/dotnet/fundamentals/code-analysis/style-rules/ide0055) [C:\UserWorx\VSWorx\ServoStudio\wpfui-servoStudio\samples\Wpf.Ui.servoStudio\servoStudio.csproj]
C:\UserWorx\VSWorx\ServoStudio\wpfui-servoStudio\samples\Wpf.Ui.servoStudio\ViewModels\DeviceSet\DeviceAddViewModel.cs(960,99): warning IDE0055: 淇鏍煎紡 (https://learn.microsoft.com/dotnet/fundamentals/code-analysis/style-rules/ide0055) [C:\UserWorx\VSWorx\ServoStudio\wpfui-servoStudio\samples\Wpf.Ui.servoStudio\servoStudio.csproj]
C:\UserWorx\VSWorx\ServoStudio\wpfui-servoStudio\samples\Wpf.Ui.servoStudio\ViewModels\DeviceSet\DeviceAddViewModel.cs(962,57): warning IDE0055: 淇鏍煎紡 (https://learn.microsoft.com/dotnet/fundamentals/code-analysis/style-rules/ide0055) [C:\UserWorx\VSWorx\ServoStudio\wpfui-servoStudio\samples\Wpf.Ui.servoStudio\servoStudio.csproj]
C:\UserWorx\VSWorx\ServoStudio\wpfui-servoStudio\samples\Wpf.Ui.servoStudio\ViewModels\DeviceSet\DeviceAddViewModel.cs(962,59): warning IDE0055: 淇鏍煎紡 (https://learn.microsoft.com/dotnet/fundamentals/code-analysis/style-rules/ide0055) [C:\UserWorx\VSWorx\ServoStudio\wpfui-servoStudio\samples\Wpf.Ui.servoStudio\servoStudio.csproj]
C:\UserWorx\VSWorx\ServoStudio\wpfui-servoStudio\samples\Wpf.Ui.servoStudio\ViewModels\DeviceSet\DeviceAddViewModel.cs(962,80): warning IDE0055: 淇鏍煎紡 (https://learn.microsoft.com/dotnet/fundamentals/code-analysis/style-rules/ide0055) [C:\UserWorx\VSWorx\ServoStudio\wpfui-servoStudio\samples\Wpf.Ui.servoStudio\servoStudio.csproj]
C:\UserWorx\VSWorx\ServoStudio\wpfui-servoStudio\samples\Wpf.Ui.servoStudio\ViewModels\DeviceSet\DeviceAddViewModel.cs(962,101): warning IDE0055: 淇鏍煎紡 (https://learn.microsoft.com/dotnet/fundamentals/code-analysis/style-rules/ide0055) [C:\UserWorx\VSWorx\ServoStudio\wpfui-servoStudio\samples\Wpf.Ui.servoStudio\servoStudio.csproj]
C:\UserWorx\VSWorx\ServoStudio\wpfui-servoStudio\samples\Wpf.Ui.servoStudio\ViewModels\DeviceSet\DeviceAddViewModel.cs(964,63): warning IDE0055: 淇鏍煎紡 (https://learn.microsoft.com/dotnet/fundamentals/code-analysis/style-rules/ide0055) [C:\UserWorx\VSWorx\ServoStudio\wpfui-servoStudio\samples\Wpf.Ui.servoStudio\servoStudio.csproj]
C:\UserWorx\VSWorx\ServoStudio\wpfui-servoStudio\samples\Wpf.Ui.servoStudio\ViewModels\DeviceSet\DeviceAddViewModel.cs(964,65): warning IDE0055: 淇鏍煎紡 (https://learn.microsoft.com/dotnet/fundamentals/code-analysis/style-rules/ide0055) [C:\UserWorx\VSWorx\ServoStudio\wpfui-servoStudio\samples\Wpf.Ui.servoStudio\servoStudio.csproj]
C:\UserWorx\VSWorx\ServoStudio\wpfui-servoStudio\samples\Wpf.Ui.servoStudio\ViewModels\DeviceSet\DeviceAddViewModel.cs(964,86): warning IDE0055: 淇鏍煎紡 (https://learn.microsoft.com/dotnet/fundamentals/code-analysis/style-rules/ide0055) [C:\UserWorx\VSWorx\ServoStudio\wpfui-servoStudio\samples\Wpf.Ui.servoStudio\servoStudio.csproj]
C:\UserWorx\VSWorx\ServoStudio\wpfui-servoStudio\samples\Wpf.Ui.servoStudio\ViewModels\DeviceSet\DeviceAddViewModel.cs(964,107): warning IDE0055: 淇鏍煎紡 (https://learn.microsoft.com/dotnet/fundamentals/code-analysis/style-rules/ide0055) [C:\UserWorx\VSWorx\ServoStudio\wpfui-servoStudio\samples\Wpf.Ui.servoStudio\servoStudio.csproj]
C:\UserWorx\VSWorx\ServoStudio\wpfui-servoStudio\samples\Wpf.Ui.servoStudio\ViewModels\DeviceSet\DeviceAddViewModel.cs(983,45): warning IDE0055: 淇鏍煎紡 (https://learn.microsoft.com/dotnet/fundamentals/code-analysis/style-rules/ide0055) [C:\UserWorx\VSWorx\ServoStudio\wpfui-servoStudio\samples\Wpf.Ui.servoStudio\servoStudio.csproj]
C:\UserWorx\VSWorx\ServoStudio\wpfui-servoStudio\samples\Wpf.Ui.servoStudio\ViewModels\DeviceSet\DeviceAddViewModel.cs(988,26): warning IDE0055: 淇鏍煎紡 (https://learn.microsoft.com/dotnet/fundamentals/code-analysis/style-rules/ide0055) [C:\UserWorx\VSWorx\ServoStudio\wpfui-servoStudio\samples\Wpf.Ui.servoStudio\servoStudio.csproj]
C:\UserWorx\VSWorx\ServoStudio\wpfui-servoStudio\samples\Wpf.Ui.servoStudio\ViewModels\DeviceSet\DeviceAddViewModel.cs(999,29): warning IDE0055: 淇鏍煎紡 (https://learn.microsoft.com/dotnet/fundamentals/code-analysis/style-rules/ide0055) [C:\UserWorx\VSWorx\ServoStudio\wpfui-servoStudio\samples\Wpf.Ui.servoStudio\servoStudio.csproj]
C:\UserWorx\VSWorx\ServoStudio\wpfui-servoStudio\samples\Wpf.Ui.servoStudio\ViewModels\DeviceSet\DeviceAddViewModel.cs(1036,38): warning IDE0055: 淇鏍煎紡 (https://learn.microsoft.com/dotnet/fundamentals/code-analysis/style-rules/ide0055) [C:\UserWorx\VSWorx\ServoStudio\wpfui-servoStudio\samples\Wpf.Ui.servoStudio\servoStudio.csproj]
C:\UserWorx\VSWorx\ServoStudio\wpfui-servoStudio\samples\Wpf.Ui.servoStudio\ViewModels\DeviceSet\DeviceAddViewModel.cs(1046,29): warning IDE0055: 淇鏍煎紡 (https://learn.microsoft.com/dotnet/fundamentals/code-analysis/style-rules/ide0055) [C:\UserWorx\VSWorx\ServoStudio\wpfui-servoStudio\samples\Wpf.Ui.servoStudio\servoStudio.csproj]
C:\UserWorx\VSWorx\ServoStudio\wpfui-servoStudio\samples\Wpf.Ui.servoStudio\ViewModels\DeviceSet\DeviceAddViewModel.cs(1050,45): warning IDE0055: 淇鏍煎紡 (https://learn.microsoft.com/dotnet/fundamentals/code-analysis/style-rules/ide0055) [C:\UserWorx\VSWorx\ServoStudio\wpfui-servoStudio\samples\Wpf.Ui.servoStudio\servoStudio.csproj]
C:\UserWorx\VSWorx\ServoStudio\wpfui-servoStudio\samples\Wpf.Ui.servoStudio\ViewModels\DeviceSet\DeviceAddViewModel.cs(1067,16): warning IDE0055: 淇鏍煎紡 (https://learn.microsoft.com/dotnet/fundamentals/code-analysis/style-rules/ide0055) [C:\UserWorx\VSWorx\ServoStudio\wpfui-servoStudio\samples\Wpf.Ui.servoStudio\servoStudio.csproj]
C:\UserWorx\VSWorx\ServoStudio\wpfui-servoStudio\samples\Wpf.Ui.servoStudio\ViewModels\DeviceSet\DeviceAddViewModel.cs(1067,18): warning IDE0055: 淇鏍煎紡 (https://learn.microsoft.com/dotnet/fundamentals/code-analysis/style-rules/ide0055) [C:\UserWorx\VSWorx\ServoStudio\wpfui-servoStudio\samples\Wpf.Ui.servoStudio\servoStudio.csproj]
C:\UserWorx\VSWorx\ServoStudio\wpfui-servoStudio\samples\Wpf.Ui.servoStudio\ViewModels\DeviceSet\DeviceAddViewModel.cs(1067,41): warning IDE0055: 淇鏍煎紡 (https://learn.microsoft.com/dotnet/fundamentals/code-analysis/style-rules/ide0055) [C:\UserWorx\VSWorx\ServoStudio\wpfui-servoStudio\samples\Wpf.Ui.servoStudio\servoStudio.csproj]
C:\UserWorx\VSWorx\ServoStudio\wpfui-servoStudio\samples\Wpf.Ui.servoStudio\ViewModels\DeviceSet\DeviceAddViewModel.cs(1067,43): warning IDE0055: 淇鏍煎紡 (https://learn.microsoft.com/dotnet/fundamentals/code-analysis/style-rules/ide0055) [C:\UserWorx\VSWorx\ServoStudio\wpfui-servoStudio\samples\Wpf.Ui.servoStudio\servoStudio.csproj]
C:\UserWorx\VSWorx\ServoStudio\wpfui-servoStudio\samples\Wpf.Ui.servoStudio\ViewModels\DeviceSet\DeviceAddViewModel.cs(1075,20): warning IDE0055: 淇鏍煎紡 (https://learn.microsoft.com/dotnet/fundamentals/code-analysis/style-rules/ide0055) [C:\UserWorx\VSWorx\ServoStudio\wpfui-servoStudio\samples\Wpf.Ui.servoStudio\servoStudio.csproj]
C:\UserWorx\VSWorx\ServoStudio\wpfui-servoStudio\samples\Wpf.Ui.servoStudio\ViewModels\DeviceSet\DeviceAddViewModel.cs(1075,22): warning IDE0055: 淇鏍煎紡 (https://learn.microsoft.com/dotnet/fundamentals/code-analysis/style-rules/ide0055) [C:\UserWorx\VSWorx\ServoStudio\wpfui-servoStudio\samples\Wpf.Ui.servoStudio\servoStudio.csproj]
C:\UserWorx\VSWorx\ServoStudio\wpfui-servoStudio\samples\Wpf.Ui.servoStudio\ViewModels\DeviceSet\DeviceAddViewModel.cs(1075,44): warning IDE0055: 淇鏍煎紡 (https://learn.microsoft.com/dotnet/fundamentals/code-analysis/style-rules/ide0055) [C:\UserWorx\VSWorx\ServoStudio\wpfui-servoStudio\samples\Wpf.Ui.servoStudio\servoStudio.csproj]
C:\UserWorx\VSWorx\ServoStudio\wpfui-servoStudio\samples\Wpf.Ui.servoStudio\ViewModels\DeviceSet\DeviceAddViewModel.cs(1075,46): warning IDE0055: 淇鏍煎紡 (https://learn.microsoft.com/dotnet/fundamentals/code-analysis/style-rules/ide0055) [C:\UserWorx\VSWorx\ServoStudio\wpfui-servoStudio\samples\Wpf.Ui.servoStudio\servoStudio.csproj]
C:\UserWorx\VSWorx\ServoStudio\wpfui-servoStudio\samples\Wpf.Ui.servoStudio\ViewModels\DeviceSet\DeviceAddViewModel.cs(1093,16): warning IDE0055: 淇鏍煎紡 (https://learn.microsoft.com/dotnet/fundamentals/code-analysis/style-rules/ide0055) [C:\UserWorx\VSWorx\ServoStudio\wpfui-servoStudio\samples\Wpf.Ui.servoStudio\servoStudio.csproj]
C:\UserWorx\VSWorx\ServoStudio\wpfui-servoStudio\samples\Wpf.Ui.servoStudio\ViewModels\DeviceSet\DeviceAddViewModel.cs(1093,18): warning IDE0055: 淇鏍煎紡 (https://learn.microsoft.com/dotnet/fundamentals/code-analysis/style-rules/ide0055) [C:\UserWorx\VSWorx\ServoStudio\wpfui-servoStudio\samples\Wpf.Ui.servoStudio\servoStudio.csproj]
C:\UserWorx\VSWorx\ServoStudio\wpfui-servoStudio\samples\Wpf.Ui.servoStudio\ViewModels\DeviceSet\DeviceAddViewModel.cs(1093,41): warning IDE0055: 淇鏍煎紡 (https://learn.microsoft.com/dotnet/fundamentals/code-analysis/style-rules/ide0055) [C:\UserWorx\VSWorx\ServoStudio\wpfui-servoStudio\samples\Wpf.Ui.servoStudio\servoStudio.csproj]
C:\UserWorx\VSWorx\ServoStudio\wpfui-servoStudio\samples\Wpf.Ui.servoStudio\ViewModels\DeviceSet\DeviceAddViewModel.cs(1093,43): warning IDE0055: 淇鏍煎紡 (https://learn.microsoft.com/dotnet/fundamentals/code-analysis/style-rules/ide0055) [C:\UserWorx\VSWorx\ServoStudio\wpfui-servoStudio\samples\Wpf.Ui.servoStudio\servoStudio.csproj]
C:\UserWorx\VSWorx\ServoStudio\wpfui-servoStudio\samples\Wpf.Ui.servoStudio\ViewModels\DeviceSet\DeviceAddViewModel.cs(1107,12): warning IDE0055: 淇鏍煎紡 (https://learn.microsoft.com/dotnet/fundamentals/code-analysis/style-rules/ide0055) [C:\UserWorx\VSWorx\ServoStudio\wpfui-servoStudio\samples\Wpf.Ui.servoStudio\servoStudio.csproj]
C:\UserWorx\VSWorx\ServoStudio\wpfui-servoStudio\samples\Wpf.Ui.servoStudio\ViewModels\DeviceSet\DeviceAddViewModel.cs(1107,14): warning IDE0055: 淇鏍煎紡 (https://learn.microsoft.com/dotnet/fundamentals/code-analysis/style-rules/ide0055) [C:\UserWorx\VSWorx\ServoStudio\wpfui-servoStudio\samples\Wpf.Ui.servoStudio\servoStudio.csproj]
C:\UserWorx\VSWorx\ServoStudio\wpfui-servoStudio\samples\Wpf.Ui.servoStudio\ViewModels\DeviceSet\DeviceAddViewModel.cs(1107,34): warning IDE0055: 淇鏍煎紡 (https://learn.microsoft.com/dotnet/fundamentals/code-analysis/style-rules/ide0055) [C:\UserWorx\VSWorx\ServoStudio\wpfui-servoStudio\samples\Wpf.Ui.servoStudio\servoStudio.csproj]
C:\UserWorx\VSWorx\ServoStudio\wpfui-servoStudio\samples\Wpf.Ui.servoStudio\ViewModels\DeviceSet\DeviceAddViewModel.cs(1107,36): warning IDE0055: 淇鏍煎紡 (https://learn.microsoft.com/dotnet/fundamentals/code-analysis/style-rules/ide0055) [C:\UserWorx\VSWorx\ServoStudio\wpfui-servoStudio\samples\Wpf.Ui.servoStudio\servoStudio.csproj]
C:\UserWorx\VSWorx\ServoStudio\wpfui-servoStudio\samples\Wpf.Ui.servoStudio\ViewModels\DeviceSet\DeviceAddViewModel.cs(1108,12): warning IDE0055: 淇鏍煎紡 (https://learn.microsoft.com/dotnet/fundamentals/code-analysis/style-rules/ide0055) [C:\UserWorx\VSWorx\ServoStudio\wpfui-servoStudio\samples\Wpf.Ui.servoStudio\servoStudio.csproj]
C:\UserWorx\VSWorx\ServoStudio\wpfui-servoStudio\samples\Wpf.Ui.servoStudio\ViewModels\DeviceSet\DeviceAddViewModel.cs(1108,14): warning IDE0055: 淇鏍煎紡 (https://learn.microsoft.com/dotnet/fundamentals/code-analysis/style-rules/ide0055) [C:\UserWorx\VSWorx\ServoStudio\wpfui-servoStudio\samples\Wpf.Ui.servoStudio\servoStudio.csproj]
C:\UserWorx\VSWorx\ServoStudio\wpfui-servoStudio\samples\Wpf.Ui.servoStudio\ViewModels\DeviceSet\DeviceAddViewModel.cs(1108,37): warning IDE0055: 淇鏍煎紡 (https://learn.microsoft.com/dotnet/fundamentals/code-analysis/style-rules/ide0055) [C:\UserWorx\VSWorx\ServoStudio\wpfui-servoStudio\samples\Wpf.Ui.servoStudio\servoStudio.csproj]
C:\UserWorx\VSWorx\ServoStudio\wpfui-servoStudio\samples\Wpf.Ui.servoStudio\ViewModels\DeviceSet\DeviceAddViewModel.cs(1108,39): warning IDE0055: 淇鏍煎紡 (https://learn.microsoft.com/dotnet/fundamentals/code-analysis/style-rules/ide0055) [C:\UserWorx\VSWorx\ServoStudio\wpfui-servoStudio\samples\Wpf.Ui.servoStudio\servoStudio.csproj]
C:\UserWorx\VSWorx\ServoStudio\wpfui-servoStudio\samples\Wpf.Ui.servoStudio\ViewModels\DeviceSet\DeviceAddViewModel.cs(1539,32): warning IDE0055: 淇鏍煎紡 (https://learn.microsoft.com/dotnet/fundamentals/code-analysis/style-rules/ide0055) [C:\UserWorx\VSWorx\ServoStudio\wpfui-servoStudio\samples\Wpf.Ui.servoStudio\servoStudio.csproj]
C:\UserWorx\VSWorx\ServoStudio\wpfui-servoStudio\samples\Wpf.Ui.servoStudio\ViewModels\DeviceSet\DeviceAddViewModel.cs(1555,12): warning IDE0055: 淇鏍煎紡 (https://learn.microsoft.com/dotnet/fundamentals/code-analysis/style-rules/ide0055) [C:\UserWorx\VSWorx\ServoStudio\wpfui-servoStudio\samples\Wpf.Ui.servoStudio\servoStudio.csproj]
C:\UserWorx\VSWorx\ServoStudio\wpfui-servoStudio\samples\Wpf.Ui.servoStudio\ViewModels\DeviceSet\DeviceAddViewModel.cs(1555,14): warning IDE0055: 淇鏍煎紡 (https://learn.microsoft.com/dotnet/fundamentals/code-analysis/style-rules/ide0055) [C:\UserWorx\VSWorx\ServoStudio\wpfui-servoStudio\samples\Wpf.Ui.servoStudio\servoStudio.csproj]
C:\UserWorx\VSWorx\ServoStudio\wpfui-servoStudio\samples\Wpf.Ui.servoStudio\ViewModels\DeviceSet\DeviceAddViewModel.cs(1555,29): warning IDE0055: 淇鏍煎紡 (https://learn.microsoft.com/dotnet/fundamentals/code-analysis/style-rules/ide0055) [C:\UserWorx\VSWorx\ServoStudio\wpfui-servoStudio\samples\Wpf.Ui.servoStudio\servoStudio.csproj]
C:\UserWorx\VSWorx\ServoStudio\wpfui-servoStudio\samples\Wpf.Ui.servoStudio\ViewModels\DeviceSet\DeviceAddViewModel.cs(1555,31): warning IDE0055: 淇鏍煎紡 (https://learn.microsoft.com/dotnet/fundamentals/code-analysis/style-rules/ide0055) [C:\UserWorx\VSWorx\ServoStudio\wpfui-servoStudio\samples\Wpf.Ui.servoStudio\servoStudio.csproj]
C:\UserWorx\VSWorx\ServoStudio\wpfui-servoStudio\samples\Wpf.Ui.servoStudio\ViewModels\DeviceSet\DeviceAddViewModel.cs(1556,12): warning IDE0055: 淇鏍煎紡 (https://learn.microsoft.com/dotnet/fundamentals/code-analysis/style-rules/ide0055) [C:\UserWorx\VSWorx\ServoStudio\wpfui-servoStudio\samples\Wpf.Ui.servoStudio\servoStudio.csproj]
C:\UserWorx\VSWorx\ServoStudio\wpfui-servoStudio\samples\Wpf.Ui.servoStudio\ViewModels\DeviceSet\DeviceAddViewModel.cs(1556,14): warning IDE0055: 淇鏍煎紡 (https://learn.microsoft.com/dotnet/fundamentals/code-analysis/style-rules/ide0055) [C:\UserWorx\VSWorx\ServoStudio\wpfui-servoStudio\samples\Wpf.Ui.servoStudio\servoStudio.csproj]
C:\UserWorx\VSWorx\ServoStudio\wpfui-servoStudio\samples\Wpf.Ui.servoStudio\ViewModels\DeviceSet\DeviceAddViewModel.cs(1556,30): warning IDE0055: 淇鏍煎紡 (https://learn.microsoft.com/dotnet/fundamentals/code-analysis/style-rules/ide0055) [C:\UserWorx\VSWorx\ServoStudio\wpfui-servoStudio\samples\Wpf.Ui.servoStudio\servoStudio.csproj]
C:\UserWorx\VSWorx\ServoStudio\wpfui-servoStudio\samples\Wpf.Ui.servoStudio\ViewModels\DeviceSet\DeviceAddViewModel.cs(1556,32): warning IDE0055: 淇鏍煎紡 (https://learn.microsoft.com/dotnet/fundamentals/code-analysis/style-rules/ide0055) [C:\UserWorx\VSWorx\ServoStudio\wpfui-servoStudio\samples\Wpf.Ui.servoStudio\servoStudio.csproj]
C:\UserWorx\VSWorx\ServoStudio\wpfui-servoStudio\samples\Wpf.Ui.servoStudio\ViewModels\DeviceSet\DeviceAddViewModel.cs(1566,83): warning IDE0055: 淇鏍煎紡 (https://learn.microsoft.com/dotnet/fundamentals/code-analysis/style-rules/ide0055) [C:\UserWorx\VSWorx\ServoStudio\wpfui-servoStudio\samples\Wpf.Ui.servoStudio\servoStudio.csproj]
C:\UserWorx\VSWorx\ServoStudio\wpfui-servoStudio\samples\Wpf.Ui.servoStudio\ViewModels\DeviceSet\DeviceAddViewModel.cs(1579,32): warning IDE0055: 淇鏍煎紡 (https://learn.microsoft.com/dotnet/fundamentals/code-analysis/style-rules/ide0055) [C:\UserWorx\VSWorx\ServoStudio\wpfui-servoStudio\samples\Wpf.Ui.servoStudio\servoStudio.csproj]
C:\UserWorx\VSWorx\ServoStudio\wpfui-servoStudio\samples\Wpf.Ui.servoStudio\ViewModels\DeviceSet\DeviceAddViewModel.cs(1664,12): warning IDE0055: 淇鏍煎紡 (https://learn.microsoft.com/dotnet/fundamentals/code-analysis/style-rules/ide0055) [C:\UserWorx\VSWorx\ServoStudio\wpfui-servoStudio\samples\Wpf.Ui.servoStudio\servoStudio.csproj]
C:\UserWorx\VSWorx\ServoStudio\wpfui-servoStudio\samples\Wpf.Ui.servoStudio\ViewModels\DeviceSet\DeviceAddViewModel.cs(1664,14): warning IDE0055: 淇鏍煎紡 (https://learn.microsoft.com/dotnet/fundamentals/code-analysis/style-rules/ide0055) [C:\UserWorx\VSWorx\ServoStudio\wpfui-servoStudio\samples\Wpf.Ui.servoStudio\servoStudio.csproj]
C:\UserWorx\VSWorx\ServoStudio\wpfui-servoStudio\samples\Wpf.Ui.servoStudio\ViewModels\DeviceSet\DeviceAddViewModel.cs(1664,29): warning IDE0055: 淇鏍煎紡 (https://learn.microsoft.com/dotnet/fundamentals/code-analysis/style-rules/ide0055) [C:\UserWorx\VSWorx\ServoStudio\wpfui-servoStudio\samples\Wpf.Ui.servoStudio\servoStudio.csproj]
C:\UserWorx\VSWorx\ServoStudio\wpfui-servoStudio\samples\Wpf.Ui.servoStudio\ViewModels\DeviceSet\DeviceAddViewModel.cs(1664,31): warning IDE0055: 淇鏍煎紡 (https://learn.microsoft.com/dotnet/fundamentals/code-analysis/style-rules/ide0055) [C:\UserWorx\VSWorx\ServoStudio\wpfui-servoStudio\samples\Wpf.Ui.servoStudio\servoStudio.csproj]
C:\UserWorx\VSWorx\ServoStudio\wpfui-servoStudio\samples\Wpf.Ui.servoStudio\ViewModels\DeviceSet\DeviceAddViewModel.cs(1665,12): warning IDE0055: 淇鏍煎紡 (https://learn.microsoft.com/dotnet/fundamentals/code-analysis/style-rules/ide0055) [C:\UserWorx\VSWorx\ServoStudio\wpfui-servoStudio\samples\Wpf.Ui.servoStudio\servoStudio.csproj]
C:\UserWorx\VSWorx\ServoStudio\wpfui-servoStudio\samples\Wpf.Ui.servoStudio\ViewModels\DeviceSet\DeviceAddViewModel.cs(1665,14): warning IDE0055: 淇鏍煎紡 (https://learn.microsoft.com/dotnet/fundamentals/code-analysis/style-rules/ide0055) [C:\UserWorx\VSWorx\ServoStudio\wpfui-servoStudio\samples\Wpf.Ui.servoStudio\servoStudio.csproj]
C:\UserWorx\VSWorx\ServoStudio\wpfui-servoStudio\samples\Wpf.Ui.servoStudio\ViewModels\DeviceSet\DeviceAddViewModel.cs(1665,30): warning IDE0055: 淇鏍煎紡 (https://learn.microsoft.com/dotnet/fundamentals/code-analysis/style-rules/ide0055) [C:\UserWorx\VSWorx\ServoStudio\wpfui-servoStudio\samples\Wpf.Ui.servoStudio\servoStudio.csproj]
C:\UserWorx\VSWorx\ServoStudio\wpfui-servoStudio\samples\Wpf.Ui.servoStudio\ViewModels\DeviceSet\DeviceAddViewModel.cs(1665,32): warning IDE0055: 淇鏍煎紡 (https://learn.microsoft.com/dotnet/fundamentals/code-analysis/style-rules/ide0055) [C:\UserWorx\VSWorx\ServoStudio\wpfui-servoStudio\samples\Wpf.Ui.servoStudio\servoStudio.csproj]
C:\UserWorx\VSWorx\ServoStudio\wpfui-servoStudio\samples\Wpf.Ui.servoStudio\ViewModels\DeviceSet\DeviceAddViewModel.cs(1675,84): warning IDE0055: 淇鏍煎紡 (https://learn.microsoft.com/dotnet/fundamentals/code-analysis/style-rules/ide0055) [C:\UserWorx\VSWorx\ServoStudio\wpfui-servoStudio\samples\Wpf.Ui.servoStudio\servoStudio.csproj]
C:\UserWorx\VSWorx\ServoStudio\wpfui-servoStudio\samples\Wpf.Ui.servoStudio\ViewModels\DeviceSet\DeviceAddViewModel.cs(1688,33): warning IDE0055: 淇鏍煎紡 (https://learn.microsoft.com/dotnet/fundamentals/code-analysis/style-rules/ide0055) [C:\UserWorx\VSWorx\ServoStudio\wpfui-servoStudio\samples\Wpf.Ui.servoStudio\servoStudio.csproj]
C:\UserWorx\VSWorx\ServoStudio\wpfui-servoStudio\samples\Wpf.Ui.servoStudio\ViewModels\DeviceSet\DeviceAddViewModel.cs(1756,16): warning IDE0055: 淇鏍煎紡 (https://learn.microsoft.com/dotnet/fundamentals/code-analysis/style-rules/ide0055) [C:\UserWorx\VSWorx\ServoStudio\wpfui-servoStudio\samples\Wpf.Ui.servoStudio\servoStudio.csproj]
C:\UserWorx\VSWorx\ServoStudio\wpfui-servoStudio\samples\Wpf.Ui.servoStudio\ViewModels\DeviceSet\DeviceAddViewModel.cs(1756,18): warning IDE0055: 淇鏍煎紡 (https://learn.microsoft.com/dotnet/fundamentals/code-analysis/style-rules/ide0055) [C:\UserWorx\VSWorx\ServoStudio\wpfui-servoStudio\samples\Wpf.Ui.servoStudio\servoStudio.csproj]
C:\UserWorx\VSWorx\ServoStudio\wpfui-servoStudio\samples\Wpf.Ui.servoStudio\ViewModels\DeviceSet\DeviceAddViewModel.cs(1756,33): warning IDE0055: 淇鏍煎紡 (https://learn.microsoft.com/dotnet/fundamentals/code-analysis/style-rules/ide0055) [C:\UserWorx\VSWorx\ServoStudio\wpfui-servoStudio\samples\Wpf.Ui.servoStudio\servoStudio.csproj]
C:\UserWorx\VSWorx\ServoStudio\wpfui-servoStudio\samples\Wpf.Ui.servoStudio\ViewModels\DeviceSet\DeviceAddViewModel.cs(1756,35): warning IDE0055: 淇鏍煎紡 (https://learn.microsoft.com/dotnet/fundamentals/code-analysis/style-rules/ide0055) [C:\UserWorx\VSWorx\ServoStudio\wpfui-servoStudio\samples\Wpf.Ui.servoStudio\servoStudio.csproj]
C:\UserWorx\VSWorx\ServoStudio\wpfui-servoStudio\samples\Wpf.Ui.servoStudio\ViewModels\DeviceSet\DeviceAddViewModel.cs(1955,16): warning IDE0055: 淇鏍煎紡 (https://learn.microsoft.com/dotnet/fundamentals/code-analysis/style-rules/ide0055) [C:\UserWorx\VSWorx\ServoStudio\wpfui-servoStudio\samples\Wpf.Ui.servoStudio\servoStudio.csproj]
C:\UserWorx\VSWorx\ServoStudio\wpfui-servoStudio\samples\Wpf.Ui.servoStudio\ViewModels\DeviceSet\DeviceAddViewModel.cs(1955,18): warning IDE0055: 淇鏍煎紡 (https://learn.microsoft.com/dotnet/fundamentals/code-analysis/style-rules/ide0055) [C:\UserWorx\VSWorx\ServoStudio\wpfui-servoStudio\samples\Wpf.Ui.servoStudio\servoStudio.csproj]
C:\UserWorx\VSWorx\ServoStudio\wpfui-servoStudio\samples\Wpf.Ui.servoStudio\ViewModels\DeviceSet\DeviceAddViewModel.cs(1955,41): warning IDE0055: 淇鏍煎紡 (https://learn.microsoft.com/dotnet/fundamentals/code-analysis/style-rules/ide0055) [C:\UserWorx\VSWorx\ServoStudio\wpfui-servoStudio\samples\Wpf.Ui.servoStudio\servoStudio.csproj]
C:\UserWorx\VSWorx\ServoStudio\wpfui-servoStudio\samples\Wpf.Ui.servoStudio\ViewModels\DeviceSet\DeviceAddViewModel.cs(1955,43): warning IDE0055: 淇鏍煎紡 (https://learn.microsoft.com/dotnet/fundamentals/code-analysis/style-rules/ide0055) [C:\UserWorx\VSWorx\ServoStudio\wpfui-servoStudio\samples\Wpf.Ui.servoStudio\servoStudio.csproj]
C:\UserWorx\VSWorx\ServoStudio\wpfui-servoStudio\samples\Wpf.Ui.servoStudio\ViewModels\DeviceSet\DeviceAddViewModel.cs(2065,41): warning IDE0055: 淇鏍煎紡 (https://learn.microsoft.com/dotnet/fundamentals/code-analysis/style-rules/ide0055) [C:\UserWorx\VSWorx\ServoStudio\wpfui-servoStudio\samples\Wpf.Ui.servoStudio\servoStudio.csproj]
C:\UserWorx\VSWorx\ServoStudio\wpfui-servoStudio\samples\Wpf.Ui.servoStudio\ViewModels\DeviceSet\DeviceAddViewModel.cs(2066,40): warning IDE0055: 淇鏍煎紡 (https://learn.microsoft.com/dotnet/fundamentals/code-analysis/style-rules/ide0055) [C:\UserWorx\VSWorx\ServoStudio\wpfui-servoStudio\samples\Wpf.Ui.servoStudio\servoStudio.csproj]
C:\UserWorx\VSWorx\ServoStudio\wpfui-servoStudio\samples\Wpf.Ui.servoStudio\ViewModels\DeviceSet\DeviceAddViewModel.cs(2080,33): warning IDE0055: 淇鏍煎紡 (https://learn.microsoft.com/dotnet/fundamentals/code-analysis/style-rules/ide0055) [C:\UserWorx\VSWorx\ServoStudio\wpfui-servoStudio\samples\Wpf.Ui.servoStudio\servoStudio.csproj]
C:\UserWorx\VSWorx\ServoStudio\wpfui-servoStudio\samples\Wpf.Ui.servoStudio\ViewModels\DeviceSet\DeviceAddViewModel.cs(2201,12): warning IDE0055: 淇鏍煎紡 (https://learn.microsoft.com/dotnet/fundamentals/code-analysis/style-rules/ide0055) [C:\UserWorx\VSWorx\ServoStudio\wpfui-servoStudio\samples\Wpf.Ui.servoStudio\servoStudio.csproj]
C:\UserWorx\VSWorx\ServoStudio\wpfui-servoStudio\samples\Wpf.Ui.servoStudio\ViewModels\DeviceSet\DeviceAddViewModel.cs(2201,14): warning IDE0055: 淇鏍煎紡 (https://learn.microsoft.com/dotnet/fundamentals/code-analysis/style-rules/ide0055) [C:\UserWorx\VSWorx\ServoStudio\wpfui-servoStudio\samples\Wpf.Ui.servoStudio\servoStudio.csproj]
C:\UserWorx\VSWorx\ServoStudio\wpfui-servoStudio\samples\Wpf.Ui.servoStudio\ViewModels\DeviceSet\DeviceAddViewModel.cs(2201,41): warning IDE0055: 淇鏍煎紡 (https://learn.microsoft.com/dotnet/fundamentals/code-analysis/style-rules/ide0055) [C:\UserWorx\VSWorx\ServoStudio\wpfui-servoStudio\samples\Wpf.Ui.servoStudio\servoStudio.csproj]
C:\UserWorx\VSWorx\ServoStudio\wpfui-servoStudio\samples\Wpf.Ui.servoStudio\ViewModels\DeviceSet\DeviceAddViewModel.cs(2201,43): warning IDE0055: 淇鏍煎紡 (https://learn.microsoft.com/dotnet/fundamentals/code-analysis/style-rules/ide0055) [C:\UserWorx\VSWorx\ServoStudio\wpfui-servoStudio\samples\Wpf.Ui.servoStudio\servoStudio.csproj]
C:\UserWorx\VSWorx\ServoStudio\wpfui-servoStudio\samples\Wpf.Ui.servoStudio\ViewModels\DeviceSet\DeviceAddViewModel.cs(2448,12): warning IDE0055: 淇鏍煎紡 (https://learn.microsoft.com/dotnet/fundamentals/code-analysis/style-rules/ide0055) [C:\UserWorx\VSWorx\ServoStudio\wpfui-servoStudio\samples\Wpf.Ui.servoStudio\servoStudio.csproj]
C:\UserWorx\VSWorx\ServoStudio\wpfui-servoStudio\samples\Wpf.Ui.servoStudio\ViewModels\DeviceSet\DeviceAddViewModel.cs(2448,14): warning IDE0055: 淇鏍煎紡 (https://learn.microsoft.com/dotnet/fundamentals/code-analysis/style-rules/ide0055) [C:\UserWorx\VSWorx\ServoStudio\wpfui-servoStudio\samples\Wpf.Ui.servoStudio\servoStudio.csproj]
C:\UserWorx\VSWorx\ServoStudio\wpfui-servoStudio\samples\Wpf.Ui.servoStudio\ViewModels\DeviceSet\DeviceAddViewModel.cs(2448,37): warning IDE0055: 淇鏍煎紡 (https://learn.microsoft.com/dotnet/fundamentals/code-analysis/style-rules/ide0055) [C:\UserWorx\VSWorx\ServoStudio\wpfui-servoStudio\samples\Wpf.Ui.servoStudio\servoStudio.csproj]
C:\UserWorx\VSWorx\ServoStudio\wpfui-servoStudio\samples\Wpf.Ui.servoStudio\ViewModels\DeviceSet\DeviceAddViewModel.cs(2448,39): warning IDE0055: 淇鏍煎紡 (https://learn.microsoft.com/dotnet/fundamentals/code-analysis/style-rules/ide0055) [C:\UserWorx\VSWorx\ServoStudio\wpfui-servoStudio\samples\Wpf.Ui.servoStudio\servoStudio.csproj]
C:\UserWorx\VSWorx\ServoStudio\wpfui-servoStudio\samples\Wpf.Ui.servoStudio\ViewModels\DeviceSet\DeviceAddViewModel.cs(2449,12): warning IDE0055: 淇鏍煎紡 (https://learn.microsoft.com/dotnet/fundamentals/code-analysis/style-rules/ide0055) [C:\UserWorx\VSWorx\ServoStudio\wpfui-servoStudio\samples\Wpf.Ui.servoStudio\servoStudio.csproj]
C:\UserWorx\VSWorx\ServoStudio\wpfui-servoStudio\samples\Wpf.Ui.servoStudio\ViewModels\DeviceSet\DeviceAddViewModel.cs(2449,14): warning IDE0055: 淇鏍煎紡 (https://learn.microsoft.com/dotnet/fundamentals/code-analysis/style-rules/ide0055) [C:\UserWorx\VSWorx\ServoStudio\wpfui-servoStudio\samples\Wpf.Ui.servoStudio\servoStudio.csproj]
C:\UserWorx\VSWorx\ServoStudio\wpfui-servoStudio\samples\Wpf.Ui.servoStudio\ViewModels\DeviceSet\DeviceAddViewModel.cs(2449,38): warning IDE0055: 淇鏍煎紡 (https://learn.microsoft.com/dotnet/fundamentals/code-analysis/style-rules/ide0055) [C:\UserWorx\VSWorx\ServoStudio\wpfui-servoStudio\samples\Wpf.Ui.servoStudio\servoStudio.csproj]
C:\UserWorx\VSWorx\ServoStudio\wpfui-servoStudio\samples\Wpf.Ui.servoStudio\ViewModels\DeviceSet\DeviceAddViewModel.cs(2449,40): warning IDE0055: 淇鏍煎紡 (https://learn.microsoft.com/dotnet/fundamentals/code-analysis/style-rules/ide0055) [C:\UserWorx\VSWorx\ServoStudio\wpfui-servoStudio\samples\Wpf.Ui.servoStudio\servoStudio.csproj]
C:\UserWorx\VSWorx\ServoStudio\wpfui-servoStudio\samples\Wpf.Ui.servoStudio\ViewModels\DeviceSet\DeviceAddViewModel.cs(2450,12): warning IDE0055: 淇鏍煎紡 (https://learn.microsoft.com/dotnet/fundamentals/code-analysis/style-rules/ide0055) [C:\UserWorx\VSWorx\ServoStudio\wpfui-servoStudio\samples\Wpf.Ui.servoStudio\servoStudio.csproj]
C:\UserWorx\VSWorx\ServoStudio\wpfui-servoStudio\samples\Wpf.Ui.servoStudio\ViewModels\DeviceSet\DeviceAddViewModel.cs(2450,14): warning IDE0055: 淇鏍煎紡 (https://learn.microsoft.com/dotnet/fundamentals/code-analysis/style-rules/ide0055) [C:\UserWorx\VSWorx\ServoStudio\wpfui-servoStudio\samples\Wpf.Ui.servoStudio\servoStudio.csproj]
C:\UserWorx\VSWorx\ServoStudio\wpfui-servoStudio\samples\Wpf.Ui.servoStudio\ViewModels\DeviceSet\DeviceAddViewModel.cs(2450,40): warning IDE0055: 淇鏍煎紡 (https://learn.microsoft.com/dotnet/fundamentals/code-analysis/style-rules/ide0055) [C:\UserWorx\VSWorx\ServoStudio\wpfui-servoStudio\samples\Wpf.Ui.servoStudio\servoStudio.csproj]
C:\UserWorx\VSWorx\ServoStudio\wpfui-servoStudio\samples\Wpf.Ui.servoStudio\ViewModels\DeviceSet\DeviceAddViewModel.cs(2450,42): warning IDE0055: 淇鏍煎紡 (https://learn.microsoft.com/dotnet/fundamentals/code-analysis/style-rules/ide0055) [C:\UserWorx\VSWorx\ServoStudio\wpfui-servoStudio\samples\Wpf.Ui.servoStudio\servoStudio.csproj]
C:\UserWorx\VSWorx\ServoStudio\wpfui-servoStudio\samples\Wpf.Ui.servoStudio\ViewModels\DeviceSet\DeviceAddViewModel.cs(2451,12): warning IDE0055: 淇鏍煎紡 (https://learn.microsoft.com/dotnet/fundamentals/code-analysis/style-rules/ide0055) [C:\UserWorx\VSWorx\ServoStudio\wpfui-servoStudio\samples\Wpf.Ui.servoStudio\servoStudio.csproj]
C:\UserWorx\VSWorx\ServoStudio\wpfui-servoStudio\samples\Wpf.Ui.servoStudio\ViewModels\DeviceSet\DeviceAddViewModel.cs(2451,14): warning IDE0055: 淇鏍煎紡 (https://learn.microsoft.com/dotnet/fundamentals/code-analysis/style-rules/ide0055) [C:\UserWorx\VSWorx\ServoStudio\wpfui-servoStudio\samples\Wpf.Ui.servoStudio\servoStudio.csproj]
C:\UserWorx\VSWorx\ServoStudio\wpfui-servoStudio\samples\Wpf.Ui.servoStudio\ViewModels\DeviceSet\DeviceAddViewModel.cs(2451,39): warning IDE0055: 淇鏍煎紡 (https://learn.microsoft.com/dotnet/fundamentals/code-analysis/style-rules/ide0055) [C:\UserWorx\VSWorx\ServoStudio\wpfui-servoStudio\samples\Wpf.Ui.servoStudio\servoStudio.csproj]
C:\UserWorx\VSWorx\ServoStudio\wpfui-servoStudio\samples\Wpf.Ui.servoStudio\ViewModels\DeviceSet\DeviceAddViewModel.cs(2451,41): warning IDE0055: 淇鏍煎紡 (https://learn.microsoft.com/dotnet/fundamentals/code-analysis/style-rules/ide0055) [C:\UserWorx\VSWorx\ServoStudio\wpfui-servoStudio\samples\Wpf.Ui.servoStudio\servoStudio.csproj]
C:\UserWorx\VSWorx\ServoStudio\wpfui-servoStudio\samples\Wpf.Ui.servoStudio\ViewModels\DeviceSet\DeviceAddViewModel.cs(2452,12): warning IDE0055: 淇鏍煎紡 (https://learn.microsoft.com/dotnet/fundamentals/code-analysis/style-rules/ide0055) [C:\UserWorx\VSWorx\ServoStudio\wpfui-servoStudio\samples\Wpf.Ui.servoStudio\servoStudio.csproj]
C:\UserWorx\VSWorx\ServoStudio\wpfui-servoStudio\samples\Wpf.Ui.servoStudio\ViewModels\DeviceSet\DeviceAddViewModel.cs(2452,14): warning IDE0055: 淇鏍煎紡 (https://learn.microsoft.com/dotnet/fundamentals/code-analysis/style-rules/ide0055) [C:\UserWorx\VSWorx\ServoStudio\wpfui-servoStudio\samples\Wpf.Ui.servoStudio\servoStudio.csproj]
C:\UserWorx\VSWorx\ServoStudio\wpfui-servoStudio\samples\Wpf.Ui.servoStudio\ViewModels\DeviceSet\DeviceAddViewModel.cs(2452,36): warning IDE0055: 淇鏍煎紡 (https://learn.microsoft.com/dotnet/fundamentals/code-analysis/style-rules/ide0055) [C:\UserWorx\VSWorx\ServoStudio\wpfui-servoStudio\samples\Wpf.Ui.servoStudio\servoStudio.csproj]
C:\UserWorx\VSWorx\ServoStudio\wpfui-servoStudio\samples\Wpf.Ui.servoStudio\ViewModels\DeviceSet\DeviceAddViewModel.cs(2452,38): warning IDE0055: 淇鏍煎紡 (https://learn.microsoft.com/dotnet/fundamentals/code-analysis/style-rules/ide0055) [C:\UserWorx\VSWorx\ServoStudio\wpfui-servoStudio\samples\Wpf.Ui.servoStudio\servoStudio.csproj]
C:\UserWorx\VSWorx\ServoStudio\wpfui-servoStudio\samples\Wpf.Ui.servoStudio\ViewModels\DeviceSet\DeviceAddViewModel.cs(2453,12): warning IDE0055: 淇鏍煎紡 (https://learn.microsoft.com/dotnet/fundamentals/code-analysis/style-rules/ide0055) [C:\UserWorx\VSWorx\ServoStudio\wpfui-servoStudio\samples\Wpf.Ui.servoStudio\servoStudio.csproj]
C:\UserWorx\VSWorx\ServoStudio\wpfui-servoStudio\samples\Wpf.Ui.servoStudio\ViewModels\DeviceSet\DeviceAddViewModel.cs(2453,14): warning IDE0055: 淇鏍煎紡 (https://learn.microsoft.com/dotnet/fundamentals/code-analysis/style-rules/ide0055) [C:\UserWorx\VSWorx\ServoStudio\wpfui-servoStudio\samples\Wpf.Ui.servoStudio\servoStudio.csproj]
C:\UserWorx\VSWorx\ServoStudio\wpfui-servoStudio\samples\Wpf.Ui.servoStudio\ViewModels\DeviceSet\DeviceAddViewModel.cs(2453,39): warning IDE0055: 淇鏍煎紡 (https://learn.microsoft.com/dotnet/fundamentals/code-analysis/style-rules/ide0055) [C:\UserWorx\VSWorx\ServoStudio\wpfui-servoStudio\samples\Wpf.Ui.servoStudio\servoStudio.csproj]
C:\UserWorx\VSWorx\ServoStudio\wpfui-servoStudio\samples\Wpf.Ui.servoStudio\ViewModels\DeviceSet\DeviceAddViewModel.cs(2453,41): warning IDE0055: 淇鏍煎紡 (https://learn.microsoft.com/dotnet/fundamentals/code-analysis/style-rules/ide0055) [C:\UserWorx\VSWorx\ServoStudio\wpfui-servoStudio\samples\Wpf.Ui.servoStudio\servoStudio.csproj]
C:\UserWorx\VSWorx\ServoStudio\wpfui-servoStudio\samples\Wpf.Ui.servoStudio\ViewModels\DeviceSet\DeviceAddViewModel.cs(2454,12): warning IDE0055: 淇鏍煎紡 (https://learn.microsoft.com/dotnet/fundamentals/code-analysis/style-rules/ide0055) [C:\UserWorx\VSWorx\ServoStudio\wpfui-servoStudio\samples\Wpf.Ui.servoStudio\servoStudio.csproj]
C:\UserWorx\VSWorx\ServoStudio\wpfui-servoStudio\samples\Wpf.Ui.servoStudio\ViewModels\DeviceSet\DeviceAddViewModel.cs(2454,14): warning IDE0055: 淇鏍煎紡 (https://learn.microsoft.com/dotnet/fundamentals/code-analysis/style-rules/ide0055) [C:\UserWorx\VSWorx\ServoStudio\wpfui-servoStudio\samples\Wpf.Ui.servoStudio\servoStudio.csproj]
C:\UserWorx\VSWorx\ServoStudio\wpfui-servoStudio\samples\Wpf.Ui.servoStudio\ViewModels\DeviceSet\DeviceAddViewModel.cs(2454,32): warning IDE0055: 淇鏍煎紡 (https://learn.microsoft.com/dotnet/fundamentals/code-analysis/style-rules/ide0055) [C:\UserWorx\VSWorx\ServoStudio\wpfui-servoStudio\samples\Wpf.Ui.servoStudio\servoStudio.csproj]
C:\UserWorx\VSWorx\ServoStudio\wpfui-servoStudio\samples\Wpf.Ui.servoStudio\ViewModels\DeviceSet\DeviceAddViewModel.cs(2454,34): warning IDE0055: 淇鏍煎紡 (https://learn.microsoft.com/dotnet/fundamentals/code-analysis/style-rules/ide0055) [C:\UserWorx\VSWorx\ServoStudio\wpfui-servoStudio\samples\Wpf.Ui.servoStudio\servoStudio.csproj]
C:\UserWorx\VSWorx\ServoStudio\wpfui-servoStudio\samples\Wpf.Ui.servoStudio\ViewModels\DeviceSet\DeviceAddViewModel.cs(2455,12): warning IDE0055: 淇鏍煎紡 (https://learn.microsoft.com/dotnet/fundamentals/code-analysis/style-rules/ide0055) [C:\UserWorx\VSWorx\ServoStudio\wpfui-servoStudio\samples\Wpf.Ui.servoStudio\servoStudio.csproj]
C:\UserWorx\VSWorx\ServoStudio\wpfui-servoStudio\samples\Wpf.Ui.servoStudio\ViewModels\DeviceSet\DeviceAddViewModel.cs(2455,14): warning IDE0055: 淇鏍煎紡 (https://learn.microsoft.com/dotnet/fundamentals/code-analysis/style-rules/ide0055) [C:\UserWorx\VSWorx\ServoStudio\wpfui-servoStudio\samples\Wpf.Ui.servoStudio\servoStudio.csproj]
C:\UserWorx\VSWorx\ServoStudio\wpfui-servoStudio\samples\Wpf.Ui.servoStudio\ViewModels\DeviceSet\DeviceAddViewModel.cs(2455,37): warning IDE0055: 淇鏍煎紡 (https://learn.microsoft.com/dotnet/fundamentals/code-analysis/style-rules/ide0055) [C:\UserWorx\VSWorx\ServoStudio\wpfui-servoStudio\samples\Wpf.Ui.servoStudio\servoStudio.csproj]
C:\UserWorx\VSWorx\ServoStudio\wpfui-servoStudio\samples\Wpf.Ui.servoStudio\ViewModels\DeviceSet\DeviceAddViewModel.cs(2455,39): warning IDE0055: 淇鏍煎紡 (https://learn.microsoft.com/dotnet/fundamentals/code-analysis/style-rules/ide0055) [C:\UserWorx\VSWorx\ServoStudio\wpfui-servoStudio\samples\Wpf.Ui.servoStudio\servoStudio.csproj]
C:\UserWorx\VSWorx\ServoStudio\wpfui-servoStudio\samples\Wpf.Ui.servoStudio\ViewModels\DeviceSet\DeviceAddViewModel.cs(2456,12): warning IDE0055: 淇鏍煎紡 (https://learn.microsoft.com/dotnet/fundamentals/code-analysis/style-rules/ide0055) [C:\UserWorx\VSWorx\ServoStudio\wpfui-servoStudio\samples\Wpf.Ui.servoStudio\servoStudio.csproj]
C:\UserWorx\VSWorx\ServoStudio\wpfui-servoStudio\samples\Wpf.Ui.servoStudio\ViewModels\DeviceSet\DeviceAddViewModel.cs(2456,14): warning IDE0055: 淇鏍煎紡 (https://learn.microsoft.com/dotnet/fundamentals/code-analysis/style-rules/ide0055) [C:\UserWorx\VSWorx\ServoStudio\wpfui-servoStudio\samples\Wpf.Ui.servoStudio\servoStudio.csproj]
C:\UserWorx\VSWorx\ServoStudio\wpfui-servoStudio\samples\Wpf.Ui.servoStudio\ViewModels\DeviceSet\DeviceAddViewModel.cs(2456,36): warning IDE0055: 淇鏍煎紡 (https://learn.microsoft.com/dotnet/fundamentals/code-analysis/style-rules/ide0055) [C:\UserWorx\VSWorx\ServoStudio\wpfui-servoStudio\samples\Wpf.Ui.servoStudio\servoStudio.csproj]
C:\UserWorx\VSWorx\ServoStudio\wpfui-servoStudio\samples\Wpf.Ui.servoStudio\ViewModels\DeviceSet\DeviceAddViewModel.cs(2456,38): warning IDE0055: 淇鏍煎紡 (https://learn.microsoft.com/dotnet/fundamentals/code-analysis/style-rules/ide0055) [C:\UserWorx\VSWorx\ServoStudio\wpfui-servoStudio\samples\Wpf.Ui.servoStudio\servoStudio.csproj]
C:\UserWorx\VSWorx\ServoStudio\wpfui-servoStudio\samples\Wpf.Ui.servoStudio\Core\CANopen\CanOpenMaster.cs(546,9): warning IDE0058: 姘歌繙涓嶄細浣跨敤琛ㄨ揪寮忓€?(https://learn.microsoft.com/dotnet/fundamentals/code-analysis/style-rules/ide0058) [C:\UserWorx\VSWorx\ServoStudio\wpfui-servoStudio\samples\Wpf.Ui.servoStudio\servoStudio.csproj]
C:\UserWorx\VSWorx\ServoStudio\wpfui-servoStudio\samples\Wpf.Ui.servoStudio\ViewModels\DeviceSet\DeviceAddViewModel.cs(693,9): warning IDE2003: 鍧椾笌鍚庣画璇彞涔嬮棿闇€瑕佹湁绌虹櫧琛?(https://learn.microsoft.com/dotnet/fundamentals/code-analysis/style-rules/ide2003) [C:\UserWorx\VSWorx\ServoStudio\wpfui-servoStudio\samples\Wpf.Ui.servoStudio\servoStudio.csproj]
C:\UserWorx\VSWorx\ServoStudio\wpfui-servoStudio\samples\Wpf.Ui.servoStudio\ViewModels\DeviceSet\DeviceAddViewModel.cs(703,9): warning IDE2003: 鍧椾笌鍚庣画璇彞涔嬮棿闇€瑕佹湁绌虹櫧琛?(https://learn.microsoft.com/dotnet/fundamentals/code-analysis/style-rules/ide2003) [C:\UserWorx\VSWorx\ServoStudio\wpfui-servoStudio\samples\Wpf.Ui.servoStudio\servoStudio.csproj]
C:\UserWorx\VSWorx\ServoStudio\wpfui-servoStudio\samples\Wpf.Ui.servoStudio\ViewModels\DeviceSet\DeviceAddViewModel.cs(712,9): warning IDE2003: 鍧椾笌鍚庣画璇彞涔嬮棿闇€瑕佹湁绌虹櫧琛?(https://learn.microsoft.com/dotnet/fundamentals/code-analysis/style-rules/ide2003) [C:\UserWorx\VSWorx\ServoStudio\wpfui-servoStudio\samples\Wpf.Ui.servoStudio\servoStudio.csproj]
C:\UserWorx\VSWorx\ServoStudio\wpfui-servoStudio\samples\Wpf.Ui.servoStudio\ViewModels\DeviceSet\DeviceAddViewModel.cs(953,9): warning IDE2003: 鍧椾笌鍚庣画璇彞涔嬮棿闇€瑕佹湁绌虹櫧琛?(https://learn.microsoft.com/dotnet/fundamentals/code-analysis/style-rules/ide2003) [C:\UserWorx\VSWorx\ServoStudio\wpfui-servoStudio\samples\Wpf.Ui.servoStudio\servoStudio.csproj]
C:\UserWorx\VSWorx\ServoStudio\wpfui-servoStudio\samples\Wpf.Ui.servoStudio\ViewModels\DeviceSet\DeviceAddViewModel.cs(998,9): warning IDE2003: 鍧椾笌鍚庣画璇彞涔嬮棿闇€瑕佹湁绌虹櫧琛?(https://learn.microsoft.com/dotnet/fundamentals/code-analysis/style-rules/ide2003) [C:\UserWorx\VSWorx\ServoStudio\wpfui-servoStudio\samples\Wpf.Ui.servoStudio\servoStudio.csproj]
C:\UserWorx\VSWorx\ServoStudio\wpfui-servoStudio\samples\Wpf.Ui.servoStudio\ViewModels\DeviceSet\DeviceAddViewModel.cs(1049,9): warning IDE2003: 鍧椾笌鍚庣画璇彞涔嬮棿闇€瑕佹湁绌虹櫧琛?(https://learn.microsoft.com/dotnet/fundamentals/code-analysis/style-rules/ide2003) [C:\UserWorx\VSWorx\ServoStudio\wpfui-servoStudio\samples\Wpf.Ui.servoStudio\servoStudio.csproj]
C:\UserWorx\VSWorx\ServoStudio\wpfui-servoStudio\samples\Wpf.Ui.servoStudio\Core\CANopen\CanOpenMaster.cs(581,13): warning IDE0058: 姘歌繙涓嶄細浣跨敤琛ㄨ揪寮忓€?(https://learn.microsoft.com/dotnet/fundamentals/code-analysis/style-rules/ide0058) [C:\UserWorx\VSWorx\ServoStudio\wpfui-servoStudio\samples\Wpf.Ui.servoStudio\servoStudio.csproj]
C:\UserWorx\VSWorx\ServoStudio\wpfui-servoStudio\samples\Wpf.Ui.servoStudio\ViewModels\DeviceSet\DeviceAddViewModel.cs(1067,65): warning IDE2003: 鍧椾笌鍚庣画璇彞涔嬮棿闇€瑕佹湁绌虹櫧琛?(https://learn.microsoft.com/dotnet/fundamentals/code-analysis/style-rules/ide2003) [C:\UserWorx\VSWorx\ServoStudio\wpfui-servoStudio\samples\Wpf.Ui.servoStudio\servoStudio.csproj]
C:\UserWorx\VSWorx\ServoStudio\wpfui-servoStudio\samples\Wpf.Ui.servoStudio\ViewModels\DeviceSet\DeviceAddViewModel.cs(1075,68): warning IDE2003: 鍧椾笌鍚庣画璇彞涔嬮棿闇€瑕佹湁绌虹櫧琛?(https://learn.microsoft.com/dotnet/fundamentals/code-analysis/style-rules/ide2003) [C:\UserWorx\VSWorx\ServoStudio\wpfui-servoStudio\samples\Wpf.Ui.servoStudio\servoStudio.csproj]
C:\UserWorx\VSWorx\ServoStudio\wpfui-servoStudio\samples\Wpf.Ui.servoStudio\ViewModels\DeviceSet\DeviceAddViewModel.cs(1093,65): warning IDE2003: 鍧椾笌鍚庣画璇彞涔嬮棿闇€瑕佹湁绌虹櫧琛?(https://learn.microsoft.com/dotnet/fundamentals/code-analysis/style-rules/ide2003) [C:\UserWorx\VSWorx\ServoStudio\wpfui-servoStudio\samples\Wpf.Ui.servoStudio\servoStudio.csproj]
C:\UserWorx\VSWorx\ServoStudio\wpfui-servoStudio\samples\Wpf.Ui.servoStudio\ViewModels\DeviceSet\DeviceAddViewModel.cs(1107,58): warning IDE2003: 鍧椾笌鍚庣画璇彞涔嬮棿闇€瑕佹湁绌虹櫧琛?(https://learn.microsoft.com/dotnet/fundamentals/code-analysis/style-rules/ide2003) [C:\UserWorx\VSWorx\ServoStudio\wpfui-servoStudio\samples\Wpf.Ui.servoStudio\servoStudio.csproj]
C:\UserWorx\VSWorx\ServoStudio\wpfui-servoStudio\samples\Wpf.Ui.servoStudio\ViewModels\DeviceSet\DeviceAddViewModel.cs(1108,61): warning IDE2003: 鍧椾笌鍚庣画璇彞涔嬮棿闇€瑕佹湁绌虹櫧琛?(https://learn.microsoft.com/dotnet/fundamentals/code-analysis/style-rules/ide2003) [C:\UserWorx\VSWorx\ServoStudio\wpfui-servoStudio\samples\Wpf.Ui.servoStudio\servoStudio.csproj]
C:\UserWorx\VSWorx\ServoStudio\wpfui-servoStudio\samples\Wpf.Ui.servoStudio\ViewModels\DeviceSet\DeviceAddViewModel.cs(1555,53): warning IDE2003: 鍧椾笌鍚庣画璇彞涔嬮棿闇€瑕佹湁绌虹櫧琛?(https://learn.microsoft.com/dotnet/fundamentals/code-analysis/style-rules/ide2003) [C:\UserWorx\VSWorx\ServoStudio\wpfui-servoStudio\samples\Wpf.Ui.servoStudio\servoStudio.csproj]
C:\UserWorx\VSWorx\ServoStudio\wpfui-servoStudio\samples\Wpf.Ui.servoStudio\ViewModels\DeviceSet\DeviceAddViewModel.cs(1633,13): warning IDE2003: 鍧椾笌鍚庣画璇彞涔嬮棿闇€瑕佹湁绌虹櫧琛?(https://learn.microsoft.com/dotnet/fundamentals/code-analysis/style-rules/ide2003) [C:\UserWorx\VSWorx\ServoStudio\wpfui-servoStudio\samples\Wpf.Ui.servoStudio\servoStudio.csproj]
C:\UserWorx\VSWorx\ServoStudio\wpfui-servoStudio\samples\Wpf.Ui.servoStudio\ViewModels\DeviceSet\DeviceAddViewModel.cs(1664,53): warning IDE2003: 鍧椾笌鍚庣画璇彞涔嬮棿闇€瑕佹湁绌虹櫧琛?(https://learn.microsoft.com/dotnet/fundamentals/code-analysis/style-rules/ide2003) [C:\UserWorx\VSWorx\ServoStudio\wpfui-servoStudio\samples\Wpf.Ui.servoStudio\servoStudio.csproj]
C:\UserWorx\VSWorx\ServoStudio\wpfui-servoStudio\samples\Wpf.Ui.servoStudio\ViewModels\DeviceSet\DeviceAddViewModel.cs(1749,13): warning IDE2003: 鍧椾笌鍚庣画璇彞涔嬮棿闇€瑕佹湁绌虹櫧琛?(https://learn.microsoft.com/dotnet/fundamentals/code-analysis/style-rules/ide2003) [C:\UserWorx\VSWorx\ServoStudio\wpfui-servoStudio\samples\Wpf.Ui.servoStudio\servoStudio.csproj]
C:\UserWorx\VSWorx\ServoStudio\wpfui-servoStudio\samples\Wpf.Ui.servoStudio\ViewModels\DeviceSet\DeviceAddViewModel.cs(1756,57): warning IDE2003: 鍧椾笌鍚庣画璇彞涔嬮棿闇€瑕佹湁绌虹櫧琛?(https://learn.microsoft.com/dotnet/fundamentals/code-analysis/style-rules/ide2003) [C:\UserWorx\VSWorx\ServoStudio\wpfui-servoStudio\samples\Wpf.Ui.servoStudio\servoStudio.csproj]
C:\UserWorx\VSWorx\ServoStudio\wpfui-servoStudio\samples\Wpf.Ui.servoStudio\ViewModels\DeviceSet\DeviceAddViewModel.cs(1955,65): warning IDE2003: 鍧椾笌鍚庣画璇彞涔嬮棿闇€瑕佹湁绌虹櫧琛?(https://learn.microsoft.com/dotnet/fundamentals/code-analysis/style-rules/ide2003) [C:\UserWorx\VSWorx\ServoStudio\wpfui-servoStudio\samples\Wpf.Ui.servoStudio\servoStudio.csproj]
C:\UserWorx\VSWorx\ServoStudio\wpfui-servoStudio\samples\Wpf.Ui.servoStudio\ViewModels\DeviceSet\DeviceAddViewModel.cs(2049,13): warning IDE2003: 鍧椾笌鍚庣画璇彞涔嬮棿闇€瑕佹湁绌虹櫧琛?(https://learn.microsoft.com/dotnet/fundamentals/code-analysis/style-rules/ide2003) [C:\UserWorx\VSWorx\ServoStudio\wpfui-servoStudio\samples\Wpf.Ui.servoStudio\servoStudio.csproj]
C:\UserWorx\VSWorx\ServoStudio\wpfui-servoStudio\samples\Wpf.Ui.servoStudio\ViewModels\DeviceSet\DeviceAddViewModel.cs(2140,13): warning IDE2003: 鍧椾笌鍚庣画璇彞涔嬮棿闇€瑕佹湁绌虹櫧琛?(https://learn.microsoft.com/dotnet/fundamentals/code-analysis/style-rules/ide2003) [C:\UserWorx\VSWorx\ServoStudio\wpfui-servoStudio\samples\Wpf.Ui.servoStudio\servoStudio.csproj]
C:\UserWorx\VSWorx\ServoStudio\wpfui-servoStudio\samples\Wpf.Ui.servoStudio\Helpers\EsiToSiiConverter.cs(65,9): warning IDE0011: 鍚?鈥渋f鈥?璇彞娣诲姞澶ф嫭鍙枫€?(https://learn.microsoft.com/dotnet/fundamentals/code-analysis/style-rules/ide0011) [C:\UserWorx\VSWorx\ServoStudio\wpfui-servoStudio\samples\Wpf.Ui.servoStudio\servoStudio.csproj]
C:\UserWorx\VSWorx\ServoStudio\wpfui-servoStudio\samples\Wpf.Ui.servoStudio\Helpers\EsiToSiiConverter.cs(67,9): warning IDE0011: 鍚?鈥渋f鈥?璇彞娣诲姞澶ф嫭鍙枫€?(https://learn.microsoft.com/dotnet/fundamentals/code-analysis/style-rules/ide0011) [C:\UserWorx\VSWorx\ServoStudio\wpfui-servoStudio\samples\Wpf.Ui.servoStudio\servoStudio.csproj]
C:\UserWorx\VSWorx\ServoStudio\wpfui-servoStudio\samples\Wpf.Ui.servoStudio\Helpers\EsiToSiiConverter.cs(114,13): warning IDE0011: 鍚?鈥渋f鈥?璇彞娣诲姞澶ф嫭鍙枫€?(https://learn.microsoft.com/dotnet/fundamentals/code-analysis/style-rules/ide0011) [C:\UserWorx\VSWorx\ServoStudio\wpfui-servoStudio\samples\Wpf.Ui.servoStudio\servoStudio.csproj]
C:\UserWorx\VSWorx\ServoStudio\wpfui-servoStudio\samples\Wpf.Ui.servoStudio\Helpers\EsiToSiiConverter.cs(121,17): warning IDE0011: 鍚?鈥渋f鈥?璇彞娣诲姞澶ф嫭鍙枫€?(https://learn.microsoft.com/dotnet/fundamentals/code-analysis/style-rules/ide0011) [C:\UserWorx\VSWorx\ServoStudio\wpfui-servoStudio\samples\Wpf.Ui.servoStudio\servoStudio.csproj]
C:\UserWorx\VSWorx\ServoStudio\wpfui-servoStudio\samples\Wpf.Ui.servoStudio\Helpers\EsiToSiiConverter.cs(122,17): warning IDE0011: 鍚?鈥渋f鈥?璇彞娣诲姞澶ф嫭鍙枫€?(https://learn.microsoft.com/dotnet/fundamentals/code-analysis/style-rules/ide0011) [C:\UserWorx\VSWorx\ServoStudio\wpfui-servoStudio\samples\Wpf.Ui.servoStudio\servoStudio.csproj]
C:\UserWorx\VSWorx\ServoStudio\wpfui-servoStudio\samples\Wpf.Ui.servoStudio\Helpers\EsiToSiiConverter.cs(123,17): warning IDE0011: 鍚?鈥渋f鈥?璇彞娣诲姞澶ф嫭鍙枫€?(https://learn.microsoft.com/dotnet/fundamentals/code-analysis/style-rules/ide0011) [C:\UserWorx\VSWorx\ServoStudio\wpfui-servoStudio\samples\Wpf.Ui.servoStudio\servoStudio.csproj]
C:\UserWorx\VSWorx\ServoStudio\wpfui-servoStudio\samples\Wpf.Ui.servoStudio\Helpers\EsiToSiiConverter.cs(124,17): warning IDE0011: 鍚?鈥渋f鈥?璇彞娣诲姞澶ф嫭鍙枫€?(https://learn.microsoft.com/dotnet/fundamentals/code-analysis/style-rules/ide0011) [C:\UserWorx\VSWorx\ServoStudio\wpfui-servoStudio\samples\Wpf.Ui.servoStudio\servoStudio.csproj]
C:\UserWorx\VSWorx\ServoStudio\wpfui-servoStudio\samples\Wpf.Ui.servoStudio\Helpers\EsiToSiiConverter.cs(125,17): warning IDE0011: 鍚?鈥渋f鈥?璇彞娣诲姞澶ф嫭鍙枫€?(https://learn.microsoft.com/dotnet/fundamentals/code-analysis/style-rules/ide0011) [C:\UserWorx\VSWorx\ServoStudio\wpfui-servoStudio\samples\Wpf.Ui.servoStudio\servoStudio.csproj]
C:\UserWorx\VSWorx\ServoStudio\wpfui-servoStudio\samples\Wpf.Ui.servoStudio\Helpers\EsiToSiiConverter.cs(130,13): warning IDE0011: 鍚?鈥渋f鈥?璇彞娣诲姞澶ф嫭鍙枫€?(https://learn.microsoft.com/dotnet/fundamentals/code-analysis/style-rules/ide0011) [C:\UserWorx\VSWorx\ServoStudio\wpfui-servoStudio\samples\Wpf.Ui.servoStudio\servoStudio.csproj]
C:\UserWorx\VSWorx\ServoStudio\wpfui-servoStudio\samples\Wpf.Ui.servoStudio\Helpers\EsiToSiiConverter.cs(131,13): warning IDE0011: 鍚?鈥渋f鈥?璇彞娣诲姞澶ф嫭鍙枫€?(https://learn.microsoft.com/dotnet/fundamentals/code-analysis/style-rules/ide0011) [C:\UserWorx\VSWorx\ServoStudio\wpfui-servoStudio\samples\Wpf.Ui.servoStudio\servoStudio.csproj]
C:\UserWorx\VSWorx\ServoStudio\wpfui-servoStudio\samples\Wpf.Ui.servoStudio\ViewModels\DeviceSet\DeviceAddViewModel.cs(2448,61): warning IDE2003: 鍧椾笌鍚庣画璇彞涔嬮棿闇€瑕佹湁绌虹櫧琛?(https://learn.microsoft.com/dotnet/fundamentals/code-analysis/style-rules/ide2003) [C:\UserWorx\VSWorx\ServoStudio\wpfui-servoStudio\samples\Wpf.Ui.servoStudio\servoStudio.csproj]
C:\UserWorx\VSWorx\ServoStudio\wpfui-servoStudio\samples\Wpf.Ui.servoStudio\ViewModels\DeviceSet\DeviceAddViewModel.cs(2449,62): warning IDE2003: 鍧椾笌鍚庣画璇彞涔嬮棿闇€瑕佹湁绌虹櫧琛?(https://learn.microsoft.com/dotnet/fundamentals/code-analysis/style-rules/ide2003) [C:\UserWorx\VSWorx\ServoStudio\wpfui-servoStudio\samples\Wpf.Ui.servoStudio\servoStudio.csproj]
C:\UserWorx\VSWorx\ServoStudio\wpfui-servoStudio\samples\Wpf.Ui.servoStudio\Helpers\EsiToSiiConverter.cs(282,9): warning IDE0011: 鍚?鈥渋f鈥?璇彞娣诲姞澶ф嫭鍙枫€?(https://learn.microsoft.com/dotnet/fundamentals/code-analysis/style-rules/ide0011) [C:\UserWorx\VSWorx\ServoStudio\wpfui-servoStudio\samples\Wpf.Ui.servoStudio\servoStudio.csproj]
C:\UserWorx\VSWorx\ServoStudio\wpfui-servoStudio\samples\Wpf.Ui.servoStudio\ViewModels\DeviceSet\DeviceAddViewModel.cs(2450,64): warning IDE2003: 鍧椾笌鍚庣画璇彞涔嬮棿闇€瑕佹湁绌虹櫧琛?(https://learn.microsoft.com/dotnet/fundamentals/code-analysis/style-rules/ide2003) [C:\UserWorx\VSWorx\ServoStudio\wpfui-servoStudio\samples\Wpf.Ui.servoStudio\servoStudio.csproj]
C:\UserWorx\VSWorx\ServoStudio\wpfui-servoStudio\samples\Wpf.Ui.servoStudio\Helpers\EsiToSiiConverter.cs(287,9): warning IDE0011: 鍚?鈥渋f鈥?璇彞娣诲姞澶ф嫭鍙枫€?(https://learn.microsoft.com/dotnet/fundamentals/code-analysis/style-rules/ide0011) [C:\UserWorx\VSWorx\ServoStudio\wpfui-servoStudio\samples\Wpf.Ui.servoStudio\servoStudio.csproj]
C:\UserWorx\VSWorx\ServoStudio\wpfui-servoStudio\samples\Wpf.Ui.servoStudio\ViewModels\DeviceSet\DeviceAddViewModel.cs(2451,63): warning IDE2003: 鍧椾笌鍚庣画璇彞涔嬮棿闇€瑕佹湁绌虹櫧琛?(https://learn.microsoft.com/dotnet/fundamentals/code-analysis/style-rules/ide2003) [C:\UserWorx\VSWorx\ServoStudio\wpfui-servoStudio\samples\Wpf.Ui.servoStudio\servoStudio.csproj]
C:\UserWorx\VSWorx\ServoStudio\wpfui-servoStudio\samples\Wpf.Ui.servoStudio\ViewModels\DeviceSet\DeviceAddViewModel.cs(2452,60): warning IDE2003: 鍧椾笌鍚庣画璇彞涔嬮棿闇€瑕佹湁绌虹櫧琛?(https://learn.microsoft.com/dotnet/fundamentals/code-analysis/style-rules/ide2003) [C:\UserWorx\VSWorx\ServoStudio\wpfui-servoStudio\samples\Wpf.Ui.servoStudio\servoStudio.csproj]
C:\UserWorx\VSWorx\ServoStudio\wpfui-servoStudio\samples\Wpf.Ui.servoStudio\ViewModels\DeviceSet\DeviceAddViewModel.cs(2453,63): warning IDE2003: 鍧椾笌鍚庣画璇彞涔嬮棿闇€瑕佹湁绌虹櫧琛?(https://learn.microsoft.com/dotnet/fundamentals/code-analysis/style-rules/ide2003) [C:\UserWorx\VSWorx\ServoStudio\wpfui-servoStudio\samples\Wpf.Ui.servoStudio\servoStudio.csproj]
C:\UserWorx\VSWorx\ServoStudio\wpfui-servoStudio\samples\Wpf.Ui.servoStudio\ViewModels\DeviceSet\DeviceAddViewModel.cs(2454,56): warning IDE2003: 鍧椾笌鍚庣画璇彞涔嬮棿闇€瑕佹湁绌虹櫧琛?(https://learn.microsoft.com/dotnet/fundamentals/code-analysis/style-rules/ide2003) [C:\UserWorx\VSWorx\ServoStudio\wpfui-servoStudio\samples\Wpf.Ui.servoStudio\servoStudio.csproj]
C:\UserWorx\VSWorx\ServoStudio\wpfui-servoStudio\samples\Wpf.Ui.servoStudio\ViewModels\DeviceSet\DeviceAddViewModel.cs(2455,61): warning IDE2003: 鍧椾笌鍚庣画璇彞涔嬮棿闇€瑕佹湁绌虹櫧琛?(https://learn.microsoft.com/dotnet/fundamentals/code-analysis/style-rules/ide2003) [C:\UserWorx\VSWorx\ServoStudio\wpfui-servoStudio\samples\Wpf.Ui.servoStudio\servoStudio.csproj]
C:\UserWorx\VSWorx\ServoStudio\wpfui-servoStudio\samples\Wpf.Ui.servoStudio\ViewModels\DeviceSet\DeviceAddViewModel.cs(2456,60): warning IDE2003: 鍧椾笌鍚庣画璇彞涔嬮棿闇€瑕佹湁绌虹櫧琛?(https://learn.microsoft.com/dotnet/fundamentals/code-analysis/style-rules/ide2003) [C:\UserWorx\VSWorx\ServoStudio\wpfui-servoStudio\samples\Wpf.Ui.servoStudio\servoStudio.csproj]
C:\UserWorx\VSWorx\ServoStudio\wpfui-servoStudio\samples\Wpf.Ui.servoStudio\Helpers\EsiToSiiConverter.cs(317,9): warning IDE0011: 鍚?鈥渋f鈥?璇彞娣诲姞澶ф嫭鍙枫€?(https://learn.microsoft.com/dotnet/fundamentals/code-analysis/style-rules/ide0011) [C:\UserWorx\VSWorx\ServoStudio\wpfui-servoStudio\samples\Wpf.Ui.servoStudio\servoStudio.csproj]
C:\UserWorx\VSWorx\ServoStudio\wpfui-servoStudio\samples\Wpf.Ui.servoStudio\Helpers\EsiToSiiConverter.cs(319,9): warning IDE0011: 鍚?鈥渋f鈥?璇彞娣诲姞澶ф嫭鍙枫€?(https://learn.microsoft.com/dotnet/fundamentals/code-analysis/style-rules/ide0011) [C:\UserWorx\VSWorx\ServoStudio\wpfui-servoStudio\samples\Wpf.Ui.servoStudio\servoStudio.csproj]
C:\UserWorx\VSWorx\ServoStudio\wpfui-servoStudio\samples\Wpf.Ui.servoStudio\ViewModels\AppData\DataViewViewModel.cs(1150,15): warning IDE0008: 鐢ㄦ樉寮忕被鍨嬩唬鏇?"var" (https://learn.microsoft.com/dotnet/fundamentals/code-analysis/style-rules/ide0008) [C:\UserWorx\VSWorx\ServoStudio\wpfui-servoStudio\samples\Wpf.Ui.servoStudio\servoStudio.csproj]
C:\UserWorx\VSWorx\ServoStudio\wpfui-servoStudio\samples\Wpf.Ui.servoStudio\ViewModels\AppData\DataViewViewModel.cs(1153,9): warning IDE0008: 鐢ㄦ樉寮忕被鍨嬩唬鏇?"var" (https://learn.microsoft.com/dotnet/fundamentals/code-analysis/style-rules/ide0008) [C:\UserWorx\VSWorx\ServoStudio\wpfui-servoStudio\samples\Wpf.Ui.servoStudio\servoStudio.csproj]
C:\UserWorx\VSWorx\ServoStudio\wpfui-servoStudio\samples\Wpf.Ui.servoStudio\ViewModels\AppData\DataViewViewModel.cs(1157,9): warning IDE0008: 鐢ㄦ樉寮忕被鍨嬩唬鏇?"var" (https://learn.microsoft.com/dotnet/fundamentals/code-analysis/style-rules/ide0008) [C:\UserWorx\VSWorx\ServoStudio\wpfui-servoStudio\samples\Wpf.Ui.servoStudio\servoStudio.csproj]
C:\UserWorx\VSWorx\ServoStudio\wpfui-servoStudio\samples\Wpf.Ui.servoStudio\ViewModels\DeviceSet\ListViewModel.cs(18,40): warning IDE0055: 淇鏍煎紡 (https://learn.microsoft.com/dotnet/fundamentals/code-analysis/style-rules/ide0055) [C:\UserWorx\VSWorx\ServoStudio\wpfui-servoStudio\samples\Wpf.Ui.servoStudio\servoStudio.csproj]
C:\UserWorx\VSWorx\ServoStudio\wpfui-servoStudio\samples\Wpf.Ui.servoStudio\ViewModels\DeviceSet\ListViewModel.cs(18,42): warning IDE0055: 淇鏍煎紡 (https://learn.microsoft.com/dotnet/fundamentals/code-analysis/style-rules/ide0055) [C:\UserWorx\VSWorx\ServoStudio\wpfui-servoStudio\samples\Wpf.Ui.servoStudio\servoStudio.csproj]
C:\UserWorx\VSWorx\ServoStudio\wpfui-servoStudio\samples\Wpf.Ui.servoStudio\ViewModels\DeviceSet\ListViewModel.cs(18,47): warning IDE0055: 淇鏍煎紡 (https://learn.microsoft.com/dotnet/fundamentals/code-analysis/style-rules/ide0055) [C:\UserWorx\VSWorx\ServoStudio\wpfui-servoStudio\samples\Wpf.Ui.servoStudio\servoStudio.csproj]
C:\UserWorx\VSWorx\ServoStudio\wpfui-servoStudio\samples\Wpf.Ui.servoStudio\ViewModels\AppData\DataViewViewModel.cs(1169,26): warning IDE0008: 鐢ㄦ樉寮忕被鍨嬩唬鏇?"var" (https://learn.microsoft.com/dotnet/fundamentals/code-analysis/style-rules/ide0008) [C:\UserWorx\VSWorx\ServoStudio\wpfui-servoStudio\samples\Wpf.Ui.servoStudio\servoStudio.csproj]
C:\UserWorx\VSWorx\ServoStudio\wpfui-servoStudio\samples\Wpf.Ui.servoStudio\ViewModels\AppData\DataViewViewModel.cs(1188,22): warning IDE0008: 鐢ㄦ樉寮忕被鍨嬩唬鏇?"var" (https://learn.microsoft.com/dotnet/fundamentals/code-analysis/style-rules/ide0008) [C:\UserWorx\VSWorx\ServoStudio\wpfui-servoStudio\samples\Wpf.Ui.servoStudio\servoStudio.csproj]
C:\UserWorx\VSWorx\ServoStudio\wpfui-servoStudio\samples\Wpf.Ui.servoStudio\ViewModels\AppData\DataViewViewModel.cs(1208,9): warning IDE0008: 鐢ㄦ樉寮忕被鍨嬩唬鏇?"var" (https://learn.microsoft.com/dotnet/fundamentals/code-analysis/style-rules/ide0008) [C:\UserWorx\VSWorx\ServoStudio\wpfui-servoStudio\samples\Wpf.Ui.servoStudio\servoStudio.csproj]
C:\UserWorx\VSWorx\ServoStudio\wpfui-servoStudio\samples\Wpf.Ui.servoStudio\ViewModels\AppData\DataViewViewModel.cs(1224,19): warning IDE0008: 鐢ㄦ樉寮忕被鍨嬩唬鏇?"var" (https://learn.microsoft.com/dotnet/fundamentals/code-analysis/style-rules/ide0008) [C:\UserWorx\VSWorx\ServoStudio\wpfui-servoStudio\samples\Wpf.Ui.servoStudio\servoStudio.csproj]
C:\UserWorx\VSWorx\ServoStudio\wpfui-servoStudio\samples\Wpf.Ui.servoStudio\ViewModels\AppData\DataViewViewModel.cs(1225,22): warning IDE0008: 鐢ㄦ樉寮忕被鍨嬩唬鏇?"var" (https://learn.microsoft.com/dotnet/fundamentals/code-analysis/style-rules/ide0008) [C:\UserWorx\VSWorx\ServoStudio\wpfui-servoStudio\samples\Wpf.Ui.servoStudio\servoStudio.csproj]
C:\UserWorx\VSWorx\ServoStudio\wpfui-servoStudio\samples\Wpf.Ui.servoStudio\Views\Pages\FactoryPages\FrameFormatEditorPage.xaml.cs(67,9): warning IDE0011: 鍚?鈥渋f鈥?璇彞娣诲姞澶ф嫭鍙枫€?(https://learn.microsoft.com/dotnet/fundamentals/code-analysis/style-rules/ide0011) [C:\UserWorx\VSWorx\ServoStudio\wpfui-servoStudio\samples\Wpf.Ui.servoStudio\servoStudio.csproj]
C:\UserWorx\VSWorx\ServoStudio\wpfui-servoStudio\samples\Wpf.Ui.servoStudio\Models\HVariables.cs(77,13): warning IDE0011: 鍚?鈥渋f鈥?璇彞娣诲姞澶ф嫭鍙枫€?(https://learn.microsoft.com/dotnet/fundamentals/code-analysis/style-rules/ide0011) [C:\UserWorx\VSWorx\ServoStudio\wpfui-servoStudio\samples\Wpf.Ui.servoStudio\servoStudio.csproj]
C:\UserWorx\VSWorx\ServoStudio\wpfui-servoStudio\samples\Wpf.Ui.servoStudio\Models\HVariables.cs(80,13): warning IDE0011: 鍚?鈥渋f鈥?璇彞娣诲姞澶ф嫭鍙枫€?(https://learn.microsoft.com/dotnet/fundamentals/code-analysis/style-rules/ide0011) [C:\UserWorx\VSWorx\ServoStudio\wpfui-servoStudio\samples\Wpf.Ui.servoStudio\servoStudio.csproj]
C:\UserWorx\VSWorx\ServoStudio\wpfui-servoStudio\samples\Wpf.Ui.servoStudio\Views\Pages\FactoryPages\FrameFormatEditorPage.xaml.cs(73,9): warning IDE0011: 鍚?鈥渋f鈥?璇彞娣诲姞澶ф嫭鍙枫€?(https://learn.microsoft.com/dotnet/fundamentals/code-analysis/style-rules/ide0011) [C:\UserWorx\VSWorx\ServoStudio\wpfui-servoStudio\samples\Wpf.Ui.servoStudio\servoStudio.csproj]
C:\UserWorx\VSWorx\ServoStudio\wpfui-servoStudio\samples\Wpf.Ui.servoStudio\Helpers\EsiToSiiConverter.cs(339,9): warning IDE0011: 鍚?鈥渋f鈥?璇彞娣诲姞澶ф嫭鍙枫€?(https://learn.microsoft.com/dotnet/fundamentals/code-analysis/style-rules/ide0011) [C:\UserWorx\VSWorx\ServoStudio\wpfui-servoStudio\samples\Wpf.Ui.servoStudio\servoStudio.csproj]
C:\UserWorx\VSWorx\ServoStudio\wpfui-servoStudio\samples\Wpf.Ui.servoStudio\Helpers\EsiToSiiConverter.cs(343,9): warning IDE0011: 鍚?鈥渋f鈥?璇彞娣诲姞澶ф嫭鍙枫€?(https://learn.microsoft.com/dotnet/fundamentals/code-analysis/style-rules/ide0011) [C:\UserWorx\VSWorx\ServoStudio\wpfui-servoStudio\samples\Wpf.Ui.servoStudio\servoStudio.csproj]
C:\UserWorx\VSWorx\ServoStudio\wpfui-servoStudio\samples\Wpf.Ui.servoStudio\Helpers\EsiToSiiConverter.cs(345,9): warning IDE0011: 鍚?鈥渋f鈥?璇彞娣诲姞澶ф嫭鍙枫€?(https://learn.microsoft.com/dotnet/fundamentals/code-analysis/style-rules/ide0011) [C:\UserWorx\VSWorx\ServoStudio\wpfui-servoStudio\samples\Wpf.Ui.servoStudio\servoStudio.csproj]
C:\UserWorx\VSWorx\ServoStudio\wpfui-servoStudio\samples\Wpf.Ui.servoStudio\Helpers\EsiToSiiConverter.cs(350,9): warning IDE0011: 鍚?鈥渇or鈥?璇彞娣诲姞澶ф嫭鍙枫€?(https://learn.microsoft.com/dotnet/fundamentals/code-analysis/style-rules/ide0011) [C:\UserWorx\VSWorx\ServoStudio\wpfui-servoStudio\samples\Wpf.Ui.servoStudio\servoStudio.csproj]
C:\UserWorx\VSWorx\ServoStudio\wpfui-servoStudio\samples\Wpf.Ui.servoStudio\Helpers\EsiToSiiConverter.cs(353,9): warning IDE0011: 鍚?鈥渋f鈥?璇彞娣诲姞澶ф嫭鍙枫€?(https://learn.microsoft.com/dotnet/fundamentals/code-analysis/style-rules/ide0011) [C:\UserWorx\VSWorx\ServoStudio\wpfui-servoStudio\samples\Wpf.Ui.servoStudio\servoStudio.csproj]
C:\UserWorx\VSWorx\ServoStudio\wpfui-servoStudio\samples\Wpf.Ui.servoStudio\Helpers\EsiToSiiConverter.cs(359,9): warning IDE0011: 鍚?鈥渋f鈥?璇彞娣诲姞澶ф嫭鍙枫€?(https://learn.microsoft.com/dotnet/fundamentals/code-analysis/style-rules/ide0011) [C:\UserWorx\VSWorx\ServoStudio\wpfui-servoStudio\samples\Wpf.Ui.servoStudio\servoStudio.csproj]
C:\UserWorx\VSWorx\ServoStudio\wpfui-servoStudio\samples\Wpf.Ui.servoStudio\Helpers\EsiToSiiConverter.cs(368,13): warning IDE0011: 鍚?鈥渋f鈥?璇彞娣诲姞澶ф嫭鍙枫€?(https://learn.microsoft.com/dotnet/fundamentals/code-analysis/style-rules/ide0011) [C:\UserWorx\VSWorx\ServoStudio\wpfui-servoStudio\samples\Wpf.Ui.servoStudio\servoStudio.csproj]
C:\UserWorx\VSWorx\ServoStudio\wpfui-servoStudio\samples\Wpf.Ui.servoStudio\ViewModels\AppData\DataViewViewModel.cs(1250,19): warning IDE0008: 鐢ㄦ樉寮忕被鍨嬩唬鏇?"var" (https://learn.microsoft.com/dotnet/fundamentals/code-analysis/style-rules/ide0008) [C:\UserWorx\VSWorx\ServoStudio\wpfui-servoStudio\samples\Wpf.Ui.servoStudio\servoStudio.csproj]
C:\UserWorx\VSWorx\ServoStudio\wpfui-servoStudio\samples\Wpf.Ui.servoStudio\Views\Pages\FactoryPages\FrameFormatEditorPage.xaml.cs(79,9): warning IDE0011: 鍚?鈥渋f鈥?璇彞娣诲姞澶ф嫭鍙枫€?(https://learn.microsoft.com/dotnet/fundamentals/code-analysis/style-rules/ide0011) [C:\UserWorx\VSWorx\ServoStudio\wpfui-servoStudio\samples\Wpf.Ui.servoStudio\servoStudio.csproj]
C:\UserWorx\VSWorx\ServoStudio\wpfui-servoStudio\samples\Wpf.Ui.servoStudio\Models\HVariables.cs(93,13): warning IDE0011: 鍚?鈥渋f鈥?璇彞娣诲姞澶ф嫭鍙枫€?(https://learn.microsoft.com/dotnet/fundamentals/code-analysis/style-rules/ide0011) [C:\UserWorx\VSWorx\ServoStudio\wpfui-servoStudio\samples\Wpf.Ui.servoStudio\servoStudio.csproj]
C:\UserWorx\VSWorx\ServoStudio\wpfui-servoStudio\samples\Wpf.Ui.servoStudio\Views\Pages\FactoryPages\FrameFormatEditorPage.xaml.cs(81,9): warning IDE0011: 鍚?鈥渋f鈥?璇彞娣诲姞澶ф嫭鍙枫€?(https://learn.microsoft.com/dotnet/fundamentals/code-analysis/style-rules/ide0011) [C:\UserWorx\VSWorx\ServoStudio\wpfui-servoStudio\samples\Wpf.Ui.servoStudio\servoStudio.csproj]
C:\UserWorx\VSWorx\ServoStudio\wpfui-servoStudio\samples\Wpf.Ui.servoStudio\Models\HVariables.cs(99,17): warning IDE0011: 鍚?鈥渋f鈥?璇彞娣诲姞澶ф嫭鍙枫€?(https://learn.microsoft.com/dotnet/fundamentals/code-analysis/style-rules/ide0011) [C:\UserWorx\VSWorx\ServoStudio\wpfui-servoStudio\samples\Wpf.Ui.servoStudio\servoStudio.csproj]
C:\UserWorx\VSWorx\ServoStudio\wpfui-servoStudio\samples\Wpf.Ui.servoStudio\Views\Pages\FactoryPages\FrameFormatEditorPage.xaml.cs(80,9): warning IDE0008: 鐢ㄦ樉寮忕被鍨嬩唬鏇?"var" (https://learn.microsoft.com/dotnet/fundamentals/code-analysis/style-rules/ide0008) [C:\UserWorx\VSWorx\ServoStudio\wpfui-servoStudio\samples\Wpf.Ui.servoStudio\servoStudio.csproj]
C:\UserWorx\VSWorx\ServoStudio\wpfui-servoStudio\samples\Wpf.Ui.servoStudio\Views\Pages\FactoryPages\FrameFormatEditorPage.xaml.cs(88,9): warning IDE0011: 鍚?鈥渋f鈥?璇彞娣诲姞澶ф嫭鍙枫€?(https://learn.microsoft.com/dotnet/fundamentals/code-analysis/style-rules/ide0011) [C:\UserWorx\VSWorx\ServoStudio\wpfui-servoStudio\samples\Wpf.Ui.servoStudio\servoStudio.csproj]
C:\UserWorx\VSWorx\ServoStudio\wpfui-servoStudio\samples\Wpf.Ui.servoStudio\Views\Pages\FactoryPages\FrameFormatEditorPage.xaml.cs(90,9): warning IDE0011: 鍚?鈥渋f鈥?璇彞娣诲姞澶ф嫭鍙枫€?(https://learn.microsoft.com/dotnet/fundamentals/code-analysis/style-rules/ide0011) [C:\UserWorx\VSWorx\ServoStudio\wpfui-servoStudio\samples\Wpf.Ui.servoStudio\servoStudio.csproj]
C:\UserWorx\VSWorx\ServoStudio\wpfui-servoStudio\samples\Wpf.Ui.servoStudio\Views\Pages\FactoryPages\FrameFormatEditorPage.xaml.cs(89,9): warning IDE0008: 鐢ㄦ樉寮忕被鍨嬩唬鏇?"var" (https://learn.microsoft.com/dotnet/fundamentals/code-analysis/style-rules/ide0008) [C:\UserWorx\VSWorx\ServoStudio\wpfui-servoStudio\samples\Wpf.Ui.servoStudio\servoStudio.csproj]
C:\UserWorx\VSWorx\ServoStudio\wpfui-servoStudio\samples\Wpf.Ui.servoStudio\Core\CANopen\CanOpenMaster.cs(745,26): warning CA1001: 绫诲瀷鈥淪doPending鈥濆叿鏈夊彲閲婃斁鐨勫瓧娈碘€淿evt鈥濓紝浣嗚绫诲瀷鏄笉鍙噴鏀剧殑 (https://learn.microsoft.com/dotnet/fundamentals/code-analysis/quality-rules/ca1001) [C:\UserWorx\VSWorx\ServoStudio\wpfui-servoStudio\samples\Wpf.Ui.servoStudio\servoStudio.csproj]
C:\UserWorx\VSWorx\ServoStudio\wpfui-servoStudio\samples\Wpf.Ui.servoStudio\Models\LogEntry.cs(84,9): warning IDE0011: 鍚?鈥渋f鈥?璇彞娣诲姞澶ф嫭鍙枫€?(https://learn.microsoft.com/dotnet/fundamentals/code-analysis/style-rules/ide0011) [C:\UserWorx\VSWorx\ServoStudio\wpfui-servoStudio\samples\Wpf.Ui.servoStudio\servoStudio.csproj]
C:\UserWorx\VSWorx\ServoStudio\wpfui-servoStudio\samples\Wpf.Ui.servoStudio\Models\LogEntry.cs(87,9): warning IDE0011: 鍚?鈥渋f鈥?璇彞娣诲姞澶ф嫭鍙枫€?(https://learn.microsoft.com/dotnet/fundamentals/code-analysis/style-rules/ide0011) [C:\UserWorx\VSWorx\ServoStudio\wpfui-servoStudio\samples\Wpf.Ui.servoStudio\servoStudio.csproj]
C:\UserWorx\VSWorx\ServoStudio\wpfui-servoStudio\samples\Wpf.Ui.servoStudio\Views\Pages\FactoryPages\FrameFormatEditorPage.xaml.cs(96,9): warning IDE0011: 鍚?鈥渋f鈥?璇彞娣诲姞澶ф嫭鍙枫€?(https://learn.microsoft.com/dotnet/fundamentals/code-analysis/style-rules/ide0011) [C:\UserWorx\VSWorx\ServoStudio\wpfui-servoStudio\samples\Wpf.Ui.servoStudio\servoStudio.csproj]
C:\UserWorx\VSWorx\ServoStudio\wpfui-servoStudio\samples\Wpf.Ui.servoStudio\Views\Pages\FactoryPages\FrameFormatEditorPage.xaml.cs(99,9): warning IDE0011: 鍚?鈥渋f鈥?璇彞娣诲姞澶ф嫭鍙枫€?(https://learn.microsoft.com/dotnet/fundamentals/code-analysis/style-rules/ide0011) [C:\UserWorx\VSWorx\ServoStudio\wpfui-servoStudio\samples\Wpf.Ui.servoStudio\servoStudio.csproj]
C:\UserWorx\VSWorx\ServoStudio\wpfui-servoStudio\samples\Wpf.Ui.servoStudio\Views\Pages\FactoryPages\FrameFormatEditorPage.xaml.cs(98,9): warning IDE0008: 鐢ㄦ樉寮忕被鍨嬩唬鏇?"var" (https://learn.microsoft.com/dotnet/fundamentals/code-analysis/style-rules/ide0008) [C:\UserWorx\VSWorx\ServoStudio\wpfui-servoStudio\samples\Wpf.Ui.servoStudio\servoStudio.csproj]
C:\UserWorx\VSWorx\ServoStudio\wpfui-servoStudio\samples\Wpf.Ui.servoStudio\Views\Pages\FactoryPages\FrameFormatEditorPage.xaml.cs(103,9): warning IDE0058: 姘歌繙涓嶄細浣跨敤琛ㄨ揪寮忓€?(https://learn.microsoft.com/dotnet/fundamentals/code-analysis/style-rules/ide0058) [C:\UserWorx\VSWorx\ServoStudio\wpfui-servoStudio\samples\Wpf.Ui.servoStudio\servoStudio.csproj]
C:\UserWorx\VSWorx\ServoStudio\wpfui-servoStudio\samples\Wpf.Ui.servoStudio\Helpers\EsiToSiiConverter.cs(426,9): warning IDE0011: 鍚?鈥渋f鈥?璇彞娣诲姞澶ф嫭鍙枫€?(https://learn.microsoft.com/dotnet/fundamentals/code-analysis/style-rules/ide0011) [C:\UserWorx\VSWorx\ServoStudio\wpfui-servoStudio\samples\Wpf.Ui.servoStudio\servoStudio.csproj]
C:\UserWorx\VSWorx\ServoStudio\wpfui-servoStudio\samples\Wpf.Ui.servoStudio\Helpers\EsiToSiiConverter.cs(431,9): warning IDE0011: 鍚?鈥渋f鈥?璇彞娣诲姞澶ф嫭鍙枫€?(https://learn.microsoft.com/dotnet/fundamentals/code-analysis/style-rules/ide0011) [C:\UserWorx\VSWorx\ServoStudio\wpfui-servoStudio\samples\Wpf.Ui.servoStudio\servoStudio.csproj]
C:\UserWorx\VSWorx\ServoStudio\wpfui-servoStudio\samples\Wpf.Ui.servoStudio\Views\Pages\FactoryPages\FrameFormatEditorPage.xaml.cs(109,9): warning IDE0011: 鍚?鈥渋f鈥?璇彞娣诲姞澶ф嫭鍙枫€?(https://learn.microsoft.com/dotnet/fundamentals/code-analysis/style-rules/ide0011) [C:\UserWorx\VSWorx\ServoStudio\wpfui-servoStudio\samples\Wpf.Ui.servoStudio\servoStudio.csproj]
C:\UserWorx\VSWorx\ServoStudio\wpfui-servoStudio\samples\Wpf.Ui.servoStudio\Services\UserSettingsService.cs(161,9): warning IDE0011: 鍚?鈥渋f鈥?璇彞娣诲姞澶ф嫭鍙枫€?(https://learn.microsoft.com/dotnet/fundamentals/code-analysis/style-rules/ide0011) [C:\UserWorx\VSWorx\ServoStudio\wpfui-servoStudio\samples\Wpf.Ui.servoStudio\servoStudio.csproj]
C:\UserWorx\VSWorx\ServoStudio\wpfui-servoStudio\samples\Wpf.Ui.servoStudio\Services\UserSettingsService.cs(167,13): warning IDE0011: 鍚?鈥渋f鈥?璇彞娣诲姞澶ф嫭鍙枫€?(https://learn.microsoft.com/dotnet/fundamentals/code-analysis/style-rules/ide0011) [C:\UserWorx\VSWorx\ServoStudio\wpfui-servoStudio\samples\Wpf.Ui.servoStudio\servoStudio.csproj]
C:\UserWorx\VSWorx\ServoStudio\wpfui-servoStudio\samples\Wpf.Ui.servoStudio\Services\UserSettingsService.cs(168,13): warning IDE0011: 鍚?鈥渋f鈥?璇彞娣诲姞澶ф嫭鍙枫€?(https://learn.microsoft.com/dotnet/fundamentals/code-analysis/style-rules/ide0011) [C:\UserWorx\VSWorx\ServoStudio\wpfui-servoStudio\samples\Wpf.Ui.servoStudio\servoStudio.csproj]
C:\UserWorx\VSWorx\ServoStudio\wpfui-servoStudio\samples\Wpf.Ui.servoStudio\ViewModels\AppData\DataViewViewModel.cs(1279,9): warning IDE0008: 鐢ㄦ樉寮忕被鍨嬩唬鏇?"var" (https://learn.microsoft.com/dotnet/fundamentals/code-analysis/style-rules/ide0008) [C:\UserWorx\VSWorx\ServoStudio\wpfui-servoStudio\samples\Wpf.Ui.servoStudio\servoStudio.csproj]
C:\UserWorx\VSWorx\ServoStudio\wpfui-servoStudio\samples\Wpf.Ui.servoStudio\ViewModels\AppData\DataViewViewModel.cs(1280,9): warning IDE0008: 鐢ㄦ樉寮忕被鍨嬩唬鏇?"var" (https://learn.microsoft.com/dotnet/fundamentals/code-analysis/style-rules/ide0008) [C:\UserWorx\VSWorx\ServoStudio\wpfui-servoStudio\samples\Wpf.Ui.servoStudio\servoStudio.csproj]
C:\UserWorx\VSWorx\ServoStudio\wpfui-servoStudio\samples\Wpf.Ui.servoStudio\ViewModels\Factory\FactoryViewModel.cs(180,25): warning IDE0055: 淇鏍煎紡 (https://learn.microsoft.com/dotnet/fundamentals/code-analysis/style-rules/ide0055) [C:\UserWorx\VSWorx\ServoStudio\wpfui-servoStudio\samples\Wpf.Ui.servoStudio\servoStudio.csproj]
C:\UserWorx\VSWorx\ServoStudio\wpfui-servoStudio\samples\Wpf.Ui.servoStudio\ViewModels\Factory\FactoryViewModel.cs(202,26): warning IDE0055: 淇鏍煎紡 (https://learn.microsoft.com/dotnet/fundamentals/code-analysis/style-rules/ide0055) [C:\UserWorx\VSWorx\ServoStudio\wpfui-servoStudio\samples\Wpf.Ui.servoStudio\servoStudio.csproj]
C:\UserWorx\VSWorx\ServoStudio\wpfui-servoStudio\samples\Wpf.Ui.servoStudio\ViewModels\AppData\DataViewViewModel.cs(1291,19): warning IDE0008: 鐢ㄦ樉寮忕被鍨嬩唬鏇?"var" (https://learn.microsoft.com/dotnet/fundamentals/code-analysis/style-rules/ide0008) [C:\UserWorx\VSWorx\ServoStudio\wpfui-servoStudio\samples\Wpf.Ui.servoStudio\servoStudio.csproj]
C:\UserWorx\VSWorx\ServoStudio\wpfui-servoStudio\samples\Wpf.Ui.servoStudio\ViewModels\AppData\DataViewViewModel.cs(1315,19): warning IDE0008: 鐢ㄦ樉寮忕被鍨嬩唬鏇?"var" (https://learn.microsoft.com/dotnet/fundamentals/code-analysis/style-rules/ide0008) [C:\UserWorx\VSWorx\ServoStudio\wpfui-servoStudio\samples\Wpf.Ui.servoStudio\servoStudio.csproj]
C:\UserWorx\VSWorx\ServoStudio\wpfui-servoStudio\samples\Wpf.Ui.servoStudio\ViewModels\Factory\FactoryViewModel.cs(60,9): warning IDE2003: 鍧椾笌鍚庣画璇彞涔嬮棿闇€瑕佹湁绌虹櫧琛?(https://learn.microsoft.com/dotnet/fundamentals/code-analysis/style-rules/ide2003) [C:\UserWorx\VSWorx\ServoStudio\wpfui-servoStudio\samples\Wpf.Ui.servoStudio\servoStudio.csproj]
C:\UserWorx\VSWorx\ServoStudio\wpfui-servoStudio\samples\Wpf.Ui.servoStudio\Helpers\EsiToSiiConverter.cs(56,16): warning IDE0059: 涓嶉渶瑕佸 "vendorName" 璧嬪€?(https://learn.microsoft.com/dotnet/fundamentals/code-analysis/style-rules/ide0059) [C:\UserWorx\VSWorx\ServoStudio\wpfui-servoStudio\samples\Wpf.Ui.servoStudio\servoStudio.csproj]
C:\UserWorx\VSWorx\ServoStudio\wpfui-servoStudio\samples\Wpf.Ui.servoStudio\ViewModels\Factory\FactoryViewModel.cs(160,9): warning IDE2003: 鍧椾笌鍚庣画璇彞涔嬮棿闇€瑕佹湁绌虹櫧琛?(https://learn.microsoft.com/dotnet/fundamentals/code-analysis/style-rules/ide2003) [C:\UserWorx\VSWorx\ServoStudio\wpfui-servoStudio\samples\Wpf.Ui.servoStudio\servoStudio.csproj]
C:\UserWorx\VSWorx\ServoStudio\wpfui-servoStudio\samples\Wpf.Ui.servoStudio\ViewModels\Factory\FactoryViewModel.cs(186,9): warning IDE2003: 鍧椾笌鍚庣画璇彞涔嬮棿闇€瑕佹湁绌虹櫧琛?(https://learn.microsoft.com/dotnet/fundamentals/code-analysis/style-rules/ide2003) [C:\UserWorx\VSWorx\ServoStudio\wpfui-servoStudio\samples\Wpf.Ui.servoStudio\servoStudio.csproj]
C:\UserWorx\VSWorx\ServoStudio\wpfui-servoStudio\samples\Wpf.Ui.servoStudio\ViewModels\Factory\FactoryViewModel.cs(215,21): warning IDE2003: 鍧椾笌鍚庣画璇彞涔嬮棿闇€瑕佹湁绌虹櫧琛?(https://learn.microsoft.com/dotnet/fundamentals/code-analysis/style-rules/ide2003) [C:\UserWorx\VSWorx\ServoStudio\wpfui-servoStudio\samples\Wpf.Ui.servoStudio\servoStudio.csproj]
C:\UserWorx\VSWorx\ServoStudio\wpfui-servoStudio\samples\Wpf.Ui.servoStudio\ViewModels\Factory\FactoryViewModel.cs(237,17): warning IDE2003: 鍧椾笌鍚庣画璇彞涔嬮棿闇€瑕佹湁绌虹櫧琛?(https://learn.microsoft.com/dotnet/fundamentals/code-analysis/style-rules/ide2003) [C:\UserWorx\VSWorx\ServoStudio\wpfui-servoStudio\samples\Wpf.Ui.servoStudio\servoStudio.csproj]
C:\UserWorx\VSWorx\ServoStudio\wpfui-servoStudio\samples\Wpf.Ui.servoStudio\ViewModels\Factory\FactoryViewModel.cs(246,17): warning IDE2003: 鍧椾笌鍚庣画璇彞涔嬮棿闇€瑕佹湁绌虹櫧琛?(https://learn.microsoft.com/dotnet/fundamentals/code-analysis/style-rules/ide2003) [C:\UserWorx\VSWorx\ServoStudio\wpfui-servoStudio\samples\Wpf.Ui.servoStudio\servoStudio.csproj]
C:\UserWorx\VSWorx\ServoStudio\wpfui-servoStudio\samples\Wpf.Ui.servoStudio\ViewModels\Factory\FactoryViewModel.cs(255,17): warning IDE2003: 鍧椾笌鍚庣画璇彞涔嬮棿闇€瑕佹湁绌虹櫧琛?(https://learn.microsoft.com/dotnet/fundamentals/code-analysis/style-rules/ide2003) [C:\UserWorx\VSWorx\ServoStudio\wpfui-servoStudio\samples\Wpf.Ui.servoStudio\servoStudio.csproj]
C:\UserWorx\VSWorx\ServoStudio\wpfui-servoStudio\samples\Wpf.Ui.servoStudio\ViewModels\AppData\DataSaveViewModel.cs(1110,9): warning IDE0011: 鍚?鈥渋f鈥?璇彞娣诲姞澶ф嫭鍙枫€?(https://learn.microsoft.com/dotnet/fundamentals/code-analysis/style-rules/ide0011) [C:\UserWorx\VSWorx\ServoStudio\wpfui-servoStudio\samples\Wpf.Ui.servoStudio\servoStudio.csproj]
C:\UserWorx\VSWorx\ServoStudio\wpfui-servoStudio\samples\Wpf.Ui.servoStudio\Views\Pages\FactoryPages\FrameFormatEditorPage.xaml.cs(117,9): warning IDE0011: 鍚?鈥渋f鈥?璇彞娣诲姞澶ф嫭鍙枫€?(https://learn.microsoft.com/dotnet/fundamentals/code-analysis/style-rules/ide0011) [C:\UserWorx\VSWorx\ServoStudio\wpfui-servoStudio\samples\Wpf.Ui.servoStudio\servoStudio.csproj]
C:\UserWorx\VSWorx\ServoStudio\wpfui-servoStudio\samples\Wpf.Ui.servoStudio\Views\Pages\FactoryPages\FrameFormatEditorPage.xaml.cs(118,9): warning IDE0011: 鍚?鈥渋f鈥?璇彞娣诲姞澶ф嫭鍙枫€?(https://learn.microsoft.com/dotnet/fundamentals/code-analysis/style-rules/ide0011) [C:\UserWorx\VSWorx\ServoStudio\wpfui-servoStudio\samples\Wpf.Ui.servoStudio\servoStudio.csproj]
C:\UserWorx\VSWorx\ServoStudio\wpfui-servoStudio\samples\Wpf.Ui.servoStudio\Views\Pages\FactoryPages\FrameFormatEditorPage.xaml.cs(131,9): warning IDE0011: 鍚?鈥渋f鈥?璇彞娣诲姞澶ф嫭鍙枫€?(https://learn.microsoft.com/dotnet/fundamentals/code-analysis/style-rules/ide0011) [C:\UserWorx\VSWorx\ServoStudio\wpfui-servoStudio\samples\Wpf.Ui.servoStudio\servoStudio.csproj]
C:\UserWorx\VSWorx\ServoStudio\wpfui-servoStudio\samples\Wpf.Ui.servoStudio\Views\Pages\FactoryPages\FrameFormatEditorPage.xaml.cs(128,9): warning IDE0008: 鐢ㄦ樉寮忕被鍨嬩唬鏇?"var" (https://learn.microsoft.com/dotnet/fundamentals/code-analysis/style-rules/ide0008) [C:\UserWorx\VSWorx\ServoStudio\wpfui-servoStudio\samples\Wpf.Ui.servoStudio\servoStudio.csproj]
C:\UserWorx\VSWorx\ServoStudio\wpfui-servoStudio\samples\Wpf.Ui.servoStudio\Views\Pages\FactoryPages\FrameFormatEditorPage.xaml.cs(129,9): warning IDE0008: 鐢ㄦ樉寮忕被鍨嬩唬鏇?"var" (https://learn.microsoft.com/dotnet/fundamentals/code-analysis/style-rules/ide0008) [C:\UserWorx\VSWorx\ServoStudio\wpfui-servoStudio\samples\Wpf.Ui.servoStudio\servoStudio.csproj]
C:\UserWorx\VSWorx\ServoStudio\wpfui-servoStudio\samples\Wpf.Ui.servoStudio\Services\UserSettingsService.cs(200,13): warning IDE0011: 鍚?鈥渋f鈥?璇彞娣诲姞澶ф嫭鍙枫€?(https://learn.microsoft.com/dotnet/fundamentals/code-analysis/style-rules/ide0011) [C:\UserWorx\VSWorx\ServoStudio\wpfui-servoStudio\samples\Wpf.Ui.servoStudio\servoStudio.csproj]
C:\UserWorx\VSWorx\ServoStudio\wpfui-servoStudio\samples\Wpf.Ui.servoStudio\Services\UserSettingsService.cs(213,13): warning IDE0011: 鍚?鈥渋f鈥?璇彞娣诲姞澶ф嫭鍙枫€?(https://learn.microsoft.com/dotnet/fundamentals/code-analysis/style-rules/ide0011) [C:\UserWorx\VSWorx\ServoStudio\wpfui-servoStudio\samples\Wpf.Ui.servoStudio\servoStudio.csproj]
C:\UserWorx\VSWorx\ServoStudio\wpfui-servoStudio\samples\Wpf.Ui.servoStudio\Helpers\EsiToSiiConverter.cs(451,9): warning IDE0011: 鍚?鈥渋f鈥?璇彞娣诲姞澶ф嫭鍙枫€?(https://learn.microsoft.com/dotnet/fundamentals/code-analysis/style-rules/ide0011) [C:\UserWorx\VSWorx\ServoStudio\wpfui-servoStudio\samples\Wpf.Ui.servoStudio\servoStudio.csproj]
C:\UserWorx\VSWorx\ServoStudio\wpfui-servoStudio\samples\Wpf.Ui.servoStudio\ViewModels\Factory\FrameFormatEditorViewModel.cs(45,85): warning IDE0055: 淇鏍煎紡 (https://learn.microsoft.com/dotnet/fundamentals/code-analysis/style-rules/ide0055) [C:\UserWorx\VSWorx\ServoStudio\wpfui-servoStudio\samples\Wpf.Ui.servoStudio\servoStudio.csproj]
C:\UserWorx\VSWorx\ServoStudio\wpfui-servoStudio\samples\Wpf.Ui.servoStudio\ViewModels\Factory\FrameFormatEditorViewModel.cs(45,87): warning IDE0055: 淇鏍煎紡 (https://learn.microsoft.com/dotnet/fundamentals/code-analysis/style-rules/ide0055) [C:\UserWorx\VSWorx\ServoStudio\wpfui-servoStudio\samples\Wpf.Ui.servoStudio\servoStudio.csproj]
C:\UserWorx\VSWorx\ServoStudio\wpfui-servoStudio\samples\Wpf.Ui.servoStudio\ViewModels\Factory\FrameFormatEditorViewModel.cs(45,92): warning IDE0055: 淇鏍煎紡 (https://learn.microsoft.com/dotnet/fundamentals/code-analysis/style-rules/ide0055) [C:\UserWorx\VSWorx\ServoStudio\wpfui-servoStudio\samples\Wpf.Ui.servoStudio\servoStudio.csproj]
C:\UserWorx\VSWorx\ServoStudio\wpfui-servoStudio\samples\Wpf.Ui.servoStudio\ViewModels\Factory\FrameFormatEditorViewModel.cs(56,63): warning IDE0055: 淇鏍煎紡 (https://learn.microsoft.com/dotnet/fundamentals/code-analysis/style-rules/ide0055) [C:\UserWorx\VSWorx\ServoStudio\wpfui-servoStudio\samples\Wpf.Ui.servoStudio\servoStudio.csproj]
C:\UserWorx\VSWorx\ServoStudio\wpfui-servoStudio\samples\Wpf.Ui.servoStudio\ViewModels\Factory\FrameFormatEditorViewModel.cs(56,65): warning IDE0055: 淇鏍煎紡 (https://learn.microsoft.com/dotnet/fundamentals/code-analysis/style-rules/ide0055) [C:\UserWorx\VSWorx\ServoStudio\wpfui-servoStudio\samples\Wpf.Ui.servoStudio\servoStudio.csproj]
C:\UserWorx\VSWorx\ServoStudio\wpfui-servoStudio\samples\Wpf.Ui.servoStudio\ViewModels\Factory\FrameFormatEditorViewModel.cs(56,70): warning IDE0055: 淇鏍煎紡 (https://learn.microsoft.com/dotnet/fundamentals/code-analysis/style-rules/ide0055) [C:\UserWorx\VSWorx\ServoStudio\wpfui-servoStudio\samples\Wpf.Ui.servoStudio\servoStudio.csproj]
C:\UserWorx\VSWorx\ServoStudio\wpfui-servoStudio\samples\Wpf.Ui.servoStudio\ViewModels\Factory\FrameFormatEditorViewModel.cs(102,56): warning IDE0055: 淇鏍煎紡 (https://learn.microsoft.com/dotnet/fundamentals/code-analysis/style-rules/ide0055) [C:\UserWorx\VSWorx\ServoStudio\wpfui-servoStudio\samples\Wpf.Ui.servoStudio\servoStudio.csproj]
C:\UserWorx\VSWorx\ServoStudio\wpfui-servoStudio\samples\Wpf.Ui.servoStudio\ViewModels\Factory\FrameFormatEditorViewModel.cs(113,56): warning IDE0055: 淇鏍煎紡 (https://learn.microsoft.com/dotnet/fundamentals/code-analysis/style-rules/ide0055) [C:\UserWorx\VSWorx\ServoStudio\wpfui-servoStudio\samples\Wpf.Ui.servoStudio\servoStudio.csproj]
C:\UserWorx\VSWorx\ServoStudio\wpfui-servoStudio\samples\Wpf.Ui.servoStudio\ViewModels\Factory\FrameFormatEditorViewModel.cs(128,30): warning IDE0055: 淇鏍煎紡 (https://learn.microsoft.com/dotnet/fundamentals/code-analysis/style-rules/ide0055) [C:\UserWorx\VSWorx\ServoStudio\wpfui-servoStudio\samples\Wpf.Ui.servoStudio\servoStudio.csproj]
C:\UserWorx\VSWorx\ServoStudio\wpfui-servoStudio\samples\Wpf.Ui.servoStudio\ViewModels\Factory\FrameFormatEditorViewModel.cs(129,13): warning IDE0055: 淇鏍煎紡 (https://learn.microsoft.com/dotnet/fundamentals/code-analysis/style-rules/ide0055) [C:\UserWorx\VSWorx\ServoStudio\wpfui-servoStudio\samples\Wpf.Ui.servoStudio\servoStudio.csproj]
C:\UserWorx\VSWorx\ServoStudio\wpfui-servoStudio\samples\Wpf.Ui.servoStudio\ViewModels\Factory\FrameFormatEditorViewModel.cs(136,29): warning IDE0055: 淇鏍煎紡 (https://learn.microsoft.com/dotnet/fundamentals/code-analysis/style-rules/ide0055) [C:\UserWorx\VSWorx\ServoStudio\wpfui-servoStudio\samples\Wpf.Ui.servoStudio\servoStudio.csproj]
C:\UserWorx\VSWorx\ServoStudio\wpfui-servoStudio\samples\Wpf.Ui.servoStudio\ViewModels\Factory\FrameFormatEditorViewModel.cs(162,20): warning IDE0055: 淇鏍煎紡 (https://learn.microsoft.com/dotnet/fundamentals/code-analysis/style-rules/ide0055) [C:\UserWorx\VSWorx\ServoStudio\wpfui-servoStudio\samples\Wpf.Ui.servoStudio\servoStudio.csproj]
C:\UserWorx\VSWorx\ServoStudio\wpfui-servoStudio\samples\Wpf.Ui.servoStudio\ViewModels\Factory\FrameFormatEditorViewModel.cs(214,29): warning IDE0055: 淇鏍煎紡 (https://learn.microsoft.com/dotnet/fundamentals/code-analysis/style-rules/ide0055) [C:\UserWorx\VSWorx\ServoStudio\wpfui-servoStudio\samples\Wpf.Ui.servoStudio\servoStudio.csproj]
C:\UserWorx\VSWorx\ServoStudio\wpfui-servoStudio\samples\Wpf.Ui.servoStudio\ViewModels\Factory\FrameFormatEditorViewModel.cs(214,31): warning IDE0055: 淇鏍煎紡 (https://learn.microsoft.com/dotnet/fundamentals/code-analysis/style-rules/ide0055) [C:\UserWorx\VSWorx\ServoStudio\wpfui-servoStudio\samples\Wpf.Ui.servoStudio\servoStudio.csproj]
C:\UserWorx\VSWorx\ServoStudio\wpfui-servoStudio\samples\Wpf.Ui.servoStudio\ViewModels\Factory\FrameFormatEditorViewModel.cs(214,60): warning IDE0055: 淇鏍煎紡 (https://learn.microsoft.com/dotnet/fundamentals/code-analysis/style-rules/ide0055) [C:\UserWorx\VSWorx\ServoStudio\wpfui-servoStudio\samples\Wpf.Ui.servoStudio\servoStudio.csproj]
C:\UserWorx\VSWorx\ServoStudio\wpfui-servoStudio\samples\Wpf.Ui.servoStudio\ViewModels\Factory\FrameFormatEditorViewModel.cs(214,68): warning IDE0055: 淇鏍煎紡 (https://learn.microsoft.com/dotnet/fundamentals/code-analysis/style-rules/ide0055) [C:\UserWorx\VSWorx\ServoStudio\wpfui-servoStudio\samples\Wpf.Ui.servoStudio\servoStudio.csproj]
C:\UserWorx\VSWorx\ServoStudio\wpfui-servoStudio\samples\Wpf.Ui.servoStudio\ViewModels\Factory\FrameFormatEditorViewModel.cs(229,29): warning IDE0055: 淇鏍煎紡 (https://learn.microsoft.com/dotnet/fundamentals/code-analysis/style-rules/ide0055) [C:\UserWorx\VSWorx\ServoStudio\wpfui-servoStudio\samples\Wpf.Ui.servoStudio\servoStudio.csproj]
C:\UserWorx\VSWorx\ServoStudio\wpfui-servoStudio\samples\Wpf.Ui.servoStudio\ViewModels\Factory\FrameFormatEditorViewModel.cs(229,31): warning IDE0055: 淇鏍煎紡 (https://learn.microsoft.com/dotnet/fundamentals/code-analysis/style-rules/ide0055) [C:\UserWorx\VSWorx\ServoStudio\wpfui-servoStudio\samples\Wpf.Ui.servoStudio\servoStudio.csproj]
C:\UserWorx\VSWorx\ServoStudio\wpfui-servoStudio\samples\Wpf.Ui.servoStudio\ViewModels\Factory\FrameFormatEditorViewModel.cs(229,60): warning IDE0055: 淇鏍煎紡 (https://learn.microsoft.com/dotnet/fundamentals/code-analysis/style-rules/ide0055) [C:\UserWorx\VSWorx\ServoStudio\wpfui-servoStudio\samples\Wpf.Ui.servoStudio\servoStudio.csproj]
C:\UserWorx\VSWorx\ServoStudio\wpfui-servoStudio\samples\Wpf.Ui.servoStudio\ViewModels\Factory\FrameFormatEditorViewModel.cs(229,68): warning IDE0055: 淇鏍煎紡 (https://learn.microsoft.com/dotnet/fundamentals/code-analysis/style-rules/ide0055) [C:\UserWorx\VSWorx\ServoStudio\wpfui-servoStudio\samples\Wpf.Ui.servoStudio\servoStudio.csproj]
C:\UserWorx\VSWorx\ServoStudio\wpfui-servoStudio\samples\Wpf.Ui.servoStudio\ViewModels\Factory\FrameFormatEditorViewModel.cs(274,36): warning IDE0055: 淇鏍煎紡 (https://learn.microsoft.com/dotnet/fundamentals/code-analysis/style-rules/ide0055) [C:\UserWorx\VSWorx\ServoStudio\wpfui-servoStudio\samples\Wpf.Ui.servoStudio\servoStudio.csproj]
C:\UserWorx\VSWorx\ServoStudio\wpfui-servoStudio\samples\Wpf.Ui.servoStudio\ViewModels\Factory\FrameFormatEditorViewModel.cs(278,32): warning IDE0055: 淇鏍煎紡 (https://learn.microsoft.com/dotnet/fundamentals/code-analysis/style-rules/ide0055) [C:\UserWorx\VSWorx\ServoStudio\wpfui-servoStudio\samples\Wpf.Ui.servoStudio\servoStudio.csproj]
C:\UserWorx\VSWorx\ServoStudio\wpfui-servoStudio\samples\Wpf.Ui.servoStudio\ViewModels\Factory\FrameFormatEditorViewModel.cs(289,36): warning IDE0055: 淇鏍煎紡 (https://learn.microsoft.com/dotnet/fundamentals/code-analysis/style-rules/ide0055) [C:\UserWorx\VSWorx\ServoStudio\wpfui-servoStudio\samples\Wpf.Ui.servoStudio\servoStudio.csproj]
C:\UserWorx\VSWorx\ServoStudio\wpfui-servoStudio\samples\Wpf.Ui.servoStudio\ViewModels\Factory\FrameFormatEditorViewModel.cs(290,32): warning IDE0055: 淇鏍煎紡 (https://learn.microsoft.com/dotnet/fundamentals/code-analysis/style-rules/ide0055) [C:\UserWorx\VSWorx\ServoStudio\wpfui-servoStudio\samples\Wpf.Ui.servoStudio\servoStudio.csproj]
C:\UserWorx\VSWorx\ServoStudio\wpfui-servoStudio\samples\Wpf.Ui.servoStudio\ViewModels\Factory\FrameFormatEditorViewModel.cs(90,9): warning IDE2003: 鍧椾笌鍚庣画璇彞涔嬮棿闇€瑕佹湁绌虹櫧琛?(https://learn.microsoft.com/dotnet/fundamentals/code-analysis/style-rules/ide2003) [C:\UserWorx\VSWorx\ServoStudio\wpfui-servoStudio\samples\Wpf.Ui.servoStudio\servoStudio.csproj]
C:\UserWorx\VSWorx\ServoStudio\wpfui-servoStudio\samples\Wpf.Ui.servoStudio\Views\Pages\FactoryPages\FrameFormatEditorPage.xaml.cs(149,47): warning IDE0008: 鐢ㄦ樉寮忕被鍨嬩唬鏇?"var" (https://learn.microsoft.com/dotnet/fundamentals/code-analysis/style-rules/ide0008) [C:\UserWorx\VSWorx\ServoStudio\wpfui-servoStudio\samples\Wpf.Ui.servoStudio\servoStudio.csproj]
C:\UserWorx\VSWorx\ServoStudio\wpfui-servoStudio\samples\Wpf.Ui.servoStudio\ViewModels\Factory\FrameFormatEditorViewModel.cs(214,69): warning IDE2003: 鍧椾笌鍚庣画璇彞涔嬮棿闇€瑕佹湁绌虹櫧琛?(https://learn.microsoft.com/dotnet/fundamentals/code-analysis/style-rules/ide2003) [C:\UserWorx\VSWorx\ServoStudio\wpfui-servoStudio\samples\Wpf.Ui.servoStudio\servoStudio.csproj]
C:\UserWorx\VSWorx\ServoStudio\wpfui-servoStudio\samples\Wpf.Ui.servoStudio\ViewModels\Factory\FrameFormatEditorViewModel.cs(229,69): warning IDE2003: 鍧椾笌鍚庣画璇彞涔嬮棿闇€瑕佹湁绌虹櫧琛?(https://learn.microsoft.com/dotnet/fundamentals/code-analysis/style-rules/ide2003) [C:\UserWorx\VSWorx\ServoStudio\wpfui-servoStudio\samples\Wpf.Ui.servoStudio\servoStudio.csproj]
C:\UserWorx\VSWorx\ServoStudio\wpfui-servoStudio\samples\Wpf.Ui.servoStudio\Views\Pages\FactoryPages\FrameFormatEditorPage.xaml.cs(165,9): warning IDE0011: 鍚?鈥渋f鈥?璇彞娣诲姞澶ф嫭鍙枫€?(https://learn.microsoft.com/dotnet/fundamentals/code-analysis/style-rules/ide0011) [C:\UserWorx\VSWorx\ServoStudio\wpfui-servoStudio\samples\Wpf.Ui.servoStudio\servoStudio.csproj]
C:\UserWorx\VSWorx\ServoStudio\wpfui-servoStudio\samples\Wpf.Ui.servoStudio\ViewModels\AppData\DataViewViewModel.cs(1348,9): warning IDE0008: 鐢ㄦ樉寮忕被鍨嬩唬鏇?"var" (https://learn.microsoft.com/dotnet/fundamentals/code-analysis/style-rules/ide0008) [C:\UserWorx\VSWorx\ServoStudio\wpfui-servoStudio\samples\Wpf.Ui.servoStudio\servoStudio.csproj]
C:\UserWorx\VSWorx\ServoStudio\wpfui-servoStudio\samples\Wpf.Ui.servoStudio\ViewModels\AppData\DataViewViewModel.cs(1362,15): warning IDE0008: 鐢ㄦ樉寮忕被鍨嬩唬鏇?"var" (https://learn.microsoft.com/dotnet/fundamentals/code-analysis/style-rules/ide0008) [C:\UserWorx\VSWorx\ServoStudio\wpfui-servoStudio\samples\Wpf.Ui.servoStudio\servoStudio.csproj]
C:\UserWorx\VSWorx\ServoStudio\wpfui-servoStudio\samples\Wpf.Ui.servoStudio\ViewModels\AppData\DataSaveViewModel.cs(1123,9): warning IDE0011: 鍚?鈥渋f鈥?璇彞娣诲姞澶ф嫭鍙枫€?(https://learn.microsoft.com/dotnet/fundamentals/code-analysis/style-rules/ide0011) [C:\UserWorx\VSWorx\ServoStudio\wpfui-servoStudio\samples\Wpf.Ui.servoStudio\servoStudio.csproj]
C:\UserWorx\VSWorx\ServoStudio\wpfui-servoStudio\samples\Wpf.Ui.servoStudio\ViewModels\AppData\DataSaveViewModel.cs(1135,21): warning IDE0011: 鍚?鈥渋f鈥?璇彞娣诲姞澶ф嫭鍙枫€?(https://learn.microsoft.com/dotnet/fundamentals/code-analysis/style-rules/ide0011) [C:\UserWorx\VSWorx\ServoStudio\wpfui-servoStudio\samples\Wpf.Ui.servoStudio\servoStudio.csproj]
C:\UserWorx\VSWorx\ServoStudio\wpfui-servoStudio\samples\Wpf.Ui.servoStudio\ViewModels\AppData\DataSaveViewModel.cs(1136,21): warning IDE0011: 鍚?鈥渆lse鈥?璇彞娣诲姞澶ф嫭鍙枫€?(https://learn.microsoft.com/dotnet/fundamentals/code-analysis/style-rules/ide0011) [C:\UserWorx\VSWorx\ServoStudio\wpfui-servoStudio\samples\Wpf.Ui.servoStudio\servoStudio.csproj]
C:\UserWorx\VSWorx\ServoStudio\wpfui-servoStudio\samples\Wpf.Ui.servoStudio\ViewModels\AppData\DataViewViewModel.cs(1379,21): warning IDE0058: 姘歌繙涓嶄細浣跨敤琛ㄨ揪寮忓€?(https://learn.microsoft.com/dotnet/fundamentals/code-analysis/style-rules/ide0058) [C:\UserWorx\VSWorx\ServoStudio\wpfui-servoStudio\samples\Wpf.Ui.servoStudio\servoStudio.csproj]
C:\UserWorx\VSWorx\ServoStudio\wpfui-servoStudio\samples\Wpf.Ui.servoStudio\Views\Pages\FactoryPages\FrameFormatEditorPage.xaml.cs(173,47): warning IDE0008: 鐢ㄦ樉寮忕被鍨嬩唬鏇?"var" (https://learn.microsoft.com/dotnet/fundamentals/code-analysis/style-rules/ide0008) [C:\UserWorx\VSWorx\ServoStudio\wpfui-servoStudio\samples\Wpf.Ui.servoStudio\servoStudio.csproj]
C:\UserWorx\VSWorx\ServoStudio\wpfui-servoStudio\samples\Wpf.Ui.servoStudio\Views\Pages\FactoryPages\FrameFormatEditorPage.xaml.cs(182,9): warning IDE0008: 鐢ㄦ樉寮忕被鍨嬩唬鏇?"var" (https://learn.microsoft.com/dotnet/fundamentals/code-analysis/style-rules/ide0008) [C:\UserWorx\VSWorx\ServoStudio\wpfui-servoStudio\samples\Wpf.Ui.servoStudio\servoStudio.csproj]
C:\UserWorx\VSWorx\ServoStudio\wpfui-servoStudio\samples\Wpf.Ui.servoStudio\Views\Pages\FactoryPages\FrameFormatEditorPage.xaml.cs(203,13): warning IDE0011: 鍚?鈥渋f鈥?璇彞娣诲姞澶ф嫭鍙枫€?(https://learn.microsoft.com/dotnet/fundamentals/code-analysis/style-rules/ide0011) [C:\UserWorx\VSWorx\ServoStudio\wpfui-servoStudio\samples\Wpf.Ui.servoStudio\servoStudio.csproj]
C:\UserWorx\VSWorx\ServoStudio\wpfui-servoStudio\samples\Wpf.Ui.servoStudio\Views\Pages\FactoryPages\FrameFormatEditorPage.xaml.cs(212,13): warning IDE0011: 鍚?鈥渋f鈥?璇彞娣诲姞澶ф嫭鍙枫€?(https://learn.microsoft.com/dotnet/fundamentals/code-analysis/style-rules/ide0011) [C:\UserWorx\VSWorx\ServoStudio\wpfui-servoStudio\samples\Wpf.Ui.servoStudio\servoStudio.csproj]
C:\UserWorx\VSWorx\ServoStudio\wpfui-servoStudio\samples\Wpf.Ui.servoStudio\Views\Pages\FactoryPages\FrameFormatEditorPage.xaml.cs(208,13): warning IDE0058: 姘歌繙涓嶄細浣跨敤琛ㄨ揪寮忓€?(https://learn.microsoft.com/dotnet/fundamentals/code-analysis/style-rules/ide0058) [C:\UserWorx\VSWorx\ServoStudio\wpfui-servoStudio\samples\Wpf.Ui.servoStudio\servoStudio.csproj]
C:\UserWorx\VSWorx\ServoStudio\wpfui-servoStudio\samples\Wpf.Ui.servoStudio\ViewModels\FaultInfoViewModel.cs(411,82): warning IDE0055: 淇鏍煎紡 (https://learn.microsoft.com/dotnet/fundamentals/code-analysis/style-rules/ide0055) [C:\UserWorx\VSWorx\ServoStudio\wpfui-servoStudio\samples\Wpf.Ui.servoStudio\servoStudio.csproj]
C:\UserWorx\VSWorx\ServoStudio\wpfui-servoStudio\samples\Wpf.Ui.servoStudio\ViewModels\FaultInfoViewModel.cs(412,83): warning IDE0055: 淇鏍煎紡 (https://learn.microsoft.com/dotnet/fundamentals/code-analysis/style-rules/ide0055) [C:\UserWorx\VSWorx\ServoStudio\wpfui-servoStudio\samples\Wpf.Ui.servoStudio\servoStudio.csproj]
C:\UserWorx\VSWorx\ServoStudio\wpfui-servoStudio\samples\Wpf.Ui.servoStudio\ViewModels\FaultInfoViewModel.cs(413,86): warning IDE0055: 淇鏍煎紡 (https://learn.microsoft.com/dotnet/fundamentals/code-analysis/style-rules/ide0055) [C:\UserWorx\VSWorx\ServoStudio\wpfui-servoStudio\samples\Wpf.Ui.servoStudio\servoStudio.csproj]
C:\UserWorx\VSWorx\ServoStudio\wpfui-servoStudio\samples\Wpf.Ui.servoStudio\ViewModels\FaultInfoViewModel.cs(414,82): warning IDE0055: 淇鏍煎紡 (https://learn.microsoft.com/dotnet/fundamentals/code-analysis/style-rules/ide0055) [C:\UserWorx\VSWorx\ServoStudio\wpfui-servoStudio\samples\Wpf.Ui.servoStudio\servoStudio.csproj]
C:\UserWorx\VSWorx\ServoStudio\wpfui-servoStudio\samples\Wpf.Ui.servoStudio\ViewModels\FaultInfoViewModel.cs(415,85): warning IDE0055: 淇鏍煎紡 (https://learn.microsoft.com/dotnet/fundamentals/code-analysis/style-rules/ide0055) [C:\UserWorx\VSWorx\ServoStudio\wpfui-servoStudio\samples\Wpf.Ui.servoStudio\servoStudio.csproj]
C:\UserWorx\VSWorx\ServoStudio\wpfui-servoStudio\samples\Wpf.Ui.servoStudio\ViewModels\FaultInfoViewModel.cs(416,85): warning IDE0055: 淇鏍煎紡 (https://learn.microsoft.com/dotnet/fundamentals/code-analysis/style-rules/ide0055) [C:\UserWorx\VSWorx\ServoStudio\wpfui-servoStudio\samples\Wpf.Ui.servoStudio\servoStudio.csproj]
C:\UserWorx\VSWorx\ServoStudio\wpfui-servoStudio\samples\Wpf.Ui.servoStudio\ViewModels\FaultInfoViewModel.cs(417,83): warning IDE0055: 淇鏍煎紡 (https://learn.microsoft.com/dotnet/fundamentals/code-analysis/style-rules/ide0055) [C:\UserWorx\VSWorx\ServoStudio\wpfui-servoStudio\samples\Wpf.Ui.servoStudio\servoStudio.csproj]
C:\UserWorx\VSWorx\ServoStudio\wpfui-servoStudio\samples\Wpf.Ui.servoStudio\ViewModels\FaultInfoViewModel.cs(418,108): warning IDE0055: 淇鏍煎紡 (https://learn.microsoft.com/dotnet/fundamentals/code-analysis/style-rules/ide0055) [C:\UserWorx\VSWorx\ServoStudio\wpfui-servoStudio\samples\Wpf.Ui.servoStudio\servoStudio.csproj]
C:\UserWorx\VSWorx\ServoStudio\wpfui-servoStudio\samples\Wpf.Ui.servoStudio\ViewModels\FaultInfoViewModel.cs(419,108): warning IDE0055: 淇鏍煎紡 (https://learn.microsoft.com/dotnet/fundamentals/code-analysis/style-rules/ide0055) [C:\UserWorx\VSWorx\ServoStudio\wpfui-servoStudio\samples\Wpf.Ui.servoStudio\servoStudio.csproj]
C:\UserWorx\VSWorx\ServoStudio\wpfui-servoStudio\samples\Wpf.Ui.servoStudio\ViewModels\FaultInfoViewModel.cs(420,108): warning IDE0055: 淇鏍煎紡 (https://learn.microsoft.com/dotnet/fundamentals/code-analysis/style-rules/ide0055) [C:\UserWorx\VSWorx\ServoStudio\wpfui-servoStudio\samples\Wpf.Ui.servoStudio\servoStudio.csproj]
C:\UserWorx\VSWorx\ServoStudio\wpfui-servoStudio\samples\Wpf.Ui.servoStudio\Helpers\EsiToSiiConverter.cs(561,9): warning IDE0011: 鍚?鈥渋f鈥?璇彞娣诲姞澶ф嫭鍙枫€?(https://learn.microsoft.com/dotnet/fundamentals/code-analysis/style-rules/ide0011) [C:\UserWorx\VSWorx\ServoStudio\wpfui-servoStudio\samples\Wpf.Ui.servoStudio\servoStudio.csproj]
C:\UserWorx\VSWorx\ServoStudio\wpfui-servoStudio\samples\Wpf.Ui.servoStudio\Views\Pages\FactoryPages\FrameFormatEditorPage.xaml.cs(227,9): warning IDE0011: 鍚?鈥渋f鈥?璇彞娣诲姞澶ф嫭鍙枫€?(https://learn.microsoft.com/dotnet/fundamentals/code-analysis/style-rules/ide0011) [C:\UserWorx\VSWorx\ServoStudio\wpfui-servoStudio\samples\Wpf.Ui.servoStudio\servoStudio.csproj]
C:\UserWorx\VSWorx\ServoStudio\wpfui-servoStudio\samples\Wpf.Ui.servoStudio\Views\Pages\FactoryPages\FrameFormatEditorPage.xaml.cs(230,9): warning IDE0011: 鍚?鈥渋f鈥?璇彞娣诲姞澶ф嫭鍙枫€?(https://learn.microsoft.com/dotnet/fundamentals/code-analysis/style-rules/ide0011) [C:\UserWorx\VSWorx\ServoStudio\wpfui-servoStudio\samples\Wpf.Ui.servoStudio\servoStudio.csproj]
C:\UserWorx\VSWorx\ServoStudio\wpfui-servoStudio\samples\Wpf.Ui.servoStudio\ViewModels\FaultInfoViewModel.cs(431,9): warning IDE2003: 鍧椾笌鍚庣画璇彞涔嬮棿闇€瑕佹湁绌虹櫧琛?(https://learn.microsoft.com/dotnet/fundamentals/code-analysis/style-rules/ide2003) [C:\UserWorx\VSWorx\ServoStudio\wpfui-servoStudio\samples\Wpf.Ui.servoStudio\servoStudio.csproj]
C:\UserWorx\VSWorx\ServoStudio\wpfui-servoStudio\samples\Wpf.Ui.servoStudio\Models\FrameFormat.cs(388,18): warning IDE0008: 鐢ㄦ樉寮忕被鍨嬩唬鏇?"var" (https://learn.microsoft.com/dotnet/fundamentals/code-analysis/style-rules/ide0008) [C:\UserWorx\VSWorx\ServoStudio\wpfui-servoStudio\samples\Wpf.Ui.servoStudio\servoStudio.csproj]
C:\UserWorx\VSWorx\ServoStudio\wpfui-servoStudio\samples\Wpf.Ui.servoStudio\Helpers\EsiToSiiConverter.cs(576,17): warning IDE0011: 鍚?鈥渋f鈥?璇彞娣诲姞澶ф嫭鍙枫€?(https://learn.microsoft.com/dotnet/fundamentals/code-analysis/style-rules/ide0011) [C:\UserWorx\VSWorx\ServoStudio\wpfui-servoStudio\samples\Wpf.Ui.servoStudio\servoStudio.csproj]
C:\UserWorx\VSWorx\ServoStudio\wpfui-servoStudio\samples\Wpf.Ui.servoStudio\Helpers\EsiToSiiConverter.cs(578,17): warning IDE0011: 鍚?鈥渆lse鈥?璇彞娣诲姞澶ф嫭鍙枫€?(https://learn.microsoft.com/dotnet/fundamentals/code-analysis/style-rules/ide0011) [C:\UserWorx\VSWorx\ServoStudio\wpfui-servoStudio\samples\Wpf.Ui.servoStudio\servoStudio.csproj]
C:\UserWorx\VSWorx\ServoStudio\wpfui-servoStudio\samples\Wpf.Ui.servoStudio\Services\UsbDeviceWatcher.cs(68,9): warning IDE0011: 鍚?鈥渋f鈥?璇彞娣诲姞澶ф嫭鍙枫€?(https://learn.microsoft.com/dotnet/fundamentals/code-analysis/style-rules/ide0011) [C:\UserWorx\VSWorx\ServoStudio\wpfui-servoStudio\samples\Wpf.Ui.servoStudio\servoStudio.csproj]
C:\UserWorx\VSWorx\ServoStudio\wpfui-servoStudio\samples\Wpf.Ui.servoStudio\Services\UsbDeviceWatcher.cs(73,9): warning IDE0011: 鍚?鈥渋f鈥?璇彞娣诲姞澶ф嫭鍙枫€?(https://learn.microsoft.com/dotnet/fundamentals/code-analysis/style-rules/ide0011) [C:\UserWorx\VSWorx\ServoStudio\wpfui-servoStudio\samples\Wpf.Ui.servoStudio\servoStudio.csproj]
C:\UserWorx\VSWorx\ServoStudio\wpfui-servoStudio\samples\Wpf.Ui.servoStudio\Services\UsbDeviceWatcher.cs(75,9): warning IDE0011: 鍚?鈥渋f鈥?璇彞娣诲姞澶ф嫭鍙枫€?(https://learn.microsoft.com/dotnet/fundamentals/code-analysis/style-rules/ide0011) [C:\UserWorx\VSWorx\ServoStudio\wpfui-servoStudio\samples\Wpf.Ui.servoStudio\servoStudio.csproj]
C:\UserWorx\VSWorx\ServoStudio\wpfui-servoStudio\samples\Wpf.Ui.servoStudio\Services\UsbDeviceWatcher.cs(77,9): warning IDE0011: 鍚?鈥渆lse鈥?璇彞娣诲姞澶ф嫭鍙枫€?(https://learn.microsoft.com/dotnet/fundamentals/code-analysis/style-rules/ide0011) [C:\UserWorx\VSWorx\ServoStudio\wpfui-servoStudio\samples\Wpf.Ui.servoStudio\servoStudio.csproj]
C:\UserWorx\VSWorx\ServoStudio\wpfui-servoStudio\samples\Wpf.Ui.servoStudio\Services\UsbDeviceWatcher.cs(72,9): warning IDE0008: 鐢ㄦ樉寮忕被鍨嬩唬鏇?"var" (https://learn.microsoft.com/dotnet/fundamentals/code-analysis/style-rules/ide0008) [C:\UserWorx\VSWorx\ServoStudio\wpfui-servoStudio\samples\Wpf.Ui.servoStudio\servoStudio.csproj]
C:\UserWorx\VSWorx\ServoStudio\wpfui-servoStudio\samples\Wpf.Ui.servoStudio\Helpers\EsiToSiiConverter.cs(588,9): warning IDE0011: 鍚?鈥渋f鈥?璇彞娣诲姞澶ф嫭鍙枫€?(https://learn.microsoft.com/dotnet/fundamentals/code-analysis/style-rules/ide0011) [C:\UserWorx\VSWorx\ServoStudio\wpfui-servoStudio\samples\Wpf.Ui.servoStudio\servoStudio.csproj]
C:\UserWorx\VSWorx\ServoStudio\wpfui-servoStudio\samples\Wpf.Ui.servoStudio\Helpers\EsiToSiiConverter.cs(592,9): warning IDE0011: 鍚?鈥渋f鈥?璇彞娣诲姞澶ф嫭鍙枫€?(https://learn.microsoft.com/dotnet/fundamentals/code-analysis/style-rules/ide0011) [C:\UserWorx\VSWorx\ServoStudio\wpfui-servoStudio\samples\Wpf.Ui.servoStudio\servoStudio.csproj]
C:\UserWorx\VSWorx\ServoStudio\wpfui-servoStudio\samples\Wpf.Ui.servoStudio\Helpers\EsiToSiiConverter.cs(596,9): warning IDE0011: 鍚?鈥渇or鈥?璇彞娣诲姞澶ф嫭鍙枫€?(https://learn.microsoft.com/dotnet/fundamentals/code-analysis/style-rules/ide0011) [C:\UserWorx\VSWorx\ServoStudio\wpfui-servoStudio\samples\Wpf.Ui.servoStudio\servoStudio.csproj]
C:\UserWorx\VSWorx\ServoStudio\wpfui-servoStudio\samples\Wpf.Ui.servoStudio\Models\FrameFormat.cs(406,9): warning IDE0011: 鍚?鈥渋f鈥?璇彞娣诲姞澶ф嫭鍙枫€?(https://learn.microsoft.com/dotnet/fundamentals/code-analysis/style-rules/ide0011) [C:\UserWorx\VSWorx\ServoStudio\wpfui-servoStudio\samples\Wpf.Ui.servoStudio\servoStudio.csproj]
C:\UserWorx\VSWorx\ServoStudio\wpfui-servoStudio\samples\Wpf.Ui.servoStudio\Models\FrameFormat.cs(414,9): warning IDE0011: 鍚?鈥渋f鈥?璇彞娣诲姞澶ф嫭鍙枫€?(https://learn.microsoft.com/dotnet/fundamentals/code-analysis/style-rules/ide0011) [C:\UserWorx\VSWorx\ServoStudio\wpfui-servoStudio\samples\Wpf.Ui.servoStudio\servoStudio.csproj]
C:\UserWorx\VSWorx\ServoStudio\wpfui-servoStudio\samples\Wpf.Ui.servoStudio\Services\UsbDeviceWatcher.cs(78,13): warning IDE0058: 姘歌繙涓嶄細浣跨敤琛ㄨ揪寮忓€?(https://learn.microsoft.com/dotnet/fundamentals/code-analysis/style-rules/ide0058) [C:\UserWorx\VSWorx\ServoStudio\wpfui-servoStudio\samples\Wpf.Ui.servoStudio\servoStudio.csproj]
C:\UserWorx\VSWorx\ServoStudio\wpfui-servoStudio\samples\Wpf.Ui.servoStudio\Helpers\EsiToSiiConverter.cs(604,9): warning IDE0011: 鍚?鈥渋f鈥?璇彞娣诲姞澶ф嫭鍙枫€?(https://learn.microsoft.com/dotnet/fundamentals/code-analysis/style-rules/ide0011) [C:\UserWorx\VSWorx\ServoStudio\wpfui-servoStudio\samples\Wpf.Ui.servoStudio\servoStudio.csproj]
C:\UserWorx\VSWorx\ServoStudio\wpfui-servoStudio\samples\Wpf.Ui.servoStudio\Views\Pages\FactoryPages\FrameFormatEditorPage.xaml.cs(281,9): warning IDE0011: 鍚?鈥渋f鈥?璇彞娣诲姞澶ф嫭鍙枫€?(https://learn.microsoft.com/dotnet/fundamentals/code-analysis/style-rules/ide0011) [C:\UserWorx\VSWorx\ServoStudio\wpfui-servoStudio\samples\Wpf.Ui.servoStudio\servoStudio.csproj]
C:\UserWorx\VSWorx\ServoStudio\wpfui-servoStudio\samples\Wpf.Ui.servoStudio\Helpers\EsiToSiiConverter.cs(606,9): warning IDE0011: 鍚?鈥渋f鈥?璇彞娣诲姞澶ф嫭鍙枫€?(https://learn.microsoft.com/dotnet/fundamentals/code-analysis/style-rules/ide0011) [C:\UserWorx\VSWorx\ServoStudio\wpfui-servoStudio\samples\Wpf.Ui.servoStudio\servoStudio.csproj]
C:\UserWorx\VSWorx\ServoStudio\wpfui-servoStudio\samples\Wpf.Ui.servoStudio\Helpers\EsiToSiiConverter.cs(608,9): warning IDE0011: 鍚?鈥渋f鈥?璇彞娣诲姞澶ф嫭鍙枫€?(https://learn.microsoft.com/dotnet/fundamentals/code-analysis/style-rules/ide0011) [C:\UserWorx\VSWorx\ServoStudio\wpfui-servoStudio\samples\Wpf.Ui.servoStudio\servoStudio.csproj]
C:\UserWorx\VSWorx\ServoStudio\wpfui-servoStudio\samples\Wpf.Ui.servoStudio\Services\UsbDeviceWatcher.cs(83,9): warning IDE0011: 鍚?鈥渋f鈥?璇彞娣诲姞澶ф嫭鍙枫€?(https://learn.microsoft.com/dotnet/fundamentals/code-analysis/style-rules/ide0011) [C:\UserWorx\VSWorx\ServoStudio\wpfui-servoStudio\samples\Wpf.Ui.servoStudio\servoStudio.csproj]
C:\UserWorx\VSWorx\ServoStudio\wpfui-servoStudio\samples\Wpf.Ui.servoStudio\Services\UsbDeviceWatcher.cs(130,9): warning IDE0011: 鍚?鈥渋f鈥?璇彞娣诲姞澶ф嫭鍙枫€?(https://learn.microsoft.com/dotnet/fundamentals/code-analysis/style-rules/ide0011) [C:\UserWorx\VSWorx\ServoStudio\wpfui-servoStudio\samples\Wpf.Ui.servoStudio\servoStudio.csproj]
C:\UserWorx\VSWorx\ServoStudio\wpfui-servoStudio\samples\Wpf.Ui.servoStudio\Views\Pages\FactoryPages\FrameFormatEditorPage.xaml.cs(292,9): warning IDE0011: 鍚?鈥渋f鈥?璇彞娣诲姞澶ф嫭鍙枫€?(https://learn.microsoft.com/dotnet/fundamentals/code-analysis/style-rules/ide0011) [C:\UserWorx\VSWorx\ServoStudio\wpfui-servoStudio\samples\Wpf.Ui.servoStudio\servoStudio.csproj]
C:\UserWorx\VSWorx\ServoStudio\wpfui-servoStudio\samples\Wpf.Ui.servoStudio\Models\FrameFormat.cs(207,13): warning IDE0011: 鍚?鈥渋f鈥?璇彞娣诲姞澶ф嫭鍙枫€?(https://learn.microsoft.com/dotnet/fundamentals/code-analysis/style-rules/ide0011) [C:\UserWorx\VSWorx\ServoStudio\wpfui-servoStudio\samples\Wpf.Ui.servoStudio\servoStudio.csproj]
C:\UserWorx\VSWorx\ServoStudio\wpfui-servoStudio\samples\Wpf.Ui.servoStudio\ViewModels\AppData\DataViewViewModel.cs(1446,15): warning IDE0008: 鐢ㄦ樉寮忕被鍨嬩唬鏇?"var" (https://learn.microsoft.com/dotnet/fundamentals/code-analysis/style-rules/ide0008) [C:\UserWorx\VSWorx\ServoStudio\wpfui-servoStudio\samples\Wpf.Ui.servoStudio\servoStudio.csproj]
C:\UserWorx\VSWorx\ServoStudio\wpfui-servoStudio\samples\Wpf.Ui.servoStudio\Helpers\EsiToSiiConverter.cs(624,9): warning IDE0011: 鍚?鈥渋f鈥?璇彞娣诲姞澶ф嫭鍙枫€?(https://learn.microsoft.com/dotnet/fundamentals/code-analysis/style-rules/ide0011) [C:\UserWorx\VSWorx\ServoStudio\wpfui-servoStudio\samples\Wpf.Ui.servoStudio\servoStudio.csproj]
C:\UserWorx\VSWorx\ServoStudio\wpfui-servoStudio\samples\Wpf.Ui.servoStudio\Models\FrameFormat.cs(210,13): warning IDE0058: 姘歌繙涓嶄細浣跨敤琛ㄨ揪寮忓€?(https://learn.microsoft.com/dotnet/fundamentals/code-analysis/style-rules/ide0058) [C:\UserWorx\VSWorx\ServoStudio\wpfui-servoStudio\samples\Wpf.Ui.servoStudio\servoStudio.csproj]
C:\UserWorx\VSWorx\ServoStudio\wpfui-servoStudio\samples\Wpf.Ui.servoStudio\Helpers\EsiToSiiConverter.cs(630,17): warning IDE0058: 姘歌繙涓嶄細浣跨敤琛ㄨ揪寮忓€?(https://learn.microsoft.com/dotnet/fundamentals/code-analysis/style-rules/ide0058) [C:\UserWorx\VSWorx\ServoStudio\wpfui-servoStudio\samples\Wpf.Ui.servoStudio\servoStudio.csproj]
C:\UserWorx\VSWorx\ServoStudio\wpfui-servoStudio\samples\Wpf.Ui.servoStudio\Helpers\EsiToSiiConverter.cs(635,17): warning IDE0058: 姘歌繙涓嶄細浣跨敤琛ㄨ揪寮忓€?(https://learn.microsoft.com/dotnet/fundamentals/code-analysis/style-rules/ide0058) [C:\UserWorx\VSWorx\ServoStudio\wpfui-servoStudio\samples\Wpf.Ui.servoStudio\servoStudio.csproj]
C:\UserWorx\VSWorx\ServoStudio\wpfui-servoStudio\samples\Wpf.Ui.servoStudio\Helpers\EsiToSiiConverter.cs(650,9): warning IDE0011: 鍚?鈥渋f鈥?璇彞娣诲姞澶ф嫭鍙枫€?(https://learn.microsoft.com/dotnet/fundamentals/code-analysis/style-rules/ide0011) [C:\UserWorx\VSWorx\ServoStudio\wpfui-servoStudio\samples\Wpf.Ui.servoStudio\servoStudio.csproj]
C:\UserWorx\VSWorx\ServoStudio\wpfui-servoStudio\samples\Wpf.Ui.servoStudio\Helpers\EsiToSiiConverter.cs(654,9): warning IDE0011: 鍚?鈥渋f鈥?璇彞娣诲姞澶ф嫭鍙枫€?(https://learn.microsoft.com/dotnet/fundamentals/code-analysis/style-rules/ide0011) [C:\UserWorx\VSWorx\ServoStudio\wpfui-servoStudio\samples\Wpf.Ui.servoStudio\servoStudio.csproj]
C:\UserWorx\VSWorx\ServoStudio\wpfui-servoStudio\samples\Wpf.Ui.servoStudio\Helpers\EsiToSiiConverter.cs(657,9): warning IDE0011: 鍚?鈥渋f鈥?璇彞娣诲姞澶ф嫭鍙枫€?(https://learn.microsoft.com/dotnet/fundamentals/code-analysis/style-rules/ide0011) [C:\UserWorx\VSWorx\ServoStudio\wpfui-servoStudio\samples\Wpf.Ui.servoStudio\servoStudio.csproj]
C:\UserWorx\VSWorx\ServoStudio\wpfui-servoStudio\samples\Wpf.Ui.servoStudio\Views\Pages\FactoryPages\FrameFormatEditorPage.xaml.cs(258,13): warning IDE0011: 鍚?鈥渋f鈥?璇彞娣诲姞澶ф嫭鍙枫€?(https://learn.microsoft.com/dotnet/fundamentals/code-analysis/style-rules/ide0011) [C:\UserWorx\VSWorx\ServoStudio\wpfui-servoStudio\samples\Wpf.Ui.servoStudio\servoStudio.csproj]
C:\UserWorx\VSWorx\ServoStudio\wpfui-servoStudio\samples\Wpf.Ui.servoStudio\Views\Pages\FactoryPages\FrameFormatEditorPage.xaml.cs(264,13): warning IDE0011: 鍚?鈥渋f鈥?璇彞娣诲姞澶ф嫭鍙枫€?(https://learn.microsoft.com/dotnet/fundamentals/code-analysis/style-rules/ide0011) [C:\UserWorx\VSWorx\ServoStudio\wpfui-servoStudio\samples\Wpf.Ui.servoStudio\servoStudio.csproj]
C:\UserWorx\VSWorx\ServoStudio\wpfui-servoStudio\samples\Wpf.Ui.servoStudio\Views\Pages\FactoryPages\FrameFormatEditorPage.xaml.cs(269,17): warning IDE0011: 鍚?鈥渋f鈥?璇彞娣诲姞澶ф嫭鍙枫€?(https://learn.microsoft.com/dotnet/fundamentals/code-analysis/style-rules/ide0011) [C:\UserWorx\VSWorx\ServoStudio\wpfui-servoStudio\samples\Wpf.Ui.servoStudio\servoStudio.csproj]
C:\UserWorx\VSWorx\ServoStudio\wpfui-servoStudio\samples\Wpf.Ui.servoStudio\Models\FrameFormat.cs(123,9): warning IDE0011: 鍚?鈥渋f鈥?璇彞娣诲姞澶ф嫭鍙枫€?(https://learn.microsoft.com/dotnet/fundamentals/code-analysis/style-rules/ide0011) [C:\UserWorx\VSWorx\ServoStudio\wpfui-servoStudio\samples\Wpf.Ui.servoStudio\servoStudio.csproj]
C:\UserWorx\VSWorx\ServoStudio\wpfui-servoStudio\samples\Wpf.Ui.servoStudio\Services\RegisterDisableService.cs(60,13): warning IDE0011: 鍚?鈥渋f鈥?璇彞娣诲姞澶ф嫭鍙枫€?(https://learn.microsoft.com/dotnet/fundamentals/code-analysis/style-rules/ide0011) [C:\UserWorx\VSWorx\ServoStudio\wpfui-servoStudio\samples\Wpf.Ui.servoStudio\servoStudio.csproj]
C:\UserWorx\VSWorx\ServoStudio\wpfui-servoStudio\samples\Wpf.Ui.servoStudio\Models\FaultCodeTable.cs(105,45): warning IDE0008: 鐢ㄦ樉寮忕被鍨嬩唬鏇?"var" (https://learn.microsoft.com/dotnet/fundamentals/code-analysis/style-rules/ide0008) [C:\UserWorx\VSWorx\ServoStudio\wpfui-servoStudio\samples\Wpf.Ui.servoStudio\servoStudio.csproj]
C:\UserWorx\VSWorx\ServoStudio\wpfui-servoStudio\samples\Wpf.Ui.servoStudio\Services\RegisterDisableService.cs(73,45): warning IDE0008: 鐢ㄦ樉寮忕被鍨嬩唬鏇?"var" (https://learn.microsoft.com/dotnet/fundamentals/code-analysis/style-rules/ide0008) [C:\UserWorx\VSWorx\ServoStudio\wpfui-servoStudio\samples\Wpf.Ui.servoStudio\servoStudio.csproj]
C:\UserWorx\VSWorx\ServoStudio\wpfui-servoStudio\samples\Wpf.Ui.servoStudio\Models\FrameFormat.cs(131,9): warning IDE0011: 鍚?鈥渋f鈥?璇彞娣诲姞澶ф嫭鍙枫€?(https://learn.microsoft.com/dotnet/fundamentals/code-analysis/style-rules/ide0011) [C:\UserWorx\VSWorx\ServoStudio\wpfui-servoStudio\samples\Wpf.Ui.servoStudio\servoStudio.csproj]
C:\UserWorx\VSWorx\ServoStudio\wpfui-servoStudio\samples\Wpf.Ui.servoStudio\Views\Pages\FactoryPages\FrameFormatEditorPage.xaml.cs(368,9): warning IDE0011: 鍚?鈥渋f鈥?璇彞娣诲姞澶ф嫭鍙枫€?(https://learn.microsoft.com/dotnet/fundamentals/code-analysis/style-rules/ide0011) [C:\UserWorx\VSWorx\ServoStudio\wpfui-servoStudio\samples\Wpf.Ui.servoStudio\servoStudio.csproj]
C:\UserWorx\VSWorx\ServoStudio\wpfui-servoStudio\samples\Wpf.Ui.servoStudio\Models\FrameFormat.cs(149,9): warning IDE0011: 鍚?鈥渋f鈥?璇彞娣诲姞澶ф嫭鍙枫€?(https://learn.microsoft.com/dotnet/fundamentals/code-analysis/style-rules/ide0011) [C:\UserWorx\VSWorx\ServoStudio\wpfui-servoStudio\samples\Wpf.Ui.servoStudio\servoStudio.csproj]
C:\UserWorx\VSWorx\ServoStudio\wpfui-servoStudio\samples\Wpf.Ui.servoStudio\Models\FrameFormat.cs(156,9): warning IDE0011: 鍚?鈥渋f鈥?璇彞娣诲姞澶ф嫭鍙枫€?(https://learn.microsoft.com/dotnet/fundamentals/code-analysis/style-rules/ide0011) [C:\UserWorx\VSWorx\ServoStudio\wpfui-servoStudio\samples\Wpf.Ui.servoStudio\servoStudio.csproj]
C:\UserWorx\VSWorx\ServoStudio\wpfui-servoStudio\samples\Wpf.Ui.servoStudio\Views\Pages\FactoryPages\FrameFormatEditorPage.xaml.cs(306,9): warning IDE0058: 姘歌繙涓嶄細浣跨敤琛ㄨ揪寮忓€?(https://learn.microsoft.com/dotnet/fundamentals/code-analysis/style-rules/ide0058) [C:\UserWorx\VSWorx\ServoStudio\wpfui-servoStudio\samples\Wpf.Ui.servoStudio\servoStudio.csproj]
C:\UserWorx\VSWorx\ServoStudio\wpfui-servoStudio\samples\Wpf.Ui.servoStudio\Views\Pages\FactoryPages\FrameFormatEditorPage.xaml.cs(314,9): warning IDE0058: 姘歌繙涓嶄細浣跨敤琛ㄨ揪寮忓€?(https://learn.microsoft.com/dotnet/fundamentals/code-analysis/style-rules/ide0058) [C:\UserWorx\VSWorx\ServoStudio\wpfui-servoStudio\samples\Wpf.Ui.servoStudio\servoStudio.csproj]
C:\UserWorx\VSWorx\ServoStudio\wpfui-servoStudio\samples\Wpf.Ui.servoStudio\Views\Pages\FactoryPages\FrameFormatEditorPage.xaml.cs(322,9): warning IDE0058: 姘歌繙涓嶄細浣跨敤琛ㄨ揪寮忓€?(https://learn.microsoft.com/dotnet/fundamentals/code-analysis/style-rules/ide0058) [C:\UserWorx\VSWorx\ServoStudio\wpfui-servoStudio\samples\Wpf.Ui.servoStudio\servoStudio.csproj]
C:\UserWorx\VSWorx\ServoStudio\wpfui-servoStudio\samples\Wpf.Ui.servoStudio\Views\Pages\FactoryPages\FrameFormatEditorPage.xaml.cs(376,9): warning IDE0011: 鍚?鈥渋f鈥?璇彞娣诲姞澶ф嫭鍙枫€?(https://learn.microsoft.com/dotnet/fundamentals/code-analysis/style-rules/ide0011) [C:\UserWorx\VSWorx\ServoStudio\wpfui-servoStudio\samples\Wpf.Ui.servoStudio\servoStudio.csproj]
C:\UserWorx\VSWorx\ServoStudio\wpfui-servoStudio\samples\Wpf.Ui.servoStudio\Views\Pages\FactoryPages\FrameFormatEditorPage.xaml.cs(377,9): warning IDE0011: 鍚?鈥渋f鈥?璇彞娣诲姞澶ф嫭鍙枫€?(https://learn.microsoft.com/dotnet/fundamentals/code-analysis/style-rules/ide0011) [C:\UserWorx\VSWorx\ServoStudio\wpfui-servoStudio\samples\Wpf.Ui.servoStudio\servoStudio.csproj]
C:\UserWorx\VSWorx\ServoStudio\wpfui-servoStudio\samples\Wpf.Ui.servoStudio\Views\Pages\FactoryPages\FrameFormatEditorPage.xaml.cs(380,9): warning IDE0011: 鍚?鈥渋f鈥?璇彞娣诲姞澶ф嫭鍙枫€?(https://learn.microsoft.com/dotnet/fundamentals/code-analysis/style-rules/ide0011) [C:\UserWorx\VSWorx\ServoStudio\wpfui-servoStudio\samples\Wpf.Ui.servoStudio\servoStudio.csproj]
C:\UserWorx\VSWorx\ServoStudio\wpfui-servoStudio\samples\Wpf.Ui.servoStudio\Views\Pages\FactoryPages\FrameFormatEditorPage.xaml.cs(377,31): warning IDE0008: 鐢ㄦ樉寮忕被鍨嬩唬鏇?"var" (https://learn.microsoft.com/dotnet/fundamentals/code-analysis/style-rules/ide0008) [C:\UserWorx\VSWorx\ServoStudio\wpfui-servoStudio\samples\Wpf.Ui.servoStudio\servoStudio.csproj]
C:\UserWorx\VSWorx\ServoStudio\wpfui-servoStudio\samples\Wpf.Ui.servoStudio\Models\FrameFormat.cs(354,18): warning IDE0008: 鐢ㄦ樉寮忕被鍨嬩唬鏇?"var" (https://learn.microsoft.com/dotnet/fundamentals/code-analysis/style-rules/ide0008) [C:\UserWorx\VSWorx\ServoStudio\wpfui-servoStudio\samples\Wpf.Ui.servoStudio\servoStudio.csproj]
C:\UserWorx\VSWorx\ServoStudio\wpfui-servoStudio\samples\Wpf.Ui.servoStudio\ViewModels\AppData\DataViewViewModel.cs(1684,13): warning IDE0008: 鐢ㄦ樉寮忕被鍨嬩唬鏇?"var" (https://learn.microsoft.com/dotnet/fundamentals/code-analysis/style-rules/ide0008) [C:\UserWorx\VSWorx\ServoStudio\wpfui-servoStudio\samples\Wpf.Ui.servoStudio\servoStudio.csproj]
C:\UserWorx\VSWorx\ServoStudio\wpfui-servoStudio\samples\Wpf.Ui.servoStudio\Views\Pages\FactoryPages\FrameFormatEditorPage.xaml.cs(397,13): warning IDE0011: 鍚?鈥渋f鈥?璇彞娣诲姞澶ф嫭鍙枫€?(https://learn.microsoft.com/dotnet/fundamentals/code-analysis/style-rules/ide0011) [C:\UserWorx\VSWorx\ServoStudio\wpfui-servoStudio\samples\Wpf.Ui.servoStudio\servoStudio.csproj]
C:\UserWorx\VSWorx\ServoStudio\wpfui-servoStudio\samples\Wpf.Ui.servoStudio\Views\Pages\FactoryPages\FrameFormatEditorPage.xaml.cs(401,13): warning IDE0011: 鍚?鈥渋f鈥?璇彞娣诲姞澶ф嫭鍙枫€?(https://learn.microsoft.com/dotnet/fundamentals/code-analysis/style-rules/ide0011) [C:\UserWorx\VSWorx\ServoStudio\wpfui-servoStudio\samples\Wpf.Ui.servoStudio\servoStudio.csproj]
C:\UserWorx\VSWorx\ServoStudio\wpfui-servoStudio\samples\Wpf.Ui.servoStudio\Views\Pages\FactoryPages\FrameFormatEditorPage.xaml.cs(415,13): warning IDE0011: 鍚?鈥渋f鈥?璇彞娣诲姞澶ф嫭鍙枫€?(https://learn.microsoft.com/dotnet/fundamentals/code-analysis/style-rules/ide0011) [C:\UserWorx\VSWorx\ServoStudio\wpfui-servoStudio\samples\Wpf.Ui.servoStudio\servoStudio.csproj]
C:\UserWorx\VSWorx\ServoStudio\wpfui-servoStudio\samples\Wpf.Ui.servoStudio\Views\Pages\FactoryPages\FrameFormatEditorPage.xaml.cs(413,18): warning IDE0008: 鐢ㄦ樉寮忕被鍨嬩唬鏇?"var" (https://learn.microsoft.com/dotnet/fundamentals/code-analysis/style-rules/ide0008) [C:\UserWorx\VSWorx\ServoStudio\wpfui-servoStudio\samples\Wpf.Ui.servoStudio\servoStudio.csproj]
C:\UserWorx\VSWorx\ServoStudio\wpfui-servoStudio\samples\Wpf.Ui.servoStudio\ViewModels\AppData\DataViewViewModel.cs(1750,9): warning IDE0008: 鐢ㄦ樉寮忕被鍨嬩唬鏇?"var" (https://learn.microsoft.com/dotnet/fundamentals/code-analysis/style-rules/ide0008) [C:\UserWorx\VSWorx\ServoStudio\wpfui-servoStudio\samples\Wpf.Ui.servoStudio\servoStudio.csproj]
C:\UserWorx\VSWorx\ServoStudio\wpfui-servoStudio\samples\Wpf.Ui.servoStudio\ViewModels\AppData\DataViewViewModel.cs(1782,9): warning IDE0008: 鐢ㄦ樉寮忕被鍨嬩唬鏇?"var" (https://learn.microsoft.com/dotnet/fundamentals/code-analysis/style-rules/ide0008) [C:\UserWorx\VSWorx\ServoStudio\wpfui-servoStudio\samples\Wpf.Ui.servoStudio\servoStudio.csproj]
C:\UserWorx\VSWorx\ServoStudio\wpfui-servoStudio\samples\Wpf.Ui.servoStudio\Models\FactoryParameters.cs(143,9): warning IDE0011: 鍚?鈥渋f鈥?璇彞娣诲姞澶ф嫭鍙枫€?(https://learn.microsoft.com/dotnet/fundamentals/code-analysis/style-rules/ide0011) [C:\UserWorx\VSWorx\ServoStudio\wpfui-servoStudio\samples\Wpf.Ui.servoStudio\servoStudio.csproj]
C:\UserWorx\VSWorx\ServoStudio\wpfui-servoStudio\samples\Wpf.Ui.servoStudio\ViewModels\AppData\DataViewViewModel.cs(1476,21): warning IDE0058: 姘歌繙涓嶄細浣跨敤琛ㄨ揪寮忓€?(https://learn.microsoft.com/dotnet/fundamentals/code-analysis/style-rules/ide0058) [C:\UserWorx\VSWorx\ServoStudio\wpfui-servoStudio\samples\Wpf.Ui.servoStudio\servoStudio.csproj]
C:\UserWorx\VSWorx\ServoStudio\wpfui-servoStudio\samples\Wpf.Ui.servoStudio\ViewModels\AppData\DataViewViewModel.cs(1499,21): warning IDE0058: 姘歌繙涓嶄細浣跨敤琛ㄨ揪寮忓€?(https://learn.microsoft.com/dotnet/fundamentals/code-analysis/style-rules/ide0058) [C:\UserWorx\VSWorx\ServoStudio\wpfui-servoStudio\samples\Wpf.Ui.servoStudio\servoStudio.csproj]
C:\UserWorx\VSWorx\ServoStudio\wpfui-servoStudio\samples\Wpf.Ui.servoStudio\Models\FrameFormat.cs(247,9): warning IDE0011: 鍚?鈥渋f鈥?璇彞娣诲姞澶ф嫭鍙枫€?(https://learn.microsoft.com/dotnet/fundamentals/code-analysis/style-rules/ide0011) [C:\UserWorx\VSWorx\ServoStudio\wpfui-servoStudio\samples\Wpf.Ui.servoStudio\servoStudio.csproj]
C:\UserWorx\VSWorx\ServoStudio\wpfui-servoStudio\samples\Wpf.Ui.servoStudio\Models\FrameFormat.cs(253,9): warning IDE0011: 鍚?鈥渋f鈥?璇彞娣诲姞澶ф嫭鍙枫€?(https://learn.microsoft.com/dotnet/fundamentals/code-analysis/style-rules/ide0011) [C:\UserWorx\VSWorx\ServoStudio\wpfui-servoStudio\samples\Wpf.Ui.servoStudio\servoStudio.csproj]
C:\UserWorx\VSWorx\ServoStudio\wpfui-servoStudio\samples\Wpf.Ui.servoStudio\Models\FrameFormat.cs(256,9): warning IDE0011: 鍚?鈥渋f鈥?璇彞娣诲姞澶ф嫭鍙枫€?(https://learn.microsoft.com/dotnet/fundamentals/code-analysis/style-rules/ide0011) [C:\UserWorx\VSWorx\ServoStudio\wpfui-servoStudio\samples\Wpf.Ui.servoStudio\servoStudio.csproj]
C:\UserWorx\VSWorx\ServoStudio\wpfui-servoStudio\samples\Wpf.Ui.servoStudio\Models\FrameFormat.cs(261,13): warning IDE0011: 鍚?鈥渋f鈥?璇彞娣诲姞澶ф嫭鍙枫€?(https://learn.microsoft.com/dotnet/fundamentals/code-analysis/style-rules/ide0011) [C:\UserWorx\VSWorx\ServoStudio\wpfui-servoStudio\samples\Wpf.Ui.servoStudio\servoStudio.csproj]
C:\UserWorx\VSWorx\ServoStudio\wpfui-servoStudio\samples\Wpf.Ui.servoStudio\Models\FrameFormat.cs(262,13): warning IDE0011: 鍚?鈥渋f鈥?璇彞娣诲姞澶ф嫭鍙枫€?(https://learn.microsoft.com/dotnet/fundamentals/code-analysis/style-rules/ide0011) [C:\UserWorx\VSWorx\ServoStudio\wpfui-servoStudio\samples\Wpf.Ui.servoStudio\servoStudio.csproj]
C:\UserWorx\VSWorx\ServoStudio\wpfui-servoStudio\samples\Wpf.Ui.servoStudio\Models\FrameFormat.cs(278,18): warning IDE0008: 鐢ㄦ樉寮忕被鍨嬩唬鏇?"var" (https://learn.microsoft.com/dotnet/fundamentals/code-analysis/style-rules/ide0008) [C:\UserWorx\VSWorx\ServoStudio\wpfui-servoStudio\samples\Wpf.Ui.servoStudio\servoStudio.csproj]
C:\UserWorx\VSWorx\ServoStudio\wpfui-servoStudio\samples\Wpf.Ui.servoStudio\ViewModels\AppData\DataViewViewModel.cs(1790,15): warning IDE0008: 鐢ㄦ樉寮忕被鍨嬩唬鏇?"var" (https://learn.microsoft.com/dotnet/fundamentals/code-analysis/style-rules/ide0008) [C:\UserWorx\VSWorx\ServoStudio\wpfui-servoStudio\samples\Wpf.Ui.servoStudio\servoStudio.csproj]
C:\UserWorx\VSWorx\ServoStudio\wpfui-servoStudio\samples\Wpf.Ui.servoStudio\ViewModels\AppData\DataViewViewModel.cs(1845,22): warning IDE0008: 鐢ㄦ樉寮忕被鍨嬩唬鏇?"var" (https://learn.microsoft.com/dotnet/fundamentals/code-analysis/style-rules/ide0008) [C:\UserWorx\VSWorx\ServoStudio\wpfui-servoStudio\samples\Wpf.Ui.servoStudio\servoStudio.csproj]
C:\UserWorx\VSWorx\ServoStudio\wpfui-servoStudio\samples\Wpf.Ui.servoStudio\ViewModels\AppData\DataViewViewModel.cs(1849,21): warning IDE0008: 鐢ㄦ樉寮忕被鍨嬩唬鏇?"var" (https://learn.microsoft.com/dotnet/fundamentals/code-analysis/style-rules/ide0008) [C:\UserWorx\VSWorx\ServoStudio\wpfui-servoStudio\samples\Wpf.Ui.servoStudio\servoStudio.csproj]
C:\UserWorx\VSWorx\ServoStudio\wpfui-servoStudio\samples\Wpf.Ui.servoStudio\ViewModels\AppData\DataViewViewModel.cs(1858,13): warning IDE0008: 鐢ㄦ樉寮忕被鍨嬩唬鏇?"var" (https://learn.microsoft.com/dotnet/fundamentals/code-analysis/style-rules/ide0008) [C:\UserWorx\VSWorx\ServoStudio\wpfui-servoStudio\samples\Wpf.Ui.servoStudio\servoStudio.csproj]
C:\UserWorx\VSWorx\ServoStudio\wpfui-servoStudio\samples\Wpf.Ui.servoStudio\ViewModels\AppData\DataViewViewModel.cs(1877,26): warning IDE0008: 鐢ㄦ樉寮忕被鍨嬩唬鏇?"var" (https://learn.microsoft.com/dotnet/fundamentals/code-analysis/style-rules/ide0008) [C:\UserWorx\VSWorx\ServoStudio\wpfui-servoStudio\samples\Wpf.Ui.servoStudio\servoStudio.csproj]
C:\UserWorx\VSWorx\ServoStudio\wpfui-servoStudio\samples\Wpf.Ui.servoStudio\ViewModels\AppData\DataViewViewModel.cs(1879,21): warning IDE0008: 鐢ㄦ樉寮忕被鍨嬩唬鏇?"var" (https://learn.microsoft.com/dotnet/fundamentals/code-analysis/style-rules/ide0008) [C:\UserWorx\VSWorx\ServoStudio\wpfui-servoStudio\samples\Wpf.Ui.servoStudio\servoStudio.csproj]
C:\UserWorx\VSWorx\ServoStudio\wpfui-servoStudio\samples\Wpf.Ui.servoStudio\ViewModels\AppData\DataViewViewModel.cs(1896,26): warning IDE0008: 鐢ㄦ樉寮忕被鍨嬩唬鏇?"var" (https://learn.microsoft.com/dotnet/fundamentals/code-analysis/style-rules/ide0008) [C:\UserWorx\VSWorx\ServoStudio\wpfui-servoStudio\samples\Wpf.Ui.servoStudio\servoStudio.csproj]
C:\UserWorx\VSWorx\ServoStudio\wpfui-servoStudio\samples\Wpf.Ui.servoStudio\Models\ControlModeParameters.cs(115,9): warning IDE0011: 鍚?鈥渋f鈥?璇彞娣诲姞澶ф嫭鍙枫€?(https://learn.microsoft.com/dotnet/fundamentals/code-analysis/style-rules/ide0011) [C:\UserWorx\VSWorx\ServoStudio\wpfui-servoStudio\samples\Wpf.Ui.servoStudio\servoStudio.csproj]
C:\UserWorx\VSWorx\ServoStudio\wpfui-servoStudio\samples\Wpf.Ui.servoStudio\ViewModels\AppData\DataViewViewModel.cs(1898,21): warning IDE0008: 鐢ㄦ樉寮忕被鍨嬩唬鏇?"var" (https://learn.microsoft.com/dotnet/fundamentals/code-analysis/style-rules/ide0008) [C:\UserWorx\VSWorx\ServoStudio\wpfui-servoStudio\samples\Wpf.Ui.servoStudio\servoStudio.csproj]
C:\UserWorx\VSWorx\ServoStudio\wpfui-servoStudio\samples\Wpf.Ui.servoStudio\Core\Usb\UsbMaster.cs(150,15): warning IDE0058: 姘歌繙涓嶄細浣跨敤琛ㄨ揪寮忓€?(https://learn.microsoft.com/dotnet/fundamentals/code-analysis/style-rules/ide0058) [C:\UserWorx\VSWorx\ServoStudio\wpfui-servoStudio\samples\Wpf.Ui.servoStudio\servoStudio.csproj]
C:\UserWorx\VSWorx\ServoStudio\wpfui-servoStudio\samples\Wpf.Ui.servoStudio\ViewModels\AppData\DataViewViewModel.cs(1930,18): warning IDE0008: 鐢ㄦ樉寮忕被鍨嬩唬鏇?"var" (https://learn.microsoft.com/dotnet/fundamentals/code-analysis/style-rules/ide0008) [C:\UserWorx\VSWorx\ServoStudio\wpfui-servoStudio\samples\Wpf.Ui.servoStudio\servoStudio.csproj]
C:\UserWorx\VSWorx\ServoStudio\wpfui-servoStudio\samples\Wpf.Ui.servoStudio\Core\Usb\UsbMaster.cs(202,9): warning IDE0008: 鐢ㄦ樉寮忕被鍨嬩唬鏇?"var" (https://learn.microsoft.com/dotnet/fundamentals/code-analysis/style-rules/ide0008) [C:\UserWorx\VSWorx\ServoStudio\wpfui-servoStudio\samples\Wpf.Ui.servoStudio\servoStudio.csproj]
C:\UserWorx\VSWorx\ServoStudio\wpfui-servoStudio\samples\Wpf.Ui.servoStudio\Core\Usb\MscUsbBus.cs(60,13): warning IDE0058: 姘歌繙涓嶄細浣跨敤琛ㄨ揪寮忓€?(https://learn.microsoft.com/dotnet/fundamentals/code-analysis/style-rules/ide0058) [C:\UserWorx\VSWorx\ServoStudio\wpfui-servoStudio\samples\Wpf.Ui.servoStudio\servoStudio.csproj]
C:\UserWorx\VSWorx\ServoStudio\wpfui-servoStudio\samples\Wpf.Ui.servoStudio\Core\Usb\MscUsbBus.cs(61,13): warning IDE0058: 姘歌繙涓嶄細浣跨敤琛ㄨ揪寮忓€?(https://learn.microsoft.com/dotnet/fundamentals/code-analysis/style-rules/ide0058) [C:\UserWorx\VSWorx\ServoStudio\wpfui-servoStudio\samples\Wpf.Ui.servoStudio\servoStudio.csproj]
C:\UserWorx\VSWorx\ServoStudio\wpfui-servoStudio\samples\Wpf.Ui.servoStudio\Core\Usb\UsbBulkBus.cs(102,19): warning IDE0058: 姘歌繙涓嶄細浣跨敤琛ㄨ揪寮忓€?(https://learn.microsoft.com/dotnet/fundamentals/code-analysis/style-rules/ide0058) [C:\UserWorx\VSWorx\ServoStudio\wpfui-servoStudio\samples\Wpf.Ui.servoStudio\servoStudio.csproj]
C:\UserWorx\VSWorx\ServoStudio\wpfui-servoStudio\samples\Wpf.Ui.servoStudio\Core\Usb\UsbMaster.cs(242,9): warning IDE0058: 姘歌繙涓嶄細浣跨敤琛ㄨ揪寮忓€?(https://learn.microsoft.com/dotnet/fundamentals/code-analysis/style-rules/ide0058) [C:\UserWorx\VSWorx\ServoStudio\wpfui-servoStudio\samples\Wpf.Ui.servoStudio\servoStudio.csproj]
C:\UserWorx\VSWorx\ServoStudio\wpfui-servoStudio\samples\Wpf.Ui.servoStudio\ViewModels\SettingsViewModel.cs(35,9): warning IDE0008: 鐢ㄦ樉寮忕被鍨嬩唬鏇?"var" (https://learn.microsoft.com/dotnet/fundamentals/code-analysis/style-rules/ide0008) [C:\UserWorx\VSWorx\ServoStudio\wpfui-servoStudio\samples\Wpf.Ui.servoStudio\servoStudio.csproj]
C:\UserWorx\VSWorx\ServoStudio\wpfui-servoStudio\samples\Wpf.Ui.servoStudio\ViewModels\Firmware\EcatEepromViewModel.cs(316,28): warning IDE0055: 淇鏍煎紡 (https://learn.microsoft.com/dotnet/fundamentals/code-analysis/style-rules/ide0055) [C:\UserWorx\VSWorx\ServoStudio\wpfui-servoStudio\samples\Wpf.Ui.servoStudio\servoStudio.csproj]
C:\UserWorx\VSWorx\ServoStudio\wpfui-servoStudio\samples\Wpf.Ui.servoStudio\ViewModels\Firmware\EcatEepromViewModel.cs(323,39): warning IDE0055: 淇鏍煎紡 (https://learn.microsoft.com/dotnet/fundamentals/code-analysis/style-rules/ide0055) [C:\UserWorx\VSWorx\ServoStudio\wpfui-servoStudio\samples\Wpf.Ui.servoStudio\servoStudio.csproj]
C:\UserWorx\VSWorx\ServoStudio\wpfui-servoStudio\samples\Wpf.Ui.servoStudio\ViewModels\Firmware\EcatEepromViewModel.cs(338,31): warning IDE0055: 淇鏍煎紡 (https://learn.microsoft.com/dotnet/fundamentals/code-analysis/style-rules/ide0055) [C:\UserWorx\VSWorx\ServoStudio\wpfui-servoStudio\samples\Wpf.Ui.servoStudio\servoStudio.csproj]
C:\UserWorx\VSWorx\ServoStudio\wpfui-servoStudio\samples\Wpf.Ui.servoStudio\ViewModels\AppData\DataViewViewModel.cs(2006,18): warning IDE0008: 鐢ㄦ樉寮忕被鍨嬩唬鏇?"var" (https://learn.microsoft.com/dotnet/fundamentals/code-analysis/style-rules/ide0008) [C:\UserWorx\VSWorx\ServoStudio\wpfui-servoStudio\samples\Wpf.Ui.servoStudio\servoStudio.csproj]
C:\UserWorx\VSWorx\ServoStudio\wpfui-servoStudio\samples\Wpf.Ui.servoStudio\Core\Usb\UsbBulkBus.cs(221,13): warning IDE0058: 姘歌繙涓嶄細浣跨敤琛ㄨ揪寮忓€?(https://learn.microsoft.com/dotnet/fundamentals/code-analysis/style-rules/ide0058) [C:\UserWorx\VSWorx\ServoStudio\wpfui-servoStudio\samples\Wpf.Ui.servoStudio\servoStudio.csproj]
C:\UserWorx\VSWorx\ServoStudio\wpfui-servoStudio\samples\Wpf.Ui.servoStudio\ViewModels\AppData\DataViewViewModel.cs(2033,22): warning IDE0008: 鐢ㄦ樉寮忕被鍨嬩唬鏇?"var" (https://learn.microsoft.com/dotnet/fundamentals/code-analysis/style-rules/ide0008) [C:\UserWorx\VSWorx\ServoStudio\wpfui-servoStudio\samples\Wpf.Ui.servoStudio\servoStudio.csproj]
C:\UserWorx\VSWorx\ServoStudio\wpfui-servoStudio\samples\Wpf.Ui.servoStudio\Core\Usb\MscUsbBus.cs(181,9): warning IDE0058: 姘歌繙涓嶄細浣跨敤琛ㄨ揪寮忓€?(https://learn.microsoft.com/dotnet/fundamentals/code-analysis/style-rules/ide0058) [C:\UserWorx\VSWorx\ServoStudio\wpfui-servoStudio\samples\Wpf.Ui.servoStudio\servoStudio.csproj]
C:\UserWorx\VSWorx\ServoStudio\wpfui-servoStudio\samples\Wpf.Ui.servoStudio\ViewModels\Motion\MultiStepProfileViewModel.cs(58,49): warning IDE0011: 鍚?鈥渋f鈥?璇彞娣诲姞澶ф嫭鍙枫€?(https://learn.microsoft.com/dotnet/fundamentals/code-analysis/style-rules/ide0011) [C:\UserWorx\VSWorx\ServoStudio\wpfui-servoStudio\samples\Wpf.Ui.servoStudio\servoStudio.csproj]
C:\UserWorx\VSWorx\ServoStudio\wpfui-servoStudio\samples\Wpf.Ui.servoStudio\ViewModels\Motion\MultiStepProfileViewModel.cs(59,48): warning IDE0011: 鍚?鈥渋f鈥?璇彞娣诲姞澶ф嫭鍙枫€?(https://learn.microsoft.com/dotnet/fundamentals/code-analysis/style-rules/ide0011) [C:\UserWorx\VSWorx\ServoStudio\wpfui-servoStudio\samples\Wpf.Ui.servoStudio\servoStudio.csproj]
C:\UserWorx\VSWorx\ServoStudio\wpfui-servoStudio\samples\Wpf.Ui.servoStudio\Core\Usb\UsbBulkBus.cs(293,13): warning IDE0058: 姘歌繙涓嶄細浣跨敤琛ㄨ揪寮忓€?(https://learn.microsoft.com/dotnet/fundamentals/code-analysis/style-rules/ide0058) [C:\UserWorx\VSWorx\ServoStudio\wpfui-servoStudio\samples\Wpf.Ui.servoStudio\servoStudio.csproj]
C:\UserWorx\VSWorx\ServoStudio\wpfui-servoStudio\samples\Wpf.Ui.servoStudio\Core\Usb\UsbBulkBus.cs(314,9): warning IDE0058: 姘歌繙涓嶄細浣跨敤琛ㄨ揪寮忓€?(https://learn.microsoft.com/dotnet/fundamentals/code-analysis/style-rules/ide0058) [C:\UserWorx\VSWorx\ServoStudio\wpfui-servoStudio\samples\Wpf.Ui.servoStudio\servoStudio.csproj]
C:\UserWorx\VSWorx\ServoStudio\wpfui-servoStudio\samples\Wpf.Ui.servoStudio\ViewModels\Hardware\StoConfigViewModel.cs(108,9): warning IDE0011: 鍚?鈥渋f鈥?璇彞娣诲姞澶ф嫭鍙枫€?(https://learn.microsoft.com/dotnet/fundamentals/code-analysis/style-rules/ide0011) [C:\UserWorx\VSWorx\ServoStudio\wpfui-servoStudio\samples\Wpf.Ui.servoStudio\servoStudio.csproj]
C:\UserWorx\VSWorx\ServoStudio\wpfui-servoStudio\samples\Wpf.Ui.servoStudio\ViewModels\Hardware\StoConfigViewModel.cs(109,9): warning IDE0011: 鍚?鈥渋f鈥?璇彞娣诲姞澶ф嫭鍙枫€?(https://learn.microsoft.com/dotnet/fundamentals/code-analysis/style-rules/ide0011) [C:\UserWorx\VSWorx\ServoStudio\wpfui-servoStudio\samples\Wpf.Ui.servoStudio\servoStudio.csproj]
C:\UserWorx\VSWorx\ServoStudio\wpfui-servoStudio\samples\Wpf.Ui.servoStudio\ViewModels\Hardware\StoConfigViewModel.cs(110,9): warning IDE0011: 鍚?鈥渋f鈥?璇彞娣诲姞澶ф嫭鍙枫€?(https://learn.microsoft.com/dotnet/fundamentals/code-analysis/style-rules/ide0011) [C:\UserWorx\VSWorx\ServoStudio\wpfui-servoStudio\samples\Wpf.Ui.servoStudio\servoStudio.csproj]
C:\UserWorx\VSWorx\ServoStudio\wpfui-servoStudio\samples\Wpf.Ui.servoStudio\ViewModels\Hardware\StoConfigViewModel.cs(111,9): warning IDE0011: 鍚?鈥渋f鈥?璇彞娣诲姞澶ф嫭鍙枫€?(https://learn.microsoft.com/dotnet/fundamentals/code-analysis/style-rules/ide0011) [C:\UserWorx\VSWorx\ServoStudio\wpfui-servoStudio\samples\Wpf.Ui.servoStudio\servoStudio.csproj]
C:\UserWorx\VSWorx\ServoStudio\wpfui-servoStudio\samples\Wpf.Ui.servoStudio\ViewModels\Hardware\StoConfigViewModel.cs(112,9): warning IDE0011: 鍚?鈥渋f鈥?璇彞娣诲姞澶ф嫭鍙枫€?(https://learn.microsoft.com/dotnet/fundamentals/code-analysis/style-rules/ide0011) [C:\UserWorx\VSWorx\ServoStudio\wpfui-servoStudio\samples\Wpf.Ui.servoStudio\servoStudio.csproj]
C:\UserWorx\VSWorx\ServoStudio\wpfui-servoStudio\samples\Wpf.Ui.servoStudio\ViewModels\Hardware\StoConfigViewModel.cs(113,9): warning IDE0011: 鍚?鈥渋f鈥?璇彞娣诲姞澶ф嫭鍙枫€?(https://learn.microsoft.com/dotnet/fundamentals/code-analysis/style-rules/ide0011) [C:\UserWorx\VSWorx\ServoStudio\wpfui-servoStudio\samples\Wpf.Ui.servoStudio\servoStudio.csproj]
C:\UserWorx\VSWorx\ServoStudio\wpfui-servoStudio\samples\Wpf.Ui.servoStudio\ViewModels\Hardware\StoConfigViewModel.cs(114,9): warning IDE0011: 鍚?鈥渋f鈥?璇彞娣诲姞澶ф嫭鍙枫€?(https://learn.microsoft.com/dotnet/fundamentals/code-analysis/style-rules/ide0011) [C:\UserWorx\VSWorx\ServoStudio\wpfui-servoStudio\samples\Wpf.Ui.servoStudio\servoStudio.csproj]
C:\UserWorx\VSWorx\ServoStudio\wpfui-servoStudio\samples\Wpf.Ui.servoStudio\ViewModels\Hardware\StoConfigViewModel.cs(117,9): warning IDE0011: 鍚?鈥渋f鈥?璇彞娣诲姞澶ф嫭鍙枫€?(https://learn.microsoft.com/dotnet/fundamentals/code-analysis/style-rules/ide0011) [C:\UserWorx\VSWorx\ServoStudio\wpfui-servoStudio\samples\Wpf.Ui.servoStudio\servoStudio.csproj]
C:\UserWorx\VSWorx\ServoStudio\wpfui-servoStudio\samples\Wpf.Ui.servoStudio\ViewModels\Hardware\StoConfigViewModel.cs(126,9): warning IDE0011: 鍚?鈥渋f鈥?璇彞娣诲姞澶ф嫭鍙枫€?(https://learn.microsoft.com/dotnet/fundamentals/code-analysis/style-rules/ide0011) [C:\UserWorx\VSWorx\ServoStudio\wpfui-servoStudio\samples\Wpf.Ui.servoStudio\servoStudio.csproj]
C:\UserWorx\VSWorx\ServoStudio\wpfui-servoStudio\samples\Wpf.Ui.servoStudio\ViewModels\Hardware\StoConfigViewModel.cs(127,9): warning IDE0011: 鍚?鈥渋f鈥?璇彞娣诲姞澶ф嫭鍙枫€?(https://learn.microsoft.com/dotnet/fundamentals/code-analysis/style-rules/ide0011) [C:\UserWorx\VSWorx\ServoStudio\wpfui-servoStudio\samples\Wpf.Ui.servoStudio\servoStudio.csproj]
C:\UserWorx\VSWorx\ServoStudio\wpfui-servoStudio\samples\Wpf.Ui.servoStudio\ViewModels\Hardware\StoConfigViewModel.cs(101,9): warning IDE0008: 鐢ㄦ樉寮忕被鍨嬩唬鏇?"var" (https://learn.microsoft.com/dotnet/fundamentals/code-analysis/style-rules/ide0008) [C:\UserWorx\VSWorx\ServoStudio\wpfui-servoStudio\samples\Wpf.Ui.servoStudio\servoStudio.csproj]
C:\UserWorx\VSWorx\ServoStudio\wpfui-servoStudio\samples\Wpf.Ui.servoStudio\ViewModels\Hardware\StoConfigViewModel.cs(102,9): warning IDE0008: 鐢ㄦ樉寮忕被鍨嬩唬鏇?"var" (https://learn.microsoft.com/dotnet/fundamentals/code-analysis/style-rules/ide0008) [C:\UserWorx\VSWorx\ServoStudio\wpfui-servoStudio\samples\Wpf.Ui.servoStudio\servoStudio.csproj]
C:\UserWorx\VSWorx\ServoStudio\wpfui-servoStudio\samples\Wpf.Ui.servoStudio\ViewModels\Motion\MultiStepProfileViewModel.cs(61,9): warning IDE0058: 姘歌繙涓嶄細浣跨敤琛ㄨ揪寮忓€?(https://learn.microsoft.com/dotnet/fundamentals/code-analysis/style-rules/ide0058) [C:\UserWorx\VSWorx\ServoStudio\wpfui-servoStudio\samples\Wpf.Ui.servoStudio\servoStudio.csproj]
C:\UserWorx\VSWorx\ServoStudio\wpfui-servoStudio\samples\Wpf.Ui.servoStudio\ViewModels\Motion\MultiStepProfileViewModel.cs(62,9): warning IDE0058: 姘歌繙涓嶄細浣跨敤琛ㄨ揪寮忓€?(https://learn.microsoft.com/dotnet/fundamentals/code-analysis/style-rules/ide0058) [C:\UserWorx\VSWorx\ServoStudio\wpfui-servoStudio\samples\Wpf.Ui.servoStudio\servoStudio.csproj]
C:\UserWorx\VSWorx\ServoStudio\wpfui-servoStudio\samples\Wpf.Ui.servoStudio\ViewModels\Motion\MultiStepProfileViewModel.cs(62,40): warning IDE0058: 姘歌繙涓嶄細浣跨敤琛ㄨ揪寮忓€?(https://learn.microsoft.com/dotnet/fundamentals/code-analysis/style-rules/ide0058) [C:\UserWorx\VSWorx\ServoStudio\wpfui-servoStudio\samples\Wpf.Ui.servoStudio\servoStudio.csproj]
C:\UserWorx\VSWorx\ServoStudio\wpfui-servoStudio\samples\Wpf.Ui.servoStudio\ViewModels\Motion\MultiStepProfileViewModel.cs(62,71): warning IDE0058: 姘歌繙涓嶄細浣跨敤琛ㄨ揪寮忓€?(https://learn.microsoft.com/dotnet/fundamentals/code-analysis/style-rules/ide0058) [C:\UserWorx\VSWorx\ServoStudio\wpfui-servoStudio\samples\Wpf.Ui.servoStudio\servoStudio.csproj]
C:\UserWorx\VSWorx\ServoStudio\wpfui-servoStudio\samples\Wpf.Ui.servoStudio\ViewModels\Motion\MultiStepProfileViewModel.cs(62,102): warning IDE0058: 姘歌繙涓嶄細浣跨敤琛ㄨ揪寮忓€?(https://learn.microsoft.com/dotnet/fundamentals/code-analysis/style-rules/ide0058) [C:\UserWorx\VSWorx\ServoStudio\wpfui-servoStudio\samples\Wpf.Ui.servoStudio\servoStudio.csproj]
C:\UserWorx\VSWorx\ServoStudio\wpfui-servoStudio\samples\Wpf.Ui.servoStudio\ViewModels\Motion\MultiStepProfileViewModel.cs(63,9): warning IDE0058: 姘歌繙涓嶄細浣跨敤琛ㄨ揪寮忓€?(https://learn.microsoft.com/dotnet/fundamentals/code-analysis/style-rules/ide0058) [C:\UserWorx\VSWorx\ServoStudio\wpfui-servoStudio\samples\Wpf.Ui.servoStudio\servoStudio.csproj]
C:\UserWorx\VSWorx\ServoStudio\wpfui-servoStudio\samples\Wpf.Ui.servoStudio\ViewModels\Motion\MultiStepProfileViewModel.cs(63,40): warning IDE0058: 姘歌繙涓嶄細浣跨敤琛ㄨ揪寮忓€?(https://learn.microsoft.com/dotnet/fundamentals/code-analysis/style-rules/ide0058) [C:\UserWorx\VSWorx\ServoStudio\wpfui-servoStudio\samples\Wpf.Ui.servoStudio\servoStudio.csproj]
C:\UserWorx\VSWorx\ServoStudio\wpfui-servoStudio\samples\Wpf.Ui.servoStudio\ViewModels\Motion\MultiStepProfileViewModel.cs(63,71): warning IDE0058: 姘歌繙涓嶄細浣跨敤琛ㄨ揪寮忓€?(https://learn.microsoft.com/dotnet/fundamentals/code-analysis/style-rules/ide0058) [C:\UserWorx\VSWorx\ServoStudio\wpfui-servoStudio\samples\Wpf.Ui.servoStudio\servoStudio.csproj]
C:\UserWorx\VSWorx\ServoStudio\wpfui-servoStudio\samples\Wpf.Ui.servoStudio\ViewModels\Motion\MultiStepProfileViewModel.cs(63,102): warning IDE0058: 姘歌繙涓嶄細浣跨敤琛ㄨ揪寮忓€?(https://learn.microsoft.com/dotnet/fundamentals/code-analysis/style-rules/ide0058) [C:\UserWorx\VSWorx\ServoStudio\wpfui-servoStudio\samples\Wpf.Ui.servoStudio\servoStudio.csproj]
C:\UserWorx\VSWorx\ServoStudio\wpfui-servoStudio\samples\Wpf.Ui.servoStudio\ViewModels\Motion\MultiStepProfileViewModel.cs(64,9): warning IDE0058: 姘歌繙涓嶄細浣跨敤琛ㄨ揪寮忓€?(https://learn.microsoft.com/dotnet/fundamentals/code-analysis/style-rules/ide0058) [C:\UserWorx\VSWorx\ServoStudio\wpfui-servoStudio\samples\Wpf.Ui.servoStudio\servoStudio.csproj]
C:\UserWorx\VSWorx\ServoStudio\wpfui-servoStudio\samples\Wpf.Ui.servoStudio\ViewModels\Motion\MultiStepProfileViewModel.cs(64,42): warning IDE0058: 姘歌繙涓嶄細浣跨敤琛ㄨ揪寮忓€?(https://learn.microsoft.com/dotnet/fundamentals/code-analysis/style-rules/ide0058) [C:\UserWorx\VSWorx\ServoStudio\wpfui-servoStudio\samples\Wpf.Ui.servoStudio\servoStudio.csproj]
C:\UserWorx\VSWorx\ServoStudio\wpfui-servoStudio\samples\Wpf.Ui.servoStudio\ViewModels\Motion\MultiStepProfileViewModel.cs(65,9): warning IDE0058: 姘歌繙涓嶄細浣跨敤琛ㄨ揪寮忓€?(https://learn.microsoft.com/dotnet/fundamentals/code-analysis/style-rules/ide0058) [C:\UserWorx\VSWorx\ServoStudio\wpfui-servoStudio\samples\Wpf.Ui.servoStudio\servoStudio.csproj]
C:\UserWorx\VSWorx\ServoStudio\wpfui-servoStudio\samples\Wpf.Ui.servoStudio\ViewModels\Motion\MultiStepProfileViewModel.cs(65,42): warning IDE0058: 姘歌繙涓嶄細浣跨敤琛ㄨ揪寮忓€?(https://learn.microsoft.com/dotnet/fundamentals/code-analysis/style-rules/ide0058) [C:\UserWorx\VSWorx\ServoStudio\wpfui-servoStudio\samples\Wpf.Ui.servoStudio\servoStudio.csproj]
C:\UserWorx\VSWorx\ServoStudio\wpfui-servoStudio\samples\Wpf.Ui.servoStudio\ViewModels\Motion\MultiStepProfileViewModel.cs(66,9): warning IDE0058: 姘歌繙涓嶄細浣跨敤琛ㄨ揪寮忓€?(https://learn.microsoft.com/dotnet/fundamentals/code-analysis/style-rules/ide0058) [C:\UserWorx\VSWorx\ServoStudio\wpfui-servoStudio\samples\Wpf.Ui.servoStudio\servoStudio.csproj]
C:\UserWorx\VSWorx\ServoStudio\wpfui-servoStudio\samples\Wpf.Ui.servoStudio\ViewModels\Motion\MultiStepProfileViewModel.cs(66,42): warning IDE0058: 姘歌繙涓嶄細浣跨敤琛ㄨ揪寮忓€?(https://learn.microsoft.com/dotnet/fundamentals/code-analysis/style-rules/ide0058) [C:\UserWorx\VSWorx\ServoStudio\wpfui-servoStudio\samples\Wpf.Ui.servoStudio\servoStudio.csproj]
C:\UserWorx\VSWorx\ServoStudio\wpfui-servoStudio\samples\Wpf.Ui.servoStudio\ViewModels\Motion\MultiStepProfileViewModel.cs(67,9): warning IDE0058: 姘歌繙涓嶄細浣跨敤琛ㄨ揪寮忓€?(https://learn.microsoft.com/dotnet/fundamentals/code-analysis/style-rules/ide0058) [C:\UserWorx\VSWorx\ServoStudio\wpfui-servoStudio\samples\Wpf.Ui.servoStudio\servoStudio.csproj]
C:\UserWorx\VSWorx\ServoStudio\wpfui-servoStudio\samples\Wpf.Ui.servoStudio\ViewModels\Motion\MultiStepProfileViewModel.cs(67,42): warning IDE0058: 姘歌繙涓嶄細浣跨敤琛ㄨ揪寮忓€?(https://learn.microsoft.com/dotnet/fundamentals/code-analysis/style-rules/ide0058) [C:\UserWorx\VSWorx\ServoStudio\wpfui-servoStudio\samples\Wpf.Ui.servoStudio\servoStudio.csproj]
C:\UserWorx\VSWorx\ServoStudio\wpfui-servoStudio\samples\Wpf.Ui.servoStudio\ViewModels\Motion\MultiStepProfileViewModel.cs(68,9): warning IDE0058: 姘歌繙涓嶄細浣跨敤琛ㄨ揪寮忓€?(https://learn.microsoft.com/dotnet/fundamentals/code-analysis/style-rules/ide0058) [C:\UserWorx\VSWorx\ServoStudio\wpfui-servoStudio\samples\Wpf.Ui.servoStudio\servoStudio.csproj]
C:\UserWorx\VSWorx\ServoStudio\wpfui-servoStudio\samples\Wpf.Ui.servoStudio\ViewModels\Motion\MultiStepProfileViewModel.cs(68,42): warning IDE0058: 姘歌繙涓嶄細浣跨敤琛ㄨ揪寮忓€?(https://learn.microsoft.com/dotnet/fundamentals/code-analysis/style-rules/ide0058) [C:\UserWorx\VSWorx\ServoStudio\wpfui-servoStudio\samples\Wpf.Ui.servoStudio\servoStudio.csproj]
C:\UserWorx\VSWorx\ServoStudio\wpfui-servoStudio\samples\Wpf.Ui.servoStudio\ViewModels\Motion\MultiStepProfileViewModel.cs(69,9): warning IDE0058: 姘歌繙涓嶄細浣跨敤琛ㄨ揪寮忓€?(https://learn.microsoft.com/dotnet/fundamentals/code-analysis/style-rules/ide0058) [C:\UserWorx\VSWorx\ServoStudio\wpfui-servoStudio\samples\Wpf.Ui.servoStudio\servoStudio.csproj]
C:\UserWorx\VSWorx\ServoStudio\wpfui-servoStudio\samples\Wpf.Ui.servoStudio\ViewModels\Motion\MultiStepProfileViewModel.cs(69,42): warning IDE0058: 姘歌繙涓嶄細浣跨敤琛ㄨ揪寮忓€?(https://learn.microsoft.com/dotnet/fundamentals/code-analysis/style-rules/ide0058) [C:\UserWorx\VSWorx\ServoStudio\wpfui-servoStudio\samples\Wpf.Ui.servoStudio\servoStudio.csproj]
C:\UserWorx\VSWorx\ServoStudio\wpfui-servoStudio\samples\Wpf.Ui.servoStudio\ViewModels\Motion\MultiStepProfileViewModel.cs(70,9): warning IDE0058: 姘歌繙涓嶄細浣跨敤琛ㄨ揪寮忓€?(https://learn.microsoft.com/dotnet/fundamentals/code-analysis/style-rules/ide0058) [C:\UserWorx\VSWorx\ServoStudio\wpfui-servoStudio\samples\Wpf.Ui.servoStudio\servoStudio.csproj]
C:\UserWorx\VSWorx\ServoStudio\wpfui-servoStudio\samples\Wpf.Ui.servoStudio\ViewModels\Motion\MultiStepProfileViewModel.cs(70,42): warning IDE0058: 姘歌繙涓嶄細浣跨敤琛ㄨ揪寮忓€?(https://learn.microsoft.com/dotnet/fundamentals/code-analysis/style-rules/ide0058) [C:\UserWorx\VSWorx\ServoStudio\wpfui-servoStudio\samples\Wpf.Ui.servoStudio\servoStudio.csproj]
C:\UserWorx\VSWorx\ServoStudio\wpfui-servoStudio\samples\Wpf.Ui.servoStudio\ViewModels\Motion\MultiStepProfileViewModel.cs(71,9): warning IDE0058: 姘歌繙涓嶄細浣跨敤琛ㄨ揪寮忓€?(https://learn.microsoft.com/dotnet/fundamentals/code-analysis/style-rules/ide0058) [C:\UserWorx\VSWorx\ServoStudio\wpfui-servoStudio\samples\Wpf.Ui.servoStudio\servoStudio.csproj]
C:\UserWorx\VSWorx\ServoStudio\wpfui-servoStudio\samples\Wpf.Ui.servoStudio\ViewModels\Motion\MultiStepProfileViewModel.cs(71,42): warning IDE0058: 姘歌繙涓嶄細浣跨敤琛ㄨ揪寮忓€?(https://learn.microsoft.com/dotnet/fundamentals/code-analysis/style-rules/ide0058) [C:\UserWorx\VSWorx\ServoStudio\wpfui-servoStudio\samples\Wpf.Ui.servoStudio\servoStudio.csproj]
C:\UserWorx\VSWorx\ServoStudio\wpfui-servoStudio\samples\Wpf.Ui.servoStudio\ViewModels\Hardware\StoConfigViewModel.cs(135,9): warning IDE0008: 鐢ㄦ樉寮忕被鍨嬩唬鏇?"var" (https://learn.microsoft.com/dotnet/fundamentals/code-analysis/style-rules/ide0008) [C:\UserWorx\VSWorx\ServoStudio\wpfui-servoStudio\samples\Wpf.Ui.servoStudio\servoStudio.csproj]
C:\UserWorx\VSWorx\ServoStudio\wpfui-servoStudio\samples\Wpf.Ui.servoStudio\ViewModels\Hardware\StoConfigViewModel.cs(136,9): warning IDE0008: 鐢ㄦ樉寮忕被鍨嬩唬鏇?"var" (https://learn.microsoft.com/dotnet/fundamentals/code-analysis/style-rules/ide0008) [C:\UserWorx\VSWorx\ServoStudio\wpfui-servoStudio\samples\Wpf.Ui.servoStudio\servoStudio.csproj]
C:\UserWorx\VSWorx\ServoStudio\wpfui-servoStudio\samples\Wpf.Ui.servoStudio\ViewModels\Factory\FrameFormatEditorViewModel.cs(102,9): warning IDE0011: 鍚?鈥渋f鈥?璇彞娣诲姞澶ф嫭鍙枫€?(https://learn.microsoft.com/dotnet/fundamentals/code-analysis/style-rules/ide0011) [C:\UserWorx\VSWorx\ServoStudio\wpfui-servoStudio\samples\Wpf.Ui.servoStudio\servoStudio.csproj]
C:\UserWorx\VSWorx\ServoStudio\wpfui-servoStudio\samples\Wpf.Ui.servoStudio\ViewModels\Factory\FrameFormatEditorViewModel.cs(113,9): warning IDE0011: 鍚?鈥渋f鈥?璇彞娣诲姞澶ф嫭鍙枫€?(https://learn.microsoft.com/dotnet/fundamentals/code-analysis/style-rules/ide0011) [C:\UserWorx\VSWorx\ServoStudio\wpfui-servoStudio\samples\Wpf.Ui.servoStudio\servoStudio.csproj]
C:\UserWorx\VSWorx\ServoStudio\wpfui-servoStudio\samples\Wpf.Ui.servoStudio\ViewModels\Factory\FrameFormatEditorViewModel.cs(128,9): warning IDE0011: 鍚?鈥渋f鈥?璇彞娣诲姞澶ф嫭鍙枫€?(https://learn.microsoft.com/dotnet/fundamentals/code-analysis/style-rules/ide0011) [C:\UserWorx\VSWorx\ServoStudio\wpfui-servoStudio\samples\Wpf.Ui.servoStudio\servoStudio.csproj]
C:\UserWorx\VSWorx\ServoStudio\wpfui-servoStudio\samples\Wpf.Ui.servoStudio\ViewModels\Factory\FrameFormatEditorViewModel.cs(129,9): warning IDE0011: 鍚?鈥渆lse鈥?璇彞娣诲姞澶ф嫭鍙枫€?(https://learn.microsoft.com/dotnet/fundamentals/code-analysis/style-rules/ide0011) [C:\UserWorx\VSWorx\ServoStudio\wpfui-servoStudio\samples\Wpf.Ui.servoStudio\servoStudio.csproj]
C:\UserWorx\VSWorx\ServoStudio\wpfui-servoStudio\samples\Wpf.Ui.servoStudio\ViewModels\Factory\FrameFormatEditorViewModel.cs(136,9): warning IDE0011: 鍚?鈥渋f鈥?璇彞娣诲姞澶ф嫭鍙枫€?(https://learn.microsoft.com/dotnet/fundamentals/code-analysis/style-rules/ide0011) [C:\UserWorx\VSWorx\ServoStudio\wpfui-servoStudio\samples\Wpf.Ui.servoStudio\servoStudio.csproj]
C:\UserWorx\VSWorx\ServoStudio\wpfui-servoStudio\samples\Wpf.Ui.servoStudio\ViewModels\Factory\FrameFormatEditorViewModel.cs(158,9): warning IDE0011: 鍚?鈥渋f鈥?璇彞娣诲姞澶ф嫭鍙枫€?(https://learn.microsoft.com/dotnet/fundamentals/code-analysis/style-rules/ide0011) [C:\UserWorx\VSWorx\ServoStudio\wpfui-servoStudio\samples\Wpf.Ui.servoStudio\servoStudio.csproj]
C:\UserWorx\VSWorx\ServoStudio\wpfui-servoStudio\samples\Wpf.Ui.servoStudio\ViewModels\Factory\FrameFormatEditorViewModel.cs(162,9): warning IDE0011: 鍚?鈥渋f鈥?璇彞娣诲姞澶ф嫭鍙枫€?(https://learn.microsoft.com/dotnet/fundamentals/code-analysis/style-rules/ide0011) [C:\UserWorx\VSWorx\ServoStudio\wpfui-servoStudio\samples\Wpf.Ui.servoStudio\servoStudio.csproj]
C:\UserWorx\VSWorx\ServoStudio\wpfui-servoStudio\samples\Wpf.Ui.servoStudio\Services\RegisterDisableService.cs(87,9): warning IDE0011: 鍚?鈥渋f鈥?璇彞娣诲姞澶ф嫭鍙枫€?(https://learn.microsoft.com/dotnet/fundamentals/code-analysis/style-rules/ide0011) [C:\UserWorx\VSWorx\ServoStudio\wpfui-servoStudio\samples\Wpf.Ui.servoStudio\servoStudio.csproj]
C:\UserWorx\VSWorx\ServoStudio\wpfui-servoStudio\samples\Wpf.Ui.servoStudio\Services\RegisterDisableService.cs(90,9): warning IDE0011: 鍚?鈥渋f鈥?璇彞娣诲姞澶ф嫭鍙枫€?(https://learn.microsoft.com/dotnet/fundamentals/code-analysis/style-rules/ide0011) [C:\UserWorx\VSWorx\ServoStudio\wpfui-servoStudio\samples\Wpf.Ui.servoStudio\servoStudio.csproj]
C:\UserWorx\VSWorx\ServoStudio\wpfui-servoStudio\samples\Wpf.Ui.servoStudio\Services\RegisterDisableService.cs(88,9): warning IDE0008: 鐢ㄦ樉寮忕被鍨嬩唬鏇?"var" (https://learn.microsoft.com/dotnet/fundamentals/code-analysis/style-rules/ide0008) [C:\UserWorx\VSWorx\ServoStudio\wpfui-servoStudio\samples\Wpf.Ui.servoStudio\servoStudio.csproj]
C:\UserWorx\VSWorx\ServoStudio\wpfui-servoStudio\samples\Wpf.Ui.servoStudio\Views\Pages\AppDataPages\PidAdjustPage.xaml.cs(57,9): warning IDE0008: 鐢ㄦ樉寮忕被鍨嬩唬鏇?"var" (https://learn.microsoft.com/dotnet/fundamentals/code-analysis/style-rules/ide0008) [C:\UserWorx\VSWorx\ServoStudio\wpfui-servoStudio\samples\Wpf.Ui.servoStudio\servoStudio.csproj]
C:\UserWorx\VSWorx\ServoStudio\wpfui-servoStudio\samples\Wpf.Ui.servoStudio\Views\Pages\AppDataPages\PidAdjustPage.xaml.cs(79,9): warning IDE0008: 鐢ㄦ樉寮忕被鍨嬩唬鏇?"var" (https://learn.microsoft.com/dotnet/fundamentals/code-analysis/style-rules/ide0008) [C:\UserWorx\VSWorx\ServoStudio\wpfui-servoStudio\samples\Wpf.Ui.servoStudio\servoStudio.csproj]
C:\UserWorx\VSWorx\ServoStudio\wpfui-servoStudio\samples\Wpf.Ui.servoStudio\Services\RegisterDisableService.cs(108,9): warning IDE0011: 鍚?鈥渋f鈥?璇彞娣诲姞澶ф嫭鍙枫€?(https://learn.microsoft.com/dotnet/fundamentals/code-analysis/style-rules/ide0011) [C:\UserWorx\VSWorx\ServoStudio\wpfui-servoStudio\samples\Wpf.Ui.servoStudio\servoStudio.csproj]
C:\UserWorx\VSWorx\ServoStudio\wpfui-servoStudio\samples\Wpf.Ui.servoStudio\Services\RegisterDisableService.cs(111,13): warning IDE0011: 鍚?鈥渋f鈥?璇彞娣诲姞澶ф嫭鍙枫€?(https://learn.microsoft.com/dotnet/fundamentals/code-analysis/style-rules/ide0011) [C:\UserWorx\VSWorx\ServoStudio\wpfui-servoStudio\samples\Wpf.Ui.servoStudio\servoStudio.csproj]
C:\UserWorx\VSWorx\ServoStudio\wpfui-servoStudio\samples\Wpf.Ui.servoStudio\Views\Pages\AppDataPages\PidAdjustPage.xaml.cs(67,9): warning IDE0058: 姘歌繙涓嶄細浣跨敤琛ㄨ揪寮忓€?(https://learn.microsoft.com/dotnet/fundamentals/code-analysis/style-rules/ide0058) [C:\UserWorx\VSWorx\ServoStudio\wpfui-servoStudio\samples\Wpf.Ui.servoStudio\servoStudio.csproj]
C:\UserWorx\VSWorx\ServoStudio\wpfui-servoStudio\samples\Wpf.Ui.servoStudio\Views\Pages\AppDataPages\PidAdjustPage.xaml.cs(106,9): warning IDE0011: 鍚?鈥渆lse鈥?璇彞娣诲姞澶ф嫭鍙枫€?(https://learn.microsoft.com/dotnet/fundamentals/code-analysis/style-rules/ide0011) [C:\UserWorx\VSWorx\ServoStudio\wpfui-servoStudio\samples\Wpf.Ui.servoStudio\servoStudio.csproj]
C:\UserWorx\VSWorx\ServoStudio\wpfui-servoStudio\samples\Wpf.Ui.servoStudio\Views\Pages\AppDataPages\PidAdjustPage.xaml.cs(103,9): warning IDE0008: 鐢ㄦ樉寮忕被鍨嬩唬鏇?"var" (https://learn.microsoft.com/dotnet/fundamentals/code-analysis/style-rules/ide0008) [C:\UserWorx\VSWorx\ServoStudio\wpfui-servoStudio\samples\Wpf.Ui.servoStudio\servoStudio.csproj]
C:\UserWorx\VSWorx\ServoStudio\wpfui-servoStudio\samples\Wpf.Ui.servoStudio\Views\Pages\AppDataPages\PidAdjustPage.xaml.cs(107,13): warning IDE0058: 姘歌繙涓嶄細浣跨敤琛ㄨ揪寮忓€?(https://learn.microsoft.com/dotnet/fundamentals/code-analysis/style-rules/ide0058) [C:\UserWorx\VSWorx\ServoStudio\wpfui-servoStudio\samples\Wpf.Ui.servoStudio\servoStudio.csproj]
C:\UserWorx\VSWorx\ServoStudio\wpfui-servoStudio\samples\Wpf.Ui.servoStudio\ViewModels\FaultInfoViewModel.cs(85,13): warning IDE0008: 鐢ㄦ樉寮忕被鍨嬩唬鏇?"var" (https://learn.microsoft.com/dotnet/fundamentals/code-analysis/style-rules/ide0008) [C:\UserWorx\VSWorx\ServoStudio\wpfui-servoStudio\samples\Wpf.Ui.servoStudio\servoStudio.csproj]
C:\UserWorx\VSWorx\ServoStudio\wpfui-servoStudio\samples\Wpf.Ui.servoStudio\ViewModels\MainWindowViewModel.cs(302,9): warning IDE0011: 鍚?鈥渋f鈥?璇彞娣诲姞澶ф嫭鍙枫€?(https://learn.microsoft.com/dotnet/fundamentals/code-analysis/style-rules/ide0011) [C:\UserWorx\VSWorx\ServoStudio\wpfui-servoStudio\samples\Wpf.Ui.servoStudio\servoStudio.csproj]
C:\UserWorx\VSWorx\ServoStudio\wpfui-servoStudio\samples\Wpf.Ui.servoStudio\Views\Pages\AppDataPages\PidAdjustPage.xaml.cs(120,13): warning IDE0011: 鍚?鈥渋f鈥?璇彞娣诲姞澶ф嫭鍙枫€?(https://learn.microsoft.com/dotnet/fundamentals/code-analysis/style-rules/ide0011) [C:\UserWorx\VSWorx\ServoStudio\wpfui-servoStudio\samples\Wpf.Ui.servoStudio\servoStudio.csproj]
C:\UserWorx\VSWorx\ServoStudio\wpfui-servoStudio\samples\Wpf.Ui.servoStudio\Views\Pages\AppDataPages\PidAdjustPage.xaml.cs(129,9): warning IDE0011: 鍚?鈥渋f鈥?璇彞娣诲姞澶ф嫭鍙枫€?(https://learn.microsoft.com/dotnet/fundamentals/code-analysis/style-rules/ide0011) [C:\UserWorx\VSWorx\ServoStudio\wpfui-servoStudio\samples\Wpf.Ui.servoStudio\servoStudio.csproj]
C:\UserWorx\VSWorx\ServoStudio\wpfui-servoStudio\samples\Wpf.Ui.servoStudio\Views\Pages\AppDataPages\PidAdjustPage.xaml.cs(118,18): warning IDE0008: 鐢ㄦ樉寮忕被鍨嬩唬鏇?"var" (https://learn.microsoft.com/dotnet/fundamentals/code-analysis/style-rules/ide0008) [C:\UserWorx\VSWorx\ServoStudio\wpfui-servoStudio\samples\Wpf.Ui.servoStudio\servoStudio.csproj]
C:\UserWorx\VSWorx\ServoStudio\wpfui-servoStudio\samples\Wpf.Ui.servoStudio\Views\Pages\AppDataPages\PidAdjustPage.xaml.cs(122,13): warning IDE0008: 鐢ㄦ樉寮忕被鍨嬩唬鏇?"var" (https://learn.microsoft.com/dotnet/fundamentals/code-analysis/style-rules/ide0008) [C:\UserWorx\VSWorx\ServoStudio\wpfui-servoStudio\samples\Wpf.Ui.servoStudio\servoStudio.csproj]
C:\UserWorx\VSWorx\ServoStudio\wpfui-servoStudio\samples\Wpf.Ui.servoStudio\ViewModels\Hardware\ControllerViewModel.cs(216,64): warning IDE0055: 淇鏍煎紡 (https://learn.microsoft.com/dotnet/fundamentals/code-analysis/style-rules/ide0055) [C:\UserWorx\VSWorx\ServoStudio\wpfui-servoStudio\samples\Wpf.Ui.servoStudio\servoStudio.csproj]
C:\UserWorx\VSWorx\ServoStudio\wpfui-servoStudio\samples\Wpf.Ui.servoStudio\ViewModels\Hardware\ControllerViewModel.cs(292,47): warning IDE0055: 淇鏍煎紡 (https://learn.microsoft.com/dotnet/fundamentals/code-analysis/style-rules/ide0055) [C:\UserWorx\VSWorx\ServoStudio\wpfui-servoStudio\samples\Wpf.Ui.servoStudio\servoStudio.csproj]
C:\UserWorx\VSWorx\ServoStudio\wpfui-servoStudio\samples\Wpf.Ui.servoStudio\ViewModels\Hardware\ControllerViewModel.cs(447,44): warning IDE0055: 淇鏍煎紡 (https://learn.microsoft.com/dotnet/fundamentals/code-analysis/style-rules/ide0055) [C:\UserWorx\VSWorx\ServoStudio\wpfui-servoStudio\samples\Wpf.Ui.servoStudio\servoStudio.csproj]
C:\UserWorx\VSWorx\ServoStudio\wpfui-servoStudio\samples\Wpf.Ui.servoStudio\ViewModels\Hardware\ControllerViewModel.cs(447,46): warning IDE0055: 淇鏍煎紡 (https://learn.microsoft.com/dotnet/fundamentals/code-analysis/style-rules/ide0055) [C:\UserWorx\VSWorx\ServoStudio\wpfui-servoStudio\samples\Wpf.Ui.servoStudio\servoStudio.csproj]
C:\UserWorx\VSWorx\ServoStudio\wpfui-servoStudio\samples\Wpf.Ui.servoStudio\ViewModels\Hardware\ControllerViewModel.cs(447,67): warning IDE0055: 淇鏍煎紡 (https://learn.microsoft.com/dotnet/fundamentals/code-analysis/style-rules/ide0055) [C:\UserWorx\VSWorx\ServoStudio\wpfui-servoStudio\samples\Wpf.Ui.servoStudio\servoStudio.csproj]
C:\UserWorx\VSWorx\ServoStudio\wpfui-servoStudio\samples\Wpf.Ui.servoStudio\ViewModels\Hardware\ControllerViewModel.cs(447,75): warning IDE0055: 淇鏍煎紡 (https://learn.microsoft.com/dotnet/fundamentals/code-analysis/style-rules/ide0055) [C:\UserWorx\VSWorx\ServoStudio\wpfui-servoStudio\samples\Wpf.Ui.servoStudio\servoStudio.csproj]
C:\UserWorx\VSWorx\ServoStudio\wpfui-servoStudio\samples\Wpf.Ui.servoStudio\ViewModels\Hardware\ControllerViewModel.cs(453,47): warning IDE0055: 淇鏍煎紡 (https://learn.microsoft.com/dotnet/fundamentals/code-analysis/style-rules/ide0055) [C:\UserWorx\VSWorx\ServoStudio\wpfui-servoStudio\samples\Wpf.Ui.servoStudio\servoStudio.csproj]
C:\UserWorx\VSWorx\ServoStudio\wpfui-servoStudio\samples\Wpf.Ui.servoStudio\ViewModels\Hardware\ControllerViewModel.cs(454,48): warning IDE0055: 淇鏍煎紡 (https://learn.microsoft.com/dotnet/fundamentals/code-analysis/style-rules/ide0055) [C:\UserWorx\VSWorx\ServoStudio\wpfui-servoStudio\samples\Wpf.Ui.servoStudio\servoStudio.csproj]
C:\UserWorx\VSWorx\ServoStudio\wpfui-servoStudio\samples\Wpf.Ui.servoStudio\ViewModels\Hardware\ControllerViewModel.cs(455,47): warning IDE0055: 淇鏍煎紡 (https://learn.microsoft.com/dotnet/fundamentals/code-analysis/style-rules/ide0055) [C:\UserWorx\VSWorx\ServoStudio\wpfui-servoStudio\samples\Wpf.Ui.servoStudio\servoStudio.csproj]
C:\UserWorx\VSWorx\ServoStudio\wpfui-servoStudio\samples\Wpf.Ui.servoStudio\ViewModels\Hardware\ControllerViewModel.cs(447,76): warning IDE2003: 鍧椾笌鍚庣画璇彞涔嬮棿闇€瑕佹湁绌虹櫧琛?(https://learn.microsoft.com/dotnet/fundamentals/code-analysis/style-rules/ide2003) [C:\UserWorx\VSWorx\ServoStudio\wpfui-servoStudio\samples\Wpf.Ui.servoStudio\servoStudio.csproj]
C:\UserWorx\VSWorx\ServoStudio\wpfui-servoStudio\samples\Wpf.Ui.servoStudio\Services\PageUsageTracker.cs(125,9): warning IDE0011: 鍚?鈥渋f鈥?璇彞娣诲姞澶ф嫭鍙枫€?(https://learn.microsoft.com/dotnet/fundamentals/code-analysis/style-rules/ide0011) [C:\UserWorx\VSWorx\ServoStudio\wpfui-servoStudio\samples\Wpf.Ui.servoStudio\servoStudio.csproj]
C:\UserWorx\VSWorx\ServoStudio\wpfui-servoStudio\samples\Wpf.Ui.servoStudio\Views\Pages\AppDataPages\PidAdjustPage.xaml.cs(149,9): warning IDE0011: 鍚?鈥渋f鈥?璇彞娣诲姞澶ф嫭鍙枫€?(https://learn.microsoft.com/dotnet/fundamentals/code-analysis/style-rules/ide0011) [C:\UserWorx\VSWorx\ServoStudio\wpfui-servoStudio\samples\Wpf.Ui.servoStudio\servoStudio.csproj]
C:\UserWorx\VSWorx\ServoStudio\wpfui-servoStudio\samples\Wpf.Ui.servoStudio\Views\Pages\AppDataPages\PidAdjustPage.xaml.cs(162,9): warning IDE0011: 鍚?鈥渋f鈥?璇彞娣诲姞澶ф嫭鍙枫€?(https://learn.microsoft.com/dotnet/fundamentals/code-analysis/style-rules/ide0011) [C:\UserWorx\VSWorx\ServoStudio\wpfui-servoStudio\samples\Wpf.Ui.servoStudio\servoStudio.csproj]
C:\UserWorx\VSWorx\ServoStudio\wpfui-servoStudio\samples\Wpf.Ui.servoStudio\Views\Pages\AppDataPages\PidAdjustPage.xaml.cs(163,9): warning IDE0011: 鍚?鈥渋f鈥?璇彞娣诲姞澶ф嫭鍙枫€?(https://learn.microsoft.com/dotnet/fundamentals/code-analysis/style-rules/ide0011) [C:\UserWorx\VSWorx\ServoStudio\wpfui-servoStudio\samples\Wpf.Ui.servoStudio\servoStudio.csproj]
C:\UserWorx\VSWorx\ServoStudio\wpfui-servoStudio\samples\Wpf.Ui.servoStudio\Views\Pages\AppDataPages\PidAdjustPage.xaml.cs(164,9): warning IDE0011: 鍚?鈥渋f鈥?璇彞娣诲姞澶ф嫭鍙枫€?(https://learn.microsoft.com/dotnet/fundamentals/code-analysis/style-rules/ide0011) [C:\UserWorx\VSWorx\ServoStudio\wpfui-servoStudio\samples\Wpf.Ui.servoStudio\servoStudio.csproj]
C:\UserWorx\VSWorx\ServoStudio\wpfui-servoStudio\samples\Wpf.Ui.servoStudio\Views\Pages\AppDataPages\PidAdjustPage.xaml.cs(165,9): warning IDE0011: 鍚?鈥渋f鈥?璇彞娣诲姞澶ф嫭鍙枫€?(https://learn.microsoft.com/dotnet/fundamentals/code-analysis/style-rules/ide0011) [C:\UserWorx\VSWorx\ServoStudio\wpfui-servoStudio\samples\Wpf.Ui.servoStudio\servoStudio.csproj]
C:\UserWorx\VSWorx\ServoStudio\wpfui-servoStudio\samples\Wpf.Ui.servoStudio\Views\Pages\AppDataPages\PidAdjustPage.xaml.cs(166,9): warning IDE0011: 鍚?鈥渋f鈥?璇彞娣诲姞澶ф嫭鍙枫€?(https://learn.microsoft.com/dotnet/fundamentals/code-analysis/style-rules/ide0011) [C:\UserWorx\VSWorx\ServoStudio\wpfui-servoStudio\samples\Wpf.Ui.servoStudio\servoStudio.csproj]
C:\UserWorx\VSWorx\ServoStudio\wpfui-servoStudio\samples\Wpf.Ui.servoStudio\Views\Pages\AppDataPages\PidAdjustPage.xaml.cs(167,9): warning IDE0011: 鍚?鈥渋f鈥?璇彞娣诲姞澶ф嫭鍙枫€?(https://learn.microsoft.com/dotnet/fundamentals/code-analysis/style-rules/ide0011) [C:\UserWorx\VSWorx\ServoStudio\wpfui-servoStudio\samples\Wpf.Ui.servoStudio\servoStudio.csproj]
C:\UserWorx\VSWorx\ServoStudio\wpfui-servoStudio\samples\Wpf.Ui.servoStudio\Views\Pages\AppDataPages\PidAdjustPage.xaml.cs(190,9): warning IDE0011: 鍚?鈥渋f鈥?璇彞娣诲姞澶ф嫭鍙枫€?(https://learn.microsoft.com/dotnet/fundamentals/code-analysis/style-rules/ide0011) [C:\UserWorx\VSWorx\ServoStudio\wpfui-servoStudio\samples\Wpf.Ui.servoStudio\servoStudio.csproj]
C:\UserWorx\VSWorx\ServoStudio\wpfui-servoStudio\samples\Wpf.Ui.servoStudio\Views\Pages\AppDataPages\PidAdjustPage.xaml.cs(211,13): warning IDE0008: 鐢ㄦ樉寮忕被鍨嬩唬鏇?"var" (https://learn.microsoft.com/dotnet/fundamentals/code-analysis/style-rules/ide0008) [C:\UserWorx\VSWorx\ServoStudio\wpfui-servoStudio\samples\Wpf.Ui.servoStudio\servoStudio.csproj]
C:\UserWorx\VSWorx\ServoStudio\wpfui-servoStudio\samples\Wpf.Ui.servoStudio\Views\Pages\AppDataPages\PidAdjustPage.xaml.cs(222,9): warning IDE0008: 鐢ㄦ樉寮忕被鍨嬩唬鏇?"var" (https://learn.microsoft.com/dotnet/fundamentals/code-analysis/style-rules/ide0008) [C:\UserWorx\VSWorx\ServoStudio\wpfui-servoStudio\samples\Wpf.Ui.servoStudio\servoStudio.csproj]
C:\UserWorx\VSWorx\ServoStudio\wpfui-servoStudio\samples\Wpf.Ui.servoStudio\ViewModels\AppData\PidAdjustViewModel.cs(205,9): warning IDE0058: 姘歌繙涓嶄細浣跨敤琛ㄨ揪寮忓€?(https://learn.microsoft.com/dotnet/fundamentals/code-analysis/style-rules/ide0058) [C:\UserWorx\VSWorx\ServoStudio\wpfui-servoStudio\samples\Wpf.Ui.servoStudio\servoStudio.csproj]
C:\UserWorx\VSWorx\ServoStudio\wpfui-servoStudio\samples\Wpf.Ui.servoStudio\ViewModels\DashboardViewModel.cs(63,9): warning IDE0011: 鍚?鈥渋f鈥?璇彞娣诲姞澶ф嫭鍙枫€?(https://learn.microsoft.com/dotnet/fundamentals/code-analysis/style-rules/ide0011) [C:\UserWorx\VSWorx\ServoStudio\wpfui-servoStudio\samples\Wpf.Ui.servoStudio\servoStudio.csproj]
C:\UserWorx\VSWorx\ServoStudio\wpfui-servoStudio\samples\Wpf.Ui.servoStudio\Views\Pages\AppDataPages\PidAdjustPage.xaml.cs(253,18): warning IDE0008: 鐢ㄦ樉寮忕被鍨嬩唬鏇?"var" (https://learn.microsoft.com/dotnet/fundamentals/code-analysis/style-rules/ide0008) [C:\UserWorx\VSWorx\ServoStudio\wpfui-servoStudio\samples\Wpf.Ui.servoStudio\servoStudio.csproj]
C:\UserWorx\VSWorx\ServoStudio\wpfui-servoStudio\samples\Wpf.Ui.servoStudio\ViewModels\FaultInfoViewModel.cs(184,17): warning IDE0011: 鍚?鈥渋f鈥?璇彞娣诲姞澶ф嫭鍙枫€?(https://learn.microsoft.com/dotnet/fundamentals/code-analysis/style-rules/ide0011) [C:\UserWorx\VSWorx\ServoStudio\wpfui-servoStudio\samples\Wpf.Ui.servoStudio\servoStudio.csproj]
C:\UserWorx\VSWorx\ServoStudio\wpfui-servoStudio\samples\Wpf.Ui.servoStudio\ViewModels\AppData\PidAdjustViewModel.cs(210,9): warning IDE0058: 姘歌繙涓嶄細浣跨敤琛ㄨ揪寮忓€?(https://learn.microsoft.com/dotnet/fundamentals/code-analysis/style-rules/ide0058) [C:\UserWorx\VSWorx\ServoStudio\wpfui-servoStudio\samples\Wpf.Ui.servoStudio\servoStudio.csproj]
C:\UserWorx\VSWorx\ServoStudio\wpfui-servoStudio\samples\Wpf.Ui.servoStudio\Views\Pages\AppDataPages\PidAdjustPage.xaml.cs(271,9): warning IDE0008: 鐢ㄦ樉寮忕被鍨嬩唬鏇?"var" (https://learn.microsoft.com/dotnet/fundamentals/code-analysis/style-rules/ide0008) [C:\UserWorx\VSWorx\ServoStudio\wpfui-servoStudio\samples\Wpf.Ui.servoStudio\servoStudio.csproj]
C:\UserWorx\VSWorx\ServoStudio\wpfui-servoStudio\samples\Wpf.Ui.servoStudio\ViewModels\DeviceSet\DeviceAddViewModel.cs(621,9): warning IDE0011: 鍚?鈥渋f鈥?璇彞娣诲姞澶ф嫭鍙枫€?(https://learn.microsoft.com/dotnet/fundamentals/code-analysis/style-rules/ide0011) [C:\UserWorx\VSWorx\ServoStudio\wpfui-servoStudio\samples\Wpf.Ui.servoStudio\servoStudio.csproj]
C:\UserWorx\VSWorx\ServoStudio\wpfui-servoStudio\samples\Wpf.Ui.servoStudio\ViewModels\Hardware\IOViewModel.cs(69,57): warning IDE0055: 淇鏍煎紡 (https://learn.microsoft.com/dotnet/fundamentals/code-analysis/style-rules/ide0055) [C:\UserWorx\VSWorx\ServoStudio\wpfui-servoStudio\samples\Wpf.Ui.servoStudio\servoStudio.csproj]
C:\UserWorx\VSWorx\ServoStudio\wpfui-servoStudio\samples\Wpf.Ui.servoStudio\ViewModels\Hardware\IOViewModel.cs(69,59): warning IDE0055: 淇鏍煎紡 (https://learn.microsoft.com/dotnet/fundamentals/code-analysis/style-rules/ide0055) [C:\UserWorx\VSWorx\ServoStudio\wpfui-servoStudio\samples\Wpf.Ui.servoStudio\servoStudio.csproj]
C:\UserWorx\VSWorx\ServoStudio\wpfui-servoStudio\samples\Wpf.Ui.servoStudio\ViewModels\Hardware\IOViewModel.cs(69,64): warning IDE0055: 淇鏍煎紡 (https://learn.microsoft.com/dotnet/fundamentals/code-analysis/style-rules/ide0055) [C:\UserWorx\VSWorx\ServoStudio\wpfui-servoStudio\samples\Wpf.Ui.servoStudio\servoStudio.csproj]
C:\UserWorx\VSWorx\ServoStudio\wpfui-servoStudio\samples\Wpf.Ui.servoStudio\ViewModels\DeviceSet\DeviceAddViewModel.cs(627,13): warning IDE0008: 鐢ㄦ樉寮忕被鍨嬩唬鏇?"var" (https://learn.microsoft.com/dotnet/fundamentals/code-analysis/style-rules/ide0008) [C:\UserWorx\VSWorx\ServoStudio\wpfui-servoStudio\samples\Wpf.Ui.servoStudio\servoStudio.csproj]
C:\UserWorx\VSWorx\ServoStudio\wpfui-servoStudio\samples\Wpf.Ui.servoStudio\ViewModels\Hardware\IOViewModel.cs(86,57): warning IDE0055: 淇鏍煎紡 (https://learn.microsoft.com/dotnet/fundamentals/code-analysis/style-rules/ide0055) [C:\UserWorx\VSWorx\ServoStudio\wpfui-servoStudio\samples\Wpf.Ui.servoStudio\servoStudio.csproj]
C:\UserWorx\VSWorx\ServoStudio\wpfui-servoStudio\samples\Wpf.Ui.servoStudio\ViewModels\Hardware\IOViewModel.cs(86,59): warning IDE0055: 淇鏍煎紡 (https://learn.microsoft.com/dotnet/fundamentals/code-analysis/style-rules/ide0055) [C:\UserWorx\VSWorx\ServoStudio\wpfui-servoStudio\samples\Wpf.Ui.servoStudio\servoStudio.csproj]
C:\UserWorx\VSWorx\ServoStudio\wpfui-servoStudio\samples\Wpf.Ui.servoStudio\ViewModels\Hardware\IOViewModel.cs(86,64): warning IDE0055: 淇鏍煎紡 (https://learn.microsoft.com/dotnet/fundamentals/code-analysis/style-rules/ide0055) [C:\UserWorx\VSWorx\ServoStudio\wpfui-servoStudio\samples\Wpf.Ui.servoStudio\servoStudio.csproj]
C:\UserWorx\VSWorx\ServoStudio\wpfui-servoStudio\samples\Wpf.Ui.servoStudio\ViewModels\Hardware\IOViewModel.cs(138,35): warning IDE0055: 淇鏍煎紡 (https://learn.microsoft.com/dotnet/fundamentals/code-analysis/style-rules/ide0055) [C:\UserWorx\VSWorx\ServoStudio\wpfui-servoStudio\samples\Wpf.Ui.servoStudio\servoStudio.csproj]
C:\UserWorx\VSWorx\ServoStudio\wpfui-servoStudio\samples\Wpf.Ui.servoStudio\ViewModels\Hardware\IOViewModel.cs(140,25): warning IDE0055: 淇鏍煎紡 (https://learn.microsoft.com/dotnet/fundamentals/code-analysis/style-rules/ide0055) [C:\UserWorx\VSWorx\ServoStudio\wpfui-servoStudio\samples\Wpf.Ui.servoStudio\servoStudio.csproj]
C:\UserWorx\VSWorx\ServoStudio\wpfui-servoStudio\samples\Wpf.Ui.servoStudio\ViewModels\Hardware\IOViewModel.cs(142,34): warning IDE0055: 淇鏍煎紡 (https://learn.microsoft.com/dotnet/fundamentals/code-analysis/style-rules/ide0055) [C:\UserWorx\VSWorx\ServoStudio\wpfui-servoStudio\samples\Wpf.Ui.servoStudio\servoStudio.csproj]
C:\UserWorx\VSWorx\ServoStudio\wpfui-servoStudio\samples\Wpf.Ui.servoStudio\ViewModels\Hardware\IOViewModel.cs(147,35): warning IDE0055: 淇鏍煎紡 (https://learn.microsoft.com/dotnet/fundamentals/code-analysis/style-rules/ide0055) [C:\UserWorx\VSWorx\ServoStudio\wpfui-servoStudio\samples\Wpf.Ui.servoStudio\servoStudio.csproj]
C:\UserWorx\VSWorx\ServoStudio\wpfui-servoStudio\samples\Wpf.Ui.servoStudio\ViewModels\Hardware\IOViewModel.cs(149,25): warning IDE0055: 淇鏍煎紡 (https://learn.microsoft.com/dotnet/fundamentals/code-analysis/style-rules/ide0055) [C:\UserWorx\VSWorx\ServoStudio\wpfui-servoStudio\samples\Wpf.Ui.servoStudio\servoStudio.csproj]
C:\UserWorx\VSWorx\ServoStudio\wpfui-servoStudio\samples\Wpf.Ui.servoStudio\ViewModels\Hardware\IOViewModel.cs(194,25): warning IDE0055: 淇鏍煎紡 (https://learn.microsoft.com/dotnet/fundamentals/code-analysis/style-rules/ide0055) [C:\UserWorx\VSWorx\ServoStudio\wpfui-servoStudio\samples\Wpf.Ui.servoStudio\servoStudio.csproj]
C:\UserWorx\VSWorx\ServoStudio\wpfui-servoStudio\samples\Wpf.Ui.servoStudio\ViewModels\Hardware\IOViewModel.cs(195,48): warning IDE0055: 淇鏍煎紡 (https://learn.microsoft.com/dotnet/fundamentals/code-analysis/style-rules/ide0055) [C:\UserWorx\VSWorx\ServoStudio\wpfui-servoStudio\samples\Wpf.Ui.servoStudio\servoStudio.csproj]
C:\UserWorx\VSWorx\ServoStudio\wpfui-servoStudio\samples\Wpf.Ui.servoStudio\ViewModels\Hardware\IOViewModel.cs(202,25): warning IDE0055: 淇鏍煎紡 (https://learn.microsoft.com/dotnet/fundamentals/code-analysis/style-rules/ide0055) [C:\UserWorx\VSWorx\ServoStudio\wpfui-servoStudio\samples\Wpf.Ui.servoStudio\servoStudio.csproj]
C:\UserWorx\VSWorx\ServoStudio\wpfui-servoStudio\samples\Wpf.Ui.servoStudio\ViewModels\Hardware\IOViewModel.cs(217,64): warning IDE0055: 淇鏍煎紡 (https://learn.microsoft.com/dotnet/fundamentals/code-analysis/style-rules/ide0055) [C:\UserWorx\VSWorx\ServoStudio\wpfui-servoStudio\samples\Wpf.Ui.servoStudio\servoStudio.csproj]
C:\UserWorx\VSWorx\ServoStudio\wpfui-servoStudio\samples\Wpf.Ui.servoStudio\ViewModels\Hardware\IOViewModel.cs(218,50): warning IDE0055: 淇鏍煎紡 (https://learn.microsoft.com/dotnet/fundamentals/code-analysis/style-rules/ide0055) [C:\UserWorx\VSWorx\ServoStudio\wpfui-servoStudio\samples\Wpf.Ui.servoStudio\servoStudio.csproj]
C:\UserWorx\VSWorx\ServoStudio\wpfui-servoStudio\samples\Wpf.Ui.servoStudio\ViewModels\Hardware\IOViewModel.cs(219,79): warning IDE0055: 淇鏍煎紡 (https://learn.microsoft.com/dotnet/fundamentals/code-analysis/style-rules/ide0055) [C:\UserWorx\VSWorx\ServoStudio\wpfui-servoStudio\samples\Wpf.Ui.servoStudio\servoStudio.csproj]
C:\UserWorx\VSWorx\ServoStudio\wpfui-servoStudio\samples\Wpf.Ui.servoStudio\ViewModels\Hardware\IOViewModel.cs(378,64): warning IDE0055: 淇鏍煎紡 (https://learn.microsoft.com/dotnet/fundamentals/code-analysis/style-rules/ide0055) [C:\UserWorx\VSWorx\ServoStudio\wpfui-servoStudio\samples\Wpf.Ui.servoStudio\servoStudio.csproj]
C:\UserWorx\VSWorx\ServoStudio\wpfui-servoStudio\samples\Wpf.Ui.servoStudio\ViewModels\Hardware\IOViewModel.cs(444,47): warning IDE0055: 淇鏍煎紡 (https://learn.microsoft.com/dotnet/fundamentals/code-analysis/style-rules/ide0055) [C:\UserWorx\VSWorx\ServoStudio\wpfui-servoStudio\samples\Wpf.Ui.servoStudio\servoStudio.csproj]
C:\UserWorx\VSWorx\ServoStudio\wpfui-servoStudio\samples\Wpf.Ui.servoStudio\Views\Pages\AppDataPages\PidAdjustPage.xaml.cs(299,9): warning IDE0011: 鍚?鈥渋f鈥?璇彞娣诲姞澶ф嫭鍙枫€?(https://learn.microsoft.com/dotnet/fundamentals/code-analysis/style-rules/ide0011) [C:\UserWorx\VSWorx\ServoStudio\wpfui-servoStudio\samples\Wpf.Ui.servoStudio\servoStudio.csproj]
C:\UserWorx\VSWorx\ServoStudio\wpfui-servoStudio\samples\Wpf.Ui.servoStudio\ViewModels\Hardware\IOViewModel.cs(542,13): warning IDE2003: 鍧椾笌鍚庣画璇彞涔嬮棿闇€瑕佹湁绌虹櫧琛?(https://learn.microsoft.com/dotnet/fundamentals/code-analysis/style-rules/ide2003) [C:\UserWorx\VSWorx\ServoStudio\wpfui-servoStudio\samples\Wpf.Ui.servoStudio\servoStudio.csproj]
C:\UserWorx\VSWorx\ServoStudio\wpfui-servoStudio\samples\Wpf.Ui.servoStudio\ViewModels\Factory\FrameFormatEditorViewModel.cs(196,18): warning IDE0008: 鐢ㄦ樉寮忕被鍨嬩唬鏇?"var" (https://learn.microsoft.com/dotnet/fundamentals/code-analysis/style-rules/ide0008) [C:\UserWorx\VSWorx\ServoStudio\wpfui-servoStudio\samples\Wpf.Ui.servoStudio\servoStudio.csproj]
C:\UserWorx\VSWorx\ServoStudio\wpfui-servoStudio\samples\Wpf.Ui.servoStudio\ViewModels\DeviceSet\DeviceAddViewModel.cs(650,9): warning IDE0011: 鍚?鈥渇oreach鈥?璇彞娣诲姞澶ф嫭鍙枫€?(https://learn.microsoft.com/dotnet/fundamentals/code-analysis/style-rules/ide0011) [C:\UserWorx\VSWorx\ServoStudio\wpfui-servoStudio\samples\Wpf.Ui.servoStudio\servoStudio.csproj]
C:\UserWorx\VSWorx\ServoStudio\wpfui-servoStudio\samples\Wpf.Ui.servoStudio\ViewModels\DeviceSet\DeviceAddViewModel.cs(655,9): warning IDE0011: 鍚?鈥渇oreach鈥?璇彞娣诲姞澶ф嫭鍙枫€?(https://learn.microsoft.com/dotnet/fundamentals/code-analysis/style-rules/ide0011) [C:\UserWorx\VSWorx\ServoStudio\wpfui-servoStudio\samples\Wpf.Ui.servoStudio\servoStudio.csproj]
C:\UserWorx\VSWorx\ServoStudio\wpfui-servoStudio\samples\Wpf.Ui.servoStudio\ViewModels\DeviceSet\DeviceAddViewModel.cs(713,9): warning IDE0011: 鍚?鈥渋f鈥?璇彞娣诲姞澶ф嫭鍙枫€?(https://learn.microsoft.com/dotnet/fundamentals/code-analysis/style-rules/ide0011) [C:\UserWorx\VSWorx\ServoStudio\wpfui-servoStudio\samples\Wpf.Ui.servoStudio\servoStudio.csproj]
C:\UserWorx\VSWorx\ServoStudio\wpfui-servoStudio\samples\Wpf.Ui.servoStudio\ViewModels\DeviceSet\DeviceAddViewModel.cs(645,9): warning IDE0008: 鐢ㄦ樉寮忕被鍨嬩唬鏇?"var" (https://learn.microsoft.com/dotnet/fundamentals/code-analysis/style-rules/ide0008) [C:\UserWorx\VSWorx\ServoStudio\wpfui-servoStudio\samples\Wpf.Ui.servoStudio\servoStudio.csproj]
C:\UserWorx\VSWorx\ServoStudio\wpfui-servoStudio\samples\Wpf.Ui.servoStudio\ViewModels\DeviceSet\DeviceAddViewModel.cs(688,17): warning IDE0008: 鐢ㄦ樉寮忕被鍨嬩唬鏇?"var" (https://learn.microsoft.com/dotnet/fundamentals/code-analysis/style-rules/ide0008) [C:\UserWorx\VSWorx\ServoStudio\wpfui-servoStudio\samples\Wpf.Ui.servoStudio\servoStudio.csproj]
C:\UserWorx\VSWorx\ServoStudio\wpfui-servoStudio\samples\Wpf.Ui.servoStudio\ViewModels\AppData\PidAdjustViewModel.cs(258,21): warning IDE0011: 鍚?鈥渋f鈥?璇彞娣诲姞澶ф嫭鍙枫€?(https://learn.microsoft.com/dotnet/fundamentals/code-analysis/style-rules/ide0011) [C:\UserWorx\VSWorx\ServoStudio\wpfui-servoStudio\samples\Wpf.Ui.servoStudio\servoStudio.csproj]
C:\UserWorx\VSWorx\ServoStudio\wpfui-servoStudio\samples\Wpf.Ui.servoStudio\Services\LiveDiag.cs(64,9): warning IDE0008: 鐢ㄦ樉寮忕被鍨嬩唬鏇?"var" (https://learn.microsoft.com/dotnet/fundamentals/code-analysis/style-rules/ide0008) [C:\UserWorx\VSWorx\ServoStudio\wpfui-servoStudio\samples\Wpf.Ui.servoStudio\servoStudio.csproj]
C:\UserWorx\VSWorx\ServoStudio\wpfui-servoStudio\samples\Wpf.Ui.servoStudio\ViewModels\DashboardViewModel.cs(132,9): warning IDE0011: 鍚?鈥渋f鈥?璇彞娣诲姞澶ф嫭鍙枫€?(https://learn.microsoft.com/dotnet/fundamentals/code-analysis/style-rules/ide0011) [C:\UserWorx\VSWorx\ServoStudio\wpfui-servoStudio\samples\Wpf.Ui.servoStudio\servoStudio.csproj]
C:\UserWorx\VSWorx\ServoStudio\wpfui-servoStudio\samples\Wpf.Ui.servoStudio\ViewModels\DashboardViewModel.cs(133,9): warning IDE0011: 鍚?鈥渋f鈥?璇彞娣诲姞澶ф嫭鍙枫€?(https://learn.microsoft.com/dotnet/fundamentals/code-analysis/style-rules/ide0011) [C:\UserWorx\VSWorx\ServoStudio\wpfui-servoStudio\samples\Wpf.Ui.servoStudio\servoStudio.csproj]
C:\UserWorx\VSWorx\ServoStudio\wpfui-servoStudio\samples\Wpf.Ui.servoStudio\ViewModels\DashboardViewModel.cs(134,9): warning IDE0011: 鍚?鈥渋f鈥?璇彞娣诲姞澶ф嫭鍙枫€?(https://learn.microsoft.com/dotnet/fundamentals/code-analysis/style-rules/ide0011) [C:\UserWorx\VSWorx\ServoStudio\wpfui-servoStudio\samples\Wpf.Ui.servoStudio\servoStudio.csproj]
C:\UserWorx\VSWorx\ServoStudio\wpfui-servoStudio\samples\Wpf.Ui.servoStudio\ViewModels\DashboardViewModel.cs(135,9): warning IDE0011: 鍚?鈥渋f鈥?璇彞娣诲姞澶ф嫭鍙枫€?(https://learn.microsoft.com/dotnet/fundamentals/code-analysis/style-rules/ide0011) [C:\UserWorx\VSWorx\ServoStudio\wpfui-servoStudio\samples\Wpf.Ui.servoStudio\servoStudio.csproj]
C:\UserWorx\VSWorx\ServoStudio\wpfui-servoStudio\samples\Wpf.Ui.servoStudio\ViewModels\DashboardViewModel.cs(136,9): warning IDE0011: 鍚?鈥渋f鈥?璇彞娣诲姞澶ф嫭鍙枫€?(https://learn.microsoft.com/dotnet/fundamentals/code-analysis/style-rules/ide0011) [C:\UserWorx\VSWorx\ServoStudio\wpfui-servoStudio\samples\Wpf.Ui.servoStudio\servoStudio.csproj]
C:\UserWorx\VSWorx\ServoStudio\wpfui-servoStudio\samples\Wpf.Ui.servoStudio\ViewModels\DashboardViewModel.cs(137,9): warning IDE0011: 鍚?鈥渋f鈥?璇彞娣诲姞澶ф嫭鍙枫€?(https://learn.microsoft.com/dotnet/fundamentals/code-analysis/style-rules/ide0011) [C:\UserWorx\VSWorx\ServoStudio\wpfui-servoStudio\samples\Wpf.Ui.servoStudio\servoStudio.csproj]
C:\UserWorx\VSWorx\ServoStudio\wpfui-servoStudio\samples\Wpf.Ui.servoStudio\ViewModels\DashboardViewModel.cs(138,9): warning IDE0011: 鍚?鈥渋f鈥?璇彞娣诲姞澶ф嫭鍙枫€?(https://learn.microsoft.com/dotnet/fundamentals/code-analysis/style-rules/ide0011) [C:\UserWorx\VSWorx\ServoStudio\wpfui-servoStudio\samples\Wpf.Ui.servoStudio\servoStudio.csproj]
C:\UserWorx\VSWorx\ServoStudio\wpfui-servoStudio\samples\Wpf.Ui.servoStudio\ViewModels\DashboardViewModel.cs(139,9): warning IDE0011: 鍚?鈥渋f鈥?璇彞娣诲姞澶ф嫭鍙枫€?(https://learn.microsoft.com/dotnet/fundamentals/code-analysis/style-rules/ide0011) [C:\UserWorx\VSWorx\ServoStudio\wpfui-servoStudio\samples\Wpf.Ui.servoStudio\servoStudio.csproj]
C:\UserWorx\VSWorx\ServoStudio\wpfui-servoStudio\samples\Wpf.Ui.servoStudio\ViewModels\DashboardViewModel.cs(140,9): warning IDE0011: 鍚?鈥渋f鈥?璇彞娣诲姞澶ф嫭鍙枫€?(https://learn.microsoft.com/dotnet/fundamentals/code-analysis/style-rules/ide0011) [C:\UserWorx\VSWorx\ServoStudio\wpfui-servoStudio\samples\Wpf.Ui.servoStudio\servoStudio.csproj]
C:\UserWorx\VSWorx\ServoStudio\wpfui-servoStudio\samples\Wpf.Ui.servoStudio\ViewModels\DashboardViewModel.cs(141,9): warning IDE0011: 鍚?鈥渋f鈥?璇彞娣诲姞澶ф嫭鍙枫€?(https://learn.microsoft.com/dotnet/fundamentals/code-analysis/style-rules/ide0011) [C:\UserWorx\VSWorx\ServoStudio\wpfui-servoStudio\samples\Wpf.Ui.servoStudio\servoStudio.csproj]
C:\UserWorx\VSWorx\ServoStudio\wpfui-servoStudio\samples\Wpf.Ui.servoStudio\ViewModels\DashboardViewModel.cs(142,9): warning IDE0011: 鍚?鈥渋f鈥?璇彞娣诲姞澶ф嫭鍙枫€?(https://learn.microsoft.com/dotnet/fundamentals/code-analysis/style-rules/ide0011) [C:\UserWorx\VSWorx\ServoStudio\wpfui-servoStudio\samples\Wpf.Ui.servoStudio\servoStudio.csproj]
C:\UserWorx\VSWorx\ServoStudio\wpfui-servoStudio\samples\Wpf.Ui.servoStudio\ViewModels\DashboardViewModel.cs(119,9): warning IDE0008: 鐢ㄦ樉寮忕被鍨嬩唬鏇?"var" (https://learn.microsoft.com/dotnet/fundamentals/code-analysis/style-rules/ide0008) [C:\UserWorx\VSWorx\ServoStudio\wpfui-servoStudio\samples\Wpf.Ui.servoStudio\servoStudio.csproj]
C:\UserWorx\VSWorx\ServoStudio\wpfui-servoStudio\samples\Wpf.Ui.servoStudio\ViewModels\DashboardViewModel.cs(120,9): warning IDE0008: 鐢ㄦ樉寮忕被鍨嬩唬鏇?"var" (https://learn.microsoft.com/dotnet/fundamentals/code-analysis/style-rules/ide0008) [C:\UserWorx\VSWorx\ServoStudio\wpfui-servoStudio\samples\Wpf.Ui.servoStudio\servoStudio.csproj]
C:\UserWorx\VSWorx\ServoStudio\wpfui-servoStudio\samples\Wpf.Ui.servoStudio\Services\LiveDiag.cs(76,9): warning IDE0008: 鐢ㄦ樉寮忕被鍨嬩唬鏇?"var" (https://learn.microsoft.com/dotnet/fundamentals/code-analysis/style-rules/ide0008) [C:\UserWorx\VSWorx\ServoStudio\wpfui-servoStudio\samples\Wpf.Ui.servoStudio\servoStudio.csproj]
C:\UserWorx\VSWorx\ServoStudio\wpfui-servoStudio\samples\Wpf.Ui.servoStudio\ViewModels\DeviceSet\DeviceAddViewModel.cs(730,9): warning IDE0011: 鍚?鈥渇or鈥?璇彞娣诲姞澶ф嫭鍙枫€?(https://learn.microsoft.com/dotnet/fundamentals/code-analysis/style-rules/ide0011) [C:\UserWorx\VSWorx\ServoStudio\wpfui-servoStudio\samples\Wpf.Ui.servoStudio\servoStudio.csproj]
C:\UserWorx\VSWorx\ServoStudio\wpfui-servoStudio\samples\Wpf.Ui.servoStudio\ViewModels\DeviceSet\DeviceAddViewModel.cs(732,9): warning IDE0011: 鍚?鈥渇or鈥?璇彞娣诲姞澶ф嫭鍙枫€?(https://learn.microsoft.com/dotnet/fundamentals/code-analysis/style-rules/ide0011) [C:\UserWorx\VSWorx\ServoStudio\wpfui-servoStudio\samples\Wpf.Ui.servoStudio\servoStudio.csproj]
C:\UserWorx\VSWorx\ServoStudio\wpfui-servoStudio\samples\Wpf.Ui.servoStudio\ViewModels\DeviceSet\DeviceAddViewModel.cs(735,9): warning IDE0011: 鍚?鈥渋f鈥?璇彞娣诲姞澶ф嫭鍙枫€?(https://learn.microsoft.com/dotnet/fundamentals/code-analysis/style-rules/ide0011) [C:\UserWorx\VSWorx\ServoStudio\wpfui-servoStudio\samples\Wpf.Ui.servoStudio\servoStudio.csproj]
C:\UserWorx\VSWorx\ServoStudio\wpfui-servoStudio\samples\Wpf.Ui.servoStudio\ViewModels\DeviceSet\DeviceAddViewModel.cs(736,9): warning IDE0011: 鍚?鈥渋f鈥?璇彞娣诲姞澶ф嫭鍙枫€?(https://learn.microsoft.com/dotnet/fundamentals/code-analysis/style-rules/ide0011) [C:\UserWorx\VSWorx\ServoStudio\wpfui-servoStudio\samples\Wpf.Ui.servoStudio\servoStudio.csproj]
C:\UserWorx\VSWorx\ServoStudio\wpfui-servoStudio\samples\Wpf.Ui.servoStudio\ViewModels\Hardware\MotorViewModel.cs(207,64): warning IDE0055: 淇鏍煎紡 (https://learn.microsoft.com/dotnet/fundamentals/code-analysis/style-rules/ide0055) [C:\UserWorx\VSWorx\ServoStudio\wpfui-servoStudio\samples\Wpf.Ui.servoStudio\servoStudio.csproj]
C:\UserWorx\VSWorx\ServoStudio\wpfui-servoStudio\samples\Wpf.Ui.servoStudio\ViewModels\Hardware\MotorViewModel.cs(273,47): warning IDE0055: 淇鏍煎紡 (https://learn.microsoft.com/dotnet/fundamentals/code-analysis/style-rules/ide0055) [C:\UserWorx\VSWorx\ServoStudio\wpfui-servoStudio\samples\Wpf.Ui.servoStudio\servoStudio.csproj]
C:\UserWorx\VSWorx\ServoStudio\wpfui-servoStudio\samples\Wpf.Ui.servoStudio\Views\Pages\AppDataPages\DataViewPage.xaml.cs(40,9): warning IDE0008: 鐢ㄦ樉寮忕被鍨嬩唬鏇?"var" (https://learn.microsoft.com/dotnet/fundamentals/code-analysis/style-rules/ide0008) [C:\UserWorx\VSWorx\ServoStudio\wpfui-servoStudio\samples\Wpf.Ui.servoStudio\servoStudio.csproj]
C:\UserWorx\VSWorx\ServoStudio\wpfui-servoStudio\samples\Wpf.Ui.servoStudio\Views\Pages\AppDataPages\DataViewPage.xaml.cs(50,9): warning IDE0058: 姘歌繙涓嶄細浣跨敤琛ㄨ揪寮忓€?(https://learn.microsoft.com/dotnet/fundamentals/code-analysis/style-rules/ide0058) [C:\UserWorx\VSWorx\ServoStudio\wpfui-servoStudio\samples\Wpf.Ui.servoStudio\servoStudio.csproj]
C:\UserWorx\VSWorx\ServoStudio\wpfui-servoStudio\samples\Wpf.Ui.servoStudio\ViewModels\Hardware\StoConfigViewModel.cs(103,44): warning IDE0055: 淇鏍煎紡 (https://learn.microsoft.com/dotnet/fundamentals/code-analysis/style-rules/ide0055) [C:\UserWorx\VSWorx\ServoStudio\wpfui-servoStudio\samples\Wpf.Ui.servoStudio\servoStudio.csproj]
C:\UserWorx\VSWorx\ServoStudio\wpfui-servoStudio\samples\Wpf.Ui.servoStudio\ViewModels\Hardware\StoConfigViewModel.cs(103,46): warning IDE0055: 淇鏍煎紡 (https://learn.microsoft.com/dotnet/fundamentals/code-analysis/style-rules/ide0055) [C:\UserWorx\VSWorx\ServoStudio\wpfui-servoStudio\samples\Wpf.Ui.servoStudio\servoStudio.csproj]
C:\UserWorx\VSWorx\ServoStudio\wpfui-servoStudio\samples\Wpf.Ui.servoStudio\ViewModels\Hardware\StoConfigViewModel.cs(103,68): warning IDE0055: 淇鏍煎紡 (https://learn.microsoft.com/dotnet/fundamentals/code-analysis/style-rules/ide0055) [C:\UserWorx\VSWorx\ServoStudio\wpfui-servoStudio\samples\Wpf.Ui.servoStudio\servoStudio.csproj]
C:\UserWorx\VSWorx\ServoStudio\wpfui-servoStudio\samples\Wpf.Ui.servoStudio\ViewModels\Hardware\StoConfigViewModel.cs(103,76): warning IDE0055: 淇鏍煎紡 (https://learn.microsoft.com/dotnet/fundamentals/code-analysis/style-rules/ide0055) [C:\UserWorx\VSWorx\ServoStudio\wpfui-servoStudio\samples\Wpf.Ui.servoStudio\servoStudio.csproj]
C:\UserWorx\VSWorx\ServoStudio\wpfui-servoStudio\samples\Wpf.Ui.servoStudio\ViewModels\Hardware\StoConfigViewModel.cs(108,84): warning IDE0055: 淇鏍煎紡 (https://learn.microsoft.com/dotnet/fundamentals/code-analysis/style-rules/ide0055) [C:\UserWorx\VSWorx\ServoStudio\wpfui-servoStudio\samples\Wpf.Ui.servoStudio\servoStudio.csproj]
C:\UserWorx\VSWorx\ServoStudio\wpfui-servoStudio\samples\Wpf.Ui.servoStudio\ViewModels\Hardware\StoConfigViewModel.cs(109,84): warning IDE0055: 淇鏍煎紡 (https://learn.microsoft.com/dotnet/fundamentals/code-analysis/style-rules/ide0055) [C:\UserWorx\VSWorx\ServoStudio\wpfui-servoStudio\samples\Wpf.Ui.servoStudio\servoStudio.csproj]
C:\UserWorx\VSWorx\ServoStudio\wpfui-servoStudio\samples\Wpf.Ui.servoStudio\ViewModels\Hardware\StoConfigViewModel.cs(110,80): warning IDE0055: 淇鏍煎紡 (https://learn.microsoft.com/dotnet/fundamentals/code-analysis/style-rules/ide0055) [C:\UserWorx\VSWorx\ServoStudio\wpfui-servoStudio\samples\Wpf.Ui.servoStudio\servoStudio.csproj]
C:\UserWorx\VSWorx\ServoStudio\wpfui-servoStudio\samples\Wpf.Ui.servoStudio\ViewModels\Hardware\StoConfigViewModel.cs(111,86): warning IDE0055: 淇鏍煎紡 (https://learn.microsoft.com/dotnet/fundamentals/code-analysis/style-rules/ide0055) [C:\UserWorx\VSWorx\ServoStudio\wpfui-servoStudio\samples\Wpf.Ui.servoStudio\servoStudio.csproj]
C:\UserWorx\VSWorx\ServoStudio\wpfui-servoStudio\samples\Wpf.Ui.servoStudio\ViewModels\Hardware\StoConfigViewModel.cs(112,82): warning IDE0055: 淇鏍煎紡 (https://learn.microsoft.com/dotnet/fundamentals/code-analysis/style-rules/ide0055) [C:\UserWorx\VSWorx\ServoStudio\wpfui-servoStudio\samples\Wpf.Ui.servoStudio\servoStudio.csproj]
C:\UserWorx\VSWorx\ServoStudio\wpfui-servoStudio\samples\Wpf.Ui.servoStudio\ViewModels\Hardware\StoConfigViewModel.cs(113,82): warning IDE0055: 淇鏍煎紡 (https://learn.microsoft.com/dotnet/fundamentals/code-analysis/style-rules/ide0055) [C:\UserWorx\VSWorx\ServoStudio\wpfui-servoStudio\samples\Wpf.Ui.servoStudio\servoStudio.csproj]
C:\UserWorx\VSWorx\ServoStudio\wpfui-servoStudio\samples\Wpf.Ui.servoStudio\ViewModels\Hardware\StoConfigViewModel.cs(114,82): warning IDE0055: 淇鏍煎紡 (https://learn.microsoft.com/dotnet/fundamentals/code-analysis/style-rules/ide0055) [C:\UserWorx\VSWorx\ServoStudio\wpfui-servoStudio\samples\Wpf.Ui.servoStudio\servoStudio.csproj]
C:\UserWorx\VSWorx\ServoStudio\wpfui-servoStudio\samples\Wpf.Ui.servoStudio\ViewModels\Hardware\StoConfigViewModel.cs(120,20): warning IDE0055: 淇鏍煎紡 (https://learn.microsoft.com/dotnet/fundamentals/code-analysis/style-rules/ide0055) [C:\UserWorx\VSWorx\ServoStudio\wpfui-servoStudio\samples\Wpf.Ui.servoStudio\servoStudio.csproj]
C:\UserWorx\VSWorx\ServoStudio\wpfui-servoStudio\samples\Wpf.Ui.servoStudio\ViewModels\Hardware\StoConfigViewModel.cs(121,20): warning IDE0055: 淇鏍煎紡 (https://learn.microsoft.com/dotnet/fundamentals/code-analysis/style-rules/ide0055) [C:\UserWorx\VSWorx\ServoStudio\wpfui-servoStudio\samples\Wpf.Ui.servoStudio\servoStudio.csproj]
C:\UserWorx\VSWorx\ServoStudio\wpfui-servoStudio\samples\Wpf.Ui.servoStudio\ViewModels\Hardware\StoConfigViewModel.cs(124,12): warning IDE0055: 淇鏍煎紡 (https://learn.microsoft.com/dotnet/fundamentals/code-analysis/style-rules/ide0055) [C:\UserWorx\VSWorx\ServoStudio\wpfui-servoStudio\samples\Wpf.Ui.servoStudio\servoStudio.csproj]
C:\UserWorx\VSWorx\ServoStudio\wpfui-servoStudio\samples\Wpf.Ui.servoStudio\ViewModels\Hardware\StoConfigViewModel.cs(126,116): warning IDE0055: 淇鏍煎紡 (https://learn.microsoft.com/dotnet/fundamentals/code-analysis/style-rules/ide0055) [C:\UserWorx\VSWorx\ServoStudio\wpfui-servoStudio\samples\Wpf.Ui.servoStudio\servoStudio.csproj]
C:\UserWorx\VSWorx\ServoStudio\wpfui-servoStudio\samples\Wpf.Ui.servoStudio\ViewModels\Hardware\StoConfigViewModel.cs(127,116): warning IDE0055: 淇鏍煎紡 (https://learn.microsoft.com/dotnet/fundamentals/code-analysis/style-rules/ide0055) [C:\UserWorx\VSWorx\ServoStudio\wpfui-servoStudio\samples\Wpf.Ui.servoStudio\servoStudio.csproj]
C:\UserWorx\VSWorx\ServoStudio\wpfui-servoStudio\samples\Wpf.Ui.servoStudio\ViewModels\Hardware\StoConfigViewModel.cs(137,44): warning IDE0055: 淇鏍煎紡 (https://learn.microsoft.com/dotnet/fundamentals/code-analysis/style-rules/ide0055) [C:\UserWorx\VSWorx\ServoStudio\wpfui-servoStudio\samples\Wpf.Ui.servoStudio\servoStudio.csproj]
C:\UserWorx\VSWorx\ServoStudio\wpfui-servoStudio\samples\Wpf.Ui.servoStudio\ViewModels\Hardware\StoConfigViewModel.cs(137,46): warning IDE0055: 淇鏍煎紡 (https://learn.microsoft.com/dotnet/fundamentals/code-analysis/style-rules/ide0055) [C:\UserWorx\VSWorx\ServoStudio\wpfui-servoStudio\samples\Wpf.Ui.servoStudio\servoStudio.csproj]
C:\UserWorx\VSWorx\ServoStudio\wpfui-servoStudio\samples\Wpf.Ui.servoStudio\ViewModels\Hardware\StoConfigViewModel.cs(137,68): warning IDE0055: 淇鏍煎紡 (https://learn.microsoft.com/dotnet/fundamentals/code-analysis/style-rules/ide0055) [C:\UserWorx\VSWorx\ServoStudio\wpfui-servoStudio\samples\Wpf.Ui.servoStudio\servoStudio.csproj]
C:\UserWorx\VSWorx\ServoStudio\wpfui-servoStudio\samples\Wpf.Ui.servoStudio\ViewModels\Hardware\StoConfigViewModel.cs(137,76): warning IDE0055: 淇鏍煎紡 (https://learn.microsoft.com/dotnet/fundamentals/code-analysis/style-rules/ide0055) [C:\UserWorx\VSWorx\ServoStudio\wpfui-servoStudio\samples\Wpf.Ui.servoStudio\servoStudio.csproj]
C:\UserWorx\VSWorx\ServoStudio\wpfui-servoStudio\samples\Wpf.Ui.servoStudio\ViewModels\Hardware\StoConfigViewModel.cs(141,83): warning IDE0055: 淇鏍煎紡 (https://learn.microsoft.com/dotnet/fundamentals/code-analysis/style-rules/ide0055) [C:\UserWorx\VSWorx\ServoStudio\wpfui-servoStudio\samples\Wpf.Ui.servoStudio\servoStudio.csproj]
C:\UserWorx\VSWorx\ServoStudio\wpfui-servoStudio\samples\Wpf.Ui.servoStudio\ViewModels\Hardware\StoConfigViewModel.cs(142,79): warning IDE0055: 淇鏍煎紡 (https://learn.microsoft.com/dotnet/fundamentals/code-analysis/style-rules/ide0055) [C:\UserWorx\VSWorx\ServoStudio\wpfui-servoStudio\samples\Wpf.Ui.servoStudio\servoStudio.csproj]
C:\UserWorx\VSWorx\ServoStudio\wpfui-servoStudio\samples\Wpf.Ui.servoStudio\ViewModels\Hardware\StoConfigViewModel.cs(144,85): warning IDE0055: 淇鏍煎紡 (https://learn.microsoft.com/dotnet/fundamentals/code-analysis/style-rules/ide0055) [C:\UserWorx\VSWorx\ServoStudio\wpfui-servoStudio\samples\Wpf.Ui.servoStudio\servoStudio.csproj]
C:\UserWorx\VSWorx\ServoStudio\wpfui-servoStudio\samples\Wpf.Ui.servoStudio\ViewModels\Hardware\StoConfigViewModel.cs(145,81): warning IDE0055: 淇鏍煎紡 (https://learn.microsoft.com/dotnet/fundamentals/code-analysis/style-rules/ide0055) [C:\UserWorx\VSWorx\ServoStudio\wpfui-servoStudio\samples\Wpf.Ui.servoStudio\servoStudio.csproj]
C:\UserWorx\VSWorx\ServoStudio\wpfui-servoStudio\samples\Wpf.Ui.servoStudio\ViewModels\Hardware\StoConfigViewModel.cs(146,81): warning IDE0055: 淇鏍煎紡 (https://learn.microsoft.com/dotnet/fundamentals/code-analysis/style-rules/ide0055) [C:\UserWorx\VSWorx\ServoStudio\wpfui-servoStudio\samples\Wpf.Ui.servoStudio\servoStudio.csproj]
C:\UserWorx\VSWorx\ServoStudio\wpfui-servoStudio\samples\Wpf.Ui.servoStudio\ViewModels\Hardware\StoConfigViewModel.cs(147,81): warning IDE0055: 淇鏍煎紡 (https://learn.microsoft.com/dotnet/fundamentals/code-analysis/style-rules/ide0055) [C:\UserWorx\VSWorx\ServoStudio\wpfui-servoStudio\samples\Wpf.Ui.servoStudio\servoStudio.csproj]
C:\UserWorx\VSWorx\ServoStudio\wpfui-servoStudio\samples\Wpf.Ui.servoStudio\ViewModels\Hardware\MotorViewModel.cs(207,9): warning IDE0011: 鍚?鈥渋f鈥?璇彞娣诲姞澶ф嫭鍙枫€?(https://learn.microsoft.com/dotnet/fundamentals/code-analysis/style-rules/ide0011) [C:\UserWorx\VSWorx\ServoStudio\wpfui-servoStudio\samples\Wpf.Ui.servoStudio\servoStudio.csproj]
C:\UserWorx\VSWorx\ServoStudio\wpfui-servoStudio\samples\Wpf.Ui.servoStudio\ViewModels\ControlViewModel.cs(161,13): warning IDE0011: 鍚?鈥渋f鈥?璇彞娣诲姞澶ф嫭鍙枫€?(https://learn.microsoft.com/dotnet/fundamentals/code-analysis/style-rules/ide0011) [C:\UserWorx\VSWorx\ServoStudio\wpfui-servoStudio\samples\Wpf.Ui.servoStudio\servoStudio.csproj]
C:\UserWorx\VSWorx\ServoStudio\wpfui-servoStudio\samples\Wpf.Ui.servoStudio\ViewModels\ControlViewModel.cs(167,9): warning IDE0011: 鍚?鈥渋f鈥?璇彞娣诲姞澶ф嫭鍙枫€?(https://learn.microsoft.com/dotnet/fundamentals/code-analysis/style-rules/ide0011) [C:\UserWorx\VSWorx\ServoStudio\wpfui-servoStudio\samples\Wpf.Ui.servoStudio\servoStudio.csproj]
C:\UserWorx\VSWorx\ServoStudio\wpfui-servoStudio\samples\Wpf.Ui.servoStudio\ViewModels\ControlViewModel.cs(172,9): warning IDE0011: 鍚?鈥渋f鈥?璇彞娣诲姞澶ф嫭鍙枫€?(https://learn.microsoft.com/dotnet/fundamentals/code-analysis/style-rules/ide0011) [C:\UserWorx\VSWorx\ServoStudio\wpfui-servoStudio\samples\Wpf.Ui.servoStudio\servoStudio.csproj]
C:\UserWorx\VSWorx\ServoStudio\wpfui-servoStudio\samples\Wpf.Ui.servoStudio\ViewModels\ControlViewModel.cs(177,9): warning IDE0011: 鍚?鈥渋f鈥?璇彞娣诲姞澶ф嫭鍙枫€?(https://learn.microsoft.com/dotnet/fundamentals/code-analysis/style-rules/ide0011) [C:\UserWorx\VSWorx\ServoStudio\wpfui-servoStudio\samples\Wpf.Ui.servoStudio\servoStudio.csproj]
C:\UserWorx\VSWorx\ServoStudio\wpfui-servoStudio\samples\Wpf.Ui.servoStudio\ViewModels\HomeViewModel.cs(17,40): warning IDE0055: 淇鏍煎紡 (https://learn.microsoft.com/dotnet/fundamentals/code-analysis/style-rules/ide0055) [C:\UserWorx\VSWorx\ServoStudio\wpfui-servoStudio\samples\Wpf.Ui.servoStudio\servoStudio.csproj]
C:\UserWorx\VSWorx\ServoStudio\wpfui-servoStudio\samples\Wpf.Ui.servoStudio\ViewModels\HomeViewModel.cs(17,42): warning IDE0055: 淇鏍煎紡 (https://learn.microsoft.com/dotnet/fundamentals/code-analysis/style-rules/ide0055) [C:\UserWorx\VSWorx\ServoStudio\wpfui-servoStudio\samples\Wpf.Ui.servoStudio\servoStudio.csproj]
C:\UserWorx\VSWorx\ServoStudio\wpfui-servoStudio\samples\Wpf.Ui.servoStudio\ViewModels\HomeViewModel.cs(17,47): warning IDE0055: 淇鏍煎紡 (https://learn.microsoft.com/dotnet/fundamentals/code-analysis/style-rules/ide0055) [C:\UserWorx\VSWorx\ServoStudio\wpfui-servoStudio\samples\Wpf.Ui.servoStudio\servoStudio.csproj]
C:\UserWorx\VSWorx\ServoStudio\wpfui-servoStudio\samples\Wpf.Ui.servoStudio\ViewModels\AppData\PidAdjustViewModel.cs(320,21): warning IDE0011: 鍚?鈥渋f鈥?璇彞娣诲姞澶ф嫭鍙枫€?(https://learn.microsoft.com/dotnet/fundamentals/code-analysis/style-rules/ide0011) [C:\UserWorx\VSWorx\ServoStudio\wpfui-servoStudio\samples\Wpf.Ui.servoStudio\servoStudio.csproj]
C:\UserWorx\VSWorx\ServoStudio\wpfui-servoStudio\samples\Wpf.Ui.servoStudio\ViewModels\AppData\PidAdjustViewModel.cs(323,21): warning IDE0011: 鍚?鈥渋f鈥?璇彞娣诲姞澶ф嫭鍙枫€?(https://learn.microsoft.com/dotnet/fundamentals/code-analysis/style-rules/ide0011) [C:\UserWorx\VSWorx\ServoStudio\wpfui-servoStudio\samples\Wpf.Ui.servoStudio\servoStudio.csproj]
C:\UserWorx\VSWorx\ServoStudio\wpfui-servoStudio\samples\Wpf.Ui.servoStudio\Services\LiveDiag.cs(112,18): warning IDE0008: 鐢ㄦ樉寮忕被鍨嬩唬鏇?"var" (https://learn.microsoft.com/dotnet/fundamentals/code-analysis/style-rules/ide0008) [C:\UserWorx\VSWorx\ServoStudio\wpfui-servoStudio\samples\Wpf.Ui.servoStudio\servoStudio.csproj]
C:\UserWorx\VSWorx\ServoStudio\wpfui-servoStudio\samples\Wpf.Ui.servoStudio\Services\LiveDiag.cs(114,13): warning IDE0008: 鐢ㄦ樉寮忕被鍨嬩唬鏇?"var" (https://learn.microsoft.com/dotnet/fundamentals/code-analysis/style-rules/ide0008) [C:\UserWorx\VSWorx\ServoStudio\wpfui-servoStudio\samples\Wpf.Ui.servoStudio\servoStudio.csproj]
C:\UserWorx\VSWorx\ServoStudio\wpfui-servoStudio\samples\Wpf.Ui.servoStudio\ViewModels\Factory\FrameFormatEditorViewModel.cs(274,13): warning IDE0011: 鍚?鈥渋f鈥?璇彞娣诲姞澶ф嫭鍙枫€?(https://learn.microsoft.com/dotnet/fundamentals/code-analysis/style-rules/ide0011) [C:\UserWorx\VSWorx\ServoStudio\wpfui-servoStudio\samples\Wpf.Ui.servoStudio\servoStudio.csproj]
C:\UserWorx\VSWorx\ServoStudio\wpfui-servoStudio\samples\Wpf.Ui.servoStudio\ViewModels\Factory\FrameFormatEditorViewModel.cs(278,13): warning IDE0011: 鍚?鈥渋f鈥?璇彞娣诲姞澶ф嫭鍙枫€?(https://learn.microsoft.com/dotnet/fundamentals/code-analysis/style-rules/ide0011) [C:\UserWorx\VSWorx\ServoStudio\wpfui-servoStudio\samples\Wpf.Ui.servoStudio\servoStudio.csproj]
C:\UserWorx\VSWorx\ServoStudio\wpfui-servoStudio\samples\Wpf.Ui.servoStudio\ViewModels\DeviceSet\DeviceAddViewModel.cs(810,13): warning IDE0008: 鐢ㄦ樉寮忕被鍨嬩唬鏇?"var" (https://learn.microsoft.com/dotnet/fundamentals/code-analysis/style-rules/ide0008) [C:\UserWorx\VSWorx\ServoStudio\wpfui-servoStudio\samples\Wpf.Ui.servoStudio\servoStudio.csproj]
C:\UserWorx\VSWorx\ServoStudio\wpfui-servoStudio\samples\Wpf.Ui.servoStudio\ViewModels\Factory\FrameFormatEditorViewModel.cs(272,13): warning IDE0008: 鐢ㄦ樉寮忕被鍨嬩唬鏇?"var" (https://learn.microsoft.com/dotnet/fundamentals/code-analysis/style-rules/ide0008) [C:\UserWorx\VSWorx\ServoStudio\wpfui-servoStudio\samples\Wpf.Ui.servoStudio\servoStudio.csproj]
C:\UserWorx\VSWorx\ServoStudio\wpfui-servoStudio\samples\Wpf.Ui.servoStudio\ViewModels\Factory\FrameFormatEditorViewModel.cs(276,13): warning IDE0008: 鐢ㄦ樉寮忕被鍨嬩唬鏇?"var" (https://learn.microsoft.com/dotnet/fundamentals/code-analysis/style-rules/ide0008) [C:\UserWorx\VSWorx\ServoStudio\wpfui-servoStudio\samples\Wpf.Ui.servoStudio\servoStudio.csproj]
C:\UserWorx\VSWorx\ServoStudio\wpfui-servoStudio\samples\Wpf.Ui.servoStudio\Services\LiveDiag.cs(110,9): warning IDE0058: 姘歌繙涓嶄細浣跨敤琛ㄨ揪寮忓€?(https://learn.microsoft.com/dotnet/fundamentals/code-analysis/style-rules/ide0058) [C:\UserWorx\VSWorx\ServoStudio\wpfui-servoStudio\samples\Wpf.Ui.servoStudio\servoStudio.csproj]
C:\UserWorx\VSWorx\ServoStudio\wpfui-servoStudio\samples\Wpf.Ui.servoStudio\Services\LiveDiag.cs(121,17): warning IDE0058: 姘歌繙涓嶄細浣跨敤琛ㄨ揪寮忓€?(https://learn.microsoft.com/dotnet/fundamentals/code-analysis/style-rules/ide0058) [C:\UserWorx\VSWorx\ServoStudio\wpfui-servoStudio\samples\Wpf.Ui.servoStudio\servoStudio.csproj]
C:\UserWorx\VSWorx\ServoStudio\wpfui-servoStudio\samples\Wpf.Ui.servoStudio\Services\LiveDiag.cs(124,13): warning IDE0058: 姘歌繙涓嶄細浣跨敤琛ㄨ揪寮忓€?(https://learn.microsoft.com/dotnet/fundamentals/code-analysis/style-rules/ide0058) [C:\UserWorx\VSWorx\ServoStudio\wpfui-servoStudio\samples\Wpf.Ui.servoStudio\servoStudio.csproj]
C:\UserWorx\VSWorx\ServoStudio\wpfui-servoStudio\samples\Wpf.Ui.servoStudio\Services\LiveDiag.cs(128,17): warning IDE0058: 姘歌繙涓嶄細浣跨敤琛ㄨ揪寮忓€?(https://learn.microsoft.com/dotnet/fundamentals/code-analysis/style-rules/ide0058) [C:\UserWorx\VSWorx\ServoStudio\wpfui-servoStudio\samples\Wpf.Ui.servoStudio\servoStudio.csproj]
C:\UserWorx\VSWorx\ServoStudio\wpfui-servoStudio\samples\Wpf.Ui.servoStudio\Services\LiveDiag.cs(133,13): warning IDE0058: 姘歌繙涓嶄細浣跨敤琛ㄨ揪寮忓€?(https://learn.microsoft.com/dotnet/fundamentals/code-analysis/style-rules/ide0058) [C:\UserWorx\VSWorx\ServoStudio\wpfui-servoStudio\samples\Wpf.Ui.servoStudio\servoStudio.csproj]
C:\UserWorx\VSWorx\ServoStudio\wpfui-servoStudio\samples\Wpf.Ui.servoStudio\Services\LiveDiag.cs(139,9): warning IDE0058: 姘歌繙涓嶄細浣跨敤琛ㄨ揪寮忓€?(https://learn.microsoft.com/dotnet/fundamentals/code-analysis/style-rules/ide0058) [C:\UserWorx\VSWorx\ServoStudio\wpfui-servoStudio\samples\Wpf.Ui.servoStudio\servoStudio.csproj]
C:\UserWorx\VSWorx\ServoStudio\wpfui-servoStudio\samples\Wpf.Ui.servoStudio\ViewModels\Factory\FrameFormatEditorViewModel.cs(289,13): warning IDE0011: 鍚?鈥渋f鈥?璇彞娣诲姞澶ф嫭鍙枫€?(https://learn.microsoft.com/dotnet/fundamentals/code-analysis/style-rules/ide0011) [C:\UserWorx\VSWorx\ServoStudio\wpfui-servoStudio\samples\Wpf.Ui.servoStudio\servoStudio.csproj]
C:\UserWorx\VSWorx\ServoStudio\wpfui-servoStudio\samples\Wpf.Ui.servoStudio\ViewModels\Factory\FrameFormatEditorViewModel.cs(290,13): warning IDE0011: 鍚?鈥渋f鈥?璇彞娣诲姞澶ф嫭鍙枫€?(https://learn.microsoft.com/dotnet/fundamentals/code-analysis/style-rules/ide0011) [C:\UserWorx\VSWorx\ServoStudio\wpfui-servoStudio\samples\Wpf.Ui.servoStudio\servoStudio.csproj]
C:\UserWorx\VSWorx\ServoStudio\wpfui-servoStudio\samples\Wpf.Ui.servoStudio\ViewModels\Factory\FrameFormatEditorViewModel.cs(290,33): warning IDE0058: 姘歌繙涓嶄細浣跨敤琛ㄨ揪寮忓€?(https://learn.microsoft.com/dotnet/fundamentals/code-analysis/style-rules/ide0058) [C:\UserWorx\VSWorx\ServoStudio\wpfui-servoStudio\samples\Wpf.Ui.servoStudio\servoStudio.csproj]
C:\UserWorx\VSWorx\ServoStudio\wpfui-servoStudio\samples\Wpf.Ui.servoStudio\Views\Pages\AppDataPages\DataViewPage.xaml.cs(205,9): warning IDE0008: 鐢ㄦ樉寮忕被鍨嬩唬鏇?"var" (https://learn.microsoft.com/dotnet/fundamentals/code-analysis/style-rules/ide0008) [C:\UserWorx\VSWorx\ServoStudio\wpfui-servoStudio\samples\Wpf.Ui.servoStudio\servoStudio.csproj]
C:\UserWorx\VSWorx\ServoStudio\wpfui-servoStudio\samples\Wpf.Ui.servoStudio\Views\Pages\AppDataPages\DataViewPage.xaml.cs(211,22): warning IDE0008: 鐢ㄦ樉寮忕被鍨嬩唬鏇?"var" (https://learn.microsoft.com/dotnet/fundamentals/code-analysis/style-rules/ide0008) [C:\UserWorx\VSWorx\ServoStudio\wpfui-servoStudio\samples\Wpf.Ui.servoStudio\servoStudio.csproj]
C:\UserWorx\VSWorx\ServoStudio\wpfui-servoStudio\samples\Wpf.Ui.servoStudio\Views\Pages\AppDataPages\DataViewPage.xaml.cs(242,18): warning IDE0008: 鐢ㄦ樉寮忕被鍨嬩唬鏇?"var" (https://learn.microsoft.com/dotnet/fundamentals/code-analysis/style-rules/ide0008) [C:\UserWorx\VSWorx\ServoStudio\wpfui-servoStudio\samples\Wpf.Ui.servoStudio\servoStudio.csproj]
C:\UserWorx\VSWorx\ServoStudio\wpfui-servoStudio\samples\Wpf.Ui.servoStudio\Views\Pages\AppDataPages\DataViewPage.xaml.cs(248,57): warning IDE0008: 鐢ㄦ樉寮忕被鍨嬩唬鏇?"var" (https://learn.microsoft.com/dotnet/fundamentals/code-analysis/style-rules/ide0008) [C:\UserWorx\VSWorx\ServoStudio\wpfui-servoStudio\samples\Wpf.Ui.servoStudio\servoStudio.csproj]
C:\UserWorx\VSWorx\ServoStudio\wpfui-servoStudio\samples\Wpf.Ui.servoStudio\ViewModels\AppData\PidAdjustViewModel.cs(373,9): warning IDE0011: 鍚?鈥渋f鈥?璇彞娣诲姞澶ф嫭鍙枫€?(https://learn.microsoft.com/dotnet/fundamentals/code-analysis/style-rules/ide0011) [C:\UserWorx\VSWorx\ServoStudio\wpfui-servoStudio\samples\Wpf.Ui.servoStudio\servoStudio.csproj]
C:\UserWorx\VSWorx\ServoStudio\wpfui-servoStudio\samples\Wpf.Ui.servoStudio\ViewModels\Hardware\MotorViewModel.cs(273,9): warning IDE0011: 鍚?鈥渋f鈥?璇彞娣诲姞澶ф嫭鍙枫€?(https://learn.microsoft.com/dotnet/fundamentals/code-analysis/style-rules/ide0011) [C:\UserWorx\VSWorx\ServoStudio\wpfui-servoStudio\samples\Wpf.Ui.servoStudio\servoStudio.csproj]
C:\UserWorx\VSWorx\ServoStudio\wpfui-servoStudio\samples\Wpf.Ui.servoStudio\Core\Sync\WinMmCyclicTimer.cs(76,13): warning IDE0058: 姘歌繙涓嶄細浣跨敤琛ㄨ揪寮忓€?(https://learn.microsoft.com/dotnet/fundamentals/code-analysis/style-rules/ide0058) [C:\UserWorx\VSWorx\ServoStudio\wpfui-servoStudio\samples\Wpf.Ui.servoStudio\servoStudio.csproj]
C:\UserWorx\VSWorx\ServoStudio\wpfui-servoStudio\samples\Wpf.Ui.servoStudio\Core\Sync\WinMmCyclicTimer.cs(77,13): warning IDE0058: 姘歌繙涓嶄細浣跨敤琛ㄨ揪寮忓€?(https://learn.microsoft.com/dotnet/fundamentals/code-analysis/style-rules/ide0058) [C:\UserWorx\VSWorx\ServoStudio\wpfui-servoStudio\samples\Wpf.Ui.servoStudio\servoStudio.csproj]
C:\UserWorx\VSWorx\ServoStudio\wpfui-servoStudio\samples\Wpf.Ui.servoStudio\Core\Sync\WinMmCyclicTimer.cs(78,13): warning IDE0058: 姘歌繙涓嶄細浣跨敤琛ㄨ揪寮忓€?(https://learn.microsoft.com/dotnet/fundamentals/code-analysis/style-rules/ide0058) [C:\UserWorx\VSWorx\ServoStudio\wpfui-servoStudio\samples\Wpf.Ui.servoStudio\servoStudio.csproj]
C:\UserWorx\VSWorx\ServoStudio\wpfui-servoStudio\samples\Wpf.Ui.servoStudio\Views\Pages\AppDataPages\DataViewPage.xaml.cs(284,18): warning IDE0008: 鐢ㄦ樉寮忕被鍨嬩唬鏇?"var" (https://learn.microsoft.com/dotnet/fundamentals/code-analysis/style-rules/ide0008) [C:\UserWorx\VSWorx\ServoStudio\wpfui-servoStudio\samples\Wpf.Ui.servoStudio\servoStudio.csproj]
C:\UserWorx\VSWorx\ServoStudio\wpfui-servoStudio\samples\Wpf.Ui.servoStudio\ViewModels\DeviceSet\DeviceAddViewModel.cs(983,9): warning IDE0011: 鍚?鈥渋f鈥?璇彞娣诲姞澶ф嫭鍙枫€?(https://learn.microsoft.com/dotnet/fundamentals/code-analysis/style-rules/ide0011) [C:\UserWorx\VSWorx\ServoStudio\wpfui-servoStudio\samples\Wpf.Ui.servoStudio\servoStudio.csproj]
C:\UserWorx\VSWorx\ServoStudio\wpfui-servoStudio\samples\Wpf.Ui.servoStudio\ViewModels\DeviceSet\DeviceAddViewModel.cs(988,13): warning IDE0011: 鍚?鈥渋f鈥?璇彞娣诲姞澶ф嫭鍙枫€?(https://learn.microsoft.com/dotnet/fundamentals/code-analysis/style-rules/ide0011) [C:\UserWorx\VSWorx\ServoStudio\wpfui-servoStudio\samples\Wpf.Ui.servoStudio\servoStudio.csproj]
C:\UserWorx\VSWorx\ServoStudio\wpfui-servoStudio\samples\Wpf.Ui.servoStudio\ViewModels\DeviceSet\DeviceAddViewModel.cs(991,13): warning IDE0011: 鍚?鈥渋f鈥?璇彞娣诲姞澶ф嫭鍙枫€?(https://learn.microsoft.com/dotnet/fundamentals/code-analysis/style-rules/ide0011) [C:\UserWorx\VSWorx\ServoStudio\wpfui-servoStudio\samples\Wpf.Ui.servoStudio\servoStudio.csproj]
C:\UserWorx\VSWorx\ServoStudio\wpfui-servoStudio\samples\Wpf.Ui.servoStudio\ViewModels\DeviceSet\DeviceAddViewModel.cs(994,13): warning IDE0011: 鍚?鈥渋f鈥?璇彞娣诲姞澶ф嫭鍙枫€?(https://learn.microsoft.com/dotnet/fundamentals/code-analysis/style-rules/ide0011) [C:\UserWorx\VSWorx\ServoStudio\wpfui-servoStudio\samples\Wpf.Ui.servoStudio\servoStudio.csproj]
C:\UserWorx\VSWorx\ServoStudio\wpfui-servoStudio\samples\Wpf.Ui.servoStudio\ViewModels\DeviceSet\DeviceAddViewModel.cs(999,9): warning IDE0011: 鍚?鈥渋f鈥?璇彞娣诲姞澶ф嫭鍙枫€?(https://learn.microsoft.com/dotnet/fundamentals/code-analysis/style-rules/ide0011) [C:\UserWorx\VSWorx\ServoStudio\wpfui-servoStudio\samples\Wpf.Ui.servoStudio\servoStudio.csproj]
C:\UserWorx\VSWorx\ServoStudio\wpfui-servoStudio\samples\Wpf.Ui.servoStudio\Views\Pages\AppDataPages\DataViewPage.xaml.cs(295,13): warning IDE0008: 鐢ㄦ樉寮忕被鍨嬩唬鏇?"var" (https://learn.microsoft.com/dotnet/fundamentals/code-analysis/style-rules/ide0008) [C:\UserWorx\VSWorx\ServoStudio\wpfui-servoStudio\samples\Wpf.Ui.servoStudio\servoStudio.csproj]
C:\UserWorx\VSWorx\ServoStudio\wpfui-servoStudio\samples\Wpf.Ui.servoStudio\Services\FrameLogBridge.cs(43,9): warning IDE0011: 鍚?鈥渋f鈥?璇彞娣诲姞澶ф嫭鍙枫€?(https://learn.microsoft.com/dotnet/fundamentals/code-analysis/style-rules/ide0011) [C:\UserWorx\VSWorx\ServoStudio\wpfui-servoStudio\samples\Wpf.Ui.servoStudio\servoStudio.csproj]
C:\UserWorx\VSWorx\ServoStudio\wpfui-servoStudio\samples\Wpf.Ui.servoStudio\Services\FrameLogBridge.cs(46,9): warning IDE0011: 鍚?鈥渋f鈥?璇彞娣诲姞澶ф嫭鍙枫€?(https://learn.microsoft.com/dotnet/fundamentals/code-analysis/style-rules/ide0011) [C:\UserWorx\VSWorx\ServoStudio\wpfui-servoStudio\samples\Wpf.Ui.servoStudio\servoStudio.csproj]
C:\UserWorx\VSWorx\ServoStudio\wpfui-servoStudio\samples\Wpf.Ui.servoStudio\ViewModels\Motion\MotionTypeViewModel.cs(165,21): warning IDE0011: 鍚?鈥渋f鈥?璇彞娣诲姞澶ф嫭鍙枫€?(https://learn.microsoft.com/dotnet/fundamentals/code-analysis/style-rules/ide0011) [C:\UserWorx\VSWorx\ServoStudio\wpfui-servoStudio\samples\Wpf.Ui.servoStudio\servoStudio.csproj]
C:\UserWorx\VSWorx\ServoStudio\wpfui-servoStudio\samples\Wpf.Ui.servoStudio\ViewModels\Motion\MotionTypeViewModel.cs(166,26): warning IDE0011: 鍚?鈥渋f鈥?璇彞娣诲姞澶ф嫭鍙枫€?(https://learn.microsoft.com/dotnet/fundamentals/code-analysis/style-rules/ide0011) [C:\UserWorx\VSWorx\ServoStudio\wpfui-servoStudio\samples\Wpf.Ui.servoStudio\servoStudio.csproj]
C:\UserWorx\VSWorx\ServoStudio\wpfui-servoStudio\samples\Wpf.Ui.servoStudio\ViewModels\Motion\MotionTypeViewModel.cs(192,9): warning IDE0011: 鍚?鈥渋f鈥?璇彞娣诲姞澶ф嫭鍙枫€?(https://learn.microsoft.com/dotnet/fundamentals/code-analysis/style-rules/ide0011) [C:\UserWorx\VSWorx\ServoStudio\wpfui-servoStudio\samples\Wpf.Ui.servoStudio\servoStudio.csproj]
C:\UserWorx\VSWorx\ServoStudio\wpfui-servoStudio\samples\Wpf.Ui.servoStudio\ViewModels\Motion\MotionTypeViewModel.cs(194,9): warning IDE0011: 鍚?鈥渋f鈥?璇彞娣诲姞澶ф嫭鍙枫€?(https://learn.microsoft.com/dotnet/fundamentals/code-analysis/style-rules/ide0011) [C:\UserWorx\VSWorx\ServoStudio\wpfui-servoStudio\samples\Wpf.Ui.servoStudio\servoStudio.csproj]
C:\UserWorx\VSWorx\ServoStudio\wpfui-servoStudio\samples\Wpf.Ui.servoStudio\Core\Sync\WinMmCyclicTimer.cs(107,9): warning IDE0058: 姘歌繙涓嶄細浣跨敤琛ㄨ揪寮忓€?(https://learn.microsoft.com/dotnet/fundamentals/code-analysis/style-rules/ide0058) [C:\UserWorx\VSWorx\ServoStudio\wpfui-servoStudio\samples\Wpf.Ui.servoStudio\servoStudio.csproj]
C:\UserWorx\VSWorx\ServoStudio\wpfui-servoStudio\samples\Wpf.Ui.servoStudio\Core\Sync\WinMmCyclicTimer.cs(113,21): warning IDE0058: 姘歌繙涓嶄細浣跨敤琛ㄨ揪寮忓€?(https://learn.microsoft.com/dotnet/fundamentals/code-analysis/style-rules/ide0058) [C:\UserWorx\VSWorx\ServoStudio\wpfui-servoStudio\samples\Wpf.Ui.servoStudio\servoStudio.csproj]
C:\UserWorx\VSWorx\ServoStudio\wpfui-servoStudio\samples\Wpf.Ui.servoStudio\Core\Sync\WinMmCyclicTimer.cs(115,9): warning IDE0058: 姘歌繙涓嶄細浣跨敤琛ㄨ揪寮忓€?(https://learn.microsoft.com/dotnet/fundamentals/code-analysis/style-rules/ide0058) [C:\UserWorx\VSWorx\ServoStudio\wpfui-servoStudio\samples\Wpf.Ui.servoStudio\servoStudio.csproj]
C:\UserWorx\VSWorx\ServoStudio\wpfui-servoStudio\samples\Wpf.Ui.servoStudio\ViewModels\Firmware\FirmwareProgramViewModel.cs(549,17): warning IDE0011: 鍚?鈥渋f鈥?璇彞娣诲姞澶ф嫭鍙枫€?(https://learn.microsoft.com/dotnet/fundamentals/code-analysis/style-rules/ide0011) [C:\UserWorx\VSWorx\ServoStudio\wpfui-servoStudio\samples\Wpf.Ui.servoStudio\servoStudio.csproj]
C:\UserWorx\VSWorx\ServoStudio\wpfui-servoStudio\samples\Wpf.Ui.servoStudio\Services\FrameLogBridge.cs(64,9): warning IDE0011: 鍚?鈥渋f鈥?璇彞娣诲姞澶ф嫭鍙枫€?(https://learn.microsoft.com/dotnet/fundamentals/code-analysis/style-rules/ide0011) [C:\UserWorx\VSWorx\ServoStudio\wpfui-servoStudio\samples\Wpf.Ui.servoStudio\servoStudio.csproj]
C:\UserWorx\VSWorx\ServoStudio\wpfui-servoStudio\samples\Wpf.Ui.servoStudio\Services\FrameLogBridge.cs(67,9): warning IDE0011: 鍚?鈥渋f鈥?璇彞娣诲姞澶ф嫭鍙枫€?(https://learn.microsoft.com/dotnet/fundamentals/code-analysis/style-rules/ide0011) [C:\UserWorx\VSWorx\ServoStudio\wpfui-servoStudio\samples\Wpf.Ui.servoStudio\servoStudio.csproj]
C:\UserWorx\VSWorx\ServoStudio\wpfui-servoStudio\samples\Wpf.Ui.servoStudio\ViewModels\Motion\MotionLimitViewModel.cs(194,43): warning IDE0055: 淇鏍煎紡 (https://learn.microsoft.com/dotnet/fundamentals/code-analysis/style-rules/ide0055) [C:\UserWorx\VSWorx\ServoStudio\wpfui-servoStudio\samples\Wpf.Ui.servoStudio\servoStudio.csproj]
C:\UserWorx\VSWorx\ServoStudio\wpfui-servoStudio\samples\Wpf.Ui.servoStudio\ViewModels\Motion\MotionLimitViewModel.cs(194,45): warning IDE0055: 淇鏍煎紡 (https://learn.microsoft.com/dotnet/fundamentals/code-analysis/style-rules/ide0055) [C:\UserWorx\VSWorx\ServoStudio\wpfui-servoStudio\samples\Wpf.Ui.servoStudio\servoStudio.csproj]
C:\UserWorx\VSWorx\ServoStudio\wpfui-servoStudio\samples\Wpf.Ui.servoStudio\ViewModels\Motion\MotionLimitViewModel.cs(216,31): warning IDE0055: 淇鏍煎紡 (https://learn.microsoft.com/dotnet/fundamentals/code-analysis/style-rules/ide0055) [C:\UserWorx\VSWorx\ServoStudio\wpfui-servoStudio\samples\Wpf.Ui.servoStudio\servoStudio.csproj]
C:\UserWorx\VSWorx\ServoStudio\wpfui-servoStudio\samples\Wpf.Ui.servoStudio\ViewModels\Motion\MotionLimitViewModel.cs(218,95): warning IDE0055: 淇鏍煎紡 (https://learn.microsoft.com/dotnet/fundamentals/code-analysis/style-rules/ide0055) [C:\UserWorx\VSWorx\ServoStudio\wpfui-servoStudio\samples\Wpf.Ui.servoStudio\servoStudio.csproj]
C:\UserWorx\VSWorx\ServoStudio\wpfui-servoStudio\samples\Wpf.Ui.servoStudio\ViewModels\Motion\MotionLimitViewModel.cs(617,27): warning IDE0055: 淇鏍煎紡 (https://learn.microsoft.com/dotnet/fundamentals/code-analysis/style-rules/ide0055) [C:\UserWorx\VSWorx\ServoStudio\wpfui-servoStudio\samples\Wpf.Ui.servoStudio\servoStudio.csproj]
C:\UserWorx\VSWorx\ServoStudio\wpfui-servoStudio\samples\Wpf.Ui.servoStudio\ViewModels\Motion\MotionLimitViewModel.cs(617,29): warning IDE0055: 淇鏍煎紡 (https://learn.microsoft.com/dotnet/fundamentals/code-analysis/style-rules/ide0055) [C:\UserWorx\VSWorx\ServoStudio\wpfui-servoStudio\samples\Wpf.Ui.servoStudio\servoStudio.csproj]
C:\UserWorx\VSWorx\ServoStudio\wpfui-servoStudio\samples\Wpf.Ui.servoStudio\ViewModels\Motion\MotionLimitViewModel.cs(617,39): warning IDE0055: 淇鏍煎紡 (https://learn.microsoft.com/dotnet/fundamentals/code-analysis/style-rules/ide0055) [C:\UserWorx\VSWorx\ServoStudio\wpfui-servoStudio\samples\Wpf.Ui.servoStudio\servoStudio.csproj]
C:\UserWorx\VSWorx\ServoStudio\wpfui-servoStudio\samples\Wpf.Ui.servoStudio\ViewModels\Motion\MotionLimitViewModel.cs(619,27): warning IDE0055: 淇鏍煎紡 (https://learn.microsoft.com/dotnet/fundamentals/code-analysis/style-rules/ide0055) [C:\UserWorx\VSWorx\ServoStudio\wpfui-servoStudio\samples\Wpf.Ui.servoStudio\servoStudio.csproj]
C:\UserWorx\VSWorx\ServoStudio\wpfui-servoStudio\samples\Wpf.Ui.servoStudio\ViewModels\Motion\MotionLimitViewModel.cs(619,29): warning IDE0055: 淇鏍煎紡 (https://learn.microsoft.com/dotnet/fundamentals/code-analysis/style-rules/ide0055) [C:\UserWorx\VSWorx\ServoStudio\wpfui-servoStudio\samples\Wpf.Ui.servoStudio\servoStudio.csproj]
C:\UserWorx\VSWorx\ServoStudio\wpfui-servoStudio\samples\Wpf.Ui.servoStudio\ViewModels\Motion\MotionLimitViewModel.cs(619,39): warning IDE0055: 淇鏍煎紡 (https://learn.microsoft.com/dotnet/fundamentals/code-analysis/style-rules/ide0055) [C:\UserWorx\VSWorx\ServoStudio\wpfui-servoStudio\samples\Wpf.Ui.servoStudio\servoStudio.csproj]
C:\UserWorx\VSWorx\ServoStudio\wpfui-servoStudio\samples\Wpf.Ui.servoStudio\ViewModels\Motion\MotionLimitViewModel.cs(620,28): warning IDE0055: 淇鏍煎紡 (https://learn.microsoft.com/dotnet/fundamentals/code-analysis/style-rules/ide0055) [C:\UserWorx\VSWorx\ServoStudio\wpfui-servoStudio\samples\Wpf.Ui.servoStudio\servoStudio.csproj]
C:\UserWorx\VSWorx\ServoStudio\wpfui-servoStudio\samples\Wpf.Ui.servoStudio\ViewModels\Motion\MotionLimitViewModel.cs(620,30): warning IDE0055: 淇鏍煎紡 (https://learn.microsoft.com/dotnet/fundamentals/code-analysis/style-rules/ide0055) [C:\UserWorx\VSWorx\ServoStudio\wpfui-servoStudio\samples\Wpf.Ui.servoStudio\servoStudio.csproj]
C:\UserWorx\VSWorx\ServoStudio\wpfui-servoStudio\samples\Wpf.Ui.servoStudio\ViewModels\Motion\MotionLimitViewModel.cs(620,40): warning IDE0055: 淇鏍煎紡 (https://learn.microsoft.com/dotnet/fundamentals/code-analysis/style-rules/ide0055) [C:\UserWorx\VSWorx\ServoStudio\wpfui-servoStudio\samples\Wpf.Ui.servoStudio\servoStudio.csproj]
C:\UserWorx\VSWorx\ServoStudio\wpfui-servoStudio\samples\Wpf.Ui.servoStudio\ViewModels\ControlViewModel.cs(270,9): warning IDE0011: 鍚?鈥渋f鈥?璇彞娣诲姞澶ф嫭鍙枫€?(https://learn.microsoft.com/dotnet/fundamentals/code-analysis/style-rules/ide0011) [C:\UserWorx\VSWorx\ServoStudio\wpfui-servoStudio\samples\Wpf.Ui.servoStudio\servoStudio.csproj]
C:\UserWorx\VSWorx\ServoStudio\wpfui-servoStudio\samples\Wpf.Ui.servoStudio\ViewModels\ControlViewModel.cs(271,9): warning IDE0011: 鍚?鈥渋f鈥?璇彞娣诲姞澶ф嫭鍙枫€?(https://learn.microsoft.com/dotnet/fundamentals/code-analysis/style-rules/ide0011) [C:\UserWorx\VSWorx\ServoStudio\wpfui-servoStudio\samples\Wpf.Ui.servoStudio\servoStudio.csproj]
C:\UserWorx\VSWorx\ServoStudio\wpfui-servoStudio\samples\Wpf.Ui.servoStudio\ViewModels\ControlViewModel.cs(272,9): warning IDE0011: 鍚?鈥渋f鈥?璇彞娣诲姞澶ф嫭鍙枫€?(https://learn.microsoft.com/dotnet/fundamentals/code-analysis/style-rules/ide0011) [C:\UserWorx\VSWorx\ServoStudio\wpfui-servoStudio\samples\Wpf.Ui.servoStudio\servoStudio.csproj]
C:\UserWorx\VSWorx\ServoStudio\wpfui-servoStudio\samples\Wpf.Ui.servoStudio\ViewModels\ControlViewModel.cs(273,9): warning IDE0011: 鍚?鈥渋f鈥?璇彞娣诲姞澶ф嫭鍙枫€?(https://learn.microsoft.com/dotnet/fundamentals/code-analysis/style-rules/ide0011) [C:\UserWorx\VSWorx\ServoStudio\wpfui-servoStudio\samples\Wpf.Ui.servoStudio\servoStudio.csproj]
C:\UserWorx\VSWorx\ServoStudio\wpfui-servoStudio\samples\Wpf.Ui.servoStudio\ViewModels\ControlViewModel.cs(274,9): warning IDE0011: 鍚?鈥渋f鈥?璇彞娣诲姞澶ф嫭鍙枫€?(https://learn.microsoft.com/dotnet/fundamentals/code-analysis/style-rules/ide0011) [C:\UserWorx\VSWorx\ServoStudio\wpfui-servoStudio\samples\Wpf.Ui.servoStudio\servoStudio.csproj]
C:\UserWorx\VSWorx\ServoStudio\wpfui-servoStudio\samples\Wpf.Ui.servoStudio\ViewModels\ControlViewModel.cs(275,9): warning IDE0011: 鍚?鈥渋f鈥?璇彞娣诲姞澶ф嫭鍙枫€?(https://learn.microsoft.com/dotnet/fundamentals/code-analysis/style-rules/ide0011) [C:\UserWorx\VSWorx\ServoStudio\wpfui-servoStudio\samples\Wpf.Ui.servoStudio\servoStudio.csproj]
C:\UserWorx\VSWorx\ServoStudio\wpfui-servoStudio\samples\Wpf.Ui.servoStudio\ViewModels\ControlViewModel.cs(276,9): warning IDE0011: 鍚?鈥渋f鈥?璇彞娣诲姞澶ф嫭鍙枫€?(https://learn.microsoft.com/dotnet/fundamentals/code-analysis/style-rules/ide0011) [C:\UserWorx\VSWorx\ServoStudio\wpfui-servoStudio\samples\Wpf.Ui.servoStudio\servoStudio.csproj]
C:\UserWorx\VSWorx\ServoStudio\wpfui-servoStudio\samples\Wpf.Ui.servoStudio\ViewModels\ControlViewModel.cs(277,9): warning IDE0011: 鍚?鈥渋f鈥?璇彞娣诲姞澶ф嫭鍙枫€?(https://learn.microsoft.com/dotnet/fundamentals/code-analysis/style-rules/ide0011) [C:\UserWorx\VSWorx\ServoStudio\wpfui-servoStudio\samples\Wpf.Ui.servoStudio\servoStudio.csproj]
C:\UserWorx\VSWorx\ServoStudio\wpfui-servoStudio\samples\Wpf.Ui.servoStudio\ViewModels\ControlViewModel.cs(278,9): warning IDE0011: 鍚?鈥渋f鈥?璇彞娣诲姞澶ф嫭鍙枫€?(https://learn.microsoft.com/dotnet/fundamentals/code-analysis/style-rules/ide0011) [C:\UserWorx\VSWorx\ServoStudio\wpfui-servoStudio\samples\Wpf.Ui.servoStudio\servoStudio.csproj]
C:\UserWorx\VSWorx\ServoStudio\wpfui-servoStudio\samples\Wpf.Ui.servoStudio\ViewModels\ControlViewModel.cs(279,9): warning IDE0011: 鍚?鈥渋f鈥?璇彞娣诲姞澶ф嫭鍙枫€?(https://learn.microsoft.com/dotnet/fundamentals/code-analysis/style-rules/ide0011) [C:\UserWorx\VSWorx\ServoStudio\wpfui-servoStudio\samples\Wpf.Ui.servoStudio\servoStudio.csproj]
C:\UserWorx\VSWorx\ServoStudio\wpfui-servoStudio\samples\Wpf.Ui.servoStudio\ViewModels\ControlViewModel.cs(280,9): warning IDE0011: 鍚?鈥渋f鈥?璇彞娣诲姞澶ф嫭鍙枫€?(https://learn.microsoft.com/dotnet/fundamentals/code-analysis/style-rules/ide0011) [C:\UserWorx\VSWorx\ServoStudio\wpfui-servoStudio\samples\Wpf.Ui.servoStudio\servoStudio.csproj]
C:\UserWorx\VSWorx\ServoStudio\wpfui-servoStudio\samples\Wpf.Ui.servoStudio\ViewModels\ControlViewModel.cs(281,9): warning IDE0011: 鍚?鈥渋f鈥?璇彞娣诲姞澶ф嫭鍙枫€?(https://learn.microsoft.com/dotnet/fundamentals/code-analysis/style-rules/ide0011) [C:\UserWorx\VSWorx\ServoStudio\wpfui-servoStudio\samples\Wpf.Ui.servoStudio\servoStudio.csproj]
C:\UserWorx\VSWorx\ServoStudio\wpfui-servoStudio\samples\Wpf.Ui.servoStudio\ViewModels\ControlViewModel.cs(282,9): warning IDE0011: 鍚?鈥渋f鈥?璇彞娣诲姞澶ф嫭鍙枫€?(https://learn.microsoft.com/dotnet/fundamentals/code-analysis/style-rules/ide0011) [C:\UserWorx\VSWorx\ServoStudio\wpfui-servoStudio\samples\Wpf.Ui.servoStudio\servoStudio.csproj]
C:\UserWorx\VSWorx\ServoStudio\wpfui-servoStudio\samples\Wpf.Ui.servoStudio\ViewModels\ControlViewModel.cs(283,9): warning IDE0011: 鍚?鈥渋f鈥?璇彞娣诲姞澶ф嫭鍙枫€?(https://learn.microsoft.com/dotnet/fundamentals/code-analysis/style-rules/ide0011) [C:\UserWorx\VSWorx\ServoStudio\wpfui-servoStudio\samples\Wpf.Ui.servoStudio\servoStudio.csproj]
C:\UserWorx\VSWorx\ServoStudio\wpfui-servoStudio\samples\Wpf.Ui.servoStudio\ViewModels\ControlViewModel.cs(284,9): warning IDE0011: 鍚?鈥渋f鈥?璇彞娣诲姞澶ф嫭鍙枫€?(https://learn.microsoft.com/dotnet/fundamentals/code-analysis/style-rules/ide0011) [C:\UserWorx\VSWorx\ServoStudio\wpfui-servoStudio\samples\Wpf.Ui.servoStudio\servoStudio.csproj]
C:\UserWorx\VSWorx\ServoStudio\wpfui-servoStudio\samples\Wpf.Ui.servoStudio\ViewModels\ControlViewModel.cs(285,9): warning IDE0011: 鍚?鈥渋f鈥?璇彞娣诲姞澶ф嫭鍙枫€?(https://learn.microsoft.com/dotnet/fundamentals/code-analysis/style-rules/ide0011) [C:\UserWorx\VSWorx\ServoStudio\wpfui-servoStudio\samples\Wpf.Ui.servoStudio\servoStudio.csproj]
C:\UserWorx\VSWorx\ServoStudio\wpfui-servoStudio\samples\Wpf.Ui.servoStudio\Services\FrameFormatRuntimeService.cs(26,13): warning IDE0011: 鍚?鈥渓ock鈥?璇彞娣诲姞澶ф嫭鍙枫€?(https://learn.microsoft.com/dotnet/fundamentals/code-analysis/style-rules/ide0011) [C:\UserWorx\VSWorx\ServoStudio\wpfui-servoStudio\samples\Wpf.Ui.servoStudio\servoStudio.csproj]
C:\UserWorx\VSWorx\ServoStudio\wpfui-servoStudio\samples\Wpf.Ui.servoStudio\Services\FrameFormatRuntimeService.cs(45,9): warning IDE0011: 鍚?鈥渓ock鈥?璇彞娣诲姞澶ф嫭鍙枫€?(https://learn.microsoft.com/dotnet/fundamentals/code-analysis/style-rules/ide0011) [C:\UserWorx\VSWorx\ServoStudio\wpfui-servoStudio\samples\Wpf.Ui.servoStudio\servoStudio.csproj]
C:\UserWorx\VSWorx\ServoStudio\wpfui-servoStudio\samples\Wpf.Ui.servoStudio\ViewModels\DeviceSet\DeviceAddViewModel.cs(1027,13): warning IDE0011: 鍚?鈥渇oreach鈥?璇彞娣诲姞澶ф嫭鍙枫€?(https://learn.microsoft.com/dotnet/fundamentals/code-analysis/style-rules/ide0011) [C:\UserWorx\VSWorx\ServoStudio\wpfui-servoStudio\samples\Wpf.Ui.servoStudio\servoStudio.csproj]
C:\UserWorx\VSWorx\ServoStudio\wpfui-servoStudio\samples\Wpf.Ui.servoStudio\ViewModels\DeviceSet\DeviceAddViewModel.cs(1036,9): warning IDE0011: 鍚?鈥渇oreach鈥?璇彞娣诲姞澶ф嫭鍙枫€?(https://learn.microsoft.com/dotnet/fundamentals/code-analysis/style-rules/ide0011) [C:\UserWorx\VSWorx\ServoStudio\wpfui-servoStudio\samples\Wpf.Ui.servoStudio\servoStudio.csproj]
C:\UserWorx\VSWorx\ServoStudio\wpfui-servoStudio\samples\Wpf.Ui.servoStudio\ViewModels\DeviceSet\DeviceAddViewModel.cs(1050,9): warning IDE0011: 鍚?鈥渋f鈥?璇彞娣诲姞澶ф嫭鍙枫€?(https://learn.microsoft.com/dotnet/fundamentals/code-analysis/style-rules/ide0011) [C:\UserWorx\VSWorx\ServoStudio\wpfui-servoStudio\samples\Wpf.Ui.servoStudio\servoStudio.csproj]
C:\UserWorx\VSWorx\ServoStudio\wpfui-servoStudio\samples\Wpf.Ui.servoStudio\Views\Pages\AppDataPages\DataViewPage.xaml.cs(352,9): warning IDE0008: 鐢ㄦ樉寮忕被鍨嬩唬鏇?"var" (https://learn.microsoft.com/dotnet/fundamentals/code-analysis/style-rules/ide0008) [C:\UserWorx\VSWorx\ServoStudio\wpfui-servoStudio\samples\Wpf.Ui.servoStudio\servoStudio.csproj]
C:\UserWorx\VSWorx\ServoStudio\wpfui-servoStudio\samples\Wpf.Ui.servoStudio\ViewModels\Motion\MotionProfileViewModel.cs(375,43): warning IDE0055: 淇鏍煎紡 (https://learn.microsoft.com/dotnet/fundamentals/code-analysis/style-rules/ide0055) [C:\UserWorx\VSWorx\ServoStudio\wpfui-servoStudio\samples\Wpf.Ui.servoStudio\servoStudio.csproj]
C:\UserWorx\VSWorx\ServoStudio\wpfui-servoStudio\samples\Wpf.Ui.servoStudio\ViewModels\Motion\MotionProfileViewModel.cs(375,45): warning IDE0055: 淇鏍煎紡 (https://learn.microsoft.com/dotnet/fundamentals/code-analysis/style-rules/ide0055) [C:\UserWorx\VSWorx\ServoStudio\wpfui-servoStudio\samples\Wpf.Ui.servoStudio\servoStudio.csproj]
C:\UserWorx\VSWorx\ServoStudio\wpfui-servoStudio\samples\Wpf.Ui.servoStudio\ViewModels\ControlViewModel.cs(332,9): warning IDE0011: 鍚?鈥渋f鈥?璇彞娣诲姞澶ф嫭鍙枫€?(https://learn.microsoft.com/dotnet/fundamentals/code-analysis/style-rules/ide0011) [C:\UserWorx\VSWorx\ServoStudio\wpfui-servoStudio\samples\Wpf.Ui.servoStudio\servoStudio.csproj]
C:\UserWorx\VSWorx\ServoStudio\wpfui-servoStudio\samples\Wpf.Ui.servoStudio\Views\Pages\AppDataPages\DataViewPage.xaml.cs(407,9): warning IDE0008: 鐢ㄦ樉寮忕被鍨嬩唬鏇?"var" (https://learn.microsoft.com/dotnet/fundamentals/code-analysis/style-rules/ide0008) [C:\UserWorx\VSWorx\ServoStudio\wpfui-servoStudio\samples\Wpf.Ui.servoStudio\servoStudio.csproj]
C:\UserWorx\VSWorx\ServoStudio\wpfui-servoStudio\samples\Wpf.Ui.servoStudio\ViewModels\Hardware\MotorViewModel.cs(361,9): warning IDE0058: 姘歌繙涓嶄細浣跨敤琛ㄨ揪寮忓€?(https://learn.microsoft.com/dotnet/fundamentals/code-analysis/style-rules/ide0058) [C:\UserWorx\VSWorx\ServoStudio\wpfui-servoStudio\samples\Wpf.Ui.servoStudio\servoStudio.csproj]
C:\UserWorx\VSWorx\ServoStudio\wpfui-servoStudio\samples\Wpf.Ui.servoStudio\Views\Pages\AppDataPages\DataViewPage.xaml.cs(455,9): warning IDE0008: 鐢ㄦ樉寮忕被鍨嬩唬鏇?"var" (https://learn.microsoft.com/dotnet/fundamentals/code-analysis/style-rules/ide0008) [C:\UserWorx\VSWorx\ServoStudio\wpfui-servoStudio\samples\Wpf.Ui.servoStudio\servoStudio.csproj]
C:\UserWorx\VSWorx\ServoStudio\wpfui-servoStudio\samples\Wpf.Ui.servoStudio\Views\Pages\AppDataPages\DataViewPage.xaml.cs(463,13): warning IDE0058: 姘歌繙涓嶄細浣跨敤琛ㄨ揪寮忓€?(https://learn.microsoft.com/dotnet/fundamentals/code-analysis/style-rules/ide0058) [C:\UserWorx\VSWorx\ServoStudio\wpfui-servoStudio\samples\Wpf.Ui.servoStudio\servoStudio.csproj]
C:\UserWorx\VSWorx\ServoStudio\wpfui-servoStudio\samples\Wpf.Ui.servoStudio\Core\Sync\SpinWaitCyclicTimer.cs(129,15): warning IDE0058: 姘歌繙涓嶄細浣跨敤琛ㄨ揪寮忓€?(https://learn.microsoft.com/dotnet/fundamentals/code-analysis/style-rules/ide0058) [C:\UserWorx\VSWorx\ServoStudio\wpfui-servoStudio\samples\Wpf.Ui.servoStudio\servoStudio.csproj]
C:\UserWorx\VSWorx\ServoStudio\wpfui-servoStudio\samples\Wpf.Ui.servoStudio\Views\Pages\AppDataPages\DataViewPage.xaml.cs(478,18): warning IDE0008: 鐢ㄦ樉寮忕被鍨嬩唬鏇?"var" (https://learn.microsoft.com/dotnet/fundamentals/code-analysis/style-rules/ide0008) [C:\UserWorx\VSWorx\ServoStudio\wpfui-servoStudio\samples\Wpf.Ui.servoStudio\servoStudio.csproj]
C:\UserWorx\VSWorx\ServoStudio\wpfui-servoStudio\samples\Wpf.Ui.servoStudio\Views\Pages\AppDataPages\DataViewPage.xaml.cs(489,18): warning IDE0008: 鐢ㄦ樉寮忕被鍨嬩唬鏇?"var" (https://learn.microsoft.com/dotnet/fundamentals/code-analysis/style-rules/ide0008) [C:\UserWorx\VSWorx\ServoStudio\wpfui-servoStudio\samples\Wpf.Ui.servoStudio\servoStudio.csproj]
C:\UserWorx\VSWorx\ServoStudio\wpfui-servoStudio\samples\Wpf.Ui.servoStudio\ViewModels\ControlViewModel.cs(389,13): warning IDE0008: 鐢ㄦ樉寮忕被鍨嬩唬鏇?"var" (https://learn.microsoft.com/dotnet/fundamentals/code-analysis/style-rules/ide0008) [C:\UserWorx\VSWorx\ServoStudio\wpfui-servoStudio\samples\Wpf.Ui.servoStudio\servoStudio.csproj]
C:\UserWorx\VSWorx\ServoStudio\wpfui-servoStudio\samples\Wpf.Ui.servoStudio\ViewModels\DeviceSet\DeviceAddViewModel.cs(1135,9): warning IDE0058: 姘歌繙涓嶄細浣跨敤琛ㄨ揪寮忓€?(https://learn.microsoft.com/dotnet/fundamentals/code-analysis/style-rules/ide0058) [C:\UserWorx\VSWorx\ServoStudio\wpfui-servoStudio\samples\Wpf.Ui.servoStudio\servoStudio.csproj]
C:\UserWorx\VSWorx\ServoStudio\wpfui-servoStudio\samples\Wpf.Ui.servoStudio\Views\Pages\AppDataPages\DataViewPage.xaml.cs(519,9): warning IDE0008: 鐢ㄦ樉寮忕被鍨嬩唬鏇?"var" (https://learn.microsoft.com/dotnet/fundamentals/code-analysis/style-rules/ide0008) [C:\UserWorx\VSWorx\ServoStudio\wpfui-servoStudio\samples\Wpf.Ui.servoStudio\servoStudio.csproj]
C:\UserWorx\VSWorx\ServoStudio\wpfui-servoStudio\samples\Wpf.Ui.servoStudio\Views\Pages\AppDataPages\DataViewPage.xaml.cs(521,18): warning IDE0008: 鐢ㄦ樉寮忕被鍨嬩唬鏇?"var" (https://learn.microsoft.com/dotnet/fundamentals/code-analysis/style-rules/ide0008) [C:\UserWorx\VSWorx\ServoStudio\wpfui-servoStudio\samples\Wpf.Ui.servoStudio\servoStudio.csproj]
C:\UserWorx\VSWorx\ServoStudio\wpfui-servoStudio\samples\Wpf.Ui.servoStudio\Views\Pages\AppDataPages\DataViewPage.xaml.cs(529,13): warning IDE0008: 鐢ㄦ樉寮忕被鍨嬩唬鏇?"var" (https://learn.microsoft.com/dotnet/fundamentals/code-analysis/style-rules/ide0008) [C:\UserWorx\VSWorx\ServoStudio\wpfui-servoStudio\samples\Wpf.Ui.servoStudio\servoStudio.csproj]
C:\UserWorx\VSWorx\ServoStudio\wpfui-servoStudio\samples\Wpf.Ui.servoStudio\ViewModels\AppData\PidAdjustViewModel.cs(448,17): warning IDE0011: 鍚?鈥渋f鈥?璇彞娣诲姞澶ф嫭鍙枫€?(https://learn.microsoft.com/dotnet/fundamentals/code-analysis/style-rules/ide0011) [C:\UserWorx\VSWorx\ServoStudio\wpfui-servoStudio\samples\Wpf.Ui.servoStudio\servoStudio.csproj]
C:\UserWorx\VSWorx\ServoStudio\wpfui-servoStudio\samples\Wpf.Ui.servoStudio\ViewModels\AppData\PidAdjustViewModel.cs(450,17): warning IDE0011: 鍚?鈥渋f鈥?璇彞娣诲姞澶ф嫭鍙枫€?(https://learn.microsoft.com/dotnet/fundamentals/code-analysis/style-rules/ide0011) [C:\UserWorx\VSWorx\ServoStudio\wpfui-servoStudio\samples\Wpf.Ui.servoStudio\servoStudio.csproj]
C:\UserWorx\VSWorx\ServoStudio\wpfui-servoStudio\samples\Wpf.Ui.servoStudio\ViewModels\AppData\PidAdjustViewModel.cs(452,17): warning IDE0011: 鍚?鈥渋f鈥?璇彞娣诲姞澶ф嫭鍙枫€?(https://learn.microsoft.com/dotnet/fundamentals/code-analysis/style-rules/ide0011) [C:\UserWorx\VSWorx\ServoStudio\wpfui-servoStudio\samples\Wpf.Ui.servoStudio\servoStudio.csproj]
C:\UserWorx\VSWorx\ServoStudio\wpfui-servoStudio\samples\Wpf.Ui.servoStudio\ViewModels\AppData\PidAdjustViewModel.cs(454,17): warning IDE0011: 鍚?鈥渋f鈥?璇彞娣诲姞澶ф嫭鍙枫€?(https://learn.microsoft.com/dotnet/fundamentals/code-analysis/style-rules/ide0011) [C:\UserWorx\VSWorx\ServoStudio\wpfui-servoStudio\samples\Wpf.Ui.servoStudio\servoStudio.csproj]
C:\UserWorx\VSWorx\ServoStudio\wpfui-servoStudio\samples\Wpf.Ui.servoStudio\ViewModels\AppData\PidAdjustViewModel.cs(456,17): warning IDE0011: 鍚?鈥渋f鈥?璇彞娣诲姞澶ф嫭鍙枫€?(https://learn.microsoft.com/dotnet/fundamentals/code-analysis/style-rules/ide0011) [C:\UserWorx\VSWorx\ServoStudio\wpfui-servoStudio\samples\Wpf.Ui.servoStudio\servoStudio.csproj]
C:\UserWorx\VSWorx\ServoStudio\wpfui-servoStudio\samples\Wpf.Ui.servoStudio\ViewModels\AppData\PidAdjustViewModel.cs(458,17): warning IDE0011: 鍚?鈥渋f鈥?璇彞娣诲姞澶ф嫭鍙枫€?(https://learn.microsoft.com/dotnet/fundamentals/code-analysis/style-rules/ide0011) [C:\UserWorx\VSWorx\ServoStudio\wpfui-servoStudio\samples\Wpf.Ui.servoStudio\servoStudio.csproj]
C:\UserWorx\VSWorx\ServoStudio\wpfui-servoStudio\samples\Wpf.Ui.servoStudio\ViewModels\AppData\PidAdjustViewModel.cs(464,21): warning IDE0011: 鍚?鈥渋f鈥?璇彞娣诲姞澶ф嫭鍙枫€?(https://learn.microsoft.com/dotnet/fundamentals/code-analysis/style-rules/ide0011) [C:\UserWorx\VSWorx\ServoStudio\wpfui-servoStudio\samples\Wpf.Ui.servoStudio\servoStudio.csproj]
C:\UserWorx\VSWorx\ServoStudio\wpfui-servoStudio\samples\Wpf.Ui.servoStudio\ViewModels\AppData\PidAdjustViewModel.cs(465,21): warning IDE0011: 鍚?鈥渋f鈥?璇彞娣诲姞澶ф嫭鍙枫€?(https://learn.microsoft.com/dotnet/fundamentals/code-analysis/style-rules/ide0011) [C:\UserWorx\VSWorx\ServoStudio\wpfui-servoStudio\samples\Wpf.Ui.servoStudio\servoStudio.csproj]
C:\UserWorx\VSWorx\ServoStudio\wpfui-servoStudio\samples\Wpf.Ui.servoStudio\ViewModels\AppData\PidAdjustViewModel.cs(466,21): warning IDE0011: 鍚?鈥渋f鈥?璇彞娣诲姞澶ф嫭鍙枫€?(https://learn.microsoft.com/dotnet/fundamentals/code-analysis/style-rules/ide0011) [C:\UserWorx\VSWorx\ServoStudio\wpfui-servoStudio\samples\Wpf.Ui.servoStudio\servoStudio.csproj]
C:\UserWorx\VSWorx\ServoStudio\wpfui-servoStudio\samples\Wpf.Ui.servoStudio\ViewModels\AppData\PidAdjustViewModel.cs(467,21): warning IDE0011: 鍚?鈥渋f鈥?璇彞娣诲姞澶ф嫭鍙枫€?(https://learn.microsoft.com/dotnet/fundamentals/code-analysis/style-rules/ide0011) [C:\UserWorx\VSWorx\ServoStudio\wpfui-servoStudio\samples\Wpf.Ui.servoStudio\servoStudio.csproj]
C:\UserWorx\VSWorx\ServoStudio\wpfui-servoStudio\samples\Wpf.Ui.servoStudio\ViewModels\AppData\PidAdjustViewModel.cs(468,21): warning IDE0011: 鍚?鈥渋f鈥?璇彞娣诲姞澶ф嫭鍙枫€?(https://learn.microsoft.com/dotnet/fundamentals/code-analysis/style-rules/ide0011) [C:\UserWorx\VSWorx\ServoStudio\wpfui-servoStudio\samples\Wpf.Ui.servoStudio\servoStudio.csproj]
C:\UserWorx\VSWorx\ServoStudio\wpfui-servoStudio\samples\Wpf.Ui.servoStudio\ViewModels\AppData\PidAdjustViewModel.cs(469,21): warning IDE0011: 鍚?鈥渋f鈥?璇彞娣诲姞澶ф嫭鍙枫€?(https://learn.microsoft.com/dotnet/fundamentals/code-analysis/style-rules/ide0011) [C:\UserWorx\VSWorx\ServoStudio\wpfui-servoStudio\samples\Wpf.Ui.servoStudio\servoStudio.csproj]
C:\UserWorx\VSWorx\ServoStudio\wpfui-servoStudio\samples\Wpf.Ui.servoStudio\ViewModels\AppData\PidAdjustViewModel.cs(449,21): warning IDE0058: 姘歌繙涓嶄細浣跨敤琛ㄨ揪寮忓€?(https://learn.microsoft.com/dotnet/fundamentals/code-analysis/style-rules/ide0058) [C:\UserWorx\VSWorx\ServoStudio\wpfui-servoStudio\samples\Wpf.Ui.servoStudio\servoStudio.csproj]
C:\UserWorx\VSWorx\ServoStudio\wpfui-servoStudio\samples\Wpf.Ui.servoStudio\ViewModels\AppData\PidAdjustViewModel.cs(451,21): warning IDE0058: 姘歌繙涓嶄細浣跨敤琛ㄨ揪寮忓€?(https://learn.microsoft.com/dotnet/fundamentals/code-analysis/style-rules/ide0058) [C:\UserWorx\VSWorx\ServoStudio\wpfui-servoStudio\samples\Wpf.Ui.servoStudio\servoStudio.csproj]
C:\UserWorx\VSWorx\ServoStudio\wpfui-servoStudio\samples\Wpf.Ui.servoStudio\ViewModels\AppData\PidAdjustViewModel.cs(453,21): warning IDE0058: 姘歌繙涓嶄細浣跨敤琛ㄨ揪寮忓€?(https://learn.microsoft.com/dotnet/fundamentals/code-analysis/style-rules/ide0058) [C:\UserWorx\VSWorx\ServoStudio\wpfui-servoStudio\samples\Wpf.Ui.servoStudio\servoStudio.csproj]
C:\UserWorx\VSWorx\ServoStudio\wpfui-servoStudio\samples\Wpf.Ui.servoStudio\ViewModels\AppData\PidAdjustViewModel.cs(455,21): warning IDE0058: 姘歌繙涓嶄細浣跨敤琛ㄨ揪寮忓€?(https://learn.microsoft.com/dotnet/fundamentals/code-analysis/style-rules/ide0058) [C:\UserWorx\VSWorx\ServoStudio\wpfui-servoStudio\samples\Wpf.Ui.servoStudio\servoStudio.csproj]
C:\UserWorx\VSWorx\ServoStudio\wpfui-servoStudio\samples\Wpf.Ui.servoStudio\ViewModels\AppData\PidAdjustViewModel.cs(457,21): warning IDE0058: 姘歌繙涓嶄細浣跨敤琛ㄨ揪寮忓€?(https://learn.microsoft.com/dotnet/fundamentals/code-analysis/style-rules/ide0058) [C:\UserWorx\VSWorx\ServoStudio\wpfui-servoStudio\samples\Wpf.Ui.servoStudio\servoStudio.csproj]
C:\UserWorx\VSWorx\ServoStudio\wpfui-servoStudio\samples\Wpf.Ui.servoStudio\ViewModels\AppData\PidAdjustViewModel.cs(459,21): warning IDE0058: 姘歌繙涓嶄細浣跨敤琛ㄨ揪寮忓€?(https://learn.microsoft.com/dotnet/fundamentals/code-analysis/style-rules/ide0058) [C:\UserWorx\VSWorx\ServoStudio\wpfui-servoStudio\samples\Wpf.Ui.servoStudio\servoStudio.csproj]
C:\UserWorx\VSWorx\ServoStudio\wpfui-servoStudio\samples\Wpf.Ui.servoStudio\ViewModels\Motion\MotionTypeViewModel.cs(265,13): warning IDE0058: 姘歌繙涓嶄細浣跨敤琛ㄨ揪寮忓€?(https://learn.microsoft.com/dotnet/fundamentals/code-analysis/style-rules/ide0058) [C:\UserWorx\VSWorx\ServoStudio\wpfui-servoStudio\samples\Wpf.Ui.servoStudio\servoStudio.csproj]
C:\UserWorx\VSWorx\ServoStudio\wpfui-servoStudio\samples\Wpf.Ui.servoStudio\ViewModels\Motion\MotionTypeViewModel.cs(296,13): warning IDE0058: 姘歌繙涓嶄細浣跨敤琛ㄨ揪寮忓€?(https://learn.microsoft.com/dotnet/fundamentals/code-analysis/style-rules/ide0058) [C:\UserWorx\VSWorx\ServoStudio\wpfui-servoStudio\samples\Wpf.Ui.servoStudio\servoStudio.csproj]
C:\UserWorx\VSWorx\ServoStudio\wpfui-servoStudio\samples\Wpf.Ui.servoStudio\Core\Sync\SpinWaitCyclicTimer.cs(51,9): warning IDE0058: 姘歌繙涓嶄細浣跨敤琛ㄨ揪寮忓€?(https://learn.microsoft.com/dotnet/fundamentals/code-analysis/style-rules/ide0058) [C:\UserWorx\VSWorx\ServoStudio\wpfui-servoStudio\samples\Wpf.Ui.servoStudio\servoStudio.csproj]
C:\UserWorx\VSWorx\ServoStudio\wpfui-servoStudio\samples\Wpf.Ui.servoStudio\Core\Sync\SpinWaitCyclicTimer.cs(52,9): warning IDE0058: 姘歌繙涓嶄細浣跨敤琛ㄨ揪寮忓€?(https://learn.microsoft.com/dotnet/fundamentals/code-analysis/style-rules/ide0058) [C:\UserWorx\VSWorx\ServoStudio\wpfui-servoStudio\samples\Wpf.Ui.servoStudio\servoStudio.csproj]
C:\UserWorx\VSWorx\ServoStudio\wpfui-servoStudio\samples\Wpf.Ui.servoStudio\Core\Sync\SpinWaitCyclicTimer.cs(53,9): warning IDE0058: 姘歌繙涓嶄細浣跨敤琛ㄨ揪寮忓€?(https://learn.microsoft.com/dotnet/fundamentals/code-analysis/style-rules/ide0058) [C:\UserWorx\VSWorx\ServoStudio\wpfui-servoStudio\samples\Wpf.Ui.servoStudio\servoStudio.csproj]
C:\UserWorx\VSWorx\ServoStudio\wpfui-servoStudio\samples\Wpf.Ui.servoStudio\Core\Sync\SpinWaitCyclicTimer.cs(103,17): warning IDE0058: 姘歌繙涓嶄細浣跨敤琛ㄨ揪寮忓€?(https://learn.microsoft.com/dotnet/fundamentals/code-analysis/style-rules/ide0058) [C:\UserWorx\VSWorx\ServoStudio\wpfui-servoStudio\samples\Wpf.Ui.servoStudio\servoStudio.csproj]
C:\UserWorx\VSWorx\ServoStudio\wpfui-servoStudio\samples\Wpf.Ui.servoStudio\Core\Sync\SpinWaitCyclicTimer.cs(106,25): warning IDE0058: 姘歌繙涓嶄細浣跨敤琛ㄨ揪寮忓€?(https://learn.microsoft.com/dotnet/fundamentals/code-analysis/style-rules/ide0058) [C:\UserWorx\VSWorx\ServoStudio\wpfui-servoStudio\samples\Wpf.Ui.servoStudio\servoStudio.csproj]
C:\UserWorx\VSWorx\ServoStudio\wpfui-servoStudio\samples\Wpf.Ui.servoStudio\Core\Sync\SpinWaitCyclicTimer.cs(108,17): warning IDE0058: 姘歌繙涓嶄細浣跨敤琛ㄨ揪寮忓€?(https://learn.microsoft.com/dotnet/fundamentals/code-analysis/style-rules/ide0058) [C:\UserWorx\VSWorx\ServoStudio\wpfui-servoStudio\samples\Wpf.Ui.servoStudio\servoStudio.csproj]
C:\UserWorx\VSWorx\ServoStudio\wpfui-servoStudio\samples\Wpf.Ui.servoStudio\Views\Pages\AppDataPages\DataViewPage.xaml.cs(562,9): warning IDE0008: 鐢ㄦ樉寮忕被鍨嬩唬鏇?"var" (https://learn.microsoft.com/dotnet/fundamentals/code-analysis/style-rules/ide0008) [C:\UserWorx\VSWorx\ServoStudio\wpfui-servoStudio\samples\Wpf.Ui.servoStudio\servoStudio.csproj]
C:\UserWorx\VSWorx\ServoStudio\wpfui-servoStudio\samples\Wpf.Ui.servoStudio\ViewModels\FaultInfoViewModel.cs(297,9): warning IDE0011: 鍚?鈥渇oreach鈥?璇彞娣诲姞澶ф嫭鍙枫€?(https://learn.microsoft.com/dotnet/fundamentals/code-analysis/style-rules/ide0011) [C:\UserWorx\VSWorx\ServoStudio\wpfui-servoStudio\samples\Wpf.Ui.servoStudio\servoStudio.csproj]
C:\UserWorx\VSWorx\ServoStudio\wpfui-servoStudio\samples\Wpf.Ui.servoStudio\ViewModels\Factory\FactoryViewModel.cs(66,9): warning IDE0058: 姘歌繙涓嶄細浣跨敤琛ㄨ揪寮忓€?(https://learn.microsoft.com/dotnet/fundamentals/code-analysis/style-rules/ide0058) [C:\UserWorx\VSWorx\ServoStudio\wpfui-servoStudio\samples\Wpf.Ui.servoStudio\servoStudio.csproj]
C:\UserWorx\VSWorx\ServoStudio\wpfui-servoStudio\samples\Wpf.Ui.servoStudio\Views\Pages\AppDataPages\DataViewPage.xaml.cs(594,18): warning IDE0008: 鐢ㄦ樉寮忕被鍨嬩唬鏇?"var" (https://learn.microsoft.com/dotnet/fundamentals/code-analysis/style-rules/ide0008) [C:\UserWorx\VSWorx\ServoStudio\wpfui-servoStudio\samples\Wpf.Ui.servoStudio\servoStudio.csproj]
C:\UserWorx\VSWorx\ServoStudio\wpfui-servoStudio\samples\Wpf.Ui.servoStudio\Core\EtherCAT\EtherCatCyclicSyncService.cs(70,9): warning IDE0058: 姘歌繙涓嶄細浣跨敤琛ㄨ揪寮忓€?(https://learn.microsoft.com/dotnet/fundamentals/code-analysis/style-rules/ide0058) [C:\UserWorx\VSWorx\ServoStudio\wpfui-servoStudio\samples\Wpf.Ui.servoStudio\servoStudio.csproj]
C:\UserWorx\VSWorx\ServoStudio\wpfui-servoStudio\samples\Wpf.Ui.servoStudio\Core\EtherCAT\EtherCatCyclicSyncService.cs(71,9): warning IDE0058: 姘歌繙涓嶄細浣跨敤琛ㄨ揪寮忓€?(https://learn.microsoft.com/dotnet/fundamentals/code-analysis/style-rules/ide0058) [C:\UserWorx\VSWorx\ServoStudio\wpfui-servoStudio\samples\Wpf.Ui.servoStudio\servoStudio.csproj]
C:\UserWorx\VSWorx\ServoStudio\wpfui-servoStudio\samples\Wpf.Ui.servoStudio\Core\EtherCAT\EtherCatCyclicSyncService.cs(81,21): warning IDE0058: 姘歌繙涓嶄細浣跨敤琛ㄨ揪寮忓€?(https://learn.microsoft.com/dotnet/fundamentals/code-analysis/style-rules/ide0058) [C:\UserWorx\VSWorx\ServoStudio\wpfui-servoStudio\samples\Wpf.Ui.servoStudio\servoStudio.csproj]
C:\UserWorx\VSWorx\ServoStudio\wpfui-servoStudio\samples\Wpf.Ui.servoStudio\Core\EtherCAT\EtherCatCyclicSyncService.cs(84,21): warning IDE0058: 姘歌繙涓嶄細浣跨敤琛ㄨ揪寮忓€?(https://learn.microsoft.com/dotnet/fundamentals/code-analysis/style-rules/ide0058) [C:\UserWorx\VSWorx\ServoStudio\wpfui-servoStudio\samples\Wpf.Ui.servoStudio\servoStudio.csproj]
C:\UserWorx\VSWorx\ServoStudio\wpfui-servoStudio\samples\Wpf.Ui.servoStudio\Core\EtherCAT\EtherCatCyclicSyncService.cs(86,13): warning IDE0058: 姘歌繙涓嶄細浣跨敤琛ㄨ揪寮忓€?(https://learn.microsoft.com/dotnet/fundamentals/code-analysis/style-rules/ide0058) [C:\UserWorx\VSWorx\ServoStudio\wpfui-servoStudio\samples\Wpf.Ui.servoStudio\servoStudio.csproj]
C:\UserWorx\VSWorx\ServoStudio\wpfui-servoStudio\samples\Wpf.Ui.servoStudio\ViewModels\ControlViewModel.cs(460,13): warning IDE0008: 鐢ㄦ樉寮忕被鍨嬩唬鏇?"var" (https://learn.microsoft.com/dotnet/fundamentals/code-analysis/style-rules/ide0008) [C:\UserWorx\VSWorx\ServoStudio\wpfui-servoStudio\samples\Wpf.Ui.servoStudio\servoStudio.csproj]
C:\UserWorx\VSWorx\ServoStudio\wpfui-servoStudio\samples\Wpf.Ui.servoStudio\ViewModels\ControlViewModel.cs(461,13): warning IDE0008: 鐢ㄦ樉寮忕被鍨嬩唬鏇?"var" (https://learn.microsoft.com/dotnet/fundamentals/code-analysis/style-rules/ide0008) [C:\UserWorx\VSWorx\ServoStudio\wpfui-servoStudio\samples\Wpf.Ui.servoStudio\servoStudio.csproj]
C:\UserWorx\VSWorx\ServoStudio\wpfui-servoStudio\samples\Wpf.Ui.servoStudio\ViewModels\FaultInfoViewModel.cs(324,9): warning IDE0011: 鍚?鈥渇oreach鈥?璇彞娣诲姞澶ф嫭鍙枫€?(https://learn.microsoft.com/dotnet/fundamentals/code-analysis/style-rules/ide0011) [C:\UserWorx\VSWorx\ServoStudio\wpfui-servoStudio\samples\Wpf.Ui.servoStudio\servoStudio.csproj]
C:\UserWorx\VSWorx\ServoStudio\wpfui-servoStudio\samples\Wpf.Ui.servoStudio\ViewModels\Firmware\FirmwareProgramViewModel.cs(679,9): warning IDE0011: 鍚?鈥渋f鈥?璇彞娣诲姞澶ф嫭鍙枫€?(https://learn.microsoft.com/dotnet/fundamentals/code-analysis/style-rules/ide0011) [C:\UserWorx\VSWorx\ServoStudio\wpfui-servoStudio\samples\Wpf.Ui.servoStudio\servoStudio.csproj]
C:\UserWorx\VSWorx\ServoStudio\wpfui-servoStudio\samples\Wpf.Ui.servoStudio\ViewModels\Firmware\FirmwareProgramViewModel.cs(717,17): warning IDE0011: 鍚?鈥渋f鈥?璇彞娣诲姞澶ф嫭鍙枫€?(https://learn.microsoft.com/dotnet/fundamentals/code-analysis/style-rules/ide0011) [C:\UserWorx\VSWorx\ServoStudio\wpfui-servoStudio\samples\Wpf.Ui.servoStudio\servoStudio.csproj]
C:\UserWorx\VSWorx\ServoStudio\wpfui-servoStudio\samples\Wpf.Ui.servoStudio\ViewModels\ControlViewModel.cs(475,17): warning IDE0058: 姘歌繙涓嶄細浣跨敤琛ㄨ揪寮忓€?(https://learn.microsoft.com/dotnet/fundamentals/code-analysis/style-rules/ide0058) [C:\UserWorx\VSWorx\ServoStudio\wpfui-servoStudio\samples\Wpf.Ui.servoStudio\servoStudio.csproj]
C:\UserWorx\VSWorx\ServoStudio\wpfui-servoStudio\samples\Wpf.Ui.servoStudio\ViewModels\Motion\MotionTypeViewModel.cs(76,38): warning IDE0055: 淇鏍煎紡 (https://learn.microsoft.com/dotnet/fundamentals/code-analysis/style-rules/ide0055) [C:\UserWorx\VSWorx\ServoStudio\wpfui-servoStudio\samples\Wpf.Ui.servoStudio\servoStudio.csproj]
C:\UserWorx\VSWorx\ServoStudio\wpfui-servoStudio\samples\Wpf.Ui.servoStudio\ViewModels\Motion\MotionTypeViewModel.cs(165,45): warning IDE0055: 淇鏍煎紡 (https://learn.microsoft.com/dotnet/fundamentals/code-analysis/style-rules/ide0055) [C:\UserWorx\VSWorx\ServoStudio\wpfui-servoStudio\samples\Wpf.Ui.servoStudio\servoStudio.csproj]
C:\UserWorx\VSWorx\ServoStudio\wpfui-servoStudio\samples\Wpf.Ui.servoStudio\ViewModels\Motion\MotionTypeViewModel.cs(166,50): warning IDE0055: 淇鏍煎紡 (https://learn.microsoft.com/dotnet/fundamentals/code-analysis/style-rules/ide0055) [C:\UserWorx\VSWorx\ServoStudio\wpfui-servoStudio\samples\Wpf.Ui.servoStudio\servoStudio.csproj]
C:\UserWorx\VSWorx\ServoStudio\wpfui-servoStudio\samples\Wpf.Ui.servoStudio\ViewModels\Motion\MotionTypeViewModel.cs(1592,20): warning IDE0055: 淇鏍煎紡 (https://learn.microsoft.com/dotnet/fundamentals/code-analysis/style-rules/ide0055) [C:\UserWorx\VSWorx\ServoStudio\wpfui-servoStudio\samples\Wpf.Ui.servoStudio\servoStudio.csproj]
C:\UserWorx\VSWorx\ServoStudio\wpfui-servoStudio\samples\Wpf.Ui.servoStudio\ViewModels\Motion\MotionTypeViewModel.cs(1592,22): warning IDE0055: 淇鏍煎紡 (https://learn.microsoft.com/dotnet/fundamentals/code-analysis/style-rules/ide0055) [C:\UserWorx\VSWorx\ServoStudio\wpfui-servoStudio\samples\Wpf.Ui.servoStudio\servoStudio.csproj]
C:\UserWorx\VSWorx\ServoStudio\wpfui-servoStudio\samples\Wpf.Ui.servoStudio\ViewModels\Motion\MotionTypeViewModel.cs(1592,60): warning IDE0055: 淇鏍煎紡 (https://learn.microsoft.com/dotnet/fundamentals/code-analysis/style-rules/ide0055) [C:\UserWorx\VSWorx\ServoStudio\wpfui-servoStudio\samples\Wpf.Ui.servoStudio\servoStudio.csproj]
C:\UserWorx\VSWorx\ServoStudio\wpfui-servoStudio\samples\Wpf.Ui.servoStudio\ViewModels\Motion\MotionTypeViewModel.cs(1705,42): warning IDE0055: 淇鏍煎紡 (https://learn.microsoft.com/dotnet/fundamentals/code-analysis/style-rules/ide0055) [C:\UserWorx\VSWorx\ServoStudio\wpfui-servoStudio\samples\Wpf.Ui.servoStudio\servoStudio.csproj]
C:\UserWorx\VSWorx\ServoStudio\wpfui-servoStudio\samples\Wpf.Ui.servoStudio\ViewModels\Motion\MotionTypeViewModel.cs(1705,44): warning IDE0055: 淇鏍煎紡 (https://learn.microsoft.com/dotnet/fundamentals/code-analysis/style-rules/ide0055) [C:\UserWorx\VSWorx\ServoStudio\wpfui-servoStudio\samples\Wpf.Ui.servoStudio\servoStudio.csproj]
C:\UserWorx\VSWorx\ServoStudio\wpfui-servoStudio\samples\Wpf.Ui.servoStudio\ViewModels\Motion\MotionTypeViewModel.cs(1705,65): warning IDE0055: 淇鏍煎紡 (https://learn.microsoft.com/dotnet/fundamentals/code-analysis/style-rules/ide0055) [C:\UserWorx\VSWorx\ServoStudio\wpfui-servoStudio\samples\Wpf.Ui.servoStudio\servoStudio.csproj]
C:\UserWorx\VSWorx\ServoStudio\wpfui-servoStudio\samples\Wpf.Ui.servoStudio\ViewModels\Motion\MotionTypeViewModel.cs(1705,73): warning IDE0055: 淇鏍煎紡 (https://learn.microsoft.com/dotnet/fundamentals/code-analysis/style-rules/ide0055) [C:\UserWorx\VSWorx\ServoStudio\wpfui-servoStudio\samples\Wpf.Ui.servoStudio\servoStudio.csproj]
C:\UserWorx\VSWorx\ServoStudio\wpfui-servoStudio\samples\Wpf.Ui.servoStudio\ViewModels\Motion\MotionTypeViewModel.cs(1707,78): warning IDE0055: 淇鏍煎紡 (https://learn.microsoft.com/dotnet/fundamentals/code-analysis/style-rules/ide0055) [C:\UserWorx\VSWorx\ServoStudio\wpfui-servoStudio\samples\Wpf.Ui.servoStudio\servoStudio.csproj]
C:\UserWorx\VSWorx\ServoStudio\wpfui-servoStudio\samples\Wpf.Ui.servoStudio\ViewModels\Motion\MotionTypeViewModel.cs(1708,91): warning IDE0055: 淇鏍煎紡 (https://learn.microsoft.com/dotnet/fundamentals/code-analysis/style-rules/ide0055) [C:\UserWorx\VSWorx\ServoStudio\wpfui-servoStudio\samples\Wpf.Ui.servoStudio\servoStudio.csproj]
C:\UserWorx\VSWorx\ServoStudio\wpfui-servoStudio\samples\Wpf.Ui.servoStudio\ViewModels\Motion\MotionTypeViewModel.cs(1709,81): warning IDE0055: 淇鏍煎紡 (https://learn.microsoft.com/dotnet/fundamentals/code-analysis/style-rules/ide0055) [C:\UserWorx\VSWorx\ServoStudio\wpfui-servoStudio\samples\Wpf.Ui.servoStudio\servoStudio.csproj]
C:\UserWorx\VSWorx\ServoStudio\wpfui-servoStudio\samples\Wpf.Ui.servoStudio\ViewModels\Motion\MotionTypeViewModel.cs(1710,83): warning IDE0055: 淇鏍煎紡 (https://learn.microsoft.com/dotnet/fundamentals/code-analysis/style-rules/ide0055) [C:\UserWorx\VSWorx\ServoStudio\wpfui-servoStudio\samples\Wpf.Ui.servoStudio\servoStudio.csproj]
C:\UserWorx\VSWorx\ServoStudio\wpfui-servoStudio\samples\Wpf.Ui.servoStudio\ViewModels\Motion\MotionTypeViewModel.cs(1711,83): warning IDE0055: 淇鏍煎紡 (https://learn.microsoft.com/dotnet/fundamentals/code-analysis/style-rules/ide0055) [C:\UserWorx\VSWorx\ServoStudio\wpfui-servoStudio\samples\Wpf.Ui.servoStudio\servoStudio.csproj]
C:\UserWorx\VSWorx\ServoStudio\wpfui-servoStudio\samples\Wpf.Ui.servoStudio\ViewModels\Motion\MotionTypeViewModel.cs(1712,83): warning IDE0055: 淇鏍煎紡 (https://learn.microsoft.com/dotnet/fundamentals/code-analysis/style-rules/ide0055) [C:\UserWorx\VSWorx\ServoStudio\wpfui-servoStudio\samples\Wpf.Ui.servoStudio\servoStudio.csproj]
C:\UserWorx\VSWorx\ServoStudio\wpfui-servoStudio\samples\Wpf.Ui.servoStudio\ViewModels\Motion\MotionTypeViewModel.cs(1719,42): warning IDE0055: 淇鏍煎紡 (https://learn.microsoft.com/dotnet/fundamentals/code-analysis/style-rules/ide0055) [C:\UserWorx\VSWorx\ServoStudio\wpfui-servoStudio\samples\Wpf.Ui.servoStudio\servoStudio.csproj]
C:\UserWorx\VSWorx\ServoStudio\wpfui-servoStudio\samples\Wpf.Ui.servoStudio\ViewModels\Motion\MotionTypeViewModel.cs(1719,44): warning IDE0055: 淇鏍煎紡 (https://learn.microsoft.com/dotnet/fundamentals/code-analysis/style-rules/ide0055) [C:\UserWorx\VSWorx\ServoStudio\wpfui-servoStudio\samples\Wpf.Ui.servoStudio\servoStudio.csproj]
C:\UserWorx\VSWorx\ServoStudio\wpfui-servoStudio\samples\Wpf.Ui.servoStudio\ViewModels\Motion\MotionTypeViewModel.cs(1719,65): warning IDE0055: 淇鏍煎紡 (https://learn.microsoft.com/dotnet/fundamentals/code-analysis/style-rules/ide0055) [C:\UserWorx\VSWorx\ServoStudio\wpfui-servoStudio\samples\Wpf.Ui.servoStudio\servoStudio.csproj]
C:\UserWorx\VSWorx\ServoStudio\wpfui-servoStudio\samples\Wpf.Ui.servoStudio\ViewModels\Motion\MotionTypeViewModel.cs(1719,73): warning IDE0055: 淇鏍煎紡 (https://learn.microsoft.com/dotnet/fundamentals/code-analysis/style-rules/ide0055) [C:\UserWorx\VSWorx\ServoStudio\wpfui-servoStudio\samples\Wpf.Ui.servoStudio\servoStudio.csproj]
C:\UserWorx\VSWorx\ServoStudio\wpfui-servoStudio\samples\Wpf.Ui.servoStudio\ViewModels\FaultInfoViewModel.cs(353,9): warning IDE0011: 鍚?鈥渋f鈥?璇彞娣诲姞澶ф嫭鍙枫€?(https://learn.microsoft.com/dotnet/fundamentals/code-analysis/style-rules/ide0011) [C:\UserWorx\VSWorx\ServoStudio\wpfui-servoStudio\samples\Wpf.Ui.servoStudio\servoStudio.csproj]
C:\UserWorx\VSWorx\ServoStudio\wpfui-servoStudio\samples\Wpf.Ui.servoStudio\ViewModels\Motion\MotionTypeViewModel.cs(236,13): warning IDE2003: 鍧椾笌鍚庣画璇彞涔嬮棿闇€瑕佹湁绌虹櫧琛?(https://learn.microsoft.com/dotnet/fundamentals/code-analysis/style-rules/ide2003) [C:\UserWorx\VSWorx\ServoStudio\wpfui-servoStudio\samples\Wpf.Ui.servoStudio\servoStudio.csproj]
C:\UserWorx\VSWorx\ServoStudio\wpfui-servoStudio\samples\Wpf.Ui.servoStudio\ViewModels\Motion\MotionTypeViewModel.cs(247,13): warning IDE2003: 鍧椾笌鍚庣画璇彞涔嬮棿闇€瑕佹湁绌虹櫧琛?(https://learn.microsoft.com/dotnet/fundamentals/code-analysis/style-rules/ide2003) [C:\UserWorx\VSWorx\ServoStudio\wpfui-servoStudio\samples\Wpf.Ui.servoStudio\servoStudio.csproj]
C:\UserWorx\VSWorx\ServoStudio\wpfui-servoStudio\samples\Wpf.Ui.servoStudio\ViewModels\Motion\MotionTypeViewModel.cs(280,13): warning IDE2003: 鍧椾笌鍚庣画璇彞涔嬮棿闇€瑕佹湁绌虹櫧琛?(https://learn.microsoft.com/dotnet/fundamentals/code-analysis/style-rules/ide2003) [C:\UserWorx\VSWorx\ServoStudio\wpfui-servoStudio\samples\Wpf.Ui.servoStudio\servoStudio.csproj]
C:\UserWorx\VSWorx\ServoStudio\wpfui-servoStudio\samples\Wpf.Ui.servoStudio\ViewModels\Motion\MotionTypeViewModel.cs(274,17): warning IDE2003: 鍧椾笌鍚庣画璇彞涔嬮棿闇€瑕佹湁绌虹櫧琛?(https://learn.microsoft.com/dotnet/fundamentals/code-analysis/style-rules/ide2003) [C:\UserWorx\VSWorx\ServoStudio\wpfui-servoStudio\samples\Wpf.Ui.servoStudio\servoStudio.csproj]
C:\UserWorx\VSWorx\ServoStudio\wpfui-servoStudio\samples\Wpf.Ui.servoStudio\ViewModels\Motion\MotionTypeViewModel.cs(287,17): warning IDE2003: 鍧椾笌鍚庣画璇彞涔嬮棿闇€瑕佹湁绌虹櫧琛?(https://learn.microsoft.com/dotnet/fundamentals/code-analysis/style-rules/ide2003) [C:\UserWorx\VSWorx\ServoStudio\wpfui-servoStudio\samples\Wpf.Ui.servoStudio\servoStudio.csproj]
C:\UserWorx\VSWorx\ServoStudio\wpfui-servoStudio\samples\Wpf.Ui.servoStudio\ViewModels\Motion\MotionTypeViewModel.cs(333,13): warning IDE2003: 鍧椾笌鍚庣画璇彞涔嬮棿闇€瑕佹湁绌虹櫧琛?(https://learn.microsoft.com/dotnet/fundamentals/code-analysis/style-rules/ide2003) [C:\UserWorx\VSWorx\ServoStudio\wpfui-servoStudio\samples\Wpf.Ui.servoStudio\servoStudio.csproj]
C:\UserWorx\VSWorx\ServoStudio\wpfui-servoStudio\samples\Wpf.Ui.servoStudio\ViewModels\Motion\MotionTypeViewModel.cs(363,13): warning IDE2003: 鍧椾笌鍚庣画璇彞涔嬮棿闇€瑕佹湁绌虹櫧琛?(https://learn.microsoft.com/dotnet/fundamentals/code-analysis/style-rules/ide2003) [C:\UserWorx\VSWorx\ServoStudio\wpfui-servoStudio\samples\Wpf.Ui.servoStudio\servoStudio.csproj]
C:\UserWorx\VSWorx\ServoStudio\wpfui-servoStudio\samples\Wpf.Ui.servoStudio\ViewModels\Motion\MotionTypeViewModel.cs(380,13): warning IDE2003: 鍧椾笌鍚庣画璇彞涔嬮棿闇€瑕佹湁绌虹櫧琛?(https://learn.microsoft.com/dotnet/fundamentals/code-analysis/style-rules/ide2003) [C:\UserWorx\VSWorx\ServoStudio\wpfui-servoStudio\samples\Wpf.Ui.servoStudio\servoStudio.csproj]
C:\UserWorx\VSWorx\ServoStudio\wpfui-servoStudio\samples\Wpf.Ui.servoStudio\ViewModels\Motion\MotionTypeViewModel.cs(401,13): warning IDE2003: 鍧椾笌鍚庣画璇彞涔嬮棿闇€瑕佹湁绌虹櫧琛?(https://learn.microsoft.com/dotnet/fundamentals/code-analysis/style-rules/ide2003) [C:\UserWorx\VSWorx\ServoStudio\wpfui-servoStudio\samples\Wpf.Ui.servoStudio\servoStudio.csproj]
C:\UserWorx\VSWorx\ServoStudio\wpfui-servoStudio\samples\Wpf.Ui.servoStudio\ViewModels\Motion\MotionTypeViewModel.cs(406,13): warning IDE2003: 鍧椾笌鍚庣画璇彞涔嬮棿闇€瑕佹湁绌虹櫧琛?(https://learn.microsoft.com/dotnet/fundamentals/code-analysis/style-rules/ide2003) [C:\UserWorx\VSWorx\ServoStudio\wpfui-servoStudio\samples\Wpf.Ui.servoStudio\servoStudio.csproj]
C:\UserWorx\VSWorx\ServoStudio\wpfui-servoStudio\samples\Wpf.Ui.servoStudio\ViewModels\Motion\MotionTypeViewModel.cs(537,9): warning IDE2003: 鍧椾笌鍚庣画璇彞涔嬮棿闇€瑕佹湁绌虹櫧琛?(https://learn.microsoft.com/dotnet/fundamentals/code-analysis/style-rules/ide2003) [C:\UserWorx\VSWorx\ServoStudio\wpfui-servoStudio\samples\Wpf.Ui.servoStudio\servoStudio.csproj]
C:\UserWorx\VSWorx\ServoStudio\wpfui-servoStudio\samples\Wpf.Ui.servoStudio\ViewModels\Motion\MotionTypeViewModel.cs(533,21): warning IDE2003: 鍧椾笌鍚庣画璇彞涔嬮棿闇€瑕佹湁绌虹櫧琛?(https://learn.microsoft.com/dotnet/fundamentals/code-analysis/style-rules/ide2003) [C:\UserWorx\VSWorx\ServoStudio\wpfui-servoStudio\samples\Wpf.Ui.servoStudio\servoStudio.csproj]
C:\UserWorx\VSWorx\ServoStudio\wpfui-servoStudio\samples\Wpf.Ui.servoStudio\ViewModels\Firmware\FirmwareProgramViewModel.cs(735,9): warning IDE0011: 鍚?鈥渋f鈥?璇彞娣诲姞澶ф嫭鍙枫€?(https://learn.microsoft.com/dotnet/fundamentals/code-analysis/style-rules/ide0011) [C:\UserWorx\VSWorx\ServoStudio\wpfui-servoStudio\samples\Wpf.Ui.servoStudio\servoStudio.csproj]
C:\UserWorx\VSWorx\ServoStudio\wpfui-servoStudio\samples\Wpf.Ui.servoStudio\Views\Pages\AppDataPages\DataViewPage.xaml.cs(640,13): warning IDE0008: 鐢ㄦ樉寮忕被鍨嬩唬鏇?"var" (https://learn.microsoft.com/dotnet/fundamentals/code-analysis/style-rules/ide0008) [C:\UserWorx\VSWorx\ServoStudio\wpfui-servoStudio\samples\Wpf.Ui.servoStudio\servoStudio.csproj]
C:\UserWorx\VSWorx\ServoStudio\wpfui-servoStudio\samples\Wpf.Ui.servoStudio\ViewModels\Firmware\FirmwareProgramViewModel.cs(743,13): warning IDE0011: 鍚?鈥渋f鈥?璇彞娣诲姞澶ф嫭鍙枫€?(https://learn.microsoft.com/dotnet/fundamentals/code-analysis/style-rules/ide0011) [C:\UserWorx\VSWorx\ServoStudio\wpfui-servoStudio\samples\Wpf.Ui.servoStudio\servoStudio.csproj]
C:\UserWorx\VSWorx\ServoStudio\wpfui-servoStudio\samples\Wpf.Ui.servoStudio\ViewModels\Firmware\FirmwareProgramViewModel.cs(747,9): warning IDE0011: 鍚?鈥渋f鈥?璇彞娣诲姞澶ф嫭鍙枫€?(https://learn.microsoft.com/dotnet/fundamentals/code-analysis/style-rules/ide0011) [C:\UserWorx\VSWorx\ServoStudio\wpfui-servoStudio\samples\Wpf.Ui.servoStudio\servoStudio.csproj]
C:\UserWorx\VSWorx\ServoStudio\wpfui-servoStudio\samples\Wpf.Ui.servoStudio\ViewModels\Motion\MotionTypeViewModel.cs(1705,74): warning IDE2003: 鍧椾笌鍚庣画璇彞涔嬮棿闇€瑕佹湁绌虹櫧琛?(https://learn.microsoft.com/dotnet/fundamentals/code-analysis/style-rules/ide2003) [C:\UserWorx\VSWorx\ServoStudio\wpfui-servoStudio\samples\Wpf.Ui.servoStudio\servoStudio.csproj]
C:\UserWorx\VSWorx\ServoStudio\wpfui-servoStudio\samples\Wpf.Ui.servoStudio\ViewModels\Motion\MotionTypeViewModel.cs(1719,74): warning IDE2003: 鍧椾笌鍚庣画璇彞涔嬮棿闇€瑕佹湁绌虹櫧琛?(https://learn.microsoft.com/dotnet/fundamentals/code-analysis/style-rules/ide2003) [C:\UserWorx\VSWorx\ServoStudio\wpfui-servoStudio\samples\Wpf.Ui.servoStudio\servoStudio.csproj]
C:\UserWorx\VSWorx\ServoStudio\wpfui-servoStudio\samples\Wpf.Ui.servoStudio\ViewModels\Motion\MotionTypeViewModel.cs(414,13): warning IDE0008: 鐢ㄦ樉寮忕被鍨嬩唬鏇?"var" (https://learn.microsoft.com/dotnet/fundamentals/code-analysis/style-rules/ide0008) [C:\UserWorx\VSWorx\ServoStudio\wpfui-servoStudio\samples\Wpf.Ui.servoStudio\servoStudio.csproj]
C:\UserWorx\VSWorx\ServoStudio\wpfui-servoStudio\samples\Wpf.Ui.servoStudio\ViewModels\Motion\MotionTypeViewModel.cs(407,13): warning IDE0058: 姘歌繙涓嶄細浣跨敤琛ㄨ揪寮忓€?(https://learn.microsoft.com/dotnet/fundamentals/code-analysis/style-rules/ide0058) [C:\UserWorx\VSWorx\ServoStudio\wpfui-servoStudio\samples\Wpf.Ui.servoStudio\servoStudio.csproj]
C:\UserWorx\VSWorx\ServoStudio\wpfui-servoStudio\samples\Wpf.Ui.servoStudio\ViewModels\Motion\MotionTypeViewModel.cs(417,17): warning IDE0058: 姘歌繙涓嶄細浣跨敤琛ㄨ揪寮忓€?(https://learn.microsoft.com/dotnet/fundamentals/code-analysis/style-rules/ide0058) [C:\UserWorx\VSWorx\ServoStudio\wpfui-servoStudio\samples\Wpf.Ui.servoStudio\servoStudio.csproj]
C:\UserWorx\VSWorx\ServoStudio\wpfui-servoStudio\samples\Wpf.Ui.servoStudio\Core\Sync\PeriodicTimerCyclicTimer.cs(54,9): warning IDE0058: 姘歌繙涓嶄細浣跨敤琛ㄨ揪寮忓€?(https://learn.microsoft.com/dotnet/fundamentals/code-analysis/style-rules/ide0058) [C:\UserWorx\VSWorx\ServoStudio\wpfui-servoStudio\samples\Wpf.Ui.servoStudio\servoStudio.csproj]
C:\UserWorx\VSWorx\ServoStudio\wpfui-servoStudio\samples\Wpf.Ui.servoStudio\Core\Sync\PeriodicTimerCyclicTimer.cs(55,9): warning IDE0058: 姘歌繙涓嶄細浣跨敤琛ㄨ揪寮忓€?(https://learn.microsoft.com/dotnet/fundamentals/code-analysis/style-rules/ide0058) [C:\UserWorx\VSWorx\ServoStudio\wpfui-servoStudio\samples\Wpf.Ui.servoStudio\servoStudio.csproj]
C:\UserWorx\VSWorx\ServoStudio\wpfui-servoStudio\samples\Wpf.Ui.servoStudio\Core\Sync\PeriodicTimerCyclicTimer.cs(56,9): warning IDE0058: 姘歌繙涓嶄細浣跨敤琛ㄨ揪寮忓€?(https://learn.microsoft.com/dotnet/fundamentals/code-analysis/style-rules/ide0058) [C:\UserWorx\VSWorx\ServoStudio\wpfui-servoStudio\samples\Wpf.Ui.servoStudio\servoStudio.csproj]
C:\UserWorx\VSWorx\ServoStudio\wpfui-servoStudio\samples\Wpf.Ui.servoStudio\Core\Sync\PeriodicTimerCyclicTimer.cs(81,21): warning IDE0058: 姘歌繙涓嶄細浣跨敤琛ㄨ揪寮忓€?(https://learn.microsoft.com/dotnet/fundamentals/code-analysis/style-rules/ide0058) [C:\UserWorx\VSWorx\ServoStudio\wpfui-servoStudio\samples\Wpf.Ui.servoStudio\servoStudio.csproj]
C:\UserWorx\VSWorx\ServoStudio\wpfui-servoStudio\samples\Wpf.Ui.servoStudio\Core\Sync\PeriodicTimerCyclicTimer.cs(84,29): warning IDE0058: 姘歌繙涓嶄細浣跨敤琛ㄨ揪寮忓€?(https://learn.microsoft.com/dotnet/fundamentals/code-analysis/style-rules/ide0058) [C:\UserWorx\VSWorx\ServoStudio\wpfui-servoStudio\samples\Wpf.Ui.servoStudio\servoStudio.csproj]
C:\UserWorx\VSWorx\ServoStudio\wpfui-servoStudio\samples\Wpf.Ui.servoStudio\Core\Sync\PeriodicTimerCyclicTimer.cs(86,21): warning IDE0058: 姘歌繙涓嶄細浣跨敤琛ㄨ揪寮忓€?(https://learn.microsoft.com/dotnet/fundamentals/code-analysis/style-rules/ide0058) [C:\UserWorx\VSWorx\ServoStudio\wpfui-servoStudio\samples\Wpf.Ui.servoStudio\servoStudio.csproj]
C:\UserWorx\VSWorx\ServoStudio\wpfui-servoStudio\samples\Wpf.Ui.servoStudio\ViewModels\Motion\MultiStepProfileViewModel.cs(56,44): warning IDE0055: 淇鏍煎紡 (https://learn.microsoft.com/dotnet/fundamentals/code-analysis/style-rules/ide0055) [C:\UserWorx\VSWorx\ServoStudio\wpfui-servoStudio\samples\Wpf.Ui.servoStudio\servoStudio.csproj]
C:\UserWorx\VSWorx\ServoStudio\wpfui-servoStudio\samples\Wpf.Ui.servoStudio\ViewModels\Motion\MultiStepProfileViewModel.cs(56,46): warning IDE0055: 淇鏍煎紡 (https://learn.microsoft.com/dotnet/fundamentals/code-analysis/style-rules/ide0055) [C:\UserWorx\VSWorx\ServoStudio\wpfui-servoStudio\samples\Wpf.Ui.servoStudio\servoStudio.csproj]
C:\UserWorx\VSWorx\ServoStudio\wpfui-servoStudio\samples\Wpf.Ui.servoStudio\ViewModels\Motion\MultiStepProfileViewModel.cs(56,68): warning IDE0055: 淇鏍煎紡 (https://learn.microsoft.com/dotnet/fundamentals/code-analysis/style-rules/ide0055) [C:\UserWorx\VSWorx\ServoStudio\wpfui-servoStudio\samples\Wpf.Ui.servoStudio\servoStudio.csproj]
C:\UserWorx\VSWorx\ServoStudio\wpfui-servoStudio\samples\Wpf.Ui.servoStudio\ViewModels\Motion\MultiStepProfileViewModel.cs(56,76): warning IDE0055: 淇鏍煎紡 (https://learn.microsoft.com/dotnet/fundamentals/code-analysis/style-rules/ide0055) [C:\UserWorx\VSWorx\ServoStudio\wpfui-servoStudio\samples\Wpf.Ui.servoStudio\servoStudio.csproj]
C:\UserWorx\VSWorx\ServoStudio\wpfui-servoStudio\samples\Wpf.Ui.servoStudio\ViewModels\Motion\MultiStepProfileViewModel.cs(58,46): warning IDE0055: 淇鏍煎紡 (https://learn.microsoft.com/dotnet/fundamentals/code-analysis/style-rules/ide0055) [C:\UserWorx\VSWorx\ServoStudio\wpfui-servoStudio\samples\Wpf.Ui.servoStudio\servoStudio.csproj]
C:\UserWorx\VSWorx\ServoStudio\wpfui-servoStudio\samples\Wpf.Ui.servoStudio\ViewModels\Motion\MultiStepProfileViewModel.cs(58,48): warning IDE0055: 淇鏍煎紡 (https://learn.microsoft.com/dotnet/fundamentals/code-analysis/style-rules/ide0055) [C:\UserWorx\VSWorx\ServoStudio\wpfui-servoStudio\samples\Wpf.Ui.servoStudio\servoStudio.csproj]
C:\UserWorx\VSWorx\ServoStudio\wpfui-servoStudio\samples\Wpf.Ui.servoStudio\ViewModels\Motion\MultiStepProfileViewModel.cs(58,96): warning IDE0055: 淇鏍煎紡 (https://learn.microsoft.com/dotnet/fundamentals/code-analysis/style-rules/ide0055) [C:\UserWorx\VSWorx\ServoStudio\wpfui-servoStudio\samples\Wpf.Ui.servoStudio\servoStudio.csproj]
C:\UserWorx\VSWorx\ServoStudio\wpfui-servoStudio\samples\Wpf.Ui.servoStudio\ViewModels\Motion\MultiStepProfileViewModel.cs(58,109): warning IDE0055: 淇鏍煎紡 (https://learn.microsoft.com/dotnet/fundamentals/code-analysis/style-rules/ide0055) [C:\UserWorx\VSWorx\ServoStudio\wpfui-servoStudio\samples\Wpf.Ui.servoStudio\servoStudio.csproj]
C:\UserWorx\VSWorx\ServoStudio\wpfui-servoStudio\samples\Wpf.Ui.servoStudio\ViewModels\Motion\MultiStepProfileViewModel.cs(58,122): warning IDE0055: 淇鏍煎紡 (https://learn.microsoft.com/dotnet/fundamentals/code-analysis/style-rules/ide0055) [C:\UserWorx\VSWorx\ServoStudio\wpfui-servoStudio\samples\Wpf.Ui.servoStudio\servoStudio.csproj]
C:\UserWorx\VSWorx\ServoStudio\wpfui-servoStudio\samples\Wpf.Ui.servoStudio\ViewModels\Motion\MultiStepProfileViewModel.cs(58,136): warning IDE0055: 淇鏍煎紡 (https://learn.microsoft.com/dotnet/fundamentals/code-analysis/style-rules/ide0055) [C:\UserWorx\VSWorx\ServoStudio\wpfui-servoStudio\samples\Wpf.Ui.servoStudio\servoStudio.csproj]
C:\UserWorx\VSWorx\ServoStudio\wpfui-servoStudio\samples\Wpf.Ui.servoStudio\ViewModels\Motion\MultiStepProfileViewModel.cs(59,45): warning IDE0055: 淇鏍煎紡 (https://learn.microsoft.com/dotnet/fundamentals/code-analysis/style-rules/ide0055) [C:\UserWorx\VSWorx\ServoStudio\wpfui-servoStudio\samples\Wpf.Ui.servoStudio\servoStudio.csproj]
C:\UserWorx\VSWorx\ServoStudio\wpfui-servoStudio\samples\Wpf.Ui.servoStudio\ViewModels\Motion\MultiStepProfileViewModel.cs(59,47): warning IDE0055: 淇鏍煎紡 (https://learn.microsoft.com/dotnet/fundamentals/code-analysis/style-rules/ide0055) [C:\UserWorx\VSWorx\ServoStudio\wpfui-servoStudio\samples\Wpf.Ui.servoStudio\servoStudio.csproj]
C:\UserWorx\VSWorx\ServoStudio\wpfui-servoStudio\samples\Wpf.Ui.servoStudio\ViewModels\Motion\MultiStepProfileViewModel.cs(59,101): warning IDE0055: 淇鏍煎紡 (https://learn.microsoft.com/dotnet/fundamentals/code-analysis/style-rules/ide0055) [C:\UserWorx\VSWorx\ServoStudio\wpfui-servoStudio\samples\Wpf.Ui.servoStudio\servoStudio.csproj]
C:\UserWorx\VSWorx\ServoStudio\wpfui-servoStudio\samples\Wpf.Ui.servoStudio\ViewModels\Motion\MultiStepProfileViewModel.cs(59,114): warning IDE0055: 淇鏍煎紡 (https://learn.microsoft.com/dotnet/fundamentals/code-analysis/style-rules/ide0055) [C:\UserWorx\VSWorx\ServoStudio\wpfui-servoStudio\samples\Wpf.Ui.servoStudio\servoStudio.csproj]
C:\UserWorx\VSWorx\ServoStudio\wpfui-servoStudio\samples\Wpf.Ui.servoStudio\ViewModels\Motion\MultiStepProfileViewModel.cs(59,127): warning IDE0055: 淇鏍煎紡 (https://learn.microsoft.com/dotnet/fundamentals/code-analysis/style-rules/ide0055) [C:\UserWorx\VSWorx\ServoStudio\wpfui-servoStudio\samples\Wpf.Ui.servoStudio\servoStudio.csproj]
C:\UserWorx\VSWorx\ServoStudio\wpfui-servoStudio\samples\Wpf.Ui.servoStudio\ViewModels\Motion\MultiStepProfileViewModel.cs(59,141): warning IDE0055: 淇鏍煎紡 (https://learn.microsoft.com/dotnet/fundamentals/code-analysis/style-rules/ide0055) [C:\UserWorx\VSWorx\ServoStudio\wpfui-servoStudio\samples\Wpf.Ui.servoStudio\servoStudio.csproj]
C:\UserWorx\VSWorx\ServoStudio\wpfui-servoStudio\samples\Wpf.Ui.servoStudio\ViewModels\Motion\MultiStepProfileViewModel.cs(62,39): warning IDE0055: 淇鏍煎紡 (https://learn.microsoft.com/dotnet/fundamentals/code-analysis/style-rules/ide0055) [C:\UserWorx\VSWorx\ServoStudio\wpfui-servoStudio\samples\Wpf.Ui.servoStudio\servoStudio.csproj]
C:\UserWorx\VSWorx\ServoStudio\wpfui-servoStudio\samples\Wpf.Ui.servoStudio\ViewModels\Motion\MultiStepProfileViewModel.cs(62,70): warning IDE0055: 淇鏍煎紡 (https://learn.microsoft.com/dotnet/fundamentals/code-analysis/style-rules/ide0055) [C:\UserWorx\VSWorx\ServoStudio\wpfui-servoStudio\samples\Wpf.Ui.servoStudio\servoStudio.csproj]
C:\UserWorx\VSWorx\ServoStudio\wpfui-servoStudio\samples\Wpf.Ui.servoStudio\ViewModels\Motion\MultiStepProfileViewModel.cs(62,101): warning IDE0055: 淇鏍煎紡 (https://learn.microsoft.com/dotnet/fundamentals/code-analysis/style-rules/ide0055) [C:\UserWorx\VSWorx\ServoStudio\wpfui-servoStudio\samples\Wpf.Ui.servoStudio\servoStudio.csproj]
C:\UserWorx\VSWorx\ServoStudio\wpfui-servoStudio\samples\Wpf.Ui.servoStudio\ViewModels\Motion\MultiStepProfileViewModel.cs(63,39): warning IDE0055: 淇鏍煎紡 (https://learn.microsoft.com/dotnet/fundamentals/code-analysis/style-rules/ide0055) [C:\UserWorx\VSWorx\ServoStudio\wpfui-servoStudio\samples\Wpf.Ui.servoStudio\servoStudio.csproj]
C:\UserWorx\VSWorx\ServoStudio\wpfui-servoStudio\samples\Wpf.Ui.servoStudio\ViewModels\Motion\MultiStepProfileViewModel.cs(63,70): warning IDE0055: 淇鏍煎紡 (https://learn.microsoft.com/dotnet/fundamentals/code-analysis/style-rules/ide0055) [C:\UserWorx\VSWorx\ServoStudio\wpfui-servoStudio\samples\Wpf.Ui.servoStudio\servoStudio.csproj]
C:\UserWorx\VSWorx\ServoStudio\wpfui-servoStudio\samples\Wpf.Ui.servoStudio\ViewModels\Motion\MultiStepProfileViewModel.cs(63,101): warning IDE0055: 淇鏍煎紡 (https://learn.microsoft.com/dotnet/fundamentals/code-analysis/style-rules/ide0055) [C:\UserWorx\VSWorx\ServoStudio\wpfui-servoStudio\samples\Wpf.Ui.servoStudio\servoStudio.csproj]
C:\UserWorx\VSWorx\ServoStudio\wpfui-servoStudio\samples\Wpf.Ui.servoStudio\ViewModels\Motion\MultiStepProfileViewModel.cs(64,41): warning IDE0055: 淇鏍煎紡 (https://learn.microsoft.com/dotnet/fundamentals/code-analysis/style-rules/ide0055) [C:\UserWorx\VSWorx\ServoStudio\wpfui-servoStudio\samples\Wpf.Ui.servoStudio\servoStudio.csproj]
C:\UserWorx\VSWorx\ServoStudio\wpfui-servoStudio\samples\Wpf.Ui.servoStudio\ViewModels\Motion\MultiStepProfileViewModel.cs(65,41): warning IDE0055: 淇鏍煎紡 (https://learn.microsoft.com/dotnet/fundamentals/code-analysis/style-rules/ide0055) [C:\UserWorx\VSWorx\ServoStudio\wpfui-servoStudio\samples\Wpf.Ui.servoStudio\servoStudio.csproj]
C:\UserWorx\VSWorx\ServoStudio\wpfui-servoStudio\samples\Wpf.Ui.servoStudio\ViewModels\Motion\MultiStepProfileViewModel.cs(66,41): warning IDE0055: 淇鏍煎紡 (https://learn.microsoft.com/dotnet/fundamentals/code-analysis/style-rules/ide0055) [C:\UserWorx\VSWorx\ServoStudio\wpfui-servoStudio\samples\Wpf.Ui.servoStudio\servoStudio.csproj]
C:\UserWorx\VSWorx\ServoStudio\wpfui-servoStudio\samples\Wpf.Ui.servoStudio\ViewModels\Motion\MultiStepProfileViewModel.cs(67,41): warning IDE0055: 淇鏍煎紡 (https://learn.microsoft.com/dotnet/fundamentals/code-analysis/style-rules/ide0055) [C:\UserWorx\VSWorx\ServoStudio\wpfui-servoStudio\samples\Wpf.Ui.servoStudio\servoStudio.csproj]
C:\UserWorx\VSWorx\ServoStudio\wpfui-servoStudio\samples\Wpf.Ui.servoStudio\ViewModels\Motion\MultiStepProfileViewModel.cs(68,41): warning IDE0055: 淇鏍煎紡 (https://learn.microsoft.com/dotnet/fundamentals/code-analysis/style-rules/ide0055) [C:\UserWorx\VSWorx\ServoStudio\wpfui-servoStudio\samples\Wpf.Ui.servoStudio\servoStudio.csproj]
C:\UserWorx\VSWorx\ServoStudio\wpfui-servoStudio\samples\Wpf.Ui.servoStudio\ViewModels\Motion\MultiStepProfileViewModel.cs(69,41): warning IDE0055: 淇鏍煎紡 (https://learn.microsoft.com/dotnet/fundamentals/code-analysis/style-rules/ide0055) [C:\UserWorx\VSWorx\ServoStudio\wpfui-servoStudio\samples\Wpf.Ui.servoStudio\servoStudio.csproj]
C:\UserWorx\VSWorx\ServoStudio\wpfui-servoStudio\samples\Wpf.Ui.servoStudio\ViewModels\Motion\MultiStepProfileViewModel.cs(70,41): warning IDE0055: 淇鏍煎紡 (https://learn.microsoft.com/dotnet/fundamentals/code-analysis/style-rules/ide0055) [C:\UserWorx\VSWorx\ServoStudio\wpfui-servoStudio\samples\Wpf.Ui.servoStudio\servoStudio.csproj]
C:\UserWorx\VSWorx\ServoStudio\wpfui-servoStudio\samples\Wpf.Ui.servoStudio\ViewModels\Motion\MultiStepProfileViewModel.cs(71,41): warning IDE0055: 淇鏍煎紡 (https://learn.microsoft.com/dotnet/fundamentals/code-analysis/style-rules/ide0055) [C:\UserWorx\VSWorx\ServoStudio\wpfui-servoStudio\samples\Wpf.Ui.servoStudio\servoStudio.csproj]
C:\UserWorx\VSWorx\ServoStudio\wpfui-servoStudio\samples\Wpf.Ui.servoStudio\ViewModels\Motion\MultiStepProfileViewModel.cs(79,44): warning IDE0055: 淇鏍煎紡 (https://learn.microsoft.com/dotnet/fundamentals/code-analysis/style-rules/ide0055) [C:\UserWorx\VSWorx\ServoStudio\wpfui-servoStudio\samples\Wpf.Ui.servoStudio\servoStudio.csproj]
C:\UserWorx\VSWorx\ServoStudio\wpfui-servoStudio\samples\Wpf.Ui.servoStudio\ViewModels\Motion\MultiStepProfileViewModel.cs(79,46): warning IDE0055: 淇鏍煎紡 (https://learn.microsoft.com/dotnet/fundamentals/code-analysis/style-rules/ide0055) [C:\UserWorx\VSWorx\ServoStudio\wpfui-servoStudio\samples\Wpf.Ui.servoStudio\servoStudio.csproj]
C:\UserWorx\VSWorx\ServoStudio\wpfui-servoStudio\samples\Wpf.Ui.servoStudio\ViewModels\Motion\MultiStepProfileViewModel.cs(79,68): warning IDE0055: 淇鏍煎紡 (https://learn.microsoft.com/dotnet/fundamentals/code-analysis/style-rules/ide0055) [C:\UserWorx\VSWorx\ServoStudio\wpfui-servoStudio\samples\Wpf.Ui.servoStudio\servoStudio.csproj]
C:\UserWorx\VSWorx\ServoStudio\wpfui-servoStudio\samples\Wpf.Ui.servoStudio\ViewModels\Motion\MultiStepProfileViewModel.cs(79,76): warning IDE0055: 淇鏍煎紡 (https://learn.microsoft.com/dotnet/fundamentals/code-analysis/style-rules/ide0055) [C:\UserWorx\VSWorx\ServoStudio\wpfui-servoStudio\samples\Wpf.Ui.servoStudio\servoStudio.csproj]
C:\UserWorx\VSWorx\ServoStudio\wpfui-servoStudio\samples\Wpf.Ui.servoStudio\ViewModels\Firmware\FirmwareProgramViewModel.cs(765,13): warning IDE0011: 鍚?鈥渋f鈥?璇彞娣诲姞澶ф嫭鍙枫€?(https://learn.microsoft.com/dotnet/fundamentals/code-analysis/style-rules/ide0011) [C:\UserWorx\VSWorx\ServoStudio\wpfui-servoStudio\samples\Wpf.Ui.servoStudio\servoStudio.csproj]
C:\UserWorx\VSWorx\ServoStudio\wpfui-servoStudio\samples\Wpf.Ui.servoStudio\ViewModels\Firmware\FirmwareProgramViewModel.cs(767,13): warning IDE0011: 鍚?鈥渋f鈥?璇彞娣诲姞澶ф嫭鍙枫€?(https://learn.microsoft.com/dotnet/fundamentals/code-analysis/style-rules/ide0011) [C:\UserWorx\VSWorx\ServoStudio\wpfui-servoStudio\samples\Wpf.Ui.servoStudio\servoStudio.csproj]
C:\UserWorx\VSWorx\ServoStudio\wpfui-servoStudio\samples\Wpf.Ui.servoStudio\ViewModels\Motion\MultiStepProfileViewModel.cs(56,77): warning IDE2003: 鍧椾笌鍚庣画璇彞涔嬮棿闇€瑕佹湁绌虹櫧琛?(https://learn.microsoft.com/dotnet/fundamentals/code-analysis/style-rules/ide2003) [C:\UserWorx\VSWorx\ServoStudio\wpfui-servoStudio\samples\Wpf.Ui.servoStudio\servoStudio.csproj]
C:\UserWorx\VSWorx\ServoStudio\wpfui-servoStudio\samples\Wpf.Ui.servoStudio\ViewModels\Motion\MultiStepProfileViewModel.cs(58,137): warning IDE2003: 鍧椾笌鍚庣画璇彞涔嬮棿闇€瑕佹湁绌虹櫧琛?(https://learn.microsoft.com/dotnet/fundamentals/code-analysis/style-rules/ide2003) [C:\UserWorx\VSWorx\ServoStudio\wpfui-servoStudio\samples\Wpf.Ui.servoStudio\servoStudio.csproj]
C:\UserWorx\VSWorx\ServoStudio\wpfui-servoStudio\samples\Wpf.Ui.servoStudio\ViewModels\Motion\MultiStepProfileViewModel.cs(79,77): warning IDE2003: 鍧椾笌鍚庣画璇彞涔嬮棿闇€瑕佹湁绌虹櫧琛?(https://learn.microsoft.com/dotnet/fundamentals/code-analysis/style-rules/ide2003) [C:\UserWorx\VSWorx\ServoStudio\wpfui-servoStudio\samples\Wpf.Ui.servoStudio\servoStudio.csproj]
C:\UserWorx\VSWorx\ServoStudio\wpfui-servoStudio\samples\Wpf.Ui.servoStudio\Core\Sync\PeriodicTimerCyclicTimer.cs(97,15): warning IDE0058: 姘歌繙涓嶄細浣跨敤琛ㄨ揪寮忓€?(https://learn.microsoft.com/dotnet/fundamentals/code-analysis/style-rules/ide0058) [C:\UserWorx\VSWorx\ServoStudio\wpfui-servoStudio\samples\Wpf.Ui.servoStudio\servoStudio.csproj]
C:\UserWorx\VSWorx\ServoStudio\wpfui-servoStudio\samples\Wpf.Ui.servoStudio\ViewModels\Motion\MotionTypeViewModel.cs(456,13): warning IDE0008: 鐢ㄦ樉寮忕被鍨嬩唬鏇?"var" (https://learn.microsoft.com/dotnet/fundamentals/code-analysis/style-rules/ide0008) [C:\UserWorx\VSWorx\ServoStudio\wpfui-servoStudio\samples\Wpf.Ui.servoStudio\servoStudio.csproj]
C:\UserWorx\VSWorx\ServoStudio\wpfui-servoStudio\samples\Wpf.Ui.servoStudio\Views\Pages\AppDataPages\DataViewPage.xaml.cs(729,13): warning IDE0008: 鐢ㄦ樉寮忕被鍨嬩唬鏇?"var" (https://learn.microsoft.com/dotnet/fundamentals/code-analysis/style-rules/ide0008) [C:\UserWorx\VSWorx\ServoStudio\wpfui-servoStudio\samples\Wpf.Ui.servoStudio\servoStudio.csproj]
C:\UserWorx\VSWorx\ServoStudio\wpfui-servoStudio\samples\Wpf.Ui.servoStudio\ViewModels\Motion\MotionTypeViewModel.cs(459,17): warning IDE0058: 姘歌繙涓嶄細浣跨敤琛ㄨ揪寮忓€?(https://learn.microsoft.com/dotnet/fundamentals/code-analysis/style-rules/ide0058) [C:\UserWorx\VSWorx\ServoStudio\wpfui-servoStudio\samples\Wpf.Ui.servoStudio\servoStudio.csproj]
C:\UserWorx\VSWorx\ServoStudio\wpfui-servoStudio\samples\Wpf.Ui.servoStudio\ViewModels\FaultInfoViewModel.cs(411,9): warning IDE0011: 鍚?鈥渋f鈥?璇彞娣诲姞澶ф嫭鍙枫€?(https://learn.microsoft.com/dotnet/fundamentals/code-analysis/style-rules/ide0011) [C:\UserWorx\VSWorx\ServoStudio\wpfui-servoStudio\samples\Wpf.Ui.servoStudio\servoStudio.csproj]
C:\UserWorx\VSWorx\ServoStudio\wpfui-servoStudio\samples\Wpf.Ui.servoStudio\ViewModels\FaultInfoViewModel.cs(412,9): warning IDE0011: 鍚?鈥渋f鈥?璇彞娣诲姞澶ф嫭鍙枫€?(https://learn.microsoft.com/dotnet/fundamentals/code-analysis/style-rules/ide0011) [C:\UserWorx\VSWorx\ServoStudio\wpfui-servoStudio\samples\Wpf.Ui.servoStudio\servoStudio.csproj]
C:\UserWorx\VSWorx\ServoStudio\wpfui-servoStudio\samples\Wpf.Ui.servoStudio\ViewModels\FaultInfoViewModel.cs(413,9): warning IDE0011: 鍚?鈥渋f鈥?璇彞娣诲姞澶ф嫭鍙枫€?(https://learn.microsoft.com/dotnet/fundamentals/code-analysis/style-rules/ide0011) [C:\UserWorx\VSWorx\ServoStudio\wpfui-servoStudio\samples\Wpf.Ui.servoStudio\servoStudio.csproj]
C:\UserWorx\VSWorx\ServoStudio\wpfui-servoStudio\samples\Wpf.Ui.servoStudio\ViewModels\FaultInfoViewModel.cs(414,9): warning IDE0011: 鍚?鈥渋f鈥?璇彞娣诲姞澶ф嫭鍙枫€?(https://learn.microsoft.com/dotnet/fundamentals/code-analysis/style-rules/ide0011) [C:\UserWorx\VSWorx\ServoStudio\wpfui-servoStudio\samples\Wpf.Ui.servoStudio\servoStudio.csproj]
C:\UserWorx\VSWorx\ServoStudio\wpfui-servoStudio\samples\Wpf.Ui.servoStudio\ViewModels\FaultInfoViewModel.cs(415,9): warning IDE0011: 鍚?鈥渋f鈥?璇彞娣诲姞澶ф嫭鍙枫€?(https://learn.microsoft.com/dotnet/fundamentals/code-analysis/style-rules/ide0011) [C:\UserWorx\VSWorx\ServoStudio\wpfui-servoStudio\samples\Wpf.Ui.servoStudio\servoStudio.csproj]
C:\UserWorx\VSWorx\ServoStudio\wpfui-servoStudio\samples\Wpf.Ui.servoStudio\ViewModels\FaultInfoViewModel.cs(416,9): warning IDE0011: 鍚?鈥渋f鈥?璇彞娣诲姞澶ф嫭鍙枫€?(https://learn.microsoft.com/dotnet/fundamentals/code-analysis/style-rules/ide0011) [C:\UserWorx\VSWorx\ServoStudio\wpfui-servoStudio\samples\Wpf.Ui.servoStudio\servoStudio.csproj]
C:\UserWorx\VSWorx\ServoStudio\wpfui-servoStudio\samples\Wpf.Ui.servoStudio\ViewModels\FaultInfoViewModel.cs(417,9): warning IDE0011: 鍚?鈥渋f鈥?璇彞娣诲姞澶ф嫭鍙枫€?(https://learn.microsoft.com/dotnet/fundamentals/code-analysis/style-rules/ide0011) [C:\UserWorx\VSWorx\ServoStudio\wpfui-servoStudio\samples\Wpf.Ui.servoStudio\servoStudio.csproj]
C:\UserWorx\VSWorx\ServoStudio\wpfui-servoStudio\samples\Wpf.Ui.servoStudio\ViewModels\FaultInfoViewModel.cs(418,9): warning IDE0011: 鍚?鈥渋f鈥?璇彞娣诲姞澶ф嫭鍙枫€?(https://learn.microsoft.com/dotnet/fundamentals/code-analysis/style-rules/ide0011) [C:\UserWorx\VSWorx\ServoStudio\wpfui-servoStudio\samples\Wpf.Ui.servoStudio\servoStudio.csproj]
C:\UserWorx\VSWorx\ServoStudio\wpfui-servoStudio\samples\Wpf.Ui.servoStudio\ViewModels\FaultInfoViewModel.cs(419,9): warning IDE0011: 鍚?鈥渋f鈥?璇彞娣诲姞澶ф嫭鍙枫€?(https://learn.microsoft.com/dotnet/fundamentals/code-analysis/style-rules/ide0011) [C:\UserWorx\VSWorx\ServoStudio\wpfui-servoStudio\samples\Wpf.Ui.servoStudio\servoStudio.csproj]
C:\UserWorx\VSWorx\ServoStudio\wpfui-servoStudio\samples\Wpf.Ui.servoStudio\ViewModels\FaultInfoViewModel.cs(420,9): warning IDE0011: 鍚?鈥渋f鈥?璇彞娣诲姞澶ф嫭鍙枫€?(https://learn.microsoft.com/dotnet/fundamentals/code-analysis/style-rules/ide0011) [C:\UserWorx\VSWorx\ServoStudio\wpfui-servoStudio\samples\Wpf.Ui.servoStudio\servoStudio.csproj]
C:\UserWorx\VSWorx\ServoStudio\wpfui-servoStudio\samples\Wpf.Ui.servoStudio\ViewModels\Factory\FactoryViewModel.cs(180,9): warning IDE0011: 鍚?鈥渋f鈥?璇彞娣诲姞澶ф嫭鍙枫€?(https://learn.microsoft.com/dotnet/fundamentals/code-analysis/style-rules/ide0011) [C:\UserWorx\VSWorx\ServoStudio\wpfui-servoStudio\samples\Wpf.Ui.servoStudio\servoStudio.csproj]
C:\UserWorx\VSWorx\ServoStudio\wpfui-servoStudio\samples\Wpf.Ui.servoStudio\ViewModels\Motion\MotionLimitViewModel.cs(72,13): warning IDE0011: 鍚?鈥渋f鈥?璇彞娣诲姞澶ф嫭鍙枫€?(https://learn.microsoft.com/dotnet/fundamentals/code-analysis/style-rules/ide0011) [C:\UserWorx\VSWorx\ServoStudio\wpfui-servoStudio\samples\Wpf.Ui.servoStudio\servoStudio.csproj]
C:\UserWorx\VSWorx\ServoStudio\wpfui-servoStudio\samples\Wpf.Ui.servoStudio\ViewModels\Tuning\AdvancedTuningViewModel.cs(51,48): warning IDE0011: 鍚?鈥渋f鈥?璇彞娣诲姞澶ф嫭鍙枫€?(https://learn.microsoft.com/dotnet/fundamentals/code-analysis/style-rules/ide0011) [C:\UserWorx\VSWorx\ServoStudio\wpfui-servoStudio\samples\Wpf.Ui.servoStudio\servoStudio.csproj]
C:\UserWorx\VSWorx\ServoStudio\wpfui-servoStudio\samples\Wpf.Ui.servoStudio\ViewModels\Motion\MotionLimitViewModel.cs(86,13): warning IDE0011: 鍚?鈥渋f鈥?璇彞娣诲姞澶ф嫭鍙枫€?(https://learn.microsoft.com/dotnet/fundamentals/code-analysis/style-rules/ide0011) [C:\UserWorx\VSWorx\ServoStudio\wpfui-servoStudio\samples\Wpf.Ui.servoStudio\servoStudio.csproj]
C:\UserWorx\VSWorx\ServoStudio\wpfui-servoStudio\samples\Wpf.Ui.servoStudio\ViewModels\Tuning\AdvancedTuningViewModel.cs(53,9): warning IDE0058: 姘歌繙涓嶄細浣跨敤琛ㄨ揪寮忓€?(https://learn.microsoft.com/dotnet/fundamentals/code-analysis/style-rules/ide0058) [C:\UserWorx\VSWorx\ServoStudio\wpfui-servoStudio\samples\Wpf.Ui.servoStudio\servoStudio.csproj]
C:\UserWorx\VSWorx\ServoStudio\wpfui-servoStudio\samples\Wpf.Ui.servoStudio\ViewModels\Tuning\AdvancedTuningViewModel.cs(54,9): warning IDE0058: 姘歌繙涓嶄細浣跨敤琛ㄨ揪寮忓€?(https://learn.microsoft.com/dotnet/fundamentals/code-analysis/style-rules/ide0058) [C:\UserWorx\VSWorx\ServoStudio\wpfui-servoStudio\samples\Wpf.Ui.servoStudio\servoStudio.csproj]
C:\UserWorx\VSWorx\ServoStudio\wpfui-servoStudio\samples\Wpf.Ui.servoStudio\ViewModels\Tuning\AdvancedTuningViewModel.cs(55,9): warning IDE0058: 姘歌繙涓嶄細浣跨敤琛ㄨ揪寮忓€?(https://learn.microsoft.com/dotnet/fundamentals/code-analysis/style-rules/ide0058) [C:\UserWorx\VSWorx\ServoStudio\wpfui-servoStudio\samples\Wpf.Ui.servoStudio\servoStudio.csproj]
C:\UserWorx\VSWorx\ServoStudio\wpfui-servoStudio\samples\Wpf.Ui.servoStudio\ViewModels\Tuning\AdvancedTuningViewModel.cs(56,9): warning IDE0058: 姘歌繙涓嶄細浣跨敤琛ㄨ揪寮忓€?(https://learn.microsoft.com/dotnet/fundamentals/code-analysis/style-rules/ide0058) [C:\UserWorx\VSWorx\ServoStudio\wpfui-servoStudio\samples\Wpf.Ui.servoStudio\servoStudio.csproj]
C:\UserWorx\VSWorx\ServoStudio\wpfui-servoStudio\samples\Wpf.Ui.servoStudio\ViewModels\Tuning\AdvancedTuningViewModel.cs(57,9): warning IDE0058: 姘歌繙涓嶄細浣跨敤琛ㄨ揪寮忓€?(https://learn.microsoft.com/dotnet/fundamentals/code-analysis/style-rules/ide0058) [C:\UserWorx\VSWorx\ServoStudio\wpfui-servoStudio\samples\Wpf.Ui.servoStudio\servoStudio.csproj]
C:\UserWorx\VSWorx\ServoStudio\wpfui-servoStudio\samples\Wpf.Ui.servoStudio\ViewModels\Tuning\AdvancedTuningViewModel.cs(58,9): warning IDE0058: 姘歌繙涓嶄細浣跨敤琛ㄨ揪寮忓€?(https://learn.microsoft.com/dotnet/fundamentals/code-analysis/style-rules/ide0058) [C:\UserWorx\VSWorx\ServoStudio\wpfui-servoStudio\samples\Wpf.Ui.servoStudio\servoStudio.csproj]
C:\UserWorx\VSWorx\ServoStudio\wpfui-servoStudio\samples\Wpf.Ui.servoStudio\ViewModels\Tuning\AdvancedTuningViewModel.cs(59,9): warning IDE0058: 姘歌繙涓嶄細浣跨敤琛ㄨ揪寮忓€?(https://learn.microsoft.com/dotnet/fundamentals/code-analysis/style-rules/ide0058) [C:\UserWorx\VSWorx\ServoStudio\wpfui-servoStudio\samples\Wpf.Ui.servoStudio\servoStudio.csproj]
C:\UserWorx\VSWorx\ServoStudio\wpfui-servoStudio\samples\Wpf.Ui.servoStudio\ViewModels\Tuning\AdvancedTuningViewModel.cs(60,9): warning IDE0058: 姘歌繙涓嶄細浣跨敤琛ㄨ揪寮忓€?(https://learn.microsoft.com/dotnet/fundamentals/code-analysis/style-rules/ide0058) [C:\UserWorx\VSWorx\ServoStudio\wpfui-servoStudio\samples\Wpf.Ui.servoStudio\servoStudio.csproj]
C:\UserWorx\VSWorx\ServoStudio\wpfui-servoStudio\samples\Wpf.Ui.servoStudio\ViewModels\Tuning\AdvancedTuningViewModel.cs(61,9): warning IDE0058: 姘歌繙涓嶄細浣跨敤琛ㄨ揪寮忓€?(https://learn.microsoft.com/dotnet/fundamentals/code-analysis/style-rules/ide0058) [C:\UserWorx\VSWorx\ServoStudio\wpfui-servoStudio\samples\Wpf.Ui.servoStudio\servoStudio.csproj]
C:\UserWorx\VSWorx\ServoStudio\wpfui-servoStudio\samples\Wpf.Ui.servoStudio\ViewModels\Tuning\AdvancedTuningViewModel.cs(62,9): warning IDE0058: 姘歌繙涓嶄細浣跨敤琛ㄨ揪寮忓€?(https://learn.microsoft.com/dotnet/fundamentals/code-analysis/style-rules/ide0058) [C:\UserWorx\VSWorx\ServoStudio\wpfui-servoStudio\samples\Wpf.Ui.servoStudio\servoStudio.csproj]
C:\UserWorx\VSWorx\ServoStudio\wpfui-servoStudio\samples\Wpf.Ui.servoStudio\ViewModels\Tuning\AdvancedTuningViewModel.cs(63,9): warning IDE0058: 姘歌繙涓嶄細浣跨敤琛ㄨ揪寮忓€?(https://learn.microsoft.com/dotnet/fundamentals/code-analysis/style-rules/ide0058) [C:\UserWorx\VSWorx\ServoStudio\wpfui-servoStudio\samples\Wpf.Ui.servoStudio\servoStudio.csproj]
C:\UserWorx\VSWorx\ServoStudio\wpfui-servoStudio\samples\Wpf.Ui.servoStudio\ViewModels\Tuning\AdvancedTuningViewModel.cs(64,9): warning IDE0058: 姘歌繙涓嶄細浣跨敤琛ㄨ揪寮忓€?(https://learn.microsoft.com/dotnet/fundamentals/code-analysis/style-rules/ide0058) [C:\UserWorx\VSWorx\ServoStudio\wpfui-servoStudio\samples\Wpf.Ui.servoStudio\servoStudio.csproj]
C:\UserWorx\VSWorx\ServoStudio\wpfui-servoStudio\samples\Wpf.Ui.servoStudio\ViewModels\Tuning\AdvancedTuningViewModel.cs(65,9): warning IDE0058: 姘歌繙涓嶄細浣跨敤琛ㄨ揪寮忓€?(https://learn.microsoft.com/dotnet/fundamentals/code-analysis/style-rules/ide0058) [C:\UserWorx\VSWorx\ServoStudio\wpfui-servoStudio\samples\Wpf.Ui.servoStudio\servoStudio.csproj]
C:\UserWorx\VSWorx\ServoStudio\wpfui-servoStudio\samples\Wpf.Ui.servoStudio\ViewModels\Tuning\AdvancedTuningViewModel.cs(66,9): warning IDE0058: 姘歌繙涓嶄細浣跨敤琛ㄨ揪寮忓€?(https://learn.microsoft.com/dotnet/fundamentals/code-analysis/style-rules/ide0058) [C:\UserWorx\VSWorx\ServoStudio\wpfui-servoStudio\samples\Wpf.Ui.servoStudio\servoStudio.csproj]
C:\UserWorx\VSWorx\ServoStudio\wpfui-servoStudio\samples\Wpf.Ui.servoStudio\ViewModels\Tuning\AdvancedTuningViewModel.cs(67,9): warning IDE0058: 姘歌繙涓嶄細浣跨敤琛ㄨ揪寮忓€?(https://learn.microsoft.com/dotnet/fundamentals/code-analysis/style-rules/ide0058) [C:\UserWorx\VSWorx\ServoStudio\wpfui-servoStudio\samples\Wpf.Ui.servoStudio\servoStudio.csproj]
C:\UserWorx\VSWorx\ServoStudio\wpfui-servoStudio\samples\Wpf.Ui.servoStudio\ViewModels\Tuning\AdvancedTuningViewModel.cs(68,9): warning IDE0058: 姘歌繙涓嶄細浣跨敤琛ㄨ揪寮忓€?(https://learn.microsoft.com/dotnet/fundamentals/code-analysis/style-rules/ide0058) [C:\UserWorx\VSWorx\ServoStudio\wpfui-servoStudio\samples\Wpf.Ui.servoStudio\servoStudio.csproj]
C:\UserWorx\VSWorx\ServoStudio\wpfui-servoStudio\samples\Wpf.Ui.servoStudio\ViewModels\Tuning\AdvancedTuningViewModel.cs(69,9): warning IDE0058: 姘歌繙涓嶄細浣跨敤琛ㄨ揪寮忓€?(https://learn.microsoft.com/dotnet/fundamentals/code-analysis/style-rules/ide0058) [C:\UserWorx\VSWorx\ServoStudio\wpfui-servoStudio\samples\Wpf.Ui.servoStudio\servoStudio.csproj]
C:\UserWorx\VSWorx\ServoStudio\wpfui-servoStudio\samples\Wpf.Ui.servoStudio\ViewModels\Motion\MotionLimitViewModel.cs(188,9): warning IDE0011: 鍚?鈥渋f鈥?璇彞娣诲姞澶ф嫭鍙枫€?(https://learn.microsoft.com/dotnet/fundamentals/code-analysis/style-rules/ide0011) [C:\UserWorx\VSWorx\ServoStudio\wpfui-servoStudio\samples\Wpf.Ui.servoStudio\servoStudio.csproj]
C:\UserWorx\VSWorx\ServoStudio\wpfui-servoStudio\samples\Wpf.Ui.servoStudio\ViewModels\Hardware\IOViewModel.cs(138,9): warning IDE0011: 鍚?鈥渋f鈥?璇彞娣诲姞澶ф嫭鍙枫€?(https://learn.microsoft.com/dotnet/fundamentals/code-analysis/style-rules/ide0011) [C:\UserWorx\VSWorx\ServoStudio\wpfui-servoStudio\samples\Wpf.Ui.servoStudio\servoStudio.csproj]
C:\UserWorx\VSWorx\ServoStudio\wpfui-servoStudio\samples\Wpf.Ui.servoStudio\ViewModels\Hardware\IOViewModel.cs(140,9): warning IDE0011: 鍚?鈥渋f鈥?璇彞娣诲姞澶ф嫭鍙枫€?(https://learn.microsoft.com/dotnet/fundamentals/code-analysis/style-rules/ide0011) [C:\UserWorx\VSWorx\ServoStudio\wpfui-servoStudio\samples\Wpf.Ui.servoStudio\servoStudio.csproj]
C:\UserWorx\VSWorx\ServoStudio\wpfui-servoStudio\samples\Wpf.Ui.servoStudio\ViewModels\Hardware\IOViewModel.cs(142,9): warning IDE0011: 鍚?鈥渋f鈥?璇彞娣诲姞澶ф嫭鍙枫€?(https://learn.microsoft.com/dotnet/fundamentals/code-analysis/style-rules/ide0011) [C:\UserWorx\VSWorx\ServoStudio\wpfui-servoStudio\samples\Wpf.Ui.servoStudio\servoStudio.csproj]
C:\UserWorx\VSWorx\ServoStudio\wpfui-servoStudio\samples\Wpf.Ui.servoStudio\ViewModels\Factory\FactoryViewModel.cs(202,9): warning IDE0011: 鍚?鈥渋f鈥?璇彞娣诲姞澶ф嫭鍙枫€?(https://learn.microsoft.com/dotnet/fundamentals/code-analysis/style-rules/ide0011) [C:\UserWorx\VSWorx\ServoStudio\wpfui-servoStudio\samples\Wpf.Ui.servoStudio\servoStudio.csproj]
C:\UserWorx\VSWorx\ServoStudio\wpfui-servoStudio\samples\Wpf.Ui.servoStudio\ViewModels\Motion\MotionLimitViewModel.cs(207,9): warning IDE0058: 姘歌繙涓嶄細浣跨敤琛ㄨ揪寮忓€?(https://learn.microsoft.com/dotnet/fundamentals/code-analysis/style-rules/ide0058) [C:\UserWorx\VSWorx\ServoStudio\wpfui-servoStudio\samples\Wpf.Ui.servoStudio\servoStudio.csproj]
C:\UserWorx\VSWorx\ServoStudio\wpfui-servoStudio\samples\Wpf.Ui.servoStudio\ViewModels\Hardware\IOViewModel.cs(147,9): warning IDE0011: 鍚?鈥渋f鈥?璇彞娣诲姞澶ф嫭鍙枫€?(https://learn.microsoft.com/dotnet/fundamentals/code-analysis/style-rules/ide0011) [C:\UserWorx\VSWorx\ServoStudio\wpfui-servoStudio\samples\Wpf.Ui.servoStudio\servoStudio.csproj]
C:\UserWorx\VSWorx\ServoStudio\wpfui-servoStudio\samples\Wpf.Ui.servoStudio\ViewModels\Hardware\IOViewModel.cs(149,9): warning IDE0011: 鍚?鈥渋f鈥?璇彞娣诲姞澶ф嫭鍙枫€?(https://learn.microsoft.com/dotnet/fundamentals/code-analysis/style-rules/ide0011) [C:\UserWorx\VSWorx\ServoStudio\wpfui-servoStudio\samples\Wpf.Ui.servoStudio\servoStudio.csproj]
C:\UserWorx\VSWorx\ServoStudio\wpfui-servoStudio\samples\Wpf.Ui.servoStudio\ViewModels\Hardware\IOViewModel.cs(157,9): warning IDE0011: 鍚?鈥渋f鈥?璇彞娣诲姞澶ф嫭鍙枫€?(https://learn.microsoft.com/dotnet/fundamentals/code-analysis/style-rules/ide0011) [C:\UserWorx\VSWorx\ServoStudio\wpfui-servoStudio\samples\Wpf.Ui.servoStudio\servoStudio.csproj]
C:\UserWorx\VSWorx\ServoStudio\wpfui-servoStudio\samples\Wpf.Ui.servoStudio\ViewModels\Motion\MotionLimitViewModel.cs(655,9): warning IDE0011: 鍚?鈥渋f鈥?璇彞娣诲姞澶ф嫭鍙枫€?(https://learn.microsoft.com/dotnet/fundamentals/code-analysis/style-rules/ide0011) [C:\UserWorx\VSWorx\ServoStudio\wpfui-servoStudio\samples\Wpf.Ui.servoStudio\servoStudio.csproj]
C:\UserWorx\VSWorx\ServoStudio\wpfui-servoStudio\samples\Wpf.Ui.servoStudio\ViewModels\Motion\MotionLimitViewModel.cs(216,13): warning IDE0011: 鍚?鈥渋f鈥?璇彞娣诲姞澶ф嫭鍙枫€?(https://learn.microsoft.com/dotnet/fundamentals/code-analysis/style-rules/ide0011) [C:\UserWorx\VSWorx\ServoStudio\wpfui-servoStudio\samples\Wpf.Ui.servoStudio\servoStudio.csproj]
C:\UserWorx\VSWorx\ServoStudio\wpfui-servoStudio\samples\Wpf.Ui.servoStudio\ViewModels\Motion\MotionLimitViewModel.cs(218,13): warning IDE0011: 鍚?鈥渋f鈥?璇彞娣诲姞澶ф嫭鍙枫€?(https://learn.microsoft.com/dotnet/fundamentals/code-analysis/style-rules/ide0011) [C:\UserWorx\VSWorx\ServoStudio\wpfui-servoStudio\samples\Wpf.Ui.servoStudio\servoStudio.csproj]
C:\UserWorx\VSWorx\ServoStudio\wpfui-servoStudio\samples\Wpf.Ui.servoStudio\ViewModels\Hardware\IOViewModel.cs(151,16): warning IDE0059: 涓嶉渶瑕佸 "current" 璧嬪€?(https://learn.microsoft.com/dotnet/fundamentals/code-analysis/style-rules/ide0059) [C:\UserWorx\VSWorx\ServoStudio\wpfui-servoStudio\samples\Wpf.Ui.servoStudio\servoStudio.csproj]
C:\UserWorx\VSWorx\ServoStudio\wpfui-servoStudio\samples\Wpf.Ui.servoStudio\ViewModels\Hardware\IOViewModel.cs(194,9): warning IDE0011: 鍚?鈥渋f鈥?璇彞娣诲姞澶ф嫭鍙枫€?(https://learn.microsoft.com/dotnet/fundamentals/code-analysis/style-rules/ide0011) [C:\UserWorx\VSWorx\ServoStudio\wpfui-servoStudio\samples\Wpf.Ui.servoStudio\servoStudio.csproj]
C:\UserWorx\VSWorx\ServoStudio\wpfui-servoStudio\samples\Wpf.Ui.servoStudio\ViewModels\Hardware\IOViewModel.cs(195,9): warning IDE0011: 鍚?鈥渋f鈥?璇彞娣诲姞澶ф嫭鍙枫€?(https://learn.microsoft.com/dotnet/fundamentals/code-analysis/style-rules/ide0011) [C:\UserWorx\VSWorx\ServoStudio\wpfui-servoStudio\samples\Wpf.Ui.servoStudio\servoStudio.csproj]
C:\UserWorx\VSWorx\ServoStudio\wpfui-servoStudio\samples\Wpf.Ui.servoStudio\ViewModels\Hardware\IOViewModel.cs(202,9): warning IDE0011: 鍚?鈥渋f鈥?璇彞娣诲姞澶ф嫭鍙枫€?(https://learn.microsoft.com/dotnet/fundamentals/code-analysis/style-rules/ide0011) [C:\UserWorx\VSWorx\ServoStudio\wpfui-servoStudio\samples\Wpf.Ui.servoStudio\servoStudio.csproj]
C:\UserWorx\VSWorx\ServoStudio\wpfui-servoStudio\samples\Wpf.Ui.servoStudio\Views\Pages\AppDataPages\AppLogPage.xaml.cs(54,9): warning IDE0011: 鍚?鈥渋f鈥?璇彞娣诲姞澶ф嫭鍙枫€?(https://learn.microsoft.com/dotnet/fundamentals/code-analysis/style-rules/ide0011) [C:\UserWorx\VSWorx\ServoStudio\wpfui-servoStudio\samples\Wpf.Ui.servoStudio\servoStudio.csproj]
C:\UserWorx\VSWorx\ServoStudio\wpfui-servoStudio\samples\Wpf.Ui.servoStudio\Views\Pages\AppDataPages\AppLogPage.xaml.cs(61,9): warning IDE0011: 鍚?鈥渋f鈥?璇彞娣诲姞澶ф嫭鍙枫€?(https://learn.microsoft.com/dotnet/fundamentals/code-analysis/style-rules/ide0011) [C:\UserWorx\VSWorx\ServoStudio\wpfui-servoStudio\samples\Wpf.Ui.servoStudio\servoStudio.csproj]
C:\UserWorx\VSWorx\ServoStudio\wpfui-servoStudio\samples\Wpf.Ui.servoStudio\Views\Pages\AppDataPages\AppLogPage.xaml.cs(65,9): warning IDE0011: 鍚?鈥渋f鈥?璇彞娣诲姞澶ф嫭鍙枫€?(https://learn.microsoft.com/dotnet/fundamentals/code-analysis/style-rules/ide0011) [C:\UserWorx\VSWorx\ServoStudio\wpfui-servoStudio\samples\Wpf.Ui.servoStudio\servoStudio.csproj]
C:\UserWorx\VSWorx\ServoStudio\wpfui-servoStudio\samples\Wpf.Ui.servoStudio\Views\Pages\AppDataPages\AppLogPage.xaml.cs(74,9): warning IDE0011: 鍚?鈥渋f鈥?璇彞娣诲姞澶ф嫭鍙枫€?(https://learn.microsoft.com/dotnet/fundamentals/code-analysis/style-rules/ide0011) [C:\UserWorx\VSWorx\ServoStudio\wpfui-servoStudio\samples\Wpf.Ui.servoStudio\servoStudio.csproj]
C:\UserWorx\VSWorx\ServoStudio\wpfui-servoStudio\samples\Wpf.Ui.servoStudio\ViewModels\AppData\PidAdjustViewModel.cs(40,9): warning IDE0011: 鍚?鈥渋f鈥?璇彞娣诲姞澶ф嫭鍙枫€?(https://learn.microsoft.com/dotnet/fundamentals/code-analysis/style-rules/ide0011) [C:\UserWorx\VSWorx\ServoStudio\wpfui-servoStudio\samples\Wpf.Ui.servoStudio\servoStudio.csproj]
C:\UserWorx\VSWorx\ServoStudio\wpfui-servoStudio\samples\Wpf.Ui.servoStudio\ViewModels\AppData\PidAdjustViewModel.cs(40,39): warning IDE0058: 姘歌繙涓嶄細浣跨敤琛ㄨ揪寮忓€?(https://learn.microsoft.com/dotnet/fundamentals/code-analysis/style-rules/ide0058) [C:\UserWorx\VSWorx\ServoStudio\wpfui-servoStudio\samples\Wpf.Ui.servoStudio\servoStudio.csproj]
C:\UserWorx\VSWorx\ServoStudio\wpfui-servoStudio\samples\Wpf.Ui.servoStudio\ViewModels\Hardware\IOViewModel.cs(217,9): warning IDE0011: 鍚?鈥渋f鈥?璇彞娣诲姞澶ф嫭鍙枫€?(https://learn.microsoft.com/dotnet/fundamentals/code-analysis/style-rules/ide0011) [C:\UserWorx\VSWorx\ServoStudio\wpfui-servoStudio\samples\Wpf.Ui.servoStudio\servoStudio.csproj]
C:\UserWorx\VSWorx\ServoStudio\wpfui-servoStudio\samples\Wpf.Ui.servoStudio\ViewModels\Hardware\IOViewModel.cs(218,9): warning IDE0011: 鍚?鈥渋f鈥?璇彞娣诲姞澶ф嫭鍙枫€?(https://learn.microsoft.com/dotnet/fundamentals/code-analysis/style-rules/ide0011) [C:\UserWorx\VSWorx\ServoStudio\wpfui-servoStudio\samples\Wpf.Ui.servoStudio\servoStudio.csproj]
C:\UserWorx\VSWorx\ServoStudio\wpfui-servoStudio\samples\Wpf.Ui.servoStudio\ViewModels\Hardware\IOViewModel.cs(219,9): warning IDE0011: 鍚?鈥渋f鈥?璇彞娣诲姞澶ф嫭鍙枫€?(https://learn.microsoft.com/dotnet/fundamentals/code-analysis/style-rules/ide0011) [C:\UserWorx\VSWorx\ServoStudio\wpfui-servoStudio\samples\Wpf.Ui.servoStudio\servoStudio.csproj]
C:\UserWorx\VSWorx\ServoStudio\wpfui-servoStudio\samples\Wpf.Ui.servoStudio\Views\Pages\AppDataPages\AppLogPage.xaml.cs(98,9): warning IDE0011: 鍚?鈥渋f鈥?璇彞娣诲姞澶ф嫭鍙枫€?(https://learn.microsoft.com/dotnet/fundamentals/code-analysis/style-rules/ide0011) [C:\UserWorx\VSWorx\ServoStudio\wpfui-servoStudio\samples\Wpf.Ui.servoStudio\servoStudio.csproj]
C:\UserWorx\VSWorx\ServoStudio\wpfui-servoStudio\samples\Wpf.Ui.servoStudio\ViewModels\Motion\MotionTypeViewModel.cs(821,9): warning IDE0011: 鍚?鈥渋f鈥?璇彞娣诲姞澶ф嫭鍙枫€?(https://learn.microsoft.com/dotnet/fundamentals/code-analysis/style-rules/ide0011) [C:\UserWorx\VSWorx\ServoStudio\wpfui-servoStudio\samples\Wpf.Ui.servoStudio\servoStudio.csproj]
C:\UserWorx\VSWorx\ServoStudio\wpfui-servoStudio\samples\Wpf.Ui.servoStudio\Views\Pages\AppDataPages\AppLogPage.xaml.cs(110,13): warning IDE0011: 鍚?鈥渋f鈥?璇彞娣诲姞澶ф嫭鍙枫€?(https://learn.microsoft.com/dotnet/fundamentals/code-analysis/style-rules/ide0011) [C:\UserWorx\VSWorx\ServoStudio\wpfui-servoStudio\samples\Wpf.Ui.servoStudio\servoStudio.csproj]
C:\UserWorx\VSWorx\ServoStudio\wpfui-servoStudio\samples\Wpf.Ui.servoStudio\Views\Pages\AppDataPages\AppLogPage.xaml.cs(114,13): warning IDE0011: 鍚?鈥渋f鈥?璇彞娣诲姞澶ф嫭鍙枫€?(https://learn.microsoft.com/dotnet/fundamentals/code-analysis/style-rules/ide0011) [C:\UserWorx\VSWorx\ServoStudio\wpfui-servoStudio\samples\Wpf.Ui.servoStudio\servoStudio.csproj]
C:\UserWorx\VSWorx\ServoStudio\wpfui-servoStudio\samples\Wpf.Ui.servoStudio\Views\Pages\AppDataPages\AppLogPage.xaml.cs(123,17): warning IDE0011: 鍚?鈥渋f鈥?璇彞娣诲姞澶ф嫭鍙枫€?(https://learn.microsoft.com/dotnet/fundamentals/code-analysis/style-rules/ide0011) [C:\UserWorx\VSWorx\ServoStudio\wpfui-servoStudio\samples\Wpf.Ui.servoStudio\servoStudio.csproj]
C:\UserWorx\VSWorx\ServoStudio\wpfui-servoStudio\samples\Wpf.Ui.servoStudio\ViewModels\Motion\MotionTypeViewModel.cs(833,9): warning IDE0011: 鍚?鈥渋f鈥?璇彞娣诲姞澶ф嫭鍙枫€?(https://learn.microsoft.com/dotnet/fundamentals/code-analysis/style-rules/ide0011) [C:\UserWorx\VSWorx\ServoStudio\wpfui-servoStudio\samples\Wpf.Ui.servoStudio\servoStudio.csproj]
C:\UserWorx\VSWorx\ServoStudio\wpfui-servoStudio\samples\Wpf.Ui.servoStudio\ViewModels\SettingsViewModel.cs(331,94): warning IDE0055: 淇鏍煎紡 (https://learn.microsoft.com/dotnet/fundamentals/code-analysis/style-rules/ide0055) [C:\UserWorx\VSWorx\ServoStudio\wpfui-servoStudio\samples\Wpf.Ui.servoStudio\servoStudio.csproj]
C:\UserWorx\VSWorx\ServoStudio\wpfui-servoStudio\samples\Wpf.Ui.servoStudio\ViewModels\SettingsViewModel.cs(331,96): warning IDE0055: 淇鏍煎紡 (https://learn.microsoft.com/dotnet/fundamentals/code-analysis/style-rules/ide0055) [C:\UserWorx\VSWorx\ServoStudio\wpfui-servoStudio\samples\Wpf.Ui.servoStudio\servoStudio.csproj]
C:\UserWorx\VSWorx\ServoStudio\wpfui-servoStudio\samples\Wpf.Ui.servoStudio\ViewModels\SettingsViewModel.cs(331,101): warning IDE0055: 淇鏍煎紡 (https://learn.microsoft.com/dotnet/fundamentals/code-analysis/style-rules/ide0055) [C:\UserWorx\VSWorx\ServoStudio\wpfui-servoStudio\samples\Wpf.Ui.servoStudio\servoStudio.csproj]
C:\UserWorx\VSWorx\ServoStudio\wpfui-servoStudio\samples\Wpf.Ui.servoStudio\ViewModels\SettingsViewModel.cs(347,37): warning IDE0055: 淇鏍煎紡 (https://learn.microsoft.com/dotnet/fundamentals/code-analysis/style-rules/ide0055) [C:\UserWorx\VSWorx\ServoStudio\wpfui-servoStudio\samples\Wpf.Ui.servoStudio\servoStudio.csproj]
C:\UserWorx\VSWorx\ServoStudio\wpfui-servoStudio\samples\Wpf.Ui.servoStudio\ViewModels\SettingsViewModel.cs(359,37): warning IDE0055: 淇鏍煎紡 (https://learn.microsoft.com/dotnet/fundamentals/code-analysis/style-rules/ide0055) [C:\UserWorx\VSWorx\ServoStudio\wpfui-servoStudio\samples\Wpf.Ui.servoStudio\servoStudio.csproj]
C:\UserWorx\VSWorx\ServoStudio\wpfui-servoStudio\samples\Wpf.Ui.servoStudio\Views\Pages\AppDataPages\AppLogPage.xaml.cs(135,9): warning IDE0011: 鍚?鈥渋f鈥?璇彞娣诲姞澶ф嫭鍙枫€?(https://learn.microsoft.com/dotnet/fundamentals/code-analysis/style-rules/ide0011) [C:\UserWorx\VSWorx\ServoStudio\wpfui-servoStudio\samples\Wpf.Ui.servoStudio\servoStudio.csproj]
C:\UserWorx\VSWorx\ServoStudio\wpfui-servoStudio\samples\Wpf.Ui.servoStudio\Views\Pages\AppDataPages\AppLogPage.xaml.cs(139,9): warning IDE0011: 鍚?鈥渋f鈥?璇彞娣诲姞澶ф嫭鍙枫€?(https://learn.microsoft.com/dotnet/fundamentals/code-analysis/style-rules/ide0011) [C:\UserWorx\VSWorx\ServoStudio\wpfui-servoStudio\samples\Wpf.Ui.servoStudio\servoStudio.csproj]
C:\UserWorx\VSWorx\ServoStudio\wpfui-servoStudio\samples\Wpf.Ui.servoStudio\ViewModels\SettingsViewModel.cs(171,13): warning IDE2003: 鍧椾笌鍚庣画璇彞涔嬮棿闇€瑕佹湁绌虹櫧琛?(https://learn.microsoft.com/dotnet/fundamentals/code-analysis/style-rules/ide2003) [C:\UserWorx\VSWorx\ServoStudio\wpfui-servoStudio\samples\Wpf.Ui.servoStudio\servoStudio.csproj]
C:\UserWorx\VSWorx\ServoStudio\wpfui-servoStudio\samples\Wpf.Ui.servoStudio\ViewModels\Motion\MotionLimitViewModel.cs(373,9): warning IDE0011: 鍚?鈥渋f鈥?璇彞娣诲姞澶ф嫭鍙枫€?(https://learn.microsoft.com/dotnet/fundamentals/code-analysis/style-rules/ide0011) [C:\UserWorx\VSWorx\ServoStudio\wpfui-servoStudio\samples\Wpf.Ui.servoStudio\servoStudio.csproj]
C:\UserWorx\VSWorx\ServoStudio\wpfui-servoStudio\samples\Wpf.Ui.servoStudio\Views\Dialogs\SheetPickerWindow.cs(51,9): warning IDE0058: 姘歌繙涓嶄細浣跨敤琛ㄨ揪寮忓€?(https://learn.microsoft.com/dotnet/fundamentals/code-analysis/style-rules/ide0058) [C:\UserWorx\VSWorx\ServoStudio\wpfui-servoStudio\samples\Wpf.Ui.servoStudio\servoStudio.csproj]
C:\UserWorx\VSWorx\ServoStudio\wpfui-servoStudio\samples\Wpf.Ui.servoStudio\Views\Dialogs\SheetPickerWindow.cs(59,13): warning IDE0058: 姘歌繙涓嶄細浣跨敤琛ㄨ揪寮忓€?(https://learn.microsoft.com/dotnet/fundamentals/code-analysis/style-rules/ide0058) [C:\UserWorx\VSWorx\ServoStudio\wpfui-servoStudio\samples\Wpf.Ui.servoStudio\servoStudio.csproj]
C:\UserWorx\VSWorx\ServoStudio\wpfui-servoStudio\samples\Wpf.Ui.servoStudio\Views\Dialogs\SheetPickerWindow.cs(80,9): warning IDE0058: 姘歌繙涓嶄細浣跨敤琛ㄨ揪寮忓€?(https://learn.microsoft.com/dotnet/fundamentals/code-analysis/style-rules/ide0058) [C:\UserWorx\VSWorx\ServoStudio\wpfui-servoStudio\samples\Wpf.Ui.servoStudio\servoStudio.csproj]
C:\UserWorx\VSWorx\ServoStudio\wpfui-servoStudio\samples\Wpf.Ui.servoStudio\Views\Dialogs\SheetPickerWindow.cs(109,9): warning IDE0058: 姘歌繙涓嶄細浣跨敤琛ㄨ揪寮忓€?(https://learn.microsoft.com/dotnet/fundamentals/code-analysis/style-rules/ide0058) [C:\UserWorx\VSWorx\ServoStudio\wpfui-servoStudio\samples\Wpf.Ui.servoStudio\servoStudio.csproj]
C:\UserWorx\VSWorx\ServoStudio\wpfui-servoStudio\samples\Wpf.Ui.servoStudio\Views\Dialogs\SheetPickerWindow.cs(110,9): warning IDE0058: 姘歌繙涓嶄細浣跨敤琛ㄨ揪寮忓€?(https://learn.microsoft.com/dotnet/fundamentals/code-analysis/style-rules/ide0058) [C:\UserWorx\VSWorx\ServoStudio\wpfui-servoStudio\samples\Wpf.Ui.servoStudio\servoStudio.csproj]
C:\UserWorx\VSWorx\ServoStudio\wpfui-servoStudio\samples\Wpf.Ui.servoStudio\Views\Dialogs\SheetPickerWindow.cs(112,9): warning IDE0058: 姘歌繙涓嶄細浣跨敤琛ㄨ揪寮忓€?(https://learn.microsoft.com/dotnet/fundamentals/code-analysis/style-rules/ide0058) [C:\UserWorx\VSWorx\ServoStudio\wpfui-servoStudio\samples\Wpf.Ui.servoStudio\servoStudio.csproj]
C:\UserWorx\VSWorx\ServoStudio\wpfui-servoStudio\samples\Wpf.Ui.servoStudio\ViewModels\Motion\MotionProfileViewModel.cs(31,13): warning IDE0011: 鍚?鈥渋f鈥?璇彞娣诲姞澶ф嫭鍙枫€?(https://learn.microsoft.com/dotnet/fundamentals/code-analysis/style-rules/ide0011) [C:\UserWorx\VSWorx\ServoStudio\wpfui-servoStudio\samples\Wpf.Ui.servoStudio\servoStudio.csproj]
C:\UserWorx\VSWorx\ServoStudio\wpfui-servoStudio\samples\Wpf.Ui.servoStudio\ViewModels\Motion\MotionProfileViewModel.cs(33,18): warning IDE0011: 鍚?鈥渋f鈥?璇彞娣诲姞澶ф嫭鍙枫€?(https://learn.microsoft.com/dotnet/fundamentals/code-analysis/style-rules/ide0011) [C:\UserWorx\VSWorx\ServoStudio\wpfui-servoStudio\samples\Wpf.Ui.servoStudio\servoStudio.csproj]
C:\UserWorx\VSWorx\ServoStudio\wpfui-servoStudio\samples\Wpf.Ui.servoStudio\ViewModels\Tuning\AdvancedTuningViewModel.cs(49,44): warning IDE0055: 淇鏍煎紡 (https://learn.microsoft.com/dotnet/fundamentals/code-analysis/style-rules/ide0055) [C:\UserWorx\VSWorx\ServoStudio\wpfui-servoStudio\samples\Wpf.Ui.servoStudio\servoStudio.csproj]
C:\UserWorx\VSWorx\ServoStudio\wpfui-servoStudio\samples\Wpf.Ui.servoStudio\ViewModels\Tuning\AdvancedTuningViewModel.cs(49,46): warning IDE0055: 淇鏍煎紡 (https://learn.microsoft.com/dotnet/fundamentals/code-analysis/style-rules/ide0055) [C:\UserWorx\VSWorx\ServoStudio\wpfui-servoStudio\samples\Wpf.Ui.servoStudio\servoStudio.csproj]
C:\UserWorx\VSWorx\ServoStudio\wpfui-servoStudio\samples\Wpf.Ui.servoStudio\ViewModels\Tuning\AdvancedTuningViewModel.cs(49,68): warning IDE0055: 淇鏍煎紡 (https://learn.microsoft.com/dotnet/fundamentals/code-analysis/style-rules/ide0055) [C:\UserWorx\VSWorx\ServoStudio\wpfui-servoStudio\samples\Wpf.Ui.servoStudio\servoStudio.csproj]
C:\UserWorx\VSWorx\ServoStudio\wpfui-servoStudio\samples\Wpf.Ui.servoStudio\ViewModels\Tuning\AdvancedTuningViewModel.cs(49,76): warning IDE0055: 淇鏍煎紡 (https://learn.microsoft.com/dotnet/fundamentals/code-analysis/style-rules/ide0055) [C:\UserWorx\VSWorx\ServoStudio\wpfui-servoStudio\samples\Wpf.Ui.servoStudio\servoStudio.csproj]
C:\UserWorx\VSWorx\ServoStudio\wpfui-servoStudio\samples\Wpf.Ui.servoStudio\ViewModels\Tuning\AdvancedTuningViewModel.cs(51,45): warning IDE0055: 淇鏍煎紡 (https://learn.microsoft.com/dotnet/fundamentals/code-analysis/style-rules/ide0055) [C:\UserWorx\VSWorx\ServoStudio\wpfui-servoStudio\samples\Wpf.Ui.servoStudio\servoStudio.csproj]
C:\UserWorx\VSWorx\ServoStudio\wpfui-servoStudio\samples\Wpf.Ui.servoStudio\ViewModels\Tuning\AdvancedTuningViewModel.cs(51,47): warning IDE0055: 淇鏍煎紡 (https://learn.microsoft.com/dotnet/fundamentals/code-analysis/style-rules/ide0055) [C:\UserWorx\VSWorx\ServoStudio\wpfui-servoStudio\samples\Wpf.Ui.servoStudio\servoStudio.csproj]
C:\UserWorx\VSWorx\ServoStudio\wpfui-servoStudio\samples\Wpf.Ui.servoStudio\ViewModels\Tuning\AdvancedTuningViewModel.cs(51,95): warning IDE0055: 淇鏍煎紡 (https://learn.microsoft.com/dotnet/fundamentals/code-analysis/style-rules/ide0055) [C:\UserWorx\VSWorx\ServoStudio\wpfui-servoStudio\samples\Wpf.Ui.servoStudio\servoStudio.csproj]
C:\UserWorx\VSWorx\ServoStudio\wpfui-servoStudio\samples\Wpf.Ui.servoStudio\ViewModels\Tuning\AdvancedTuningViewModel.cs(51,108): warning IDE0055: 淇鏍煎紡 (https://learn.microsoft.com/dotnet/fundamentals/code-analysis/style-rules/ide0055) [C:\UserWorx\VSWorx\ServoStudio\wpfui-servoStudio\samples\Wpf.Ui.servoStudio\servoStudio.csproj]
C:\UserWorx\VSWorx\ServoStudio\wpfui-servoStudio\samples\Wpf.Ui.servoStudio\ViewModels\Tuning\AdvancedTuningViewModel.cs(51,121): warning IDE0055: 淇鏍煎紡 (https://learn.microsoft.com/dotnet/fundamentals/code-analysis/style-rules/ide0055) [C:\UserWorx\VSWorx\ServoStudio\wpfui-servoStudio\samples\Wpf.Ui.servoStudio\servoStudio.csproj]
C:\UserWorx\VSWorx\ServoStudio\wpfui-servoStudio\samples\Wpf.Ui.servoStudio\ViewModels\Tuning\AdvancedTuningViewModel.cs(51,135): warning IDE0055: 淇鏍煎紡 (https://learn.microsoft.com/dotnet/fundamentals/code-analysis/style-rules/ide0055) [C:\UserWorx\VSWorx\ServoStudio\wpfui-servoStudio\samples\Wpf.Ui.servoStudio\servoStudio.csproj]
C:\UserWorx\VSWorx\ServoStudio\wpfui-servoStudio\samples\Wpf.Ui.servoStudio\ViewModels\Tuning\AdvancedTuningViewModel.cs(77,44): warning IDE0055: 淇鏍煎紡 (https://learn.microsoft.com/dotnet/fundamentals/code-analysis/style-rules/ide0055) [C:\UserWorx\VSWorx\ServoStudio\wpfui-servoStudio\samples\Wpf.Ui.servoStudio\servoStudio.csproj]
C:\UserWorx\VSWorx\ServoStudio\wpfui-servoStudio\samples\Wpf.Ui.servoStudio\ViewModels\Tuning\AdvancedTuningViewModel.cs(77,46): warning IDE0055: 淇鏍煎紡 (https://learn.microsoft.com/dotnet/fundamentals/code-analysis/style-rules/ide0055) [C:\UserWorx\VSWorx\ServoStudio\wpfui-servoStudio\samples\Wpf.Ui.servoStudio\servoStudio.csproj]
C:\UserWorx\VSWorx\ServoStudio\wpfui-servoStudio\samples\Wpf.Ui.servoStudio\ViewModels\Tuning\AdvancedTuningViewModel.cs(77,68): warning IDE0055: 淇鏍煎紡 (https://learn.microsoft.com/dotnet/fundamentals/code-analysis/style-rules/ide0055) [C:\UserWorx\VSWorx\ServoStudio\wpfui-servoStudio\samples\Wpf.Ui.servoStudio\servoStudio.csproj]
C:\UserWorx\VSWorx\ServoStudio\wpfui-servoStudio\samples\Wpf.Ui.servoStudio\ViewModels\Tuning\AdvancedTuningViewModel.cs(77,76): warning IDE0055: 淇鏍煎紡 (https://learn.microsoft.com/dotnet/fundamentals/code-analysis/style-rules/ide0055) [C:\UserWorx\VSWorx\ServoStudio\wpfui-servoStudio\samples\Wpf.Ui.servoStudio\servoStudio.csproj]
C:\UserWorx\VSWorx\ServoStudio\wpfui-servoStudio\samples\Wpf.Ui.servoStudio\ViewModels\Motion\MotionProfileViewModel.cs(126,9): warning IDE0011: 鍚?鈥渋f鈥?璇彞娣诲姞澶ф嫭鍙枫€?(https://learn.microsoft.com/dotnet/fundamentals/code-analysis/style-rules/ide0011) [C:\UserWorx\VSWorx\ServoStudio\wpfui-servoStudio\samples\Wpf.Ui.servoStudio\servoStudio.csproj]
C:\UserWorx\VSWorx\ServoStudio\wpfui-servoStudio\samples\Wpf.Ui.servoStudio\ViewModels\Motion\MotionProfileViewModel.cs(128,9): warning IDE0011: 鍚?鈥渆lse鈥?璇彞娣诲姞澶ф嫭鍙枫€?(https://learn.microsoft.com/dotnet/fundamentals/code-analysis/style-rules/ide0011) [C:\UserWorx\VSWorx\ServoStudio\wpfui-servoStudio\samples\Wpf.Ui.servoStudio\servoStudio.csproj]
C:\UserWorx\VSWorx\ServoStudio\wpfui-servoStudio\samples\Wpf.Ui.servoStudio\ViewModels\Tuning\AdvancedTuningViewModel.cs(49,77): warning IDE2003: 鍧椾笌鍚庣画璇彞涔嬮棿闇€瑕佹湁绌虹櫧琛?(https://learn.microsoft.com/dotnet/fundamentals/code-analysis/style-rules/ide2003) [C:\UserWorx\VSWorx\ServoStudio\wpfui-servoStudio\samples\Wpf.Ui.servoStudio\servoStudio.csproj]
C:\UserWorx\VSWorx\ServoStudio\wpfui-servoStudio\samples\Wpf.Ui.servoStudio\ViewModels\Tuning\AdvancedTuningViewModel.cs(77,77): warning IDE2003: 鍧椾笌鍚庣画璇彞涔嬮棿闇€瑕佹湁绌虹櫧琛?(https://learn.microsoft.com/dotnet/fundamentals/code-analysis/style-rules/ide2003) [C:\UserWorx\VSWorx\ServoStudio\wpfui-servoStudio\samples\Wpf.Ui.servoStudio\servoStudio.csproj]
C:\UserWorx\VSWorx\ServoStudio\wpfui-servoStudio\samples\Wpf.Ui.servoStudio\ViewModels\Motion\MotionLimitViewModel.cs(409,9): warning IDE0011: 鍚?鈥渋f鈥?璇彞娣诲姞澶ф嫭鍙枫€?(https://learn.microsoft.com/dotnet/fundamentals/code-analysis/style-rules/ide0011) [C:\UserWorx\VSWorx\ServoStudio\wpfui-servoStudio\samples\Wpf.Ui.servoStudio\servoStudio.csproj]
C:\UserWorx\VSWorx\ServoStudio\wpfui-servoStudio\samples\Wpf.Ui.servoStudio\ViewModels\DeviceSet\DeviceAddViewModel.cs(1539,9): warning IDE0011: 鍚?鈥渋f鈥?璇彞娣诲姞澶ф嫭鍙枫€?(https://learn.microsoft.com/dotnet/fundamentals/code-analysis/style-rules/ide0011) [C:\UserWorx\VSWorx\ServoStudio\wpfui-servoStudio\samples\Wpf.Ui.servoStudio\servoStudio.csproj]
C:\UserWorx\VSWorx\ServoStudio\wpfui-servoStudio\samples\Wpf.Ui.servoStudio\ViewModels\DeviceSet\DeviceAddViewModel.cs(1553,9): warning IDE0008: 鐢ㄦ樉寮忕被鍨嬩唬鏇?"var" (https://learn.microsoft.com/dotnet/fundamentals/code-analysis/style-rules/ide0008) [C:\UserWorx\VSWorx\ServoStudio\wpfui-servoStudio\samples\Wpf.Ui.servoStudio\servoStudio.csproj]
C:\UserWorx\VSWorx\ServoStudio\wpfui-servoStudio\samples\Wpf.Ui.servoStudio\ViewModels\DeviceSet\DeviceAddViewModel.cs(1566,17): warning IDE0011: 鍚?鈥渋f鈥?璇彞娣诲姞澶ф嫭鍙枫€?(https://learn.microsoft.com/dotnet/fundamentals/code-analysis/style-rules/ide0011) [C:\UserWorx\VSWorx\ServoStudio\wpfui-servoStudio\samples\Wpf.Ui.servoStudio\servoStudio.csproj]
C:\UserWorx\VSWorx\ServoStudio\wpfui-servoStudio\samples\Wpf.Ui.servoStudio\ViewModels\DeviceSet\DeviceAddViewModel.cs(1567,17): warning IDE0058: 姘歌繙涓嶄細浣跨敤琛ㄨ揪寮忓€?(https://learn.microsoft.com/dotnet/fundamentals/code-analysis/style-rules/ide0058) [C:\UserWorx\VSWorx\ServoStudio\wpfui-servoStudio\samples\Wpf.Ui.servoStudio\servoStudio.csproj]
C:\UserWorx\VSWorx\ServoStudio\wpfui-servoStudio\samples\Wpf.Ui.servoStudio\ViewModels\DeviceSet\DeviceAddViewModel.cs(1579,9): warning IDE0011: 鍚?鈥渋f鈥?璇彞娣诲姞澶ф嫭鍙枫€?(https://learn.microsoft.com/dotnet/fundamentals/code-analysis/style-rules/ide0011) [C:\UserWorx\VSWorx\ServoStudio\wpfui-servoStudio\samples\Wpf.Ui.servoStudio\servoStudio.csproj]
C:\UserWorx\VSWorx\ServoStudio\wpfui-servoStudio\samples\Wpf.Ui.servoStudio\ViewModels\Motion\MotionLimitViewModel.cs(440,9): warning IDE0011: 鍚?鈥渋f鈥?璇彞娣诲姞澶ф嫭鍙枫€?(https://learn.microsoft.com/dotnet/fundamentals/code-analysis/style-rules/ide0011) [C:\UserWorx\VSWorx\ServoStudio\wpfui-servoStudio\samples\Wpf.Ui.servoStudio\servoStudio.csproj]
C:\UserWorx\VSWorx\ServoStudio\wpfui-servoStudio\samples\Wpf.Ui.servoStudio\ViewModels\Motion\MotionLimitViewModel.cs(443,9): warning IDE0011: 鍚?鈥渋f鈥?璇彞娣诲姞澶ф嫭鍙枫€?(https://learn.microsoft.com/dotnet/fundamentals/code-analysis/style-rules/ide0011) [C:\UserWorx\VSWorx\ServoStudio\wpfui-servoStudio\samples\Wpf.Ui.servoStudio\servoStudio.csproj]
C:\UserWorx\VSWorx\ServoStudio\wpfui-servoStudio\samples\Wpf.Ui.servoStudio\ViewModels\Motion\MotionLimitViewModel.cs(445,9): warning IDE0011: 鍚?鈥渋f鈥?璇彞娣诲姞澶ф嫭鍙枫€?(https://learn.microsoft.com/dotnet/fundamentals/code-analysis/style-rules/ide0011) [C:\UserWorx\VSWorx\ServoStudio\wpfui-servoStudio\samples\Wpf.Ui.servoStudio\servoStudio.csproj]
C:\UserWorx\VSWorx\ServoStudio\wpfui-servoStudio\samples\Wpf.Ui.servoStudio\ViewModels\Motion\MotionLimitViewModel.cs(447,9): warning IDE0011: 鍚?鈥渋f鈥?璇彞娣诲姞澶ф嫭鍙枫€?(https://learn.microsoft.com/dotnet/fundamentals/code-analysis/style-rules/ide0011) [C:\UserWorx\VSWorx\ServoStudio\wpfui-servoStudio\samples\Wpf.Ui.servoStudio\servoStudio.csproj]
C:\UserWorx\VSWorx\ServoStudio\wpfui-servoStudio\samples\Wpf.Ui.servoStudio\ViewModels\Motion\MotionLimitViewModel.cs(449,9): warning IDE0011: 鍚?鈥渋f鈥?璇彞娣诲姞澶ф嫭鍙枫€?(https://learn.microsoft.com/dotnet/fundamentals/code-analysis/style-rules/ide0011) [C:\UserWorx\VSWorx\ServoStudio\wpfui-servoStudio\samples\Wpf.Ui.servoStudio\servoStudio.csproj]
C:\UserWorx\VSWorx\ServoStudio\wpfui-servoStudio\samples\Wpf.Ui.servoStudio\ViewModels\Motion\MotionLimitViewModel.cs(452,9): warning IDE0011: 鍚?鈥渋f鈥?璇彞娣诲姞澶ф嫭鍙枫€?(https://learn.microsoft.com/dotnet/fundamentals/code-analysis/style-rules/ide0011) [C:\UserWorx\VSWorx\ServoStudio\wpfui-servoStudio\samples\Wpf.Ui.servoStudio\servoStudio.csproj]
C:\UserWorx\VSWorx\ServoStudio\wpfui-servoStudio\samples\Wpf.Ui.servoStudio\ViewModels\Motion\MotionLimitViewModel.cs(454,9): warning IDE0011: 鍚?鈥渋f鈥?璇彞娣诲姞澶ф嫭鍙枫€?(https://learn.microsoft.com/dotnet/fundamentals/code-analysis/style-rules/ide0011) [C:\UserWorx\VSWorx\ServoStudio\wpfui-servoStudio\samples\Wpf.Ui.servoStudio\servoStudio.csproj]
C:\UserWorx\VSWorx\ServoStudio\wpfui-servoStudio\samples\Wpf.Ui.servoStudio\ViewModels\Motion\MotionLimitViewModel.cs(456,9): warning IDE0011: 鍚?鈥渋f鈥?璇彞娣诲姞澶ф嫭鍙枫€?(https://learn.microsoft.com/dotnet/fundamentals/code-analysis/style-rules/ide0011) [C:\UserWorx\VSWorx\ServoStudio\wpfui-servoStudio\samples\Wpf.Ui.servoStudio\servoStudio.csproj]
C:\UserWorx\VSWorx\ServoStudio\wpfui-servoStudio\samples\Wpf.Ui.servoStudio\ViewModels\Motion\MotionLimitViewModel.cs(458,9): warning IDE0011: 鍚?鈥渋f鈥?璇彞娣诲姞澶ф嫭鍙枫€?(https://learn.microsoft.com/dotnet/fundamentals/code-analysis/style-rules/ide0011) [C:\UserWorx\VSWorx\ServoStudio\wpfui-servoStudio\samples\Wpf.Ui.servoStudio\servoStudio.csproj]
C:\UserWorx\VSWorx\ServoStudio\wpfui-servoStudio\samples\Wpf.Ui.servoStudio\ViewModels\Motion\MotionLimitViewModel.cs(460,9): warning IDE0011: 鍚?鈥渋f鈥?璇彞娣诲姞澶ф嫭鍙枫€?(https://learn.microsoft.com/dotnet/fundamentals/code-analysis/style-rules/ide0011) [C:\UserWorx\VSWorx\ServoStudio\wpfui-servoStudio\samples\Wpf.Ui.servoStudio\servoStudio.csproj]
C:\UserWorx\VSWorx\ServoStudio\wpfui-servoStudio\samples\Wpf.Ui.servoStudio\ViewModels\DeviceSet\DeviceAddViewModel.cs(1581,9): warning IDE0058: 姘歌繙涓嶄細浣跨敤琛ㄨ揪寮忓€?(https://learn.microsoft.com/dotnet/fundamentals/code-analysis/style-rules/ide0058) [C:\UserWorx\VSWorx\ServoStudio\wpfui-servoStudio\samples\Wpf.Ui.servoStudio\servoStudio.csproj]
C:\UserWorx\VSWorx\ServoStudio\wpfui-servoStudio\samples\Wpf.Ui.servoStudio\ViewModels\Motion\MotionLimitViewModel.cs(463,9): warning IDE0011: 鍚?鈥渋f鈥?璇彞娣诲姞澶ф嫭鍙枫€?(https://learn.microsoft.com/dotnet/fundamentals/code-analysis/style-rules/ide0011) [C:\UserWorx\VSWorx\ServoStudio\wpfui-servoStudio\samples\Wpf.Ui.servoStudio\servoStudio.csproj]
C:\UserWorx\VSWorx\ServoStudio\wpfui-servoStudio\samples\Wpf.Ui.servoStudio\ViewModels\Motion\MotionLimitViewModel.cs(465,9): warning IDE0011: 鍚?鈥渋f鈥?璇彞娣诲姞澶ф嫭鍙枫€?(https://learn.microsoft.com/dotnet/fundamentals/code-analysis/style-rules/ide0011) [C:\UserWorx\VSWorx\ServoStudio\wpfui-servoStudio\samples\Wpf.Ui.servoStudio\servoStudio.csproj]
C:\UserWorx\VSWorx\ServoStudio\wpfui-servoStudio\samples\Wpf.Ui.servoStudio\ViewModels\Motion\MotionLimitViewModel.cs(467,9): warning IDE0011: 鍚?鈥渋f鈥?璇彞娣诲姞澶ф嫭鍙枫€?(https://learn.microsoft.com/dotnet/fundamentals/code-analysis/style-rules/ide0011) [C:\UserWorx\VSWorx\ServoStudio\wpfui-servoStudio\samples\Wpf.Ui.servoStudio\servoStudio.csproj]
C:\UserWorx\VSWorx\ServoStudio\wpfui-servoStudio\samples\Wpf.Ui.servoStudio\ViewModels\Motion\MotionLimitViewModel.cs(469,9): warning IDE0011: 鍚?鈥渋f鈥?璇彞娣诲姞澶ф嫭鍙枫€?(https://learn.microsoft.com/dotnet/fundamentals/code-analysis/style-rules/ide0011) [C:\UserWorx\VSWorx\ServoStudio\wpfui-servoStudio\samples\Wpf.Ui.servoStudio\servoStudio.csproj]
C:\UserWorx\VSWorx\ServoStudio\wpfui-servoStudio\samples\Wpf.Ui.servoStudio\ViewModels\Motion\MotionLimitViewModel.cs(472,9): warning IDE0011: 鍚?鈥渋f鈥?璇彞娣诲姞澶ф嫭鍙枫€?(https://learn.microsoft.com/dotnet/fundamentals/code-analysis/style-rules/ide0011) [C:\UserWorx\VSWorx\ServoStudio\wpfui-servoStudio\samples\Wpf.Ui.servoStudio\servoStudio.csproj]
C:\UserWorx\VSWorx\ServoStudio\wpfui-servoStudio\samples\Wpf.Ui.servoStudio\ViewModels\Motion\MotionLimitViewModel.cs(474,9): warning IDE0011: 鍚?鈥渋f鈥?璇彞娣诲姞澶ф嫭鍙枫€?(https://learn.microsoft.com/dotnet/fundamentals/code-analysis/style-rules/ide0011) [C:\UserWorx\VSWorx\ServoStudio\wpfui-servoStudio\samples\Wpf.Ui.servoStudio\servoStudio.csproj]
C:\UserWorx\VSWorx\ServoStudio\wpfui-servoStudio\samples\Wpf.Ui.servoStudio\ViewModels\Motion\MotionLimitViewModel.cs(476,9): warning IDE0011: 鍚?鈥渋f鈥?璇彞娣诲姞澶ф嫭鍙枫€?(https://learn.microsoft.com/dotnet/fundamentals/code-analysis/style-rules/ide0011) [C:\UserWorx\VSWorx\ServoStudio\wpfui-servoStudio\samples\Wpf.Ui.servoStudio\servoStudio.csproj]
C:\UserWorx\VSWorx\ServoStudio\wpfui-servoStudio\samples\Wpf.Ui.servoStudio\ViewModels\Motion\MotionLimitViewModel.cs(478,9): warning IDE0011: 鍚?鈥渋f鈥?璇彞娣诲姞澶ф嫭鍙枫€?(https://learn.microsoft.com/dotnet/fundamentals/code-analysis/style-rules/ide0011) [C:\UserWorx\VSWorx\ServoStudio\wpfui-servoStudio\samples\Wpf.Ui.servoStudio\servoStudio.csproj]
C:\UserWorx\VSWorx\ServoStudio\wpfui-servoStudio\samples\Wpf.Ui.servoStudio\Services\FrameFormatRuntimeService.cs(59,9): warning IDE0011: 鍚?鈥渓ock鈥?璇彞娣诲姞澶ф嫭鍙枫€?(https://learn.microsoft.com/dotnet/fundamentals/code-analysis/style-rules/ide0011) [C:\UserWorx\VSWorx\ServoStudio\wpfui-servoStudio\samples\Wpf.Ui.servoStudio\servoStudio.csproj]
C:\UserWorx\VSWorx\ServoStudio\wpfui-servoStudio\samples\Wpf.Ui.servoStudio\ViewModels\Motion\MotionProfileViewModel.cs(244,9): warning IDE0011: 鍚?鈥渋f鈥?璇彞娣诲姞澶ф嫭鍙枫€?(https://learn.microsoft.com/dotnet/fundamentals/code-analysis/style-rules/ide0011) [C:\UserWorx\VSWorx\ServoStudio\wpfui-servoStudio\samples\Wpf.Ui.servoStudio\servoStudio.csproj]
C:\UserWorx\VSWorx\ServoStudio\wpfui-servoStudio\samples\Wpf.Ui.servoStudio\ViewModels\Motion\MotionProfileViewModel.cs(253,9): warning IDE0011: 鍚?鈥渋f鈥?璇彞娣诲姞澶ф嫭鍙枫€?(https://learn.microsoft.com/dotnet/fundamentals/code-analysis/style-rules/ide0011) [C:\UserWorx\VSWorx\ServoStudio\wpfui-servoStudio\samples\Wpf.Ui.servoStudio\servoStudio.csproj]
C:\UserWorx\VSWorx\ServoStudio\wpfui-servoStudio\samples\Wpf.Ui.servoStudio\ViewModels\Motion\MotionLimitViewModel.cs(537,13): warning IDE0011: 鍚?鈥渋f鈥?璇彞娣诲姞澶ф嫭鍙枫€?(https://learn.microsoft.com/dotnet/fundamentals/code-analysis/style-rules/ide0011) [C:\UserWorx\VSWorx\ServoStudio\wpfui-servoStudio\samples\Wpf.Ui.servoStudio\servoStudio.csproj]
C:\UserWorx\VSWorx\ServoStudio\wpfui-servoStudio\samples\Wpf.Ui.servoStudio\ViewModels\Tuning\MotorIdentificationViewModel.cs(75,45): warning IDE0055: 淇鏍煎紡 (https://learn.microsoft.com/dotnet/fundamentals/code-analysis/style-rules/ide0055) [C:\UserWorx\VSWorx\ServoStudio\wpfui-servoStudio\samples\Wpf.Ui.servoStudio\servoStudio.csproj]
C:\UserWorx\VSWorx\ServoStudio\wpfui-servoStudio\samples\Wpf.Ui.servoStudio\ViewModels\Tuning\MotorIdentificationViewModel.cs(75,47): warning IDE0055: 淇鏍煎紡 (https://learn.microsoft.com/dotnet/fundamentals/code-analysis/style-rules/ide0055) [C:\UserWorx\VSWorx\ServoStudio\wpfui-servoStudio\samples\Wpf.Ui.servoStudio\servoStudio.csproj]
C:\UserWorx\VSWorx\ServoStudio\wpfui-servoStudio\samples\Wpf.Ui.servoStudio\ViewModels\Tuning\MotorIdentificationViewModel.cs(75,52): warning IDE0055: 淇鏍煎紡 (https://learn.microsoft.com/dotnet/fundamentals/code-analysis/style-rules/ide0055) [C:\UserWorx\VSWorx\ServoStudio\wpfui-servoStudio\samples\Wpf.Ui.servoStudio\servoStudio.csproj]
C:\UserWorx\VSWorx\ServoStudio\wpfui-servoStudio\samples\Wpf.Ui.servoStudio\ViewModels\Motion\MotionLimitViewModel.cs(570,13): warning IDE0011: 鍚?鈥渋f鈥?璇彞娣诲姞澶ф嫭鍙枫€?(https://learn.microsoft.com/dotnet/fundamentals/code-analysis/style-rules/ide0011) [C:\UserWorx\VSWorx\ServoStudio\wpfui-servoStudio\samples\Wpf.Ui.servoStudio\servoStudio.csproj]
C:\UserWorx\VSWorx\ServoStudio\wpfui-servoStudio\samples\Wpf.Ui.servoStudio\ViewModels\Hardware\IOViewModel.cs(378,9): warning IDE0011: 鍚?鈥渋f鈥?璇彞娣诲姞澶ф嫭鍙枫€?(https://learn.microsoft.com/dotnet/fundamentals/code-analysis/style-rules/ide0011) [C:\UserWorx\VSWorx\ServoStudio\wpfui-servoStudio\samples\Wpf.Ui.servoStudio\servoStudio.csproj]
C:\UserWorx\VSWorx\ServoStudio\wpfui-servoStudio\samples\Wpf.Ui.servoStudio\ViewModels\Motion\MotionLimitViewModel.cs(589,13): warning IDE0011: 鍚?鈥渋f鈥?璇彞娣诲姞澶ф嫭鍙枫€?(https://learn.microsoft.com/dotnet/fundamentals/code-analysis/style-rules/ide0011) [C:\UserWorx\VSWorx\ServoStudio\wpfui-servoStudio\samples\Wpf.Ui.servoStudio\servoStudio.csproj]
C:\UserWorx\VSWorx\ServoStudio\wpfui-servoStudio\samples\Wpf.Ui.servoStudio\ViewModels\Motion\MotionTypeViewModel.cs(1105,9): warning IDE0011: 鍚?鈥渋f鈥?璇彞娣诲姞澶ф嫭鍙枫€?(https://learn.microsoft.com/dotnet/fundamentals/code-analysis/style-rules/ide0011) [C:\UserWorx\VSWorx\ServoStudio\wpfui-servoStudio\samples\Wpf.Ui.servoStudio\servoStudio.csproj]
C:\UserWorx\VSWorx\ServoStudio\wpfui-servoStudio\samples\Wpf.Ui.servoStudio\ViewModels\Motion\MotionTypeViewModel.cs(1107,9): warning IDE0011: 鍚?鈥渋f鈥?璇彞娣诲姞澶ф嫭鍙枫€?(https://learn.microsoft.com/dotnet/fundamentals/code-analysis/style-rules/ide0011) [C:\UserWorx\VSWorx\ServoStudio\wpfui-servoStudio\samples\Wpf.Ui.servoStudio\servoStudio.csproj]
C:\UserWorx\VSWorx\ServoStudio\wpfui-servoStudio\samples\Wpf.Ui.servoStudio\ViewModels\Motion\MotionTypeViewModel.cs(1109,9): warning IDE0011: 鍚?鈥渋f鈥?璇彞娣诲姞澶ф嫭鍙枫€?(https://learn.microsoft.com/dotnet/fundamentals/code-analysis/style-rules/ide0011) [C:\UserWorx\VSWorx\ServoStudio\wpfui-servoStudio\samples\Wpf.Ui.servoStudio\servoStudio.csproj]
C:\UserWorx\VSWorx\ServoStudio\wpfui-servoStudio\samples\Wpf.Ui.servoStudio\ViewModels\Motion\MotionTypeViewModel.cs(1111,9): warning IDE0011: 鍚?鈥渋f鈥?璇彞娣诲姞澶ф嫭鍙枫€?(https://learn.microsoft.com/dotnet/fundamentals/code-analysis/style-rules/ide0011) [C:\UserWorx\VSWorx\ServoStudio\wpfui-servoStudio\samples\Wpf.Ui.servoStudio\servoStudio.csproj]
C:\UserWorx\VSWorx\ServoStudio\wpfui-servoStudio\samples\Wpf.Ui.servoStudio\ViewModels\Motion\MotionTypeViewModel.cs(1113,9): warning IDE0011: 鍚?鈥渋f鈥?璇彞娣诲姞澶ф嫭鍙枫€?(https://learn.microsoft.com/dotnet/fundamentals/code-analysis/style-rules/ide0011) [C:\UserWorx\VSWorx\ServoStudio\wpfui-servoStudio\samples\Wpf.Ui.servoStudio\servoStudio.csproj]
C:\UserWorx\VSWorx\ServoStudio\wpfui-servoStudio\samples\Wpf.Ui.servoStudio\ViewModels\ViewModel.cs(144,30): warning IDE0055: 淇鏍煎紡 (https://learn.microsoft.com/dotnet/fundamentals/code-analysis/style-rules/ide0055) [C:\UserWorx\VSWorx\ServoStudio\wpfui-servoStudio\samples\Wpf.Ui.servoStudio\servoStudio.csproj]
C:\UserWorx\VSWorx\ServoStudio\wpfui-servoStudio\samples\Wpf.Ui.servoStudio\ViewModels\ViewModel.cs(145,55): warning IDE0055: 淇鏍煎紡 (https://learn.microsoft.com/dotnet/fundamentals/code-analysis/style-rules/ide0055) [C:\UserWorx\VSWorx\ServoStudio\wpfui-servoStudio\samples\Wpf.Ui.servoStudio\servoStudio.csproj]
C:\UserWorx\VSWorx\ServoStudio\wpfui-servoStudio\samples\Wpf.Ui.servoStudio\ViewModels\ViewModel.cs(241,40): warning IDE0055: 淇鏍煎紡 (https://learn.microsoft.com/dotnet/fundamentals/code-analysis/style-rules/ide0055) [C:\UserWorx\VSWorx\ServoStudio\wpfui-servoStudio\samples\Wpf.Ui.servoStudio\servoStudio.csproj]
C:\UserWorx\VSWorx\ServoStudio\wpfui-servoStudio\samples\Wpf.Ui.servoStudio\ViewModels\ViewModel.cs(241,42): warning IDE0055: 淇鏍煎紡 (https://learn.microsoft.com/dotnet/fundamentals/code-analysis/style-rules/ide0055) [C:\UserWorx\VSWorx\ServoStudio\wpfui-servoStudio\samples\Wpf.Ui.servoStudio\servoStudio.csproj]
C:\UserWorx\VSWorx\ServoStudio\wpfui-servoStudio\samples\Wpf.Ui.servoStudio\ViewModels\ViewModel.cs(255,42): warning IDE0055: 淇鏍煎紡 (https://learn.microsoft.com/dotnet/fundamentals/code-analysis/style-rules/ide0055) [C:\UserWorx\VSWorx\ServoStudio\wpfui-servoStudio\samples\Wpf.Ui.servoStudio\servoStudio.csproj]
C:\UserWorx\VSWorx\ServoStudio\wpfui-servoStudio\samples\Wpf.Ui.servoStudio\ViewModels\ViewModel.cs(255,44): warning IDE0055: 淇鏍煎紡 (https://learn.microsoft.com/dotnet/fundamentals/code-analysis/style-rules/ide0055) [C:\UserWorx\VSWorx\ServoStudio\wpfui-servoStudio\samples\Wpf.Ui.servoStudio\servoStudio.csproj]
C:\UserWorx\VSWorx\ServoStudio\wpfui-servoStudio\samples\Wpf.Ui.servoStudio\ViewModels\Motion\MotionTypeViewModel.cs(1121,9): warning IDE0011: 鍚?鈥渋f鈥?璇彞娣诲姞澶ф嫭鍙枫€?(https://learn.microsoft.com/dotnet/fundamentals/code-analysis/style-rules/ide0011) [C:\UserWorx\VSWorx\ServoStudio\wpfui-servoStudio\samples\Wpf.Ui.servoStudio\servoStudio.csproj]
C:\UserWorx\VSWorx\ServoStudio\wpfui-servoStudio\samples\Wpf.Ui.servoStudio\Services\FrameFormatRuntimeService.cs(81,9): warning IDE0011: 鍚?鈥渓ock鈥?璇彞娣诲姞澶ф嫭鍙枫€?(https://learn.microsoft.com/dotnet/fundamentals/code-analysis/style-rules/ide0011) [C:\UserWorx\VSWorx\ServoStudio\wpfui-servoStudio\samples\Wpf.Ui.servoStudio\servoStudio.csproj]
C:\UserWorx\VSWorx\ServoStudio\wpfui-servoStudio\samples\Wpf.Ui.servoStudio\Services\FrameFormatRuntimeService.cs(85,9): warning IDE0011: 鍚?鈥渓ock鈥?璇彞娣诲姞澶ф嫭鍙枫€?(https://learn.microsoft.com/dotnet/fundamentals/code-analysis/style-rules/ide0011) [C:\UserWorx\VSWorx\ServoStudio\wpfui-servoStudio\samples\Wpf.Ui.servoStudio\servoStudio.csproj]
C:\UserWorx\VSWorx\ServoStudio\wpfui-servoStudio\samples\Wpf.Ui.servoStudio\ViewModels\Motion\MotionTypeViewModel.cs(1129,9): warning IDE0011: 鍚?鈥渋f鈥?璇彞娣诲姞澶ф嫭鍙枫€?(https://learn.microsoft.com/dotnet/fundamentals/code-analysis/style-rules/ide0011) [C:\UserWorx\VSWorx\ServoStudio\wpfui-servoStudio\samples\Wpf.Ui.servoStudio\servoStudio.csproj]
C:\UserWorx\VSWorx\ServoStudio\wpfui-servoStudio\samples\Wpf.Ui.servoStudio\ViewModels\Motion\MotionTypeViewModel.cs(1131,9): warning IDE0011: 鍚?鈥渋f鈥?璇彞娣诲姞澶ф嫭鍙枫€?(https://learn.microsoft.com/dotnet/fundamentals/code-analysis/style-rules/ide0011) [C:\UserWorx\VSWorx\ServoStudio\wpfui-servoStudio\samples\Wpf.Ui.servoStudio\servoStudio.csproj]
C:\UserWorx\VSWorx\ServoStudio\wpfui-servoStudio\samples\Wpf.Ui.servoStudio\ViewModels\Motion\MotionTypeViewModel.cs(1133,9): warning IDE0011: 鍚?鈥渋f鈥?璇彞娣诲姞澶ф嫭鍙枫€?(https://learn.microsoft.com/dotnet/fundamentals/code-analysis/style-rules/ide0011) [C:\UserWorx\VSWorx\ServoStudio\wpfui-servoStudio\samples\Wpf.Ui.servoStudio\servoStudio.csproj]
C:\UserWorx\VSWorx\ServoStudio\wpfui-servoStudio\samples\Wpf.Ui.servoStudio\ViewModels\Motion\MotionTypeViewModel.cs(1135,9): warning IDE0011: 鍚?鈥渋f鈥?璇彞娣诲姞澶ф嫭鍙枫€?(https://learn.microsoft.com/dotnet/fundamentals/code-analysis/style-rules/ide0011) [C:\UserWorx\VSWorx\ServoStudio\wpfui-servoStudio\samples\Wpf.Ui.servoStudio\servoStudio.csproj]
C:\UserWorx\VSWorx\ServoStudio\wpfui-servoStudio\samples\Wpf.Ui.servoStudio\ViewModels\DeviceSet\DeviceAddViewModel.cs(1586,9): warning IDE0011: 鍚?鈥渋f鈥?璇彞娣诲姞澶ф嫭鍙枫€?(https://learn.microsoft.com/dotnet/fundamentals/code-analysis/style-rules/ide0011) [C:\UserWorx\VSWorx\ServoStudio\wpfui-servoStudio\samples\Wpf.Ui.servoStudio\servoStudio.csproj]
C:\UserWorx\VSWorx\ServoStudio\wpfui-servoStudio\samples\Wpf.Ui.servoStudio\ViewModels\DeviceSet\DeviceAddViewModel.cs(1588,9): warning IDE0011: 鍚?鈥渋f鈥?璇彞娣诲姞澶ф嫭鍙枫€?(https://learn.microsoft.com/dotnet/fundamentals/code-analysis/style-rules/ide0011) [C:\UserWorx\VSWorx\ServoStudio\wpfui-servoStudio\samples\Wpf.Ui.servoStudio\servoStudio.csproj]
C:\UserWorx\VSWorx\ServoStudio\wpfui-servoStudio\samples\Wpf.Ui.servoStudio\ViewModels\DeviceSet\DeviceAddViewModel.cs(1610,17): warning IDE0011: 鍚?鈥渋f鈥?璇彞娣诲姞澶ф嫭鍙枫€?(https://learn.microsoft.com/dotnet/fundamentals/code-analysis/style-rules/ide0011) [C:\UserWorx\VSWorx\ServoStudio\wpfui-servoStudio\samples\Wpf.Ui.servoStudio\servoStudio.csproj]
C:\UserWorx\VSWorx\ServoStudio\wpfui-servoStudio\samples\Wpf.Ui.servoStudio\ViewModels\DeviceSet\DeviceAddViewModel.cs(1621,13): warning IDE0011: 鍚?鈥渋f鈥?璇彞娣诲姞澶ф嫭鍙枫€?(https://learn.microsoft.com/dotnet/fundamentals/code-analysis/style-rules/ide0011) [C:\UserWorx\VSWorx\ServoStudio\wpfui-servoStudio\samples\Wpf.Ui.servoStudio\servoStudio.csproj]
C:\UserWorx\VSWorx\ServoStudio\wpfui-servoStudio\samples\Wpf.Ui.servoStudio\ViewModels\DeviceSet\DeviceAddViewModel.cs(1641,13): warning IDE0011: 鍚?鈥渋f鈥?璇彞娣诲姞澶ф嫭鍙枫€?(https://learn.microsoft.com/dotnet/fundamentals/code-analysis/style-rules/ide0011) [C:\UserWorx\VSWorx\ServoStudio\wpfui-servoStudio\samples\Wpf.Ui.servoStudio\servoStudio.csproj]
C:\UserWorx\VSWorx\ServoStudio\wpfui-servoStudio\samples\Wpf.Ui.servoStudio\ViewModels\DeviceSet\DeviceAddViewModel.cs(1595,13): warning IDE0008: 鐢ㄦ樉寮忕被鍨嬩唬鏇?"var" (https://learn.microsoft.com/dotnet/fundamentals/code-analysis/style-rules/ide0008) [C:\UserWorx\VSWorx\ServoStudio\wpfui-servoStudio\samples\Wpf.Ui.servoStudio\servoStudio.csproj]
C:\UserWorx\VSWorx\ServoStudio\wpfui-servoStudio\samples\Wpf.Ui.servoStudio\Views\Dialogs\SheetPickerWindow.cs(120,9): warning IDE2003: 鍧椾笌鍚庣画璇彞涔嬮棿闇€瑕佹湁绌虹櫧琛?(https://learn.microsoft.com/dotnet/fundamentals/code-analysis/style-rules/ide2003) [C:\UserWorx\VSWorx\ServoStudio\wpfui-servoStudio\samples\Wpf.Ui.servoStudio\servoStudio.csproj]
C:\UserWorx\VSWorx\ServoStudio\wpfui-servoStudio\samples\Wpf.Ui.servoStudio\ViewModels\Motion\MotionTypeViewModel.cs(1143,9): warning IDE0011: 鍚?鈥渋f鈥?璇彞娣诲姞澶ф嫭鍙枫€?(https://learn.microsoft.com/dotnet/fundamentals/code-analysis/style-rules/ide0011) [C:\UserWorx\VSWorx\ServoStudio\wpfui-servoStudio\samples\Wpf.Ui.servoStudio\servoStudio.csproj]
C:\UserWorx\VSWorx\ServoStudio\wpfui-servoStudio\samples\Wpf.Ui.servoStudio\ViewModels\Motion\MotionTypeViewModel.cs(1145,9): warning IDE0011: 鍚?鈥渋f鈥?璇彞娣诲姞澶ф嫭鍙枫€?(https://learn.microsoft.com/dotnet/fundamentals/code-analysis/style-rules/ide0011) [C:\UserWorx\VSWorx\ServoStudio\wpfui-servoStudio\samples\Wpf.Ui.servoStudio\servoStudio.csproj]
C:\UserWorx\VSWorx\ServoStudio\wpfui-servoStudio\samples\Wpf.Ui.servoStudio\ViewModels\Motion\MotionTypeViewModel.cs(1147,9): warning IDE0011: 鍚?鈥渋f鈥?璇彞娣诲姞澶ф嫭鍙枫€?(https://learn.microsoft.com/dotnet/fundamentals/code-analysis/style-rules/ide0011) [C:\UserWorx\VSWorx\ServoStudio\wpfui-servoStudio\samples\Wpf.Ui.servoStudio\servoStudio.csproj]
C:\UserWorx\VSWorx\ServoStudio\wpfui-servoStudio\samples\Wpf.Ui.servoStudio\ViewModels\Hardware\ControllerViewModel.cs(216,9): warning IDE0011: 鍚?鈥渋f鈥?璇彞娣诲姞澶ф嫭鍙枫€?(https://learn.microsoft.com/dotnet/fundamentals/code-analysis/style-rules/ide0011) [C:\UserWorx\VSWorx\ServoStudio\wpfui-servoStudio\samples\Wpf.Ui.servoStudio\servoStudio.csproj]
C:\UserWorx\VSWorx\ServoStudio\wpfui-servoStudio\samples\Wpf.Ui.servoStudio\ViewModels\DeviceSet\DeviceAddViewModel.cs(1648,13): warning IDE0058: 姘歌繙涓嶄細浣跨敤琛ㄨ揪寮忓€?(https://learn.microsoft.com/dotnet/fundamentals/code-analysis/style-rules/ide0058) [C:\UserWorx\VSWorx\ServoStudio\wpfui-servoStudio\samples\Wpf.Ui.servoStudio\servoStudio.csproj]
C:\UserWorx\VSWorx\ServoStudio\wpfui-servoStudio\samples\Wpf.Ui.servoStudio\ViewModels\Motion\MotionTypeViewModel.cs(1160,9): warning IDE0011: 鍚?鈥渋f鈥?璇彞娣诲姞澶ф嫭鍙枫€?(https://learn.microsoft.com/dotnet/fundamentals/code-analysis/style-rules/ide0011) [C:\UserWorx\VSWorx\ServoStudio\wpfui-servoStudio\samples\Wpf.Ui.servoStudio\servoStudio.csproj]
C:\UserWorx\VSWorx\ServoStudio\wpfui-servoStudio\samples\Wpf.Ui.servoStudio\ViewModels\Motion\MotionTypeViewModel.cs(1162,9): warning IDE0011: 鍚?鈥渋f鈥?璇彞娣诲姞澶ф嫭鍙枫€?(https://learn.microsoft.com/dotnet/fundamentals/code-analysis/style-rules/ide0011) [C:\UserWorx\VSWorx\ServoStudio\wpfui-servoStudio\samples\Wpf.Ui.servoStudio\servoStudio.csproj]
C:\UserWorx\VSWorx\ServoStudio\wpfui-servoStudio\samples\Wpf.Ui.servoStudio\ViewModels\Motion\MotionTypeViewModel.cs(1164,9): warning IDE0011: 鍚?鈥渋f鈥?璇彞娣诲姞澶ф嫭鍙枫€?(https://learn.microsoft.com/dotnet/fundamentals/code-analysis/style-rules/ide0011) [C:\UserWorx\VSWorx\ServoStudio\wpfui-servoStudio\samples\Wpf.Ui.servoStudio\servoStudio.csproj]
C:\UserWorx\VSWorx\ServoStudio\wpfui-servoStudio\samples\Wpf.Ui.servoStudio\ViewModels\Motion\MotionTypeViewModel.cs(1166,9): warning IDE0011: 鍚?鈥渋f鈥?璇彞娣诲姞澶ф嫭鍙枫€?(https://learn.microsoft.com/dotnet/fundamentals/code-analysis/style-rules/ide0011) [C:\UserWorx\VSWorx\ServoStudio\wpfui-servoStudio\samples\Wpf.Ui.servoStudio\servoStudio.csproj]
C:\UserWorx\VSWorx\ServoStudio\wpfui-servoStudio\samples\Wpf.Ui.servoStudio\Views\MainWindow.xaml.cs(24,52): warning IDE0055: 淇鏍煎紡 (https://learn.microsoft.com/dotnet/fundamentals/code-analysis/style-rules/ide0055) [C:\UserWorx\VSWorx\ServoStudio\wpfui-servoStudio\samples\Wpf.Ui.servoStudio\servoStudio.csproj]
C:\UserWorx\VSWorx\ServoStudio\wpfui-servoStudio\samples\Wpf.Ui.servoStudio\Views\MainWindow.xaml.cs(24,54): warning IDE0055: 淇鏍煎紡 (https://learn.microsoft.com/dotnet/fundamentals/code-analysis/style-rules/ide0055) [C:\UserWorx\VSWorx\ServoStudio\wpfui-servoStudio\samples\Wpf.Ui.servoStudio\servoStudio.csproj]
C:\UserWorx\VSWorx\ServoStudio\wpfui-servoStudio\samples\Wpf.Ui.servoStudio\Views\MainWindow.xaml.cs(24,59): warning IDE0055: 淇鏍煎紡 (https://learn.microsoft.com/dotnet/fundamentals/code-analysis/style-rules/ide0055) [C:\UserWorx\VSWorx\ServoStudio\wpfui-servoStudio\samples\Wpf.Ui.servoStudio\servoStudio.csproj]
C:\UserWorx\VSWorx\ServoStudio\wpfui-servoStudio\samples\Wpf.Ui.servoStudio\ViewModels\DeviceSet\DeviceAddViewModel.cs(1662,9): warning IDE0008: 鐢ㄦ樉寮忕被鍨嬩唬鏇?"var" (https://learn.microsoft.com/dotnet/fundamentals/code-analysis/style-rules/ide0008) [C:\UserWorx\VSWorx\ServoStudio\wpfui-servoStudio\samples\Wpf.Ui.servoStudio\servoStudio.csproj]
C:\UserWorx\VSWorx\ServoStudio\wpfui-servoStudio\samples\Wpf.Ui.servoStudio\ViewModels\Motion\MotionTypeViewModel.cs(1174,9): warning IDE0011: 鍚?鈥渋f鈥?璇彞娣诲姞澶ф嫭鍙枫€?(https://learn.microsoft.com/dotnet/fundamentals/code-analysis/style-rules/ide0011) [C:\UserWorx\VSWorx\ServoStudio\wpfui-servoStudio\samples\Wpf.Ui.servoStudio\servoStudio.csproj]
C:\UserWorx\VSWorx\ServoStudio\wpfui-servoStudio\samples\Wpf.Ui.servoStudio\Views\Pages\AppDataPages\AppLogPage.xaml.cs(28,37): warning IDE0055: 淇鏍煎紡 (https://learn.microsoft.com/dotnet/fundamentals/code-analysis/style-rules/ide0055) [C:\UserWorx\VSWorx\ServoStudio\wpfui-servoStudio\samples\Wpf.Ui.servoStudio\servoStudio.csproj]
C:\UserWorx\VSWorx\ServoStudio\wpfui-servoStudio\samples\Wpf.Ui.servoStudio\Views\Pages\AppDataPages\AppLogPage.xaml.cs(28,39): warning IDE0055: 淇鏍煎紡 (https://learn.microsoft.com/dotnet/fundamentals/code-analysis/style-rules/ide0055) [C:\UserWorx\VSWorx\ServoStudio\wpfui-servoStudio\samples\Wpf.Ui.servoStudio\servoStudio.csproj]
C:\UserWorx\VSWorx\ServoStudio\wpfui-servoStudio\samples\Wpf.Ui.servoStudio\Views\Pages\AppDataPages\AppLogPage.xaml.cs(28,44): warning IDE0055: 淇鏍煎紡 (https://learn.microsoft.com/dotnet/fundamentals/code-analysis/style-rules/ide0055) [C:\UserWorx\VSWorx\ServoStudio\wpfui-servoStudio\samples\Wpf.Ui.servoStudio\servoStudio.csproj]
C:\UserWorx\VSWorx\ServoStudio\wpfui-servoStudio\samples\Wpf.Ui.servoStudio\ViewModels\Hardware\IOViewModel.cs(444,9): warning IDE0011: 鍚?鈥渋f鈥?璇彞娣诲姞澶ф嫭鍙枫€?(https://learn.microsoft.com/dotnet/fundamentals/code-analysis/style-rules/ide0011) [C:\UserWorx\VSWorx\ServoStudio\wpfui-servoStudio\samples\Wpf.Ui.servoStudio\servoStudio.csproj]
C:\UserWorx\VSWorx\ServoStudio\wpfui-servoStudio\samples\Wpf.Ui.servoStudio\ViewModels\DeviceSet\DeviceAddViewModel.cs(1675,17): warning IDE0011: 鍚?鈥渋f鈥?璇彞娣诲姞澶ф嫭鍙枫€?(https://learn.microsoft.com/dotnet/fundamentals/code-analysis/style-rules/ide0011) [C:\UserWorx\VSWorx\ServoStudio\wpfui-servoStudio\samples\Wpf.Ui.servoStudio\servoStudio.csproj]
C:\UserWorx\VSWorx\ServoStudio\wpfui-servoStudio\samples\Wpf.Ui.servoStudio\Views\Pages\AppDataPages\DataSavePage.xaml.cs(14,39): warning IDE0055: 淇鏍煎紡 (https://learn.microsoft.com/dotnet/fundamentals/code-analysis/style-rules/ide0055) [C:\UserWorx\VSWorx\ServoStudio\wpfui-servoStudio\samples\Wpf.Ui.servoStudio\servoStudio.csproj]
C:\UserWorx\VSWorx\ServoStudio\wpfui-servoStudio\samples\Wpf.Ui.servoStudio\Views\Pages\AppDataPages\DataSavePage.xaml.cs(14,41): warning IDE0055: 淇鏍煎紡 (https://learn.microsoft.com/dotnet/fundamentals/code-analysis/style-rules/ide0055) [C:\UserWorx\VSWorx\ServoStudio\wpfui-servoStudio\samples\Wpf.Ui.servoStudio\servoStudio.csproj]
C:\UserWorx\VSWorx\ServoStudio\wpfui-servoStudio\samples\Wpf.Ui.servoStudio\Views\Pages\AppDataPages\DataSavePage.xaml.cs(14,46): warning IDE0055: 淇鏍煎紡 (https://learn.microsoft.com/dotnet/fundamentals/code-analysis/style-rules/ide0055) [C:\UserWorx\VSWorx\ServoStudio\wpfui-servoStudio\samples\Wpf.Ui.servoStudio\servoStudio.csproj]
C:\UserWorx\VSWorx\ServoStudio\wpfui-servoStudio\samples\Wpf.Ui.servoStudio\ViewModels\DeviceSet\DeviceAddViewModel.cs(1676,17): warning IDE0058: 姘歌繙涓嶄細浣跨敤琛ㄨ揪寮忓€?(https://learn.microsoft.com/dotnet/fundamentals/code-analysis/style-rules/ide0058) [C:\UserWorx\VSWorx\ServoStudio\wpfui-servoStudio\samples\Wpf.Ui.servoStudio\servoStudio.csproj]
C:\UserWorx\VSWorx\ServoStudio\wpfui-servoStudio\samples\Wpf.Ui.servoStudio\ViewModels\DeviceSet\DeviceAddViewModel.cs(1688,9): warning IDE0011: 鍚?鈥渋f鈥?璇彞娣诲姞澶ф嫭鍙枫€?(https://learn.microsoft.com/dotnet/fundamentals/code-analysis/style-rules/ide0011) [C:\UserWorx\VSWorx\ServoStudio\wpfui-servoStudio\samples\Wpf.Ui.servoStudio\servoStudio.csproj]
C:\UserWorx\VSWorx\ServoStudio\wpfui-servoStudio\samples\Wpf.Ui.servoStudio\ViewModels\DeviceSet\DeviceAddViewModel.cs(1690,9): warning IDE0058: 姘歌繙涓嶄細浣跨敤琛ㄨ揪寮忓€?(https://learn.microsoft.com/dotnet/fundamentals/code-analysis/style-rules/ide0058) [C:\UserWorx\VSWorx\ServoStudio\wpfui-servoStudio\samples\Wpf.Ui.servoStudio\servoStudio.csproj]
C:\UserWorx\VSWorx\ServoStudio\wpfui-servoStudio\samples\Wpf.Ui.servoStudio\ViewModels\Motion\MotionProfileViewModel.cs(180,13): warning IDE0059: 涓嶉渶瑕佸 "dConst" 璧嬪€?(https://learn.microsoft.com/dotnet/fundamentals/code-analysis/style-rules/ide0059) [C:\UserWorx\VSWorx\ServoStudio\wpfui-servoStudio\samples\Wpf.Ui.servoStudio\servoStudio.csproj]
C:\UserWorx\VSWorx\ServoStudio\wpfui-servoStudio\samples\Wpf.Ui.servoStudio\Views\Pages\AppDataPages\DataViewPage.xaml.cs(23,39): warning IDE0055: 淇鏍煎紡 (https://learn.microsoft.com/dotnet/fundamentals/code-analysis/style-rules/ide0055) [C:\UserWorx\VSWorx\ServoStudio\wpfui-servoStudio\samples\Wpf.Ui.servoStudio\servoStudio.csproj]
C:\UserWorx\VSWorx\ServoStudio\wpfui-servoStudio\samples\Wpf.Ui.servoStudio\Views\Pages\AppDataPages\DataViewPage.xaml.cs(23,41): warning IDE0055: 淇鏍煎紡 (https://learn.microsoft.com/dotnet/fundamentals/code-analysis/style-rules/ide0055) [C:\UserWorx\VSWorx\ServoStudio\wpfui-servoStudio\samples\Wpf.Ui.servoStudio\servoStudio.csproj]
C:\UserWorx\VSWorx\ServoStudio\wpfui-servoStudio\samples\Wpf.Ui.servoStudio\Views\Pages\AppDataPages\DataViewPage.xaml.cs(23,46): warning IDE0055: 淇鏍煎紡 (https://learn.microsoft.com/dotnet/fundamentals/code-analysis/style-rules/ide0055) [C:\UserWorx\VSWorx\ServoStudio\wpfui-servoStudio\samples\Wpf.Ui.servoStudio\servoStudio.csproj]
C:\UserWorx\VSWorx\ServoStudio\wpfui-servoStudio\samples\Wpf.Ui.servoStudio\Views\Pages\AppDataPages\DataViewPage.xaml.cs(312,5): warning IDE0055: 淇鏍煎紡 (https://learn.microsoft.com/dotnet/fundamentals/code-analysis/style-rules/ide0055) [C:\UserWorx\VSWorx\ServoStudio\wpfui-servoStudio\samples\Wpf.Ui.servoStudio\servoStudio.csproj]
C:\UserWorx\VSWorx\ServoStudio\wpfui-servoStudio\samples\Wpf.Ui.servoStudio\Views\Pages\AppDataPages\DataViewPage.xaml.cs(136,9): warning IDE2003: 鍧椾笌鍚庣画璇彞涔嬮棿闇€瑕佹湁绌虹櫧琛?(https://learn.microsoft.com/dotnet/fundamentals/code-analysis/style-rules/ide2003) [C:\UserWorx\VSWorx\ServoStudio\wpfui-servoStudio\samples\Wpf.Ui.servoStudio\servoStudio.csproj]
C:\UserWorx\VSWorx\ServoStudio\wpfui-servoStudio\samples\Wpf.Ui.servoStudio\Views\Pages\AppDataPages\DataViewPage.xaml.cs(146,9): warning IDE2003: 鍧椾笌鍚庣画璇彞涔嬮棿闇€瑕佹湁绌虹櫧琛?(https://learn.microsoft.com/dotnet/fundamentals/code-analysis/style-rules/ide2003) [C:\UserWorx\VSWorx\ServoStudio\wpfui-servoStudio\samples\Wpf.Ui.servoStudio\servoStudio.csproj]
C:\UserWorx\VSWorx\ServoStudio\wpfui-servoStudio\samples\Wpf.Ui.servoStudio\Views\Pages\AppDataPages\DataViewPage.xaml.cs(176,9): warning IDE2003: 鍧椾笌鍚庣画璇彞涔嬮棿闇€瑕佹湁绌虹櫧琛?(https://learn.microsoft.com/dotnet/fundamentals/code-analysis/style-rules/ide2003) [C:\UserWorx\VSWorx\ServoStudio\wpfui-servoStudio\samples\Wpf.Ui.servoStudio\servoStudio.csproj]
C:\UserWorx\VSWorx\ServoStudio\wpfui-servoStudio\samples\Wpf.Ui.servoStudio\Views\Pages\AppDataPages\DataViewPage.xaml.cs(181,9): warning IDE2003: 鍧椾笌鍚庣画璇彞涔嬮棿闇€瑕佹湁绌虹櫧琛?(https://learn.microsoft.com/dotnet/fundamentals/code-analysis/style-rules/ide2003) [C:\UserWorx\VSWorx\ServoStudio\wpfui-servoStudio\samples\Wpf.Ui.servoStudio\servoStudio.csproj]
C:\UserWorx\VSWorx\ServoStudio\wpfui-servoStudio\samples\Wpf.Ui.servoStudio\Views\Pages\AppDataPages\DataViewPage.xaml.cs(187,9): warning IDE2003: 鍧椾笌鍚庣画璇彞涔嬮棿闇€瑕佹湁绌虹櫧琛?(https://learn.microsoft.com/dotnet/fundamentals/code-analysis/style-rules/ide2003) [C:\UserWorx\VSWorx\ServoStudio\wpfui-servoStudio\samples\Wpf.Ui.servoStudio\servoStudio.csproj]
C:\UserWorx\VSWorx\ServoStudio\wpfui-servoStudio\samples\Wpf.Ui.servoStudio\Views\Pages\AppDataPages\DataViewPage.xaml.cs(216,17): warning IDE2003: 鍧椾笌鍚庣画璇彞涔嬮棿闇€瑕佹湁绌虹櫧琛?(https://learn.microsoft.com/dotnet/fundamentals/code-analysis/style-rules/ide2003) [C:\UserWorx\VSWorx\ServoStudio\wpfui-servoStudio\samples\Wpf.Ui.servoStudio\servoStudio.csproj]
C:\UserWorx\VSWorx\ServoStudio\wpfui-servoStudio\samples\Wpf.Ui.servoStudio\Views\Pages\AppDataPages\DataViewPage.xaml.cs(237,13): warning IDE2003: 鍧椾笌鍚庣画璇彞涔嬮棿闇€瑕佹湁绌虹櫧琛?(https://learn.microsoft.com/dotnet/fundamentals/code-analysis/style-rules/ide2003) [C:\UserWorx\VSWorx\ServoStudio\wpfui-servoStudio\samples\Wpf.Ui.servoStudio\servoStudio.csproj]
C:\UserWorx\VSWorx\ServoStudio\wpfui-servoStudio\samples\Wpf.Ui.servoStudio\Views\Pages\AppDataPages\DataViewPage.xaml.cs(247,13): warning IDE2003: 鍧椾笌鍚庣画璇彞涔嬮棿闇€瑕佹湁绌虹櫧琛?(https://learn.microsoft.com/dotnet/fundamentals/code-analysis/style-rules/ide2003) [C:\UserWorx\VSWorx\ServoStudio\wpfui-servoStudio\samples\Wpf.Ui.servoStudio\servoStudio.csproj]
C:\UserWorx\VSWorx\ServoStudio\wpfui-servoStudio\samples\Wpf.Ui.servoStudio\Views\Pages\AppDataPages\DataViewPage.xaml.cs(251,13): warning IDE2003: 鍧椾笌鍚庣画璇彞涔嬮棿闇€瑕佹湁绌虹櫧琛?(https://learn.microsoft.com/dotnet/fundamentals/code-analysis/style-rules/ide2003) [C:\UserWorx\VSWorx\ServoStudio\wpfui-servoStudio\samples\Wpf.Ui.servoStudio\servoStudio.csproj]
C:\UserWorx\VSWorx\ServoStudio\wpfui-servoStudio\samples\Wpf.Ui.servoStudio\Views\Pages\AppDataPages\DataViewPage.xaml.cs(267,9): warning IDE2003: 鍧椾笌鍚庣画璇彞涔嬮棿闇€瑕佹湁绌虹櫧琛?(https://learn.microsoft.com/dotnet/fundamentals/code-analysis/style-rules/ide2003) [C:\UserWorx\VSWorx\ServoStudio\wpfui-servoStudio\samples\Wpf.Ui.servoStudio\servoStudio.csproj]
C:\UserWorx\VSWorx\ServoStudio\wpfui-servoStudio\samples\Wpf.Ui.servoStudio\Views\Pages\AppDataPages\DataViewPage.xaml.cs(302,9): warning IDE2003: 鍧椾笌鍚庣画璇彞涔嬮棿闇€瑕佹湁绌虹櫧琛?(https://learn.microsoft.com/dotnet/fundamentals/code-analysis/style-rules/ide2003) [C:\UserWorx\VSWorx\ServoStudio\wpfui-servoStudio\samples\Wpf.Ui.servoStudio\servoStudio.csproj]
C:\UserWorx\VSWorx\ServoStudio\wpfui-servoStudio\samples\Wpf.Ui.servoStudio\Views\Pages\AppDataPages\DataViewPage.xaml.cs(306,9): warning IDE2003: 鍧椾笌鍚庣画璇彞涔嬮棿闇€瑕佹湁绌虹櫧琛?(https://learn.microsoft.com/dotnet/fundamentals/code-analysis/style-rules/ide2003) [C:\UserWorx\VSWorx\ServoStudio\wpfui-servoStudio\samples\Wpf.Ui.servoStudio\servoStudio.csproj]
C:\UserWorx\VSWorx\ServoStudio\wpfui-servoStudio\samples\Wpf.Ui.servoStudio\Views\Pages\AppDataPages\DataViewPage.xaml.cs(601,9): warning IDE2003: 鍧椾笌鍚庣画璇彞涔嬮棿闇€瑕佹湁绌虹櫧琛?(https://learn.microsoft.com/dotnet/fundamentals/code-analysis/style-rules/ide2003) [C:\UserWorx\VSWorx\ServoStudio\wpfui-servoStudio\samples\Wpf.Ui.servoStudio\servoStudio.csproj]
C:\UserWorx\VSWorx\ServoStudio\wpfui-servoStudio\samples\Wpf.Ui.servoStudio\ViewModels\DeviceSet\DeviceAddViewModel.cs(1696,9): warning IDE0011: 鍚?鈥渋f鈥?璇彞娣诲姞澶ф嫭鍙枫€?(https://learn.microsoft.com/dotnet/fundamentals/code-analysis/style-rules/ide0011) [C:\UserWorx\VSWorx\ServoStudio\wpfui-servoStudio\samples\Wpf.Ui.servoStudio\servoStudio.csproj]
C:\UserWorx\VSWorx\ServoStudio\wpfui-servoStudio\samples\Wpf.Ui.servoStudio\ViewModels\DeviceSet\DeviceAddViewModel.cs(1698,9): warning IDE0011: 鍚?鈥渋f鈥?璇彞娣诲姞澶ф嫭鍙枫€?(https://learn.microsoft.com/dotnet/fundamentals/code-analysis/style-rules/ide0011) [C:\UserWorx\VSWorx\ServoStudio\wpfui-servoStudio\samples\Wpf.Ui.servoStudio\servoStudio.csproj]
C:\UserWorx\VSWorx\ServoStudio\wpfui-servoStudio\samples\Wpf.Ui.servoStudio\ViewModels\DeviceSet\DeviceAddViewModel.cs(1707,17): warning IDE0011: 鍚?鈥渋f鈥?璇彞娣诲姞澶ф嫭鍙枫€?(https://learn.microsoft.com/dotnet/fundamentals/code-analysis/style-rules/ide0011) [C:\UserWorx\VSWorx\ServoStudio\wpfui-servoStudio\samples\Wpf.Ui.servoStudio\servoStudio.csproj]
C:\UserWorx\VSWorx\ServoStudio\wpfui-servoStudio\samples\Wpf.Ui.servoStudio\ViewModels\DeviceSet\DeviceAddViewModel.cs(1712,17): warning IDE0011: 鍚?鈥渋f鈥?璇彞娣诲姞澶ф嫭鍙枫€?(https://learn.microsoft.com/dotnet/fundamentals/code-analysis/style-rules/ide0011) [C:\UserWorx\VSWorx\ServoStudio\wpfui-servoStudio\samples\Wpf.Ui.servoStudio\servoStudio.csproj]
C:\UserWorx\VSWorx\ServoStudio\wpfui-servoStudio\samples\Wpf.Ui.servoStudio\ViewModels\DeviceSet\DeviceAddViewModel.cs(1725,17): warning IDE0011: 鍚?鈥渋f鈥?璇彞娣诲姞澶ф嫭鍙枫€?(https://learn.microsoft.com/dotnet/fundamentals/code-analysis/style-rules/ide0011) [C:\UserWorx\VSWorx\ServoStudio\wpfui-servoStudio\samples\Wpf.Ui.servoStudio\servoStudio.csproj]
C:\UserWorx\VSWorx\ServoStudio\wpfui-servoStudio\samples\Wpf.Ui.servoStudio\ViewModels\DeviceSet\DeviceAddViewModel.cs(1737,13): warning IDE0011: 鍚?鈥渋f鈥?璇彞娣诲姞澶ф嫭鍙枫€?(https://learn.microsoft.com/dotnet/fundamentals/code-analysis/style-rules/ide0011) [C:\UserWorx\VSWorx\ServoStudio\wpfui-servoStudio\samples\Wpf.Ui.servoStudio\servoStudio.csproj]
C:\UserWorx\VSWorx\ServoStudio\wpfui-servoStudio\samples\Wpf.Ui.servoStudio\ViewModels\DeviceSet\DeviceAddViewModel.cs(1759,13): warning IDE0011: 鍚?鈥渋f鈥?璇彞娣诲姞澶ф嫭鍙枫€?(https://learn.microsoft.com/dotnet/fundamentals/code-analysis/style-rules/ide0011) [C:\UserWorx\VSWorx\ServoStudio\wpfui-servoStudio\samples\Wpf.Ui.servoStudio\servoStudio.csproj]
C:\UserWorx\VSWorx\ServoStudio\wpfui-servoStudio\samples\Wpf.Ui.servoStudio\ViewModels\DeviceSet\DeviceAddViewModel.cs(1695,9): warning IDE0008: 鐢ㄦ樉寮忕被鍨嬩唬鏇?"var" (https://learn.microsoft.com/dotnet/fundamentals/code-analysis/style-rules/ide0008) [C:\UserWorx\VSWorx\ServoStudio\wpfui-servoStudio\samples\Wpf.Ui.servoStudio\servoStudio.csproj]
C:\UserWorx\VSWorx\ServoStudio\wpfui-servoStudio\samples\Wpf.Ui.servoStudio\ViewModels\DeviceSet\DeviceAddViewModel.cs(1705,13): warning IDE0008: 鐢ㄦ樉寮忕被鍨嬩唬鏇?"var" (https://learn.microsoft.com/dotnet/fundamentals/code-analysis/style-rules/ide0008) [C:\UserWorx\VSWorx\ServoStudio\wpfui-servoStudio\samples\Wpf.Ui.servoStudio\servoStudio.csproj]
C:\UserWorx\VSWorx\ServoStudio\wpfui-servoStudio\samples\Wpf.Ui.servoStudio\Views\Pages\AppDataPages\PidAdjustPage.xaml.cs(47,40): warning IDE0055: 淇鏍煎紡 (https://learn.microsoft.com/dotnet/fundamentals/code-analysis/style-rules/ide0055) [C:\UserWorx\VSWorx\ServoStudio\wpfui-servoStudio\samples\Wpf.Ui.servoStudio\servoStudio.csproj]
C:\UserWorx\VSWorx\ServoStudio\wpfui-servoStudio\samples\Wpf.Ui.servoStudio\Views\Pages\AppDataPages\PidAdjustPage.xaml.cs(47,42): warning IDE0055: 淇鏍煎紡 (https://learn.microsoft.com/dotnet/fundamentals/code-analysis/style-rules/ide0055) [C:\UserWorx\VSWorx\ServoStudio\wpfui-servoStudio\samples\Wpf.Ui.servoStudio\servoStudio.csproj]
C:\UserWorx\VSWorx\ServoStudio\wpfui-servoStudio\samples\Wpf.Ui.servoStudio\Views\Pages\AppDataPages\PidAdjustPage.xaml.cs(47,47): warning IDE0055: 淇鏍煎紡 (https://learn.microsoft.com/dotnet/fundamentals/code-analysis/style-rules/ide0055) [C:\UserWorx\VSWorx\ServoStudio\wpfui-servoStudio\samples\Wpf.Ui.servoStudio\servoStudio.csproj]
C:\UserWorx\VSWorx\ServoStudio\wpfui-servoStudio\samples\Wpf.Ui.servoStudio\Views\Pages\AppDataPages\PidAdjustPage.xaml.cs(105,10): warning IDE0055: 淇鏍煎紡 (https://learn.microsoft.com/dotnet/fundamentals/code-analysis/style-rules/ide0055) [C:\UserWorx\VSWorx\ServoStudio\wpfui-servoStudio\samples\Wpf.Ui.servoStudio\servoStudio.csproj]
C:\UserWorx\VSWorx\ServoStudio\wpfui-servoStudio\samples\Wpf.Ui.servoStudio\Views\Pages\AppDataPages\PidAdjustPage.xaml.cs(105,28): warning IDE0055: 淇鏍煎紡 (https://learn.microsoft.com/dotnet/fundamentals/code-analysis/style-rules/ide0055) [C:\UserWorx\VSWorx\ServoStudio\wpfui-servoStudio\samples\Wpf.Ui.servoStudio\servoStudio.csproj]
C:\UserWorx\VSWorx\ServoStudio\wpfui-servoStudio\samples\Wpf.Ui.servoStudio\Views\Pages\AppDataPages\PidAdjustPage.xaml.cs(105,48): warning IDE0055: 淇鏍煎紡 (https://learn.microsoft.com/dotnet/fundamentals/code-analysis/style-rules/ide0055) [C:\UserWorx\VSWorx\ServoStudio\wpfui-servoStudio\samples\Wpf.Ui.servoStudio\servoStudio.csproj]
C:\UserWorx\VSWorx\ServoStudio\wpfui-servoStudio\samples\Wpf.Ui.servoStudio\Views\Pages\AppDataPages\PidAdjustPage.xaml.cs(120,48): warning IDE0055: 淇鏍煎紡 (https://learn.microsoft.com/dotnet/fundamentals/code-analysis/style-rules/ide0055) [C:\UserWorx\VSWorx\ServoStudio\wpfui-servoStudio\samples\Wpf.Ui.servoStudio\servoStudio.csproj]
C:\UserWorx\VSWorx\ServoStudio\wpfui-servoStudio\samples\Wpf.Ui.servoStudio\Views\Pages\AppDataPages\PidAdjustPage.xaml.cs(129,17): warning IDE0055: 淇鏍煎紡 (https://learn.microsoft.com/dotnet/fundamentals/code-analysis/style-rules/ide0055) [C:\UserWorx\VSWorx\ServoStudio\wpfui-servoStudio\samples\Wpf.Ui.servoStudio\servoStudio.csproj]
C:\UserWorx\VSWorx\ServoStudio\wpfui-servoStudio\samples\Wpf.Ui.servoStudio\Views\Pages\AppDataPages\PidAdjustPage.xaml.cs(162,46): warning IDE0055: 淇鏍煎紡 (https://learn.microsoft.com/dotnet/fundamentals/code-analysis/style-rules/ide0055) [C:\UserWorx\VSWorx\ServoStudio\wpfui-servoStudio\samples\Wpf.Ui.servoStudio\servoStudio.csproj]
C:\UserWorx\VSWorx\ServoStudio\wpfui-servoStudio\samples\Wpf.Ui.servoStudio\Views\Pages\AppDataPages\PidAdjustPage.xaml.cs(163,46): warning IDE0055: 淇鏍煎紡 (https://learn.microsoft.com/dotnet/fundamentals/code-analysis/style-rules/ide0055) [C:\UserWorx\VSWorx\ServoStudio\wpfui-servoStudio\samples\Wpf.Ui.servoStudio\servoStudio.csproj]
C:\UserWorx\VSWorx\ServoStudio\wpfui-servoStudio\samples\Wpf.Ui.servoStudio\Views\Pages\AppDataPages\PidAdjustPage.xaml.cs(164,46): warning IDE0055: 淇鏍煎紡 (https://learn.microsoft.com/dotnet/fundamentals/code-analysis/style-rules/ide0055) [C:\UserWorx\VSWorx\ServoStudio\wpfui-servoStudio\samples\Wpf.Ui.servoStudio\servoStudio.csproj]
C:\UserWorx\VSWorx\ServoStudio\wpfui-servoStudio\samples\Wpf.Ui.servoStudio\Views\Pages\AppDataPages\PidAdjustPage.xaml.cs(165,46): warning IDE0055: 淇鏍煎紡 (https://learn.microsoft.com/dotnet/fundamentals/code-analysis/style-rules/ide0055) [C:\UserWorx\VSWorx\ServoStudio\wpfui-servoStudio\samples\Wpf.Ui.servoStudio\servoStudio.csproj]
C:\UserWorx\VSWorx\ServoStudio\wpfui-servoStudio\samples\Wpf.Ui.servoStudio\Views\Pages\AppDataPages\PidAdjustPage.xaml.cs(166,46): warning IDE0055: 淇鏍煎紡 (https://learn.microsoft.com/dotnet/fundamentals/code-analysis/style-rules/ide0055) [C:\UserWorx\VSWorx\ServoStudio\wpfui-servoStudio\samples\Wpf.Ui.servoStudio\servoStudio.csproj]
C:\UserWorx\VSWorx\ServoStudio\wpfui-servoStudio\samples\Wpf.Ui.servoStudio\Views\Pages\AppDataPages\PidAdjustPage.xaml.cs(167,46): warning IDE0055: 淇鏍煎紡 (https://learn.microsoft.com/dotnet/fundamentals/code-analysis/style-rules/ide0055) [C:\UserWorx\VSWorx\ServoStudio\wpfui-servoStudio\samples\Wpf.Ui.servoStudio\servoStudio.csproj]
C:\UserWorx\VSWorx\ServoStudio\wpfui-servoStudio\samples\Wpf.Ui.servoStudio\Views\Pages\AppDataPages\PidAdjustPage.xaml.cs(190,54): warning IDE0055: 淇鏍煎紡 (https://learn.microsoft.com/dotnet/fundamentals/code-analysis/style-rules/ide0055) [C:\UserWorx\VSWorx\ServoStudio\wpfui-servoStudio\samples\Wpf.Ui.servoStudio\servoStudio.csproj]
C:\UserWorx\VSWorx\ServoStudio\wpfui-servoStudio\samples\Wpf.Ui.servoStudio\Views\Pages\AppDataPages\PidAdjustPage.xaml.cs(299,39): warning IDE0055: 淇鏍煎紡 (https://learn.microsoft.com/dotnet/fundamentals/code-analysis/style-rules/ide0055) [C:\UserWorx\VSWorx\ServoStudio\wpfui-servoStudio\samples\Wpf.Ui.servoStudio\servoStudio.csproj]
C:\UserWorx\VSWorx\ServoStudio\wpfui-servoStudio\samples\Wpf.Ui.servoStudio\Views\Pages\AppDataPages\PidAdjustPage.xaml.cs(36,17): warning IDE2003: 鍧椾笌鍚庣画璇彞涔嬮棿闇€瑕佹湁绌虹櫧琛?(https://learn.microsoft.com/dotnet/fundamentals/code-analysis/style-rules/ide2003) [C:\UserWorx\VSWorx\ServoStudio\wpfui-servoStudio\samples\Wpf.Ui.servoStudio\servoStudio.csproj]
C:\UserWorx\VSWorx\ServoStudio\wpfui-servoStudio\samples\Wpf.Ui.servoStudio\Views\Pages\AppDataPages\PidAdjustPage.xaml.cs(260,9): warning IDE2003: 鍧椾笌鍚庣画璇彞涔嬮棿闇€瑕佹湁绌虹櫧琛?(https://learn.microsoft.com/dotnet/fundamentals/code-analysis/style-rules/ide2003) [C:\UserWorx\VSWorx\ServoStudio\wpfui-servoStudio\samples\Wpf.Ui.servoStudio\servoStudio.csproj]
C:\UserWorx\VSWorx\ServoStudio\wpfui-servoStudio\samples\Wpf.Ui.servoStudio\Views\Pages\AppDataPages\PidAdjustPage.xaml.cs(311,17): warning IDE2003: 鍧椾笌鍚庣画璇彞涔嬮棿闇€瑕佹湁绌虹櫧琛?(https://learn.microsoft.com/dotnet/fundamentals/code-analysis/style-rules/ide2003) [C:\UserWorx\VSWorx\ServoStudio\wpfui-servoStudio\samples\Wpf.Ui.servoStudio\servoStudio.csproj]
C:\UserWorx\VSWorx\ServoStudio\wpfui-servoStudio\samples\Wpf.Ui.servoStudio\Views\Pages\AppDataPages\UserConfigPage.xaml.cs(15,60): warning IDE0055: 淇鏍煎紡 (https://learn.microsoft.com/dotnet/fundamentals/code-analysis/style-rules/ide0055) [C:\UserWorx\VSWorx\ServoStudio\wpfui-servoStudio\samples\Wpf.Ui.servoStudio\servoStudio.csproj]
C:\UserWorx\VSWorx\ServoStudio\wpfui-servoStudio\samples\Wpf.Ui.servoStudio\Views\Pages\AppDataPages\UserConfigPage.xaml.cs(15,62): warning IDE0055: 淇鏍煎紡 (https://learn.microsoft.com/dotnet/fundamentals/code-analysis/style-rules/ide0055) [C:\UserWorx\VSWorx\ServoStudio\wpfui-servoStudio\samples\Wpf.Ui.servoStudio\servoStudio.csproj]
C:\UserWorx\VSWorx\ServoStudio\wpfui-servoStudio\samples\Wpf.Ui.servoStudio\Views\Pages\AppDataPages\UserConfigPage.xaml.cs(15,67): warning IDE0055: 淇鏍煎紡 (https://learn.microsoft.com/dotnet/fundamentals/code-analysis/style-rules/ide0055) [C:\UserWorx\VSWorx\ServoStudio\wpfui-servoStudio\samples\Wpf.Ui.servoStudio\servoStudio.csproj]
C:\UserWorx\VSWorx\ServoStudio\wpfui-servoStudio\samples\Wpf.Ui.servoStudio\ViewModels\Hardware\ControllerViewModel.cs(292,9): warning IDE0011: 鍚?鈥渋f鈥?璇彞娣诲姞澶ф嫭鍙枫€?(https://learn.microsoft.com/dotnet/fundamentals/code-analysis/style-rules/ide0011) [C:\UserWorx\VSWorx\ServoStudio\wpfui-servoStudio\samples\Wpf.Ui.servoStudio\servoStudio.csproj]
C:\UserWorx\VSWorx\ServoStudio\wpfui-servoStudio\samples\Wpf.Ui.servoStudio\ViewModels\DeviceSet\DeviceAddViewModel.cs(1767,13): warning IDE0058: 姘歌繙涓嶄細浣跨敤琛ㄨ揪寮忓€?(https://learn.microsoft.com/dotnet/fundamentals/code-analysis/style-rules/ide0058) [C:\UserWorx\VSWorx\ServoStudio\wpfui-servoStudio\samples\Wpf.Ui.servoStudio\servoStudio.csproj]
C:\UserWorx\VSWorx\ServoStudio\wpfui-servoStudio\samples\Wpf.Ui.servoStudio\Views\Pages\ControlPage.xaml.cs(15,49): warning IDE0055: 淇鏍煎紡 (https://learn.microsoft.com/dotnet/fundamentals/code-analysis/style-rules/ide0055) [C:\UserWorx\VSWorx\ServoStudio\wpfui-servoStudio\samples\Wpf.Ui.servoStudio\servoStudio.csproj]
C:\UserWorx\VSWorx\ServoStudio\wpfui-servoStudio\samples\Wpf.Ui.servoStudio\Views\Pages\ControlPage.xaml.cs(15,51): warning IDE0055: 淇鏍煎紡 (https://learn.microsoft.com/dotnet/fundamentals/code-analysis/style-rules/ide0055) [C:\UserWorx\VSWorx\ServoStudio\wpfui-servoStudio\samples\Wpf.Ui.servoStudio\servoStudio.csproj]
C:\UserWorx\VSWorx\ServoStudio\wpfui-servoStudio\samples\Wpf.Ui.servoStudio\Views\Pages\ControlPage.xaml.cs(15,56): warning IDE0055: 淇鏍煎紡 (https://learn.microsoft.com/dotnet/fundamentals/code-analysis/style-rules/ide0055) [C:\UserWorx\VSWorx\ServoStudio\wpfui-servoStudio\samples\Wpf.Ui.servoStudio\servoStudio.csproj]
C:\UserWorx\VSWorx\ServoStudio\wpfui-servoStudio\samples\Wpf.Ui.servoStudio\ViewModels\Hardware\IOViewModel.cs(534,9): warning IDE0058: 姘歌繙涓嶄細浣跨敤琛ㄨ揪寮忓€?(https://learn.microsoft.com/dotnet/fundamentals/code-analysis/style-rules/ide0058) [C:\UserWorx\VSWorx\ServoStudio\wpfui-servoStudio\samples\Wpf.Ui.servoStudio\servoStudio.csproj]
C:\UserWorx\VSWorx\ServoStudio\wpfui-servoStudio\samples\Wpf.Ui.servoStudio\Views\Pages\DashboardPage.xaml.cs(15,51): warning IDE0055: 淇鏍煎紡 (https://learn.microsoft.com/dotnet/fundamentals/code-analysis/style-rules/ide0055) [C:\UserWorx\VSWorx\ServoStudio\wpfui-servoStudio\samples\Wpf.Ui.servoStudio\servoStudio.csproj]
C:\UserWorx\VSWorx\ServoStudio\wpfui-servoStudio\samples\Wpf.Ui.servoStudio\Views\Pages\DashboardPage.xaml.cs(15,53): warning IDE0055: 淇鏍煎紡 (https://learn.microsoft.com/dotnet/fundamentals/code-analysis/style-rules/ide0055) [C:\UserWorx\VSWorx\ServoStudio\wpfui-servoStudio\samples\Wpf.Ui.servoStudio\servoStudio.csproj]
C:\UserWorx\VSWorx\ServoStudio\wpfui-servoStudio\samples\Wpf.Ui.servoStudio\Views\Pages\DashboardPage.xaml.cs(15,58): warning IDE0055: 淇鏍煎紡 (https://learn.microsoft.com/dotnet/fundamentals/code-analysis/style-rules/ide0055) [C:\UserWorx\VSWorx\ServoStudio\wpfui-servoStudio\samples\Wpf.Ui.servoStudio\servoStudio.csproj]
C:\UserWorx\VSWorx\ServoStudio\wpfui-servoStudio\samples\Wpf.Ui.servoStudio\Views\Pages\DataPage.xaml.cs(15,46): warning IDE0055: 淇鏍煎紡 (https://learn.microsoft.com/dotnet/fundamentals/code-analysis/style-rules/ide0055) [C:\UserWorx\VSWorx\ServoStudio\wpfui-servoStudio\samples\Wpf.Ui.servoStudio\servoStudio.csproj]
C:\UserWorx\VSWorx\ServoStudio\wpfui-servoStudio\samples\Wpf.Ui.servoStudio\Views\Pages\DataPage.xaml.cs(15,48): warning IDE0055: 淇鏍煎紡 (https://learn.microsoft.com/dotnet/fundamentals/code-analysis/style-rules/ide0055) [C:\UserWorx\VSWorx\ServoStudio\wpfui-servoStudio\samples\Wpf.Ui.servoStudio\servoStudio.csproj]
C:\UserWorx\VSWorx\ServoStudio\wpfui-servoStudio\samples\Wpf.Ui.servoStudio\Views\Pages\DataPage.xaml.cs(15,53): warning IDE0055: 淇鏍煎紡 (https://learn.microsoft.com/dotnet/fundamentals/code-analysis/style-rules/ide0055) [C:\UserWorx\VSWorx\ServoStudio\wpfui-servoStudio\samples\Wpf.Ui.servoStudio\servoStudio.csproj]
C:\UserWorx\VSWorx\ServoStudio\wpfui-servoStudio\samples\Wpf.Ui.servoStudio\Views\Pages\DeviceSetPages\BusDiagnosticsPage.xaml.cs(16,45): warning IDE0055: 淇鏍煎紡 (https://learn.microsoft.com/dotnet/fundamentals/code-analysis/style-rules/ide0055) [C:\UserWorx\VSWorx\ServoStudio\wpfui-servoStudio\samples\Wpf.Ui.servoStudio\servoStudio.csproj]
C:\UserWorx\VSWorx\ServoStudio\wpfui-servoStudio\samples\Wpf.Ui.servoStudio\Views\Pages\DeviceSetPages\BusDiagnosticsPage.xaml.cs(16,47): warning IDE0055: 淇鏍煎紡 (https://learn.microsoft.com/dotnet/fundamentals/code-analysis/style-rules/ide0055) [C:\UserWorx\VSWorx\ServoStudio\wpfui-servoStudio\samples\Wpf.Ui.servoStudio\servoStudio.csproj]
C:\UserWorx\VSWorx\ServoStudio\wpfui-servoStudio\samples\Wpf.Ui.servoStudio\Views\Pages\DeviceSetPages\BusDiagnosticsPage.xaml.cs(16,52): warning IDE0055: 淇鏍煎紡 (https://learn.microsoft.com/dotnet/fundamentals/code-analysis/style-rules/ide0055) [C:\UserWorx\VSWorx\ServoStudio\wpfui-servoStudio\samples\Wpf.Ui.servoStudio\servoStudio.csproj]
C:\UserWorx\VSWorx\ServoStudio\wpfui-servoStudio\samples\Wpf.Ui.servoStudio\Views\Pages\DeviceSetPages\ListPage.xaml.cs(16,35): warning IDE0055: 淇鏍煎紡 (https://learn.microsoft.com/dotnet/fundamentals/code-analysis/style-rules/ide0055) [C:\UserWorx\VSWorx\ServoStudio\wpfui-servoStudio\samples\Wpf.Ui.servoStudio\servoStudio.csproj]
C:\UserWorx\VSWorx\ServoStudio\wpfui-servoStudio\samples\Wpf.Ui.servoStudio\Views\Pages\DeviceSetPages\ListPage.xaml.cs(16,37): warning IDE0055: 淇鏍煎紡 (https://learn.microsoft.com/dotnet/fundamentals/code-analysis/style-rules/ide0055) [C:\UserWorx\VSWorx\ServoStudio\wpfui-servoStudio\samples\Wpf.Ui.servoStudio\servoStudio.csproj]
C:\UserWorx\VSWorx\ServoStudio\wpfui-servoStudio\samples\Wpf.Ui.servoStudio\Views\Pages\DeviceSetPages\ListPage.xaml.cs(16,42): warning IDE0055: 淇鏍煎紡 (https://learn.microsoft.com/dotnet/fundamentals/code-analysis/style-rules/ide0055) [C:\UserWorx\VSWorx\ServoStudio\wpfui-servoStudio\samples\Wpf.Ui.servoStudio\servoStudio.csproj]
C:\UserWorx\VSWorx\ServoStudio\wpfui-servoStudio\samples\Wpf.Ui.servoStudio\Views\Pages\DeviceSetPages\StartPage.xaml.cs(18,36): warning IDE0055: 淇鏍煎紡 (https://learn.microsoft.com/dotnet/fundamentals/code-analysis/style-rules/ide0055) [C:\UserWorx\VSWorx\ServoStudio\wpfui-servoStudio\samples\Wpf.Ui.servoStudio\servoStudio.csproj]
C:\UserWorx\VSWorx\ServoStudio\wpfui-servoStudio\samples\Wpf.Ui.servoStudio\Views\Pages\DeviceSetPages\StartPage.xaml.cs(18,38): warning IDE0055: 淇鏍煎紡 (https://learn.microsoft.com/dotnet/fundamentals/code-analysis/style-rules/ide0055) [C:\UserWorx\VSWorx\ServoStudio\wpfui-servoStudio\samples\Wpf.Ui.servoStudio\servoStudio.csproj]
C:\UserWorx\VSWorx\ServoStudio\wpfui-servoStudio\samples\Wpf.Ui.servoStudio\Views\Pages\DeviceSetPages\StartPage.xaml.cs(18,43): warning IDE0055: 淇鏍煎紡 (https://learn.microsoft.com/dotnet/fundamentals/code-analysis/style-rules/ide0055) [C:\UserWorx\VSWorx\ServoStudio\wpfui-servoStudio\samples\Wpf.Ui.servoStudio\servoStudio.csproj]
C:\UserWorx\VSWorx\ServoStudio\wpfui-servoStudio\samples\Wpf.Ui.servoStudio\Core\CANopen\Adapters\CanAdapterFactory.cs(169,21): warning IDE0058: 姘歌繙涓嶄細浣跨敤琛ㄨ揪寮忓€?(https://learn.microsoft.com/dotnet/fundamentals/code-analysis/style-rules/ide0058) [C:\UserWorx\VSWorx\ServoStudio\wpfui-servoStudio\samples\Wpf.Ui.servoStudio\servoStudio.csproj]
C:\UserWorx\VSWorx\ServoStudio\wpfui-servoStudio\samples\Wpf.Ui.servoStudio\Views\Pages\FactoryPages\FactoryFirmwarePage.xaml.cs(14,46): warning IDE0055: 淇鏍煎紡 (https://learn.microsoft.com/dotnet/fundamentals/code-analysis/style-rules/ide0055) [C:\UserWorx\VSWorx\ServoStudio\wpfui-servoStudio\samples\Wpf.Ui.servoStudio\servoStudio.csproj]
C:\UserWorx\VSWorx\ServoStudio\wpfui-servoStudio\samples\Wpf.Ui.servoStudio\Views\Pages\FactoryPages\FactoryFirmwarePage.xaml.cs(14,48): warning IDE0055: 淇鏍煎紡 (https://learn.microsoft.com/dotnet/fundamentals/code-analysis/style-rules/ide0055) [C:\UserWorx\VSWorx\ServoStudio\wpfui-servoStudio\samples\Wpf.Ui.servoStudio\servoStudio.csproj]
C:\UserWorx\VSWorx\ServoStudio\wpfui-servoStudio\samples\Wpf.Ui.servoStudio\Views\Pages\FactoryPages\FactoryFirmwarePage.xaml.cs(14,53): warning IDE0055: 淇鏍煎紡 (https://learn.microsoft.com/dotnet/fundamentals/code-analysis/style-rules/ide0055) [C:\UserWorx\VSWorx\ServoStudio\wpfui-servoStudio\samples\Wpf.Ui.servoStudio\servoStudio.csproj]
C:\UserWorx\VSWorx\ServoStudio\wpfui-servoStudio\samples\Wpf.Ui.servoStudio\Core\CANopen\Adapters\CanAdapterFactory.cs(347,25): warning IDE0058: 姘歌繙涓嶄細浣跨敤琛ㄨ揪寮忓€?(https://learn.microsoft.com/dotnet/fundamentals/code-analysis/style-rules/ide0058) [C:\UserWorx\VSWorx\ServoStudio\wpfui-servoStudio\samples\Wpf.Ui.servoStudio\servoStudio.csproj]
C:\UserWorx\VSWorx\ServoStudio\wpfui-servoStudio\samples\Wpf.Ui.servoStudio\Views\Pages\FactoryPages\FactoryPage.xaml.cs(13,38): warning IDE0055: 淇鏍煎紡 (https://learn.microsoft.com/dotnet/fundamentals/code-analysis/style-rules/ide0055) [C:\UserWorx\VSWorx\ServoStudio\wpfui-servoStudio\samples\Wpf.Ui.servoStudio\servoStudio.csproj]
C:\UserWorx\VSWorx\ServoStudio\wpfui-servoStudio\samples\Wpf.Ui.servoStudio\Views\Pages\FactoryPages\FactoryPage.xaml.cs(13,40): warning IDE0055: 淇鏍煎紡 (https://learn.microsoft.com/dotnet/fundamentals/code-analysis/style-rules/ide0055) [C:\UserWorx\VSWorx\ServoStudio\wpfui-servoStudio\samples\Wpf.Ui.servoStudio\servoStudio.csproj]
C:\UserWorx\VSWorx\ServoStudio\wpfui-servoStudio\samples\Wpf.Ui.servoStudio\Views\Pages\FactoryPages\FactoryPage.xaml.cs(13,45): warning IDE0055: 淇鏍煎紡 (https://learn.microsoft.com/dotnet/fundamentals/code-analysis/style-rules/ide0055) [C:\UserWorx\VSWorx\ServoStudio\wpfui-servoStudio\samples\Wpf.Ui.servoStudio\servoStudio.csproj]
C:\UserWorx\VSWorx\ServoStudio\wpfui-servoStudio\samples\Wpf.Ui.servoStudio\ViewModels\Motion\MotionTypeViewModel.cs(1308,9): warning IDE0011: 鍚?鈥渋f鈥?璇彞娣诲姞澶ф嫭鍙枫€?(https://learn.microsoft.com/dotnet/fundamentals/code-analysis/style-rules/ide0011) [C:\UserWorx\VSWorx\ServoStudio\wpfui-servoStudio\samples\Wpf.Ui.servoStudio\servoStudio.csproj]
C:\UserWorx\VSWorx\ServoStudio\wpfui-servoStudio\samples\Wpf.Ui.servoStudio\ViewModels\Firmware\EcatEepromViewModel.cs(316,13): warning IDE0011: 鍚?鈥渋f鈥?璇彞娣诲姞澶ф嫭鍙枫€?(https://learn.microsoft.com/dotnet/fundamentals/code-analysis/style-rules/ide0011) [C:\UserWorx\VSWorx\ServoStudio\wpfui-servoStudio\samples\Wpf.Ui.servoStudio\servoStudio.csproj]
C:\UserWorx\VSWorx\ServoStudio\wpfui-servoStudio\samples\Wpf.Ui.servoStudio\ViewModels\Firmware\EcatEepromViewModel.cs(323,21): warning IDE0011: 鍚?鈥渋f鈥?璇彞娣诲姞澶ф嫭鍙枫€?(https://learn.microsoft.com/dotnet/fundamentals/code-analysis/style-rules/ide0011) [C:\UserWorx\VSWorx\ServoStudio\wpfui-servoStudio\samples\Wpf.Ui.servoStudio\servoStudio.csproj]
C:\UserWorx\VSWorx\ServoStudio\wpfui-servoStudio\samples\Wpf.Ui.servoStudio\Services\CanNativeResolver.cs(26,9): warning IDE0011: 鍚?鈥渋f鈥?璇彞娣诲姞澶ф嫭鍙枫€?(https://learn.microsoft.com/dotnet/fundamentals/code-analysis/style-rules/ide0011) [C:\UserWorx\VSWorx\ServoStudio\wpfui-servoStudio\samples\Wpf.Ui.servoStudio\servoStudio.csproj]
C:\UserWorx\VSWorx\ServoStudio\wpfui-servoStudio\samples\Wpf.Ui.servoStudio\ViewModels\Hardware\ControllerViewModel.cs(379,9): warning IDE0058: 姘歌繙涓嶄細浣跨敤琛ㄨ揪寮忓€?(https://learn.microsoft.com/dotnet/fundamentals/code-analysis/style-rules/ide0058) [C:\UserWorx\VSWorx\ServoStudio\wpfui-servoStudio\samples\Wpf.Ui.servoStudio\servoStudio.csproj]
C:\UserWorx\VSWorx\ServoStudio\wpfui-servoStudio\samples\Wpf.Ui.servoStudio\ViewModels\Firmware\EcatEepromViewModel.cs(338,13): warning IDE0011: 鍚?鈥渋f鈥?璇彞娣诲姞澶ф嫭鍙枫€?(https://learn.microsoft.com/dotnet/fundamentals/code-analysis/style-rules/ide0011) [C:\UserWorx\VSWorx\ServoStudio\wpfui-servoStudio\samples\Wpf.Ui.servoStudio\servoStudio.csproj]
C:\UserWorx\VSWorx\ServoStudio\wpfui-servoStudio\samples\Wpf.Ui.servoStudio\Views\Pages\FactoryPages\FrameFormatEditorPage.xaml.cs(54,48): warning IDE0055: 淇鏍煎紡 (https://learn.microsoft.com/dotnet/fundamentals/code-analysis/style-rules/ide0055) [C:\UserWorx\VSWorx\ServoStudio\wpfui-servoStudio\samples\Wpf.Ui.servoStudio\servoStudio.csproj]
C:\UserWorx\VSWorx\ServoStudio\wpfui-servoStudio\samples\Wpf.Ui.servoStudio\Views\Pages\FactoryPages\FrameFormatEditorPage.xaml.cs(54,50): warning IDE0055: 淇鏍煎紡 (https://learn.microsoft.com/dotnet/fundamentals/code-analysis/style-rules/ide0055) [C:\UserWorx\VSWorx\ServoStudio\wpfui-servoStudio\samples\Wpf.Ui.servoStudio\servoStudio.csproj]
C:\UserWorx\VSWorx\ServoStudio\wpfui-servoStudio\samples\Wpf.Ui.servoStudio\Views\Pages\FactoryPages\FrameFormatEditorPage.xaml.cs(54,55): warning IDE0055: 淇鏍煎紡 (https://learn.microsoft.com/dotnet/fundamentals/code-analysis/style-rules/ide0055) [C:\UserWorx\VSWorx\ServoStudio\wpfui-servoStudio\samples\Wpf.Ui.servoStudio\servoStudio.csproj]
C:\UserWorx\VSWorx\ServoStudio\wpfui-servoStudio\samples\Wpf.Ui.servoStudio\Views\Pages\FactoryPages\FrameFormatEditorPage.xaml.cs(79,89): warning IDE0055: 淇鏍煎紡 (https://learn.microsoft.com/dotnet/fundamentals/code-analysis/style-rules/ide0055) [C:\UserWorx\VSWorx\ServoStudio\wpfui-servoStudio\samples\Wpf.Ui.servoStudio\servoStudio.csproj]
C:\UserWorx\VSWorx\ServoStudio\wpfui-servoStudio\samples\Wpf.Ui.servoStudio\Views\Pages\FactoryPages\FrameFormatEditorPage.xaml.cs(81,28): warning IDE0055: 淇鏍煎紡 (https://learn.microsoft.com/dotnet/fundamentals/code-analysis/style-rules/ide0055) [C:\UserWorx\VSWorx\ServoStudio\wpfui-servoStudio\samples\Wpf.Ui.servoStudio\servoStudio.csproj]
C:\UserWorx\VSWorx\ServoStudio\wpfui-servoStudio\samples\Wpf.Ui.servoStudio\Views\Pages\FactoryPages\FrameFormatEditorPage.xaml.cs(88,89): warning IDE0055: 淇鏍煎紡 (https://learn.microsoft.com/dotnet/fundamentals/code-analysis/style-rules/ide0055) [C:\UserWorx\VSWorx\ServoStudio\wpfui-servoStudio\samples\Wpf.Ui.servoStudio\servoStudio.csproj]
C:\UserWorx\VSWorx\ServoStudio\wpfui-servoStudio\samples\Wpf.Ui.servoStudio\Views\Pages\FactoryPages\FrameFormatEditorPage.xaml.cs(90,28): warning IDE0055: 淇鏍煎紡 (https://learn.microsoft.com/dotnet/fundamentals/code-analysis/style-rules/ide0055) [C:\UserWorx\VSWorx\ServoStudio\wpfui-servoStudio\samples\Wpf.Ui.servoStudio\servoStudio.csproj]
C:\UserWorx\VSWorx\ServoStudio\wpfui-servoStudio\samples\Wpf.Ui.servoStudio\Views\Pages\FactoryPages\FrameFormatEditorPage.xaml.cs(96,72): warning IDE0055: 淇鏍煎紡 (https://learn.microsoft.com/dotnet/fundamentals/code-analysis/style-rules/ide0055) [C:\UserWorx\VSWorx\ServoStudio\wpfui-servoStudio\samples\Wpf.Ui.servoStudio\servoStudio.csproj]
C:\UserWorx\VSWorx\ServoStudio\wpfui-servoStudio\samples\Wpf.Ui.servoStudio\Views\Pages\FactoryPages\FrameFormatEditorPage.xaml.cs(99,63): warning IDE0055: 淇鏍煎紡 (https://learn.microsoft.com/dotnet/fundamentals/code-analysis/style-rules/ide0055) [C:\UserWorx\VSWorx\ServoStudio\wpfui-servoStudio\samples\Wpf.Ui.servoStudio\servoStudio.csproj]
C:\UserWorx\VSWorx\ServoStudio\wpfui-servoStudio\samples\Wpf.Ui.servoStudio\Views\Pages\FactoryPages\FrameFormatEditorPage.xaml.cs(117,80): warning IDE0055: 淇鏍煎紡 (https://learn.microsoft.com/dotnet/fundamentals/code-analysis/style-rules/ide0055) [C:\UserWorx\VSWorx\ServoStudio\wpfui-servoStudio\samples\Wpf.Ui.servoStudio\servoStudio.csproj]
C:\UserWorx\VSWorx\ServoStudio\wpfui-servoStudio\samples\Wpf.Ui.servoStudio\Views\Pages\FactoryPages\FrameFormatEditorPage.xaml.cs(118,41): warning IDE0055: 淇鏍煎紡 (https://learn.microsoft.com/dotnet/fundamentals/code-analysis/style-rules/ide0055) [C:\UserWorx\VSWorx\ServoStudio\wpfui-servoStudio\samples\Wpf.Ui.servoStudio\servoStudio.csproj]
C:\UserWorx\VSWorx\ServoStudio\wpfui-servoStudio\samples\Wpf.Ui.servoStudio\Views\Pages\FactoryPages\FrameFormatEditorPage.xaml.cs(131,52): warning IDE0055: 淇鏍煎紡 (https://learn.microsoft.com/dotnet/fundamentals/code-analysis/style-rules/ide0055) [C:\UserWorx\VSWorx\ServoStudio\wpfui-servoStudio\samples\Wpf.Ui.servoStudio\servoStudio.csproj]
C:\UserWorx\VSWorx\ServoStudio\wpfui-servoStudio\samples\Wpf.Ui.servoStudio\Views\Pages\FactoryPages\FrameFormatEditorPage.xaml.cs(281,62): warning IDE0055: 淇鏍煎紡 (https://learn.microsoft.com/dotnet/fundamentals/code-analysis/style-rules/ide0055) [C:\UserWorx\VSWorx\ServoStudio\wpfui-servoStudio\samples\Wpf.Ui.servoStudio\servoStudio.csproj]
C:\UserWorx\VSWorx\ServoStudio\wpfui-servoStudio\samples\Wpf.Ui.servoStudio\Views\Pages\FactoryPages\FrameFormatEditorPage.xaml.cs(292,40): warning IDE0055: 淇鏍煎紡 (https://learn.microsoft.com/dotnet/fundamentals/code-analysis/style-rules/ide0055) [C:\UserWorx\VSWorx\ServoStudio\wpfui-servoStudio\samples\Wpf.Ui.servoStudio\servoStudio.csproj]
C:\UserWorx\VSWorx\ServoStudio\wpfui-servoStudio\samples\Wpf.Ui.servoStudio\Views\Pages\FactoryPages\FrameFormatEditorPage.xaml.cs(368,39): warning IDE0055: 淇鏍煎紡 (https://learn.microsoft.com/dotnet/fundamentals/code-analysis/style-rules/ide0055) [C:\UserWorx\VSWorx\ServoStudio\wpfui-servoStudio\samples\Wpf.Ui.servoStudio\servoStudio.csproj]
C:\UserWorx\VSWorx\ServoStudio\wpfui-servoStudio\samples\Wpf.Ui.servoStudio\Views\Pages\FactoryPages\FrameFormatEditorPage.xaml.cs(376,55): warning IDE0055: 淇鏍煎紡 (https://learn.microsoft.com/dotnet/fundamentals/code-analysis/style-rules/ide0055) [C:\UserWorx\VSWorx\ServoStudio\wpfui-servoStudio\samples\Wpf.Ui.servoStudio\servoStudio.csproj]
C:\UserWorx\VSWorx\ServoStudio\wpfui-servoStudio\samples\Wpf.Ui.servoStudio\Views\Pages\FactoryPages\FrameFormatEditorPage.xaml.cs(377,48): warning IDE0055: 淇鏍煎紡 (https://learn.microsoft.com/dotnet/fundamentals/code-analysis/style-rules/ide0055) [C:\UserWorx\VSWorx\ServoStudio\wpfui-servoStudio\samples\Wpf.Ui.servoStudio\servoStudio.csproj]
C:\UserWorx\VSWorx\ServoStudio\wpfui-servoStudio\samples\Wpf.Ui.servoStudio\Views\Pages\FactoryPages\FrameFormatEditorPage.xaml.cs(415,44): warning IDE0055: 淇鏍煎紡 (https://learn.microsoft.com/dotnet/fundamentals/code-analysis/style-rules/ide0055) [C:\UserWorx\VSWorx\ServoStudio\wpfui-servoStudio\samples\Wpf.Ui.servoStudio\servoStudio.csproj]
C:\UserWorx\VSWorx\ServoStudio\wpfui-servoStudio\samples\Wpf.Ui.servoStudio\ViewModels\Hardware\ControllerViewModel.cs(398,9): warning IDE0011: 鍚?鈥渋f鈥?璇彞娣诲姞澶ф嫭鍙枫€?(https://learn.microsoft.com/dotnet/fundamentals/code-analysis/style-rules/ide0011) [C:\UserWorx\VSWorx\ServoStudio\wpfui-servoStudio\samples\Wpf.Ui.servoStudio\servoStudio.csproj]
C:\UserWorx\VSWorx\ServoStudio\wpfui-servoStudio\samples\Wpf.Ui.servoStudio\ViewModels\Hardware\ControllerViewModel.cs(400,9): warning IDE0011: 鍚?鈥渋f鈥?璇彞娣诲姞澶ф嫭鍙枫€?(https://learn.microsoft.com/dotnet/fundamentals/code-analysis/style-rules/ide0011) [C:\UserWorx\VSWorx\ServoStudio\wpfui-servoStudio\samples\Wpf.Ui.servoStudio\servoStudio.csproj]
C:\UserWorx\VSWorx\ServoStudio\wpfui-servoStudio\samples\Wpf.Ui.servoStudio\ViewModels\Firmware\EcatEepromViewModel.cs(370,13): warning IDE0011: 鍚?鈥渋f鈥?璇彞娣诲姞澶ф嫭鍙枫€?(https://learn.microsoft.com/dotnet/fundamentals/code-analysis/style-rules/ide0011) [C:\UserWorx\VSWorx\ServoStudio\wpfui-servoStudio\samples\Wpf.Ui.servoStudio\servoStudio.csproj]
C:\UserWorx\VSWorx\ServoStudio\wpfui-servoStudio\samples\Wpf.Ui.servoStudio\Views\Pages\FactoryPages\FrameFormatEditorPage.xaml.cs(416,9): warning IDE2003: 鍧椾笌鍚庣画璇彞涔嬮棿闇€瑕佹湁绌虹櫧琛?(https://learn.microsoft.com/dotnet/fundamentals/code-analysis/style-rules/ide2003) [C:\UserWorx\VSWorx\ServoStudio\wpfui-servoStudio\samples\Wpf.Ui.servoStudio\servoStudio.csproj]
C:\UserWorx\VSWorx\ServoStudio\wpfui-servoStudio\samples\Wpf.Ui.servoStudio\Services\CanNativeResolver.cs(44,9): warning IDE0011: 鍚?鈥渋f鈥?璇彞娣诲姞澶ф嫭鍙枫€?(https://learn.microsoft.com/dotnet/fundamentals/code-analysis/style-rules/ide0011) [C:\UserWorx\VSWorx\ServoStudio\wpfui-servoStudio\samples\Wpf.Ui.servoStudio\servoStudio.csproj]
C:\UserWorx\VSWorx\ServoStudio\wpfui-servoStudio\samples\Wpf.Ui.servoStudio\Services\CanNativeResolver.cs(75,21): warning IDE0011: 鍚?鈥渋f鈥?璇彞娣诲姞澶ф嫭鍙枫€?(https://learn.microsoft.com/dotnet/fundamentals/code-analysis/style-rules/ide0011) [C:\UserWorx\VSWorx\ServoStudio\wpfui-servoStudio\samples\Wpf.Ui.servoStudio\servoStudio.csproj]
C:\UserWorx\VSWorx\ServoStudio\wpfui-servoStudio\samples\Wpf.Ui.servoStudio\Services\CanNativeResolver.cs(80,13): warning IDE0011: 鍚?鈥渋f鈥?璇彞娣诲姞澶ф嫭鍙枫€?(https://learn.microsoft.com/dotnet/fundamentals/code-analysis/style-rules/ide0011) [C:\UserWorx\VSWorx\ServoStudio\wpfui-servoStudio\samples\Wpf.Ui.servoStudio\servoStudio.csproj]
C:\UserWorx\VSWorx\ServoStudio\wpfui-servoStudio\samples\Wpf.Ui.servoStudio\Views\Pages\FaultInfoPage.xaml.cs(15,51): warning IDE0055: 淇鏍煎紡 (https://learn.microsoft.com/dotnet/fundamentals/code-analysis/style-rules/ide0055) [C:\UserWorx\VSWorx\ServoStudio\wpfui-servoStudio\samples\Wpf.Ui.servoStudio\servoStudio.csproj]
C:\UserWorx\VSWorx\ServoStudio\wpfui-servoStudio\samples\Wpf.Ui.servoStudio\Views\Pages\FaultInfoPage.xaml.cs(15,53): warning IDE0055: 淇鏍煎紡 (https://learn.microsoft.com/dotnet/fundamentals/code-analysis/style-rules/ide0055) [C:\UserWorx\VSWorx\ServoStudio\wpfui-servoStudio\samples\Wpf.Ui.servoStudio\servoStudio.csproj]
C:\UserWorx\VSWorx\ServoStudio\wpfui-servoStudio\samples\Wpf.Ui.servoStudio\Views\Pages\FaultInfoPage.xaml.cs(15,58): warning IDE0055: 淇鏍煎紡 (https://learn.microsoft.com/dotnet/fundamentals/code-analysis/style-rules/ide0055) [C:\UserWorx\VSWorx\ServoStudio\wpfui-servoStudio\samples\Wpf.Ui.servoStudio\servoStudio.csproj]
C:\UserWorx\VSWorx\ServoStudio\wpfui-servoStudio\samples\Wpf.Ui.servoStudio\Views\Pages\FirmwarePages\FirmwarePage.xaml.cs(16,41): warning IDE0055: 淇鏍煎紡 (https://learn.microsoft.com/dotnet/fundamentals/code-analysis/style-rules/ide0055) [C:\UserWorx\VSWorx\ServoStudio\wpfui-servoStudio\samples\Wpf.Ui.servoStudio\servoStudio.csproj]
C:\UserWorx\VSWorx\ServoStudio\wpfui-servoStudio\samples\Wpf.Ui.servoStudio\Views\Pages\FirmwarePages\FirmwarePage.xaml.cs(16,43): warning IDE0055: 淇鏍煎紡 (https://learn.microsoft.com/dotnet/fundamentals/code-analysis/style-rules/ide0055) [C:\UserWorx\VSWorx\ServoStudio\wpfui-servoStudio\samples\Wpf.Ui.servoStudio\servoStudio.csproj]
C:\UserWorx\VSWorx\ServoStudio\wpfui-servoStudio\samples\Wpf.Ui.servoStudio\Views\Pages\FirmwarePages\FirmwarePage.xaml.cs(16,48): warning IDE0055: 淇鏍煎紡 (https://learn.microsoft.com/dotnet/fundamentals/code-analysis/style-rules/ide0055) [C:\UserWorx\VSWorx\ServoStudio\wpfui-servoStudio\samples\Wpf.Ui.servoStudio\servoStudio.csproj]
C:\UserWorx\VSWorx\ServoStudio\wpfui-servoStudio\samples\Wpf.Ui.servoStudio\Views\Pages\FirmwarePages\FirmwareProgramPage.xaml.cs(16,46): warning IDE0055: 淇鏍煎紡 (https://learn.microsoft.com/dotnet/fundamentals/code-analysis/style-rules/ide0055) [C:\UserWorx\VSWorx\ServoStudio\wpfui-servoStudio\samples\Wpf.Ui.servoStudio\servoStudio.csproj]
C:\UserWorx\VSWorx\ServoStudio\wpfui-servoStudio\samples\Wpf.Ui.servoStudio\Views\Pages\FirmwarePages\FirmwareProgramPage.xaml.cs(16,48): warning IDE0055: 淇鏍煎紡 (https://learn.microsoft.com/dotnet/fundamentals/code-analysis/style-rules/ide0055) [C:\UserWorx\VSWorx\ServoStudio\wpfui-servoStudio\samples\Wpf.Ui.servoStudio\servoStudio.csproj]
C:\UserWorx\VSWorx\ServoStudio\wpfui-servoStudio\samples\Wpf.Ui.servoStudio\Views\Pages\FirmwarePages\FirmwareProgramPage.xaml.cs(16,53): warning IDE0055: 淇鏍煎紡 (https://learn.microsoft.com/dotnet/fundamentals/code-analysis/style-rules/ide0055) [C:\UserWorx\VSWorx\ServoStudio\wpfui-servoStudio\samples\Wpf.Ui.servoStudio\servoStudio.csproj]
C:\UserWorx\VSWorx\ServoStudio\wpfui-servoStudio\samples\Wpf.Ui.servoStudio\Views\MainWindow.xaml.cs(73,13): warning IDE0011: 鍚?鈥渋f鈥?璇彞娣诲姞澶ф嫭鍙枫€?(https://learn.microsoft.com/dotnet/fundamentals/code-analysis/style-rules/ide0011) [C:\UserWorx\VSWorx\ServoStudio\wpfui-servoStudio\samples\Wpf.Ui.servoStudio\servoStudio.csproj]
C:\UserWorx\VSWorx\ServoStudio\wpfui-servoStudio\samples\Wpf.Ui.servoStudio\Views\Pages\FSMPage.xaml.cs(15,45): warning IDE0055: 淇鏍煎紡 (https://learn.microsoft.com/dotnet/fundamentals/code-analysis/style-rules/ide0055) [C:\UserWorx\VSWorx\ServoStudio\wpfui-servoStudio\samples\Wpf.Ui.servoStudio\servoStudio.csproj]
C:\UserWorx\VSWorx\ServoStudio\wpfui-servoStudio\samples\Wpf.Ui.servoStudio\Views\Pages\FSMPage.xaml.cs(15,47): warning IDE0055: 淇鏍煎紡 (https://learn.microsoft.com/dotnet/fundamentals/code-analysis/style-rules/ide0055) [C:\UserWorx\VSWorx\ServoStudio\wpfui-servoStudio\samples\Wpf.Ui.servoStudio\servoStudio.csproj]
C:\UserWorx\VSWorx\ServoStudio\wpfui-servoStudio\samples\Wpf.Ui.servoStudio\Views\Pages\FSMPage.xaml.cs(15,52): warning IDE0055: 淇鏍煎紡 (https://learn.microsoft.com/dotnet/fundamentals/code-analysis/style-rules/ide0055) [C:\UserWorx\VSWorx\ServoStudio\wpfui-servoStudio\samples\Wpf.Ui.servoStudio\servoStudio.csproj]
C:\UserWorx\VSWorx\ServoStudio\wpfui-servoStudio\samples\Wpf.Ui.servoStudio\Views\Pages\HardwarePage.xaml.cs(15,50): warning IDE0055: 淇鏍煎紡 (https://learn.microsoft.com/dotnet/fundamentals/code-analysis/style-rules/ide0055) [C:\UserWorx\VSWorx\ServoStudio\wpfui-servoStudio\samples\Wpf.Ui.servoStudio\servoStudio.csproj]
C:\UserWorx\VSWorx\ServoStudio\wpfui-servoStudio\samples\Wpf.Ui.servoStudio\Views\Pages\HardwarePage.xaml.cs(15,52): warning IDE0055: 淇鏍煎紡 (https://learn.microsoft.com/dotnet/fundamentals/code-analysis/style-rules/ide0055) [C:\UserWorx\VSWorx\ServoStudio\wpfui-servoStudio\samples\Wpf.Ui.servoStudio\servoStudio.csproj]
C:\UserWorx\VSWorx\ServoStudio\wpfui-servoStudio\samples\Wpf.Ui.servoStudio\Views\Pages\HardwarePage.xaml.cs(15,57): warning IDE0055: 淇鏍煎紡 (https://learn.microsoft.com/dotnet/fundamentals/code-analysis/style-rules/ide0055) [C:\UserWorx\VSWorx\ServoStudio\wpfui-servoStudio\samples\Wpf.Ui.servoStudio\servoStudio.csproj]
C:\UserWorx\VSWorx\ServoStudio\wpfui-servoStudio\samples\Wpf.Ui.servoStudio\Views\Pages\HardwarePages\ControllerPage.xaml.cs(18,41): warning IDE0055: 淇鏍煎紡 (https://learn.microsoft.com/dotnet/fundamentals/code-analysis/style-rules/ide0055) [C:\UserWorx\VSWorx\ServoStudio\wpfui-servoStudio\samples\Wpf.Ui.servoStudio\servoStudio.csproj]
C:\UserWorx\VSWorx\ServoStudio\wpfui-servoStudio\samples\Wpf.Ui.servoStudio\Views\Pages\HardwarePages\ControllerPage.xaml.cs(18,43): warning IDE0055: 淇鏍煎紡 (https://learn.microsoft.com/dotnet/fundamentals/code-analysis/style-rules/ide0055) [C:\UserWorx\VSWorx\ServoStudio\wpfui-servoStudio\samples\Wpf.Ui.servoStudio\servoStudio.csproj]
C:\UserWorx\VSWorx\ServoStudio\wpfui-servoStudio\samples\Wpf.Ui.servoStudio\Views\Pages\HardwarePages\ControllerPage.xaml.cs(18,48): warning IDE0055: 淇鏍煎紡 (https://learn.microsoft.com/dotnet/fundamentals/code-analysis/style-rules/ide0055) [C:\UserWorx\VSWorx\ServoStudio\wpfui-servoStudio\samples\Wpf.Ui.servoStudio\servoStudio.csproj]
C:\UserWorx\VSWorx\ServoStudio\wpfui-servoStudio\samples\Wpf.Ui.servoStudio\ViewModels\DeviceSet\BusDiagnosticsViewModel.cs(65,9): warning IDE0011: 鍚?鈥渋f鈥?璇彞娣诲姞澶ф嫭鍙枫€?(https://learn.microsoft.com/dotnet/fundamentals/code-analysis/style-rules/ide0011) [C:\UserWorx\VSWorx\ServoStudio\wpfui-servoStudio\samples\Wpf.Ui.servoStudio\servoStudio.csproj]
C:\UserWorx\VSWorx\ServoStudio\wpfui-servoStudio\samples\Wpf.Ui.servoStudio\Views\Pages\HardwarePages\IOPage.xaml.cs(16,33): warning IDE0055: 淇鏍煎紡 (https://learn.microsoft.com/dotnet/fundamentals/code-analysis/style-rules/ide0055) [C:\UserWorx\VSWorx\ServoStudio\wpfui-servoStudio\samples\Wpf.Ui.servoStudio\servoStudio.csproj]
C:\UserWorx\VSWorx\ServoStudio\wpfui-servoStudio\samples\Wpf.Ui.servoStudio\Views\Pages\HardwarePages\IOPage.xaml.cs(16,35): warning IDE0055: 淇鏍煎紡 (https://learn.microsoft.com/dotnet/fundamentals/code-analysis/style-rules/ide0055) [C:\UserWorx\VSWorx\ServoStudio\wpfui-servoStudio\samples\Wpf.Ui.servoStudio\servoStudio.csproj]
C:\UserWorx\VSWorx\ServoStudio\wpfui-servoStudio\samples\Wpf.Ui.servoStudio\Views\Pages\HardwarePages\IOPage.xaml.cs(16,40): warning IDE0055: 淇鏍煎紡 (https://learn.microsoft.com/dotnet/fundamentals/code-analysis/style-rules/ide0055) [C:\UserWorx\VSWorx\ServoStudio\wpfui-servoStudio\samples\Wpf.Ui.servoStudio\servoStudio.csproj]
C:\UserWorx\VSWorx\ServoStudio\wpfui-servoStudio\samples\Wpf.Ui.servoStudio\Views\Pages\HardwarePages\MotorPage.xaml.cs(16,36): warning IDE0055: 淇鏍煎紡 (https://learn.microsoft.com/dotnet/fundamentals/code-analysis/style-rules/ide0055) [C:\UserWorx\VSWorx\ServoStudio\wpfui-servoStudio\samples\Wpf.Ui.servoStudio\servoStudio.csproj]
C:\UserWorx\VSWorx\ServoStudio\wpfui-servoStudio\samples\Wpf.Ui.servoStudio\Views\Pages\HardwarePages\MotorPage.xaml.cs(16,38): warning IDE0055: 淇鏍煎紡 (https://learn.microsoft.com/dotnet/fundamentals/code-analysis/style-rules/ide0055) [C:\UserWorx\VSWorx\ServoStudio\wpfui-servoStudio\samples\Wpf.Ui.servoStudio\servoStudio.csproj]
C:\UserWorx\VSWorx\ServoStudio\wpfui-servoStudio\samples\Wpf.Ui.servoStudio\Views\Pages\HardwarePages\MotorPage.xaml.cs(16,43): warning IDE0055: 淇鏍煎紡 (https://learn.microsoft.com/dotnet/fundamentals/code-analysis/style-rules/ide0055) [C:\UserWorx\VSWorx\ServoStudio\wpfui-servoStudio\samples\Wpf.Ui.servoStudio\servoStudio.csproj]
C:\UserWorx\VSWorx\ServoStudio\wpfui-servoStudio\samples\Wpf.Ui.servoStudio\Views\Pages\HardwarePages\StoConfigPage.xaml.cs(13,40): warning IDE0055: 淇鏍煎紡 (https://learn.microsoft.com/dotnet/fundamentals/code-analysis/style-rules/ide0055) [C:\UserWorx\VSWorx\ServoStudio\wpfui-servoStudio\samples\Wpf.Ui.servoStudio\servoStudio.csproj]
C:\UserWorx\VSWorx\ServoStudio\wpfui-servoStudio\samples\Wpf.Ui.servoStudio\Views\Pages\HardwarePages\StoConfigPage.xaml.cs(13,42): warning IDE0055: 淇鏍煎紡 (https://learn.microsoft.com/dotnet/fundamentals/code-analysis/style-rules/ide0055) [C:\UserWorx\VSWorx\ServoStudio\wpfui-servoStudio\samples\Wpf.Ui.servoStudio\servoStudio.csproj]
C:\UserWorx\VSWorx\ServoStudio\wpfui-servoStudio\samples\Wpf.Ui.servoStudio\Views\Pages\HardwarePages\StoConfigPage.xaml.cs(13,47): warning IDE0055: 淇鏍煎紡 (https://learn.microsoft.com/dotnet/fundamentals/code-analysis/style-rules/ide0055) [C:\UserWorx\VSWorx\ServoStudio\wpfui-servoStudio\samples\Wpf.Ui.servoStudio\servoStudio.csproj]
C:\UserWorx\VSWorx\ServoStudio\wpfui-servoStudio\samples\Wpf.Ui.servoStudio\Views\MainWindow.xaml.cs(114,9): warning IDE0011: 鍚?鈥渋f鈥?璇彞娣诲姞澶ф嫭鍙枫€?(https://learn.microsoft.com/dotnet/fundamentals/code-analysis/style-rules/ide0011) [C:\UserWorx\VSWorx\ServoStudio\wpfui-servoStudio\samples\Wpf.Ui.servoStudio\servoStudio.csproj]
C:\UserWorx\VSWorx\ServoStudio\wpfui-servoStudio\samples\Wpf.Ui.servoStudio\Views\MainWindow.xaml.cs(121,13): warning IDE0011: 鍚?鈥渇oreach鈥?璇彞娣诲姞澶ф嫭鍙枫€?(https://learn.microsoft.com/dotnet/fundamentals/code-analysis/style-rules/ide0011) [C:\UserWorx\VSWorx\ServoStudio\wpfui-servoStudio\samples\Wpf.Ui.servoStudio\servoStudio.csproj]
C:\UserWorx\VSWorx\ServoStudio\wpfui-servoStudio\samples\Wpf.Ui.servoStudio\Views\MainWindow.xaml.cs(121,22): warning IDE0008: 鐢ㄦ樉寮忕被鍨嬩唬鏇?"var" (https://learn.microsoft.com/dotnet/fundamentals/code-analysis/style-rules/ide0008) [C:\UserWorx\VSWorx\ServoStudio\wpfui-servoStudio\samples\Wpf.Ui.servoStudio\servoStudio.csproj]
C:\UserWorx\VSWorx\ServoStudio\wpfui-servoStudio\samples\Wpf.Ui.servoStudio\Views\Pages\HomePage.xaml.cs(18,46): warning IDE0055: 淇鏍煎紡 (https://learn.microsoft.com/dotnet/fundamentals/code-analysis/style-rules/ide0055) [C:\UserWorx\VSWorx\ServoStudio\wpfui-servoStudio\samples\Wpf.Ui.servoStudio\servoStudio.csproj]
C:\UserWorx\VSWorx\ServoStudio\wpfui-servoStudio\samples\Wpf.Ui.servoStudio\Views\Pages\HomePage.xaml.cs(18,48): warning IDE0055: 淇鏍煎紡 (https://learn.microsoft.com/dotnet/fundamentals/code-analysis/style-rules/ide0055) [C:\UserWorx\VSWorx\ServoStudio\wpfui-servoStudio\samples\Wpf.Ui.servoStudio\servoStudio.csproj]
C:\UserWorx\VSWorx\ServoStudio\wpfui-servoStudio\samples\Wpf.Ui.servoStudio\Views\Pages\HomePage.xaml.cs(18,53): warning IDE0055: 淇鏍煎紡 (https://learn.microsoft.com/dotnet/fundamentals/code-analysis/style-rules/ide0055) [C:\UserWorx\VSWorx\ServoStudio\wpfui-servoStudio\samples\Wpf.Ui.servoStudio\servoStudio.csproj]
C:\UserWorx\VSWorx\ServoStudio\wpfui-servoStudio\samples\Wpf.Ui.servoStudio\Views\Pages\HomePage.xaml.cs(103,57): warning IDE0055: 淇鏍煎紡 (https://learn.microsoft.com/dotnet/fundamentals/code-analysis/style-rules/ide0055) [C:\UserWorx\VSWorx\ServoStudio\wpfui-servoStudio\samples\Wpf.Ui.servoStudio\servoStudio.csproj]
C:\UserWorx\VSWorx\ServoStudio\wpfui-servoStudio\samples\Wpf.Ui.servoStudio\Views\Pages\HomePage.xaml.cs(111,57): warning IDE0055: 淇鏍煎紡 (https://learn.microsoft.com/dotnet/fundamentals/code-analysis/style-rules/ide0055) [C:\UserWorx\VSWorx\ServoStudio\wpfui-servoStudio\samples\Wpf.Ui.servoStudio\servoStudio.csproj]
C:\UserWorx\VSWorx\ServoStudio\wpfui-servoStudio\samples\Wpf.Ui.servoStudio\Views\Pages\HomePage.xaml.cs(119,57): warning IDE0055: 淇鏍煎紡 (https://learn.microsoft.com/dotnet/fundamentals/code-analysis/style-rules/ide0055) [C:\UserWorx\VSWorx\ServoStudio\wpfui-servoStudio\samples\Wpf.Ui.servoStudio\servoStudio.csproj]
C:\UserWorx\VSWorx\ServoStudio\wpfui-servoStudio\samples\Wpf.Ui.servoStudio\Views\Pages\HomePage.xaml.cs(144,30): warning IDE0055: 淇鏍煎紡 (https://learn.microsoft.com/dotnet/fundamentals/code-analysis/style-rules/ide0055) [C:\UserWorx\VSWorx\ServoStudio\wpfui-servoStudio\samples\Wpf.Ui.servoStudio\servoStudio.csproj]
C:\UserWorx\VSWorx\ServoStudio\wpfui-servoStudio\samples\Wpf.Ui.servoStudio\Views\Pages\MotionPages\MotionLimitPage.xaml.cs(16,42): warning IDE0055: 淇鏍煎紡 (https://learn.microsoft.com/dotnet/fundamentals/code-analysis/style-rules/ide0055) [C:\UserWorx\VSWorx\ServoStudio\wpfui-servoStudio\samples\Wpf.Ui.servoStudio\servoStudio.csproj]
C:\UserWorx\VSWorx\ServoStudio\wpfui-servoStudio\samples\Wpf.Ui.servoStudio\Views\Pages\MotionPages\MotionLimitPage.xaml.cs(16,44): warning IDE0055: 淇鏍煎紡 (https://learn.microsoft.com/dotnet/fundamentals/code-analysis/style-rules/ide0055) [C:\UserWorx\VSWorx\ServoStudio\wpfui-servoStudio\samples\Wpf.Ui.servoStudio\servoStudio.csproj]
C:\UserWorx\VSWorx\ServoStudio\wpfui-servoStudio\samples\Wpf.Ui.servoStudio\Views\Pages\MotionPages\MotionLimitPage.xaml.cs(16,49): warning IDE0055: 淇鏍煎紡 (https://learn.microsoft.com/dotnet/fundamentals/code-analysis/style-rules/ide0055) [C:\UserWorx\VSWorx\ServoStudio\wpfui-servoStudio\samples\Wpf.Ui.servoStudio\servoStudio.csproj]
C:\UserWorx\VSWorx\ServoStudio\wpfui-servoStudio\samples\Wpf.Ui.servoStudio\ViewModels\Motion\MotionTypeViewModel.cs(1348,9): warning IDE0011: 鍚?鈥渋f鈥?璇彞娣诲姞澶ф嫭鍙枫€?(https://learn.microsoft.com/dotnet/fundamentals/code-analysis/style-rules/ide0011) [C:\UserWorx\VSWorx\ServoStudio\wpfui-servoStudio\samples\Wpf.Ui.servoStudio\servoStudio.csproj]
C:\UserWorx\VSWorx\ServoStudio\wpfui-servoStudio\samples\Wpf.Ui.servoStudio\ViewModels\Motion\MotionTypeViewModel.cs(1350,9): warning IDE0011: 鍚?鈥渋f鈥?璇彞娣诲姞澶ф嫭鍙枫€?(https://learn.microsoft.com/dotnet/fundamentals/code-analysis/style-rules/ide0011) [C:\UserWorx\VSWorx\ServoStudio\wpfui-servoStudio\samples\Wpf.Ui.servoStudio\servoStudio.csproj]
C:\UserWorx\VSWorx\ServoStudio\wpfui-servoStudio\samples\Wpf.Ui.servoStudio\ViewModels\Motion\MotionTypeViewModel.cs(1352,9): warning IDE0011: 鍚?鈥渋f鈥?璇彞娣诲姞澶ф嫭鍙枫€?(https://learn.microsoft.com/dotnet/fundamentals/code-analysis/style-rules/ide0011) [C:\UserWorx\VSWorx\ServoStudio\wpfui-servoStudio\samples\Wpf.Ui.servoStudio\servoStudio.csproj]
C:\UserWorx\VSWorx\ServoStudio\wpfui-servoStudio\samples\Wpf.Ui.servoStudio\ViewModels\Motion\MotionTypeViewModel.cs(1354,9): warning IDE0011: 鍚?鈥渋f鈥?璇彞娣诲姞澶ф嫭鍙枫€?(https://learn.microsoft.com/dotnet/fundamentals/code-analysis/style-rules/ide0011) [C:\UserWorx\VSWorx\ServoStudio\wpfui-servoStudio\samples\Wpf.Ui.servoStudio\servoStudio.csproj]
C:\UserWorx\VSWorx\ServoStudio\wpfui-servoStudio\samples\Wpf.Ui.servoStudio\ViewModels\Motion\MotionTypeViewModel.cs(1356,9): warning IDE0011: 鍚?鈥渋f鈥?璇彞娣诲姞澶ф嫭鍙枫€?(https://learn.microsoft.com/dotnet/fundamentals/code-analysis/style-rules/ide0011) [C:\UserWorx\VSWorx\ServoStudio\wpfui-servoStudio\samples\Wpf.Ui.servoStudio\servoStudio.csproj]
C:\UserWorx\VSWorx\ServoStudio\wpfui-servoStudio\samples\Wpf.Ui.servoStudio\ViewModels\DeviceSet\DeviceAddViewModel.cs(1878,17): warning IDE0011: 鍚?鈥渋f鈥?璇彞娣诲姞澶ф嫭鍙枫€?(https://learn.microsoft.com/dotnet/fundamentals/code-analysis/style-rules/ide0011) [C:\UserWorx\VSWorx\ServoStudio\wpfui-servoStudio\samples\Wpf.Ui.servoStudio\servoStudio.csproj]
C:\UserWorx\VSWorx\ServoStudio\wpfui-servoStudio\samples\Wpf.Ui.servoStudio\ViewModels\DeviceSet\DeviceAddViewModel.cs(1885,17): warning IDE0011: 鍚?鈥渋f鈥?璇彞娣诲姞澶ф嫭鍙枫€?(https://learn.microsoft.com/dotnet/fundamentals/code-analysis/style-rules/ide0011) [C:\UserWorx\VSWorx\ServoStudio\wpfui-servoStudio\samples\Wpf.Ui.servoStudio\servoStudio.csproj]
C:\UserWorx\VSWorx\ServoStudio\wpfui-servoStudio\samples\Wpf.Ui.servoStudio\ViewModels\Motion\MotionTypeViewModel.cs(1364,9): warning IDE0011: 鍚?鈥渋f鈥?璇彞娣诲姞澶ф嫭鍙枫€?(https://learn.microsoft.com/dotnet/fundamentals/code-analysis/style-rules/ide0011) [C:\UserWorx\VSWorx\ServoStudio\wpfui-servoStudio\samples\Wpf.Ui.servoStudio\servoStudio.csproj]
C:\UserWorx\VSWorx\ServoStudio\wpfui-servoStudio\samples\Wpf.Ui.servoStudio\Services\FactoryAccessService.cs(149,13): warning IDE0011: 鍚?鈥渋f鈥?璇彞娣诲姞澶ф嫭鍙枫€?(https://learn.microsoft.com/dotnet/fundamentals/code-analysis/style-rules/ide0011) [C:\UserWorx\VSWorx\ServoStudio\wpfui-servoStudio\samples\Wpf.Ui.servoStudio\servoStudio.csproj]
C:\UserWorx\VSWorx\ServoStudio\wpfui-servoStudio\samples\Wpf.Ui.servoStudio\Services\FactoryAccessService.cs(153,17): warning IDE0011: 鍚?鈥渋f鈥?璇彞娣诲姞澶ф嫭鍙枫€?(https://learn.microsoft.com/dotnet/fundamentals/code-analysis/style-rules/ide0011) [C:\UserWorx\VSWorx\ServoStudio\wpfui-servoStudio\samples\Wpf.Ui.servoStudio\servoStudio.csproj]
C:\UserWorx\VSWorx\ServoStudio\wpfui-servoStudio\samples\Wpf.Ui.servoStudio\Services\FactoryAccessService.cs(158,9): warning IDE0011: 鍚?鈥渋f鈥?璇彞娣诲姞澶ф嫭鍙枫€?(https://learn.microsoft.com/dotnet/fundamentals/code-analysis/style-rules/ide0011) [C:\UserWorx\VSWorx\ServoStudio\wpfui-servoStudio\samples\Wpf.Ui.servoStudio\servoStudio.csproj]
C:\UserWorx\VSWorx\ServoStudio\wpfui-servoStudio\samples\Wpf.Ui.servoStudio\Services\FactoryAccessService.cs(185,17): warning IDE0011: 鍚?鈥渋f鈥?璇彞娣诲姞澶ф嫭鍙枫€?(https://learn.microsoft.com/dotnet/fundamentals/code-analysis/style-rules/ide0011) [C:\UserWorx\VSWorx\ServoStudio\wpfui-servoStudio\samples\Wpf.Ui.servoStudio\servoStudio.csproj]
C:\UserWorx\VSWorx\ServoStudio\wpfui-servoStudio\samples\Wpf.Ui.servoStudio\Services\FactoryAccessService.cs(188,17): warning IDE0011: 鍚?鈥渋f鈥?璇彞娣诲姞澶ф嫭鍙枫€?(https://learn.microsoft.com/dotnet/fundamentals/code-analysis/style-rules/ide0011) [C:\UserWorx\VSWorx\ServoStudio\wpfui-servoStudio\samples\Wpf.Ui.servoStudio\servoStudio.csproj]
C:\UserWorx\VSWorx\ServoStudio\wpfui-servoStudio\samples\Wpf.Ui.servoStudio\Services\FactoryAccessService.cs(147,18): warning IDE0008: 鐢ㄦ樉寮忕被鍨嬩唬鏇?"var" (https://learn.microsoft.com/dotnet/fundamentals/code-analysis/style-rules/ide0008) [C:\UserWorx\VSWorx\ServoStudio\wpfui-servoStudio\samples\Wpf.Ui.servoStudio\servoStudio.csproj]
C:\UserWorx\VSWorx\ServoStudio\wpfui-servoStudio\samples\Wpf.Ui.servoStudio\Services\FactoryAccessService.cs(151,22): warning IDE0008: 鐢ㄦ樉寮忕被鍨嬩唬鏇?"var" (https://learn.microsoft.com/dotnet/fundamentals/code-analysis/style-rules/ide0008) [C:\UserWorx\VSWorx\ServoStudio\wpfui-servoStudio\samples\Wpf.Ui.servoStudio\servoStudio.csproj]
C:\UserWorx\VSWorx\ServoStudio\wpfui-servoStudio\samples\Wpf.Ui.servoStudio\ViewModels\Factory\FactoryFirmwareViewModel.cs(203,9): warning IDE0008: 鐢ㄦ樉寮忕被鍨嬩唬鏇?"var" (https://learn.microsoft.com/dotnet/fundamentals/code-analysis/style-rules/ide0008) [C:\UserWorx\VSWorx\ServoStudio\wpfui-servoStudio\samples\Wpf.Ui.servoStudio\servoStudio.csproj]
C:\UserWorx\VSWorx\ServoStudio\wpfui-servoStudio\samples\Wpf.Ui.servoStudio\Services\FactoryAccessService.cs(187,17): warning IDE0008: 鐢ㄦ樉寮忕被鍨嬩唬鏇?"var" (https://learn.microsoft.com/dotnet/fundamentals/code-analysis/style-rules/ide0008) [C:\UserWorx\VSWorx\ServoStudio\wpfui-servoStudio\samples\Wpf.Ui.servoStudio\servoStudio.csproj]
C:\UserWorx\VSWorx\ServoStudio\wpfui-servoStudio\samples\Wpf.Ui.servoStudio\ViewModels\Hardware\ControllerViewModel.cs(445,9): warning IDE0008: 鐢ㄦ樉寮忕被鍨嬩唬鏇?"var" (https://learn.microsoft.com/dotnet/fundamentals/code-analysis/style-rules/ide0008) [C:\UserWorx\VSWorx\ServoStudio\wpfui-servoStudio\samples\Wpf.Ui.servoStudio\servoStudio.csproj]
C:\UserWorx\VSWorx\ServoStudio\wpfui-servoStudio\samples\Wpf.Ui.servoStudio\ViewModels\Hardware\ControllerViewModel.cs(446,9): warning IDE0008: 鐢ㄦ樉寮忕被鍨嬩唬鏇?"var" (https://learn.microsoft.com/dotnet/fundamentals/code-analysis/style-rules/ide0008) [C:\UserWorx\VSWorx\ServoStudio\wpfui-servoStudio\samples\Wpf.Ui.servoStudio\servoStudio.csproj]
C:\UserWorx\VSWorx\ServoStudio\wpfui-servoStudio\samples\Wpf.Ui.servoStudio\ViewModels\Motion\MotionTypeViewModel.cs(1372,9): warning IDE0011: 鍚?鈥渋f鈥?璇彞娣诲姞澶ф嫭鍙枫€?(https://learn.microsoft.com/dotnet/fundamentals/code-analysis/style-rules/ide0011) [C:\UserWorx\VSWorx\ServoStudio\wpfui-servoStudio\samples\Wpf.Ui.servoStudio\servoStudio.csproj]
C:\UserWorx\VSWorx\ServoStudio\wpfui-servoStudio\samples\Wpf.Ui.servoStudio\ViewModels\Motion\MotionTypeViewModel.cs(1374,9): warning IDE0011: 鍚?鈥渋f鈥?璇彞娣诲姞澶ф嫭鍙枫€?(https://learn.microsoft.com/dotnet/fundamentals/code-analysis/style-rules/ide0011) [C:\UserWorx\VSWorx\ServoStudio\wpfui-servoStudio\samples\Wpf.Ui.servoStudio\servoStudio.csproj]
C:\UserWorx\VSWorx\ServoStudio\wpfui-servoStudio\samples\Wpf.Ui.servoStudio\ViewModels\Motion\MotionTypeViewModel.cs(1376,9): warning IDE0011: 鍚?鈥渋f鈥?璇彞娣诲姞澶ф嫭鍙枫€?(https://learn.microsoft.com/dotnet/fundamentals/code-analysis/style-rules/ide0011) [C:\UserWorx\VSWorx\ServoStudio\wpfui-servoStudio\samples\Wpf.Ui.servoStudio\servoStudio.csproj]
C:\UserWorx\VSWorx\ServoStudio\wpfui-servoStudio\samples\Wpf.Ui.servoStudio\ViewModels\Motion\MotionTypeViewModel.cs(1378,9): warning IDE0011: 鍚?鈥渋f鈥?璇彞娣诲姞澶ф嫭鍙枫€?(https://learn.microsoft.com/dotnet/fundamentals/code-analysis/style-rules/ide0011) [C:\UserWorx\VSWorx\ServoStudio\wpfui-servoStudio\samples\Wpf.Ui.servoStudio\servoStudio.csproj]
C:\UserWorx\VSWorx\ServoStudio\wpfui-servoStudio\samples\Wpf.Ui.servoStudio\Services\FactoryAccessService.cs(207,9): warning IDE0011: 鍚?鈥渋f鈥?璇彞娣诲姞澶ф嫭鍙枫€?(https://learn.microsoft.com/dotnet/fundamentals/code-analysis/style-rules/ide0011) [C:\UserWorx\VSWorx\ServoStudio\wpfui-servoStudio\samples\Wpf.Ui.servoStudio\servoStudio.csproj]
C:\UserWorx\VSWorx\ServoStudio\wpfui-servoStudio\samples\Wpf.Ui.servoStudio\Services\FactoryAccessService.cs(154,21): warning IDE0058: 姘歌繙涓嶄細浣跨敤琛ㄨ揪寮忓€?(https://learn.microsoft.com/dotnet/fundamentals/code-analysis/style-rules/ide0058) [C:\UserWorx\VSWorx\ServoStudio\wpfui-servoStudio\samples\Wpf.Ui.servoStudio\servoStudio.csproj]
C:\UserWorx\VSWorx\ServoStudio\wpfui-servoStudio\samples\Wpf.Ui.servoStudio\Services\FactoryAccessService.cs(171,9): warning IDE0058: 姘歌繙涓嶄細浣跨敤琛ㄨ揪寮忓€?(https://learn.microsoft.com/dotnet/fundamentals/code-analysis/style-rules/ide0058) [C:\UserWorx\VSWorx\ServoStudio\wpfui-servoStudio\samples\Wpf.Ui.servoStudio\servoStudio.csproj]
C:\UserWorx\VSWorx\ServoStudio\wpfui-servoStudio\samples\Wpf.Ui.servoStudio\Views\Pages\MotionPages\MotionProfilePage.xaml.cs(25,44): warning IDE0055: 淇鏍煎紡 (https://learn.microsoft.com/dotnet/fundamentals/code-analysis/style-rules/ide0055) [C:\UserWorx\VSWorx\ServoStudio\wpfui-servoStudio\samples\Wpf.Ui.servoStudio\servoStudio.csproj]
C:\UserWorx\VSWorx\ServoStudio\wpfui-servoStudio\samples\Wpf.Ui.servoStudio\Views\Pages\MotionPages\MotionProfilePage.xaml.cs(25,46): warning IDE0055: 淇鏍煎紡 (https://learn.microsoft.com/dotnet/fundamentals/code-analysis/style-rules/ide0055) [C:\UserWorx\VSWorx\ServoStudio\wpfui-servoStudio\samples\Wpf.Ui.servoStudio\servoStudio.csproj]
C:\UserWorx\VSWorx\ServoStudio\wpfui-servoStudio\samples\Wpf.Ui.servoStudio\Views\Pages\MotionPages\MotionProfilePage.xaml.cs(25,51): warning IDE0055: 淇鏍煎紡 (https://learn.microsoft.com/dotnet/fundamentals/code-analysis/style-rules/ide0055) [C:\UserWorx\VSWorx\ServoStudio\wpfui-servoStudio\samples\Wpf.Ui.servoStudio\servoStudio.csproj]
C:\UserWorx\VSWorx\ServoStudio\wpfui-servoStudio\samples\Wpf.Ui.servoStudio\Views\Pages\MotionPages\MotionProfilePage.xaml.cs(55,39): warning IDE0055: 淇鏍煎紡 (https://learn.microsoft.com/dotnet/fundamentals/code-analysis/style-rules/ide0055) [C:\UserWorx\VSWorx\ServoStudio\wpfui-servoStudio\samples\Wpf.Ui.servoStudio\servoStudio.csproj]
C:\UserWorx\VSWorx\ServoStudio\wpfui-servoStudio\samples\Wpf.Ui.servoStudio\Views\Pages\MotionPages\MotionProfilePage.xaml.cs(58,40): warning IDE0055: 淇鏍煎紡 (https://learn.microsoft.com/dotnet/fundamentals/code-analysis/style-rules/ide0055) [C:\UserWorx\VSWorx\ServoStudio\wpfui-servoStudio\samples\Wpf.Ui.servoStudio\servoStudio.csproj]
C:\UserWorx\VSWorx\ServoStudio\wpfui-servoStudio\samples\Wpf.Ui.servoStudio\Views\Pages\MotionPages\MotionProfilePage.xaml.cs(74,12): warning IDE0055: 淇鏍煎紡 (https://learn.microsoft.com/dotnet/fundamentals/code-analysis/style-rules/ide0055) [C:\UserWorx\VSWorx\ServoStudio\wpfui-servoStudio\samples\Wpf.Ui.servoStudio\servoStudio.csproj]
C:\UserWorx\VSWorx\ServoStudio\wpfui-servoStudio\samples\Wpf.Ui.servoStudio\Views\Pages\MotionPages\MotionProfilePage.xaml.cs(74,14): warning IDE0055: 淇鏍煎紡 (https://learn.microsoft.com/dotnet/fundamentals/code-analysis/style-rules/ide0055) [C:\UserWorx\VSWorx\ServoStudio\wpfui-servoStudio\samples\Wpf.Ui.servoStudio\servoStudio.csproj]
C:\UserWorx\VSWorx\ServoStudio\wpfui-servoStudio\samples\Wpf.Ui.servoStudio\Views\Pages\MotionPages\MotionProfilePage.xaml.cs(74,83): warning IDE0055: 淇鏍煎紡 (https://learn.microsoft.com/dotnet/fundamentals/code-analysis/style-rules/ide0055) [C:\UserWorx\VSWorx\ServoStudio\wpfui-servoStudio\samples\Wpf.Ui.servoStudio\servoStudio.csproj]
C:\UserWorx\VSWorx\ServoStudio\wpfui-servoStudio\samples\Wpf.Ui.servoStudio\Views\Pages\MotionPages\MotionProfilePage.xaml.cs(77,40): warning IDE0055: 淇鏍煎紡 (https://learn.microsoft.com/dotnet/fundamentals/code-analysis/style-rules/ide0055) [C:\UserWorx\VSWorx\ServoStudio\wpfui-servoStudio\samples\Wpf.Ui.servoStudio\servoStudio.csproj]
C:\UserWorx\VSWorx\ServoStudio\wpfui-servoStudio\samples\Wpf.Ui.servoStudio\Views\Pages\MotionPages\MotionProfilePage.xaml.cs(78,29): warning IDE0055: 淇鏍煎紡 (https://learn.microsoft.com/dotnet/fundamentals/code-analysis/style-rules/ide0055) [C:\UserWorx\VSWorx\ServoStudio\wpfui-servoStudio\samples\Wpf.Ui.servoStudio\servoStudio.csproj]
C:\UserWorx\VSWorx\ServoStudio\wpfui-servoStudio\samples\Wpf.Ui.servoStudio\Views\Pages\MotionPages\MotionProfilePage.xaml.cs(141,31): warning IDE0055: 淇鏍煎紡 (https://learn.microsoft.com/dotnet/fundamentals/code-analysis/style-rules/ide0055) [C:\UserWorx\VSWorx\ServoStudio\wpfui-servoStudio\samples\Wpf.Ui.servoStudio\servoStudio.csproj]
C:\UserWorx\VSWorx\ServoStudio\wpfui-servoStudio\samples\Wpf.Ui.servoStudio\Views\Pages\MotionPages\MotionProfilePage.xaml.cs(175,38): warning IDE0055: 淇鏍煎紡 (https://learn.microsoft.com/dotnet/fundamentals/code-analysis/style-rules/ide0055) [C:\UserWorx\VSWorx\ServoStudio\wpfui-servoStudio\samples\Wpf.Ui.servoStudio\servoStudio.csproj]
C:\UserWorx\VSWorx\ServoStudio\wpfui-servoStudio\samples\Wpf.Ui.servoStudio\Views\Pages\MotionPages\MotionProfilePage.xaml.cs(176,39): warning IDE0055: 淇鏍煎紡 (https://learn.microsoft.com/dotnet/fundamentals/code-analysis/style-rules/ide0055) [C:\UserWorx\VSWorx\ServoStudio\wpfui-servoStudio\samples\Wpf.Ui.servoStudio\servoStudio.csproj]
C:\UserWorx\VSWorx\ServoStudio\wpfui-servoStudio\samples\Wpf.Ui.servoStudio\Views\Pages\MotionPages\MotionProfilePage.xaml.cs(177,37): warning IDE0055: 淇鏍煎紡 (https://learn.microsoft.com/dotnet/fundamentals/code-analysis/style-rules/ide0055) [C:\UserWorx\VSWorx\ServoStudio\wpfui-servoStudio\samples\Wpf.Ui.servoStudio\servoStudio.csproj]
C:\UserWorx\VSWorx\ServoStudio\wpfui-servoStudio\samples\Wpf.Ui.servoStudio\Views\Pages\MotionPages\MotionProfilePage.xaml.cs(180,47): warning IDE0055: 淇鏍煎紡 (https://learn.microsoft.com/dotnet/fundamentals/code-analysis/style-rules/ide0055) [C:\UserWorx\VSWorx\ServoStudio\wpfui-servoStudio\samples\Wpf.Ui.servoStudio\servoStudio.csproj]
C:\UserWorx\VSWorx\ServoStudio\wpfui-servoStudio\samples\Wpf.Ui.servoStudio\Views\Pages\MotionPages\MotionProfilePage.xaml.cs(181,48): warning IDE0055: 淇鏍煎紡 (https://learn.microsoft.com/dotnet/fundamentals/code-analysis/style-rules/ide0055) [C:\UserWorx\VSWorx\ServoStudio\wpfui-servoStudio\samples\Wpf.Ui.servoStudio\servoStudio.csproj]
C:\UserWorx\VSWorx\ServoStudio\wpfui-servoStudio\samples\Wpf.Ui.servoStudio\Views\Pages\MotionPages\MotionProfilePage.xaml.cs(182,46): warning IDE0055: 淇鏍煎紡 (https://learn.microsoft.com/dotnet/fundamentals/code-analysis/style-rules/ide0055) [C:\UserWorx\VSWorx\ServoStudio\wpfui-servoStudio\samples\Wpf.Ui.servoStudio\servoStudio.csproj]
C:\UserWorx\VSWorx\ServoStudio\wpfui-servoStudio\samples\Wpf.Ui.servoStudio\Views\Pages\MotionPages\MotionProfilePage.xaml.cs(195,47): warning IDE0055: 淇鏍煎紡 (https://learn.microsoft.com/dotnet/fundamentals/code-analysis/style-rules/ide0055) [C:\UserWorx\VSWorx\ServoStudio\wpfui-servoStudio\samples\Wpf.Ui.servoStudio\servoStudio.csproj]
C:\UserWorx\VSWorx\ServoStudio\wpfui-servoStudio\samples\Wpf.Ui.servoStudio\Views\Pages\MotionPages\MotionProfilePage.xaml.cs(196,48): warning IDE0055: 淇鏍煎紡 (https://learn.microsoft.com/dotnet/fundamentals/code-analysis/style-rules/ide0055) [C:\UserWorx\VSWorx\ServoStudio\wpfui-servoStudio\samples\Wpf.Ui.servoStudio\servoStudio.csproj]
C:\UserWorx\VSWorx\ServoStudio\wpfui-servoStudio\samples\Wpf.Ui.servoStudio\Views\Pages\MotionPages\MotionProfilePage.xaml.cs(197,46): warning IDE0055: 淇鏍煎紡 (https://learn.microsoft.com/dotnet/fundamentals/code-analysis/style-rules/ide0055) [C:\UserWorx\VSWorx\ServoStudio\wpfui-servoStudio\samples\Wpf.Ui.servoStudio\servoStudio.csproj]
C:\UserWorx\VSWorx\ServoStudio\wpfui-servoStudio\samples\Wpf.Ui.servoStudio\Views\Pages\MotionPages\MotionProfilePage.xaml.cs(219,38): warning IDE0055: 淇鏍煎紡 (https://learn.microsoft.com/dotnet/fundamentals/code-analysis/style-rules/ide0055) [C:\UserWorx\VSWorx\ServoStudio\wpfui-servoStudio\samples\Wpf.Ui.servoStudio\servoStudio.csproj]
C:\UserWorx\VSWorx\ServoStudio\wpfui-servoStudio\samples\Wpf.Ui.servoStudio\Views\Pages\MotionPages\MotionProfilePage.xaml.cs(221,21): warning IDE0055: 淇鏍煎紡 (https://learn.microsoft.com/dotnet/fundamentals/code-analysis/style-rules/ide0055) [C:\UserWorx\VSWorx\ServoStudio\wpfui-servoStudio\samples\Wpf.Ui.servoStudio\servoStudio.csproj]
C:\UserWorx\VSWorx\ServoStudio\wpfui-servoStudio\samples\Wpf.Ui.servoStudio\Views\Pages\MotionPages\MotionProfilePage.xaml.cs(227,38): warning IDE0055: 淇鏍煎紡 (https://learn.microsoft.com/dotnet/fundamentals/code-analysis/style-rules/ide0055) [C:\UserWorx\VSWorx\ServoStudio\wpfui-servoStudio\samples\Wpf.Ui.servoStudio\servoStudio.csproj]
C:\UserWorx\VSWorx\ServoStudio\wpfui-servoStudio\samples\Wpf.Ui.servoStudio\Views\Pages\MotionPages\MotionProfilePage.xaml.cs(229,21): warning IDE0055: 淇鏍煎紡 (https://learn.microsoft.com/dotnet/fundamentals/code-analysis/style-rules/ide0055) [C:\UserWorx\VSWorx\ServoStudio\wpfui-servoStudio\samples\Wpf.Ui.servoStudio\servoStudio.csproj]
C:\UserWorx\VSWorx\ServoStudio\wpfui-servoStudio\samples\Wpf.Ui.servoStudio\Views\Pages\MotionPages\MotionProfilePage.xaml.cs(238,34): warning IDE0055: 淇鏍煎紡 (https://learn.microsoft.com/dotnet/fundamentals/code-analysis/style-rules/ide0055) [C:\UserWorx\VSWorx\ServoStudio\wpfui-servoStudio\samples\Wpf.Ui.servoStudio\servoStudio.csproj]
C:\UserWorx\VSWorx\ServoStudio\wpfui-servoStudio\samples\Wpf.Ui.servoStudio\Views\Pages\MotionPages\MotionProfilePage.xaml.cs(240,39): warning IDE0055: 淇鏍煎紡 (https://learn.microsoft.com/dotnet/fundamentals/code-analysis/style-rules/ide0055) [C:\UserWorx\VSWorx\ServoStudio\wpfui-servoStudio\samples\Wpf.Ui.servoStudio\servoStudio.csproj]
C:\UserWorx\VSWorx\ServoStudio\wpfui-servoStudio\samples\Wpf.Ui.servoStudio\Views\Pages\MotionPages\MotionProfilePage.xaml.cs(241,39): warning IDE0055: 淇鏍煎紡 (https://learn.microsoft.com/dotnet/fundamentals/code-analysis/style-rules/ide0055) [C:\UserWorx\VSWorx\ServoStudio\wpfui-servoStudio\samples\Wpf.Ui.servoStudio\servoStudio.csproj]
C:\UserWorx\VSWorx\ServoStudio\wpfui-servoStudio\samples\Wpf.Ui.servoStudio\Views\Pages\MotionPages\MotionProfilePage.xaml.cs(242,39): warning IDE0055: 淇鏍煎紡 (https://learn.microsoft.com/dotnet/fundamentals/code-analysis/style-rules/ide0055) [C:\UserWorx\VSWorx\ServoStudio\wpfui-servoStudio\samples\Wpf.Ui.servoStudio\servoStudio.csproj]
C:\UserWorx\VSWorx\ServoStudio\wpfui-servoStudio\samples\Wpf.Ui.servoStudio\Views\Pages\MotionPages\MotionProfilePage.xaml.cs(255,43): warning IDE0055: 淇鏍煎紡 (https://learn.microsoft.com/dotnet/fundamentals/code-analysis/style-rules/ide0055) [C:\UserWorx\VSWorx\ServoStudio\wpfui-servoStudio\samples\Wpf.Ui.servoStudio\servoStudio.csproj]
C:\UserWorx\VSWorx\ServoStudio\wpfui-servoStudio\samples\Wpf.Ui.servoStudio\Views\Pages\MotionPages\MotionProfilePage.xaml.cs(258,22): warning IDE0055: 淇鏍煎紡 (https://learn.microsoft.com/dotnet/fundamentals/code-analysis/style-rules/ide0055) [C:\UserWorx\VSWorx\ServoStudio\wpfui-servoStudio\samples\Wpf.Ui.servoStudio\servoStudio.csproj]
C:\UserWorx\VSWorx\ServoStudio\wpfui-servoStudio\samples\Wpf.Ui.servoStudio\Views\Pages\MotionPages\MotionProfilePage.xaml.cs(259,22): warning IDE0055: 淇鏍煎紡 (https://learn.microsoft.com/dotnet/fundamentals/code-analysis/style-rules/ide0055) [C:\UserWorx\VSWorx\ServoStudio\wpfui-servoStudio\samples\Wpf.Ui.servoStudio\servoStudio.csproj]
C:\UserWorx\VSWorx\ServoStudio\wpfui-servoStudio\samples\Wpf.Ui.servoStudio\Views\Pages\MotionPages\MotionProfilePage.xaml.cs(262,35): warning IDE0055: 淇鏍煎紡 (https://learn.microsoft.com/dotnet/fundamentals/code-analysis/style-rules/ide0055) [C:\UserWorx\VSWorx\ServoStudio\wpfui-servoStudio\samples\Wpf.Ui.servoStudio\servoStudio.csproj]
C:\UserWorx\VSWorx\ServoStudio\wpfui-servoStudio\samples\Wpf.Ui.servoStudio\Views\Pages\MotionPages\MotionProfilePage.xaml.cs(262,52): warning IDE0055: 淇鏍煎紡 (https://learn.microsoft.com/dotnet/fundamentals/code-analysis/style-rules/ide0055) [C:\UserWorx\VSWorx\ServoStudio\wpfui-servoStudio\samples\Wpf.Ui.servoStudio\servoStudio.csproj]
C:\UserWorx\VSWorx\ServoStudio\wpfui-servoStudio\samples\Wpf.Ui.servoStudio\Views\Pages\MotionPages\MotionProfilePage.xaml.cs(286,19): warning IDE0055: 淇鏍煎紡 (https://learn.microsoft.com/dotnet/fundamentals/code-analysis/style-rules/ide0055) [C:\UserWorx\VSWorx\ServoStudio\wpfui-servoStudio\samples\Wpf.Ui.servoStudio\servoStudio.csproj]
C:\UserWorx\VSWorx\ServoStudio\wpfui-servoStudio\samples\Wpf.Ui.servoStudio\Views\Pages\MotionPages\MotionProfilePage.xaml.cs(290,21): warning IDE0055: 淇鏍煎紡 (https://learn.microsoft.com/dotnet/fundamentals/code-analysis/style-rules/ide0055) [C:\UserWorx\VSWorx\ServoStudio\wpfui-servoStudio\samples\Wpf.Ui.servoStudio\servoStudio.csproj]
C:\UserWorx\VSWorx\ServoStudio\wpfui-servoStudio\samples\Wpf.Ui.servoStudio\Views\Pages\MotionPages\MotionProfilePage.xaml.cs(291,25): warning IDE0055: 淇鏍煎紡 (https://learn.microsoft.com/dotnet/fundamentals/code-analysis/style-rules/ide0055) [C:\UserWorx\VSWorx\ServoStudio\wpfui-servoStudio\samples\Wpf.Ui.servoStudio\servoStudio.csproj]
C:\UserWorx\VSWorx\ServoStudio\wpfui-servoStudio\samples\Wpf.Ui.servoStudio\Services\FactoryAccessService.cs(219,9): warning IDE0011: 鍚?鈥渋f鈥?璇彞娣诲姞澶ф嫭鍙枫€?(https://learn.microsoft.com/dotnet/fundamentals/code-analysis/style-rules/ide0011) [C:\UserWorx\VSWorx\ServoStudio\wpfui-servoStudio\samples\Wpf.Ui.servoStudio\servoStudio.csproj]
C:\UserWorx\VSWorx\ServoStudio\wpfui-servoStudio\samples\Wpf.Ui.servoStudio\Views\Pages\MotionPages\MotionProfilePage.xaml.cs(47,31): warning IDE2003: 鍧椾笌鍚庣画璇彞涔嬮棿闇€瑕佹湁绌虹櫧琛?(https://learn.microsoft.com/dotnet/fundamentals/code-analysis/style-rules/ide2003) [C:\UserWorx\VSWorx\ServoStudio\wpfui-servoStudio\samples\Wpf.Ui.servoStudio\servoStudio.csproj]
C:\UserWorx\VSWorx\ServoStudio\wpfui-servoStudio\samples\Wpf.Ui.servoStudio\Views\Pages\MotionPages\MotionProfilePage.xaml.cs(106,9): warning IDE2003: 鍧椾笌鍚庣画璇彞涔嬮棿闇€瑕佹湁绌虹櫧琛?(https://learn.microsoft.com/dotnet/fundamentals/code-analysis/style-rules/ide2003) [C:\UserWorx\VSWorx\ServoStudio\wpfui-servoStudio\samples\Wpf.Ui.servoStudio\servoStudio.csproj]
C:\UserWorx\VSWorx\ServoStudio\wpfui-servoStudio\samples\Wpf.Ui.servoStudio\Views\Pages\MotionPages\MotionProfilePage.xaml.cs(243,9): warning IDE2003: 鍧椾笌鍚庣画璇彞涔嬮棿闇€瑕佹湁绌虹櫧琛?(https://learn.microsoft.com/dotnet/fundamentals/code-analysis/style-rules/ide2003) [C:\UserWorx\VSWorx\ServoStudio\wpfui-servoStudio\samples\Wpf.Ui.servoStudio\servoStudio.csproj]
C:\UserWorx\VSWorx\ServoStudio\wpfui-servoStudio\samples\Wpf.Ui.servoStudio\Views\Pages\MotionPages\MotionProfilePage.xaml.cs(278,13): warning IDE2003: 鍧椾笌鍚庣画璇彞涔嬮棿闇€瑕佹湁绌虹櫧琛?(https://learn.microsoft.com/dotnet/fundamentals/code-analysis/style-rules/ide2003) [C:\UserWorx\VSWorx\ServoStudio\wpfui-servoStudio\samples\Wpf.Ui.servoStudio\servoStudio.csproj]
C:\UserWorx\VSWorx\ServoStudio\wpfui-servoStudio\samples\Wpf.Ui.servoStudio\ViewModels\Motion\MotionTypeViewModel.cs(1386,9): warning IDE0011: 鍚?鈥渋f鈥?璇彞娣诲姞澶ф嫭鍙枫€?(https://learn.microsoft.com/dotnet/fundamentals/code-analysis/style-rules/ide0011) [C:\UserWorx\VSWorx\ServoStudio\wpfui-servoStudio\samples\Wpf.Ui.servoStudio\servoStudio.csproj]
C:\UserWorx\VSWorx\ServoStudio\wpfui-servoStudio\samples\Wpf.Ui.servoStudio\ViewModels\Motion\MotionTypeViewModel.cs(1388,9): warning IDE0011: 鍚?鈥渋f鈥?璇彞娣诲姞澶ф嫭鍙枫€?(https://learn.microsoft.com/dotnet/fundamentals/code-analysis/style-rules/ide0011) [C:\UserWorx\VSWorx\ServoStudio\wpfui-servoStudio\samples\Wpf.Ui.servoStudio\servoStudio.csproj]
C:\UserWorx\VSWorx\ServoStudio\wpfui-servoStudio\samples\Wpf.Ui.servoStudio\ViewModels\Motion\MotionTypeViewModel.cs(1390,9): warning IDE0011: 鍚?鈥渋f鈥?璇彞娣诲姞澶ф嫭鍙枫€?(https://learn.microsoft.com/dotnet/fundamentals/code-analysis/style-rules/ide0011) [C:\UserWorx\VSWorx\ServoStudio\wpfui-servoStudio\samples\Wpf.Ui.servoStudio\servoStudio.csproj]
C:\UserWorx\VSWorx\ServoStudio\wpfui-servoStudio\samples\Wpf.Ui.servoStudio\Views\Pages\MotionPages\MotionTypePage.xaml.cs(16,41): warning IDE0055: 淇鏍煎紡 (https://learn.microsoft.com/dotnet/fundamentals/code-analysis/style-rules/ide0055) [C:\UserWorx\VSWorx\ServoStudio\wpfui-servoStudio\samples\Wpf.Ui.servoStudio\servoStudio.csproj]
C:\UserWorx\VSWorx\ServoStudio\wpfui-servoStudio\samples\Wpf.Ui.servoStudio\Views\Pages\MotionPages\MotionTypePage.xaml.cs(16,43): warning IDE0055: 淇鏍煎紡 (https://learn.microsoft.com/dotnet/fundamentals/code-analysis/style-rules/ide0055) [C:\UserWorx\VSWorx\ServoStudio\wpfui-servoStudio\samples\Wpf.Ui.servoStudio\servoStudio.csproj]
C:\UserWorx\VSWorx\ServoStudio\wpfui-servoStudio\samples\Wpf.Ui.servoStudio\Views\Pages\MotionPages\MotionTypePage.xaml.cs(16,48): warning IDE0055: 淇鏍煎紡 (https://learn.microsoft.com/dotnet/fundamentals/code-analysis/style-rules/ide0055) [C:\UserWorx\VSWorx\ServoStudio\wpfui-servoStudio\samples\Wpf.Ui.servoStudio\servoStudio.csproj]
C:\UserWorx\VSWorx\ServoStudio\wpfui-servoStudio\samples\Wpf.Ui.servoStudio\Views\Pages\MotionPages\MultiStepProfilePage.xaml.cs(13,47): warning IDE0055: 淇鏍煎紡 (https://learn.microsoft.com/dotnet/fundamentals/code-analysis/style-rules/ide0055) [C:\UserWorx\VSWorx\ServoStudio\wpfui-servoStudio\samples\Wpf.Ui.servoStudio\servoStudio.csproj]
C:\UserWorx\VSWorx\ServoStudio\wpfui-servoStudio\samples\Wpf.Ui.servoStudio\Views\Pages\MotionPages\MultiStepProfilePage.xaml.cs(13,49): warning IDE0055: 淇鏍煎紡 (https://learn.microsoft.com/dotnet/fundamentals/code-analysis/style-rules/ide0055) [C:\UserWorx\VSWorx\ServoStudio\wpfui-servoStudio\samples\Wpf.Ui.servoStudio\servoStudio.csproj]
C:\UserWorx\VSWorx\ServoStudio\wpfui-servoStudio\samples\Wpf.Ui.servoStudio\Views\Pages\MotionPages\MultiStepProfilePage.xaml.cs(13,54): warning IDE0055: 淇鏍煎紡 (https://learn.microsoft.com/dotnet/fundamentals/code-analysis/style-rules/ide0055) [C:\UserWorx\VSWorx\ServoStudio\wpfui-servoStudio\samples\Wpf.Ui.servoStudio\servoStudio.csproj]
C:\UserWorx\VSWorx\ServoStudio\wpfui-servoStudio\samples\Wpf.Ui.servoStudio\Services\DataFrameLogger.cs(104,9): warning IDE0011: 鍚?鈥渋f鈥?璇彞娣诲姞澶ф嫭鍙枫€?(https://learn.microsoft.com/dotnet/fundamentals/code-analysis/style-rules/ide0011) [C:\UserWorx\VSWorx\ServoStudio\wpfui-servoStudio\samples\Wpf.Ui.servoStudio\servoStudio.csproj]
C:\UserWorx\VSWorx\ServoStudio\wpfui-servoStudio\samples\Wpf.Ui.servoStudio\Services\DataFrameLogger.cs(128,9): warning IDE0011: 鍚?鈥渋f鈥?璇彞娣诲姞澶ф嫭鍙枫€?(https://learn.microsoft.com/dotnet/fundamentals/code-analysis/style-rules/ide0011) [C:\UserWorx\VSWorx\ServoStudio\wpfui-servoStudio\samples\Wpf.Ui.servoStudio\servoStudio.csproj]
C:\UserWorx\VSWorx\ServoStudio\wpfui-servoStudio\samples\Wpf.Ui.servoStudio\ViewModels\Motion\MotionTypeViewModel.cs(1402,13): warning IDE0011: 鍚?鈥渋f鈥?璇彞娣诲姞澶ф嫭鍙枫€?(https://learn.microsoft.com/dotnet/fundamentals/code-analysis/style-rules/ide0011) [C:\UserWorx\VSWorx\ServoStudio\wpfui-servoStudio\samples\Wpf.Ui.servoStudio\servoStudio.csproj]
C:\UserWorx\VSWorx\ServoStudio\wpfui-servoStudio\samples\Wpf.Ui.servoStudio\ViewModels\Motion\MotionTypeViewModel.cs(1406,9): warning IDE0011: 鍚?鈥渋f鈥?璇彞娣诲姞澶ф嫭鍙枫€?(https://learn.microsoft.com/dotnet/fundamentals/code-analysis/style-rules/ide0011) [C:\UserWorx\VSWorx\ServoStudio\wpfui-servoStudio\samples\Wpf.Ui.servoStudio\servoStudio.csproj]
C:\UserWorx\VSWorx\ServoStudio\wpfui-servoStudio\samples\Wpf.Ui.servoStudio\ViewModels\Motion\MotionTypeViewModel.cs(1408,9): warning IDE0011: 鍚?鈥渋f鈥?璇彞娣诲姞澶ф嫭鍙枫€?(https://learn.microsoft.com/dotnet/fundamentals/code-analysis/style-rules/ide0011) [C:\UserWorx\VSWorx\ServoStudio\wpfui-servoStudio\samples\Wpf.Ui.servoStudio\servoStudio.csproj]
C:\UserWorx\VSWorx\ServoStudio\wpfui-servoStudio\samples\Wpf.Ui.servoStudio\ViewModels\Motion\MotionTypeViewModel.cs(1410,9): warning IDE0011: 鍚?鈥渋f鈥?璇彞娣诲姞澶ф嫭鍙枫€?(https://learn.microsoft.com/dotnet/fundamentals/code-analysis/style-rules/ide0011) [C:\UserWorx\VSWorx\ServoStudio\wpfui-servoStudio\samples\Wpf.Ui.servoStudio\servoStudio.csproj]
C:\UserWorx\VSWorx\ServoStudio\wpfui-servoStudio\samples\Wpf.Ui.servoStudio\ViewModels\Motion\MotionTypeViewModel.cs(1423,9): warning IDE0011: 鍚?鈥渋f鈥?璇彞娣诲姞澶ф嫭鍙枫€?(https://learn.microsoft.com/dotnet/fundamentals/code-analysis/style-rules/ide0011) [C:\UserWorx\VSWorx\ServoStudio\wpfui-servoStudio\samples\Wpf.Ui.servoStudio\servoStudio.csproj]
C:\UserWorx\VSWorx\ServoStudio\wpfui-servoStudio\samples\Wpf.Ui.servoStudio\ViewModels\DeviceSet\BusDiagnosticsViewModel.cs(392,9): warning IDE0011: 鍚?鈥渋f鈥?璇彞娣诲姞澶ф嫭鍙枫€?(https://learn.microsoft.com/dotnet/fundamentals/code-analysis/style-rules/ide0011) [C:\UserWorx\VSWorx\ServoStudio\wpfui-servoStudio\samples\Wpf.Ui.servoStudio\servoStudio.csproj]
C:\UserWorx\VSWorx\ServoStudio\wpfui-servoStudio\samples\Wpf.Ui.servoStudio\ViewModels\Motion\MotionTypeViewModel.cs(1431,9): warning IDE0011: 鍚?鈥渋f鈥?璇彞娣诲姞澶ф嫭鍙枫€?(https://learn.microsoft.com/dotnet/fundamentals/code-analysis/style-rules/ide0011) [C:\UserWorx\VSWorx\ServoStudio\wpfui-servoStudio\samples\Wpf.Ui.servoStudio\servoStudio.csproj]
C:\UserWorx\VSWorx\ServoStudio\wpfui-servoStudio\samples\Wpf.Ui.servoStudio\ViewModels\Motion\MotionTypeViewModel.cs(1433,9): warning IDE0011: 鍚?鈥渋f鈥?璇彞娣诲姞澶ф嫭鍙枫€?(https://learn.microsoft.com/dotnet/fundamentals/code-analysis/style-rules/ide0011) [C:\UserWorx\VSWorx\ServoStudio\wpfui-servoStudio\samples\Wpf.Ui.servoStudio\servoStudio.csproj]
C:\UserWorx\VSWorx\ServoStudio\wpfui-servoStudio\samples\Wpf.Ui.servoStudio\ViewModels\Motion\MotionTypeViewModel.cs(1435,9): warning IDE0011: 鍚?鈥渋f鈥?璇彞娣诲姞澶ф嫭鍙枫€?(https://learn.microsoft.com/dotnet/fundamentals/code-analysis/style-rules/ide0011) [C:\UserWorx\VSWorx\ServoStudio\wpfui-servoStudio\samples\Wpf.Ui.servoStudio\servoStudio.csproj]
C:\UserWorx\VSWorx\ServoStudio\wpfui-servoStudio\samples\Wpf.Ui.servoStudio\ViewModels\Motion\MotionTypeViewModel.cs(1437,9): warning IDE0011: 鍚?鈥渋f鈥?璇彞娣诲姞澶ф嫭鍙枫€?(https://learn.microsoft.com/dotnet/fundamentals/code-analysis/style-rules/ide0011) [C:\UserWorx\VSWorx\ServoStudio\wpfui-servoStudio\samples\Wpf.Ui.servoStudio\servoStudio.csproj]
C:\UserWorx\VSWorx\ServoStudio\wpfui-servoStudio\samples\Wpf.Ui.servoStudio\ViewModels\Motion\MotionTypeViewModel.cs(1439,9): warning IDE0011: 鍚?鈥渋f鈥?璇彞娣诲姞澶ф嫭鍙枫€?(https://learn.microsoft.com/dotnet/fundamentals/code-analysis/style-rules/ide0011) [C:\UserWorx\VSWorx\ServoStudio\wpfui-servoStudio\samples\Wpf.Ui.servoStudio\servoStudio.csproj]
C:\UserWorx\VSWorx\ServoStudio\wpfui-servoStudio\samples\Wpf.Ui.servoStudio\ViewModels\Motion\MotionTypeViewModel.cs(1441,9): warning IDE0011: 鍚?鈥渋f鈥?璇彞娣诲姞澶ф嫭鍙枫€?(https://learn.microsoft.com/dotnet/fundamentals/code-analysis/style-rules/ide0011) [C:\UserWorx\VSWorx\ServoStudio\wpfui-servoStudio\samples\Wpf.Ui.servoStudio\servoStudio.csproj]
C:\UserWorx\VSWorx\ServoStudio\wpfui-servoStudio\samples\Wpf.Ui.servoStudio\Services\DataFrameLogger.cs(162,21): warning IDE0011: 鍚?鈥渋f鈥?璇彞娣诲姞澶ф嫭鍙枫€?(https://learn.microsoft.com/dotnet/fundamentals/code-analysis/style-rules/ide0011) [C:\UserWorx\VSWorx\ServoStudio\wpfui-servoStudio\samples\Wpf.Ui.servoStudio\servoStudio.csproj]
C:\UserWorx\VSWorx\ServoStudio\wpfui-servoStudio\samples\Wpf.Ui.servoStudio\Services\DataFrameLogger.cs(174,21): warning IDE0011: 鍚?鈥渋f鈥?璇彞娣诲姞澶ф嫭鍙枫€?(https://learn.microsoft.com/dotnet/fundamentals/code-analysis/style-rules/ide0011) [C:\UserWorx\VSWorx\ServoStudio\wpfui-servoStudio\samples\Wpf.Ui.servoStudio\servoStudio.csproj]
C:\UserWorx\VSWorx\ServoStudio\wpfui-servoStudio\samples\Wpf.Ui.servoStudio\Services\DataFrameLogger.cs(198,21): warning IDE0011: 鍚?鈥渋f鈥?璇彞娣诲姞澶ф嫭鍙枫€?(https://learn.microsoft.com/dotnet/fundamentals/code-analysis/style-rules/ide0011) [C:\UserWorx\VSWorx\ServoStudio\wpfui-servoStudio\samples\Wpf.Ui.servoStudio\servoStudio.csproj]
C:\UserWorx\VSWorx\ServoStudio\wpfui-servoStudio\samples\Wpf.Ui.servoStudio\ViewModels\Motion\MotionTypeViewModel.cs(1449,9): warning IDE0011: 鍚?鈥渋f鈥?璇彞娣诲姞澶ф嫭鍙枫€?(https://learn.microsoft.com/dotnet/fundamentals/code-analysis/style-rules/ide0011) [C:\UserWorx\VSWorx\ServoStudio\wpfui-servoStudio\samples\Wpf.Ui.servoStudio\servoStudio.csproj]
C:\UserWorx\VSWorx\ServoStudio\wpfui-servoStudio\samples\Wpf.Ui.servoStudio\ViewModels\Motion\MotionTypeViewModel.cs(1451,9): warning IDE0011: 鍚?鈥渋f鈥?璇彞娣诲姞澶ф嫭鍙枫€?(https://learn.microsoft.com/dotnet/fundamentals/code-analysis/style-rules/ide0011) [C:\UserWorx\VSWorx\ServoStudio\wpfui-servoStudio\samples\Wpf.Ui.servoStudio\servoStudio.csproj]
C:\UserWorx\VSWorx\ServoStudio\wpfui-servoStudio\samples\Wpf.Ui.servoStudio\ViewModels\Motion\MotionTypeViewModel.cs(1453,9): warning IDE0011: 鍚?鈥渋f鈥?璇彞娣诲姞澶ф嫭鍙枫€?(https://learn.microsoft.com/dotnet/fundamentals/code-analysis/style-rules/ide0011) [C:\UserWorx\VSWorx\ServoStudio\wpfui-servoStudio\samples\Wpf.Ui.servoStudio\servoStudio.csproj]
C:\UserWorx\VSWorx\ServoStudio\wpfui-servoStudio\samples\Wpf.Ui.servoStudio\ViewModels\Motion\MotionTypeViewModel.cs(1455,9): warning IDE0011: 鍚?鈥渋f鈥?璇彞娣诲姞澶ф嫭鍙枫€?(https://learn.microsoft.com/dotnet/fundamentals/code-analysis/style-rules/ide0011) [C:\UserWorx\VSWorx\ServoStudio\wpfui-servoStudio\samples\Wpf.Ui.servoStudio\servoStudio.csproj]
C:\UserWorx\VSWorx\ServoStudio\wpfui-servoStudio\samples\Wpf.Ui.servoStudio\ViewModels\Motion\MotionTypeViewModel.cs(1463,9): warning IDE0011: 鍚?鈥渋f鈥?璇彞娣诲姞澶ф嫭鍙枫€?(https://learn.microsoft.com/dotnet/fundamentals/code-analysis/style-rules/ide0011) [C:\UserWorx\VSWorx\ServoStudio\wpfui-servoStudio\samples\Wpf.Ui.servoStudio\servoStudio.csproj]
C:\UserWorx\VSWorx\ServoStudio\wpfui-servoStudio\samples\Wpf.Ui.servoStudio\ViewModels\Motion\MotionTypeViewModel.cs(1465,9): warning IDE0011: 鍚?鈥渋f鈥?璇彞娣诲姞澶ф嫭鍙枫€?(https://learn.microsoft.com/dotnet/fundamentals/code-analysis/style-rules/ide0011) [C:\UserWorx\VSWorx\ServoStudio\wpfui-servoStudio\samples\Wpf.Ui.servoStudio\servoStudio.csproj]
C:\UserWorx\VSWorx\ServoStudio\wpfui-servoStudio\samples\Wpf.Ui.servoStudio\ViewModels\Motion\MotionTypeViewModel.cs(1467,9): warning IDE0011: 鍚?鈥渋f鈥?璇彞娣诲姞澶ф嫭鍙枫€?(https://learn.microsoft.com/dotnet/fundamentals/code-analysis/style-rules/ide0011) [C:\UserWorx\VSWorx\ServoStudio\wpfui-servoStudio\samples\Wpf.Ui.servoStudio\servoStudio.csproj]
C:\UserWorx\VSWorx\ServoStudio\wpfui-servoStudio\samples\Wpf.Ui.servoStudio\Views\Pages\SettingsPage.xaml.cs(15,50): warning IDE0055: 淇鏍煎紡 (https://learn.microsoft.com/dotnet/fundamentals/code-analysis/style-rules/ide0055) [C:\UserWorx\VSWorx\ServoStudio\wpfui-servoStudio\samples\Wpf.Ui.servoStudio\servoStudio.csproj]
C:\UserWorx\VSWorx\ServoStudio\wpfui-servoStudio\samples\Wpf.Ui.servoStudio\Views\Pages\SettingsPage.xaml.cs(15,52): warning IDE0055: 淇鏍煎紡 (https://learn.microsoft.com/dotnet/fundamentals/code-analysis/style-rules/ide0055) [C:\UserWorx\VSWorx\ServoStudio\wpfui-servoStudio\samples\Wpf.Ui.servoStudio\servoStudio.csproj]
C:\UserWorx\VSWorx\ServoStudio\wpfui-servoStudio\samples\Wpf.Ui.servoStudio\Views\Pages\SettingsPage.xaml.cs(15,57): warning IDE0055: 淇鏍煎紡 (https://learn.microsoft.com/dotnet/fundamentals/code-analysis/style-rules/ide0055) [C:\UserWorx\VSWorx\ServoStudio\wpfui-servoStudio\samples\Wpf.Ui.servoStudio\servoStudio.csproj]
C:\UserWorx\VSWorx\ServoStudio\wpfui-servoStudio\samples\Wpf.Ui.servoStudio\Views\Pages\TuningPages\AdvancedTuningPage.xaml.cs(13,45): warning IDE0055: 淇鏍煎紡 (https://learn.microsoft.com/dotnet/fundamentals/code-analysis/style-rules/ide0055) [C:\UserWorx\VSWorx\ServoStudio\wpfui-servoStudio\samples\Wpf.Ui.servoStudio\servoStudio.csproj]
C:\UserWorx\VSWorx\ServoStudio\wpfui-servoStudio\samples\Wpf.Ui.servoStudio\Views\Pages\TuningPages\AdvancedTuningPage.xaml.cs(13,47): warning IDE0055: 淇鏍煎紡 (https://learn.microsoft.com/dotnet/fundamentals/code-analysis/style-rules/ide0055) [C:\UserWorx\VSWorx\ServoStudio\wpfui-servoStudio\samples\Wpf.Ui.servoStudio\servoStudio.csproj]
C:\UserWorx\VSWorx\ServoStudio\wpfui-servoStudio\samples\Wpf.Ui.servoStudio\Views\Pages\TuningPages\AdvancedTuningPage.xaml.cs(13,52): warning IDE0055: 淇鏍煎紡 (https://learn.microsoft.com/dotnet/fundamentals/code-analysis/style-rules/ide0055) [C:\UserWorx\VSWorx\ServoStudio\wpfui-servoStudio\samples\Wpf.Ui.servoStudio\servoStudio.csproj]
C:\UserWorx\VSWorx\ServoStudio\wpfui-servoStudio\samples\Wpf.Ui.servoStudio\Views\Pages\TuningPages\MotorIdentificationPage.xaml.cs(13,50): warning IDE0055: 淇鏍煎紡 (https://learn.microsoft.com/dotnet/fundamentals/code-analysis/style-rules/ide0055) [C:\UserWorx\VSWorx\ServoStudio\wpfui-servoStudio\samples\Wpf.Ui.servoStudio\servoStudio.csproj]
C:\UserWorx\VSWorx\ServoStudio\wpfui-servoStudio\samples\Wpf.Ui.servoStudio\Views\Pages\TuningPages\MotorIdentificationPage.xaml.cs(13,52): warning IDE0055: 淇鏍煎紡 (https://learn.microsoft.com/dotnet/fundamentals/code-analysis/style-rules/ide0055) [C:\UserWorx\VSWorx\ServoStudio\wpfui-servoStudio\samples\Wpf.Ui.servoStudio\servoStudio.csproj]
C:\UserWorx\VSWorx\ServoStudio\wpfui-servoStudio\samples\Wpf.Ui.servoStudio\Views\Pages\TuningPages\MotorIdentificationPage.xaml.cs(13,57): warning IDE0055: 淇鏍煎紡 (https://learn.microsoft.com/dotnet/fundamentals/code-analysis/style-rules/ide0055) [C:\UserWorx\VSWorx\ServoStudio\wpfui-servoStudio\samples\Wpf.Ui.servoStudio\servoStudio.csproj]
C:\UserWorx\VSWorx\ServoStudio\wpfui-servoStudio\samples\Wpf.Ui.servoStudio\Services\DataFrameLogger.cs(256,9): warning IDE0011: 鍚?鈥渋f鈥?璇彞娣诲姞澶ф嫭鍙枫€?(https://learn.microsoft.com/dotnet/fundamentals/code-analysis/style-rules/ide0011) [C:\UserWorx\VSWorx\ServoStudio\wpfui-servoStudio\samples\Wpf.Ui.servoStudio\servoStudio.csproj]
C:\UserWorx\VSWorx\ServoStudio\wpfui-servoStudio\samples\Wpf.Ui.servoStudio\Services\DataFrameLogger.cs(278,9): warning IDE0011: 鍚?鈥渋f鈥?璇彞娣诲姞澶ф嫭鍙枫€?(https://learn.microsoft.com/dotnet/fundamentals/code-analysis/style-rules/ide0011) [C:\UserWorx\VSWorx\ServoStudio\wpfui-servoStudio\samples\Wpf.Ui.servoStudio\servoStudio.csproj]
C:\UserWorx\VSWorx\ServoStudio\wpfui-servoStudio\samples\Wpf.Ui.servoStudio\Services\FrameFormatRuntimeService.cs(97,9): warning IDE0011: 鍚?鈥渓ock鈥?璇彞娣诲姞澶ф嫭鍙枫€?(https://learn.microsoft.com/dotnet/fundamentals/code-analysis/style-rules/ide0011) [C:\UserWorx\VSWorx\ServoStudio\wpfui-servoStudio\samples\Wpf.Ui.servoStudio\servoStudio.csproj]
C:\UserWorx\VSWorx\ServoStudio\wpfui-servoStudio\samples\Wpf.Ui.servoStudio\Services\FrameFormatRuntimeService.cs(109,9): warning IDE0011: 鍚?鈥渋f鈥?璇彞娣诲姞澶ф嫭鍙枫€?(https://learn.microsoft.com/dotnet/fundamentals/code-analysis/style-rules/ide0011) [C:\UserWorx\VSWorx\ServoStudio\wpfui-servoStudio\samples\Wpf.Ui.servoStudio\servoStudio.csproj]
C:\UserWorx\VSWorx\ServoStudio\wpfui-servoStudio\samples\Wpf.Ui.servoStudio\ViewModels\DeviceSet\DeviceAddViewModel.cs(1995,13): warning IDE0011: 鍚?鈥渋f鈥?璇彞娣诲姞澶ф嫭鍙枫€?(https://learn.microsoft.com/dotnet/fundamentals/code-analysis/style-rules/ide0011) [C:\UserWorx\VSWorx\ServoStudio\wpfui-servoStudio\samples\Wpf.Ui.servoStudio\servoStudio.csproj]
C:\UserWorx\VSWorx\ServoStudio\wpfui-servoStudio\samples\Wpf.Ui.servoStudio\Services\FrameFormatRuntimeService.cs(131,13): warning IDE0011: 鍚?鈥渋f鈥?璇彞娣诲姞澶ф嫭鍙枫€?(https://learn.microsoft.com/dotnet/fundamentals/code-analysis/style-rules/ide0011) [C:\UserWorx\VSWorx\ServoStudio\wpfui-servoStudio\samples\Wpf.Ui.servoStudio\servoStudio.csproj]
C:\UserWorx\VSWorx\ServoStudio\wpfui-servoStudio\samples\Wpf.Ui.servoStudio\Services\FrameFormatRuntimeService.cs(139,13): warning IDE0011: 鍚?鈥渋f鈥?璇彞娣诲姞澶ф嫭鍙枫€?(https://learn.microsoft.com/dotnet/fundamentals/code-analysis/style-rules/ide0011) [C:\UserWorx\VSWorx\ServoStudio\wpfui-servoStudio\samples\Wpf.Ui.servoStudio\servoStudio.csproj]
C:\UserWorx\VSWorx\ServoStudio\wpfui-servoStudio\samples\Wpf.Ui.servoStudio\ViewModels\DeviceSet\DeviceAddViewModel.cs(2039,9): warning IDE0011: 鍚?鈥渋f鈥?璇彞娣诲姞澶ф嫭鍙枫€?(https://learn.microsoft.com/dotnet/fundamentals/code-analysis/style-rules/ide0011) [C:\UserWorx\VSWorx\ServoStudio\wpfui-servoStudio\samples\Wpf.Ui.servoStudio\servoStudio.csproj]
C:\UserWorx\VSWorx\ServoStudio\wpfui-servoStudio\samples\Wpf.Ui.servoStudio\Services\DataFrameLogger.cs(358,9): warning IDE0011: 鍚?鈥渋f鈥?璇彞娣诲姞澶ф嫭鍙枫€?(https://learn.microsoft.com/dotnet/fundamentals/code-analysis/style-rules/ide0011) [C:\UserWorx\VSWorx\ServoStudio\wpfui-servoStudio\samples\Wpf.Ui.servoStudio\servoStudio.csproj]
C:\UserWorx\VSWorx\ServoStudio\wpfui-servoStudio\samples\Wpf.Ui.servoStudio\ViewModels\DeviceSet\DeviceAddViewModel.cs(2065,9): warning IDE0011: 鍚?鈥渋f鈥?璇彞娣诲姞澶ф嫭鍙枫€?(https://learn.microsoft.com/dotnet/fundamentals/code-analysis/style-rules/ide0011) [C:\UserWorx\VSWorx\ServoStudio\wpfui-servoStudio\samples\Wpf.Ui.servoStudio\servoStudio.csproj]
C:\UserWorx\VSWorx\ServoStudio\wpfui-servoStudio\samples\Wpf.Ui.servoStudio\ViewModels\DeviceSet\DeviceAddViewModel.cs(2066,9): warning IDE0011: 鍚?鈥渋f鈥?璇彞娣诲姞澶ф嫭鍙枫€?(https://learn.microsoft.com/dotnet/fundamentals/code-analysis/style-rules/ide0011) [C:\UserWorx\VSWorx\ServoStudio\wpfui-servoStudio\samples\Wpf.Ui.servoStudio\servoStudio.csproj]
C:\UserWorx\VSWorx\ServoStudio\wpfui-servoStudio\samples\Wpf.Ui.servoStudio\ViewModels\DeviceSet\DeviceAddViewModel.cs(2080,17): warning IDE0011: 鍚?鈥渋f鈥?璇彞娣诲姞澶ф嫭鍙枫€?(https://learn.microsoft.com/dotnet/fundamentals/code-analysis/style-rules/ide0011) [C:\UserWorx\VSWorx\ServoStudio\wpfui-servoStudio\samples\Wpf.Ui.servoStudio\servoStudio.csproj]
C:\UserWorx\VSWorx\ServoStudio\wpfui-servoStudio\samples\Wpf.Ui.servoStudio\ViewModels\DeviceSet\DeviceAddViewModel.cs(2176,13): warning IDE0011: 鍚?鈥渋f鈥?璇彞娣诲姞澶ф嫭鍙枫€?(https://learn.microsoft.com/dotnet/fundamentals/code-analysis/style-rules/ide0011) [C:\UserWorx\VSWorx\ServoStudio\wpfui-servoStudio\samples\Wpf.Ui.servoStudio\servoStudio.csproj]
C:\UserWorx\VSWorx\ServoStudio\wpfui-servoStudio\samples\Wpf.Ui.servoStudio\Services\DataFrameLogger.cs(313,9): warning IDE0011: 鍚?鈥渋f鈥?璇彞娣诲姞澶ф嫭鍙枫€?(https://learn.microsoft.com/dotnet/fundamentals/code-analysis/style-rules/ide0011) [C:\UserWorx\VSWorx\ServoStudio\wpfui-servoStudio\samples\Wpf.Ui.servoStudio\servoStudio.csproj]
C:\UserWorx\VSWorx\ServoStudio\wpfui-servoStudio\samples\Wpf.Ui.servoStudio\Services\DataFrameLogger.cs(367,9): warning IDE0011: 鍚?鈥渋f鈥?璇彞娣诲姞澶ф嫭鍙枫€?(https://learn.microsoft.com/dotnet/fundamentals/code-analysis/style-rules/ide0011) [C:\UserWorx\VSWorx\ServoStudio\wpfui-servoStudio\samples\Wpf.Ui.servoStudio\servoStudio.csproj]
C:\UserWorx\VSWorx\ServoStudio\wpfui-servoStudio\samples\Wpf.Ui.servoStudio\Services\DataFrameLogger.cs(369,9): warning IDE0011: 鍚?鈥渋f鈥?璇彞娣诲姞澶ф嫭鍙枫€?(https://learn.microsoft.com/dotnet/fundamentals/code-analysis/style-rules/ide0011) [C:\UserWorx\VSWorx\ServoStudio\wpfui-servoStudio\samples\Wpf.Ui.servoStudio\servoStudio.csproj]
C:\UserWorx\VSWorx\ServoStudio\wpfui-servoStudio\samples\Wpf.Ui.servoStudio\Services\DataFrameLogger.cs(395,9): warning IDE0011: 鍚?鈥渋f鈥?璇彞娣诲姞澶ф嫭鍙枫€?(https://learn.microsoft.com/dotnet/fundamentals/code-analysis/style-rules/ide0011) [C:\UserWorx\VSWorx\ServoStudio\wpfui-servoStudio\samples\Wpf.Ui.servoStudio\servoStudio.csproj]
C:\UserWorx\VSWorx\ServoStudio\wpfui-servoStudio\samples\Wpf.Ui.servoStudio\ViewModels\DeviceSet\BusDiagnosticsViewModel.cs(573,9): warning IDE0011: 鍚?鈥渋f鈥?璇彞娣诲姞澶ф嫭鍙枫€?(https://learn.microsoft.com/dotnet/fundamentals/code-analysis/style-rules/ide0011) [C:\UserWorx\VSWorx\ServoStudio\wpfui-servoStudio\samples\Wpf.Ui.servoStudio\servoStudio.csproj]
C:\UserWorx\VSWorx\ServoStudio\wpfui-servoStudio\samples\Wpf.Ui.servoStudio\ViewModels\DeviceSet\BusDiagnosticsViewModel.cs(577,9): warning IDE0011: 鍚?鈥渋f鈥?璇彞娣诲姞澶ф嫭鍙枫€?(https://learn.microsoft.com/dotnet/fundamentals/code-analysis/style-rules/ide0011) [C:\UserWorx\VSWorx\ServoStudio\wpfui-servoStudio\samples\Wpf.Ui.servoStudio\servoStudio.csproj]
C:\UserWorx\VSWorx\ServoStudio\wpfui-servoStudio\samples\Wpf.Ui.servoStudio\ViewModels\DeviceSet\DeviceAddViewModel.cs(2257,17): warning IDE0011: 鍚?鈥渋f鈥?璇彞娣诲姞澶ф嫭鍙枫€?(https://learn.microsoft.com/dotnet/fundamentals/code-analysis/style-rules/ide0011) [C:\UserWorx\VSWorx\ServoStudio\wpfui-servoStudio\samples\Wpf.Ui.servoStudio\servoStudio.csproj]
C:\UserWorx\VSWorx\ServoStudio\wpfui-servoStudio\samples\Wpf.Ui.servoStudio\ViewModels\DeviceSet\DeviceAddViewModel.cs(2261,13): warning IDE0011: 鍚?鈥渋f鈥?璇彞娣诲姞澶ф嫭鍙枫€?(https://learn.microsoft.com/dotnet/fundamentals/code-analysis/style-rules/ide0011) [C:\UserWorx\VSWorx\ServoStudio\wpfui-servoStudio\samples\Wpf.Ui.servoStudio\servoStudio.csproj]
C:\UserWorx\VSWorx\ServoStudio\wpfui-servoStudio\samples\Wpf.Ui.servoStudio\ViewModels\DeviceSet\DeviceAddViewModel.cs(2263,13): warning IDE0011: 鍚?鈥渋f鈥?璇彞娣诲姞澶ф嫭鍙枫€?(https://learn.microsoft.com/dotnet/fundamentals/code-analysis/style-rules/ide0011) [C:\UserWorx\VSWorx\ServoStudio\wpfui-servoStudio\samples\Wpf.Ui.servoStudio\servoStudio.csproj]
C:\UserWorx\VSWorx\ServoStudio\wpfui-servoStudio\samples\Wpf.Ui.servoStudio\ViewModels\DeviceSet\DeviceAddViewModel.cs(2265,13): warning IDE0011: 鍚?鈥渋f鈥?璇彞娣诲姞澶ф嫭鍙枫€?(https://learn.microsoft.com/dotnet/fundamentals/code-analysis/style-rules/ide0011) [C:\UserWorx\VSWorx\ServoStudio\wpfui-servoStudio\samples\Wpf.Ui.servoStudio\servoStudio.csproj]
C:\UserWorx\VSWorx\ServoStudio\wpfui-servoStudio\samples\Wpf.Ui.servoStudio\ViewModels\DeviceSet\DeviceAddViewModel.cs(2267,13): warning IDE0011: 鍚?鈥渋f鈥?璇彞娣诲姞澶ф嫭鍙枫€?(https://learn.microsoft.com/dotnet/fundamentals/code-analysis/style-rules/ide0011) [C:\UserWorx\VSWorx\ServoStudio\wpfui-servoStudio\samples\Wpf.Ui.servoStudio\servoStudio.csproj]
C:\UserWorx\VSWorx\ServoStudio\wpfui-servoStudio\samples\Wpf.Ui.servoStudio\ViewModels\DeviceSet\DeviceAddViewModel.cs(2270,13): warning IDE0011: 鍚?鈥渋f鈥?璇彞娣诲姞澶ф嫭鍙枫€?(https://learn.microsoft.com/dotnet/fundamentals/code-analysis/style-rules/ide0011) [C:\UserWorx\VSWorx\ServoStudio\wpfui-servoStudio\samples\Wpf.Ui.servoStudio\servoStudio.csproj]
C:\UserWorx\VSWorx\ServoStudio\wpfui-servoStudio\samples\Wpf.Ui.servoStudio\ViewModels\DeviceSet\DeviceAddViewModel.cs(2274,13): warning IDE0011: 鍚?鈥渋f鈥?璇彞娣诲姞澶ф嫭鍙枫€?(https://learn.microsoft.com/dotnet/fundamentals/code-analysis/style-rules/ide0011) [C:\UserWorx\VSWorx\ServoStudio\wpfui-servoStudio\samples\Wpf.Ui.servoStudio\servoStudio.csproj]
C:\UserWorx\VSWorx\ServoStudio\wpfui-servoStudio\samples\Wpf.Ui.servoStudio\ViewModels\DeviceSet\DeviceAddViewModel.cs(2276,13): warning IDE0011: 鍚?鈥渋f鈥?璇彞娣诲姞澶ф嫭鍙枫€?(https://learn.microsoft.com/dotnet/fundamentals/code-analysis/style-rules/ide0011) [C:\UserWorx\VSWorx\ServoStudio\wpfui-servoStudio\samples\Wpf.Ui.servoStudio\servoStudio.csproj]
C:\UserWorx\VSWorx\ServoStudio\wpfui-servoStudio\samples\Wpf.Ui.servoStudio\ViewModels\DeviceSet\DeviceAddViewModel.cs(2278,13): warning IDE0011: 鍚?鈥渋f鈥?璇彞娣诲姞澶ф嫭鍙枫€?(https://learn.microsoft.com/dotnet/fundamentals/code-analysis/style-rules/ide0011) [C:\UserWorx\VSWorx\ServoStudio\wpfui-servoStudio\samples\Wpf.Ui.servoStudio\servoStudio.csproj]
C:\UserWorx\VSWorx\ServoStudio\wpfui-servoStudio\samples\Wpf.Ui.servoStudio\ViewModels\DeviceSet\DeviceAddViewModel.cs(2282,13): warning IDE0011: 鍚?鈥渋f鈥?璇彞娣诲姞澶ф嫭鍙枫€?(https://learn.microsoft.com/dotnet/fundamentals/code-analysis/style-rules/ide0011) [C:\UserWorx\VSWorx\ServoStudio\wpfui-servoStudio\samples\Wpf.Ui.servoStudio\servoStudio.csproj]
C:\UserWorx\VSWorx\ServoStudio\wpfui-servoStudio\samples\Wpf.Ui.servoStudio\ViewModels\DeviceSet\DeviceAddViewModel.cs(2301,13): warning IDE0011: 鍚?鈥渋f鈥?璇彞娣诲姞澶ф嫭鍙枫€?(https://learn.microsoft.com/dotnet/fundamentals/code-analysis/style-rules/ide0011) [C:\UserWorx\VSWorx\ServoStudio\wpfui-servoStudio\samples\Wpf.Ui.servoStudio\servoStudio.csproj]
C:\UserWorx\VSWorx\ServoStudio\wpfui-servoStudio\samples\Wpf.Ui.servoStudio\ViewModels\DeviceSet\DeviceAddViewModel.cs(2303,13): warning IDE0011: 鍚?鈥渋f鈥?璇彞娣诲姞澶ф嫭鍙枫€?(https://learn.microsoft.com/dotnet/fundamentals/code-analysis/style-rules/ide0011) [C:\UserWorx\VSWorx\ServoStudio\wpfui-servoStudio\samples\Wpf.Ui.servoStudio\servoStudio.csproj]
C:\UserWorx\VSWorx\ServoStudio\wpfui-servoStudio\samples\Wpf.Ui.servoStudio\Services\DataFrameLogger.cs(415,25): warning IDE0011: 鍚?鈥渋f鈥?璇彞娣诲姞澶ф嫭鍙枫€?(https://learn.microsoft.com/dotnet/fundamentals/code-analysis/style-rules/ide0011) [C:\UserWorx\VSWorx\ServoStudio\wpfui-servoStudio\samples\Wpf.Ui.servoStudio\servoStudio.csproj]
C:\UserWorx\VSWorx\ServoStudio\wpfui-servoStudio\samples\Wpf.Ui.servoStudio\Services\DataFrameLogger.cs(416,25): warning IDE0011: 鍚?鈥渆lse鈥?璇彞娣诲姞澶ф嫭鍙枫€?(https://learn.microsoft.com/dotnet/fundamentals/code-analysis/style-rules/ide0011) [C:\UserWorx\VSWorx\ServoStudio\wpfui-servoStudio\samples\Wpf.Ui.servoStudio\servoStudio.csproj]
C:\UserWorx\VSWorx\ServoStudio\wpfui-servoStudio\samples\Wpf.Ui.servoStudio\ViewModels\Factory\FactoryFirmwareViewModel.cs(603,9): warning IDE0058: 姘歌繙涓嶄細浣跨敤琛ㄨ揪寮忓€?(https://learn.microsoft.com/dotnet/fundamentals/code-analysis/style-rules/ide0058) [C:\UserWorx\VSWorx\ServoStudio\wpfui-servoStudio\samples\Wpf.Ui.servoStudio\servoStudio.csproj]
C:\UserWorx\VSWorx\ServoStudio\wpfui-servoStudio\samples\Wpf.Ui.servoStudio\ViewModels\Factory\FactoryFirmwareViewModel.cs(604,9): warning IDE0058: 姘歌繙涓嶄細浣跨敤琛ㄨ揪寮忓€?(https://learn.microsoft.com/dotnet/fundamentals/code-analysis/style-rules/ide0058) [C:\UserWorx\VSWorx\ServoStudio\wpfui-servoStudio\samples\Wpf.Ui.servoStudio\servoStudio.csproj]
C:\UserWorx\VSWorx\ServoStudio\wpfui-servoStudio\samples\Wpf.Ui.servoStudio\ViewModels\DeviceSet\BusDiagnosticsViewModel.cs(613,9): warning IDE0008: 鐢ㄦ樉寮忕被鍨嬩唬鏇?"var" (https://learn.microsoft.com/dotnet/fundamentals/code-analysis/style-rules/ide0008) [C:\UserWorx\VSWorx\ServoStudio\wpfui-servoStudio\samples\Wpf.Ui.servoStudio\servoStudio.csproj]
C:\UserWorx\VSWorx\ServoStudio\wpfui-servoStudio\samples\Wpf.Ui.servoStudio\Services\FirmwareRepositoryService.cs(773,19): warning IDE0008: 鐢ㄦ樉寮忕被鍨嬩唬鏇?"var" (https://learn.microsoft.com/dotnet/fundamentals/code-analysis/style-rules/ide0008) [C:\UserWorx\VSWorx\ServoStudio\wpfui-servoStudio\samples\Wpf.Ui.servoStudio\servoStudio.csproj]
C:\UserWorx\VSWorx\ServoStudio\wpfui-servoStudio\samples\Wpf.Ui.servoStudio\ViewModels\DeviceSet\BusDiagnosticsViewModel.cs(630,9): warning IDE0011: 鍚?鈥渋f鈥?璇彞娣诲姞澶ф嫭鍙枫€?(https://learn.microsoft.com/dotnet/fundamentals/code-analysis/style-rules/ide0011) [C:\UserWorx\VSWorx\ServoStudio\wpfui-servoStudio\samples\Wpf.Ui.servoStudio\servoStudio.csproj]
C:\UserWorx\VSWorx\ServoStudio\wpfui-servoStudio\samples\Wpf.Ui.servoStudio\ViewModels\DeviceSet\BusDiagnosticsViewModel.cs(645,9): warning IDE0011: 鍚?鈥渋f鈥?璇彞娣诲姞澶ф嫭鍙枫€?(https://learn.microsoft.com/dotnet/fundamentals/code-analysis/style-rules/ide0011) [C:\UserWorx\VSWorx\ServoStudio\wpfui-servoStudio\samples\Wpf.Ui.servoStudio\servoStudio.csproj]
C:\UserWorx\VSWorx\ServoStudio\wpfui-servoStudio\samples\Wpf.Ui.servoStudio\ViewModels\DeviceSet\BusDiagnosticsViewModel.cs(647,9): warning IDE0011: 鍚?鈥渋f鈥?璇彞娣诲姞澶ф嫭鍙枫€?(https://learn.microsoft.com/dotnet/fundamentals/code-analysis/style-rules/ide0011) [C:\UserWorx\VSWorx\ServoStudio\wpfui-servoStudio\samples\Wpf.Ui.servoStudio\servoStudio.csproj]
C:\UserWorx\VSWorx\ServoStudio\wpfui-servoStudio\samples\Wpf.Ui.servoStudio\Services\DataFrameLogger.cs(41,27): warning CA2213: 鈥淒ataFrameLogger鈥濆寘鍚?IDisposable 绫诲瀷鈥淪treamWriter?鈥濈殑瀛楁鈥淿writer鈥濓紝浣嗕粠鏈繘琛岄噴鏀俱€傝鏇存敼鈥淒ataFrameLogger鈥濅笂鐨?Dispose 鏂规硶浠ュ姝ゅ瓧娈佃皟鐢?Close 鎴?Dispose銆?(https://learn.microsoft.com/dotnet/fundamentals/code-analysis/quality-rules/ca2213) [C:\UserWorx\VSWorx\ServoStudio\wpfui-servoStudio\samples\Wpf.Ui.servoStudio\servoStudio.csproj]
C:\UserWorx\VSWorx\ServoStudio\wpfui-servoStudio\samples\Wpf.Ui.servoStudio\ViewModels\DeviceSet\BusDiagnosticsViewModel.cs(660,9): warning IDE0011: 鍚?鈥渋f鈥?璇彞娣诲姞澶ф嫭鍙枫€?(https://learn.microsoft.com/dotnet/fundamentals/code-analysis/style-rules/ide0011) [C:\UserWorx\VSWorx\ServoStudio\wpfui-servoStudio\samples\Wpf.Ui.servoStudio\servoStudio.csproj]
C:\UserWorx\VSWorx\ServoStudio\wpfui-servoStudio\samples\Wpf.Ui.servoStudio\ViewModels\DeviceSet\BusDiagnosticsViewModel.cs(664,13): warning IDE0011: 鍚?鈥渋f鈥?璇彞娣诲姞澶ф嫭鍙枫€?(https://learn.microsoft.com/dotnet/fundamentals/code-analysis/style-rules/ide0011) [C:\UserWorx\VSWorx\ServoStudio\wpfui-servoStudio\samples\Wpf.Ui.servoStudio\servoStudio.csproj]
C:\UserWorx\VSWorx\ServoStudio\wpfui-servoStudio\samples\Wpf.Ui.servoStudio\ViewModels\DeviceSet\BusDiagnosticsViewModel.cs(665,13): warning IDE0011: 鍚?鈥渋f鈥?璇彞娣诲姞澶ф嫭鍙枫€?(https://learn.microsoft.com/dotnet/fundamentals/code-analysis/style-rules/ide0011) [C:\UserWorx\VSWorx\ServoStudio\wpfui-servoStudio\samples\Wpf.Ui.servoStudio\servoStudio.csproj]
C:\UserWorx\VSWorx\ServoStudio\wpfui-servoStudio\samples\Wpf.Ui.servoStudio\ViewModels\Motion\MotionTypeViewModel.cs(1707,9): warning IDE0011: 鍚?鈥渋f鈥?璇彞娣诲姞澶ф嫭鍙枫€?(https://learn.microsoft.com/dotnet/fundamentals/code-analysis/style-rules/ide0011) [C:\UserWorx\VSWorx\ServoStudio\wpfui-servoStudio\samples\Wpf.Ui.servoStudio\servoStudio.csproj]
C:\UserWorx\VSWorx\ServoStudio\wpfui-servoStudio\samples\Wpf.Ui.servoStudio\ViewModels\Motion\MotionTypeViewModel.cs(1708,9): warning IDE0011: 鍚?鈥渋f鈥?璇彞娣诲姞澶ф嫭鍙枫€?(https://learn.microsoft.com/dotnet/fundamentals/code-analysis/style-rules/ide0011) [C:\UserWorx\VSWorx\ServoStudio\wpfui-servoStudio\samples\Wpf.Ui.servoStudio\servoStudio.csproj]
C:\UserWorx\VSWorx\ServoStudio\wpfui-servoStudio\samples\Wpf.Ui.servoStudio\ViewModels\Motion\MotionTypeViewModel.cs(1709,9): warning IDE0011: 鍚?鈥渋f鈥?璇彞娣诲姞澶ф嫭鍙枫€?(https://learn.microsoft.com/dotnet/fundamentals/code-analysis/style-rules/ide0011) [C:\UserWorx\VSWorx\ServoStudio\wpfui-servoStudio\samples\Wpf.Ui.servoStudio\servoStudio.csproj]
C:\UserWorx\VSWorx\ServoStudio\wpfui-servoStudio\samples\Wpf.Ui.servoStudio\ViewModels\Motion\MotionTypeViewModel.cs(1710,9): warning IDE0011: 鍚?鈥渋f鈥?璇彞娣诲姞澶ф嫭鍙枫€?(https://learn.microsoft.com/dotnet/fundamentals/code-analysis/style-rules/ide0011) [C:\UserWorx\VSWorx\ServoStudio\wpfui-servoStudio\samples\Wpf.Ui.servoStudio\servoStudio.csproj]
C:\UserWorx\VSWorx\ServoStudio\wpfui-servoStudio\samples\Wpf.Ui.servoStudio\ViewModels\Motion\MotionTypeViewModel.cs(1711,9): warning IDE0011: 鍚?鈥渋f鈥?璇彞娣诲姞澶ф嫭鍙枫€?(https://learn.microsoft.com/dotnet/fundamentals/code-analysis/style-rules/ide0011) [C:\UserWorx\VSWorx\ServoStudio\wpfui-servoStudio\samples\Wpf.Ui.servoStudio\servoStudio.csproj]
C:\UserWorx\VSWorx\ServoStudio\wpfui-servoStudio\samples\Wpf.Ui.servoStudio\ViewModels\Motion\MotionTypeViewModel.cs(1712,9): warning IDE0011: 鍚?鈥渋f鈥?璇彞娣诲姞澶ф嫭鍙枫€?(https://learn.microsoft.com/dotnet/fundamentals/code-analysis/style-rules/ide0011) [C:\UserWorx\VSWorx\ServoStudio\wpfui-servoStudio\samples\Wpf.Ui.servoStudio\servoStudio.csproj]
C:\UserWorx\VSWorx\ServoStudio\wpfui-servoStudio\samples\Wpf.Ui.servoStudio\ViewModels\DeviceSet\BusDiagnosticsViewModel.cs(664,24): warning IDE0058: 姘歌繙涓嶄細浣跨敤琛ㄨ揪寮忓€?(https://learn.microsoft.com/dotnet/fundamentals/code-analysis/style-rules/ide0058) [C:\UserWorx\VSWorx\ServoStudio\wpfui-servoStudio\samples\Wpf.Ui.servoStudio\servoStudio.csproj]
C:\UserWorx\VSWorx\ServoStudio\wpfui-servoStudio\samples\Wpf.Ui.servoStudio\ViewModels\DeviceSet\BusDiagnosticsViewModel.cs(666,17): warning IDE0058: 姘歌繙涓嶄細浣跨敤琛ㄨ揪寮忓€?(https://learn.microsoft.com/dotnet/fundamentals/code-analysis/style-rules/ide0058) [C:\UserWorx\VSWorx\ServoStudio\wpfui-servoStudio\samples\Wpf.Ui.servoStudio\servoStudio.csproj]
C:\UserWorx\VSWorx\ServoStudio\wpfui-servoStudio\samples\Wpf.Ui.servoStudio\ViewModels\DeviceSet\BusDiagnosticsViewModel.cs(673,9): warning IDE0008: 鐢ㄦ樉寮忕被鍨嬩唬鏇?"var" (https://learn.microsoft.com/dotnet/fundamentals/code-analysis/style-rules/ide0008) [C:\UserWorx\VSWorx\ServoStudio\wpfui-servoStudio\samples\Wpf.Ui.servoStudio\servoStudio.csproj]
C:\UserWorx\VSWorx\ServoStudio\wpfui-servoStudio\samples\Wpf.Ui.servoStudio\ViewModels\DeviceSet\BusDiagnosticsViewModel.cs(674,9): warning IDE0008: 鐢ㄦ樉寮忕被鍨嬩唬鏇?"var" (https://learn.microsoft.com/dotnet/fundamentals/code-analysis/style-rules/ide0008) [C:\UserWorx\VSWorx\ServoStudio\wpfui-servoStudio\samples\Wpf.Ui.servoStudio\servoStudio.csproj]
C:\UserWorx\VSWorx\ServoStudio\wpfui-servoStudio\samples\Wpf.Ui.servoStudio\ViewModels\DeviceSet\BusDiagnosticsViewModel.cs(683,13): warning IDE0008: 鐢ㄦ樉寮忕被鍨嬩唬鏇?"var" (https://learn.microsoft.com/dotnet/fundamentals/code-analysis/style-rules/ide0008) [C:\UserWorx\VSWorx\ServoStudio\wpfui-servoStudio\samples\Wpf.Ui.servoStudio\servoStudio.csproj]
C:\UserWorx\VSWorx\ServoStudio\wpfui-servoStudio\samples\Wpf.Ui.servoStudio\ViewModels\DeviceSet\DeviceAddViewModel.cs(2319,9): warning IDE0011: 鍚?鈥渋f鈥?璇彞娣诲姞澶ф嫭鍙枫€?(https://learn.microsoft.com/dotnet/fundamentals/code-analysis/style-rules/ide0011) [C:\UserWorx\VSWorx\ServoStudio\wpfui-servoStudio\samples\Wpf.Ui.servoStudio\servoStudio.csproj]
C:\UserWorx\VSWorx\ServoStudio\wpfui-servoStudio\samples\Wpf.Ui.servoStudio\ViewModels\DeviceSet\DeviceAddViewModel.cs(2354,13): warning IDE0011: 鍚?鈥渋f鈥?璇彞娣诲姞澶ф嫭鍙枫€?(https://learn.microsoft.com/dotnet/fundamentals/code-analysis/style-rules/ide0011) [C:\UserWorx\VSWorx\ServoStudio\wpfui-servoStudio\samples\Wpf.Ui.servoStudio\servoStudio.csproj]
C:\UserWorx\VSWorx\ServoStudio\wpfui-servoStudio\samples\Wpf.Ui.servoStudio\ViewModels\DeviceSet\BusDiagnosticsViewModel.cs(739,9): warning IDE0011: 鍚?鈥渋f鈥?璇彞娣诲姞澶ф嫭鍙枫€?(https://learn.microsoft.com/dotnet/fundamentals/code-analysis/style-rules/ide0011) [C:\UserWorx\VSWorx\ServoStudio\wpfui-servoStudio\samples\Wpf.Ui.servoStudio\servoStudio.csproj]
C:\UserWorx\VSWorx\ServoStudio\wpfui-servoStudio\samples\Wpf.Ui.servoStudio\ViewModels\DeviceSet\BusDiagnosticsViewModel.cs(741,9): warning IDE0011: 鍚?鈥渋f鈥?璇彞娣诲姞澶ф嫭鍙枫€?(https://learn.microsoft.com/dotnet/fundamentals/code-analysis/style-rules/ide0011) [C:\UserWorx\VSWorx\ServoStudio\wpfui-servoStudio\samples\Wpf.Ui.servoStudio\servoStudio.csproj]
C:\UserWorx\VSWorx\ServoStudio\wpfui-servoStudio\samples\Wpf.Ui.servoStudio\ViewModels\DeviceSet\BusDiagnosticsViewModel.cs(746,9): warning IDE0011: 鍚?鈥渋f鈥?璇彞娣诲姞澶ф嫭鍙枫€?(https://learn.microsoft.com/dotnet/fundamentals/code-analysis/style-rules/ide0011) [C:\UserWorx\VSWorx\ServoStudio\wpfui-servoStudio\samples\Wpf.Ui.servoStudio\servoStudio.csproj]
C:\UserWorx\VSWorx\ServoStudio\wpfui-servoStudio\samples\Wpf.Ui.servoStudio\ViewModels\DeviceSet\BusDiagnosticsViewModel.cs(749,9): warning IDE0011: 鍚?鈥渋f鈥?璇彞娣诲姞澶ф嫭鍙枫€?(https://learn.microsoft.com/dotnet/fundamentals/code-analysis/style-rules/ide0011) [C:\UserWorx\VSWorx\ServoStudio\wpfui-servoStudio\samples\Wpf.Ui.servoStudio\servoStudio.csproj]
C:\UserWorx\VSWorx\ServoStudio\wpfui-servoStudio\samples\Wpf.Ui.servoStudio\ViewModels\DeviceSet\BusDiagnosticsViewModel.cs(762,9): warning IDE0011: 鍚?鈥渋f鈥?璇彞娣诲姞澶ф嫭鍙枫€?(https://learn.microsoft.com/dotnet/fundamentals/code-analysis/style-rules/ide0011) [C:\UserWorx\VSWorx\ServoStudio\wpfui-servoStudio\samples\Wpf.Ui.servoStudio\servoStudio.csproj]
C:\UserWorx\VSWorx\ServoStudio\wpfui-servoStudio\samples\Wpf.Ui.servoStudio\ViewModels\DeviceSet\BusDiagnosticsViewModel.cs(768,9): warning IDE0011: 鍚?鈥渋f鈥?璇彞娣诲姞澶ф嫭鍙枫€?(https://learn.microsoft.com/dotnet/fundamentals/code-analysis/style-rules/ide0011) [C:\UserWorx\VSWorx\ServoStudio\wpfui-servoStudio\samples\Wpf.Ui.servoStudio\servoStudio.csproj]
C:\UserWorx\VSWorx\ServoStudio\wpfui-servoStudio\samples\Wpf.Ui.servoStudio\ViewModels\DeviceSet\BusDiagnosticsViewModel.cs(736,9): warning IDE0008: 鐢ㄦ樉寮忕被鍨嬩唬鏇?"var" (https://learn.microsoft.com/dotnet/fundamentals/code-analysis/style-rules/ide0008) [C:\UserWorx\VSWorx\ServoStudio\wpfui-servoStudio\samples\Wpf.Ui.servoStudio\servoStudio.csproj]
C:\UserWorx\VSWorx\ServoStudio\wpfui-servoStudio\samples\Wpf.Ui.servoStudio\ViewModels\DeviceSet\BusDiagnosticsViewModel.cs(737,9): warning IDE0008: 鐢ㄦ樉寮忕被鍨嬩唬鏇?"var" (https://learn.microsoft.com/dotnet/fundamentals/code-analysis/style-rules/ide0008) [C:\UserWorx\VSWorx\ServoStudio\wpfui-servoStudio\samples\Wpf.Ui.servoStudio\servoStudio.csproj]
C:\UserWorx\VSWorx\ServoStudio\wpfui-servoStudio\samples\Wpf.Ui.servoStudio\ViewModels\DeviceSet\BusDiagnosticsViewModel.cs(745,9): warning IDE0008: 鐢ㄦ樉寮忕被鍨嬩唬鏇?"var" (https://learn.microsoft.com/dotnet/fundamentals/code-analysis/style-rules/ide0008) [C:\UserWorx\VSWorx\ServoStudio\wpfui-servoStudio\samples\Wpf.Ui.servoStudio\servoStudio.csproj]
C:\UserWorx\VSWorx\ServoStudio\wpfui-servoStudio\samples\Wpf.Ui.servoStudio\ViewModels\DeviceSet\DeviceAddViewModel.cs(2444,21): warning CA1063: 淇敼鈥淒eviceAddViewModel.Dispose鈥濓紝浣垮叾璋冪敤 Dispose(true)锛屽啀瀵瑰綋鍓嶅璞″疄渚嬭皟鐢?GC.SuppressFinalize (Visual Basic 涓殑鈥滄椤光€濇垨鈥滄垜鈥?锛岀劧鍚庤繑鍥?(https://learn.microsoft.com/dotnet/fundamentals/code-analysis/quality-rules/ca1063) [C:\UserWorx\VSWorx\ServoStudio\wpfui-servoStudio\samples\Wpf.Ui.servoStudio\servoStudio.csproj]
C:\UserWorx\VSWorx\ServoStudio\wpfui-servoStudio\samples\Wpf.Ui.servoStudio\ViewModels\DeviceSet\BusDiagnosticsViewModel.cs(831,9): warning IDE0011: 鍚?鈥渋f鈥?璇彞娣诲姞澶ф嫭鍙枫€?(https://learn.microsoft.com/dotnet/fundamentals/code-analysis/style-rules/ide0011) [C:\UserWorx\VSWorx\ServoStudio\wpfui-servoStudio\samples\Wpf.Ui.servoStudio\servoStudio.csproj]
C:\UserWorx\VSWorx\ServoStudio\wpfui-servoStudio\samples\Wpf.Ui.servoStudio\ViewModels\DeviceSet\BusDiagnosticsViewModel.cs(836,9): warning IDE0011: 鍚?鈥渋f鈥?璇彞娣诲姞澶ф嫭鍙枫€?(https://learn.microsoft.com/dotnet/fundamentals/code-analysis/style-rules/ide0011) [C:\UserWorx\VSWorx\ServoStudio\wpfui-servoStudio\samples\Wpf.Ui.servoStudio\servoStudio.csproj]
C:\UserWorx\VSWorx\ServoStudio\wpfui-servoStudio\samples\Wpf.Ui.servoStudio\ViewModels\DeviceSet\BusDiagnosticsViewModel.cs(838,9): warning IDE0011: 鍚?鈥渋f鈥?璇彞娣诲姞澶ф嫭鍙枫€?(https://learn.microsoft.com/dotnet/fundamentals/code-analysis/style-rules/ide0011) [C:\UserWorx\VSWorx\ServoStudio\wpfui-servoStudio\samples\Wpf.Ui.servoStudio\servoStudio.csproj]
C:\UserWorx\VSWorx\ServoStudio\wpfui-servoStudio\samples\Wpf.Ui.servoStudio\ViewModels\DeviceSet\BusDiagnosticsViewModel.cs(839,9): warning IDE0011: 鍚?鈥渋f鈥?璇彞娣诲姞澶ф嫭鍙枫€?(https://learn.microsoft.com/dotnet/fundamentals/code-analysis/style-rules/ide0011) [C:\UserWorx\VSWorx\ServoStudio\wpfui-servoStudio\samples\Wpf.Ui.servoStudio\servoStudio.csproj]
C:\UserWorx\VSWorx\ServoStudio\wpfui-servoStudio\samples\Wpf.Ui.servoStudio\ViewModels\DeviceSet\BusDiagnosticsViewModel.cs(861,21): warning IDE0011: 鍚?鈥渋f鈥?璇彞娣诲姞澶ф嫭鍙枫€?(https://learn.microsoft.com/dotnet/fundamentals/code-analysis/style-rules/ide0011) [C:\UserWorx\VSWorx\ServoStudio\wpfui-servoStudio\samples\Wpf.Ui.servoStudio\servoStudio.csproj]
C:\UserWorx\VSWorx\ServoStudio\wpfui-servoStudio\samples\Wpf.Ui.servoStudio\ViewModels\DeviceSet\BusDiagnosticsViewModel.cs(862,21): warning IDE0011: 鍚?鈥渋f鈥?璇彞娣诲姞澶ф嫭鍙枫€?(https://learn.microsoft.com/dotnet/fundamentals/code-analysis/style-rules/ide0011) [C:\UserWorx\VSWorx\ServoStudio\wpfui-servoStudio\samples\Wpf.Ui.servoStudio\servoStudio.csproj]
C:\UserWorx\VSWorx\ServoStudio\wpfui-servoStudio\samples\Wpf.Ui.servoStudio\ViewModels\DeviceSet\BusDiagnosticsViewModel.cs(897,13): warning IDE0011: 鍚?鈥渋f鈥?璇彞娣诲姞澶ф嫭鍙枫€?(https://learn.microsoft.com/dotnet/fundamentals/code-analysis/style-rules/ide0011) [C:\UserWorx\VSWorx\ServoStudio\wpfui-servoStudio\samples\Wpf.Ui.servoStudio\servoStudio.csproj]
C:\UserWorx\VSWorx\ServoStudio\wpfui-servoStudio\samples\Wpf.Ui.servoStudio\ViewModels\DeviceSet\BusDiagnosticsViewModel.cs(898,13): warning IDE0011: 鍚?鈥渋f鈥?璇彞娣诲姞澶ф嫭鍙枫€?(https://learn.microsoft.com/dotnet/fundamentals/code-analysis/style-rules/ide0011) [C:\UserWorx\VSWorx\ServoStudio\wpfui-servoStudio\samples\Wpf.Ui.servoStudio\servoStudio.csproj]
C:\UserWorx\VSWorx\ServoStudio\wpfui-servoStudio\samples\Wpf.Ui.servoStudio\ViewModels\DeviceSet\BusDiagnosticsViewModel.cs(956,9): warning IDE0011: 鍚?鈥渋f鈥?璇彞娣诲姞澶ф嫭鍙枫€?(https://learn.microsoft.com/dotnet/fundamentals/code-analysis/style-rules/ide0011) [C:\UserWorx\VSWorx\ServoStudio\wpfui-servoStudio\samples\Wpf.Ui.servoStudio\servoStudio.csproj]
C:\UserWorx\VSWorx\ServoStudio\wpfui-servoStudio\samples\Wpf.Ui.servoStudio\ViewModels\DeviceSet\BusDiagnosticsViewModel.cs(584,9): warning IDE0058: 姘歌繙涓嶄細浣跨敤琛ㄨ揪寮忓€?(https://learn.microsoft.com/dotnet/fundamentals/code-analysis/style-rules/ide0058) [C:\UserWorx\VSWorx\ServoStudio\wpfui-servoStudio\samples\Wpf.Ui.servoStudio\servoStudio.csproj]
C:\UserWorx\VSWorx\ServoStudio\wpfui-servoStudio\samples\Wpf.Ui.servoStudio\ViewModels\DeviceSet\BusDiagnosticsViewModel.cs(696,21): warning IDE0058: 姘歌繙涓嶄細浣跨敤琛ㄨ揪寮忓€?(https://learn.microsoft.com/dotnet/fundamentals/code-analysis/style-rules/ide0058) [C:\UserWorx\VSWorx\ServoStudio\wpfui-servoStudio\samples\Wpf.Ui.servoStudio\servoStudio.csproj]
C:\UserWorx\VSWorx\ServoStudio\wpfui-servoStudio\samples\Wpf.Ui.servoStudio\ViewModels\DeviceSet\BusDiagnosticsViewModel.cs(707,17): warning IDE0058: 姘歌繙涓嶄細浣跨敤琛ㄨ揪寮忓€?(https://learn.microsoft.com/dotnet/fundamentals/code-analysis/style-rules/ide0058) [C:\UserWorx\VSWorx\ServoStudio\wpfui-servoStudio\samples\Wpf.Ui.servoStudio\servoStudio.csproj]
C:\UserWorx\VSWorx\ServoStudio\wpfui-servoStudio\samples\Wpf.Ui.servoStudio\ViewModels\DeviceSet\BusDiagnosticsViewModel.cs(708,17): warning IDE0058: 姘歌繙涓嶄細浣跨敤琛ㄨ揪寮忓€?(https://learn.microsoft.com/dotnet/fundamentals/code-analysis/style-rules/ide0058) [C:\UserWorx\VSWorx\ServoStudio\wpfui-servoStudio\samples\Wpf.Ui.servoStudio\servoStudio.csproj]
C:\UserWorx\VSWorx\ServoStudio\wpfui-servoStudio\samples\Wpf.Ui.servoStudio\ViewModels\DeviceSet\BusDiagnosticsViewModel.cs(709,17): warning IDE0058: 姘歌繙涓嶄細浣跨敤琛ㄨ揪寮忓€?(https://learn.microsoft.com/dotnet/fundamentals/code-analysis/style-rules/ide0058) [C:\UserWorx\VSWorx\ServoStudio\wpfui-servoStudio\samples\Wpf.Ui.servoStudio\servoStudio.csproj]
C:\UserWorx\VSWorx\ServoStudio\wpfui-servoStudio\samples\Wpf.Ui.servoStudio\ViewModels\DeviceSet\BusDiagnosticsViewModel.cs(710,17): warning IDE0058: 姘歌繙涓嶄細浣跨敤琛ㄨ揪寮忓€?(https://learn.microsoft.com/dotnet/fundamentals/code-analysis/style-rules/ide0058) [C:\UserWorx\VSWorx\ServoStudio\wpfui-servoStudio\samples\Wpf.Ui.servoStudio\servoStudio.csproj]
C:\UserWorx\VSWorx\ServoStudio\wpfui-servoStudio\samples\Wpf.Ui.servoStudio\ViewModels\DeviceSet\BusDiagnosticsViewModel.cs(711,17): warning IDE0058: 姘歌繙涓嶄細浣跨敤琛ㄨ揪寮忓€?(https://learn.microsoft.com/dotnet/fundamentals/code-analysis/style-rules/ide0058) [C:\UserWorx\VSWorx\ServoStudio\wpfui-servoStudio\samples\Wpf.Ui.servoStudio\servoStudio.csproj]
C:\UserWorx\VSWorx\ServoStudio\wpfui-servoStudio\samples\Wpf.Ui.servoStudio\ViewModels\DeviceSet\BusDiagnosticsViewModel.cs(712,17): warning IDE0058: 姘歌繙涓嶄細浣跨敤琛ㄨ揪寮忓€?(https://learn.microsoft.com/dotnet/fundamentals/code-analysis/style-rules/ide0058) [C:\UserWorx\VSWorx\ServoStudio\wpfui-servoStudio\samples\Wpf.Ui.servoStudio\servoStudio.csproj]
C:\UserWorx\VSWorx\ServoStudio\wpfui-servoStudio\samples\Wpf.Ui.servoStudio\ViewModels\DeviceSet\BusDiagnosticsViewModel.cs(713,17): warning IDE0058: 姘歌繙涓嶄細浣跨敤琛ㄨ揪寮忓€?(https://learn.microsoft.com/dotnet/fundamentals/code-analysis/style-rules/ide0058) [C:\UserWorx\VSWorx\ServoStudio\wpfui-servoStudio\samples\Wpf.Ui.servoStudio\servoStudio.csproj]
C:\UserWorx\VSWorx\ServoStudio\wpfui-servoStudio\samples\Wpf.Ui.servoStudio\ViewModels\DeviceSet\BusDiagnosticsViewModel.cs(714,17): warning IDE0058: 姘歌繙涓嶄細浣跨敤琛ㄨ揪寮忓€?(https://learn.microsoft.com/dotnet/fundamentals/code-analysis/style-rules/ide0058) [C:\UserWorx\VSWorx\ServoStudio\wpfui-servoStudio\samples\Wpf.Ui.servoStudio\servoStudio.csproj]
C:\UserWorx\VSWorx\ServoStudio\wpfui-servoStudio\samples\Wpf.Ui.servoStudio\ViewModels\DeviceSet\BusDiagnosticsViewModel.cs(720,13): warning IDE0058: 姘歌繙涓嶄細浣跨敤琛ㄨ揪寮忓€?(https://learn.microsoft.com/dotnet/fundamentals/code-analysis/style-rules/ide0058) [C:\UserWorx\VSWorx\ServoStudio\wpfui-servoStudio\samples\Wpf.Ui.servoStudio\servoStudio.csproj]
C:\UserWorx\VSWorx\ServoStudio\wpfui-servoStudio\samples\Wpf.Ui.servoStudio\ViewModels\DeviceSet\DeviceAddViewModel.cs(947,33): warning IDE0058: 姘歌繙涓嶄細浣跨敤琛ㄨ揪寮忓€?(https://learn.microsoft.com/dotnet/fundamentals/code-analysis/style-rules/ide0058) [C:\UserWorx\VSWorx\ServoStudio\wpfui-servoStudio\samples\Wpf.Ui.servoStudio\servoStudio.csproj]
C:\UserWorx\VSWorx\ServoStudio\wpfui-servoStudio\samples\Wpf.Ui.servoStudio\ViewModels\DeviceSet\DeviceAddViewModel.cs(46,43): warning IDE0044: 灏嗗瓧娈佃缃负鍙 (https://learn.microsoft.com/dotnet/fundamentals/code-analysis/style-rules/ide0044) [C:\UserWorx\VSWorx\ServoStudio\wpfui-servoStudio\samples\Wpf.Ui.servoStudio\servoStudio.csproj]
    6648 涓鍛?
    0 涓敊璇?

宸茬敤鏃堕棿 00:00:41.14
